Last Time Cost: 00000000 ms
Total Time Cost: 00000000 ms
Total Distance 356: 5 7 9 6 8 5 5 5 5 5 5 5 5 5 5 4 5 7 9 6 8 5 5 5 5 5 5 5 5 5 5 4 5 7 9 6 8 5 5 5 5 5 5 5 5 5 5 4 5 7 9 6 8 5 5 5 5 5 5 5 5 5 5 4
Last Time Cost: 00000062 ms
Total Time Cost: 00000062 ms
Total Distance 346: 4 7 9 6 8 5 5 5 5 5 5 5 5 5 5 4 5 6 8 6 7 5 5 5 5 5 5 5 5 5 5 3 5 6 8 6 7 5 5 5 5 5 5 5 5 5 5 3 4 7 9 6 8 5 5 5 5 5 5 5 5 5 5 4
Last Time Cost: 00000056 ms
Total Time Cost: 00000118 ms
Total Distance 342: 4 7 9 6 8 5 5 5 5 5 5 5 5 5 5 3 5 6 8 6 7 5 5 5 5 5 5 5 5 5 4 3 5 6 8 6 7 5 5 5 5 5 5 5 5 5 5 2 4 7 9 6 8 5 5 5 5 5 5 5 5 5 4 4
Last Time Cost: 00000059 ms
Total Time Cost: 00000177 ms
Total Distance 338: 4 7 9 6 8 5 5 5 5 5 5 5 5 5 5 3 5 6 7 6 7 5 5 5 5 5 5 5 5 5 4 3 5 6 7 6 6 5 5 5 5 5 5 5 5 5 5 1 4 7 9 6 8 5 5 5 5 5 5 5 5 5 4 4
Last Time Cost: 00000063 ms
Total Time Cost: 00000240 ms
Total Distance 337: 4 7 9 6 8 5 5 5 5 5 5 5 5 5 5 3 5 6 7 6 7 5 5 5 5 5 5 5 5 5 4 3 5 6 7 6 6 5 5 5 5 5 5 5 5 5 5 0 4 7 9 6 8 5 5 5 5 5 5 5 5 5 4 4
Last Time Cost: 00000068 ms
Total Time Cost: 00000308 ms
Total Distance 327: 4 6 8 6 7 5 5 5 5 5 5 5 5 5 5 2 4 6 7 6 7 5 5 5 5 5 5 5 5 5 4 3 4 6 7 6 6 5 5 5 5 5 5 5 5 5 5 0 4 6 8 6 7 5 5 5 5 5 5 5 5 5 4 3
Last Time Cost: 00000070 ms
Total Time Cost: 00000378 ms
Total Distance 323: 4 6 7 6 6 5 5 5 5 5 5 5 5 5 5 1 4 6 7 6 7 5 5 5 5 5 5 5 5 5 4 3 4 6 7 6 6 5 5 5 5 5 5 5 5 5 5 0 4 6 7 6 7 5 5 5 5 5 5 5 5 5 4 3
Last Time Cost: 00000006 ms
Total Time Cost: 00000384 ms
Total Distance 322: 4 6 7 6 6 5 5 5 5 5 5 5 5 5 5 0 4 6 7 6 7 5 5 5 5 5 5 5 5 5 4 3 4 6 7 6 6 5 5 5 5 5 5 5 5 5 5 0 4 6 7 6 7 5 5 5 5 5 5 5 5 5 4 3
Last Time Cost: 00000007 ms
Total Time Cost: 00000391 ms
Total Distance 318: 4 6 7 6 6 5 5 5 5 5 5 5 5 5 4 0 4 6 7 6 7 5 5 5 5 5 5 5 5 5 4 2 4 6 7 6 6 5 5 5 5 5 5 5 5 5 4 0 4 6 7 6 7 5 5 5 5 5 5 5 5 5 4 2
Last Time Cost: 00000007 ms
Total Time Cost: 00000398 ms
Total Distance 316: 4 6 7 6 6 5 5 5 5 5 5 5 5 5 4 0 4 6 7 6 7 5 5 5 5 5 5 5 5 5 4 2 4 6 7 6 6 5 5 5 5 5 5 5 5 5 4 0 4 6 7 6 6 5 5 5 5 5 5 5 5 5 4 1
Last Time Cost: 00000006 ms
Total Time Cost: 00000404 ms
Total Distance 315: 4 6 7 6 6 5 5 5 5 5 5 5 5 5 4 0 4 6 7 6 7 5 5 5 5 5 5 5 5 5 4 2 4 6 7 6 6 5 5 5 5 5 5 5 5 5 4 0 4 6 7 6 6 5 5 5 5 5 5 5 5 5 4 0
Last Time Cost: 00000006 ms
Total Time Cost: 00000410 ms
Total Distance 313: 4 6 7 6 6 5 5 5 5 5 5 5 5 5 4 0 4 6 7 6 6 5 5 5 5 5 5 5 5 5 4 1 4 6 7 6 6 5 5 5 5 5 5 5 5 5 4 0 4 6 7 6 6 5 5 5 5 5 5 5 5 5 4 0
Last Time Cost: 00000006 ms
Total Time Cost: 00000416 ms
Total Distance 312: 4 6 7 6 6 5 5 5 5 5 5 5 5 5 4 0 4 6 7 6 6 5 5 5 5 5 5 5 5 5 4 0 4 6 7 6 6 5 5 5 5 5 5 5 5 5 4 0 4 6 7 6 6 5 5 5 5 5 5 5 5 5 4 0
Last Time Cost: 00000007 ms
Total Time Cost: 00000423 ms
Total Distance 308: 4 6 7 6 6 5 5 5 5 5 5 5 5 4 4 0 4 6 7 6 6 5 5 5 5 5 5 5 5 5 3 0 4 6 7 6 6 5 5 5 5 5 5 5 5 4 4 0 4 6 7 6 6 5 5 5 5 5 5 5 5 5 3 0
Last Time Cost: 00000008 ms
Total Time Cost: 00000431 ms
Total Distance 306: 4 6 7 6 6 5 5 5 5 5 5 5 5 4 4 0 4 6 7 6 6 5 5 5 5 5 5 5 5 5 2 0 4 6 7 6 6 5 5 5 5 5 5 5 5 4 4 0 4 6 7 6 6 5 5 5 5 5 5 5 5 5 2 0
Last Time Cost: 00000007 ms
Total Time Cost: 00000438 ms
Total Distance 305: 4 6 7 6 6 5 5 5 5 5 5 5 5 4 4 0 4 6 7 6 6 5 5 5 5 5 5 5 5 5 2 0 4 6 7 6 6 5 5 5 5 5 5 5 5 4 4 0 4 6 7 6 6 5 5 5 5 5 5 5 5 5 1 0
Last Time Cost: 00000007 ms
Total Time Cost: 00000445 ms
Total Distance 304: 4 6 7 6 6 5 5 5 5 5 5 5 5 4 4 0 4 6 7 6 6 5 5 5 5 5 5 5 5 5 2 0 4 6 7 6 6 5 5 5 5 5 5 5 5 4 4 0 4 6 7 6 6 5 5 5 5 5 5 5 5 5 0 0
Last Time Cost: 00000008 ms
Total Time Cost: 00000453 ms
Total Distance 303: 4 6 7 6 6 5 5 5 5 5 5 5 5 4 4 0 4 6 7 6 6 5 5 5 5 5 5 5 5 5 1 0 4 6 7 6 6 5 5 5 5 5 5 5 5 4 4 0 4 6 7 6 6 5 5 5 5 5 5 5 5 5 0 0
Last Time Cost: 00000008 ms
Total Time Cost: 00000461 ms
Total Distance 302: 4 6 7 6 6 5 5 5 5 5 5 5 5 4 4 0 4 6 7 6 6 5 5 5 5 5 5 5 5 5 0 0 4 6 7 6 6 5 5 5 5 5 5 5 5 4 4 0 4 6 7 6 6 5 5 5 5 5 5 5 5 5 0 0
Last Time Cost: 00000009 ms
Total Time Cost: 00000470 ms
Total Distance 298: 4 6 7 6 6 5 5 5 5 5 5 5 5 4 3 0 4 6 7 6 6 5 5 5 5 5 5 5 5 4 0 0 4 6 7 6 6 5 5 5 5 5 5 5 5 4 3 0 4 6 7 6 6 5 5 5 5 5 5 5 5 4 0 0
Last Time Cost: 00000009 ms
Total Time Cost: 00000479 ms
Total Distance 296: 4 6 7 6 6 5 5 5 5 5 5 5 5 4 2 0 4 6 7 6 6 5 5 5 5 5 5 5 5 4 0 0 4 6 7 6 6 5 5 5 5 5 5 5 5 4 2 0 4 6 7 6 6 5 5 5 5 5 5 5 5 4 0 0
Last Time Cost: 00000009 ms
Total Time Cost: 00000488 ms
Total Distance 295: 4 6 7 6 6 5 5 5 5 5 5 5 5 4 2 0 4 6 7 6 6 5 5 5 5 5 5 5 5 4 0 0 4 6 7 6 6 5 5 5 5 5 5 5 5 4 1 0 4 6 7 6 6 5 5 5 5 5 5 5 5 4 0 0
Last Time Cost: 00000022 ms
Total Time Cost: 00000510 ms
Total Distance 294: 4 6 7 6 6 5 5 5 5 5 5 5 5 4 2 0 4 6 7 6 6 5 5 5 5 5 5 5 5 4 0 0 4 6 7 6 6 5 5 5 5 5 5 5 5 4 0 0 4 6 7 6 6 5 5 5 5 5 5 5 5 4 0 0
Last Time Cost: 00000228 ms
Total Time Cost: 00000738 ms
Total Distance 293: 4 6 7 6 6 5 5 5 5 5 5 5 5 4 1 0 4 6 7 6 6 5 5 5 5 5 5 5 5 4 0 0 4 6 7 6 6 5 5 5 5 5 5 5 5 4 0 0 4 6 7 6 6 5 5 5 5 5 5 5 5 4 0 0
Last Time Cost: 00000008 ms
Total Time Cost: 00000746 ms
Total Distance 292: 4 6 7 6 6 5 5 5 5 5 5 5 5 4 0 0 4 6 7 6 6 5 5 5 5 5 5 5 5 4 0 0 4 6 7 6 6 5 5 5 5 5 5 5 5 4 0 0 4 6 7 6 6 5 5 5 5 5 5 5 5 4 0 0
Last Time Cost: 00000011 ms
Total Time Cost: 00000757 ms
Total Distance 288: 4 6 7 6 6 5 5 5 5 5 5 5 4 4 0 0 4 6 7 6 6 5 5 5 5 5 5 5 5 3 0 0 4 6 7 6 6 5 5 5 5 5 5 5 4 4 0 0 4 6 7 6 6 5 5 5 5 5 5 5 5 3 0 0
Last Time Cost: 00000015 ms
Total Time Cost: 00000772 ms
Total Distance 286: 4 6 7 6 6 5 5 5 5 5 5 5 4 4 0 0 4 6 7 6 6 5 5 5 5 5 5 5 5 2 0 0 4 6 7 6 6 5 5 5 5 5 5 5 4 4 0 0 4 6 7 6 6 5 5 5 5 5 5 5 5 2 0 0
Last Time Cost: 00000010 ms
Total Time Cost: 00000782 ms
Total Distance 285: 4 6 7 6 6 5 5 5 5 5 5 5 4 4 0 0 4 6 7 6 6 5 5 5 5 5 5 5 5 1 0 0 4 6 7 6 6 5 5 5 5 5 5 5 4 4 0 0 4 6 7 6 6 5 5 5 5 5 5 5 5 2 0 0
Last Time Cost: 00000010 ms
Total Time Cost: 00000792 ms
Total Distance 284: 4 6 7 6 6 5 5 5 5 5 5 5 4 4 0 0 4 6 7 6 6 5 5 5 5 5 5 5 5 0 0 0 4 6 7 6 6 5 5 5 5 5 5 5 4 4 0 0 4 6 7 6 6 5 5 5 5 5 5 5 5 2 0 0
Last Time Cost: 00000011 ms
Total Time Cost: 00000803 ms
Total Distance 283: 4 6 7 6 6 5 5 5 5 5 5 5 4 4 0 0 4 6 7 6 6 5 5 5 5 5 5 5 5 0 0 0 4 6 7 6 6 5 5 5 5 5 5 5 4 4 0 0 4 6 7 6 6 5 5 5 5 5 5 5 5 1 0 0
Last Time Cost: 00000011 ms
Total Time Cost: 00000814 ms
Total Distance 282: 4 6 7 6 6 5 5 5 5 5 5 5 4 4 0 0 4 6 7 6 6 5 5 5 5 5 5 5 5 0 0 0 4 6 7 6 6 5 5 5 5 5 5 5 4 4 0 0 4 6 7 6 6 5 5 5 5 5 5 5 5 0 0 0
Last Time Cost: 00000012 ms
Total Time Cost: 00000826 ms
Total Distance 278: 4 6 7 6 6 5 5 5 5 5 5 5 4 3 0 0 4 6 7 6 6 5 5 5 5 5 5 5 4 0 0 0 4 6 7 6 6 5 5 5 5 5 5 5 4 3 0 0 4 6 7 6 6 5 5 5 5 5 5 5 4 0 0 0
Last Time Cost: 00000013 ms
Total Time Cost: 00000839 ms
Total Distance 276: 4 6 7 6 6 5 5 5 5 5 5 5 4 2 0 0 4 6 7 6 6 5 5 5 5 5 5 5 4 0 0 0 4 6 7 6 6 5 5 5 5 5 5 5 4 2 0 0 4 6 7 6 6 5 5 5 5 5 5 5 4 0 0 0
Last Time Cost: 00000012 ms
Total Time Cost: 00000851 ms
Total Distance 275: 4 6 7 6 6 5 5 5 5 5 5 5 4 1 0 0 4 6 7 6 6 5 5 5 5 5 5 5 4 0 0 0 4 6 7 6 6 5 5 5 5 5 5 5 4 2 0 0 4 6 7 6 6 5 5 5 5 5 5 5 4 0 0 0
Last Time Cost: 00000012 ms
Total Time Cost: 00000863 ms
Total Distance 274: 4 6 7 6 6 5 5 5 5 5 5 5 4 0 0 0 4 6 7 6 6 5 5 5 5 5 5 5 4 0 0 0 4 6 7 6 6 5 5 5 5 5 5 5 4 2 0 0 4 6 7 6 6 5 5 5 5 5 5 5 4 0 0 0
Last Time Cost: 00000013 ms
Total Time Cost: 00000876 ms
Total Distance 273: 4 6 7 6 6 5 5 5 5 5 5 5 4 0 0 0 4 6 7 6 6 5 5 5 5 5 5 5 4 0 0 0 4 6 7 6 6 5 5 5 5 5 5 5 4 1 0 0 4 6 7 6 6 5 5 5 5 5 5 5 4 0 0 0
Last Time Cost: 00000013 ms
Total Time Cost: 00000889 ms
Total Distance 272: 4 6 7 6 6 5 5 5 5 5 5 5 4 0 0 0 4 6 7 6 6 5 5 5 5 5 5 5 4 0 0 0 4 6 7 6 6 5 5 5 5 5 5 5 4 0 0 0 4 6 7 6 6 5 5 5 5 5 5 5 4 0 0 0
Last Time Cost: 00000014 ms
Total Time Cost: 00000903 ms
Total Distance 268: 4 6 7 6 6 5 5 5 5 5 5 5 3 0 0 0 4 6 7 6 6 5 5 5 5 5 5 4 4 0 0 0 4 6 7 6 6 5 5 5 5 5 5 5 3 0 0 0 4 6 7 6 6 5 5 5 5 5 5 4 4 0 0 0
Last Time Cost: 00000014 ms
Total Time Cost: 00000917 ms
Total Distance 266: 4 6 7 6 6 5 5 5 5 5 5 5 2 0 0 0 4 6 7 6 6 5 5 5 5 5 5 4 4 0 0 0 4 6 7 6 6 5 5 5 5 5 5 5 2 0 0 0 4 6 7 6 6 5 5 5 5 5 5 4 4 0 0 0
Last Time Cost: 00000234 ms
Total Time Cost: 00001151 ms
Total Distance 265: 4 6 7 6 6 5 5 5 5 5 5 5 1 0 0 0 4 6 7 6 6 5 5 5 5 5 5 4 4 0 0 0 4 6 7 6 6 5 5 5 5 5 5 5 2 0 0 0 4 6 7 6 6 5 5 5 5 5 5 4 4 0 0 0
Last Time Cost: 00000014 ms
Total Time Cost: 00001165 ms
Total Distance 264: 4 6 7 6 6 5 5 5 5 5 5 5 0 0 0 0 4 6 7 6 6 5 5 5 5 5 5 4 4 0 0 0 4 6 7 6 6 5 5 5 5 5 5 5 2 0 0 0 4 6 7 6 6 5 5 5 5 5 5 4 4 0 0 0
Last Time Cost: 00000015 ms
Total Time Cost: 00001180 ms
Total Distance 263: 4 6 7 6 6 5 5 5 5 5 5 5 0 0 0 0 4 6 7 6 6 5 5 5 5 5 5 4 4 0 0 0 4 6 7 6 6 5 5 5 5 5 5 5 1 0 0 0 4 6 7 6 6 5 5 5 5 5 5 4 4 0 0 0
Last Time Cost: 00000016 ms
Total Time Cost: 00001196 ms
Total Distance 262: 4 6 7 6 6 5 5 5 5 5 5 5 0 0 0 0 4 6 7 6 6 5 5 5 5 5 5 4 4 0 0 0 4 6 7 6 6 5 5 5 5 5 5 5 0 0 0 0 4 6 7 6 6 5 5 5 5 5 5 4 4 0 0 0
Last Time Cost: 00000018 ms
Total Time Cost: 00001214 ms
Total Distance 258: 4 6 7 6 6 5 5 5 5 5 4 5 0 0 0 0 4 6 7 6 6 5 5 5 5 5 5 3 4 0 0 0 4 6 7 6 6 5 5 5 5 5 4 5 0 0 0 0 4 6 7 6 6 5 5 5 5 5 5 3 4 0 0 0
Last Time Cost: 00000017 ms
Total Time Cost: 00001231 ms
Total Distance 256: 4 6 7 6 6 5 5 5 5 5 4 5 0 0 0 0 4 6 7 6 6 5 5 5 5 5 5 2 4 0 0 0 4 6 7 6 6 5 5 5 5 5 4 5 0 0 0 0 4 6 7 6 6 5 5 5 5 5 5 2 4 0 0 0
Last Time Cost: 00000017 ms
Total Time Cost: 00001248 ms
Total Distance 255: 4 6 7 6 6 5 5 5 5 5 4 5 0 0 0 0 4 6 7 6 6 5 5 5 5 5 5 2 4 0 0 0 4 6 7 6 6 5 5 5 5 5 4 5 0 0 0 0 4 6 7 6 6 5 5 5 5 5 5 1 4 0 0 0
Last Time Cost: 00000017 ms
Total Time Cost: 00001265 ms
Total Distance 254: 4 6 7 6 6 5 5 5 5 5 4 5 0 0 0 0 4 6 7 6 6 5 5 5 5 5 5 2 4 0 0 0 4 6 7 6 6 5 5 5 5 5 4 5 0 0 0 0 4 6 7 6 6 5 5 5 5 5 5 0 4 0 0 0
Last Time Cost: 00000017 ms
Total Time Cost: 00001282 ms
Total Distance 253: 4 6 7 6 6 5 5 5 5 5 4 5 0 0 0 0 4 6 7 6 6 5 5 5 5 5 5 1 4 0 0 0 4 6 7 6 6 5 5 5 5 5 4 5 0 0 0 0 4 6 7 6 6 5 5 5 5 5 5 0 4 0 0 0
Last Time Cost: 00000017 ms
Total Time Cost: 00001299 ms
Total Distance 252: 4 6 7 6 6 5 5 5 5 5 4 5 0 0 0 0 4 6 7 6 6 5 5 5 5 5 5 0 4 0 0 0 4 6 7 6 6 5 5 5 5 5 4 5 0 0 0 0 4 6 7 6 6 5 5 5 5 5 5 0 4 0 0 0
Last Time Cost: 00000021 ms
Total Time Cost: 00001320 ms
Total Distance 248: 4 6 7 6 6 5 5 5 5 5 4 4 0 0 0 0 4 6 7 6 6 5 5 5 5 5 5 0 3 0 0 0 4 6 7 6 6 5 5 5 5 5 4 4 0 0 0 0 4 6 7 6 6 5 5 5 5 5 5 0 3 0 0 0
Last Time Cost: 00000020 ms
Total Time Cost: 00001340 ms
Total Distance 246: 4 6 7 6 6 5 5 5 5 5 4 4 0 0 0 0 4 6 7 6 6 5 5 5 5 5 5 0 2 0 0 0 4 6 7 6 6 5 5 5 5 5 4 4 0 0 0 0 4 6 7 6 6 5 5 5 5 5 5 0 2 0 0 0
Last Time Cost: 00000019 ms
Total Time Cost: 00001359 ms
Total Distance 245: 4 6 7 6 6 5 5 5 5 5 4 4 0 0 0 0 4 6 7 6 6 5 5 5 5 5 5 0 1 0 0 0 4 6 7 6 6 5 5 5 5 5 4 4 0 0 0 0 4 6 7 6 6 5 5 5 5 5 5 0 2 0 0 0
Last Time Cost: 00000019 ms
Total Time Cost: 00001378 ms
Total Distance 244: 4 6 7 6 6 5 5 5 5 5 4 4 0 0 0 0 4 6 7 6 6 5 5 5 5 5 5 0 0 0 0 0 4 6 7 6 6 5 5 5 5 5 4 4 0 0 0 0 4 6 7 6 6 5 5 5 5 5 5 0 2 0 0 0
Last Time Cost: 00000020 ms
Total Time Cost: 00001398 ms
Total Distance 243: 4 6 7 6 6 5 5 5 5 5 4 4 0 0 0 0 4 6 7 6 6 5 5 5 5 5 5 0 0 0 0 0 4 6 7 6 6 5 5 5 5 5 4 4 0 0 0 0 4 6 7 6 6 5 5 5 5 5 5 0 1 0 0 0
Last Time Cost: 00000020 ms
Total Time Cost: 00001418 ms
Total Distance 242: 4 6 7 6 6 5 5 5 5 5 4 4 0 0 0 0 4 6 7 6 6 5 5 5 5 5 5 0 0 0 0 0 4 6 7 6 6 5 5 5 5 5 4 4 0 0 0 0 4 6 7 6 6 5 5 5 5 5 5 0 0 0 0 0
Last Time Cost: 00000024 ms
Total Time Cost: 00001442 ms
Total Distance 238: 4 6 7 6 6 5 5 5 5 5 3 4 0 0 0 0 4 6 7 6 6 5 5 5 5 4 5 0 0 0 0 0 4 6 7 6 6 5 5 5 5 5 3 4 0 0 0 0 4 6 7 6 6 5 5 5 5 4 5 0 0 0 0 0
Last Time Cost: 00000023 ms
Total Time Cost: 00001465 ms
Total Distance 236: 4 6 7 6 6 5 5 5 5 5 2 4 0 0 0 0 4 6 7 6 6 5 5 5 5 4 5 0 0 0 0 0 4 6 7 6 6 5 5 5 5 5 2 4 0 0 0 0 4 6 7 6 6 5 5 5 5 4 5 0 0 0 0 0
Last Time Cost: 00000024 ms
Total Time Cost: 00001489 ms
Total Distance 235: 4 6 7 6 6 5 5 5 5 5 1 4 0 0 0 0 4 6 7 6 6 5 5 5 5 4 5 0 0 0 0 0 4 6 7 6 6 5 5 5 5 5 2 4 0 0 0 0 4 6 7 6 6 5 5 5 5 4 5 0 0 0 0 0
Last Time Cost: 00000022 ms
Total Time Cost: 00001511 ms
Total Distance 234: 4 6 7 6 6 5 5 5 5 5 0 4 0 0 0 0 4 6 7 6 6 5 5 5 5 4 5 0 0 0 0 0 4 6 7 6 6 5 5 5 5 5 2 4 0 0 0 0 4 6 7 6 6 5 5 5 5 4 5 0 0 0 0 0
Last Time Cost: 00000023 ms
Total Time Cost: 00001534 ms
Total Distance 233: 4 6 7 6 6 5 5 5 5 5 0 4 0 0 0 0 4 6 7 6 6 5 5 5 5 4 5 0 0 0 0 0 4 6 7 6 6 5 5 5 5 5 1 4 0 0 0 0 4 6 7 6 6 5 5 5 5 4 5 0 0 0 0 0
Last Time Cost: 00000024 ms
Total Time Cost: 00001558 ms
Total Distance 232: 4 6 7 6 6 5 5 5 5 5 0 4 0 0 0 0 4 6 7 6 6 5 5 5 5 4 5 0 0 0 0 0 4 6 7 6 6 5 5 5 5 5 0 4 0 0 0 0 4 6 7 6 6 5 5 5 5 4 5 0 0 0 0 0
Last Time Cost: 00000026 ms
Total Time Cost: 00001584 ms
Total Distance 228: 4 6 7 6 6 5 5 5 5 5 0 3 0 0 0 0 4 6 7 6 6 5 5 5 5 4 4 0 0 0 0 0 4 6 7 6 6 5 5 5 5 5 0 3 0 0 0 0 4 6 7 6 6 5 5 5 5 4 4 0 0 0 0 0
Last Time Cost: 00000025 ms
Total Time Cost: 00001609 ms
Total Distance 226: 4 6 7 6 6 5 5 5 5 5 0 2 0 0 0 0 4 6 7 6 6 5 5 5 5 4 4 0 0 0 0 0 4 6 7 6 6 5 5 5 5 5 0 2 0 0 0 0 4 6 7 6 6 5 5 5 5 4 4 0 0 0 0 0
Last Time Cost: 00000026 ms
Total Time Cost: 00001635 ms
Total Distance 225: 4 6 7 6 6 5 5 5 5 5 0 2 0 0 0 0 4 6 7 6 6 5 5 5 5 4 4 0 0 0 0 0 4 6 7 6 6 5 5 5 5 5 0 1 0 0 0 0 4 6 7 6 6 5 5 5 5 4 4 0 0 0 0 0
Last Time Cost: 00000026 ms
Total Time Cost: 00001661 ms
Total Distance 224: 4 6 7 6 6 5 5 5 5 5 0 2 0 0 0 0 4 6 7 6 6 5 5 5 5 4 4 0 0 0 0 0 4 6 7 6 6 5 5 5 5 5 0 0 0 0 0 0 4 6 7 6 6 5 5 5 5 4 4 0 0 0 0 0
Last Time Cost: 00000027 ms
Total Time Cost: 00001688 ms
Total Distance 223: 4 6 7 6 6 5 5 5 5 5 0 1 0 0 0 0 4 6 7 6 6 5 5 5 5 4 4 0 0 0 0 0 4 6 7 6 6 5 5 5 5 5 0 0 0 0 0 0 4 6 7 6 6 5 5 5 5 4 4 0 0 0 0 0
Last Time Cost: 00000026 ms
Total Time Cost: 00001714 ms
Total Distance 222: 4 6 7 6 6 5 5 5 5 5 0 0 0 0 0 0 4 6 7 6 6 5 5 5 5 4 4 0 0 0 0 0 4 6 7 6 6 5 5 5 5 5 0 0 0 0 0 0 4 6 7 6 6 5 5 5 5 4 4 0 0 0 0 0
Last Time Cost: 00000031 ms
Total Time Cost: 00001745 ms
Total Distance 218: 4 6 7 6 6 5 5 5 4 5 0 0 0 0 0 0 4 6 7 6 6 5 5 5 5 3 4 0 0 0 0 0 4 6 7 6 6 5 5 5 4 5 0 0 0 0 0 0 4 6 7 6 6 5 5 5 5 3 4 0 0 0 0 0
Last Time Cost: 00000030 ms
Total Time Cost: 00001775 ms
Total Distance 216: 4 6 7 6 6 5 5 5 4 5 0 0 0 0 0 0 4 6 7 6 6 5 5 5 5 2 4 0 0 0 0 0 4 6 7 6 6 5 5 5 4 5 0 0 0 0 0 0 4 6 7 6 6 5 5 5 5 2 4 0 0 0 0 0
Last Time Cost: 00000029 ms
Total Time Cost: 00001804 ms
Total Distance 215: 4 6 7 6 6 5 5 5 4 5 0 0 0 0 0 0 4 6 7 6 6 5 5 5 5 2 4 0 0 0 0 0 4 6 7 6 6 5 5 5 4 5 0 0 0 0 0 0 4 6 7 6 6 5 5 5 5 1 4 0 0 0 0 0
Last Time Cost: 00000029 ms
Total Time Cost: 00001833 ms
Total Distance 214: 4 6 7 6 6 5 5 5 4 5 0 0 0 0 0 0 4 6 7 6 6 5 5 5 5 2 4 0 0 0 0 0 4 6 7 6 6 5 5 5 4 5 0 0 0 0 0 0 4 6 7 6 6 5 5 5 5 0 4 0 0 0 0 0
Last Time Cost: 00000030 ms
Total Time Cost: 00001863 ms
Total Distance 213: 4 6 7 6 6 5 5 5 4 5 0 0 0 0 0 0 4 6 7 6 6 5 5 5 5 1 4 0 0 0 0 0 4 6 7 6 6 5 5 5 4 5 0 0 0 0 0 0 4 6 7 6 6 5 5 5 5 0 4 0 0 0 0 0
Last Time Cost: 00000031 ms
Total Time Cost: 00001894 ms
Total Distance 212: 4 6 7 6 6 5 5 5 4 5 0 0 0 0 0 0 4 6 7 6 6 5 5 5 5 0 4 0 0 0 0 0 4 6 7 6 6 5 5 5 4 5 0 0 0 0 0 0 4 6 7 6 6 5 5 5 5 0 4 0 0 0 0 0
Last Time Cost: 00000035 ms
Total Time Cost: 00001929 ms
Total Distance 208: 4 6 7 6 6 5 5 5 3 5 0 0 0 0 0 0 4 6 7 6 6 5 5 4 5 0 4 0 0 0 0 0 4 6 7 6 6 5 5 5 3 5 0 0 0 0 0 0 4 6 7 6 6 5 5 4 5 0 4 0 0 0 0 0
Last Time Cost: 00000033 ms
Total Time Cost: 00001962 ms
Total Distance 206: 4 6 7 6 6 5 5 5 2 5 0 0 0 0 0 0 4 6 7 6 6 5 5 4 5 0 4 0 0 0 0 0 4 6 7 6 6 5 5 5 2 5 0 0 0 0 0 0 4 6 7 6 6 5 5 4 5 0 4 0 0 0 0 0
Last Time Cost: 00000034 ms
Total Time Cost: 00001996 ms
Total Distance 205: 4 6 7 6 6 5 5 5 2 5 0 0 0 0 0 0 4 6 7 6 6 5 5 4 5 0 4 0 0 0 0 0 4 6 7 6 6 5 5 5 1 5 0 0 0 0 0 0 4 6 7 6 6 5 5 4 5 0 4 0 0 0 0 0
Last Time Cost: 00000033 ms
Total Time Cost: 00002029 ms
Total Distance 204: 4 6 7 6 6 5 5 5 2 5 0 0 0 0 0 0 4 6 7 6 6 5 5 4 5 0 4 0 0 0 0 0 4 6 7 6 6 5 5 5 0 5 0 0 0 0 0 0 4 6 7 6 6 5 5 4 5 0 4 0 0 0 0 0
Last Time Cost: 00000035 ms
Total Time Cost: 00002064 ms
Total Distance 203: 4 6 7 6 6 5 5 5 1 5 0 0 0 0 0 0 4 6 7 6 6 5 5 4 5 0 4 0 0 0 0 0 4 6 7 6 6 5 5 5 0 5 0 0 0 0 0 0 4 6 7 6 6 5 5 4 5 0 4 0 0 0 0 0
Last Time Cost: 00000034 ms
Total Time Cost: 00002098 ms
Total Distance 202: 4 6 7 6 6 5 5 5 0 5 0 0 0 0 0 0 4 6 7 6 6 5 5 4 5 0 4 0 0 0 0 0 4 6 7 6 6 5 5 5 0 5 0 0 0 0 0 0 4 6 7 6 6 5 5 4 5 0 4 0 0 0 0 0
Last Time Cost: 00000040 ms
Total Time Cost: 00002138 ms
Total Distance 198: 4 6 7 6 6 5 5 5 0 4 0 0 0 0 0 0 4 6 7 6 6 5 5 4 5 0 3 0 0 0 0 0 4 6 7 6 6 5 5 5 0 4 0 0 0 0 0 0 4 6 7 6 6 5 5 4 5 0 3 0 0 0 0 0
Last Time Cost: 00000039 ms
Total Time Cost: 00002177 ms
Total Distance 196: 4 6 7 6 6 5 5 5 0 4 0 0 0 0 0 0 4 6 7 6 6 5 5 4 5 0 2 0 0 0 0 0 4 6 7 6 6 5 5 5 0 4 0 0 0 0 0 0 4 6 7 6 6 5 5 4 5 0 2 0 0 0 0 0
Last Time Cost: 00000038 ms
Total Time Cost: 00002215 ms
Total Distance 195: 4 6 7 6 6 5 5 5 0 4 0 0 0 0 0 0 4 6 7 6 6 5 5 4 5 0 1 0 0 0 0 0 4 6 7 6 6 5 5 5 0 4 0 0 0 0 0 0 4 6 7 6 6 5 5 4 5 0 2 0 0 0 0 0
Last Time Cost: 00000037 ms
Total Time Cost: 00002252 ms
Total Distance 194: 4 6 7 6 6 5 5 5 0 4 0 0 0 0 0 0 4 6 7 6 6 5 5 4 5 0 0 0 0 0 0 0 4 6 7 6 6 5 5 5 0 4 0 0 0 0 0 0 4 6 7 6 6 5 5 4 5 0 2 0 0 0 0 0
Last Time Cost: 00000040 ms
Total Time Cost: 00002292 ms
Total Distance 193: 4 6 7 6 6 5 5 5 0 4 0 0 0 0 0 0 4 6 7 6 6 5 5 4 5 0 0 0 0 0 0 0 4 6 7 6 6 5 5 5 0 4 0 0 0 0 0 0 4 6 7 6 6 5 5 4 5 0 1 0 0 0 0 0
Last Time Cost: 00000040 ms
Total Time Cost: 00002332 ms
Total Distance 192: 4 6 7 6 6 5 5 5 0 4 0 0 0 0 0 0 4 6 7 6 6 5 5 4 5 0 0 0 0 0 0 0 4 6 7 6 6 5 5 5 0 4 0 0 0 0 0 0 4 6 7 6 6 5 5 4 5 0 0 0 0 0 0 0
Last Time Cost: 00000044 ms
Total Time Cost: 00002376 ms
Total Distance 188: 4 6 7 6 6 5 5 5 0 3 0 0 0 0 0 0 4 6 7 6 6 5 5 4 4 0 0 0 0 0 0 0 4 6 7 6 6 5 5 5 0 3 0 0 0 0 0 0 4 6 7 6 6 5 5 4 4 0 0 0 0 0 0 0
Last Time Cost: 00000042 ms
Total Time Cost: 00002418 ms
Total Distance 186: 4 6 7 6 6 5 5 5 0 2 0 0 0 0 0 0 4 6 7 6 6 5 5 4 4 0 0 0 0 0 0 0 4 6 7 6 6 5 5 5 0 2 0 0 0 0 0 0 4 6 7 6 6 5 5 4 4 0 0 0 0 0 0 0
Last Time Cost: 00000043 ms
Total Time Cost: 00002461 ms
Total Distance 185: 4 6 7 6 6 5 5 5 0 1 0 0 0 0 0 0 4 6 7 6 6 5 5 4 4 0 0 0 0 0 0 0 4 6 7 6 6 5 5 5 0 2 0 0 0 0 0 0 4 6 7 6 6 5 5 4 4 0 0 0 0 0 0 0
Last Time Cost: 00000042 ms
Total Time Cost: 00002503 ms
Total Distance 184: 4 6 7 6 6 5 5 5 0 0 0 0 0 0 0 0 4 6 7 6 6 5 5 4 4 0 0 0 0 0 0 0 4 6 7 6 6 5 5 5 0 2 0 0 0 0 0 0 4 6 7 6 6 5 5 4 4 0 0 0 0 0 0 0
Last Time Cost: 00000044 ms
Total Time Cost: 00002547 ms
Total Distance 183: 4 6 7 6 6 5 5 5 0 0 0 0 0 0 0 0 4 6 7 6 6 5 5 4 4 0 0 0 0 0 0 0 4 6 7 6 6 5 5 5 0 1 0 0 0 0 0 0 4 6 7 6 6 5 5 4 4 0 0 0 0 0 0 0
Last Time Cost: 00000043 ms
Total Time Cost: 00002590 ms
Total Distance 182: 4 6 7 6 6 5 5 5 0 0 0 0 0 0 0 0 4 6 7 6 6 5 5 4 4 0 0 0 0 0 0 0 4 6 7 6 6 5 5 5 0 0 0 0 0 0 0 0 4 6 7 6 6 5 5 4 4 0 0 0 0 0 0 0
Last Time Cost: 00000049 ms
Total Time Cost: 00002639 ms
Total Distance 178: 4 6 7 6 6 5 5 4 0 0 0 0 0 0 0 0 4 6 7 6 6 5 5 4 3 0 0 0 0 0 0 0 4 6 7 6 6 5 5 4 0 0 0 0 0 0 0 0 4 6 7 6 6 5 5 4 3 0 0 0 0 0 0 0
Last Time Cost: 00000048 ms
Total Time Cost: 00002687 ms
Total Distance 176: 4 6 7 6 6 5 5 4 0 0 0 0 0 0 0 0 4 6 7 6 6 5 5 4 2 0 0 0 0 0 0 0 4 6 7 6 6 5 5 4 0 0 0 0 0 0 0 0 4 6 7 6 6 5 5 4 2 0 0 0 0 0 0 0
Last Time Cost: 00000047 ms
Total Time Cost: 00002734 ms
Total Distance 175: 4 6 7 6 6 5 5 4 0 0 0 0 0 0 0 0 4 6 7 6 6 5 5 4 2 0 0 0 0 0 0 0 4 6 7 6 6 5 5 4 0 0 0 0 0 0 0 0 4 6 7 6 6 5 5 4 1 0 0 0 0 0 0 0
Last Time Cost: 00000046 ms
Total Time Cost: 00002780 ms
Total Distance 174: 4 6 7 6 6 5 5 4 0 0 0 0 0 0 0 0 4 6 7 6 6 5 5 4 2 0 0 0 0 0 0 0 4 6 7 6 6 5 5 4 0 0 0 0 0 0 0 0 4 6 7 6 6 5 5 4 0 0 0 0 0 0 0 0
Last Time Cost: 00000050 ms
Total Time Cost: 00002830 ms
Total Distance 173: 4 6 7 6 6 5 5 4 0 0 0 0 0 0 0 0 4 6 7 6 6 5 5 4 1 0 0 0 0 0 0 0 4 6 7 6 6 5 5 4 0 0 0 0 0 0 0 0 4 6 7 6 6 5 5 4 0 0 0 0 0 0 0 0
Last Time Cost: 00000049 ms
Total Time Cost: 00002879 ms
Total Distance 172: 4 6 7 6 6 5 5 4 0 0 0 0 0 0 0 0 4 6 7 6 6 5 5 4 0 0 0 0 0 0 0 0 4 6 7 6 6 5 5 4 0 0 0 0 0 0 0 0 4 6 7 6 6 5 5 4 0 0 0 0 0 0 0 0
Last Time Cost: 00000055 ms
Total Time Cost: 00002934 ms
Total Distance 168: 4 6 7 6 6 5 4 4 0 0 0 0 0 0 0 0 4 6 7 6 6 5 5 3 0 0 0 0 0 0 0 0 4 6 7 6 6 5 4 4 0 0 0 0 0 0 0 0 4 6 7 6 6 5 5 3 0 0 0 0 0 0 0 0
Last Time Cost: 00000053 ms
Total Time Cost: 00002987 ms
Total Distance 166: 4 6 7 6 6 5 4 4 0 0 0 0 0 0 0 0 4 6 7 6 6 5 5 2 0 0 0 0 0 0 0 0 4 6 7 6 6 5 4 4 0 0 0 0 0 0 0 0 4 6 7 6 6 5 5 2 0 0 0 0 0 0 0 0
Last Time Cost: 00000054 ms
Total Time Cost: 00003041 ms
Total Distance 165: 4 6 7 6 6 5 4 4 0 0 0 0 0 0 0 0 4 6 7 6 6 5 5 2 0 0 0 0 0 0 0 0 4 6 7 6 6 5 4 4 0 0 0 0 0 0 0 0 4 6 7 6 6 5 5 1 0 0 0 0 0 0 0 0
Last Time Cost: 00000053 ms
Total Time Cost: 00003094 ms
Total Distance 164: 4 6 7 6 6 5 4 4 0 0 0 0 0 0 0 0 4 6 7 6 6 5 5 2 0 0 0 0 0 0 0 0 4 6 7 6 6 5 4 4 0 0 0 0 0 0 0 0 4 6 7 6 6 5 5 0 0 0 0 0 0 0 0 0
Last Time Cost: 00000055 ms
Total Time Cost: 00003149 ms
Total Distance 163: 4 6 7 6 6 5 4 4 0 0 0 0 0 0 0 0 4 6 7 6 6 5 5 1 0 0 0 0 0 0 0 0 4 6 7 6 6 5 4 4 0 0 0 0 0 0 0 0 4 6 7 6 6 5 5 0 0 0 0 0 0 0 0 0
Last Time Cost: 00000054 ms
Total Time Cost: 00003203 ms
Total Distance 162: 4 6 7 6 6 5 4 4 0 0 0 0 0 0 0 0 4 6 7 6 6 5 5 0 0 0 0 0 0 0 0 0 4 6 7 6 6 5 4 4 0 0 0 0 0 0 0 0 4 6 7 6 6 5 5 0 0 0 0 0 0 0 0 0
Last Time Cost: 00000064 ms
Total Time Cost: 00003267 ms
Total Distance 158: 4 6 7 6 6 5 3 4 0 0 0 0 0 0 0 0 4 6 7 6 6 4 5 0 0 0 0 0 0 0 0 0 4 6 7 6 6 5 3 4 0 0 0 0 0 0 0 0 4 6 7 6 6 4 5 0 0 0 0 0 0 0 0 0
Last Time Cost: 00000059 ms
Total Time Cost: 00003326 ms
Total Distance 156: 4 6 7 6 6 5 2 4 0 0 0 0 0 0 0 0 4 6 7 6 6 4 5 0 0 0 0 0 0 0 0 0 4 6 7 6 6 5 2 4 0 0 0 0 0 0 0 0 4 6 7 6 6 4 5 0 0 0 0 0 0 0 0 0
Last Time Cost: 00000059 ms
Total Time Cost: 00003385 ms
Total Distance 155: 4 6 7 6 6 5 1 4 0 0 0 0 0 0 0 0 4 6 7 6 6 4 5 0 0 0 0 0 0 0 0 0 4 6 7 6 6 5 2 4 0 0 0 0 0 0 0 0 4 6 7 6 6 4 5 0 0 0 0 0 0 0 0 0
Last Time Cost: 00000059 ms
Total Time Cost: 00003444 ms
Total Distance 154: 4 6 7 6 6 5 0 4 0 0 0 0 0 0 0 0 4 6 7 6 6 4 5 0 0 0 0 0 0 0 0 0 4 6 7 6 6 5 2 4 0 0 0 0 0 0 0 0 4 6 7 6 6 4 5 0 0 0 0 0 0 0 0 0
Last Time Cost: 00000061 ms
Total Time Cost: 00003505 ms
Total Distance 153: 4 6 7 6 6 5 0 4 0 0 0 0 0 0 0 0 4 6 7 6 6 4 5 0 0 0 0 0 0 0 0 0 4 6 7 6 6 5 1 4 0 0 0 0 0 0 0 0 4 6 7 6 6 4 5 0 0 0 0 0 0 0 0 0
Last Time Cost: 00000060 ms
Total Time Cost: 00003565 ms
Total Distance 152: 4 6 7 6 6 5 0 4 0 0 0 0 0 0 0 0 4 6 7 6 6 4 5 0 0 0 0 0 0 0 0 0 4 6 7 6 6 5 0 4 0 0 0 0 0 0 0 0 4 6 7 6 6 4 5 0 0 0 0 0 0 0 0 0
Last Time Cost: 00000068 ms
Total Time Cost: 00003633 ms
Total Distance 148: 4 6 7 6 6 5 0 3 0 0 0 0 0 0 0 0 4 6 7 6 6 4 4 0 0 0 0 0 0 0 0 0 4 6 7 6 6 5 0 3 0 0 0 0 0 0 0 0 4 6 7 6 6 4 4 0 0 0 0 0 0 0 0 0
Last Time Cost: 00000067 ms
Total Time Cost: 00003700 ms
Total Distance 146: 4 6 7 6 6 5 0 2 0 0 0 0 0 0 0 0 4 6 7 6 6 4 4 0 0 0 0 0 0 0 0 0 4 6 7 6 6 5 0 2 0 0 0 0 0 0 0 0 4 6 7 6 6 4 4 0 0 0 0 0 0 0 0 0
Last Time Cost: 00000065 ms
Total Time Cost: 00003765 ms
Total Distance 145: 4 6 7 6 6 5 0 1 0 0 0 0 0 0 0 0 4 6 7 6 6 4 4 0 0 0 0 0 0 0 0 0 4 6 7 6 6 5 0 2 0 0 0 0 0 0 0 0 4 6 7 6 6 4 4 0 0 0 0 0 0 0 0 0
Last Time Cost: 00000064 ms
Total Time Cost: 00003829 ms
Total Distance 144: 4 6 7 6 6 5 0 0 0 0 0 0 0 0 0 0 4 6 7 6 6 4 4 0 0 0 0 0 0 0 0 0 4 6 7 6 6 5 0 2 0 0 0 0 0 0 0 0 4 6 7 6 6 4 4 0 0 0 0 0 0 0 0 0
Last Time Cost: 00000070 ms
Total Time Cost: 00003899 ms
Total Distance 143: 4 6 7 6 6 5 0 0 0 0 0 0 0 0 0 0 4 6 7 6 6 4 4 0 0 0 0 0 0 0 0 0 4 6 7 6 6 5 0 1 0 0 0 0 0 0 0 0 4 6 7 6 6 4 4 0 0 0 0 0 0 0 0 0
Last Time Cost: 00000066 ms
Total Time Cost: 00003965 ms
Total Distance 142: 4 6 7 6 6 5 0 0 0 0 0 0 0 0 0 0 4 6 7 6 6 4 4 0 0 0 0 0 0 0 0 0 4 6 7 6 6 5 0 0 0 0 0 0 0 0 0 0 4 6 7 6 6 4 4 0 0 0 0 0 0 0 0 0
Last Time Cost: 00000076 ms
Total Time Cost: 00004041 ms
Total Distance 138: 4 6 7 6 6 4 0 0 0 0 0 0 0 0 0 0 4 6 7 6 6 4 3 0 0 0 0 0 0 0 0 0 4 6 7 6 6 4 0 0 0 0 0 0 0 0 0 0 4 6 7 6 6 4 3 0 0 0 0 0 0 0 0 0
Last Time Cost: 00000072 ms
Total Time Cost: 00004113 ms
Total Distance 136: 4 6 7 6 6 4 0 0 0 0 0 0 0 0 0 0 4 6 7 6 6 4 2 0 0 0 0 0 0 0 0 0 4 6 7 6 6 4 0 0 0 0 0 0 0 0 0 0 4 6 7 6 6 4 2 0 0 0 0 0 0 0 0 0
Last Time Cost: 00000073 ms
Total Time Cost: 00004186 ms
Total Distance 135: 4 6 7 6 6 4 0 0 0 0 0 0 0 0 0 0 4 6 7 6 6 4 2 0 0 0 0 0 0 0 0 0 4 6 7 6 6 4 0 0 0 0 0 0 0 0 0 0 4 6 7 6 6 4 1 0 0 0 0 0 0 0 0 0
Last Time Cost: 00000072 ms
Total Time Cost: 00004258 ms
Total Distance 134: 4 6 7 6 6 4 0 0 0 0 0 0 0 0 0 0 4 6 7 6 6 4 2 0 0 0 0 0 0 0 0 0 4 6 7 6 6 4 0 0 0 0 0 0 0 0 0 0 4 6 7 6 6 4 0 0 0 0 0 0 0 0 0 0
Last Time Cost: 00000076 ms
Total Time Cost: 00004334 ms
Total Distance 133: 4 6 7 6 6 4 0 0 0 0 0 0 0 0 0 0 4 6 7 6 6 4 1 0 0 0 0 0 0 0 0 0 4 6 7 6 6 4 0 0 0 0 0 0 0 0 0 0 4 6 7 6 6 4 0 0 0 0 0 0 0 0 0 0
Last Time Cost: 00000075 ms
Total Time Cost: 00004409 ms
Total Distance 132: 4 6 7 6 6 4 0 0 0 0 0 0 0 0 0 0 4 6 7 6 6 4 0 0 0 0 0 0 0 0 0 0 4 6 7 6 6 4 0 0 0 0 0 0 0 0 0 0 4 6 7 6 6 4 0 0 0 0 0 0 0 0 0 0
Last Time Cost: 00000085 ms
Total Time Cost: 00004494 ms
Total Distance 128: 4 5 7 6 6 4 0 0 0 0 0 0 0 0 0 0 3 6 7 6 6 4 0 0 0 0 0 0 0 0 0 0 3 6 7 6 6 4 0 0 0 0 0 0 0 0 0 0 4 5 7 6 6 4 0 0 0 0 0 0 0 0 0 0
Last Time Cost: 00000079 ms
Total Time Cost: 00004573 ms
Total Distance 124: 4 4 7 6 6 4 0 0 0 0 0 0 0 0 0 0 2 6 7 6 6 4 0 0 0 0 0 0 0 0 0 0 2 6 7 6 6 4 0 0 0 0 0 0 0 0 0 0 4 4 7 6 6 4 0 0 0 0 0 0 0 0 0 0
Last Time Cost: 00000080 ms
Total Time Cost: 00004653 ms
Total Distance 121: 4 4 6 6 6 4 0 0 0 0 0 0 0 0 0 0 2 6 7 6 6 4 0 0 0 0 0 0 0 0 0 0 1 6 7 6 6 4 0 0 0 0 0 0 0 0 0 0 4 4 6 6 6 4 0 0 0 0 0 0 0 0 0 0
Last Time Cost: 00000080 ms
Total Time Cost: 00004733 ms
Total Distance 120: 4 4 6 6 6 4 0 0 0 0 0 0 0 0 0 0 2 6 7 6 6 4 0 0 0 0 0 0 0 0 0 0 0 6 7 6 6 4 0 0 0 0 0 0 0 0 0 0 4 4 6 6 6 4 0 0 0 0 0 0 0 0 0 0
Last Time Cost: 00000082 ms
Total Time Cost: 00004815 ms
Total Distance 119: 4 4 6 6 6 4 0 0 0 0 0 0 0 0 0 0 1 6 7 6 6 4 0 0 0 0 0 0 0 0 0 0 0 6 7 6 6 4 0 0 0 0 0 0 0 0 0 0 4 4 6 6 6 4 0 0 0 0 0 0 0 0 0 0
Last Time Cost: 00000082 ms
Total Time Cost: 00004897 ms
Total Distance 118: 4 4 6 6 6 4 0 0 0 0 0 0 0 0 0 0 0 6 7 6 6 4 0 0 0 0 0 0 0 0 0 0 0 6 7 6 6 4 0 0 0 0 0 0 0 0 0 0 4 4 6 6 6 4 0 0 0 0 0 0 0 0 0 0
Last Time Cost: 00000089 ms
Total Time Cost: 00004986 ms
Total Distance 114: 3 4 6 6 6 4 0 0 0 0 0 0 0 0 0 0 0 5 7 6 6 4 0 0 0 0 0 0 0 0 0 0 0 5 7 6 6 4 0 0 0 0 0 0 0 0 0 0 3 4 6 6 6 4 0 0 0 0 0 0 0 0 0 0
Last Time Cost: 00000087 ms
Total Time Cost: 00005073 ms
Total Distance 110: 2 4 6 6 6 4 0 0 0 0 0 0 0 0 0 0 0 4 7 6 6 4 0 0 0 0 0 0 0 0 0 0 0 4 7 6 6 4 0 0 0 0 0 0 0 0 0 0 2 4 6 6 6 4 0 0 0 0 0 0 0 0 0 0
Last Time Cost: 00000087 ms
Total Time Cost: 00005160 ms
Total Distance 107: 1 4 6 6 6 4 0 0 0 0 0 0 0 0 0 0 0 4 6 6 6 4 0 0 0 0 0 0 0 0 0 0 0 4 6 6 6 4 0 0 0 0 0 0 0 0 0 0 2 4 6 6 6 4 0 0 0 0 0 0 0 0 0 0
Last Time Cost: 00000086 ms
Total Time Cost: 00005246 ms
Total Distance 106: 0 4 6 6 6 4 0 0 0 0 0 0 0 0 0 0 0 4 6 6 6 4 0 0 0 0 0 0 0 0 0 0 0 4 6 6 6 4 0 0 0 0 0 0 0 0 0 0 2 4 6 6 6 4 0 0 0 0 0 0 0 0 0 0
Last Time Cost: 00000089 ms
Total Time Cost: 00005335 ms
Total Distance 105: 0 4 6 6 6 4 0 0 0 0 0 0 0 0 0 0 0 4 6 6 6 4 0 0 0 0 0 0 0 0 0 0 0 4 6 6 6 4 0 0 0 0 0 0 0 0 0 0 1 4 6 6 6 4 0 0 0 0 0 0 0 0 0 0
Last Time Cost: 00000091 ms
Total Time Cost: 00005426 ms
Total Distance 104: 0 4 6 6 6 4 0 0 0 0 0 0 0 0 0 0 0 4 6 6 6 4 0 0 0 0 0 0 0 0 0 0 0 4 6 6 6 4 0 0 0 0 0 0 0 0 0 0 0 4 6 6 6 4 0 0 0 0 0 0 0 0 0 0
Last Time Cost: 00000094 ms
Total Time Cost: 00005520 ms
Total Distance 100: 0 4 6 6 6 3 0 0 0 0 0 0 0 0 0 0 0 4 6 6 5 4 0 0 0 0 0 0 0 0 0 0 0 4 6 6 6 3 0 0 0 0 0 0 0 0 0 0 0 4 6 6 5 4 0 0 0 0 0 0 0 0 0 0
Last Time Cost: 00000095 ms
Total Time Cost: 00005615 ms
Total Distance 98: 0 4 6 6 6 2 0 0 0 0 0 0 0 0 0 0 0 4 6 6 5 4 0 0 0 0 0 0 0 0 0 0 0 4 6 6 6 2 0 0 0 0 0 0 0 0 0 0 0 4 6 6 5 4 0 0 0 0 0 0 0 0 0 0
Last Time Cost: 00000095 ms
Total Time Cost: 00005710 ms
Total Distance 97: 0 4 6 6 6 2 0 0 0 0 0 0 0 0 0 0 0 4 6 6 5 4 0 0 0 0 0 0 0 0 0 0 0 4 6 6 6 1 0 0 0 0 0 0 0 0 0 0 0 4 6 6 5 4 0 0 0 0 0 0 0 0 0 0
Last Time Cost: 00000095 ms
Total Time Cost: 00005805 ms
Total Distance 96: 0 4 6 6 6 2 0 0 0 0 0 0 0 0 0 0 0 4 6 6 5 4 0 0 0 0 0 0 0 0 0 0 0 4 6 6 6 0 0 0 0 0 0 0 0 0 0 0 0 4 6 6 5 4 0 0 0 0 0 0 0 0 0 0
Last Time Cost: 00000100 ms
Total Time Cost: 00005905 ms
Total Distance 95: 0 4 6 6 6 1 0 0 0 0 0 0 0 0 0 0 0 4 6 6 5 4 0 0 0 0 0 0 0 0 0 0 0 4 6 6 6 0 0 0 0 0 0 0 0 0 0 0 0 4 6 6 5 4 0 0 0 0 0 0 0 0 0 0
Last Time Cost: 00000098 ms
Total Time Cost: 00006003 ms
Total Distance 94: 0 4 6 6 6 0 0 0 0 0 0 0 0 0 0 0 0 4 6 6 5 4 0 0 0 0 0 0 0 0 0 0 0 4 6 6 6 0 0 0 0 0 0 0 0 0 0 0 0 4 6 6 5 4 0 0 0 0 0 0 0 0 0 0
Last Time Cost: 00000102 ms
Total Time Cost: 00006105 ms
Total Distance 90: 0 4 6 6 5 0 0 0 0 0 0 0 0 0 0 0 0 4 6 6 5 3 0 0 0 0 0 0 0 0 0 0 0 4 6 6 5 0 0 0 0 0 0 0 0 0 0 0 0 4 6 6 5 3 0 0 0 0 0 0 0 0 0 0
Last Time Cost: 00000103 ms
Total Time Cost: 00006208 ms
Total Distance 88: 0 4 6 6 5 0 0 0 0 0 0 0 0 0 0 0 0 4 6 6 5 2 0 0 0 0 0 0 0 0 0 0 0 4 6 6 5 0 0 0 0 0 0 0 0 0 0 0 0 4 6 6 5 2 0 0 0 0 0 0 0 0 0 0
Last Time Cost: 00000104 ms
Total Time Cost: 00006312 ms
Total Distance 87: 0 4 6 6 5 0 0 0 0 0 0 0 0 0 0 0 0 4 6 6 5 2 0 0 0 0 0 0 0 0 0 0 0 4 6 6 5 0 0 0 0 0 0 0 0 0 0 0 0 4 6 6 5 1 0 0 0 0 0 0 0 0 0 0
Last Time Cost: 00000104 ms
Total Time Cost: 00006416 ms
Total Distance 86: 0 4 6 6 5 0 0 0 0 0 0 0 0 0 0 0 0 4 6 6 5 2 0 0 0 0 0 0 0 0 0 0 0 4 6 6 5 0 0 0 0 0 0 0 0 0 0 0 0 4 6 6 5 0 0 0 0 0 0 0 0 0 0 0
Last Time Cost: 00000112 ms
Total Time Cost: 00006528 ms
Total Distance 85: 0 4 6 6 5 0 0 0 0 0 0 0 0 0 0 0 0 4 6 6 5 1 0 0 0 0 0 0 0 0 0 0 0 4 6 6 5 0 0 0 0 0 0 0 0 0 0 0 0 4 6 6 5 0 0 0 0 0 0 0 0 0 0 0
Last Time Cost: 00000107 ms
Total Time Cost: 00006635 ms
Total Distance 84: 0 4 6 6 5 0 0 0 0 0 0 0 0 0 0 0 0 4 6 6 5 0 0 0 0 0 0 0 0 0 0 0 0 4 6 6 5 0 0 0 0 0 0 0 0 0 0 0 0 4 6 6 5 0 0 0 0 0 0 0 0 0 0 0
Last Time Cost: 00000113 ms
Total Time Cost: 00006748 ms
Total Distance 81: 0 4 5 6 5 0 0 0 0 0 0 0 0 0 0 0 0 4 6 6 5 0 0 0 0 0 0 0 0 0 0 0 0 3 6 6 5 0 0 0 0 0 0 0 0 0 0 0 0 4 5 6 5 0 0 0 0 0 0 0 0 0 0 0
Last Time Cost: 00000113 ms
Total Time Cost: 00006861 ms
Total Distance 79: 0 4 5 6 5 0 0 0 0 0 0 0 0 0 0 0 0 3 6 6 5 0 0 0 0 0 0 0 0 0 0 0 0 2 6 6 5 0 0 0 0 0 0 0 0 0 0 0 0 4 5 6 5 0 0 0 0 0 0 0 0 0 0 0
Last Time Cost: 00000114 ms
Total Time Cost: 00006975 ms
Total Distance 77: 0 4 5 5 5 0 0 0 0 0 0 0 0 0 0 0 0 3 6 6 5 0 0 0 0 0 0 0 0 0 0 0 0 1 6 6 5 0 0 0 0 0 0 0 0 0 0 0 0 4 5 6 5 0 0 0 0 0 0 0 0 0 0 0
Last Time Cost: 00000114 ms
Total Time Cost: 00007089 ms
Total Distance 76: 0 4 5 5 5 0 0 0 0 0 0 0 0 0 0 0 0 3 6 6 5 0 0 0 0 0 0 0 0 0 0 0 0 0 6 6 5 0 0 0 0 0 0 0 0 0 0 0 0 4 5 6 5 0 0 0 0 0 0 0 0 0 0 0
Last Time Cost: 00000119 ms
Total Time Cost: 00007208 ms
Total Distance 74: 0 4 5 5 5 0 0 0 0 0 0 0 0 0 0 0 0 2 6 6 5 0 0 0 0 0 0 0 0 0 0 0 0 0 6 6 5 0 0 0 0 0 0 0 0 0 0 0 0 4 5 5 5 0 0 0 0 0 0 0 0 0 0 0
Last Time Cost: 00000119 ms
Total Time Cost: 00007327 ms
Total Distance 73: 0 4 5 5 5 0 0 0 0 0 0 0 0 0 0 0 0 1 6 6 5 0 0 0 0 0 0 0 0 0 0 0 0 0 6 6 5 0 0 0 0 0 0 0 0 0 0 0 0 4 5 5 5 0 0 0 0 0 0 0 0 0 0 0
Last Time Cost: 00000119 ms
Total Time Cost: 00007446 ms
Total Distance 72: 0 4 5 5 5 0 0 0 0 0 0 0 0 0 0 0 0 0 6 6 5 0 0 0 0 0 0 0 0 0 0 0 0 0 6 6 5 0 0 0 0 0 0 0 0 0 0 0 0 4 5 5 5 0 0 0 0 0 0 0 0 0 0 0
Last Time Cost: 00000124 ms
Total Time Cost: 00007570 ms
Total Distance 69: 0 3 5 5 5 0 0 0 0 0 0 0 0 0 0 0 0 0 5 6 5 0 0 0 0 0 0 0 0 0 0 0 0 0 5 6 5 0 0 0 0 0 0 0 0 0 0 0 0 4 5 5 5 0 0 0 0 0 0 0 0 0 0 0
Last Time Cost: 00000124 ms
Total Time Cost: 00007694 ms
Total Distance 67: 0 2 5 5 5 0 0 0 0 0 0 0 0 0 0 0 0 0 5 6 5 0 0 0 0 0 0 0 0 0 0 0 0 0 5 6 5 0 0 0 0 0 0 0 0 0 0 0 0 3 5 5 5 0 0 0 0 0 0 0 0 0 0 0
Last Time Cost: 00000126 ms
Total Time Cost: 00007820 ms
Total Distance 66: 0 1 5 5 5 0 0 0 0 0 0 0 0 0 0 0 0 0 5 6 5 0 0 0 0 0 0 0 0 0 0 0 0 0 5 6 5 0 0 0 0 0 0 0 0 0 0 0 0 3 5 5 5 0 0 0 0 0 0 0 0 0 0 0
Last Time Cost: 00000128 ms
Total Time Cost: 00007948 ms
Total Distance 65: 0 0 5 5 5 0 0 0 0 0 0 0 0 0 0 0 0 0 5 6 5 0 0 0 0 0 0 0 0 0 0 0 0 0 5 6 5 0 0 0 0 0 0 0 0 0 0 0 0 3 5 5 5 0 0 0 0 0 0 0 0 0 0 0
Last Time Cost: 00000129 ms
Total Time Cost: 00008077 ms
Total Distance 63: 0 0 5 5 5 0 0 0 0 0 0 0 0 0 0 0 0 0 5 6 5 0 0 0 0 0 0 0 0 0 0 0 0 0 5 5 5 0 0 0 0 0 0 0 0 0 0 0 0 2 5 5 5 0 0 0 0 0 0 0 0 0 0 0
Last Time Cost: 00000130 ms
Total Time Cost: 00008207 ms
Total Distance 62: 0 0 5 5 5 0 0 0 0 0 0 0 0 0 0 0 0 0 5 6 5 0 0 0 0 0 0 0 0 0 0 0 0 0 5 5 5 0 0 0 0 0 0 0 0 0 0 0 0 1 5 5 5 0 0 0 0 0 0 0 0 0 0 0
Last Time Cost: 00000131 ms
Total Time Cost: 00008338 ms
Total Distance 61: 0 0 5 5 5 0 0 0 0 0 0 0 0 0 0 0 0 0 5 6 5 0 0 0 0 0 0 0 0 0 0 0 0 0 5 5 5 0 0 0 0 0 0 0 0 0 0 0 0 0 5 5 5 0 0 0 0 0 0 0 0 0 0 0
Last Time Cost: 00000245 ms
Total Time Cost: 00008583 ms
Total Distance 58: 0 0 5 5 5 0 0 0 0 0 0 0 0 0 0 0 0 0 4 6 5 0 0 0 0 0 0 0 0 0 0 0 0 0 5 4 5 0 0 0 0 0 0 0 0 0 0 0 0 0 4 5 5 0 0 0 0 0 0 0 0 0 0 0
Last Time Cost: 00000138 ms
Total Time Cost: 00008721 ms
Total Distance 54: 0 0 5 4 5 0 0 0 0 0 0 0 0 0 0 0 0 0 4 6 4 0 0 0 0 0 0 0 0 0 0 0 0 0 5 3 5 0 0 0 0 0 0 0 0 0 0 0 0 0 4 5 4 0 0 0 0 0 0 0 0 0 0 0
Last Time Cost: 00000139 ms
Total Time Cost: 00008860 ms
Total Distance 52: 0 0 5 3 5 0 0 0 0 0 0 0 0 0 0 0 0 0 4 6 4 0 0 0 0 0 0 0 0 0 0 0 0 0 5 2 5 0 0 0 0 0 0 0 0 0 0 0 0 0 4 5 4 0 0 0 0 0 0 0 0 0 0 0
Last Time Cost: 00000143 ms
Total Time Cost: 00009003 ms
Total Distance 51: 0 0 5 3 5 0 0 0 0 0 0 0 0 0 0 0 0 0 4 6 4 0 0 0 0 0 0 0 0 0 0 0 0 0 5 1 5 0 0 0 0 0 0 0 0 0 0 0 0 0 4 5 4 0 0 0 0 0 0 0 0 0 0 0
Last Time Cost: 00000140 ms
Total Time Cost: 00009143 ms
Total Distance 50: 0 0 5 3 5 0 0 0 0 0 0 0 0 0 0 0 0 0 4 6 4 0 0 0 0 0 0 0 0 0 0 0 0 0 5 0 5 0 0 0 0 0 0 0 0 0 0 0 0 0 4 5 4 0 0 0 0 0 0 0 0 0 0 0
Last Time Cost: 00000144 ms
Total Time Cost: 00009287 ms
Total Distance 49: 0 0 5 2 5 0 0 0 0 0 0 0 0 0 0 0 0 0 4 6 4 0 0 0 0 0 0 0 0 0 0 0 0 0 5 0 5 0 0 0 0 0 0 0 0 0 0 0 0 0 4 5 4 0 0 0 0 0 0 0 0 0 0 0
Last Time Cost: 00000145 ms
Total Time Cost: 00009432 ms
Total Distance 48: 0 0 5 1 5 0 0 0 0 0 0 0 0 0 0 0 0 0 4 6 4 0 0 0 0 0 0 0 0 0 0 0 0 0 5 0 5 0 0 0 0 0 0 0 0 0 0 0 0 0 4 5 4 0 0 0 0 0 0 0 0 0 0 0
Last Time Cost: 00000145 ms
Total Time Cost: 00009577 ms
Total Distance 47: 0 0 5 0 5 0 0 0 0 0 0 0 0 0 0 0 0 0 4 6 4 0 0 0 0 0 0 0 0 0 0 0 0 0 5 0 5 0 0 0 0 0 0 0 0 0 0 0 0 0 4 5 4 0 0 0 0 0 0 0 0 0 0 0
Last Time Cost: 00000154 ms
Total Time Cost: 00009731 ms
Total Distance 45: 0 0 5 0 5 0 0 0 0 0 0 0 0 0 0 0 0 0 4 6 3 0 0 0 0 0 0 0 0 0 0 0 0 0 5 0 5 0 0 0 0 0 0 0 0 0 0 0 0 0 4 5 3 0 0 0 0 0 0 0 0 0 0 0
Last Time Cost: 00000152 ms
Total Time Cost: 00009883 ms
Total Distance 43: 0 0 5 0 5 0 0 0 0 0 0 0 0 0 0 0 0 0 4 6 3 0 0 0 0 0 0 0 0 0 0 0 0 0 4 0 5 0 0 0 0 0 0 0 0 0 0 0 0 0 4 5 2 0 0 0 0 0 0 0 0 0 0 0
Last Time Cost: 00000155 ms
Total Time Cost: 00010038 ms
Total Distance 42: 0 0 5 0 5 0 0 0 0 0 0 0 0 0 0 0 0 0 4 6 3 0 0 0 0 0 0 0 0 0 0 0 0 0 4 0 5 0 0 0 0 0 0 0 0 0 0 0 0 0 4 5 1 0 0 0 0 0 0 0 0 0 0 0
Last Time Cost: 00000153 ms
Total Time Cost: 00010191 ms
Total Distance 41: 0 0 5 0 5 0 0 0 0 0 0 0 0 0 0 0 0 0 4 6 3 0 0 0 0 0 0 0 0 0 0 0 0 0 4 0 5 0 0 0 0 0 0 0 0 0 0 0 0 0 4 5 0 0 0 0 0 0 0 0 0 0 0 0
Last Time Cost: 00000157 ms
Total Time Cost: 00010348 ms
Total Distance 39: 0 0 4 0 5 0 0 0 0 0 0 0 0 0 0 0 0 0 4 6 2 0 0 0 0 0 0 0 0 0 0 0 0 0 4 0 5 0 0 0 0 0 0 0 0 0 0 0 0 0 4 5 0 0 0 0 0 0 0 0 0 0 0 0
Last Time Cost: 00000159 ms
Total Time Cost: 00010507 ms
Total Distance 38: 0 0 4 0 5 0 0 0 0 0 0 0 0 0 0 0 0 0 4 6 1 0 0 0 0 0 0 0 0 0 0 0 0 0 4 0 5 0 0 0 0 0 0 0 0 0 0 0 0 0 4 5 0 0 0 0 0 0 0 0 0 0 0 0
Last Time Cost: 00000160 ms
Total Time Cost: 00010667 ms
Total Distance 37: 0 0 4 0 5 0 0 0 0 0 0 0 0 0 0 0 0 0 4 6 0 0 0 0 0 0 0 0 0 0 0 0 0 0 4 0 5 0 0 0 0 0 0 0 0 0 0 0 0 0 4 5 0 0 0 0 0 0 0 0 0 0 0 0
Last Time Cost: 00000166 ms
Total Time Cost: 00010833 ms
Total Distance 35: 0 0 3 0 5 0 0 0 0 0 0 0 0 0 0 0 0 0 4 6 0 0 0 0 0 0 0 0 0 0 0 0 0 0 4 0 5 0 0 0 0 0 0 0 0 0 0 0 0 0 3 5 0 0 0 0 0 0 0 0 0 0 0 0
Last Time Cost: 00000167 ms
Total Time Cost: 00011000 ms
Total Distance 34: 0 0 2 0 5 0 0 0 0 0 0 0 0 0 0 0 0 0 4 6 0 0 0 0 0 0 0 0 0 0 0 0 0 0 4 0 5 0 0 0 0 0 0 0 0 0 0 0 0 0 3 5 0 0 0 0 0 0 0 0 0 0 0 0
Last Time Cost: 00000168 ms
Total Time Cost: 00011168 ms
Total Distance 33: 0 0 1 0 5 0 0 0 0 0 0 0 0 0 0 0 0 0 4 6 0 0 0 0 0 0 0 0 0 0 0 0 0 0 4 0 5 0 0 0 0 0 0 0 0 0 0 0 0 0 3 5 0 0 0 0 0 0 0 0 0 0 0 0
Last Time Cost: 00000170 ms
Total Time Cost: 00011338 ms
Total Distance 32: 0 0 0 0 5 0 0 0 0 0 0 0 0 0 0 0 0 0 4 6 0 0 0 0 0 0 0 0 0 0 0 0 0 0 4 0 5 0 0 0 0 0 0 0 0 0 0 0 0 0 3 5 0 0 0 0 0 0 0 0 0 0 0 0
Last Time Cost: 00000173 ms
Total Time Cost: 00011511 ms
Total Distance 31: 0 0 0 0 5 0 0 0 0 0 0 0 0 0 0 0 0 0 4 6 0 0 0 0 0 0 0 0 0 0 0 0 0 0 4 0 5 0 0 0 0 0 0 0 0 0 0 0 0 0 2 5 0 0 0 0 0 0 0 0 0 0 0 0
Last Time Cost: 00000176 ms
Total Time Cost: 00011687 ms
Total Distance 30: 0 0 0 0 5 0 0 0 0 0 0 0 0 0 0 0 0 0 4 6 0 0 0 0 0 0 0 0 0 0 0 0 0 0 4 0 5 0 0 0 0 0 0 0 0 0 0 0 0 0 1 5 0 0 0 0 0 0 0 0 0 0 0 0
Last Time Cost: 00000175 ms
Total Time Cost: 00011862 ms
Total Distance 29: 0 0 0 0 5 0 0 0 0 0 0 0 0 0 0 0 0 0 4 6 0 0 0 0 0 0 0 0 0 0 0 0 0 0 4 0 5 0 0 0 0 0 0 0 0 0 0 0 0 0 0 5 0 0 0 0 0 0 0 0 0 0 0 0
Last Time Cost: 00000179 ms
Total Time Cost: 00012041 ms
Total Distance 27: 0 0 0 0 5 0 0 0 0 0 0 0 0 0 0 0 0 0 3 6 0 0 0 0 0 0 0 0 0 0 0 0 0 0 3 0 5 0 0 0 0 0 0 0 0 0 0 0 0 0 0 5 0 0 0 0 0 0 0 0 0 0 0 0
Last Time Cost: 00000183 ms
Total Time Cost: 00012224 ms
Total Distance 25: 0 0 0 0 4 0 0 0 0 0 0 0 0 0 0 0 0 0 2 6 0 0 0 0 0 0 0 0 0 0 0 0 0 0 3 0 5 0 0 0 0 0 0 0 0 0 0 0 0 0 0 5 0 0 0 0 0 0 0 0 0 0 0 0
Last Time Cost: 00000182 ms
Total Time Cost: 00012406 ms
Total Distance 24: 0 0 0 0 4 0 0 0 0 0 0 0 0 0 0 0 0 0 1 6 0 0 0 0 0 0 0 0 0 0 0 0 0 0 3 0 5 0 0 0 0 0 0 0 0 0 0 0 0 0 0 5 0 0 0 0 0 0 0 0 0 0 0 0
Last Time Cost: 00000210 ms
Total Time Cost: 00012616 ms
Total Distance 23: 0 0 0 0 4 0 0 0 0 0 0 0 0 0 0 0 0 0 0 6 0 0 0 0 0 0 0 0 0 0 0 0 0 0 3 0 5 0 0 0 0 0 0 0 0 0 0 0 0 0 0 5 0 0 0 0 0 0 0 0 0 0 0 0
Last Time Cost: 00000192 ms
Total Time Cost: 00012808 ms
Total Distance 22: 0 0 0 0 4 0 0 0 0 0 0 0 0 0 0 0 0 0 0 6 0 0 0 0 0 0 0 0 0 0 0 0 0 0 2 0 5 0 0 0 0 0 0 0 0 0 0 0 0 0 0 5 0 0 0 0 0 0 0 0 0 0 0 0
Last Time Cost: 00000241 ms
Total Time Cost: 00013049 ms
Total Distance 21: 0 0 0 0 4 0 0 0 0 0 0 0 0 0 0 0 0 0 0 6 0 0 0 0 0 0 0 0 0 0 0 0 0 0 1 0 5 0 0 0 0 0 0 0 0 0 0 0 0 0 0 5 0 0 0 0 0 0 0 0 0 0 0 0
Last Time Cost: 00000190 ms
Total Time Cost: 00013239 ms
Total Distance 20: 0 0 0 0 4 0 0 0 0 0 0 0 0 0 0 0 0 0 0 6 0 0 0 0 0 0 0 0 0 0 0 0 0 0 0 0 5 0 0 0 0 0 0 0 0 0 0 0 0 0 0 5 0 0 0 0 0 0 0 0 0 0 0 0
Last Time Cost: 00000198 ms
Total Time Cost: 00013437 ms
Total Distance 18: 0 0 0 0 3 0 0 0 0 0 0 0 0 0 0 0 0 0 0 6 0 0 0 0 0 0 0 0 0 0 0 0 0 0 0 0 5 0 0 0 0 0 0 0 0 0 0 0 0 0 0 4 0 0 0 0 0 0 0 0 0 0 0 0
Last Time Cost: 00000200 ms
Total Time Cost: 00013637 ms
Total Distance 16: 0 0 0 0 2 0 0 0 0 0 0 0 0 0 0 0 0 0 0 6 0 0 0 0 0 0 0 0 0 0 0 0 0 0 0 0 4 0 0 0 0 0 0 0 0 0 0 0 0 0 0 4 0 0 0 0 0 0 0 0 0 0 0 0
Last Time Cost: 00000201 ms
Total Time Cost: 00013838 ms
Total Distance 15: 0 0 0 0 1 0 0 0 0 0 0 0 0 0 0 0 0 0 0 6 0 0 0 0 0 0 0 0 0 0 0 0 0 0 0 0 4 0 0 0 0 0 0 0 0 0 0 0 0 0 0 4 0 0 0 0 0 0 0 0 0 0 0 0
Last Time Cost: 00000200 ms
Total Time Cost: 00014038 ms
Total Distance 14: 0 0 0 0 0 0 0 0 0 0 0 0 0 0 0 0 0 0 0 6 0 0 0 0 0 0 0 0 0 0 0 0 0 0 0 0 4 0 0 0 0 0 0 0 0 0 0 0 0 0 0 4 0 0 0 0 0 0 0 0 0 0 0 0
Last Time Cost: 00000207 ms
Total Time Cost: 00014245 ms
Total Distance 12: 0 0 0 0 0 0 0 0 0 0 0 0 0 0 0 0 0 0 0 5 0 0 0 0 0 0 0 0 0 0 0 0 0 0 0 0 4 0 0 0 0 0 0 0 0 0 0 0 0 0 0 3 0 0 0 0 0 0 0 0 0 0 0 0
Last Time Cost: 00000005 ms
Total Time Cost: 00014250 ms
Total Distance 10: 0 0 0 0 0 0 0 0 0 0 0 0 0 0 0 0 0 0 0 4 0 0 0 0 0 0 0 0 0 0 0 0 0 0 0 0 4 0 0 0 0 0 0 0 0 0 0 0 0 0 0 2 0 0 0 0 0 0 0 0 0 0 0 0
Last Time Cost: 00000004 ms
Total Time Cost: 00014254 ms
Total Distance 9: 0 0 0 0 0 0 0 0 0 0 0 0 0 0 0 0 0 0 0 4 0 0 0 0 0 0 0 0 0 0 0 0 0 0 0 0 4 0 0 0 0 0 0 0 0 0 0 0 0 0 0 1 0 0 0 0 0 0 0 0 0 0 0 0
Last Time Cost: 00000003 ms
Total Time Cost: 00014257 ms
Total Distance 8: 0 0 0 0 0 0 0 0 0 0 0 0 0 0 0 0 0 0 0 4 0 0 0 0 0 0 0 0 0 0 0 0 0 0 0 0 4 0 0 0 0 0 0 0 0 0 0 0 0 0 0 0 0 0 0 0 0 0 0 0 0 0 0 0
Last Time Cost: 00000005 ms
Total Time Cost: 00014262 ms
Total Distance 7: 0 0 0 0 0 0 0 0 0 0 0 0 0 0 0 0 0 0 0 3 0 0 0 0 0 0 0 0 0 0 0 0 0 0 0 0 4 0 0 0 0 0 0 0 0 0 0 0 0 0 0 0 0 0 0 0 0 0 0 0 0 0 0 0
Last Time Cost: 00000004 ms
Total Time Cost: 00014266 ms
Total Distance 6: 0 0 0 0 0 0 0 0 0 0 0 0 0 0 0 0 0 0 0 2 0 0 0 0 0 0 0 0 0 0 0 0 0 0 0 0 4 0 0 0 0 0 0 0 0 0 0 0 0 0 0 0 0 0 0 0 0 0 0 0 0 0 0 0
Last Time Cost: 00000004 ms
Total Time Cost: 00014270 ms
Total Distance 5: 0 0 0 0 0 0 0 0 0 0 0 0 0 0 0 0 0 0 0 1 0 0 0 0 0 0 0 0 0 0 0 0 0 0 0 0 4 0 0 0 0 0 0 0 0 0 0 0 0 0 0 0 0 0 0 0 0 0 0 0 0 0 0 0
Last Time Cost: 00000003 ms
Total Time Cost: 00014273 ms
Total Distance 4: 0 0 0 0 0 0 0 0 0 0 0 0 0 0 0 0 0 0 0 0 0 0 0 0 0 0 0 0 0 0 0 0 0 0 0 0 4 0 0 0 0 0 0 0 0 0 0 0 0 0 0 0 0 0 0 0 0 0 0 0 0 0 0 0
Last Time Cost: 00000005 ms
Total Time Cost: 00014278 ms
Total Distance 3: 0 0 0 0 0 0 0 0 0 0 0 0 0 0 0 0 0 0 0 0 0 0 0 0 0 0 0 0 0 0 0 0 0 0 0 0 3 0 0 0 0 0 0 0 0 0 0 0 0 0 0 0 0 0 0 0 0 0 0 0 0 0 0 0
Last Time Cost: 00000002 ms
Total Time Cost: 00014280 ms
Total Distance 2: 0 0 0 0 0 0 0 0 0 0 0 0 0 0 0 0 0 0 0 0 0 0 0 0 0 0 0 0 0 0 0 0 0 0 0 0 2 0 0 0 0 0 0 0 0 0 0 0 0 0 0 0 0 0 0 0 0 0 0 0 0 0 0 0
Last Time Cost: 00000001 ms
Total Time Cost: 00014281 ms
Total Distance 1: 0 0 0 0 0 0 0 0 0 0 0 0 0 0 0 0 0 0 0 0 0 0 0 0 0 0 0 0 0 0 0 0 0 0 0 0 1 0 0 0 0 0 0 0 0 0 0 0 0 0 0 0 0 0 0 0 0 0 0 0 0 0 0 0
Last Time Cost: 00000001 ms
Total Time Cost: 00014282 ms
Total Distance 0: 0 0 0 0 0 0 0 0 0 0 0 0 0 0 0 0 0 0 0 0 0 0 0 0 0 0 0 0 0 0 0 0 0 0 0 0 0 0 0 0 0 0 0 0 0 0 0 0 0 0 0 0 0 0 0 0 0 0 0 0 0 0 0 0
