Last Time Cost: 00000000 ms
Total Time Cost: 00000000 ms
Total Distance 332: 7 9 8 7 8 4 4 4 4 4 4 4 4 4 4 4 7 9 8 7 8 4 4 4 4 4 4 4 4 4 4 4 7 9 8 7 8 4 4 4 4 4 4 4 4 4 4 4 7 9 8 7 8 4 4 4 4 4 4 4 4 4 4 4
Last Time Cost: 00000074 ms
Total Time Cost: 00000074 ms
Total Distance 324: 7 8 8 7 8 4 4 4 4 4 4 4 4 4 4 4 7 8 8 7 8 4 4 4 4 4 4 4 4 4 4 4 7 8 8 6 8 4 4 4 4 4 4 4 4 4 3 4 7 8 8 6 8 4 4 4 4 4 4 4 4 4 3 4
Last Time Cost: 00000056 ms
Total Time Cost: 00000130 ms
Total Distance 320: 7 7 8 7 8 4 4 4 4 4 4 4 4 4 4 4 7 8 8 7 8 4 4 4 4 4 4 4 4 4 4 4 7 8 8 6 8 4 4 4 4 4 4 4 4 4 3 4 7 7 8 5 8 4 4 4 4 4 4 4 4 4 2 4
Last Time Cost: 00000060 ms
Total Time Cost: 00000190 ms
Total Distance 318: 7 7 8 7 8 4 4 4 4 4 4 4 4 4 4 4 7 8 8 7 8 4 4 4 4 4 4 4 4 4 4 4 7 8 8 6 8 4 4 4 4 4 4 4 3 4 3 4 7 7 8 5 8 4 4 4 4 4 4 4 4 4 1 4
Last Time Cost: 00000064 ms
Total Time Cost: 00000254 ms
Total Distance 317: 7 7 8 7 8 4 4 4 4 4 4 4 4 4 4 4 7 8 8 7 8 4 4 4 4 4 4 4 4 4 4 4 7 8 8 6 8 4 4 4 4 4 4 4 3 4 3 4 7 7 8 5 8 4 4 4 4 4 4 4 4 4 0 4
Last Time Cost: 00000068 ms
Total Time Cost: 00000322 ms
Total Distance 313: 7 7 8 7 8 4 4 4 4 4 4 4 4 4 4 4 7 7 8 7 8 4 4 4 4 4 4 4 4 4 4 4 7 7 8 5 8 4 4 4 4 4 4 4 3 4 2 4 7 7 8 5 8 4 4 4 4 4 4 4 4 4 0 4
Last Time Cost: 00000071 ms
Total Time Cost: 00000393 ms
Total Distance 310: 7 7 8 7 8 4 4 4 4 4 4 4 4 3 4 4 7 7 8 7 8 4 4 4 4 4 4 4 4 4 4 3 7 7 8 5 8 4 4 4 4 4 4 4 3 4 1 4 7 7 8 5 8 4 4 4 4 4 4 4 4 4 0 4
Last Time Cost: 00000075 ms
Total Time Cost: 00000468 ms
Total Distance 309: 7 7 8 7 8 4 4 4 4 4 4 4 4 3 4 4 7 7 8 7 8 4 4 4 4 4 4 4 4 4 4 3 7 7 8 5 8 4 4 4 4 4 4 4 3 4 0 4 7 7 8 5 8 4 4 4 4 4 4 4 4 4 0 4
Last Time Cost: 00000080 ms
Total Time Cost: 00000548 ms
Total Distance 302: 7 7 7 7 7 4 4 4 4 4 4 4 4 3 4 3 7 7 7 7 7 4 4 4 4 4 4 4 4 4 4 2 7 7 8 5 8 4 4 4 4 4 4 4 3 4 0 4 6 7 8 5 8 4 4 4 4 4 4 4 4 4 0 4
Last Time Cost: 00000086 ms
Total Time Cost: 00000634 ms
Total Distance 296: 7 7 6 7 6 4 4 4 4 4 4 4 4 3 4 2 7 7 6 7 6 4 4 4 4 4 4 4 4 4 4 1 7 7 8 5 8 4 4 4 4 4 4 4 3 4 0 4 6 7 8 5 8 4 4 4 4 4 4 4 4 4 0 4
Last Time Cost: 00000090 ms
Total Time Cost: 00000724 ms
Total Distance 295: 7 7 6 7 6 4 4 4 4 4 4 4 4 3 4 2 7 7 6 7 6 4 4 4 4 4 4 4 4 4 4 0 7 7 8 5 8 4 4 4 4 4 4 4 3 4 0 4 6 7 8 5 8 4 4 4 4 4 4 4 4 4 0 4
Last Time Cost: 00000094 ms
Total Time Cost: 00000818 ms
Total Distance 292: 7 7 6 7 5 4 4 4 4 4 4 4 4 3 4 1 7 7 6 7 6 4 4 4 4 4 4 4 4 4 4 0 6 7 8 5 8 4 4 4 4 4 4 4 3 4 0 4 6 7 8 5 8 4 4 4 4 4 4 4 4 4 0 4
Last Time Cost: 00000100 ms
Total Time Cost: 00000918 ms
Total Distance 291: 7 7 6 7 5 4 4 4 4 4 4 4 4 3 4 0 7 7 6 7 6 4 4 4 4 4 4 4 4 4 4 0 6 7 8 5 8 4 4 4 4 4 4 4 3 4 0 4 6 7 8 5 8 4 4 4 4 4 4 4 4 4 0 4
Last Time Cost: 00000107 ms
Total Time Cost: 00001025 ms
Total Distance 289: 7 7 6 7 5 4 4 4 4 4 4 4 4 3 4 0 7 7 6 7 6 4 4 4 4 4 4 4 4 3 4 0 6 7 8 5 8 4 4 4 4 4 4 4 2 4 0 4 6 7 8 5 8 4 4 4 4 4 4 4 4 4 0 4
Last Time Cost: 00000112 ms
Total Time Cost: 00001137 ms
Total Distance 288: 7 7 6 7 5 4 4 4 4 4 4 4 4 3 4 0 7 7 6 7 6 4 4 4 4 4 4 4 4 3 4 0 6 7 8 5 8 4 4 4 4 4 4 4 1 4 0 4 6 7 8 5 8 4 4 4 4 4 4 4 4 4 0 4
Last Time Cost: 00000304 ms
Total Time Cost: 00001441 ms
Total Distance 287: 7 7 6 7 5 4 4 4 4 4 4 4 4 3 4 0 7 7 6 7 6 4 4 4 4 4 4 4 4 3 4 0 6 7 8 5 8 4 4 4 4 4 4 4 0 4 0 4 6 7 8 5 8 4 4 4 4 4 4 4 4 4 0 4
Last Time Cost: 00000181 ms
Total Time Cost: 00001622 ms
Total Distance 284: 7 7 6 7 5 4 4 4 4 4 4 4 4 2 4 0 7 7 6 7 6 4 4 4 4 4 4 3 4 3 4 0 6 7 8 5 8 4 4 4 4 4 4 4 0 4 0 4 6 7 8 5 8 4 4 4 4 4 4 4 3 4 0 4
Last Time Cost: 00000133 ms
Total Time Cost: 00001755 ms
Total Distance 283: 7 7 6 7 5 4 4 4 4 4 4 4 4 1 4 0 7 7 6 7 6 4 4 4 4 4 4 3 4 3 4 0 6 7 8 5 8 4 4 4 4 4 4 4 0 4 0 4 6 7 8 5 8 4 4 4 4 4 4 4 3 4 0 4
Last Time Cost: 00000140 ms
Total Time Cost: 00001895 ms
Total Distance 282: 7 7 6 7 5 4 4 4 4 4 4 4 4 0 4 0 7 7 6 7 6 4 4 4 4 4 4 3 4 3 4 0 6 7 8 5 8 4 4 4 4 4 4 4 0 4 0 4 6 7 8 5 8 4 4 4 4 4 4 4 3 4 0 4
Last Time Cost: 00000147 ms
Total Time Cost: 00002042 ms
Total Distance 280: 7 7 6 7 5 4 4 4 4 4 4 4 4 0 4 0 7 7 6 7 6 4 4 4 4 4 4 2 4 3 4 0 6 7 8 5 8 4 4 4 4 4 4 4 0 4 0 4 6 7 8 5 8 4 4 4 4 4 4 4 2 4 0 4
Last Time Cost: 00000152 ms
Total Time Cost: 00002194 ms
Total Distance 279: 7 7 6 7 5 4 4 4 4 4 4 4 4 0 4 0 7 7 6 7 6 4 4 4 4 4 4 2 4 3 4 0 6 7 8 5 8 4 4 4 4 4 4 4 0 4 0 4 6 7 8 5 8 4 4 4 4 4 4 4 1 4 0 4
Last Time Cost: 00000160 ms
Total Time Cost: 00002354 ms
Total Distance 278: 7 7 6 7 5 4 4 4 4 4 4 4 4 0 4 0 7 7 6 7 6 4 4 4 4 4 4 2 4 3 4 0 6 7 8 5 8 4 4 4 4 4 4 4 0 4 0 4 6 7 8 5 8 4 4 4 4 4 4 4 0 4 0 4
Last Time Cost: 00000167 ms
Total Time Cost: 00002521 ms
Total Distance 277: 7 7 6 7 5 4 4 4 4 4 4 4 4 0 4 0 7 7 6 7 6 4 4 4 4 4 4 1 4 3 4 0 6 7 8 5 8 4 4 4 4 4 4 4 0 4 0 4 6 7 8 5 8 4 4 4 4 4 4 4 0 4 0 4
Last Time Cost: 00000178 ms
Total Time Cost: 00002699 ms
Total Distance 276: 7 7 6 7 5 4 4 4 4 4 4 4 4 0 4 0 7 7 6 7 6 4 4 4 4 4 4 0 4 3 4 0 6 7 8 5 8 4 4 4 4 4 4 4 0 4 0 4 6 7 8 5 8 4 4 4 4 4 4 4 0 4 0 4
Last Time Cost: 00000187 ms
Total Time Cost: 00002886 ms
Total Distance 274: 7 7 6 7 5 4 4 4 4 4 4 3 4 0 4 0 7 7 6 7 6 4 4 4 4 4 4 0 4 2 4 0 6 7 8 5 8 4 4 4 4 4 4 4 0 4 0 4 6 7 8 5 8 4 4 4 4 4 4 4 0 4 0 4
Last Time Cost: 00000195 ms
Total Time Cost: 00003081 ms
Total Distance 272: 7 7 6 7 5 4 4 4 4 4 4 2 4 0 4 0 7 7 6 7 6 4 4 4 4 4 4 0 4 1 4 0 6 7 8 5 8 4 4 4 4 4 4 4 0 4 0 4 6 7 8 5 8 4 4 4 4 4 4 4 0 4 0 4
Last Time Cost: 00000203 ms
Total Time Cost: 00003284 ms
Total Distance 271: 7 7 6 7 5 4 4 4 4 4 4 2 4 0 4 0 7 7 6 7 6 4 4 4 4 4 4 0 4 0 4 0 6 7 8 5 8 4 4 4 4 4 4 4 0 4 0 4 6 7 8 5 8 4 4 4 4 4 4 4 0 4 0 4
Last Time Cost: 00000214 ms
Total Time Cost: 00003498 ms
Total Distance 269: 7 7 6 7 5 4 4 4 4 4 4 1 4 0 4 0 7 7 6 7 6 4 4 4 4 4 4 0 4 0 4 0 6 7 8 5 8 4 4 4 4 4 3 4 0 4 0 4 6 7 8 5 8 4 4 4 4 4 4 4 0 4 0 4
Last Time Cost: 00000225 ms
Total Time Cost: 00003723 ms
Total Distance 268: 7 7 6 7 5 4 4 4 4 4 4 0 4 0 4 0 7 7 6 7 6 4 4 4 4 4 4 0 4 0 4 0 6 7 8 5 8 4 4 4 4 4 3 4 0 4 0 4 6 7 8 5 8 4 4 4 4 4 4 4 0 4 0 4
Last Time Cost: 00000237 ms
Total Time Cost: 00003960 ms
Total Distance 266: 7 7 6 7 5 4 4 4 4 4 4 0 4 0 4 0 7 7 6 7 6 4 4 4 4 3 4 0 4 0 4 0 6 7 8 5 8 4 4 4 4 4 2 4 0 4 0 4 6 7 8 5 8 4 4 4 4 4 4 4 0 4 0 4
Last Time Cost: 00000246 ms
Total Time Cost: 00004206 ms
Total Distance 265: 7 7 6 7 5 4 4 4 4 4 4 0 4 0 4 0 7 7 6 7 6 4 4 4 4 3 4 0 4 0 4 0 6 7 8 5 8 4 4 4 4 4 1 4 0 4 0 4 6 7 8 5 8 4 4 4 4 4 4 4 0 4 0 4
Last Time Cost: 00000259 ms
Total Time Cost: 00004465 ms
Total Distance 264: 7 7 6 7 5 4 4 4 4 4 4 0 4 0 4 0 7 7 6 7 6 4 4 4 4 3 4 0 4 0 4 0 6 7 8 5 8 4 4 4 4 4 0 4 0 4 0 4 6 7 8 5 8 4 4 4 4 4 4 4 0 4 0 4
Last Time Cost: 00000269 ms
Total Time Cost: 00004734 ms
Total Distance 262: 7 7 6 7 5 4 4 4 4 4 4 0 4 0 4 0 7 7 6 7 6 4 4 4 4 2 4 0 4 0 4 0 6 7 8 5 8 4 4 4 3 4 0 4 0 4 0 4 6 7 8 5 8 4 4 4 4 4 4 4 0 4 0 4
Last Time Cost: 00000284 ms
Total Time Cost: 00005018 ms
Total Distance 261: 7 7 6 7 5 4 4 4 4 4 4 0 4 0 4 0 7 7 6 7 6 4 4 4 4 1 4 0 4 0 4 0 6 7 8 5 8 4 4 4 3 4 0 4 0 4 0 4 6 7 8 5 8 4 4 4 4 4 4 4 0 4 0 4
Last Time Cost: 00000296 ms
Total Time Cost: 00005314 ms
Total Distance 260: 7 7 6 7 5 4 4 4 4 4 4 0 4 0 4 0 7 7 6 7 6 4 4 4 4 0 4 0 4 0 4 0 6 7 8 5 8 4 4 4 3 4 0 4 0 4 0 4 6 7 8 5 8 4 4 4 4 4 4 4 0 4 0 4
Last Time Cost: 00000450 ms
Total Time Cost: 00005764 ms
Total Distance 257: 7 7 6 7 5 4 4 4 4 3 4 0 4 0 4 0 7 7 6 7 6 4 4 4 4 0 4 0 4 0 4 0 6 7 8 5 8 4 4 4 2 4 0 4 0 4 0 4 6 7 8 5 8 4 4 4 4 4 3 4 0 4 0 4
Last Time Cost: 00000321 ms
Total Time Cost: 00006085 ms
Total Distance 256: 7 7 6 7 5 4 4 4 4 3 4 0 4 0 4 0 7 7 6 7 6 4 4 4 4 0 4 0 4 0 4 0 6 7 8 5 8 4 4 4 1 4 0 4 0 4 0 4 6 7 8 5 8 4 4 4 4 4 3 4 0 4 0 4
Last Time Cost: 00000334 ms
Total Time Cost: 00006419 ms
Total Distance 255: 7 7 6 7 5 4 4 4 4 3 4 0 4 0 4 0 7 7 6 7 6 4 4 4 4 0 4 0 4 0 4 0 6 7 8 5 8 4 4 4 0 4 0 4 0 4 0 4 6 7 8 5 8 4 4 4 4 4 3 4 0 4 0 4
Last Time Cost: 00000352 ms
Total Time Cost: 00006771 ms
Total Distance 252: 7 7 6 7 5 4 4 4 4 2 4 0 4 0 4 0 7 7 6 7 6 4 4 3 4 0 4 0 4 0 4 0 6 7 8 5 8 4 4 4 0 4 0 4 0 4 0 4 6 7 8 5 8 4 4 4 3 4 3 4 0 4 0 4
Last Time Cost: 00000366 ms
Total Time Cost: 00007137 ms
Total Distance 250: 7 7 6 7 5 4 4 4 4 1 4 0 4 0 4 0 7 7 6 7 6 4 4 3 4 0 4 0 4 0 4 0 6 7 8 5 8 4 4 4 0 4 0 4 0 4 0 4 6 7 8 5 8 4 4 4 3 4 2 4 0 4 0 4
Last Time Cost: 00000383 ms
Total Time Cost: 00007520 ms
Total Distance 249: 7 7 6 7 5 4 4 4 4 0 4 0 4 0 4 0 7 7 6 7 6 4 4 3 4 0 4 0 4 0 4 0 6 7 8 5 8 4 4 4 0 4 0 4 0 4 0 4 6 7 8 5 8 4 4 4 3 4 2 4 0 4 0 4
Last Time Cost: 00000398 ms
Total Time Cost: 00007918 ms
Total Distance 248: 7 7 6 7 5 4 4 4 4 0 4 0 4 0 4 0 7 7 6 7 6 4 4 3 4 0 4 0 4 0 4 0 6 7 8 5 8 4 4 4 0 4 0 4 0 4 0 4 6 7 8 5 8 4 4 4 3 4 1 4 0 4 0 4
Last Time Cost: 00000413 ms
Total Time Cost: 00008331 ms
Total Distance 247: 7 7 6 7 5 4 4 4 4 0 4 0 4 0 4 0 7 7 6 7 6 4 4 3 4 0 4 0 4 0 4 0 6 7 8 5 8 4 4 4 0 4 0 4 0 4 0 4 6 7 8 5 8 4 4 4 3 4 0 4 0 4 0 4
Last Time Cost: 00000432 ms
Total Time Cost: 00008763 ms
Total Distance 245: 7 7 6 7 5 3 4 4 4 0 4 0 4 0 4 0 7 7 6 7 6 4 4 2 4 0 4 0 4 0 4 0 6 7 8 5 8 4 4 4 0 4 0 4 0 4 0 4 6 7 8 5 8 4 4 4 3 4 0 4 0 4 0 4
Last Time Cost: 00000449 ms
Total Time Cost: 00009212 ms
Total Distance 244: 7 7 6 7 5 3 4 4 4 0 4 0 4 0 4 0 7 7 6 7 6 4 4 1 4 0 4 0 4 0 4 0 6 7 8 5 8 4 4 4 0 4 0 4 0 4 0 4 6 7 8 5 8 4 4 4 3 4 0 4 0 4 0 4
Last Time Cost: 00000464 ms
Total Time Cost: 00009676 ms
Total Distance 243: 7 7 6 7 5 3 4 4 4 0 4 0 4 0 4 0 7 7 6 7 6 4 4 0 4 0 4 0 4 0 4 0 6 7 8 5 8 4 4 4 0 4 0 4 0 4 0 4 6 7 8 5 8 4 4 4 3 4 0 4 0 4 0 4
Last Time Cost: 00000497 ms
Total Time Cost: 00010173 ms
Total Distance 241: 7 7 6 7 5 2 4 4 4 0 4 0 4 0 4 0 7 7 6 6 6 4 4 0 4 0 4 0 4 0 4 0 6 7 8 5 8 4 4 4 0 4 0 4 0 4 0 4 6 7 8 5 8 4 4 4 3 4 0 4 0 4 0 4
Last Time Cost: 00000502 ms
Total Time Cost: 00010675 ms
Total Distance 240: 7 7 6 7 5 1 4 4 4 0 4 0 4 0 4 0 7 7 6 6 6 4 4 0 4 0 4 0 4 0 4 0 6 7 8 5 8 4 4 4 0 4 0 4 0 4 0 4 6 7 8 5 8 4 4 4 3 4 0 4 0 4 0 4
Last Time Cost: 00000521 ms
Total Time Cost: 00011196 ms
Total Distance 239: 7 7 6 7 5 0 4 4 4 0 4 0 4 0 4 0 7 7 6 6 6 4 4 0 4 0 4 0 4 0 4 0 6 7 8 5 8 4 4 4 0 4 0 4 0 4 0 4 6 7 8 5 8 4 4 4 3 4 0 4 0 4 0 4
Last Time Cost: 00000542 ms
Total Time Cost: 00011738 ms
Total Distance 238: 7 7 6 7 5 0 4 4 4 0 4 0 4 0 4 0 7 7 6 6 6 4 4 0 4 0 4 0 4 0 4 0 6 7 8 5 8 4 4 4 0 4 0 4 0 4 0 4 6 7 8 5 8 4 4 4 2 4 0 4 0 4 0 4
Last Time Cost: 00000560 ms
Total Time Cost: 00012298 ms
Total Distance 237: 7 7 6 7 5 0 4 4 4 0 4 0 4 0 4 0 7 7 6 6 6 4 4 0 4 0 4 0 4 0 4 0 6 7 8 5 8 4 4 4 0 4 0 4 0 4 0 4 6 7 8 5 8 4 4 4 1 4 0 4 0 4 0 4
Last Time Cost: 00000580 ms
Total Time Cost: 00012878 ms
Total Distance 236: 7 7 6 7 5 0 4 4 4 0 4 0 4 0 4 0 7 7 6 6 6 4 4 0 4 0 4 0 4 0 4 0 6 7 8 5 8 4 4 4 0 4 0 4 0 4 0 4 6 7 8 5 8 4 4 4 0 4 0 4 0 4 0 4
Last Time Cost: 00000626 ms
Total Time Cost: 00013504 ms
Total Distance 228: 7 6 6 6 5 0 4 4 4 0 4 0 4 0 3 0 7 6 6 5 6 4 4 0 4 0 4 0 4 0 3 0 6 6 8 5 8 4 4 4 0 4 0 4 0 4 0 4 6 6 8 5 8 4 4 4 0 4 0 4 0 4 0 4
Last Time Cost: 00000626 ms
Total Time Cost: 00014130 ms
Total Distance 224: 7 6 6 6 5 0 4 4 4 0 4 0 4 0 3 0 7 5 6 4 6 4 4 0 4 0 4 0 4 0 2 0 6 5 8 5 8 4 4 4 0 4 0 4 0 4 0 4 6 6 8 5 8 4 4 4 0 4 0 4 0 4 0 4
Last Time Cost: 00000646 ms
Total Time Cost: 00014776 ms
Total Distance 222: 7 6 6 6 5 0 4 4 4 0 4 0 3 0 3 0 7 5 6 4 6 4 4 0 4 0 4 0 4 0 1 0 6 5 8 5 8 4 4 4 0 4 0 4 0 4 0 4 6 6 8 5 8 4 4 4 0 4 0 4 0 4 0 4
Last Time Cost: 00000665 ms
Total Time Cost: 00015441 ms
Total Distance 221: 7 6 6 6 5 0 4 4 4 0 4 0 3 0 3 0 7 5 6 4 6 4 4 0 4 0 4 0 4 0 0 0 6 5 8 5 8 4 4 4 0 4 0 4 0 4 0 4 6 6 8 5 8 4 4 4 0 4 0 4 0 4 0 4
Last Time Cost: 00000698 ms
Total Time Cost: 00016139 ms
Total Distance 217: 7 5 6 5 5 0 4 4 4 0 4 0 3 0 2 0 7 5 6 4 6 4 4 0 4 0 4 0 4 0 0 0 6 5 8 5 8 4 4 4 0 4 0 4 0 4 0 4 6 5 8 5 8 4 4 4 0 4 0 4 0 4 0 4
Last Time Cost: 00000712 ms
Total Time Cost: 00016851 ms
Total Distance 214: 7 5 6 5 5 0 4 4 4 0 4 0 3 0 1 0 7 5 6 4 6 4 4 0 4 0 4 0 4 0 0 0 6 5 8 5 8 4 4 4 0 4 0 4 0 3 0 4 6 5 8 5 8 4 4 4 0 4 0 4 0 4 0 3
Last Time Cost: 00000747 ms
Total Time Cost: 00017598 ms
Total Distance 213: 7 5 6 5 5 0 4 4 4 0 4 0 3 0 0 0 7 5 6 4 6 4 4 0 4 0 4 0 4 0 0 0 6 5 8 5 8 4 4 4 0 4 0 4 0 3 0 4 6 5 8 5 8 4 4 4 0 4 0 4 0 4 0 3
Last Time Cost: 00000781 ms
Total Time Cost: 00018379 ms
Total Distance 206: 7 5 6 5 5 0 4 4 4 0 4 0 3 0 0 0 6 5 6 4 6 4 4 0 4 0 4 0 4 0 0 0 6 5 7 5 7 4 4 4 0 4 0 4 0 3 0 3 6 5 7 5 7 4 4 4 0 4 0 4 0 4 0 2
Last Time Cost: 00000026 ms
Total Time Cost: 00018405 ms
Total Distance 200: 7 5 6 5 5 0 4 4 4 0 4 0 3 0 0 0 6 5 6 4 6 4 4 0 4 0 4 0 4 0 0 0 6 5 6 5 6 4 4 4 0 4 0 4 0 3 0 2 6 5 6 5 6 4 4 4 0 4 0 4 0 4 0 1
Last Time Cost: 00000023 ms
Total Time Cost: 00018428 ms
Total Distance 199: 7 5 6 5 5 0 4 4 4 0 4 0 3 0 0 0 6 5 6 4 6 4 4 0 4 0 4 0 4 0 0 0 6 5 6 5 6 4 4 4 0 4 0 4 0 3 0 2 6 5 6 5 6 4 4 4 0 4 0 4 0 4 0 0
Last Time Cost: 00000026 ms
Total Time Cost: 00018454 ms
Total Distance 196: 6 5 6 5 5 0 4 4 4 0 4 0 3 0 0 0 6 5 6 4 6 4 4 0 4 0 4 0 4 0 0 0 6 5 6 5 5 4 4 4 0 4 0 4 0 3 0 1 6 5 6 5 6 4 4 4 0 4 0 4 0 4 0 0
Last Time Cost: 00000025 ms
Total Time Cost: 00018479 ms
Total Distance 195: 6 5 6 5 5 0 4 4 4 0 4 0 3 0 0 0 6 5 6 4 6 4 4 0 4 0 4 0 4 0 0 0 6 5 6 5 5 4 4 4 0 4 0 4 0 3 0 0 6 5 6 5 6 4 4 4 0 4 0 4 0 4 0 0
Last Time Cost: 00000026 ms
Total Time Cost: 00018505 ms
Total Distance 193: 6 5 6 5 5 0 4 4 4 0 4 0 3 0 0 0 6 5 6 4 6 4 4 0 4 0 4 0 4 0 0 0 6 5 6 5 5 4 4 4 0 4 0 4 0 2 0 0 6 5 6 5 6 4 4 4 0 4 0 3 0 4 0 0
Last Time Cost: 00000026 ms
Total Time Cost: 00018531 ms
Total Distance 192: 6 5 6 5 5 0 4 4 4 0 4 0 3 0 0 0 6 5 6 4 6 4 4 0 4 0 4 0 4 0 0 0 6 5 6 5 5 4 4 4 0 4 0 4 0 1 0 0 6 5 6 5 6 4 4 4 0 4 0 3 0 4 0 0
Last Time Cost: 00000026 ms
Total Time Cost: 00018557 ms
Total Distance 191: 6 5 6 5 5 0 4 4 4 0 4 0 3 0 0 0 6 5 6 4 6 4 4 0 4 0 4 0 4 0 0 0 6 5 6 5 5 4 4 4 0 4 0 4 0 0 0 0 6 5 6 5 6 4 4 4 0 4 0 3 0 4 0 0
Last Time Cost: 00000028 ms
Total Time Cost: 00018585 ms
Total Distance 189: 6 5 6 5 5 0 4 4 4 0 4 0 3 0 0 0 6 5 6 4 6 4 4 0 4 0 4 0 3 0 0 0 6 5 6 5 5 4 4 4 0 4 0 4 0 0 0 0 6 5 6 5 6 4 4 4 0 4 0 2 0 4 0 0
Last Time Cost: 00000029 ms
Total Time Cost: 00018614 ms
Total Distance 187: 6 5 6 5 5 0 4 4 4 0 4 0 3 0 0 0 6 5 6 4 6 4 4 0 4 0 4 0 3 0 0 0 6 5 6 5 5 4 4 4 0 3 0 4 0 0 0 0 6 5 6 5 6 4 4 4 0 4 0 1 0 4 0 0
Last Time Cost: 00000028 ms
Total Time Cost: 00018642 ms
Total Distance 186: 6 5 6 5 5 0 4 4 4 0 4 0 3 0 0 0 6 5 6 4 6 4 4 0 4 0 4 0 3 0 0 0 6 5 6 5 5 4 4 4 0 3 0 4 0 0 0 0 6 5 6 5 6 4 4 4 0 4 0 0 0 4 0 0
Last Time Cost: 00000255 ms
Total Time Cost: 00018897 ms
Total Distance 184: 6 5 6 5 5 0 4 4 4 0 4 0 2 0 0 0 6 5 6 4 6 4 4 0 4 0 4 0 2 0 0 0 6 5 6 5 5 4 4 4 0 3 0 4 0 0 0 0 6 5 6 5 6 4 4 4 0 4 0 0 0 4 0 0
Last Time Cost: 00000032 ms
Total Time Cost: 00018929 ms
Total Distance 182: 6 5 6 5 5 0 4 4 4 0 4 0 1 0 0 0 6 5 6 4 6 4 4 0 4 0 3 0 2 0 0 0 6 5 6 5 5 4 4 4 0 3 0 4 0 0 0 0 6 5 6 5 6 4 4 4 0 4 0 0 0 4 0 0
Last Time Cost: 00000031 ms
Total Time Cost: 00018960 ms
Total Distance 181: 6 5 6 5 5 0 4 4 4 0 4 0 0 0 0 0 6 5 6 4 6 4 4 0 4 0 3 0 2 0 0 0 6 5 6 5 5 4 4 4 0 3 0 4 0 0 0 0 6 5 6 5 6 4 4 4 0 4 0 0 0 4 0 0
Last Time Cost: 00000128 ms
Total Time Cost: 00019088 ms
Total Distance 179: 6 5 6 5 5 0 4 4 4 0 4 0 0 0 0 0 6 5 6 4 6 4 4 0 4 0 3 0 1 0 0 0 6 5 6 5 5 4 4 4 0 3 0 4 0 0 0 0 6 5 6 5 6 4 4 4 0 4 0 0 0 3 0 0
Last Time Cost: 00000032 ms
Total Time Cost: 00019120 ms
Total Distance 178: 6 5 6 5 5 0 4 4 4 0 4 0 0 0 0 0 6 5 6 4 6 4 4 0 4 0 3 0 0 0 0 0 6 5 6 5 5 4 4 4 0 3 0 4 0 0 0 0 6 5 6 5 6 4 4 4 0 4 0 0 0 3 0 0
Last Time Cost: 00000034 ms
Total Time Cost: 00019154 ms
Total Distance 176: 6 5 6 5 5 0 4 4 4 0 4 0 0 0 0 0 6 5 6 4 6 4 4 0 4 0 3 0 0 0 0 0 6 5 6 5 5 4 4 4 0 2 0 4 0 0 0 0 6 5 6 5 6 4 4 3 0 4 0 0 0 3 0 0
Last Time Cost: 00000036 ms
Total Time Cost: 00019190 ms
Total Distance 174: 6 5 6 5 5 0 4 4 4 0 3 0 0 0 0 0 6 5 6 4 6 4 4 0 4 0 3 0 0 0 0 0 6 5 6 5 5 4 4 4 0 1 0 4 0 0 0 0 6 5 6 5 6 4 4 3 0 4 0 0 0 3 0 0
Last Time Cost: 00000035 ms
Total Time Cost: 00019225 ms
Total Distance 173: 6 5 6 5 5 0 4 4 4 0 3 0 0 0 0 0 6 5 6 4 6 4 4 0 4 0 3 0 0 0 0 0 6 5 6 5 5 4 4 4 0 0 0 4 0 0 0 0 6 5 6 5 6 4 4 3 0 4 0 0 0 3 0 0
Last Time Cost: 00000037 ms
Total Time Cost: 00019262 ms
Total Distance 171: 6 5 6 5 5 0 4 4 4 0 2 0 0 0 0 0 6 5 6 4 6 4 4 0 4 0 2 0 0 0 0 0 6 5 6 5 5 4 4 4 0 0 0 4 0 0 0 0 6 5 6 5 6 4 4 3 0 4 0 0 0 3 0 0
Last Time Cost: 00000037 ms
Total Time Cost: 00019299 ms
Total Distance 169: 6 5 6 5 5 0 4 4 4 0 2 0 0 0 0 0 6 5 6 4 6 4 4 0 4 0 1 0 0 0 0 0 6 5 6 5 5 4 4 4 0 0 0 3 0 0 0 0 6 5 6 5 6 4 4 3 0 4 0 0 0 3 0 0
Last Time Cost: 00000038 ms
Total Time Cost: 00019337 ms
Total Distance 168: 6 5 6 5 5 0 4 4 4 0 2 0 0 0 0 0 6 5 6 4 6 4 4 0 4 0 0 0 0 0 0 0 6 5 6 5 5 4 4 4 0 0 0 3 0 0 0 0 6 5 6 5 6 4 4 3 0 4 0 0 0 3 0 0
Last Time Cost: 00000038 ms
Total Time Cost: 00019375 ms
Total Distance 166: 6 5 6 5 5 0 4 4 4 0 1 0 0 0 0 0 6 5 6 4 6 4 4 0 4 0 0 0 0 0 0 0 6 5 6 5 5 4 4 4 0 0 0 3 0 0 0 0 6 5 6 5 6 4 4 3 0 3 0 0 0 3 0 0
Last Time Cost: 00000038 ms
Total Time Cost: 00019413 ms
Total Distance 165: 6 5 6 5 5 0 4 4 4 0 0 0 0 0 0 0 6 5 6 4 6 4 4 0 4 0 0 0 0 0 0 0 6 5 6 5 5 4 4 4 0 0 0 3 0 0 0 0 6 5 6 5 6 4 4 3 0 3 0 0 0 3 0 0
Last Time Cost: 00000040 ms
Total Time Cost: 00019453 ms
Total Distance 162: 6 5 6 5 5 0 4 4 3 0 0 0 0 0 0 0 6 5 6 4 6 4 4 0 3 0 0 0 0 0 0 0 6 5 6 5 5 4 4 4 0 0 0 3 0 0 0 0 6 5 6 5 6 4 4 3 0 2 0 0 0 3 0 0
Last Time Cost: 00000041 ms
Total Time Cost: 00019494 ms
Total Distance 160: 6 5 6 5 5 0 4 4 2 0 0 0 0 0 0 0 6 5 6 4 6 4 4 0 3 0 0 0 0 0 0 0 6 5 6 5 5 4 4 4 0 0 0 3 0 0 0 0 6 5 6 5 6 4 4 3 0 1 0 0 0 3 0 0
Last Time Cost: 00000040 ms
Total Time Cost: 00019534 ms
Total Distance 159: 6 5 6 5 5 0 4 4 2 0 0 0 0 0 0 0 6 5 6 4 6 4 4 0 3 0 0 0 0 0 0 0 6 5 6 5 5 4 4 4 0 0 0 3 0 0 0 0 6 5 6 5 6 4 4 3 0 0 0 0 0 3 0 0
Last Time Cost: 00000042 ms
Total Time Cost: 00019576 ms
Total Distance 158: 6 5 6 5 5 0 4 4 1 0 0 0 0 0 0 0 6 5 6 4 6 4 4 0 3 0 0 0 0 0 0 0 6 5 6 5 5 4 4 4 0 0 0 3 0 0 0 0 6 5 6 5 6 4 4 3 0 0 0 0 0 3 0 0
Last Time Cost: 00000042 ms
Total Time Cost: 00019618 ms
Total Distance 157: 6 5 6 5 5 0 4 4 0 0 0 0 0 0 0 0 6 5 6 4 6 4 4 0 3 0 0 0 0 0 0 0 6 5 6 5 5 4 4 4 0 0 0 3 0 0 0 0 6 5 6 5 6 4 4 3 0 0 0 0 0 3 0 0
Last Time Cost: 00000045 ms
Total Time Cost: 00019663 ms
Total Distance 155: 6 5 6 5 5 0 4 4 0 0 0 0 0 0 0 0 6 5 6 4 6 4 4 0 2 0 0 0 0 0 0 0 6 5 6 5 5 4 4 4 0 0 0 2 0 0 0 0 6 5 6 5 6 4 4 3 0 0 0 0 0 3 0 0
Last Time Cost: 00000045 ms
Total Time Cost: 00019708 ms
Total Distance 153: 6 5 6 5 5 0 3 4 0 0 0 0 0 0 0 0 6 5 6 4 6 4 4 0 1 0 0 0 0 0 0 0 6 5 6 5 5 4 4 4 0 0 0 2 0 0 0 0 6 5 6 5 6 4 4 3 0 0 0 0 0 3 0 0
Last Time Cost: 00000044 ms
Total Time Cost: 00019752 ms
Total Distance 151: 6 5 6 5 5 0 3 4 0 0 0 0 0 0 0 0 6 5 6 4 6 4 4 0 0 0 0 0 0 0 0 0 6 5 6 5 5 4 4 3 0 0 0 2 0 0 0 0 6 5 6 5 6 4 4 3 0 0 0 0 0 3 0 0
Last Time Cost: 00000046 ms
Total Time Cost: 00019798 ms
Total Distance 150: 6 5 6 5 5 0 3 4 0 0 0 0 0 0 0 0 6 5 6 4 6 4 4 0 0 0 0 0 0 0 0 0 6 5 6 5 5 4 4 3 0 0 0 1 0 0 0 0 6 5 6 5 6 4 4 3 0 0 0 0 0 3 0 0
Last Time Cost: 00000047 ms
Total Time Cost: 00019845 ms
Total Distance 149: 6 5 6 5 5 0 3 4 0 0 0 0 0 0 0 0 6 5 6 4 6 4 4 0 0 0 0 0 0 0 0 0 6 5 6 5 5 4 4 3 0 0 0 0 0 0 0 0 6 5 6 5 6 4 4 3 0 0 0 0 0 3 0 0
Last Time Cost: 00000048 ms
Total Time Cost: 00019893 ms
Total Distance 147: 6 5 6 5 5 0 3 4 0 0 0 0 0 0 0 0 6 5 6 4 6 4 3 0 0 0 0 0 0 0 0 0 6 5 6 5 5 4 4 2 0 0 0 0 0 0 0 0 6 5 6 5 6 4 4 3 0 0 0 0 0 3 0 0
Last Time Cost: 00000049 ms
Total Time Cost: 00019942 ms
Total Distance 146: 6 5 6 5 5 0 3 4 0 0 0 0 0 0 0 0 6 5 6 4 6 4 3 0 0 0 0 0 0 0 0 0 6 5 6 5 5 4 4 1 0 0 0 0 0 0 0 0 6 5 6 5 6 4 4 3 0 0 0 0 0 3 0 0
Last Time Cost: 00000049 ms
Total Time Cost: 00019991 ms
Total Distance 145: 6 5 6 5 5 0 3 4 0 0 0 0 0 0 0 0 6 5 6 4 6 4 3 0 0 0 0 0 0 0 0 0 6 5 6 5 5 4 4 0 0 0 0 0 0 0 0 0 6 5 6 5 6 4 4 3 0 0 0 0 0 3 0 0
Last Time Cost: 00000052 ms
Total Time Cost: 00020043 ms
Total Distance 143: 6 5 6 5 5 0 2 4 0 0 0 0 0 0 0 0 6 5 6 4 6 4 3 0 0 0 0 0 0 0 0 0 6 5 6 5 5 4 4 0 0 0 0 0 0 0 0 0 6 5 6 5 6 4 4 2 0 0 0 0 0 3 0 0
Last Time Cost: 00000053 ms
Total Time Cost: 00020096 ms
Total Distance 142: 6 5 6 5 5 0 2 4 0 0 0 0 0 0 0 0 6 5 6 4 6 4 3 0 0 0 0 0 0 0 0 0 6 5 6 5 5 4 4 0 0 0 0 0 0 0 0 0 6 5 6 5 6 4 4 1 0 0 0 0 0 3 0 0
Last Time Cost: 00000052 ms
Total Time Cost: 00020148 ms
Total Distance 141: 6 5 6 5 5 0 2 4 0 0 0 0 0 0 0 0 6 5 6 4 6 4 3 0 0 0 0 0 0 0 0 0 6 5 6 5 5 4 4 0 0 0 0 0 0 0 0 0 6 5 6 5 6 4 4 0 0 0 0 0 0 3 0 0
Last Time Cost: 00000054 ms
Total Time Cost: 00020202 ms
Total Distance 140: 6 5 6 5 5 0 1 4 0 0 0 0 0 0 0 0 6 5 6 4 6 4 3 0 0 0 0 0 0 0 0 0 6 5 6 5 5 4 4 0 0 0 0 0 0 0 0 0 6 5 6 5 6 4 4 0 0 0 0 0 0 3 0 0
Last Time Cost: 00000055 ms
Total Time Cost: 00020257 ms
Total Distance 139: 6 5 6 5 5 0 0 4 0 0 0 0 0 0 0 0 6 5 6 4 6 4 3 0 0 0 0 0 0 0 0 0 6 5 6 5 5 4 4 0 0 0 0 0 0 0 0 0 6 5 6 5 6 4 4 0 0 0 0 0 0 3 0 0
Last Time Cost: 00000057 ms
Total Time Cost: 00020314 ms
Total Distance 138: 6 5 6 5 5 0 0 4 0 0 0 0 0 0 0 0 6 5 6 4 6 4 2 0 0 0 0 0 0 0 0 0 6 5 6 5 5 4 4 0 0 0 0 0 0 0 0 0 6 5 6 5 6 4 4 0 0 0 0 0 0 3 0 0
Last Time Cost: 00000057 ms
Total Time Cost: 00020371 ms
Total Distance 136: 6 5 6 5 5 0 0 4 0 0 0 0 0 0 0 0 6 5 6 4 6 4 1 0 0 0 0 0 0 0 0 0 6 5 6 5 5 3 4 0 0 0 0 0 0 0 0 0 6 5 6 5 6 4 4 0 0 0 0 0 0 3 0 0
Last Time Cost: 00000057 ms
Total Time Cost: 00020428 ms
Total Distance 135: 6 5 6 5 5 0 0 4 0 0 0 0 0 0 0 0 6 5 6 4 6 4 0 0 0 0 0 0 0 0 0 0 6 5 6 5 5 3 4 0 0 0 0 0 0 0 0 0 6 5 6 5 6 4 4 0 0 0 0 0 0 3 0 0
Last Time Cost: 00000059 ms
Total Time Cost: 00020487 ms
Total Distance 133: 6 5 6 5 5 0 0 4 0 0 0 0 0 0 0 0 6 5 6 4 5 4 0 0 0 0 0 0 0 0 0 0 6 5 6 5 5 2 4 0 0 0 0 0 0 0 0 0 6 5 6 5 6 4 4 0 0 0 0 0 0 3 0 0
Last Time Cost: 00000059 ms
Total Time Cost: 00020546 ms
Total Distance 132: 6 5 6 5 5 0 0 4 0 0 0 0 0 0 0 0 6 5 6 4 5 4 0 0 0 0 0 0 0 0 0 0 6 5 6 5 5 1 4 0 0 0 0 0 0 0 0 0 6 5 6 5 6 4 4 0 0 0 0 0 0 3 0 0
Last Time Cost: 00000060 ms
Total Time Cost: 00020606 ms
Total Distance 131: 6 5 6 5 5 0 0 4 0 0 0 0 0 0 0 0 6 5 6 4 5 4 0 0 0 0 0 0 0 0 0 0 6 5 6 5 5 0 4 0 0 0 0 0 0 0 0 0 6 5 6 5 6 4 4 0 0 0 0 0 0 3 0 0
Last Time Cost: 00000061 ms
Total Time Cost: 00020667 ms
Total Distance 130: 6 5 6 5 5 0 0 4 0 0 0 0 0 0 0 0 6 5 6 4 5 4 0 0 0 0 0 0 0 0 0 0 6 5 6 5 5 0 4 0 0 0 0 0 0 0 0 0 6 5 6 5 6 4 4 0 0 0 0 0 0 2 0 0
Last Time Cost: 00000063 ms
Total Time Cost: 00020730 ms
Total Distance 129: 6 5 6 5 5 0 0 4 0 0 0 0 0 0 0 0 6 5 6 4 5 4 0 0 0 0 0 0 0 0 0 0 6 5 6 5 5 0 4 0 0 0 0 0 0 0 0 0 6 5 6 5 6 4 4 0 0 0 0 0 0 1 0 0
Last Time Cost: 00000062 ms
Total Time Cost: 00020792 ms
Total Distance 128: 6 5 6 5 5 0 0 4 0 0 0 0 0 0 0 0 6 5 6 4 5 4 0 0 0 0 0 0 0 0 0 0 6 5 6 5 5 0 4 0 0 0 0 0 0 0 0 0 6 5 6 5 6 4 4 0 0 0 0 0 0 0 0 0
Last Time Cost: 00000067 ms
Total Time Cost: 00020859 ms
Total Distance 125: 6 5 6 5 5 0 0 3 0 0 0 0 0 0 0 0 6 5 6 4 5 3 0 0 0 0 0 0 0 0 0 0 6 5 6 5 5 0 4 0 0 0 0 0 0 0 0 0 6 5 6 5 6 4 3 0 0 0 0 0 0 0 0 0
Last Time Cost: 00000066 ms
Total Time Cost: 00020925 ms
Total Distance 123: 6 5 6 5 5 0 0 2 0 0 0 0 0 0 0 0 6 5 6 4 5 3 0 0 0 0 0 0 0 0 0 0 6 5 6 5 5 0 4 0 0 0 0 0 0 0 0 0 6 5 6 5 6 4 2 0 0 0 0 0 0 0 0 0
Last Time Cost: 00000068 ms
Total Time Cost: 00020993 ms
Total Distance 121: 6 5 6 5 5 0 0 1 0 0 0 0 0 0 0 0 6 5 6 4 5 3 0 0 0 0 0 0 0 0 0 0 6 5 6 5 5 0 3 0 0 0 0 0 0 0 0 0 6 5 6 5 6 4 2 0 0 0 0 0 0 0 0 0
Last Time Cost: 00000067 ms
Total Time Cost: 00021060 ms
Total Distance 120: 6 5 6 5 5 0 0 0 0 0 0 0 0 0 0 0 6 5 6 4 5 3 0 0 0 0 0 0 0 0 0 0 6 5 6 5 5 0 3 0 0 0 0 0 0 0 0 0 6 5 6 5 6 4 2 0 0 0 0 0 0 0 0 0
Last Time Cost: 00000070 ms
Total Time Cost: 00021130 ms
Total Distance 119: 6 5 6 5 5 0 0 0 0 0 0 0 0 0 0 0 6 5 6 4 5 3 0 0 0 0 0 0 0 0 0 0 6 5 6 5 5 0 3 0 0 0 0 0 0 0 0 0 6 5 6 5 6 4 1 0 0 0 0 0 0 0 0 0
Last Time Cost: 00000070 ms
Total Time Cost: 00021200 ms
Total Distance 118: 6 5 6 5 5 0 0 0 0 0 0 0 0 0 0 0 6 5 6 4 5 3 0 0 0 0 0 0 0 0 0 0 6 5 6 5 5 0 3 0 0 0 0 0 0 0 0 0 6 5 6 5 6 4 0 0 0 0 0 0 0 0 0 0
Last Time Cost: 00000074 ms
Total Time Cost: 00021274 ms
Total Distance 115: 6 5 6 5 5 0 0 0 0 0 0 0 0 0 0 0 6 5 6 4 5 2 0 0 0 0 0 0 0 0 0 0 6 5 6 5 5 0 2 0 0 0 0 0 0 0 0 0 6 5 6 5 5 4 0 0 0 0 0 0 0 0 0 0
Last Time Cost: 00000075 ms
Total Time Cost: 00021349 ms
Total Distance 114: 6 5 6 5 5 0 0 0 0 0 0 0 0 0 0 0 6 5 6 4 5 1 0 0 0 0 0 0 0 0 0 0 6 5 6 5 5 0 2 0 0 0 0 0 0 0 0 0 6 5 6 5 5 4 0 0 0 0 0 0 0 0 0 0
Last Time Cost: 00000074 ms
Total Time Cost: 00021423 ms
Total Distance 113: 6 5 6 5 5 0 0 0 0 0 0 0 0 0 0 0 6 5 6 4 5 0 0 0 0 0 0 0 0 0 0 0 6 5 6 5 5 0 2 0 0 0 0 0 0 0 0 0 6 5 6 5 5 4 0 0 0 0 0 0 0 0 0 0
Last Time Cost: 00000077 ms
Total Time Cost: 00021500 ms
Total Distance 112: 6 5 6 5 5 0 0 0 0 0 0 0 0 0 0 0 6 5 6 4 5 0 0 0 0 0 0 0 0 0 0 0 6 5 6 5 5 0 1 0 0 0 0 0 0 0 0 0 6 5 6 5 5 4 0 0 0 0 0 0 0 0 0 0
Last Time Cost: 00000078 ms
Total Time Cost: 00021578 ms
Total Distance 111: 6 5 6 5 5 0 0 0 0 0 0 0 0 0 0 0 6 5 6 4 5 0 0 0 0 0 0 0 0 0 0 0 6 5 6 5 5 0 0 0 0 0 0 0 0 0 0 0 6 5 6 5 5 4 0 0 0 0 0 0 0 0 0 0
Last Time Cost: 00000081 ms
Total Time Cost: 00021659 ms
Total Distance 108: 6 5 6 5 4 0 0 0 0 0 0 0 0 0 0 0 6 5 6 4 5 0 0 0 0 0 0 0 0 0 0 0 6 5 6 4 5 0 0 0 0 0 0 0 0 0 0 0 6 5 6 5 5 3 0 0 0 0 0 0 0 0 0 0
Last Time Cost: 00000082 ms
Total Time Cost: 00021741 ms
Total Distance 106: 6 5 6 5 3 0 0 0 0 0 0 0 0 0 0 0 6 5 6 4 5 0 0 0 0 0 0 0 0 0 0 0 6 5 6 4 5 0 0 0 0 0 0 0 0 0 0 0 6 5 6 5 5 2 0 0 0 0 0 0 0 0 0 0
Last Time Cost: 00000083 ms
Total Time Cost: 00021824 ms
Total Distance 105: 6 5 6 5 3 0 0 0 0 0 0 0 0 0 0 0 6 5 6 4 5 0 0 0 0 0 0 0 0 0 0 0 6 5 6 4 5 0 0 0 0 0 0 0 0 0 0 0 6 5 6 5 5 1 0 0 0 0 0 0 0 0 0 0
Last Time Cost: 00000082 ms
Total Time Cost: 00021906 ms
Total Distance 104: 6 5 6 5 3 0 0 0 0 0 0 0 0 0 0 0 6 5 6 4 5 0 0 0 0 0 0 0 0 0 0 0 6 5 6 4 5 0 0 0 0 0 0 0 0 0 0 0 6 5 6 5 5 0 0 0 0 0 0 0 0 0 0 0
Last Time Cost: 00000084 ms
Total Time Cost: 00021990 ms
Total Distance 102: 6 5 6 5 2 0 0 0 0 0 0 0 0 0 0 0 6 5 5 4 5 0 0 0 0 0 0 0 0 0 0 0 6 5 6 4 5 0 0 0 0 0 0 0 0 0 0 0 6 5 6 5 5 0 0 0 0 0 0 0 0 0 0 0
Last Time Cost: 00000086 ms
Total Time Cost: 00022076 ms
Total Distance 101: 6 5 6 5 1 0 0 0 0 0 0 0 0 0 0 0 6 5 5 4 5 0 0 0 0 0 0 0 0 0 0 0 6 5 6 4 5 0 0 0 0 0 0 0 0 0 0 0 6 5 6 5 5 0 0 0 0 0 0 0 0 0 0 0
Last Time Cost: 00000085 ms
Total Time Cost: 00022161 ms
Total Distance 100: 6 5 6 5 0 0 0 0 0 0 0 0 0 0 0 0 6 5 5 4 5 0 0 0 0 0 0 0 0 0 0 0 6 5 6 4 5 0 0 0 0 0 0 0 0 0 0 0 6 5 6 5 5 0 0 0 0 0 0 0 0 0 0 0
Last Time Cost: 00000090 ms
Total Time Cost: 00022251 ms
Total Distance 97: 6 5 6 5 0 0 0 0 0 0 0 0 0 0 0 0 6 5 5 4 4 0 0 0 0 0 0 0 0 0 0 0 6 4 6 3 5 0 0 0 0 0 0 0 0 0 0 0 6 5 6 5 5 0 0 0 0 0 0 0 0 0 0 0
Last Time Cost: 00000091 ms
Total Time Cost: 00022342 ms
Total Distance 95: 6 5 6 5 0 0 0 0 0 0 0 0 0 0 0 0 6 5 5 4 3 0 0 0 0 0 0 0 0 0 0 0 6 4 6 2 5 0 0 0 0 0 0 0 0 0 0 0 6 5 6 5 5 0 0 0 0 0 0 0 0 0 0 0
Last Time Cost: 00000092 ms
Total Time Cost: 00022434 ms
Total Distance 94: 6 5 6 5 0 0 0 0 0 0 0 0 0 0 0 0 6 5 5 4 3 0 0 0 0 0 0 0 0 0 0 0 6 4 6 1 5 0 0 0 0 0 0 0 0 0 0 0 6 5 6 5 5 0 0 0 0 0 0 0 0 0 0 0
Last Time Cost: 00000091 ms
Total Time Cost: 00022525 ms
Total Distance 93: 6 5 6 5 0 0 0 0 0 0 0 0 0 0 0 0 6 5 5 4 3 0 0 0 0 0 0 0 0 0 0 0 6 4 6 0 5 0 0 0 0 0 0 0 0 0 0 0 6 5 6 5 5 0 0 0 0 0 0 0 0 0 0 0
Last Time Cost: 00000097 ms
Total Time Cost: 00022622 ms
Total Distance 92: 6 5 6 5 0 0 0 0 0 0 0 0 0 0 0 0 6 5 5 4 2 0 0 0 0 0 0 0 0 0 0 0 6 4 6 0 5 0 0 0 0 0 0 0 0 0 0 0 6 5 6 5 5 0 0 0 0 0 0 0 0 0 0 0
Last Time Cost: 00000096 ms
Total Time Cost: 00022718 ms
Total Distance 91: 6 5 6 5 0 0 0 0 0 0 0 0 0 0 0 0 6 5 5 4 1 0 0 0 0 0 0 0 0 0 0 0 6 4 6 0 5 0 0 0 0 0 0 0 0 0 0 0 6 5 6 5 5 0 0 0 0 0 0 0 0 0 0 0
Last Time Cost: 00000096 ms
Total Time Cost: 00022814 ms
Total Distance 90: 6 5 6 5 0 0 0 0 0 0 0 0 0 0 0 0 6 5 5 4 0 0 0 0 0 0 0 0 0 0 0 0 6 4 6 0 5 0 0 0 0 0 0 0 0 0 0 0 6 5 6 5 5 0 0 0 0 0 0 0 0 0 0 0
Last Time Cost: 00000100 ms
Total Time Cost: 00022914 ms
Total Distance 87: 6 5 5 5 0 0 0 0 0 0 0 0 0 0 0 0 6 5 5 4 0 0 0 0 0 0 0 0 0 0 0 0 6 3 6 0 5 0 0 0 0 0 0 0 0 0 0 0 6 5 6 4 5 0 0 0 0 0 0 0 0 0 0 0
Last Time Cost: 00000101 ms
Total Time Cost: 00023015 ms
Total Distance 84: 5 5 4 5 0 0 0 0 0 0 0 0 0 0 0 0 6 5 5 4 0 0 0 0 0 0 0 0 0 0 0 0 6 2 6 0 5 0 0 0 0 0 0 0 0 0 0 0 6 5 6 4 5 0 0 0 0 0 0 0 0 0 0 0
Last Time Cost: 00000101 ms
Total Time Cost: 00023116 ms
Total Distance 82: 5 5 4 5 0 0 0 0 0 0 0 0 0 0 0 0 5 5 5 4 0 0 0 0 0 0 0 0 0 0 0 0 6 1 6 0 5 0 0 0 0 0 0 0 0 0 0 0 6 5 6 4 5 0 0 0 0 0 0 0 0 0 0 0
Last Time Cost: 00000100 ms
Total Time Cost: 00023216 ms
Total Distance 81: 5 5 4 5 0 0 0 0 0 0 0 0 0 0 0 0 5 5 5 4 0 0 0 0 0 0 0 0 0 0 0 0 6 0 6 0 5 0 0 0 0 0 0 0 0 0 0 0 6 5 6 4 5 0 0 0 0 0 0 0 0 0 0 0
Last Time Cost: 00000104 ms
Total Time Cost: 00023320 ms
Total Distance 78: 5 5 3 5 0 0 0 0 0 0 0 0 0 0 0 0 5 5 4 4 0 0 0 0 0 0 0 0 0 0 0 0 6 0 6 0 5 0 0 0 0 0 0 0 0 0 0 0 6 5 6 3 5 0 0 0 0 0 0 0 0 0 0 0
Last Time Cost: 00000184 ms
Total Time Cost: 00023504 ms
Total Distance 76: 5 5 3 5 0 0 0 0 0 0 0 0 0 0 0 0 5 5 3 4 0 0 0 0 0 0 0 0 0 0 0 0 6 0 6 0 5 0 0 0 0 0 0 0 0 0 0 0 6 5 6 2 5 0 0 0 0 0 0 0 0 0 0 0
Last Time Cost: 00000191 ms
Total Time Cost: 00023695 ms
Total Distance 75: 5 5 3 5 0 0 0 0 0 0 0 0 0 0 0 0 5 5 3 4 0 0 0 0 0 0 0 0 0 0 0 0 6 0 6 0 5 0 0 0 0 0 0 0 0 0 0 0 6 5 6 1 5 0 0 0 0 0 0 0 0 0 0 0
Last Time Cost: 00000108 ms
Total Time Cost: 00023803 ms
Total Distance 74: 5 5 3 5 0 0 0 0 0 0 0 0 0 0 0 0 5 5 3 4 0 0 0 0 0 0 0 0 0 0 0 0 6 0 6 0 5 0 0 0 0 0 0 0 0 0 0 0 6 5 6 0 5 0 0 0 0 0 0 0 0 0 0 0
Last Time Cost: 00000111 ms
Total Time Cost: 00023914 ms
Total Distance 73: 5 5 2 5 0 0 0 0 0 0 0 0 0 0 0 0 5 5 3 4 0 0 0 0 0 0 0 0 0 0 0 0 6 0 6 0 5 0 0 0 0 0 0 0 0 0 0 0 6 5 6 0 5 0 0 0 0 0 0 0 0 0 0 0
Last Time Cost: 00000112 ms
Total Time Cost: 00024026 ms
Total Distance 72: 5 5 1 5 0 0 0 0 0 0 0 0 0 0 0 0 5 5 3 4 0 0 0 0 0 0 0 0 0 0 0 0 6 0 6 0 5 0 0 0 0 0 0 0 0 0 0 0 6 5 6 0 5 0 0 0 0 0 0 0 0 0 0 0
Last Time Cost: 00000113 ms
Total Time Cost: 00024139 ms
Total Distance 71: 5 5 0 5 0 0 0 0 0 0 0 0 0 0 0 0 5 5 3 4 0 0 0 0 0 0 0 0 0 0 0 0 6 0 6 0 5 0 0 0 0 0 0 0 0 0 0 0 6 5 6 0 5 0 0 0 0 0 0 0 0 0 0 0
Last Time Cost: 00000116 ms
Total Time Cost: 00024255 ms
Total Distance 70: 5 5 0 5 0 0 0 0 0 0 0 0 0 0 0 0 5 5 2 4 0 0 0 0 0 0 0 0 0 0 0 0 6 0 6 0 5 0 0 0 0 0 0 0 0 0 0 0 6 5 6 0 5 0 0 0 0 0 0 0 0 0 0 0
Last Time Cost: 00000118 ms
Total Time Cost: 00024373 ms
Total Distance 69: 5 5 0 5 0 0 0 0 0 0 0 0 0 0 0 0 5 5 1 4 0 0 0 0 0 0 0 0 0 0 0 0 6 0 6 0 5 0 0 0 0 0 0 0 0 0 0 0 6 5 6 0 5 0 0 0 0 0 0 0 0 0 0 0
Last Time Cost: 00000118 ms
Total Time Cost: 00024491 ms
Total Distance 67: 5 5 0 5 0 0 0 0 0 0 0 0 0 0 0 0 5 5 0 4 0 0 0 0 0 0 0 0 0 0 0 0 6 0 6 0 5 0 0 0 0 0 0 0 0 0 0 0 6 4 6 0 5 0 0 0 0 0 0 0 0 0 0 0
Last Time Cost: 00000122 ms
Total Time Cost: 00024613 ms
Total Distance 64: 4 5 0 5 0 0 0 0 0 0 0 0 0 0 0 0 4 5 0 4 0 0 0 0 0 0 0 0 0 0 0 0 6 0 6 0 5 0 0 0 0 0 0 0 0 0 0 0 6 3 6 0 5 0 0 0 0 0 0 0 0 0 0 0
Last Time Cost: 00000123 ms
Total Time Cost: 00024736 ms
Total Distance 63: 4 5 0 5 0 0 0 0 0 0 0 0 0 0 0 0 4 5 0 4 0 0 0 0 0 0 0 0 0 0 0 0 6 0 6 0 5 0 0 0 0 0 0 0 0 0 0 0 6 2 6 0 5 0 0 0 0 0 0 0 0 0 0 0
Last Time Cost: 00000125 ms
Total Time Cost: 00024861 ms
Total Distance 62: 4 5 0 5 0 0 0 0 0 0 0 0 0 0 0 0 4 5 0 4 0 0 0 0 0 0 0 0 0 0 0 0 6 0 6 0 5 0 0 0 0 0 0 0 0 0 0 0 6 1 6 0 5 0 0 0 0 0 0 0 0 0 0 0
Last Time Cost: 00000124 ms
Total Time Cost: 00024985 ms
Total Distance 59: 3 5 0 5 0 0 0 0 0 0 0 0 0 0 0 0 3 5 0 4 0 0 0 0 0 0 0 0 0 0 0 0 6 0 6 0 5 0 0 0 0 0 0 0 0 0 0 0 6 0 6 0 5 0 0 0 0 0 0 0 0 0 0 0
Last Time Cost: 00000130 ms
Total Time Cost: 00025115 ms
Total Distance 57: 2 5 0 5 0 0 0 0 0 0 0 0 0 0 0 0 2 5 0 4 0 0 0 0 0 0 0 0 0 0 0 0 6 0 6 0 5 0 0 0 0 0 0 0 0 0 0 0 6 0 6 0 5 0 0 0 0 0 0 0 0 0 0 0
Last Time Cost: 00000130 ms
Total Time Cost: 00025245 ms
Total Distance 55: 1 5 0 5 0 0 0 0 0 0 0 0 0 0 0 0 1 5 0 4 0 0 0 0 0 0 0 0 0 0 0 0 6 0 6 0 5 0 0 0 0 0 0 0 0 0 0 0 6 0 6 0 5 0 0 0 0 0 0 0 0 0 0 0
Last Time Cost: 00000130 ms
Total Time Cost: 00025375 ms
Total Distance 54: 0 5 0 5 0 0 0 0 0 0 0 0 0 0 0 0 1 5 0 4 0 0 0 0 0 0 0 0 0 0 0 0 6 0 6 0 5 0 0 0 0 0 0 0 0 0 0 0 6 0 6 0 5 0 0 0 0 0 0 0 0 0 0 0
Last Time Cost: 00000131 ms
Total Time Cost: 00025506 ms
Total Distance 53: 0 5 0 5 0 0 0 0 0 0 0 0 0 0 0 0 0 5 0 4 0 0 0 0 0 0 0 0 0 0 0 0 6 0 6 0 5 0 0 0 0 0 0 0 0 0 0 0 6 0 6 0 5 0 0 0 0 0 0 0 0 0 0 0
Last Time Cost: 00000136 ms
Total Time Cost: 00025642 ms
Total Distance 50: 0 5 0 5 0 0 0 0 0 0 0 0 0 0 0 0 0 4 0 3 0 0 0 0 0 0 0 0 0 0 0 0 6 0 6 0 5 0 0 0 0 0 0 0 0 0 0 0 6 0 5 0 5 0 0 0 0 0 0 0 0 0 0 0
Last Time Cost: 00000137 ms
Total Time Cost: 00025779 ms
Total Distance 49: 0 5 0 5 0 0 0 0 0 0 0 0 0 0 0 0 0 4 0 2 0 0 0 0 0 0 0 0 0 0 0 0 6 0 6 0 5 0 0 0 0 0 0 0 0 0 0 0 6 0 5 0 5 0 0 0 0 0 0 0 0 0 0 0
Last Time Cost: 00000139 ms
Total Time Cost: 00025918 ms
Total Distance 48: 0 5 0 5 0 0 0 0 0 0 0 0 0 0 0 0 0 4 0 1 0 0 0 0 0 0 0 0 0 0 0 0 6 0 6 0 5 0 0 0 0 0 0 0 0 0 0 0 6 0 5 0 5 0 0 0 0 0 0 0 0 0 0 0
Last Time Cost: 00000139 ms
Total Time Cost: 00026057 ms
Total Distance 47: 0 5 0 5 0 0 0 0 0 0 0 0 0 0 0 0 0 4 0 0 0 0 0 0 0 0 0 0 0 0 0 0 6 0 6 0 5 0 0 0 0 0 0 0 0 0 0 0 6 0 5 0 5 0 0 0 0 0 0 0 0 0 0 0
Last Time Cost: 00000144 ms
Total Time Cost: 00026201 ms
Total Distance 44: 0 5 0 5 0 0 0 0 0 0 0 0 0 0 0 0 0 3 0 0 0 0 0 0 0 0 0 0 0 0 0 0 6 0 6 0 5 0 0 0 0 0 0 0 0 0 0 0 5 0 4 0 5 0 0 0 0 0 0 0 0 0 0 0
Last Time Cost: 00000145 ms
Total Time Cost: 00026346 ms
Total Distance 42: 0 5 0 5 0 0 0 0 0 0 0 0 0 0 0 0 0 2 0 0 0 0 0 0 0 0 0 0 0 0 0 0 6 0 6 0 5 0 0 0 0 0 0 0 0 0 0 0 5 0 3 0 5 0 0 0 0 0 0 0 0 0 0 0
Last Time Cost: 00000146 ms
Total Time Cost: 00026492 ms
Total Distance 40: 0 5 0 5 0 0 0 0 0 0 0 0 0 0 0 0 0 1 0 0 0 0 0 0 0 0 0 0 0 0 0 0 5 0 6 0 5 0 0 0 0 0 0 0 0 0 0 0 5 0 3 0 5 0 0 0 0 0 0 0 0 0 0 0
Last Time Cost: 00000146 ms
Total Time Cost: 00026638 ms
Total Distance 39: 0 5 0 5 0 0 0 0 0 0 0 0 0 0 0 0 0 0 0 0 0 0 0 0 0 0 0 0 0 0 0 0 5 0 6 0 5 0 0 0 0 0 0 0 0 0 0 0 5 0 3 0 5 0 0 0 0 0 0 0 0 0 0 0
Last Time Cost: 00000151 ms
Total Time Cost: 00026789 ms
Total Distance 35: 0 5 0 5 0 0 0 0 0 0 0 0 0 0 0 0 0 0 0 0 0 0 0 0 0 0 0 0 0 0 0 0 5 0 5 0 4 0 0 0 0 0 0 0 0 0 0 0 5 0 2 0 4 0 0 0 0 0 0 0 0 0 0 0
Last Time Cost: 00000004 ms
Total Time Cost: 00026793 ms
Total Distance 33: 0 5 0 5 0 0 0 0 0 0 0 0 0 0 0 0 0 0 0 0 0 0 0 0 0 0 0 0 0 0 0 0 5 0 4 0 4 0 0 0 0 0 0 0 0 0 0 0 5 0 1 0 4 0 0 0 0 0 0 0 0 0 0 0
Last Time Cost: 00000003 ms
Total Time Cost: 00026796 ms
Total Distance 32: 0 5 0 5 0 0 0 0 0 0 0 0 0 0 0 0 0 0 0 0 0 0 0 0 0 0 0 0 0 0 0 0 5 0 4 0 4 0 0 0 0 0 0 0 0 0 0 0 5 0 0 0 4 0 0 0 0 0 0 0 0 0 0 0
Last Time Cost: 00000004 ms
Total Time Cost: 00026800 ms
Total Distance 29: 0 4 0 4 0 0 0 0 0 0 0 0 0 0 0 0 0 0 0 0 0 0 0 0 0 0 0 0 0 0 0 0 5 0 4 0 4 0 0 0 0 0 0 0 0 0 0 0 5 0 0 0 3 0 0 0 0 0 0 0 0 0 0 0
Last Time Cost: 00000004 ms
Total Time Cost: 00026804 ms
Total Distance 27: 0 4 0 3 0 0 0 0 0 0 0 0 0 0 0 0 0 0 0 0 0 0 0 0 0 0 0 0 0 0 0 0 5 0 4 0 4 0 0 0 0 0 0 0 0 0 0 0 5 0 0 0 2 0 0 0 0 0 0 0 0 0 0 0
Last Time Cost: 00000003 ms
Total Time Cost: 00026807 ms
Total Distance 26: 0 4 0 3 0 0 0 0 0 0 0 0 0 0 0 0 0 0 0 0 0 0 0 0 0 0 0 0 0 0 0 0 5 0 4 0 4 0 0 0 0 0 0 0 0 0 0 0 5 0 0 0 1 0 0 0 0 0 0 0 0 0 0 0
Last Time Cost: 00000002 ms
Total Time Cost: 00026809 ms
Total Distance 25: 0 4 0 3 0 0 0 0 0 0 0 0 0 0 0 0 0 0 0 0 0 0 0 0 0 0 0 0 0 0 0 0 5 0 4 0 4 0 0 0 0 0 0 0 0 0 0 0 5 0 0 0 0 0 0 0 0 0 0 0 0 0 0 0
Last Time Cost: 00000003 ms
Total Time Cost: 00026812 ms
Total Distance 24: 0 4 0 2 0 0 0 0 0 0 0 0 0 0 0 0 0 0 0 0 0 0 0 0 0 0 0 0 0 0 0 0 5 0 4 0 4 0 0 0 0 0 0 0 0 0 0 0 5 0 0 0 0 0 0 0 0 0 0 0 0 0 0 0
Last Time Cost: 00000003 ms
Total Time Cost: 00026815 ms
Total Distance 23: 0 4 0 1 0 0 0 0 0 0 0 0 0 0 0 0 0 0 0 0 0 0 0 0 0 0 0 0 0 0 0 0 5 0 4 0 4 0 0 0 0 0 0 0 0 0 0 0 5 0 0 0 0 0 0 0 0 0 0 0 0 0 0 0
Last Time Cost: 00000003 ms
Total Time Cost: 00026818 ms
Total Distance 22: 0 4 0 0 0 0 0 0 0 0 0 0 0 0 0 0 0 0 0 0 0 0 0 0 0 0 0 0 0 0 0 0 5 0 4 0 4 0 0 0 0 0 0 0 0 0 0 0 5 0 0 0 0 0 0 0 0 0 0 0 0 0 0 0
Last Time Cost: 00000004 ms
Total Time Cost: 00026822 ms
Total Distance 18: 0 3 0 0 0 0 0 0 0 0 0 0 0 0 0 0 0 0 0 0 0 0 0 0 0 0 0 0 0 0 0 0 4 0 3 0 4 0 0 0 0 0 0 0 0 0 0 0 4 0 0 0 0 0 0 0 0 0 0 0 0 0 0 0
Last Time Cost: 00000004 ms
Total Time Cost: 00026826 ms
Total Distance 15: 0 2 0 0 0 0 0 0 0 0 0 0 0 0 0 0 0 0 0 0 0 0 0 0 0 0 0 0 0 0 0 0 3 0 3 0 4 0 0 0 0 0 0 0 0 0 0 0 3 0 0 0 0 0 0 0 0 0 0 0 0 0 0 0
Last Time Cost: 00000004 ms
Total Time Cost: 00026830 ms
Total Distance 12: 0 1 0 0 0 0 0 0 0 0 0 0 0 0 0 0 0 0 0 0 0 0 0 0 0 0 0 0 0 0 0 0 2 0 3 0 4 0 0 0 0 0 0 0 0 0 0 0 2 0 0 0 0 0 0 0 0 0 0 0 0 0 0 0
Last Time Cost: 00000002 ms
Total Time Cost: 00026832 ms
Total Distance 11: 0 0 0 0 0 0 0 0 0 0 0 0 0 0 0 0 0 0 0 0 0 0 0 0 0 0 0 0 0 0 0 0 2 0 3 0 4 0 0 0 0 0 0 0 0 0 0 0 2 0 0 0 0 0 0 0 0 0 0 0 0 0 0 0
Last Time Cost: 00000004 ms
Total Time Cost: 00026836 ms
Total Distance 9: 0 0 0 0 0 0 0 0 0 0 0 0 0 0 0 0 0 0 0 0 0 0 0 0 0 0 0 0 0 0 0 0 1 0 3 0 4 0 0 0 0 0 0 0 0 0 0 0 1 0 0 0 0 0 0 0 0 0 0 0 0 0 0 0
Last Time Cost: 00000002 ms
Total Time Cost: 00026838 ms
Total Distance 8: 0 0 0 0 0 0 0 0 0 0 0 0 0 0 0 0 0 0 0 0 0 0 0 0 0 0 0 0 0 0 0 0 0 0 3 0 4 0 0 0 0 0 0 0 0 0 0 0 1 0 0 0 0 0 0 0 0 0 0 0 0 0 0 0
Last Time Cost: 00000002 ms
Total Time Cost: 00026840 ms
Total Distance 7: 0 0 0 0 0 0 0 0 0 0 0 0 0 0 0 0 0 0 0 0 0 0 0 0 0 0 0 0 0 0 0 0 0 0 3 0 4 0 0 0 0 0 0 0 0 0 0 0 0 0 0 0 0 0 0 0 0 0 0 0 0 0 0 0
Last Time Cost: 00000004 ms
Total Time Cost: 00026844 ms
Total Distance 5: 0 0 0 0 0 0 0 0 0 0 0 0 0 0 0 0 0 0 0 0 0 0 0 0 0 0 0 0 0 0 0 0 0 0 2 0 3 0 0 0 0 0 0 0 0 0 0 0 0 0 0 0 0 0 0 0 0 0 0 0 0 0 0 0
Last Time Cost: 00000001 ms
Total Time Cost: 00026845 ms
Total Distance 4: 0 0 0 0 0 0 0 0 0 0 0 0 0 0 0 0 0 0 0 0 0 0 0 0 0 0 0 0 0 0 0 0 0 0 1 0 3 0 0 0 0 0 0 0 0 0 0 0 0 0 0 0 0 0 0 0 0 0 0 0 0 0 0 0
Last Time Cost: 00000000 ms
Total Time Cost: 00026845 ms
Total Distance 3: 0 0 0 0 0 0 0 0 0 0 0 0 0 0 0 0 0 0 0 0 0 0 0 0 0 0 0 0 0 0 0 0 0 0 0 0 3 0 0 0 0 0 0 0 0 0 0 0 0 0 0 0 0 0 0 0 0 0 0 0 0 0 0 0
Last Time Cost: 00000001 ms
Total Time Cost: 00026846 ms
Total Distance 2: 0 0 0 0 0 0 0 0 0 0 0 0 0 0 0 0 0 0 0 0 0 0 0 0 0 0 0 0 0 0 0 0 0 0 0 0 2 0 0 0 0 0 0 0 0 0 0 0 0 0 0 0 0 0 0 0 0 0 0 0 0 0 0 0
Last Time Cost: 00000001 ms
Total Time Cost: 00026847 ms
Total Distance 1: 0 0 0 0 0 0 0 0 0 0 0 0 0 0 0 0 0 0 0 0 0 0 0 0 0 0 0 0 0 0 0 0 0 0 0 0 1 0 0 0 0 0 0 0 0 0 0 0 0 0 0 0 0 0 0 0 0 0 0 0 0 0 0 0
Last Time Cost: 00000000 ms
Total Time Cost: 00026847 ms
Total Distance 0: 0 0 0 0 0 0 0 0 0 0 0 0 0 0 0 0 0 0 0 0 0 0 0 0 0 0 0 0 0 0 0 0 0 0 0 0 0 0 0 0 0 0 0 0 0 0 0 0 0 0 0 0 0 0 0 0 0 0 0 0 0 0 0 0
