Last Time Cost: 00000000 ms
Total Time Cost: 00000000 ms
Total Distance 312: 6 6 6 8 6 6 4 4 4 4 4 4 4 4 4 4 6 6 6 8 6 6 4 4 4 4 4 4 4 4 4 4 6 6 6 8 6 6 4 4 4 4 4 4 4 4 4 4 6 6 6 8 6 6 4 4 4 4 4 4 4 4 4 4
Last Time Cost: 00000043 ms
Total Time Cost: 00000043 ms
Total Distance 306: 6 6 6 8 6 6 4 4 4 4 4 4 4 4 4 4 6 6 6 8 6 6 4 4 4 4 4 4 4 4 4 4 6 5 6 8 5 6 4 4 4 4 4 4 4 4 4 3 6 5 6 8 5 6 4 4 4 4 4 4 4 4 4 3
Last Time Cost: 00000037 ms
Total Time Cost: 00000080 ms
Total Distance 304: 6 6 6 8 6 6 4 4 4 4 4 4 4 4 4 4 6 6 6 8 6 6 4 4 4 4 4 4 4 4 4 3 6 5 6 8 5 6 4 4 4 4 4 4 4 4 4 3 6 5 6 8 5 6 4 4 4 4 4 4 4 4 4 2
Last Time Cost: 00000039 ms
Total Time Cost: 00000119 ms
Total Distance 303: 6 6 6 8 6 6 4 4 4 4 4 4 4 4 4 4 6 6 6 8 6 6 4 4 4 4 4 4 4 4 4 3 6 5 6 8 5 6 4 4 4 4 4 4 4 4 4 3 6 5 6 8 5 6 4 4 4 4 4 4 4 4 4 1
Last Time Cost: 00000041 ms
Total Time Cost: 00000160 ms
Total Distance 302: 6 6 6 8 6 6 4 4 4 4 4 4 4 4 4 4 6 6 6 8 6 6 4 4 4 4 4 4 4 4 4 3 6 5 6 8 5 6 4 4 4 4 4 4 4 4 4 3 6 5 6 8 5 6 4 4 4 4 4 4 4 4 4 0
Last Time Cost: 00000052 ms
Total Time Cost: 00000212 ms
Total Distance 296: 6 5 6 8 5 6 4 4 4 4 4 4 4 4 4 3 6 5 6 8 5 6 4 4 4 4 4 4 4 4 4 2 6 5 6 8 5 6 4 4 4 4 4 4 4 4 4 3 6 5 6 8 5 6 4 4 4 4 4 4 4 4 4 0
Last Time Cost: 00000047 ms
Total Time Cost: 00000259 ms
Total Distance 295: 6 5 6 8 5 6 4 4 4 4 4 4 4 4 4 3 6 5 6 8 5 6 4 4 4 4 4 4 4 4 4 1 6 5 6 8 5 6 4 4 4 4 4 4 4 4 4 3 6 5 6 8 5 6 4 4 4 4 4 4 4 4 4 0
Last Time Cost: 00000047 ms
Total Time Cost: 00000306 ms
Total Distance 294: 6 5 6 8 5 6 4 4 4 4 4 4 4 4 4 3 6 5 6 8 5 6 4 4 4 4 4 4 4 4 4 0 6 5 6 8 5 6 4 4 4 4 4 4 4 4 4 3 6 5 6 8 5 6 4 4 4 4 4 4 4 4 4 0
Last Time Cost: 00000051 ms
Total Time Cost: 00000357 ms
Total Distance 292: 6 5 6 8 5 6 4 4 4 4 4 4 4 4 4 2 6 5 6 8 5 6 4 4 4 4 4 4 4 4 4 0 6 5 6 8 5 6 4 4 4 4 4 4 4 4 4 2 6 5 6 8 5 6 4 4 4 4 4 4 4 4 4 0
Last Time Cost: 00000062 ms
Total Time Cost: 00000419 ms
Total Distance 291: 6 5 6 8 5 6 4 4 4 4 4 4 4 4 4 1 6 5 6 8 5 6 4 4 4 4 4 4 4 4 4 0 6 5 6 8 5 6 4 4 4 4 4 4 4 4 4 2 6 5 6 8 5 6 4 4 4 4 4 4 4 4 4 0
Last Time Cost: 00000058 ms
Total Time Cost: 00000477 ms
Total Distance 290: 6 5 6 8 5 6 4 4 4 4 4 4 4 4 4 0 6 5 6 8 5 6 4 4 4 4 4 4 4 4 4 0 6 5 6 8 5 6 4 4 4 4 4 4 4 4 4 2 6 5 6 8 5 6 4 4 4 4 4 4 4 4 4 0
Last Time Cost: 00000062 ms
Total Time Cost: 00000539 ms
Total Distance 289: 6 5 6 8 5 6 4 4 4 4 4 4 4 4 4 0 6 5 6 8 5 6 4 4 4 4 4 4 4 4 4 0 6 5 6 8 5 6 4 4 4 4 4 4 4 4 4 1 6 5 6 8 5 6 4 4 4 4 4 4 4 4 4 0
Last Time Cost: 00000067 ms
Total Time Cost: 00000606 ms
Total Distance 288: 6 5 6 8 5 6 4 4 4 4 4 4 4 4 4 0 6 5 6 8 5 6 4 4 4 4 4 4 4 4 4 0 6 5 6 8 5 6 4 4 4 4 4 4 4 4 4 0 6 5 6 8 5 6 4 4 4 4 4 4 4 4 4 0
Last Time Cost: 00000080 ms
Total Time Cost: 00000686 ms
Total Distance 282: 6 5 6 8 5 6 4 4 4 4 4 4 4 4 4 0 6 5 6 8 5 6 4 4 4 4 4 4 4 4 4 0 5 5 6 7 5 6 4 4 4 4 4 4 4 4 3 0 5 5 6 7 5 6 4 4 4 4 4 4 4 4 3 0
Last Time Cost: 00000073 ms
Total Time Cost: 00000759 ms
Total Distance 280: 6 5 6 8 5 6 4 4 4 4 4 4 4 4 3 0 6 5 6 8 5 6 4 4 4 4 4 4 4 4 4 0 5 5 6 7 5 6 4 4 4 4 4 4 4 4 2 0 5 5 6 7 5 6 4 4 4 4 4 4 4 4 3 0
Last Time Cost: 00000077 ms
Total Time Cost: 00000836 ms
Total Distance 279: 6 5 6 8 5 6 4 4 4 4 4 4 4 4 3 0 6 5 6 8 5 6 4 4 4 4 4 4 4 4 4 0 5 5 6 7 5 6 4 4 4 4 4 4 4 4 1 0 5 5 6 7 5 6 4 4 4 4 4 4 4 4 3 0
Last Time Cost: 00000082 ms
Total Time Cost: 00000918 ms
Total Distance 278: 6 5 6 8 5 6 4 4 4 4 4 4 4 4 3 0 6 5 6 8 5 6 4 4 4 4 4 4 4 4 4 0 5 5 6 7 5 6 4 4 4 4 4 4 4 4 0 0 5 5 6 7 5 6 4 4 4 4 4 4 4 4 3 0
Last Time Cost: 00000093 ms
Total Time Cost: 00001011 ms
Total Distance 272: 5 5 6 7 5 6 4 4 4 4 4 4 4 4 2 0 5 5 6 7 5 6 4 4 4 4 4 4 4 4 3 0 5 5 6 7 5 6 4 4 4 4 4 4 4 4 0 0 5 5 6 7 5 6 4 4 4 4 4 4 4 4 3 0
Last Time Cost: 00000009 ms
Total Time Cost: 00001020 ms
Total Distance 271: 5 5 6 7 5 6 4 4 4 4 4 4 4 4 1 0 5 5 6 7 5 6 4 4 4 4 4 4 4 4 3 0 5 5 6 7 5 6 4 4 4 4 4 4 4 4 0 0 5 5 6 7 5 6 4 4 4 4 4 4 4 4 3 0
Last Time Cost: 00000007 ms
Total Time Cost: 00001027 ms
Total Distance 270: 5 5 6 7 5 6 4 4 4 4 4 4 4 4 0 0 5 5 6 7 5 6 4 4 4 4 4 4 4 4 3 0 5 5 6 7 5 6 4 4 4 4 4 4 4 4 0 0 5 5 6 7 5 6 4 4 4 4 4 4 4 4 3 0
Last Time Cost: 00000009 ms
Total Time Cost: 00001036 ms
Total Distance 268: 5 5 6 7 5 6 4 4 4 4 4 4 4 4 0 0 5 5 6 7 5 6 4 4 4 4 4 4 4 4 2 0 5 5 6 7 5 6 4 4 4 4 4 4 4 4 0 0 5 5 6 7 5 6 4 4 4 4 4 4 4 4 2 0
Last Time Cost: 00000007 ms
Total Time Cost: 00001043 ms
Total Distance 267: 5 5 6 7 5 6 4 4 4 4 4 4 4 4 0 0 5 5 6 7 5 6 4 4 4 4 4 4 4 4 1 0 5 5 6 7 5 6 4 4 4 4 4 4 4 4 0 0 5 5 6 7 5 6 4 4 4 4 4 4 4 4 2 0
Last Time Cost: 00000007 ms
Total Time Cost: 00001050 ms
Total Distance 266: 5 5 6 7 5 6 4 4 4 4 4 4 4 4 0 0 5 5 6 7 5 6 4 4 4 4 4 4 4 4 0 0 5 5 6 7 5 6 4 4 4 4 4 4 4 4 0 0 5 5 6 7 5 6 4 4 4 4 4 4 4 4 2 0
Last Time Cost: 00000008 ms
Total Time Cost: 00001058 ms
Total Distance 265: 5 5 6 7 5 6 4 4 4 4 4 4 4 4 0 0 5 5 6 7 5 6 4 4 4 4 4 4 4 4 0 0 5 5 6 7 5 6 4 4 4 4 4 4 4 4 0 0 5 5 6 7 5 6 4 4 4 4 4 4 4 4 1 0
Last Time Cost: 00000008 ms
Total Time Cost: 00001066 ms
Total Distance 264: 5 5 6 7 5 6 4 4 4 4 4 4 4 4 0 0 5 5 6 7 5 6 4 4 4 4 4 4 4 4 0 0 5 5 6 7 5 6 4 4 4 4 4 4 4 4 0 0 5 5 6 7 5 6 4 4 4 4 4 4 4 4 0 0
Last Time Cost: 00000011 ms
Total Time Cost: 00001077 ms
Total Distance 262: 5 5 6 7 5 6 4 3 4 4 4 4 4 4 0 0 5 5 6 7 5 6 4 4 4 4 4 4 4 4 0 0 5 5 6 7 5 6 4 3 4 4 4 4 4 4 0 0 5 5 6 7 5 6 4 4 4 4 4 4 4 4 0 0
Last Time Cost: 00000008 ms
Total Time Cost: 00001085 ms
Total Distance 260: 5 5 6 7 5 6 4 2 4 4 4 4 4 4 0 0 5 5 6 7 5 6 4 3 4 4 4 4 4 4 0 0 5 5 6 7 5 6 4 3 4 4 4 4 4 4 0 0 5 5 6 7 5 6 4 4 4 4 4 4 4 4 0 0
Last Time Cost: 00000009 ms
Total Time Cost: 00001094 ms
Total Distance 259: 5 5 6 7 5 6 4 1 4 4 4 4 4 4 0 0 5 5 6 7 5 6 4 3 4 4 4 4 4 4 0 0 5 5 6 7 5 6 4 3 4 4 4 4 4 4 0 0 5 5 6 7 5 6 4 4 4 4 4 4 4 4 0 0
Last Time Cost: 00000008 ms
Total Time Cost: 00001102 ms
Total Distance 258: 5 5 6 7 5 6 4 0 4 4 4 4 4 4 0 0 5 5 6 7 5 6 4 3 4 4 4 4 4 4 0 0 5 5 6 7 5 6 4 3 4 4 4 4 4 4 0 0 5 5 6 7 5 6 4 4 4 4 4 4 4 4 0 0
Last Time Cost: 00000010 ms
Total Time Cost: 00001112 ms
Total Distance 256: 5 5 6 7 5 6 4 0 4 4 4 4 4 4 0 0 5 5 6 7 5 6 4 2 4 4 4 4 4 4 0 0 5 5 6 7 5 6 4 3 4 4 4 4 4 4 0 0 5 5 6 7 5 6 4 3 4 4 4 4 4 4 0 0
Last Time Cost: 00000008 ms
Total Time Cost: 00001120 ms
Total Distance 255: 5 5 6 7 5 6 4 0 4 4 4 4 4 4 0 0 5 5 6 7 5 6 4 1 4 4 4 4 4 4 0 0 5 5 6 7 5 6 4 3 4 4 4 4 4 4 0 0 5 5 6 7 5 6 4 3 4 4 4 4 4 4 0 0
Last Time Cost: 00000008 ms
Total Time Cost: 00001128 ms
Total Distance 254: 5 5 6 7 5 6 4 0 4 4 4 4 4 4 0 0 5 5 6 7 5 6 4 0 4 4 4 4 4 4 0 0 5 5 6 7 5 6 4 3 4 4 4 4 4 4 0 0 5 5 6 7 5 6 4 3 4 4 4 4 4 4 0 0
Last Time Cost: 00000011 ms
Total Time Cost: 00001139 ms
Total Distance 252: 5 5 6 7 5 6 4 0 4 4 4 4 4 4 0 0 5 5 6 7 5 6 4 0 4 4 4 4 4 4 0 0 5 5 6 7 5 6 4 2 4 4 4 4 4 4 0 0 5 5 6 7 5 6 4 2 4 4 4 4 4 4 0 0
Last Time Cost: 00000009 ms
Total Time Cost: 00001148 ms
Total Distance 251: 5 5 6 7 5 6 4 0 4 4 4 4 4 4 0 0 5 5 6 7 5 6 4 0 4 4 4 4 4 4 0 0 5 5 6 7 5 6 4 1 4 4 4 4 4 4 0 0 5 5 6 7 5 6 4 2 4 4 4 4 4 4 0 0
Last Time Cost: 00000010 ms
Total Time Cost: 00001158 ms
Total Distance 250: 5 5 6 7 5 6 4 0 4 4 4 4 4 4 0 0 5 5 6 7 5 6 4 0 4 4 4 4 4 4 0 0 5 5 6 7 5 6 4 0 4 4 4 4 4 4 0 0 5 5 6 7 5 6 4 2 4 4 4 4 4 4 0 0
Last Time Cost: 00000023 ms
Total Time Cost: 00001181 ms
Total Distance 249: 5 5 6 7 5 6 4 0 4 4 4 4 4 4 0 0 5 5 6 7 5 6 4 0 4 4 4 4 4 4 0 0 5 5 6 7 5 6 4 0 4 4 4 4 4 4 0 0 5 5 6 7 5 6 4 1 4 4 4 4 4 4 0 0
Last Time Cost: 00000008 ms
Total Time Cost: 00001189 ms
Total Distance 248: 5 5 6 7 5 6 4 0 4 4 4 4 4 4 0 0 5 5 6 7 5 6 4 0 4 4 4 4 4 4 0 0 5 5 6 7 5 6 4 0 4 4 4 4 4 4 0 0 5 5 6 7 5 6 4 0 4 4 4 4 4 4 0 0
Last Time Cost: 00000015 ms
Total Time Cost: 00001204 ms
Total Distance 246: 5 5 6 7 5 6 4 0 4 4 4 4 4 4 0 0 5 5 6 7 5 6 4 0 4 4 4 3 4 4 0 0 5 5 6 7 5 6 4 0 4 4 4 4 4 4 0 0 5 5 6 7 5 6 4 0 4 4 4 3 4 4 0 0
Last Time Cost: 00000010 ms
Total Time Cost: 00001214 ms
Total Distance 244: 5 5 6 7 5 6 4 0 4 4 4 4 4 4 0 0 5 5 6 7 5 6 4 0 4 4 4 3 4 4 0 0 5 5 6 7 5 6 4 0 4 4 4 3 4 4 0 0 5 5 6 7 5 6 4 0 4 4 4 2 4 4 0 0
Last Time Cost: 00000010 ms
Total Time Cost: 00001224 ms
Total Distance 243: 5 5 6 7 5 6 4 0 4 4 4 4 4 4 0 0 5 5 6 7 5 6 4 0 4 4 4 3 4 4 0 0 5 5 6 7 5 6 4 0 4 4 4 3 4 4 0 0 5 5 6 7 5 6 4 0 4 4 4 1 4 4 0 0
Last Time Cost: 00000009 ms
Total Time Cost: 00001233 ms
Total Distance 242: 5 5 6 7 5 6 4 0 4 4 4 4 4 4 0 0 5 5 6 7 5 6 4 0 4 4 4 3 4 4 0 0 5 5 6 7 5 6 4 0 4 4 4 3 4 4 0 0 5 5 6 7 5 6 4 0 4 4 4 0 4 4 0 0
Last Time Cost: 00000010 ms
Total Time Cost: 00001243 ms
Total Distance 240: 5 5 6 7 5 6 4 0 4 4 4 3 4 4 0 0 5 5 6 7 5 6 4 0 4 4 4 2 4 4 0 0 5 5 6 7 5 6 4 0 4 4 4 3 4 4 0 0 5 5 6 7 5 6 4 0 4 4 4 0 4 4 0 0
Last Time Cost: 00000011 ms
Total Time Cost: 00001254 ms
Total Distance 239: 5 5 6 7 5 6 4 0 4 4 4 3 4 4 0 0 5 5 6 7 5 6 4 0 4 4 4 1 4 4 0 0 5 5 6 7 5 6 4 0 4 4 4 3 4 4 0 0 5 5 6 7 5 6 4 0 4 4 4 0 4 4 0 0
Last Time Cost: 00000011 ms
Total Time Cost: 00001265 ms
Total Distance 238: 5 5 6 7 5 6 4 0 4 4 4 3 4 4 0 0 5 5 6 7 5 6 4 0 4 4 4 0 4 4 0 0 5 5 6 7 5 6 4 0 4 4 4 3 4 4 0 0 5 5 6 7 5 6 4 0 4 4 4 0 4 4 0 0
Last Time Cost: 00000012 ms
Total Time Cost: 00001277 ms
Total Distance 236: 5 5 6 7 5 6 4 0 4 4 4 2 4 4 0 0 5 5 6 7 5 6 4 0 4 4 4 0 4 4 0 0 5 5 6 7 5 6 4 0 4 4 4 2 4 4 0 0 5 5 6 7 5 6 4 0 4 4 4 0 4 4 0 0
Last Time Cost: 00000011 ms
Total Time Cost: 00001288 ms
Total Distance 235: 5 5 6 7 5 6 4 0 4 4 4 2 4 4 0 0 5 5 6 7 5 6 4 0 4 4 4 0 4 4 0 0 5 5 6 7 5 6 4 0 4 4 4 1 4 4 0 0 5 5 6 7 5 6 4 0 4 4 4 0 4 4 0 0
Last Time Cost: 00000012 ms
Total Time Cost: 00001300 ms
Total Distance 234: 5 5 6 7 5 6 4 0 4 4 4 2 4 4 0 0 5 5 6 7 5 6 4 0 4 4 4 0 4 4 0 0 5 5 6 7 5 6 4 0 4 4 4 0 4 4 0 0 5 5 6 7 5 6 4 0 4 4 4 0 4 4 0 0
Last Time Cost: 00000012 ms
Total Time Cost: 00001312 ms
Total Distance 233: 5 5 6 7 5 6 4 0 4 4 4 1 4 4 0 0 5 5 6 7 5 6 4 0 4 4 4 0 4 4 0 0 5 5 6 7 5 6 4 0 4 4 4 0 4 4 0 0 5 5 6 7 5 6 4 0 4 4 4 0 4 4 0 0
Last Time Cost: 00000013 ms
Total Time Cost: 00001325 ms
Total Distance 232: 5 5 6 7 5 6 4 0 4 4 4 0 4 4 0 0 5 5 6 7 5 6 4 0 4 4 4 0 4 4 0 0 5 5 6 7 5 6 4 0 4 4 4 0 4 4 0 0 5 5 6 7 5 6 4 0 4 4 4 0 4 4 0 0
Last Time Cost: 00000030 ms
Total Time Cost: 00001355 ms
Total Distance 230: 5 5 6 7 5 6 4 0 4 4 4 0 4 4 0 0 5 5 6 7 5 6 4 0 4 4 3 0 4 4 0 0 5 5 6 7 5 6 4 0 4 4 4 0 4 4 0 0 5 5 6 7 5 6 4 0 4 4 3 0 4 4 0 0
Last Time Cost: 00000014 ms
Total Time Cost: 00001369 ms
Total Distance 228: 5 5 6 7 5 6 4 0 4 4 3 0 4 4 0 0 5 5 6 7 5 6 4 0 4 4 2 0 4 4 0 0 5 5 6 7 5 6 4 0 4 4 4 0 4 4 0 0 5 5 6 7 5 6 4 0 4 4 3 0 4 4 0 0
Last Time Cost: 00000014 ms
Total Time Cost: 00001383 ms
Total Distance 227: 5 5 6 7 5 6 4 0 4 4 3 0 4 4 0 0 5 5 6 7 5 6 4 0 4 4 1 0 4 4 0 0 5 5 6 7 5 6 4 0 4 4 4 0 4 4 0 0 5 5 6 7 5 6 4 0 4 4 3 0 4 4 0 0
Last Time Cost: 00000015 ms
Total Time Cost: 00001398 ms
Total Distance 226: 5 5 6 7 5 6 4 0 4 4 3 0 4 4 0 0 5 5 6 7 5 6 4 0 4 4 0 0 4 4 0 0 5 5 6 7 5 6 4 0 4 4 4 0 4 4 0 0 5 5 6 7 5 6 4 0 4 4 3 0 4 4 0 0
Last Time Cost: 00000015 ms
Total Time Cost: 00001413 ms
Total Distance 224: 5 5 6 7 5 6 4 0 4 4 3 0 4 4 0 0 5 5 6 7 5 6 4 0 4 4 0 0 4 4 0 0 5 5 6 7 5 6 4 0 4 4 3 0 4 4 0 0 5 5 6 7 5 6 4 0 4 4 2 0 4 4 0 0
Last Time Cost: 00000015 ms
Total Time Cost: 00001428 ms
Total Distance 223: 5 5 6 7 5 6 4 0 4 4 3 0 4 4 0 0 5 5 6 7 5 6 4 0 4 4 0 0 4 4 0 0 5 5 6 7 5 6 4 0 4 4 3 0 4 4 0 0 5 5 6 7 5 6 4 0 4 4 1 0 4 4 0 0
Last Time Cost: 00000015 ms
Total Time Cost: 00001443 ms
Total Distance 222: 5 5 6 7 5 6 4 0 4 4 3 0 4 4 0 0 5 5 6 7 5 6 4 0 4 4 0 0 4 4 0 0 5 5 6 7 5 6 4 0 4 4 3 0 4 4 0 0 5 5 6 7 5 6 4 0 4 4 0 0 4 4 0 0
Last Time Cost: 00000016 ms
Total Time Cost: 00001459 ms
Total Distance 220: 5 5 6 7 5 6 4 0 4 4 2 0 4 4 0 0 5 5 6 7 5 6 4 0 4 4 0 0 4 4 0 0 5 5 6 7 5 6 4 0 4 4 2 0 4 4 0 0 5 5 6 7 5 6 4 0 4 4 0 0 4 4 0 0
Last Time Cost: 00000016 ms
Total Time Cost: 00001475 ms
Total Distance 219: 5 5 6 7 5 6 4 0 4 4 1 0 4 4 0 0 5 5 6 7 5 6 4 0 4 4 0 0 4 4 0 0 5 5 6 7 5 6 4 0 4 4 2 0 4 4 0 0 5 5 6 7 5 6 4 0 4 4 0 0 4 4 0 0
Last Time Cost: 00000016 ms
Total Time Cost: 00001491 ms
Total Distance 218: 5 5 6 7 5 6 4 0 4 4 0 0 4 4 0 0 5 5 6 7 5 6 4 0 4 4 0 0 4 4 0 0 5 5 6 7 5 6 4 0 4 4 2 0 4 4 0 0 5 5 6 7 5 6 4 0 4 4 0 0 4 4 0 0
Last Time Cost: 00000027 ms
Total Time Cost: 00001518 ms
Total Distance 217: 5 5 6 7 5 6 4 0 4 4 0 0 4 4 0 0 5 5 6 7 5 6 4 0 4 4 0 0 4 4 0 0 5 5 6 7 5 6 4 0 4 4 1 0 4 4 0 0 5 5 6 7 5 6 4 0 4 4 0 0 4 4 0 0
Last Time Cost: 00000016 ms
Total Time Cost: 00001534 ms
Total Distance 216: 5 5 6 7 5 6 4 0 4 4 0 0 4 4 0 0 5 5 6 7 5 6 4 0 4 4 0 0 4 4 0 0 5 5 6 7 5 6 4 0 4 4 0 0 4 4 0 0 5 5 6 7 5 6 4 0 4 4 0 0 4 4 0 0
Last Time Cost: 00000035 ms
Total Time Cost: 00001569 ms
Total Distance 214: 5 5 6 7 5 6 4 0 4 4 0 0 3 4 0 0 5 5 6 7 5 6 4 0 4 4 0 0 3 4 0 0 5 5 6 7 5 6 4 0 4 4 0 0 4 4 0 0 5 5 6 7 5 6 4 0 4 4 0 0 4 4 0 0
Last Time Cost: 00000020 ms
Total Time Cost: 00001589 ms
Total Distance 212: 5 5 6 7 5 6 4 0 4 4 0 0 3 4 0 0 5 5 6 7 5 6 4 0 4 4 0 0 2 4 0 0 5 5 6 7 5 6 4 0 4 4 0 0 4 4 0 0 5 5 6 7 5 6 4 0 4 4 0 0 3 4 0 0
Last Time Cost: 00000019 ms
Total Time Cost: 00001608 ms
Total Distance 211: 5 5 6 7 5 6 4 0 4 4 0 0 3 4 0 0 5 5 6 7 5 6 4 0 4 4 0 0 1 4 0 0 5 5 6 7 5 6 4 0 4 4 0 0 4 4 0 0 5 5 6 7 5 6 4 0 4 4 0 0 3 4 0 0
Last Time Cost: 00000019 ms
Total Time Cost: 00001627 ms
Total Distance 210: 5 5 6 7 5 6 4 0 4 4 0 0 3 4 0 0 5 5 6 7 5 6 4 0 4 4 0 0 0 4 0 0 5 5 6 7 5 6 4 0 4 4 0 0 4 4 0 0 5 5 6 7 5 6 4 0 4 4 0 0 3 4 0 0
Last Time Cost: 00000022 ms
Total Time Cost: 00001649 ms
Total Distance 208: 5 5 6 7 5 6 4 0 4 4 0 0 2 4 0 0 5 5 6 7 5 6 4 0 4 4 0 0 0 4 0 0 5 5 6 7 5 6 4 0 4 4 0 0 3 4 0 0 5 5 6 7 5 6 4 0 4 4 0 0 3 4 0 0
Last Time Cost: 00000023 ms
Total Time Cost: 00001672 ms
Total Distance 207: 5 5 6 7 5 6 4 0 4 4 0 0 1 4 0 0 5 5 6 7 5 6 4 0 4 4 0 0 0 4 0 0 5 5 6 7 5 6 4 0 4 4 0 0 3 4 0 0 5 5 6 7 5 6 4 0 4 4 0 0 3 4 0 0
Last Time Cost: 00000021 ms
Total Time Cost: 00001693 ms
Total Distance 206: 5 5 6 7 5 6 4 0 4 4 0 0 0 4 0 0 5 5 6 7 5 6 4 0 4 4 0 0 0 4 0 0 5 5 6 7 5 6 4 0 4 4 0 0 3 4 0 0 5 5 6 7 5 6 4 0 4 4 0 0 3 4 0 0
Last Time Cost: 00000030 ms
Total Time Cost: 00001723 ms
Total Distance 204: 5 5 6 7 5 6 4 0 4 4 0 0 0 4 0 0 5 5 6 7 5 6 4 0 4 4 0 0 0 4 0 0 5 5 6 7 5 6 4 0 4 4 0 0 2 4 0 0 5 5 6 7 5 6 4 0 4 4 0 0 2 4 0 0
Last Time Cost: 00000022 ms
Total Time Cost: 00001745 ms
Total Distance 203: 5 5 6 7 5 6 4 0 4 4 0 0 0 4 0 0 5 5 6 7 5 6 4 0 4 4 0 0 0 4 0 0 5 5 6 7 5 6 4 0 4 4 0 0 1 4 0 0 5 5 6 7 5 6 4 0 4 4 0 0 2 4 0 0
Last Time Cost: 00000023 ms
Total Time Cost: 00001768 ms
Total Distance 202: 5 5 6 7 5 6 4 0 4 4 0 0 0 4 0 0 5 5 6 7 5 6 4 0 4 4 0 0 0 4 0 0 5 5 6 7 5 6 4 0 4 4 0 0 0 4 0 0 5 5 6 7 5 6 4 0 4 4 0 0 2 4 0 0
Last Time Cost: 00000024 ms
Total Time Cost: 00001792 ms
Total Distance 201: 5 5 6 7 5 6 4 0 4 4 0 0 0 4 0 0 5 5 6 7 5 6 4 0 4 4 0 0 0 4 0 0 5 5 6 7 5 6 4 0 4 4 0 0 0 4 0 0 5 5 6 7 5 6 4 0 4 4 0 0 1 4 0 0
Last Time Cost: 00000024 ms
Total Time Cost: 00001816 ms
Total Distance 200: 5 5 6 7 5 6 4 0 4 4 0 0 0 4 0 0 5 5 6 7 5 6 4 0 4 4 0 0 0 4 0 0 5 5 6 7 5 6 4 0 4 4 0 0 0 4 0 0 5 5 6 7 5 6 4 0 4 4 0 0 0 4 0 0
Last Time Cost: 00000040 ms
Total Time Cost: 00001856 ms
Total Distance 198: 5 5 6 7 5 6 3 0 4 4 0 0 0 4 0 0 5 5 6 7 5 6 3 0 4 4 0 0 0 4 0 0 5 5 6 7 5 6 4 0 4 4 0 0 0 4 0 0 5 5 6 7 5 6 4 0 4 4 0 0 0 4 0 0
Last Time Cost: 00000037 ms
Total Time Cost: 00001893 ms
Total Distance 196: 5 5 6 7 5 6 3 0 4 4 0 0 0 4 0 0 5 5 6 7 5 6 2 0 4 4 0 0 0 4 0 0 5 5 6 7 5 6 4 0 4 4 0 0 0 4 0 0 5 5 6 7 5 6 3 0 4 4 0 0 0 4 0 0
Last Time Cost: 00000023 ms
Total Time Cost: 00001916 ms
Total Distance 195: 5 5 6 7 5 6 3 0 4 4 0 0 0 4 0 0 5 5 6 7 5 6 1 0 4 4 0 0 0 4 0 0 5 5 6 7 5 6 4 0 4 4 0 0 0 4 0 0 5 5 6 7 5 6 3 0 4 4 0 0 0 4 0 0
Last Time Cost: 00000024 ms
Total Time Cost: 00001940 ms
Total Distance 194: 5 5 6 7 5 6 3 0 4 4 0 0 0 4 0 0 5 5 6 7 5 6 0 0 4 4 0 0 0 4 0 0 5 5 6 7 5 6 4 0 4 4 0 0 0 4 0 0 5 5 6 7 5 6 3 0 4 4 0 0 0 4 0 0
Last Time Cost: 00000024 ms
Total Time Cost: 00001964 ms
Total Distance 192: 5 5 6 7 5 6 2 0 4 4 0 0 0 4 0 0 5 5 6 7 5 6 0 0 4 4 0 0 0 4 0 0 5 5 6 7 5 6 3 0 4 4 0 0 0 4 0 0 5 5 6 7 5 6 3 0 4 4 0 0 0 4 0 0
Last Time Cost: 00000030 ms
Total Time Cost: 00001994 ms
Total Distance 191: 5 5 6 7 5 6 1 0 4 4 0 0 0 4 0 0 5 5 6 7 5 6 0 0 4 4 0 0 0 4 0 0 5 5 6 7 5 6 3 0 4 4 0 0 0 4 0 0 5 5 6 7 5 6 3 0 4 4 0 0 0 4 0 0
Last Time Cost: 00000025 ms
Total Time Cost: 00002019 ms
Total Distance 190: 5 5 6 7 5 6 0 0 4 4 0 0 0 4 0 0 5 5 6 7 5 6 0 0 4 4 0 0 0 4 0 0 5 5 6 7 5 6 3 0 4 4 0 0 0 4 0 0 5 5 6 7 5 6 3 0 4 4 0 0 0 4 0 0
Last Time Cost: 00000035 ms
Total Time Cost: 00002054 ms
Total Distance 188: 5 5 6 7 5 6 0 0 4 4 0 0 0 4 0 0 5 5 6 7 5 6 0 0 4 4 0 0 0 4 0 0 5 5 6 7 5 6 2 0 4 4 0 0 0 4 0 0 5 5 6 7 5 6 2 0 4 4 0 0 0 4 0 0
Last Time Cost: 00000026 ms
Total Time Cost: 00002080 ms
Total Distance 187: 5 5 6 7 5 6 0 0 4 4 0 0 0 4 0 0 5 5 6 7 5 6 0 0 4 4 0 0 0 4 0 0 5 5 6 7 5 6 1 0 4 4 0 0 0 4 0 0 5 5 6 7 5 6 2 0 4 4 0 0 0 4 0 0
Last Time Cost: 00000027 ms
Total Time Cost: 00002107 ms
Total Distance 186: 5 5 6 7 5 6 0 0 4 4 0 0 0 4 0 0 5 5 6 7 5 6 0 0 4 4 0 0 0 4 0 0 5 5 6 7 5 6 0 0 4 4 0 0 0 4 0 0 5 5 6 7 5 6 2 0 4 4 0 0 0 4 0 0
Last Time Cost: 00000028 ms
Total Time Cost: 00002135 ms
Total Distance 185: 5 5 6 7 5 6 0 0 4 4 0 0 0 4 0 0 5 5 6 7 5 6 0 0 4 4 0 0 0 4 0 0 5 5 6 7 5 6 0 0 4 4 0 0 0 4 0 0 5 5 6 7 5 6 1 0 4 4 0 0 0 4 0 0
Last Time Cost: 00000026 ms
Total Time Cost: 00002161 ms
Total Distance 184: 5 5 6 7 5 6 0 0 4 4 0 0 0 4 0 0 5 5 6 7 5 6 0 0 4 4 0 0 0 4 0 0 5 5 6 7 5 6 0 0 4 4 0 0 0 4 0 0 5 5 6 7 5 6 0 0 4 4 0 0 0 4 0 0
Last Time Cost: 00000046 ms
Total Time Cost: 00002207 ms
Total Distance 182: 5 5 6 7 5 6 0 0 4 4 0 0 0 4 0 0 5 5 6 7 5 6 0 0 4 4 0 0 0 3 0 0 5 5 6 7 5 6 0 0 4 4 0 0 0 4 0 0 5 5 6 7 5 6 0 0 4 4 0 0 0 3 0 0
Last Time Cost: 00000043 ms
Total Time Cost: 00002250 ms
Total Distance 180: 5 5 6 7 5 6 0 0 4 4 0 0 0 4 0 0 5 5 6 7 5 6 0 0 4 4 0 0 0 3 0 0 5 5 6 7 5 6 0 0 4 4 0 0 0 3 0 0 5 5 6 7 5 6 0 0 4 4 0 0 0 2 0 0
Last Time Cost: 00000030 ms
Total Time Cost: 00002280 ms
Total Distance 179: 5 5 6 7 5 6 0 0 4 4 0 0 0 4 0 0 5 5 6 7 5 6 0 0 4 4 0 0 0 3 0 0 5 5 6 7 5 6 0 0 4 4 0 0 0 3 0 0 5 5 6 7 5 6 0 0 4 4 0 0 0 1 0 0
Last Time Cost: 00000031 ms
Total Time Cost: 00002311 ms
Total Distance 178: 5 5 6 7 5 6 0 0 4 4 0 0 0 4 0 0 5 5 6 7 5 6 0 0 4 4 0 0 0 3 0 0 5 5 6 7 5 6 0 0 4 4 0 0 0 3 0 0 5 5 6 7 5 6 0 0 4 4 0 0 0 0 0 0
Last Time Cost: 00000037 ms
Total Time Cost: 00002348 ms
Total Distance 176: 5 5 6 7 5 6 0 0 4 4 0 0 0 3 0 0 5 5 6 7 5 6 0 0 4 4 0 0 0 2 0 0 5 5 6 7 5 6 0 0 4 4 0 0 0 3 0 0 5 5 6 7 5 6 0 0 4 4 0 0 0 0 0 0
Last Time Cost: 00000033 ms
Total Time Cost: 00002381 ms
Total Distance 175: 5 5 6 7 5 6 0 0 4 4 0 0 0 3 0 0 5 5 6 7 5 6 0 0 4 4 0 0 0 1 0 0 5 5 6 7 5 6 0 0 4 4 0 0 0 3 0 0 5 5 6 7 5 6 0 0 4 4 0 0 0 0 0 0
Last Time Cost: 00000034 ms
Total Time Cost: 00002415 ms
Total Distance 174: 5 5 6 7 5 6 0 0 4 4 0 0 0 3 0 0 5 5 6 7 5 6 0 0 4 4 0 0 0 0 0 0 5 5 6 7 5 6 0 0 4 4 0 0 0 3 0 0 5 5 6 7 5 6 0 0 4 4 0 0 0 0 0 0
Last Time Cost: 00000051 ms
Total Time Cost: 00002466 ms
Total Distance 172: 5 5 6 7 5 6 0 0 4 4 0 0 0 2 0 0 5 5 6 7 5 6 0 0 4 4 0 0 0 0 0 0 5 5 6 7 5 6 0 0 4 4 0 0 0 2 0 0 5 5 6 7 5 6 0 0 4 4 0 0 0 0 0 0
Last Time Cost: 00000032 ms
Total Time Cost: 00002498 ms
Total Distance 171: 5 5 6 7 5 6 0 0 4 4 0 0 0 2 0 0 5 5 6 7 5 6 0 0 4 4 0 0 0 0 0 0 5 5 6 7 5 6 0 0 4 4 0 0 0 1 0 0 5 5 6 7 5 6 0 0 4 4 0 0 0 0 0 0
Last Time Cost: 00000036 ms
Total Time Cost: 00002534 ms
Total Distance 170: 5 5 6 7 5 6 0 0 4 4 0 0 0 2 0 0 5 5 6 7 5 6 0 0 4 4 0 0 0 0 0 0 5 5 6 7 5 6 0 0 4 4 0 0 0 0 0 0 5 5 6 7 5 6 0 0 4 4 0 0 0 0 0 0
Last Time Cost: 00000039 ms
Total Time Cost: 00002573 ms
Total Distance 169: 5 5 6 7 5 6 0 0 4 4 0 0 0 1 0 0 5 5 6 7 5 6 0 0 4 4 0 0 0 0 0 0 5 5 6 7 5 6 0 0 4 4 0 0 0 0 0 0 5 5 6 7 5 6 0 0 4 4 0 0 0 0 0 0
Last Time Cost: 00000036 ms
Total Time Cost: 00002609 ms
Total Distance 168: 5 5 6 7 5 6 0 0 4 4 0 0 0 0 0 0 5 5 6 7 5 6 0 0 4 4 0 0 0 0 0 0 5 5 6 7 5 6 0 0 4 4 0 0 0 0 0 0 5 5 6 7 5 6 0 0 4 4 0 0 0 0 0 0
Last Time Cost: 00000060 ms
Total Time Cost: 00002669 ms
Total Distance 166: 5 5 6 7 5 6 0 0 3 4 0 0 0 0 0 0 5 5 6 7 5 6 0 0 4 4 0 0 0 0 0 0 5 5 6 7 5 6 0 0 3 4 0 0 0 0 0 0 5 5 6 7 5 6 0 0 4 4 0 0 0 0 0 0
Last Time Cost: 00000038 ms
Total Time Cost: 00002707 ms
Total Distance 164: 5 5 6 7 5 6 0 0 3 4 0 0 0 0 0 0 5 5 6 7 5 6 0 0 4 4 0 0 0 0 0 0 5 5 6 7 5 6 0 0 2 4 0 0 0 0 0 0 5 5 6 7 5 6 0 0 3 4 0 0 0 0 0 0
Last Time Cost: 00000037 ms
Total Time Cost: 00002744 ms
Total Distance 163: 5 5 6 7 5 6 0 0 3 4 0 0 0 0 0 0 5 5 6 7 5 6 0 0 4 4 0 0 0 0 0 0 5 5 6 7 5 6 0 0 1 4 0 0 0 0 0 0 5 5 6 7 5 6 0 0 3 4 0 0 0 0 0 0
Last Time Cost: 00000037 ms
Total Time Cost: 00002781 ms
Total Distance 162: 5 5 6 7 5 6 0 0 3 4 0 0 0 0 0 0 5 5 6 7 5 6 0 0 4 4 0 0 0 0 0 0 5 5 6 7 5 6 0 0 0 4 0 0 0 0 0 0 5 5 6 7 5 6 0 0 3 4 0 0 0 0 0 0
Last Time Cost: 00000055 ms
Total Time Cost: 00002836 ms
Total Distance 160: 5 5 6 7 5 6 0 0 3 4 0 0 0 0 0 0 5 5 6 7 5 6 0 0 3 4 0 0 0 0 0 0 5 5 6 7 5 6 0 0 0 4 0 0 0 0 0 0 5 5 6 7 5 6 0 0 2 4 0 0 0 0 0 0
Last Time Cost: 00000038 ms
Total Time Cost: 00002874 ms
Total Distance 159: 5 5 6 7 5 6 0 0 3 4 0 0 0 0 0 0 5 5 6 7 5 6 0 0 3 4 0 0 0 0 0 0 5 5 6 7 5 6 0 0 0 4 0 0 0 0 0 0 5 5 6 7 5 6 0 0 1 4 0 0 0 0 0 0
Last Time Cost: 00000038 ms
Total Time Cost: 00002912 ms
Total Distance 158: 5 5 6 7 5 6 0 0 3 4 0 0 0 0 0 0 5 5 6 7 5 6 0 0 3 4 0 0 0 0 0 0 5 5 6 7 5 6 0 0 0 4 0 0 0 0 0 0 5 5 6 7 5 6 0 0 0 4 0 0 0 0 0 0
Last Time Cost: 00000043 ms
Total Time Cost: 00002955 ms
Total Distance 156: 5 5 6 7 5 6 0 0 2 4 0 0 0 0 0 0 5 5 6 7 5 6 0 0 2 4 0 0 0 0 0 0 5 5 6 7 5 6 0 0 0 4 0 0 0 0 0 0 5 5 6 7 5 6 0 0 0 4 0 0 0 0 0 0
Last Time Cost: 00000051 ms
Total Time Cost: 00003006 ms
Total Distance 155: 5 5 6 7 5 6 0 0 2 4 0 0 0 0 0 0 5 5 6 7 5 6 0 0 1 4 0 0 0 0 0 0 5 5 6 7 5 6 0 0 0 4 0 0 0 0 0 0 5 5 6 7 5 6 0 0 0 4 0 0 0 0 0 0
Last Time Cost: 00000043 ms
Total Time Cost: 00003049 ms
Total Distance 154: 5 5 6 7 5 6 0 0 2 4 0 0 0 0 0 0 5 5 6 7 5 6 0 0 0 4 0 0 0 0 0 0 5 5 6 7 5 6 0 0 0 4 0 0 0 0 0 0 5 5 6 7 5 6 0 0 0 4 0 0 0 0 0 0
Last Time Cost: 00000044 ms
Total Time Cost: 00003093 ms
Total Distance 153: 5 5 6 7 5 6 0 0 1 4 0 0 0 0 0 0 5 5 6 7 5 6 0 0 0 4 0 0 0 0 0 0 5 5 6 7 5 6 0 0 0 4 0 0 0 0 0 0 5 5 6 7 5 6 0 0 0 4 0 0 0 0 0 0
Last Time Cost: 00000043 ms
Total Time Cost: 00003136 ms
Total Distance 152: 5 5 6 7 5 6 0 0 0 4 0 0 0 0 0 0 5 5 6 7 5 6 0 0 0 4 0 0 0 0 0 0 5 5 6 7 5 6 0 0 0 4 0 0 0 0 0 0 5 5 6 7 5 6 0 0 0 4 0 0 0 0 0 0
Last Time Cost: 00000068 ms
Total Time Cost: 00003204 ms
Total Distance 150: 5 5 6 7 5 6 0 0 0 3 0 0 0 0 0 0 5 5 6 7 5 6 0 0 0 3 0 0 0 0 0 0 5 5 6 7 5 6 0 0 0 4 0 0 0 0 0 0 5 5 6 7 5 6 0 0 0 4 0 0 0 0 0 0
Last Time Cost: 00000047 ms
Total Time Cost: 00003251 ms
Total Distance 148: 5 5 6 7 5 6 0 0 0 2 0 0 0 0 0 0 5 5 6 7 5 6 0 0 0 3 0 0 0 0 0 0 5 5 6 7 5 6 0 0 0 3 0 0 0 0 0 0 5 5 6 7 5 6 0 0 0 4 0 0 0 0 0 0
Last Time Cost: 00000048 ms
Total Time Cost: 00003299 ms
Total Distance 147: 5 5 6 7 5 6 0 0 0 1 0 0 0 0 0 0 5 5 6 7 5 6 0 0 0 3 0 0 0 0 0 0 5 5 6 7 5 6 0 0 0 3 0 0 0 0 0 0 5 5 6 7 5 6 0 0 0 4 0 0 0 0 0 0
Last Time Cost: 00000046 ms
Total Time Cost: 00003345 ms
Total Distance 146: 5 5 6 7 5 6 0 0 0 0 0 0 0 0 0 0 5 5 6 7 5 6 0 0 0 3 0 0 0 0 0 0 5 5 6 7 5 6 0 0 0 3 0 0 0 0 0 0 5 5 6 7 5 6 0 0 0 4 0 0 0 0 0 0
Last Time Cost: 00000064 ms
Total Time Cost: 00003409 ms
Total Distance 144: 5 5 6 7 5 6 0 0 0 0 0 0 0 0 0 0 5 5 6 7 5 6 0 0 0 2 0 0 0 0 0 0 5 5 6 7 5 6 0 0 0 3 0 0 0 0 0 0 5 5 6 7 5 6 0 0 0 3 0 0 0 0 0 0
Last Time Cost: 00000046 ms
Total Time Cost: 00003455 ms
Total Distance 143: 5 5 6 7 5 6 0 0 0 0 0 0 0 0 0 0 5 5 6 7 5 6 0 0 0 1 0 0 0 0 0 0 5 5 6 7 5 6 0 0 0 3 0 0 0 0 0 0 5 5 6 7 5 6 0 0 0 3 0 0 0 0 0 0
Last Time Cost: 00000047 ms
Total Time Cost: 00003502 ms
Total Distance 142: 5 5 6 7 5 6 0 0 0 0 0 0 0 0 0 0 5 5 6 7 5 6 0 0 0 0 0 0 0 0 0 0 5 5 6 7 5 6 0 0 0 3 0 0 0 0 0 0 5 5 6 7 5 6 0 0 0 3 0 0 0 0 0 0
Last Time Cost: 00000059 ms
Total Time Cost: 00003561 ms
Total Distance 140: 5 5 6 7 5 6 0 0 0 0 0 0 0 0 0 0 5 5 6 7 5 6 0 0 0 0 0 0 0 0 0 0 5 5 6 7 5 6 0 0 0 2 0 0 0 0 0 0 5 5 6 7 5 6 0 0 0 2 0 0 0 0 0 0
Last Time Cost: 00000064 ms
Total Time Cost: 00003625 ms
Total Distance 139: 5 5 6 7 5 6 0 0 0 0 0 0 0 0 0 0 5 5 6 7 5 6 0 0 0 0 0 0 0 0 0 0 5 5 6 7 5 6 0 0 0 1 0 0 0 0 0 0 5 5 6 7 5 6 0 0 0 2 0 0 0 0 0 0
Last Time Cost: 00000053 ms
Total Time Cost: 00003678 ms
Total Distance 138: 5 5 6 7 5 6 0 0 0 0 0 0 0 0 0 0 5 5 6 7 5 6 0 0 0 0 0 0 0 0 0 0 5 5 6 7 5 6 0 0 0 0 0 0 0 0 0 0 5 5 6 7 5 6 0 0 0 2 0 0 0 0 0 0
Last Time Cost: 00000054 ms
Total Time Cost: 00003732 ms
Total Distance 137: 5 5 6 7 5 6 0 0 0 0 0 0 0 0 0 0 5 5 6 7 5 6 0 0 0 0 0 0 0 0 0 0 5 5 6 7 5 6 0 0 0 0 0 0 0 0 0 0 5 5 6 7 5 6 0 0 0 1 0 0 0 0 0 0
Last Time Cost: 00000054 ms
Total Time Cost: 00003786 ms
Total Distance 136: 5 5 6 7 5 6 0 0 0 0 0 0 0 0 0 0 5 5 6 7 5 6 0 0 0 0 0 0 0 0 0 0 5 5 6 7 5 6 0 0 0 0 0 0 0 0 0 0 5 5 6 7 5 6 0 0 0 0 0 0 0 0 0 0
Last Time Cost: 00000168 ms
Total Time Cost: 00003954 ms
Total Distance 128: 4 5 5 6 5 5 0 0 0 0 0 0 0 0 0 0 5 5 6 7 5 6 0 0 0 0 0 0 0 0 0 0 4 5 5 6 5 5 0 0 0 0 0 0 0 0 0 0 5 5 6 7 5 6 0 0 0 0 0 0 0 0 0 0
Last Time Cost: 00000053 ms
Total Time Cost: 00004007 ms
Total Distance 125: 3 5 5 5 5 5 0 0 0 0 0 0 0 0 0 0 4 5 6 7 5 6 0 0 0 0 0 0 0 0 0 0 4 5 5 6 5 5 0 0 0 0 0 0 0 0 0 0 5 5 6 7 5 6 0 0 0 0 0 0 0 0 0 0
Last Time Cost: 00000056 ms
Total Time Cost: 00004063 ms
Total Distance 123: 2 5 5 5 5 5 0 0 0 0 0 0 0 0 0 0 3 5 6 7 5 6 0 0 0 0 0 0 0 0 0 0 4 5 5 6 5 5 0 0 0 0 0 0 0 0 0 0 5 5 6 7 5 6 0 0 0 0 0 0 0 0 0 0
Last Time Cost: 00000067 ms
Total Time Cost: 00004130 ms
Total Distance 122: 1 5 5 5 5 5 0 0 0 0 0 0 0 0 0 0 3 5 6 7 5 6 0 0 0 0 0 0 0 0 0 0 4 5 5 6 5 5 0 0 0 0 0 0 0 0 0 0 5 5 6 7 5 6 0 0 0 0 0 0 0 0 0 0
Last Time Cost: 00000055 ms
Total Time Cost: 00004185 ms
Total Distance 121: 0 5 5 5 5 5 0 0 0 0 0 0 0 0 0 0 3 5 6 7 5 6 0 0 0 0 0 0 0 0 0 0 4 5 5 6 5 5 0 0 0 0 0 0 0 0 0 0 5 5 6 7 5 6 0 0 0 0 0 0 0 0 0 0
Last Time Cost: 00000060 ms
Total Time Cost: 00004245 ms
Total Distance 113: 0 5 5 5 5 5 0 0 0 0 0 0 0 0 0 0 2 5 5 6 5 5 0 0 0 0 0 0 0 0 0 0 4 5 5 6 5 5 0 0 0 0 0 0 0 0 0 0 4 5 5 6 5 5 0 0 0 0 0 0 0 0 0 0
Last Time Cost: 00000066 ms
Total Time Cost: 00004311 ms
Total Distance 110: 0 5 5 5 5 5 0 0 0 0 0 0 0 0 0 0 1 5 5 6 5 5 0 0 0 0 0 0 0 0 0 0 4 5 5 6 5 5 0 0 0 0 0 0 0 0 0 0 3 5 5 5 5 5 0 0 0 0 0 0 0 0 0 0
Last Time Cost: 00000056 ms
Total Time Cost: 00004367 ms
Total Distance 109: 0 5 5 5 5 5 0 0 0 0 0 0 0 0 0 0 0 5 5 6 5 5 0 0 0 0 0 0 0 0 0 0 4 5 5 6 5 5 0 0 0 0 0 0 0 0 0 0 3 5 5 5 5 5 0 0 0 0 0 0 0 0 0 0
Last Time Cost: 00000060 ms
Total Time Cost: 00004427 ms
Total Distance 107: 0 5 5 5 5 5 0 0 0 0 0 0 0 0 0 0 0 5 5 6 5 5 0 0 0 0 0 0 0 0 0 0 3 5 5 6 5 5 0 0 0 0 0 0 0 0 0 0 2 5 5 5 5 5 0 0 0 0 0 0 0 0 0 0
Last Time Cost: 00000067 ms
Total Time Cost: 00004494 ms
Total Distance 106: 0 5 5 5 5 5 0 0 0 0 0 0 0 0 0 0 0 5 5 6 5 5 0 0 0 0 0 0 0 0 0 0 3 5 5 6 5 5 0 0 0 0 0 0 0 0 0 0 1 5 5 5 5 5 0 0 0 0 0 0 0 0 0 0
Last Time Cost: 00000062 ms
Total Time Cost: 00004556 ms
Total Distance 105: 0 5 5 5 5 5 0 0 0 0 0 0 0 0 0 0 0 5 5 6 5 5 0 0 0 0 0 0 0 0 0 0 3 5 5 6 5 5 0 0 0 0 0 0 0 0 0 0 0 5 5 5 5 5 0 0 0 0 0 0 0 0 0 0
Last Time Cost: 00000059 ms
Total Time Cost: 00004615 ms
Total Distance 103: 0 5 5 5 5 5 0 0 0 0 0 0 0 0 0 0 0 5 5 6 5 5 0 0 0 0 0 0 0 0 0 0 2 5 5 5 5 5 0 0 0 0 0 0 0 0 0 0 0 5 5 5 5 5 0 0 0 0 0 0 0 0 0 0
Last Time Cost: 00000073 ms
Total Time Cost: 00004688 ms
Total Distance 102: 0 5 5 5 5 5 0 0 0 0 0 0 0 0 0 0 0 5 5 6 5 5 0 0 0 0 0 0 0 0 0 0 1 5 5 5 5 5 0 0 0 0 0 0 0 0 0 0 0 5 5 5 5 5 0 0 0 0 0 0 0 0 0 0
Last Time Cost: 00000062 ms
Total Time Cost: 00004750 ms
Total Distance 101: 0 5 5 5 5 5 0 0 0 0 0 0 0 0 0 0 0 5 5 6 5 5 0 0 0 0 0 0 0 0 0 0 0 5 5 5 5 5 0 0 0 0 0 0 0 0 0 0 0 5 5 5 5 5 0 0 0 0 0 0 0 0 0 0
Last Time Cost: 00000252 ms
Total Time Cost: 00005002 ms
Total Distance 98: 0 5 5 5 5 5 0 0 0 0 0 0 0 0 0 0 0 5 5 6 5 5 0 0 0 0 0 0 0 0 0 0 0 4 5 5 5 5 0 0 0 0 0 0 0 0 0 0 0 4 5 5 4 5 0 0 0 0 0 0 0 0 0 0
Last Time Cost: 00000065 ms
Total Time Cost: 00005067 ms
Total Distance 96: 0 5 5 5 5 5 0 0 0 0 0 0 0 0 0 0 0 5 5 6 5 5 0 0 0 0 0 0 0 0 0 0 0 3 5 5 5 5 0 0 0 0 0 0 0 0 0 0 0 3 5 5 4 5 0 0 0 0 0 0 0 0 0 0
Last Time Cost: 00000066 ms
Total Time Cost: 00005133 ms
Total Distance 94: 0 5 5 5 5 5 0 0 0 0 0 0 0 0 0 0 0 4 5 6 5 5 0 0 0 0 0 0 0 0 0 0 0 2 5 5 5 5 0 0 0 0 0 0 0 0 0 0 0 3 5 5 4 5 0 0 0 0 0 0 0 0 0 0
Last Time Cost: 00000073 ms
Total Time Cost: 00005206 ms
Total Distance 93: 0 5 5 5 5 5 0 0 0 0 0 0 0 0 0 0 0 4 5 6 5 5 0 0 0 0 0 0 0 0 0 0 0 1 5 5 5 5 0 0 0 0 0 0 0 0 0 0 0 3 5 5 4 5 0 0 0 0 0 0 0 0 0 0
Last Time Cost: 00000069 ms
Total Time Cost: 00005275 ms
Total Distance 92: 0 5 5 5 5 5 0 0 0 0 0 0 0 0 0 0 0 4 5 6 5 5 0 0 0 0 0 0 0 0 0 0 0 0 5 5 5 5 0 0 0 0 0 0 0 0 0 0 0 3 5 5 4 5 0 0 0 0 0 0 0 0 0 0
Last Time Cost: 00000068 ms
Total Time Cost: 00005343 ms
Total Distance 90: 0 4 5 5 5 5 0 0 0 0 0 0 0 0 0 0 0 4 5 6 5 5 0 0 0 0 0 0 0 0 0 0 0 0 5 5 5 5 0 0 0 0 0 0 0 0 0 0 0 2 5 5 4 5 0 0 0 0 0 0 0 0 0 0
Last Time Cost: 00000078 ms
Total Time Cost: 00005421 ms
Total Distance 89: 0 4 5 5 5 5 0 0 0 0 0 0 0 0 0 0 0 4 5 6 5 5 0 0 0 0 0 0 0 0 0 0 0 0 5 5 5 5 0 0 0 0 0 0 0 0 0 0 0 1 5 5 4 5 0 0 0 0 0 0 0 0 0 0
Last Time Cost: 00000068 ms
Total Time Cost: 00005489 ms
Total Distance 88: 0 4 5 5 5 5 0 0 0 0 0 0 0 0 0 0 0 4 5 6 5 5 0 0 0 0 0 0 0 0 0 0 0 0 5 5 5 5 0 0 0 0 0 0 0 0 0 0 0 0 5 5 4 5 0 0 0 0 0 0 0 0 0 0
Last Time Cost: 00000076 ms
Total Time Cost: 00005565 ms
Total Distance 85: 0 3 5 5 4 5 0 0 0 0 0 0 0 0 0 0 0 3 5 6 5 5 0 0 0 0 0 0 0 0 0 0 0 0 5 5 5 5 0 0 0 0 0 0 0 0 0 0 0 0 5 5 4 5 0 0 0 0 0 0 0 0 0 0
Last Time Cost: 00000081 ms
Total Time Cost: 00005646 ms
Total Distance 83: 0 2 5 5 4 5 0 0 0 0 0 0 0 0 0 0 0 2 5 6 5 5 0 0 0 0 0 0 0 0 0 0 0 0 5 5 5 5 0 0 0 0 0 0 0 0 0 0 0 0 5 5 4 5 0 0 0 0 0 0 0 0 0 0
Last Time Cost: 00000075 ms
Total Time Cost: 00005721 ms
Total Distance 82: 0 1 5 5 4 5 0 0 0 0 0 0 0 0 0 0 0 2 5 6 5 5 0 0 0 0 0 0 0 0 0 0 0 0 5 5 5 5 0 0 0 0 0 0 0 0 0 0 0 0 5 5 4 5 0 0 0 0 0 0 0 0 0 0
Last Time Cost: 00000074 ms
Total Time Cost: 00005795 ms
Total Distance 81: 0 0 5 5 4 5 0 0 0 0 0 0 0 0 0 0 0 2 5 6 5 5 0 0 0 0 0 0 0 0 0 0 0 0 5 5 5 5 0 0 0 0 0 0 0 0 0 0 0 0 5 5 4 5 0 0 0 0 0 0 0 0 0 0
Last Time Cost: 00000088 ms
Total Time Cost: 00005883 ms
Total Distance 80: 0 0 5 5 4 5 0 0 0 0 0 0 0 0 0 0 0 1 5 6 5 5 0 0 0 0 0 0 0 0 0 0 0 0 5 5 5 5 0 0 0 0 0 0 0 0 0 0 0 0 5 5 4 5 0 0 0 0 0 0 0 0 0 0
Last Time Cost: 00000079 ms
Total Time Cost: 00005962 ms
Total Distance 79: 0 0 5 5 4 5 0 0 0 0 0 0 0 0 0 0 0 0 5 6 5 5 0 0 0 0 0 0 0 0 0 0 0 0 5 5 5 5 0 0 0 0 0 0 0 0 0 0 0 0 5 5 4 5 0 0 0 0 0 0 0 0 0 0
Last Time Cost: 00000088 ms
Total Time Cost: 00006050 ms
Total Distance 77: 0 0 5 5 3 5 0 0 0 0 0 0 0 0 0 0 0 0 5 6 4 5 0 0 0 0 0 0 0 0 0 0 0 0 5 5 5 5 0 0 0 0 0 0 0 0 0 0 0 0 5 5 4 5 0 0 0 0 0 0 0 0 0 0
Last Time Cost: 00000079 ms
Total Time Cost: 00006129 ms
Total Distance 76: 0 0 5 5 2 5 0 0 0 0 0 0 0 0 0 0 0 0 5 6 4 5 0 0 0 0 0 0 0 0 0 0 0 0 5 5 5 5 0 0 0 0 0 0 0 0 0 0 0 0 5 5 4 5 0 0 0 0 0 0 0 0 0 0
Last Time Cost: 00000089 ms
Total Time Cost: 00006218 ms
Total Distance 75: 0 0 5 5 1 5 0 0 0 0 0 0 0 0 0 0 0 0 5 6 4 5 0 0 0 0 0 0 0 0 0 0 0 0 5 5 5 5 0 0 0 0 0 0 0 0 0 0 0 0 5 5 4 5 0 0 0 0 0 0 0 0 0 0
Last Time Cost: 00000083 ms
Total Time Cost: 00006301 ms
Total Distance 74: 0 0 5 5 0 5 0 0 0 0 0 0 0 0 0 0 0 0 5 6 4 5 0 0 0 0 0 0 0 0 0 0 0 0 5 5 5 5 0 0 0 0 0 0 0 0 0 0 0 0 5 5 4 5 0 0 0 0 0 0 0 0 0 0
Last Time Cost: 00000098 ms
Total Time Cost: 00006399 ms
Total Distance 72: 0 0 5 5 0 5 0 0 0 0 0 0 0 0 0 0 0 0 5 6 3 5 0 0 0 0 0 0 0 0 0 0 0 0 5 5 4 5 0 0 0 0 0 0 0 0 0 0 0 0 5 5 4 5 0 0 0 0 0 0 0 0 0 0
Last Time Cost: 00000092 ms
Total Time Cost: 00006491 ms
Total Distance 71: 0 0 5 5 0 5 0 0 0 0 0 0 0 0 0 0 0 0 5 6 2 5 0 0 0 0 0 0 0 0 0 0 0 0 5 5 4 5 0 0 0 0 0 0 0 0 0 0 0 0 5 5 4 5 0 0 0 0 0 0 0 0 0 0
Last Time Cost: 00000087 ms
Total Time Cost: 00006578 ms
Total Distance 70: 0 0 5 5 0 5 0 0 0 0 0 0 0 0 0 0 0 0 5 6 1 5 0 0 0 0 0 0 0 0 0 0 0 0 5 5 4 5 0 0 0 0 0 0 0 0 0 0 0 0 5 5 4 5 0 0 0 0 0 0 0 0 0 0
Last Time Cost: 00000090 ms
Total Time Cost: 00006668 ms
Total Distance 69: 0 0 5 5 0 5 0 0 0 0 0 0 0 0 0 0 0 0 5 6 0 5 0 0 0 0 0 0 0 0 0 0 0 0 5 5 4 5 0 0 0 0 0 0 0 0 0 0 0 0 5 5 4 5 0 0 0 0 0 0 0 0 0 0
Last Time Cost: 00000108 ms
Total Time Cost: 00006776 ms
Total Distance 67: 0 0 5 5 0 5 0 0 0 0 0 0 0 0 0 0 0 0 5 6 0 5 0 0 0 0 0 0 0 0 0 0 0 0 5 5 3 5 0 0 0 0 0 0 0 0 0 0 0 0 5 5 3 5 0 0 0 0 0 0 0 0 0 0
Last Time Cost: 00000092 ms
Total Time Cost: 00006868 ms
Total Distance 66: 0 0 5 5 0 5 0 0 0 0 0 0 0 0 0 0 0 0 5 6 0 5 0 0 0 0 0 0 0 0 0 0 0 0 5 5 2 5 0 0 0 0 0 0 0 0 0 0 0 0 5 5 3 5 0 0 0 0 0 0 0 0 0 0
Last Time Cost: 00000098 ms
Total Time Cost: 00006966 ms
Total Distance 65: 0 0 5 5 0 5 0 0 0 0 0 0 0 0 0 0 0 0 5 6 0 5 0 0 0 0 0 0 0 0 0 0 0 0 5 5 1 5 0 0 0 0 0 0 0 0 0 0 0 0 5 5 3 5 0 0 0 0 0 0 0 0 0 0
Last Time Cost: 00000093 ms
Total Time Cost: 00007059 ms
Total Distance 64: 0 0 5 5 0 5 0 0 0 0 0 0 0 0 0 0 0 0 5 6 0 5 0 0 0 0 0 0 0 0 0 0 0 0 5 5 0 5 0 0 0 0 0 0 0 0 0 0 0 0 5 5 3 5 0 0 0 0 0 0 0 0 0 0
Last Time Cost: 00000112 ms
Total Time Cost: 00007171 ms
Total Distance 63: 0 0 5 5 0 5 0 0 0 0 0 0 0 0 0 0 0 0 5 6 0 5 0 0 0 0 0 0 0 0 0 0 0 0 5 5 0 5 0 0 0 0 0 0 0 0 0 0 0 0 5 5 2 5 0 0 0 0 0 0 0 0 0 0
Last Time Cost: 00000102 ms
Total Time Cost: 00007273 ms
Total Distance 62: 0 0 5 5 0 5 0 0 0 0 0 0 0 0 0 0 0 0 5 6 0 5 0 0 0 0 0 0 0 0 0 0 0 0 5 5 0 5 0 0 0 0 0 0 0 0 0 0 0 0 5 5 1 5 0 0 0 0 0 0 0 0 0 0
Last Time Cost: 00000097 ms
Total Time Cost: 00007370 ms
Total Distance 61: 0 0 5 5 0 5 0 0 0 0 0 0 0 0 0 0 0 0 5 6 0 5 0 0 0 0 0 0 0 0 0 0 0 0 5 5 0 5 0 0 0 0 0 0 0 0 0 0 0 0 5 5 0 5 0 0 0 0 0 0 0 0 0 0
Last Time Cost: 00000291 ms
Total Time Cost: 00007661 ms
Total Distance 58: 0 0 5 5 0 4 0 0 0 0 0 0 0 0 0 0 0 0 5 6 0 5 0 0 0 0 0 0 0 0 0 0 0 0 4 5 0 4 0 0 0 0 0 0 0 0 0 0 0 0 5 5 0 5 0 0 0 0 0 0 0 0 0 0
Last Time Cost: 00000121 ms
Total Time Cost: 00007782 ms
Total Distance 56: 0 0 5 5 0 3 0 0 0 0 0 0 0 0 0 0 0 0 5 6 0 5 0 0 0 0 0 0 0 0 0 0 0 0 4 5 0 3 0 0 0 0 0 0 0 0 0 0 0 0 5 5 0 5 0 0 0 0 0 0 0 0 0 0
Last Time Cost: 00000107 ms
Total Time Cost: 00007889 ms
Total Distance 54: 0 0 5 5 0 2 0 0 0 0 0 0 0 0 0 0 0 0 5 6 0 4 0 0 0 0 0 0 0 0 0 0 0 0 4 5 0 3 0 0 0 0 0 0 0 0 0 0 0 0 5 5 0 5 0 0 0 0 0 0 0 0 0 0
Last Time Cost: 00000108 ms
Total Time Cost: 00007997 ms
Total Distance 53: 0 0 5 5 0 1 0 0 0 0 0 0 0 0 0 0 0 0 5 6 0 4 0 0 0 0 0 0 0 0 0 0 0 0 4 5 0 3 0 0 0 0 0 0 0 0 0 0 0 0 5 5 0 5 0 0 0 0 0 0 0 0 0 0
Last Time Cost: 00000112 ms
Total Time Cost: 00008109 ms
Total Distance 52: 0 0 5 5 0 0 0 0 0 0 0 0 0 0 0 0 0 0 5 6 0 4 0 0 0 0 0 0 0 0 0 0 0 0 4 5 0 3 0 0 0 0 0 0 0 0 0 0 0 0 5 5 0 5 0 0 0 0 0 0 0 0 0 0
Last Time Cost: 00000125 ms
Total Time Cost: 00008234 ms
Total Distance 50: 0 0 5 5 0 0 0 0 0 0 0 0 0 0 0 0 0 0 5 6 0 4 0 0 0 0 0 0 0 0 0 0 0 0 4 5 0 2 0 0 0 0 0 0 0 0 0 0 0 0 5 5 0 4 0 0 0 0 0 0 0 0 0 0
Last Time Cost: 00000118 ms
Total Time Cost: 00008352 ms
Total Distance 49: 0 0 5 5 0 0 0 0 0 0 0 0 0 0 0 0 0 0 5 6 0 4 0 0 0 0 0 0 0 0 0 0 0 0 4 5 0 1 0 0 0 0 0 0 0 0 0 0 0 0 5 5 0 4 0 0 0 0 0 0 0 0 0 0
Last Time Cost: 00000119 ms
Total Time Cost: 00008471 ms
Total Distance 48: 0 0 5 5 0 0 0 0 0 0 0 0 0 0 0 0 0 0 5 6 0 4 0 0 0 0 0 0 0 0 0 0 0 0 4 5 0 0 0 0 0 0 0 0 0 0 0 0 0 0 5 5 0 4 0 0 0 0 0 0 0 0 0 0
Last Time Cost: 00000132 ms
Total Time Cost: 00008603 ms
Total Distance 45: 0 0 5 5 0 0 0 0 0 0 0 0 0 0 0 0 0 0 5 6 0 3 0 0 0 0 0 0 0 0 0 0 0 0 4 5 0 0 0 0 0 0 0 0 0 0 0 0 0 0 4 5 0 3 0 0 0 0 0 0 0 0 0 0
Last Time Cost: 00000129 ms
Total Time Cost: 00008732 ms
Total Distance 43: 0 0 5 5 0 0 0 0 0 0 0 0 0 0 0 0 0 0 5 6 0 2 0 0 0 0 0 0 0 0 0 0 0 0 4 5 0 0 0 0 0 0 0 0 0 0 0 0 0 0 4 5 0 2 0 0 0 0 0 0 0 0 0 0
Last Time Cost: 00000129 ms
Total Time Cost: 00008861 ms
Total Distance 42: 0 0 5 5 0 0 0 0 0 0 0 0 0 0 0 0 0 0 5 6 0 2 0 0 0 0 0 0 0 0 0 0 0 0 4 5 0 0 0 0 0 0 0 0 0 0 0 0 0 0 4 5 0 1 0 0 0 0 0 0 0 0 0 0
Last Time Cost: 00000123 ms
Total Time Cost: 00008984 ms
Total Distance 41: 0 0 5 5 0 0 0 0 0 0 0 0 0 0 0 0 0 0 5 6 0 2 0 0 0 0 0 0 0 0 0 0 0 0 4 5 0 0 0 0 0 0 0 0 0 0 0 0 0 0 4 5 0 0 0 0 0 0 0 0 0 0 0 0
Last Time Cost: 00000139 ms
Total Time Cost: 00009123 ms
Total Distance 40: 0 0 5 5 0 0 0 0 0 0 0 0 0 0 0 0 0 0 5 6 0 1 0 0 0 0 0 0 0 0 0 0 0 0 4 5 0 0 0 0 0 0 0 0 0 0 0 0 0 0 4 5 0 0 0 0 0 0 0 0 0 0 0 0
Last Time Cost: 00000127 ms
Total Time Cost: 00009250 ms
Total Distance 39: 0 0 5 5 0 0 0 0 0 0 0 0 0 0 0 0 0 0 5 6 0 0 0 0 0 0 0 0 0 0 0 0 0 0 4 5 0 0 0 0 0 0 0 0 0 0 0 0 0 0 4 5 0 0 0 0 0 0 0 0 0 0 0 0
Last Time Cost: 00000134 ms
Total Time Cost: 00009384 ms
Total Distance 37: 0 0 5 5 0 0 0 0 0 0 0 0 0 0 0 0 0 0 4 6 0 0 0 0 0 0 0 0 0 0 0 0 0 0 3 5 0 0 0 0 0 0 0 0 0 0 0 0 0 0 4 5 0 0 0 0 0 0 0 0 0 0 0 0
Last Time Cost: 00000138 ms
Total Time Cost: 00009522 ms
Total Distance 35: 0 0 5 5 0 0 0 0 0 0 0 0 0 0 0 0 0 0 3 6 0 0 0 0 0 0 0 0 0 0 0 0 0 0 2 5 0 0 0 0 0 0 0 0 0 0 0 0 0 0 4 5 0 0 0 0 0 0 0 0 0 0 0 0
Last Time Cost: 00000127 ms
Total Time Cost: 00009649 ms
Total Distance 34: 0 0 5 5 0 0 0 0 0 0 0 0 0 0 0 0 0 0 3 6 0 0 0 0 0 0 0 0 0 0 0 0 0 0 1 5 0 0 0 0 0 0 0 0 0 0 0 0 0 0 4 5 0 0 0 0 0 0 0 0 0 0 0 0
Last Time Cost: 00000129 ms
Total Time Cost: 00009778 ms
Total Distance 33: 0 0 5 5 0 0 0 0 0 0 0 0 0 0 0 0 0 0 3 6 0 0 0 0 0 0 0 0 0 0 0 0 0 0 0 5 0 0 0 0 0 0 0 0 0 0 0 0 0 0 4 5 0 0 0 0 0 0 0 0 0 0 0 0
Last Time Cost: 00000143 ms
Total Time Cost: 00009921 ms
Total Distance 32: 0 0 5 5 0 0 0 0 0 0 0 0 0 0 0 0 0 0 2 6 0 0 0 0 0 0 0 0 0 0 0 0 0 0 0 5 0 0 0 0 0 0 0 0 0 0 0 0 0 0 4 5 0 0 0 0 0 0 0 0 0 0 0 0
Last Time Cost: 00000130 ms
Total Time Cost: 00010051 ms
Total Distance 31: 0 0 5 5 0 0 0 0 0 0 0 0 0 0 0 0 0 0 1 6 0 0 0 0 0 0 0 0 0 0 0 0 0 0 0 5 0 0 0 0 0 0 0 0 0 0 0 0 0 0 4 5 0 0 0 0 0 0 0 0 0 0 0 0
Last Time Cost: 00000125 ms
Total Time Cost: 00010176 ms
Total Distance 29: 0 0 4 5 0 0 0 0 0 0 0 0 0 0 0 0 0 0 0 6 0 0 0 0 0 0 0 0 0 0 0 0 0 0 0 5 0 0 0 0 0 0 0 0 0 0 0 0 0 0 4 5 0 0 0 0 0 0 0 0 0 0 0 0
Last Time Cost: 00000144 ms
Total Time Cost: 00010320 ms
Total Distance 27: 0 0 3 5 0 0 0 0 0 0 0 0 0 0 0 0 0 0 0 6 0 0 0 0 0 0 0 0 0 0 0 0 0 0 0 5 0 0 0 0 0 0 0 0 0 0 0 0 0 0 3 5 0 0 0 0 0 0 0 0 0 0 0 0
Last Time Cost: 00000135 ms
Total Time Cost: 00010455 ms
Total Distance 26: 0 0 2 5 0 0 0 0 0 0 0 0 0 0 0 0 0 0 0 6 0 0 0 0 0 0 0 0 0 0 0 0 0 0 0 5 0 0 0 0 0 0 0 0 0 0 0 0 0 0 3 5 0 0 0 0 0 0 0 0 0 0 0 0
Last Time Cost: 00000142 ms
Total Time Cost: 00010597 ms
Total Distance 25: 0 0 1 5 0 0 0 0 0 0 0 0 0 0 0 0 0 0 0 6 0 0 0 0 0 0 0 0 0 0 0 0 0 0 0 5 0 0 0 0 0 0 0 0 0 0 0 0 0 0 3 5 0 0 0 0 0 0 0 0 0 0 0 0
Last Time Cost: 00000136 ms
Total Time Cost: 00010733 ms
Total Distance 24: 0 0 0 5 0 0 0 0 0 0 0 0 0 0 0 0 0 0 0 6 0 0 0 0 0 0 0 0 0 0 0 0 0 0 0 5 0 0 0 0 0 0 0 0 0 0 0 0 0 0 3 5 0 0 0 0 0 0 0 0 0 0 0 0
Last Time Cost: 00000131 ms
Total Time Cost: 00010864 ms
Total Distance 23: 0 0 0 5 0 0 0 0 0 0 0 0 0 0 0 0 0 0 0 6 0 0 0 0 0 0 0 0 0 0 0 0 0 0 0 5 0 0 0 0 0 0 0 0 0 0 0 0 0 0 2 5 0 0 0 0 0 0 0 0 0 0 0 0
Last Time Cost: 00000138 ms
Total Time Cost: 00011002 ms
Total Distance 22: 0 0 0 5 0 0 0 0 0 0 0 0 0 0 0 0 0 0 0 6 0 0 0 0 0 0 0 0 0 0 0 0 0 0 0 5 0 0 0 0 0 0 0 0 0 0 0 0 0 0 1 5 0 0 0 0 0 0 0 0 0 0 0 0
Last Time Cost: 00000133 ms
Total Time Cost: 00011135 ms
Total Distance 21: 0 0 0 5 0 0 0 0 0 0 0 0 0 0 0 0 0 0 0 6 0 0 0 0 0 0 0 0 0 0 0 0 0 0 0 5 0 0 0 0 0 0 0 0 0 0 0 0 0 0 0 5 0 0 0 0 0 0 0 0 0 0 0 0
Last Time Cost: 00000223 ms
Total Time Cost: 00011358 ms
Total Distance 19: 0 0 0 5 0 0 0 0 0 0 0 0 0 0 0 0 0 0 0 6 0 0 0 0 0 0 0 0 0 0 0 0 0 0 0 4 0 0 0 0 0 0 0 0 0 0 0 0 0 0 0 4 0 0 0 0 0 0 0 0 0 0 0 0
Last Time Cost: 00000155 ms
Total Time Cost: 00011513 ms
Total Distance 17: 0 0 0 5 0 0 0 0 0 0 0 0 0 0 0 0 0 0 0 6 0 0 0 0 0 0 0 0 0 0 0 0 0 0 0 3 0 0 0 0 0 0 0 0 0 0 0 0 0 0 0 3 0 0 0 0 0 0 0 0 0 0 0 0
Last Time Cost: 00000156 ms
Total Time Cost: 00011669 ms
Total Distance 16: 0 0 0 5 0 0 0 0 0 0 0 0 0 0 0 0 0 0 0 6 0 0 0 0 0 0 0 0 0 0 0 0 0 0 0 2 0 0 0 0 0 0 0 0 0 0 0 0 0 0 0 3 0 0 0 0 0 0 0 0 0 0 0 0
Last Time Cost: 00000158 ms
Total Time Cost: 00011827 ms
Total Distance 15: 0 0 0 5 0 0 0 0 0 0 0 0 0 0 0 0 0 0 0 6 0 0 0 0 0 0 0 0 0 0 0 0 0 0 0 1 0 0 0 0 0 0 0 0 0 0 0 0 0 0 0 3 0 0 0 0 0 0 0 0 0 0 0 0
Last Time Cost: 00000157 ms
Total Time Cost: 00011984 ms
Total Distance 14: 0 0 0 5 0 0 0 0 0 0 0 0 0 0 0 0 0 0 0 6 0 0 0 0 0 0 0 0 0 0 0 0 0 0 0 0 0 0 0 0 0 0 0 0 0 0 0 0 0 0 0 3 0 0 0 0 0 0 0 0 0 0 0 0
Last Time Cost: 00000160 ms
Total Time Cost: 00012144 ms
Total Distance 13: 0 0 0 5 0 0 0 0 0 0 0 0 0 0 0 0 0 0 0 6 0 0 0 0 0 0 0 0 0 0 0 0 0 0 0 0 0 0 0 0 0 0 0 0 0 0 0 0 0 0 0 2 0 0 0 0 0 0 0 0 0 0 0 0
Last Time Cost: 00000165 ms
Total Time Cost: 00012309 ms
Total Distance 12: 0 0 0 5 0 0 0 0 0 0 0 0 0 0 0 0 0 0 0 6 0 0 0 0 0 0 0 0 0 0 0 0 0 0 0 0 0 0 0 0 0 0 0 0 0 0 0 0 0 0 0 1 0 0 0 0 0 0 0 0 0 0 0 0
Last Time Cost: 00000142 ms
Total Time Cost: 00012451 ms
Total Distance 11: 0 0 0 5 0 0 0 0 0 0 0 0 0 0 0 0 0 0 0 6 0 0 0 0 0 0 0 0 0 0 0 0 0 0 0 0 0 0 0 0 0 0 0 0 0 0 0 0 0 0 0 0 0 0 0 0 0 0 0 0 0 0 0 0
Last Time Cost: 00000199 ms
Total Time Cost: 00012650 ms
Total Distance 9: 0 0 0 4 0 0 0 0 0 0 0 0 0 0 0 0 0 0 0 5 0 0 0 0 0 0 0 0 0 0 0 0 0 0 0 0 0 0 0 0 0 0 0 0 0 0 0 0 0 0 0 0 0 0 0 0 0 0 0 0 0 0 0 0
Last Time Cost: 00000007 ms
Total Time Cost: 00012657 ms
Total Distance 7: 0 0 0 3 0 0 0 0 0 0 0 0 0 0 0 0 0 0 0 4 0 0 0 0 0 0 0 0 0 0 0 0 0 0 0 0 0 0 0 0 0 0 0 0 0 0 0 0 0 0 0 0 0 0 0 0 0 0 0 0 0 0 0 0
Last Time Cost: 00000004 ms
Total Time Cost: 00012661 ms
Total Distance 6: 0 0 0 2 0 0 0 0 0 0 0 0 0 0 0 0 0 0 0 4 0 0 0 0 0 0 0 0 0 0 0 0 0 0 0 0 0 0 0 0 0 0 0 0 0 0 0 0 0 0 0 0 0 0 0 0 0 0 0 0 0 0 0 0
Last Time Cost: 00000002 ms
Total Time Cost: 00012663 ms
Total Distance 5: 0 0 0 1 0 0 0 0 0 0 0 0 0 0 0 0 0 0 0 4 0 0 0 0 0 0 0 0 0 0 0 0 0 0 0 0 0 0 0 0 0 0 0 0 0 0 0 0 0 0 0 0 0 0 0 0 0 0 0 0 0 0 0 0
Last Time Cost: 00000002 ms
Total Time Cost: 00012665 ms
Total Distance 4: 0 0 0 0 0 0 0 0 0 0 0 0 0 0 0 0 0 0 0 4 0 0 0 0 0 0 0 0 0 0 0 0 0 0 0 0 0 0 0 0 0 0 0 0 0 0 0 0 0 0 0 0 0 0 0 0 0 0 0 0 0 0 0 0
Last Time Cost: 00000003 ms
Total Time Cost: 00012668 ms
Total Distance 3: 0 0 0 0 0 0 0 0 0 0 0 0 0 0 0 0 0 0 0 3 0 0 0 0 0 0 0 0 0 0 0 0 0 0 0 0 0 0 0 0 0 0 0 0 0 0 0 0 0 0 0 0 0 0 0 0 0 0 0 0 0 0 0 0
Last Time Cost: 00000001 ms
Total Time Cost: 00012669 ms
Total Distance 2: 0 0 0 0 0 0 0 0 0 0 0 0 0 0 0 0 0 0 0 2 0 0 0 0 0 0 0 0 0 0 0 0 0 0 0 0 0 0 0 0 0 0 0 0 0 0 0 0 0 0 0 0 0 0 0 0 0 0 0 0 0 0 0 0
Last Time Cost: 00000000 ms
Total Time Cost: 00012669 ms
Total Distance 1: 0 0 0 0 0 0 0 0 0 0 0 0 0 0 0 0 0 0 0 1 0 0 0 0 0 0 0 0 0 0 0 0 0 0 0 0 0 0 0 0 0 0 0 0 0 0 0 0 0 0 0 0 0 0 0 0 0 0 0 0 0 0 0 0
Last Time Cost: 00000000 ms
Total Time Cost: 00012669 ms
Total Distance 0: 0 0 0 0 0 0 0 0 0 0 0 0 0 0 0 0 0 0 0 0 0 0 0 0 0 0 0 0 0 0 0 0 0 0 0 0 0 0 0 0 0 0 0 0 0 0 0 0 0 0 0 0 0 0 0 0 0 0 0 0 0 0 0 0
