Last Time Cost: 00000000 ms
Total Time Cost: 00000000 ms
Total Distance 320: 4 4 8 8 6 8 6 4 4 4 4 4 4 4 4 4 4 4 8 8 6 8 6 4 4 4 4 4 4 4 4 4 4 4 8 8 6 8 6 4 4 4 4 4 4 4 4 4 4 4 8 8 6 8 6 4 4 4 4 4 4 4 4 4
Last Time Cost: 00000051 ms
Total Time Cost: 00000051 ms
Total Distance 312: 4 4 8 8 6 8 6 4 4 4 4 4 4 4 4 4 4 4 8 8 6 8 6 4 4 4 4 4 4 4 4 4 3 4 7 7 6 7 6 4 4 4 4 4 4 4 4 4 3 4 7 7 6 7 6 4 4 4 4 4 4 4 4 4
Last Time Cost: 00000034 ms
Total Time Cost: 00000085 ms
Total Distance 306: 4 4 8 8 6 8 6 4 4 4 4 4 4 4 4 4 3 4 7 8 6 7 6 4 4 4 4 4 4 4 4 4 3 4 7 7 6 7 6 4 4 4 4 4 4 4 4 4 2 4 6 7 6 6 6 4 4 4 4 4 4 4 4 4
Last Time Cost: 00000036 ms
Total Time Cost: 00000121 ms
Total Distance 303: 4 4 8 8 6 8 6 4 4 4 4 4 4 4 4 4 3 4 7 8 6 7 6 4 4 4 4 4 4 4 4 4 3 4 7 7 6 7 6 4 4 4 4 4 4 4 4 4 1 4 5 7 6 5 6 4 4 4 4 4 4 4 4 4
Last Time Cost: 00000038 ms
Total Time Cost: 00000159 ms
Total Distance 302: 4 4 8 8 6 8 6 4 4 4 4 4 4 4 4 4 3 4 7 8 6 7 6 4 4 4 4 4 4 4 4 4 3 4 7 7 6 7 6 4 4 4 4 4 4 4 4 4 0 4 5 7 6 5 6 4 4 4 4 4 4 4 4 4
Last Time Cost: 00000050 ms
Total Time Cost: 00000209 ms
Total Distance 294: 3 4 7 7 6 7 6 4 4 4 4 4 4 4 4 4 2 4 6 7 6 6 6 4 4 4 4 4 4 4 4 4 3 4 7 7 6 7 6 4 4 4 4 4 4 4 4 4 0 4 5 7 6 5 6 4 4 4 4 4 4 4 4 4
Last Time Cost: 00000005 ms
Total Time Cost: 00000214 ms
Total Distance 291: 3 4 7 7 6 7 6 4 4 4 4 4 4 4 4 4 1 4 5 7 6 5 6 4 4 4 4 4 4 4 4 4 3 4 7 7 6 7 6 4 4 4 4 4 4 4 4 4 0 4 5 7 6 5 6 4 4 4 4 4 4 4 4 4
Last Time Cost: 00000004 ms
Total Time Cost: 00000218 ms
Total Distance 290: 3 4 7 7 6 7 6 4 4 4 4 4 4 4 4 4 0 4 5 7 6 5 6 4 4 4 4 4 4 4 4 4 3 4 7 7 6 7 6 4 4 4 4 4 4 4 4 4 0 4 5 7 6 5 6 4 4 4 4 4 4 4 4 4
Last Time Cost: 00000004 ms
Total Time Cost: 00000222 ms
Total Distance 284: 2 4 6 7 6 6 6 4 4 4 4 4 4 4 4 4 0 4 5 7 6 5 6 4 4 4 4 4 4 4 4 4 2 4 6 7 6 6 6 4 4 4 4 4 4 4 4 4 0 4 5 7 6 5 6 4 4 4 4 4 4 4 4 4
Last Time Cost: 00000004 ms
Total Time Cost: 00000226 ms
Total Distance 281: 1 4 5 7 6 5 6 4 4 4 4 4 4 4 4 4 0 4 5 7 6 5 6 4 4 4 4 4 4 4 4 4 2 4 6 7 6 6 6 4 4 4 4 4 4 4 4 4 0 4 5 7 6 5 6 4 4 4 4 4 4 4 4 4
Last Time Cost: 00000005 ms
Total Time Cost: 00000231 ms
Total Distance 279: 0 4 5 7 6 5 6 4 4 4 4 4 4 4 4 4 0 4 5 7 6 5 6 4 4 4 4 4 4 4 4 4 2 4 5 7 6 6 6 4 4 4 4 4 4 4 4 4 0 4 5 7 6 5 6 4 4 4 4 4 4 4 4 4
Last Time Cost: 00000005 ms
Total Time Cost: 00000236 ms
Total Distance 277: 0 4 5 7 6 5 6 4 4 4 4 4 4 4 4 4 0 4 5 7 6 5 6 4 4 4 4 4 4 4 4 4 1 4 5 7 6 5 6 4 4 4 4 4 4 4 4 4 0 4 5 7 6 5 6 4 4 4 4 4 4 4 4 4
Last Time Cost: 00000004 ms
Total Time Cost: 00000240 ms
Total Distance 276: 0 4 5 7 6 5 6 4 4 4 4 4 4 4 4 4 0 4 5 7 6 5 6 4 4 4 4 4 4 4 4 4 0 4 5 7 6 5 6 4 4 4 4 4 4 4 4 4 0 4 5 7 6 5 6 4 4 4 4 4 4 4 4 4
Last Time Cost: 00000008 ms
Total Time Cost: 00000248 ms
Total Distance 266: 0 4 5 6 6 5 6 4 4 4 4 4 4 4 4 4 0 4 5 6 6 5 6 4 4 4 4 4 4 4 4 4 0 3 5 6 5 5 5 4 4 4 4 4 4 4 4 4 0 3 5 6 5 5 5 4 4 4 4 4 4 4 4 4
Last Time Cost: 00000006 ms
Total Time Cost: 00000254 ms
Total Distance 263: 0 4 5 5 6 5 6 4 4 4 4 4 4 4 4 4 0 4 5 5 6 5 6 4 4 4 4 4 4 4 4 4 0 3 5 6 5 5 5 4 4 4 4 4 4 4 4 4 0 2 5 6 5 5 5 4 4 4 4 4 4 4 4 4
Last Time Cost: 00000005 ms
Total Time Cost: 00000259 ms
Total Distance 261: 0 4 5 5 6 5 6 4 4 4 4 4 4 4 4 4 0 3 5 5 6 5 6 4 4 4 4 4 4 4 4 4 0 3 5 6 5 5 5 4 4 4 4 4 4 4 4 4 0 1 5 6 5 5 5 4 4 4 4 4 4 4 4 4
Last Time Cost: 00000005 ms
Total Time Cost: 00000264 ms
Total Distance 260: 0 4 5 5 6 5 6 4 4 4 4 4 4 4 4 4 0 3 5 5 6 5 6 4 4 4 4 4 4 4 4 4 0 3 5 6 5 5 5 4 4 4 4 4 4 4 4 4 0 0 5 6 5 5 5 4 4 4 4 4 4 4 4 4
Last Time Cost: 00000005 ms
Total Time Cost: 00000269 ms
Total Distance 254: 0 3 5 5 5 5 5 4 4 4 4 4 4 4 4 4 0 2 5 5 5 5 5 4 4 4 4 4 4 4 4 4 0 3 5 6 5 5 5 4 4 4 4 4 4 4 4 4 0 0 5 6 5 5 5 4 4 4 4 4 4 4 4 4
Last Time Cost: 00000006 ms
Total Time Cost: 00000275 ms
Total Distance 251: 0 3 4 5 5 5 5 4 4 4 4 4 4 4 4 4 0 1 5 5 5 5 5 4 4 4 4 4 4 4 4 4 0 3 4 6 5 5 5 4 4 4 4 4 4 4 4 4 0 0 5 6 5 5 5 4 4 4 4 4 4 4 4 4
Last Time Cost: 00000005 ms
Total Time Cost: 00000280 ms
Total Distance 250: 0 3 4 5 5 5 5 4 4 4 4 4 4 4 4 4 0 0 5 5 5 5 5 4 4 4 4 4 4 4 4 4 0 3 4 6 5 5 5 4 4 4 4 4 4 4 4 4 0 0 5 6 5 5 5 4 4 4 4 4 4 4 4 4
Last Time Cost: 00000006 ms
Total Time Cost: 00000286 ms
Total Distance 247: 0 2 4 5 5 5 5 4 4 4 4 4 4 4 4 4 0 0 5 5 5 5 5 4 4 4 4 4 4 4 4 4 0 3 4 5 5 5 5 4 4 4 4 4 4 4 4 4 0 0 5 5 5 5 5 4 4 4 4 4 4 4 4 4
Last Time Cost: 00000001 ms
Total Time Cost: 00000287 ms
Total Distance 245: 0 1 4 5 5 5 5 4 4 4 4 4 4 4 4 4 0 0 5 5 5 5 5 4 4 4 4 4 4 4 4 4 0 2 4 5 5 5 5 4 4 4 4 4 4 4 4 4 0 0 5 5 5 5 5 4 4 4 4 4 4 4 4 4
Last Time Cost: 00000001 ms
Total Time Cost: 00000288 ms
Total Distance 244: 0 0 4 5 5 5 5 4 4 4 4 4 4 4 4 4 0 0 5 5 5 5 5 4 4 4 4 4 4 4 4 4 0 2 4 5 5 5 5 4 4 4 4 4 4 4 4 4 0 0 5 5 5 5 5 4 4 4 4 4 4 4 4 4
Last Time Cost: 00000002 ms
Total Time Cost: 00000290 ms
Total Distance 241: 0 0 4 5 5 5 5 4 4 4 4 4 4 4 4 4 0 0 4 5 5 5 5 4 4 4 4 4 4 4 4 4 0 1 4 5 5 5 5 4 4 4 4 4 4 4 4 4 0 0 4 5 5 5 5 4 4 4 4 4 4 4 4 4
Last Time Cost: 00000001 ms
Total Time Cost: 00000291 ms
Total Distance 240: 0 0 4 5 5 5 5 4 4 4 4 4 4 4 4 4 0 0 4 5 5 5 5 4 4 4 4 4 4 4 4 4 0 0 4 5 5 5 5 4 4 4 4 4 4 4 4 4 0 0 4 5 5 5 5 4 4 4 4 4 4 4 4 4
Last Time Cost: 00000003 ms
Total Time Cost: 00000294 ms
Total Distance 238: 0 0 4 5 5 5 5 4 4 4 4 4 4 4 4 4 0 0 4 5 5 5 5 4 4 4 4 4 3 4 4 4 0 0 4 5 5 5 5 4 4 4 4 4 4 4 4 4 0 0 4 5 5 5 5 4 4 4 4 4 3 4 4 4
Last Time Cost: 00000002 ms
Total Time Cost: 00000296 ms
Total Distance 236: 0 0 4 5 5 5 5 4 4 4 4 4 3 4 4 4 0 0 4 5 5 5 5 4 4 4 4 4 2 4 4 4 0 0 4 5 5 5 5 4 4 4 4 4 4 4 4 4 0 0 4 5 5 5 5 4 4 4 4 4 3 4 4 4
Last Time Cost: 00000002 ms
Total Time Cost: 00000298 ms
Total Distance 235: 0 0 4 5 5 5 5 4 4 4 4 4 3 4 4 4 0 0 4 5 5 5 5 4 4 4 4 4 1 4 4 4 0 0 4 5 5 5 5 4 4 4 4 4 4 4 4 4 0 0 4 5 5 5 5 4 4 4 4 4 3 4 4 4
Last Time Cost: 00000001 ms
Total Time Cost: 00000299 ms
Total Distance 234: 0 0 4 5 5 5 5 4 4 4 4 4 3 4 4 4 0 0 4 5 5 5 5 4 4 4 4 4 0 4 4 4 0 0 4 5 5 5 5 4 4 4 4 4 4 4 4 4 0 0 4 5 5 5 5 4 4 4 4 4 3 4 4 4
Last Time Cost: 00000002 ms
Total Time Cost: 00000301 ms
Total Distance 232: 0 0 4 5 5 5 5 4 4 4 4 4 3 4 4 4 0 0 4 5 5 5 5 4 4 4 4 4 0 4 4 4 0 0 4 5 5 5 5 4 4 4 4 4 3 4 4 4 0 0 4 5 5 5 5 4 4 4 4 4 2 4 4 4
Last Time Cost: 00000002 ms
Total Time Cost: 00000303 ms
Total Distance 231: 0 0 4 5 5 5 5 4 4 4 4 4 3 4 4 4 0 0 4 5 5 5 5 4 4 4 4 4 0 4 4 4 0 0 4 5 5 5 5 4 4 4 4 4 3 4 4 4 0 0 4 5 5 5 5 4 4 4 4 4 1 4 4 4
Last Time Cost: 00000001 ms
Total Time Cost: 00000304 ms
Total Distance 230: 0 0 4 5 5 5 5 4 4 4 4 4 3 4 4 4 0 0 4 5 5 5 5 4 4 4 4 4 0 4 4 4 0 0 4 5 5 5 5 4 4 4 4 4 3 4 4 4 0 0 4 5 5 5 5 4 4 4 4 4 0 4 4 4
Last Time Cost: 00000001 ms
Total Time Cost: 00000305 ms
Total Distance 228: 0 0 4 5 5 5 5 4 4 4 4 4 2 4 4 4 0 0 4 5 5 5 5 4 4 4 4 4 0 4 4 4 0 0 4 5 5 5 5 4 4 4 4 4 2 4 4 4 0 0 4 5 5 5 5 4 4 4 4 4 0 4 4 4
Last Time Cost: 00000001 ms
Total Time Cost: 00000306 ms
Total Distance 227: 0 0 4 5 5 5 5 4 4 4 4 4 1 4 4 4 0 0 4 5 5 5 5 4 4 4 4 4 0 4 4 4 0 0 4 5 5 5 5 4 4 4 4 4 2 4 4 4 0 0 4 5 5 5 5 4 4 4 4 4 0 4 4 4
Last Time Cost: 00000001 ms
Total Time Cost: 00000307 ms
Total Distance 226: 0 0 4 5 5 5 5 4 4 4 4 4 0 4 4 4 0 0 4 5 5 5 5 4 4 4 4 4 0 4 4 4 0 0 4 5 5 5 5 4 4 4 4 4 2 4 4 4 0 0 4 5 5 5 5 4 4 4 4 4 0 4 4 4
Last Time Cost: 00000002 ms
Total Time Cost: 00000309 ms
Total Distance 225: 0 0 4 5 5 5 5 4 4 4 4 4 0 4 4 4 0 0 4 5 5 5 5 4 4 4 4 4 0 4 4 4 0 0 4 5 5 5 5 4 4 4 4 4 1 4 4 4 0 0 4 5 5 5 5 4 4 4 4 4 0 4 4 4
Last Time Cost: 00000002 ms
Total Time Cost: 00000311 ms
Total Distance 224: 0 0 4 5 5 5 5 4 4 4 4 4 0 4 4 4 0 0 4 5 5 5 5 4 4 4 4 4 0 4 4 4 0 0 4 5 5 5 5 4 4 4 4 4 0 4 4 4 0 0 4 5 5 5 5 4 4 4 4 4 0 4 4 4
Last Time Cost: 00000003 ms
Total Time Cost: 00000314 ms
Total Distance 222: 0 0 4 5 5 5 5 4 4 4 4 4 0 4 4 4 0 0 3 5 5 5 5 4 4 4 4 4 0 4 4 4 0 0 4 5 5 5 5 4 4 4 4 4 0 4 4 4 0 0 3 5 5 5 5 4 4 4 4 4 0 4 4 4
Last Time Cost: 00000002 ms
Total Time Cost: 00000316 ms
Total Distance 221: 0 0 4 5 5 5 5 4 4 4 4 4 0 4 4 4 0 0 3 5 5 5 5 4 4 4 4 4 0 4 4 4 0 0 4 5 5 5 5 4 4 4 4 4 0 4 4 4 0 0 2 5 5 5 5 4 4 4 4 4 0 4 4 4
Last Time Cost: 00000002 ms
Total Time Cost: 00000318 ms
Total Distance 220: 0 0 4 5 5 5 5 4 4 4 4 4 0 4 4 4 0 0 3 5 5 5 5 4 4 4 4 4 0 4 4 4 0 0 4 5 5 5 5 4 4 4 4 4 0 4 4 4 0 0 1 5 5 5 5 4 4 4 4 4 0 4 4 4
Last Time Cost: 00000001 ms
Total Time Cost: 00000319 ms
Total Distance 219: 0 0 4 5 5 5 5 4 4 4 4 4 0 4 4 4 0 0 3 5 5 5 5 4 4 4 4 4 0 4 4 4 0 0 4 5 5 5 5 4 4 4 4 4 0 4 4 4 0 0 0 5 5 5 5 4 4 4 4 4 0 4 4 4
Last Time Cost: 00000002 ms
Total Time Cost: 00000321 ms
Total Distance 218: 0 0 4 5 5 5 5 4 4 4 4 4 0 4 4 4 0 0 2 5 5 5 5 4 4 4 4 4 0 4 4 4 0 0 4 5 5 5 5 4 4 4 4 4 0 4 4 4 0 0 0 5 5 5 5 4 4 4 4 4 0 4 4 4
Last Time Cost: 00000002 ms
Total Time Cost: 00000323 ms
Total Distance 217: 0 0 4 5 5 5 5 4 4 4 4 4 0 4 4 4 0 0 1 5 5 5 5 4 4 4 4 4 0 4 4 4 0 0 4 5 5 5 5 4 4 4 4 4 0 4 4 4 0 0 0 5 5 5 5 4 4 4 4 4 0 4 4 4
Last Time Cost: 00000002 ms
Total Time Cost: 00000325 ms
Total Distance 216: 0 0 4 5 5 5 5 4 4 4 4 4 0 4 4 4 0 0 0 5 5 5 5 4 4 4 4 4 0 4 4 4 0 0 4 5 5 5 5 4 4 4 4 4 0 4 4 4 0 0 0 5 5 5 5 4 4 4 4 4 0 4 4 4
Last Time Cost: 00000003 ms
Total Time Cost: 00000328 ms
Total Distance 214: 0 0 4 5 5 5 5 4 4 4 4 4 0 3 4 4 0 0 0 5 5 5 5 4 4 4 4 4 0 4 3 4 0 0 4 5 5 5 5 4 4 4 4 4 0 4 4 4 0 0 0 5 5 5 5 4 4 4 4 4 0 4 4 4
Last Time Cost: 00000002 ms
Total Time Cost: 00000330 ms
Total Distance 212: 0 0 4 5 5 5 5 4 4 4 4 4 0 2 4 4 0 0 0 5 5 5 5 4 4 4 4 4 0 3 3 4 0 0 4 5 5 5 5 4 4 4 4 4 0 4 4 4 0 0 0 5 5 5 5 4 4 4 4 4 0 4 4 4
Last Time Cost: 00000002 ms
Total Time Cost: 00000332 ms
Total Distance 210: 0 0 4 5 5 5 5 4 4 4 4 4 0 1 4 4 0 0 0 5 5 5 5 4 4 4 4 4 0 3 3 4 0 0 4 5 5 5 5 4 4 4 4 4 0 3 4 4 0 0 0 5 5 5 5 4 4 4 4 4 0 4 4 4
Last Time Cost: 00000002 ms
Total Time Cost: 00000334 ms
Total Distance 209: 0 0 4 5 5 5 5 4 4 4 4 4 0 0 4 4 0 0 0 5 5 5 5 4 4 4 4 4 0 3 3 4 0 0 4 5 5 5 5 4 4 4 4 4 0 3 4 4 0 0 0 5 5 5 5 4 4 4 4 4 0 4 4 4
Last Time Cost: 00000002 ms
Total Time Cost: 00000336 ms
Total Distance 207: 0 0 4 5 5 5 5 4 4 4 4 4 0 0 4 3 0 0 0 5 5 5 5 4 4 4 4 4 0 3 2 4 0 0 4 5 5 5 5 4 4 4 4 4 0 3 4 4 0 0 0 5 5 5 5 4 4 4 4 4 0 4 4 4
Last Time Cost: 00000002 ms
Total Time Cost: 00000338 ms
Total Distance 206: 0 0 4 5 5 5 5 4 4 4 4 4 0 0 4 3 0 0 0 5 5 5 5 4 4 4 4 4 0 3 1 4 0 0 4 5 5 5 5 4 4 4 4 4 0 3 4 4 0 0 0 5 5 5 5 4 4 4 4 4 0 4 4 4
Last Time Cost: 00000001 ms
Total Time Cost: 00000339 ms
Total Distance 205: 0 0 4 5 5 5 5 4 4 4 4 4 0 0 4 3 0 0 0 5 5 5 5 4 4 4 4 4 0 3 0 4 0 0 4 5 5 5 5 4 4 4 4 4 0 3 4 4 0 0 0 5 5 5 5 4 4 4 4 4 0 4 4 4
Last Time Cost: 00000010 ms
Total Time Cost: 00000349 ms
Total Distance 203: 0 0 4 5 5 5 5 4 4 4 4 4 0 0 3 3 0 0 0 5 5 5 5 4 4 4 4 4 0 2 0 4 0 0 4 5 5 5 5 4 4 4 4 4 0 3 4 4 0 0 0 5 5 5 5 4 4 4 4 4 0 4 4 4
Last Time Cost: 00000001 ms
Total Time Cost: 00000350 ms
Total Distance 202: 0 0 4 5 5 5 5 4 4 4 4 4 0 0 3 3 0 0 0 5 5 5 5 4 4 4 4 4 0 1 0 4 0 0 4 5 5 5 5 4 4 4 4 4 0 3 4 4 0 0 0 5 5 5 5 4 4 4 4 4 0 4 4 4
Last Time Cost: 00000002 ms
Total Time Cost: 00000352 ms
Total Distance 201: 0 0 4 5 5 5 5 4 4 4 4 4 0 0 3 3 0 0 0 5 5 5 5 4 4 4 4 4 0 0 0 4 0 0 4 5 5 5 5 4 4 4 4 4 0 3 4 4 0 0 0 5 5 5 5 4 4 4 4 4 0 4 4 4
Last Time Cost: 00000002 ms
Total Time Cost: 00000354 ms
Total Distance 199: 0 0 4 5 5 5 5 4 4 4 4 4 0 0 2 3 0 0 0 5 5 5 5 4 4 4 4 4 0 0 0 3 0 0 4 5 5 5 5 4 4 4 4 4 0 3 4 4 0 0 0 5 5 5 5 4 4 4 4 4 0 4 4 4
Last Time Cost: 00000001 ms
Total Time Cost: 00000355 ms
Total Distance 198: 0 0 4 5 5 5 5 4 4 4 4 4 0 0 1 3 0 0 0 5 5 5 5 4 4 4 4 4 0 0 0 3 0 0 4 5 5 5 5 4 4 4 4 4 0 3 4 4 0 0 0 5 5 5 5 4 4 4 4 4 0 4 4 4
Last Time Cost: 00000002 ms
Total Time Cost: 00000357 ms
Total Distance 197: 0 0 4 5 5 5 5 4 4 4 4 4 0 0 0 3 0 0 0 5 5 5 5 4 4 4 4 4 0 0 0 3 0 0 4 5 5 5 5 4 4 4 4 4 0 3 4 4 0 0 0 5 5 5 5 4 4 4 4 4 0 4 4 4
Last Time Cost: 00000002 ms
Total Time Cost: 00000359 ms
Total Distance 196: 0 0 4 5 5 5 5 4 4 4 4 4 0 0 0 3 0 0 0 5 5 5 5 4 4 4 4 4 0 0 0 2 0 0 4 5 5 5 5 4 4 4 4 4 0 3 4 4 0 0 0 5 5 5 5 4 4 4 4 4 0 4 4 4
Last Time Cost: 00000001 ms
Total Time Cost: 00000360 ms
Total Distance 195: 0 0 4 5 5 5 5 4 4 4 4 4 0 0 0 3 0 0 0 5 5 5 5 4 4 4 4 4 0 0 0 1 0 0 4 5 5 5 5 4 4 4 4 4 0 3 4 4 0 0 0 5 5 5 5 4 4 4 4 4 0 4 4 4
Last Time Cost: 00000001 ms
Total Time Cost: 00000361 ms
Total Distance 193: 0 0 4 5 5 5 5 4 4 4 4 4 0 0 0 3 0 0 0 5 5 5 5 4 4 4 4 4 0 0 0 0 0 0 4 5 5 5 5 4 4 4 4 4 0 3 4 4 0 0 0 5 5 5 5 4 4 4 4 4 0 4 4 3
Last Time Cost: 00000002 ms
Total Time Cost: 00000363 ms
Total Distance 191: 0 0 4 5 5 5 5 4 4 4 4 4 0 0 0 2 0 0 0 5 5 5 5 4 4 4 4 4 0 0 0 0 0 0 4 5 5 5 5 4 4 4 4 4 0 3 4 4 0 0 0 5 5 5 5 4 4 4 4 4 0 4 4 2
Last Time Cost: 00000001 ms
Total Time Cost: 00000364 ms
Total Distance 189: 0 0 4 5 5 5 5 4 4 4 4 4 0 0 0 2 0 0 0 5 5 5 5 4 4 4 4 4 0 0 0 0 0 0 4 5 5 5 5 4 4 4 4 4 0 3 3 4 0 0 0 5 5 5 5 4 4 4 4 4 0 4 4 1
Last Time Cost: 00000001 ms
Total Time Cost: 00000365 ms
Total Distance 187: 0 0 4 5 5 5 5 4 4 4 4 4 0 0 0 2 0 0 0 5 5 5 5 4 4 4 4 4 0 0 0 0 0 0 4 5 5 5 5 4 4 4 4 4 0 3 3 3 0 0 0 5 5 5 5 4 4 4 4 4 0 4 4 0
Last Time Cost: 00000002 ms
Total Time Cost: 00000367 ms
Total Distance 185: 0 0 4 5 5 5 5 4 4 4 4 4 0 0 0 1 0 0 0 5 5 5 5 4 4 4 4 4 0 0 0 0 0 0 4 5 5 5 5 4 4 4 4 4 0 3 3 2 0 0 0 5 5 5 5 4 4 4 4 4 0 4 4 0
Last Time Cost: 00000001 ms
Total Time Cost: 00000368 ms
Total Distance 184: 0 0 4 5 5 5 5 4 4 4 4 4 0 0 0 0 0 0 0 5 5 5 5 4 4 4 4 4 0 0 0 0 0 0 4 5 5 5 5 4 4 4 4 4 0 3 3 2 0 0 0 5 5 5 5 4 4 4 4 4 0 4 4 0
Last Time Cost: 00000001 ms
Total Time Cost: 00000369 ms
Total Distance 183: 0 0 4 5 5 5 5 4 4 4 4 4 0 0 0 0 0 0 0 5 5 5 5 4 4 4 4 4 0 0 0 0 0 0 4 5 5 5 5 4 4 4 4 4 0 3 3 1 0 0 0 5 5 5 5 4 4 4 4 4 0 4 4 0
Last Time Cost: 00000001 ms
Total Time Cost: 00000370 ms
Total Distance 182: 0 0 4 5 5 5 5 4 4 4 4 4 0 0 0 0 0 0 0 5 5 5 5 4 4 4 4 4 0 0 0 0 0 0 4 5 5 5 5 4 4 4 4 4 0 3 3 0 0 0 0 5 5 5 5 4 4 4 4 4 0 4 4 0
Last Time Cost: 00000002 ms
Total Time Cost: 00000372 ms
Total Distance 180: 0 0 4 5 5 5 5 4 4 4 4 4 0 0 0 0 0 0 0 5 5 5 5 4 4 4 4 4 0 0 0 0 0 0 4 5 5 5 5 4 4 4 4 4 0 3 2 0 0 0 0 5 5 5 5 4 4 4 4 4 0 4 3 0
Last Time Cost: 00000001 ms
Total Time Cost: 00000373 ms
Total Distance 179: 0 0 4 5 5 5 5 4 4 4 4 4 0 0 0 0 0 0 0 5 5 5 5 4 4 4 4 4 0 0 0 0 0 0 4 5 5 5 5 4 4 4 4 4 0 3 1 0 0 0 0 5 5 5 5 4 4 4 4 4 0 4 3 0
Last Time Cost: 00000002 ms
Total Time Cost: 00000375 ms
Total Distance 178: 0 0 4 5 5 5 5 4 4 4 4 4 0 0 0 0 0 0 0 5 5 5 5 4 4 4 4 4 0 0 0 0 0 0 4 5 5 5 5 4 4 4 4 4 0 3 0 0 0 0 0 5 5 5 5 4 4 4 4 4 0 4 3 0
Last Time Cost: 00000002 ms
Total Time Cost: 00000377 ms
Total Distance 177: 0 0 4 5 5 5 5 4 4 4 4 4 0 0 0 0 0 0 0 5 5 5 5 4 4 4 4 4 0 0 0 0 0 0 4 5 5 5 5 4 4 4 4 4 0 3 0 0 0 0 0 5 5 5 5 4 4 4 4 4 0 4 2 0
Last Time Cost: 00000001 ms
Total Time Cost: 00000378 ms
Total Distance 176: 0 0 4 5 5 5 5 4 4 4 4 4 0 0 0 0 0 0 0 5 5 5 5 4 4 4 4 4 0 0 0 0 0 0 4 5 5 5 5 4 4 4 4 4 0 3 0 0 0 0 0 5 5 5 5 4 4 4 4 4 0 4 1 0
Last Time Cost: 00000002 ms
Total Time Cost: 00000380 ms
Total Distance 175: 0 0 4 5 5 5 5 4 4 4 4 4 0 0 0 0 0 0 0 5 5 5 5 4 4 4 4 4 0 0 0 0 0 0 4 5 5 5 5 4 4 4 4 4 0 3 0 0 0 0 0 5 5 5 5 4 4 4 4 4 0 4 0 0
Last Time Cost: 00000002 ms
Total Time Cost: 00000382 ms
Total Distance 174: 0 0 4 5 5 5 5 4 4 4 4 4 0 0 0 0 0 0 0 5 5 5 5 4 4 4 4 4 0 0 0 0 0 0 4 5 5 5 5 4 4 4 4 4 0 2 0 0 0 0 0 5 5 5 5 4 4 4 4 4 0 4 0 0
Last Time Cost: 00000001 ms
Total Time Cost: 00000383 ms
Total Distance 172: 0 0 4 5 5 5 5 4 4 4 4 4 0 0 0 0 0 0 0 5 5 5 5 4 4 4 4 4 0 0 0 0 0 0 4 5 5 5 5 4 4 4 4 4 0 1 0 0 0 0 0 5 5 5 5 4 4 4 4 4 0 3 0 0
Last Time Cost: 00000002 ms
Total Time Cost: 00000385 ms
Total Distance 171: 0 0 4 5 5 5 5 4 4 4 4 4 0 0 0 0 0 0 0 5 5 5 5 4 4 4 4 4 0 0 0 0 0 0 4 5 5 5 5 4 4 4 4 4 0 0 0 0 0 0 0 5 5 5 5 4 4 4 4 4 0 3 0 0
Last Time Cost: 00000001 ms
Total Time Cost: 00000386 ms
Total Distance 170: 0 0 4 5 5 5 5 4 4 4 4 4 0 0 0 0 0 0 0 5 5 5 5 4 4 4 4 4 0 0 0 0 0 0 4 5 5 5 5 4 4 4 4 4 0 0 0 0 0 0 0 5 5 5 5 4 4 4 4 4 0 2 0 0
Last Time Cost: 00000001 ms
Total Time Cost: 00000387 ms
Total Distance 169: 0 0 4 5 5 5 5 4 4 4 4 4 0 0 0 0 0 0 0 5 5 5 5 4 4 4 4 4 0 0 0 0 0 0 4 5 5 5 5 4 4 4 4 4 0 0 0 0 0 0 0 5 5 5 5 4 4 4 4 4 0 1 0 0
Last Time Cost: 00000002 ms
Total Time Cost: 00000389 ms
Total Distance 168: 0 0 4 5 5 5 5 4 4 4 4 4 0 0 0 0 0 0 0 5 5 5 5 4 4 4 4 4 0 0 0 0 0 0 4 5 5 5 5 4 4 4 4 4 0 0 0 0 0 0 0 5 5 5 5 4 4 4 4 4 0 0 0 0
Last Time Cost: 00000004 ms
Total Time Cost: 00000393 ms
Total Distance 166: 0 0 4 5 5 5 5 4 4 4 3 4 0 0 0 0 0 0 0 5 5 5 5 4 4 4 4 4 0 0 0 0 0 0 4 5 5 5 5 4 4 4 4 4 0 0 0 0 0 0 0 5 5 5 5 4 4 4 4 3 0 0 0 0
Last Time Cost: 00000002 ms
Total Time Cost: 00000395 ms
Total Distance 164: 0 0 4 5 5 5 5 4 4 4 3 4 0 0 0 0 0 0 0 5 5 5 5 4 4 4 4 4 0 0 0 0 0 0 4 5 5 5 5 4 4 4 4 3 0 0 0 0 0 0 0 5 5 5 5 4 4 4 4 2 0 0 0 0
Last Time Cost: 00000002 ms
Total Time Cost: 00000397 ms
Total Distance 163: 0 0 4 5 5 5 5 4 4 4 3 4 0 0 0 0 0 0 0 5 5 5 5 4 4 4 4 4 0 0 0 0 0 0 4 5 5 5 5 4 4 4 4 3 0 0 0 0 0 0 0 5 5 5 5 4 4 4 4 1 0 0 0 0
Last Time Cost: 00000001 ms
Total Time Cost: 00000398 ms
Total Distance 162: 0 0 4 5 5 5 5 4 4 4 3 4 0 0 0 0 0 0 0 5 5 5 5 4 4 4 4 4 0 0 0 0 0 0 4 5 5 5 5 4 4 4 4 3 0 0 0 0 0 0 0 5 5 5 5 4 4 4 4 0 0 0 0 0
Last Time Cost: 00000002 ms
Total Time Cost: 00000400 ms
Total Distance 160: 0 0 4 5 5 5 5 4 4 4 2 4 0 0 0 0 0 0 0 5 5 5 5 4 4 4 3 4 0 0 0 0 0 0 4 5 5 5 5 4 4 4 4 3 0 0 0 0 0 0 0 5 5 5 5 4 4 4 4 0 0 0 0 0
Last Time Cost: 00000002 ms
Total Time Cost: 00000402 ms
Total Distance 159: 0 0 4 5 5 5 5 4 4 4 1 4 0 0 0 0 0 0 0 5 5 5 5 4 4 4 3 4 0 0 0 0 0 0 4 5 5 5 5 4 4 4 4 3 0 0 0 0 0 0 0 5 5 5 5 4 4 4 4 0 0 0 0 0
Last Time Cost: 00000002 ms
Total Time Cost: 00000404 ms
Total Distance 158: 0 0 4 5 5 5 5 4 4 4 0 4 0 0 0 0 0 0 0 5 5 5 5 4 4 4 3 4 0 0 0 0 0 0 4 5 5 5 5 4 4 4 4 3 0 0 0 0 0 0 0 5 5 5 5 4 4 4 4 0 0 0 0 0
Last Time Cost: 00000002 ms
Total Time Cost: 00000406 ms
Total Distance 155: 0 0 4 5 5 5 5 4 4 4 0 3 0 0 0 0 0 0 0 5 5 5 5 4 4 4 2 3 0 0 0 0 0 0 4 5 5 5 5 4 4 4 4 3 0 0 0 0 0 0 0 5 5 5 5 4 4 4 4 0 0 0 0 0
Last Time Cost: 00000002 ms
Total Time Cost: 00000408 ms
Total Distance 154: 0 0 4 5 5 5 5 4 4 4 0 3 0 0 0 0 0 0 0 5 5 5 5 4 4 4 1 3 0 0 0 0 0 0 4 5 5 5 5 4 4 4 4 3 0 0 0 0 0 0 0 5 5 5 5 4 4 4 4 0 0 0 0 0
Last Time Cost: 00000001 ms
Total Time Cost: 00000409 ms
Total Distance 153: 0 0 4 5 5 5 5 4 4 4 0 3 0 0 0 0 0 0 0 5 5 5 5 4 4 4 0 3 0 0 0 0 0 0 4 5 5 5 5 4 4 4 4 3 0 0 0 0 0 0 0 5 5 5 5 4 4 4 4 0 0 0 0 0
Last Time Cost: 00000002 ms
Total Time Cost: 00000411 ms
Total Distance 151: 0 0 4 5 5 5 5 4 4 4 0 2 0 0 0 0 0 0 0 5 5 5 5 4 4 4 0 2 0 0 0 0 0 0 4 5 5 5 5 4 4 4 4 3 0 0 0 0 0 0 0 5 5 5 5 4 4 4 4 0 0 0 0 0
Last Time Cost: 00000002 ms
Total Time Cost: 00000413 ms
Total Distance 150: 0 0 4 5 5 5 5 4 4 4 0 1 0 0 0 0 0 0 0 5 5 5 5 4 4 4 0 2 0 0 0 0 0 0 4 5 5 5 5 4 4 4 4 3 0 0 0 0 0 0 0 5 5 5 5 4 4 4 4 0 0 0 0 0
Last Time Cost: 00000001 ms
Total Time Cost: 00000414 ms
Total Distance 149: 0 0 4 5 5 5 5 4 4 4 0 0 0 0 0 0 0 0 0 5 5 5 5 4 4 4 0 2 0 0 0 0 0 0 4 5 5 5 5 4 4 4 4 3 0 0 0 0 0 0 0 5 5 5 5 4 4 4 4 0 0 0 0 0
Last Time Cost: 00000002 ms
Total Time Cost: 00000416 ms
Total Distance 148: 0 0 4 5 5 5 5 4 4 4 0 0 0 0 0 0 0 0 0 5 5 5 5 4 4 4 0 1 0 0 0 0 0 0 4 5 5 5 5 4 4 4 4 3 0 0 0 0 0 0 0 5 5 5 5 4 4 4 4 0 0 0 0 0
Last Time Cost: 00000001 ms
Total Time Cost: 00000417 ms
Total Distance 147: 0 0 4 5 5 5 5 4 4 4 0 0 0 0 0 0 0 0 0 5 5 5 5 4 4 4 0 0 0 0 0 0 0 0 4 5 5 5 5 4 4 4 4 3 0 0 0 0 0 0 0 5 5 5 5 4 4 4 4 0 0 0 0 0
Last Time Cost: 00000003 ms
Total Time Cost: 00000420 ms
Total Distance 146: 0 0 4 5 5 5 5 4 4 4 0 0 0 0 0 0 0 0 0 5 5 5 5 4 4 4 0 0 0 0 0 0 0 0 4 5 5 5 5 4 4 4 4 2 0 0 0 0 0 0 0 5 5 5 5 4 4 4 4 0 0 0 0 0
Last Time Cost: 00000002 ms
Total Time Cost: 00000422 ms
Total Distance 145: 0 0 4 5 5 5 5 4 4 4 0 0 0 0 0 0 0 0 0 5 5 5 5 4 4 4 0 0 0 0 0 0 0 0 4 5 5 5 5 4 4 4 4 1 0 0 0 0 0 0 0 5 5 5 5 4 4 4 4 0 0 0 0 0
Last Time Cost: 00000001 ms
Total Time Cost: 00000423 ms
Total Distance 144: 0 0 4 5 5 5 5 4 4 4 0 0 0 0 0 0 0 0 0 5 5 5 5 4 4 4 0 0 0 0 0 0 0 0 4 5 5 5 5 4 4 4 4 0 0 0 0 0 0 0 0 5 5 5 5 4 4 4 4 0 0 0 0 0
Last Time Cost: 00000005 ms
Total Time Cost: 00000428 ms
Total Distance 142: 0 0 4 5 5 5 5 4 4 4 0 0 0 0 0 0 0 0 0 5 5 5 5 3 4 4 0 0 0 0 0 0 0 0 4 5 5 5 5 4 3 4 4 0 0 0 0 0 0 0 0 5 5 5 5 4 4 4 4 0 0 0 0 0
Last Time Cost: 00000002 ms
Total Time Cost: 00000430 ms
Total Distance 140: 0 0 4 5 5 5 5 3 4 4 0 0 0 0 0 0 0 0 0 5 5 5 5 2 4 4 0 0 0 0 0 0 0 0 4 5 5 5 5 4 3 4 4 0 0 0 0 0 0 0 0 5 5 5 5 4 4 4 4 0 0 0 0 0
Last Time Cost: 00000002 ms
Total Time Cost: 00000432 ms
Total Distance 139: 0 0 4 5 5 5 5 3 4 4 0 0 0 0 0 0 0 0 0 5 5 5 5 1 4 4 0 0 0 0 0 0 0 0 4 5 5 5 5 4 3 4 4 0 0 0 0 0 0 0 0 5 5 5 5 4 4 4 4 0 0 0 0 0
Last Time Cost: 00000001 ms
Total Time Cost: 00000433 ms
Total Distance 138: 0 0 4 5 5 5 5 3 4 4 0 0 0 0 0 0 0 0 0 5 5 5 5 0 4 4 0 0 0 0 0 0 0 0 4 5 5 5 5 4 3 4 4 0 0 0 0 0 0 0 0 5 5 5 5 4 4 4 4 0 0 0 0 0
Last Time Cost: 00000002 ms
Total Time Cost: 00000435 ms
Total Distance 136: 0 0 4 5 5 5 5 3 4 4 0 0 0 0 0 0 0 0 0 5 5 5 5 0 4 3 0 0 0 0 0 0 0 0 4 5 5 5 5 4 2 4 4 0 0 0 0 0 0 0 0 5 5 5 5 4 4 4 4 0 0 0 0 0
Last Time Cost: 00000002 ms
Total Time Cost: 00000437 ms
Total Distance 135: 0 0 4 5 5 5 5 3 4 4 0 0 0 0 0 0 0 0 0 5 5 5 5 0 4 3 0 0 0 0 0 0 0 0 4 5 5 5 5 4 1 4 4 0 0 0 0 0 0 0 0 5 5 5 5 4 4 4 4 0 0 0 0 0
Last Time Cost: 00000001 ms
Total Time Cost: 00000438 ms
Total Distance 134: 0 0 4 5 5 5 5 3 4 4 0 0 0 0 0 0 0 0 0 5 5 5 5 0 4 3 0 0 0 0 0 0 0 0 4 5 5 5 5 4 0 4 4 0 0 0 0 0 0 0 0 5 5 5 5 4 4 4 4 0 0 0 0 0
Last Time Cost: 00000002 ms
Total Time Cost: 00000440 ms
Total Distance 132: 0 0 4 5 5 5 5 2 4 4 0 0 0 0 0 0 0 0 0 5 5 5 5 0 4 3 0 0 0 0 0 0 0 0 4 5 5 5 5 4 0 4 4 0 0 0 0 0 0 0 0 5 5 5 5 4 3 4 4 0 0 0 0 0
Last Time Cost: 00000002 ms
Total Time Cost: 00000442 ms
Total Distance 131: 0 0 4 5 5 5 5 1 4 4 0 0 0 0 0 0 0 0 0 5 5 5 5 0 4 3 0 0 0 0 0 0 0 0 4 5 5 5 5 4 0 4 4 0 0 0 0 0 0 0 0 5 5 5 5 4 3 4 4 0 0 0 0 0
Last Time Cost: 00000002 ms
Total Time Cost: 00000444 ms
Total Distance 130: 0 0 4 5 5 5 5 0 4 4 0 0 0 0 0 0 0 0 0 5 5 5 5 0 4 3 0 0 0 0 0 0 0 0 4 5 5 5 5 4 0 4 4 0 0 0 0 0 0 0 0 5 5 5 5 4 3 4 4 0 0 0 0 0
Last Time Cost: 00000003 ms
Total Time Cost: 00000447 ms
Total Distance 128: 0 0 4 5 5 5 5 0 4 4 0 0 0 0 0 0 0 0 0 5 5 5 5 0 4 2 0 0 0 0 0 0 0 0 4 5 5 5 5 4 0 4 3 0 0 0 0 0 0 0 0 5 5 5 5 4 3 4 4 0 0 0 0 0
Last Time Cost: 00000002 ms
Total Time Cost: 00000449 ms
Total Distance 126: 0 0 4 5 5 5 5 0 4 3 0 0 0 0 0 0 0 0 0 5 5 5 5 0 4 1 0 0 0 0 0 0 0 0 4 5 5 5 5 4 0 4 3 0 0 0 0 0 0 0 0 5 5 5 5 4 3 4 4 0 0 0 0 0
Last Time Cost: 00000001 ms
Total Time Cost: 00000450 ms
Total Distance 125: 0 0 4 5 5 5 5 0 4 3 0 0 0 0 0 0 0 0 0 5 5 5 5 0 4 0 0 0 0 0 0 0 0 0 4 5 5 5 5 4 0 4 3 0 0 0 0 0 0 0 0 5 5 5 5 4 3 4 4 0 0 0 0 0
Last Time Cost: 00000002 ms
Total Time Cost: 00000452 ms
Total Distance 123: 0 0 4 5 5 5 5 0 4 2 0 0 0 0 0 0 0 0 0 5 5 5 5 0 4 0 0 0 0 0 0 0 0 0 4 5 5 5 5 4 0 4 3 0 0 0 0 0 0 0 0 5 5 5 5 4 3 4 3 0 0 0 0 0
Last Time Cost: 00000002 ms
Total Time Cost: 00000454 ms
Total Distance 122: 0 0 4 5 5 5 5 0 4 1 0 0 0 0 0 0 0 0 0 5 5 5 5 0 4 0 0 0 0 0 0 0 0 0 4 5 5 5 5 4 0 4 3 0 0 0 0 0 0 0 0 5 5 5 5 4 3 4 3 0 0 0 0 0
Last Time Cost: 00000002 ms
Total Time Cost: 00000456 ms
Total Distance 121: 0 0 4 5 5 5 5 0 4 0 0 0 0 0 0 0 0 0 0 5 5 5 5 0 4 0 0 0 0 0 0 0 0 0 4 5 5 5 5 4 0 4 3 0 0 0 0 0 0 0 0 5 5 5 5 4 3 4 3 0 0 0 0 0
Last Time Cost: 00000003 ms
Total Time Cost: 00000459 ms
Total Distance 119: 0 0 4 5 5 5 5 0 4 0 0 0 0 0 0 0 0 0 0 5 5 5 5 0 4 0 0 0 0 0 0 0 0 0 4 5 5 5 5 4 0 4 2 0 0 0 0 0 0 0 0 5 5 5 5 4 3 4 2 0 0 0 0 0
Last Time Cost: 00000002 ms
Total Time Cost: 00000461 ms
Total Distance 118: 0 0 4 5 5 5 5 0 4 0 0 0 0 0 0 0 0 0 0 5 5 5 5 0 4 0 0 0 0 0 0 0 0 0 4 5 5 5 5 4 0 4 2 0 0 0 0 0 0 0 0 5 5 5 5 4 3 4 1 0 0 0 0 0
Last Time Cost: 00000002 ms
Total Time Cost: 00000463 ms
Total Distance 117: 0 0 4 5 5 5 5 0 4 0 0 0 0 0 0 0 0 0 0 5 5 5 5 0 4 0 0 0 0 0 0 0 0 0 4 5 5 5 5 4 0 4 2 0 0 0 0 0 0 0 0 5 5 5 5 4 3 4 0 0 0 0 0 0
Last Time Cost: 00000002 ms
Total Time Cost: 00000465 ms
Total Distance 116: 0 0 4 5 5 5 5 0 4 0 0 0 0 0 0 0 0 0 0 5 5 5 5 0 4 0 0 0 0 0 0 0 0 0 4 5 5 5 5 4 0 4 1 0 0 0 0 0 0 0 0 5 5 5 5 4 3 4 0 0 0 0 0 0
Last Time Cost: 00000002 ms
Total Time Cost: 00000467 ms
Total Distance 115: 0 0 4 5 5 5 5 0 4 0 0 0 0 0 0 0 0 0 0 5 5 5 5 0 4 0 0 0 0 0 0 0 0 0 4 5 5 5 5 4 0 4 0 0 0 0 0 0 0 0 0 5 5 5 5 4 3 4 0 0 0 0 0 0
Last Time Cost: 00000002 ms
Total Time Cost: 00000469 ms
Total Distance 114: 0 0 4 5 5 5 5 0 4 0 0 0 0 0 0 0 0 0 0 5 5 5 5 0 4 0 0 0 0 0 0 0 0 0 4 5 5 5 5 4 0 4 0 0 0 0 0 0 0 0 0 5 5 5 5 4 2 4 0 0 0 0 0 0
Last Time Cost: 00000009 ms
Total Time Cost: 00000478 ms
Total Distance 113: 0 0 4 5 5 5 5 0 4 0 0 0 0 0 0 0 0 0 0 5 5 5 5 0 4 0 0 0 0 0 0 0 0 0 4 5 5 5 5 4 0 4 0 0 0 0 0 0 0 0 0 5 5 5 5 4 1 4 0 0 0 0 0 0
Last Time Cost: 00000001 ms
Total Time Cost: 00000479 ms
Total Distance 112: 0 0 4 5 5 5 5 0 4 0 0 0 0 0 0 0 0 0 0 5 5 5 5 0 4 0 0 0 0 0 0 0 0 0 4 5 5 5 5 4 0 4 0 0 0 0 0 0 0 0 0 5 5 5 5 4 0 4 0 0 0 0 0 0
Last Time Cost: 00000004 ms
Total Time Cost: 00000483 ms
Total Distance 110: 0 0 4 5 5 5 5 0 4 0 0 0 0 0 0 0 0 0 0 5 5 5 5 0 4 0 0 0 0 0 0 0 0 0 4 5 5 5 5 4 0 3 0 0 0 0 0 0 0 0 0 5 5 5 5 4 0 3 0 0 0 0 0 0
Last Time Cost: 00000002 ms
Total Time Cost: 00000485 ms
Total Distance 108: 0 0 4 5 5 5 5 0 4 0 0 0 0 0 0 0 0 0 0 5 5 5 5 0 4 0 0 0 0 0 0 0 0 0 4 5 5 5 5 4 0 2 0 0 0 0 0 0 0 0 0 5 5 5 5 4 0 2 0 0 0 0 0 0
Last Time Cost: 00000002 ms
Total Time Cost: 00000487 ms
Total Distance 107: 0 0 4 5 5 5 5 0 4 0 0 0 0 0 0 0 0 0 0 5 5 5 5 0 4 0 0 0 0 0 0 0 0 0 4 5 5 5 5 4 0 2 0 0 0 0 0 0 0 0 0 5 5 5 5 4 0 1 0 0 0 0 0 0
Last Time Cost: 00000001 ms
Total Time Cost: 00000488 ms
Total Distance 106: 0 0 4 5 5 5 5 0 4 0 0 0 0 0 0 0 0 0 0 5 5 5 5 0 4 0 0 0 0 0 0 0 0 0 4 5 5 5 5 4 0 2 0 0 0 0 0 0 0 0 0 5 5 5 5 4 0 0 0 0 0 0 0 0
Last Time Cost: 00000003 ms
Total Time Cost: 00000491 ms
Total Distance 105: 0 0 4 5 5 5 5 0 4 0 0 0 0 0 0 0 0 0 0 5 5 5 5 0 4 0 0 0 0 0 0 0 0 0 4 5 5 5 5 4 0 1 0 0 0 0 0 0 0 0 0 5 5 5 5 4 0 0 0 0 0 0 0 0
Last Time Cost: 00000001 ms
Total Time Cost: 00000492 ms
Total Distance 104: 0 0 4 5 5 5 5 0 4 0 0 0 0 0 0 0 0 0 0 5 5 5 5 0 4 0 0 0 0 0 0 0 0 0 4 5 5 5 5 4 0 0 0 0 0 0 0 0 0 0 0 5 5 5 5 4 0 0 0 0 0 0 0 0
Last Time Cost: 00000004 ms
Total Time Cost: 00000496 ms
Total Distance 102: 0 0 4 5 5 5 5 0 3 0 0 0 0 0 0 0 0 0 0 5 5 5 5 0 3 0 0 0 0 0 0 0 0 0 4 5 5 5 5 4 0 0 0 0 0 0 0 0 0 0 0 5 5 5 5 4 0 0 0 0 0 0 0 0
Last Time Cost: 00000002 ms
Total Time Cost: 00000498 ms
Total Distance 100: 0 0 4 5 5 5 5 0 2 0 0 0 0 0 0 0 0 0 0 5 5 5 5 0 2 0 0 0 0 0 0 0 0 0 4 5 5 5 5 4 0 0 0 0 0 0 0 0 0 0 0 5 5 5 5 4 0 0 0 0 0 0 0 0
Last Time Cost: 00000002 ms
Total Time Cost: 00000500 ms
Total Distance 99: 0 0 4 5 5 5 5 0 2 0 0 0 0 0 0 0 0 0 0 5 5 5 5 0 1 0 0 0 0 0 0 0 0 0 4 5 5 5 5 4 0 0 0 0 0 0 0 0 0 0 0 5 5 5 5 4 0 0 0 0 0 0 0 0
Last Time Cost: 00000001 ms
Total Time Cost: 00000501 ms
Total Distance 98: 0 0 4 5 5 5 5 0 2 0 0 0 0 0 0 0 0 0 0 5 5 5 5 0 0 0 0 0 0 0 0 0 0 0 4 5 5 5 5 4 0 0 0 0 0 0 0 0 0 0 0 5 5 5 5 4 0 0 0 0 0 0 0 0
Last Time Cost: 00000002 ms
Total Time Cost: 00000503 ms
Total Distance 97: 0 0 4 5 5 5 5 0 1 0 0 0 0 0 0 0 0 0 0 5 5 5 5 0 0 0 0 0 0 0 0 0 0 0 4 5 5 5 5 4 0 0 0 0 0 0 0 0 0 0 0 5 5 5 5 4 0 0 0 0 0 0 0 0
Last Time Cost: 00000001 ms
Total Time Cost: 00000504 ms
Total Distance 96: 0 0 4 5 5 5 5 0 0 0 0 0 0 0 0 0 0 0 0 5 5 5 5 0 0 0 0 0 0 0 0 0 0 0 4 5 5 5 5 4 0 0 0 0 0 0 0 0 0 0 0 5 5 5 5 4 0 0 0 0 0 0 0 0
Last Time Cost: 00000003 ms
Total Time Cost: 00000507 ms
Total Distance 94: 0 0 3 5 5 5 5 0 0 0 0 0 0 0 0 0 0 0 0 5 5 5 5 0 0 0 0 0 0 0 0 0 0 0 3 5 5 5 5 4 0 0 0 0 0 0 0 0 0 0 0 5 5 5 5 4 0 0 0 0 0 0 0 0
Last Time Cost: 00000002 ms
Total Time Cost: 00000509 ms
Total Distance 93: 0 0 3 5 5 5 5 0 0 0 0 0 0 0 0 0 0 0 0 5 5 5 5 0 0 0 0 0 0 0 0 0 0 0 2 5 5 5 5 4 0 0 0 0 0 0 0 0 0 0 0 5 5 5 5 4 0 0 0 0 0 0 0 0
Last Time Cost: 00000002 ms
Total Time Cost: 00000511 ms
Total Distance 92: 0 0 3 5 5 5 5 0 0 0 0 0 0 0 0 0 0 0 0 5 5 5 5 0 0 0 0 0 0 0 0 0 0 0 1 5 5 5 5 4 0 0 0 0 0 0 0 0 0 0 0 5 5 5 5 4 0 0 0 0 0 0 0 0
Last Time Cost: 00000001 ms
Total Time Cost: 00000512 ms
Total Distance 91: 0 0 3 5 5 5 5 0 0 0 0 0 0 0 0 0 0 0 0 5 5 5 5 0 0 0 0 0 0 0 0 0 0 0 0 5 5 5 5 4 0 0 0 0 0 0 0 0 0 0 0 5 5 5 5 4 0 0 0 0 0 0 0 0
Last Time Cost: 00000002 ms
Total Time Cost: 00000514 ms
Total Distance 90: 0 0 2 5 5 5 5 0 0 0 0 0 0 0 0 0 0 0 0 5 5 5 5 0 0 0 0 0 0 0 0 0 0 0 0 5 5 5 5 4 0 0 0 0 0 0 0 0 0 0 0 5 5 5 5 4 0 0 0 0 0 0 0 0
Last Time Cost: 00000003 ms
Total Time Cost: 00000517 ms
Total Distance 89: 0 0 1 5 5 5 5 0 0 0 0 0 0 0 0 0 0 0 0 5 5 5 5 0 0 0 0 0 0 0 0 0 0 0 0 5 5 5 5 4 0 0 0 0 0 0 0 0 0 0 0 5 5 5 5 4 0 0 0 0 0 0 0 0
Last Time Cost: 00000001 ms
Total Time Cost: 00000518 ms
Total Distance 88: 0 0 0 5 5 5 5 0 0 0 0 0 0 0 0 0 0 0 0 5 5 5 5 0 0 0 0 0 0 0 0 0 0 0 0 5 5 5 5 4 0 0 0 0 0 0 0 0 0 0 0 5 5 5 5 4 0 0 0 0 0 0 0 0
Last Time Cost: 00000002 ms
Total Time Cost: 00000520 ms
Total Distance 86: 0 0 0 5 5 5 5 0 0 0 0 0 0 0 0 0 0 0 0 5 5 5 5 0 0 0 0 0 0 0 0 0 0 0 0 5 5 5 5 3 0 0 0 0 0 0 0 0 0 0 0 5 5 5 5 3 0 0 0 0 0 0 0 0
Last Time Cost: 00000003 ms
Total Time Cost: 00000523 ms
Total Distance 85: 0 0 0 5 5 5 5 0 0 0 0 0 0 0 0 0 0 0 0 5 5 5 5 0 0 0 0 0 0 0 0 0 0 0 0 5 5 5 5 3 0 0 0 0 0 0 0 0 0 0 0 5 5 5 5 2 0 0 0 0 0 0 0 0
Last Time Cost: 00000002 ms
Total Time Cost: 00000525 ms
Total Distance 84: 0 0 0 5 5 5 5 0 0 0 0 0 0 0 0 0 0 0 0 5 5 5 5 0 0 0 0 0 0 0 0 0 0 0 0 5 5 5 5 3 0 0 0 0 0 0 0 0 0 0 0 5 5 5 5 1 0 0 0 0 0 0 0 0
Last Time Cost: 00000001 ms
Total Time Cost: 00000526 ms
Total Distance 83: 0 0 0 5 5 5 5 0 0 0 0 0 0 0 0 0 0 0 0 5 5 5 5 0 0 0 0 0 0 0 0 0 0 0 0 5 5 5 5 3 0 0 0 0 0 0 0 0 0 0 0 5 5 5 5 0 0 0 0 0 0 0 0 0
Last Time Cost: 00000003 ms
Total Time Cost: 00000529 ms
Total Distance 82: 0 0 0 5 5 5 5 0 0 0 0 0 0 0 0 0 0 0 0 5 5 5 5 0 0 0 0 0 0 0 0 0 0 0 0 5 5 5 5 2 0 0 0 0 0 0 0 0 0 0 0 5 5 5 5 0 0 0 0 0 0 0 0 0
Last Time Cost: 00000002 ms
Total Time Cost: 00000531 ms
Total Distance 81: 0 0 0 5 5 5 5 0 0 0 0 0 0 0 0 0 0 0 0 5 5 5 5 0 0 0 0 0 0 0 0 0 0 0 0 5 5 5 5 1 0 0 0 0 0 0 0 0 0 0 0 5 5 5 5 0 0 0 0 0 0 0 0 0
Last Time Cost: 00000001 ms
Total Time Cost: 00000532 ms
Total Distance 80: 0 0 0 5 5 5 5 0 0 0 0 0 0 0 0 0 0 0 0 5 5 5 5 0 0 0 0 0 0 0 0 0 0 0 0 5 5 5 5 0 0 0 0 0 0 0 0 0 0 0 0 5 5 5 5 0 0 0 0 0 0 0 0 0
Last Time Cost: 00000197 ms
Total Time Cost: 00000729 ms
Total Distance 77: 0 0 0 5 5 4 4 0 0 0 0 0 0 0 0 0 0 0 0 5 5 5 4 0 0 0 0 0 0 0 0 0 0 0 0 5 5 5 5 0 0 0 0 0 0 0 0 0 0 0 0 5 5 5 5 0 0 0 0 0 0 0 0 0
Last Time Cost: 00000003 ms
Total Time Cost: 00000732 ms
Total Distance 75: 0 0 0 5 5 4 3 0 0 0 0 0 0 0 0 0 0 0 0 5 5 5 3 0 0 0 0 0 0 0 0 0 0 0 0 5 5 5 5 0 0 0 0 0 0 0 0 0 0 0 0 5 5 5 5 0 0 0 0 0 0 0 0 0
Last Time Cost: 00000002 ms
Total Time Cost: 00000734 ms
Total Distance 73: 0 0 0 5 5 4 2 0 0 0 0 0 0 0 0 0 0 0 0 5 5 5 2 0 0 0 0 0 0 0 0 0 0 0 0 5 5 5 5 0 0 0 0 0 0 0 0 0 0 0 0 5 5 5 5 0 0 0 0 0 0 0 0 0
Last Time Cost: 00000003 ms
Total Time Cost: 00000737 ms
Total Distance 72: 0 0 0 5 5 4 1 0 0 0 0 0 0 0 0 0 0 0 0 5 5 5 2 0 0 0 0 0 0 0 0 0 0 0 0 5 5 5 5 0 0 0 0 0 0 0 0 0 0 0 0 5 5 5 5 0 0 0 0 0 0 0 0 0
Last Time Cost: 00000001 ms
Total Time Cost: 00000738 ms
Total Distance 71: 0 0 0 5 5 4 0 0 0 0 0 0 0 0 0 0 0 0 0 5 5 5 2 0 0 0 0 0 0 0 0 0 0 0 0 5 5 5 5 0 0 0 0 0 0 0 0 0 0 0 0 5 5 5 5 0 0 0 0 0 0 0 0 0
Last Time Cost: 00000002 ms
Total Time Cost: 00000740 ms
Total Distance 70: 0 0 0 5 5 4 0 0 0 0 0 0 0 0 0 0 0 0 0 5 5 5 1 0 0 0 0 0 0 0 0 0 0 0 0 5 5 5 5 0 0 0 0 0 0 0 0 0 0 0 0 5 5 5 5 0 0 0 0 0 0 0 0 0
Last Time Cost: 00000001 ms
Total Time Cost: 00000741 ms
Total Distance 69: 0 0 0 5 5 4 0 0 0 0 0 0 0 0 0 0 0 0 0 5 5 5 0 0 0 0 0 0 0 0 0 0 0 0 0 5 5 5 5 0 0 0 0 0 0 0 0 0 0 0 0 5 5 5 5 0 0 0 0 0 0 0 0 0
Last Time Cost: 00000002 ms
Total Time Cost: 00000743 ms
Total Distance 67: 0 0 0 5 5 3 0 0 0 0 0 0 0 0 0 0 0 0 0 5 5 5 0 0 0 0 0 0 0 0 0 0 0 0 0 5 5 5 5 0 0 0 0 0 0 0 0 0 0 0 0 4 5 5 5 0 0 0 0 0 0 0 0 0
Last Time Cost: 00000002 ms
Total Time Cost: 00000745 ms
Total Distance 65: 0 0 0 5 5 2 0 0 0 0 0 0 0 0 0 0 0 0 0 5 4 5 0 0 0 0 0 0 0 0 0 0 0 0 0 5 5 5 5 0 0 0 0 0 0 0 0 0 0 0 0 4 5 5 5 0 0 0 0 0 0 0 0 0
Last Time Cost: 00000003 ms
Total Time Cost: 00000748 ms
Total Distance 64: 0 0 0 5 5 1 0 0 0 0 0 0 0 0 0 0 0 0 0 5 4 5 0 0 0 0 0 0 0 0 0 0 0 0 0 5 5 5 5 0 0 0 0 0 0 0 0 0 0 0 0 4 5 5 5 0 0 0 0 0 0 0 0 0
Last Time Cost: 00000001 ms
Total Time Cost: 00000749 ms
Total Distance 63: 0 0 0 5 5 0 0 0 0 0 0 0 0 0 0 0 0 0 0 5 4 5 0 0 0 0 0 0 0 0 0 0 0 0 0 5 5 5 5 0 0 0 0 0 0 0 0 0 0 0 0 4 5 5 5 0 0 0 0 0 0 0 0 0
Last Time Cost: 00000002 ms
Total Time Cost: 00000751 ms
Total Distance 61: 0 0 0 5 4 0 0 0 0 0 0 0 0 0 0 0 0 0 0 5 3 5 0 0 0 0 0 0 0 0 0 0 0 0 0 5 5 5 5 0 0 0 0 0 0 0 0 0 0 0 0 4 5 5 5 0 0 0 0 0 0 0 0 0
Last Time Cost: 00000003 ms
Total Time Cost: 00000754 ms
Total Distance 59: 0 0 0 5 3 0 0 0 0 0 0 0 0 0 0 0 0 0 0 5 2 5 0 0 0 0 0 0 0 0 0 0 0 0 0 5 5 5 5 0 0 0 0 0 0 0 0 0 0 0 0 4 5 5 5 0 0 0 0 0 0 0 0 0
Last Time Cost: 00000002 ms
Total Time Cost: 00000756 ms
Total Distance 58: 0 0 0 5 3 0 0 0 0 0 0 0 0 0 0 0 0 0 0 5 1 5 0 0 0 0 0 0 0 0 0 0 0 0 0 5 5 5 5 0 0 0 0 0 0 0 0 0 0 0 0 4 5 5 5 0 0 0 0 0 0 0 0 0
Last Time Cost: 00000001 ms
Total Time Cost: 00000757 ms
Total Distance 57: 0 0 0 5 3 0 0 0 0 0 0 0 0 0 0 0 0 0 0 5 0 5 0 0 0 0 0 0 0 0 0 0 0 0 0 5 5 5 5 0 0 0 0 0 0 0 0 0 0 0 0 4 5 5 5 0 0 0 0 0 0 0 0 0
Last Time Cost: 00000003 ms
Total Time Cost: 00000760 ms
Total Distance 55: 0 0 0 5 2 0 0 0 0 0 0 0 0 0 0 0 0 0 0 5 0 4 0 0 0 0 0 0 0 0 0 0 0 0 0 5 5 5 5 0 0 0 0 0 0 0 0 0 0 0 0 4 5 5 5 0 0 0 0 0 0 0 0 0
Last Time Cost: 00000002 ms
Total Time Cost: 00000762 ms
Total Distance 53: 0 0 0 5 1 0 0 0 0 0 0 0 0 0 0 0 0 0 0 4 0 4 0 0 0 0 0 0 0 0 0 0 0 0 0 5 5 5 5 0 0 0 0 0 0 0 0 0 0 0 0 4 5 5 5 0 0 0 0 0 0 0 0 0
Last Time Cost: 00000001 ms
Total Time Cost: 00000763 ms
Total Distance 52: 0 0 0 5 0 0 0 0 0 0 0 0 0 0 0 0 0 0 0 4 0 4 0 0 0 0 0 0 0 0 0 0 0 0 0 5 5 5 5 0 0 0 0 0 0 0 0 0 0 0 0 4 5 5 5 0 0 0 0 0 0 0 0 0
Last Time Cost: 00000003 ms
Total Time Cost: 00000766 ms
Total Distance 50: 0 0 0 5 0 0 0 0 0 0 0 0 0 0 0 0 0 0 0 4 0 3 0 0 0 0 0 0 0 0 0 0 0 0 0 4 5 5 5 0 0 0 0 0 0 0 0 0 0 0 0 4 5 5 5 0 0 0 0 0 0 0 0 0
Last Time Cost: 00000002 ms
Total Time Cost: 00000768 ms
Total Distance 49: 0 0 0 5 0 0 0 0 0 0 0 0 0 0 0 0 0 0 0 4 0 2 0 0 0 0 0 0 0 0 0 0 0 0 0 4 5 5 5 0 0 0 0 0 0 0 0 0 0 0 0 4 5 5 5 0 0 0 0 0 0 0 0 0
Last Time Cost: 00000002 ms
Total Time Cost: 00000770 ms
Total Distance 47: 0 0 0 5 0 0 0 0 0 0 0 0 0 0 0 0 0 0 0 4 0 1 0 0 0 0 0 0 0 0 0 0 0 0 0 4 5 5 4 0 0 0 0 0 0 0 0 0 0 0 0 4 5 5 5 0 0 0 0 0 0 0 0 0
Last Time Cost: 00000001 ms
Total Time Cost: 00000771 ms
Total Distance 44: 0 0 0 5 0 0 0 0 0 0 0 0 0 0 0 0 0 0 0 4 0 0 0 0 0 0 0 0 0 0 0 0 0 0 0 4 5 5 3 0 0 0 0 0 0 0 0 0 0 0 0 4 5 5 4 0 0 0 0 0 0 0 0 0
Last Time Cost: 00000002 ms
Total Time Cost: 00000773 ms
Total Distance 42: 0 0 0 5 0 0 0 0 0 0 0 0 0 0 0 0 0 0 0 4 0 0 0 0 0 0 0 0 0 0 0 0 0 0 0 4 5 5 2 0 0 0 0 0 0 0 0 0 0 0 0 4 5 5 3 0 0 0 0 0 0 0 0 0
Last Time Cost: 00000002 ms
Total Time Cost: 00000775 ms
Total Distance 40: 0 0 0 5 0 0 0 0 0 0 0 0 0 0 0 0 0 0 0 4 0 0 0 0 0 0 0 0 0 0 0 0 0 0 0 4 5 5 1 0 0 0 0 0 0 0 0 0 0 0 0 4 5 5 2 0 0 0 0 0 0 0 0 0
Last Time Cost: 00000002 ms
Total Time Cost: 00000777 ms
Total Distance 39: 0 0 0 5 0 0 0 0 0 0 0 0 0 0 0 0 0 0 0 4 0 0 0 0 0 0 0 0 0 0 0 0 0 0 0 4 5 5 0 0 0 0 0 0 0 0 0 0 0 0 0 4 5 5 2 0 0 0 0 0 0 0 0 0
Last Time Cost: 00000002 ms
Total Time Cost: 00000779 ms
Total Distance 38: 0 0 0 5 0 0 0 0 0 0 0 0 0 0 0 0 0 0 0 4 0 0 0 0 0 0 0 0 0 0 0 0 0 0 0 4 5 5 0 0 0 0 0 0 0 0 0 0 0 0 0 4 5 5 1 0 0 0 0 0 0 0 0 0
Last Time Cost: 00000002 ms
Total Time Cost: 00000781 ms
Total Distance 37: 0 0 0 5 0 0 0 0 0 0 0 0 0 0 0 0 0 0 0 4 0 0 0 0 0 0 0 0 0 0 0 0 0 0 0 4 5 5 0 0 0 0 0 0 0 0 0 0 0 0 0 4 5 5 0 0 0 0 0 0 0 0 0 0
Last Time Cost: 00000003 ms
Total Time Cost: 00000784 ms
Total Distance 35: 0 0 0 5 0 0 0 0 0 0 0 0 0 0 0 0 0 0 0 4 0 0 0 0 0 0 0 0 0 0 0 0 0 0 0 3 5 5 0 0 0 0 0 0 0 0 0 0 0 0 0 3 5 5 0 0 0 0 0 0 0 0 0 0
Last Time Cost: 00000002 ms
Total Time Cost: 00000786 ms
Total Distance 33: 0 0 0 4 0 0 0 0 0 0 0 0 0 0 0 0 0 0 0 4 0 0 0 0 0 0 0 0 0 0 0 0 0 0 0 3 5 5 0 0 0 0 0 0 0 0 0 0 0 0 0 2 5 5 0 0 0 0 0 0 0 0 0 0
Last Time Cost: 00000002 ms
Total Time Cost: 00000788 ms
Total Distance 32: 0 0 0 4 0 0 0 0 0 0 0 0 0 0 0 0 0 0 0 4 0 0 0 0 0 0 0 0 0 0 0 0 0 0 0 3 5 5 0 0 0 0 0 0 0 0 0 0 0 0 0 1 5 5 0 0 0 0 0 0 0 0 0 0
Last Time Cost: 00000002 ms
Total Time Cost: 00000790 ms
Total Distance 31: 0 0 0 4 0 0 0 0 0 0 0 0 0 0 0 0 0 0 0 4 0 0 0 0 0 0 0 0 0 0 0 0 0 0 0 3 5 5 0 0 0 0 0 0 0 0 0 0 0 0 0 0 5 5 0 0 0 0 0 0 0 0 0 0
Last Time Cost: 00000002 ms
Total Time Cost: 00000792 ms
Total Distance 30: 0 0 0 4 0 0 0 0 0 0 0 0 0 0 0 0 0 0 0 4 0 0 0 0 0 0 0 0 0 0 0 0 0 0 0 2 5 5 0 0 0 0 0 0 0 0 0 0 0 0 0 0 5 5 0 0 0 0 0 0 0 0 0 0
Last Time Cost: 00000002 ms
Total Time Cost: 00000794 ms
Total Distance 29: 0 0 0 4 0 0 0 0 0 0 0 0 0 0 0 0 0 0 0 4 0 0 0 0 0 0 0 0 0 0 0 0 0 0 0 1 5 5 0 0 0 0 0 0 0 0 0 0 0 0 0 0 5 5 0 0 0 0 0 0 0 0 0 0
Last Time Cost: 00000001 ms
Total Time Cost: 00000795 ms
Total Distance 26: 0 0 0 4 0 0 0 0 0 0 0 0 0 0 0 0 0 0 0 4 0 0 0 0 0 0 0 0 0 0 0 0 0 0 0 0 4 5 0 0 0 0 0 0 0 0 0 0 0 0 0 0 4 5 0 0 0 0 0 0 0 0 0 0
Last Time Cost: 00000003 ms
Total Time Cost: 00000798 ms
Total Distance 24: 0 0 0 3 0 0 0 0 0 0 0 0 0 0 0 0 0 0 0 3 0 0 0 0 0 0 0 0 0 0 0 0 0 0 0 0 4 5 0 0 0 0 0 0 0 0 0 0 0 0 0 0 4 5 0 0 0 0 0 0 0 0 0 0
Last Time Cost: 00000002 ms
Total Time Cost: 00000800 ms
Total Distance 23: 0 0 0 2 0 0 0 0 0 0 0 0 0 0 0 0 0 0 0 3 0 0 0 0 0 0 0 0 0 0 0 0 0 0 0 0 4 5 0 0 0 0 0 0 0 0 0 0 0 0 0 0 4 5 0 0 0 0 0 0 0 0 0 0
Last Time Cost: 00000002 ms
Total Time Cost: 00000802 ms
Total Distance 22: 0 0 0 1 0 0 0 0 0 0 0 0 0 0 0 0 0 0 0 3 0 0 0 0 0 0 0 0 0 0 0 0 0 0 0 0 4 5 0 0 0 0 0 0 0 0 0 0 0 0 0 0 4 5 0 0 0 0 0 0 0 0 0 0
Last Time Cost: 00000001 ms
Total Time Cost: 00000803 ms
Total Distance 21: 0 0 0 0 0 0 0 0 0 0 0 0 0 0 0 0 0 0 0 3 0 0 0 0 0 0 0 0 0 0 0 0 0 0 0 0 4 5 0 0 0 0 0 0 0 0 0 0 0 0 0 0 4 5 0 0 0 0 0 0 0 0 0 0
Last Time Cost: 00000002 ms
Total Time Cost: 00000805 ms
Total Distance 20: 0 0 0 0 0 0 0 0 0 0 0 0 0 0 0 0 0 0 0 2 0 0 0 0 0 0 0 0 0 0 0 0 0 0 0 0 4 5 0 0 0 0 0 0 0 0 0 0 0 0 0 0 4 5 0 0 0 0 0 0 0 0 0 0
Last Time Cost: 00000002 ms
Total Time Cost: 00000807 ms
Total Distance 18: 0 0 0 0 0 0 0 0 0 0 0 0 0 0 0 0 0 0 0 1 0 0 0 0 0 0 0 0 0 0 0 0 0 0 0 0 3 5 0 0 0 0 0 0 0 0 0 0 0 0 0 0 4 5 0 0 0 0 0 0 0 0 0 0
Last Time Cost: 00000002 ms
Total Time Cost: 00000809 ms
Total Distance 17: 0 0 0 0 0 0 0 0 0 0 0 0 0 0 0 0 0 0 0 0 0 0 0 0 0 0 0 0 0 0 0 0 0 0 0 0 3 5 0 0 0 0 0 0 0 0 0 0 0 0 0 0 4 5 0 0 0 0 0 0 0 0 0 0
Last Time Cost: 00000003 ms
Total Time Cost: 00000812 ms
Total Distance 15: 0 0 0 0 0 0 0 0 0 0 0 0 0 0 0 0 0 0 0 0 0 0 0 0 0 0 0 0 0 0 0 0 0 0 0 0 2 5 0 0 0 0 0 0 0 0 0 0 0 0 0 0 4 4 0 0 0 0 0 0 0 0 0 0
Last Time Cost: 00000003 ms
Total Time Cost: 00000815 ms
Total Distance 14: 0 0 0 0 0 0 0 0 0 0 0 0 0 0 0 0 0 0 0 0 0 0 0 0 0 0 0 0 0 0 0 0 0 0 0 0 1 5 0 0 0 0 0 0 0 0 0 0 0 0 0 0 4 4 0 0 0 0 0 0 0 0 0 0
Last Time Cost: 00000002 ms
Total Time Cost: 00000817 ms
Total Distance 13: 0 0 0 0 0 0 0 0 0 0 0 0 0 0 0 0 0 0 0 0 0 0 0 0 0 0 0 0 0 0 0 0 0 0 0 0 0 5 0 0 0 0 0 0 0 0 0 0 0 0 0 0 4 4 0 0 0 0 0 0 0 0 0 0
Last Time Cost: 00000003 ms
Total Time Cost: 00000820 ms
Total Distance 11: 0 0 0 0 0 0 0 0 0 0 0 0 0 0 0 0 0 0 0 0 0 0 0 0 0 0 0 0 0 0 0 0 0 0 0 0 0 4 0 0 0 0 0 0 0 0 0 0 0 0 0 0 3 4 0 0 0 0 0 0 0 0 0 0
Last Time Cost: 00000002 ms
Total Time Cost: 00000822 ms
Total Distance 9: 0 0 0 0 0 0 0 0 0 0 0 0 0 0 0 0 0 0 0 0 0 0 0 0 0 0 0 0 0 0 0 0 0 0 0 0 0 3 0 0 0 0 0 0 0 0 0 0 0 0 0 0 2 4 0 0 0 0 0 0 0 0 0 0
Last Time Cost: 00000002 ms
Total Time Cost: 00000824 ms
Total Distance 8: 0 0 0 0 0 0 0 0 0 0 0 0 0 0 0 0 0 0 0 0 0 0 0 0 0 0 0 0 0 0 0 0 0 0 0 0 0 3 0 0 0 0 0 0 0 0 0 0 0 0 0 0 1 4 0 0 0 0 0 0 0 0 0 0
Last Time Cost: 00000001 ms
Total Time Cost: 00000825 ms
Total Distance 7: 0 0 0 0 0 0 0 0 0 0 0 0 0 0 0 0 0 0 0 0 0 0 0 0 0 0 0 0 0 0 0 0 0 0 0 0 0 3 0 0 0 0 0 0 0 0 0 0 0 0 0 0 0 4 0 0 0 0 0 0 0 0 0 0
Last Time Cost: 00000002 ms
Total Time Cost: 00000827 ms
Total Distance 6: 0 0 0 0 0 0 0 0 0 0 0 0 0 0 0 0 0 0 0 0 0 0 0 0 0 0 0 0 0 0 0 0 0 0 0 0 0 2 0 0 0 0 0 0 0 0 0 0 0 0 0 0 0 4 0 0 0 0 0 0 0 0 0 0
Last Time Cost: 00000002 ms
Total Time Cost: 00000829 ms
Total Distance 5: 0 0 0 0 0 0 0 0 0 0 0 0 0 0 0 0 0 0 0 0 0 0 0 0 0 0 0 0 0 0 0 0 0 0 0 0 0 1 0 0 0 0 0 0 0 0 0 0 0 0 0 0 0 4 0 0 0 0 0 0 0 0 0 0
Last Time Cost: 00000001 ms
Total Time Cost: 00000830 ms
Total Distance 3: 0 0 0 0 0 0 0 0 0 0 0 0 0 0 0 0 0 0 0 0 0 0 0 0 0 0 0 0 0 0 0 0 0 0 0 0 0 0 0 0 0 0 0 0 0 0 0 0 0 0 0 0 0 3 0 0 0 0 0 0 0 0 0 0
Last Time Cost: 00000001 ms
Total Time Cost: 00000831 ms
Total Distance 2: 0 0 0 0 0 0 0 0 0 0 0 0 0 0 0 0 0 0 0 0 0 0 0 0 0 0 0 0 0 0 0 0 0 0 0 0 0 0 0 0 0 0 0 0 0 0 0 0 0 0 0 0 0 2 0 0 0 0 0 0 0 0 0 0
Last Time Cost: 00000000 ms
Total Time Cost: 00000831 ms
Total Distance 1: 0 0 0 0 0 0 0 0 0 0 0 0 0 0 0 0 0 0 0 0 0 0 0 0 0 0 0 0 0 0 0 0 0 0 0 0 0 0 0 0 0 0 0 0 0 0 0 0 0 0 0 0 0 1 0 0 0 0 0 0 0 0 0 0
Last Time Cost: 00000000 ms
Total Time Cost: 00000831 ms
Total Distance 0: 0 0 0 0 0 0 0 0 0 0 0 0 0 0 0 0 0 0 0 0 0 0 0 0 0 0 0 0 0 0 0 0 0 0 0 0 0 0 0 0 0 0 0 0 0 0 0 0 0 0 0 0 0 0 0 0 0 0 0 0 0 0 0 0
