Last Time Cost: 00000000 ms
Total Time Cost: 00000000 ms
Total Distance 280: 4 6 6 4 6 4 4 4 4 4 4 4 4 4 4 4 4 6 6 4 6 4 4 4 4 4 4 4 4 4 4 4 4 6 6 4 6 4 4 4 4 4 4 4 4 4 4 4 4 6 6 4 6 4 4 4 4 4 4 4 4 4 4 4
Last Time Cost: 00000009 ms
Total Time Cost: 00000009 ms
Total Distance 274: 4 5 5 4 5 4 4 4 4 4 4 4 4 4 4 3 4 6 6 4 6 4 4 4 4 4 4 4 4 4 4 4 3 6 6 4 6 4 4 4 4 4 4 4 4 4 4 4 3 6 6 4 6 4 4 4 4 4 4 4 4 4 4 4
Last Time Cost: 00000006 ms
Total Time Cost: 00000015 ms
Total Distance 270: 3 5 5 4 5 4 4 4 4 4 4 4 4 4 4 3 4 5 6 4 6 4 4 4 4 4 4 4 4 4 4 4 3 5 6 4 6 4 4 4 4 4 4 4 4 4 4 4 2 6 6 4 6 4 4 4 4 4 4 4 4 4 4 4
Last Time Cost: 00000006 ms
Total Time Cost: 00000021 ms
Total Distance 267: 3 4 5 4 5 4 4 4 4 4 4 4 4 4 4 3 4 5 6 4 6 4 4 4 4 4 4 4 4 4 4 4 2 5 6 4 6 4 4 4 4 4 4 4 4 4 4 4 1 6 6 4 6 4 4 4 4 4 4 4 4 4 4 4
Last Time Cost: 00000006 ms
Total Time Cost: 00000027 ms
Total Distance 265: 3 4 5 4 5 4 4 4 4 4 4 4 4 4 4 3 4 4 6 4 6 4 4 4 4 4 4 4 4 4 4 4 2 5 6 4 6 4 4 4 4 4 4 4 4 4 4 4 0 6 6 4 6 4 4 4 4 4 4 4 4 4 4 4
Last Time Cost: 00000006 ms
Total Time Cost: 00000033 ms
Total Distance 262: 3 4 5 4 5 4 4 4 4 4 4 4 4 4 4 3 3 4 6 4 6 4 4 4 4 4 4 4 4 4 4 4 1 5 6 4 6 4 4 4 4 4 4 4 4 4 4 4 0 5 6 4 6 4 4 4 4 4 4 4 4 4 4 4
Last Time Cost: 00000006 ms
Total Time Cost: 00000039 ms
Total Distance 261: 3 4 5 4 5 4 4 4 4 4 4 4 4 4 4 3 3 4 6 4 6 4 4 4 4 4 4 4 4 4 4 4 0 5 6 4 6 4 4 4 4 4 4 4 4 4 4 4 0 5 6 4 6 4 4 4 4 4 4 4 4 4 4 4
Last Time Cost: 00000007 ms
Total Time Cost: 00000046 ms
Total Distance 258: 3 4 5 4 5 4 4 4 4 4 4 4 4 4 4 2 3 4 6 4 6 4 4 4 4 4 4 4 4 4 3 4 0 5 6 4 6 4 4 4 4 4 4 4 4 4 4 4 0 5 6 4 6 4 4 4 4 4 4 4 4 4 4 3
Last Time Cost: 00000007 ms
Total Time Cost: 00000053 ms
Total Distance 257: 3 4 5 4 5 4 4 4 4 4 4 4 4 4 4 1 3 4 6 4 6 4 4 4 4 4 4 4 4 4 3 4 0 5 6 4 6 4 4 4 4 4 4 4 4 4 4 4 0 5 6 4 6 4 4 4 4 4 4 4 4 4 4 3
Last Time Cost: 00000007 ms
Total Time Cost: 00000060 ms
Total Distance 256: 3 4 5 4 5 4 4 4 4 4 4 4 4 4 4 0 3 4 6 4 6 4 4 4 4 4 4 4 4 4 3 4 0 5 6 4 6 4 4 4 4 4 4 4 4 4 4 4 0 5 6 4 6 4 4 4 4 4 4 4 4 4 4 3
Last Time Cost: 00000008 ms
Total Time Cost: 00000068 ms
Total Distance 253: 3 4 5 4 5 4 4 4 4 4 4 4 4 4 4 0 3 4 6 4 6 4 4 4 4 4 4 4 4 4 2 4 0 5 6 4 6 4 4 4 4 4 4 4 4 4 3 4 0 5 6 4 6 4 4 4 4 4 4 4 4 3 4 3
Last Time Cost: 00000007 ms
Total Time Cost: 00000075 ms
Total Distance 252: 3 4 5 4 5 4 4 4 4 4 4 4 4 4 4 0 3 4 6 4 6 4 4 4 4 4 4 4 4 4 1 4 0 5 6 4 6 4 4 4 4 4 4 4 4 4 3 4 0 5 6 4 6 4 4 4 4 4 4 4 4 3 4 3
Last Time Cost: 00000007 ms
Total Time Cost: 00000082 ms
Total Distance 251: 3 4 5 4 5 4 4 4 4 4 4 4 4 4 4 0 3 4 6 4 6 4 4 4 4 4 4 4 4 4 0 4 0 5 6 4 6 4 4 4 4 4 4 4 4 4 3 4 0 5 6 4 6 4 4 4 4 4 4 4 4 3 4 3
Last Time Cost: 00000008 ms
Total Time Cost: 00000090 ms
Total Distance 248: 3 4 5 4 5 4 4 4 4 4 4 4 4 3 4 0 3 4 6 4 6 4 4 4 4 4 4 4 3 4 0 4 0 5 6 4 6 4 4 4 4 4 4 4 4 4 3 4 0 5 6 4 6 4 4 4 4 4 4 4 4 2 4 3
Last Time Cost: 00000008 ms
Total Time Cost: 00000098 ms
Total Distance 247: 3 4 5 4 5 4 4 4 4 4 4 4 4 3 4 0 3 4 6 4 6 4 4 4 4 4 4 4 3 4 0 4 0 5 6 4 6 4 4 4 4 4 4 4 4 4 3 4 0 5 6 4 6 4 4 4 4 4 4 4 4 1 4 3
Last Time Cost: 00000008 ms
Total Time Cost: 00000106 ms
Total Distance 246: 3 4 5 4 5 4 4 4 4 4 4 4 4 3 4 0 3 4 6 4 6 4 4 4 4 4 4 4 3 4 0 4 0 5 6 4 6 4 4 4 4 4 4 4 4 4 3 4 0 5 6 4 6 4 4 4 4 4 4 4 4 0 4 3
Last Time Cost: 00000009 ms
Total Time Cost: 00000115 ms
Total Distance 243: 3 4 5 4 5 4 4 4 4 4 4 4 4 2 3 0 3 4 6 4 6 4 4 4 4 4 4 4 3 4 0 4 0 5 6 4 6 4 4 4 4 4 4 4 4 4 3 4 0 5 6 4 6 4 4 4 4 4 4 4 4 0 3 3
Last Time Cost: 00000009 ms
Total Time Cost: 00000124 ms
Total Distance 242: 3 4 5 4 5 4 4 4 4 4 4 4 4 1 3 0 3 4 6 4 6 4 4 4 4 4 4 4 3 4 0 4 0 5 6 4 6 4 4 4 4 4 4 4 4 4 3 4 0 5 6 4 6 4 4 4 4 4 4 4 4 0 3 3
Last Time Cost: 00000008 ms
Total Time Cost: 00000132 ms
Total Distance 241: 3 4 5 4 5 4 4 4 4 4 4 4 4 0 3 0 3 4 6 4 6 4 4 4 4 4 4 4 3 4 0 4 0 5 6 4 6 4 4 4 4 4 4 4 4 4 3 4 0 5 6 4 6 4 4 4 4 4 4 4 4 0 3 3
Last Time Cost: 00000010 ms
Total Time Cost: 00000142 ms
Total Distance 238: 3 4 5 4 5 4 4 4 4 4 4 4 4 0 3 0 3 4 6 4 6 4 4 4 4 4 4 4 2 4 0 4 0 5 6 4 6 4 4 4 4 4 4 4 3 4 3 4 0 5 6 4 6 4 4 4 4 4 4 3 4 0 3 3
Last Time Cost: 00000011 ms
Total Time Cost: 00000153 ms
Total Distance 237: 3 4 5 4 5 4 4 4 4 4 4 4 4 0 3 0 3 4 6 4 6 4 4 4 4 4 4 4 1 4 0 4 0 5 6 4 6 4 4 4 4 4 4 4 3 4 3 4 0 5 6 4 6 4 4 4 4 4 4 3 4 0 3 3
Last Time Cost: 00000009 ms
Total Time Cost: 00000162 ms
Total Distance 236: 3 4 5 4 5 4 4 4 4 4 4 4 4 0 3 0 3 4 6 4 6 4 4 4 4 4 4 4 0 4 0 4 0 5 6 4 6 4 4 4 4 4 4 4 3 4 3 4 0 5 6 4 6 4 4 4 4 4 4 3 4 0 3 3
Last Time Cost: 00000010 ms
Total Time Cost: 00000172 ms
Total Distance 233: 3 4 5 4 5 4 4 4 4 4 4 3 4 0 3 0 3 4 6 4 6 4 4 4 4 4 3 4 0 4 0 4 0 5 6 4 6 4 4 4 4 4 4 4 3 4 3 4 0 5 6 4 6 4 4 4 4 4 4 2 4 0 3 3
Last Time Cost: 00000011 ms
Total Time Cost: 00000183 ms
Total Distance 232: 3 4 5 4 5 4 4 4 4 4 4 3 4 0 3 0 3 4 6 4 6 4 4 4 4 4 3 4 0 4 0 4 0 5 6 4 6 4 4 4 4 4 4 4 3 4 3 4 0 5 6 4 6 4 4 4 4 4 4 1 4 0 3 3
Last Time Cost: 00000010 ms
Total Time Cost: 00000193 ms
Total Distance 231: 3 4 5 4 5 4 4 4 4 4 4 3 4 0 3 0 3 4 6 4 6 4 4 4 4 4 3 4 0 4 0 4 0 5 6 4 6 4 4 4 4 4 4 4 3 4 3 4 0 5 6 4 6 4 4 4 4 4 4 0 4 0 3 3
Last Time Cost: 00000011 ms
Total Time Cost: 00000204 ms
Total Distance 228: 3 4 5 4 5 4 4 4 4 4 3 3 4 0 3 0 3 4 6 4 6 4 4 4 4 4 2 4 0 4 0 4 0 5 6 4 6 4 4 4 4 3 4 4 3 4 3 4 0 5 6 4 6 4 4 4 4 4 4 0 4 0 3 3
Last Time Cost: 00000010 ms
Total Time Cost: 00000214 ms
Total Distance 227: 3 4 5 4 5 4 4 4 4 4 3 3 4 0 3 0 3 4 6 4 6 4 4 4 4 4 1 4 0 4 0 4 0 5 6 4 6 4 4 4 4 3 4 4 3 4 3 4 0 5 6 4 6 4 4 4 4 4 4 0 4 0 3 3
Last Time Cost: 00000009 ms
Total Time Cost: 00000223 ms
Total Distance 226: 3 4 5 4 5 4 4 4 4 4 3 3 4 0 3 0 3 4 6 4 6 4 4 4 4 4 0 4 0 4 0 4 0 5 6 4 6 4 4 4 4 3 4 4 3 4 3 4 0 5 6 4 6 4 4 4 4 4 4 0 4 0 3 3
Last Time Cost: 00000011 ms
Total Time Cost: 00000234 ms
Total Distance 223: 3 4 5 4 5 4 4 4 4 4 3 3 4 0 3 0 3 4 6 4 6 4 4 4 4 3 0 4 0 4 0 4 0 5 6 4 6 4 4 4 4 2 4 4 3 4 3 4 0 5 6 4 6 4 4 4 3 4 4 0 4 0 3 3
Last Time Cost: 00000010 ms
Total Time Cost: 00000244 ms
Total Distance 222: 3 4 5 4 5 4 4 4 4 4 3 3 4 0 3 0 3 4 6 4 6 4 4 4 4 3 0 4 0 4 0 4 0 5 6 4 6 4 4 4 4 1 4 4 3 4 3 4 0 5 6 4 6 4 4 4 3 4 4 0 4 0 3 3
Last Time Cost: 00000010 ms
Total Time Cost: 00000254 ms
Total Distance 221: 3 4 5 4 5 4 4 4 4 4 3 3 4 0 3 0 3 4 6 4 6 4 4 4 4 3 0 4 0 4 0 4 0 5 6 4 6 4 4 4 4 0 4 4 3 4 3 4 0 5 6 4 6 4 4 4 3 4 4 0 4 0 3 3
Last Time Cost: 00000012 ms
Total Time Cost: 00000266 ms
Total Distance 218: 3 4 5 4 5 4 4 4 4 4 3 3 4 0 3 0 3 4 6 4 6 4 4 4 4 3 0 4 0 3 0 4 0 5 6 4 6 4 4 4 4 0 4 4 2 3 3 4 0 5 6 4 6 4 4 4 3 4 4 0 4 0 3 3
Last Time Cost: 00000012 ms
Total Time Cost: 00000278 ms
Total Distance 217: 3 4 5 4 5 4 4 4 4 4 3 3 4 0 3 0 3 4 6 4 6 4 4 4 4 3 0 4 0 3 0 4 0 5 6 4 6 4 4 4 4 0 4 4 1 3 3 4 0 5 6 4 6 4 4 4 3 4 4 0 4 0 3 3
Last Time Cost: 00000011 ms
Total Time Cost: 00000289 ms
Total Distance 216: 3 4 5 4 5 4 4 4 4 4 3 3 4 0 3 0 3 4 6 4 6 4 4 4 4 3 0 4 0 3 0 4 0 5 6 4 6 4 4 4 4 0 4 4 0 3 3 4 0 5 6 4 6 4 4 4 3 4 4 0 4 0 3 3
Last Time Cost: 00000012 ms
Total Time Cost: 00000301 ms
Total Distance 213: 3 4 5 4 5 4 4 4 3 4 3 3 4 0 3 0 3 4 6 4 6 4 4 3 4 3 0 4 0 3 0 4 0 5 6 4 6 4 4 4 4 0 4 4 0 3 3 4 0 5 6 4 6 4 4 4 2 4 4 0 4 0 3 3
Last Time Cost: 00000012 ms
Total Time Cost: 00000313 ms
Total Distance 212: 3 4 5 4 5 4 4 4 3 4 3 3 4 0 3 0 3 4 6 4 6 4 4 3 4 3 0 4 0 3 0 4 0 5 6 4 6 4 4 4 4 0 4 4 0 3 3 4 0 5 6 4 6 4 4 4 1 4 4 0 4 0 3 3
Last Time Cost: 00000013 ms
Total Time Cost: 00000326 ms
Total Distance 211: 3 4 5 4 5 4 4 4 3 4 3 3 4 0 3 0 3 4 6 4 6 4 4 3 4 3 0 4 0 3 0 4 0 5 6 4 6 4 4 4 4 0 4 4 0 3 3 4 0 5 6 4 6 4 4 4 0 4 4 0 4 0 3 3
Last Time Cost: 00000013 ms
Total Time Cost: 00000339 ms
Total Distance 208: 3 4 5 4 5 4 4 4 3 4 3 2 3 0 3 0 3 4 6 4 6 4 4 3 4 3 0 4 0 3 0 4 0 5 6 4 6 4 4 4 4 0 4 4 0 3 3 4 0 5 6 4 6 4 4 4 0 4 4 0 3 0 3 3
Last Time Cost: 00000013 ms
Total Time Cost: 00000352 ms
Total Distance 207: 3 4 5 4 5 4 4 4 3 4 3 1 3 0 3 0 3 4 6 4 6 4 4 3 4 3 0 4 0 3 0 4 0 5 6 4 6 4 4 4 4 0 4 4 0 3 3 4 0 5 6 4 6 4 4 4 0 4 4 0 3 0 3 3
Last Time Cost: 00000013 ms
Total Time Cost: 00000365 ms
Total Distance 206: 3 4 5 4 5 4 4 4 3 4 3 0 3 0 3 0 3 4 6 4 6 4 4 3 4 3 0 4 0 3 0 4 0 5 6 4 6 4 4 4 4 0 4 4 0 3 3 4 0 5 6 4 6 4 4 4 0 4 4 0 3 0 3 3
Last Time Cost: 00000016 ms
Total Time Cost: 00000381 ms
Total Distance 203: 3 4 5 4 5 4 4 4 3 4 2 0 3 0 3 0 3 4 6 4 6 4 4 3 4 3 0 3 0 3 0 4 0 5 6 4 6 4 4 4 4 0 4 3 0 3 3 4 0 5 6 4 6 4 4 4 0 4 4 0 3 0 3 3
Last Time Cost: 00000015 ms
Total Time Cost: 00000396 ms
Total Distance 202: 3 4 5 4 5 4 4 4 3 4 1 0 3 0 3 0 3 4 6 4 6 4 4 3 4 3 0 3 0 3 0 4 0 5 6 4 6 4 4 4 4 0 4 3 0 3 3 4 0 5 6 4 6 4 4 4 0 4 4 0 3 0 3 3
Last Time Cost: 00000015 ms
Total Time Cost: 00000411 ms
Total Distance 201: 3 4 5 4 5 4 4 4 3 4 0 0 3 0 3 0 3 4 6 4 6 4 4 3 4 3 0 3 0 3 0 4 0 5 6 4 6 4 4 4 4 0 4 3 0 3 3 4 0 5 6 4 6 4 4 4 0 4 4 0 3 0 3 3
Last Time Cost: 00000016 ms
Total Time Cost: 00000427 ms
Total Distance 198: 3 4 5 4 5 4 4 4 3 4 0 0 3 0 3 0 3 4 6 4 6 4 4 3 4 2 0 3 0 3 0 4 0 5 6 4 6 4 4 4 4 0 3 3 0 3 3 4 0 5 6 4 6 4 4 4 0 4 3 0 3 0 3 3
Last Time Cost: 00000017 ms
Total Time Cost: 00000444 ms
Total Distance 197: 3 4 5 4 5 4 4 4 3 4 0 0 3 0 3 0 3 4 6 4 6 4 4 3 4 1 0 3 0 3 0 4 0 5 6 4 6 4 4 4 4 0 3 3 0 3 3 4 0 5 6 4 6 4 4 4 0 4 3 0 3 0 3 3
Last Time Cost: 00000016 ms
Total Time Cost: 00000460 ms
Total Distance 196: 3 4 5 4 5 4 4 4 3 4 0 0 3 0 3 0 3 4 6 4 6 4 4 3 4 0 0 3 0 3 0 4 0 5 6 4 6 4 4 4 4 0 3 3 0 3 3 4 0 5 6 4 6 4 4 4 0 4 3 0 3 0 3 3
Last Time Cost: 00000019 ms
Total Time Cost: 00000479 ms
Total Distance 193: 3 4 5 4 5 4 4 4 2 3 0 0 3 0 3 0 3 4 6 4 6 4 4 3 4 0 0 3 0 3 0 4 0 5 6 4 6 4 4 4 4 0 3 3 0 3 3 4 0 5 6 4 6 4 4 4 0 3 3 0 3 0 3 3
Last Time Cost: 00000018 ms
Total Time Cost: 00000497 ms
Total Distance 192: 3 4 5 4 5 4 4 4 1 3 0 0 3 0 3 0 3 4 6 4 6 4 4 3 4 0 0 3 0 3 0 4 0 5 6 4 6 4 4 4 4 0 3 3 0 3 3 4 0 5 6 4 6 4 4 4 0 3 3 0 3 0 3 3
Last Time Cost: 00000016 ms
Total Time Cost: 00000513 ms
Total Distance 191: 3 4 5 4 5 4 4 4 0 3 0 0 3 0 3 0 3 4 6 4 6 4 4 3 4 0 0 3 0 3 0 4 0 5 6 4 6 4 4 4 4 0 3 3 0 3 3 4 0 5 6 4 6 4 4 4 0 3 3 0 3 0 3 3
Last Time Cost: 00000019 ms
Total Time Cost: 00000532 ms
Total Distance 188: 3 4 5 4 5 4 4 4 0 3 0 0 3 0 3 0 3 4 6 4 6 4 4 3 4 0 0 3 0 3 0 3 0 5 6 4 6 4 4 4 4 0 3 3 0 3 3 3 0 5 6 4 6 4 4 4 0 3 3 0 3 0 2 3
Last Time Cost: 00000019 ms
Total Time Cost: 00000551 ms
Total Distance 187: 3 4 5 4 5 4 4 4 0 3 0 0 3 0 3 0 3 4 6 4 6 4 4 3 4 0 0 3 0 3 0 3 0 5 6 4 6 4 4 4 4 0 3 3 0 3 3 3 0 5 6 4 6 4 4 4 0 3 3 0 3 0 1 3
Last Time Cost: 00000017 ms
Total Time Cost: 00000568 ms
Total Distance 186: 3 4 5 4 5 4 4 4 0 3 0 0 3 0 3 0 3 4 6 4 6 4 4 3 4 0 0 3 0 3 0 3 0 5 6 4 6 4 4 4 4 0 3 3 0 3 3 3 0 5 6 4 6 4 4 4 0 3 3 0 3 0 0 3
Last Time Cost: 00000021 ms
Total Time Cost: 00000589 ms
Total Distance 183: 3 4 5 4 5 4 4 4 0 3 0 0 3 0 3 0 3 4 6 4 6 4 4 2 4 0 0 3 0 3 0 3 0 5 6 4 6 4 4 3 4 0 3 3 0 3 3 3 0 5 6 4 6 4 3 4 0 3 3 0 3 0 0 3
Last Time Cost: 00000020 ms
Total Time Cost: 00000609 ms
Total Distance 182: 3 4 5 4 5 4 4 4 0 3 0 0 3 0 3 0 3 4 6 4 6 4 4 1 4 0 0 3 0 3 0 3 0 5 6 4 6 4 4 3 4 0 3 3 0 3 3 3 0 5 6 4 6 4 3 4 0 3 3 0 3 0 0 3
Last Time Cost: 00000019 ms
Total Time Cost: 00000628 ms
Total Distance 181: 3 4 5 4 5 4 4 4 0 3 0 0 3 0 3 0 3 4 6 4 6 4 4 0 4 0 0 3 0 3 0 3 0 5 6 4 6 4 4 3 4 0 3 3 0 3 3 3 0 5 6 4 6 4 3 4 0 3 3 0 3 0 0 3
Last Time Cost: 00000023 ms
Total Time Cost: 00000651 ms
Total Distance 178: 3 4 5 4 5 4 4 4 0 3 0 0 3 0 3 0 3 4 6 4 6 4 4 0 3 0 0 3 0 3 0 3 0 5 6 4 6 4 4 2 3 0 3 3 0 3 3 3 0 5 6 4 6 4 3 4 0 3 3 0 3 0 0 3
Last Time Cost: 00000021 ms
Total Time Cost: 00000672 ms
Total Distance 177: 3 4 5 4 5 4 4 4 0 3 0 0 3 0 3 0 3 4 6 4 6 4 4 0 3 0 0 3 0 3 0 3 0 5 6 4 6 4 4 1 3 0 3 3 0 3 3 3 0 5 6 4 6 4 3 4 0 3 3 0 3 0 0 3
Last Time Cost: 00000021 ms
Total Time Cost: 00000693 ms
Total Distance 176: 3 4 5 4 5 4 4 4 0 3 0 0 3 0 3 0 3 4 6 4 6 4 4 0 3 0 0 3 0 3 0 3 0 5 6 4 6 4 4 0 3 0 3 3 0 3 3 3 0 5 6 4 6 4 3 4 0 3 3 0 3 0 0 3
Last Time Cost: 00000024 ms
Total Time Cost: 00000717 ms
Total Distance 173: 3 4 5 4 5 3 4 4 0 3 0 0 3 0 3 0 3 4 6 4 6 4 4 0 3 0 0 3 0 3 0 3 0 5 6 4 6 4 3 0 3 0 3 3 0 3 3 3 0 5 6 4 6 4 2 4 0 3 3 0 3 0 0 3
Last Time Cost: 00000023 ms
Total Time Cost: 00000740 ms
Total Distance 172: 3 4 5 4 5 3 4 4 0 3 0 0 3 0 3 0 3 4 6 4 6 4 4 0 3 0 0 3 0 3 0 3 0 5 6 4 6 4 3 0 3 0 3 3 0 3 3 3 0 5 6 4 6 4 1 4 0 3 3 0 3 0 0 3
Last Time Cost: 00000022 ms
Total Time Cost: 00000762 ms
Total Distance 171: 3 4 5 4 5 3 4 4 0 3 0 0 3 0 3 0 3 4 6 4 6 4 4 0 3 0 0 3 0 3 0 3 0 5 6 4 6 4 3 0 3 0 3 3 0 3 3 3 0 5 6 4 6 4 0 4 0 3 3 0 3 0 0 3
Last Time Cost: 00000025 ms
Total Time Cost: 00000787 ms
Total Distance 168: 3 4 5 4 5 3 4 3 0 3 0 0 3 0 3 0 3 4 6 4 6 4 4 0 3 0 0 3 0 3 0 3 0 5 6 4 6 4 2 0 3 0 3 3 0 3 3 3 0 5 6 4 6 4 0 3 0 3 3 0 3 0 0 3
Last Time Cost: 00000024 ms
Total Time Cost: 00000811 ms
Total Distance 167: 3 4 5 4 5 3 4 3 0 3 0 0 3 0 3 0 3 4 6 4 6 4 4 0 3 0 0 3 0 3 0 3 0 5 6 4 6 4 1 0 3 0 3 3 0 3 3 3 0 5 6 4 6 4 0 3 0 3 3 0 3 0 0 3
Last Time Cost: 00000024 ms
Total Time Cost: 00000835 ms
Total Distance 166: 3 4 5 4 5 3 4 3 0 3 0 0 3 0 3 0 3 4 6 4 6 4 4 0 3 0 0 3 0 3 0 3 0 5 6 4 6 4 0 0 3 0 3 3 0 3 3 3 0 5 6 4 6 4 0 3 0 3 3 0 3 0 0 3
Last Time Cost: 00000026 ms
Total Time Cost: 00000861 ms
Total Distance 163: 2 3 5 4 5 3 4 3 0 3 0 0 3 0 3 0 3 4 6 4 6 4 4 0 3 0 0 3 0 3 0 3 0 4 6 4 6 4 0 0 3 0 3 3 0 3 3 3 0 5 6 4 6 4 0 3 0 3 3 0 3 0 0 3
Last Time Cost: 00000027 ms
Total Time Cost: 00000888 ms
Total Distance 161: 1 3 5 4 5 3 4 3 0 3 0 0 3 0 3 0 3 4 6 4 6 4 4 0 3 0 0 3 0 3 0 3 0 3 6 4 6 4 0 0 3 0 3 3 0 3 3 3 0 5 6 4 6 4 0 3 0 3 3 0 3 0 0 3
Last Time Cost: 00000026 ms
Total Time Cost: 00000914 ms
Total Distance 160: 0 3 5 4 5 3 4 3 0 3 0 0 3 0 3 0 3 4 6 4 6 4 4 0 3 0 0 3 0 3 0 3 0 3 6 4 6 4 0 0 3 0 3 3 0 3 3 3 0 5 6 4 6 4 0 3 0 3 3 0 3 0 0 3
Last Time Cost: 00000029 ms
Total Time Cost: 00000943 ms
Total Distance 157: 0 3 5 4 5 3 4 3 0 3 0 0 3 0 3 0 2 3 6 4 6 4 4 0 3 0 0 3 0 3 0 3 0 3 6 4 6 4 0 0 3 0 3 3 0 3 3 3 0 4 6 4 6 4 0 3 0 3 3 0 3 0 0 3
Last Time Cost: 00000028 ms
Total Time Cost: 00000971 ms
Total Distance 155: 0 3 5 4 5 3 4 3 0 3 0 0 3 0 3 0 1 3 6 4 6 4 4 0 3 0 0 3 0 3 0 3 0 3 6 4 6 4 0 0 3 0 3 3 0 3 3 3 0 3 6 4 6 4 0 3 0 3 3 0 3 0 0 3
Last Time Cost: 00000028 ms
Total Time Cost: 00000999 ms
Total Distance 154: 0 3 5 4 5 3 4 3 0 3 0 0 3 0 3 0 0 3 6 4 6 4 4 0 3 0 0 3 0 3 0 3 0 3 6 4 6 4 0 0 3 0 3 3 0 3 3 3 0 3 6 4 6 4 0 3 0 3 3 0 3 0 0 3
Last Time Cost: 00000030 ms
Total Time Cost: 00001029 ms
Total Distance 151: 0 3 5 4 5 2 4 3 0 3 0 0 3 0 3 0 0 3 6 4 6 3 4 0 3 0 0 3 0 3 0 3 0 3 6 4 5 4 0 0 3 0 3 3 0 3 3 3 0 3 6 4 6 4 0 3 0 3 3 0 3 0 0 3
Last Time Cost: 00000029 ms
Total Time Cost: 00001058 ms
Total Distance 150: 0 3 5 4 5 1 4 3 0 3 0 0 3 0 3 0 0 3 6 4 6 3 4 0 3 0 0 3 0 3 0 3 0 3 6 4 5 4 0 0 3 0 3 3 0 3 3 3 0 3 6 4 6 4 0 3 0 3 3 0 3 0 0 3
Last Time Cost: 00000029 ms
Total Time Cost: 00001087 ms
Total Distance 149: 0 3 5 4 5 0 4 3 0 3 0 0 3 0 3 0 0 3 6 4 6 3 4 0 3 0 0 3 0 3 0 3 0 3 6 4 5 4 0 0 3 0 3 3 0 3 3 3 0 3 6 4 6 4 0 3 0 3 3 0 3 0 0 3
Last Time Cost: 00000035 ms
Total Time Cost: 00001122 ms
Total Distance 146: 0 3 5 4 5 0 3 3 0 3 0 0 3 0 3 0 0 3 6 4 6 2 3 0 3 0 0 3 0 3 0 3 0 3 6 4 5 4 0 0 3 0 3 3 0 3 3 3 0 3 6 4 6 4 0 3 0 3 3 0 3 0 0 3
Last Time Cost: 00000032 ms
Total Time Cost: 00001154 ms
Total Distance 145: 0 3 5 4 5 0 3 3 0 3 0 0 3 0 3 0 0 3 6 4 6 1 3 0 3 0 0 3 0 3 0 3 0 3 6 4 5 4 0 0 3 0 3 3 0 3 3 3 0 3 6 4 6 4 0 3 0 3 3 0 3 0 0 3
Last Time Cost: 00000032 ms
Total Time Cost: 00001186 ms
Total Distance 144: 0 3 5 4 5 0 3 3 0 3 0 0 3 0 3 0 0 3 6 4 6 0 3 0 3 0 0 3 0 3 0 3 0 3 6 4 5 4 0 0 3 0 3 3 0 3 3 3 0 3 6 4 6 4 0 3 0 3 3 0 3 0 0 3
Last Time Cost: 00000035 ms
Total Time Cost: 00001221 ms
Total Distance 141: 0 3 4 4 5 0 3 3 0 3 0 0 3 0 3 0 0 3 5 4 6 0 3 0 3 0 0 3 0 3 0 3 0 2 6 4 5 4 0 0 3 0 3 3 0 3 3 3 0 3 6 4 6 4 0 3 0 3 3 0 3 0 0 3
Last Time Cost: 00000035 ms
Total Time Cost: 00001256 ms
Total Distance 140: 0 3 4 4 5 0 3 3 0 3 0 0 3 0 3 0 0 3 5 4 6 0 3 0 3 0 0 3 0 3 0 3 0 1 6 4 5 4 0 0 3 0 3 3 0 3 3 3 0 3 6 4 6 4 0 3 0 3 3 0 3 0 0 3
Last Time Cost: 00000033 ms
Total Time Cost: 00001289 ms
Total Distance 139: 0 3 4 4 5 0 3 3 0 3 0 0 3 0 3 0 0 3 5 4 6 0 3 0 3 0 0 3 0 3 0 3 0 0 6 4 5 4 0 0 3 0 3 3 0 3 3 3 0 3 6 4 6 4 0 3 0 3 3 0 3 0 0 3
Last Time Cost: 00000036 ms
Total Time Cost: 00001325 ms
Total Distance 136: 0 3 4 4 5 0 3 3 0 3 0 0 3 0 3 0 0 3 5 4 6 0 3 0 3 0 0 3 0 3 0 3 0 0 5 4 4 4 0 0 3 0 3 3 0 3 3 2 0 3 6 4 6 4 0 3 0 3 3 0 3 0 0 3
Last Time Cost: 00000036 ms
Total Time Cost: 00001361 ms
Total Distance 135: 0 3 4 4 5 0 3 3 0 3 0 0 3 0 3 0 0 3 5 4 6 0 3 0 3 0 0 3 0 3 0 3 0 0 5 4 4 4 0 0 3 0 3 3 0 3 3 1 0 3 6 4 6 4 0 3 0 3 3 0 3 0 0 3
Last Time Cost: 00000036 ms
Total Time Cost: 00001397 ms
Total Distance 134: 0 3 4 4 5 0 3 3 0 3 0 0 3 0 3 0 0 3 5 4 6 0 3 0 3 0 0 3 0 3 0 3 0 0 5 4 4 4 0 0 3 0 3 3 0 3 3 0 0 3 6 4 6 4 0 3 0 3 3 0 3 0 0 3
Last Time Cost: 00000040 ms
Total Time Cost: 00001437 ms
Total Distance 130: 0 3 4 4 5 0 3 3 0 3 0 0 3 0 3 0 0 3 4 4 5 0 3 0 3 0 0 3 0 3 0 2 0 0 5 4 4 4 0 0 3 0 3 3 0 3 3 0 0 3 6 4 6 4 0 3 0 3 3 0 3 0 0 2
Last Time Cost: 00000038 ms
Total Time Cost: 00001475 ms
Total Distance 129: 0 3 4 4 5 0 3 3 0 3 0 0 3 0 3 0 0 3 4 4 5 0 3 0 3 0 0 3 0 3 0 1 0 0 5 4 4 4 0 0 3 0 3 3 0 3 3 0 0 3 6 4 6 4 0 3 0 3 3 0 3 0 0 2
Last Time Cost: 00000039 ms
Total Time Cost: 00001514 ms
Total Distance 128: 0 3 4 4 5 0 3 3 0 3 0 0 3 0 3 0 0 3 4 4 5 0 3 0 3 0 0 3 0 3 0 0 0 0 5 4 4 4 0 0 3 0 3 3 0 3 3 0 0 3 6 4 6 4 0 3 0 3 3 0 3 0 0 2
Last Time Cost: 00000040 ms
Total Time Cost: 00001554 ms
Total Distance 127: 0 3 4 4 5 0 3 3 0 3 0 0 3 0 3 0 0 3 4 4 5 0 3 0 3 0 0 3 0 3 0 0 0 0 5 4 4 4 0 0 3 0 3 3 0 3 3 0 0 3 6 4 6 4 0 3 0 3 3 0 3 0 0 1
Last Time Cost: 00000040 ms
Total Time Cost: 00001594 ms
Total Distance 126: 0 3 4 4 5 0 3 3 0 3 0 0 3 0 3 0 0 3 4 4 5 0 3 0 3 0 0 3 0 3 0 0 0 0 5 4 4 4 0 0 3 0 3 3 0 3 3 0 0 3 6 4 6 4 0 3 0 3 3 0 3 0 0 0
Last Time Cost: 00000045 ms
Total Time Cost: 00001639 ms
Total Distance 123: 0 2 4 4 5 0 3 3 0 3 0 0 3 0 3 0 0 3 4 4 5 0 3 0 3 0 0 3 0 3 0 0 0 0 4 4 4 4 0 0 3 0 3 3 0 3 3 0 0 3 5 4 6 4 0 3 0 3 3 0 3 0 0 0
Last Time Cost: 00000041 ms
Total Time Cost: 00001680 ms
Total Distance 122: 0 1 4 4 5 0 3 3 0 3 0 0 3 0 3 0 0 3 4 4 5 0 3 0 3 0 0 3 0 3 0 0 0 0 4 4 4 4 0 0 3 0 3 3 0 3 3 0 0 3 5 4 6 4 0 3 0 3 3 0 3 0 0 0
Last Time Cost: 00000041 ms
Total Time Cost: 00001721 ms
Total Distance 121: 0 0 4 4 5 0 3 3 0 3 0 0 3 0 3 0 0 3 4 4 5 0 3 0 3 0 0 3 0 3 0 0 0 0 4 4 4 4 0 0 3 0 3 3 0 3 3 0 0 3 5 4 6 4 0 3 0 3 3 0 3 0 0 0
Last Time Cost: 00000046 ms
Total Time Cost: 00001767 ms
Total Distance 119: 0 0 4 4 5 0 3 3 0 3 0 0 3 0 3 0 0 3 4 4 5 0 3 0 2 0 0 3 0 3 0 0 0 0 4 4 4 4 0 0 2 0 3 3 0 3 3 0 0 3 5 4 6 4 0 3 0 3 3 0 3 0 0 0
Last Time Cost: 00000047 ms
Total Time Cost: 00001814 ms
Total Distance 118: 0 0 4 4 5 0 3 3 0 3 0 0 3 0 3 0 0 3 4 4 5 0 3 0 1 0 0 3 0 3 0 0 0 0 4 4 4 4 0 0 2 0 3 3 0 3 3 0 0 3 5 4 6 4 0 3 0 3 3 0 3 0 0 0
Last Time Cost: 00000044 ms
Total Time Cost: 00001858 ms
Total Distance 117: 0 0 4 4 5 0 3 3 0 3 0 0 3 0 3 0 0 3 4 4 5 0 3 0 0 0 0 3 0 3 0 0 0 0 4 4 4 4 0 0 2 0 3 3 0 3 3 0 0 3 5 4 6 4 0 3 0 3 3 0 3 0 0 0
Last Time Cost: 00000046 ms
Total Time Cost: 00001904 ms
Total Distance 116: 0 0 4 4 5 0 3 3 0 3 0 0 3 0 3 0 0 3 4 4 5 0 3 0 0 0 0 3 0 3 0 0 0 0 4 4 4 4 0 0 1 0 3 3 0 3 3 0 0 3 5 4 6 4 0 3 0 3 3 0 3 0 0 0
Last Time Cost: 00000047 ms
Total Time Cost: 00001951 ms
Total Distance 115: 0 0 4 4 5 0 3 3 0 3 0 0 3 0 3 0 0 3 4 4 5 0 3 0 0 0 0 3 0 3 0 0 0 0 4 4 4 4 0 0 0 0 3 3 0 3 3 0 0 3 5 4 6 4 0 3 0 3 3 0 3 0 0 0
Last Time Cost: 00000049 ms
Total Time Cost: 00002000 ms
Total Distance 113: 0 0 4 4 5 0 3 2 0 3 0 0 3 0 3 0 0 3 4 4 5 0 3 0 0 0 0 3 0 3 0 0 0 0 4 4 4 4 0 0 0 0 3 3 0 3 3 0 0 3 5 4 6 4 0 2 0 3 3 0 3 0 0 0
Last Time Cost: 00000050 ms
Total Time Cost: 00002050 ms
Total Distance 112: 0 0 4 4 5 0 3 1 0 3 0 0 3 0 3 0 0 3 4 4 5 0 3 0 0 0 0 3 0 3 0 0 0 0 4 4 4 4 0 0 0 0 3 3 0 3 3 0 0 3 5 4 6 4 0 2 0 3 3 0 3 0 0 0
Last Time Cost: 00000049 ms
Total Time Cost: 00002099 ms
Total Distance 111: 0 0 4 4 5 0 3 0 0 3 0 0 3 0 3 0 0 3 4 4 5 0 3 0 0 0 0 3 0 3 0 0 0 0 4 4 4 4 0 0 0 0 3 3 0 3 3 0 0 3 5 4 6 4 0 2 0 3 3 0 3 0 0 0
Last Time Cost: 00000051 ms
Total Time Cost: 00002150 ms
Total Distance 110: 0 0 4 4 5 0 3 0 0 3 0 0 3 0 3 0 0 3 4 4 5 0 3 0 0 0 0 3 0 3 0 0 0 0 4 4 4 4 0 0 0 0 3 3 0 3 3 0 0 3 5 4 6 4 0 1 0 3 3 0 3 0 0 0
Last Time Cost: 00000051 ms
Total Time Cost: 00002201 ms
Total Distance 109: 0 0 4 4 5 0 3 0 0 3 0 0 3 0 3 0 0 3 4 4 5 0 3 0 0 0 0 3 0 3 0 0 0 0 4 4 4 4 0 0 0 0 3 3 0 3 3 0 0 3 5 4 6 4 0 0 0 3 3 0 3 0 0 0
Last Time Cost: 00000055 ms
Total Time Cost: 00002256 ms
Total Distance 107: 0 0 4 4 5 0 3 0 0 3 0 0 3 0 3 0 0 3 4 4 5 0 3 0 0 0 0 3 0 2 0 0 0 0 4 4 4 4 0 0 0 0 3 3 0 2 3 0 0 3 5 4 6 4 0 0 0 3 3 0 3 0 0 0
Last Time Cost: 00000055 ms
Total Time Cost: 00002311 ms
Total Distance 106: 0 0 4 4 5 0 3 0 0 3 0 0 3 0 3 0 0 3 4 4 5 0 3 0 0 0 0 3 0 1 0 0 0 0 4 4 4 4 0 0 0 0 3 3 0 2 3 0 0 3 5 4 6 4 0 0 0 3 3 0 3 0 0 0
Last Time Cost: 00000054 ms
Total Time Cost: 00002365 ms
Total Distance 105: 0 0 4 4 5 0 3 0 0 3 0 0 3 0 3 0 0 3 4 4 5 0 3 0 0 0 0 3 0 0 0 0 0 0 4 4 4 4 0 0 0 0 3 3 0 2 3 0 0 3 5 4 6 4 0 0 0 3 3 0 3 0 0 0
Last Time Cost: 00000057 ms
Total Time Cost: 00002422 ms
Total Distance 104: 0 0 4 4 5 0 3 0 0 3 0 0 3 0 3 0 0 3 4 4 5 0 3 0 0 0 0 3 0 0 0 0 0 0 4 4 4 4 0 0 0 0 3 3 0 1 3 0 0 3 5 4 6 4 0 0 0 3 3 0 3 0 0 0
Last Time Cost: 00000057 ms
Total Time Cost: 00002479 ms
Total Distance 103: 0 0 4 4 5 0 3 0 0 3 0 0 3 0 3 0 0 3 4 4 5 0 3 0 0 0 0 3 0 0 0 0 0 0 4 4 4 4 0 0 0 0 3 3 0 0 3 0 0 3 5 4 6 4 0 0 0 3 3 0 3 0 0 0
Last Time Cost: 00000060 ms
Total Time Cost: 00002539 ms
Total Distance 101: 0 0 4 4 5 0 3 0 0 3 0 0 3 0 3 0 0 3 4 4 5 0 3 0 0 0 0 2 0 0 0 0 0 0 4 4 4 4 0 0 0 0 3 2 0 0 3 0 0 3 5 4 6 4 0 0 0 3 3 0 3 0 0 0
Last Time Cost: 00000059 ms
Total Time Cost: 00002598 ms
Total Distance 100: 0 0 4 4 5 0 3 0 0 3 0 0 3 0 3 0 0 3 4 4 5 0 3 0 0 0 0 1 0 0 0 0 0 0 4 4 4 4 0 0 0 0 3 2 0 0 3 0 0 3 5 4 6 4 0 0 0 3 3 0 3 0 0 0
Last Time Cost: 00000060 ms
Total Time Cost: 00002658 ms
Total Distance 99: 0 0 4 4 5 0 3 0 0 3 0 0 3 0 3 0 0 3 4 4 5 0 3 0 0 0 0 0 0 0 0 0 0 0 4 4 4 4 0 0 0 0 3 2 0 0 3 0 0 3 5 4 6 4 0 0 0 3 3 0 3 0 0 0
Last Time Cost: 00000061 ms
Total Time Cost: 00002719 ms
Total Distance 98: 0 0 4 4 5 0 3 0 0 3 0 0 3 0 3 0 0 3 4 4 5 0 3 0 0 0 0 0 0 0 0 0 0 0 4 4 4 4 0 0 0 0 3 1 0 0 3 0 0 3 5 4 6 4 0 0 0 3 3 0 3 0 0 0
Last Time Cost: 00000061 ms
Total Time Cost: 00002780 ms
Total Distance 97: 0 0 4 4 5 0 3 0 0 3 0 0 3 0 3 0 0 3 4 4 5 0 3 0 0 0 0 0 0 0 0 0 0 0 4 4 4 4 0 0 0 0 3 0 0 0 3 0 0 3 5 4 6 4 0 0 0 3 3 0 3 0 0 0
Last Time Cost: 00000068 ms
Total Time Cost: 00002848 ms
Total Distance 95: 0 0 4 4 5 0 3 0 0 3 0 0 3 0 3 0 0 3 4 4 5 0 3 0 0 0 0 0 0 0 0 0 0 0 4 4 4 4 0 0 0 0 2 0 0 0 3 0 0 3 5 4 6 4 0 0 0 3 2 0 3 0 0 0
Last Time Cost: 00000067 ms
Total Time Cost: 00002915 ms
Total Distance 94: 0 0 4 4 5 0 3 0 0 3 0 0 3 0 3 0 0 3 4 4 5 0 3 0 0 0 0 0 0 0 0 0 0 0 4 4 4 4 0 0 0 0 2 0 0 0 3 0 0 3 5 4 6 4 0 0 0 3 1 0 3 0 0 0
Last Time Cost: 00000065 ms
Total Time Cost: 00002980 ms
Total Distance 93: 0 0 4 4 5 0 3 0 0 3 0 0 3 0 3 0 0 3 4 4 5 0 3 0 0 0 0 0 0 0 0 0 0 0 4 4 4 4 0 0 0 0 2 0 0 0 3 0 0 3 5 4 6 4 0 0 0 3 0 0 3 0 0 0
Last Time Cost: 00000068 ms
Total Time Cost: 00003048 ms
Total Distance 92: 0 0 4 4 5 0 3 0 0 3 0 0 3 0 3 0 0 3 4 4 5 0 3 0 0 0 0 0 0 0 0 0 0 0 4 4 4 4 0 0 0 0 1 0 0 0 3 0 0 3 5 4 6 4 0 0 0 3 0 0 3 0 0 0
Last Time Cost: 00000068 ms
Total Time Cost: 00003116 ms
Total Distance 91: 0 0 4 4 5 0 3 0 0 3 0 0 3 0 3 0 0 3 4 4 5 0 3 0 0 0 0 0 0 0 0 0 0 0 4 4 4 4 0 0 0 0 0 0 0 0 3 0 0 3 5 4 6 4 0 0 0 3 0 0 3 0 0 0
Last Time Cost: 00000072 ms
Total Time Cost: 00003188 ms
Total Distance 89: 0 0 4 4 5 0 3 0 0 3 0 0 3 0 2 0 0 3 4 4 5 0 3 0 0 0 0 0 0 0 0 0 0 0 4 4 4 4 0 0 0 0 0 0 0 0 2 0 0 3 5 4 6 4 0 0 0 3 0 0 3 0 0 0
Last Time Cost: 00000071 ms
Total Time Cost: 00003259 ms
Total Distance 88: 0 0 4 4 5 0 3 0 0 3 0 0 3 0 2 0 0 3 4 4 5 0 3 0 0 0 0 0 0 0 0 0 0 0 4 4 4 4 0 0 0 0 0 0 0 0 1 0 0 3 5 4 6 4 0 0 0 3 0 0 3 0 0 0
Last Time Cost: 00000071 ms
Total Time Cost: 00003330 ms
Total Distance 87: 0 0 4 4 5 0 3 0 0 3 0 0 3 0 2 0 0 3 4 4 5 0 3 0 0 0 0 0 0 0 0 0 0 0 4 4 4 4 0 0 0 0 0 0 0 0 0 0 0 3 5 4 6 4 0 0 0 3 0 0 3 0 0 0
Last Time Cost: 00000075 ms
Total Time Cost: 00003405 ms
Total Distance 86: 0 0 4 4 5 0 3 0 0 3 0 0 3 0 1 0 0 3 4 4 5 0 3 0 0 0 0 0 0 0 0 0 0 0 4 4 4 4 0 0 0 0 0 0 0 0 0 0 0 3 5 4 6 4 0 0 0 3 0 0 3 0 0 0
Last Time Cost: 00000074 ms
Total Time Cost: 00003479 ms
Total Distance 85: 0 0 4 4 5 0 3 0 0 3 0 0 3 0 0 0 0 3 4 4 5 0 3 0 0 0 0 0 0 0 0 0 0 0 4 4 4 4 0 0 0 0 0 0 0 0 0 0 0 3 5 4 6 4 0 0 0 3 0 0 3 0 0 0
Last Time Cost: 00000077 ms
Total Time Cost: 00003556 ms
Total Distance 83: 0 0 4 4 5 0 2 0 0 3 0 0 3 0 0 0 0 3 4 4 5 0 2 0 0 0 0 0 0 0 0 0 0 0 4 4 4 4 0 0 0 0 0 0 0 0 0 0 0 3 5 4 6 4 0 0 0 3 0 0 3 0 0 0
Last Time Cost: 00000079 ms
Total Time Cost: 00003635 ms
Total Distance 82: 0 0 4 4 5 0 1 0 0 3 0 0 3 0 0 0 0 3 4 4 5 0 2 0 0 0 0 0 0 0 0 0 0 0 4 4 4 4 0 0 0 0 0 0 0 0 0 0 0 3 5 4 6 4 0 0 0 3 0 0 3 0 0 0
Last Time Cost: 00000079 ms
Total Time Cost: 00003714 ms
Total Distance 81: 0 0 4 4 5 0 0 0 0 3 0 0 3 0 0 0 0 3 4 4 5 0 2 0 0 0 0 0 0 0 0 0 0 0 4 4 4 4 0 0 0 0 0 0 0 0 0 0 0 3 5 4 6 4 0 0 0 3 0 0 3 0 0 0
Last Time Cost: 00000081 ms
Total Time Cost: 00003795 ms
Total Distance 80: 0 0 4 4 5 0 0 0 0 3 0 0 3 0 0 0 0 3 4 4 5 0 1 0 0 0 0 0 0 0 0 0 0 0 4 4 4 4 0 0 0 0 0 0 0 0 0 0 0 3 5 4 6 4 0 0 0 3 0 0 3 0 0 0
Last Time Cost: 00000082 ms
Total Time Cost: 00003877 ms
Total Distance 79: 0 0 4 4 5 0 0 0 0 3 0 0 3 0 0 0 0 3 4 4 5 0 0 0 0 0 0 0 0 0 0 0 0 0 4 4 4 4 0 0 0 0 0 0 0 0 0 0 0 3 5 4 6 4 0 0 0 3 0 0 3 0 0 0
Last Time Cost: 00000084 ms
Total Time Cost: 00003961 ms
Total Distance 77: 0 0 4 4 5 0 0 0 0 3 0 0 2 0 0 0 0 3 4 4 5 0 0 0 0 0 0 0 0 0 0 0 0 0 4 4 4 4 0 0 0 0 0 0 0 0 0 0 0 3 5 4 6 4 0 0 0 3 0 0 2 0 0 0
Last Time Cost: 00000084 ms
Total Time Cost: 00004045 ms
Total Distance 76: 0 0 4 4 5 0 0 0 0 3 0 0 1 0 0 0 0 3 4 4 5 0 0 0 0 0 0 0 0 0 0 0 0 0 4 4 4 4 0 0 0 0 0 0 0 0 0 0 0 3 5 4 6 4 0 0 0 3 0 0 2 0 0 0
Last Time Cost: 00000086 ms
Total Time Cost: 00004131 ms
Total Distance 75: 0 0 4 4 5 0 0 0 0 3 0 0 0 0 0 0 0 3 4 4 5 0 0 0 0 0 0 0 0 0 0 0 0 0 4 4 4 4 0 0 0 0 0 0 0 0 0 0 0 3 5 4 6 4 0 0 0 3 0 0 2 0 0 0
Last Time Cost: 00000089 ms
Total Time Cost: 00004220 ms
Total Distance 74: 0 0 4 4 5 0 0 0 0 3 0 0 0 0 0 0 0 3 4 4 5 0 0 0 0 0 0 0 0 0 0 0 0 0 4 4 4 4 0 0 0 0 0 0 0 0 0 0 0 3 5 4 6 4 0 0 0 3 0 0 1 0 0 0
Last Time Cost: 00000089 ms
Total Time Cost: 00004309 ms
Total Distance 73: 0 0 4 4 5 0 0 0 0 3 0 0 0 0 0 0 0 3 4 4 5 0 0 0 0 0 0 0 0 0 0 0 0 0 4 4 4 4 0 0 0 0 0 0 0 0 0 0 0 3 5 4 6 4 0 0 0 3 0 0 0 0 0 0
Last Time Cost: 00000091 ms
Total Time Cost: 00004400 ms
Total Distance 71: 0 0 4 4 5 0 0 0 0 2 0 0 0 0 0 0 0 3 4 4 5 0 0 0 0 0 0 0 0 0 0 0 0 0 4 4 4 4 0 0 0 0 0 0 0 0 0 0 0 3 5 4 6 4 0 0 0 2 0 0 0 0 0 0
Last Time Cost: 00000096 ms
Total Time Cost: 00004496 ms
Total Distance 70: 0 0 4 4 5 0 0 0 0 2 0 0 0 0 0 0 0 3 4 4 5 0 0 0 0 0 0 0 0 0 0 0 0 0 4 4 4 4 0 0 0 0 0 0 0 0 0 0 0 3 5 4 6 4 0 0 0 1 0 0 0 0 0 0
Last Time Cost: 00000092 ms
Total Time Cost: 00004588 ms
Total Distance 69: 0 0 4 4 5 0 0 0 0 2 0 0 0 0 0 0 0 3 4 4 5 0 0 0 0 0 0 0 0 0 0 0 0 0 4 4 4 4 0 0 0 0 0 0 0 0 0 0 0 3 5 4 6 4 0 0 0 0 0 0 0 0 0 0
Last Time Cost: 00000095 ms
Total Time Cost: 00004683 ms
Total Distance 68: 0 0 4 4 5 0 0 0 0 1 0 0 0 0 0 0 0 3 4 4 5 0 0 0 0 0 0 0 0 0 0 0 0 0 4 4 4 4 0 0 0 0 0 0 0 0 0 0 0 3 5 4 6 4 0 0 0 0 0 0 0 0 0 0
Last Time Cost: 00000094 ms
Total Time Cost: 00004777 ms
Total Distance 67: 0 0 4 4 5 0 0 0 0 0 0 0 0 0 0 0 0 3 4 4 5 0 0 0 0 0 0 0 0 0 0 0 0 0 4 4 4 4 0 0 0 0 0 0 0 0 0 0 0 3 5 4 6 4 0 0 0 0 0 0 0 0 0 0
Last Time Cost: 00000099 ms
Total Time Cost: 00004876 ms
Total Distance 65: 0 0 4 4 5 0 0 0 0 0 0 0 0 0 0 0 0 2 4 4 5 0 0 0 0 0 0 0 0 0 0 0 0 0 4 4 4 4 0 0 0 0 0 0 0 0 0 0 0 3 4 4 6 4 0 0 0 0 0 0 0 0 0 0
Last Time Cost: 00000099 ms
Total Time Cost: 00004975 ms
Total Distance 64: 0 0 4 4 5 0 0 0 0 0 0 0 0 0 0 0 0 1 4 4 5 0 0 0 0 0 0 0 0 0 0 0 0 0 4 4 4 4 0 0 0 0 0 0 0 0 0 0 0 3 4 4 6 4 0 0 0 0 0 0 0 0 0 0
Last Time Cost: 00000100 ms
Total Time Cost: 00005075 ms
Total Distance 63: 0 0 4 4 5 0 0 0 0 0 0 0 0 0 0 0 0 0 4 4 5 0 0 0 0 0 0 0 0 0 0 0 0 0 4 4 4 4 0 0 0 0 0 0 0 0 0 0 0 3 4 4 6 4 0 0 0 0 0 0 0 0 0 0
Last Time Cost: 00000103 ms
Total Time Cost: 00005178 ms
Total Distance 62: 0 0 4 4 5 0 0 0 0 0 0 0 0 0 0 0 0 0 4 4 5 0 0 0 0 0 0 0 0 0 0 0 0 0 4 4 4 4 0 0 0 0 0 0 0 0 0 0 0 2 4 4 6 4 0 0 0 0 0 0 0 0 0 0
Last Time Cost: 00000103 ms
Total Time Cost: 00005281 ms
Total Distance 61: 0 0 4 4 5 0 0 0 0 0 0 0 0 0 0 0 0 0 4 4 5 0 0 0 0 0 0 0 0 0 0 0 0 0 4 4 4 4 0 0 0 0 0 0 0 0 0 0 0 1 4 4 6 4 0 0 0 0 0 0 0 0 0 0
Last Time Cost: 00000103 ms
Total Time Cost: 00005384 ms
Total Distance 60: 0 0 4 4 5 0 0 0 0 0 0 0 0 0 0 0 0 0 4 4 5 0 0 0 0 0 0 0 0 0 0 0 0 0 4 4 4 4 0 0 0 0 0 0 0 0 0 0 0 0 4 4 6 4 0 0 0 0 0 0 0 0 0 0
Last Time Cost: 00000112 ms
Total Time Cost: 00005496 ms
Total Distance 57: 0 0 3 4 5 0 0 0 0 0 0 0 0 0 0 0 0 0 4 4 5 0 0 0 0 0 0 0 0 0 0 0 0 0 4 3 4 4 0 0 0 0 0 0 0 0 0 0 0 0 4 3 6 4 0 0 0 0 0 0 0 0 0 0
Last Time Cost: 00000109 ms
Total Time Cost: 00005605 ms
Total Distance 54: 0 0 3 4 5 0 0 0 0 0 0 0 0 0 0 0 0 0 4 4 4 0 0 0 0 0 0 0 0 0 0 0 0 0 4 3 3 4 0 0 0 0 0 0 0 0 0 0 0 0 4 2 6 4 0 0 0 0 0 0 0 0 0 0
Last Time Cost: 00000110 ms
Total Time Cost: 00005715 ms
Total Distance 53: 0 0 3 4 5 0 0 0 0 0 0 0 0 0 0 0 0 0 4 4 4 0 0 0 0 0 0 0 0 0 0 0 0 0 4 3 3 4 0 0 0 0 0 0 0 0 0 0 0 0 4 1 6 4 0 0 0 0 0 0 0 0 0 0
Last Time Cost: 00000110 ms
Total Time Cost: 00005825 ms
Total Distance 52: 0 0 3 4 5 0 0 0 0 0 0 0 0 0 0 0 0 0 4 4 4 0 0 0 0 0 0 0 0 0 0 0 0 0 4 3 3 4 0 0 0 0 0 0 0 0 0 0 0 0 4 0 6 4 0 0 0 0 0 0 0 0 0 0
Last Time Cost: 00000117 ms
Total Time Cost: 00005942 ms
Total Distance 50: 0 0 3 4 5 0 0 0 0 0 0 0 0 0 0 0 0 0 4 3 4 0 0 0 0 0 0 0 0 0 0 0 0 0 4 2 3 4 0 0 0 0 0 0 0 0 0 0 0 0 4 0 6 4 0 0 0 0 0 0 0 0 0 0
Last Time Cost: 00000116 ms
Total Time Cost: 00006058 ms
Total Distance 49: 0 0 3 4 5 0 0 0 0 0 0 0 0 0 0 0 0 0 4 3 4 0 0 0 0 0 0 0 0 0 0 0 0 0 4 1 3 4 0 0 0 0 0 0 0 0 0 0 0 0 4 0 6 4 0 0 0 0 0 0 0 0 0 0
Last Time Cost: 00000116 ms
Total Time Cost: 00006174 ms
Total Distance 48: 0 0 3 4 5 0 0 0 0 0 0 0 0 0 0 0 0 0 4 3 4 0 0 0 0 0 0 0 0 0 0 0 0 0 4 0 3 4 0 0 0 0 0 0 0 0 0 0 0 0 4 0 6 4 0 0 0 0 0 0 0 0 0 0
Last Time Cost: 00000120 ms
Total Time Cost: 00006294 ms
Total Distance 45: 0 0 3 3 5 0 0 0 0 0 0 0 0 0 0 0 0 0 3 2 4 0 0 0 0 0 0 0 0 0 0 0 0 0 4 0 3 4 0 0 0 0 0 0 0 0 0 0 0 0 4 0 6 4 0 0 0 0 0 0 0 0 0 0
Last Time Cost: 00000120 ms
Total Time Cost: 00006414 ms
Total Distance 43: 0 0 3 2 5 0 0 0 0 0 0 0 0 0 0 0 0 0 3 1 4 0 0 0 0 0 0 0 0 0 0 0 0 0 4 0 3 4 0 0 0 0 0 0 0 0 0 0 0 0 4 0 6 4 0 0 0 0 0 0 0 0 0 0
Last Time Cost: 00000121 ms
Total Time Cost: 00006535 ms
Total Distance 42: 0 0 3 2 5 0 0 0 0 0 0 0 0 0 0 0 0 0 3 0 4 0 0 0 0 0 0 0 0 0 0 0 0 0 4 0 3 4 0 0 0 0 0 0 0 0 0 0 0 0 4 0 6 4 0 0 0 0 0 0 0 0 0 0
Last Time Cost: 00000122 ms
Total Time Cost: 00006657 ms
Total Distance 41: 0 0 3 1 5 0 0 0 0 0 0 0 0 0 0 0 0 0 3 0 4 0 0 0 0 0 0 0 0 0 0 0 0 0 4 0 3 4 0 0 0 0 0 0 0 0 0 0 0 0 4 0 6 4 0 0 0 0 0 0 0 0 0 0
Last Time Cost: 00000123 ms
Total Time Cost: 00006780 ms
Total Distance 40: 0 0 3 0 5 0 0 0 0 0 0 0 0 0 0 0 0 0 3 0 4 0 0 0 0 0 0 0 0 0 0 0 0 0 4 0 3 4 0 0 0 0 0 0 0 0 0 0 0 0 4 0 6 4 0 0 0 0 0 0 0 0 0 0
Last Time Cost: 00000127 ms
Total Time Cost: 00006907 ms
Total Distance 39: 0 0 3 0 5 0 0 0 0 0 0 0 0 0 0 0 0 0 3 0 4 0 0 0 0 0 0 0 0 0 0 0 0 0 4 0 2 4 0 0 0 0 0 0 0 0 0 0 0 0 4 0 6 4 0 0 0 0 0 0 0 0 0 0
Last Time Cost: 00000129 ms
Total Time Cost: 00007036 ms
Total Distance 38: 0 0 3 0 5 0 0 0 0 0 0 0 0 0 0 0 0 0 3 0 4 0 0 0 0 0 0 0 0 0 0 0 0 0 4 0 1 4 0 0 0 0 0 0 0 0 0 0 0 0 4 0 6 4 0 0 0 0 0 0 0 0 0 0
Last Time Cost: 00000128 ms
Total Time Cost: 00007164 ms
Total Distance 37: 0 0 3 0 5 0 0 0 0 0 0 0 0 0 0 0 0 0 3 0 4 0 0 0 0 0 0 0 0 0 0 0 0 0 4 0 0 4 0 0 0 0 0 0 0 0 0 0 0 0 4 0 6 4 0 0 0 0 0 0 0 0 0 0
Last Time Cost: 00000132 ms
Total Time Cost: 00007296 ms
Total Distance 36: 0 0 3 0 5 0 0 0 0 0 0 0 0 0 0 0 0 0 2 0 4 0 0 0 0 0 0 0 0 0 0 0 0 0 4 0 0 4 0 0 0 0 0 0 0 0 0 0 0 0 4 0 6 4 0 0 0 0 0 0 0 0 0 0
Last Time Cost: 00000134 ms
Total Time Cost: 00007430 ms
Total Distance 35: 0 0 3 0 5 0 0 0 0 0 0 0 0 0 0 0 0 0 1 0 4 0 0 0 0 0 0 0 0 0 0 0 0 0 4 0 0 4 0 0 0 0 0 0 0 0 0 0 0 0 4 0 6 4 0 0 0 0 0 0 0 0 0 0
Last Time Cost: 00000133 ms
Total Time Cost: 00007563 ms
Total Distance 34: 0 0 3 0 5 0 0 0 0 0 0 0 0 0 0 0 0 0 0 0 4 0 0 0 0 0 0 0 0 0 0 0 0 0 4 0 0 4 0 0 0 0 0 0 0 0 0 0 0 0 4 0 6 4 0 0 0 0 0 0 0 0 0 0
Last Time Cost: 00000138 ms
Total Time Cost: 00007701 ms
Total Distance 33: 0 0 2 0 5 0 0 0 0 0 0 0 0 0 0 0 0 0 0 0 4 0 0 0 0 0 0 0 0 0 0 0 0 0 4 0 0 4 0 0 0 0 0 0 0 0 0 0 0 0 4 0 6 4 0 0 0 0 0 0 0 0 0 0
Last Time Cost: 00000137 ms
Total Time Cost: 00007838 ms
Total Distance 32: 0 0 1 0 5 0 0 0 0 0 0 0 0 0 0 0 0 0 0 0 4 0 0 0 0 0 0 0 0 0 0 0 0 0 4 0 0 4 0 0 0 0 0 0 0 0 0 0 0 0 4 0 6 4 0 0 0 0 0 0 0 0 0 0
Last Time Cost: 00000138 ms
Total Time Cost: 00007976 ms
Total Distance 31: 0 0 0 0 5 0 0 0 0 0 0 0 0 0 0 0 0 0 0 0 4 0 0 0 0 0 0 0 0 0 0 0 0 0 4 0 0 4 0 0 0 0 0 0 0 0 0 0 0 0 4 0 6 4 0 0 0 0 0 0 0 0 0 0
Last Time Cost: 00000144 ms
Total Time Cost: 00008120 ms
Total Distance 28: 0 0 0 0 5 0 0 0 0 0 0 0 0 0 0 0 0 0 0 0 3 0 0 0 0 0 0 0 0 0 0 0 0 0 4 0 0 3 0 0 0 0 0 0 0 0 0 0 0 0 4 0 6 3 0 0 0 0 0 0 0 0 0 0
Last Time Cost: 00000147 ms
Total Time Cost: 00008267 ms
Total Distance 26: 0 0 0 0 5 0 0 0 0 0 0 0 0 0 0 0 0 0 0 0 3 0 0 0 0 0 0 0 0 0 0 0 0 0 4 0 0 2 0 0 0 0 0 0 0 0 0 0 0 0 4 0 6 2 0 0 0 0 0 0 0 0 0 0
Last Time Cost: 00000147 ms
Total Time Cost: 00008414 ms
Total Distance 25: 0 0 0 0 5 0 0 0 0 0 0 0 0 0 0 0 0 0 0 0 3 0 0 0 0 0 0 0 0 0 0 0 0 0 4 0 0 1 0 0 0 0 0 0 0 0 0 0 0 0 4 0 6 2 0 0 0 0 0 0 0 0 0 0
Last Time Cost: 00000146 ms
Total Time Cost: 00008560 ms
Total Distance 24: 0 0 0 0 5 0 0 0 0 0 0 0 0 0 0 0 0 0 0 0 3 0 0 0 0 0 0 0 0 0 0 0 0 0 4 0 0 0 0 0 0 0 0 0 0 0 0 0 0 0 4 0 6 2 0 0 0 0 0 0 0 0 0 0
Last Time Cost: 00000150 ms
Total Time Cost: 00008710 ms
Total Distance 23: 0 0 0 0 5 0 0 0 0 0 0 0 0 0 0 0 0 0 0 0 3 0 0 0 0 0 0 0 0 0 0 0 0 0 4 0 0 0 0 0 0 0 0 0 0 0 0 0 0 0 4 0 6 1 0 0 0 0 0 0 0 0 0 0
Last Time Cost: 00000148 ms
Total Time Cost: 00008858 ms
Total Distance 22: 0 0 0 0 5 0 0 0 0 0 0 0 0 0 0 0 0 0 0 0 3 0 0 0 0 0 0 0 0 0 0 0 0 0 4 0 0 0 0 0 0 0 0 0 0 0 0 0 0 0 4 0 6 0 0 0 0 0 0 0 0 0 0 0
Last Time Cost: 00000154 ms
Total Time Cost: 00009012 ms
Total Distance 20: 0 0 0 0 5 0 0 0 0 0 0 0 0 0 0 0 0 0 0 0 2 0 0 0 0 0 0 0 0 0 0 0 0 0 4 0 0 0 0 0 0 0 0 0 0 0 0 0 0 0 4 0 5 0 0 0 0 0 0 0 0 0 0 0
Last Time Cost: 00000004 ms
Total Time Cost: 00009016 ms
Total Distance 19: 0 0 0 0 5 0 0 0 0 0 0 0 0 0 0 0 0 0 0 0 1 0 0 0 0 0 0 0 0 0 0 0 0 0 4 0 0 0 0 0 0 0 0 0 0 0 0 0 0 0 4 0 5 0 0 0 0 0 0 0 0 0 0 0
Last Time Cost: 00000003 ms
Total Time Cost: 00009019 ms
Total Distance 18: 0 0 0 0 5 0 0 0 0 0 0 0 0 0 0 0 0 0 0 0 0 0 0 0 0 0 0 0 0 0 0 0 0 0 4 0 0 0 0 0 0 0 0 0 0 0 0 0 0 0 4 0 5 0 0 0 0 0 0 0 0 0 0 0
Last Time Cost: 00000004 ms
Total Time Cost: 00009023 ms
Total Distance 16: 0 0 0 0 5 0 0 0 0 0 0 0 0 0 0 0 0 0 0 0 0 0 0 0 0 0 0 0 0 0 0 0 0 0 3 0 0 0 0 0 0 0 0 0 0 0 0 0 0 0 3 0 5 0 0 0 0 0 0 0 0 0 0 0
Last Time Cost: 00000004 ms
Total Time Cost: 00009027 ms
Total Distance 15: 0 0 0 0 5 0 0 0 0 0 0 0 0 0 0 0 0 0 0 0 0 0 0 0 0 0 0 0 0 0 0 0 0 0 2 0 0 0 0 0 0 0 0 0 0 0 0 0 0 0 3 0 5 0 0 0 0 0 0 0 0 0 0 0
Last Time Cost: 00000004 ms
Total Time Cost: 00009031 ms
Total Distance 14: 0 0 0 0 5 0 0 0 0 0 0 0 0 0 0 0 0 0 0 0 0 0 0 0 0 0 0 0 0 0 0 0 0 0 1 0 0 0 0 0 0 0 0 0 0 0 0 0 0 0 3 0 5 0 0 0 0 0 0 0 0 0 0 0
Last Time Cost: 00000002 ms
Total Time Cost: 00009033 ms
Total Distance 13: 0 0 0 0 5 0 0 0 0 0 0 0 0 0 0 0 0 0 0 0 0 0 0 0 0 0 0 0 0 0 0 0 0 0 0 0 0 0 0 0 0 0 0 0 0 0 0 0 0 0 3 0 5 0 0 0 0 0 0 0 0 0 0 0
Last Time Cost: 00000004 ms
Total Time Cost: 00009037 ms
Total Distance 12: 0 0 0 0 5 0 0 0 0 0 0 0 0 0 0 0 0 0 0 0 0 0 0 0 0 0 0 0 0 0 0 0 0 0 0 0 0 0 0 0 0 0 0 0 0 0 0 0 0 0 2 0 5 0 0 0 0 0 0 0 0 0 0 0
Last Time Cost: 00000004 ms
Total Time Cost: 00009041 ms
Total Distance 11: 0 0 0 0 5 0 0 0 0 0 0 0 0 0 0 0 0 0 0 0 0 0 0 0 0 0 0 0 0 0 0 0 0 0 0 0 0 0 0 0 0 0 0 0 0 0 0 0 0 0 1 0 5 0 0 0 0 0 0 0 0 0 0 0
Last Time Cost: 00000002 ms
Total Time Cost: 00009043 ms
Total Distance 10: 0 0 0 0 5 0 0 0 0 0 0 0 0 0 0 0 0 0 0 0 0 0 0 0 0 0 0 0 0 0 0 0 0 0 0 0 0 0 0 0 0 0 0 0 0 0 0 0 0 0 0 0 5 0 0 0 0 0 0 0 0 0 0 0
Last Time Cost: 00000035 ms
Total Time Cost: 00009078 ms
Total Distance 8: 0 0 0 0 4 0 0 0 0 0 0 0 0 0 0 0 0 0 0 0 0 0 0 0 0 0 0 0 0 0 0 0 0 0 0 0 0 0 0 0 0 0 0 0 0 0 0 0 0 0 0 0 4 0 0 0 0 0 0 0 0 0 0 0
Last Time Cost: 00000006 ms
Total Time Cost: 00009084 ms
Total Distance 6: 0 0 0 0 3 0 0 0 0 0 0 0 0 0 0 0 0 0 0 0 0 0 0 0 0 0 0 0 0 0 0 0 0 0 0 0 0 0 0 0 0 0 0 0 0 0 0 0 0 0 0 0 3 0 0 0 0 0 0 0 0 0 0 0
Last Time Cost: 00000002 ms
Total Time Cost: 00009086 ms
Total Distance 4: 0 0 0 0 2 0 0 0 0 0 0 0 0 0 0 0 0 0 0 0 0 0 0 0 0 0 0 0 0 0 0 0 0 0 0 0 0 0 0 0 0 0 0 0 0 0 0 0 0 0 0 0 2 0 0 0 0 0 0 0 0 0 0 0
Last Time Cost: 00000001 ms
Total Time Cost: 00009087 ms
Total Distance 3: 0 0 0 0 2 0 0 0 0 0 0 0 0 0 0 0 0 0 0 0 0 0 0 0 0 0 0 0 0 0 0 0 0 0 0 0 0 0 0 0 0 0 0 0 0 0 0 0 0 0 0 0 1 0 0 0 0 0 0 0 0 0 0 0
Last Time Cost: 00000001 ms
Total Time Cost: 00009088 ms
Total Distance 2: 0 0 0 0 2 0 0 0 0 0 0 0 0 0 0 0 0 0 0 0 0 0 0 0 0 0 0 0 0 0 0 0 0 0 0 0 0 0 0 0 0 0 0 0 0 0 0 0 0 0 0 0 0 0 0 0 0 0 0 0 0 0 0 0
Last Time Cost: 00000001 ms
Total Time Cost: 00009089 ms
Total Distance 1: 0 0 0 0 1 0 0 0 0 0 0 0 0 0 0 0 0 0 0 0 0 0 0 0 0 0 0 0 0 0 0 0 0 0 0 0 0 0 0 0 0 0 0 0 0 0 0 0 0 0 0 0 0 0 0 0 0 0 0 0 0 0 0 0
Last Time Cost: 00000000 ms
Total Time Cost: 00009089 ms
Total Distance 0: 0 0 0 0 0 0 0 0 0 0 0 0 0 0 0 0 0 0 0 0 0 0 0 0 0 0 0 0 0 0 0 0 0 0 0 0 0 0 0 0 0 0 0 0 0 0 0 0 0 0 0 0 0 0 0 0 0 0 0 0 0 0 0 0
