Last Time Cost: 00000000 ms
Total Time Cost: 00000000 ms
Total Distance 344: 5 6 7 6 6 6 5 5 5 5 5 5 5 5 5 5 5 6 7 6 6 6 5 5 5 5 5 5 5 5 5 5 5 6 7 6 6 6 5 5 5 5 5 5 5 5 5 5 5 6 7 6 6 6 5 5 5 5 5 5 5 5 5 5
Last Time Cost: 00000013 ms
Total Time Cost: 00000013 ms
Total Distance 339: 4 6 7 6 6 6 5 5 5 5 5 5 5 5 5 5 4 5 7 6 6 6 5 5 5 5 5 5 5 5 5 5 4 6 7 6 6 6 5 5 5 5 5 5 5 5 5 5 4 6 7 6 6 6 5 5 5 5 5 5 5 5 5 5
Last Time Cost: 00000006 ms
Total Time Cost: 00000019 ms
Total Distance 334: 3 6 7 6 6 6 5 5 5 5 5 5 5 5 5 5 3 5 7 6 6 6 5 5 5 5 5 5 5 5 5 5 3 6 7 6 6 6 5 5 5 5 5 5 5 5 5 5 3 5 7 6 6 6 5 5 5 5 5 5 5 5 5 5
Last Time Cost: 00000006 ms
Total Time Cost: 00000025 ms
Total Distance 330: 2 6 7 6 6 6 5 5 5 5 5 5 5 5 5 5 2 5 7 6 6 6 5 5 5 5 5 5 5 5 5 5 2 6 7 6 6 6 5 5 5 5 5 5 5 5 5 5 2 5 7 6 6 6 5 5 5 5 5 5 5 5 5 5
Last Time Cost: 00000007 ms
Total Time Cost: 00000032 ms
Total Distance 329: 1 6 7 6 6 6 5 5 5 5 5 5 5 5 5 5 2 5 7 6 6 6 5 5 5 5 5 5 5 5 5 5 2 6 7 6 6 6 5 5 5 5 5 5 5 5 5 5 2 5 7 6 6 6 5 5 5 5 5 5 5 5 5 5
Last Time Cost: 00000006 ms
Total Time Cost: 00000038 ms
Total Distance 328: 0 6 7 6 6 6 5 5 5 5 5 5 5 5 5 5 2 5 7 6 6 6 5 5 5 5 5 5 5 5 5 5 2 6 7 6 6 6 5 5 5 5 5 5 5 5 5 5 2 5 7 6 6 6 5 5 5 5 5 5 5 5 5 5
Last Time Cost: 00000006 ms
Total Time Cost: 00000044 ms
Total Distance 327: 0 6 7 6 6 6 5 5 5 5 5 5 5 5 5 5 2 5 7 6 6 6 5 5 5 5 5 5 5 5 5 5 1 6 7 6 6 6 5 5 5 5 5 5 5 5 5 5 2 5 7 6 6 6 5 5 5 5 5 5 5 5 5 5
Last Time Cost: 00000006 ms
Total Time Cost: 00000050 ms
Total Distance 326: 0 6 7 6 6 6 5 5 5 5 5 5 5 5 5 5 2 5 7 6 6 6 5 5 5 5 5 5 5 5 5 5 0 6 7 6 6 6 5 5 5 5 5 5 5 5 5 5 2 5 7 6 6 6 5 5 5 5 5 5 5 5 5 5
Last Time Cost: 00000007 ms
Total Time Cost: 00000057 ms
Total Distance 325: 0 6 7 6 6 6 5 5 5 5 5 5 5 5 5 5 1 5 7 6 6 6 5 5 5 5 5 5 5 5 5 5 0 6 7 6 6 6 5 5 5 5 5 5 5 5 5 5 2 5 7 6 6 6 5 5 5 5 5 5 5 5 5 5
Last Time Cost: 00000006 ms
Total Time Cost: 00000063 ms
Total Distance 324: 0 6 7 6 6 6 5 5 5 5 5 5 5 5 5 5 0 5 7 6 6 6 5 5 5 5 5 5 5 5 5 5 0 6 7 6 6 6 5 5 5 5 5 5 5 5 5 5 2 5 7 6 6 6 5 5 5 5 5 5 5 5 5 5
Last Time Cost: 00000008 ms
Total Time Cost: 00000071 ms
Total Distance 323: 0 6 7 6 6 6 5 5 5 5 5 5 5 5 5 5 0 5 7 6 6 6 5 5 5 5 5 5 5 5 5 5 0 6 7 6 6 6 5 5 5 5 5 5 5 5 5 5 1 5 7 6 6 6 5 5 5 5 5 5 5 5 5 5
Last Time Cost: 00000006 ms
Total Time Cost: 00000077 ms
Total Distance 322: 0 6 7 6 6 6 5 5 5 5 5 5 5 5 5 5 0 5 7 6 6 6 5 5 5 5 5 5 5 5 5 5 0 6 7 6 6 6 5 5 5 5 5 5 5 5 5 5 0 5 7 6 6 6 5 5 5 5 5 5 5 5 5 5
Last Time Cost: 00000014 ms
Total Time Cost: 00000091 ms
Total Distance 318: 0 6 7 6 6 6 5 4 5 5 5 5 5 5 5 5 0 5 7 6 6 6 5 4 5 5 5 5 5 5 5 5 0 6 7 6 6 6 5 4 5 5 5 5 5 5 5 5 0 5 7 6 6 6 5 4 5 5 5 5 5 5 5 5
Last Time Cost: 00000008 ms
Total Time Cost: 00000099 ms
Total Distance 314: 0 6 7 6 6 6 5 3 5 5 5 5 5 5 5 5 0 5 7 6 6 6 5 3 5 5 5 5 5 5 5 5 0 6 7 6 6 6 5 3 5 5 5 5 5 5 5 5 0 5 7 6 6 6 5 3 5 5 5 5 5 5 5 5
Last Time Cost: 00000009 ms
Total Time Cost: 00000108 ms
Total Distance 310: 0 6 7 6 6 6 5 2 5 5 5 5 5 5 5 5 0 5 7 6 6 6 5 2 5 5 5 5 5 5 5 5 0 6 7 6 6 6 5 2 5 5 5 5 5 5 5 5 0 5 7 6 6 6 5 2 5 5 5 5 5 5 5 5
Last Time Cost: 00000009 ms
Total Time Cost: 00000117 ms
Total Distance 309: 0 6 7 6 6 6 5 2 5 5 5 5 5 5 5 5 0 5 7 6 6 6 5 2 5 5 5 5 5 5 5 5 0 6 7 6 6 6 5 2 5 5 5 5 5 5 5 5 0 5 7 6 6 6 5 1 5 5 5 5 5 5 5 5
Last Time Cost: 00000008 ms
Total Time Cost: 00000125 ms
Total Distance 308: 0 6 7 6 6 6 5 2 5 5 5 5 5 5 5 5 0 5 7 6 6 6 5 2 5 5 5 5 5 5 5 5 0 6 7 6 6 6 5 2 5 5 5 5 5 5 5 5 0 5 7 6 6 6 5 0 5 5 5 5 5 5 5 5
Last Time Cost: 00000009 ms
Total Time Cost: 00000134 ms
Total Distance 307: 0 6 7 6 6 6 5 1 5 5 5 5 5 5 5 5 0 5 7 6 6 6 5 2 5 5 5 5 5 5 5 5 0 6 7 6 6 6 5 2 5 5 5 5 5 5 5 5 0 5 7 6 6 6 5 0 5 5 5 5 5 5 5 5
Last Time Cost: 00000007 ms
Total Time Cost: 00000141 ms
Total Distance 306: 0 6 7 6 6 6 5 0 5 5 5 5 5 5 5 5 0 5 7 6 6 6 5 2 5 5 5 5 5 5 5 5 0 6 7 6 6 6 5 2 5 5 5 5 5 5 5 5 0 5 7 6 6 6 5 0 5 5 5 5 5 5 5 5
Last Time Cost: 00000009 ms
Total Time Cost: 00000150 ms
Total Distance 305: 0 6 7 6 6 6 5 0 5 5 5 5 5 5 5 5 0 5 7 6 6 6 5 1 5 5 5 5 5 5 5 5 0 6 7 6 6 6 5 2 5 5 5 5 5 5 5 5 0 5 7 6 6 6 5 0 5 5 5 5 5 5 5 5
Last Time Cost: 00000008 ms
Total Time Cost: 00000158 ms
Total Distance 304: 0 6 7 6 6 6 5 0 5 5 5 5 5 5 5 5 0 5 7 6 6 6 5 0 5 5 5 5 5 5 5 5 0 6 7 6 6 6 5 2 5 5 5 5 5 5 5 5 0 5 7 6 6 6 5 0 5 5 5 5 5 5 5 5
Last Time Cost: 00000008 ms
Total Time Cost: 00000166 ms
Total Distance 303: 0 6 7 6 6 6 5 0 5 5 5 5 5 5 5 5 0 5 7 6 6 6 5 0 5 5 5 5 5 5 5 5 0 6 7 6 6 6 5 1 5 5 5 5 5 5 5 5 0 5 7 6 6 6 5 0 5 5 5 5 5 5 5 5
Last Time Cost: 00000009 ms
Total Time Cost: 00000175 ms
Total Distance 302: 0 6 7 6 6 6 5 0 5 5 5 5 5 5 5 5 0 5 7 6 6 6 5 0 5 5 5 5 5 5 5 5 0 6 7 6 6 6 5 0 5 5 5 5 5 5 5 5 0 5 7 6 6 6 5 0 5 5 5 5 5 5 5 5
Last Time Cost: 00000020 ms
Total Time Cost: 00000195 ms
Total Distance 298: 0 6 7 6 6 6 5 0 5 5 5 5 4 5 5 5 0 5 7 6 6 6 5 0 5 5 5 5 4 5 5 5 0 6 7 6 6 6 5 0 5 5 5 5 4 5 5 5 0 5 7 6 6 6 5 0 5 5 5 5 4 5 5 5
Last Time Cost: 00000010 ms
Total Time Cost: 00000205 ms
Total Distance 294: 0 6 7 6 6 6 5 0 5 5 5 5 3 5 5 5 0 5 7 6 6 6 5 0 5 5 5 5 3 5 5 5 0 6 7 6 6 6 5 0 5 5 5 5 3 5 5 5 0 5 7 6 6 6 5 0 5 5 5 5 3 5 5 5
Last Time Cost: 00000010 ms
Total Time Cost: 00000215 ms
Total Distance 290: 0 6 7 6 6 6 5 0 5 5 5 5 2 5 5 5 0 5 7 6 6 6 5 0 5 5 5 5 2 5 5 5 0 6 7 6 6 6 5 0 5 5 5 5 2 5 5 5 0 5 7 6 6 6 5 0 5 5 5 5 2 5 5 5
Last Time Cost: 00000010 ms
Total Time Cost: 00000225 ms
Total Distance 289: 0 6 7 6 6 6 5 0 5 5 5 5 2 5 5 5 0 5 7 6 6 6 5 0 5 5 5 5 2 5 5 5 0 6 7 6 6 6 5 0 5 5 5 5 2 5 5 5 0 5 7 6 6 6 5 0 5 5 5 5 1 5 5 5
Last Time Cost: 00000009 ms
Total Time Cost: 00000234 ms
Total Distance 288: 0 6 7 6 6 6 5 0 5 5 5 5 2 5 5 5 0 5 7 6 6 6 5 0 5 5 5 5 2 5 5 5 0 6 7 6 6 6 5 0 5 5 5 5 2 5 5 5 0 5 7 6 6 6 5 0 5 5 5 5 0 5 5 5
Last Time Cost: 00000011 ms
Total Time Cost: 00000245 ms
Total Distance 287: 0 6 7 6 6 6 5 0 5 5 5 5 2 5 5 5 0 5 7 6 6 6 5 0 5 5 5 5 1 5 5 5 0 6 7 6 6 6 5 0 5 5 5 5 2 5 5 5 0 5 7 6 6 6 5 0 5 5 5 5 0 5 5 5
Last Time Cost: 00000010 ms
Total Time Cost: 00000255 ms
Total Distance 286: 0 6 7 6 6 6 5 0 5 5 5 5 2 5 5 5 0 5 7 6 6 6 5 0 5 5 5 5 0 5 5 5 0 6 7 6 6 6 5 0 5 5 5 5 2 5 5 5 0 5 7 6 6 6 5 0 5 5 5 5 0 5 5 5
Last Time Cost: 00000011 ms
Total Time Cost: 00000266 ms
Total Distance 285: 0 6 7 6 6 6 5 0 5 5 5 5 1 5 5 5 0 5 7 6 6 6 5 0 5 5 5 5 0 5 5 5 0 6 7 6 6 6 5 0 5 5 5 5 2 5 5 5 0 5 7 6 6 6 5 0 5 5 5 5 0 5 5 5
Last Time Cost: 00000010 ms
Total Time Cost: 00000276 ms
Total Distance 284: 0 6 7 6 6 6 5 0 5 5 5 5 0 5 5 5 0 5 7 6 6 6 5 0 5 5 5 5 0 5 5 5 0 6 7 6 6 6 5 0 5 5 5 5 2 5 5 5 0 5 7 6 6 6 5 0 5 5 5 5 0 5 5 5
Last Time Cost: 00000012 ms
Total Time Cost: 00000288 ms
Total Distance 283: 0 6 7 6 6 6 5 0 5 5 5 5 0 5 5 5 0 5 7 6 6 6 5 0 5 5 5 5 0 5 5 5 0 6 7 6 6 6 5 0 5 5 5 5 1 5 5 5 0 5 7 6 6 6 5 0 5 5 5 5 0 5 5 5
Last Time Cost: 00000011 ms
Total Time Cost: 00000299 ms
Total Distance 282: 0 6 7 6 6 6 5 0 5 5 5 5 0 5 5 5 0 5 7 6 6 6 5 0 5 5 5 5 0 5 5 5 0 6 7 6 6 6 5 0 5 5 5 5 0 5 5 5 0 5 7 6 6 6 5 0 5 5 5 5 0 5 5 5
Last Time Cost: 00000028 ms
Total Time Cost: 00000327 ms
Total Distance 278: 0 6 7 6 6 6 5 0 4 5 5 5 0 5 5 5 0 5 7 6 6 6 5 0 4 5 5 5 0 5 5 5 0 6 7 6 6 6 5 0 4 5 5 5 0 5 5 5 0 5 7 6 6 6 5 0 4 5 5 5 0 5 5 5
Last Time Cost: 00000013 ms
Total Time Cost: 00000340 ms
Total Distance 274: 0 6 7 6 6 6 5 0 3 5 5 5 0 5 5 5 0 5 7 6 6 6 5 0 3 5 5 5 0 5 5 5 0 6 7 6 6 6 5 0 3 5 5 5 0 5 5 5 0 5 7 6 6 6 5 0 3 5 5 5 0 5 5 5
Last Time Cost: 00000014 ms
Total Time Cost: 00000354 ms
Total Distance 270: 0 6 7 6 6 6 5 0 2 5 5 5 0 5 5 5 0 5 7 6 6 6 5 0 2 5 5 5 0 5 5 5 0 6 7 6 6 6 5 0 2 5 5 5 0 5 5 5 0 5 7 6 6 6 5 0 2 5 5 5 0 5 5 5
Last Time Cost: 00000013 ms
Total Time Cost: 00000367 ms
Total Distance 269: 0 6 7 6 6 6 5 0 2 5 5 5 0 5 5 5 0 5 7 6 6 6 5 0 2 5 5 5 0 5 5 5 0 6 7 6 6 6 5 0 2 5 5 5 0 5 5 5 0 5 7 6 6 6 5 0 1 5 5 5 0 5 5 5
Last Time Cost: 00000012 ms
Total Time Cost: 00000379 ms
Total Distance 268: 0 6 7 6 6 6 5 0 2 5 5 5 0 5 5 5 0 5 7 6 6 6 5 0 2 5 5 5 0 5 5 5 0 6 7 6 6 6 5 0 2 5 5 5 0 5 5 5 0 5 7 6 6 6 5 0 0 5 5 5 0 5 5 5
Last Time Cost: 00000014 ms
Total Time Cost: 00000393 ms
Total Distance 267: 0 6 7 6 6 6 5 0 2 5 5 5 0 5 5 5 0 5 7 6 6 6 5 0 2 5 5 5 0 5 5 5 0 6 7 6 6 6 5 0 1 5 5 5 0 5 5 5 0 5 7 6 6 6 5 0 0 5 5 5 0 5 5 5
Last Time Cost: 00000014 ms
Total Time Cost: 00000407 ms
Total Distance 266: 0 6 7 6 6 6 5 0 2 5 5 5 0 5 5 5 0 5 7 6 6 6 5 0 2 5 5 5 0 5 5 5 0 6 7 6 6 6 5 0 0 5 5 5 0 5 5 5 0 5 7 6 6 6 5 0 0 5 5 5 0 5 5 5
Last Time Cost: 00000015 ms
Total Time Cost: 00000422 ms
Total Distance 265: 0 6 7 6 6 6 5 0 2 5 5 5 0 5 5 5 0 5 7 6 6 6 5 0 1 5 5 5 0 5 5 5 0 6 7 6 6 6 5 0 0 5 5 5 0 5 5 5 0 5 7 6 6 6 5 0 0 5 5 5 0 5 5 5
Last Time Cost: 00000015 ms
Total Time Cost: 00000437 ms
Total Distance 264: 0 6 7 6 6 6 5 0 2 5 5 5 0 5 5 5 0 5 7 6 6 6 5 0 0 5 5 5 0 5 5 5 0 6 7 6 6 6 5 0 0 5 5 5 0 5 5 5 0 5 7 6 6 6 5 0 0 5 5 5 0 5 5 5
Last Time Cost: 00000015 ms
Total Time Cost: 00000452 ms
Total Distance 263: 0 6 7 6 6 6 5 0 1 5 5 5 0 5 5 5 0 5 7 6 6 6 5 0 0 5 5 5 0 5 5 5 0 6 7 6 6 6 5 0 0 5 5 5 0 5 5 5 0 5 7 6 6 6 5 0 0 5 5 5 0 5 5 5
Last Time Cost: 00000016 ms
Total Time Cost: 00000468 ms
Total Distance 262: 0 6 7 6 6 6 5 0 0 5 5 5 0 5 5 5 0 5 7 6 6 6 5 0 0 5 5 5 0 5 5 5 0 6 7 6 6 6 5 0 0 5 5 5 0 5 5 5 0 5 7 6 6 6 5 0 0 5 5 5 0 5 5 5
Last Time Cost: 00000037 ms
Total Time Cost: 00000505 ms
Total Distance 258: 0 6 7 6 6 6 4 0 0 5 5 5 0 5 5 5 0 5 7 6 6 6 4 0 0 5 5 5 0 5 5 5 0 6 7 6 6 6 4 0 0 5 5 5 0 5 5 5 0 5 7 6 6 6 4 0 0 5 5 5 0 5 5 5
Last Time Cost: 00000018 ms
Total Time Cost: 00000523 ms
Total Distance 254: 0 6 7 6 6 6 3 0 0 5 5 5 0 5 5 5 0 5 7 6 6 6 3 0 0 5 5 5 0 5 5 5 0 6 7 6 6 6 3 0 0 5 5 5 0 5 5 5 0 5 7 6 6 6 3 0 0 5 5 5 0 5 5 5
Last Time Cost: 00000018 ms
Total Time Cost: 00000541 ms
Total Distance 250: 0 6 7 6 6 6 2 0 0 5 5 5 0 5 5 5 0 5 7 6 6 6 2 0 0 5 5 5 0 5 5 5 0 6 7 6 6 6 2 0 0 5 5 5 0 5 5 5 0 5 7 6 6 6 2 0 0 5 5 5 0 5 5 5
Last Time Cost: 00000019 ms
Total Time Cost: 00000560 ms
Total Distance 249: 0 6 7 6 6 6 2 0 0 5 5 5 0 5 5 5 0 5 7 6 6 6 2 0 0 5 5 5 0 5 5 5 0 6 7 6 6 6 2 0 0 5 5 5 0 5 5 5 0 5 7 6 6 6 1 0 0 5 5 5 0 5 5 5
Last Time Cost: 00000016 ms
Total Time Cost: 00000576 ms
Total Distance 248: 0 6 7 6 6 6 2 0 0 5 5 5 0 5 5 5 0 5 7 6 6 6 2 0 0 5 5 5 0 5 5 5 0 6 7 6 6 6 2 0 0 5 5 5 0 5 5 5 0 5 7 6 6 6 0 0 0 5 5 5 0 5 5 5
Last Time Cost: 00000018 ms
Total Time Cost: 00000594 ms
Total Distance 247: 0 6 7 6 6 6 1 0 0 5 5 5 0 5 5 5 0 5 7 6 6 6 2 0 0 5 5 5 0 5 5 5 0 6 7 6 6 6 2 0 0 5 5 5 0 5 5 5 0 5 7 6 6 6 0 0 0 5 5 5 0 5 5 5
Last Time Cost: 00000018 ms
Total Time Cost: 00000612 ms
Total Distance 246: 0 6 7 6 6 6 0 0 0 5 5 5 0 5 5 5 0 5 7 6 6 6 2 0 0 5 5 5 0 5 5 5 0 6 7 6 6 6 2 0 0 5 5 5 0 5 5 5 0 5 7 6 6 6 0 0 0 5 5 5 0 5 5 5
Last Time Cost: 00000019 ms
Total Time Cost: 00000631 ms
Total Distance 245: 0 6 7 6 6 6 0 0 0 5 5 5 0 5 5 5 0 5 7 6 6 6 1 0 0 5 5 5 0 5 5 5 0 6 7 6 6 6 2 0 0 5 5 5 0 5 5 5 0 5 7 6 6 6 0 0 0 5 5 5 0 5 5 5
Last Time Cost: 00000019 ms
Total Time Cost: 00000650 ms
Total Distance 244: 0 6 7 6 6 6 0 0 0 5 5 5 0 5 5 5 0 5 7 6 6 6 0 0 0 5 5 5 0 5 5 5 0 6 7 6 6 6 2 0 0 5 5 5 0 5 5 5 0 5 7 6 6 6 0 0 0 5 5 5 0 5 5 5
Last Time Cost: 00000020 ms
Total Time Cost: 00000670 ms
Total Distance 243: 0 6 7 6 6 6 0 0 0 5 5 5 0 5 5 5 0 5 7 6 6 6 0 0 0 5 5 5 0 5 5 5 0 6 7 6 6 6 1 0 0 5 5 5 0 5 5 5 0 5 7 6 6 6 0 0 0 5 5 5 0 5 5 5
Last Time Cost: 00000020 ms
Total Time Cost: 00000690 ms
Total Distance 242: 0 6 7 6 6 6 0 0 0 5 5 5 0 5 5 5 0 5 7 6 6 6 0 0 0 5 5 5 0 5 5 5 0 6 7 6 6 6 0 0 0 5 5 5 0 5 5 5 0 5 7 6 6 6 0 0 0 5 5 5 0 5 5 5
Last Time Cost: 00000047 ms
Total Time Cost: 00000737 ms
Total Distance 238: 0 6 7 6 6 6 0 0 0 4 5 5 0 5 5 5 0 5 7 6 6 6 0 0 0 4 5 5 0 5 5 5 0 6 7 6 6 6 0 0 0 4 5 5 0 5 5 5 0 5 7 6 6 6 0 0 0 4 5 5 0 5 5 5
Last Time Cost: 00000024 ms
Total Time Cost: 00000761 ms
Total Distance 234: 0 6 7 6 6 6 0 0 0 3 5 5 0 5 5 5 0 5 7 6 6 6 0 0 0 3 5 5 0 5 5 5 0 6 7 6 6 6 0 0 0 3 5 5 0 5 5 5 0 5 7 6 6 6 0 0 0 3 5 5 0 5 5 5
Last Time Cost: 00000024 ms
Total Time Cost: 00000785 ms
Total Distance 230: 0 6 7 6 6 6 0 0 0 2 5 5 0 5 5 5 0 5 7 6 6 6 0 0 0 2 5 5 0 5 5 5 0 6 7 6 6 6 0 0 0 2 5 5 0 5 5 5 0 5 7 6 6 6 0 0 0 2 5 5 0 5 5 5
Last Time Cost: 00000023 ms
Total Time Cost: 00000808 ms
Total Distance 229: 0 6 7 6 6 6 0 0 0 2 5 5 0 5 5 5 0 5 7 6 6 6 0 0 0 2 5 5 0 5 5 5 0 6 7 6 6 6 0 0 0 1 5 5 0 5 5 5 0 5 7 6 6 6 0 0 0 2 5 5 0 5 5 5
Last Time Cost: 00000023 ms
Total Time Cost: 00000831 ms
Total Distance 228: 0 6 7 6 6 6 0 0 0 2 5 5 0 5 5 5 0 5 7 6 6 6 0 0 0 2 5 5 0 5 5 5 0 6 7 6 6 6 0 0 0 0 5 5 0 5 5 5 0 5 7 6 6 6 0 0 0 2 5 5 0 5 5 5
Last Time Cost: 00000024 ms
Total Time Cost: 00000855 ms
Total Distance 227: 0 6 7 6 6 6 0 0 0 2 5 5 0 5 5 5 0 5 7 6 6 6 0 0 0 1 5 5 0 5 5 5 0 6 7 6 6 6 0 0 0 0 5 5 0 5 5 5 0 5 7 6 6 6 0 0 0 2 5 5 0 5 5 5
Last Time Cost: 00000024 ms
Total Time Cost: 00000879 ms
Total Distance 226: 0 6 7 6 6 6 0 0 0 2 5 5 0 5 5 5 0 5 7 6 6 6 0 0 0 0 5 5 0 5 5 5 0 6 7 6 6 6 0 0 0 0 5 5 0 5 5 5 0 5 7 6 6 6 0 0 0 2 5 5 0 5 5 5
Last Time Cost: 00000025 ms
Total Time Cost: 00000904 ms
Total Distance 225: 0 6 7 6 6 6 0 0 0 2 5 5 0 5 5 5 0 5 7 6 6 6 0 0 0 0 5 5 0 5 5 5 0 6 7 6 6 6 0 0 0 0 5 5 0 5 5 5 0 5 7 6 6 6 0 0 0 1 5 5 0 5 5 5
Last Time Cost: 00000024 ms
Total Time Cost: 00000928 ms
Total Distance 224: 0 6 7 6 6 6 0 0 0 2 5 5 0 5 5 5 0 5 7 6 6 6 0 0 0 0 5 5 0 5 5 5 0 6 7 6 6 6 0 0 0 0 5 5 0 5 5 5 0 5 7 6 6 6 0 0 0 0 5 5 0 5 5 5
Last Time Cost: 00000025 ms
Total Time Cost: 00000953 ms
Total Distance 223: 0 6 7 6 6 6 0 0 0 1 5 5 0 5 5 5 0 5 7 6 6 6 0 0 0 0 5 5 0 5 5 5 0 6 7 6 6 6 0 0 0 0 5 5 0 5 5 5 0 5 7 6 6 6 0 0 0 0 5 5 0 5 5 5
Last Time Cost: 00000026 ms
Total Time Cost: 00000979 ms
Total Distance 222: 0 6 7 6 6 6 0 0 0 0 5 5 0 5 5 5 0 5 7 6 6 6 0 0 0 0 5 5 0 5 5 5 0 6 7 6 6 6 0 0 0 0 5 5 0 5 5 5 0 5 7 6 6 6 0 0 0 0 5 5 0 5 5 5
Last Time Cost: 00000057 ms
Total Time Cost: 00001036 ms
Total Distance 218: 0 6 7 6 6 6 0 0 0 0 5 5 0 5 5 4 0 5 7 6 6 6 0 0 0 0 5 5 0 5 5 4 0 6 7 6 6 6 0 0 0 0 5 5 0 5 5 4 0 5 7 6 6 6 0 0 0 0 5 5 0 5 5 4
Last Time Cost: 00000030 ms
Total Time Cost: 00001066 ms
Total Distance 214: 0 6 7 6 6 6 0 0 0 0 5 5 0 5 5 3 0 5 7 6 6 6 0 0 0 0 5 5 0 5 5 3 0 6 7 6 6 6 0 0 0 0 5 5 0 5 5 3 0 5 7 6 6 6 0 0 0 0 5 5 0 5 5 3
Last Time Cost: 00000030 ms
Total Time Cost: 00001096 ms
Total Distance 210: 0 6 7 6 6 6 0 0 0 0 5 5 0 5 5 2 0 5 7 6 6 6 0 0 0 0 5 5 0 5 5 2 0 6 7 6 6 6 0 0 0 0 5 5 0 5 5 2 0 5 7 6 6 6 0 0 0 0 5 5 0 5 5 2
Last Time Cost: 00000031 ms
Total Time Cost: 00001127 ms
Total Distance 209: 0 6 7 6 6 6 0 0 0 0 5 5 0 5 5 2 0 5 7 6 6 6 0 0 0 0 5 5 0 5 5 2 0 6 7 6 6 6 0 0 0 0 5 5 0 5 5 1 0 5 7 6 6 6 0 0 0 0 5 5 0 5 5 2
Last Time Cost: 00000029 ms
Total Time Cost: 00001156 ms
Total Distance 208: 0 6 7 6 6 6 0 0 0 0 5 5 0 5 5 2 0 5 7 6 6 6 0 0 0 0 5 5 0 5 5 2 0 6 7 6 6 6 0 0 0 0 5 5 0 5 5 0 0 5 7 6 6 6 0 0 0 0 5 5 0 5 5 2
Last Time Cost: 00000032 ms
Total Time Cost: 00001188 ms
Total Distance 207: 0 6 7 6 6 6 0 0 0 0 5 5 0 5 5 2 0 5 7 6 6 6 0 0 0 0 5 5 0 5 5 2 0 6 7 6 6 6 0 0 0 0 5 5 0 5 5 0 0 5 7 6 6 6 0 0 0 0 5 5 0 5 5 1
Last Time Cost: 00000030 ms
Total Time Cost: 00001218 ms
Total Distance 206: 0 6 7 6 6 6 0 0 0 0 5 5 0 5 5 2 0 5 7 6 6 6 0 0 0 0 5 5 0 5 5 2 0 6 7 6 6 6 0 0 0 0 5 5 0 5 5 0 0 5 7 6 6 6 0 0 0 0 5 5 0 5 5 0
Last Time Cost: 00000033 ms
Total Time Cost: 00001251 ms
Total Distance 205: 0 6 7 6 6 6 0 0 0 0 5 5 0 5 5 1 0 5 7 6 6 6 0 0 0 0 5 5 0 5 5 2 0 6 7 6 6 6 0 0 0 0 5 5 0 5 5 0 0 5 7 6 6 6 0 0 0 0 5 5 0 5 5 0
Last Time Cost: 00000032 ms
Total Time Cost: 00001283 ms
Total Distance 204: 0 6 7 6 6 6 0 0 0 0 5 5 0 5 5 0 0 5 7 6 6 6 0 0 0 0 5 5 0 5 5 2 0 6 7 6 6 6 0 0 0 0 5 5 0 5 5 0 0 5 7 6 6 6 0 0 0 0 5 5 0 5 5 0
Last Time Cost: 00000034 ms
Total Time Cost: 00001317 ms
Total Distance 203: 0 6 7 6 6 6 0 0 0 0 5 5 0 5 5 0 0 5 7 6 6 6 0 0 0 0 5 5 0 5 5 1 0 6 7 6 6 6 0 0 0 0 5 5 0 5 5 0 0 5 7 6 6 6 0 0 0 0 5 5 0 5 5 0
Last Time Cost: 00000033 ms
Total Time Cost: 00001350 ms
Total Distance 202: 0 6 7 6 6 6 0 0 0 0 5 5 0 5 5 0 0 5 7 6 6 6 0 0 0 0 5 5 0 5 5 0 0 6 7 6 6 6 0 0 0 0 5 5 0 5 5 0 0 5 7 6 6 6 0 0 0 0 5 5 0 5 5 0
Last Time Cost: 00000073 ms
Total Time Cost: 00001423 ms
Total Distance 198: 0 6 7 6 6 6 0 0 0 0 5 4 0 5 5 0 0 5 7 6 6 6 0 0 0 0 5 4 0 5 5 0 0 6 7 6 6 6 0 0 0 0 5 4 0 5 5 0 0 5 7 6 6 6 0 0 0 0 5 4 0 5 5 0
Last Time Cost: 00000039 ms
Total Time Cost: 00001462 ms
Total Distance 194: 0 6 7 6 6 6 0 0 0 0 5 3 0 5 5 0 0 5 7 6 6 6 0 0 0 0 5 3 0 5 5 0 0 6 7 6 6 6 0 0 0 0 5 3 0 5 5 0 0 5 7 6 6 6 0 0 0 0 5 3 0 5 5 0
Last Time Cost: 00000038 ms
Total Time Cost: 00001500 ms
Total Distance 190: 0 6 7 6 6 6 0 0 0 0 5 2 0 5 5 0 0 5 7 6 6 6 0 0 0 0 5 2 0 5 5 0 0 6 7 6 6 6 0 0 0 0 5 2 0 5 5 0 0 5 7 6 6 6 0 0 0 0 5 2 0 5 5 0
Last Time Cost: 00000038 ms
Total Time Cost: 00001538 ms
Total Distance 189: 0 6 7 6 6 6 0 0 0 0 5 2 0 5 5 0 0 5 7 6 6 6 0 0 0 0 5 2 0 5 5 0 0 6 7 6 6 6 0 0 0 0 5 2 0 5 5 0 0 5 7 6 6 6 0 0 0 0 5 1 0 5 5 0
Last Time Cost: 00000037 ms
Total Time Cost: 00001575 ms
Total Distance 188: 0 6 7 6 6 6 0 0 0 0 5 2 0 5 5 0 0 5 7 6 6 6 0 0 0 0 5 2 0 5 5 0 0 6 7 6 6 6 0 0 0 0 5 2 0 5 5 0 0 5 7 6 6 6 0 0 0 0 5 0 0 5 5 0
Last Time Cost: 00000040 ms
Total Time Cost: 00001615 ms
Total Distance 187: 0 6 7 6 6 6 0 0 0 0 5 2 0 5 5 0 0 5 7 6 6 6 0 0 0 0 5 2 0 5 5 0 0 6 7 6 6 6 0 0 0 0 5 1 0 5 5 0 0 5 7 6 6 6 0 0 0 0 5 0 0 5 5 0
Last Time Cost: 00000038 ms
Total Time Cost: 00001653 ms
Total Distance 186: 0 6 7 6 6 6 0 0 0 0 5 2 0 5 5 0 0 5 7 6 6 6 0 0 0 0 5 2 0 5 5 0 0 6 7 6 6 6 0 0 0 0 5 0 0 5 5 0 0 5 7 6 6 6 0 0 0 0 5 0 0 5 5 0
Last Time Cost: 00000041 ms
Total Time Cost: 00001694 ms
Total Distance 185: 0 6 7 6 6 6 0 0 0 0 5 1 0 5 5 0 0 5 7 6 6 6 0 0 0 0 5 2 0 5 5 0 0 6 7 6 6 6 0 0 0 0 5 0 0 5 5 0 0 5 7 6 6 6 0 0 0 0 5 0 0 5 5 0
Last Time Cost: 00000040 ms
Total Time Cost: 00001734 ms
Total Distance 184: 0 6 7 6 6 6 0 0 0 0 5 0 0 5 5 0 0 5 7 6 6 6 0 0 0 0 5 2 0 5 5 0 0 6 7 6 6 6 0 0 0 0 5 0 0 5 5 0 0 5 7 6 6 6 0 0 0 0 5 0 0 5 5 0
Last Time Cost: 00000042 ms
Total Time Cost: 00001776 ms
Total Distance 183: 0 6 7 6 6 6 0 0 0 0 5 0 0 5 5 0 0 5 7 6 6 6 0 0 0 0 5 1 0 5 5 0 0 6 7 6 6 6 0 0 0 0 5 0 0 5 5 0 0 5 7 6 6 6 0 0 0 0 5 0 0 5 5 0
Last Time Cost: 00000041 ms
Total Time Cost: 00001817 ms
Total Distance 182: 0 6 7 6 6 6 0 0 0 0 5 0 0 5 5 0 0 5 7 6 6 6 0 0 0 0 5 0 0 5 5 0 0 6 7 6 6 6 0 0 0 0 5 0 0 5 5 0 0 5 7 6 6 6 0 0 0 0 5 0 0 5 5 0
Last Time Cost: 00000090 ms
Total Time Cost: 00001907 ms
Total Distance 178: 0 6 7 6 6 6 0 0 0 0 5 0 0 5 4 0 0 5 7 6 6 6 0 0 0 0 5 0 0 5 4 0 0 6 7 6 6 6 0 0 0 0 5 0 0 5 4 0 0 5 7 6 6 6 0 0 0 0 5 0 0 5 4 0
Last Time Cost: 00000047 ms
Total Time Cost: 00001954 ms
Total Distance 174: 0 6 7 6 6 6 0 0 0 0 5 0 0 5 3 0 0 5 7 6 6 6 0 0 0 0 5 0 0 5 3 0 0 6 7 6 6 6 0 0 0 0 5 0 0 5 3 0 0 5 7 6 6 6 0 0 0 0 5 0 0 5 3 0
Last Time Cost: 00000046 ms
Total Time Cost: 00002000 ms
Total Distance 170: 0 6 7 6 6 6 0 0 0 0 5 0 0 5 2 0 0 5 7 6 6 6 0 0 0 0 5 0 0 5 2 0 0 6 7 6 6 6 0 0 0 0 5 0 0 5 2 0 0 5 7 6 6 6 0 0 0 0 5 0 0 5 2 0
Last Time Cost: 00000047 ms
Total Time Cost: 00002047 ms
Total Distance 169: 0 6 7 6 6 6 0 0 0 0 5 0 0 5 2 0 0 5 7 6 6 6 0 0 0 0 5 0 0 5 2 0 0 6 7 6 6 6 0 0 0 0 5 0 0 5 2 0 0 5 7 6 6 6 0 0 0 0 5 0 0 5 1 0
Last Time Cost: 00000045 ms
Total Time Cost: 00002092 ms
Total Distance 168: 0 6 7 6 6 6 0 0 0 0 5 0 0 5 2 0 0 5 7 6 6 6 0 0 0 0 5 0 0 5 2 0 0 6 7 6 6 6 0 0 0 0 5 0 0 5 2 0 0 5 7 6 6 6 0 0 0 0 5 0 0 5 0 0
Last Time Cost: 00000049 ms
Total Time Cost: 00002141 ms
Total Distance 167: 0 6 7 6 6 6 0 0 0 0 5 0 0 5 1 0 0 5 7 6 6 6 0 0 0 0 5 0 0 5 2 0 0 6 7 6 6 6 0 0 0 0 5 0 0 5 2 0 0 5 7 6 6 6 0 0 0 0 5 0 0 5 0 0
Last Time Cost: 00000047 ms
Total Time Cost: 00002188 ms
Total Distance 166: 0 6 7 6 6 6 0 0 0 0 5 0 0 5 0 0 0 5 7 6 6 6 0 0 0 0 5 0 0 5 2 0 0 6 7 6 6 6 0 0 0 0 5 0 0 5 2 0 0 5 7 6 6 6 0 0 0 0 5 0 0 5 0 0
Last Time Cost: 00000050 ms
Total Time Cost: 00002238 ms
Total Distance 165: 0 6 7 6 6 6 0 0 0 0 5 0 0 5 0 0 0 5 7 6 6 6 0 0 0 0 5 0 0 5 1 0 0 6 7 6 6 6 0 0 0 0 5 0 0 5 2 0 0 5 7 6 6 6 0 0 0 0 5 0 0 5 0 0
Last Time Cost: 00000050 ms
Total Time Cost: 00002288 ms
Total Distance 164: 0 6 7 6 6 6 0 0 0 0 5 0 0 5 0 0 0 5 7 6 6 6 0 0 0 0 5 0 0 5 0 0 0 6 7 6 6 6 0 0 0 0 5 0 0 5 2 0 0 5 7 6 6 6 0 0 0 0 5 0 0 5 0 0
Last Time Cost: 00000051 ms
Total Time Cost: 00002339 ms
Total Distance 163: 0 6 7 6 6 6 0 0 0 0 5 0 0 5 0 0 0 5 7 6 6 6 0 0 0 0 5 0 0 5 0 0 0 6 7 6 6 6 0 0 0 0 5 0 0 5 1 0 0 5 7 6 6 6 0 0 0 0 5 0 0 5 0 0
Last Time Cost: 00000052 ms
Total Time Cost: 00002391 ms
Total Distance 162: 0 6 7 6 6 6 0 0 0 0 5 0 0 5 0 0 0 5 7 6 6 6 0 0 0 0 5 0 0 5 0 0 0 6 7 6 6 6 0 0 0 0 5 0 0 5 0 0 0 5 7 6 6 6 0 0 0 0 5 0 0 5 0 0
Last Time Cost: 00000100 ms
Total Time Cost: 00002491 ms
Total Distance 158: 0 6 7 6 6 6 0 0 0 0 4 0 0 5 0 0 0 5 7 6 6 6 0 0 0 0 4 0 0 5 0 0 0 6 7 6 6 6 0 0 0 0 4 0 0 5 0 0 0 5 7 6 6 6 0 0 0 0 4 0 0 5 0 0
Last Time Cost: 00000057 ms
Total Time Cost: 00002548 ms
Total Distance 154: 0 6 7 6 6 6 0 0 0 0 3 0 0 5 0 0 0 5 7 6 6 6 0 0 0 0 3 0 0 5 0 0 0 6 7 6 6 6 0 0 0 0 3 0 0 5 0 0 0 5 7 6 6 6 0 0 0 0 3 0 0 5 0 0
Last Time Cost: 00000057 ms
Total Time Cost: 00002605 ms
Total Distance 150: 0 6 7 6 6 6 0 0 0 0 2 0 0 5 0 0 0 5 7 6 6 6 0 0 0 0 2 0 0 5 0 0 0 6 7 6 6 6 0 0 0 0 2 0 0 5 0 0 0 5 7 6 6 6 0 0 0 0 2 0 0 5 0 0
Last Time Cost: 00000059 ms
Total Time Cost: 00002664 ms
Total Distance 149: 0 6 7 6 6 6 0 0 0 0 2 0 0 5 0 0 0 5 7 6 6 6 0 0 0 0 2 0 0 5 0 0 0 6 7 6 6 6 0 0 0 0 2 0 0 5 0 0 0 5 7 6 6 6 0 0 0 0 1 0 0 5 0 0
Last Time Cost: 00000056 ms
Total Time Cost: 00002720 ms
Total Distance 148: 0 6 7 6 6 6 0 0 0 0 2 0 0 5 0 0 0 5 7 6 6 6 0 0 0 0 2 0 0 5 0 0 0 6 7 6 6 6 0 0 0 0 2 0 0 5 0 0 0 5 7 6 6 6 0 0 0 0 0 0 0 5 0 0
Last Time Cost: 00000060 ms
Total Time Cost: 00002780 ms
Total Distance 147: 0 6 7 6 6 6 0 0 0 0 1 0 0 5 0 0 0 5 7 6 6 6 0 0 0 0 2 0 0 5 0 0 0 6 7 6 6 6 0 0 0 0 2 0 0 5 0 0 0 5 7 6 6 6 0 0 0 0 0 0 0 5 0 0
Last Time Cost: 00000058 ms
Total Time Cost: 00002838 ms
Total Distance 146: 0 6 7 6 6 6 0 0 0 0 0 0 0 5 0 0 0 5 7 6 6 6 0 0 0 0 2 0 0 5 0 0 0 6 7 6 6 6 0 0 0 0 2 0 0 5 0 0 0 5 7 6 6 6 0 0 0 0 0 0 0 5 0 0
Last Time Cost: 00000061 ms
Total Time Cost: 00002899 ms
Total Distance 145: 0 6 7 6 6 6 0 0 0 0 0 0 0 5 0 0 0 5 7 6 6 6 0 0 0 0 1 0 0 5 0 0 0 6 7 6 6 6 0 0 0 0 2 0 0 5 0 0 0 5 7 6 6 6 0 0 0 0 0 0 0 5 0 0
Last Time Cost: 00000059 ms
Total Time Cost: 00002958 ms
Total Distance 144: 0 6 7 6 6 6 0 0 0 0 0 0 0 5 0 0 0 5 7 6 6 6 0 0 0 0 0 0 0 5 0 0 0 6 7 6 6 6 0 0 0 0 2 0 0 5 0 0 0 5 7 6 6 6 0 0 0 0 0 0 0 5 0 0
Last Time Cost: 00000062 ms
Total Time Cost: 00003020 ms
Total Distance 143: 0 6 7 6 6 6 0 0 0 0 0 0 0 5 0 0 0 5 7 6 6 6 0 0 0 0 0 0 0 5 0 0 0 6 7 6 6 6 0 0 0 0 1 0 0 5 0 0 0 5 7 6 6 6 0 0 0 0 0 0 0 5 0 0
Last Time Cost: 00000061 ms
Total Time Cost: 00003081 ms
Total Distance 142: 0 6 7 6 6 6 0 0 0 0 0 0 0 5 0 0 0 5 7 6 6 6 0 0 0 0 0 0 0 5 0 0 0 6 7 6 6 6 0 0 0 0 0 0 0 5 0 0 0 5 7 6 6 6 0 0 0 0 0 0 0 5 0 0
Last Time Cost: 00000100 ms
Total Time Cost: 00003181 ms
Total Distance 138: 0 6 7 6 6 6 0 0 0 0 0 0 0 4 0 0 0 5 7 6 6 6 0 0 0 0 0 0 0 4 0 0 0 6 7 6 6 6 0 0 0 0 0 0 0 4 0 0 0 5 7 6 6 6 0 0 0 0 0 0 0 4 0 0
Last Time Cost: 00000070 ms
Total Time Cost: 00003251 ms
Total Distance 134: 0 6 7 6 6 6 0 0 0 0 0 0 0 3 0 0 0 5 7 6 6 6 0 0 0 0 0 0 0 3 0 0 0 6 7 6 6 6 0 0 0 0 0 0 0 3 0 0 0 5 7 6 6 6 0 0 0 0 0 0 0 3 0 0
Last Time Cost: 00000069 ms
Total Time Cost: 00003320 ms
Total Distance 130: 0 6 7 6 6 6 0 0 0 0 0 0 0 2 0 0 0 5 7 6 6 6 0 0 0 0 0 0 0 2 0 0 0 6 7 6 6 6 0 0 0 0 0 0 0 2 0 0 0 5 7 6 6 6 0 0 0 0 0 0 0 2 0 0
Last Time Cost: 00000070 ms
Total Time Cost: 00003390 ms
Total Distance 129: 0 6 7 6 6 6 0 0 0 0 0 0 0 1 0 0 0 5 7 6 6 6 0 0 0 0 0 0 0 2 0 0 0 6 7 6 6 6 0 0 0 0 0 0 0 2 0 0 0 5 7 6 6 6 0 0 0 0 0 0 0 2 0 0
Last Time Cost: 00000069 ms
Total Time Cost: 00003459 ms
Total Distance 128: 0 6 7 6 6 6 0 0 0 0 0 0 0 0 0 0 0 5 7 6 6 6 0 0 0 0 0 0 0 2 0 0 0 6 7 6 6 6 0 0 0 0 0 0 0 2 0 0 0 5 7 6 6 6 0 0 0 0 0 0 0 2 0 0
Last Time Cost: 00000072 ms
Total Time Cost: 00003531 ms
Total Distance 127: 0 6 7 6 6 6 0 0 0 0 0 0 0 0 0 0 0 5 7 6 6 6 0 0 0 0 0 0 0 1 0 0 0 6 7 6 6 6 0 0 0 0 0 0 0 2 0 0 0 5 7 6 6 6 0 0 0 0 0 0 0 2 0 0
Last Time Cost: 00000070 ms
Total Time Cost: 00003601 ms
Total Distance 126: 0 6 7 6 6 6 0 0 0 0 0 0 0 0 0 0 0 5 7 6 6 6 0 0 0 0 0 0 0 0 0 0 0 6 7 6 6 6 0 0 0 0 0 0 0 2 0 0 0 5 7 6 6 6 0 0 0 0 0 0 0 2 0 0
Last Time Cost: 00000074 ms
Total Time Cost: 00003675 ms
Total Distance 125: 0 6 7 6 6 6 0 0 0 0 0 0 0 0 0 0 0 5 7 6 6 6 0 0 0 0 0 0 0 0 0 0 0 6 7 6 6 6 0 0 0 0 0 0 0 2 0 0 0 5 7 6 6 6 0 0 0 0 0 0 0 1 0 0
Last Time Cost: 00000074 ms
Total Time Cost: 00003749 ms
Total Distance 124: 0 6 7 6 6 6 0 0 0 0 0 0 0 0 0 0 0 5 7 6 6 6 0 0 0 0 0 0 0 0 0 0 0 6 7 6 6 6 0 0 0 0 0 0 0 2 0 0 0 5 7 6 6 6 0 0 0 0 0 0 0 0 0 0
Last Time Cost: 00000076 ms
Total Time Cost: 00003825 ms
Total Distance 123: 0 6 7 6 6 6 0 0 0 0 0 0 0 0 0 0 0 5 7 6 6 6 0 0 0 0 0 0 0 0 0 0 0 6 7 6 6 6 0 0 0 0 0 0 0 1 0 0 0 5 7 6 6 6 0 0 0 0 0 0 0 0 0 0
Last Time Cost: 00000076 ms
Total Time Cost: 00003901 ms
Total Distance 122: 0 6 7 6 6 6 0 0 0 0 0 0 0 0 0 0 0 5 7 6 6 6 0 0 0 0 0 0 0 0 0 0 0 6 7 6 6 6 0 0 0 0 0 0 0 0 0 0 0 5 7 6 6 6 0 0 0 0 0 0 0 0 0 0
Last Time Cost: 00000095 ms
Total Time Cost: 00003996 ms
Total Distance 118: 0 5 7 6 6 6 0 0 0 0 0 0 0 0 0 0 0 4 7 6 6 6 0 0 0 0 0 0 0 0 0 0 0 5 7 6 6 6 0 0 0 0 0 0 0 0 0 0 0 4 7 6 6 6 0 0 0 0 0 0 0 0 0 0
Last Time Cost: 00000086 ms
Total Time Cost: 00004082 ms
Total Distance 114: 0 4 7 6 6 6 0 0 0 0 0 0 0 0 0 0 0 3 7 6 6 6 0 0 0 0 0 0 0 0 0 0 0 4 7 6 6 6 0 0 0 0 0 0 0 0 0 0 0 3 7 6 6 6 0 0 0 0 0 0 0 0 0 0
Last Time Cost: 00000082 ms
Total Time Cost: 00004164 ms
Total Distance 110: 0 3 7 6 6 6 0 0 0 0 0 0 0 0 0 0 0 2 7 6 6 6 0 0 0 0 0 0 0 0 0 0 0 3 7 6 6 6 0 0 0 0 0 0 0 0 0 0 0 2 7 6 6 6 0 0 0 0 0 0 0 0 0 0
Last Time Cost: 00000084 ms
Total Time Cost: 00004248 ms
Total Distance 109: 0 3 7 6 6 6 0 0 0 0 0 0 0 0 0 0 0 2 7 6 6 6 0 0 0 0 0 0 0 0 0 0 0 3 7 6 6 6 0 0 0 0 0 0 0 0 0 0 0 1 7 6 6 6 0 0 0 0 0 0 0 0 0 0
Last Time Cost: 00000083 ms
Total Time Cost: 00004331 ms
Total Distance 108: 0 3 7 6 6 6 0 0 0 0 0 0 0 0 0 0 0 2 7 6 6 6 0 0 0 0 0 0 0 0 0 0 0 3 7 6 6 6 0 0 0 0 0 0 0 0 0 0 0 0 7 6 6 6 0 0 0 0 0 0 0 0 0 0
Last Time Cost: 00000087 ms
Total Time Cost: 00004418 ms
Total Distance 107: 0 3 7 6 6 6 0 0 0 0 0 0 0 0 0 0 0 1 7 6 6 6 0 0 0 0 0 0 0 0 0 0 0 3 7 6 6 6 0 0 0 0 0 0 0 0 0 0 0 0 7 6 6 6 0 0 0 0 0 0 0 0 0 0
Last Time Cost: 00000086 ms
Total Time Cost: 00004504 ms
Total Distance 106: 0 3 7 6 6 6 0 0 0 0 0 0 0 0 0 0 0 0 7 6 6 6 0 0 0 0 0 0 0 0 0 0 0 3 7 6 6 6 0 0 0 0 0 0 0 0 0 0 0 0 7 6 6 6 0 0 0 0 0 0 0 0 0 0
Last Time Cost: 00000090 ms
Total Time Cost: 00004594 ms
Total Distance 103: 0 2 7 6 6 6 0 0 0 0 0 0 0 0 0 0 0 0 7 6 6 6 0 0 0 0 0 0 0 0 0 0 0 3 6 6 6 6 0 0 0 0 0 0 0 0 0 0 0 0 6 6 6 6 0 0 0 0 0 0 0 0 0 0
Last Time Cost: 00000090 ms
Total Time Cost: 00004684 ms
Total Distance 102: 0 1 7 6 6 6 0 0 0 0 0 0 0 0 0 0 0 0 7 6 6 6 0 0 0 0 0 0 0 0 0 0 0 3 6 6 6 6 0 0 0 0 0 0 0 0 0 0 0 0 6 6 6 6 0 0 0 0 0 0 0 0 0 0
Last Time Cost: 00000089 ms
Total Time Cost: 00004773 ms
Total Distance 101: 0 0 7 6 6 6 0 0 0 0 0 0 0 0 0 0 0 0 7 6 6 6 0 0 0 0 0 0 0 0 0 0 0 3 6 6 6 6 0 0 0 0 0 0 0 0 0 0 0 0 6 6 6 6 0 0 0 0 0 0 0 0 0 0
Last Time Cost: 00000096 ms
Total Time Cost: 00004869 ms
Total Distance 98: 0 0 6 6 6 6 0 0 0 0 0 0 0 0 0 0 0 0 6 6 6 6 0 0 0 0 0 0 0 0 0 0 0 2 6 6 6 6 0 0 0 0 0 0 0 0 0 0 0 0 6 6 6 6 0 0 0 0 0 0 0 0 0 0
Last Time Cost: 00000092 ms
Total Time Cost: 00004961 ms
Total Distance 97: 0 0 6 6 6 6 0 0 0 0 0 0 0 0 0 0 0 0 6 6 6 6 0 0 0 0 0 0 0 0 0 0 0 1 6 6 6 6 0 0 0 0 0 0 0 0 0 0 0 0 6 6 6 6 0 0 0 0 0 0 0 0 0 0
Last Time Cost: 00000093 ms
Total Time Cost: 00005054 ms
Total Distance 96: 0 0 6 6 6 6 0 0 0 0 0 0 0 0 0 0 0 0 6 6 6 6 0 0 0 0 0 0 0 0 0 0 0 0 6 6 6 6 0 0 0 0 0 0 0 0 0 0 0 0 6 6 6 6 0 0 0 0 0 0 0 0 0 0
Last Time Cost: 00000256 ms
Total Time Cost: 00005310 ms
Total Distance 92: 0 0 6 5 6 6 0 0 0 0 0 0 0 0 0 0 0 0 6 5 6 6 0 0 0 0 0 0 0 0 0 0 0 0 6 5 6 6 0 0 0 0 0 0 0 0 0 0 0 0 6 5 6 6 0 0 0 0 0 0 0 0 0 0
Last Time Cost: 00000123 ms
Total Time Cost: 00005433 ms
Total Distance 88: 0 0 6 4 6 6 0 0 0 0 0 0 0 0 0 0 0 0 6 4 6 6 0 0 0 0 0 0 0 0 0 0 0 0 6 4 6 6 0 0 0 0 0 0 0 0 0 0 0 0 6 4 6 6 0 0 0 0 0 0 0 0 0 0
Last Time Cost: 00000101 ms
Total Time Cost: 00005534 ms
Total Distance 84: 0 0 6 3 6 6 0 0 0 0 0 0 0 0 0 0 0 0 6 3 6 6 0 0 0 0 0 0 0 0 0 0 0 0 6 3 6 6 0 0 0 0 0 0 0 0 0 0 0 0 6 3 6 6 0 0 0 0 0 0 0 0 0 0
Last Time Cost: 00000099 ms
Total Time Cost: 00005633 ms
Total Distance 82: 0 0 6 3 6 6 0 0 0 0 0 0 0 0 0 0 0 0 6 3 6 6 0 0 0 0 0 0 0 0 0 0 0 0 6 3 6 6 0 0 0 0 0 0 0 0 0 0 0 0 5 2 6 6 0 0 0 0 0 0 0 0 0 0
Last Time Cost: 00000101 ms
Total Time Cost: 00005734 ms
Total Distance 81: 0 0 6 3 6 6 0 0 0 0 0 0 0 0 0 0 0 0 6 3 6 6 0 0 0 0 0 0 0 0 0 0 0 0 6 3 6 6 0 0 0 0 0 0 0 0 0 0 0 0 5 1 6 6 0 0 0 0 0 0 0 0 0 0
Last Time Cost: 00000102 ms
Total Time Cost: 00005836 ms
Total Distance 80: 0 0 6 3 6 6 0 0 0 0 0 0 0 0 0 0 0 0 6 3 6 6 0 0 0 0 0 0 0 0 0 0 0 0 6 3 6 6 0 0 0 0 0 0 0 0 0 0 0 0 5 0 6 6 0 0 0 0 0 0 0 0 0 0
Last Time Cost: 00000104 ms
Total Time Cost: 00005940 ms
Total Distance 78: 0 0 6 3 6 6 0 0 0 0 0 0 0 0 0 0 0 0 6 3 6 6 0 0 0 0 0 0 0 0 0 0 0 0 5 2 6 6 0 0 0 0 0 0 0 0 0 0 0 0 5 0 6 6 0 0 0 0 0 0 0 0 0 0
Last Time Cost: 00000105 ms
Total Time Cost: 00006045 ms
Total Distance 77: 0 0 6 3 6 6 0 0 0 0 0 0 0 0 0 0 0 0 6 3 6 6 0 0 0 0 0 0 0 0 0 0 0 0 5 1 6 6 0 0 0 0 0 0 0 0 0 0 0 0 5 0 6 6 0 0 0 0 0 0 0 0 0 0
Last Time Cost: 00000106 ms
Total Time Cost: 00006151 ms
Total Distance 76: 0 0 6 3 6 6 0 0 0 0 0 0 0 0 0 0 0 0 6 3 6 6 0 0 0 0 0 0 0 0 0 0 0 0 5 0 6 6 0 0 0 0 0 0 0 0 0 0 0 0 5 0 6 6 0 0 0 0 0 0 0 0 0 0
Last Time Cost: 00000111 ms
Total Time Cost: 00006262 ms
Total Distance 74: 0 0 5 2 6 6 0 0 0 0 0 0 0 0 0 0 0 0 6 3 6 6 0 0 0 0 0 0 0 0 0 0 0 0 5 0 6 6 0 0 0 0 0 0 0 0 0 0 0 0 5 0 6 6 0 0 0 0 0 0 0 0 0 0
Last Time Cost: 00000110 ms
Total Time Cost: 00006372 ms
Total Distance 73: 0 0 5 1 6 6 0 0 0 0 0 0 0 0 0 0 0 0 6 3 6 6 0 0 0 0 0 0 0 0 0 0 0 0 5 0 6 6 0 0 0 0 0 0 0 0 0 0 0 0 5 0 6 6 0 0 0 0 0 0 0 0 0 0
Last Time Cost: 00000111 ms
Total Time Cost: 00006483 ms
Total Distance 72: 0 0 5 0 6 6 0 0 0 0 0 0 0 0 0 0 0 0 6 3 6 6 0 0 0 0 0 0 0 0 0 0 0 0 5 0 6 6 0 0 0 0 0 0 0 0 0 0 0 0 5 0 6 6 0 0 0 0 0 0 0 0 0 0
Last Time Cost: 00000114 ms
Total Time Cost: 00006597 ms
Total Distance 71: 0 0 5 0 6 6 0 0 0 0 0 0 0 0 0 0 0 0 6 2 6 6 0 0 0 0 0 0 0 0 0 0 0 0 5 0 6 6 0 0 0 0 0 0 0 0 0 0 0 0 5 0 6 6 0 0 0 0 0 0 0 0 0 0
Last Time Cost: 00000116 ms
Total Time Cost: 00006713 ms
Total Distance 70: 0 0 5 0 6 6 0 0 0 0 0 0 0 0 0 0 0 0 6 1 6 6 0 0 0 0 0 0 0 0 0 0 0 0 5 0 6 6 0 0 0 0 0 0 0 0 0 0 0 0 5 0 6 6 0 0 0 0 0 0 0 0 0 0
Last Time Cost: 00000116 ms
Total Time Cost: 00006829 ms
Total Distance 69: 0 0 5 0 6 6 0 0 0 0 0 0 0 0 0 0 0 0 6 0 6 6 0 0 0 0 0 0 0 0 0 0 0 0 5 0 6 6 0 0 0 0 0 0 0 0 0 0 0 0 5 0 6 6 0 0 0 0 0 0 0 0 0 0
Last Time Cost: 00000144 ms
Total Time Cost: 00006973 ms
Total Distance 66: 0 0 4 0 6 6 0 0 0 0 0 0 0 0 0 0 0 0 5 0 6 6 0 0 0 0 0 0 0 0 0 0 0 0 5 0 6 6 0 0 0 0 0 0 0 0 0 0 0 0 4 0 6 6 0 0 0 0 0 0 0 0 0 0
Last Time Cost: 00000121 ms
Total Time Cost: 00007094 ms
Total Distance 64: 0 0 3 0 6 6 0 0 0 0 0 0 0 0 0 0 0 0 4 0 6 6 0 0 0 0 0 0 0 0 0 0 0 0 5 0 6 6 0 0 0 0 0 0 0 0 0 0 0 0 4 0 6 6 0 0 0 0 0 0 0 0 0 0
Last Time Cost: 00000122 ms
Total Time Cost: 00007216 ms
Total Distance 63: 0 0 2 0 6 6 0 0 0 0 0 0 0 0 0 0 0 0 4 0 6 6 0 0 0 0 0 0 0 0 0 0 0 0 5 0 6 6 0 0 0 0 0 0 0 0 0 0 0 0 4 0 6 6 0 0 0 0 0 0 0 0 0 0
Last Time Cost: 00000124 ms
Total Time Cost: 00007340 ms
Total Distance 62: 0 0 1 0 6 6 0 0 0 0 0 0 0 0 0 0 0 0 4 0 6 6 0 0 0 0 0 0 0 0 0 0 0 0 5 0 6 6 0 0 0 0 0 0 0 0 0 0 0 0 4 0 6 6 0 0 0 0 0 0 0 0 0 0
Last Time Cost: 00000125 ms
Total Time Cost: 00007465 ms
Total Distance 61: 0 0 0 0 6 6 0 0 0 0 0 0 0 0 0 0 0 0 4 0 6 6 0 0 0 0 0 0 0 0 0 0 0 0 5 0 6 6 0 0 0 0 0 0 0 0 0 0 0 0 4 0 6 6 0 0 0 0 0 0 0 0 0 0
Last Time Cost: 00000129 ms
Total Time Cost: 00007594 ms
Total Distance 60: 0 0 0 0 6 6 0 0 0 0 0 0 0 0 0 0 0 0 3 0 6 6 0 0 0 0 0 0 0 0 0 0 0 0 5 0 6 6 0 0 0 0 0 0 0 0 0 0 0 0 4 0 6 6 0 0 0 0 0 0 0 0 0 0
Last Time Cost: 00000130 ms
Total Time Cost: 00007724 ms
Total Distance 59: 0 0 0 0 6 6 0 0 0 0 0 0 0 0 0 0 0 0 2 0 6 6 0 0 0 0 0 0 0 0 0 0 0 0 5 0 6 6 0 0 0 0 0 0 0 0 0 0 0 0 4 0 6 6 0 0 0 0 0 0 0 0 0 0
Last Time Cost: 00000132 ms
Total Time Cost: 00007856 ms
Total Distance 58: 0 0 0 0 6 6 0 0 0 0 0 0 0 0 0 0 0 0 1 0 6 6 0 0 0 0 0 0 0 0 0 0 0 0 5 0 6 6 0 0 0 0 0 0 0 0 0 0 0 0 4 0 6 6 0 0 0 0 0 0 0 0 0 0
Last Time Cost: 00000133 ms
Total Time Cost: 00007989 ms
Total Distance 57: 0 0 0 0 6 6 0 0 0 0 0 0 0 0 0 0 0 0 0 0 6 6 0 0 0 0 0 0 0 0 0 0 0 0 5 0 6 6 0 0 0 0 0 0 0 0 0 0 0 0 4 0 6 6 0 0 0 0 0 0 0 0 0 0
Last Time Cost: 00000137 ms
Total Time Cost: 00008126 ms
Total Distance 56: 0 0 0 0 6 6 0 0 0 0 0 0 0 0 0 0 0 0 0 0 6 6 0 0 0 0 0 0 0 0 0 0 0 0 5 0 6 6 0 0 0 0 0 0 0 0 0 0 0 0 3 0 6 6 0 0 0 0 0 0 0 0 0 0
Last Time Cost: 00000138 ms
Total Time Cost: 00008264 ms
Total Distance 54: 0 0 0 0 6 6 0 0 0 0 0 0 0 0 0 0 0 0 0 0 6 6 0 0 0 0 0 0 0 0 0 0 0 0 4 0 6 6 0 0 0 0 0 0 0 0 0 0 0 0 2 0 6 6 0 0 0 0 0 0 0 0 0 0
Last Time Cost: 00000139 ms
Total Time Cost: 00008403 ms
Total Distance 53: 0 0 0 0 6 6 0 0 0 0 0 0 0 0 0 0 0 0 0 0 6 6 0 0 0 0 0 0 0 0 0 0 0 0 4 0 6 6 0 0 0 0 0 0 0 0 0 0 0 0 1 0 6 6 0 0 0 0 0 0 0 0 0 0
Last Time Cost: 00000141 ms
Total Time Cost: 00008544 ms
Total Distance 52: 0 0 0 0 6 6 0 0 0 0 0 0 0 0 0 0 0 0 0 0 6 6 0 0 0 0 0 0 0 0 0 0 0 0 4 0 6 6 0 0 0 0 0 0 0 0 0 0 0 0 0 0 6 6 0 0 0 0 0 0 0 0 0 0
Last Time Cost: 00000143 ms
Total Time Cost: 00008687 ms
Total Distance 51: 0 0 0 0 6 6 0 0 0 0 0 0 0 0 0 0 0 0 0 0 6 6 0 0 0 0 0 0 0 0 0 0 0 0 3 0 6 6 0 0 0 0 0 0 0 0 0 0 0 0 0 0 6 6 0 0 0 0 0 0 0 0 0 0
Last Time Cost: 00000145 ms
Total Time Cost: 00008832 ms
Total Distance 50: 0 0 0 0 6 6 0 0 0 0 0 0 0 0 0 0 0 0 0 0 6 6 0 0 0 0 0 0 0 0 0 0 0 0 2 0 6 6 0 0 0 0 0 0 0 0 0 0 0 0 0 0 6 6 0 0 0 0 0 0 0 0 0 0
Last Time Cost: 00000147 ms
Total Time Cost: 00008979 ms
Total Distance 49: 0 0 0 0 6 6 0 0 0 0 0 0 0 0 0 0 0 0 0 0 6 6 0 0 0 0 0 0 0 0 0 0 0 0 1 0 6 6 0 0 0 0 0 0 0 0 0 0 0 0 0 0 6 6 0 0 0 0 0 0 0 0 0 0
Last Time Cost: 00000148 ms
Total Time Cost: 00009127 ms
Total Distance 48: 0 0 0 0 6 6 0 0 0 0 0 0 0 0 0 0 0 0 0 0 6 6 0 0 0 0 0 0 0 0 0 0 0 0 0 0 6 6 0 0 0 0 0 0 0 0 0 0 0 0 0 0 6 6 0 0 0 0 0 0 0 0 0 0
Last Time Cost: 00000303 ms
Total Time Cost: 00009430 ms
Total Distance 44: 0 0 0 0 6 5 0 0 0 0 0 0 0 0 0 0 0 0 0 0 6 5 0 0 0 0 0 0 0 0 0 0 0 0 0 0 6 5 0 0 0 0 0 0 0 0 0 0 0 0 0 0 6 5 0 0 0 0 0 0 0 0 0 0
Last Time Cost: 00000205 ms
Total Time Cost: 00009635 ms
Total Distance 40: 0 0 0 0 6 4 0 0 0 0 0 0 0 0 0 0 0 0 0 0 6 4 0 0 0 0 0 0 0 0 0 0 0 0 0 0 6 4 0 0 0 0 0 0 0 0 0 0 0 0 0 0 6 4 0 0 0 0 0 0 0 0 0 0
Last Time Cost: 00000156 ms
Total Time Cost: 00009791 ms
Total Distance 36: 0 0 0 0 6 3 0 0 0 0 0 0 0 0 0 0 0 0 0 0 6 3 0 0 0 0 0 0 0 0 0 0 0 0 0 0 6 3 0 0 0 0 0 0 0 0 0 0 0 0 0 0 6 3 0 0 0 0 0 0 0 0 0 0
Last Time Cost: 00000160 ms
Total Time Cost: 00009951 ms
Total Distance 35: 0 0 0 0 6 2 0 0 0 0 0 0 0 0 0 0 0 0 0 0 6 3 0 0 0 0 0 0 0 0 0 0 0 0 0 0 6 3 0 0 0 0 0 0 0 0 0 0 0 0 0 0 6 3 0 0 0 0 0 0 0 0 0 0
Last Time Cost: 00000158 ms
Total Time Cost: 00010109 ms
Total Distance 34: 0 0 0 0 6 1 0 0 0 0 0 0 0 0 0 0 0 0 0 0 6 3 0 0 0 0 0 0 0 0 0 0 0 0 0 0 6 3 0 0 0 0 0 0 0 0 0 0 0 0 0 0 6 3 0 0 0 0 0 0 0 0 0 0
Last Time Cost: 00000158 ms
Total Time Cost: 00010267 ms
Total Distance 33: 0 0 0 0 6 0 0 0 0 0 0 0 0 0 0 0 0 0 0 0 6 3 0 0 0 0 0 0 0 0 0 0 0 0 0 0 6 3 0 0 0 0 0 0 0 0 0 0 0 0 0 0 6 3 0 0 0 0 0 0 0 0 0 0
Last Time Cost: 00000164 ms
Total Time Cost: 00010431 ms
Total Distance 32: 0 0 0 0 6 0 0 0 0 0 0 0 0 0 0 0 0 0 0 0 6 3 0 0 0 0 0 0 0 0 0 0 0 0 0 0 6 3 0 0 0 0 0 0 0 0 0 0 0 0 0 0 6 2 0 0 0 0 0 0 0 0 0 0
Last Time Cost: 00000165 ms
Total Time Cost: 00010596 ms
Total Distance 31: 0 0 0 0 6 0 0 0 0 0 0 0 0 0 0 0 0 0 0 0 6 3 0 0 0 0 0 0 0 0 0 0 0 0 0 0 6 3 0 0 0 0 0 0 0 0 0 0 0 0 0 0 6 1 0 0 0 0 0 0 0 0 0 0
Last Time Cost: 00000166 ms
Total Time Cost: 00010762 ms
Total Distance 30: 0 0 0 0 6 0 0 0 0 0 0 0 0 0 0 0 0 0 0 0 6 3 0 0 0 0 0 0 0 0 0 0 0 0 0 0 6 3 0 0 0 0 0 0 0 0 0 0 0 0 0 0 6 0 0 0 0 0 0 0 0 0 0 0
Last Time Cost: 00000171 ms
Total Time Cost: 00010933 ms
Total Distance 29: 0 0 0 0 6 0 0 0 0 0 0 0 0 0 0 0 0 0 0 0 6 3 0 0 0 0 0 0 0 0 0 0 0 0 0 0 6 2 0 0 0 0 0 0 0 0 0 0 0 0 0 0 6 0 0 0 0 0 0 0 0 0 0 0
Last Time Cost: 00000172 ms
Total Time Cost: 00011105 ms
Total Distance 28: 0 0 0 0 6 0 0 0 0 0 0 0 0 0 0 0 0 0 0 0 6 3 0 0 0 0 0 0 0 0 0 0 0 0 0 0 6 1 0 0 0 0 0 0 0 0 0 0 0 0 0 0 6 0 0 0 0 0 0 0 0 0 0 0
Last Time Cost: 00000172 ms
Total Time Cost: 00011277 ms
Total Distance 27: 0 0 0 0 6 0 0 0 0 0 0 0 0 0 0 0 0 0 0 0 6 3 0 0 0 0 0 0 0 0 0 0 0 0 0 0 6 0 0 0 0 0 0 0 0 0 0 0 0 0 0 0 6 0 0 0 0 0 0 0 0 0 0 0
Last Time Cost: 00000176 ms
Total Time Cost: 00011453 ms
Total Distance 26: 0 0 0 0 6 0 0 0 0 0 0 0 0 0 0 0 0 0 0 0 6 2 0 0 0 0 0 0 0 0 0 0 0 0 0 0 6 0 0 0 0 0 0 0 0 0 0 0 0 0 0 0 6 0 0 0 0 0 0 0 0 0 0 0
Last Time Cost: 00000178 ms
Total Time Cost: 00011631 ms
Total Distance 25: 0 0 0 0 6 0 0 0 0 0 0 0 0 0 0 0 0 0 0 0 6 1 0 0 0 0 0 0 0 0 0 0 0 0 0 0 6 0 0 0 0 0 0 0 0 0 0 0 0 0 0 0 6 0 0 0 0 0 0 0 0 0 0 0
Last Time Cost: 00000184 ms
Total Time Cost: 00011815 ms
Total Distance 24: 0 0 0 0 6 0 0 0 0 0 0 0 0 0 0 0 0 0 0 0 6 0 0 0 0 0 0 0 0 0 0 0 0 0 0 0 6 0 0 0 0 0 0 0 0 0 0 0 0 0 0 0 6 0 0 0 0 0 0 0 0 0 0 0
Last Time Cost: 00000300 ms
Total Time Cost: 00012115 ms
Total Distance 20: 0 0 0 0 5 0 0 0 0 0 0 0 0 0 0 0 0 0 0 0 5 0 0 0 0 0 0 0 0 0 0 0 0 0 0 0 5 0 0 0 0 0 0 0 0 0 0 0 0 0 0 0 5 0 0 0 0 0 0 0 0 0 0 0
Last Time Cost: 00000070 ms
Total Time Cost: 00012185 ms
Total Distance 16: 0 0 0 0 4 0 0 0 0 0 0 0 0 0 0 0 0 0 0 0 4 0 0 0 0 0 0 0 0 0 0 0 0 0 0 0 4 0 0 0 0 0 0 0 0 0 0 0 0 0 0 0 4 0 0 0 0 0 0 0 0 0 0 0
Last Time Cost: 00000004 ms
Total Time Cost: 00012189 ms
Total Distance 12: 0 0 0 0 3 0 0 0 0 0 0 0 0 0 0 0 0 0 0 0 3 0 0 0 0 0 0 0 0 0 0 0 0 0 0 0 3 0 0 0 0 0 0 0 0 0 0 0 0 0 0 0 3 0 0 0 0 0 0 0 0 0 0 0
Last Time Cost: 00000002 ms
Total Time Cost: 00012191 ms
Total Distance 11: 0 0 0 0 3 0 0 0 0 0 0 0 0 0 0 0 0 0 0 0 2 0 0 0 0 0 0 0 0 0 0 0 0 0 0 0 3 0 0 0 0 0 0 0 0 0 0 0 0 0 0 0 3 0 0 0 0 0 0 0 0 0 0 0
Last Time Cost: 00000001 ms
Total Time Cost: 00012192 ms
Total Distance 10: 0 0 0 0 3 0 0 0 0 0 0 0 0 0 0 0 0 0 0 0 1 0 0 0 0 0 0 0 0 0 0 0 0 0 0 0 3 0 0 0 0 0 0 0 0 0 0 0 0 0 0 0 3 0 0 0 0 0 0 0 0 0 0 0
Last Time Cost: 00000000 ms
Total Time Cost: 00012192 ms
Total Distance 9: 0 0 0 0 3 0 0 0 0 0 0 0 0 0 0 0 0 0 0 0 0 0 0 0 0 0 0 0 0 0 0 0 0 0 0 0 3 0 0 0 0 0 0 0 0 0 0 0 0 0 0 0 3 0 0 0 0 0 0 0 0 0 0 0
Last Time Cost: 00000002 ms
Total Time Cost: 00012194 ms
Total Distance 8: 0 0 0 0 3 0 0 0 0 0 0 0 0 0 0 0 0 0 0 0 0 0 0 0 0 0 0 0 0 0 0 0 0 0 0 0 3 0 0 0 0 0 0 0 0 0 0 0 0 0 0 0 2 0 0 0 0 0 0 0 0 0 0 0
Last Time Cost: 00000001 ms
Total Time Cost: 00012195 ms
Total Distance 7: 0 0 0 0 3 0 0 0 0 0 0 0 0 0 0 0 0 0 0 0 0 0 0 0 0 0 0 0 0 0 0 0 0 0 0 0 3 0 0 0 0 0 0 0 0 0 0 0 0 0 0 0 1 0 0 0 0 0 0 0 0 0 0 0
Last Time Cost: 00000000 ms
Total Time Cost: 00012195 ms
Total Distance 6: 0 0 0 0 3 0 0 0 0 0 0 0 0 0 0 0 0 0 0 0 0 0 0 0 0 0 0 0 0 0 0 0 0 0 0 0 3 0 0 0 0 0 0 0 0 0 0 0 0 0 0 0 0 0 0 0 0 0 0 0 0 0 0 0
Last Time Cost: 00000001 ms
Total Time Cost: 00012196 ms
Total Distance 5: 0 0 0 0 2 0 0 0 0 0 0 0 0 0 0 0 0 0 0 0 0 0 0 0 0 0 0 0 0 0 0 0 0 0 0 0 3 0 0 0 0 0 0 0 0 0 0 0 0 0 0 0 0 0 0 0 0 0 0 0 0 0 0 0
Last Time Cost: 00000002 ms
Total Time Cost: 00012198 ms
Total Distance 4: 0 0 0 0 1 0 0 0 0 0 0 0 0 0 0 0 0 0 0 0 0 0 0 0 0 0 0 0 0 0 0 0 0 0 0 0 3 0 0 0 0 0 0 0 0 0 0 0 0 0 0 0 0 0 0 0 0 0 0 0 0 0 0 0
Last Time Cost: 00000000 ms
Total Time Cost: 00012198 ms
Total Distance 3: 0 0 0 0 0 0 0 0 0 0 0 0 0 0 0 0 0 0 0 0 0 0 0 0 0 0 0 0 0 0 0 0 0 0 0 0 3 0 0 0 0 0 0 0 0 0 0 0 0 0 0 0 0 0 0 0 0 0 0 0 0 0 0 0
Last Time Cost: 00000001 ms
Total Time Cost: 00012199 ms
Total Distance 2: 0 0 0 0 0 0 0 0 0 0 0 0 0 0 0 0 0 0 0 0 0 0 0 0 0 0 0 0 0 0 0 0 0 0 0 0 2 0 0 0 0 0 0 0 0 0 0 0 0 0 0 0 0 0 0 0 0 0 0 0 0 0 0 0
Last Time Cost: 00000001 ms
Total Time Cost: 00012200 ms
Total Distance 1: 0 0 0 0 0 0 0 0 0 0 0 0 0 0 0 0 0 0 0 0 0 0 0 0 0 0 0 0 0 0 0 0 0 0 0 0 1 0 0 0 0 0 0 0 0 0 0 0 0 0 0 0 0 0 0 0 0 0 0 0 0 0 0 0
Last Time Cost: 00000000 ms
Total Time Cost: 00012200 ms
Total Distance 0: 0 0 0 0 0 0 0 0 0 0 0 0 0 0 0 0 0 0 0 0 0 0 0 0 0 0 0 0 0 0 0 0 0 0 0 0 0 0 0 0 0 0 0 0 0 0 0 0 0 0 0 0 0 0 0 0 0 0 0 0 0 0 0 0
