Last Time Cost: 00000000 ms
Total Time Cost: 00000000 ms
Total Distance 144: 3 3 4 4 4 4 4 4 3 3 3 3 4 4 4 4 4 4 3 3 3 3 4 4 4 4 4 4 3 3 3 3 4 4 4 4 4 4 3 3
Last Time Cost: 00000004 ms
Total Time Cost: 00000004 ms
Total Distance 142: 3 3 4 4 4 4 4 3 3 3 3 3 4 4 4 4 4 4 2 3 3 3 4 4 4 4 4 4 3 3 3 3 4 4 4 4 4 4 3 3
Last Time Cost: 00000001 ms
Total Time Cost: 00000005 ms
Total Distance 140: 3 3 4 4 4 4 4 3 3 3 3 2 4 4 4 4 4 4 2 3 3 3 4 4 4 4 4 4 3 3 3 3 4 4 4 4 3 4 3 3
Last Time Cost: 00000001 ms
Total Time Cost: 00000006 ms
Total Distance 138: 2 3 4 4 4 4 4 3 3 3 3 2 4 4 4 4 4 4 2 3 3 3 4 4 4 3 4 4 3 3 3 3 4 4 4 4 3 4 3 3
Last Time Cost: 00000001 ms
Total Time Cost: 00000007 ms
Total Distance 136: 2 3 4 4 4 4 4 3 2 3 3 2 4 4 4 4 4 4 2 3 3 3 4 3 4 3 4 4 3 3 3 3 4 4 4 4 3 4 3 3
Last Time Cost: 00000001 ms
Total Time Cost: 00000008 ms
Total Distance 134: 2 3 4 4 4 3 4 3 2 3 3 2 4 4 4 4 4 4 2 3 2 3 4 3 4 3 4 4 3 3 3 3 4 4 4 4 3 4 3 3
Last Time Cost: 00000001 ms
Total Time Cost: 00000009 ms
Total Distance 132: 2 3 4 4 4 3 4 3 2 3 3 2 4 4 4 4 4 3 2 3 2 3 4 3 4 3 4 4 2 3 3 3 4 4 4 4 3 4 3 3
Last Time Cost: 00000001 ms
Total Time Cost: 00000010 ms
Total Distance 130: 2 3 4 4 4 3 4 3 2 2 3 2 4 4 4 4 4 3 2 3 2 3 4 3 3 3 4 4 2 3 3 3 4 4 4 4 3 4 3 3
Last Time Cost: 00000001 ms
Total Time Cost: 00000011 ms
Total Distance 128: 2 3 4 4 3 3 4 3 2 2 3 2 4 4 4 4 4 3 2 3 2 3 4 3 3 3 4 4 2 2 3 3 4 4 4 4 3 4 3 3
Last Time Cost: 00000001 ms
Total Time Cost: 00000012 ms
Total Distance 126: 2 3 4 4 3 3 4 3 2 2 3 2 4 4 4 4 4 3 1 3 2 3 4 3 3 3 4 4 2 2 3 3 4 3 4 4 3 4 3 3
Last Time Cost: 00000000 ms
Total Time Cost: 00000012 ms
Total Distance 125: 2 3 4 4 3 3 4 3 2 2 3 2 4 4 4 4 4 3 0 3 2 3 4 3 3 3 4 4 2 2 3 3 4 3 4 4 3 4 3 3
Last Time Cost: 00000001 ms
Total Time Cost: 00000013 ms
Total Distance 123: 2 3 4 4 2 3 4 3 2 2 3 2 4 4 4 4 4 3 0 3 2 3 4 3 3 3 4 4 2 2 3 3 4 2 4 4 3 4 3 3
Last Time Cost: 00000001 ms
Total Time Cost: 00000014 ms
Total Distance 121: 2 3 4 4 2 3 4 3 2 2 3 2 4 4 4 4 4 3 0 3 2 3 4 2 3 3 4 4 2 2 3 3 4 2 3 4 3 4 3 3
Last Time Cost: 00000001 ms
Total Time Cost: 00000015 ms
Total Distance 119: 2 3 4 4 2 3 4 3 2 2 3 2 4 4 4 4 4 3 0 2 2 3 4 2 3 3 4 4 2 2 3 3 4 2 2 4 3 4 3 3
Last Time Cost: 00000001 ms
Total Time Cost: 00000016 ms
Total Distance 117: 2 3 4 4 2 3 4 3 2 2 3 2 4 4 4 4 3 3 0 2 2 3 4 2 3 3 4 4 2 2 3 2 4 2 2 4 3 4 3 3
Last Time Cost: 00000001 ms
Total Time Cost: 00000017 ms
Total Distance 115: 2 3 4 4 2 3 4 3 2 2 3 2 4 4 4 4 3 2 0 2 2 3 4 2 3 3 4 4 2 2 3 2 3 2 2 4 3 4 3 3
Last Time Cost: 00000001 ms
Total Time Cost: 00000018 ms
Total Distance 113: 2 3 4 4 2 3 4 3 2 2 3 2 4 4 4 4 3 2 0 2 2 3 4 2 3 3 4 3 2 2 3 2 3 2 2 4 3 4 2 3
Last Time Cost: 00000001 ms
Total Time Cost: 00000019 ms
Total Distance 111: 2 3 4 4 2 3 4 3 2 2 3 2 4 3 4 4 3 2 0 2 2 3 4 2 3 3 4 3 2 2 3 2 3 2 2 4 3 4 1 3
Last Time Cost: 00000000 ms
Total Time Cost: 00000019 ms
Total Distance 110: 2 3 4 4 2 3 4 3 2 2 3 2 4 3 4 4 3 2 0 2 2 3 4 2 3 3 4 3 2 2 3 2 3 2 2 4 3 4 0 3
Last Time Cost: 00000001 ms
Total Time Cost: 00000020 ms
Total Distance 108: 2 3 4 4 2 3 4 3 2 2 3 2 4 2 4 4 3 2 0 2 2 3 4 2 2 3 4 3 2 2 3 2 3 2 2 4 3 4 0 3
Last Time Cost: 00000001 ms
Total Time Cost: 00000021 ms
Total Distance 106: 2 3 3 4 2 3 4 3 2 2 3 2 4 2 4 4 3 2 0 2 2 3 4 2 2 3 4 2 2 2 3 2 3 2 2 4 3 4 0 3
Last Time Cost: 00000001 ms
Total Time Cost: 00000022 ms
Total Distance 104: 2 2 3 4 2 3 4 3 2 2 3 2 4 2 4 4 3 2 0 2 2 3 4 2 2 3 3 2 2 2 3 2 3 2 2 4 3 4 0 3
Last Time Cost: 00000001 ms
Total Time Cost: 00000023 ms
Total Distance 102: 2 2 3 4 2 3 4 3 2 2 3 2 4 2 4 4 3 2 0 2 2 3 4 2 2 3 2 2 2 2 3 2 3 2 2 4 3 3 0 3
Last Time Cost: 00000001 ms
Total Time Cost: 00000024 ms
Total Distance 100: 2 2 3 4 2 3 3 3 2 2 3 2 4 2 4 4 3 2 0 2 2 2 4 2 2 3 2 2 2 2 3 2 3 2 2 4 3 3 0 3
Last Time Cost: 00000001 ms
Total Time Cost: 00000025 ms
Total Distance 98: 2 2 3 4 2 3 3 3 2 2 3 2 4 2 3 4 3 2 0 2 2 2 4 2 2 3 2 2 2 2 3 2 3 2 2 4 3 3 0 2
Last Time Cost: 00000001 ms
Total Time Cost: 00000026 ms
Total Distance 96: 2 2 3 3 2 3 3 3 2 2 3 2 4 2 3 4 3 2 0 2 2 2 4 2 2 3 2 2 1 2 3 2 3 2 2 4 3 3 0 2
Last Time Cost: 00000000 ms
Total Time Cost: 00000026 ms
Total Distance 95: 2 2 3 3 2 3 3 3 2 2 3 2 4 2 3 4 3 2 0 2 2 2 4 2 2 3 2 2 0 2 3 2 3 2 2 4 3 3 0 2
Last Time Cost: 00000001 ms
Total Time Cost: 00000027 ms
Total Distance 93: 2 2 3 2 2 3 3 3 2 2 3 2 4 2 2 4 3 2 0 2 2 2 4 2 2 3 2 2 0 2 3 2 3 2 2 4 3 3 0 2
Last Time Cost: 00000001 ms
Total Time Cost: 00000028 ms
Total Distance 91: 2 2 3 2 2 3 3 2 2 2 3 2 4 2 2 4 3 2 0 2 2 2 3 2 2 3 2 2 0 2 3 2 3 2 2 4 3 3 0 2
Last Time Cost: 00000001 ms
Total Time Cost: 00000029 ms
Total Distance 89: 2 2 3 2 2 3 3 2 2 2 2 2 4 2 2 4 3 2 0 2 2 2 3 2 2 3 2 2 0 2 3 2 3 2 2 3 3 3 0 2
Last Time Cost: 00000001 ms
Total Time Cost: 00000030 ms
Total Distance 87: 2 2 3 2 2 3 3 2 2 2 2 2 4 2 2 3 3 2 0 2 2 2 3 2 2 3 2 2 0 2 2 2 3 2 2 3 3 3 0 2
Last Time Cost: 00000001 ms
Total Time Cost: 00000031 ms
Total Distance 85: 2 2 3 2 2 3 3 2 2 2 2 2 3 2 2 3 3 2 0 2 2 2 3 2 2 3 2 2 0 2 2 2 3 2 2 3 3 2 0 2
Last Time Cost: 00000001 ms
Total Time Cost: 00000032 ms
Total Distance 84: 2 2 3 2 2 3 3 2 2 2 2 2 3 2 2 3 3 2 0 2 2 2 3 2 2 3 2 2 0 2 1 2 3 2 2 3 3 2 0 2
Last Time Cost: 00000000 ms
Total Time Cost: 00000032 ms
Total Distance 83: 2 2 3 2 2 3 3 2 2 2 2 2 3 2 2 3 3 2 0 2 2 2 3 2 2 3 2 2 0 2 0 2 3 2 2 3 3 2 0 2
Last Time Cost: 00000001 ms
Total Time Cost: 00000033 ms
Total Distance 82: 2 2 3 2 2 3 3 2 2 2 2 2 3 2 2 3 3 2 0 2 2 2 3 2 2 3 2 2 0 2 0 2 3 2 2 3 3 1 0 2
Last Time Cost: 00000000 ms
Total Time Cost: 00000033 ms
Total Distance 81: 2 2 3 2 2 3 3 2 2 2 2 2 3 2 2 3 3 2 0 2 2 2 3 2 2 3 2 2 0 2 0 2 3 2 2 3 3 0 0 2
Last Time Cost: 00000001 ms
Total Time Cost: 00000034 ms
Total Distance 80: 2 2 3 2 1 3 3 2 2 2 2 2 3 2 2 3 3 2 0 2 2 2 3 2 2 3 2 2 0 2 0 2 3 2 2 3 3 0 0 2
Last Time Cost: 00000000 ms
Total Time Cost: 00000034 ms
Total Distance 79: 2 2 3 2 0 3 3 2 2 2 2 2 3 2 2 3 3 2 0 2 2 2 3 2 2 3 2 2 0 2 0 2 3 2 2 3 3 0 0 2
Last Time Cost: 00000001 ms
Total Time Cost: 00000035 ms
Total Distance 78: 2 2 3 2 0 3 3 1 2 2 2 2 3 2 2 3 3 2 0 2 2 2 3 2 2 3 2 2 0 2 0 2 3 2 2 3 3 0 0 2
Last Time Cost: 00000000 ms
Total Time Cost: 00000035 ms
Total Distance 77: 2 2 3 2 0 3 3 0 2 2 2 2 3 2 2 3 3 2 0 2 2 2 3 2 2 3 2 2 0 2 0 2 3 2 2 3 3 0 0 2
Last Time Cost: 00000001 ms
Total Time Cost: 00000036 ms
Total Distance 76: 2 2 3 2 0 3 3 0 2 2 2 2 3 2 2 3 3 2 0 2 2 2 3 2 1 3 2 2 0 2 0 2 3 2 2 3 3 0 0 2
Last Time Cost: 00000000 ms
Total Time Cost: 00000036 ms
Total Distance 75: 2 2 3 2 0 3 3 0 2 2 2 2 3 2 2 3 3 2 0 2 2 2 3 2 0 3 2 2 0 2 0 2 3 2 2 3 3 0 0 2
Last Time Cost: 00000001 ms
Total Time Cost: 00000037 ms
Total Distance 74: 2 2 3 1 0 3 3 0 2 2 2 2 3 2 2 3 3 2 0 2 2 2 3 2 0 3 2 2 0 2 0 2 3 2 2 3 3 0 0 2
Last Time Cost: 00000000 ms
Total Time Cost: 00000037 ms
Total Distance 73: 2 2 3 0 0 3 3 0 2 2 2 2 3 2 2 3 3 2 0 2 2 2 3 2 0 3 2 2 0 2 0 2 3 2 2 3 3 0 0 2
Last Time Cost: 00000001 ms
Total Time Cost: 00000038 ms
Total Distance 72: 2 2 3 0 0 3 3 0 2 2 2 2 3 2 2 3 3 2 0 2 1 2 3 2 0 3 2 2 0 2 0 2 3 2 2 3 3 0 0 2
Last Time Cost: 00000000 ms
Total Time Cost: 00000038 ms
Total Distance 71: 2 2 3 0 0 3 3 0 2 2 2 2 3 2 2 3 3 2 0 2 0 2 3 2 0 3 2 2 0 2 0 2 3 2 2 3 3 0 0 2
Last Time Cost: 00000001 ms
Total Time Cost: 00000039 ms
Total Distance 69: 2 2 3 0 0 2 3 0 2 2 2 2 3 2 2 3 2 2 0 2 0 2 3 2 0 3 2 2 0 2 0 2 3 2 2 3 3 0 0 2
Last Time Cost: 00000001 ms
Total Time Cost: 00000040 ms
Total Distance 68: 2 2 3 0 0 2 3 0 1 2 2 2 3 2 2 3 2 2 0 2 0 2 3 2 0 3 2 2 0 2 0 2 3 2 2 3 3 0 0 2
Last Time Cost: 00000000 ms
Total Time Cost: 00000040 ms
Total Distance 67: 2 2 3 0 0 2 3 0 0 2 2 2 3 2 2 3 2 2 0 2 0 2 3 2 0 3 2 2 0 2 0 2 3 2 2 3 3 0 0 2
Last Time Cost: 00000001 ms
Total Time Cost: 00000041 ms
Total Distance 66: 2 2 3 0 0 2 3 0 0 2 2 2 3 2 2 3 2 2 0 2 0 2 3 2 0 3 2 2 0 2 0 2 3 2 2 3 3 0 0 1
Last Time Cost: 00000000 ms
Total Time Cost: 00000041 ms
Total Distance 65: 2 2 3 0 0 2 3 0 0 2 2 2 3 2 2 3 2 2 0 2 0 2 3 2 0 3 2 2 0 2 0 2 3 2 2 3 3 0 0 0
Last Time Cost: 00000001 ms
Total Time Cost: 00000042 ms
Total Distance 64: 2 2 3 0 0 2 3 0 0 2 2 2 3 2 2 3 2 1 0 2 0 2 3 2 0 3 2 2 0 2 0 2 3 2 2 3 3 0 0 0
Last Time Cost: 00000000 ms
Total Time Cost: 00000042 ms
Total Distance 63: 2 2 3 0 0 2 3 0 0 2 2 2 3 2 2 3 2 0 0 2 0 2 3 2 0 3 2 2 0 2 0 2 3 2 2 3 3 0 0 0
Last Time Cost: 00000001 ms
Total Time Cost: 00000043 ms
Total Distance 62: 2 2 3 0 0 2 3 0 0 2 2 2 3 2 2 3 2 0 0 2 0 2 3 1 0 3 2 2 0 2 0 2 3 2 2 3 3 0 0 0
Last Time Cost: 00000000 ms
Total Time Cost: 00000043 ms
Total Distance 61: 2 2 3 0 0 2 3 0 0 2 2 2 3 2 2 3 2 0 0 2 0 2 3 0 0 3 2 2 0 2 0 2 3 2 2 3 3 0 0 0
Last Time Cost: 00000001 ms
Total Time Cost: 00000044 ms
Total Distance 60: 2 2 3 0 0 2 3 0 0 1 2 2 3 2 2 3 2 0 0 2 0 2 3 0 0 3 2 2 0 2 0 2 3 2 2 3 3 0 0 0
Last Time Cost: 00000000 ms
Total Time Cost: 00000044 ms
Total Distance 59: 2 2 3 0 0 2 3 0 0 0 2 2 3 2 2 3 2 0 0 2 0 2 3 0 0 3 2 2 0 2 0 2 3 2 2 3 3 0 0 0
Last Time Cost: 00000001 ms
Total Time Cost: 00000045 ms
Total Distance 58: 2 2 3 0 0 1 3 0 0 0 2 2 3 2 2 3 2 0 0 2 0 2 3 0 0 3 2 2 0 2 0 2 3 2 2 3 3 0 0 0
Last Time Cost: 00000000 ms
Total Time Cost: 00000045 ms
Total Distance 57: 2 2 3 0 0 0 3 0 0 0 2 2 3 2 2 3 2 0 0 2 0 2 3 0 0 3 2 2 0 2 0 2 3 2 2 3 3 0 0 0
Last Time Cost: 00000002 ms
Total Time Cost: 00000047 ms
Total Distance 56: 2 2 3 0 0 0 3 0 0 0 2 2 3 2 2 3 2 0 0 2 0 2 3 0 0 3 2 1 0 2 0 2 3 2 2 3 3 0 0 0
Last Time Cost: 00000000 ms
Total Time Cost: 00000047 ms
Total Distance 55: 2 2 3 0 0 0 3 0 0 0 2 2 3 2 2 3 2 0 0 2 0 2 3 0 0 3 2 0 0 2 0 2 3 2 2 3 3 0 0 0
Last Time Cost: 00000001 ms
Total Time Cost: 00000048 ms
Total Distance 54: 2 2 3 0 0 0 3 0 0 0 2 1 3 2 2 3 2 0 0 2 0 2 3 0 0 3 2 0 0 2 0 2 3 2 2 3 3 0 0 0
Last Time Cost: 00000000 ms
Total Time Cost: 00000048 ms
Total Distance 53: 2 2 3 0 0 0 3 0 0 0 2 0 3 2 2 3 2 0 0 2 0 2 3 0 0 3 2 0 0 2 0 2 3 2 2 3 3 0 0 0
Last Time Cost: 00000001 ms
Total Time Cost: 00000049 ms
Total Distance 52: 2 2 3 0 0 0 3 0 0 0 2 0 3 2 2 3 2 0 0 2 0 2 3 0 0 3 2 0 0 2 0 1 3 2 2 3 3 0 0 0
Last Time Cost: 00000000 ms
Total Time Cost: 00000049 ms
Total Distance 51: 2 2 3 0 0 0 3 0 0 0 2 0 3 2 2 3 2 0 0 2 0 2 3 0 0 3 2 0 0 2 0 0 3 2 2 3 3 0 0 0
Last Time Cost: 00000001 ms
Total Time Cost: 00000050 ms
Total Distance 50: 2 2 3 0 0 0 3 0 0 0 2 0 3 2 2 3 2 0 0 2 0 2 3 0 0 3 2 0 0 1 0 0 3 2 2 3 3 0 0 0
Last Time Cost: 00000000 ms
Total Time Cost: 00000050 ms
Total Distance 49: 2 2 3 0 0 0 3 0 0 0 2 0 3 2 2 3 2 0 0 2 0 2 3 0 0 3 2 0 0 0 0 0 3 2 2 3 3 0 0 0
Last Time Cost: 00000001 ms
Total Time Cost: 00000051 ms
Total Distance 48: 1 2 3 0 0 0 3 0 0 0 2 0 3 2 2 3 2 0 0 2 0 2 3 0 0 3 2 0 0 0 0 0 3 2 2 3 3 0 0 0
Last Time Cost: 00000000 ms
Total Time Cost: 00000051 ms
Total Distance 47: 0 2 3 0 0 0 3 0 0 0 2 0 3 2 2 3 2 0 0 2 0 2 3 0 0 3 2 0 0 0 0 0 3 2 2 3 3 0 0 0
Last Time Cost: 00000001 ms
Total Time Cost: 00000052 ms
Total Distance 45: 0 2 3 0 0 0 3 0 0 0 2 0 3 2 2 3 2 0 0 2 0 2 3 0 0 2 2 0 0 0 0 0 3 2 2 3 2 0 0 0
Last Time Cost: 00000001 ms
Total Time Cost: 00000053 ms
Total Distance 44: 0 2 3 0 0 0 3 0 0 0 2 0 3 2 2 3 2 0 0 2 0 2 3 0 0 1 2 0 0 0 0 0 3 2 2 3 2 0 0 0
Last Time Cost: 00000000 ms
Total Time Cost: 00000053 ms
Total Distance 43: 0 2 3 0 0 0 3 0 0 0 2 0 3 2 2 3 2 0 0 2 0 2 3 0 0 0 2 0 0 0 0 0 3 2 2 3 2 0 0 0
Last Time Cost: 00000001 ms
Total Time Cost: 00000054 ms
Total Distance 42: 0 2 3 0 0 0 3 0 0 0 2 0 3 2 2 3 2 0 0 2 0 2 3 0 0 0 2 0 0 0 0 0 3 1 2 3 2 0 0 0
Last Time Cost: 00000001 ms
Total Time Cost: 00000055 ms
Total Distance 41: 0 2 3 0 0 0 3 0 0 0 2 0 3 2 2 3 2 0 0 2 0 2 3 0 0 0 2 0 0 0 0 0 3 0 2 3 2 0 0 0
Last Time Cost: 00000001 ms
Total Time Cost: 00000056 ms
Total Distance 40: 0 2 3 0 0 0 3 0 0 0 2 0 3 2 2 3 1 0 0 2 0 2 3 0 0 0 2 0 0 0 0 0 3 0 2 3 2 0 0 0
Last Time Cost: 00000000 ms
Total Time Cost: 00000056 ms
Total Distance 39: 0 2 3 0 0 0 3 0 0 0 2 0 3 2 2 3 0 0 0 2 0 2 3 0 0 0 2 0 0 0 0 0 3 0 2 3 2 0 0 0
Last Time Cost: 00000001 ms
Total Time Cost: 00000057 ms
Total Distance 38: 0 2 3 0 0 0 3 0 0 0 2 0 3 1 2 3 0 0 0 2 0 2 3 0 0 0 2 0 0 0 0 0 3 0 2 3 2 0 0 0
Last Time Cost: 00000000 ms
Total Time Cost: 00000057 ms
Total Distance 37: 0 2 3 0 0 0 3 0 0 0 2 0 3 0 2 3 0 0 0 2 0 2 3 0 0 0 2 0 0 0 0 0 3 0 2 3 2 0 0 0
Last Time Cost: 00000001 ms
Total Time Cost: 00000058 ms
Total Distance 36: 0 2 3 0 0 0 3 0 0 0 1 0 3 0 2 3 0 0 0 2 0 2 3 0 0 0 2 0 0 0 0 0 3 0 2 3 2 0 0 0
Last Time Cost: 00000000 ms
Total Time Cost: 00000058 ms
Total Distance 35: 0 2 3 0 0 0 3 0 0 0 0 0 3 0 2 3 0 0 0 2 0 2 3 0 0 0 2 0 0 0 0 0 3 0 2 3 2 0 0 0
Last Time Cost: 00000002 ms
Total Time Cost: 00000060 ms
Total Distance 33: 0 2 3 0 0 0 2 0 0 0 0 0 3 0 2 3 0 0 0 2 0 2 3 0 0 0 2 0 0 0 0 0 3 0 2 2 2 0 0 0
Last Time Cost: 00000001 ms
Total Time Cost: 00000061 ms
Total Distance 32: 0 2 3 0 0 0 2 0 0 0 0 0 3 0 2 3 0 0 0 2 0 2 3 0 0 0 2 0 0 0 0 0 3 0 2 1 2 0 0 0
Last Time Cost: 00000000 ms
Total Time Cost: 00000061 ms
Total Distance 31: 0 2 3 0 0 0 2 0 0 0 0 0 3 0 2 3 0 0 0 2 0 2 3 0 0 0 2 0 0 0 0 0 3 0 2 0 2 0 0 0
Last Time Cost: 00000001 ms
Total Time Cost: 00000062 ms
Total Distance 30: 0 2 3 0 0 0 2 0 0 0 0 0 3 0 2 3 0 0 0 2 0 2 3 0 0 0 2 0 0 0 0 0 3 0 2 0 1 0 0 0
Last Time Cost: 00000000 ms
Total Time Cost: 00000062 ms
Total Distance 29: 0 2 3 0 0 0 2 0 0 0 0 0 3 0 2 3 0 0 0 2 0 2 3 0 0 0 2 0 0 0 0 0 3 0 2 0 0 0 0 0
Last Time Cost: 00000001 ms
Total Time Cost: 00000063 ms
Total Distance 28: 0 2 3 0 0 0 2 0 0 0 0 0 3 0 2 3 0 0 0 2 0 1 3 0 0 0 2 0 0 0 0 0 3 0 2 0 0 0 0 0
Last Time Cost: 00000000 ms
Total Time Cost: 00000063 ms
Total Distance 27: 0 2 3 0 0 0 2 0 0 0 0 0 3 0 2 3 0 0 0 2 0 0 3 0 0 0 2 0 0 0 0 0 3 0 2 0 0 0 0 0
Last Time Cost: 00000001 ms
Total Time Cost: 00000064 ms
Total Distance 26: 0 2 3 0 0 0 2 0 0 0 0 0 3 0 2 3 0 0 0 1 0 0 3 0 0 0 2 0 0 0 0 0 3 0 2 0 0 0 0 0
Last Time Cost: 00000000 ms
Total Time Cost: 00000064 ms
Total Distance 25: 0 2 3 0 0 0 2 0 0 0 0 0 3 0 2 3 0 0 0 0 0 0 3 0 0 0 2 0 0 0 0 0 3 0 2 0 0 0 0 0
Last Time Cost: 00000001 ms
Total Time Cost: 00000065 ms
Total Distance 24: 0 2 3 0 0 0 2 0 0 0 0 0 3 0 2 3 0 0 0 0 0 0 3 0 0 0 1 0 0 0 0 0 3 0 2 0 0 0 0 0
Last Time Cost: 00000000 ms
Total Time Cost: 00000065 ms
Total Distance 23: 0 2 3 0 0 0 2 0 0 0 0 0 3 0 2 3 0 0 0 0 0 0 3 0 0 0 0 0 0 0 0 0 3 0 2 0 0 0 0 0
Last Time Cost: 00000001 ms
Total Time Cost: 00000066 ms
Total Distance 22: 0 2 3 0 0 0 2 0 0 0 0 0 3 0 1 3 0 0 0 0 0 0 3 0 0 0 0 0 0 0 0 0 3 0 2 0 0 0 0 0
Last Time Cost: 00000000 ms
Total Time Cost: 00000066 ms
Total Distance 21: 0 2 3 0 0 0 2 0 0 0 0 0 3 0 0 3 0 0 0 0 0 0 3 0 0 0 0 0 0 0 0 0 3 0 2 0 0 0 0 0
Last Time Cost: 00000002 ms
Total Time Cost: 00000068 ms
Total Distance 20: 0 2 3 0 0 0 1 0 0 0 0 0 3 0 0 3 0 0 0 0 0 0 3 0 0 0 0 0 0 0 0 0 3 0 2 0 0 0 0 0
Last Time Cost: 00000000 ms
Total Time Cost: 00000068 ms
Total Distance 19: 0 2 3 0 0 0 0 0 0 0 0 0 3 0 0 3 0 0 0 0 0 0 3 0 0 0 0 0 0 0 0 0 3 0 2 0 0 0 0 0
Last Time Cost: 00000001 ms
Total Time Cost: 00000069 ms
Total Distance 18: 0 1 3 0 0 0 0 0 0 0 0 0 3 0 0 3 0 0 0 0 0 0 3 0 0 0 0 0 0 0 0 0 3 0 2 0 0 0 0 0
Last Time Cost: 00000000 ms
Total Time Cost: 00000069 ms
Total Distance 17: 0 0 3 0 0 0 0 0 0 0 0 0 3 0 0 3 0 0 0 0 0 0 3 0 0 0 0 0 0 0 0 0 3 0 2 0 0 0 0 0
Last Time Cost: 00000001 ms
Total Time Cost: 00000070 ms
Total Distance 16: 0 0 3 0 0 0 0 0 0 0 0 0 3 0 0 3 0 0 0 0 0 0 3 0 0 0 0 0 0 0 0 0 3 0 1 0 0 0 0 0
Last Time Cost: 00000000 ms
Total Time Cost: 00000070 ms
Total Distance 15: 0 0 3 0 0 0 0 0 0 0 0 0 3 0 0 3 0 0 0 0 0 0 3 0 0 0 0 0 0 0 0 0 3 0 0 0 0 0 0 0
Last Time Cost: 00000002 ms
Total Time Cost: 00000072 ms
Total Distance 14: 0 0 3 0 0 0 0 0 0 0 0 0 2 0 0 3 0 0 0 0 0 0 3 0 0 0 0 0 0 0 0 0 3 0 0 0 0 0 0 0
Last Time Cost: 00000001 ms
Total Time Cost: 00000073 ms
Total Distance 13: 0 0 3 0 0 0 0 0 0 0 0 0 1 0 0 3 0 0 0 0 0 0 3 0 0 0 0 0 0 0 0 0 3 0 0 0 0 0 0 0
Last Time Cost: 00000000 ms
Total Time Cost: 00000073 ms
Total Distance 12: 0 0 3 0 0 0 0 0 0 0 0 0 0 0 0 3 0 0 0 0 0 0 3 0 0 0 0 0 0 0 0 0 3 0 0 0 0 0 0 0
Last Time Cost: 00000001 ms
Total Time Cost: 00000074 ms
Total Distance 11: 0 0 3 0 0 0 0 0 0 0 0 0 0 0 0 2 0 0 0 0 0 0 3 0 0 0 0 0 0 0 0 0 3 0 0 0 0 0 0 0
Last Time Cost: 00000000 ms
Total Time Cost: 00000074 ms
Total Distance 10: 0 0 3 0 0 0 0 0 0 0 0 0 0 0 0 1 0 0 0 0 0 0 3 0 0 0 0 0 0 0 0 0 3 0 0 0 0 0 0 0
Last Time Cost: 00000000 ms
Total Time Cost: 00000074 ms
Total Distance 9: 0 0 3 0 0 0 0 0 0 0 0 0 0 0 0 0 0 0 0 0 0 0 3 0 0 0 0 0 0 0 0 0 3 0 0 0 0 0 0 0
Last Time Cost: 00000001 ms
Total Time Cost: 00000075 ms
Total Distance 8: 0 0 3 0 0 0 0 0 0 0 0 0 0 0 0 0 0 0 0 0 0 0 3 0 0 0 0 0 0 0 0 0 2 0 0 0 0 0 0 0
Last Time Cost: 00000000 ms
Total Time Cost: 00000075 ms
Total Distance 7: 0 0 3 0 0 0 0 0 0 0 0 0 0 0 0 0 0 0 0 0 0 0 3 0 0 0 0 0 0 0 0 0 1 0 0 0 0 0 0 0
Last Time Cost: 00000000 ms
Total Time Cost: 00000075 ms
Total Distance 6: 0 0 3 0 0 0 0 0 0 0 0 0 0 0 0 0 0 0 0 0 0 0 3 0 0 0 0 0 0 0 0 0 0 0 0 0 0 0 0 0
Last Time Cost: 00000001 ms
Total Time Cost: 00000076 ms
Total Distance 5: 0 0 3 0 0 0 0 0 0 0 0 0 0 0 0 0 0 0 0 0 0 0 2 0 0 0 0 0 0 0 0 0 0 0 0 0 0 0 0 0
Last Time Cost: 00000000 ms
Total Time Cost: 00000076 ms
Total Distance 4: 0 0 3 0 0 0 0 0 0 0 0 0 0 0 0 0 0 0 0 0 0 0 1 0 0 0 0 0 0 0 0 0 0 0 0 0 0 0 0 0
Last Time Cost: 00000000 ms
Total Time Cost: 00000076 ms
Total Distance 3: 0 0 3 0 0 0 0 0 0 0 0 0 0 0 0 0 0 0 0 0 0 0 0 0 0 0 0 0 0 0 0 0 0 0 0 0 0 0 0 0
Last Time Cost: 00000001 ms
Total Time Cost: 00000077 ms
Total Distance 2: 0 0 2 0 0 0 0 0 0 0 0 0 0 0 0 0 0 0 0 0 0 0 0 0 0 0 0 0 0 0 0 0 0 0 0 0 0 0 0 0
Last Time Cost: 00000000 ms
Total Time Cost: 00000077 ms
Total Distance 1: 0 0 1 0 0 0 0 0 0 0 0 0 0 0 0 0 0 0 0 0 0 0 0 0 0 0 0 0 0 0 0 0 0 0 0 0 0 0 0 0
Last Time Cost: 00000000 ms
Total Time Cost: 00000077 ms
Total Distance 0: 0 0 0 0 0 0 0 0 0 0 0 0 0 0 0 0 0 0 0 0 0 0 0 0 0 0 0 0 0 0 0 0 0 0 0 0 0 0 0 0
