Last Time Cost: 00000000 ms
Total Time Cost: 00000000 ms
Total Distance 196: 5 4 4 6 5 5 5 5 5 5 5 4 4 6 5 5 5 5 5 5 5 4 4 6 5 5 5 5 5 5 5 4 4 6 5 5 5 5 5 5
Last Time Cost: 00000009 ms
Total Time Cost: 00000009 ms
Total Distance 192: 5 3 4 6 5 5 5 5 5 5 5 3 4 6 5 5 5 5 5 5 5 4 4 6 5 5 4 5 5 5 5 4 4 6 5 5 4 5 5 5
Last Time Cost: 00000005 ms
Total Time Cost: 00000014 ms
Total Distance 188: 5 3 4 6 5 5 4 5 5 5 5 2 4 6 5 5 5 5 5 5 5 3 4 6 5 5 4 5 5 5 5 4 4 6 5 5 3 5 5 5
Last Time Cost: 00000006 ms
Total Time Cost: 00000020 ms
Total Distance 184: 5 2 4 6 5 5 4 5 5 5 5 2 4 6 5 5 4 5 5 5 5 3 4 6 5 5 3 5 5 5 5 3 4 6 5 5 3 5 5 5
Last Time Cost: 00000006 ms
Total Time Cost: 00000026 ms
Total Distance 180: 5 2 4 6 5 5 3 5 5 5 5 2 4 6 5 5 3 5 5 5 5 2 4 6 5 5 3 5 5 5 5 2 4 6 5 5 3 5 5 5
Last Time Cost: 00000007 ms
Total Time Cost: 00000033 ms
Total Distance 176: 5 2 3 6 5 5 3 5 5 5 5 2 3 6 5 5 3 5 5 5 5 2 4 6 5 5 3 4 5 5 5 2 4 6 5 5 3 4 5 5
Last Time Cost: 00000006 ms
Total Time Cost: 00000039 ms
Total Distance 172: 5 2 3 6 5 5 3 4 5 5 5 2 2 6 5 5 3 5 5 5 5 2 3 6 5 5 3 4 5 5 5 2 4 6 5 5 3 3 5 5
Last Time Cost: 00000007 ms
Total Time Cost: 00000046 ms
Total Distance 168: 5 2 3 6 5 5 3 3 5 5 5 2 2 6 5 5 3 4 5 5 5 2 2 6 5 5 3 4 5 5 5 2 3 6 5 5 3 3 5 5
Last Time Cost: 00000007 ms
Total Time Cost: 00000053 ms
Total Distance 164: 5 2 2 6 5 5 3 3 5 5 5 2 2 6 5 5 3 3 5 5 5 2 2 6 5 5 3 3 5 5 5 2 2 6 5 5 3 3 5 5
Last Time Cost: 00000009 ms
Total Time Cost: 00000062 ms
Total Distance 160: 5 2 2 6 5 4 3 3 5 5 5 2 2 6 5 4 3 3 5 5 4 2 2 6 5 5 3 3 5 5 4 2 2 6 5 5 3 3 5 5
Last Time Cost: 00000007 ms
Total Time Cost: 00000069 ms
Total Distance 156: 5 2 2 6 5 3 3 3 5 5 4 2 2 6 5 4 3 3 5 5 3 2 2 6 5 5 3 3 5 5 4 2 2 6 5 4 3 3 5 5
Last Time Cost: 00000006 ms
Total Time Cost: 00000075 ms
Total Distance 152: 4 2 2 6 5 3 3 3 5 5 4 2 2 6 5 3 3 3 5 5 3 2 2 6 5 4 3 3 5 5 3 2 2 6 5 4 3 3 5 5
Last Time Cost: 00000006 ms
Total Time Cost: 00000081 ms
Total Distance 148: 3 2 2 6 5 3 3 3 5 5 3 2 2 6 5 3 3 3 5 5 3 2 2 6 5 3 3 3 5 5 3 2 2 6 5 3 3 3 5 5
Last Time Cost: 00000006 ms
Total Time Cost: 00000087 ms
Total Distance 144: 3 2 2 6 4 3 3 3 5 5 3 2 2 6 4 3 3 3 5 5 3 2 2 6 5 3 3 3 5 4 3 2 2 6 5 3 3 3 5 4
Last Time Cost: 00000006 ms
Total Time Cost: 00000093 ms
Total Distance 140: 3 2 2 6 3 3 3 3 5 5 3 2 2 6 4 3 3 3 5 4 3 2 2 6 5 3 3 3 5 3 3 2 2 6 4 3 3 3 5 4
Last Time Cost: 00000005 ms
Total Time Cost: 00000098 ms
Total Distance 136: 3 2 2 6 3 3 3 3 5 4 3 2 2 6 4 3 3 3 5 3 3 2 2 6 4 3 3 3 5 3 3 2 2 6 3 3 3 3 5 4
Last Time Cost: 00000005 ms
Total Time Cost: 00000103 ms
Total Distance 132: 3 2 2 6 3 3 3 3 5 3 3 2 2 6 3 3 3 3 5 3 3 2 2 6 3 3 3 3 5 3 3 2 2 6 3 3 3 3 5 3
Last Time Cost: 00000005 ms
Total Time Cost: 00000108 ms
Total Distance 128: 3 2 2 5 3 3 3 3 5 3 3 2 2 5 3 3 3 3 5 3 3 2 2 6 3 3 3 3 4 3 3 2 2 6 3 3 3 3 4 3
Last Time Cost: 00000004 ms
Total Time Cost: 00000112 ms
Total Distance 124: 3 2 2 5 3 3 3 3 4 3 3 2 2 4 3 3 3 3 5 3 3 2 2 5 3 3 3 3 4 3 3 2 2 6 3 3 3 3 3 3
Last Time Cost: 00000004 ms
Total Time Cost: 00000116 ms
Total Distance 120: 3 2 2 4 3 3 3 3 4 3 3 2 2 4 3 3 3 3 4 3 3 2 2 5 3 3 3 3 3 3 3 2 2 5 3 3 3 3 3 3
Last Time Cost: 00000002 ms
Total Time Cost: 00000118 ms
Total Distance 116: 3 2 2 4 3 3 3 3 3 3 3 2 2 4 3 3 3 3 3 3 3 2 2 4 3 3 3 3 3 3 3 2 2 4 3 3 3 3 3 3
Last Time Cost: 00000001 ms
Total Time Cost: 00000119 ms
Total Distance 114: 3 2 1 4 3 3 3 3 3 3 3 2 2 4 3 3 3 3 3 3 3 2 2 4 3 3 3 2 3 3 3 2 2 4 3 3 3 3 3 3
Last Time Cost: 00000000 ms
Total Time Cost: 00000119 ms
Total Distance 113: 3 2 0 4 3 3 3 3 3 3 3 2 2 4 3 3 3 3 3 3 3 2 2 4 3 3 3 2 3 3 3 2 2 4 3 3 3 3 3 3
Last Time Cost: 00000001 ms
Total Time Cost: 00000120 ms
Total Distance 111: 3 1 0 4 3 3 3 3 3 3 3 2 2 4 3 3 3 3 3 3 3 2 2 4 3 3 2 2 3 3 3 2 2 4 3 3 3 3 3 3
Last Time Cost: 00000000 ms
Total Time Cost: 00000120 ms
Total Distance 110: 3 0 0 4 3 3 3 3 3 3 3 2 2 4 3 3 3 3 3 3 3 2 2 4 3 3 2 2 3 3 3 2 2 4 3 3 3 3 3 3
Last Time Cost: 00000001 ms
Total Time Cost: 00000121 ms
Total Distance 108: 3 0 0 4 3 3 3 3 3 3 3 2 1 4 3 3 3 3 3 3 3 2 2 4 3 3 2 2 3 3 3 2 2 4 3 3 3 2 3 3
Last Time Cost: 00000000 ms
Total Time Cost: 00000121 ms
Total Distance 107: 3 0 0 4 3 3 3 3 3 3 3 2 0 4 3 3 3 3 3 3 3 2 2 4 3 3 2 2 3 3 3 2 2 4 3 3 3 2 3 3
Last Time Cost: 00000001 ms
Total Time Cost: 00000122 ms
Total Distance 105: 3 0 0 4 3 3 3 2 3 3 3 2 0 4 3 3 3 3 3 3 3 2 1 4 3 3 2 2 3 3 3 2 2 4 3 3 3 2 3 3
Last Time Cost: 00000000 ms
Total Time Cost: 00000122 ms
Total Distance 104: 3 0 0 4 3 3 3 2 3 3 3 2 0 4 3 3 3 3 3 3 3 2 0 4 3 3 2 2 3 3 3 2 2 4 3 3 3 2 3 3
Last Time Cost: 00000001 ms
Total Time Cost: 00000123 ms
Total Distance 102: 3 0 0 4 3 3 2 2 3 3 3 2 0 4 3 3 3 3 3 3 3 1 0 4 3 3 2 2 3 3 3 2 2 4 3 3 3 2 3 3
Last Time Cost: 00000000 ms
Total Time Cost: 00000123 ms
Total Distance 101: 3 0 0 4 3 3 2 2 3 3 3 2 0 4 3 3 3 3 3 3 3 0 0 4 3 3 2 2 3 3 3 2 2 4 3 3 3 2 3 3
Last Time Cost: 00000001 ms
Total Time Cost: 00000124 ms
Total Distance 99: 3 0 0 4 3 3 2 2 3 3 3 1 0 4 3 3 3 3 3 3 3 0 0 4 3 3 2 2 3 3 3 2 2 4 3 3 2 2 3 3
Last Time Cost: 00000000 ms
Total Time Cost: 00000124 ms
Total Distance 98: 3 0 0 4 3 3 2 2 3 3 3 0 0 4 3 3 3 3 3 3 3 0 0 4 3 3 2 2 3 3 3 2 2 4 3 3 2 2 3 3
Last Time Cost: 00000005 ms
Total Time Cost: 00000129 ms
Total Distance 96: 3 0 0 4 3 3 2 2 3 3 3 0 0 4 3 3 2 3 3 3 3 0 0 4 3 3 2 2 3 3 3 1 2 4 3 3 2 2 3 3
Last Time Cost: 00000001 ms
Total Time Cost: 00000130 ms
Total Distance 95: 3 0 0 4 3 3 2 2 3 3 3 0 0 4 3 3 2 3 3 3 3 0 0 4 3 3 2 2 3 3 3 0 2 4 3 3 2 2 3 3
Last Time Cost: 00000002 ms
Total Time Cost: 00000132 ms
Total Distance 93: 3 0 0 4 3 3 2 2 3 3 3 0 0 4 3 3 2 2 3 3 3 0 0 4 3 3 2 2 3 3 3 0 1 4 3 3 2 2 3 3
Last Time Cost: 00000002 ms
Total Time Cost: 00000134 ms
Total Distance 92: 3 0 0 4 3 3 2 2 3 3 3 0 0 4 3 3 2 2 3 3 3 0 0 4 3 3 2 2 3 3 3 0 0 4 3 3 2 2 3 3
Last Time Cost: 00000002 ms
Total Time Cost: 00000136 ms
Total Distance 90: 3 0 0 4 3 3 2 2 3 3 3 0 0 4 2 3 2 2 3 3 3 0 0 4 3 3 2 2 3 3 3 0 0 4 3 3 2 2 3 2
Last Time Cost: 00000002 ms
Total Time Cost: 00000138 ms
Total Distance 88: 3 0 0 4 3 3 2 2 3 2 3 0 0 4 2 3 2 2 3 3 3 0 0 4 2 3 2 2 3 3 3 0 0 4 3 3 2 2 3 2
Last Time Cost: 00000002 ms
Total Time Cost: 00000140 ms
Total Distance 86: 3 0 0 4 3 2 2 2 3 2 3 0 0 4 2 3 2 2 3 3 2 0 0 4 2 3 2 2 3 3 3 0 0 4 3 3 2 2 3 2
Last Time Cost: 00000001 ms
Total Time Cost: 00000141 ms
Total Distance 84: 3 0 0 4 3 2 2 2 3 2 2 0 0 4 2 3 2 2 3 3 2 0 0 4 2 3 2 2 3 3 3 0 0 4 3 2 2 2 3 2
Last Time Cost: 00000001 ms
Total Time Cost: 00000142 ms
Total Distance 82: 3 0 0 4 3 2 2 2 3 2 1 0 0 3 2 3 2 2 3 3 2 0 0 4 2 3 2 2 3 3 3 0 0 4 3 2 2 2 3 2
Last Time Cost: 00000000 ms
Total Time Cost: 00000142 ms
Total Distance 81: 3 0 0 4 3 2 2 2 3 2 0 0 0 3 2 3 2 2 3 3 2 0 0 4 2 3 2 2 3 3 3 0 0 4 3 2 2 2 3 2
Last Time Cost: 00000003 ms
Total Time Cost: 00000145 ms
Total Distance 79: 2 0 0 4 3 2 2 2 3 2 0 0 0 3 2 3 2 2 3 3 2 0 0 4 2 2 2 2 3 3 3 0 0 4 3 2 2 2 3 2
Last Time Cost: 00000001 ms
Total Time Cost: 00000146 ms
Total Distance 77: 2 0 0 4 3 2 2 2 3 2 0 0 0 3 2 2 2 2 3 3 2 0 0 4 2 2 2 2 3 3 2 0 0 4 3 2 2 2 3 2
Last Time Cost: 00000001 ms
Total Time Cost: 00000147 ms
Total Distance 75: 2 0 0 4 3 2 2 2 3 2 0 0 0 3 2 2 2 2 3 3 2 0 0 4 2 2 2 2 3 3 1 0 0 3 3 2 2 2 3 2
Last Time Cost: 00000000 ms
Total Time Cost: 00000147 ms
Total Distance 74: 2 0 0 4 3 2 2 2 3 2 0 0 0 3 2 2 2 2 3 3 2 0 0 4 2 2 2 2 3 3 0 0 0 3 3 2 2 2 3 2
Last Time Cost: 00000002 ms
Total Time Cost: 00000149 ms
Total Distance 72: 2 0 0 4 2 2 2 2 3 2 0 0 0 3 2 2 2 2 3 3 2 0 0 4 2 2 2 2 3 2 0 0 0 3 3 2 2 2 3 2
Last Time Cost: 00000001 ms
Total Time Cost: 00000150 ms
Total Distance 70: 2 0 0 4 2 2 2 2 3 2 0 0 0 3 2 2 2 2 3 3 1 0 0 3 2 2 2 2 3 2 0 0 0 3 3 2 2 2 3 2
Last Time Cost: 00000000 ms
Total Time Cost: 00000150 ms
Total Distance 69: 2 0 0 4 2 2 2 2 3 2 0 0 0 3 2 2 2 2 3 3 0 0 0 3 2 2 2 2 3 2 0 0 0 3 3 2 2 2 3 2
Last Time Cost: 00000002 ms
Total Time Cost: 00000152 ms
Total Distance 67: 2 0 0 4 2 2 2 2 3 2 0 0 0 3 2 2 2 2 3 2 0 0 0 3 2 2 2 2 3 2 0 0 0 3 2 2 2 2 3 2
Last Time Cost: 00000001 ms
Total Time Cost: 00000153 ms
Total Distance 65: 2 0 0 4 2 2 2 2 3 2 0 0 0 3 2 2 2 2 2 2 0 0 0 3 2 2 2 2 3 2 0 0 0 2 2 2 2 2 3 2
Last Time Cost: 00000001 ms
Total Time Cost: 00000154 ms
Total Distance 63: 2 0 0 4 2 2 2 2 2 2 0 0 0 3 2 2 2 2 2 2 0 0 0 2 2 2 2 2 3 2 0 0 0 2 2 2 2 2 3 2
Last Time Cost: 00000001 ms
Total Time Cost: 00000155 ms
Total Distance 61: 2 0 0 4 2 2 2 2 2 2 0 0 0 2 2 2 2 2 2 2 0 0 0 2 2 2 2 2 3 2 0 0 0 2 2 2 2 2 2 2
Last Time Cost: 00000001 ms
Total Time Cost: 00000156 ms
Total Distance 59: 1 0 0 3 2 2 2 2 2 2 0 0 0 2 2 2 2 2 2 2 0 0 0 2 2 2 2 2 3 2 0 0 0 2 2 2 2 2 2 2
Last Time Cost: 00000000 ms
Total Time Cost: 00000156 ms
Total Distance 58: 0 0 0 3 2 2 2 2 2 2 0 0 0 2 2 2 2 2 2 2 0 0 0 2 2 2 2 2 3 2 0 0 0 2 2 2 2 2 2 2
Last Time Cost: 00000001 ms
Total Time Cost: 00000157 ms
Total Distance 56: 0 0 0 2 2 2 2 2 2 2 0 0 0 2 2 2 2 2 2 2 0 0 0 2 2 2 2 2 2 2 0 0 0 2 2 2 2 2 2 2
Last Time Cost: 00000001 ms
Total Time Cost: 00000158 ms
Total Distance 55: 0 0 0 2 2 2 2 2 2 2 0 0 0 2 2 2 2 2 2 2 0 0 0 2 2 2 2 2 2 2 0 0 0 2 2 2 2 2 1 2
Last Time Cost: 00000000 ms
Total Time Cost: 00000158 ms
Total Distance 54: 0 0 0 2 2 2 2 2 2 2 0 0 0 2 2 2 2 2 2 2 0 0 0 2 2 2 2 2 2 2 0 0 0 2 2 2 2 2 0 2
Last Time Cost: 00000001 ms
Total Time Cost: 00000159 ms
Total Distance 53: 0 0 0 2 2 2 2 2 2 2 0 0 0 2 2 2 2 2 2 2 0 0 0 2 2 2 2 2 2 2 0 0 0 2 2 2 1 2 0 2
Last Time Cost: 00000001 ms
Total Time Cost: 00000160 ms
Total Distance 52: 0 0 0 2 2 2 2 2 2 2 0 0 0 2 2 2 2 2 2 2 0 0 0 2 2 2 2 2 2 2 0 0 0 2 2 2 0 2 0 2
Last Time Cost: 00000001 ms
Total Time Cost: 00000161 ms
Total Distance 51: 0 0 0 2 2 2 2 2 2 2 0 0 0 1 2 2 2 2 2 2 0 0 0 2 2 2 2 2 2 2 0 0 0 2 2 2 0 2 0 2
Last Time Cost: 00000001 ms
Total Time Cost: 00000162 ms
Total Distance 50: 0 0 0 2 2 2 2 2 2 2 0 0 0 0 2 2 2 2 2 2 0 0 0 2 2 2 2 2 2 2 0 0 0 2 2 2 0 2 0 2
Last Time Cost: 00000001 ms
Total Time Cost: 00000163 ms
Total Distance 49: 0 0 0 2 2 1 2 2 2 2 0 0 0 0 2 2 2 2 2 2 0 0 0 2 2 2 2 2 2 2 0 0 0 2 2 2 0 2 0 2
Last Time Cost: 00000000 ms
Total Time Cost: 00000163 ms
Total Distance 48: 0 0 0 2 2 0 2 2 2 2 0 0 0 0 2 2 2 2 2 2 0 0 0 2 2 2 2 2 2 2 0 0 0 2 2 2 0 2 0 2
Last Time Cost: 00000001 ms
Total Time Cost: 00000164 ms
Total Distance 47: 0 0 0 2 2 0 2 2 2 2 0 0 0 0 2 2 2 2 2 2 0 0 0 2 2 2 2 2 1 2 0 0 0 2 2 2 0 2 0 2
Last Time Cost: 00000000 ms
Total Time Cost: 00000164 ms
Total Distance 46: 0 0 0 2 2 0 2 2 2 2 0 0 0 0 2 2 2 2 2 2 0 0 0 2 2 2 2 2 0 2 0 0 0 2 2 2 0 2 0 2
Last Time Cost: 00000001 ms
Total Time Cost: 00000165 ms
Total Distance 45: 0 0 0 2 2 0 2 2 2 2 0 0 0 0 2 2 2 2 2 2 0 0 0 2 2 2 2 2 0 1 0 0 0 2 2 2 0 2 0 2
Last Time Cost: 00000000 ms
Total Time Cost: 00000165 ms
Total Distance 44: 0 0 0 2 2 0 2 2 2 2 0 0 0 0 2 2 2 2 2 2 0 0 0 2 2 2 2 2 0 0 0 0 0 2 2 2 0 2 0 2
Last Time Cost: 00000001 ms
Total Time Cost: 00000166 ms
Total Distance 43: 0 0 0 2 2 0 2 2 2 2 0 0 0 0 1 2 2 2 2 2 0 0 0 2 2 2 2 2 0 0 0 0 0 2 2 2 0 2 0 2
Last Time Cost: 00000000 ms
Total Time Cost: 00000166 ms
Total Distance 42: 0 0 0 2 2 0 2 2 2 2 0 0 0 0 0 2 2 2 2 2 0 0 0 2 2 2 2 2 0 0 0 0 0 2 2 2 0 2 0 2
Last Time Cost: 00000001 ms
Total Time Cost: 00000167 ms
Total Distance 41: 0 0 0 2 2 0 2 2 2 2 0 0 0 0 0 2 1 2 2 2 0 0 0 2 2 2 2 2 0 0 0 0 0 2 2 2 0 2 0 2
Last Time Cost: 00000000 ms
Total Time Cost: 00000167 ms
Total Distance 40: 0 0 0 2 2 0 2 2 2 2 0 0 0 0 0 2 0 2 2 2 0 0 0 2 2 2 2 2 0 0 0 0 0 2 2 2 0 2 0 2
Last Time Cost: 00000001 ms
Total Time Cost: 00000168 ms
Total Distance 39: 0 0 0 1 2 0 2 2 2 2 0 0 0 0 0 2 0 2 2 2 0 0 0 2 2 2 2 2 0 0 0 0 0 2 2 2 0 2 0 2
Last Time Cost: 00000000 ms
Total Time Cost: 00000168 ms
Total Distance 38: 0 0 0 0 2 0 2 2 2 2 0 0 0 0 0 2 0 2 2 2 0 0 0 2 2 2 2 2 0 0 0 0 0 2 2 2 0 2 0 2
Last Time Cost: 00000001 ms
Total Time Cost: 00000169 ms
Total Distance 37: 0 0 0 0 2 0 2 2 2 2 0 0 0 0 0 2 0 2 2 2 0 0 0 2 2 2 1 2 0 0 0 0 0 2 2 2 0 2 0 2
Last Time Cost: 00000000 ms
Total Time Cost: 00000169 ms
Total Distance 36: 0 0 0 0 2 0 2 2 2 2 0 0 0 0 0 2 0 2 2 2 0 0 0 2 2 2 0 2 0 0 0 0 0 2 2 2 0 2 0 2
Last Time Cost: 00000001 ms
Total Time Cost: 00000170 ms
Total Distance 35: 0 0 0 0 2 0 2 2 2 2 0 0 0 0 0 2 0 2 2 2 0 0 0 2 2 2 0 2 0 0 0 0 0 2 2 2 0 1 0 2
Last Time Cost: 00000000 ms
Total Time Cost: 00000170 ms
Total Distance 34: 0 0 0 0 2 0 2 2 2 2 0 0 0 0 0 2 0 2 2 2 0 0 0 2 2 2 0 2 0 0 0 0 0 2 2 2 0 0 0 2
Last Time Cost: 00000001 ms
Total Time Cost: 00000171 ms
Total Distance 33: 0 0 0 0 2 0 2 2 1 2 0 0 0 0 0 2 0 2 2 2 0 0 0 2 2 2 0 2 0 0 0 0 0 2 2 2 0 0 0 2
Last Time Cost: 00000000 ms
Total Time Cost: 00000171 ms
Total Distance 32: 0 0 0 0 2 0 2 2 0 2 0 0 0 0 0 2 0 2 2 2 0 0 0 2 2 2 0 2 0 0 0 0 0 2 2 2 0 0 0 2
Last Time Cost: 00000001 ms
Total Time Cost: 00000172 ms
Total Distance 31: 0 0 0 0 2 0 2 2 0 2 0 0 0 0 0 2 0 2 2 2 0 0 0 2 2 2 0 2 0 0 0 0 0 2 1 2 0 0 0 2
Last Time Cost: 00000000 ms
Total Time Cost: 00000172 ms
Total Distance 30: 0 0 0 0 2 0 2 2 0 2 0 0 0 0 0 2 0 2 2 2 0 0 0 2 2 2 0 2 0 0 0 0 0 2 0 2 0 0 0 2
Last Time Cost: 00000001 ms
Total Time Cost: 00000173 ms
Total Distance 29: 0 0 0 0 2 0 2 2 0 2 0 0 0 0 0 2 0 2 2 2 0 0 0 2 2 2 0 1 0 0 0 0 0 2 0 2 0 0 0 2
Last Time Cost: 00000000 ms
Total Time Cost: 00000173 ms
Total Distance 28: 0 0 0 0 2 0 2 2 0 2 0 0 0 0 0 2 0 2 2 2 0 0 0 2 2 2 0 0 0 0 0 0 0 2 0 2 0 0 0 2
Last Time Cost: 00000001 ms
Total Time Cost: 00000174 ms
Total Distance 27: 0 0 0 0 2 0 2 2 0 2 0 0 0 0 0 2 0 2 2 2 0 0 0 2 2 2 0 0 0 0 0 0 0 2 0 1 0 0 0 2
Last Time Cost: 00000000 ms
Total Time Cost: 00000174 ms
Total Distance 26: 0 0 0 0 2 0 2 2 0 2 0 0 0 0 0 2 0 2 2 2 0 0 0 2 2 2 0 0 0 0 0 0 0 2 0 0 0 0 0 2
Last Time Cost: 00000001 ms
Total Time Cost: 00000175 ms
Total Distance 25: 0 0 0 0 2 0 2 2 0 2 0 0 0 0 0 2 0 2 2 2 0 0 0 2 2 1 0 0 0 0 0 0 0 2 0 0 0 0 0 2
Last Time Cost: 00000000 ms
Total Time Cost: 00000175 ms
Total Distance 24: 0 0 0 0 2 0 2 2 0 2 0 0 0 0 0 2 0 2 2 2 0 0 0 2 2 0 0 0 0 0 0 0 0 2 0 0 0 0 0 2
Last Time Cost: 00000001 ms
Total Time Cost: 00000176 ms
Total Distance 23: 0 0 0 0 2 0 2 2 0 2 0 0 0 0 0 1 0 2 2 2 0 0 0 2 2 0 0 0 0 0 0 0 0 2 0 0 0 0 0 2
Last Time Cost: 00000000 ms
Total Time Cost: 00000176 ms
Total Distance 22: 0 0 0 0 2 0 2 2 0 2 0 0 0 0 0 0 0 2 2 2 0 0 0 2 2 0 0 0 0 0 0 0 0 2 0 0 0 0 0 2
Last Time Cost: 00000001 ms
Total Time Cost: 00000177 ms
Total Distance 21: 0 0 0 0 2 0 2 2 0 2 0 0 0 0 0 0 0 2 2 1 0 0 0 2 2 0 0 0 0 0 0 0 0 2 0 0 0 0 0 2
Last Time Cost: 00000000 ms
Total Time Cost: 00000177 ms
Total Distance 20: 0 0 0 0 2 0 2 2 0 2 0 0 0 0 0 0 0 2 2 0 0 0 0 2 2 0 0 0 0 0 0 0 0 2 0 0 0 0 0 2
Last Time Cost: 00000001 ms
Total Time Cost: 00000178 ms
Total Distance 19: 0 0 0 0 2 0 2 2 0 1 0 0 0 0 0 0 0 2 2 0 0 0 0 2 2 0 0 0 0 0 0 0 0 2 0 0 0 0 0 2
Last Time Cost: 00000000 ms
Total Time Cost: 00000178 ms
Total Distance 18: 0 0 0 0 2 0 2 2 0 0 0 0 0 0 0 0 0 2 2 0 0 0 0 2 2 0 0 0 0 0 0 0 0 2 0 0 0 0 0 2
Last Time Cost: 00000001 ms
Total Time Cost: 00000179 ms
Total Distance 17: 0 0 0 0 2 0 2 2 0 0 0 0 0 0 0 0 0 2 1 0 0 0 0 2 2 0 0 0 0 0 0 0 0 2 0 0 0 0 0 2
Last Time Cost: 00000000 ms
Total Time Cost: 00000179 ms
Total Distance 16: 0 0 0 0 2 0 2 2 0 0 0 0 0 0 0 0 0 2 0 0 0 0 0 2 2 0 0 0 0 0 0 0 0 2 0 0 0 0 0 2
Last Time Cost: 00000003 ms
Total Time Cost: 00000182 ms
Total Distance 15: 0 0 0 0 2 0 2 2 0 0 0 0 0 0 0 0 0 2 0 0 0 0 0 2 2 0 0 0 0 0 0 0 0 1 0 0 0 0 0 2
Last Time Cost: 00000000 ms
Total Time Cost: 00000182 ms
Total Distance 14: 0 0 0 0 2 0 2 2 0 0 0 0 0 0 0 0 0 2 0 0 0 0 0 2 2 0 0 0 0 0 0 0 0 0 0 0 0 0 0 2
Last Time Cost: 00000002 ms
Total Time Cost: 00000184 ms
Total Distance 13: 0 0 0 0 1 0 2 2 0 0 0 0 0 0 0 0 0 2 0 0 0 0 0 2 2 0 0 0 0 0 0 0 0 0 0 0 0 0 0 2
Last Time Cost: 00000001 ms
Total Time Cost: 00000185 ms
Total Distance 12: 0 0 0 0 0 0 2 2 0 0 0 0 0 0 0 0 0 2 0 0 0 0 0 2 2 0 0 0 0 0 0 0 0 0 0 0 0 0 0 2
Last Time Cost: 00000001 ms
Total Time Cost: 00000186 ms
Total Distance 11: 0 0 0 0 0 0 1 2 0 0 0 0 0 0 0 0 0 2 0 0 0 0 0 2 2 0 0 0 0 0 0 0 0 0 0 0 0 0 0 2
Last Time Cost: 00000000 ms
Total Time Cost: 00000186 ms
Total Distance 10: 0 0 0 0 0 0 0 2 0 0 0 0 0 0 0 0 0 2 0 0 0 0 0 2 2 0 0 0 0 0 0 0 0 0 0 0 0 0 0 2
Last Time Cost: 00000002 ms
Total Time Cost: 00000188 ms
Total Distance 9: 0 0 0 0 0 0 0 2 0 0 0 0 0 0 0 0 0 2 0 0 0 0 0 1 2 0 0 0 0 0 0 0 0 0 0 0 0 0 0 2
Last Time Cost: 00000000 ms
Total Time Cost: 00000188 ms
Total Distance 8: 0 0 0 0 0 0 0 2 0 0 0 0 0 0 0 0 0 2 0 0 0 0 0 0 2 0 0 0 0 0 0 0 0 0 0 0 0 0 0 2
Last Time Cost: 00000001 ms
Total Time Cost: 00000189 ms
Total Distance 7: 0 0 0 0 0 0 0 2 0 0 0 0 0 0 0 0 0 2 0 0 0 0 0 0 2 0 0 0 0 0 0 0 0 0 0 0 0 0 0 1
Last Time Cost: 00000001 ms
Total Time Cost: 00000190 ms
Total Distance 6: 0 0 0 0 0 0 0 2 0 0 0 0 0 0 0 0 0 2 0 0 0 0 0 0 2 0 0 0 0 0 0 0 0 0 0 0 0 0 0 0
Last Time Cost: 00000001 ms
Total Time Cost: 00000191 ms
Total Distance 5: 0 0 0 0 0 0 0 2 0 0 0 0 0 0 0 0 0 1 0 0 0 0 0 0 2 0 0 0 0 0 0 0 0 0 0 0 0 0 0 0
Last Time Cost: 00000000 ms
Total Time Cost: 00000191 ms
Total Distance 4: 0 0 0 0 0 0 0 2 0 0 0 0 0 0 0 0 0 0 0 0 0 0 0 0 2 0 0 0 0 0 0 0 0 0 0 0 0 0 0 0
Last Time Cost: 00000001 ms
Total Time Cost: 00000192 ms
Total Distance 3: 0 0 0 0 0 0 0 2 0 0 0 0 0 0 0 0 0 0 0 0 0 0 0 0 1 0 0 0 0 0 0 0 0 0 0 0 0 0 0 0
Last Time Cost: 00000000 ms
Total Time Cost: 00000192 ms
Total Distance 2: 0 0 0 0 0 0 0 2 0 0 0 0 0 0 0 0 0 0 0 0 0 0 0 0 0 0 0 0 0 0 0 0 0 0 0 0 0 0 0 0
Last Time Cost: 00000001 ms
Total Time Cost: 00000193 ms
Total Distance 1: 0 0 0 0 0 0 0 1 0 0 0 0 0 0 0 0 0 0 0 0 0 0 0 0 0 0 0 0 0 0 0 0 0 0 0 0 0 0 0 0
Last Time Cost: 00000000 ms
Total Time Cost: 00000193 ms
Total Distance 0: 0 0 0 0 0 0 0 0 0 0 0 0 0 0 0 0 0 0 0 0 0 0 0 0 0 0 0 0 0 0 0 0 0 0 0 0 0 0 0 0
