Last Time Cost: 00000000 ms
Total Time Cost: 00000000 ms
Total Distance 198: 10 10 10 10 10 8 8 8 8 8 9 9 9 9 9 9 9 9 9 9 9 9
Last Time Cost: 00000011 ms
Total Time Cost: 00000011 ms
Total Distance 190: 10 10 10 10 9 7 7 7 7 8 9 9 9 8 8 9 9 8 9 9 9 9
Last Time Cost: 00000005 ms
Total Time Cost: 00000016 ms
Total Distance 183: 10 9 10 9 9 7 7 6 7 7 9 8 8 8 8 9 9 7 9 9 9 9
Last Time Cost: 00000001 ms
Total Time Cost: 00000017 ms
Total Distance 176: 9 9 9 9 9 7 7 5 7 7 9 8 8 7 8 9 9 6 9 8 8 9
Last Time Cost: 00000001 ms
Total Time Cost: 00000018 ms
Total Distance 171: 9 9 9 9 9 7 7 4 7 7 9 8 8 6 8 9 9 5 9 7 7 9
Last Time Cost: 00000001 ms
Total Time Cost: 00000019 ms
Total Distance 166: 9 9 9 9 9 6 6 3 6 7 9 8 8 6 7 9 9 5 9 7 7 9
Last Time Cost: 00000001 ms
Total Time Cost: 00000020 ms
Total Distance 162: 9 9 9 9 9 5 6 2 6 7 9 8 8 6 6 9 9 5 9 7 7 8
Last Time Cost: 00000001 ms
Total Time Cost: 00000021 ms
Total Distance 160: 9 9 9 9 9 5 6 1 6 7 9 8 8 6 6 9 9 4 9 7 7 8
Last Time Cost: 00000000 ms
Total Time Cost: 00000021 ms
Total Distance 159: 9 9 9 9 9 5 6 0 6 7 9 8 8 6 6 9 9 4 9 7 7 8
Last Time Cost: 00000001 ms
Total Time Cost: 00000022 ms
Total Distance 153: 9 8 8 9 9 4 5 0 6 7 9 8 8 6 6 9 8 3 9 7 7 8
Last Time Cost: 00000001 ms
Total Time Cost: 00000023 ms
Total Distance 149: 9 7 7 9 9 4 4 0 6 7 9 8 8 6 6 9 8 2 9 7 7 8
Last Time Cost: 00000001 ms
Total Time Cost: 00000024 ms
Total Distance 147: 9 6 7 9 9 4 4 0 6 7 9 8 8 6 6 9 8 1 9 7 7 8
Last Time Cost: 00000000 ms
Total Time Cost: 00000024 ms
Total Distance 146: 9 6 7 9 9 4 4 0 6 7 9 8 8 6 6 9 8 0 9 7 7 8
Last Time Cost: 00000003 ms
Total Time Cost: 00000027 ms
Total Distance 139: 8 6 6 8 9 4 3 0 5 7 8 8 8 6 6 8 8 0 9 7 7 8
Last Time Cost: 00000001 ms
Total Time Cost: 00000028 ms
Total Distance 135: 7 6 5 8 9 4 2 0 5 7 7 8 8 6 6 8 8 0 9 7 7 8
Last Time Cost: 00000001 ms
Total Time Cost: 00000029 ms
Total Distance 132: 7 6 4 8 8 4 1 0 5 7 7 8 8 6 6 8 8 0 9 7 7 8
Last Time Cost: 00000000 ms
Total Time Cost: 00000029 ms
Total Distance 131: 7 6 4 8 8 4 0 0 5 7 7 8 8 6 6 8 8 0 9 7 7 8
Last Time Cost: 00000003 ms
Total Time Cost: 00000032 ms
Total Distance 125: 7 6 4 8 7 3 0 0 5 7 7 8 7 6 6 8 7 0 9 6 6 8
Last Time Cost: 00000001 ms
Total Time Cost: 00000033 ms
Total Distance 123: 7 6 4 8 7 2 0 0 5 7 7 8 7 6 6 8 7 0 9 6 5 8
Last Time Cost: 00000001 ms
Total Time Cost: 00000034 ms
Total Distance 121: 6 6 4 8 7 1 0 0 5 7 7 8 7 6 6 8 7 0 9 6 5 8
Last Time Cost: 00000001 ms
Total Time Cost: 00000035 ms
Total Distance 120: 6 6 4 8 7 0 0 0 5 7 7 8 7 6 6 8 7 0 9 6 5 8
Last Time Cost: 00000002 ms
Total Time Cost: 00000037 ms
Total Distance 118: 6 5 3 8 7 0 0 0 5 7 7 8 7 6 6 8 7 0 9 6 5 8
Last Time Cost: 00000002 ms
Total Time Cost: 00000039 ms
Total Distance 115: 6 5 2 7 7 0 0 0 5 7 7 8 6 6 6 8 7 0 9 6 5 8
Last Time Cost: 00000001 ms
Total Time Cost: 00000040 ms
Total Distance 113: 6 5 1 7 7 0 0 0 5 7 7 8 6 6 5 8 7 0 9 6 5 8
Last Time Cost: 00000001 ms
Total Time Cost: 00000041 ms
Total Distance 112: 6 5 0 7 7 0 0 0 5 7 7 8 6 6 5 8 7 0 9 6 5 8
Last Time Cost: 00000011 ms
Total Time Cost: 00000052 ms
Total Distance 105: 6 4 0 7 7 0 0 0 5 7 6 7 6 6 5 8 6 0 8 5 5 7
Last Time Cost: 00000001 ms
Total Time Cost: 00000053 ms
Total Distance 100: 6 3 0 7 7 0 0 0 5 7 6 6 6 6 5 8 5 0 7 4 5 7
Last Time Cost: 00000001 ms
Total Time Cost: 00000054 ms
Total Distance 97: 5 2 0 7 7 0 0 0 5 6 6 6 6 6 5 8 5 0 7 4 5 7
Last Time Cost: 00000001 ms
Total Time Cost: 00000055 ms
Total Distance 94: 5 1 0 7 6 0 0 0 5 6 6 6 6 6 5 8 5 0 6 4 5 7
Last Time Cost: 00000001 ms
Total Time Cost: 00000056 ms
Total Distance 93: 5 0 0 7 6 0 0 0 5 6 6 6 6 6 5 8 5 0 6 4 5 7
Last Time Cost: 00000002 ms
Total Time Cost: 00000058 ms
Total Distance 89: 5 0 0 7 6 0 0 0 5 6 6 6 6 6 4 7 5 0 5 3 5 7
Last Time Cost: 00000000 ms
Total Time Cost: 00000058 ms
Total Distance 86: 5 0 0 7 5 0 0 0 5 6 6 6 6 6 4 7 4 0 5 2 5 7
Last Time Cost: 00000000 ms
Total Time Cost: 00000058 ms
Total Distance 84: 5 0 0 7 5 0 0 0 5 6 6 6 6 6 4 7 4 0 5 1 4 7
Last Time Cost: 00000000 ms
Total Time Cost: 00000058 ms
Total Distance 83: 5 0 0 7 5 0 0 0 5 6 6 6 6 6 4 7 4 0 5 0 4 7
Last Time Cost: 00000001 ms
Total Time Cost: 00000059 ms
Total Distance 80: 5 0 0 7 5 0 0 0 5 6 6 6 6 6 4 7 3 0 4 0 4 6
Last Time Cost: 00000000 ms
Total Time Cost: 00000059 ms
Total Distance 77: 5 0 0 7 5 0 0 0 5 6 6 6 6 6 3 6 2 0 4 0 4 6
Last Time Cost: 00000000 ms
Total Time Cost: 00000059 ms
Total Distance 75: 5 0 0 7 5 0 0 0 5 6 6 6 6 6 3 6 1 0 3 0 4 6
Last Time Cost: 00000000 ms
Total Time Cost: 00000059 ms
Total Distance 74: 5 0 0 7 5 0 0 0 5 6 6 6 6 6 3 6 0 0 3 0 4 6
Last Time Cost: 00000001 ms
Total Time Cost: 00000060 ms
Total Distance 72: 5 0 0 7 5 0 0 0 5 6 6 6 6 6 3 5 0 0 2 0 4 6
Last Time Cost: 00000000 ms
Total Time Cost: 00000060 ms
Total Distance 71: 5 0 0 7 5 0 0 0 5 6 6 6 6 6 3 5 0 0 1 0 4 6
Last Time Cost: 00000000 ms
Total Time Cost: 00000060 ms
Total Distance 69: 5 0 0 7 5 0 0 0 4 6 6 6 6 6 3 5 0 0 0 0 4 6
Last Time Cost: 00000000 ms
Total Time Cost: 00000060 ms
Total Distance 67: 5 0 0 7 5 0 0 0 4 6 6 6 5 6 2 5 0 0 0 0 4 6
Last Time Cost: 00000000 ms
Total Time Cost: 00000060 ms
Total Distance 66: 5 0 0 7 5 0 0 0 4 6 6 6 5 6 1 5 0 0 0 0 4 6
Last Time Cost: 00000000 ms
Total Time Cost: 00000060 ms
Total Distance 65: 5 0 0 7 5 0 0 0 4 6 6 6 5 6 0 5 0 0 0 0 4 6
Last Time Cost: 00000001 ms
Total Time Cost: 00000061 ms
Total Distance 62: 5 0 0 6 5 0 0 0 3 6 6 6 5 6 0 4 0 0 0 0 4 6
Last Time Cost: 00000000 ms
Total Time Cost: 00000061 ms
Total Distance 60: 5 0 0 6 5 0 0 0 2 6 6 6 5 6 0 4 0 0 0 0 4 5
Last Time Cost: 00000000 ms
Total Time Cost: 00000061 ms
Total Distance 57: 5 0 0 5 5 0 0 0 1 5 6 6 5 6 0 4 0 0 0 0 4 5
Last Time Cost: 00000000 ms
Total Time Cost: 00000061 ms
Total Distance 56: 5 0 0 5 5 0 0 0 0 5 6 6 5 6 0 4 0 0 0 0 4 5
Last Time Cost: 00000001 ms
Total Time Cost: 00000062 ms
Total Distance 53: 5 0 0 4 5 0 0 0 0 5 6 6 5 6 0 4 0 0 0 0 3 4
Last Time Cost: 00000000 ms
Total Time Cost: 00000062 ms
Total Distance 52: 5 0 0 4 5 0 0 0 0 5 6 6 5 6 0 4 0 0 0 0 2 4
Last Time Cost: 00000000 ms
Total Time Cost: 00000062 ms
Total Distance 50: 5 0 0 4 5 0 0 0 0 5 5 6 5 6 0 4 0 0 0 0 1 4
Last Time Cost: 00000000 ms
Total Time Cost: 00000062 ms
Total Distance 49: 5 0 0 4 5 0 0 0 0 5 5 6 5 6 0 4 0 0 0 0 0 4
Last Time Cost: 00000001 ms
Total Time Cost: 00000063 ms
Total Distance 46: 4 0 0 3 5 0 0 0 0 5 5 6 5 5 0 4 0 0 0 0 0 4
Last Time Cost: 00000000 ms
Total Time Cost: 00000063 ms
Total Distance 44: 4 0 0 2 5 0 0 0 0 5 5 6 5 5 0 4 0 0 0 0 0 3
Last Time Cost: 00000000 ms
Total Time Cost: 00000063 ms
Total Distance 43: 4 0 0 1 5 0 0 0 0 5 5 6 5 5 0 4 0 0 0 0 0 3
Last Time Cost: 00000000 ms
Total Time Cost: 00000063 ms
Total Distance 42: 4 0 0 0 5 0 0 0 0 5 5 6 5 5 0 4 0 0 0 0 0 3
Last Time Cost: 00000001 ms
Total Time Cost: 00000064 ms
Total Distance 40: 4 0 0 0 5 0 0 0 0 5 5 5 5 5 0 4 0 0 0 0 0 2
Last Time Cost: 00000000 ms
Total Time Cost: 00000064 ms
Total Distance 39: 4 0 0 0 5 0 0 0 0 5 5 5 5 5 0 4 0 0 0 0 0 1
Last Time Cost: 00000000 ms
Total Time Cost: 00000064 ms
Total Distance 38: 4 0 0 0 5 0 0 0 0 5 5 5 5 5 0 4 0 0 0 0 0 0
Last Time Cost: 00000000 ms
Total Time Cost: 00000064 ms
Total Distance 36: 3 0 0 0 5 0 0 0 0 4 5 5 5 5 0 4 0 0 0 0 0 0
Last Time Cost: 00000000 ms
Total Time Cost: 00000064 ms
Total Distance 35: 2 0 0 0 5 0 0 0 0 4 5 5 5 5 0 4 0 0 0 0 0 0
Last Time Cost: 00000000 ms
Total Time Cost: 00000064 ms
Total Distance 34: 1 0 0 0 5 0 0 0 0 4 5 5 5 5 0 4 0 0 0 0 0 0
Last Time Cost: 00000000 ms
Total Time Cost: 00000064 ms
Total Distance 32: 0 0 0 0 5 0 0 0 0 4 5 5 4 5 0 4 0 0 0 0 0 0
Last Time Cost: 00000000 ms
Total Time Cost: 00000064 ms
Total Distance 30: 0 0 0 0 5 0 0 0 0 3 5 5 3 5 0 4 0 0 0 0 0 0
Last Time Cost: 00000000 ms
Total Time Cost: 00000064 ms
Total Distance 28: 0 0 0 0 4 0 0 0 0 3 5 5 2 5 0 4 0 0 0 0 0 0
Last Time Cost: 00000000 ms
Total Time Cost: 00000064 ms
Total Distance 26: 0 0 0 0 4 0 0 0 0 3 5 4 1 5 0 4 0 0 0 0 0 0
Last Time Cost: 00000000 ms
Total Time Cost: 00000064 ms
Total Distance 24: 0 0 0 0 4 0 0 0 0 3 5 4 0 4 0 4 0 0 0 0 0 0
Last Time Cost: 00000000 ms
Total Time Cost: 00000064 ms
Total Distance 23: 0 0 0 0 4 0 0 0 0 2 5 4 0 4 0 4 0 0 0 0 0 0
Last Time Cost: 00000000 ms
Total Time Cost: 00000064 ms
Total Distance 22: 0 0 0 0 4 0 0 0 0 1 5 4 0 4 0 4 0 0 0 0 0 0
Last Time Cost: 00000000 ms
Total Time Cost: 00000064 ms
Total Distance 21: 0 0 0 0 4 0 0 0 0 0 5 4 0 4 0 4 0 0 0 0 0 0
Last Time Cost: 00000001 ms
Total Time Cost: 00000065 ms
Total Distance 19: 0 0 0 0 3 0 0 0 0 0 5 4 0 3 0 4 0 0 0 0 0 0
Last Time Cost: 00000000 ms
Total Time Cost: 00000065 ms
Total Distance 17: 0 0 0 0 3 0 0 0 0 0 5 3 0 2 0 4 0 0 0 0 0 0
Last Time Cost: 00000000 ms
Total Time Cost: 00000065 ms
Total Distance 16: 0 0 0 0 3 0 0 0 0 0 5 3 0 1 0 4 0 0 0 0 0 0
Last Time Cost: 00000000 ms
Total Time Cost: 00000065 ms
Total Distance 15: 0 0 0 0 3 0 0 0 0 0 5 3 0 0 0 4 0 0 0 0 0 0
Last Time Cost: 00000000 ms
Total Time Cost: 00000065 ms
Total Distance 13: 0 0 0 0 2 0 0 0 0 0 4 3 0 0 0 4 0 0 0 0 0 0
Last Time Cost: 00000000 ms
Total Time Cost: 00000065 ms
Total Distance 12: 0 0 0 0 1 0 0 0 0 0 4 3 0 0 0 4 0 0 0 0 0 0
Last Time Cost: 00000000 ms
Total Time Cost: 00000065 ms
Total Distance 11: 0 0 0 0 0 0 0 0 0 0 4 3 0 0 0 4 0 0 0 0 0 0
Last Time Cost: 00000000 ms
Total Time Cost: 00000065 ms
Total Distance 10: 0 0 0 0 0 0 0 0 0 0 4 2 0 0 0 4 0 0 0 0 0 0
Last Time Cost: 00000000 ms
Total Time Cost: 00000065 ms
Total Distance 9: 0 0 0 0 0 0 0 0 0 0 4 1 0 0 0 4 0 0 0 0 0 0
Last Time Cost: 00000000 ms
Total Time Cost: 00000065 ms
Total Distance 8: 0 0 0 0 0 0 0 0 0 0 4 0 0 0 0 4 0 0 0 0 0 0
Last Time Cost: 00000000 ms
Total Time Cost: 00000065 ms
Total Distance 7: 0 0 0 0 0 0 0 0 0 0 3 0 0 0 0 4 0 0 0 0 0 0
Last Time Cost: 00000000 ms
Total Time Cost: 00000065 ms
Total Distance 6: 0 0 0 0 0 0 0 0 0 0 2 0 0 0 0 4 0 0 0 0 0 0
Last Time Cost: 00000000 ms
Total Time Cost: 00000065 ms
Total Distance 5: 0 0 0 0 0 0 0 0 0 0 1 0 0 0 0 4 0 0 0 0 0 0
Last Time Cost: 00000000 ms
Total Time Cost: 00000065 ms
Total Distance 4: 0 0 0 0 0 0 0 0 0 0 0 0 0 0 0 4 0 0 0 0 0 0
Last Time Cost: 00000000 ms
Total Time Cost: 00000065 ms
Total Distance 3: 0 0 0 0 0 0 0 0 0 0 0 0 0 0 0 3 0 0 0 0 0 0
Last Time Cost: 00000000 ms
Total Time Cost: 00000065 ms
Total Distance 2: 0 0 0 0 0 0 0 0 0 0 0 0 0 0 0 2 0 0 0 0 0 0
Last Time Cost: 00000000 ms
Total Time Cost: 00000065 ms
Total Distance 1: 0 0 0 0 0 0 0 0 0 0 0 0 0 0 0 1 0 0 0 0 0 0
Last Time Cost: 00000000 ms
Total Time Cost: 00000065 ms
Total Distance 0: 0 0 0 0 0 0 0 0 0 0 0 0 0 0 0 0 0 0 0 0 0 0
