30125117 0
30125117 1888
30125118 1888
30125118 1888
30125118 1888
30125119 1888
30125119 1888
30125119 1888
30125119 1888
30125120 1888
30125120 1888
30125120 1888
30125121 1888
30125121 1888
30125121 1888
30125122 1888
30125122 1888
30125122 1888
30125123 1888
30125123 1888
30125123 1888
30125124 1888
30125124 1888
30125124 1888
30125125 1888
30125125 1888
30125125 1888
30125126 1888
30125126 1888
30125126 1888
30125127 1888
30125127 1888
30125127 1888
30125128 1888
30125128 1888
30125128 1888
30125129 1888
30125129 1888
30125129 1888
30125130 1888
30125130 1888
30125130 1888
30125131 1888
30125131 1888
30125131 1888
30125132 1888
30125132 1888
30125132 1888
30125133 2064
30125133 2064
30125133 2064
30125134 2064
30125134 2064
30125134 2064
30125135 2064
30125135 2064
30125135 2064
30125136 2064
30125136 2064
30125136 2064
30125137 2064
30125137 2064
30125137 2064
30125138 2064
30125138 2064
30125138 2064
30125139 2064
30125139 2064
30125139 2064
30125140 2064
30125140 2064
30125140 2064
30125141 2064
30125141 2064
30125141 2064
30125142 2064
30125142 2064
30125142 2064
30125143 2064
30125143 2064
30125143 2064
30125144 2064
30125144 2064
30125144 2064
30125145 2064
30125145 2064
30125145 2064
30125146 2064
30125146 2064
30125146 2064
30125147 2064
30125147 2064
30125147 2064
30125148 2064
30125148 2064
30125148 2064
30125149 2278
30125149 2278
30125149 2278
30125150 2278
30125150 2278
30125150 2278
30125151 2278
30125151 2278
30125151 2278
30125152 2278
30125152 2278
30125152 2278
30125153 2278
30125153 2278
30125153 2278
30125154 2278
30125154 2278
30125154 2278
30125155 2278
30125155 2278
30125155 2278
30125156 2278
30125156 2278
30125156 2278
30125157 2278
30125157 2278
30125157 2278
30125158 2278
30125158 2278
30125158 2278
30125159 2278
30125159 2278
30125159 2278
30125200 2278
30125200 2278
30125200 2278
30125201 2278
30125201 2278
30125201 2278
30125202 2278
30125202 2278
30125202 2278
30125202 2278
30125203 2278
30125203 2278
30125203 2278
30125204 2278
30125204 2278
30125204 2278
30125205 2530
30125205 2530
30125205 2530
30125206 2530
30125206 2530
30125206 2530
30125207 2530
30125207 2530
30125207 2530
30125208 2530
30125208 2530
30125208 2530
30125209 2530
30125209 2530
30125209 2530
30125210 2530
30125210 2530
30125210 2530
30125211 2530
30125211 2530
30125211 2530
30125212 2530
30125212 2530
30125212 2530
30125213 2530
30125213 2530
30125213 2530
30125214 2530
30125214 2530
30125214 2530
30125215 2530
30125215 2530
30125215 2530
30125216 2530
30125216 2530
30125216 2530
30125217 2530
30125217 2530
30125217 2530
30125218 2530
30125218 2530
30125218 2530
30125219 2530
30125219 2530
30125219 2530
30125220 2530
30125220 2530
30125220 2530
30125221 2832
30125221 2832
30125221 2832
30125222 2832
30125222 2832
30125222 2832
30125223 2832
30125223 2832
30125223 2832
30125224 2832
30125224 2832
30125224 2832
30125225 2832
30125225 2832
30125225 2832
30125226 2832
30125226 2832
30125226 2832
30125227 2832
30125227 2832
30125227 2832
30125228 2832
30125228 2832
30125228 2832
30125229 2832
30125229 2832
30125229 2832
30125230 2832
30125230 2832
30125230 2832
30125231 2832
30125231 2832
30125231 2832
30125232 2832
30125232 2832
30125232 2832
30125233 2832
30125233 2832
30125233 2832
30125234 2832
30125234 2832
30125234 2832
30125235 2832
30125235 2832
30125235 2832
30125236 2832
30125236 2832
30125236 2832
30125237 2832
30125237 2832
30125237 2832
30125238 2832
30125238 2832
30125238 2832
30125239 2832
30125239 3188
30125239 3188
30125240 3188
30125240 3188
30125240 3188
30125241 3188
30125241 3188
30125241 3188
30125242 3188
30125242 3188
30125242 3188
30125243 3188
30125243 3188
30125243 3188
30125244 3188
30125244 3188
30125244 3188
30125244 3188
30125245 3188
30125245 3188
30125245 3188
30125246 3188
30125246 3188
30125246 3188
30125247 3188
30125247 3188
30125247 3188
30125248 3188
30125248 3188
30125248 3188
30125249 3188
30125249 3188
30125249 3188
30125250 3188
30125250 3188
30125250 3188
30125251 3188
30125251 3188
30125251 3188
30125252 3188
30125252 3188
30125252 3188
30125253 3188
30125253 3188
30125253 3188
30125254 3188
30125254 3188
30125254 3188
30125255 3188
30125255 3188
30125255 3188
30125256 3188
30125256 3188
30125256 3188
30125257 3188
30125257 3188
30125257 3188
30125258 3188
30125258 3188
30125258 3188
30125259 3188
30125259 2024
30125259 1614
30125300 1614
30125300 1614
30125300 1614
30125301 1614
30125301 1614
30125301 1614
30125302 1614
30125302 1614
30125302 1614
30125303 1614
30125303 1614
30125303 1614
30125304 1614
30125304 1614
30125304 1614
30125305 1614
30125305 1614
30125305 1614
30125306 1614
30125306 1614
30125306 1614
30125307 1614
30125307 1614
30125307 1614
30125308 1614
30125308 1614
30125308 1614
30125309 1614
30125309 1614
30125309 1614
30125310 1614
30125310 1614
30125310 1614
30125311 1614
30125311 1614
30125311 1614
30125312 1614
30125312 1614
30125312 1614
30125313 1614
30125313 1614
30125313 1614
30125314 1614
30125314 1614
30125314 1614
30125315 1614
30125315 1614
30125315 1614
30125316 1614
30125316 1614
30125316 1614
30125317 1614
30125317 1614
30125317 1614
30125318 1614
30125318 1614
30125318 1614
30125319 1614
30125319 1614
30125319 2176
30125320 1694
30125320 1694
30125320 1694
30125321 1694
30125321 1694
30125321 1694
30125322 1694
30125322 1694
30125322 1694
30125323 1694
30125323 1694
30125323 1694
30125324 1694
30125324 1694
30125324 1694
30125325 1694
30125325 1694
30125325 1694
30125326 1694
30125326 1694
30125326 1694
30125326 1694
30125327 1694
30125327 1694
30125327 1694
30125328 1694
30125328 1694
30125328 1694
30125329 1694
30125329 1694
30125329 1694
30125330 1694
30125330 1694
30125330 1694
30125331 1694
30125331 1694
30125331 1694
30125332 1694
30125332 1694
30125332 1694
30125333 1694
30125333 1694
30125333 1694
30125334 1694
30125334 1694
30125334 1694
30125335 1694
30125335 1694
30125335 1694
30125336 1694
30125336 1694
30125336 1694
30125337 1694
30125337 1694
30125337 1694
30125338 1694
30125338 1694
30125338 1694
30125339 1694
30125339 1694
30125339 1694
30125340 1694
30125340 1694
30125340 1694
30125341 1694
30125341 1694
30125341 1694
30125342 1694
30125342 1790
30125342 1790
30125343 1790
30125343 1790
30125343 1790
30125344 1790
30125344 1790
30125344 1790
30125345 1790
30125345 1790
30125345 1790
30125346 1790
30125346 1790
30125346 1790
30125347 1790
30125347 1790
30125347 1790
30125348 1790
30125348 1790
30125348 1790
30125349 1790
30125349 1790
30125349 1790
30125350 1790
30125350 1790
30125350 1790
30125351 1790
30125351 1790
30125351 1790
30125352 1790
30125352 1790
30125352 1790
30125353 1790
30125353 1790
30125353 1790
30125354 1790
30125354 1790
30125354 1790
30125355 1790
30125355 1790
30125355 1790
30125356 1790
30125356 1790
30125356 1790
30125357 1790
30125357 1790
30125357 1790
30125358 1790
30125358 1790
30125358 1790
30125359 1790
30125359 1790
30125359 1790
30125400 1790
30125400 1790
30125400 1790
30125401 1790
30125401 1790
30125401 1790
30125402 1790
30125402 1790
30125402 1790
30125403 1790
30125403 1790
30125403 1790
30125404 1790
30125404 1790
30125404 1790
30125405 1790
30125405 1790
30125405 1790
30125406 1790
30125406 1790
30125406 1790
30125407 1790
30125407 1790
30125407 1790
30125408 1790
30125408 1900
30125408 1900
30125408 1900
30125409 1900
30125409 1900
30125409 1900
30125410 1900
30125410 1900
30125410 1900
30125411 1900
30125411 1900
30125411 1900
30125412 1900
30125412 1900
30125412 1900
30125413 1900
30125413 1900
30125413 1900
30125414 1900
30125414 1900
30125414 1900
30125415 1900
30125415 1900
30125415 1900
30125416 1900
30125416 1900
30125416 1900
30125417 1900
30125417 1900
30125417 1900
30125418 1900
30125418 1900
30125418 1900
30125419 1900
30125419 1900
30125419 1900
30125420 1900
30125420 1900
30125420 1900
30125421 1900
30125421 1900
30125421 1900
30125422 1900
30125422 1900
30125422 1900
30125423 1900
30125423 1900
30125423 1900
30125424 1900
30125424 1900
30125424 1900
30125425 1900
30125425 1900
30125425 1900
30125426 1900
30125426 1900
30125426 1900
30125427 1900
30125427 1900
30125427 1900
30125428 1900
30125428 1900
30125428 1900
30125429 1900
30125429 1900
30125429 1900
30125430 1900
30125430 1900
30125430 1900
30125431 1900
30125431 1900
30125431 1900
30125432 1900
30125432 1900
30125432 1900
30125433 1900
30125433 1900
30125433 1900
30125434 1900
30125434 1124
30125434 2024
30125435 2024
30125435 2024
30125435 2024
30125436 2024
30125436 2024
30125436 2024
30125437 2024
30125437 2024
30125437 2024
30125438 2024
30125438 2024
30125438 2024
30125439 2024
30125439 2024
30125439 2024
30125440 2024
30125440 2024
30125440 2024
30125441 2024
30125441 2024
30125441 2024
30125442 2024
30125442 2024
30125442 2024
30125443 2024
30125443 2024
30125443 2024
30125444 2024
30125444 2024
30125444 2024
30125445 2024
30125445 2024
30125445 2024
30125446 2024
30125446 2024
30125446 2024
30125447 2024
30125447 2024
30125447 2024
30125448 2024
30125448 2024
30125448 2024
30125449 2024
30125449 2024
30125449 2024
30125449 2024
30125450 2024
30125450 2024
30125450 2024
30125451 2024
30125451 2024
30125451 2024
30125452 2024
30125452 2024
30125452 2024
30125453 2024
30125453 2024
30125453 2024
30125454 2024
30125454 2024
30125454 2024
30125455 2024
30125455 2024
30125455 2024
30125456 2024
30125456 2024
30125456 2024
30125457 2024
30125457 2024
30125457 2024
30125458 2024
30125458 2024
30125458 2024
30125459 2024
30125459 2024
30125459 2024
30125500 2024
30125500 2024
30125500 2024
30125501 2024
30125501 2024
30125501 2024
30125502 2024
30125502 2024
30125502 2024
30125503 2162
30125503 2162
30125503 2162
30125504 2162
30125504 2162
30125504 2162
30125505 2162
30125505 2162
30125505 2162
30125506 2162
30125506 2162
30125506 2162
30125507 2162
30125507 2162
30125507 2162
30125508 2162
30125508 2162
30125508 2162
30125509 2162
30125509 2162
30125509 2162
30125510 2162
30125510 2162
30125510 2162
30125511 2162
30125511 2162
30125511 2162
30125512 2162
30125512 2162
30125512 2162
30125513 2162
30125513 2162
30125513 2162
30125514 2162
30125514 2162
30125514 2162
30125515 2162
30125515 2162
30125515 2162
30125516 2162
30125516 2162
30125516 2162
30125517 2162
30125517 2162
30125517 2162
30125518 2162
30125518 2162
30125518 2162
30125519 2162
30125519 2162
30125519 2162
30125520 2162
30125520 2162
30125520 2162
30125521 2162
30125521 2162
30125521 2162
30125522 2162
30125522 2162
30125522 2162
30125523 2162
30125523 2162
30125523 2162
30125524 2162
30125524 2162
30125524 2162
30125525 2162
30125525 2162
30125525 2162
30125526 2162
30125526 2162
30125526 2162
30125527 2162
30125527 2162
30125527 2162
30125528 2162
30125528 2162
30125528 2162
30125529 2162
30125529 2162
30125529 2322
30125530 2322
30125530 2322
30125530 2322
30125530 2322
30125531 2322
30125531 2322
30125531 2322
30125532 2322
30125532 2322
30125532 2322
30125533 2322
30125533 2322
30125533 2322
30125534 2322
30125534 2322
30125534 2322
30125535 2322
30125535 2322
30125535 2322
30125536 2322
30125536 2322
30125536 2322
30125537 2322
30125537 2322
30125537 2322
30125538 2322
30125538 2322
30125538 2322
30125539 2322
30125539 2322
30125539 2322
30125540 2322
30125540 2322
30125540 2322
30125541 2322
30125541 2322
30125541 2322
30125542 2322
30125542 2322
30125542 2322
30125543 2322
30125543 2322
30125543 2322
30125544 2322
30125544 2322
30125544 2500
30125545 2500
30125545 2500
30125545 2500
30125546 2500
30125546 2500
30125546 2500
30125547 2500
30125547 2500
30125547 2500
30125548 2500
30125548 2500
30125548 2500
30125549 2500
30125549 2500
30125549 2500
30125550 2500
30125550 2500
30125550 2500
30125551 2500
30125551 2500
30125551 2500
30125552 2500
30125552 2500
30125552 2500
30125553 2500
30125553 2500
30125553 2500
30125554 2500
30125554 2500
30125554 2500
30125555 2500
30125555 2500
30125555 2500
30125556 2500
30125556 2500
30125556 2500
30125557 2500
30125557 2500
30125557 2500
30125558 2500
30125558 2500
30125558 2500
30125559 2500
30125559 2500
30125559 2500
30125600 2500
30125600 2500
30125600 4052
30125601 2700
30125601 2700
30125601 2700
30125602 2700
30125602 2700
30125602 2700
30125603 2700
30125603 2700
30125603 2700
30125604 2700
30125604 2700
30125604 2700
30125605 2700
30125605 2700
30125605 2700
30125606 2700
30125606 2700
30125606 2700
30125607 2700
30125607 2700
30125607 2700
30125608 2700
30125608 2700
30125608 2700
30125609 2700
30125609 2700
30125609 2700
30125610 2700
30125610 2700
30125610 2700
30125611 2700
30125611 2700
30125611 2700
30125612 2700
30125612 2700
30125612 2700
30125613 2700
30125613 2700
30125613 2700
30125613 2700
30125614 2700
30125614 2924
30125614 2924
30125615 2924
30125615 2924
30125615 2924
30125616 2924
30125616 2924
30125616 2924
30125617 2924
30125617 2924
30125617 2924
30125618 2924
30125618 2924
30125618 2924
30125619 2924
30125619 2924
30125619 2924
30125620 2924
30125620 2924
30125620 2924
30125621 2924
30125621 2924
30125621 2924
30125622 2924
30125622 2924
30125622 2924
30125623 2924
30125623 2924
30125623 2924
30125624 2924
30125624 2924
30125624 2924
30125625 2924
30125625 2924
30125625 2924
30125626 2924
30125626 2924
30125626 2924
30125627 2924
30125627 2924
30125627 2924
30125628 2924
30125628 2924
30125628 2924
30125629 2924
30125629 3172
30125629 3172
30125630 3172
30125630 3172
30125630 3172
30125631 3172
30125631 3172
30125631 3172
30125632 3172
30125632 3172
30125632 3172
30125633 3172
30125633 3172
30125633 3172
30125634 3172
30125634 3172
30125634 3172
30125635 3172
30125635 3172
30125635 3172
30125636 3172
30125636 3172
30125636 3172
30125637 3172
30125637 3172
30125637 3172
30125638 3172
30125638 3172
30125638 3172
30125639 3172
30125639 3172
30125639 3172
30125640 3172
30125640 3172
30125640 3172
30125641 3172
30125641 3172
30125641 3172
30125642 3172
30125642 3172
30125642 3172
30125643 3172
30125643 3172
30125643 3172
30125644 3172
30125644 3172
30125644 3172
30125645 3172
30125645 3172
30125645 5470
30125646 3452
30125646 3452
30125646 3452
30125647 3452
30125647 3452
30125647 3452
30125648 3452
30125648 3452
30125648 3452
30125649 3452
30125649 3452
30125649 3452
30125650 3452
30125650 3452
30125650 3452
30125651 3452
30125651 3452
30125651 3452
30125652 3452
30125652 3452
30125652 3452
30125653 3452
30125653 3452
30125653 3452
30125654 3452
30125654 3452
30125654 3452
30125655 3452
30125655 3452
30125655 3452
30125656 3452
30125656 3452
30125656 3452
30125657 3452
30125657 3452
30125657 3452
30125657 3452
30125658 3452
30125658 3452
30125658 3452
30125659 3452
30125659 3452
30125659 3452
30125700 3452
30125700 3452
30125700 3452
30125701 6060
30125701 3764
30125701 3764
30125702 3764
30125702 3764
30125702 3764
30125703 3764
30125703 3764
30125703 3764
30125704 3764
30125704 3764
30125704 3764
30125705 3764
30125705 3764
30125705 3764
30125706 3764
30125706 3764
30125706 3764
30125707 3764
30125707 3764
30125707 3764
30125708 3764
30125708 3764
30125708 3764
30125709 3764
30125709 3764
30125709 3764
30125710 3764
30125710 3764
30125710 3764
30125711 3764
30125711 3764
30125711 3764
30125712 3764
30125712 3764
30125712 3764
30125713 3764
30125713 3764
30125713 3764
30125714 3764
30125714 3764
30125714 3764
30125715 3764
30125715 3764
30125715 3764
30125716 3764
30125716 3764
30125716 3764
30125717 3764
30125717 3764
30125717 3764
30125718 3764
30125718 3764
30125718 4112
30125719 4112
30125719 4112
30125719 4112
30125720 4112
30125720 4112
30125720 4112
30125721 4112
30125721 4112
30125721 4112
30125722 4112
30125722 4112
30125722 4112
30125723 4112
30125723 4112
30125723 4112
30125724 4112
30125724 4112
30125724 4112
30125725 4112
30125725 4112
30125725 4112
30125726 4112
30125726 4112
30125726 4112
30125727 4112
30125727 4112
30125727 4112
30125728 4112
30125728 4112
30125728 4112
30125729 4112
30125729 4112
30125729 4112
30125730 4112
30125730 4112
30125730 4112
30125731 4112
30125731 4112
30125731 4112
30125732 4112
30125732 4112
30125732 4112
30125733 4112
30125733 4112
30125733 4112
30125734 4112
30125734 4112
30125734 4112
30125735 4112
30125735 4112
30125735 4112
30125736 7444
30125736 4496
30125736 4496
30125737 4496
30125737 4496
30125737 4496
30125738 4496
30125738 4496
30125738 4496
30125739 4496
30125739 4496
30125739 4496
30125740 4496
30125740 4496
30125740 4496
30125741 4496
30125741 4496
30125741 4496
30125742 4496
30125742 4496
30125742 4496
30125743 4496
30125743 4496
30125743 4496
30125743 4496
30125744 4496
30125744 4496
30125744 4496
30125745 4496
30125745 4496
30125745 4496
30125746 4496
30125746 4496
30125746 4496
30125747 4496
30125747 4496
30125747 4496
30125748 4496
30125748 4496
30125748 4496
30125749 4496
30125749 4496
30125749 4496
30125750 4496
30125750 4496
30125750 4496
30125751 4496
30125751 4496
30125751 4496
30125752 4496
30125752 4496
30125752 4496
30125753 4496
30125753 4496
30125753 4496
30125754 4496
30125754 4496
30125754 4496
30125755 4496
30125755 4496
30125755 1594
30125756 1594
30125756 1594
30125756 1594
30125757 1594
30125757 1594
30125757 1594
30125758 1594
30125758 1594
30125758 1594
30125759 1594
30125759 1594
30125759 1594
30125800 1594
30125800 1594
30125800 1594
30125801 1594
30125801 1594
30125801 1594
30125802 1594
30125802 1594
30125802 1594
30125803 1594
30125803 1594
30125803 1594
30125804 1594
30125804 1594
30125804 1594
30125805 1594
30125805 1594
30125805 1594
30125806 1594
30125806 1594
30125806 1594
30125807 1594
30125807 1594
30125807 1594
30125808 1594
30125808 1594
30125808 1594
30125809 1594
30125809 1594
30125809 1594
30125810 1594
30125810 1594
30125810 1594
30125811 1594
30125811 1594
30125811 1594
30125812 1594
30125812 1594
30125812 1594
30125813 1594
30125813 1594
30125813 1594
30125814 1594
30125814 1594
30125814 1594
30125815 1594
30125815 1594
30125815 1594
30125816 1594
30125816 1594
30125816 1594
30125817 1646
30125817 1646
30125817 1646
30125818 1646
30125818 1646
30125818 1646
30125819 1646
30125819 1646
30125819 1646
30125820 1646
30125820 1646
30125820 1646
30125821 1646
30125821 1646
30125821 1646
30125822 1646
30125822 1646
30125822 1646
30125823 1646
30125823 1646
30125823 1646
30125824 1646
30125824 1646
30125824 1646
30125825 1646
30125825 1646
30125825 1646
30125826 1646
30125826 1646
30125826 1646
30125827 1646
30125827 1646
30125827 1646
30125828 1646
30125828 1646
30125828 1646
30125828 1646
30125829 1646
30125829 1646
30125829 1646
30125830 1646
30125830 1646
30125830 1646
30125831 1646
30125831 1646
30125831 1646
30125832 1646
30125832 1646
30125832 1646
30125833 1646
30125833 1646
30125833 1646
30125834 1646
30125834 1646
30125834 1646
30125835 1646
30125835 1646
30125835 1646
30125836 1646
30125836 1646
30125836 1646
30125837 1646
30125837 1646
30125837 1646
30125838 1646
30125838 1646
30125838 1646
30125839 1646
30125839 1646
30125839 1646
30125840 1646
30125840 1700
30125840 1700
30125841 1700
30125841 1700
30125841 1700
30125842 1700
30125842 1700
30125842 1700
30125843 1700
30125843 1700
30125843 1700
30125844 1700
30125844 1700
30125844 1700
30125845 1700
30125845 1700
30125845 1700
30125846 1700
30125846 1700
30125846 1700
30125847 1700
30125847 1700
30125847 1700
30125848 1700
30125848 1700
30125848 1700
30125849 1700
30125849 1700
30125849 1700
30125850 1700
30125850 1700
30125850 1700
30125851 1700
30125851 1700
30125851 1700
30125852 1700
30125852 1700
30125852 1700
30125853 1700
30125853 1700
30125853 1700
30125854 1700
30125854 1700
30125854 1700
30125855 1700
30125855 1700
30125855 1700
30125856 1700
30125856 1700
30125856 1700
30125857 1700
30125857 1700
30125857 1700
30125858 1700
30125858 1700
30125858 1700
30125859 1700
30125859 1700
30125859 1700
30125900 1700
30125900 1700
30125900 1700
30125901 1700
30125901 1700
30125901 1700
30125902 1700
30125902 1700
30125902 1700
30125903 1700
30125903 1700
30125903 1700
30125904 1700
30125904 1700
30125904 1700
30125905 1700
30125905 1700
30125905 1700
30125906 1700
30125906 1700
30125906 1700
30125907 1700
30125907 1760
30125907 1760
30125908 1760
30125908 1760
30125908 1760
30125909 1760
30125909 1760
30125909 1760
30125910 1760
30125910 1760
30125910 1760
30125911 1760
30125911 1760
30125911 1760
30125912 1760
30125912 1760
30125912 1760
30125913 1760
30125913 1760
30125913 1760
30125914 1760
30125914 1760
30125914 1760
30125915 1760
30125915 1760
30125915 1760
30125916 1760
30125916 1760
30125916 1760
30125917 1760
30125917 1760
30125917 1760
30125918 1760
30125918 1760
30125918 1760
30125918 1760
30125919 1760
30125919 1760
30125919 1760
30125920 1760
30125920 1760
30125920 1760
30125921 1760
30125921 1760
30125921 1760
30125922 1760
30125922 1760
30125922 1760
30125923 1760
30125923 1760
30125923 1760
30125924 1760
30125924 1760
30125924 1760
30125925 1760
30125925 1760
30125925 1760
30125926 1760
30125926 1760
30125926 1760
30125927 1760
30125927 1760
30125927 1760
30125928 1760
30125928 1760
30125928 1760
30125929 1760
30125929 1760
30125929 1760
30125930 1760
30125930 1760
30125930 1760
30125931 1760
30125931 1760
30125931 1760
30125932 1760
30125932 1760
30125932 1760
30125933 1760
30125933 1760
30125933 1760
30125934 1760
30125934 1760
30125934 1760
30125935 1760
30125935 1760
30125935 1760
30125936 1760
30125936 1760
30125936 1760
30125937 1760
30125937 1760
30125937 1822
30125938 1822
30125938 1822
30125938 1822
30125939 1822
30125939 1822
30125939 1822
30125940 1822
30125940 1822
30125940 1822
30125941 1822
30125941 1822
30125941 1822
30125942 1822
30125942 1822
30125942 1822
30125943 1822
30125943 1822
30125943 1822
30125944 1822
30125944 1822
30125944 1822
30125945 1822
30125945 1822
30125945 1822
30125946 1822
30125946 1822
30125946 1822
30125947 1822
30125947 1822
30125947 1822
30125948 1822
30125948 1822
30125948 1822
30125949 1822
30125949 1822
30125949 1822
30125950 1822
30125950 1822
30125950 1822
30125951 1822
30125951 1822
30125951 1822
30125952 1822
30125952 1822
30125952 1822
30125953 1822
30125953 1822
30125953 1822
30125954 1822
30125954 1822
30125954 1822
30125955 1822
30125955 1822
30125955 1822
30125956 1822
30125956 1822
30125956 1822
30125956 1822
30125957 1822
30125957 1822
30125957 1822
30125958 1822
30125958 1822
30125958 1822
30125959 1822
30125959 1822
30125959 1822
30130000 1822
30130000 1822
30130000 1822
30130001 1822
30130001 1822
30130001 1822
30130002 1822
30130002 1822
30130002 1822
30130003 1822
30130003 1822
30130003 1822
30130004 1822
30130004 1822
30130004 1822
30130005 1822
30130005 1822
30130005 1822
30130006 1822
30130006 1822
30130006 1822
30130007 1822
30130007 1822
30130007 1822
30130008 1822
30130008 1822
30130008 1822
30130009 1822
30130009 1822
30130009 1822
30130010 1822
30130010 1822
30130010 1822
30130011 1822
30130011 1822
30130011 1890
30130012 1890
30130012 1890
30130012 1890
30130013 1890
30130013 1890
30130013 1890
30130014 1890
30130014 1890
30130014 1890
30130015 1890
30130015 1890
30130015 1890
30130016 1890
30130016 1890
30130016 1890
30130017 1890
30130017 1890
30130017 1890
30130018 1890
30130018 1890
30130018 1890
30130019 1890
30130019 1890
30130019 1890
30130020 1890
30130020 1890
30130020 1890
30130021 1890
30130021 1890
30130021 1890
30130022 1890
30130022 1890
30130022 1890
30130023 1890
30130023 1890
30130023 1890
30130024 1890
30130024 1890
30130024 1890
30130025 1890
30130025 1890
30130025 1890
30130026 1890
30130026 1890
30130026 1890
30130027 1890
30130027 1890
30130027 1890
30130028 1890
30130028 1890
30130028 1890
30130029 1890
30130029 1890
30130029 1890
30130030 1890
30130030 1890
30130030 1890
30130031 1890
30130031 1890
30130031 1890
30130032 1890
30130032 1890
30130032 1890
30130033 1890
30130033 1890
30130033 1890
30130034 1890
30130034 1890
30130034 1890
30130035 1890
30130035 1890
30130035 1890
30130036 1890
30130036 1890
30130036 1890
30130037 1890
30130037 1890
30130037 1890
30130037 1890
30130038 1890
30130038 1890
30130038 1890
30130039 1890
30130039 1890
30130039 1890
30130040 1890
30130040 1890
30130040 1890
30130041 1890
30130041 1890
30130041 1890
30130042 1890
30130042 1890
30130042 1890
30130043 1890
30130043 1890
30130043 1890
30130044 1890
30130044 1890
30130044 1890
30130045 2726
30130045 1962
30130045 1962
30130046 1962
30130046 1962
30130046 1962
30130047 1962
30130047 1962
30130047 1962
30130048 1962
30130048 1962
30130048 1962
30130049 1962
30130049 1962
30130049 1962
30130050 1962
30130050 1962
30130050 1962
30130051 1962
30130051 1962
30130051 1962
30130052 1962
30130052 1962
30130052 1962
30130053 1962
30130053 1962
30130053 1962
30130054 1962
30130054 1962
30130054 1962
30130055 1962
30130055 1962
30130055 1962
30130056 1962
30130056 1962
30130056 1962
30130057 1962
30130057 1962
30130057 1962
30130058 1962
30130058 1962
30130058 1962
30130059 1962
30130059 1962
30130059 1962
30130100 1962
30130100 1962
30130100 1962
30130101 1962
30130101 1962
30130101 1962
30130102 1962
30130102 1962
30130102 1962
30130103 1962
30130103 1962
30130103 1962
30130104 1962
30130104 1962
30130104 1962
30130105 1962
30130105 1962
30130105 1962
30130106 1962
30130106 1962
30130106 1962
30130107 1962
30130107 1962
30130107 1962
30130108 1962
30130108 1962
30130108 1962
30130109 1962
30130109 1962
30130109 1962
30130110 1962
30130110 1962
30130110 1962
30130111 1962
30130111 1962
30130111 1962
30130112 1962
30130112 1962
30130112 1962
30130113 1962
30130113 1962
30130113 1962
30130114 1962
30130114 1962
30130114 1962
30130115 1962
30130115 1962
30130115 1962
30130115 1962
30130116 1962
30130116 1962
30130116 1962
30130117 1962
30130117 1962
30130117 1962
30130118 1962
30130118 1962
30130118 1962
30130119 1962
30130119 1962
30130119 1962
30130120 1962
30130120 1962
30130120 1962
30130121 1962
30130121 1962
30130121 1962
30130122 1962
30130122 1962
30130122 2044
30130123 2044
30130123 2044
30130123 2044
30130124 2044
30130124 2044
30130124 2044
30130125 2044
30130125 2044
30130125 2044
30130126 2044
30130126 2044
30130126 2044
30130127 2044
30130127 2044
30130127 2044
30130128 2044
30130128 2044
30130128 2044
30130129 2044
30130129 2044
30130129 2044
30130130 2044
30130130 2044
30130130 2044
30130131 2044
30130131 2044
30130131 2044
30130132 2044
30130132 2044
30130132 2044
30130133 2044
30130133 2044
30130133 2044
30130134 2044
30130134 2044
30130134 2044
30130135 2044
30130135 2044
30130135 2044
30130136 2044
30130136 2044
30130136 2044
30130137 2044
30130137 2044
30130137 2044
30130138 2044
30130138 2044
30130138 2044
30130139 2044
30130139 2044
30130139 2044
30130140 2044
30130140 2044
30130140 2044
30130141 2044
30130141 2044
30130141 2044
30130142 2044
30130142 2044
30130142 2044
30130143 2044
30130143 2044
30130143 2044
30130144 2044
30130144 2044
30130144 2044
30130145 2044
30130145 2044
30130145 2044
30130146 2044
30130146 2044
30130146 2044
30130147 2044
30130147 2044
30130147 2044
30130148 2044
30130148 2044
30130148 2044
30130149 2044
30130149 2044
30130149 2044
30130150 2044
30130150 2044
30130150 2044
30130151 2044
30130151 2044
30130151 2044
30130152 2044
30130152 2044
30130152 2044
30130153 2044
30130153 2044
30130153 2044
30130154 2044
30130154 2044
30130154 2044
30130154 2044
30130155 2044
30130155 2044
30130155 2044
30130156 2044
30130156 2044
30130156 2044
30130157 2044
30130157 2044
30130157 2044
30130158 2044
30130158 2130
30130158 2130
30130159 2130
30130159 2130
30130159 2130
30130200 2130
30130200 2130
30130200 2130
30130201 2130
30130201 2130
30130201 2130
30130202 2130
30130202 2130
30130202 2130
30130203 2130
30130203 2130
30130203 2130
30130204 2130
30130204 2130
30130204 2130
30130205 2130
30130205 2130
30130205 2130
30130206 2130
30130206 2130
30130206 2130
30130207 2130
30130207 2130
30130207 2130
30130208 2130
30130208 2130
30130208 2130
30130209 2130
30130209 2130
30130209 2130
30130210 2130
30130210 2130
30130210 2130
30130211 2130
30130211 2130
30130211 2130
30130212 2130
30130212 2130
30130212 2130
30130213 2130
30130213 2130
30130213 2130
30130214 2130
30130214 2130
30130214 2130
30130215 2130
30130215 2130
30130215 2130
30130216 2130
30130216 2130
30130216 2130
30130217 2130
30130217 2130
30130217 2130
30130218 2130
30130218 2130
30130218 2130
30130219 2130
30130219 2130
30130219 2130
30130220 2130
30130220 2130
30130220 2130
30130221 2130
30130221 2130
30130221 2130
30130222 2130
30130222 2130
30130222 2130
30130223 2130
30130223 2130
30130223 2130
30130224 2130
30130224 2130
30130224 2130
30130225 2130
30130225 2130
30130225 2130
30130226 2130
30130226 2130
30130226 2130
30130227 2130
30130227 2130
30130227 2130
30130228 2130
30130228 2130
30130228 2130
30130229 2130
30130229 2130
30130229 2130
30130230 2130
30130230 2130
30130230 2130
30130231 2130
30130231 2130
30130231 2130
30130232 2130
30130232 2130
30130232 2130
30130233 2130
30130233 2130
30130233 2130
30130234 2130
30130234 2130
30130234 2130
30130235 2130
30130235 2130
30130235 2130
30130236 2130
30130236 2130
30130236 2130
30130236 2130
30130237 2130
30130237 2130
30130237 2130
30130238 2130
30130238 2224
30130238 2224
30130239 2224
30130239 2224
30130239 2224
30130240 2224
30130240 2224
30130240 2224
30130241 2224
30130241 2224
30130241 2224
30130242 2224
30130242 2224
30130242 2224
30130243 2224
30130243 2224
30130243 2224
30130244 2224
30130244 2224
30130244 2224
30130245 2224
30130245 2224
30130245 2224
30130246 2224
30130246 2224
30130246 2224
30130247 2224
30130247 2224
30130247 2224
30130248 2224
30130248 2224
30130248 2224
30130249 2224
30130249 2224
30130249 2224
30130250 2224
30130250 2224
30130250 2224
30130251 2224
30130251 2224
30130251 2224
30130252 2224
30130252 2224
30130252 2224
30130253 2224
30130253 2224
30130253 2224
30130254 2224
30130254 2224
30130254 2224
30130255 2224
30130255 2224
30130255 2224
30130256 2224
30130256 2224
30130256 2224
30130257 2224
30130257 2224
30130257 2224
30130258 2224
30130258 2224
30130258 2224
30130259 2224
30130259 2224
30130259 2224
30130300 2224
30130300 2224
30130300 2224
30130301 2224
30130301 2224
30130301 2224
30130302 2224
30130302 2224
30130302 2224
30130303 2224
30130303 2224
30130303 2224
30130304 2224
30130304 2224
30130304 2224
30130305 2224
30130305 2224
30130305 2224
30130306 2224
30130306 2224
30130306 2224
30130307 2224
30130307 2224
30130307 2224
30130308 2224
30130308 2224
30130308 2224
30130309 2224
30130309 2224
30130309 2224
30130310 2224
30130310 2224
30130310 2224
30130311 2224
30130311 2224
30130311 2224
30130312 2224
30130312 2224
30130312 2224
30130313 2224
30130313 2224
30130313 2224
30130314 2224
30130314 2224
30130314 2224
30130315 2224
30130315 2224
30130315 2224
30130316 2224
30130316 2224
30130316 2224
30130317 2224
30130317 2224
30130317 2224
30130317 2224
30130318 2224
30130318 2224
30130318 2224
30130319 2224
30130319 2224
30130319 2224
30130320 2224
30130320 2224
30130320 2224
30130321 2224
30130321 2224
30130321 2224
30130322 2224
30130322 2322
30130322 2322
30130323 2322
30130323 2322
30130323 2322
30130324 2322
30130324 2322
30130324 2322
30130325 2322
30130325 2322
30130325 2322
30130326 2322
30130326 2322
30130326 2322
30130327 2322
30130327 2322
30130327 2322
30130328 2322
30130328 2322
30130328 2322
30130329 2322
30130329 2322
30130329 2322
30130330 2322
30130330 2322
30130330 2322
30130331 2322
30130331 2322
30130331 2322
30130332 2322
30130332 2322
30130332 2322
30130333 2322
30130333 2322
30130333 2322
30130334 2322
30130334 2322
30130334 2322
30130335 2322
30130335 2322
30130335 2322
30130336 2322
30130336 2322
30130336 2322
30130337 2322
30130337 2322
30130337 2322
30130338 2322
30130338 2322
30130338 2322
30130339 2322
30130339 2322
30130339 2322
30130340 2322
30130340 2322
30130340 2322
30130341 2322
30130341 2322
30130341 2322
30130342 2322
30130342 2322
30130342 2322
30130343 2322
30130343 2322
30130343 2322
30130344 2322
30130344 2322
30130344 2322
30130345 2322
30130345 2322
30130345 2322
30130346 2322
30130346 2322
30130346 2322
30130347 2322
30130347 2322
30130347 2322
30130348 2322
30130348 2322
30130348 2322
30130349 2322
30130349 2322
30130349 2322
30130350 2322
30130350 2322
30130350 2322
30130351 2322
30130351 2322
30130351 2322
30130352 2322
30130352 2322
30130352 2322
30130353 2322
30130353 2322
30130353 2322
30130354 2322
30130354 3624
30130354 2430
30130355 2430
30130355 2430
30130355 2430
30130356 2430
30130356 2430
30130356 2430
30130357 2430
30130357 2430
30130357 2430
30130358 2430
30130358 2430
30130358 2430
30130358 2430
30130359 2430
30130359 2430
30130359 2430
30130400 2430
30130400 2430
30130400 2430
30130401 2430
30130401 2430
30130401 2430
30130402 2430
30130402 2430
30130402 2430
30130403 2430
30130403 2430
30130403 2430
30130404 2430
30130404 2430
30130404 2430
30130405 2430
30130405 2430
30130405 2430
30130406 2430
30130406 2430
30130406 2430
30130407 2430
30130407 2430
30130407 2430
30130408 2430
30130408 2430
30130408 2430
30130409 2430
30130409 2430
30130409 2430
30130410 2430
30130410 2430
30130410 2430
30130411 2430
30130411 2430
30130411 2430
30130412 2430
30130412 2430
30130412 2430
30130413 2430
30130413 2430
30130413 2430
30130414 2430
30130414 2430
30130414 2430
30130415 2430
30130415 2430
30130415 2430
30130416 2430
30130416 2430
30130416 2430
30130417 2430
30130417 2430
30130417 2430
30130418 2430
30130418 2430
30130418 2430
30130419 2430
30130419 2430
30130419 2430
30130420 2430
30130420 2430
30130420 2430
30130421 2430
30130421 2430
30130421 2430
30130422 2430
30130422 2430
30130422 2430
30130423 2430
30130423 2430
30130423 2430
30130424 2430
30130424 2430
30130424 2430
30130425 2430
30130425 2430
30130425 2430
30130426 2430
30130426 2430
30130426 2430
30130427 2430
30130427 2430
30130427 2430
30130428 2430
30130428 2430
30130428 2430
30130429 2430
30130429 2430
30130429 2430
30130430 2430
30130430 2546
30130430 2546
30130431 2546
30130431 2546
30130431 2546
30130432 2546
30130432 2546
30130432 2546
30130433 2546
30130433 2546
30130433 2546
30130434 2546
30130434 2546
30130434 2546
30130435 2546
30130435 2546
30130435 2546
30130436 2546
30130436 2546
30130436 2546
30130437 2546
30130437 2546
30130437 2546
30130438 2546
30130438 2546
30130438 2546
30130438 2546
30130439 2546
30130439 2546
30130439 2546
30130440 2546
30130440 2546
30130440 2546
30130441 2546
30130441 2546
30130441 2546
30130442 2546
30130442 2546
30130442 2546
30130443 2546
30130443 2546
30130443 2546
30130444 2546
30130444 2546
30130444 2546
30130445 2546
30130445 2546
30130445 2546
30130446 2546
30130446 2546
30130446 2546
30130447 2546
30130447 2546
30130447 2546
30130448 2546
30130448 2546
30130448 2546
30130449 2546
30130449 2546
30130449 2546
30130450 2546
30130450 2546
30130450 2546
30130451 2546
30130451 2546
30130451 2546
30130452 2546
30130452 2546
30130452 2546
30130453 2546
30130453 2546
30130453 2546
30130454 2546
30130454 2546
30130454 2546
30130455 2546
30130455 2546
30130455 2546
30130456 2546
30130456 2546
30130456 2546
30130457 2546
30130457 2546
30130457 2546
30130458 2546
30130458 2546
30130458 2546
30130459 2546
30130459 2546
30130459 2546
30130500 2546
30130500 2546
30130500 2546
30130501 2546
30130501 2546
30130501 2546
30130502 2546
30130502 2546
30130502 2546
30130503 2546
30130503 2546
30130503 2546
30130504 2546
30130504 2546
30130504 2546
30130505 2546
30130505 2546
30130505 2546
30130506 2546
30130506 2546
30130506 2546
30130507 2546
30130507 2546
30130507 2546
30130508 2546
30130508 2546
30130508 2546
30130509 2546
30130509 2546
30130509 2546
30130510 2546
30130510 2546
30130510 2546
30130511 2668
30130511 2668
30130511 2668
30130512 2668
30130512 2668
30130512 2668
30130513 2668
30130513 2668
30130513 2668
30130514 2668
30130514 2668
30130514 2668
30130515 2668
30130515 2668
30130515 2668
30130516 2668
30130516 2668
30130516 2668
30130517 2668
30130517 2668
30130517 2668
30130518 2668
30130518 2668
30130518 2668
30130519 2668
30130519 2668
30130519 2668
30130520 2668
30130520 2668
30130520 2668
30130520 2668
30130521 2668
30130521 2668
30130521 2668
30130522 2668
30130522 2668
30130522 2668
30130523 2668
30130523 2668
30130523 2668
30130524 2668
30130524 2668
30130524 2668
30130525 2668
30130525 2668
30130525 2668
30130526 2668
30130526 2668
30130526 2668
30130527 2668
30130527 2668
30130527 2668
30130528 2668
30130528 2668
30130528 2668
30130529 2668
30130529 2668
30130529 2668
30130530 2668
30130530 2668
30130530 2668
30130531 2668
30130531 2668
30130531 2668
30130532 2668
30130532 2668
30130532 2668
30130533 2668
30130533 2668
30130533 2668
30130534 2668
30130534 2668
30130534 2668
30130535 2668
30130535 2668
30130535 2668
30130536 2668
30130536 2668
30130536 2668
30130537 2668
30130537 2668
30130537 2668
30130538 2668
30130538 2668
30130538 2668
30130539 2668
30130539 2668
30130539 2668
30130540 2668
30130540 2668
30130540 2668
30130541 2668
30130541 2668
30130541 2668
30130542 2668
30130542 2668
30130542 2668
30130543 2668
30130543 2668
30130543 2668
30130544 2668
30130544 2668
30130544 2668
30130545 2668
30130545 2668
30130545 2668
30130546 2668
30130546 2668
30130546 2668
30130547 2668
30130547 2668
30130547 2668
30130548 2668
30130548 2668
30130548 2668
30130549 2668
30130549 2668
30130549 2668
30130550 2668
30130550 2668
30130550 2668
30130551 2668
30130551 2668
30130551 2668
30130552 2668
30130552 2668
30130552 2668
30130553 2668
30130553 2668
30130553 2668
30130554 2668
30130554 2668
30130554 2668
30130555 2668
30130555 2668
30130555 2668
30130556 2668
30130556 2668
30130556 2800
30130557 2800
30130557 2800
30130557 2800
30130558 2800
30130558 2800
30130558 2800
30130558 2800
30130559 2800
30130559 2800
30130559 2800
30130600 2800
30130600 2800
30130600 2800
30130601 2800
30130601 2800
30130601 2800
30130602 2800
30130602 2800
30130602 2800
30130603 2800
30130603 2800
30130603 2800
30130604 2800
30130604 2800
30130604 2800
30130605 2800
30130605 2800
30130605 2800
30130606 2800
30130606 2800
30130606 2800
30130607 2800
30130607 2800
30130607 2800
30130608 2800
30130608 2800
30130608 2800
30130609 2800
30130609 2800
30130609 2800
30130610 2800
30130610 2800
30130610 2800
30130611 2800
30130611 2800
30130611 2800
30130612 2800
30130612 2800
30130612 2800
30130613 2800
30130613 2800
30130613 2800
30130614 2800
30130614 2800
30130614 2800
30130615 2800
30130615 2800
30130615 2800
30130616 2800
30130616 2800
30130616 2800
30130617 2800
30130617 2800
30130617 2800
30130618 2800
30130618 2800
30130618 2800
30130619 2800
30130619 2800
30130619 2800
30130620 2800
30130620 2800
30130620 2800
30130621 2800
30130621 2800
30130621 2800
30130622 2800
30130622 2800
30130622 2800
30130623 2800
30130623 2800
30130623 2800
30130624 2800
30130624 2800
30130624 2800
30130625 2800
30130625 2800
30130625 2800
30130626 2800
30130626 2800
30130626 2800
30130627 2800
30130627 2800
30130627 2800
30130628 2800
30130628 2800
30130628 2800
30130629 2800
30130629 2800
30130629 2800
30130630 2800
30130630 2800
30130630 2800
30130631 2800
30130631 2800
30130631 2800
30130632 2800
30130632 2800
30130632 2800
30130633 2800
30130633 2800
30130633 2800
30130634 2800
30130634 2800
30130634 2800
30130635 2800
30130635 2800
30130635 2800
30130636 2800
30130636 2800
30130636 2800
30130636 2800
30130637 2800
30130637 2800
30130637 2800
30130638 2800
30130638 2800
30130638 2800
30130639 2800
30130639 2800
30130639 2800
30130640 2800
30130640 2800
30130640 2800
30130641 2800
30130641 2800
30130641 2800
30130642 2800
30130642 2800
30130642 2800
30130643 2800
30130643 2800
30130643 2800
30130644 2800
30130644 2800
30130644 2800
30130645 2800
30130645 2800
30130645 2800
30130646 2800
30130646 2800
30130646 2800
30130647 2800
30130647 2800
30130647 2800
30130648 2800
30130648 2940
30130648 2940
30130649 2940
30130649 2940
30130649 2940
30130650 2940
30130650 2940
30130650 2940
30130651 2940
30130651 2940
30130651 2940
30130652 2940
30130652 2940
30130652 2940
30130653 2940
30130653 2940
30130653 2940
30130654 2940
30130654 2940
30130654 2940
30130655 2940
30130655 2940
30130655 2940
30130656 2940
30130656 2940
30130656 2940
30130657 2940
30130657 2940
30130657 2940
30130658 2940
30130658 2940
30130658 2940
30130659 2940
30130659 2940
30130659 2940
30130700 2940
30130700 2940
30130700 2940
30130701 2940
30130701 2940
30130701 2940
30130702 2940
30130702 2940
30130702 2940
30130703 2940
30130703 2940
30130703 2940
30130704 2940
30130704 2940
30130704 2940
30130705 2940
30130705 2940
30130705 2940
30130706 2940
30130706 2940
30130706 2940
30130707 2940
30130707 2940
30130707 2940
30130708 2940
30130708 2940
30130708 2940
30130709 2940
30130709 2940
30130709 2940
30130710 2940
30130710 2940
30130710 2940
30130711 2940
30130711 2940
30130711 2940
30130712 2940
30130712 2940
30130712 2940
30130713 2940
30130713 2940
30130713 2940
30130714 2940
30130714 2940
30130714 2940
30130715 2940
30130715 2940
30130715 2940
30130715 2940
30130716 2940
30130716 2940
30130716 2940
30130717 2940
30130717 2940
30130717 2940
30130718 2940
30130718 2940
30130718 2940
30130719 2940
30130719 2940
30130719 2940
30130720 2940
30130720 2940
30130720 2940
30130721 2940
30130721 2940
30130721 2940
30130722 2940
30130722 2940
30130722 4904
30130723 3094
30130723 3094
30130723 3094
30130724 3094
30130724 3094
30130724 3094
30130725 3094
30130725 3094
30130725 3094
30130726 3094
30130726 3094
30130726 3094
30130727 3094
30130727 3094
30130727 3094
30130728 3094
30130728 3094
30130728 3094
30130729 3094
30130729 3094
30130729 3094
30130730 3094
30130730 3094
30130730 3094
30130731 3094
30130731 3094
30130731 3094
30130732 3094
30130732 3094
30130732 3094
30130733 3094
30130733 3094
30130733 3094
30130734 3094
30130734 3094
30130734 3094
30130735 3094
30130735 3094
30130735 3254
30130736 3254
30130736 3254
30130736 3254
30130737 3254
30130737 3254
30130737 3254
30130738 3254
30130738 3254
30130738 3254
30130739 3254
30130739 3254
30130739 3254
30130740 3254
30130740 3254
30130740 3254
30130741 3254
30130741 3254
30130741 3254
30130742 3254
30130742 3254
30130742 3254
30130743 3254
30130743 3254
30130743 3254
30130744 3254
30130744 3254
30130744 3254
30130745 3254
30130745 3254
30130745 3254
30130746 3254
30130746 3254
30130746 3254
30130747 3254
30130747 3254
30130747 3254
30130748 3254
30130748 3254
30130748 3254
30130749 3254
30130749 3254
30130749 5548
30130750 3426
30130750 3426
30130750 3426
30130751 3426
30130751 3426
30130751 3426
30130752 3426
30130752 3426
30130752 3426
30130753 3426
30130753 3426
30130753 3426
30130754 3426
30130754 3426
30130754 3426
30130754 3426
30130755 3426
30130755 3426
30130755 3426
30130756 3426
30130756 3426
30130756 3426
30130757 3426
30130757 3426
30130757 3426
30130758 3426
30130758 3426
30130758 3426
30130759 3426
30130759 3426
30130759 3426
30130800 3426
30130800 3426
30130800 3426
30130801 3426
30130801 3426
30130801 3426
30130802 3426
30130802 3426
30130802 3426
30130803 3426
30130803 3426
30130803 3426
30130804 3426
30130804 3426
30130804 3426
30130805 3612
30130805 3612
30130805 3612
30130806 3612
30130806 3612
30130806 3612
30130807 3612
30130807 3612
30130807 3612
30130808 3612
30130808 3612
30130808 3612
30130809 3612
30130809 3612
30130809 3612
30130810 3612
30130810 3612
30130810 3612
30130811 3612
30130811 3612
30130811 3612
30130812 3612
30130812 3612
30130812 3612
30130813 3612
30130813 3612
30130813 3612
30130814 3612
30130814 3612
30130814 3612
30130815 3612
30130815 3612
30130815 3612
30130816 3612
30130816 3612
30130816 3612
30130817 3612
30130817 3612
30130817 3612
30130818 3612
30130818 3612
30130818 3612
30130819 3612
30130819 3612
30130819 3612
30130820 3612
30130820 3612
30130820 3612
30130821 3612
30130821 6286
30130821 3808
30130822 3808
30130822 3808
30130822 3808
30130823 3808
30130823 3808
30130823 3808
30130824 3808
30130824 3808
30130824 3808
30130825 3808
30130825 3808
30130825 3808
30130826 3808
30130826 3808
30130826 3808
30130827 3808
30130827 3808
30130827 3808
30130828 3808
30130828 3808
30130828 3808
30130829 3808
30130829 3808
30130829 3808
30130830 3808
30130830 3808
30130830 3808
30130831 3808
30130831 3808
30130831 3808
30130832 3808
30130832 3808
30130832 3808
30130833 3808
30130833 3808
30130833 3808
30130834 3808
30130834 3808
30130834 3808
30130835 3808
30130835 3808
30130835 3808
30130836 3808
30130836 3808
30130836 3808
30130837 3808
30130837 3808
30130837 3808
30130837 3808
30130838 3808
30130838 3808
30130838 3808
30130839 3808
30130839 1344
30130839 1344
30130840 1344
30130840 1344
30130840 1344
30130841 1344
30130841 1344
30130841 1344
30130842 1344
30130842 1344
30130842 1344
30130843 1344
30130843 1344
30130843 1344
30130844 1344
30130844 1344
30130844 1344
30130845 1344
30130845 1344
30130845 1344
30130846 1344
30130846 1344
30130846 1344
30130847 1344
30130847 1344
30130847 1344
30130848 1344
30130848 1344
30130848 1344
30130849 1344
30130849 1344
30130849 1344
30130850 1344
30130850 1344
30130850 1344
30130851 1344
30130851 1344
30130851 1344
30130852 1344
30130852 1344
30130852 1344
30130853 1344
30130853 1344
30130853 1344
30130854 1344
30130854 1344
30130854 1344
30130855 1344
30130855 1344
30130855 1344
30130856 1344
30130856 1344
30130856 1344
30130857 1344
30130857 1358
30130857 1358
30130858 1358
30130858 1358
30130858 1358
30130859 1358
30130859 1358
30130859 1358
30130900 1358
30130900 1358
30130900 1358
30130901 1358
30130901 1358
30130901 1358
30130902 1358
30130902 1358
30130902 1358
30130903 1358
30130903 1358
30130903 1358
30130904 1358
30130904 1358
30130904 1358
30130905 1358
30130905 1358
30130905 1358
30130906 1358
30130906 1358
30130906 1358
30130907 1358
30130907 1358
30130907 1358
30130908 1358
30130908 1358
30130908 1358
30130909 1358
30130909 1358
30130909 1358
30130910 1358
30130910 1358
30130910 1358
30130911 1358
30130911 1358
30130911 1358
30130912 1372
30130912 1372
30130912 1372
30130913 1372
30130913 1372
30130913 1372
30130914 1372
30130914 1372
30130914 1372
30130915 1372
30130915 1372
30130915 1372
30130916 1372
30130916 1372
30130916 1372
30130917 1372
30130917 1372
30130917 1372
30130917 1372
30130918 1372
30130918 1372
30130918 1372
30130919 1372
30130919 1372
30130919 1372
30130920 1372
30130920 1372
30130920 1372
30130921 1372
30130921 1372
30130921 1372
30130922 1372
30130922 1372
30130922 1372
30130923 1372
30130923 1372
30130923 1372
30130924 1372
30130924 1372
30130924 1388
30130925 1388
30130925 1388
30130925 1388
30130926 1388
30130926 1388
30130926 1388
30130927 1388
30130927 1388
30130927 1388
30130928 1388
30130928 1388
30130928 1388
30130929 1388
30130929 1388
30130929 1388
30130930 1388
30130930 1388
30130930 1388
30130931 1388
30130931 1388
30130931 1388
30130932 1388
30130932 1388
30130932 1388
30130933 1388
30130933 1388
30130933 1388
30130934 1388
30130934 1388
30130934 1404
30130935 1404
30130935 1404
30130935 1404
30130936 1404
30130936 1404
30130936 1404
30130937 1404
30130937 1404
30130937 1404
30130938 1404
30130938 1404
30130938 1404
30130939 1404
30130939 1404
30130939 1404
30130940 1404
30130940 1404
30130940 1404
30130941 1404
30130941 1404
30130941 1404
30130942 1404
30130942 1404
30130942 1404
30130943 1404
30130943 1404
30130943 1404
30130944 1404
30130944 1404
30130944 1404
30130945 1404
30130945 1404
30130945 1420
30130946 1420
30130946 1420
30130946 1420
30130947 1420
30130947 1420
30130947 1420
30130948 1420
30130948 1420
30130948 1420
30130949 1420
30130949 1420
30130949 1420
30130950 1420
30130950 1420
30130950 1420
30130951 1420
30130951 1420
30130951 1420
30130952 1420
30130952 1420
30130952 1420
30130953 1420
30130953 1420
30130953 1420
30130954 1420
30130954 1420
30130954 1420
30130955 1420
30130955 1420
30130955 1420
30130956 1420
30130956 1420
30130956 1420
30130957 1438
30130957 1438
30130957 1438
30130957 1438
30130958 1438
30130958 1438
30130958 1438
30130959 1438
30130959 1438
30130959 1438
30131000 1438
30131000 1438
30131000 1438
30131001 1438
30131001 1438
30131001 1438
30131002 1438
30131002 1438
30131002 1438
30131003 1438
30131003 1438
30131003 1438
30131004 1458
30131004 1458
30131004 1458
30131005 1458
30131005 1458
30131005 1458
30131006 1458
30131006 1458
30131006 1458
30131007 1458
30131007 1458
30131007 1458
30131008 1458
30131008 1458
30131008 1458
30131009 1458
30131009 1458
30131009 1458
30131010 1458
30131010 1458
30131010 1458
30131011 1458
30131011 1458
30131011 1476
30131012 1476
30131012 1476
30131012 1476
30131013 1476
30131013 1476
30131013 1476
30131014 1476
30131014 1476
30131014 1476
30131015 1476
30131015 1476
30131015 1476
30131016 1476
30131016 1476
30131016 1476
30131017 1476
30131017 1476
30131017 1476
30131018 1476
30131018 1476
30131018 1476
30131019 1476
30131019 1476
30131019 1476
30131020 1498
30131020 1498
30131020 1498
30131021 1498
30131021 1498
30131021 1498
30131022 1498
30131022 1498
30131022 1498
30131023 1498
30131023 1498
30131023 1498
30131024 1498
30131024 1498
30131024 1498
30131025 1498
30131025 1498
30131025 1498
30131026 1498
30131026 1498
30131026 1498
30131027 1498
30131027 1498
30131027 1498
30131028 1498
30131028 1498
30131028 1498
30131029 1518
30131029 1518
30131029 1518
30131030 1518
30131030 1518
30131030 1518
30131031 1518
30131031 1518
30131031 1518
30131032 1518
30131032 1518
30131032 1518
30131033 1518
30131033 1518
30131033 1518
30131034 1518
30131034 1518
30131034 1518
30131035 1518
30131035 1518
30131035 1518
30131036 1518
30131036 1518
30131036 1518
30131037 1518
30131037 1518
30131037 1518
30131037 1518
30131038 1542
30131038 1542
30131038 1542
30131039 1542
30131039 1542
30131039 1542
30131040 1542
30131040 1984
30131040 1564
30131041 1564
30131041 1564
30131041 1564
30131042 1564
30131042 1564
30131042 1564
30131043 1564
30131043 1590
30131043 1590
30131044 1590
30131044 1590
30131044 1590
30131045 1590
30131045 1590
30131045 1614
30131046 1614
30131046 1614
30131046 1614
30131047 1614
30131047 1614
30131047 1614
30131048 1614
30131048 1640
30131048 1640
30131049 1640
30131049 1640
30131049 1640
30131050 1640
30131050 1640
30131050 1668
30131051 1668
30131051 1668
30131051 1668
30131052 1668
30131052 1668
30131052 1668
30131053 1696
30131053 1696
30131053 1696
30131054 1696
30131054 1696
30131054 1696
30131055 1696
30131055 1696
30131055 1150
30131056 1150
30131056 1150
30131056 1150
30131057 1150
30131057 1150
30131057 1150
30131058 1150
30131058 1152
30131058 1152
30131059 1152
30131059 1152
30131059 1152
30131100 1152
30131100 1154
30131100 1154
30131101 1154
30131101 1154
30131101 1154
30131102 1154
30131102 1154
30131102 1154
30131103 1156
30131103 1156
30131103 1156
30131104 1158
30131104 1158
30131104 1158
30131105 1158
30131105 1158
30131105 1158
30131106 1158
30131106 1158
30131106 1160
30131107 1160
30131107 1160
30131107 1160
30131108 1164
30131108 1164
30131108 1164
30131109 1164
30131109 1166
30131109 1166
30131110 1166
30131110 1166
30131110 1166
30131111 1166
30131111 1166
30131111 1166
30131112 1166
30131112 1166
30131112 1168
30131113 1168
30131113 1168
30131113 1168
30131114 1168
30131114 1170
30131114 1170
30131115 1170
30131115 1170
30131115 1170
30131116 1170
30131116 1172
30131116 1172
30131117 1172
30131117 1172
30131117 1172
30131118 1174
30131118 1174
30131118 1174
30131119 1174
30131119 1174
30131119 1174
30131119 1174
30131120 1176
30131120 1176
30131120 1176
30131121 1176
30131121 1176
30131121 1176
30131122 1178
30131122 1178
30131122 1178
30131123 1178
30131123 1178
30131123 1178
30131124 1182
30131124 1182
30131124 1182
30131125 1182
30131125 1182
30131125 1182
30131126 1182
30131126 1184
30131126 1184
30131127 1184
30131127 1184
30131127 1184
30131128 1184
30131128 1184
30131128 1184
30131129 1186
30131129 1186
30131129 1186
30131130 1186
30131130 1186
30131130 1186
30131131 1186
30131131 1186
30131131 1188
30131132 1188
30131132 1188
30131132 1188
30131133 1188
30131133 1188
30131133 1188
30131134 1188
30131134 1188
30131134 1190
30131135 1192
30131135 1192
30131135 1194
30131136 1194
30131136 1196
30131136 1200
30131137 1200
30131137 1202
30131137 1202
30131138 1204
30131138 1206
30131138 1206
30131139 1122
30131139 1122
30131139 1122
30131140 1122
30131140 1122
30131140 1122
30131141 1122
30131141 1122
30131141 1122
30131142 1122
30131142 1122
30131142 1122
30131143 1124
30131143 1124
30131143 1124
30131144 1124
30131144 1124
30131144 1124
30131145 1124
30131145 1124
30131145 1124
30131146 1124
30131146 1124
30131146 1124
30131147 1124
30131147 1124
30131147 1124
30131148 1124
30131148 1124
30131148 1126
30131149 1126
30131149 1126
30131149 1126
30131150 1126
30131150 1126
30131150 1126
30131151 1126
30131151 1126
30131151 1126
30131152 1126
30131152 1126
30131152 1126
30131153 1126
30131153 1126
30131153 1126
30131154 1126
30131154 1126
30131154 1126
30131155 1126
30131155 1126
30131155 1126
30131156 1126
30131156 1126
30131156 1128
30131157 1128
30131157 1130
30131157 1130
30131158 1134
30131158 1134
30131158 1134
30131159 1134
30131159 1136
30131159 1136
30131159 1136
30131200 1138
30131200 1138
30131200 1140
30131201 1140
30131201 1142
30131201 1142
30131202 1144
30131202 1144
30131202 1146
30131203 1148
30131203 1148
30131203 1150
30131204 1150
30131204 1118
