141016 1027
141017 2223
141017 2223
141017 2265
141018 2507
141018 2433
141018 2527
141018 3111
141019 2153
141019 2853
141019 2927
141020 3087
141020 3175
141020 4549
141020 3377
141021 3377
141021 3377
141021 3377
141021 3377
141022 3377
141022 3377
141022 3431
141023 3497
141023 5134
141023 3810
141023 3873
141024 5809
141024 6115
141024 4255
141025 6441
141025 4425
141025 6970
141025 7347
141026 4800
141026 4799
141026 4901
141027 2149
141027 8181
141027 5344
141027 5455
141028 5455
141028 8876
141028 9118
141028 9370
141029 9629
141029 6105
141029 6243
141030 10463
141030 10760
141030 11068
141031 11386
141031 11700
141031 12020
141031 12350
141032 7358
141032 7530
141032 13040
141033 13396
141033 7888
141033 7888
141033 13762
141034 8074
141034 14140
141034 14526
141035 14922
141035 14922
141035 15328
141035 15746
141036 9078
141036 9078
141036 9078
141037 9078
141037 16174
141037 9296
141038 16610
141038 17060
141038 17058
141038 17516
141039 17990
141039 17990
141039 18472
141039 10458
141040 18968
141040 10704
141040 19442
141041 10924
141041 19950
141041 20482
141041 20483
141042 21026
141042 21026
141042 11730
141043 11730
141043 11730
141043 21581
141043 21587
141044 12011
141044 22152
141044 22152
141045 22734
141045 22734
141045 23330
141046 23335
141046 23959
141046 23959
141047 24576
141047 24576
141048 13530
141048 25214
141048 25216
141048 25887
141049 25884
141049 2890
141049 26564
141050 26565
141050 27249
141050 27249
141051 27949
141051 27949
141052 27949
141052 15253
141052 15253
141053 15253
141053 28661
141053 28661
141053 15613
141054 29391
141054 29391
141055 16359
141055 30137
141055 30137
141056 30897
141056 30897
141056 16743
141057 31675
141057 31675
141058 3009
141058 32467
141059 32467
141059 17537
141059 17537
141100 17537
141100 17535
141100 17535
141100 33277
141101 33277
141101 17945
141101 34107
141102 34107
141102 34107
141103 18365
141103 34951
141104 34951
141104 34951
141104 18781
141104 35817
141105 35817
141105 35817
141106 19229
141106 36697
141107 36697
141107 36697
141107 37599
141108 37599
141108 37599
141108 37599
141109 38515
141109 38515
141110 38515
141110 38515
141110 2685
141111 2707
141111 2707
141111 2707
141111 2719
141112 2719
141112 3269
141112 2763
141112 2785
141113 2797
141113 3421
141113 2843
141114 2219
141114 2905
141114 2905
141114 2905
141115 2905
141115 2905
141115 2905
141116 2919
141116 2931
141116 3697
141116 2985
141117 2985
141117 2985
141117 2986
141118 2986
141118 2986
141118 2986
141118 2985
141119 3781
141119 3002
141119 3001
141119 3029
141120 3073
141120 3073
141120 2239
141121 4049
141121 3153
141121 3153
141121 3154
141122 3154
141122 3154
141122 3154
141123 3154
141123 3154
141123 3170
141123 4182
141124 4284
141124 3254
141124 3254
141125 3254
141125 3254
141125 3254
141125 3270
141126 3288
141126 3344
141126 3362
141126 3361
141127 3361
141127 3361
141127 3361
141128 3381
141128 4613
141128 3457
141128 3479
141129 3479
141129 3479
141129 3479
141130 3479
141130 3479
141130 3499
141130 3517
141131 4893
141131 3599
141131 3599
141132 3599
141132 3599
141132 3599
141132 3599
141133 3599
141133 3599
141133 3621
141133 2249
141134 3689
141134 3735
141134 3735
141135 5339
141135 3805
141135 3855
141135 5535
141136 5583
141136 3903
141136 3981
141137 3981
141137 3981
141137 3981
141137 3981
141138 3981
141138 3981
141138 3981
141139 3981
141139 3981
141139 3981
141139 3981
141140 4009
141140 5893
141140 2259
141140 4143
141141 4143
141141 6111
141141 6169
141142 6283
141142 6399
141142 6457
141142 6579
141143 6701
141143 4469
141143 4467
141144 6763
141144 6889
141144 6955
141144 7085
141145 4661
141145 4659
141145 4693
141146 7285
141146 4795
141146 7493
141146 7563
141147 7707
141147 7779
141147 5047
141147 5047
141148 5045
141148 5045
141148 7999
141149 8075
141149 8153
141149 8307
141149 5275
141150 5275
141150 5273
141150 5273
141151 8385
141151 8463
141151 8545
141151 8707
141152 8787
141152 8871
141152 8957
141153 9041
141153 2203
141153 5729
141153 5729
141154 5729
141154 5727
141154 9297
141155 5771
141155 9475
141155 9563
141155 9653
141156 9743
141156 5997
141156 5997
141156 5997
141157 5995
141157 5995
141157 9837
141158 9929
141158 10023
141158 10117
141158 10211
141159 10309
141159 6281
141159 6281
141200 6281
141200 6281
141200 6279
141200 6279
141201 10405
141201 10503
141201 10601
141202 10699
141202 10801
141202 10903
141202 6579
141203 11005
141203 11107
141203 11213
141203 11317
141204 11423
141204 6841
141204 6841
141205 6841
141205 6841
141205 6839
141205 6839
141206 11529
141206 11637
141206 11745
141207 11855
141207 11855
141207 11965
141207 12077
141208 12189
141208 12303
141208 12303
141209 12415
141209 12531
141209 12649
141209 7457
141210 7457
141210 7457
141210 7457
141211 7457
141211 7455
141211 12765
141211 7515
141212 12883
141212 13001
141212 13123
141212 13123
141213 13243
141213 13365
141213 7815
141214 7815
141214 7815
141214 7815
141214 7815
141215 7815
141215 7813
141215 2269
141216 2269
141216 2269
141216 2269
141216 2269
141217 2267
141217 2267
141217 2271
141218 2271
141218 2271
141218 2271
141218 2271
141219 2269
141219 2275
141219 2275
141219 2275
141220 2275
141220 2275
141220 2275
141221 2203
141221 2279
141221 2279
141221 2279
141222 2279
141222 2277
141222 2281
141223 2281
141223 2281
141223 2281
141223 2281
141224 2283
141224 2285
141224 2285
141224 2285
141225 2285
141225 2283
141225 2289
141226 2289
141226 2289
141226 2289
141226 2287
141227 2293
141227 2293
141227 2335
141228 2319
141228 2421
141228 2317
141228 2425
141229 2321
141229 2321
141229 2321
141230 2321
141230 2321
141230 2315
141230 2315
141231 2315
141231 2315
141231 2315
141231 2315
141232 2315
141232 2315
141232 2315
141233 2315
141233 2315
141233 2315
141233 2315
141234 2315
141234 2315
141234 2221
