29221948 0
29221948 1166
29221949 1246
29221949 1120
29221949 1894
29221950 1640
29221950 1824
29221950 2866
29221951 2144
29221951 2294
29221951 3626
29221952 2578
29221952 1254
29221952 2842
29221953 3066
29221953 3064
29221953 5408
29221954 5756
29221954 3576
29221954 6126
29221955 6516
29221955 6934
29221955 4192
29221956 4192
29221956 7374
29221956 7844
29221957 4668
29221957 8596
29221957 5060
29221958 9418
29221958 9708
29221958 5640
29221959 5640
29221959 10310
29221959 10624
29222000 10944
29222000 11274
29222000 11614
29222001 6632
29222001 6814
29222001 7000
29222002 7192
29222002 7384
29222002 7588
29222003 7586
29222003 7586
29222003 14252
29222004 14670
29222004 15098
29222004 15534
29222005 15984
29222005 15984
29222005 16442
29222006 16916
29222006 17398
29222006 17398
29222007 17894
29222007 18400
29222007 1120
29222008 18918
29222008 10154
29222008 10154
29222009 10154
29222009 10154
29222009 1402
29222010 1788
29222010 1508
29222010 1506
29222011 1514
29222011 1566
29222011 1602
29222012 1602
29222012 1602
29222012 1666
29222013 1722
29222013 1784
29222013 1818
29222014 2666
29222014 1916
29222014 1916
29222015 1916
29222015 1930
29222015 2004
29222016 2084
29222016 2084
29222016 3130
29222017 2184
29222017 2184
29222017 3340
29222018 2314
29222018 2372
29222018 2372
29222019 3688
29222019 1144
29222019 1144
29222019 1144
29222020 1146
29222020 1146
29222020 1146
29222021 1152
29222021 1152
29222021 1152
29222022 1154
29222022 1154
29222022 1154
29222023 1158
29222023 1158
29222023 1158
29222024 1160
29222024 1160
29222024 1162
29222025 1166
29222025 1166
29222025 1166
29222026 1168
29222026 1168
29222026 1168
29222027 1172
29222027 1172
29222027 1172
29222028 1172
29222028 1176
29222028 1176
29222029 1176
29222029 1178
29222029 1178
29222030 1178
29222030 1180
29222030 1180
29222031 1182
29222031 1184
29222031 1184
29222032 1186
29222032 1186
29222032 1186
29222033 1120
