30045345 0
30045345 1062
30045346 1062
30045346 1062
30045346 1066
30045347 1066
30045347 1068
30045347 1068
30045348 1068
30045348 1072
30045348 1072
30045349 1072
30045349 1078
30045349 1078
30045350 1078
30045350 1082
30045350 1082
30045351 1082
30045351 1088
30045351 1088
30045352 1088
30045352 1092
30045353 1092
30045353 1092
30045353 1098
30045354 1098
30045354 1098
30045354 1102
30045355 1102
30045355 1102
30045355 1102
30045356 1110
30045356 1110
30045356 1110
30045357 1116
30045357 1116
30045357 1116
30045358 1116
30045358 1124
30045358 1124
30045359 1124
30045359 1124
30045359 1130
30045400 1130
30045400 1130
30045401 1130
30045401 1138
30045401 1138
30045402 1138
30045402 1138
30045402 1148
30045403 1148
30045403 1148
30045403 1148
30045404 1148
30045404 1156
30045404 1156
30045405 1156
30045405 1156
30045405 1156
30045406 1164
30045406 1164
30045406 1164
30045407 1164
30045407 1164
30045407 1174
30045408 1174
30045408 1174
30045408 1174
30045409 1174
30045409 1186
30045409 1186
30045410 1186
30045410 1186
30045411 1186
30045411 1186
30045411 1196
30045412 1196
30045412 1196
30045412 1196
30045413 1196
30045413 1196
30045413 1206
30045414 1206
30045414 1206
30045414 1206
30045415 1206
30045415 1220
30045415 1220
30045416 1220
30045416 1220
30045416 1220
30045417 1232
30045417 1232
30045417 1232
30045418 1232
30045418 1246
30045419 1246
30045419 1246
30045419 1246
30045420 1246
30045420 1260
30045420 1260
30045421 1260
30045421 1260
30045421 1260
30045422 1274
30045422 1274
30045422 1274
30045423 1274
30045423 1274
30045424 1290
30045424 1290
30045424 1290
30045425 1290
30045425 1290
30045425 1306
30045426 1306
30045426 1306
30045426 1306
30045427 1322
30045427 1322
30045427 1322
30045428 1322
30045428 1322
30045428 1322
30045429 1340
30045429 1340
30045429 1340
30045430 1340
30045430 1340
30045431 1360
30045431 1360
30045431 1360
30045432 1360
30045432 1360
30045432 1360
30045433 1378
30045433 1378
30045433 1378
30045434 1378
30045434 1378
30045434 1378
30045435 1044
30045435 1044
30045436 1044
30045436 1044
30045436 1044
30045437 1044
30045437 1044
30045437 1044
30045438 1044
30045438 1044
30045438 1044
30045439 1044
30045439 1044
30045439 1046
30045440 1046
30045440 1046
30045440 1046
30045441 1046
30045441 1046
30045441 1046
30045442 1046
30045442 1046
30045442 1046
30045443 1046
30045443 1046
30045443 1048
30045444 1048
30045444 1048
30045444 1048
30045445 1048
30045445 1048
30045445 1048
30045446 1048
30045446 1048
30045446 1048
30045447 1048
30045447 1050
30045447 1050
30045448 1050
30045448 1050
30045448 1050
30045449 1050
30045449 1050
30045450 1050
30045450 1050
30045450 1050
30045451 1050
30045451 1052
30045451 1052
30045452 1052
30045452 1052
30045452 1052
30045453 1052
30045453 1052
30045454 1052
30045454 1054
30045454 1054
30045455 1054
30045455 1056
30045455 1056
30045456 1056
30045456 1056
30045456 1056
30045457 1056
30045457 1056
30045457 1058
30045458 1058
30045458 1058
30045459 1058
30045459 1060
30045459 1060
30045500 1060
30045500 1060
30045500 1060
30045501 1060
30045501 1060
30045501 1060
30045502 1060
30045502 1062
30045502 1062
30045503 1062
30045503 1062
30045504 1062
30045504 1064
30045504 1064
30045505 1064
30045505 1064
30045505 1064
30045506 1066
30045506 1066
30045506 1066
30045507 1066
30045507 1066
30045507 1068
30045508 1068
30045508 1068
30045509 1068
30045509 1068
30045509 1068
30045510 1068
30045510 1068
30045510 1068
30045511 1068
30045511 1068
30045511 1070
30045512 1070
30045512 1070
30045513 1070
30045513 1070
30045513 1070
30045514 1072
30045514 1072
30045514 1072
30045515 1072
30045515 1072
30045515 1072
30045516 1074
30045516 1074
30045516 1076
30045517 1076
30045517 1076
30045517 1078
30045518 1078
30045518 1078
30045519 1080
30045519 1080
30045519 1084
30045520 1084
30045520 1084
30045520 1086
30045521 1086
30045521 1086
30045521 1088
30045522 1088
30045522 1088
30045523 1090
30045523 1090
30045523 1090
30045524 1092
30045524 1092
30045524 1092
30045525 1092
30045525 1094
30045525 1094
30045526 1094
30045526 1096
30045527 1096
30045527 1096
30045527 1096
30045528 1098
30045528 1098
30045528 1098
30045529 1102
30045529 1102
30045529 1102
30045530 1102
30045530 1104
30045530 1104
30045531 1104
30045531 1104
30045532 1106
30045532 1106
30045532 1106
30045533 1106
30045533 1108
30045533 1108
30045534 1108
30045534 1108
30045534 1114
30045535 1114
30045535 1114
30045536 1114
30045536 1114
30045536 1118
30045537 1118
30045537 1118
30045537 1118
30045538 1120
30045538 1120
30045538 1120
30045539 1120
30045539 1120
30045539 1122
30045540 1122
30045540 1122
30045541 1122
30045541 1122
30045541 1126
30045542 1126
30045542 1126
30045542 1126
30045543 1130
30045543 1130
30045543 1130
30045544 1130
30045544 1130
30045544 1132
30045545 1132
30045545 1132
30045545 1132
30045546 1136
30045546 1136
30045546 1136
30045547 1136
30045547 1136
30045547 1138
30045548 1138
30045548 1138
30045548 1138
30045549 1138
30045549 1142
30045550 1142
30045550 1142
30045550 1142
30045551 1146
30045551 1146
30045551 1146
30045552 1146
30045552 1146
30045552 1022
30045553 1148
30045553 1148
30045553 1148
30045554 1148
30045554 1148
30045554 1152
30045555 1152
30045555 1152
30045555 1152
30045556 1152
30045556 1156
30045556 1156
30045557 1156
30045557 1156
30045557 1156
30045558 1160
30045558 1160
30045558 1160
30045559 1160
30045559 1160
30045600 1164
30045600 1164
30045600 1164
30045601 1164
30045601 1164
30045601 1168
30045602 1168
30045602 1168
30045602 1168
30045603 1168
30045603 1174
30045603 1174
30045604 1174
30045604 1174
30045604 1174
30045605 1178
30045605 1178
30045605 1178
30045606 1178
30045606 1178
30045606 1182
30045607 1182
30045607 1182
30045608 1182
30045608 1182
30045608 1186
30045609 1186
30045609 1186
30045609 1186
30045610 1186
30045610 1190
30045610 1190
30045611 1190
30045611 1190
30045611 1194
30045612 1194
30045612 1194
30045613 1194
30045613 1194
30045613 1198
30045614 1198
30045614 1198
30045614 1198
30045615 1204
30045615 1204
30045615 1204
30045616 1204
30045616 1208
30045616 1208
30045617 1208
30045617 1212
30045617 1212
30045618 1212
30045618 1218
30045618 1218
30045619 1218
30045619 1222
30045619 1222
30045620 1222
30045620 1228
30045621 1026
30045621 1026
30045621 1026
30045622 1026
30045622 1028
30045622 1028
30045623 1028
30045623 1028
30045623 1028
30045624 1028
30045624 1028
30045624 1028
30045625 1028
30045625 1030
30045626 1030
30045626 1030
30045626 1030
30045627 1030
30045627 1030
30045627 1030
30045628 1030
30045628 1030
30045628 1032
30045629 1032
30045629 1032
30045630 1032
30045630 1032
30045630 1032
30045631 1032
30045631 1032
30045631 1032
30045632 1032
30045632 1032
30045632 1032
30045633 1034
30045633 1034
30045633 1034
30045634 1034
30045634 1036
30045634 1036
30045635 1036
30045635 1036
30045636 1036
30045636 1036
30045636 1036
30045637 1036
30045637 1036
30045637 1036
30045638 1036
30045638 1036
30045638 1036
30045639 1036
30045639 1036
30045639 1036
30045640 1036
30045640 1038
30045640 1038
30045641 1038
30045641 1038
30045641 1038
30045642 1038
30045642 1038
30045643 1038
30045643 1038
30045643 1038
30045644 1038
30045644 1040
30045644 1040
30045645 1040
30045645 1040
30045645 1040
30045646 1040
30045646 1040
30045646 1040
30045647 1040
30045647 1040
30045647 1040
30045648 1040
30045648 1040
30045648 1042
30045649 1042
30045649 1042
30045649 1042
30045650 1042
30045650 1042
30045650 1042
30045651 1042
30045651 1042
30045652 1042
30045652 1042
30045652 1042
30045653 1042
30045653 1042
30045653 1042
30045654 1042
30045654 1042
30045654 1042
30045655 1042
30045655 1042
30045655 1042
30045656 1042
30045656 1042
30045656 1042
30045657 1042
30045657 1044
30045657 1044
30045658 1044
30045658 1044
30045658 1044
30045659 1044
30045659 1044
30045659 1044
30045700 1044
30045700 1044
30045701 1044
30045701 1044
30045701 1044
30045702 1044
30045702 1044
30045702 1044
30045703 1044
30045703 1044
30045703 1044
30045704 1044
30045704 1046
30045704 1046
30045705 1046
30045705 1046
30045705 1046
30045706 1046
30045706 1046
30045706 1046
30045707 1046
30045707 1046
30045707 1046
30045708 1072
30045708 1046
30045709 1046
30045709 1046
30045709 1046
30045710 1046
30045710 1046
30045710 1046
30045711 1046
30045711 1046
30045711 1046
30045712 1046
30045712 1046
30045712 1048
30045713 1048
30045713 1048
30045713 1048
30045714 1048
30045714 1048
30045714 1048
30045715 1048
30045715 1048
30045715 1048
30045716 1048
30045716 1048
30045716 1048
30045717 1050
30045717 1050
30045717 1050
30045718 1050
30045718 1050
30045719 1050
30045719 1050
30045719 1050
30045720 1050
30045720 1050
30045720 1050
30045721 1050
30045721 1050
30045721 1050
30045722 1050
30045722 1050
30045722 1050
30045723 1050
30045723 1050
30045723 1050
30045724 1050
30045724 1050
30045724 1050
30045725 1050
30045725 1050
30045726 1050
30045726 1050
30045726 1050
30045727 1050
30045727 1052
30045727 1052
30045728 1052
30045728 1052
30045728 1052
30045729 1052
30045729 1052
30045729 1052
30045730 1052
30045730 1052
30045730 1052
30045731 1052
30045731 1052
30045731 1052
30045732 1052
30045732 1052
30045732 1052
30045733 1052
30045733 1052
30045733 1052
30045734 1052
30045734 1052
30045735 1052
30045735 1052
30045735 1052
30045736 1052
30045736 1052
30045736 1052
30045737 1052
30045737 1052
30045737 1052
30045738 1052
30045738 1052
30045738 1052
30045739 1054
30045739 1054
30045739 1054
30045740 1054
30045740 1054
30045740 1054
30045741 1054
30045741 1054
30045741 1054
30045742 1054
30045742 1054
30045743 1054
30045743 1054
30045743 1054
30045744 1054
30045744 1054
30045744 1054
30045745 1054
30045745 1054
30045745 1056
30045746 1056
30045746 1056
30045746 1056
30045747 1056
30045747 1056
30045747 1056
30045748 1056
30045748 1056
30045748 1056
30045749 1056
30045749 1056
30045749 1056
30045750 1056
30045750 1056
30045750 1056
30045751 1056
30045751 1056
30045751 1056
30045752 1056
30045752 1056
30045752 1056
30045753 1056
30045753 1056
30045753 1056
30045754 1056
30045754 1056
30045754 1056
30045755 1056
30045755 1056
30045756 1056
30045756 1056
30045756 1056
30045757 1056
30045757 1056
30045757 1056
30045758 1056
30045758 1056
30045758 1056
30045759 1056
30045759 1056
30045759 1056
30045800 1056
30045800 1058
30045800 1058
30045801 1058
30045801 1058
30045801 1058
30045802 1058
30045802 1058
30045802 1058
30045803 1058
30045803 1058
30045804 1058
30045804 1058
30045804 1058
30045805 1058
30045805 1058
30045805 1058
30045806 1058
30045806 1058
30045806 1058
30045807 1058
30045807 1058
30045807 1058
30045808 1058
30045808 1058
30045808 1060
30045809 1060
30045809 1060
30045809 1060
30045810 1060
30045810 1060
30045810 1060
30045811 1060
30045811 1060
30045811 1060
30045812 1060
30045812 1060
30045813 1060
30045813 1060
30045813 1060
30045814 1060
30045814 1060
30045814 1060
30045815 1060
30045815 1060
30045815 1060
30045816 1060
30045816 1060
30045816 1060
30045817 1060
30045817 1060
30045817 1060
30045818 1060
30045818 1060
30045819 1060
30045819 1060
30045819 1060
30045820 1060
30045820 1060
30045820 1060
30045821 1060
30045821 1060
30045821 1060
30045822 1060
30045822 1060
30045822 1060
30045823 1060
30045823 1060
30045823 1060
30045824 1060
30045824 1060
30045824 1060
30045825 1060
30045825 1060
30045825 1060
30045826 1060
30045826 1060
30045826 1060
30045827 1062
30045827 1062
30045828 1062
30045828 1062
30045828 1062
30045829 1062
30045829 1062
30045829 1062
30045830 1062
30045830 1062
30045830 1062
30045831 1062
30045831 1062
30045831 1062
30045832 1062
30045832 1062
30045832 1062
30045833 1062
30045833 1062
30045833 1062
30045834 1062
30045834 1062
30045834 1062
30045835 1062
30045835 1062
30045835 1062
30045836 1062
30045836 1062
30045836 1062
30045837 1062
30045837 1064
30045838 1064
30045838 1064
30045838 1064
30045839 1064
30045839 1064
30045839 1064
30045840 1064
30045840 1064
30045840 1064
30045841 1064
30045841 1064
30045841 1064
30045842 1064
30045842 1064
30045842 1064
30045843 1064
30045843 1064
30045843 1064
30045844 1064
30045844 1064
30045845 1064
30045845 1064
30045845 1064
30045846 1064
30045846 1064
30045846 1064
30045847 1064
30045847 1064
30045847 1064
30045848 1064
30045848 1066
30045848 1066
30045849 1066
30045849 1066
30045849 1066
30045850 1066
30045850 1066
30045851 1066
30045851 1066
30045851 1066
30045852 1066
30045852 1066
30045852 1066
30045853 1066
30045853 1066
30045853 1066
30045854 1066
30045854 1066
30045854 1066
30045855 1066
30045855 1066
30045856 1066
30045856 1066
30045856 1066
30045857 1066
30045857 1066
30045857 1066
30045858 1066
30045858 1066
30045858 1066
30045859 1066
30045859 1066
30045859 1066
30045900 1066
30045900 1068
30045901 1068
30045901 1068
30045901 1068
30045902 1068
30045902 1068
30045902 1068
30045903 1068
30045903 1068
30045903 1068
30045904 1068
30045904 1068
30045904 1068
30045905 1068
30045905 1068
30045905 1068
30045906 1068
30045906 1068
30045906 1068
30045907 1068
30045907 1068
30045907 1068
30045908 1068
30045908 1068
30045908 1068
30045909 1068
30045909 1068
30045909 1068
30045910 1068
30045910 1068
30045910 1068
30045911 1068
30045911 1068
30045911 1068
30045912 1068
30045912 1068
30045912 1068
30045913 1070
30045913 1070
30045914 1070
30045914 1070
30045914 1070
30045915 1070
30045915 1070
30045915 1070
30045916 1070
30045916 1070
30045916 1070
30045917 1070
30045917 1070
30045917 1070
30045918 1070
30045918 1070
30045918 1070
30045919 1070
30045919 1070
30045919 1070
30045920 1070
30045920 1070
30045921 1070
30045921 1070
30045921 1070
30045922 1070
30045922 1070
30045922 1070
30045923 1070
30045923 1070
30045923 1070
30045924 1070
30045924 1070
30045924 1070
30045925 1070
30045925 1070
30045925 1070
30045926 1070
30045926 1070
30045926 1072
30045927 1072
30045927 1072
30045927 1072
30045928 1072
30045928 1072
30045929 1072
30045929 1072
30045929 1072
30045930 1072
30045930 1072
30045930 1072
30045931 1072
30045931 1072
30045931 1072
30045932 1072
30045932 1072
30045932 1072
30045933 1072
30045933 1072
30045933 1072
30045934 1072
30045934 1072
30045934 1072
30045935 1072
30045935 1072
30045935 1072
30045936 1072
30045936 1072
30045936 1072
30045937 1072
30045937 1072
30045938 1072
30045938 1072
30045938 1072
30045939 1072
30045939 1072
30045939 1072
30045940 1072
30045940 1072
30045940 1072
30045941 1072
30045941 1076
30045941 1076
30045942 1076
30045942 1076
30045942 1076
30045943 1076
30045943 1076
30045944 1076
30045944 1076
30045944 1076
30045945 1076
30045945 1076
30045945 1076
30045946 1076
30045946 1076
30045946 1076
30045947 1076
30045947 1076
30045947 1076
30045948 1076
30045948 1076
30045949 1076
30045949 1076
30045949 1076
30045950 1076
30045950 1076
30045950 1076
30045951 1076
30045951 1076
30045951 1076
30045952 1076
30045952 1076
30045952 1076
30045953 1076
30045953 1076
30045953 1076
30045954 1076
30045954 1076
30045954 1076
30045955 1076
30045955 1076
30045955 1076
30045956 1076
30045956 1076
30045956 1076
30045957 1076
30045957 1078
30045958 1078
30045958 1078
30045958 1078
30045959 1078
30045959 1078
30045959 1078
30050000 1078
30050000 1078
30050000 1078
30050001 1078
30050001 1078
30050001 1078
30050002 1078
30050002 1078
30050002 1078
30050003 1078
30050003 1078
30050003 1078
30050004 1078
30050004 1078
30050004 1078
30050005 1078
30050005 1078
30050006 1078
30050006 1078
30050006 1078
30050007 1078
30050007 1078
30050007 1078
30050008 1078
30050008 1078
30050008 1078
30050009 1078
30050009 1078
30050009 1078
30050010 1078
30050010 1078
30050010 1078
30050011 1078
30050011 1078
30050012 1078
30050012 1078
30050012 1078
30050013 1078
30050013 1078
30050013 1078
30050014 1078
30050014 1134
30050014 1080
30050015 1080
30050015 1080
30050015 1080
30050016 1080
30050016 1080
30050016 1080
30050017 1080
30050017 1080
30050017 1080
30050018 1080
30050018 1080
30050018 1080
30050019 1080
30050019 1080
30050019 1080
30050020 1080
30050020 1080
30050020 1080
30050021 1080
30050021 1080
30050021 1080
30050022 1080
30050022 1080
30050023 1080
30050023 1080
30050023 1080
30050024 1080
30050024 1080
30050024 1080
30050025 1080
30050025 1080
30050025 1080
30050026 1080
30050026 1080
30050026 1080
30050027 1080
30050027 1080
30050027 1080
30050028 1080
30050028 1080
30050028 1080
30050029 1080
30050029 1080
30050029 1080
30050030 1080
30050030 1080
30050031 1080
30050031 1080
30050031 1080
30050032 1080
30050032 1080
30050032 1080
30050033 1082
30050033 1082
30050033 1082
30050034 1082
30050034 1082
30050034 1082
30050035 1082
30050035 1082
30050035 1082
30050036 1082
30050036 1082
30050036 1082
30050037 1082
30050037 1082
30050037 1082
30050038 1082
30050038 1082
30050039 1082
30050039 1082
30050039 1082
30050040 1082
30050040 1082
30050040 1082
30050041 1082
30050041 1082
30050041 1082
30050042 1082
30050042 1082
30050042 1082
30050043 1082
30050043 1082
30050043 1082
30050044 1082
30050044 1082
30050045 1082
30050045 1082
30050045 1082
30050046 1082
30050046 1082
30050046 1082
30050047 1082
30050047 1082
30050047 1082
30050048 1082
30050048 1082
30050048 1082
30050049 1082
30050049 1082
30050049 1082
30050050 1082
30050050 1082
30050050 1082
30050051 1082
30050051 1082
30050051 1082
30050052 1082
30050052 1082
30050052 1086
30050053 1086
30050053 1086
30050053 1086
30050054 1086
30050054 1086
30050054 1086
30050055 1086
30050055 1086
30050056 1086
30050056 1086
30050056 1086
30050057 1086
30050057 1086
30050057 1086
30050058 1086
30050058 1086
30050058 1086
30050059 1086
30050059 1086
30050059 1086
30050100 1086
30050100 1086
30050100 1086
30050101 1086
30050101 1086
30050101 1086
30050102 1086
30050102 1086
30050103 1086
30050103 1086
30050103 1086
30050104 1086
30050104 1086
30050104 1086
30050105 1086
30050105 1086
30050105 1086
30050106 1086
30050106 1086
30050106 1086
30050107 1086
30050107 1086
30050107 1086
30050108 1086
30050108 1086
30050108 1086
30050109 1086
30050109 1086
30050109 1086
30050110 1086
30050110 1086
30050110 1086
30050111 1086
30050111 1086
30050112 1086
30050112 1086
30050112 1086
30050113 1086
30050113 1086
30050113 1086
30050114 1086
30050114 1088
30050114 1088
30050115 1088
30050115 1088
30050115 1088
30050116 1088
30050116 1088
30050116 1088
30050117 1088
30050117 1088
30050117 1088
30050118 1088
30050118 1088
30050118 1088
30050119 1088
30050119 1088
30050119 1088
30050120 1088
30050120 1088
30050120 1088
30050121 1088
30050121 1088
30050122 1088
30050122 1088
30050122 1088
30050123 1088
30050123 1088
30050123 1088
30050124 1088
30050124 1088
30050124 1088
30050125 1088
30050125 1088
30050125 1088
30050126 1088
30050126 1088
30050126 1088
30050127 1088
30050127 1088
30050127 1088
30050128 1088
30050128 1088
30050128 1088
30050129 1088
30050129 1088
30050129 1088
30050130 1088
30050130 1088
30050131 1088
30050131 1088
30050131 1088
30050132 1088
30050132 1088
30050132 1088
30050133 1088
30050133 1088
30050133 1088
30050134 1088
30050134 1088
30050134 1088
30050135 1088
30050135 1088
30050135 1088
30050136 1088
30050136 1088
30050136 1088
30050137 1088
30050137 1088
30050138 1090
30050138 1092
30050138 1092
30050139 1092
30050139 1092
30050139 1092
30050140 1092
30050140 1092
30050140 1092
30050141 1092
30050141 1092
30050141 1092
30050142 1092
30050142 1092
30050142 1092
30050143 1092
30050143 1092
30050143 1092
30050144 1092
30050144 1092
30050144 1092
30050145 1092
30050145 1092
30050146 1092
30050146 1092
30050146 1092
30050147 1092
30050147 1092
30050147 1092
30050148 1092
30050148 1092
30050148 1092
30050149 1092
30050149 1092
30050149 1092
30050150 1092
30050150 1092
30050150 1092
30050151 1092
30050151 1092
30050151 1092
30050152 1092
30050152 1092
30050152 1092
30050153 1092
30050153 1092
30050153 1092
30050154 1092
30050154 1092
30050154 1092
30050155 1092
30050155 1092
30050155 1092
30050156 1092
30050156 1092
30050156 1092
30050157 1092
30050157 1092
30050157 1092
30050158 1092
30050158 1092
30050159 1092
30050159 1092
30050159 1092
30050200 1092
30050200 1092
30050200 1092
30050201 1092
30050201 1092
30050201 1092
30050202 1092
30050202 1092
30050202 1092
30050203 1092
30050203 1092
30050203 1092
30050204 1092
30050204 1092
30050204 1092
30050205 1092
30050205 1092
30050205 1092
30050206 1092
30050206 1092
30050206 1092
30050207 1092
30050207 1092
30050207 1092
30050208 1092
30050208 1092
30050208 1092
30050209 1092
30050209 1092
30050209 1092
30050210 1092
30050210 1092
30050210 1092
30050211 1092
30050211 1092
30050211 1092
30050212 1092
30050212 1092
30050212 1092
30050213 1092
30050213 1092
30050213 1092
30050214 1092
30050214 1092
30050214 1092
30050215 1092
30050215 1092
30050216 1092
30050216 1092
30050216 1092
30050217 1092
30050217 1092
30050217 1092
30050218 1092
30050218 1092
30050218 1092
30050219 1092
30050219 1092
30050219 1092
30050220 1092
30050220 1092
30050220 1092
30050221 1092
30050221 1092
30050221 1092
30050222 1092
30050222 1092
30050222 1092
30050223 1092
30050223 1092
30050223 1092
30050224 1092
30050224 1092
30050224 1092
30050225 1092
30050225 1092
30050225 1092
30050226 1092
30050226 1092
30050226 1092
30050227 1092
30050227 1092
30050227 1092
30050228 1092
30050228 1092
30050228 1092
30050229 1092
30050229 1092
30050229 1092
30050230 1092
30050230 1094
30050230 1094
30050231 1094
30050231 1094
30050231 1094
30050232 1094
30050232 1094
30050232 1094
30050233 1094
30050233 1094
30050233 1094
30050234 1094
30050234 1094
30050234 1094
30050235 1094
30050235 1094
30050235 1094
30050236 1094
30050236 1094
30050236 1094
30050237 1094
30050237 1094
30050237 1094
30050238 1094
30050238 1094
30050238 1094
30050239 1094
30050239 1094
30050239 1094
30050240 1094
30050240 1094
30050240 1094
30050241 1094
30050241 1094
30050241 1094
30050242 1094
30050242 1094
30050242 1094
30050243 1094
30050243 1094
30050243 1094
30050244 1094
30050244 1094
30050244 1094
30050245 1094
30050245 1094
30050246 1094
30050246 1094
30050246 1094
30050247 1094
30050247 1094
30050247 1094
30050248 1094
30050248 1094
30050248 1094
30050249 1094
30050249 1094
30050249 1094
30050250 1094
30050250 1094
30050250 1094
30050251 1094
30050251 1094
30050251 1094
30050252 1094
30050252 1094
30050252 1094
30050253 1094
30050253 1094
30050253 1094
30050254 1094
30050254 1094
30050254 1094
30050255 1094
30050255 1094
30050255 1094
30050256 1094
30050256 1094
30050256 1094
30050257 1094
30050257 1094
