30014846 12
30014847 1136
30014847 1140
30014848 1144
30014848 1150
30014848 1152
30014849 1156
30014849 1160
30014849 1164
30014850 1170
30014850 1176
30014850 1180
30014851 1186
30014851 1190
30014851 1196
30014852 1126
30014852 1128
30014852 1128
30014852 1128
30014853 1130
30014853 1130
30014853 1132
30014854 1132
30014854 1134
30014854 1134
30014855 1136
30014855 1120
30014855 1120
30014856 1120
30014856 1120
30014856 1120
30014857 1120
30014857 1120
30014857 1120
30014858 1120
30014858 1120
30014858 1120
30014859 1120
30014859 1120
30014859 1120
30014900 1120
30014900 1120
30014900 1122
30014901 1122
30014901 1122
30014901 1122
30014902 1122
30014902 1124
30014902 1126
30014903 1128
30014903 1130
30014903 1134
30014904 1134
30014904 1136
30014904 1138
30014905 1138
30014905 1140
30014905 1142
30014906 1144
30014906 1146
30014906 1148
30014907 1148
30014907 1152
30014907 1154
30014908 1158
