29214100 0
29214101 1180
29214101 1262
29214101 1438
29214102 1564
29214102 2364
29214102 2706
29214103 2100
29214103 2144
29214103 3518
29214104 3974
29214104 4356
29214104 4778
29214105 3064
29214105 5244
29214105 3302
29214106 6126
29214106 6516
29214106 6934
29214107 4082
29214107 1250
29214107 1402
29214108 1276
29214108 1302
29214108 1302
29214109 1330
29214109 1342
29214109 1692
29214110 1464
29214110 1138
29214110 1140
29214111 1594
29214111 1120
29214111 1712
29214112 1710
29214112 2410
29214112 1846
29214113 1916
29214113 1916
29214113 1136
29214114 2004
29214114 2004
29214114 2018
29214115 3062
29214115 2148
29214115 2240
29214116 3490
29214116 3648
29214116 3812
29214117 3940
29214117 4074
29214117 4258
29214118 1172
29214118 2824
29214118 2824
29214119 2824
29214119 4654
29214119 2980
29214120 4920
29214120 3058
29214120 5202
29214121 5318
29214121 3262
29214121 3262
29214122 3262
29214122 5498
29214122 5620
29214123 1120
29214123 5938
29214123 3578
29214124 3578
29214124 3578
29214124 3612
29214125 1192
29214125 6412
29214125 6482
29214126 6626
29214126 6772
29214126 3964
29214127 3964
29214127 1160
29214127 1160
29214128 1164
29214128 1212
29214128 1218
29214129 1172
29214129 1174
29214129 1174
29214130 1174
29214130 1174
29214130 1174
29214131 1174
29214131 1174
29214131 1174
29214132 1174
29214132 1174
29214132 1174
29214133 1174
29214133 1174
29214133 1174
29214134 1174
29214134 1174
29214134 1174
29214135 1174
29214135 1174
29214135 1174
29214136 1174
29214136 1174
29214136 1174
29214137 1174
29214137 1174
29214137 1174
29214138 1174
29214138 1174
29214138 1174
29214139 1174
29214139 1174
29214139 1174
29214140 1174
29214140 1174
29214140 1174
29214141 1174
29214141 1174
29214141 1174
29214142 1174
29214142 1174
29214142 1174
29214143 1174
29214143 1174
29214143 1174
29214143 1174
29214144 1176
