30123652 0
30123653 1318
30123653 1318
30123654 1318
30123654 1318
30123654 1318
30123655 1318
30123655 1318
30123655 1318
30123656 1370
30123656 1370
30123656 1370
30123657 1370
30123657 1370
30123657 1370
30123658 1370
30123658 1204
30123658 1204
30123658 1204
30123659 1204
30123659 1204
30123659 1204
30123700 1204
30123700 1204
30123700 1204
30123701 1222
30123701 1222
30123701 1222
30123702 1222
30123702 1222
30123702 1222
30123703 1222
30123703 1222
30123703 1244
30123704 1244
30123704 1244
30123704 1244
30123705 1244
30123705 1244
30123705 1244
30123706 1244
30123706 1244
30123706 1270
30123707 1270
30123707 1270
30123707 1270
30123708 1270
30123708 1270
30123708 1270
30123709 1270
30123709 1270
30123709 1300
30123710 1300
30123710 1300
30123710 1300
30123711 1300
30123711 1300
30123711 1300
30123712 1300
30123712 1334
30123712 1334
30123713 1334
30123713 1334
30123713 1334
30123714 1334
30123714 1334
30123714 1334
30123715 1376
30123715 1376
30123715 1376
30123716 1376
30123716 1376
30123716 1376
30123717 1376
30123717 1376
30123717 1376
30123718 1128
30123718 1422
30123718 1422
30123719 1422
30123719 1422
30123719 1422
30123720 1422
30123720 1422
30123720 1422
30123721 1478
30123721 1478
30123721 1478
30123722 1478
30123722 1478
30123722 1478
30123723 1478
30123723 1542
30123723 1542
30123724 1542
30123724 1542
30123724 1542
30123725 1542
30123725 1144
30123725 1614
30123726 1614
30123726 1614
30123726 1614
30123727 1614
30123727 1694
30123727 1694
30123728 1694
30123728 1694
30123728 1694
30123729 1790
30123729 1790
30123729 1790
30123730 1790
30123730 1790
30123730 1900
30123731 1900
30123731 1900
30123731 1900
30123732 1900
30123732 2024
30123732 2024
30123733 2024
30123733 2024
30123733 2024
30123734 1278
30123734 1278
30123734 1278
30123735 1278
30123735 1278
30123735 1300
30123736 1300
30123736 1300
30123736 1300
30123737 1300
30123737 1322
30123737 1322
30123738 1322
30123738 1322
30123738 1348
30123739 1348
30123739 1348
30123739 1374
30123740 1374
30123740 1374
30123740 1402
30123740 1402
30123741 1402
30123741 1402
30123741 1434
30123742 1434
30123742 1434
30123742 1160
30123743 1160
30123743 1160
30123743 1160
30123744 1164
30123744 1164
30123744 1164
30123745 1164
30123745 1166
30123745 1166
30123746 1166
30123746 1170
30123746 1170
30123747 1170
30123747 1176
30123747 1176
30123748 1180
30123748 1180
30123748 1186
30123749 1186
30123749 1186
30123749 1190
30123750 1190
30123750 1196
30123750 1196
30123751 1196
30123751 1200
30123751 1200
30123752 1200
30123752 1200
30123752 1208
30123753 1208
30123753 1208
30123753 1214
30123754 1222
30123754 1222
30123754 1128
30123755 1128
30123755 1128
30123755 1130
30123756 1132
30123756 1134
30123756 1138
30123757 1140
30123757 1146
30123757 1150
30123758 1154
30123758 1120
30123758 1120
30123759 1118
30123759 1120
