30105937 0
30105937 1204
30105937 1204
30105938 1204
30105938 1222
30105938 1222
30105939 1222
30105939 1244
30105939 1244
30105940 1244
30105940 1270
30105940 1270
30105941 1270
30105941 1300
30105941 1300
30105942 1300
30105942 1162
30105942 1162
30105943 1162
30105943 1162
30105943 1170
30105944 1170
30105944 1176
30105944 1176
30105945 1176
30105945 1184
30105945 1184
30105946 1184
30105946 1194
30105946 1194
30105947 1194
30105947 1194
30105947 1204
30105948 1204
30105948 1204
30105948 1204
30105949 1214
30105949 1214
30105949 1228
30105950 1228
30105950 1228
30105950 1244
30105951 1244
30105951 1244
30105951 1260
30105952 1260
30105952 1260
30105952 1278
30105953 1278
30105953 1278
30105953 1300
30105954 1300
30105954 1300
30105954 1322
30105955 1322
30105955 1322
30105955 1348
30105956 1348
30105956 1348
30105956 1348
30105957 1374
30105957 1374
30105957 1374
30105958 1402
30105958 1402
30105958 1402
30105959 1402
30105959 1434
30105959 1434
30110000 1434
30110000 1434
30110000 1470
30110001 1470
30110001 1470
30110001 1470
30110002 1164
30110002 1164
30110002 1164
30110003 1164
30110003 1166
30110003 1166
30110004 1166
30110004 1170
30110004 1176
30110005 1180
30110005 1180
30110005 1186
30110006 1190
30110006 1190
30110006 1196
30110007 1200
30110007 1200
30110007 1208
30110007 1214
30110008 1214
30110008 1222
30110008 1228
30110009 1228
30110009 1236
30110009 1130
30110010 1130
30110010 1130
30110010 1130
30110011 1130
30110011 1130
30110011 1132
30110012 1132
30110012 1132
30110012 1132
30110013 1132
30110013 1134
30110013 1134
30110014 1134
30110014 1136
30110014 1136
30110015 1136
30110015 1138
30110015 1138
30110016 1138
30110016 1140
30110016 1142
30110017 1146
30110017 1148
30110017 1150
30110018 1154
30110018 1158
30110018 1162
30110019 1120
30110019 1120
30110019 1120
30110020 1122
30110020 1122
30110020 1122
30110021 1122
30110021 1124
30110021 1124
30110022 1124
30110022 1128
30110022 1128
30110023 1130
30110023 1132
30110023 1138
