29210825 0
29210826 1056
29210826 1148
29210827 1484
29210827 1360
29210827 1466
29210828 1466
29210828 1466
29210828 1492
29210829 2266
29210829 2536
29210829 2768
29210830 2046
29210830 2144
29210830 3528
29210831 3874
29210831 2610
29210831 4534
29210832 2814
29210832 4678
29210832 4986
29210833 5310
29210833 3296
29210834 3296
29210834 5658
29210834 5840
29210835 6218
29210835 6626
29210835 6836
29210836 7052
29210836 1260
29210836 7746
29210837 7988
29210837 8240
29210837 1296
29210838 9038
29210838 9320
29210838 9610
29210839 9906
29210839 10212
29210839 10526
29210840 5856
29210840 5856
29210840 5856
29210841 5856
29210841 5856
29210841 5856
29210842 10846
29210842 11176
29210842 6184
29210843 11514
29210843 11864
29210844 12222
29210844 12588
29210844 6900
29210845 12966
29210845 13350
29210845 13748
29210846 13748
29210846 1238
29210846 1238
29210847 1238
29210847 1238
29210847 1254
29210848 1286
29210848 1020
29210848 1338
29210849 1338
29210849 1338
29210849 1338
29210850 1720
29210850 1802
29210851 1022
29210851 1468
29210851 1468
29210852 1468
29210852 1468
29210852 1468
29210853 1942
29210853 2042
29210853 1580
29210854 1578
29210854 1578
29210854 1578
29210855 1578
29210855 1588
29210855 2238
29210856 1050
29210856 1710
29210856 1710
29210857 1710
29210857 1710
29210857 1710
29210858 1710
29210858 1710
29210859 1736
29210859 1788
29210859 2626
29210900 1860
29210900 1860
29210900 1860
29210901 1860
29210901 1860
29210901 1860
29210902 1860
29210902 1860
29210902 1860
29210903 1860
29210903 1860
29210903 2742
29210904 2834
29210904 1058
29210904 3032
29210905 2036
29210905 2036
29210905 2036
29210906 2036
29210906 2036
29210906 2036
29210907 2036
29210907 2036
29210908 2036
29210908 2036
29210908 2036
29210909 2036
29210909 3064
29210909 1042
29210910 1042
29210910 1042
29210910 1046
29210911 1046
29210911 1046
29210911 1046
29210912 1048
29210912 1048
29210912 1048
29210913 1048
29210913 1052
29210913 1056
29210914 1056
29210914 1056
29210914 1056
29210915 1060
29210915 1062
29210915 1062
29210916 1062
29210916 1068
29210916 1068
29210917 1068
29210917 1068
29210917 1070
29210918 1070
29210918 1070
29210918 1072
29210919 1072
29210919 1072
29210919 1074
29210920 1074
29210920 1074
29210920 1078
29210921 1078
29210921 1078
29210922 1080
29210922 1084
29210922 1084
29210923 1084
29210923 1084
29210923 1084
29210924 1084
29210924 1084
29210924 1084
29210925 1084
29210925 1084
29210925 1084
29210926 1084
29210926 1084
29210926 1084
29210927 1084
29210927 1084
29210927 1084
29210928 1084
29210928 1084
29210928 1084
29210929 1084
29210929 1084
29210929 1084
29210930 1084
29210930 1084
29210930 1084
29210931 1084
29210931 1084
29210931 1084
29210932 1084
29210932 1084
29210932 1084
29210933 1084
29210933 1084
29210934 1084
29210934 1084
29210934 1084
29210935 1084
29210935 1084
29210935 1084
29210936 1084
29210936 1084
29210936 1084
29210937 1084
29210937 1084
29210937 1084
29210938 1084
29210938 1084
29210938 1084
29210939 1084
29210939 1084
29210939 1084
29210940 1084
29210940 1084
29210940 1084
29210941 1084
29210941 1084
29210941 1084
29210942 1084
29210942 1084
29210942 1084
29210943 1084
29210943 1084
29210943 1084
29210944 1084
29210944 1084
29210945 1084
29210945 1084
29210945 1084
29210946 1084
29210946 1084
29210946 1084
29210947 1084
29210947 1084
29210947 1084
29210948 1084
29210948 1084
29210948 1084
29210949 1084
29210949 1084
29210949 1084
29210950 1084
29210950 1084
29210950 1084
29210951 1084
29210951 1084
29210951 1084
29210952 1084
29210952 1084
29210952 1084
29210953 1084
29210953 1084
29210953 1084
29210954 1084
29210954 1084
29210954 1084
29210955 1084
29210955 1084
29210956 1084
29210956 1084
29210956 1084
29210957 1084
29210957 1084
29210957 1084
29210958 1084
29210958 1084
29210958 1084
29210959 1084
29210959 1084
29210959 1084
29211000 1084
29211000 1084
29211000 1084
29211001 1084
29211001 1084
29211001 1084
29211002 1084
29211002 1084
29211002 1084
29211003 1084
29211003 1084
29211003 1084
29211004 1084
29211004 1084
29211005 1084
29211005 1084
29211005 1084
29211006 1084
29211006 1084
29211006 1084
29211007 1084
29211007 1084
29211007 1084
29211008 1084
29211008 1084
29211008 1084
29211009 1084
29211009 1084
29211009 1084
29211010 1084
29211010 1084
29211010 0
