30105915 0
30105916 1116
30105916 1116
30105916 1116
30105917 1116
30105917 1116
30105917 1116
30105918 1178
30105918 1190
30105918 1190
30105919 1204
30105919 1204
30105919 1142
30105920 1142
30105920 1146
30105920 1152
30105921 1152
30105921 1156
30105921 1156
30105922 1162
30105922 1170
30105922 1170
30105923 1176
30105923 1184
30105923 1184
30105924 1194
30105924 1204
30105924 1204
30105925 1214
30105925 1228
30105925 1228
30105926 1136
30105926 1136
30105926 1138
30105927 1140
30105927 1140
30105927 1144
30105928 1146
30105928 1150
30105928 1152
30105929 1154
30105929 1160
30105929 1166
30105930 1170
30105930 1180
30105930 1186
30105931 1126
30105931 1128
30105931 1128
30105932 1128
30105932 1130
30105932 1130
30105933 1130
30105933 1132
30105933 1134
30105934 1136
30105934 1138
30105934 1142
30105935 1146
30105935 1120
30105935 1120
30105936 1122
30105936 1118
30105936 1118
