Last Time Cost: 00000000 ms
Total Time Cost: 00000000 ms
Total Distance 468: 14 14 14 14 14 14 14 14 14 12 12 12 12 12 12 12 12 12 13 13 13 13 13 13 13 13 13 13 13 13 13 13 13 13 13 13
Last Time Cost: 00000635 ms
Total Time Cost: 00000635 ms
Total Distance 455: 14 14 13 14 14 13 14 14 14 12 12 12 12 12 11 11 11 12 12 13 12 12 12 13 12 13 12 13 13 12 12 13 13 13 13 13
Last Time Cost: 00000246 ms
Total Time Cost: 00000881 ms
Total Distance 443: 14 13 12 14 13 12 14 13 13 12 12 11 12 12 11 11 10 11 12 13 12 12 12 12 12 13 12 13 12 12 12 12 13 13 13 13
Last Time Cost: 00000074 ms
Total Time Cost: 00000955 ms
Total Distance 432: 14 13 12 14 13 11 13 13 12 12 12 10 11 12 11 11 9 11 12 12 11 11 11 12 12 13 11 13 12 12 12 12 13 13 13 13
Last Time Cost: 00000066 ms
Total Time Cost: 00001021 ms
Total Distance 425: 14 13 12 14 13 11 12 13 12 12 12 9 10 12 11 11 8 11 12 11 10 10 11 12 12 13 11 13 12 12 12 12 13 13 13 13
Last Time Cost: 00000059 ms
Total Time Cost: 00001080 ms
Total Distance 418: 14 13 11 14 13 11 12 13 12 12 12 9 10 12 10 11 7 11 11 11 9 10 10 12 11 13 11 13 12 12 12 12 13 13 13 13
Last Time Cost: 00000057 ms
Total Time Cost: 00001137 ms
Total Distance 411: 13 13 11 13 13 11 12 13 12 11 12 9 10 12 10 11 6 11 11 11 9 10 10 12 11 13 11 13 12 11 12 12 12 12 13 13
Last Time Cost: 00000039 ms
Total Time Cost: 00001176 ms
Total Distance 406: 13 13 11 13 13 11 12 13 12 10 12 9 10 12 10 11 5 11 11 11 9 10 10 12 10 13 10 13 12 11 12 12 12 11 13 13
Last Time Cost: 00000030 ms
Total Time Cost: 00001206 ms
Total Distance 402: 13 13 11 13 13 11 12 13 12 10 11 9 10 12 10 11 4 11 11 10 8 10 10 12 10 13 10 13 12 11 12 12 12 11 13 13
Last Time Cost: 00000024 ms
Total Time Cost: 00001230 ms
Total Distance 398: 13 13 11 13 13 11 11 13 12 10 11 9 10 12 10 11 3 11 11 10 8 10 9 12 10 13 10 13 12 10 12 12 12 11 13 13
Last Time Cost: 00000020 ms
Total Time Cost: 00001250 ms
Total Distance 395: 13 13 11 13 13 11 11 13 12 9 11 9 10 12 10 11 2 11 11 10 8 10 9 12 10 13 10 13 12 10 12 12 12 10 13 13
Last Time Cost: 00000013 ms
Total Time Cost: 00001263 ms
Total Distance 393: 13 13 11 13 13 10 11 13 12 9 11 9 10 12 10 11 1 11 11 10 8 10 9 12 10 13 10 13 12 10 12 12 12 10 13 13
Last Time Cost: 00000009 ms
Total Time Cost: 00001272 ms
Total Distance 392: 13 13 11 13 13 10 11 13 12 9 11 9 10 12 10 11 0 11 11 10 8 10 9 12 10 13 10 13 12 10 12 12 12 10 13 13
Last Time Cost: 00000131 ms
Total Time Cost: 00001403 ms
Total Distance 384: 13 13 11 13 13 10 11 13 11 9 11 9 10 12 10 11 0 11 11 10 7 9 9 12 10 13 10 12 11 9 11 11 12 10 13 13
Last Time Cost: 00000110 ms
Total Time Cost: 00001513 ms
Total Distance 379: 13 13 11 13 13 10 11 13 11 9 10 9 10 12 10 11 0 10 11 9 6 9 9 12 9 13 10 12 11 9 11 11 12 10 13 13
Last Time Cost: 00000093 ms
Total Time Cost: 00001606 ms
Total Distance 374: 13 13 11 13 12 10 11 13 11 9 9 9 10 12 9 10 0 10 11 9 5 9 9 12 9 13 10 12 11 9 11 11 12 10 13 13
Last Time Cost: 00000072 ms
Total Time Cost: 00001678 ms
Total Distance 369: 12 13 11 13 12 10 11 13 11 9 9 9 10 12 9 10 0 10 11 9 4 9 9 11 9 13 10 12 11 8 10 11 12 10 13 13
Last Time Cost: 00000052 ms
Total Time Cost: 00001730 ms
Total Distance 366: 12 13 11 13 12 10 11 13 11 9 9 9 10 12 9 10 0 10 11 9 3 9 9 11 9 13 10 12 11 7 9 11 12 10 13 13
Last Time Cost: 00000040 ms
Total Time Cost: 00001770 ms
Total Distance 364: 12 13 11 13 12 10 11 13 11 9 9 9 10 12 9 10 0 10 11 8 2 9 9 11 9 13 10 12 11 7 9 11 12 10 13 13
Last Time Cost: 00000029 ms
Total Time Cost: 00001799 ms
Total Distance 363: 12 13 11 13 12 10 11 13 11 9 9 9 10 12 9 10 0 10 11 8 1 9 9 11 9 13 10 12 11 7 9 11 12 10 13 13
Last Time Cost: 00000021 ms
Total Time Cost: 00001820 ms
Total Distance 362: 12 13 11 13 12 10 11 13 11 9 9 9 10 12 9 10 0 10 11 8 0 9 9 11 9 13 10 12 11 7 9 11 12 10 13 13
Last Time Cost: 00000200 ms
Total Time Cost: 00002020 ms
Total Distance 355: 12 12 11 13 11 10 11 13 11 9 9 9 10 11 9 10 0 10 11 8 0 9 9 11 9 12 10 11 11 6 9 11 12 10 12 13
Last Time Cost: 00000119 ms
Total Time Cost: 00002139 ms
Total Distance 349: 12 12 11 13 11 9 11 12 11 9 9 9 10 10 9 10 0 10 11 8 0 9 9 11 9 12 10 11 11 5 9 10 12 10 12 12
Last Time Cost: 00000067 ms
Total Time Cost: 00002206 ms
Total Distance 346: 12 12 10 13 11 9 11 12 11 9 9 9 10 10 9 10 0 10 11 8 0 9 9 11 9 12 10 11 11 4 9 10 11 10 12 12
Last Time Cost: 00000056 ms
Total Time Cost: 00002262 ms
Total Distance 343: 12 12 10 13 11 9 11 12 11 9 9 9 10 10 8 10 0 10 11 8 0 9 9 11 9 12 10 11 11 3 8 10 11 10 12 12
Last Time Cost: 00000047 ms
Total Time Cost: 00002309 ms
Total Distance 341: 12 12 10 13 11 9 11 12 11 9 9 9 10 9 8 10 0 10 11 8 0 9 9 11 9 12 10 11 11 2 8 10 11 10 12 12
Last Time Cost: 00000040 ms
Total Time Cost: 00002349 ms
Total Distance 340: 12 12 10 13 11 9 11 12 11 9 9 9 10 9 8 10 0 10 11 8 0 9 9 11 9 12 10 11 11 1 8 10 11 10 12 12
Last Time Cost: 00000035 ms
Total Time Cost: 00002384 ms
Total Distance 339: 12 12 10 13 11 9 11 12 11 9 9 9 10 9 8 10 0 10 11 8 0 9 9 11 9 12 10 11 11 0 8 10 11 10 12 12
Last Time Cost: 00000717 ms
Total Time Cost: 00003101 ms
Total Distance 329: 11 11 10 12 11 9 10 12 10 9 9 9 10 9 8 9 0 10 11 7 0 9 9 11 9 12 9 11 10 0 8 9 11 10 12 12
Last Time Cost: 00000112 ms
Total Time Cost: 00003213 ms
Total Distance 323: 10 11 9 11 11 9 10 12 10 9 9 9 10 9 8 9 0 10 11 6 0 8 9 11 9 12 9 11 9 0 8 9 11 10 12 12
Last Time Cost: 00000095 ms
Total Time Cost: 00003308 ms
Total Distance 318: 9 11 9 10 11 9 9 12 10 9 9 9 10 9 8 9 0 10 11 5 0 8 9 11 9 12 8 11 9 0 8 9 11 10 12 12
Last Time Cost: 00000084 ms
Total Time Cost: 00003392 ms
Total Distance 313: 9 10 9 9 11 9 9 12 9 9 8 9 10 9 8 9 0 10 11 4 0 8 9 11 9 12 8 11 9 0 8 9 11 10 12 12
Last Time Cost: 00000074 ms
Total Time Cost: 00003466 ms
Total Distance 307: 9 9 9 9 11 9 9 12 9 9 7 9 10 9 8 9 0 10 11 3 0 8 9 11 9 12 8 11 8 0 8 9 10 10 11 12
Last Time Cost: 00000066 ms
Total Time Cost: 00003532 ms
Total Distance 303: 9 9 8 9 11 9 9 11 9 9 7 8 10 9 8 9 0 10 11 2 0 8 9 11 9 12 8 11 8 0 8 9 10 10 11 12
Last Time Cost: 00000065 ms
Total Time Cost: 00003597 ms
Total Distance 300: 9 9 8 8 11 9 9 11 9 9 7 8 10 9 8 9 0 10 11 1 0 8 9 11 9 12 8 11 7 0 8 9 10 10 11 12
Last Time Cost: 00000067 ms
Total Time Cost: 00003664 ms
Total Distance 299: 9 9 8 8 11 9 9 11 9 9 7 8 10 9 8 9 0 10 11 0 0 8 9 11 9 12 8 11 7 0 8 9 10 10 11 12
Last Time Cost: 00000385 ms
Total Time Cost: 00004049 ms
Total Distance 293: 9 9 8 8 11 9 9 11 8 9 7 8 10 8 7 9 0 10 11 0 0 8 8 11 9 12 8 11 6 0 8 9 10 10 11 11
Last Time Cost: 00000138 ms
Total Time Cost: 00004187 ms
Total Distance 288: 9 9 8 8 11 9 9 11 7 9 7 8 10 7 7 9 0 10 11 0 0 8 8 11 8 12 8 11 5 0 8 9 10 10 11 10
Last Time Cost: 00000123 ms
Total Time Cost: 00004310 ms
Total Distance 283: 9 9 8 8 11 9 8 11 7 9 7 8 9 7 7 9 0 10 11 0 0 8 8 10 8 12 7 11 4 0 8 9 10 10 11 10
Last Time Cost: 00000110 ms
Total Time Cost: 00004420 ms
Total Distance 280: 9 8 8 8 11 9 8 11 7 9 7 8 9 7 7 9 0 10 11 0 0 8 8 10 7 12 7 11 3 0 8 9 10 10 11 10
Last Time Cost: 00000104 ms
Total Time Cost: 00004524 ms
Total Distance 278: 9 7 8 8 11 9 8 11 7 9 7 8 9 7 7 9 0 10 11 0 0 8 8 10 7 12 7 11 2 0 8 9 10 10 11 10
Last Time Cost: 00000104 ms
Total Time Cost: 00004628 ms
Total Distance 277: 9 7 8 8 11 9 8 11 7 9 7 8 9 7 7 9 0 10 11 0 0 8 8 10 7 12 7 11 1 0 8 9 10 10 11 10
Last Time Cost: 00000105 ms
Total Time Cost: 00004733 ms
Total Distance 276: 9 7 8 8 11 9 8 11 7 9 7 8 9 7 7 9 0 10 11 0 0 8 8 10 7 12 7 11 0 0 8 9 10 10 11 10
Last Time Cost: 00001626 ms
Total Time Cost: 00006359 ms
Total Distance 269: 9 7 8 8 11 9 7 11 7 9 7 8 8 6 7 9 0 9 11 0 0 8 8 10 6 12 7 10 0 0 8 9 9 10 11 10
Last Time Cost: 00000302 ms
Total Time Cost: 00006661 ms
Total Distance 264: 9 7 8 8 11 9 7 11 7 8 7 8 8 5 7 9 0 9 10 0 0 7 8 10 6 12 7 10 0 0 8 9 9 9 11 10
Last Time Cost: 00000168 ms
Total Time Cost: 00006829 ms
Total Distance 262: 9 7 8 8 11 9 7 11 7 8 7 8 8 4 7 9 0 9 10 0 0 7 8 10 6 12 7 10 0 0 8 8 9 9 11 10
Last Time Cost: 00000164 ms
Total Time Cost: 00006993 ms
Total Distance 260: 9 7 8 8 11 9 7 11 7 8 7 8 8 3 7 9 0 9 10 0 0 7 8 10 6 12 7 10 0 0 8 8 9 9 11 9
Last Time Cost: 00000165 ms
Total Time Cost: 00007158 ms
Total Distance 259: 9 7 8 8 11 9 7 11 7 8 7 8 8 2 7 9 0 9 10 0 0 7 8 10 6 12 7 10 0 0 8 8 9 9 11 9
Last Time Cost: 00000167 ms
Total Time Cost: 00007325 ms
Total Distance 258: 9 7 8 8 11 9 7 11 7 8 7 8 8 1 7 9 0 9 10 0 0 7 8 10 6 12 7 10 0 0 8 8 9 9 11 9
Last Time Cost: 00000170 ms
Total Time Cost: 00007495 ms
Total Distance 257: 9 7 8 8 11 9 7 11 7 8 7 8 8 0 7 9 0 9 10 0 0 7 8 10 6 12 7 10 0 0 8 8 9 9 11 9
Last Time Cost: 00000268 ms
Total Time Cost: 00007763 ms
Total Distance 253: 9 7 8 8 11 9 7 11 7 8 7 8 7 0 7 9 0 8 10 0 0 7 8 10 5 12 7 10 0 0 8 8 8 9 11 9
Last Time Cost: 00000254 ms
Total Time Cost: 00008017 ms
Total Distance 249: 9 7 7 8 11 9 7 10 7 8 7 8 7 0 7 9 0 8 10 0 0 7 8 10 4 12 7 10 0 0 8 8 7 9 11 9
Last Time Cost: 00000236 ms
Total Time Cost: 00008253 ms
Total Distance 246: 9 7 7 8 11 9 7 10 6 8 7 8 7 0 7 9 0 8 9 0 0 7 8 10 3 12 7 10 0 0 8 8 7 9 11 9
Last Time Cost: 00000240 ms
Total Time Cost: 00008493 ms
Total Distance 244: 9 7 7 8 11 9 7 10 6 8 7 8 7 0 7 9 0 8 9 0 0 7 8 10 2 12 7 10 0 0 7 8 7 9 11 9
Last Time Cost: 00000246 ms
Total Time Cost: 00008739 ms
Total Distance 241: 9 7 7 8 11 9 7 10 6 8 7 8 7 0 7 9 0 8 9 0 0 7 8 9 1 12 7 10 0 0 7 8 7 9 10 9
Last Time Cost: 00000252 ms
Total Time Cost: 00008991 ms
Total Distance 239: 9 7 7 8 11 9 7 10 6 8 7 8 7 0 7 9 0 8 9 0 0 7 8 9 0 12 7 10 0 0 7 8 7 9 9 9
Last Time Cost: 00000340 ms
Total Time Cost: 00009331 ms
Total Distance 235: 9 7 7 8 11 9 7 10 5 8 7 8 7 0 7 9 0 8 9 0 0 7 8 8 0 11 7 9 0 0 7 8 7 9 9 9
Last Time Cost: 00000090 ms
Total Time Cost: 00009421 ms
Total Distance 232: 9 7 7 8 10 9 7 10 4 8 7 8 7 0 6 9 0 8 9 0 0 7 8 8 0 11 7 9 0 0 7 8 7 9 9 9
Last Time Cost: 00000056 ms
Total Time Cost: 00009477 ms
Total Distance 230: 9 7 7 7 10 9 7 10 3 8 7 8 7 0 6 9 0 8 9 0 0 7 8 8 0 11 7 9 0 0 7 8 7 9 9 9
Last Time Cost: 00000045 ms
Total Time Cost: 00009522 ms
Total Distance 228: 9 7 7 7 10 9 7 10 2 8 7 8 7 0 6 9 0 8 9 0 0 7 8 8 0 11 6 9 0 0 7 8 7 9 9 9
Last Time Cost: 00000036 ms
Total Time Cost: 00009558 ms
Total Distance 226: 9 7 7 7 9 9 7 10 1 8 7 8 7 0 6 9 0 8 9 0 0 7 8 8 0 11 6 9 0 0 7 8 7 9 9 9
Last Time Cost: 00000033 ms
Total Time Cost: 00009591 ms
Total Distance 225: 9 7 7 7 9 9 7 10 0 8 7 8 7 0 6 9 0 8 9 0 0 7 8 8 0 11 6 9 0 0 7 8 7 9 9 9
Last Time Cost: 00000178 ms
Total Time Cost: 00009769 ms
Total Distance 221: 9 7 7 7 8 9 7 9 0 8 7 8 7 0 5 9 0 8 9 0 0 7 8 8 0 11 6 9 0 0 7 8 6 9 9 9
Last Time Cost: 00000074 ms
Total Time Cost: 00009843 ms
Total Distance 218: 9 7 7 7 7 9 7 9 0 8 7 8 7 0 4 9 0 7 9 0 0 7 8 8 0 11 6 9 0 0 7 8 6 9 9 9
Last Time Cost: 00000064 ms
Total Time Cost: 00009907 ms
Total Distance 216: 9 7 7 7 7 9 7 9 0 8 7 8 7 0 3 9 0 7 9 0 0 7 8 8 0 11 6 9 0 0 7 8 5 9 9 9
Last Time Cost: 00000055 ms
Total Time Cost: 00009962 ms
Total Distance 214: 9 7 7 7 7 9 7 9 0 8 7 8 7 0 2 8 0 7 9 0 0 7 8 8 0 11 6 9 0 0 7 8 5 9 9 9
Last Time Cost: 00000048 ms
Total Time Cost: 00010010 ms
Total Distance 213: 9 7 7 7 7 9 7 9 0 8 7 8 7 0 1 8 0 7 9 0 0 7 8 8 0 11 6 9 0 0 7 8 5 9 9 9
Last Time Cost: 00000045 ms
Total Time Cost: 00010055 ms
Total Distance 212: 9 7 7 7 7 9 7 9 0 8 7 8 7 0 0 8 0 7 9 0 0 7 8 8 0 11 6 9 0 0 7 8 5 9 9 9
Last Time Cost: 00000143 ms
Total Time Cost: 00010198 ms
Total Distance 207: 9 7 7 7 7 9 7 9 0 8 7 8 7 0 0 7 0 7 9 0 0 7 7 8 0 11 6 9 0 0 7 8 4 9 8 8
Last Time Cost: 00000081 ms
Total Time Cost: 00010279 ms
Total Distance 204: 9 7 7 7 7 8 7 9 0 8 7 7 7 0 0 7 0 7 9 0 0 7 7 8 0 11 6 9 0 0 7 8 3 9 8 8
Last Time Cost: 00000069 ms
Total Time Cost: 00010348 ms
Total Distance 201: 9 7 7 7 7 8 7 9 0 8 7 7 7 0 0 6 0 7 9 0 0 7 7 8 0 11 6 9 0 0 7 7 2 9 8 8
Last Time Cost: 00000061 ms
Total Time Cost: 00010409 ms
Total Distance 199: 9 7 7 7 7 8 7 9 0 7 7 7 7 0 0 6 0 7 9 0 0 7 7 8 0 11 6 9 0 0 7 7 1 9 8 8
Last Time Cost: 00000054 ms
Total Time Cost: 00010463 ms
Total Distance 198: 9 7 7 7 7 8 7 9 0 7 7 7 7 0 0 6 0 7 9 0 0 7 7 8 0 11 6 9 0 0 7 7 0 9 8 8
Last Time Cost: 00000378 ms
Total Time Cost: 00010841 ms
Total Distance 193: 9 7 7 7 7 8 7 9 0 7 7 7 6 0 0 5 0 7 9 0 0 6 7 7 0 10 6 9 0 0 7 7 0 9 8 8
Last Time Cost: 00000079 ms
Total Time Cost: 00010920 ms
Total Distance 191: 9 7 7 7 7 8 7 9 0 7 7 7 6 0 0 4 0 7 9 0 0 6 7 7 0 10 6 9 0 0 7 7 0 8 8 8
Last Time Cost: 00000066 ms
Total Time Cost: 00010986 ms
Total Distance 189: 8 7 7 7 7 8 7 9 0 7 7 7 6 0 0 3 0 7 9 0 0 6 7 7 0 10 6 9 0 0 7 7 0 8 8 8
Last Time Cost: 00000067 ms
Total Time Cost: 00011053 ms
Total Distance 187: 8 7 7 7 7 8 7 9 0 7 7 7 6 0 0 2 0 7 9 0 0 6 7 7 0 9 6 9 0 0 7 7 0 8 8 8
Last Time Cost: 00000019 ms
Total Time Cost: 00011072 ms
Total Distance 186: 8 7 7 7 7 8 7 9 0 7 7 7 6 0 0 1 0 7 9 0 0 6 7 7 0 9 6 9 0 0 7 7 0 8 8 8
Last Time Cost: 00000012 ms
Total Time Cost: 00011084 ms
Total Distance 185: 8 7 7 7 7 8 7 9 0 7 7 7 6 0 0 0 0 7 9 0 0 6 7 7 0 9 6 9 0 0 7 7 0 8 8 8
Last Time Cost: 00000109 ms
Total Time Cost: 00011193 ms
Total Distance 181: 7 7 7 7 7 8 7 8 0 7 7 7 6 0 0 0 0 7 9 0 0 6 7 7 0 9 5 9 0 0 6 7 0 8 8 8
Last Time Cost: 00000014 ms
Total Time Cost: 00011207 ms
Total Distance 178: 7 7 7 7 6 7 7 8 0 7 7 7 6 0 0 0 0 7 9 0 0 6 7 7 0 9 4 9 0 0 6 7 0 8 8 8
Last Time Cost: 00000011 ms
Total Time Cost: 00011218 ms
Total Distance 176: 7 7 7 7 6 7 7 8 0 7 7 7 6 0 0 0 0 7 8 0 0 6 7 7 0 9 3 9 0 0 6 7 0 8 8 8
Last Time Cost: 00000008 ms
Total Time Cost: 00011226 ms
Total Distance 175: 7 7 7 7 6 7 7 8 0 7 7 7 6 0 0 0 0 7 8 0 0 6 7 7 0 9 2 9 0 0 6 7 0 8 8 8
Last Time Cost: 00000007 ms
Total Time Cost: 00011233 ms
Total Distance 173: 7 7 7 7 6 7 7 8 0 6 7 7 6 0 0 0 0 7 8 0 0 6 7 7 0 9 1 9 0 0 6 7 0 8 8 8
Last Time Cost: 00000005 ms
Total Time Cost: 00011238 ms
Total Distance 172: 7 7 7 7 6 7 7 8 0 6 7 7 6 0 0 0 0 7 8 0 0 6 7 7 0 9 0 9 0 0 6 7 0 8 8 8
Last Time Cost: 00000158 ms
Total Time Cost: 00011396 ms
Total Distance 169: 7 7 7 7 6 7 7 8 0 6 7 7 5 0 0 0 0 7 8 0 0 5 7 6 0 9 0 9 0 0 6 7 0 8 8 8
Last Time Cost: 00000035 ms
Total Time Cost: 00011431 ms
Total Distance 167: 7 7 7 7 6 7 7 8 0 6 7 7 4 0 0 0 0 7 8 0 0 4 7 6 0 9 0 9 0 0 6 7 0 8 8 8
Last Time Cost: 00000017 ms
Total Time Cost: 00011448 ms
Total Distance 165: 7 7 7 7 6 7 7 8 0 6 7 7 4 0 0 0 0 7 8 0 0 3 7 6 0 9 0 8 0 0 6 7 0 8 8 8
Last Time Cost: 00000008 ms
Total Time Cost: 00011456 ms
Total Distance 164: 7 7 7 7 6 7 7 8 0 6 7 7 4 0 0 0 0 7 8 0 0 2 7 6 0 9 0 8 0 0 6 7 0 8 8 8
Last Time Cost: 00000008 ms
Total Time Cost: 00011464 ms
Total Distance 163: 7 7 7 7 6 7 7 8 0 6 7 7 4 0 0 0 0 7 8 0 0 1 7 6 0 9 0 8 0 0 6 7 0 8 8 8
Last Time Cost: 00000005 ms
Total Time Cost: 00011469 ms
Total Distance 162: 7 7 7 7 6 7 7 8 0 6 7 7 4 0 0 0 0 7 8 0 0 0 7 6 0 9 0 8 0 0 6 7 0 8 8 8
Last Time Cost: 00000017 ms
Total Time Cost: 00011486 ms
Total Distance 160: 7 6 7 7 6 7 7 8 0 6 7 7 3 0 0 0 0 7 8 0 0 0 7 6 0 9 0 8 0 0 6 7 0 8 8 8
Last Time Cost: 00000011 ms
Total Time Cost: 00011497 ms
Total Distance 158: 7 6 7 6 6 7 7 8 0 6 7 7 2 0 0 0 0 7 8 0 0 0 7 6 0 9 0 8 0 0 6 7 0 8 8 8
Last Time Cost: 00000010 ms
Total Time Cost: 00011507 ms
Total Distance 155: 7 6 7 6 6 7 6 8 0 6 7 7 1 0 0 0 0 7 8 0 0 0 7 6 0 9 0 8 0 0 6 7 0 7 8 8
Last Time Cost: 00000006 ms
Total Time Cost: 00011513 ms
Total Distance 154: 7 6 7 6 6 7 6 8 0 6 7 7 0 0 0 0 0 7 8 0 0 0 7 6 0 9 0 8 0 0 6 7 0 7 8 8
Last Time Cost: 00000247 ms
Total Time Cost: 00011760 ms
Total Distance 150: 7 6 7 6 5 7 6 8 0 6 7 7 0 0 0 0 0 7 8 0 0 0 7 6 0 9 0 8 0 0 6 7 0 6 7 7
Last Time Cost: 00000014 ms
Total Time Cost: 00011774 ms
Total Distance 148: 7 6 7 6 4 7 6 8 0 6 7 6 0 0 0 0 0 7 8 0 0 0 7 6 0 9 0 8 0 0 6 7 0 6 7 7
Last Time Cost: 00000013 ms
Total Time Cost: 00011787 ms
Total Distance 146: 7 6 7 6 3 7 6 8 0 6 7 6 0 0 0 0 0 7 7 0 0 0 7 6 0 9 0 8 0 0 6 7 0 6 7 7
Last Time Cost: 00000012 ms
Total Time Cost: 00011799 ms
Total Distance 144: 7 6 7 6 2 7 6 8 0 6 7 6 0 0 0 0 0 7 7 0 0 0 7 6 0 8 0 8 0 0 6 7 0 6 7 7
Last Time Cost: 00000009 ms
Total Time Cost: 00011808 ms
Total Distance 142: 7 6 7 6 1 7 6 8 0 6 7 6 0 0 0 0 0 7 7 0 0 0 7 6 0 8 0 7 0 0 6 7 0 6 7 7
Last Time Cost: 00000007 ms
Total Time Cost: 00011815 ms
Total Distance 141: 7 6 7 6 0 7 6 8 0 6 7 6 0 0 0 0 0 7 7 0 0 0 7 6 0 8 0 7 0 0 6 7 0 6 7 7
Last Time Cost: 00000110 ms
Total Time Cost: 00011925 ms
Total Distance 138: 7 6 7 6 0 7 5 8 0 6 7 5 0 0 0 0 0 7 7 0 0 0 7 6 0 8 0 7 0 0 6 7 0 6 6 7
Last Time Cost: 00000014 ms
Total Time Cost: 00011939 ms
Total Distance 136: 7 6 7 6 0 7 4 8 0 6 7 4 0 0 0 0 0 7 7 0 0 0 7 6 0 8 0 7 0 0 6 7 0 6 6 7
Last Time Cost: 00000012 ms
Total Time Cost: 00011951 ms
Total Distance 134: 7 6 7 6 0 7 3 8 0 6 7 4 0 0 0 0 0 7 7 0 0 0 7 6 0 8 0 7 0 0 6 7 0 5 6 7
Last Time Cost: 00000011 ms
Total Time Cost: 00011962 ms
Total Distance 132: 7 6 7 6 0 7 2 8 0 6 7 4 0 0 0 0 0 7 7 0 0 0 7 6 0 8 0 6 0 0 6 7 0 5 6 7
Last Time Cost: 00000011 ms
Total Time Cost: 00011973 ms
Total Distance 130: 7 6 7 6 0 7 1 8 0 6 7 4 0 0 0 0 0 7 7 0 0 0 7 6 0 8 0 6 0 0 6 7 0 5 6 6
Last Time Cost: 00000009 ms
Total Time Cost: 00011982 ms
Total Distance 129: 7 6 7 6 0 7 0 8 0 6 7 4 0 0 0 0 0 7 7 0 0 0 7 6 0 8 0 6 0 0 6 7 0 5 6 6
Last Time Cost: 00000014 ms
Total Time Cost: 00011996 ms
Total Distance 127: 7 6 7 6 0 7 0 8 0 6 7 3 0 0 0 0 0 7 7 0 0 0 7 6 0 8 0 6 0 0 5 7 0 5 6 6
Last Time Cost: 00000012 ms
Total Time Cost: 00012008 ms
Total Distance 125: 7 6 7 6 0 7 0 7 0 6 7 2 0 0 0 0 0 7 7 0 0 0 7 6 0 8 0 6 0 0 5 7 0 5 6 6
Last Time Cost: 00000012 ms
Total Time Cost: 00012020 ms
Total Distance 124: 7 6 7 6 0 7 0 7 0 6 7 1 0 0 0 0 0 7 7 0 0 0 7 6 0 8 0 6 0 0 5 7 0 5 6 6
Last Time Cost: 00000009 ms
Total Time Cost: 00012029 ms
Total Distance 123: 7 6 7 6 0 7 0 7 0 6 7 0 0 0 0 0 0 7 7 0 0 0 7 6 0 8 0 6 0 0 5 7 0 5 6 6
Last Time Cost: 00000027 ms
Total Time Cost: 00012056 ms
Total Distance 120: 7 6 7 6 0 7 0 7 0 6 7 0 0 0 0 0 0 7 6 0 0 0 7 6 0 8 0 6 0 0 5 6 0 4 6 6
Last Time Cost: 00000013 ms
Total Time Cost: 00012069 ms
Total Distance 118: 7 6 7 6 0 7 0 7 0 6 7 0 0 0 0 0 0 7 5 0 0 0 7 6 0 8 0 6 0 0 5 6 0 3 6 6
Last Time Cost: 00000013 ms
Total Time Cost: 00012082 ms
Total Distance 116: 7 6 7 6 0 7 0 7 0 6 7 0 0 0 0 0 0 7 5 0 0 0 7 6 0 8 0 6 0 0 5 6 0 2 6 5
Last Time Cost: 00000013 ms
Total Time Cost: 00012095 ms
Total Distance 115: 7 6 7 6 0 7 0 7 0 6 7 0 0 0 0 0 0 7 5 0 0 0 7 6 0 8 0 6 0 0 5 6 0 1 6 5
Last Time Cost: 00000011 ms
Total Time Cost: 00012106 ms
Total Distance 114: 7 6 7 6 0 7 0 7 0 6 7 0 0 0 0 0 0 7 5 0 0 0 7 6 0 8 0 6 0 0 5 6 0 0 6 5
Last Time Cost: 00000029 ms
Total Time Cost: 00012135 ms
Total Distance 111: 7 6 7 6 0 7 0 7 0 6 7 0 0 0 0 0 0 6 5 0 0 0 6 6 0 8 0 6 0 0 4 6 0 0 6 5
Last Time Cost: 00000014 ms
Total Time Cost: 00012149 ms
Total Distance 110: 7 6 7 6 0 7 0 7 0 6 7 0 0 0 0 0 0 6 5 0 0 0 6 6 0 8 0 6 0 0 3 6 0 0 6 5
Last Time Cost: 00000014 ms
Total Time Cost: 00012163 ms
Total Distance 107: 7 6 7 6 0 7 0 7 0 6 7 0 0 0 0 0 0 6 5 0 0 0 5 6 0 7 0 6 0 0 2 6 0 0 6 5
Last Time Cost: 00000004 ms
Total Time Cost: 00012167 ms
Total Distance 106: 7 6 7 6 0 7 0 7 0 6 7 0 0 0 0 0 0 6 5 0 0 0 5 6 0 7 0 6 0 0 1 6 0 0 6 5
Last Time Cost: 00000001 ms
Total Time Cost: 00012168 ms
Total Distance 105: 7 6 7 6 0 7 0 7 0 6 7 0 0 0 0 0 0 6 5 0 0 0 5 6 0 7 0 6 0 0 0 6 0 0 6 5
Last Time Cost: 00000014 ms
Total Time Cost: 00012182 ms
Total Distance 101: 7 6 6 6 0 7 0 7 0 6 7 0 0 0 0 0 0 5 5 0 0 0 4 6 0 6 0 6 0 0 0 6 0 0 6 5
Last Time Cost: 00000002 ms
Total Time Cost: 00012184 ms
Total Distance 98: 6 6 6 6 0 7 0 7 0 6 7 0 0 0 0 0 0 5 5 0 0 0 3 6 0 5 0 6 0 0 0 6 0 0 6 5
Last Time Cost: 00000001 ms
Total Time Cost: 00012185 ms
Total Distance 96: 6 6 6 6 0 7 0 6 0 6 7 0 0 0 0 0 0 5 5 0 0 0 2 6 0 5 0 6 0 0 0 6 0 0 6 5
Last Time Cost: 00000001 ms
Total Time Cost: 00012186 ms
Total Distance 95: 6 6 6 6 0 7 0 6 0 6 7 0 0 0 0 0 0 5 5 0 0 0 1 6 0 5 0 6 0 0 0 6 0 0 6 5
Last Time Cost: 00000001 ms
Total Time Cost: 00012187 ms
Total Distance 94: 6 6 6 6 0 7 0 6 0 6 7 0 0 0 0 0 0 5 5 0 0 0 0 6 0 5 0 6 0 0 0 6 0 0 6 5
Last Time Cost: 00000013 ms
Total Time Cost: 00012200 ms
Total Distance 91: 6 6 6 5 0 6 0 6 0 6 7 0 0 0 0 0 0 5 5 0 0 0 0 6 0 4 0 6 0 0 0 6 0 0 6 5
Last Time Cost: 00000001 ms
Total Time Cost: 00012201 ms
Total Distance 90: 6 6 6 5 0 6 0 6 0 6 7 0 0 0 0 0 0 5 5 0 0 0 0 6 0 3 0 6 0 0 0 6 0 0 6 5
Last Time Cost: 00000001 ms
Total Time Cost: 00012202 ms
Total Distance 89: 6 6 6 5 0 6 0 6 0 6 7 0 0 0 0 0 0 5 5 0 0 0 0 6 0 2 0 6 0 0 0 6 0 0 6 5
Last Time Cost: 00000001 ms
Total Time Cost: 00012203 ms
Total Distance 88: 6 6 6 5 0 6 0 6 0 6 7 0 0 0 0 0 0 5 5 0 0 0 0 6 0 1 0 6 0 0 0 6 0 0 6 5
Last Time Cost: 00000001 ms
Total Time Cost: 00012204 ms
Total Distance 87: 6 6 6 5 0 6 0 6 0 6 7 0 0 0 0 0 0 5 5 0 0 0 0 6 0 0 0 6 0 0 0 6 0 0 6 5
Last Time Cost: 00000013 ms
Total Time Cost: 00012217 ms
Total Distance 85: 6 6 6 5 0 6 0 6 0 6 7 0 0 0 0 0 0 4 4 0 0 0 0 6 0 0 0 6 0 0 0 6 0 0 6 5
Last Time Cost: 00000001 ms
Total Time Cost: 00012218 ms
Total Distance 83: 6 6 6 5 0 6 0 6 0 6 7 0 0 0 0 0 0 3 4 0 0 0 0 6 0 0 0 6 0 0 0 5 0 0 6 5
Last Time Cost: 00000001 ms
Total Time Cost: 00012219 ms
Total Distance 81: 6 6 6 5 0 6 0 6 0 5 7 0 0 0 0 0 0 2 4 0 0 0 0 6 0 0 0 6 0 0 0 5 0 0 6 5
Last Time Cost: 00000001 ms
Total Time Cost: 00012220 ms
Total Distance 80: 6 6 6 5 0 6 0 6 0 5 7 0 0 0 0 0 0 1 4 0 0 0 0 6 0 0 0 6 0 0 0 5 0 0 6 5
Last Time Cost: 00000001 ms
Total Time Cost: 00012221 ms
Total Distance 79: 6 6 6 5 0 6 0 6 0 5 7 0 0 0 0 0 0 0 4 0 0 0 0 6 0 0 0 6 0 0 0 5 0 0 6 5
Last Time Cost: 00000001 ms
Total Time Cost: 00012222 ms
Total Distance 78: 6 6 6 5 0 6 0 6 0 5 7 0 0 0 0 0 0 0 3 0 0 0 0 6 0 0 0 6 0 0 0 5 0 0 6 5
Last Time Cost: 00000001 ms
Total Time Cost: 00012223 ms
Total Distance 76: 6 6 6 5 0 6 0 6 0 5 7 0 0 0 0 0 0 0 2 0 0 0 0 6 0 0 0 6 0 0 0 5 0 0 5 5
Last Time Cost: 00000001 ms
Total Time Cost: 00012224 ms
Total Distance 75: 6 6 6 5 0 6 0 6 0 5 7 0 0 0 0 0 0 0 1 0 0 0 0 6 0 0 0 6 0 0 0 5 0 0 5 5
Last Time Cost: 00000001 ms
Total Time Cost: 00012225 ms
Total Distance 74: 6 6 6 5 0 6 0 6 0 5 7 0 0 0 0 0 0 0 0 0 0 0 0 6 0 0 0 6 0 0 0 5 0 0 5 5
Last Time Cost: 00000021 ms
Total Time Cost: 00012246 ms
Total Distance 71: 6 6 5 4 0 6 0 6 0 5 6 0 0 0 0 0 0 0 0 0 0 0 0 6 0 0 0 6 0 0 0 5 0 0 5 5
Last Time Cost: 00000001 ms
Total Time Cost: 00012247 ms
Total Distance 70: 6 6 5 3 0 6 0 6 0 5 6 0 0 0 0 0 0 0 0 0 0 0 0 6 0 0 0 6 0 0 0 5 0 0 5 5
Last Time Cost: 00000001 ms
Total Time Cost: 00012248 ms
Total Distance 69: 6 6 5 2 0 6 0 6 0 5 6 0 0 0 0 0 0 0 0 0 0 0 0 6 0 0 0 6 0 0 0 5 0 0 5 5
Last Time Cost: 00000001 ms
Total Time Cost: 00012249 ms
Total Distance 67: 6 6 5 1 0 6 0 5 0 5 6 0 0 0 0 0 0 0 0 0 0 0 0 6 0 0 0 6 0 0 0 5 0 0 5 5
Last Time Cost: 00000001 ms
Total Time Cost: 00012250 ms
Total Distance 66: 6 6 5 0 0 6 0 5 0 5 6 0 0 0 0 0 0 0 0 0 0 0 0 6 0 0 0 6 0 0 0 5 0 0 5 5
Last Time Cost: 00000025 ms
Total Time Cost: 00012275 ms
Total Distance 63: 6 6 5 0 0 5 0 4 0 5 5 0 0 0 0 0 0 0 0 0 0 0 0 6 0 0 0 6 0 0 0 5 0 0 5 5
Last Time Cost: 00000001 ms
Total Time Cost: 00012276 ms
Total Distance 62: 6 6 5 0 0 5 0 3 0 5 5 0 0 0 0 0 0 0 0 0 0 0 0 6 0 0 0 6 0 0 0 5 0 0 5 5
Last Time Cost: 00000001 ms
Total Time Cost: 00012277 ms
Total Distance 61: 6 6 5 0 0 5 0 2 0 5 5 0 0 0 0 0 0 0 0 0 0 0 0 6 0 0 0 6 0 0 0 5 0 0 5 5
Last Time Cost: 00000001 ms
Total Time Cost: 00012278 ms
Total Distance 60: 6 6 5 0 0 5 0 1 0 5 5 0 0 0 0 0 0 0 0 0 0 0 0 6 0 0 0 6 0 0 0 5 0 0 5 5
Last Time Cost: 00000001 ms
Total Time Cost: 00012279 ms
Total Distance 58: 6 6 5 0 0 5 0 0 0 5 5 0 0 0 0 0 0 0 0 0 0 0 0 6 0 0 0 5 0 0 0 5 0 0 5 5
Last Time Cost: 00000038 ms
Total Time Cost: 00012317 ms
Total Distance 56: 6 6 5 0 0 5 0 0 0 4 5 0 0 0 0 0 0 0 0 0 0 0 0 5 0 0 0 5 0 0 0 5 0 0 5 5
Last Time Cost: 00000001 ms
Total Time Cost: 00012318 ms
Total Distance 55: 6 6 5 0 0 5 0 0 0 3 5 0 0 0 0 0 0 0 0 0 0 0 0 5 0 0 0 5 0 0 0 5 0 0 5 5
Last Time Cost: 00000001 ms
Total Time Cost: 00012319 ms
Total Distance 54: 6 6 5 0 0 5 0 0 0 2 5 0 0 0 0 0 0 0 0 0 0 0 0 5 0 0 0 5 0 0 0 5 0 0 5 5
Last Time Cost: 00000001 ms
Total Time Cost: 00012320 ms
Total Distance 53: 6 6 5 0 0 5 0 0 0 1 5 0 0 0 0 0 0 0 0 0 0 0 0 5 0 0 0 5 0 0 0 5 0 0 5 5
Last Time Cost: 00000001 ms
Total Time Cost: 00012321 ms
Total Distance 52: 6 6 5 0 0 5 0 0 0 0 5 0 0 0 0 0 0 0 0 0 0 0 0 5 0 0 0 5 0 0 0 5 0 0 5 5
Last Time Cost: 00000043 ms
Total Time Cost: 00012364 ms
Total Distance 50: 6 6 5 0 0 5 0 0 0 0 5 0 0 0 0 0 0 0 0 0 0 0 0 4 0 0 0 5 0 0 0 5 0 0 4 5
Last Time Cost: 00000001 ms
Total Time Cost: 00012365 ms
Total Distance 49: 6 6 5 0 0 5 0 0 0 0 5 0 0 0 0 0 0 0 0 0 0 0 0 4 0 0 0 5 0 0 0 5 0 0 3 5
Last Time Cost: 00000001 ms
Total Time Cost: 00012366 ms
Total Distance 48: 6 6 5 0 0 5 0 0 0 0 5 0 0 0 0 0 0 0 0 0 0 0 0 4 0 0 0 5 0 0 0 5 0 0 2 5
Last Time Cost: 00000001 ms
Total Time Cost: 00012367 ms
Total Distance 47: 6 6 5 0 0 5 0 0 0 0 5 0 0 0 0 0 0 0 0 0 0 0 0 4 0 0 0 5 0 0 0 5 0 0 1 5
Last Time Cost: 00000001 ms
Total Time Cost: 00012368 ms
Total Distance 46: 6 6 5 0 0 5 0 0 0 0 5 0 0 0 0 0 0 0 0 0 0 0 0 4 0 0 0 5 0 0 0 5 0 0 0 5
Last Time Cost: 00000001 ms
Total Time Cost: 00012369 ms
Total Distance 45: 6 6 5 0 0 5 0 0 0 0 5 0 0 0 0 0 0 0 0 0 0 0 0 3 0 0 0 5 0 0 0 5 0 0 0 5
Last Time Cost: 00000001 ms
Total Time Cost: 00012370 ms
Total Distance 44: 6 6 5 0 0 5 0 0 0 0 5 0 0 0 0 0 0 0 0 0 0 0 0 2 0 0 0 5 0 0 0 5 0 0 0 5
Last Time Cost: 00000001 ms
Total Time Cost: 00012371 ms
Total Distance 43: 6 6 5 0 0 5 0 0 0 0 5 0 0 0 0 0 0 0 0 0 0 0 0 1 0 0 0 5 0 0 0 5 0 0 0 5
Last Time Cost: 00000001 ms
Total Time Cost: 00012372 ms
Total Distance 42: 6 6 5 0 0 5 0 0 0 0 5 0 0 0 0 0 0 0 0 0 0 0 0 0 0 0 0 5 0 0 0 5 0 0 0 5
Last Time Cost: 00000040 ms
Total Time Cost: 00012412 ms
Total Distance 40: 6 5 5 0 0 5 0 0 0 0 5 0 0 0 0 0 0 0 0 0 0 0 0 0 0 0 0 5 0 0 0 5 0 0 0 4
Last Time Cost: 00000001 ms
Total Time Cost: 00012413 ms
Total Distance 39: 6 5 5 0 0 5 0 0 0 0 5 0 0 0 0 0 0 0 0 0 0 0 0 0 0 0 0 5 0 0 0 5 0 0 0 3
Last Time Cost: 00000001 ms
Total Time Cost: 00012414 ms
Total Distance 38: 6 5 5 0 0 5 0 0 0 0 5 0 0 0 0 0 0 0 0 0 0 0 0 0 0 0 0 5 0 0 0 5 0 0 0 2
Last Time Cost: 00000002 ms
Total Time Cost: 00012416 ms
Total Distance 37: 6 5 5 0 0 5 0 0 0 0 5 0 0 0 0 0 0 0 0 0 0 0 0 0 0 0 0 5 0 0 0 5 0 0 0 1
Last Time Cost: 00000001 ms
Total Time Cost: 00012417 ms
Total Distance 36: 6 5 5 0 0 5 0 0 0 0 5 0 0 0 0 0 0 0 0 0 0 0 0 0 0 0 0 5 0 0 0 5 0 0 0 0
Last Time Cost: 00000043 ms
Total Time Cost: 00012460 ms
Total Distance 35: 6 5 5 0 0 5 0 0 0 0 4 0 0 0 0 0 0 0 0 0 0 0 0 0 0 0 0 5 0 0 0 5 0 0 0 0
Last Time Cost: 00000001 ms
Total Time Cost: 00012461 ms
Total Distance 34: 6 5 5 0 0 5 0 0 0 0 3 0 0 0 0 0 0 0 0 0 0 0 0 0 0 0 0 5 0 0 0 5 0 0 0 0
Last Time Cost: 00000001 ms
Total Time Cost: 00012462 ms
Total Distance 33: 6 5 5 0 0 5 0 0 0 0 2 0 0 0 0 0 0 0 0 0 0 0 0 0 0 0 0 5 0 0 0 5 0 0 0 0
Last Time Cost: 00000001 ms
Total Time Cost: 00012463 ms
Total Distance 32: 6 5 5 0 0 5 0 0 0 0 1 0 0 0 0 0 0 0 0 0 0 0 0 0 0 0 0 5 0 0 0 5 0 0 0 0
Last Time Cost: 00000001 ms
Total Time Cost: 00012464 ms
Total Distance 31: 6 5 5 0 0 5 0 0 0 0 0 0 0 0 0 0 0 0 0 0 0 0 0 0 0 0 0 5 0 0 0 5 0 0 0 0
Last Time Cost: 00000039 ms
Total Time Cost: 00012503 ms
Total Distance 30: 6 4 5 0 0 5 0 0 0 0 0 0 0 0 0 0 0 0 0 0 0 0 0 0 0 0 0 5 0 0 0 5 0 0 0 0
Last Time Cost: 00000001 ms
Total Time Cost: 00012504 ms
Total Distance 28: 6 3 5 0 0 4 0 0 0 0 0 0 0 0 0 0 0 0 0 0 0 0 0 0 0 0 0 5 0 0 0 5 0 0 0 0
Last Time Cost: 00000001 ms
Total Time Cost: 00012505 ms
Total Distance 26: 6 2 5 0 0 3 0 0 0 0 0 0 0 0 0 0 0 0 0 0 0 0 0 0 0 0 0 5 0 0 0 5 0 0 0 0
Last Time Cost: 00000001 ms
Total Time Cost: 00012506 ms
Total Distance 25: 6 1 5 0 0 3 0 0 0 0 0 0 0 0 0 0 0 0 0 0 0 0 0 0 0 0 0 5 0 0 0 5 0 0 0 0
Last Time Cost: 00000001 ms
Total Time Cost: 00012507 ms
Total Distance 24: 6 0 5 0 0 3 0 0 0 0 0 0 0 0 0 0 0 0 0 0 0 0 0 0 0 0 0 5 0 0 0 5 0 0 0 0
Last Time Cost: 00000001 ms
Total Time Cost: 00012508 ms
Total Distance 23: 6 0 5 0 0 2 0 0 0 0 0 0 0 0 0 0 0 0 0 0 0 0 0 0 0 0 0 5 0 0 0 5 0 0 0 0
Last Time Cost: 00000001 ms
Total Time Cost: 00012509 ms
Total Distance 22: 6 0 5 0 0 1 0 0 0 0 0 0 0 0 0 0 0 0 0 0 0 0 0 0 0 0 0 5 0 0 0 5 0 0 0 0
Last Time Cost: 00000001 ms
Total Time Cost: 00012510 ms
Total Distance 21: 6 0 5 0 0 0 0 0 0 0 0 0 0 0 0 0 0 0 0 0 0 0 0 0 0 0 0 5 0 0 0 5 0 0 0 0
Last Time Cost: 00000028 ms
Total Time Cost: 00012538 ms
Total Distance 19: 5 0 4 0 0 0 0 0 0 0 0 0 0 0 0 0 0 0 0 0 0 0 0 0 0 0 0 5 0 0 0 5 0 0 0 0
Last Time Cost: 00000001 ms
Total Time Cost: 00012539 ms
Total Distance 18: 5 0 3 0 0 0 0 0 0 0 0 0 0 0 0 0 0 0 0 0 0 0 0 0 0 0 0 5 0 0 0 5 0 0 0 0
Last Time Cost: 00000000 ms
Total Time Cost: 00012539 ms
Total Distance 17: 5 0 2 0 0 0 0 0 0 0 0 0 0 0 0 0 0 0 0 0 0 0 0 0 0 0 0 5 0 0 0 5 0 0 0 0
Last Time Cost: 00000000 ms
Total Time Cost: 00012539 ms
Total Distance 16: 5 0 1 0 0 0 0 0 0 0 0 0 0 0 0 0 0 0 0 0 0 0 0 0 0 0 0 5 0 0 0 5 0 0 0 0
Last Time Cost: 00000000 ms
Total Time Cost: 00012539 ms
Total Distance 15: 5 0 0 0 0 0 0 0 0 0 0 0 0 0 0 0 0 0 0 0 0 0 0 0 0 0 0 5 0 0 0 5 0 0 0 0
Last Time Cost: 00000030 ms
Total Time Cost: 00012569 ms
Total Distance 14: 5 0 0 0 0 0 0 0 0 0 0 0 0 0 0 0 0 0 0 0 0 0 0 0 0 0 0 4 0 0 0 5 0 0 0 0
Last Time Cost: 00000000 ms
Total Time Cost: 00012569 ms
Total Distance 13: 5 0 0 0 0 0 0 0 0 0 0 0 0 0 0 0 0 0 0 0 0 0 0 0 0 0 0 3 0 0 0 5 0 0 0 0
Last Time Cost: 00000000 ms
Total Time Cost: 00012569 ms
Total Distance 12: 5 0 0 0 0 0 0 0 0 0 0 0 0 0 0 0 0 0 0 0 0 0 0 0 0 0 0 2 0 0 0 5 0 0 0 0
Last Time Cost: 00000000 ms
Total Time Cost: 00012569 ms
Total Distance 11: 5 0 0 0 0 0 0 0 0 0 0 0 0 0 0 0 0 0 0 0 0 0 0 0 0 0 0 1 0 0 0 5 0 0 0 0
Last Time Cost: 00000000 ms
Total Time Cost: 00012569 ms
Total Distance 10: 5 0 0 0 0 0 0 0 0 0 0 0 0 0 0 0 0 0 0 0 0 0 0 0 0 0 0 0 0 0 0 5 0 0 0 0
Last Time Cost: 00000022 ms
Total Time Cost: 00012591 ms
Total Distance 9: 4 0 0 0 0 0 0 0 0 0 0 0 0 0 0 0 0 0 0 0 0 0 0 0 0 0 0 0 0 0 0 5 0 0 0 0
Last Time Cost: 00000000 ms
Total Time Cost: 00012591 ms
Total Distance 8: 3 0 0 0 0 0 0 0 0 0 0 0 0 0 0 0 0 0 0 0 0 0 0 0 0 0 0 0 0 0 0 5 0 0 0 0
Last Time Cost: 00000000 ms
Total Time Cost: 00012591 ms
Total Distance 7: 2 0 0 0 0 0 0 0 0 0 0 0 0 0 0 0 0 0 0 0 0 0 0 0 0 0 0 0 0 0 0 5 0 0 0 0
Last Time Cost: 00000000 ms
Total Time Cost: 00012591 ms
Total Distance 6: 1 0 0 0 0 0 0 0 0 0 0 0 0 0 0 0 0 0 0 0 0 0 0 0 0 0 0 0 0 0 0 5 0 0 0 0
Last Time Cost: 00000000 ms
Total Time Cost: 00012591 ms
Total Distance 5: 0 0 0 0 0 0 0 0 0 0 0 0 0 0 0 0 0 0 0 0 0 0 0 0 0 0 0 0 0 0 0 5 0 0 0 0
Last Time Cost: 00000012 ms
Total Time Cost: 00012603 ms
Total Distance 4: 0 0 0 0 0 0 0 0 0 0 0 0 0 0 0 0 0 0 0 0 0 0 0 0 0 0 0 0 0 0 0 4 0 0 0 0
Last Time Cost: 00000000 ms
Total Time Cost: 00012603 ms
Total Distance 3: 0 0 0 0 0 0 0 0 0 0 0 0 0 0 0 0 0 0 0 0 0 0 0 0 0 0 0 0 0 0 0 3 0 0 0 0
Last Time Cost: 00000000 ms
Total Time Cost: 00012603 ms
Total Distance 2: 0 0 0 0 0 0 0 0 0 0 0 0 0 0 0 0 0 0 0 0 0 0 0 0 0 0 0 0 0 0 0 2 0 0 0 0
Last Time Cost: 00000000 ms
Total Time Cost: 00012603 ms
Total Distance 1: 0 0 0 0 0 0 0 0 0 0 0 0 0 0 0 0 0 0 0 0 0 0 0 0 0 0 0 0 0 0 0 1 0 0 0 0
Last Time Cost: 00000000 ms
Total Time Cost: 00012603 ms
Total Distance 0: 0 0 0 0 0 0 0 0 0 0 0 0 0 0 0 0 0 0 0 0 0 0 0 0 0 0 0 0 0 0 0 0 0 0 0 0
