Last Time Cost: 00000000 ms
Total Time Cost: 00000000 ms
Total Distance 350: 8 8 8 8 8 8 8 8 8 8 8 8 6 6 6 6 6 6 6 6 6 6 6 6 7 7 7 7 7 7 7 7 7 7 7 7 7 7 7 7 7 7 7 7 7 7 7 7 7 7
Last Time Cost: 00000022 ms
Total Time Cost: 00000022 ms
Total Distance 345: 8 8 8 8 8 8 8 8 8 8 8 8 6 6 6 6 6 6 6 6 6 6 6 5 7 7 6 7 7 7 7 7 7 7 7 6 7 7 7 7 7 7 7 7 6 7 7 7 6 7
Last Time Cost: 00000017 ms
Total Time Cost: 00000039 ms
Total Distance 340: 8 8 7 8 8 8 8 8 8 8 8 8 6 6 5 6 6 6 6 6 6 6 6 5 7 7 6 7 7 7 7 7 7 6 7 6 7 6 7 7 7 7 7 7 6 7 7 7 6 6
Last Time Cost: 00000018 ms
Total Time Cost: 00000057 ms
Total Distance 336: 8 8 7 8 8 8 8 8 8 8 8 8 6 6 5 6 6 6 6 6 6 6 5 5 7 7 5 6 7 7 7 7 7 6 7 6 6 6 7 7 7 7 7 7 6 7 7 7 6 6
Last Time Cost: 00000018 ms
Total Time Cost: 00000075 ms
Total Distance 332: 8 8 7 8 8 8 8 8 8 8 8 8 6 6 5 6 6 6 6 6 5 6 4 5 7 7 5 6 7 6 7 7 7 6 7 6 6 6 7 7 7 7 7 7 6 7 7 6 6 6
Last Time Cost: 00000019 ms
Total Time Cost: 00000094 ms
Total Distance 328: 8 8 7 8 8 8 8 8 8 8 8 7 6 6 5 5 6 5 5 6 5 6 4 5 7 7 5 6 7 6 7 7 7 6 7 6 6 6 7 7 7 7 7 7 6 7 7 6 6 6
Last Time Cost: 00000020 ms
Total Time Cost: 00000114 ms
Total Distance 324: 8 7 7 8 8 8 8 8 8 8 8 7 6 6 5 5 6 5 5 6 5 5 4 5 7 7 5 5 7 6 7 7 7 6 7 6 6 6 7 7 7 7 7 7 6 7 7 6 5 6
Last Time Cost: 00000022 ms
Total Time Cost: 00000136 ms
Total Distance 320: 8 7 6 8 8 8 8 8 8 8 8 7 6 6 5 5 6 5 5 6 5 5 4 5 7 7 5 5 6 6 7 7 7 6 7 6 5 5 7 7 7 7 7 7 6 7 7 6 5 6
Last Time Cost: 00000023 ms
Total Time Cost: 00000159 ms
Total Distance 316: 8 7 6 8 8 7 8 8 8 8 8 7 6 6 5 5 6 4 5 6 5 5 4 5 7 7 5 5 5 6 7 7 7 6 6 6 5 5 7 7 7 7 7 7 6 7 7 6 5 6
Last Time Cost: 00000024 ms
Total Time Cost: 00000183 ms
Total Distance 312: 8 7 6 8 8 7 8 8 8 8 8 7 6 6 5 5 6 4 5 6 5 5 4 4 7 7 5 5 5 6 6 6 7 6 6 6 5 5 7 7 7 7 7 7 6 7 6 6 5 6
Last Time Cost: 00000023 ms
Total Time Cost: 00000206 ms
Total Distance 308: 8 7 5 8 8 7 8 8 7 8 8 7 5 6 5 5 6 4 5 6 5 5 4 4 7 7 5 5 5 6 6 6 7 6 6 5 5 5 7 7 7 7 7 7 6 7 6 6 5 6
Last Time Cost: 00000025 ms
Total Time Cost: 00000231 ms
Total Distance 304: 8 7 5 8 8 7 8 8 6 8 8 7 5 6 5 5 6 4 5 6 5 5 4 4 7 7 5 5 5 6 6 6 6 6 6 5 5 5 7 7 7 7 6 7 5 7 6 6 5 6
Last Time Cost: 00000025 ms
Total Time Cost: 00000256 ms
Total Distance 300: 7 7 5 8 8 7 8 8 6 8 8 7 5 6 5 5 6 4 5 5 5 5 4 4 7 6 5 5 5 6 6 6 6 6 6 5 5 5 7 7 7 7 5 7 5 7 6 6 5 6
Last Time Cost: 00000026 ms
Total Time Cost: 00000282 ms
Total Distance 297: 7 7 5 8 8 7 8 8 6 8 8 7 5 6 5 5 6 4 5 5 5 5 4 4 7 6 5 5 4 6 6 6 6 6 6 5 4 4 7 7 7 7 5 7 5 7 6 6 5 6
Last Time Cost: 00000028 ms
Total Time Cost: 00000310 ms
Total Distance 294: 7 7 4 8 8 7 8 8 6 8 8 7 5 6 5 5 6 4 5 5 5 5 4 4 7 6 5 5 4 6 6 6 6 6 6 5 4 3 7 7 7 7 5 7 5 7 6 6 5 5
Last Time Cost: 00000030 ms
Total Time Cost: 00000340 ms
Total Distance 291: 7 7 4 8 8 7 8 8 6 8 8 7 5 6 5 5 6 4 5 5 5 5 4 4 6 6 5 5 4 6 6 6 6 6 5 5 4 3 7 7 7 7 5 7 4 7 6 6 5 5
Last Time Cost: 00000031 ms
Total Time Cost: 00000371 ms
Total Distance 288: 7 7 4 8 8 7 8 8 6 8 8 7 5 6 5 5 6 4 5 5 5 5 4 4 6 5 5 5 4 6 6 6 6 6 5 5 4 3 7 7 7 7 5 7 3 6 6 6 5 5
Last Time Cost: 00000031 ms
Total Time Cost: 00000402 ms
Total Distance 285: 7 6 4 8 8 7 8 8 6 8 8 7 5 6 5 5 6 4 5 4 5 5 4 4 6 5 5 5 4 6 6 6 5 6 5 5 4 3 7 7 7 7 5 7 3 6 6 6 5 5
Last Time Cost: 00000032 ms
Total Time Cost: 00000434 ms
Total Distance 282: 7 5 4 8 8 7 8 8 5 8 8 7 5 6 5 5 6 4 5 4 5 5 4 4 6 5 5 5 4 6 6 6 5 6 5 5 4 3 7 7 7 7 5 7 3 6 6 6 4 5
Last Time Cost: 00000034 ms
Total Time Cost: 00000468 ms
Total Distance 279: 7 5 4 8 8 7 8 8 5 8 8 6 5 6 5 5 5 4 5 4 4 5 4 4 6 5 5 5 4 6 6 6 5 6 5 5 4 3 7 7 7 7 5 7 3 6 6 6 4 5
Last Time Cost: 00000034 ms
Total Time Cost: 00000502 ms
Total Distance 276: 7 5 4 8 8 7 8 8 5 8 8 6 5 6 5 5 5 4 5 4 3 5 4 4 6 5 5 5 4 5 6 6 5 6 5 5 4 3 7 7 7 7 5 6 3 6 6 6 4 5
Last Time Cost: 00000035 ms
Total Time Cost: 00000537 ms
Total Distance 273: 7 5 4 7 8 7 8 8 5 8 8 6 5 6 5 5 5 4 5 4 2 5 4 4 6 5 5 5 4 4 6 6 5 6 5 5 4 3 7 7 7 7 5 6 3 6 6 6 4 5
Last Time Cost: 00000037 ms
Total Time Cost: 00000574 ms
Total Distance 270: 7 5 4 7 8 7 8 7 5 8 8 6 5 6 5 5 5 4 5 4 2 5 3 4 6 5 5 5 4 4 5 6 5 6 5 5 4 3 7 7 7 7 5 6 3 6 6 6 4 5
Last Time Cost: 00000040 ms
Total Time Cost: 00000614 ms
Total Distance 267: 6 5 4 7 8 7 8 7 5 8 8 5 5 6 5 5 5 4 5 4 2 5 3 4 6 5 5 5 4 4 4 6 5 6 5 5 4 3 7 7 7 7 5 6 3 6 6 6 4 5
Last Time Cost: 00000040 ms
Total Time Cost: 00000654 ms
Total Distance 264: 6 5 4 7 8 7 8 7 5 8 7 5 5 6 5 5 5 4 5 4 2 5 3 4 6 5 5 5 4 4 4 6 5 6 5 5 4 3 7 7 7 6 5 6 3 6 6 6 4 4
Last Time Cost: 00000039 ms
Total Time Cost: 00000693 ms
Total Distance 261: 6 5 4 7 8 7 7 7 5 8 7 5 5 6 5 5 5 4 5 4 2 5 3 4 5 5 5 5 4 4 4 6 5 6 5 5 4 3 7 7 7 6 5 6 3 6 6 5 4 4
Last Time Cost: 00000041 ms
Total Time Cost: 00000734 ms
Total Distance 258: 6 5 4 7 7 7 7 7 5 8 7 5 5 6 5 5 5 4 5 4 2 5 3 4 5 5 5 5 4 4 4 6 5 5 5 5 4 3 7 7 7 5 5 6 3 6 6 5 4 4
Last Time Cost: 00000044 ms
Total Time Cost: 00000778 ms
Total Distance 255: 6 5 4 7 7 7 7 7 5 7 7 5 5 6 5 5 5 4 5 3 2 5 3 4 5 4 5 5 4 4 4 6 5 5 5 5 4 3 7 7 7 5 5 6 3 6 6 5 4 4
Last Time Cost: 00000045 ms
Total Time Cost: 00000823 ms
Total Distance 252: 6 5 4 7 6 7 7 7 5 7 7 5 5 6 5 5 5 4 5 3 2 5 3 4 5 4 5 5 4 4 4 6 5 5 4 5 4 3 7 7 6 5 5 6 3 6 6 5 4 4
Last Time Cost: 00000039 ms
Total Time Cost: 00000862 ms
Total Distance 249: 6 5 4 7 5 7 6 7 5 7 7 5 5 6 5 5 5 4 5 3 2 5 3 4 5 4 5 5 4 4 4 6 5 5 4 5 4 3 7 7 5 5 5 6 3 6 6 5 4 4
Last Time Cost: 00000037 ms
Total Time Cost: 00000899 ms
Total Distance 247: 6 5 4 7 5 7 6 7 5 7 7 5 5 6 5 5 5 4 5 3 1 5 3 4 5 4 5 5 4 3 4 6 5 5 4 5 4 3 7 7 5 5 5 6 3 6 6 5 4 4
Last Time Cost: 00000001 ms
Total Time Cost: 00000900 ms
Total Distance 246: 6 5 4 7 5 7 6 7 5 7 7 5 5 6 5 5 5 4 5 3 0 5 3 4 5 4 5 5 4 3 4 6 5 5 4 5 4 3 7 7 5 5 5 6 3 6 6 5 4 4
Last Time Cost: 00000041 ms
Total Time Cost: 00000941 ms
Total Distance 244: 6 5 3 7 5 7 6 7 5 7 7 5 5 6 5 5 5 4 5 3 0 5 3 4 5 4 5 5 4 3 4 6 5 5 4 5 4 2 7 7 5 5 5 6 3 6 6 5 4 4
Last Time Cost: 00000044 ms
Total Time Cost: 00000985 ms
Total Distance 242: 6 5 3 7 5 7 6 7 5 7 7 5 5 6 5 5 5 4 5 3 0 5 3 4 4 4 5 5 4 2 4 6 5 5 4 5 4 2 7 7 5 5 5 6 3 6 6 5 4 4
Last Time Cost: 00000047 ms
Total Time Cost: 00001032 ms
Total Distance 240: 6 5 3 7 5 7 6 7 5 7 7 5 5 6 5 5 5 4 5 3 0 5 3 4 4 4 5 5 4 1 4 6 4 5 4 5 4 2 7 7 5 5 5 6 3 6 6 5 4 4
Last Time Cost: 00000001 ms
Total Time Cost: 00001033 ms
Total Distance 239: 6 5 3 7 5 7 6 7 5 7 7 5 5 6 5 5 5 4 5 3 0 5 3 4 4 4 5 5 4 0 4 6 4 5 4 5 4 2 7 7 5 5 5 6 3 6 6 5 4 4
Last Time Cost: 00000053 ms
Total Time Cost: 00001086 ms
Total Distance 237: 6 5 3 7 5 7 6 7 5 7 7 5 5 6 5 5 5 4 4 2 0 5 3 4 4 4 5 5 4 0 4 6 4 5 4 5 4 2 7 7 5 5 5 6 3 6 6 5 4 4
Last Time Cost: 00000056 ms
Total Time Cost: 00001142 ms
Total Distance 235: 6 5 3 7 5 7 6 7 5 7 7 5 5 6 5 5 5 4 4 2 0 5 3 4 4 4 5 5 3 0 4 6 4 5 4 5 3 2 7 7 5 5 5 6 3 6 6 5 4 4
Last Time Cost: 00000060 ms
Total Time Cost: 00001202 ms
Total Distance 233: 6 5 3 7 5 7 6 7 5 7 7 5 5 6 5 5 5 4 4 2 0 5 3 4 4 4 5 5 3 0 4 6 3 5 3 5 3 2 7 7 5 5 5 6 3 6 6 5 4 4
Last Time Cost: 00000063 ms
Total Time Cost: 00001265 ms
Total Distance 231: 6 5 3 7 5 7 6 7 5 7 7 5 5 6 5 5 5 4 4 2 0 5 3 4 4 3 5 5 3 0 4 6 3 5 3 5 3 2 7 7 5 5 5 6 3 6 6 4 4 4
Last Time Cost: 00000066 ms
Total Time Cost: 00001331 ms
Total Distance 229: 6 5 3 7 5 7 6 7 4 7 7 5 5 6 5 5 5 4 4 2 0 5 3 4 4 3 5 5 3 0 4 6 3 5 3 5 3 2 7 7 5 5 5 6 3 6 6 4 3 4
Last Time Cost: 00000069 ms
Total Time Cost: 00001400 ms
Total Distance 227: 6 5 3 7 5 7 6 7 4 7 7 5 5 6 5 5 5 4 3 2 0 5 3 4 4 3 5 5 3 0 4 6 3 4 3 5 3 2 7 7 5 5 5 6 3 6 6 4 3 4
Last Time Cost: 00000073 ms
Total Time Cost: 00001473 ms
Total Distance 225: 6 5 3 7 5 7 6 7 4 7 7 5 5 6 5 5 5 4 3 2 0 5 3 4 4 3 5 5 3 0 4 6 3 3 3 5 3 2 7 7 5 4 5 6 3 6 6 4 3 4
Last Time Cost: 00000076 ms
Total Time Cost: 00001549 ms
Total Distance 223: 6 5 3 7 5 7 6 7 4 7 7 5 5 6 4 5 5 4 3 2 0 5 3 4 4 3 5 5 3 0 4 6 3 3 3 5 3 2 7 7 5 3 5 6 3 6 6 4 3 4
Last Time Cost: 00000080 ms
Total Time Cost: 00001629 ms
Total Distance 221: 6 5 3 7 5 7 6 7 4 7 7 5 5 6 4 5 4 4 3 2 0 5 3 4 4 3 5 5 3 0 4 6 3 3 3 5 3 2 7 7 4 3 5 6 3 6 6 4 3 4
Last Time Cost: 00000085 ms
Total Time Cost: 00001714 ms
Total Distance 219: 6 5 3 7 5 7 6 7 4 7 7 5 5 6 4 5 3 4 3 2 0 5 3 4 4 3 5 5 3 0 4 6 3 3 3 5 3 2 7 7 3 3 5 6 3 6 6 4 3 4
Last Time Cost: 00000090 ms
Total Time Cost: 00001804 ms
Total Distance 217: 6 5 3 7 5 7 5 7 4 7 7 5 5 6 4 5 3 4 3 2 0 5 3 4 4 3 5 5 3 0 4 6 3 3 3 5 3 2 7 7 2 3 5 6 3 6 6 4 3 4
Last Time Cost: 00000097 ms
Total Time Cost: 00001901 ms
Total Distance 215: 6 5 3 7 5 7 4 7 4 7 7 4 5 6 4 5 3 4 3 2 0 5 3 4 4 3 5 5 3 0 4 6 3 3 3 5 3 2 7 7 2 3 5 6 3 6 6 4 3 4
Last Time Cost: 00000103 ms
Total Time Cost: 00002004 ms
Total Distance 213: 6 5 3 7 4 7 4 7 4 7 7 4 5 6 4 4 3 4 3 2 0 5 3 4 4 3 5 5 3 0 4 6 3 3 3 5 3 2 7 7 2 3 5 6 3 6 6 4 3 4
Last Time Cost: 00000108 ms
Total Time Cost: 00002112 ms
Total Distance 211: 6 5 3 7 4 7 4 7 4 7 6 4 5 6 4 4 3 4 3 2 0 5 3 4 4 3 5 5 3 0 4 6 3 3 3 5 3 2 7 7 2 2 5 6 3 6 6 4 3 4
Last Time Cost: 00000099 ms
Total Time Cost: 00002211 ms
Total Distance 209: 6 5 3 7 4 7 4 7 4 7 6 4 4 6 4 4 3 4 3 2 0 5 3 4 4 3 5 5 3 0 4 6 3 3 3 4 3 2 7 7 2 2 5 6 3 6 6 4 3 4
Last Time Cost: 00000105 ms
Total Time Cost: 00002316 ms
Total Distance 207: 6 5 3 7 4 7 4 7 3 7 6 4 4 6 4 4 3 4 3 2 0 5 3 4 4 3 5 5 3 0 4 6 2 3 3 4 3 2 7 7 2 2 5 6 3 6 6 4 3 4
Last Time Cost: 00000109 ms
Total Time Cost: 00002425 ms
Total Distance 205: 6 4 3 7 4 7 4 7 3 7 6 4 4 6 4 4 3 4 3 2 0 5 3 4 4 3 5 5 3 0 4 6 2 3 3 3 3 2 7 7 2 2 5 6 3 6 6 4 3 4
Last Time Cost: 00000112 ms
Total Time Cost: 00002537 ms
Total Distance 203: 6 4 3 7 4 7 4 7 3 7 6 4 4 6 4 4 3 4 3 2 0 4 3 4 4 3 5 4 3 0 4 6 2 3 3 3 3 2 7 7 2 2 5 6 3 6 6 4 3 4
Last Time Cost: 00000115 ms
Total Time Cost: 00002652 ms
Total Distance 201: 6 4 3 7 4 7 4 7 3 7 6 4 4 6 4 4 3 4 3 2 0 4 3 4 4 3 4 3 3 0 4 6 2 3 3 3 3 2 7 7 2 2 5 6 3 6 6 4 3 4
Last Time Cost: 00000121 ms
Total Time Cost: 00002773 ms
Total Distance 199: 5 4 3 7 4 7 4 7 3 7 6 4 4 6 4 4 3 4 3 2 0 4 3 4 4 3 4 3 3 0 3 6 2 3 3 3 3 2 7 7 2 2 5 6 3 6 6 4 3 4
Last Time Cost: 00000127 ms
Total Time Cost: 00002900 ms
Total Distance 197: 4 4 3 7 4 7 4 7 3 7 6 4 4 6 4 4 3 4 3 2 0 4 3 4 4 3 4 3 3 0 3 6 2 3 3 3 3 2 7 7 2 2 4 6 3 6 6 4 3 4
Last Time Cost: 00000134 ms
Total Time Cost: 00003034 ms
Total Distance 195: 4 4 3 7 4 6 4 7 3 7 6 4 4 6 4 4 3 4 3 2 0 4 3 4 4 3 4 3 3 0 3 6 2 3 3 3 2 2 7 7 2 2 4 6 3 6 6 4 3 4
Last Time Cost: 00000119 ms
Total Time Cost: 00003153 ms
Total Distance 193: 4 4 3 7 4 6 4 7 3 7 6 4 4 6 4 3 3 4 3 2 0 4 3 4 4 3 4 3 3 0 3 5 2 3 3 3 2 2 7 7 2 2 4 6 3 6 6 4 3 4
Last Time Cost: 00000124 ms
Total Time Cost: 00003277 ms
Total Distance 191: 4 4 3 7 4 6 4 7 3 7 5 4 4 6 4 3 3 4 3 2 0 4 3 4 4 3 4 3 3 0 3 4 2 3 3 3 2 2 7 7 2 2 4 6 3 6 6 4 3 4
Last Time Cost: 00000128 ms
Total Time Cost: 00003405 ms
Total Distance 189: 4 4 3 7 4 6 4 7 3 7 5 3 4 6 4 3 3 4 3 2 0 4 3 4 4 3 4 3 3 0 3 4 2 3 3 3 2 2 7 6 2 2 4 6 3 6 6 4 3 4
Last Time Cost: 00000109 ms
Total Time Cost: 00003514 ms
Total Distance 187: 4 4 3 7 4 6 4 7 3 7 5 2 4 6 4 3 3 4 3 2 0 4 3 4 4 3 4 3 3 0 3 4 2 3 3 3 2 2 7 5 2 2 4 6 3 6 6 4 3 4
Last Time Cost: 00000114 ms
Total Time Cost: 00003628 ms
Total Distance 185: 4 4 3 7 4 6 4 6 3 7 5 2 4 6 3 3 3 4 3 2 0 4 3 4 4 3 4 3 3 0 3 4 2 3 3 3 2 2 7 5 2 2 4 6 3 6 6 4 3 4
Last Time Cost: 00000093 ms
Total Time Cost: 00003721 ms
Total Distance 183: 3 4 3 7 4 6 4 5 3 7 5 2 4 6 3 3 3 4 3 2 0 4 3 4 4 3 4 3 3 0 3 4 2 3 3 3 2 2 7 5 2 2 4 6 3 6 6 4 3 4
Last Time Cost: 00000098 ms
Total Time Cost: 00003819 ms
Total Distance 181: 3 4 3 6 3 6 4 5 3 7 5 2 4 6 3 3 3 4 3 2 0 4 3 4 4 3 4 3 3 0 3 4 2 3 3 3 2 2 7 5 2 2 4 6 3 6 6 4 3 4
Last Time Cost: 00000072 ms
Total Time Cost: 00003891 ms
Total Distance 179: 3 4 3 6 2 6 4 5 3 6 5 2 4 6 3 3 3 4 3 2 0 4 3 4 4 3 4 3 3 0 3 4 2 3 3 3 2 2 7 5 2 2 4 6 3 6 6 4 3 4
Last Time Cost: 00000043 ms
Total Time Cost: 00003934 ms
Total Distance 177: 3 4 3 6 2 6 4 5 3 6 5 2 4 6 3 3 3 4 3 2 0 4 3 4 4 3 4 3 3 0 3 3 2 3 3 3 2 2 6 5 2 2 4 6 3 6 6 4 3 4
Last Time Cost: 00000011 ms
Total Time Cost: 00003945 ms
Total Distance 175: 3 4 3 6 2 6 4 5 3 6 5 2 4 6 3 3 3 4 3 2 0 4 3 4 3 3 4 3 3 0 3 3 2 3 3 3 2 2 6 5 2 2 4 6 3 6 5 4 3 4
Last Time Cost: 00000011 ms
Total Time Cost: 00003956 ms
Total Distance 173: 3 4 3 6 2 6 4 5 3 6 5 2 4 6 3 3 3 4 3 2 0 4 3 4 3 3 4 3 3 0 3 3 2 3 3 3 2 2 6 5 2 2 4 6 2 5 5 4 3 4
Last Time Cost: 00000011 ms
Total Time Cost: 00003967 ms
Total Distance 171: 3 4 3 6 2 6 4 5 3 5 5 2 4 6 3 3 3 4 3 2 0 4 3 4 3 3 4 3 3 0 3 3 2 3 3 3 2 2 6 5 2 2 4 5 2 5 5 4 3 4
Last Time Cost: 00000011 ms
Total Time Cost: 00003978 ms
Total Distance 170: 3 4 3 6 2 6 4 5 3 5 5 2 4 6 3 3 3 4 3 1 0 4 3 4 3 3 4 3 3 0 3 3 2 3 3 3 2 2 6 5 2 2 4 5 2 5 5 4 3 4
Last Time Cost: 00000001 ms
Total Time Cost: 00003979 ms
Total Distance 169: 3 4 3 6 2 6 4 5 3 5 5 2 4 6 3 3 3 4 3 0 0 4 3 4 3 3 4 3 3 0 3 3 2 3 3 3 2 2 6 5 2 2 4 5 2 5 5 4 3 4
Last Time Cost: 00000011 ms
Total Time Cost: 00003990 ms
Total Distance 168: 3 4 3 6 2 6 4 5 3 5 5 2 4 6 3 3 3 4 3 0 0 4 3 4 3 3 4 3 3 0 3 3 2 3 3 3 2 1 6 5 2 2 4 5 2 5 5 4 3 4
Last Time Cost: 00000001 ms
Total Time Cost: 00003991 ms
Total Distance 167: 3 4 3 6 2 6 4 5 3 5 5 2 4 6 3 3 3 4 3 0 0 4 3 4 3 3 4 3 3 0 3 3 2 3 3 3 2 0 6 5 2 2 4 5 2 5 5 4 3 4
Last Time Cost: 00000012 ms
Total Time Cost: 00004003 ms
Total Distance 166: 3 4 3 6 2 6 4 5 3 5 5 2 4 6 3 3 3 4 3 0 0 4 3 4 3 3 4 3 3 0 3 3 2 3 3 3 2 0 6 5 2 1 4 5 2 5 5 4 3 4
Last Time Cost: 00000001 ms
Total Time Cost: 00004004 ms
Total Distance 165: 3 4 3 6 2 6 4 5 3 5 5 2 4 6 3 3 3 4 3 0 0 4 3 4 3 3 4 3 3 0 3 3 2 3 3 3 2 0 6 5 2 0 4 5 2 5 5 4 3 4
Last Time Cost: 00000012 ms
Total Time Cost: 00004016 ms
Total Distance 164: 3 4 3 6 2 6 4 5 3 5 5 2 4 6 3 3 3 4 3 0 0 4 3 4 3 3 4 3 3 0 3 3 2 3 3 3 2 0 6 5 1 0 4 5 2 5 5 4 3 4
Last Time Cost: 00000001 ms
Total Time Cost: 00004017 ms
Total Distance 163: 3 4 3 6 2 6 4 5 3 5 5 2 4 6 3 3 3 4 3 0 0 4 3 4 3 3 4 3 3 0 3 3 2 3 3 3 2 0 6 5 0 0 4 5 2 5 5 4 3 4
Last Time Cost: 00000013 ms
Total Time Cost: 00004030 ms
Total Distance 161: 2 4 3 6 2 6 4 5 3 5 5 2 4 5 3 3 3 4 3 0 0 4 3 4 3 3 4 3 3 0 3 3 2 3 3 3 2 0 6 5 0 0 4 5 2 5 5 4 3 4
Last Time Cost: 00000013 ms
Total Time Cost: 00004043 ms
Total Distance 160: 1 4 3 6 2 6 4 5 3 5 5 2 4 5 3 3 3 4 3 0 0 4 3 4 3 3 4 3 3 0 3 3 2 3 3 3 2 0 6 5 0 0 4 5 2 5 5 4 3 4
Last Time Cost: 00000001 ms
Total Time Cost: 00004044 ms
Total Distance 159: 0 4 3 6 2 6 4 5 3 5 5 2 4 5 3 3 3 4 3 0 0 4 3 4 3 3 4 3 3 0 3 3 2 3 3 3 2 0 6 5 0 0 4 5 2 5 5 4 3 4
Last Time Cost: 00000014 ms
Total Time Cost: 00004058 ms
Total Distance 157: 0 4 3 6 2 6 4 5 3 5 5 2 4 4 3 2 3 4 3 0 0 4 3 4 3 3 4 3 3 0 3 3 2 3 3 3 2 0 6 5 0 0 4 5 2 5 5 4 3 4
Last Time Cost: 00000014 ms
Total Time Cost: 00004072 ms
Total Distance 156: 0 4 3 6 2 6 4 5 3 5 5 1 4 4 3 2 3 4 3 0 0 4 3 4 3 3 4 3 3 0 3 3 2 3 3 3 2 0 6 5 0 0 4 5 2 5 5 4 3 4
Last Time Cost: 00000001 ms
Total Time Cost: 00004073 ms
Total Distance 155: 0 4 3 6 2 6 4 5 3 5 5 0 4 4 3 2 3 4 3 0 0 4 3 4 3 3 4 3 3 0 3 3 2 3 3 3 2 0 6 5 0 0 4 5 2 5 5 4 3 4
Last Time Cost: 00000014 ms
Total Time Cost: 00004087 ms
Total Distance 154: 0 4 3 6 2 6 4 5 3 5 5 0 4 4 3 2 3 4 3 0 0 4 3 4 3 3 4 3 3 0 3 3 1 3 3 3 2 0 6 5 0 0 4 5 2 5 5 4 3 4
Last Time Cost: 00000001 ms
Total Time Cost: 00004088 ms
Total Distance 153: 0 4 3 6 2 6 4 5 3 5 5 0 4 4 3 2 3 4 3 0 0 4 3 4 3 3 4 3 3 0 3 3 0 3 3 3 2 0 6 5 0 0 4 5 2 5 5 4 3 4
Last Time Cost: 00000015 ms
Total Time Cost: 00004103 ms
Total Distance 152: 0 4 3 6 2 6 4 5 3 5 5 0 4 4 3 1 3 4 3 0 0 4 3 4 3 3 4 3 3 0 3 3 0 3 3 3 2 0 6 5 0 0 4 5 2 5 5 4 3 4
Last Time Cost: 00000001 ms
Total Time Cost: 00004104 ms
Total Distance 151: 0 4 3 6 2 6 4 5 3 5 5 0 4 4 3 0 3 4 3 0 0 4 3 4 3 3 4 3 3 0 3 3 0 3 3 3 2 0 6 5 0 0 4 5 2 5 5 4 3 4
Last Time Cost: 00000016 ms
Total Time Cost: 00004120 ms
Total Distance 150: 0 4 3 6 2 6 4 5 3 5 5 0 4 4 3 0 3 4 3 0 0 4 3 4 3 3 4 3 3 0 3 3 0 3 3 3 2 0 6 5 0 0 4 5 1 5 5 4 3 4
Last Time Cost: 00000001 ms
Total Time Cost: 00004121 ms
Total Distance 149: 0 4 3 6 2 6 4 5 3 5 5 0 4 4 3 0 3 4 3 0 0 4 3 4 3 3 4 3 3 0 3 3 0 3 3 3 2 0 6 5 0 0 4 5 0 5 5 4 3 4
Last Time Cost: 00000017 ms
Total Time Cost: 00004138 ms
Total Distance 148: 0 4 3 6 2 6 4 5 3 5 5 0 4 4 3 0 3 4 3 0 0 4 3 4 3 3 4 3 3 0 3 3 0 3 3 3 1 0 6 5 0 0 4 5 0 5 5 4 3 4
Last Time Cost: 00000001 ms
Total Time Cost: 00004139 ms
Total Distance 147: 0 4 3 6 2 6 4 5 3 5 5 0 4 4 3 0 3 4 3 0 0 4 3 4 3 3 4 3 3 0 3 3 0 3 3 3 0 0 6 5 0 0 4 5 0 5 5 4 3 4
Last Time Cost: 00000018 ms
Total Time Cost: 00004157 ms
Total Distance 146: 0 4 3 6 1 6 4 5 3 5 5 0 4 4 3 0 3 4 3 0 0 4 3 4 3 3 4 3 3 0 3 3 0 3 3 3 0 0 6 5 0 0 4 5 0 5 5 4 3 4
Last Time Cost: 00000001 ms
Total Time Cost: 00004158 ms
Total Distance 145: 0 4 3 6 0 6 4 5 3 5 5 0 4 4 3 0 3 4 3 0 0 4 3 4 3 3 4 3 3 0 3 3 0 3 3 3 0 0 6 5 0 0 4 5 0 5 5 4 3 4
Last Time Cost: 00000019 ms
Total Time Cost: 00004177 ms
Total Distance 144: 0 4 3 6 0 6 4 5 3 5 5 0 4 4 3 0 3 4 3 0 0 4 3 4 3 2 4 3 3 0 3 3 0 3 3 3 0 0 6 5 0 0 4 5 0 5 5 4 3 4
Last Time Cost: 00000001 ms
Total Time Cost: 00004178 ms
Total Distance 143: 0 4 3 6 0 6 4 5 3 5 5 0 4 4 3 0 3 4 3 0 0 4 3 4 3 1 4 3 3 0 3 3 0 3 3 3 0 0 6 5 0 0 4 5 0 5 5 4 3 4
Last Time Cost: 00000001 ms
Total Time Cost: 00004179 ms
Total Distance 142: 0 4 3 6 0 6 4 5 3 5 5 0 4 4 3 0 3 4 3 0 0 4 3 4 3 0 4 3 3 0 3 3 0 3 3 3 0 0 6 5 0 0 4 5 0 5 5 4 3 4
Last Time Cost: 00000021 ms
Total Time Cost: 00004200 ms
Total Distance 141: 0 4 3 6 0 6 4 5 3 5 5 0 4 4 3 0 3 4 2 0 0 4 3 4 3 0 4 3 3 0 3 3 0 3 3 3 0 0 6 5 0 0 4 5 0 5 5 4 3 4
Last Time Cost: 00000001 ms
Total Time Cost: 00004201 ms
Total Distance 140: 0 4 3 6 0 6 4 5 3 5 5 0 4 4 3 0 3 4 1 0 0 4 3 4 3 0 4 3 3 0 3 3 0 3 3 3 0 0 6 5 0 0 4 5 0 5 5 4 3 4
Last Time Cost: 00000001 ms
Total Time Cost: 00004202 ms
Total Distance 139: 0 4 3 6 0 6 4 5 3 5 5 0 4 4 3 0 3 4 0 0 0 4 3 4 3 0 4 3 3 0 3 3 0 3 3 3 0 0 6 5 0 0 4 5 0 5 5 4 3 4
Last Time Cost: 00000023 ms
Total Time Cost: 00004225 ms
Total Distance 138: 0 4 3 6 0 6 4 5 3 5 5 0 4 4 3 0 3 4 0 0 0 4 3 4 3 0 4 3 3 0 3 3 0 2 3 3 0 0 6 5 0 0 4 5 0 5 5 4 3 4
Last Time Cost: 00000001 ms
Total Time Cost: 00004226 ms
Total Distance 137: 0 4 3 6 0 6 4 5 3 5 5 0 4 4 3 0 3 4 0 0 0 4 3 4 3 0 4 3 3 0 3 3 0 1 3 3 0 0 6 5 0 0 4 5 0 5 5 4 3 4
Last Time Cost: 00000001 ms
Total Time Cost: 00004227 ms
Total Distance 136: 0 4 3 6 0 6 4 5 3 5 5 0 4 4 3 0 3 4 0 0 0 4 3 4 3 0 4 3 3 0 3 3 0 0 3 3 0 0 6 5 0 0 4 5 0 5 5 4 3 4
Last Time Cost: 00000025 ms
Total Time Cost: 00004252 ms
Total Distance 135: 0 4 3 6 0 6 4 5 3 5 5 0 4 4 3 0 3 4 0 0 0 4 3 4 3 0 4 3 2 0 3 3 0 0 3 3 0 0 6 5 0 0 4 5 0 5 5 4 3 4
Last Time Cost: 00000001 ms
Total Time Cost: 00004253 ms
Total Distance 134: 0 4 3 6 0 6 4 5 3 5 5 0 4 4 3 0 3 4 0 0 0 4 3 4 3 0 4 3 1 0 3 3 0 0 3 3 0 0 6 5 0 0 4 5 0 5 5 4 3 4
Last Time Cost: 00000001 ms
Total Time Cost: 00004254 ms
Total Distance 133: 0 4 3 6 0 6 4 5 3 5 5 0 4 4 3 0 3 4 0 0 0 4 3 4 3 0 4 3 0 0 3 3 0 0 3 3 0 0 6 5 0 0 4 5 0 5 5 4 3 4
Last Time Cost: 00000028 ms
Total Time Cost: 00004282 ms
Total Distance 132: 0 4 3 6 0 6 4 5 3 5 5 0 4 4 2 0 3 4 0 0 0 4 3 4 3 0 4 3 0 0 3 3 0 0 3 3 0 0 6 5 0 0 4 5 0 5 5 4 3 4
Last Time Cost: 00000001 ms
Total Time Cost: 00004283 ms
Total Distance 131: 0 4 3 6 0 6 4 5 3 5 5 0 4 4 1 0 3 4 0 0 0 4 3 4 3 0 4 3 0 0 3 3 0 0 3 3 0 0 6 5 0 0 4 5 0 5 5 4 3 4
Last Time Cost: 00000001 ms
Total Time Cost: 00004284 ms
Total Distance 130: 0 4 3 6 0 6 4 5 3 5 5 0 4 4 0 0 3 4 0 0 0 4 3 4 3 0 4 3 0 0 3 3 0 0 3 3 0 0 6 5 0 0 4 5 0 5 5 4 3 4
Last Time Cost: 00000030 ms
Total Time Cost: 00004314 ms
Total Distance 129: 0 4 3 6 0 6 4 5 3 5 5 0 4 4 0 0 3 4 0 0 0 4 3 4 3 0 4 3 0 0 3 2 0 0 3 3 0 0 6 5 0 0 4 5 0 5 5 4 3 4
Last Time Cost: 00000001 ms
Total Time Cost: 00004315 ms
Total Distance 128: 0 4 3 6 0 6 4 5 3 5 5 0 4 4 0 0 3 4 0 0 0 4 3 4 3 0 4 3 0 0 3 1 0 0 3 3 0 0 6 5 0 0 4 5 0 5 5 4 3 4
Last Time Cost: 00000001 ms
Total Time Cost: 00004316 ms
Total Distance 127: 0 4 3 6 0 6 4 5 3 5 5 0 4 4 0 0 3 4 0 0 0 4 3 4 3 0 4 3 0 0 3 0 0 0 3 3 0 0 6 5 0 0 4 5 0 5 5 4 3 4
Last Time Cost: 00000033 ms
Total Time Cost: 00004349 ms
Total Distance 126: 0 4 3 6 0 6 4 5 3 5 5 0 4 4 0 0 3 4 0 0 0 4 3 4 2 0 4 3 0 0 3 0 0 0 3 3 0 0 6 5 0 0 4 5 0 5 5 4 3 4
Last Time Cost: 00000001 ms
Total Time Cost: 00004350 ms
Total Distance 125: 0 4 3 6 0 6 4 5 3 5 5 0 4 4 0 0 3 4 0 0 0 4 3 4 1 0 4 3 0 0 3 0 0 0 3 3 0 0 6 5 0 0 4 5 0 5 5 4 3 4
Last Time Cost: 00000001 ms
Total Time Cost: 00004351 ms
Total Distance 124: 0 4 3 6 0 6 4 5 3 5 5 0 4 4 0 0 3 4 0 0 0 4 3 4 0 0 4 3 0 0 3 0 0 0 3 3 0 0 6 5 0 0 4 5 0 5 5 4 3 4
Last Time Cost: 00000035 ms
Total Time Cost: 00004386 ms
Total Distance 123: 0 4 3 6 0 6 4 5 3 5 5 0 4 4 0 0 3 4 0 0 0 4 2 4 0 0 4 3 0 0 3 0 0 0 3 3 0 0 6 5 0 0 4 5 0 5 5 4 3 4
Last Time Cost: 00000001 ms
Total Time Cost: 00004387 ms
Total Distance 122: 0 4 3 6 0 6 4 5 3 5 5 0 4 4 0 0 3 4 0 0 0 4 1 4 0 0 4 3 0 0 3 0 0 0 3 3 0 0 6 5 0 0 4 5 0 5 5 4 3 4
Last Time Cost: 00000001 ms
Total Time Cost: 00004388 ms
Total Distance 121: 0 4 3 6 0 6 4 5 3 5 5 0 4 4 0 0 3 4 0 0 0 4 0 4 0 0 4 3 0 0 3 0 0 0 3 3 0 0 6 5 0 0 4 5 0 5 5 4 3 4
Last Time Cost: 00000038 ms
Total Time Cost: 00004426 ms
Total Distance 120: 0 4 3 6 0 6 4 5 3 5 5 0 4 4 0 0 3 4 0 0 0 4 0 4 0 0 4 3 0 0 3 0 0 0 3 3 0 0 6 5 0 0 4 5 0 5 5 4 2 4
Last Time Cost: 00000001 ms
Total Time Cost: 00004427 ms
Total Distance 119: 0 4 3 6 0 6 4 5 3 5 5 0 4 4 0 0 3 4 0 0 0 4 0 4 0 0 4 3 0 0 3 0 0 0 3 3 0 0 6 5 0 0 4 5 0 5 5 4 1 4
Last Time Cost: 00000001 ms
Total Time Cost: 00004428 ms
Total Distance 118: 0 4 3 6 0 6 4 5 3 5 5 0 4 4 0 0 3 4 0 0 0 4 0 4 0 0 4 3 0 0 3 0 0 0 3 3 0 0 6 5 0 0 4 5 0 5 5 4 0 4
Last Time Cost: 00000041 ms
Total Time Cost: 00004469 ms
Total Distance 117: 0 4 2 6 0 6 4 5 3 5 5 0 4 4 0 0 3 4 0 0 0 4 0 4 0 0 4 3 0 0 3 0 0 0 3 3 0 0 6 5 0 0 4 5 0 5 5 4 0 4
Last Time Cost: 00000001 ms
Total Time Cost: 00004470 ms
Total Distance 116: 0 4 1 6 0 6 4 5 3 5 5 0 4 4 0 0 3 4 0 0 0 4 0 4 0 0 4 3 0 0 3 0 0 0 3 3 0 0 6 5 0 0 4 5 0 5 5 4 0 4
Last Time Cost: 00000001 ms
Total Time Cost: 00004471 ms
Total Distance 115: 0 4 0 6 0 6 4 5 3 5 5 0 4 4 0 0 3 4 0 0 0 4 0 4 0 0 4 3 0 0 3 0 0 0 3 3 0 0 6 5 0 0 4 5 0 5 5 4 0 4
Last Time Cost: 00000045 ms
Total Time Cost: 00004516 ms
Total Distance 114: 0 4 0 6 0 6 4 5 3 5 5 0 4 4 0 0 3 4 0 0 0 4 0 4 0 0 4 3 0 0 3 0 0 0 2 3 0 0 6 5 0 0 4 5 0 5 5 4 0 4
Last Time Cost: 00000001 ms
Total Time Cost: 00004517 ms
Total Distance 113: 0 4 0 6 0 6 4 5 3 5 5 0 4 4 0 0 3 4 0 0 0 4 0 4 0 0 4 3 0 0 3 0 0 0 1 3 0 0 6 5 0 0 4 5 0 5 5 4 0 4
Last Time Cost: 00000001 ms
Total Time Cost: 00004518 ms
Total Distance 112: 0 4 0 6 0 6 4 5 3 5 5 0 4 4 0 0 3 4 0 0 0 4 0 4 0 0 4 3 0 0 3 0 0 0 0 3 0 0 6 5 0 0 4 5 0 5 5 4 0 4
Last Time Cost: 00000048 ms
Total Time Cost: 00004566 ms
Total Distance 110: 0 4 0 6 0 5 4 4 3 5 5 0 4 4 0 0 3 4 0 0 0 4 0 4 0 0 4 3 0 0 3 0 0 0 0 3 0 0 6 5 0 0 4 5 0 5 5 4 0 4
Last Time Cost: 00000043 ms
Total Time Cost: 00004609 ms
Total Distance 109: 0 4 0 6 0 5 4 4 3 5 5 0 4 4 0 0 3 4 0 0 0 4 0 4 0 0 4 3 0 0 2 0 0 0 0 3 0 0 6 5 0 0 4 5 0 5 5 4 0 4
Last Time Cost: 00000001 ms
Total Time Cost: 00004610 ms
Total Distance 108: 0 4 0 6 0 5 4 4 3 5 5 0 4 4 0 0 3 4 0 0 0 4 0 4 0 0 4 3 0 0 1 0 0 0 0 3 0 0 6 5 0 0 4 5 0 5 5 4 0 4
Last Time Cost: 00000001 ms
Total Time Cost: 00004611 ms
Total Distance 107: 0 4 0 6 0 5 4 4 3 5 5 0 4 4 0 0 3 4 0 0 0 4 0 4 0 0 4 3 0 0 0 0 0 0 0 3 0 0 6 5 0 0 4 5 0 5 5 4 0 4
Last Time Cost: 00000045 ms
Total Time Cost: 00004656 ms
Total Distance 106: 0 4 0 6 0 5 4 4 2 5 5 0 4 4 0 0 3 4 0 0 0 4 0 4 0 0 4 3 0 0 0 0 0 0 0 3 0 0 6 5 0 0 4 5 0 5 5 4 0 4
Last Time Cost: 00000001 ms
Total Time Cost: 00004657 ms
Total Distance 105: 0 4 0 6 0 5 4 4 1 5 5 0 4 4 0 0 3 4 0 0 0 4 0 4 0 0 4 3 0 0 0 0 0 0 0 3 0 0 6 5 0 0 4 5 0 5 5 4 0 4
Last Time Cost: 00000001 ms
Total Time Cost: 00004658 ms
Total Distance 104: 0 4 0 6 0 5 4 4 0 5 5 0 4 4 0 0 3 4 0 0 0 4 0 4 0 0 4 3 0 0 0 0 0 0 0 3 0 0 6 5 0 0 4 5 0 5 5 4 0 4
Last Time Cost: 00000048 ms
Total Time Cost: 00004706 ms
Total Distance 103: 0 4 0 6 0 5 4 4 0 5 5 0 4 4 0 0 3 4 0 0 0 4 0 4 0 0 4 2 0 0 0 0 0 0 0 3 0 0 6 5 0 0 4 5 0 5 5 4 0 4
Last Time Cost: 00000001 ms
Total Time Cost: 00004707 ms
Total Distance 102: 0 4 0 6 0 5 4 4 0 5 5 0 4 4 0 0 3 4 0 0 0 4 0 4 0 0 4 1 0 0 0 0 0 0 0 3 0 0 6 5 0 0 4 5 0 5 5 4 0 4
Last Time Cost: 00000001 ms
Total Time Cost: 00004708 ms
Total Distance 101: 0 4 0 6 0 5 4 4 0 5 5 0 4 4 0 0 3 4 0 0 0 4 0 4 0 0 4 0 0 0 0 0 0 0 0 3 0 0 6 5 0 0 4 5 0 5 5 4 0 4
Last Time Cost: 00000051 ms
Total Time Cost: 00004759 ms
Total Distance 100: 0 4 0 6 0 5 4 4 0 5 5 0 4 4 0 0 2 4 0 0 0 4 0 4 0 0 4 0 0 0 0 0 0 0 0 3 0 0 6 5 0 0 4 5 0 5 5 4 0 4
Last Time Cost: 00000001 ms
Total Time Cost: 00004760 ms
Total Distance 99: 0 4 0 6 0 5 4 4 0 5 5 0 4 4 0 0 1 4 0 0 0 4 0 4 0 0 4 0 0 0 0 0 0 0 0 3 0 0 6 5 0 0 4 5 0 5 5 4 0 4
Last Time Cost: 00000001 ms
Total Time Cost: 00004761 ms
Total Distance 98: 0 4 0 6 0 5 4 4 0 5 5 0 4 4 0 0 0 4 0 0 0 4 0 4 0 0 4 0 0 0 0 0 0 0 0 3 0 0 6 5 0 0 4 5 0 5 5 4 0 4
Last Time Cost: 00000056 ms
Total Time Cost: 00004817 ms
Total Distance 97: 0 4 0 6 0 5 4 4 0 5 5 0 4 4 0 0 0 4 0 0 0 4 0 4 0 0 4 0 0 0 0 0 0 0 0 2 0 0 6 5 0 0 4 5 0 5 5 4 0 4
Last Time Cost: 00000001 ms
Total Time Cost: 00004818 ms
Total Distance 96: 0 4 0 6 0 5 4 4 0 5 5 0 4 4 0 0 0 4 0 0 0 4 0 4 0 0 4 0 0 0 0 0 0 0 0 1 0 0 6 5 0 0 4 5 0 5 5 4 0 4
Last Time Cost: 00000001 ms
Total Time Cost: 00004819 ms
Total Distance 95: 0 4 0 6 0 5 4 4 0 5 5 0 4 4 0 0 0 4 0 0 0 4 0 4 0 0 4 0 0 0 0 0 0 0 0 0 0 0 6 5 0 0 4 5 0 5 5 4 0 4
Last Time Cost: 00000060 ms
Total Time Cost: 00004879 ms
Total Distance 94: 0 4 0 6 0 5 4 4 0 5 5 0 4 4 0 0 0 4 0 0 0 4 0 4 0 0 3 0 0 0 0 0 0 0 0 0 0 0 6 5 0 0 4 5 0 5 5 4 0 4
Last Time Cost: 00000004 ms
Total Time Cost: 00004883 ms
Total Distance 93: 0 4 0 6 0 5 4 4 0 5 5 0 4 4 0 0 0 4 0 0 0 4 0 4 0 0 2 0 0 0 0 0 0 0 0 0 0 0 6 5 0 0 4 5 0 5 5 4 0 4
Last Time Cost: 00000001 ms
Total Time Cost: 00004884 ms
Total Distance 92: 0 4 0 6 0 5 4 4 0 5 5 0 4 4 0 0 0 4 0 0 0 4 0 4 0 0 1 0 0 0 0 0 0 0 0 0 0 0 6 5 0 0 4 5 0 5 5 4 0 4
Last Time Cost: 00000001 ms
Total Time Cost: 00004885 ms
Total Distance 91: 0 4 0 6 0 5 4 4 0 5 5 0 4 4 0 0 0 4 0 0 0 4 0 4 0 0 0 0 0 0 0 0 0 0 0 0 0 0 6 5 0 0 4 5 0 5 5 4 0 4
Last Time Cost: 00000067 ms
Total Time Cost: 00004952 ms
Total Distance 90: 0 4 0 6 0 5 4 4 0 5 5 0 4 4 0 0 0 4 0 0 0 4 0 3 0 0 0 0 0 0 0 0 0 0 0 0 0 0 6 5 0 0 4 5 0 5 5 4 0 4
Last Time Cost: 00000001 ms
Total Time Cost: 00004953 ms
Total Distance 89: 0 4 0 6 0 5 4 4 0 5 5 0 4 4 0 0 0 4 0 0 0 4 0 2 0 0 0 0 0 0 0 0 0 0 0 0 0 0 6 5 0 0 4 5 0 5 5 4 0 4
Last Time Cost: 00000001 ms
Total Time Cost: 00004954 ms
Total Distance 88: 0 4 0 6 0 5 4 4 0 5 5 0 4 4 0 0 0 4 0 0 0 4 0 1 0 0 0 0 0 0 0 0 0 0 0 0 0 0 6 5 0 0 4 5 0 5 5 4 0 4
Last Time Cost: 00000001 ms
Total Time Cost: 00004955 ms
Total Distance 87: 0 4 0 6 0 5 4 4 0 5 5 0 4 4 0 0 0 4 0 0 0 4 0 0 0 0 0 0 0 0 0 0 0 0 0 0 0 0 6 5 0 0 4 5 0 5 5 4 0 4
Last Time Cost: 00000073 ms
Total Time Cost: 00005028 ms
Total Distance 86: 0 4 0 6 0 5 4 4 0 5 5 0 4 4 0 0 0 4 0 0 0 4 0 0 0 0 0 0 0 0 0 0 0 0 0 0 0 0 6 5 0 0 3 5 0 5 5 4 0 4
Last Time Cost: 00000001 ms
Total Time Cost: 00005029 ms
Total Distance 85: 0 4 0 6 0 5 4 4 0 5 5 0 4 4 0 0 0 4 0 0 0 4 0 0 0 0 0 0 0 0 0 0 0 0 0 0 0 0 6 5 0 0 2 5 0 5 5 4 0 4
Last Time Cost: 00000001 ms
Total Time Cost: 00005030 ms
Total Distance 84: 0 4 0 6 0 5 4 4 0 5 5 0 4 4 0 0 0 4 0 0 0 4 0 0 0 0 0 0 0 0 0 0 0 0 0 0 0 0 6 5 0 0 1 5 0 5 5 4 0 4
Last Time Cost: 00000001 ms
Total Time Cost: 00005031 ms
Total Distance 83: 0 4 0 6 0 5 4 4 0 5 5 0 4 4 0 0 0 4 0 0 0 4 0 0 0 0 0 0 0 0 0 0 0 0 0 0 0 0 6 5 0 0 0 5 0 5 5 4 0 4
Last Time Cost: 00000077 ms
Total Time Cost: 00005108 ms
Total Distance 82: 0 4 0 6 0 5 4 4 0 5 5 0 3 4 0 0 0 4 0 0 0 4 0 0 0 0 0 0 0 0 0 0 0 0 0 0 0 0 6 5 0 0 0 5 0 5 5 4 0 4
Last Time Cost: 00000001 ms
Total Time Cost: 00005109 ms
Total Distance 81: 0 4 0 6 0 5 4 4 0 5 5 0 2 4 0 0 0 4 0 0 0 4 0 0 0 0 0 0 0 0 0 0 0 0 0 0 0 0 6 5 0 0 0 5 0 5 5 4 0 4
Last Time Cost: 00000001 ms
Total Time Cost: 00005110 ms
Total Distance 80: 0 4 0 6 0 5 4 4 0 5 5 0 1 4 0 0 0 4 0 0 0 4 0 0 0 0 0 0 0 0 0 0 0 0 0 0 0 0 6 5 0 0 0 5 0 5 5 4 0 4
Last Time Cost: 00000001 ms
Total Time Cost: 00005111 ms
Total Distance 79: 0 4 0 6 0 5 4 4 0 5 5 0 0 4 0 0 0 4 0 0 0 4 0 0 0 0 0 0 0 0 0 0 0 0 0 0 0 0 6 5 0 0 0 5 0 5 5 4 0 4
Last Time Cost: 00000082 ms
Total Time Cost: 00005193 ms
Total Distance 78: 0 4 0 6 0 5 4 4 0 5 5 0 0 4 0 0 0 4 0 0 0 4 0 0 0 0 0 0 0 0 0 0 0 0 0 0 0 0 6 5 0 0 0 5 0 5 5 4 0 3
Last Time Cost: 00000001 ms
Total Time Cost: 00005194 ms
Total Distance 77: 0 4 0 6 0 5 4 4 0 5 5 0 0 4 0 0 0 4 0 0 0 4 0 0 0 0 0 0 0 0 0 0 0 0 0 0 0 0 6 5 0 0 0 5 0 5 5 4 0 2
Last Time Cost: 00000001 ms
Total Time Cost: 00005195 ms
Total Distance 76: 0 4 0 6 0 5 4 4 0 5 5 0 0 4 0 0 0 4 0 0 0 4 0 0 0 0 0 0 0 0 0 0 0 0 0 0 0 0 6 5 0 0 0 5 0 5 5 4 0 1
Last Time Cost: 00000001 ms
Total Time Cost: 00005196 ms
Total Distance 75: 0 4 0 6 0 5 4 4 0 5 5 0 0 4 0 0 0 4 0 0 0 4 0 0 0 0 0 0 0 0 0 0 0 0 0 0 0 0 6 5 0 0 0 5 0 5 5 4 0 0
Last Time Cost: 00000090 ms
Total Time Cost: 00005286 ms
Total Distance 73: 0 4 0 5 0 5 4 4 0 5 5 0 0 4 0 0 0 4 0 0 0 4 0 0 0 0 0 0 0 0 0 0 0 0 0 0 0 0 6 5 0 0 0 4 0 5 5 4 0 0
Last Time Cost: 00000080 ms
Total Time Cost: 00005366 ms
Total Distance 72: 0 3 0 5 0 5 4 4 0 5 5 0 0 4 0 0 0 4 0 0 0 4 0 0 0 0 0 0 0 0 0 0 0 0 0 0 0 0 6 5 0 0 0 4 0 5 5 4 0 0
Last Time Cost: 00000001 ms
Total Time Cost: 00005367 ms
Total Distance 71: 0 2 0 5 0 5 4 4 0 5 5 0 0 4 0 0 0 4 0 0 0 4 0 0 0 0 0 0 0 0 0 0 0 0 0 0 0 0 6 5 0 0 0 4 0 5 5 4 0 0
Last Time Cost: 00000001 ms
Total Time Cost: 00005368 ms
Total Distance 70: 0 1 0 5 0 5 4 4 0 5 5 0 0 4 0 0 0 4 0 0 0 4 0 0 0 0 0 0 0 0 0 0 0 0 0 0 0 0 6 5 0 0 0 4 0 5 5 4 0 0
Last Time Cost: 00000001 ms
Total Time Cost: 00005369 ms
Total Distance 69: 0 0 0 5 0 5 4 4 0 5 5 0 0 4 0 0 0 4 0 0 0 4 0 0 0 0 0 0 0 0 0 0 0 0 0 0 0 0 6 5 0 0 0 4 0 5 5 4 0 0
Last Time Cost: 00000086 ms
Total Time Cost: 00005455 ms
Total Distance 68: 0 0 0 5 0 5 3 4 0 5 5 0 0 4 0 0 0 4 0 0 0 4 0 0 0 0 0 0 0 0 0 0 0 0 0 0 0 0 6 5 0 0 0 4 0 5 5 4 0 0
Last Time Cost: 00000001 ms
Total Time Cost: 00005456 ms
Total Distance 67: 0 0 0 5 0 5 2 4 0 5 5 0 0 4 0 0 0 4 0 0 0 4 0 0 0 0 0 0 0 0 0 0 0 0 0 0 0 0 6 5 0 0 0 4 0 5 5 4 0 0
Last Time Cost: 00000001 ms
Total Time Cost: 00005457 ms
Total Distance 66: 0 0 0 5 0 5 1 4 0 5 5 0 0 4 0 0 0 4 0 0 0 4 0 0 0 0 0 0 0 0 0 0 0 0 0 0 0 0 6 5 0 0 0 4 0 5 5 4 0 0
Last Time Cost: 00000001 ms
Total Time Cost: 00005458 ms
Total Distance 65: 0 0 0 5 0 5 0 4 0 5 5 0 0 4 0 0 0 4 0 0 0 4 0 0 0 0 0 0 0 0 0 0 0 0 0 0 0 0 6 5 0 0 0 4 0 5 5 4 0 0
Last Time Cost: 00000092 ms
Total Time Cost: 00005550 ms
Total Distance 64: 0 0 0 5 0 5 0 4 0 5 5 0 0 4 0 0 0 4 0 0 0 4 0 0 0 0 0 0 0 0 0 0 0 0 0 0 0 0 6 5 0 0 0 3 0 5 5 4 0 0
Last Time Cost: 00000001 ms
Total Time Cost: 00005551 ms
Total Distance 63: 0 0 0 5 0 5 0 4 0 5 5 0 0 4 0 0 0 4 0 0 0 4 0 0 0 0 0 0 0 0 0 0 0 0 0 0 0 0 6 5 0 0 0 2 0 5 5 4 0 0
Last Time Cost: 00000001 ms
Total Time Cost: 00005552 ms
Total Distance 62: 0 0 0 5 0 5 0 4 0 5 5 0 0 4 0 0 0 4 0 0 0 4 0 0 0 0 0 0 0 0 0 0 0 0 0 0 0 0 6 5 0 0 0 1 0 5 5 4 0 0
Last Time Cost: 00000001 ms
Total Time Cost: 00005553 ms
Total Distance 61: 0 0 0 5 0 5 0 4 0 5 5 0 0 4 0 0 0 4 0 0 0 4 0 0 0 0 0 0 0 0 0 0 0 0 0 0 0 0 6 5 0 0 0 0 0 5 5 4 0 0
Last Time Cost: 00000099 ms
Total Time Cost: 00005652 ms
Total Distance 60: 0 0 0 5 0 5 0 4 0 5 5 0 0 4 0 0 0 4 0 0 0 4 0 0 0 0 0 0 0 0 0 0 0 0 0 0 0 0 6 5 0 0 0 0 0 5 5 3 0 0
Last Time Cost: 00000001 ms
Total Time Cost: 00005653 ms
Total Distance 59: 0 0 0 5 0 5 0 4 0 5 5 0 0 4 0 0 0 4 0 0 0 4 0 0 0 0 0 0 0 0 0 0 0 0 0 0 0 0 6 5 0 0 0 0 0 5 5 2 0 0
Last Time Cost: 00000002 ms
Total Time Cost: 00005655 ms
Total Distance 58: 0 0 0 5 0 5 0 4 0 5 5 0 0 4 0 0 0 4 0 0 0 4 0 0 0 0 0 0 0 0 0 0 0 0 0 0 0 0 6 5 0 0 0 0 0 5 5 1 0 0
Last Time Cost: 00000001 ms
Total Time Cost: 00005656 ms
Total Distance 57: 0 0 0 5 0 5 0 4 0 5 5 0 0 4 0 0 0 4 0 0 0 4 0 0 0 0 0 0 0 0 0 0 0 0 0 0 0 0 6 5 0 0 0 0 0 5 5 0 0 0
Last Time Cost: 00000107 ms
Total Time Cost: 00005763 ms
Total Distance 56: 0 0 0 5 0 5 0 4 0 5 5 0 0 4 0 0 0 3 0 0 0 4 0 0 0 0 0 0 0 0 0 0 0 0 0 0 0 0 6 5 0 0 0 0 0 5 5 0 0 0
Last Time Cost: 00000002 ms
Total Time Cost: 00005765 ms
Total Distance 55: 0 0 0 5 0 5 0 4 0 5 5 0 0 4 0 0 0 2 0 0 0 4 0 0 0 0 0 0 0 0 0 0 0 0 0 0 0 0 6 5 0 0 0 0 0 5 5 0 0 0
Last Time Cost: 00000001 ms
Total Time Cost: 00005766 ms
Total Distance 54: 0 0 0 5 0 5 0 4 0 5 5 0 0 4 0 0 0 1 0 0 0 4 0 0 0 0 0 0 0 0 0 0 0 0 0 0 0 0 6 5 0 0 0 0 0 5 5 0 0 0
Last Time Cost: 00000002 ms
Total Time Cost: 00005768 ms
Total Distance 53: 0 0 0 5 0 5 0 4 0 5 5 0 0 4 0 0 0 0 0 0 0 4 0 0 0 0 0 0 0 0 0 0 0 0 0 0 0 0 6 5 0 0 0 0 0 5 5 0 0 0
Last Time Cost: 00000114 ms
Total Time Cost: 00005882 ms
Total Distance 52: 0 0 0 5 0 5 0 4 0 5 5 0 0 3 0 0 0 0 0 0 0 4 0 0 0 0 0 0 0 0 0 0 0 0 0 0 0 0 6 5 0 0 0 0 0 5 5 0 0 0
Last Time Cost: 00000002 ms
Total Time Cost: 00005884 ms
Total Distance 51: 0 0 0 5 0 5 0 4 0 5 5 0 0 2 0 0 0 0 0 0 0 4 0 0 0 0 0 0 0 0 0 0 0 0 0 0 0 0 6 5 0 0 0 0 0 5 5 0 0 0
Last Time Cost: 00000002 ms
Total Time Cost: 00005886 ms
Total Distance 50: 0 0 0 5 0 5 0 4 0 5 5 0 0 1 0 0 0 0 0 0 0 4 0 0 0 0 0 0 0 0 0 0 0 0 0 0 0 0 6 5 0 0 0 0 0 5 5 0 0 0
Last Time Cost: 00000001 ms
Total Time Cost: 00005887 ms
Total Distance 49: 0 0 0 5 0 5 0 4 0 5 5 0 0 0 0 0 0 0 0 0 0 4 0 0 0 0 0 0 0 0 0 0 0 0 0 0 0 0 6 5 0 0 0 0 0 5 5 0 0 0
Last Time Cost: 00000124 ms
Total Time Cost: 00006011 ms
Total Distance 48: 0 0 0 5 0 5 0 4 0 5 5 0 0 0 0 0 0 0 0 0 0 3 0 0 0 0 0 0 0 0 0 0 0 0 0 0 0 0 6 5 0 0 0 0 0 5 5 0 0 0
Last Time Cost: 00000002 ms
Total Time Cost: 00006013 ms
Total Distance 47: 0 0 0 5 0 5 0 4 0 5 5 0 0 0 0 0 0 0 0 0 0 2 0 0 0 0 0 0 0 0 0 0 0 0 0 0 0 0 6 5 0 0 0 0 0 5 5 0 0 0
Last Time Cost: 00000002 ms
Total Time Cost: 00006015 ms
Total Distance 46: 0 0 0 5 0 5 0 4 0 5 5 0 0 0 0 0 0 0 0 0 0 1 0 0 0 0 0 0 0 0 0 0 0 0 0 0 0 0 6 5 0 0 0 0 0 5 5 0 0 0
Last Time Cost: 00000001 ms
Total Time Cost: 00006016 ms
Total Distance 45: 0 0 0 5 0 5 0 4 0 5 5 0 0 0 0 0 0 0 0 0 0 0 0 0 0 0 0 0 0 0 0 0 0 0 0 0 0 0 6 5 0 0 0 0 0 5 5 0 0 0
Last Time Cost: 00000133 ms
Total Time Cost: 00006149 ms
Total Distance 44: 0 0 0 5 0 5 0 3 0 5 5 0 0 0 0 0 0 0 0 0 0 0 0 0 0 0 0 0 0 0 0 0 0 0 0 0 0 0 6 5 0 0 0 0 0 5 5 0 0 0
Last Time Cost: 00000002 ms
Total Time Cost: 00006151 ms
Total Distance 43: 0 0 0 5 0 5 0 2 0 5 5 0 0 0 0 0 0 0 0 0 0 0 0 0 0 0 0 0 0 0 0 0 0 0 0 0 0 0 6 5 0 0 0 0 0 5 5 0 0 0
Last Time Cost: 00000002 ms
Total Time Cost: 00006153 ms
Total Distance 42: 0 0 0 5 0 5 0 1 0 5 5 0 0 0 0 0 0 0 0 0 0 0 0 0 0 0 0 0 0 0 0 0 0 0 0 0 0 0 6 5 0 0 0 0 0 5 5 0 0 0
Last Time Cost: 00000001 ms
Total Time Cost: 00006154 ms
Total Distance 41: 0 0 0 5 0 5 0 0 0 5 5 0 0 0 0 0 0 0 0 0 0 0 0 0 0 0 0 0 0 0 0 0 0 0 0 0 0 0 6 5 0 0 0 0 0 5 5 0 0 0
Last Time Cost: 00000142 ms
Total Time Cost: 00006296 ms
Total Distance 40: 0 0 0 5 0 5 0 0 0 5 5 0 0 0 0 0 0 0 0 0 0 0 0 0 0 0 0 0 0 0 0 0 0 0 0 0 0 0 6 5 0 0 0 0 0 4 5 0 0 0
Last Time Cost: 00000002 ms
Total Time Cost: 00006298 ms
Total Distance 39: 0 0 0 5 0 5 0 0 0 5 5 0 0 0 0 0 0 0 0 0 0 0 0 0 0 0 0 0 0 0 0 0 0 0 0 0 0 0 6 5 0 0 0 0 0 3 5 0 0 0
Last Time Cost: 00000002 ms
Total Time Cost: 00006300 ms
Total Distance 38: 0 0 0 5 0 5 0 0 0 5 5 0 0 0 0 0 0 0 0 0 0 0 0 0 0 0 0 0 0 0 0 0 0 0 0 0 0 0 6 5 0 0 0 0 0 2 5 0 0 0
Last Time Cost: 00000002 ms
Total Time Cost: 00006302 ms
Total Distance 37: 0 0 0 5 0 5 0 0 0 5 5 0 0 0 0 0 0 0 0 0 0 0 0 0 0 0 0 0 0 0 0 0 0 0 0 0 0 0 6 5 0 0 0 0 0 1 5 0 0 0
Last Time Cost: 00000001 ms
Total Time Cost: 00006303 ms
Total Distance 36: 0 0 0 5 0 5 0 0 0 5 5 0 0 0 0 0 0 0 0 0 0 0 0 0 0 0 0 0 0 0 0 0 0 0 0 0 0 0 6 5 0 0 0 0 0 0 5 0 0 0
Last Time Cost: 00000141 ms
Total Time Cost: 00006444 ms
Total Distance 35: 0 0 0 5 0 5 0 0 0 5 4 0 0 0 0 0 0 0 0 0 0 0 0 0 0 0 0 0 0 0 0 0 0 0 0 0 0 0 6 5 0 0 0 0 0 0 5 0 0 0
Last Time Cost: 00000002 ms
Total Time Cost: 00006446 ms
Total Distance 34: 0 0 0 5 0 5 0 0 0 5 3 0 0 0 0 0 0 0 0 0 0 0 0 0 0 0 0 0 0 0 0 0 0 0 0 0 0 0 6 5 0 0 0 0 0 0 5 0 0 0
Last Time Cost: 00000002 ms
Total Time Cost: 00006448 ms
Total Distance 33: 0 0 0 5 0 5 0 0 0 5 2 0 0 0 0 0 0 0 0 0 0 0 0 0 0 0 0 0 0 0 0 0 0 0 0 0 0 0 6 5 0 0 0 0 0 0 5 0 0 0
Last Time Cost: 00000002 ms
Total Time Cost: 00006450 ms
Total Distance 32: 0 0 0 5 0 5 0 0 0 5 1 0 0 0 0 0 0 0 0 0 0 0 0 0 0 0 0 0 0 0 0 0 0 0 0 0 0 0 6 5 0 0 0 0 0 0 5 0 0 0
Last Time Cost: 00000002 ms
Total Time Cost: 00006452 ms
Total Distance 31: 0 0 0 5 0 5 0 0 0 5 0 0 0 0 0 0 0 0 0 0 0 0 0 0 0 0 0 0 0 0 0 0 0 0 0 0 0 0 6 5 0 0 0 0 0 0 5 0 0 0
Last Time Cost: 00000133 ms
Total Time Cost: 00006585 ms
Total Distance 30: 0 0 0 5 0 5 0 0 0 5 0 0 0 0 0 0 0 0 0 0 0 0 0 0 0 0 0 0 0 0 0 0 0 0 0 0 0 0 6 5 0 0 0 0 0 0 4 0 0 0
Last Time Cost: 00000002 ms
Total Time Cost: 00006587 ms
Total Distance 29: 0 0 0 5 0 5 0 0 0 5 0 0 0 0 0 0 0 0 0 0 0 0 0 0 0 0 0 0 0 0 0 0 0 0 0 0 0 0 6 5 0 0 0 0 0 0 3 0 0 0
Last Time Cost: 00000002 ms
Total Time Cost: 00006589 ms
Total Distance 28: 0 0 0 5 0 5 0 0 0 5 0 0 0 0 0 0 0 0 0 0 0 0 0 0 0 0 0 0 0 0 0 0 0 0 0 0 0 0 6 5 0 0 0 0 0 0 2 0 0 0
Last Time Cost: 00000002 ms
Total Time Cost: 00006591 ms
Total Distance 27: 0 0 0 5 0 5 0 0 0 5 0 0 0 0 0 0 0 0 0 0 0 0 0 0 0 0 0 0 0 0 0 0 0 0 0 0 0 0 6 5 0 0 0 0 0 0 1 0 0 0
Last Time Cost: 00000002 ms
Total Time Cost: 00006593 ms
Total Distance 26: 0 0 0 5 0 5 0 0 0 5 0 0 0 0 0 0 0 0 0 0 0 0 0 0 0 0 0 0 0 0 0 0 0 0 0 0 0 0 6 5 0 0 0 0 0 0 0 0 0 0
Last Time Cost: 00000127 ms
Total Time Cost: 00006720 ms
Total Distance 25: 0 0 0 4 0 5 0 0 0 5 0 0 0 0 0 0 0 0 0 0 0 0 0 0 0 0 0 0 0 0 0 0 0 0 0 0 0 0 6 5 0 0 0 0 0 0 0 0 0 0
Last Time Cost: 00000002 ms
Total Time Cost: 00006722 ms
Total Distance 24: 0 0 0 3 0 5 0 0 0 5 0 0 0 0 0 0 0 0 0 0 0 0 0 0 0 0 0 0 0 0 0 0 0 0 0 0 0 0 6 5 0 0 0 0 0 0 0 0 0 0
Last Time Cost: 00000002 ms
Total Time Cost: 00006724 ms
Total Distance 23: 0 0 0 2 0 5 0 0 0 5 0 0 0 0 0 0 0 0 0 0 0 0 0 0 0 0 0 0 0 0 0 0 0 0 0 0 0 0 6 5 0 0 0 0 0 0 0 0 0 0
Last Time Cost: 00000002 ms
Total Time Cost: 00006726 ms
Total Distance 22: 0 0 0 1 0 5 0 0 0 5 0 0 0 0 0 0 0 0 0 0 0 0 0 0 0 0 0 0 0 0 0 0 0 0 0 0 0 0 6 5 0 0 0 0 0 0 0 0 0 0
Last Time Cost: 00000002 ms
Total Time Cost: 00006728 ms
Total Distance 21: 0 0 0 0 0 5 0 0 0 5 0 0 0 0 0 0 0 0 0 0 0 0 0 0 0 0 0 0 0 0 0 0 0 0 0 0 0 0 6 5 0 0 0 0 0 0 0 0 0 0
Last Time Cost: 00000121 ms
Total Time Cost: 00006849 ms
Total Distance 20: 0 0 0 0 0 5 0 0 0 4 0 0 0 0 0 0 0 0 0 0 0 0 0 0 0 0 0 0 0 0 0 0 0 0 0 0 0 0 6 5 0 0 0 0 0 0 0 0 0 0
Last Time Cost: 00000002 ms
Total Time Cost: 00006851 ms
Total Distance 19: 0 0 0 0 0 5 0 0 0 3 0 0 0 0 0 0 0 0 0 0 0 0 0 0 0 0 0 0 0 0 0 0 0 0 0 0 0 0 6 5 0 0 0 0 0 0 0 0 0 0
Last Time Cost: 00000002 ms
Total Time Cost: 00006853 ms
Total Distance 18: 0 0 0 0 0 5 0 0 0 2 0 0 0 0 0 0 0 0 0 0 0 0 0 0 0 0 0 0 0 0 0 0 0 0 0 0 0 0 6 5 0 0 0 0 0 0 0 0 0 0
Last Time Cost: 00000002 ms
Total Time Cost: 00006855 ms
Total Distance 17: 0 0 0 0 0 5 0 0 0 1 0 0 0 0 0 0 0 0 0 0 0 0 0 0 0 0 0 0 0 0 0 0 0 0 0 0 0 0 6 5 0 0 0 0 0 0 0 0 0 0
Last Time Cost: 00000002 ms
Total Time Cost: 00006857 ms
Total Distance 16: 0 0 0 0 0 5 0 0 0 0 0 0 0 0 0 0 0 0 0 0 0 0 0 0 0 0 0 0 0 0 0 0 0 0 0 0 0 0 6 5 0 0 0 0 0 0 0 0 0 0
Last Time Cost: 00000106 ms
Total Time Cost: 00006963 ms
Total Distance 15: 0 0 0 0 0 5 0 0 0 0 0 0 0 0 0 0 0 0 0 0 0 0 0 0 0 0 0 0 0 0 0 0 0 0 0 0 0 0 6 4 0 0 0 0 0 0 0 0 0 0
Last Time Cost: 00000002 ms
Total Time Cost: 00006965 ms
Total Distance 14: 0 0 0 0 0 5 0 0 0 0 0 0 0 0 0 0 0 0 0 0 0 0 0 0 0 0 0 0 0 0 0 0 0 0 0 0 0 0 6 3 0 0 0 0 0 0 0 0 0 0
Last Time Cost: 00000002 ms
Total Time Cost: 00006967 ms
Total Distance 13: 0 0 0 0 0 5 0 0 0 0 0 0 0 0 0 0 0 0 0 0 0 0 0 0 0 0 0 0 0 0 0 0 0 0 0 0 0 0 6 2 0 0 0 0 0 0 0 0 0 0
Last Time Cost: 00000002 ms
Total Time Cost: 00006969 ms
Total Distance 12: 0 0 0 0 0 5 0 0 0 0 0 0 0 0 0 0 0 0 0 0 0 0 0 0 0 0 0 0 0 0 0 0 0 0 0 0 0 0 6 1 0 0 0 0 0 0 0 0 0 0
Last Time Cost: 00000002 ms
Total Time Cost: 00006971 ms
Total Distance 11: 0 0 0 0 0 5 0 0 0 0 0 0 0 0 0 0 0 0 0 0 0 0 0 0 0 0 0 0 0 0 0 0 0 0 0 0 0 0 6 0 0 0 0 0 0 0 0 0 0 0
Last Time Cost: 00000092 ms
Total Time Cost: 00007063 ms
Total Distance 10: 0 0 0 0 0 4 0 0 0 0 0 0 0 0 0 0 0 0 0 0 0 0 0 0 0 0 0 0 0 0 0 0 0 0 0 0 0 0 6 0 0 0 0 0 0 0 0 0 0 0
Last Time Cost: 00000002 ms
Total Time Cost: 00007065 ms
Total Distance 9: 0 0 0 0 0 3 0 0 0 0 0 0 0 0 0 0 0 0 0 0 0 0 0 0 0 0 0 0 0 0 0 0 0 0 0 0 0 0 6 0 0 0 0 0 0 0 0 0 0 0
Last Time Cost: 00000002 ms
Total Time Cost: 00007067 ms
Total Distance 8: 0 0 0 0 0 2 0 0 0 0 0 0 0 0 0 0 0 0 0 0 0 0 0 0 0 0 0 0 0 0 0 0 0 0 0 0 0 0 6 0 0 0 0 0 0 0 0 0 0 0
Last Time Cost: 00000002 ms
Total Time Cost: 00007069 ms
Total Distance 7: 0 0 0 0 0 1 0 0 0 0 0 0 0 0 0 0 0 0 0 0 0 0 0 0 0 0 0 0 0 0 0 0 0 0 0 0 0 0 6 0 0 0 0 0 0 0 0 0 0 0
Last Time Cost: 00000002 ms
Total Time Cost: 00007071 ms
Total Distance 6: 0 0 0 0 0 0 0 0 0 0 0 0 0 0 0 0 0 0 0 0 0 0 0 0 0 0 0 0 0 0 0 0 0 0 0 0 0 0 6 0 0 0 0 0 0 0 0 0 0 0
Last Time Cost: 00000076 ms
Total Time Cost: 00007147 ms
Total Distance 5: 0 0 0 0 0 0 0 0 0 0 0 0 0 0 0 0 0 0 0 0 0 0 0 0 0 0 0 0 0 0 0 0 0 0 0 0 0 0 5 0 0 0 0 0 0 0 0 0 0 0
Last Time Cost: 00000027 ms
Total Time Cost: 00007174 ms
Total Distance 4: 0 0 0 0 0 0 0 0 0 0 0 0 0 0 0 0 0 0 0 0 0 0 0 0 0 0 0 0 0 0 0 0 0 0 0 0 0 0 4 0 0 0 0 0 0 0 0 0 0 0
Last Time Cost: 00000000 ms
Total Time Cost: 00007174 ms
Total Distance 3: 0 0 0 0 0 0 0 0 0 0 0 0 0 0 0 0 0 0 0 0 0 0 0 0 0 0 0 0 0 0 0 0 0 0 0 0 0 0 3 0 0 0 0 0 0 0 0 0 0 0
Last Time Cost: 00000000 ms
Total Time Cost: 00007174 ms
Total Distance 2: 0 0 0 0 0 0 0 0 0 0 0 0 0 0 0 0 0 0 0 0 0 0 0 0 0 0 0 0 0 0 0 0 0 0 0 0 0 0 2 0 0 0 0 0 0 0 0 0 0 0
Last Time Cost: 00000000 ms
Total Time Cost: 00007174 ms
Total Distance 1: 0 0 0 0 0 0 0 0 0 0 0 0 0 0 0 0 0 0 0 0 0 0 0 0 0 0 0 0 0 0 0 0 0 0 0 0 0 0 1 0 0 0 0 0 0 0 0 0 0 0
Last Time Cost: 00000000 ms
Total Time Cost: 00007174 ms
Total Distance 0: 0 0 0 0 0 0 0 0 0 0 0 0 0 0 0 0 0 0 0 0 0 0 0 0 0 0 0 0 0 0 0 0 0 0 0 0 0 0 0 0 0 0 0 0 0 0 0 0 0 0
