Last Time Cost: 00000000 ms
Total Time Cost: 00000000 ms
Total Distance 450: 10 10 10 10 10 10 10 10 10 10 10 10 8 8 8 8 8 8 8 8 8 8 8 8 9 9 9 9 9 9 9 9 9 9 9 9 9 9 9 9 9 9 9 9 9 9 9 9 9 9
Last Time Cost: 00000082 ms
Total Time Cost: 00000082 ms
Total Distance 442: 10 10 10 10 10 10 9 10 10 10 9 10 8 7 8 8 8 8 8 8 8 8 8 7 9 9 9 9 8 9 9 9 9 8 9 9 9 8 9 9 9 9 8 9 9 9 9 9 9 9
Last Time Cost: 00000013 ms
Total Time Cost: 00000095 ms
Total Distance 435: 10 9 10 10 10 9 9 10 10 10 9 9 8 6 8 8 8 8 8 8 8 8 8 7 9 9 9 9 8 9 9 8 9 8 9 9 9 8 9 9 8 9 8 9 9 9 8 9 9 9
Last Time Cost: 00000006 ms
Total Time Cost: 00000101 ms
Total Distance 429: 10 9 10 10 10 9 9 10 10 10 9 9 8 5 8 7 7 8 8 8 8 8 8 7 9 9 8 9 8 9 9 8 9 8 9 9 9 8 9 8 8 8 8 9 9 9 8 9 9 9
Last Time Cost: 00000005 ms
Total Time Cost: 00000106 ms
Total Distance 425: 10 9 10 10 10 9 9 10 10 10 9 9 8 4 8 7 7 8 8 8 8 8 8 7 9 9 7 9 8 9 9 8 9 8 9 9 9 8 9 7 8 7 8 9 9 9 8 9 9 9
Last Time Cost: 00000008 ms
Total Time Cost: 00000114 ms
Total Distance 422: 10 9 10 10 10 9 9 10 10 10 8 9 8 3 8 7 7 8 8 8 8 8 8 7 9 9 7 9 8 9 9 8 9 7 9 9 9 8 9 7 8 7 8 9 9 9 8 9 9 9
Last Time Cost: 00000006 ms
Total Time Cost: 00000120 ms
Total Distance 420: 10 9 10 10 10 9 9 10 10 10 8 9 8 2 8 7 7 8 8 8 8 8 8 7 9 9 6 9 8 9 9 8 9 7 9 9 9 8 9 7 8 7 8 9 9 9 8 9 9 9
Last Time Cost: 00000004 ms
Total Time Cost: 00000124 ms
Total Distance 418: 10 9 10 10 10 9 9 10 10 10 8 8 8 1 8 7 7 8 8 8 8 8 8 7 9 9 6 9 8 9 9 8 9 7 9 9 9 8 9 7 8 7 8 9 9 9 8 9 9 9
Last Time Cost: 00000003 ms
Total Time Cost: 00000127 ms
Total Distance 417: 10 9 10 10 10 9 9 10 10 10 8 8 8 0 8 7 7 8 8 8 8 8 8 7 9 9 6 9 8 9 9 8 9 7 9 9 9 8 9 7 8 7 8 9 9 9 8 9 9 9
Last Time Cost: 00000008 ms
Total Time Cost: 00000135 ms
Total Distance 412: 10 9 10 10 10 9 9 10 10 10 8 8 8 0 8 7 7 7 7 8 8 8 8 7 9 8 5 9 8 9 9 8 9 7 8 9 9 8 9 7 8 7 8 9 9 9 8 9 9 9
Last Time Cost: 00000007 ms
Total Time Cost: 00000142 ms
Total Distance 409: 10 9 10 9 10 9 9 10 10 10 8 8 8 0 8 7 7 7 7 8 8 8 8 7 9 8 4 9 8 9 9 8 9 7 8 9 9 8 9 7 8 7 8 8 9 9 8 9 9 9
Last Time Cost: 00000006 ms
Total Time Cost: 00000148 ms
Total Distance 407: 10 9 10 9 10 9 9 10 10 10 8 8 8 0 8 7 7 7 7 8 8 8 8 7 9 7 3 9 8 9 9 8 9 7 8 9 9 8 9 7 8 7 8 8 9 9 8 9 9 9
Last Time Cost: 00000006 ms
Total Time Cost: 00000154 ms
Total Distance 406: 10 9 10 9 10 9 9 10 10 10 8 8 8 0 8 7 7 7 7 8 8 8 8 7 9 7 2 9 8 9 9 8 9 7 8 9 9 8 9 7 8 7 8 8 9 9 8 9 9 9
Last Time Cost: 00000005 ms
Total Time Cost: 00000159 ms
Total Distance 405: 10 9 10 9 10 9 9 10 10 10 8 8 8 0 8 7 7 7 7 8 8 8 8 7 9 7 1 9 8 9 9 8 9 7 8 9 9 8 9 7 8 7 8 8 9 9 8 9 9 9
Last Time Cost: 00000004 ms
Total Time Cost: 00000163 ms
Total Distance 404: 10 9 10 9 10 9 9 10 10 10 8 8 8 0 8 7 7 7 7 8 8 8 8 7 9 7 0 9 8 9 9 8 9 7 8 9 9 8 9 7 8 7 8 8 9 9 8 9 9 9
Last Time Cost: 00000111 ms
Total Time Cost: 00000274 ms
Total Distance 398: 10 9 10 9 10 9 9 10 10 10 8 8 7 0 8 7 7 7 6 8 8 8 8 7 9 6 0 9 8 9 8 8 8 7 8 9 9 8 9 7 8 7 8 8 9 8 8 9 9 9
Last Time Cost: 00000019 ms
Total Time Cost: 00000293 ms
Total Distance 392: 9 9 10 9 10 8 9 10 10 10 8 8 7 0 7 7 7 7 6 8 8 8 8 7 9 5 0 9 8 9 8 8 8 7 8 9 9 8 9 7 8 7 7 7 9 8 8 9 9 9
Last Time Cost: 00000010 ms
Total Time Cost: 00000303 ms
Total Distance 387: 9 9 10 9 10 8 9 10 10 10 7 8 7 0 7 7 6 7 6 8 8 8 8 7 9 4 0 9 8 9 8 8 8 7 8 9 9 7 9 7 8 7 7 7 8 8 8 9 9 9
Last Time Cost: 00000009 ms
Total Time Cost: 00000312 ms
Total Distance 384: 9 9 10 9 10 8 9 10 10 10 6 8 7 0 7 7 6 7 6 8 8 8 8 7 9 3 0 9 8 9 8 8 8 7 8 9 9 7 9 7 8 7 7 7 7 8 8 9 9 9
Last Time Cost: 00000008 ms
Total Time Cost: 00000320 ms
Total Distance 383: 9 9 10 9 10 8 9 10 10 10 6 8 7 0 7 7 6 7 6 8 8 8 8 7 9 2 0 9 8 9 8 8 8 7 8 9 9 7 9 7 8 7 7 7 7 8 8 9 9 9
Last Time Cost: 00000008 ms
Total Time Cost: 00000328 ms
Total Distance 382: 9 9 10 9 10 8 9 10 10 10 6 8 7 0 7 7 6 7 6 8 8 8 8 7 9 1 0 9 8 9 8 8 8 7 8 9 9 7 9 7 8 7 7 7 7 8 8 9 9 9
Last Time Cost: 00000007 ms
Total Time Cost: 00000335 ms
Total Distance 381: 9 9 10 9 10 8 9 10 10 10 6 8 7 0 7 7 6 7 6 8 8 8 8 7 9 0 0 9 8 9 8 8 8 7 8 9 9 7 9 7 8 7 7 7 7 8 8 9 9 9
Last Time Cost: 00000040 ms
Total Time Cost: 00000375 ms
Total Distance 376: 8 9 10 9 10 8 9 10 10 10 6 8 7 0 7 7 6 7 5 8 8 8 8 7 9 0 0 9 8 9 8 8 8 7 8 9 9 7 9 7 8 7 7 7 7 7 8 9 8 8
Last Time Cost: 00000015 ms
Total Time Cost: 00000390 ms
Total Distance 373: 8 9 10 9 10 8 9 10 10 10 6 8 7 0 7 7 6 7 4 7 8 8 8 7 9 0 0 9 8 9 8 8 8 7 8 9 9 7 9 7 8 7 7 7 7 7 8 8 8 8
Last Time Cost: 00000013 ms
Total Time Cost: 00000403 ms
Total Distance 371: 8 9 10 9 10 8 9 10 10 10 6 8 7 0 7 7 6 7 3 7 8 8 8 7 9 0 0 9 8 9 8 8 8 7 8 9 9 7 9 7 8 7 7 7 7 6 8 8 8 8
Last Time Cost: 00000012 ms
Total Time Cost: 00000415 ms
Total Distance 370: 8 9 10 9 10 8 9 10 10 10 6 8 7 0 7 7 6 7 2 7 8 8 8 7 9 0 0 9 8 9 8 8 8 7 8 9 9 7 9 7 8 7 7 7 7 6 8 8 8 8
Last Time Cost: 00000012 ms
Total Time Cost: 00000427 ms
Total Distance 369: 8 9 10 9 10 8 9 10 10 10 6 8 7 0 7 7 6 7 1 7 8 8 8 7 9 0 0 9 8 9 8 8 8 7 8 9 9 7 9 7 8 7 7 7 7 6 8 8 8 8
Last Time Cost: 00000010 ms
Total Time Cost: 00000437 ms
Total Distance 368: 8 9 10 9 10 8 9 10 10 10 6 8 7 0 7 7 6 7 0 7 8 8 8 7 9 0 0 9 8 9 8 8 8 7 8 9 9 7 9 7 8 7 7 7 7 6 8 8 8 8
Last Time Cost: 00000053 ms
Total Time Cost: 00000490 ms
Total Distance 362: 8 9 10 9 10 7 9 10 10 9 6 8 7 0 6 7 6 7 0 7 8 8 8 7 9 0 0 9 8 8 8 8 8 7 7 9 9 7 9 7 8 7 7 7 7 5 8 8 8 8
Last Time Cost: 00000021 ms
Total Time Cost: 00000511 ms
Total Distance 358: 8 9 10 9 10 6 9 10 10 9 6 8 7 0 5 7 6 7 0 7 8 8 8 7 9 0 0 9 8 8 8 8 8 7 6 9 9 7 9 7 8 7 7 7 7 4 8 8 8 8
Last Time Cost: 00000018 ms
Total Time Cost: 00000529 ms
Total Distance 354: 8 9 10 9 10 6 9 10 10 9 6 8 7 0 5 7 6 7 0 6 8 8 7 7 9 0 0 9 8 8 8 8 8 7 6 9 8 7 9 7 8 7 7 7 7 3 8 8 8 8
Last Time Cost: 00000016 ms
Total Time Cost: 00000545 ms
Total Distance 352: 8 9 10 9 10 6 9 10 10 9 6 8 7 0 5 7 6 7 0 6 8 8 7 7 9 0 0 8 8 8 8 8 8 7 6 9 8 7 9 7 8 7 7 7 7 2 8 8 8 8
Last Time Cost: 00000015 ms
Total Time Cost: 00000560 ms
Total Distance 351: 8 9 10 9 10 6 9 10 10 9 6 8 7 0 5 7 6 7 0 6 8 8 7 7 9 0 0 8 8 8 8 8 8 7 6 9 8 7 9 7 8 7 7 7 7 1 8 8 8 8
Last Time Cost: 00000017 ms
Total Time Cost: 00000577 ms
Total Distance 350: 8 9 10 9 10 6 9 10 10 9 6 8 7 0 5 7 6 7 0 6 8 8 7 7 9 0 0 8 8 8 8 8 8 7 6 9 8 7 9 7 8 7 7 7 7 0 8 8 8 8
Last Time Cost: 00000032 ms
Total Time Cost: 00000609 ms
Total Distance 347: 8 9 10 9 10 6 8 10 10 9 6 8 6 0 4 7 6 7 0 6 8 8 7 7 9 0 0 8 8 8 8 8 8 7 6 9 8 7 9 7 8 7 7 7 7 0 8 8 8 8
Last Time Cost: 00000030 ms
Total Time Cost: 00000639 ms
Total Distance 345: 8 9 10 9 10 5 8 10 10 9 6 8 6 0 3 7 6 7 0 6 8 8 7 7 9 0 0 8 8 8 8 8 8 7 6 9 8 7 9 7 8 7 7 7 7 0 8 8 8 8
Last Time Cost: 00000021 ms
Total Time Cost: 00000660 ms
Total Distance 343: 8 9 10 9 10 5 8 10 10 9 6 8 5 0 2 7 6 7 0 6 8 8 7 7 9 0 0 8 8 8 8 8 8 7 6 9 8 7 9 7 8 7 7 7 7 0 8 8 8 8
Last Time Cost: 00000021 ms
Total Time Cost: 00000681 ms
Total Distance 342: 8 9 10 9 10 5 8 10 10 9 6 8 5 0 1 7 6 7 0 6 8 8 7 7 9 0 0 8 8 8 8 8 8 7 6 9 8 7 9 7 8 7 7 7 7 0 8 8 8 8
Last Time Cost: 00000022 ms
Total Time Cost: 00000703 ms
Total Distance 341: 8 9 10 9 10 5 8 10 10 9 6 8 5 0 0 7 6 7 0 6 8 8 7 7 9 0 0 8 8 8 8 8 8 7 6 9 8 7 9 7 8 7 7 7 7 0 8 8 8 8
Last Time Cost: 00000054 ms
Total Time Cost: 00000757 ms
Total Distance 336: 8 9 10 9 10 4 8 9 10 9 6 8 5 0 0 7 6 7 0 6 8 8 7 7 9 0 0 7 8 8 8 8 8 7 6 8 8 7 9 7 8 7 7 7 7 0 8 8 8 7
Last Time Cost: 00000031 ms
Total Time Cost: 00000788 ms
Total Distance 333: 8 8 10 9 10 3 8 9 10 9 6 8 5 0 0 7 6 7 0 6 8 8 7 7 9 0 0 7 8 8 8 7 8 7 6 8 8 7 9 7 8 7 7 7 7 0 8 8 8 7
Last Time Cost: 00000027 ms
Total Time Cost: 00000815 ms
Total Distance 332: 8 8 10 9 10 2 8 9 10 9 6 8 5 0 0 7 6 7 0 6 8 8 7 7 9 0 0 7 8 8 8 7 8 7 6 8 8 7 9 7 8 7 7 7 7 0 8 8 8 7
Last Time Cost: 00000028 ms
Total Time Cost: 00000843 ms
Total Distance 331: 8 8 10 9 10 1 8 9 10 9 6 8 5 0 0 7 6 7 0 6 8 8 7 7 9 0 0 7 8 8 8 7 8 7 6 8 8 7 9 7 8 7 7 7 7 0 8 8 8 7
Last Time Cost: 00000029 ms
Total Time Cost: 00000872 ms
Total Distance 330: 8 8 10 9 10 0 8 9 10 9 6 8 5 0 0 7 6 7 0 6 8 8 7 7 9 0 0 7 8 8 8 7 8 7 6 8 8 7 9 7 8 7 7 7 7 0 8 8 8 7
Last Time Cost: 00000042 ms
Total Time Cost: 00000914 ms
Total Distance 326: 8 8 10 9 10 0 8 9 10 9 6 8 4 0 0 7 6 7 0 6 8 8 7 7 9 0 0 7 8 8 7 7 7 7 6 8 8 7 9 7 8 7 7 7 7 0 8 8 7 7
Last Time Cost: 00000036 ms
Total Time Cost: 00000950 ms
Total Distance 323: 8 8 10 8 10 0 8 8 10 9 6 8 3 0 0 7 6 7 0 6 8 8 7 7 9 0 0 7 8 8 7 7 7 7 6 8 8 7 9 7 8 7 7 7 7 0 8 8 7 7
Last Time Cost: 00000034 ms
Total Time Cost: 00000984 ms
Total Distance 321: 8 8 10 8 10 0 8 8 10 9 6 8 2 0 0 7 6 7 0 6 8 8 7 7 9 0 0 7 8 7 7 7 7 7 6 8 8 7 9 7 8 7 7 7 7 0 8 8 7 7
Last Time Cost: 00000036 ms
Total Time Cost: 00001020 ms
Total Distance 320: 8 8 10 8 10 0 8 8 10 9 6 8 1 0 0 7 6 7 0 6 8 8 7 7 9 0 0 7 8 7 7 7 7 7 6 8 8 7 9 7 8 7 7 7 7 0 8 8 7 7
Last Time Cost: 00000039 ms
Total Time Cost: 00001059 ms
Total Distance 319: 8 8 10 8 10 0 8 8 10 9 6 8 0 0 0 7 6 7 0 6 8 8 7 7 9 0 0 7 8 7 7 7 7 7 6 8 8 7 9 7 8 7 7 7 7 0 8 8 7 7
Last Time Cost: 00000110 ms
Total Time Cost: 00001169 ms
Total Distance 314: 8 8 10 8 10 0 8 8 10 9 6 8 0 0 0 6 6 7 0 5 8 8 7 7 9 0 0 7 8 7 7 7 7 7 6 8 8 7 9 7 7 6 7 7 7 0 8 8 7 6
Last Time Cost: 00000046 ms
Total Time Cost: 00001215 ms
Total Distance 311: 8 8 10 8 10 0 8 8 9 9 6 7 0 0 0 6 6 7 0 4 8 8 7 7 9 0 0 7 8 7 7 7 7 7 6 8 8 7 9 7 7 6 7 7 7 0 8 8 7 6
Last Time Cost: 00000044 ms
Total Time Cost: 00001259 ms
Total Distance 309: 8 8 10 8 10 0 8 8 9 9 6 7 0 0 0 6 5 7 0 3 8 8 7 7 9 0 0 7 8 7 7 7 7 7 6 8 8 7 9 7 7 6 7 7 7 0 8 8 7 6
Last Time Cost: 00000045 ms
Total Time Cost: 00001304 ms
Total Distance 308: 8 8 10 8 10 0 8 8 9 9 6 7 0 0 0 6 5 7 0 2 8 8 7 7 9 0 0 7 8 7 7 7 7 7 6 8 8 7 9 7 7 6 7 7 7 0 8 8 7 6
Last Time Cost: 00000044 ms
Total Time Cost: 00001348 ms
Total Distance 307: 8 8 10 8 10 0 8 8 9 9 6 7 0 0 0 6 5 7 0 1 8 8 7 7 9 0 0 7 8 7 7 7 7 7 6 8 8 7 9 7 7 6 7 7 7 0 8 8 7 6
Last Time Cost: 00000044 ms
Total Time Cost: 00001392 ms
Total Distance 306: 8 8 10 8 10 0 8 8 9 9 6 7 0 0 0 6 5 7 0 0 8 8 7 7 9 0 0 7 8 7 7 7 7 7 6 8 8 7 9 7 7 6 7 7 7 0 8 8 7 6
Last Time Cost: 00000060 ms
Total Time Cost: 00001452 ms
Total Distance 304: 8 8 10 8 10 0 8 8 9 9 6 7 0 0 0 6 4 7 0 0 8 8 7 7 9 0 0 7 7 7 7 7 7 7 6 8 8 7 9 7 7 6 7 7 7 0 8 8 7 6
Last Time Cost: 00000056 ms
Total Time Cost: 00001508 ms
Total Distance 303: 8 8 10 8 10 0 8 8 9 9 6 7 0 0 0 6 3 7 0 0 8 8 7 7 9 0 0 7 7 7 7 7 7 7 6 8 8 7 9 7 7 6 7 7 7 0 8 8 7 6
Last Time Cost: 00000056 ms
Total Time Cost: 00001564 ms
Total Distance 302: 8 8 10 8 10 0 8 8 9 9 6 7 0 0 0 6 2 7 0 0 8 8 7 7 9 0 0 7 7 7 7 7 7 7 6 8 8 7 9 7 7 6 7 7 7 0 8 8 7 6
Last Time Cost: 00000055 ms
Total Time Cost: 00001619 ms
Total Distance 301: 8 8 10 8 10 0 8 8 9 9 6 7 0 0 0 6 1 7 0 0 8 8 7 7 9 0 0 7 7 7 7 7 7 7 6 8 8 7 9 7 7 6 7 7 7 0 8 8 7 6
Last Time Cost: 00000053 ms
Total Time Cost: 00001672 ms
Total Distance 300: 8 8 10 8 10 0 8 8 9 9 6 7 0 0 0 6 0 7 0 0 8 8 7 7 9 0 0 7 7 7 7 7 7 7 6 8 8 7 9 7 7 6 7 7 7 0 8 8 7 6
Last Time Cost: 00000192 ms
Total Time Cost: 00001864 ms
Total Distance 295: 8 8 10 8 9 0 8 7 9 9 6 7 0 0 0 5 0 7 0 0 8 8 7 7 9 0 0 7 7 7 7 7 7 7 6 8 8 7 9 7 7 6 7 7 6 0 8 8 7 5
Last Time Cost: 00000084 ms
Total Time Cost: 00001948 ms
Total Distance 292: 8 8 10 8 9 0 8 7 9 9 6 7 0 0 0 4 0 7 0 0 8 8 7 7 9 0 0 7 7 7 7 7 7 7 6 8 8 7 9 7 6 6 7 7 6 0 8 8 7 4
Last Time Cost: 00000079 ms
Total Time Cost: 00002027 ms
Total Distance 289: 8 8 10 8 9 0 8 6 9 9 6 7 0 0 0 3 0 7 0 0 8 8 7 7 9 0 0 7 7 7 7 7 7 7 6 8 8 7 9 7 6 6 7 7 5 0 8 8 7 4
Last Time Cost: 00000068 ms
Total Time Cost: 00002095 ms
Total Distance 288: 8 8 10 8 9 0 8 6 9 9 6 7 0 0 0 2 0 7 0 0 8 8 7 7 9 0 0 7 7 7 7 7 7 7 6 8 8 7 9 7 6 6 7 7 5 0 8 8 7 4
Last Time Cost: 00000071 ms
Total Time Cost: 00002166 ms
Total Distance 287: 8 8 10 8 9 0 8 6 9 9 6 7 0 0 0 1 0 7 0 0 8 8 7 7 9 0 0 7 7 7 7 7 7 7 6 8 8 7 9 7 6 6 7 7 5 0 8 8 7 4
Last Time Cost: 00000072 ms
Total Time Cost: 00002238 ms
Total Distance 286: 8 8 10 8 9 0 8 6 9 9 6 7 0 0 0 0 0 7 0 0 8 8 7 7 9 0 0 7 7 7 7 7 7 7 6 8 8 7 9 7 6 6 7 7 5 0 8 8 7 4
Last Time Cost: 00000085 ms
Total Time Cost: 00002323 ms
Total Distance 285: 8 8 10 8 9 0 8 6 9 9 6 7 0 0 0 0 0 7 0 0 8 8 7 7 9 0 0 7 7 7 7 7 7 7 6 8 8 7 9 7 6 6 7 7 5 0 8 8 7 3
Last Time Cost: 00000083 ms
Total Time Cost: 00002406 ms
Total Distance 284: 8 8 10 8 9 0 8 6 9 9 6 7 0 0 0 0 0 7 0 0 8 8 7 7 9 0 0 7 7 7 7 7 7 7 6 8 8 7 9 7 6 6 7 7 5 0 8 8 7 2
Last Time Cost: 00000084 ms
Total Time Cost: 00002490 ms
Total Distance 283: 8 8 10 8 9 0 8 6 9 9 6 7 0 0 0 0 0 7 0 0 8 8 7 7 9 0 0 7 7 7 7 7 7 7 6 8 8 7 9 7 6 6 7 7 5 0 8 8 7 1
Last Time Cost: 00000081 ms
Total Time Cost: 00002571 ms
Total Distance 282: 8 8 10 8 9 0 8 6 9 9 6 7 0 0 0 0 0 7 0 0 8 8 7 7 9 0 0 7 7 7 7 7 7 7 6 8 8 7 9 7 6 6 7 7 5 0 8 8 7 0
Last Time Cost: 00000107 ms
Total Time Cost: 00002678 ms
Total Distance 278: 8 7 10 8 9 0 8 6 9 8 6 7 0 0 0 0 0 7 0 0 8 8 7 7 9 0 0 7 7 7 7 6 7 7 6 8 8 7 9 7 6 6 7 7 4 0 8 8 7 0
Last Time Cost: 00000101 ms
Total Time Cost: 00002779 ms
Total Distance 276: 8 6 10 8 9 0 8 6 9 8 6 7 0 0 0 0 0 7 0 0 8 8 7 7 9 0 0 7 7 7 7 6 7 7 6 8 8 7 9 7 6 6 7 7 3 0 8 8 7 0
Last Time Cost: 00000101 ms
Total Time Cost: 00002880 ms
Total Distance 275: 8 6 10 8 9 0 8 6 9 8 6 7 0 0 0 0 0 7 0 0 8 8 7 7 9 0 0 7 7 7 7 6 7 7 6 8 8 7 9 7 6 6 7 7 2 0 8 8 7 0
Last Time Cost: 00000102 ms
Total Time Cost: 00002982 ms
Total Distance 274: 8 6 10 8 9 0 8 6 9 8 6 7 0 0 0 0 0 7 0 0 8 8 7 7 9 0 0 7 7 7 7 6 7 7 6 8 8 7 9 7 6 6 7 7 1 0 8 8 7 0
Last Time Cost: 00000098 ms
Total Time Cost: 00003080 ms
Total Distance 273: 8 6 10 8 9 0 8 6 9 8 6 7 0 0 0 0 0 7 0 0 8 8 7 7 9 0 0 7 7 7 7 6 7 7 6 8 8 7 9 7 6 6 7 7 0 0 8 8 7 0
Last Time Cost: 00000495 ms
Total Time Cost: 00003575 ms
Total Distance 269: 7 6 10 8 9 0 8 6 9 8 6 7 0 0 0 0 0 7 0 0 7 8 6 7 9 0 0 7 7 7 7 6 7 7 5 8 8 7 9 7 6 6 7 7 0 0 8 8 7 0
Last Time Cost: 00000122 ms
Total Time Cost: 00003697 ms
Total Distance 267: 7 6 10 8 9 0 8 6 9 8 6 7 0 0 0 0 0 7 0 0 7 8 6 7 9 0 0 7 7 7 7 6 7 7 4 8 7 7 9 7 6 6 7 7 0 0 8 8 7 0
Last Time Cost: 00000119 ms
Total Time Cost: 00003816 ms
Total Distance 266: 7 6 10 8 9 0 8 6 9 8 6 7 0 0 0 0 0 7 0 0 7 8 6 7 9 0 0 7 7 7 7 6 7 7 3 8 7 7 9 7 6 6 7 7 0 0 8 8 7 0
Last Time Cost: 00000118 ms
Total Time Cost: 00003934 ms
Total Distance 265: 7 6 10 8 9 0 8 6 9 8 6 7 0 0 0 0 0 7 0 0 7 8 6 7 9 0 0 7 7 7 7 6 7 7 2 8 7 7 9 7 6 6 7 7 0 0 8 8 7 0
Last Time Cost: 00000119 ms
Total Time Cost: 00004053 ms
Total Distance 264: 7 6 10 8 9 0 8 6 9 8 6 7 0 0 0 0 0 7 0 0 7 8 6 7 9 0 0 7 7 7 7 6 7 7 1 8 7 7 9 7 6 6 7 7 0 0 8 8 7 0
Last Time Cost: 00000118 ms
Total Time Cost: 00004171 ms
Total Distance 263: 7 6 10 8 9 0 8 6 9 8 6 7 0 0 0 0 0 7 0 0 7 8 6 7 9 0 0 7 7 7 7 6 7 7 0 8 7 7 9 7 6 6 7 7 0 0 8 8 7 0
Last Time Cost: 00000521 ms
Total Time Cost: 00004692 ms
Total Distance 259: 7 6 9 8 9 0 8 6 9 8 6 7 0 0 0 0 0 7 0 0 7 8 6 6 9 0 0 7 7 7 7 6 7 6 0 8 7 7 9 7 5 6 7 7 0 0 8 8 7 0
Last Time Cost: 00000042 ms
Total Time Cost: 00004734 ms
Total Distance 257: 7 6 9 8 9 0 8 6 9 8 6 7 0 0 0 0 0 7 0 0 7 8 5 6 9 0 0 7 7 7 7 6 7 6 0 8 7 7 9 7 4 6 7 7 0 0 8 8 7 0
Last Time Cost: 00000029 ms
Total Time Cost: 00004763 ms
Total Distance 255: 7 6 9 8 9 0 8 6 9 8 6 7 0 0 0 0 0 7 0 0 7 8 5 6 9 0 0 7 7 7 7 6 7 6 0 8 7 7 8 7 3 6 7 7 0 0 8 8 7 0
Last Time Cost: 00000017 ms
Total Time Cost: 00004780 ms
Total Distance 254: 7 6 9 8 9 0 8 6 9 8 6 7 0 0 0 0 0 7 0 0 7 8 5 6 9 0 0 7 7 7 7 6 7 6 0 8 7 7 8 7 2 6 7 7 0 0 8 8 7 0
Last Time Cost: 00000013 ms
Total Time Cost: 00004793 ms
Total Distance 253: 7 6 9 8 9 0 8 6 9 8 6 7 0 0 0 0 0 7 0 0 7 8 5 6 9 0 0 7 7 7 7 6 7 6 0 8 7 7 8 7 1 6 7 7 0 0 8 8 7 0
Last Time Cost: 00000009 ms
Total Time Cost: 00004802 ms
Total Distance 252: 7 6 9 8 9 0 8 6 9 8 6 7 0 0 0 0 0 7 0 0 7 8 5 6 9 0 0 7 7 7 7 6 7 6 0 8 7 7 8 7 0 6 7 7 0 0 8 8 7 0
Last Time Cost: 00000033 ms
Total Time Cost: 00004835 ms
Total Distance 250: 7 6 9 8 9 0 8 6 9 8 6 7 0 0 0 0 0 7 0 0 7 8 4 6 9 0 0 7 7 7 7 6 7 6 0 8 7 7 8 7 0 6 7 7 0 0 8 7 7 0
Last Time Cost: 00000026 ms
Total Time Cost: 00004861 ms
Total Distance 248: 7 6 9 8 9 0 8 6 9 8 6 7 0 0 0 0 0 7 0 0 7 8 3 6 8 0 0 7 7 7 7 6 7 6 0 8 7 7 8 7 0 6 7 7 0 0 8 7 7 0
Last Time Cost: 00000018 ms
Total Time Cost: 00004879 ms
Total Distance 247: 7 6 9 8 9 0 8 6 9 8 6 7 0 0 0 0 0 7 0 0 7 8 2 6 8 0 0 7 7 7 7 6 7 6 0 8 7 7 8 7 0 6 7 7 0 0 8 7 7 0
Last Time Cost: 00000015 ms
Total Time Cost: 00004894 ms
Total Distance 246: 7 6 9 8 9 0 8 6 9 8 6 7 0 0 0 0 0 7 0 0 7 8 1 6 8 0 0 7 7 7 7 6 7 6 0 8 7 7 8 7 0 6 7 7 0 0 8 7 7 0
Last Time Cost: 00000010 ms
Total Time Cost: 00004904 ms
Total Distance 245: 7 6 9 8 9 0 8 6 9 8 6 7 0 0 0 0 0 7 0 0 7 8 0 6 8 0 0 7 7 7 7 6 7 6 0 8 7 7 8 7 0 6 7 7 0 0 8 7 7 0
Last Time Cost: 00000326 ms
Total Time Cost: 00005230 ms
Total Distance 242: 7 6 9 8 9 0 8 5 9 8 6 7 0 0 0 0 0 6 0 0 7 8 0 6 8 0 0 7 7 7 7 6 7 6 0 8 7 7 8 6 0 6 7 7 0 0 8 7 7 0
Last Time Cost: 00000034 ms
Total Time Cost: 00005264 ms
Total Distance 240: 7 6 9 7 9 0 8 4 9 8 6 7 0 0 0 0 0 6 0 0 7 8 0 6 8 0 0 7 7 7 7 6 7 6 0 8 7 7 8 6 0 6 7 7 0 0 8 7 7 0
Last Time Cost: 00000026 ms
Total Time Cost: 00005290 ms
Total Distance 238: 7 6 9 6 9 0 8 3 9 8 6 7 0 0 0 0 0 6 0 0 7 8 0 6 8 0 0 7 7 7 7 6 7 6 0 8 7 7 8 6 0 6 7 7 0 0 8 7 7 0
Last Time Cost: 00000021 ms
Total Time Cost: 00005311 ms
Total Distance 236: 7 6 9 6 9 0 8 2 9 8 6 7 0 0 0 0 0 6 0 0 7 8 0 6 7 0 0 7 7 7 7 6 7 6 0 8 7 7 8 6 0 6 7 7 0 0 8 7 7 0
Last Time Cost: 00000017 ms
Total Time Cost: 00005328 ms
Total Distance 235: 7 6 9 6 9 0 8 1 9 8 6 7 0 0 0 0 0 6 0 0 7 8 0 6 7 0 0 7 7 7 7 6 7 6 0 8 7 7 8 6 0 6 7 7 0 0 8 7 7 0
Last Time Cost: 00000011 ms
Total Time Cost: 00005339 ms
Total Distance 234: 7 6 9 6 9 0 8 0 9 8 6 7 0 0 0 0 0 6 0 0 7 8 0 6 7 0 0 7 7 7 7 6 7 6 0 8 7 7 8 6 0 6 7 7 0 0 8 7 7 0
Last Time Cost: 00000509 ms
Total Time Cost: 00005848 ms
Total Distance 231: 7 6 9 5 9 0 8 0 9 8 6 7 0 0 0 0 0 5 0 0 7 8 0 6 7 0 0 7 7 7 7 6 6 6 0 8 7 7 8 6 0 6 7 7 0 0 8 7 7 0
Last Time Cost: 00000069 ms
Total Time Cost: 00005917 ms
Total Distance 229: 7 6 9 5 9 0 8 0 9 8 6 7 0 0 0 0 0 4 0 0 7 8 0 6 7 0 0 7 7 7 7 5 6 6 0 8 7 7 8 6 0 6 7 7 0 0 8 7 7 0
Last Time Cost: 00000031 ms
Total Time Cost: 00005948 ms
Total Distance 227: 7 6 9 5 9 0 8 0 9 8 6 7 0 0 0 0 0 3 0 0 7 8 0 6 7 0 0 7 7 7 6 5 6 6 0 8 7 7 8 6 0 6 7 7 0 0 8 7 7 0
Last Time Cost: 00000024 ms
Total Time Cost: 00005972 ms
Total Distance 226: 7 6 9 5 9 0 8 0 9 8 6 7 0 0 0 0 0 2 0 0 7 8 0 6 7 0 0 7 7 7 6 5 6 6 0 8 7 7 8 6 0 6 7 7 0 0 8 7 7 0
Last Time Cost: 00000019 ms
Total Time Cost: 00005991 ms
Total Distance 225: 7 6 9 5 9 0 8 0 9 8 6 7 0 0 0 0 0 1 0 0 7 8 0 6 7 0 0 7 7 7 6 5 6 6 0 8 7 7 8 6 0 6 7 7 0 0 8 7 7 0
Last Time Cost: 00000013 ms
Total Time Cost: 00006004 ms
Total Distance 224: 7 6 9 5 9 0 8 0 9 8 6 7 0 0 0 0 0 0 0 0 7 8 0 6 7 0 0 7 7 7 6 5 6 6 0 8 7 7 8 6 0 6 7 7 0 0 8 7 7 0
Last Time Cost: 00000078 ms
Total Time Cost: 00006082 ms
Total Distance 222: 7 6 9 5 9 0 8 0 9 8 6 7 0 0 0 0 0 0 0 0 7 8 0 6 7 0 0 7 7 7 6 4 5 6 0 8 7 7 8 6 0 6 7 7 0 0 8 7 7 0
Last Time Cost: 00000035 ms
Total Time Cost: 00006117 ms
Total Distance 220: 7 6 9 5 9 0 8 0 9 8 6 7 0 0 0 0 0 0 0 0 7 8 0 6 7 0 0 7 7 7 6 3 5 6 0 7 7 7 8 6 0 6 7 7 0 0 8 7 7 0
Last Time Cost: 00000027 ms
Total Time Cost: 00006144 ms
Total Distance 218: 7 6 8 5 9 0 8 0 9 8 6 7 0 0 0 0 0 0 0 0 7 8 0 6 7 0 0 7 7 7 6 2 5 6 0 7 7 7 8 6 0 6 7 7 0 0 8 7 7 0
Last Time Cost: 00000020 ms
Total Time Cost: 00006164 ms
Total Distance 217: 7 6 8 5 9 0 8 0 9 8 6 7 0 0 0 0 0 0 0 0 7 8 0 6 7 0 0 7 7 7 6 1 5 6 0 7 7 7 8 6 0 6 7 7 0 0 8 7 7 0
Last Time Cost: 00000015 ms
Total Time Cost: 00006179 ms
Total Distance 216: 7 6 8 5 9 0 8 0 9 8 6 7 0 0 0 0 0 0 0 0 7 8 0 6 7 0 0 7 7 7 6 0 5 6 0 7 7 7 8 6 0 6 7 7 0 0 8 7 7 0
Last Time Cost: 00000068 ms
Total Time Cost: 00006247 ms
Total Distance 213: 7 6 8 5 9 0 8 0 9 8 6 7 0 0 0 0 0 0 0 0 7 8 0 6 7 0 0 7 7 7 6 0 4 6 0 7 7 7 8 6 0 6 7 7 0 0 7 6 7 0
Last Time Cost: 00000033 ms
Total Time Cost: 00006280 ms
Total Distance 211: 7 6 8 5 9 0 8 0 9 8 6 7 0 0 0 0 0 0 0 0 7 8 0 6 7 0 0 7 7 7 6 0 3 6 0 7 7 7 8 6 0 6 7 7 0 0 6 6 7 0
Last Time Cost: 00000026 ms
Total Time Cost: 00006306 ms
Total Distance 209: 7 6 8 5 9 0 8 0 8 8 6 7 0 0 0 0 0 0 0 0 7 8 0 6 7 0 0 7 7 7 6 0 2 6 0 7 7 7 8 6 0 6 7 7 0 0 6 6 7 0
Last Time Cost: 00000020 ms
Total Time Cost: 00006326 ms
Total Distance 207: 7 6 8 5 9 0 8 0 7 8 6 7 0 0 0 0 0 0 0 0 7 8 0 6 7 0 0 7 7 7 6 0 1 6 0 7 7 7 8 6 0 6 7 7 0 0 6 6 7 0
Last Time Cost: 00000016 ms
Total Time Cost: 00006342 ms
Total Distance 206: 7 6 8 5 9 0 8 0 7 8 6 7 0 0 0 0 0 0 0 0 7 8 0 6 7 0 0 7 7 7 6 0 0 6 0 7 7 7 8 6 0 6 7 7 0 0 6 6 7 0
Last Time Cost: 00000036 ms
Total Time Cost: 00006378 ms
Total Distance 205: 7 6 8 4 9 0 8 0 7 8 6 7 0 0 0 0 0 0 0 0 7 8 0 6 7 0 0 7 7 7 6 0 0 6 0 7 7 7 8 6 0 6 7 7 0 0 6 6 7 0
Last Time Cost: 00000029 ms
Total Time Cost: 00006407 ms
Total Distance 204: 7 6 8 3 9 0 8 0 7 8 6 7 0 0 0 0 0 0 0 0 7 8 0 6 7 0 0 7 7 7 6 0 0 6 0 7 7 7 8 6 0 6 7 7 0 0 6 6 7 0
Last Time Cost: 00000025 ms
Total Time Cost: 00006432 ms
Total Distance 203: 7 6 8 2 9 0 8 0 7 8 6 7 0 0 0 0 0 0 0 0 7 8 0 6 7 0 0 7 7 7 6 0 0 6 0 7 7 7 8 6 0 6 7 7 0 0 6 6 7 0
Last Time Cost: 00000022 ms
Total Time Cost: 00006454 ms
Total Distance 202: 7 6 8 1 9 0 8 0 7 8 6 7 0 0 0 0 0 0 0 0 7 8 0 6 7 0 0 7 7 7 6 0 0 6 0 7 7 7 8 6 0 6 7 7 0 0 6 6 7 0
Last Time Cost: 00000018 ms
Total Time Cost: 00006472 ms
Total Distance 201: 7 6 8 0 9 0 8 0 7 8 6 7 0 0 0 0 0 0 0 0 7 8 0 6 7 0 0 7 7 7 6 0 0 6 0 7 7 7 8 6 0 6 7 7 0 0 6 6 7 0
Last Time Cost: 00000404 ms
Total Time Cost: 00006876 ms
Total Distance 196: 7 6 8 0 9 0 8 0 7 8 6 7 0 0 0 0 0 0 0 0 7 8 0 6 7 0 0 6 6 7 6 0 0 6 0 6 7 7 7 6 0 6 7 7 0 0 5 6 7 0
Last Time Cost: 00000039 ms
Total Time Cost: 00006915 ms
Total Distance 194: 7 6 8 0 9 0 8 0 7 8 6 7 0 0 0 0 0 0 0 0 7 8 0 6 7 0 0 6 6 7 6 0 0 6 0 6 7 7 6 6 0 6 7 7 0 0 4 6 7 0
Last Time Cost: 00000032 ms
Total Time Cost: 00006947 ms
Total Distance 193: 7 6 8 0 9 0 8 0 7 8 6 7 0 0 0 0 0 0 0 0 7 8 0 6 7 0 0 6 6 7 6 0 0 6 0 6 7 7 6 6 0 6 7 7 0 0 3 6 7 0
Last Time Cost: 00000028 ms
Total Time Cost: 00006975 ms
Total Distance 192: 7 6 8 0 9 0 8 0 7 8 6 7 0 0 0 0 0 0 0 0 7 8 0 6 7 0 0 6 6 7 6 0 0 6 0 6 7 7 6 6 0 6 7 7 0 0 2 6 7 0
Last Time Cost: 00000025 ms
Total Time Cost: 00007000 ms
Total Distance 191: 7 6 8 0 9 0 8 0 7 8 6 7 0 0 0 0 0 0 0 0 7 8 0 6 7 0 0 6 6 7 6 0 0 6 0 6 7 7 6 6 0 6 7 7 0 0 1 6 7 0
Last Time Cost: 00000020 ms
Total Time Cost: 00007020 ms
Total Distance 190: 7 6 8 0 9 0 8 0 7 8 6 7 0 0 0 0 0 0 0 0 7 8 0 6 7 0 0 6 6 7 6 0 0 6 0 6 7 7 6 6 0 6 7 7 0 0 0 6 7 0
Last Time Cost: 00000620 ms
Total Time Cost: 00007640 ms
Total Distance 187: 7 6 8 0 9 0 8 0 6 8 6 7 0 0 0 0 0 0 0 0 7 8 0 6 7 0 0 6 5 7 6 0 0 6 0 6 7 7 6 6 0 6 7 7 0 0 0 5 7 0
Last Time Cost: 00000067 ms
Total Time Cost: 00007707 ms
Total Distance 184: 7 6 8 0 9 0 7 0 6 8 6 7 0 0 0 0 0 0 0 0 7 8 0 6 7 0 0 6 4 7 6 0 0 6 0 6 7 6 6 6 0 6 7 7 0 0 0 5 7 0
Last Time Cost: 00000036 ms
Total Time Cost: 00007743 ms
Total Distance 181: 7 6 7 0 9 0 7 0 6 8 6 7 0 0 0 0 0 0 0 0 7 8 0 6 7 0 0 6 3 7 6 0 0 6 0 6 7 6 6 6 0 6 7 6 0 0 0 5 7 0
Last Time Cost: 00000031 ms
Total Time Cost: 00007774 ms
Total Distance 180: 7 6 7 0 9 0 7 0 6 8 6 7 0 0 0 0 0 0 0 0 7 8 0 6 7 0 0 6 2 7 6 0 0 6 0 6 7 6 6 6 0 6 7 6 0 0 0 5 7 0
Last Time Cost: 00000027 ms
Total Time Cost: 00007801 ms
Total Distance 179: 7 6 7 0 9 0 7 0 6 8 6 7 0 0 0 0 0 0 0 0 7 8 0 6 7 0 0 6 1 7 6 0 0 6 0 6 7 6 6 6 0 6 7 6 0 0 0 5 7 0
Last Time Cost: 00000023 ms
Total Time Cost: 00007824 ms
Total Distance 178: 7 6 7 0 9 0 7 0 6 8 6 7 0 0 0 0 0 0 0 0 7 8 0 6 7 0 0 6 0 7 6 0 0 6 0 6 7 6 6 6 0 6 7 6 0 0 0 5 7 0
Last Time Cost: 00000062 ms
Total Time Cost: 00007886 ms
Total Distance 176: 7 6 7 0 9 0 7 0 6 8 6 7 0 0 0 0 0 0 0 0 7 8 0 6 7 0 0 6 0 7 6 0 0 5 0 6 7 6 6 6 0 6 7 6 0 0 0 4 7 0
Last Time Cost: 00000039 ms
Total Time Cost: 00007925 ms
Total Distance 174: 7 6 7 0 9 0 7 0 6 8 6 7 0 0 0 0 0 0 0 0 6 8 0 6 7 0 0 6 0 7 6 0 0 5 0 6 7 6 6 6 0 6 7 6 0 0 0 3 7 0
Last Time Cost: 00000034 ms
Total Time Cost: 00007959 ms
Total Distance 173: 7 6 7 0 9 0 7 0 6 8 6 7 0 0 0 0 0 0 0 0 6 8 0 6 7 0 0 6 0 7 6 0 0 5 0 6 7 6 6 6 0 6 7 6 0 0 0 2 7 0
Last Time Cost: 00000031 ms
Total Time Cost: 00007990 ms
Total Distance 172: 7 6 7 0 9 0 7 0 6 8 6 7 0 0 0 0 0 0 0 0 6 8 0 6 7 0 0 6 0 7 6 0 0 5 0 6 7 6 6 6 0 6 7 6 0 0 0 1 7 0
Last Time Cost: 00000026 ms
Total Time Cost: 00008016 ms
Total Distance 171: 7 6 7 0 9 0 7 0 6 8 6 7 0 0 0 0 0 0 0 0 6 8 0 6 7 0 0 6 0 7 6 0 0 5 0 6 7 6 6 6 0 6 7 6 0 0 0 0 7 0
Last Time Cost: 00000054 ms
Total Time Cost: 00008070 ms
Total Distance 169: 7 6 7 0 9 0 7 0 6 8 6 7 0 0 0 0 0 0 0 0 6 8 0 5 7 0 0 6 0 7 6 0 0 4 0 6 7 6 6 6 0 6 7 6 0 0 0 0 7 0
Last Time Cost: 00000043 ms
Total Time Cost: 00008113 ms
Total Distance 168: 7 6 7 0 9 0 7 0 6 8 6 7 0 0 0 0 0 0 0 0 6 8 0 5 7 0 0 6 0 7 6 0 0 3 0 6 7 6 6 6 0 6 7 6 0 0 0 0 7 0
Last Time Cost: 00000038 ms
Total Time Cost: 00008151 ms
Total Distance 167: 7 6 7 0 9 0 7 0 6 8 6 7 0 0 0 0 0 0 0 0 6 8 0 5 7 0 0 6 0 7 6 0 0 2 0 6 7 6 6 6 0 6 7 6 0 0 0 0 7 0
Last Time Cost: 00000033 ms
Total Time Cost: 00008184 ms
Total Distance 166: 7 6 7 0 9 0 7 0 6 8 6 7 0 0 0 0 0 0 0 0 6 8 0 5 7 0 0 6 0 7 6 0 0 1 0 6 7 6 6 6 0 6 7 6 0 0 0 0 7 0
Last Time Cost: 00000028 ms
Total Time Cost: 00008212 ms
Total Distance 165: 7 6 7 0 9 0 7 0 6 8 6 7 0 0 0 0 0 0 0 0 6 8 0 5 7 0 0 6 0 7 6 0 0 0 0 6 7 6 6 6 0 6 7 6 0 0 0 0 7 0
Last Time Cost: 00000059 ms
Total Time Cost: 00008271 ms
Total Distance 163: 7 6 7 0 9 0 7 0 6 8 6 7 0 0 0 0 0 0 0 0 6 8 0 4 7 0 0 6 0 7 6 0 0 0 0 6 7 6 6 6 0 6 6 6 0 0 0 0 7 0
Last Time Cost: 00000047 ms
Total Time Cost: 00008318 ms
Total Distance 161: 7 6 7 0 9 0 7 0 6 8 6 7 0 0 0 0 0 0 0 0 6 8 0 3 7 0 0 6 0 7 6 0 0 0 0 6 7 6 6 6 0 6 5 6 0 0 0 0 7 0
Last Time Cost: 00000041 ms
Total Time Cost: 00008359 ms
Total Distance 159: 7 6 7 0 8 0 7 0 6 8 6 7 0 0 0 0 0 0 0 0 6 8 0 2 7 0 0 6 0 7 6 0 0 0 0 6 7 6 6 6 0 6 5 6 0 0 0 0 7 0
Last Time Cost: 00000032 ms
Total Time Cost: 00008391 ms
Total Distance 158: 7 6 7 0 8 0 7 0 6 8 6 7 0 0 0 0 0 0 0 0 6 8 0 1 7 0 0 6 0 7 6 0 0 0 0 6 7 6 6 6 0 6 5 6 0 0 0 0 7 0
Last Time Cost: 00000030 ms
Total Time Cost: 00008421 ms
Total Distance 157: 7 6 7 0 8 0 7 0 6 8 6 7 0 0 0 0 0 0 0 0 6 8 0 0 7 0 0 6 0 7 6 0 0 0 0 6 7 6 6 6 0 6 5 6 0 0 0 0 7 0
Last Time Cost: 00000044 ms
Total Time Cost: 00008465 ms
Total Distance 155: 7 6 7 0 8 0 7 0 6 8 6 7 0 0 0 0 0 0 0 0 6 8 0 0 7 0 0 6 0 7 5 0 0 0 0 6 7 6 6 6 0 6 4 6 0 0 0 0 7 0
Last Time Cost: 00000039 ms
Total Time Cost: 00008504 ms
Total Distance 153: 7 6 6 0 8 0 7 0 6 8 6 7 0 0 0 0 0 0 0 0 6 8 0 0 7 0 0 6 0 7 5 0 0 0 0 6 7 6 6 6 0 6 3 6 0 0 0 0 7 0
Last Time Cost: 00000037 ms
Total Time Cost: 00008541 ms
Total Distance 152: 7 6 6 0 8 0 7 0 6 8 6 7 0 0 0 0 0 0 0 0 6 8 0 0 7 0 0 6 0 7 5 0 0 0 0 6 7 6 6 6 0 6 2 6 0 0 0 0 7 0
Last Time Cost: 00000037 ms
Total Time Cost: 00008578 ms
Total Distance 151: 7 6 6 0 8 0 7 0 6 8 6 7 0 0 0 0 0 0 0 0 6 8 0 0 7 0 0 6 0 7 5 0 0 0 0 6 7 6 6 6 0 6 1 6 0 0 0 0 7 0
Last Time Cost: 00000034 ms
Total Time Cost: 00008612 ms
Total Distance 150: 7 6 6 0 8 0 7 0 6 8 6 7 0 0 0 0 0 0 0 0 6 8 0 0 7 0 0 6 0 7 5 0 0 0 0 6 7 6 6 6 0 6 0 6 0 0 0 0 7 0
Last Time Cost: 00000053 ms
Total Time Cost: 00008665 ms
Total Distance 148: 7 6 6 0 8 0 7 0 6 8 6 6 0 0 0 0 0 0 0 0 6 8 0 0 7 0 0 6 0 7 4 0 0 0 0 6 7 6 6 6 0 6 0 6 0 0 0 0 7 0
Last Time Cost: 00000041 ms
Total Time Cost: 00008706 ms
Total Distance 146: 7 6 6 0 7 0 7 0 6 8 6 6 0 0 0 0 0 0 0 0 6 8 0 0 7 0 0 6 0 7 3 0 0 0 0 6 7 6 6 6 0 6 0 6 0 0 0 0 7 0
Last Time Cost: 00000041 ms
Total Time Cost: 00008747 ms
Total Distance 145: 7 6 6 0 7 0 7 0 6 8 6 6 0 0 0 0 0 0 0 0 6 8 0 0 7 0 0 6 0 7 2 0 0 0 0 6 7 6 6 6 0 6 0 6 0 0 0 0 7 0
Last Time Cost: 00000039 ms
Total Time Cost: 00008786 ms
Total Distance 144: 7 6 6 0 7 0 7 0 6 8 6 6 0 0 0 0 0 0 0 0 6 8 0 0 7 0 0 6 0 7 1 0 0 0 0 6 7 6 6 6 0 6 0 6 0 0 0 0 7 0
Last Time Cost: 00000038 ms
Total Time Cost: 00008824 ms
Total Distance 143: 7 6 6 0 7 0 7 0 6 8 6 6 0 0 0 0 0 0 0 0 6 8 0 0 7 0 0 6 0 7 0 0 0 0 0 6 7 6 6 6 0 6 0 6 0 0 0 0 7 0
Last Time Cost: 00000375 ms
Total Time Cost: 00009199 ms
Total Distance 140: 6 6 5 0 7 0 7 0 6 8 6 6 0 0 0 0 0 0 0 0 6 8 0 0 7 0 0 6 0 7 0 0 0 0 0 6 7 6 6 6 0 6 0 6 0 0 0 0 6 0
Last Time Cost: 00000048 ms
Total Time Cost: 00009247 ms
Total Distance 138: 6 6 4 0 7 0 7 0 6 8 6 5 0 0 0 0 0 0 0 0 6 8 0 0 7 0 0 6 0 7 0 0 0 0 0 6 7 6 6 6 0 6 0 6 0 0 0 0 6 0
Last Time Cost: 00000042 ms
Total Time Cost: 00009289 ms
Total Distance 137: 6 6 3 0 7 0 7 0 6 8 6 5 0 0 0 0 0 0 0 0 6 8 0 0 7 0 0 6 0 7 0 0 0 0 0 6 7 6 6 6 0 6 0 6 0 0 0 0 6 0
Last Time Cost: 00000046 ms
Total Time Cost: 00009335 ms
Total Distance 136: 6 6 2 0 7 0 7 0 6 8 6 5 0 0 0 0 0 0 0 0 6 8 0 0 7 0 0 6 0 7 0 0 0 0 0 6 7 6 6 6 0 6 0 6 0 0 0 0 6 0
Last Time Cost: 00000039 ms
Total Time Cost: 00009374 ms
Total Distance 135: 6 6 1 0 7 0 7 0 6 8 6 5 0 0 0 0 0 0 0 0 6 8 0 0 7 0 0 6 0 7 0 0 0 0 0 6 7 6 6 6 0 6 0 6 0 0 0 0 6 0
Last Time Cost: 00000041 ms
Total Time Cost: 00009415 ms
Total Distance 134: 6 6 0 0 7 0 7 0 6 8 6 5 0 0 0 0 0 0 0 0 6 8 0 0 7 0 0 6 0 7 0 0 0 0 0 6 7 6 6 6 0 6 0 6 0 0 0 0 6 0
Last Time Cost: 00000056 ms
Total Time Cost: 00009471 ms
Total Distance 133: 6 6 0 0 7 0 7 0 6 8 6 4 0 0 0 0 0 0 0 0 6 8 0 0 7 0 0 6 0 7 0 0 0 0 0 6 7 6 6 6 0 6 0 6 0 0 0 0 6 0
Last Time Cost: 00000044 ms
Total Time Cost: 00009515 ms
Total Distance 132: 6 6 0 0 7 0 7 0 6 8 6 3 0 0 0 0 0 0 0 0 6 8 0 0 7 0 0 6 0 7 0 0 0 0 0 6 7 6 6 6 0 6 0 6 0 0 0 0 6 0
Last Time Cost: 00000044 ms
Total Time Cost: 00009559 ms
Total Distance 131: 6 6 0 0 7 0 7 0 6 8 6 2 0 0 0 0 0 0 0 0 6 8 0 0 7 0 0 6 0 7 0 0 0 0 0 6 7 6 6 6 0 6 0 6 0 0 0 0 6 0
Last Time Cost: 00000046 ms
Total Time Cost: 00009605 ms
Total Distance 130: 6 6 0 0 7 0 7 0 6 8 6 1 0 0 0 0 0 0 0 0 6 8 0 0 7 0 0 6 0 7 0 0 0 0 0 6 7 6 6 6 0 6 0 6 0 0 0 0 6 0
Last Time Cost: 00000044 ms
Total Time Cost: 00009649 ms
Total Distance 129: 6 6 0 0 7 0 7 0 6 8 6 0 0 0 0 0 0 0 0 0 6 8 0 0 7 0 0 6 0 7 0 0 0 0 0 6 7 6 6 6 0 6 0 6 0 0 0 0 6 0
Last Time Cost: 00000436 ms
Total Time Cost: 00010085 ms
Total Distance 126: 5 6 0 0 7 0 7 0 6 8 6 0 0 0 0 0 0 0 0 0 6 7 0 0 7 0 0 6 0 7 0 0 0 0 0 5 7 6 6 6 0 6 0 6 0 0 0 0 6 0
Last Time Cost: 00000074 ms
Total Time Cost: 00010159 ms
Total Distance 124: 4 6 0 0 7 0 7 0 6 8 6 0 0 0 0 0 0 0 0 0 6 7 0 0 7 0 0 6 0 7 0 0 0 0 0 5 7 6 5 6 0 6 0 6 0 0 0 0 6 0
Last Time Cost: 00000046 ms
Total Time Cost: 00010205 ms
Total Distance 122: 3 6 0 0 7 0 7 0 6 8 6 0 0 0 0 0 0 0 0 0 6 6 0 0 7 0 0 6 0 7 0 0 0 0 0 5 7 6 5 6 0 6 0 6 0 0 0 0 6 0
Last Time Cost: 00000048 ms
Total Time Cost: 00010253 ms
Total Distance 121: 2 6 0 0 7 0 7 0 6 8 6 0 0 0 0 0 0 0 0 0 6 6 0 0 7 0 0 6 0 7 0 0 0 0 0 5 7 6 5 6 0 6 0 6 0 0 0 0 6 0
Last Time Cost: 00000049 ms
Total Time Cost: 00010302 ms
Total Distance 120: 1 6 0 0 7 0 7 0 6 8 6 0 0 0 0 0 0 0 0 0 6 6 0 0 7 0 0 6 0 7 0 0 0 0 0 5 7 6 5 6 0 6 0 6 0 0 0 0 6 0
Last Time Cost: 00000049 ms
Total Time Cost: 00010351 ms
Total Distance 119: 0 6 0 0 7 0 7 0 6 8 6 0 0 0 0 0 0 0 0 0 6 6 0 0 7 0 0 6 0 7 0 0 0 0 0 5 7 6 5 6 0 6 0 6 0 0 0 0 6 0
Last Time Cost: 00000081 ms
Total Time Cost: 00010432 ms
Total Distance 117: 0 6 0 0 7 0 7 0 6 8 6 0 0 0 0 0 0 0 0 0 6 6 0 0 7 0 0 5 0 7 0 0 0 0 0 4 7 6 5 6 0 6 0 6 0 0 0 0 6 0
Last Time Cost: 00000050 ms
Total Time Cost: 00010482 ms
Total Distance 116: 0 6 0 0 7 0 7 0 6 8 6 0 0 0 0 0 0 0 0 0 6 6 0 0 7 0 0 5 0 7 0 0 0 0 0 3 7 6 5 6 0 6 0 6 0 0 0 0 6 0
Last Time Cost: 00000052 ms
Total Time Cost: 00010534 ms
Total Distance 115: 0 6 0 0 7 0 7 0 6 8 6 0 0 0 0 0 0 0 0 0 6 6 0 0 7 0 0 5 0 7 0 0 0 0 0 2 7 6 5 6 0 6 0 6 0 0 0 0 6 0
Last Time Cost: 00000053 ms
Total Time Cost: 00010587 ms
Total Distance 114: 0 6 0 0 7 0 7 0 6 8 6 0 0 0 0 0 0 0 0 0 6 6 0 0 7 0 0 5 0 7 0 0 0 0 0 1 7 6 5 6 0 6 0 6 0 0 0 0 6 0
Last Time Cost: 00000053 ms
Total Time Cost: 00010640 ms
Total Distance 113: 0 6 0 0 7 0 7 0 6 8 6 0 0 0 0 0 0 0 0 0 6 6 0 0 7 0 0 5 0 7 0 0 0 0 0 0 7 6 5 6 0 6 0 6 0 0 0 0 6 0
Last Time Cost: 00000085 ms
Total Time Cost: 00010725 ms
Total Distance 111: 0 6 0 0 7 0 7 0 6 8 6 0 0 0 0 0 0 0 0 0 6 5 0 0 7 0 0 5 0 7 0 0 0 0 0 0 7 6 4 6 0 6 0 6 0 0 0 0 6 0
Last Time Cost: 00000055 ms
Total Time Cost: 00010780 ms
Total Distance 110: 0 6 0 0 7 0 7 0 6 8 6 0 0 0 0 0 0 0 0 0 6 5 0 0 7 0 0 5 0 7 0 0 0 0 0 0 7 6 3 6 0 6 0 6 0 0 0 0 6 0
Last Time Cost: 00000057 ms
Total Time Cost: 00010837 ms
Total Distance 109: 0 6 0 0 7 0 7 0 6 8 6 0 0 0 0 0 0 0 0 0 6 5 0 0 7 0 0 5 0 7 0 0 0 0 0 0 7 6 2 6 0 6 0 6 0 0 0 0 6 0
Last Time Cost: 00000057 ms
Total Time Cost: 00010894 ms
Total Distance 108: 0 6 0 0 7 0 7 0 6 8 6 0 0 0 0 0 0 0 0 0 6 5 0 0 7 0 0 5 0 7 0 0 0 0 0 0 7 6 1 6 0 6 0 6 0 0 0 0 6 0
Last Time Cost: 00000057 ms
Total Time Cost: 00010951 ms
Total Distance 107: 0 6 0 0 7 0 7 0 6 8 6 0 0 0 0 0 0 0 0 0 6 5 0 0 7 0 0 5 0 7 0 0 0 0 0 0 7 6 0 6 0 6 0 6 0 0 0 0 6 0
Last Time Cost: 00000089 ms
Total Time Cost: 00011040 ms
Total Distance 104: 0 6 0 0 7 0 7 0 6 7 6 0 0 0 0 0 0 0 0 0 6 4 0 0 7 0 0 5 0 6 0 0 0 0 0 0 7 6 0 6 0 6 0 6 0 0 0 0 6 0
Last Time Cost: 00000008 ms
Total Time Cost: 00011048 ms
Total Distance 102: 0 6 0 0 7 0 7 0 6 7 6 0 0 0 0 0 0 0 0 0 6 3 0 0 7 0 0 5 0 5 0 0 0 0 0 0 7 6 0 6 0 6 0 6 0 0 0 0 6 0
Last Time Cost: 00000007 ms
Total Time Cost: 00011055 ms
Total Distance 100: 0 6 0 0 7 0 7 0 6 6 6 0 0 0 0 0 0 0 0 0 6 2 0 0 7 0 0 5 0 5 0 0 0 0 0 0 7 6 0 6 0 6 0 6 0 0 0 0 6 0
Last Time Cost: 00000004 ms
Total Time Cost: 00011059 ms
Total Distance 99: 0 6 0 0 7 0 7 0 6 6 6 0 0 0 0 0 0 0 0 0 6 1 0 0 7 0 0 5 0 5 0 0 0 0 0 0 7 6 0 6 0 6 0 6 0 0 0 0 6 0
Last Time Cost: 00000002 ms
Total Time Cost: 00011061 ms
Total Distance 98: 0 6 0 0 7 0 7 0 6 6 6 0 0 0 0 0 0 0 0 0 6 0 0 0 7 0 0 5 0 5 0 0 0 0 0 0 7 6 0 6 0 6 0 6 0 0 0 0 6 0
Last Time Cost: 00000032 ms
Total Time Cost: 00011093 ms
Total Distance 97: 0 6 0 0 7 0 7 0 6 6 6 0 0 0 0 0 0 0 0 0 6 0 0 0 7 0 0 5 0 4 0 0 0 0 0 0 7 6 0 6 0 6 0 6 0 0 0 0 6 0
Last Time Cost: 00000004 ms
Total Time Cost: 00011097 ms
Total Distance 96: 0 6 0 0 7 0 7 0 6 6 6 0 0 0 0 0 0 0 0 0 6 0 0 0 7 0 0 5 0 3 0 0 0 0 0 0 7 6 0 6 0 6 0 6 0 0 0 0 6 0
Last Time Cost: 00000003 ms
Total Time Cost: 00011100 ms
Total Distance 95: 0 6 0 0 7 0 7 0 6 6 6 0 0 0 0 0 0 0 0 0 6 0 0 0 7 0 0 5 0 2 0 0 0 0 0 0 7 6 0 6 0 6 0 6 0 0 0 0 6 0
Last Time Cost: 00000003 ms
Total Time Cost: 00011103 ms
Total Distance 94: 0 6 0 0 7 0 7 0 6 6 6 0 0 0 0 0 0 0 0 0 6 0 0 0 7 0 0 5 0 1 0 0 0 0 0 0 7 6 0 6 0 6 0 6 0 0 0 0 6 0
Last Time Cost: 00000002 ms
Total Time Cost: 00011105 ms
Total Distance 93: 0 6 0 0 7 0 7 0 6 6 6 0 0 0 0 0 0 0 0 0 6 0 0 0 7 0 0 5 0 0 0 0 0 0 0 0 7 6 0 6 0 6 0 6 0 0 0 0 6 0
Last Time Cost: 00000020 ms
Total Time Cost: 00011125 ms
Total Distance 92: 0 6 0 0 7 0 7 0 6 6 6 0 0 0 0 0 0 0 0 0 6 0 0 0 7 0 0 4 0 0 0 0 0 0 0 0 7 6 0 6 0 6 0 6 0 0 0 0 6 0
Last Time Cost: 00000004 ms
Total Time Cost: 00011129 ms
Total Distance 91: 0 6 0 0 7 0 7 0 6 6 6 0 0 0 0 0 0 0 0 0 6 0 0 0 7 0 0 3 0 0 0 0 0 0 0 0 7 6 0 6 0 6 0 6 0 0 0 0 6 0
Last Time Cost: 00000003 ms
Total Time Cost: 00011132 ms
Total Distance 90: 0 6 0 0 7 0 7 0 6 6 6 0 0 0 0 0 0 0 0 0 6 0 0 0 7 0 0 2 0 0 0 0 0 0 0 0 7 6 0 6 0 6 0 6 0 0 0 0 6 0
Last Time Cost: 00000002 ms
Total Time Cost: 00011134 ms
Total Distance 89: 0 6 0 0 7 0 7 0 6 6 6 0 0 0 0 0 0 0 0 0 6 0 0 0 7 0 0 1 0 0 0 0 0 0 0 0 7 6 0 6 0 6 0 6 0 0 0 0 6 0
Last Time Cost: 00000002 ms
Total Time Cost: 00011136 ms
Total Distance 88: 0 6 0 0 7 0 7 0 6 6 6 0 0 0 0 0 0 0 0 0 6 0 0 0 7 0 0 0 0 0 0 0 0 0 0 0 7 6 0 6 0 6 0 6 0 0 0 0 6 0
Last Time Cost: 00000514 ms
Total Time Cost: 00011650 ms
Total Distance 86: 0 6 0 0 7 0 7 0 6 6 5 0 0 0 0 0 0 0 0 0 5 0 0 0 7 0 0 0 0 0 0 0 0 0 0 0 7 6 0 6 0 6 0 6 0 0 0 0 6 0
Last Time Cost: 00000042 ms
Total Time Cost: 00011692 ms
Total Distance 84: 0 5 0 0 7 0 7 0 6 6 4 0 0 0 0 0 0 0 0 0 5 0 0 0 7 0 0 0 0 0 0 0 0 0 0 0 7 6 0 6 0 6 0 6 0 0 0 0 6 0
Last Time Cost: 00000004 ms
Total Time Cost: 00011696 ms
Total Distance 83: 0 5 0 0 7 0 7 0 6 6 3 0 0 0 0 0 0 0 0 0 5 0 0 0 7 0 0 0 0 0 0 0 0 0 0 0 7 6 0 6 0 6 0 6 0 0 0 0 6 0
Last Time Cost: 00000003 ms
Total Time Cost: 00011699 ms
Total Distance 82: 0 5 0 0 7 0 7 0 6 6 2 0 0 0 0 0 0 0 0 0 5 0 0 0 7 0 0 0 0 0 0 0 0 0 0 0 7 6 0 6 0 6 0 6 0 0 0 0 6 0
Last Time Cost: 00000003 ms
Total Time Cost: 00011702 ms
Total Distance 81: 0 5 0 0 7 0 7 0 6 6 1 0 0 0 0 0 0 0 0 0 5 0 0 0 7 0 0 0 0 0 0 0 0 0 0 0 7 6 0 6 0 6 0 6 0 0 0 0 6 0
Last Time Cost: 00000002 ms
Total Time Cost: 00011704 ms
Total Distance 80: 0 5 0 0 7 0 7 0 6 6 0 0 0 0 0 0 0 0 0 0 5 0 0 0 7 0 0 0 0 0 0 0 0 0 0 0 7 6 0 6 0 6 0 6 0 0 0 0 6 0
Last Time Cost: 00000047 ms
Total Time Cost: 00011751 ms
Total Distance 78: 0 5 0 0 7 0 7 0 6 6 0 0 0 0 0 0 0 0 0 0 4 0 0 0 7 0 0 0 0 0 0 0 0 0 0 0 6 6 0 6 0 6 0 6 0 0 0 0 6 0
Last Time Cost: 00000005 ms
Total Time Cost: 00011756 ms
Total Distance 77: 0 5 0 0 7 0 7 0 6 6 0 0 0 0 0 0 0 0 0 0 3 0 0 0 7 0 0 0 0 0 0 0 0 0 0 0 6 6 0 6 0 6 0 6 0 0 0 0 6 0
Last Time Cost: 00000003 ms
Total Time Cost: 00011759 ms
Total Distance 76: 0 5 0 0 7 0 7 0 6 6 0 0 0 0 0 0 0 0 0 0 2 0 0 0 7 0 0 0 0 0 0 0 0 0 0 0 6 6 0 6 0 6 0 6 0 0 0 0 6 0
Last Time Cost: 00000002 ms
Total Time Cost: 00011761 ms
Total Distance 75: 0 5 0 0 7 0 7 0 6 6 0 0 0 0 0 0 0 0 0 0 1 0 0 0 7 0 0 0 0 0 0 0 0 0 0 0 6 6 0 6 0 6 0 6 0 0 0 0 6 0
Last Time Cost: 00000002 ms
Total Time Cost: 00011763 ms
Total Distance 74: 0 5 0 0 7 0 7 0 6 6 0 0 0 0 0 0 0 0 0 0 0 0 0 0 7 0 0 0 0 0 0 0 0 0 0 0 6 6 0 6 0 6 0 6 0 0 0 0 6 0
Last Time Cost: 00000027 ms
Total Time Cost: 00011790 ms
Total Distance 73: 0 4 0 0 7 0 7 0 6 6 0 0 0 0 0 0 0 0 0 0 0 0 0 0 7 0 0 0 0 0 0 0 0 0 0 0 6 6 0 6 0 6 0 6 0 0 0 0 6 0
Last Time Cost: 00000004 ms
Total Time Cost: 00011794 ms
Total Distance 71: 0 3 0 0 7 0 7 0 6 6 0 0 0 0 0 0 0 0 0 0 0 0 0 0 7 0 0 0 0 0 0 0 0 0 0 0 6 6 0 6 0 6 0 5 0 0 0 0 6 0
Last Time Cost: 00000003 ms
Total Time Cost: 00011797 ms
Total Distance 70: 0 2 0 0 7 0 7 0 6 6 0 0 0 0 0 0 0 0 0 0 0 0 0 0 7 0 0 0 0 0 0 0 0 0 0 0 6 6 0 6 0 6 0 5 0 0 0 0 6 0
Last Time Cost: 00000003 ms
Total Time Cost: 00011800 ms
Total Distance 69: 0 1 0 0 7 0 7 0 6 6 0 0 0 0 0 0 0 0 0 0 0 0 0 0 7 0 0 0 0 0 0 0 0 0 0 0 6 6 0 6 0 6 0 5 0 0 0 0 6 0
Last Time Cost: 00000002 ms
Total Time Cost: 00011802 ms
Total Distance 68: 0 0 0 0 7 0 7 0 6 6 0 0 0 0 0 0 0 0 0 0 0 0 0 0 7 0 0 0 0 0 0 0 0 0 0 0 6 6 0 6 0 6 0 5 0 0 0 0 6 0
Last Time Cost: 00000025 ms
Total Time Cost: 00011827 ms
Total Distance 67: 0 0 0 0 7 0 7 0 6 6 0 0 0 0 0 0 0 0 0 0 0 0 0 0 7 0 0 0 0 0 0 0 0 0 0 0 6 6 0 6 0 6 0 4 0 0 0 0 6 0
Last Time Cost: 00000004 ms
Total Time Cost: 00011831 ms
Total Distance 64: 0 0 0 0 7 0 7 0 6 6 0 0 0 0 0 0 0 0 0 0 0 0 0 0 6 0 0 0 0 0 0 0 0 0 0 0 5 6 0 6 0 6 0 3 0 0 0 0 6 0
Last Time Cost: 00000003 ms
Total Time Cost: 00011834 ms
Total Distance 63: 0 0 0 0 7 0 7 0 6 6 0 0 0 0 0 0 0 0 0 0 0 0 0 0 6 0 0 0 0 0 0 0 0 0 0 0 5 6 0 6 0 6 0 2 0 0 0 0 6 0
Last Time Cost: 00000002 ms
Total Time Cost: 00011836 ms
Total Distance 62: 0 0 0 0 7 0 7 0 6 6 0 0 0 0 0 0 0 0 0 0 0 0 0 0 6 0 0 0 0 0 0 0 0 0 0 0 5 6 0 6 0 6 0 1 0 0 0 0 6 0
Last Time Cost: 00000002 ms
Total Time Cost: 00011838 ms
Total Distance 61: 0 0 0 0 7 0 7 0 6 6 0 0 0 0 0 0 0 0 0 0 0 0 0 0 6 0 0 0 0 0 0 0 0 0 0 0 5 6 0 6 0 6 0 0 0 0 0 0 6 0
Last Time Cost: 00000029 ms
Total Time Cost: 00011867 ms
Total Distance 59: 0 0 0 0 7 0 7 0 6 6 0 0 0 0 0 0 0 0 0 0 0 0 0 0 6 0 0 0 0 0 0 0 0 0 0 0 4 5 0 6 0 6 0 0 0 0 0 0 6 0
Last Time Cost: 00000004 ms
Total Time Cost: 00011871 ms
Total Distance 58: 0 0 0 0 7 0 7 0 6 6 0 0 0 0 0 0 0 0 0 0 0 0 0 0 6 0 0 0 0 0 0 0 0 0 0 0 3 5 0 6 0 6 0 0 0 0 0 0 6 0
Last Time Cost: 00000003 ms
Total Time Cost: 00011874 ms
Total Distance 57: 0 0 0 0 7 0 7 0 6 6 0 0 0 0 0 0 0 0 0 0 0 0 0 0 6 0 0 0 0 0 0 0 0 0 0 0 2 5 0 6 0 6 0 0 0 0 0 0 6 0
Last Time Cost: 00000003 ms
Total Time Cost: 00011877 ms
Total Distance 56: 0 0 0 0 7 0 7 0 6 6 0 0 0 0 0 0 0 0 0 0 0 0 0 0 6 0 0 0 0 0 0 0 0 0 0 0 1 5 0 6 0 6 0 0 0 0 0 0 6 0
Last Time Cost: 00000002 ms
Total Time Cost: 00011879 ms
Total Distance 55: 0 0 0 0 7 0 7 0 6 6 0 0 0 0 0 0 0 0 0 0 0 0 0 0 6 0 0 0 0 0 0 0 0 0 0 0 0 5 0 6 0 6 0 0 0 0 0 0 6 0
Last Time Cost: 00000029 ms
Total Time Cost: 00011908 ms
Total Distance 54: 0 0 0 0 7 0 7 0 6 6 0 0 0 0 0 0 0 0 0 0 0 0 0 0 6 0 0 0 0 0 0 0 0 0 0 0 0 4 0 6 0 6 0 0 0 0 0 0 6 0
Last Time Cost: 00000004 ms
Total Time Cost: 00011912 ms
Total Distance 53: 0 0 0 0 7 0 7 0 6 6 0 0 0 0 0 0 0 0 0 0 0 0 0 0 6 0 0 0 0 0 0 0 0 0 0 0 0 3 0 6 0 6 0 0 0 0 0 0 6 0
Last Time Cost: 00000003 ms
Total Time Cost: 00011915 ms
Total Distance 52: 0 0 0 0 7 0 7 0 6 6 0 0 0 0 0 0 0 0 0 0 0 0 0 0 6 0 0 0 0 0 0 0 0 0 0 0 0 2 0 6 0 6 0 0 0 0 0 0 6 0
Last Time Cost: 00000003 ms
Total Time Cost: 00011918 ms
Total Distance 51: 0 0 0 0 7 0 7 0 6 6 0 0 0 0 0 0 0 0 0 0 0 0 0 0 6 0 0 0 0 0 0 0 0 0 0 0 0 1 0 6 0 6 0 0 0 0 0 0 6 0
Last Time Cost: 00000002 ms
Total Time Cost: 00011920 ms
Total Distance 50: 0 0 0 0 7 0 7 0 6 6 0 0 0 0 0 0 0 0 0 0 0 0 0 0 6 0 0 0 0 0 0 0 0 0 0 0 0 0 0 6 0 6 0 0 0 0 0 0 6 0
Last Time Cost: 00000413 ms
Total Time Cost: 00012333 ms
Total Distance 48: 0 0 0 0 7 0 7 0 6 6 0 0 0 0 0 0 0 0 0 0 0 0 0 0 6 0 0 0 0 0 0 0 0 0 0 0 0 0 0 5 0 5 0 0 0 0 0 0 6 0
Last Time Cost: 00000059 ms
Total Time Cost: 00012392 ms
Total Distance 46: 0 0 0 0 6 0 7 0 6 6 0 0 0 0 0 0 0 0 0 0 0 0 0 0 6 0 0 0 0 0 0 0 0 0 0 0 0 0 0 5 0 4 0 0 0 0 0 0 6 0
Last Time Cost: 00000003 ms
Total Time Cost: 00012395 ms
Total Distance 45: 0 0 0 0 6 0 7 0 6 6 0 0 0 0 0 0 0 0 0 0 0 0 0 0 6 0 0 0 0 0 0 0 0 0 0 0 0 0 0 5 0 3 0 0 0 0 0 0 6 0
Last Time Cost: 00000004 ms
Total Time Cost: 00012399 ms
Total Distance 44: 0 0 0 0 6 0 7 0 6 6 0 0 0 0 0 0 0 0 0 0 0 0 0 0 6 0 0 0 0 0 0 0 0 0 0 0 0 0 0 5 0 2 0 0 0 0 0 0 6 0
Last Time Cost: 00000002 ms
Total Time Cost: 00012401 ms
Total Distance 43: 0 0 0 0 6 0 7 0 6 6 0 0 0 0 0 0 0 0 0 0 0 0 0 0 6 0 0 0 0 0 0 0 0 0 0 0 0 0 0 5 0 1 0 0 0 0 0 0 6 0
Last Time Cost: 00000002 ms
Total Time Cost: 00012403 ms
Total Distance 42: 0 0 0 0 6 0 7 0 6 6 0 0 0 0 0 0 0 0 0 0 0 0 0 0 6 0 0 0 0 0 0 0 0 0 0 0 0 0 0 5 0 0 0 0 0 0 0 0 6 0
Last Time Cost: 00000031 ms
Total Time Cost: 00012434 ms
Total Distance 41: 0 0 0 0 6 0 7 0 6 6 0 0 0 0 0 0 0 0 0 0 0 0 0 0 6 0 0 0 0 0 0 0 0 0 0 0 0 0 0 4 0 0 0 0 0 0 0 0 6 0
Last Time Cost: 00000004 ms
Total Time Cost: 00012438 ms
Total Distance 40: 0 0 0 0 6 0 7 0 6 6 0 0 0 0 0 0 0 0 0 0 0 0 0 0 6 0 0 0 0 0 0 0 0 0 0 0 0 0 0 3 0 0 0 0 0 0 0 0 6 0
Last Time Cost: 00000003 ms
Total Time Cost: 00012441 ms
Total Distance 39: 0 0 0 0 6 0 7 0 6 6 0 0 0 0 0 0 0 0 0 0 0 0 0 0 6 0 0 0 0 0 0 0 0 0 0 0 0 0 0 2 0 0 0 0 0 0 0 0 6 0
Last Time Cost: 00000003 ms
Total Time Cost: 00012444 ms
Total Distance 38: 0 0 0 0 6 0 7 0 6 6 0 0 0 0 0 0 0 0 0 0 0 0 0 0 6 0 0 0 0 0 0 0 0 0 0 0 0 0 0 1 0 0 0 0 0 0 0 0 6 0
Last Time Cost: 00000002 ms
Total Time Cost: 00012446 ms
Total Distance 37: 0 0 0 0 6 0 7 0 6 6 0 0 0 0 0 0 0 0 0 0 0 0 0 0 6 0 0 0 0 0 0 0 0 0 0 0 0 0 0 0 0 0 0 0 0 0 0 0 6 0
Last Time Cost: 00000413 ms
Total Time Cost: 00012859 ms
Total Distance 35: 0 0 0 0 5 0 7 0 6 6 0 0 0 0 0 0 0 0 0 0 0 0 0 0 5 0 0 0 0 0 0 0 0 0 0 0 0 0 0 0 0 0 0 0 0 0 0 0 6 0
Last Time Cost: 00000065 ms
Total Time Cost: 00012924 ms
Total Distance 34: 0 0 0 0 5 0 7 0 6 6 0 0 0 0 0 0 0 0 0 0 0 0 0 0 4 0 0 0 0 0 0 0 0 0 0 0 0 0 0 0 0 0 0 0 0 0 0 0 6 0
Last Time Cost: 00000004 ms
Total Time Cost: 00012928 ms
Total Distance 33: 0 0 0 0 5 0 7 0 6 6 0 0 0 0 0 0 0 0 0 0 0 0 0 0 3 0 0 0 0 0 0 0 0 0 0 0 0 0 0 0 0 0 0 0 0 0 0 0 6 0
Last Time Cost: 00000003 ms
Total Time Cost: 00012931 ms
Total Distance 32: 0 0 0 0 5 0 7 0 6 6 0 0 0 0 0 0 0 0 0 0 0 0 0 0 2 0 0 0 0 0 0 0 0 0 0 0 0 0 0 0 0 0 0 0 0 0 0 0 6 0
Last Time Cost: 00000003 ms
Total Time Cost: 00012934 ms
Total Distance 31: 0 0 0 0 5 0 7 0 6 6 0 0 0 0 0 0 0 0 0 0 0 0 0 0 1 0 0 0 0 0 0 0 0 0 0 0 0 0 0 0 0 0 0 0 0 0 0 0 6 0
Last Time Cost: 00000002 ms
Total Time Cost: 00012936 ms
Total Distance 30: 0 0 0 0 5 0 7 0 6 6 0 0 0 0 0 0 0 0 0 0 0 0 0 0 0 0 0 0 0 0 0 0 0 0 0 0 0 0 0 0 0 0 0 0 0 0 0 0 6 0
Last Time Cost: 00000036 ms
Total Time Cost: 00012972 ms
Total Distance 29: 0 0 0 0 4 0 7 0 6 6 0 0 0 0 0 0 0 0 0 0 0 0 0 0 0 0 0 0 0 0 0 0 0 0 0 0 0 0 0 0 0 0 0 0 0 0 0 0 6 0
Last Time Cost: 00000004 ms
Total Time Cost: 00012976 ms
Total Distance 28: 0 0 0 0 3 0 7 0 6 6 0 0 0 0 0 0 0 0 0 0 0 0 0 0 0 0 0 0 0 0 0 0 0 0 0 0 0 0 0 0 0 0 0 0 0 0 0 0 6 0
Last Time Cost: 00000003 ms
Total Time Cost: 00012979 ms
Total Distance 27: 0 0 0 0 2 0 7 0 6 6 0 0 0 0 0 0 0 0 0 0 0 0 0 0 0 0 0 0 0 0 0 0 0 0 0 0 0 0 0 0 0 0 0 0 0 0 0 0 6 0
Last Time Cost: 00000003 ms
Total Time Cost: 00012982 ms
Total Distance 26: 0 0 0 0 1 0 7 0 6 6 0 0 0 0 0 0 0 0 0 0 0 0 0 0 0 0 0 0 0 0 0 0 0 0 0 0 0 0 0 0 0 0 0 0 0 0 0 0 6 0
Last Time Cost: 00000002 ms
Total Time Cost: 00012984 ms
Total Distance 25: 0 0 0 0 0 0 7 0 6 6 0 0 0 0 0 0 0 0 0 0 0 0 0 0 0 0 0 0 0 0 0 0 0 0 0 0 0 0 0 0 0 0 0 0 0 0 0 0 6 0
Last Time Cost: 00000298 ms
Total Time Cost: 00013282 ms
Total Distance 23: 0 0 0 0 0 0 6 0 6 6 0 0 0 0 0 0 0 0 0 0 0 0 0 0 0 0 0 0 0 0 0 0 0 0 0 0 0 0 0 0 0 0 0 0 0 0 0 0 5 0
Last Time Cost: 00000037 ms
Total Time Cost: 00013319 ms
Total Distance 22: 0 0 0 0 0 0 6 0 6 6 0 0 0 0 0 0 0 0 0 0 0 0 0 0 0 0 0 0 0 0 0 0 0 0 0 0 0 0 0 0 0 0 0 0 0 0 0 0 4 0
Last Time Cost: 00000003 ms
Total Time Cost: 00013322 ms
Total Distance 21: 0 0 0 0 0 0 6 0 6 6 0 0 0 0 0 0 0 0 0 0 0 0 0 0 0 0 0 0 0 0 0 0 0 0 0 0 0 0 0 0 0 0 0 0 0 0 0 0 3 0
Last Time Cost: 00000003 ms
Total Time Cost: 00013325 ms
Total Distance 20: 0 0 0 0 0 0 6 0 6 6 0 0 0 0 0 0 0 0 0 0 0 0 0 0 0 0 0 0 0 0 0 0 0 0 0 0 0 0 0 0 0 0 0 0 0 0 0 0 2 0
Last Time Cost: 00000003 ms
Total Time Cost: 00013328 ms
Total Distance 19: 0 0 0 0 0 0 6 0 6 6 0 0 0 0 0 0 0 0 0 0 0 0 0 0 0 0 0 0 0 0 0 0 0 0 0 0 0 0 0 0 0 0 0 0 0 0 0 0 1 0
Last Time Cost: 00000003 ms
Total Time Cost: 00013331 ms
Total Distance 18: 0 0 0 0 0 0 6 0 6 6 0 0 0 0 0 0 0 0 0 0 0 0 0 0 0 0 0 0 0 0 0 0 0 0 0 0 0 0 0 0 0 0 0 0 0 0 0 0 0 0
Last Time Cost: 00000338 ms
Total Time Cost: 00013669 ms
Total Distance 17: 0 0 0 0 0 0 6 0 5 6 0 0 0 0 0 0 0 0 0 0 0 0 0 0 0 0 0 0 0 0 0 0 0 0 0 0 0 0 0 0 0 0 0 0 0 0 0 0 0 0
Last Time Cost: 00000040 ms
Total Time Cost: 00013709 ms
Total Distance 16: 0 0 0 0 0 0 6 0 4 6 0 0 0 0 0 0 0 0 0 0 0 0 0 0 0 0 0 0 0 0 0 0 0 0 0 0 0 0 0 0 0 0 0 0 0 0 0 0 0 0
Last Time Cost: 00000003 ms
Total Time Cost: 00013712 ms
Total Distance 15: 0 0 0 0 0 0 6 0 3 6 0 0 0 0 0 0 0 0 0 0 0 0 0 0 0 0 0 0 0 0 0 0 0 0 0 0 0 0 0 0 0 0 0 0 0 0 0 0 0 0
Last Time Cost: 00000003 ms
Total Time Cost: 00013715 ms
Total Distance 14: 0 0 0 0 0 0 6 0 2 6 0 0 0 0 0 0 0 0 0 0 0 0 0 0 0 0 0 0 0 0 0 0 0 0 0 0 0 0 0 0 0 0 0 0 0 0 0 0 0 0
Last Time Cost: 00000003 ms
Total Time Cost: 00013718 ms
Total Distance 13: 0 0 0 0 0 0 6 0 1 6 0 0 0 0 0 0 0 0 0 0 0 0 0 0 0 0 0 0 0 0 0 0 0 0 0 0 0 0 0 0 0 0 0 0 0 0 0 0 0 0
Last Time Cost: 00000003 ms
Total Time Cost: 00013721 ms
Total Distance 12: 0 0 0 0 0 0 6 0 0 6 0 0 0 0 0 0 0 0 0 0 0 0 0 0 0 0 0 0 0 0 0 0 0 0 0 0 0 0 0 0 0 0 0 0 0 0 0 0 0 0
Last Time Cost: 00000294 ms
Total Time Cost: 00014015 ms
Total Distance 11: 0 0 0 0 0 0 6 0 0 5 0 0 0 0 0 0 0 0 0 0 0 0 0 0 0 0 0 0 0 0 0 0 0 0 0 0 0 0 0 0 0 0 0 0 0 0 0 0 0 0
Last Time Cost: 00000044 ms
Total Time Cost: 00014059 ms
Total Distance 10: 0 0 0 0 0 0 6 0 0 4 0 0 0 0 0 0 0 0 0 0 0 0 0 0 0 0 0 0 0 0 0 0 0 0 0 0 0 0 0 0 0 0 0 0 0 0 0 0 0 0
Last Time Cost: 00000003 ms
Total Time Cost: 00014062 ms
Total Distance 9: 0 0 0 0 0 0 6 0 0 3 0 0 0 0 0 0 0 0 0 0 0 0 0 0 0 0 0 0 0 0 0 0 0 0 0 0 0 0 0 0 0 0 0 0 0 0 0 0 0 0
Last Time Cost: 00000003 ms
Total Time Cost: 00014065 ms
Total Distance 8: 0 0 0 0 0 0 6 0 0 2 0 0 0 0 0 0 0 0 0 0 0 0 0 0 0 0 0 0 0 0 0 0 0 0 0 0 0 0 0 0 0 0 0 0 0 0 0 0 0 0
Last Time Cost: 00000003 ms
Total Time Cost: 00014068 ms
Total Distance 7: 0 0 0 0 0 0 6 0 0 1 0 0 0 0 0 0 0 0 0 0 0 0 0 0 0 0 0 0 0 0 0 0 0 0 0 0 0 0 0 0 0 0 0 0 0 0 0 0 0 0
Last Time Cost: 00000003 ms
Total Time Cost: 00014071 ms
Total Distance 6: 0 0 0 0 0 0 6 0 0 0 0 0 0 0 0 0 0 0 0 0 0 0 0 0 0 0 0 0 0 0 0 0 0 0 0 0 0 0 0 0 0 0 0 0 0 0 0 0 0 0
Last Time Cost: 00000154 ms
Total Time Cost: 00014225 ms
Total Distance 5: 0 0 0 0 0 0 5 0 0 0 0 0 0 0 0 0 0 0 0 0 0 0 0 0 0 0 0 0 0 0 0 0 0 0 0 0 0 0 0 0 0 0 0 0 0 0 0 0 0 0
Last Time Cost: 00000045 ms
Total Time Cost: 00014270 ms
Total Distance 4: 0 0 0 0 0 0 4 0 0 0 0 0 0 0 0 0 0 0 0 0 0 0 0 0 0 0 0 0 0 0 0 0 0 0 0 0 0 0 0 0 0 0 0 0 0 0 0 0 0 0
Last Time Cost: 00000001 ms
Total Time Cost: 00014271 ms
Total Distance 3: 0 0 0 0 0 0 3 0 0 0 0 0 0 0 0 0 0 0 0 0 0 0 0 0 0 0 0 0 0 0 0 0 0 0 0 0 0 0 0 0 0 0 0 0 0 0 0 0 0 0
Last Time Cost: 00000000 ms
Total Time Cost: 00014271 ms
Total Distance 2: 0 0 0 0 0 0 2 0 0 0 0 0 0 0 0 0 0 0 0 0 0 0 0 0 0 0 0 0 0 0 0 0 0 0 0 0 0 0 0 0 0 0 0 0 0 0 0 0 0 0
Last Time Cost: 00000000 ms
Total Time Cost: 00014271 ms
Total Distance 1: 0 0 0 0 0 0 1 0 0 0 0 0 0 0 0 0 0 0 0 0 0 0 0 0 0 0 0 0 0 0 0 0 0 0 0 0 0 0 0 0 0 0 0 0 0 0 0 0 0 0
Last Time Cost: 00000000 ms
Total Time Cost: 00014271 ms
Total Distance 0: 0 0 0 0 0 0 0 0 0 0 0 0 0 0 0 0 0 0 0 0 0 0 0 0 0 0 0 0 0 0 0 0 0 0 0 0 0 0 0 0 0 0 0 0 0 0 0 0 0 0
