Last Time Cost: 00000000 ms
Total Time Cost: 00000000 ms
Total Distance 522: 10 10 10 10 10 10 10 10 10 10 10 10 10 10 8 8 8 8 8 8 8 8 8 8 8 8 8 8 9 9 9 9 9 9 9 9 9 9 9 9 9 9 9 9 9 9 9 9 9 9 9 9 9 9 9 9 9 9
Last Time Cost: 00000222 ms
Total Time Cost: 00000222 ms
Total Distance 515: 10 9 10 10 10 10 10 10 9 10 10 10 10 10 8 8 8 8 8 8 7 8 8 8 8 8 8 8 9 9 9 8 8 9 9 9 9 9 9 9 9 9 8 9 9 9 9 9 9 9 9 9 9 9 9 9 8 9
Last Time Cost: 00000016 ms
Total Time Cost: 00000238 ms
Total Distance 510: 10 9 10 10 10 10 10 9 9 10 10 10 10 9 8 8 8 8 8 8 6 7 8 8 8 8 8 8 9 9 9 8 8 8 9 9 9 9 9 9 9 9 8 9 9 9 9 9 9 9 9 9 9 9 9 9 8 9
Last Time Cost: 00000013 ms
Total Time Cost: 00000251 ms
Total Distance 506: 10 9 10 10 10 10 10 9 9 10 10 9 10 9 8 8 8 8 8 8 5 7 8 8 8 8 8 8 9 9 9 8 8 8 9 9 9 9 9 9 9 9 8 9 9 9 8 8 9 9 9 9 9 9 9 9 8 9
Last Time Cost: 00000011 ms
Total Time Cost: 00000262 ms
Total Distance 502: 10 9 10 9 10 10 9 9 9 10 10 9 10 9 8 8 8 8 8 8 4 7 8 8 8 8 8 8 9 9 9 8 8 8 9 9 9 9 9 9 9 9 8 9 9 9 8 8 9 9 9 9 9 8 9 9 8 9
Last Time Cost: 00000008 ms
Total Time Cost: 00000270 ms
Total Distance 500: 10 9 10 9 10 10 9 9 9 10 10 9 10 9 8 8 8 8 8 8 3 7 8 8 8 8 8 8 9 9 9 8 7 8 9 9 9 9 9 9 9 9 8 9 9 9 8 8 9 9 9 9 9 8 9 9 8 9
Last Time Cost: 00000008 ms
Total Time Cost: 00000278 ms
Total Distance 499: 10 9 10 9 10 10 9 9 9 10 10 9 10 9 8 8 8 8 8 8 2 7 8 8 8 8 8 8 9 9 9 8 7 8 9 9 9 9 9 9 9 9 8 9 9 9 8 8 9 9 9 9 9 8 9 9 8 9
Last Time Cost: 00000006 ms
Total Time Cost: 00000284 ms
Total Distance 498: 10 9 10 9 10 10 9 9 9 10 10 9 10 9 8 8 8 8 8 8 1 7 8 8 8 8 8 8 9 9 9 8 7 8 9 9 9 9 9 9 9 9 8 9 9 9 8 8 9 9 9 9 9 8 9 9 8 9
Last Time Cost: 00000006 ms
Total Time Cost: 00000290 ms
Total Distance 497: 10 9 10 9 10 10 9 9 9 10 10 9 10 9 8 8 8 8 8 8 0 7 8 8 8 8 8 8 9 9 9 8 7 8 9 9 9 9 9 9 9 9 8 9 9 9 8 8 9 9 9 9 9 8 9 9 8 9
Last Time Cost: 00000050 ms
Total Time Cost: 00000340 ms
Total Distance 492: 10 9 10 9 10 10 8 9 9 10 10 9 10 9 8 8 8 7 8 8 0 7 8 7 8 8 8 8 8 9 9 8 6 8 9 9 9 9 9 9 9 9 8 9 9 9 8 8 9 9 9 9 9 8 9 9 8 9
Last Time Cost: 00000022 ms
Total Time Cost: 00000362 ms
Total Distance 489: 10 9 10 9 10 10 8 9 9 10 10 9 10 9 7 8 8 7 8 8 0 7 8 7 8 8 8 7 8 9 9 8 5 8 9 9 9 9 9 9 9 9 8 9 9 9 8 8 9 9 9 9 9 8 9 9 8 9
Last Time Cost: 00000016 ms
Total Time Cost: 00000378 ms
Total Distance 486: 10 9 10 9 10 10 8 9 9 10 10 9 10 9 7 8 8 7 8 8 0 7 8 7 8 8 8 7 8 8 8 8 4 8 9 9 9 9 9 9 9 9 8 9 9 9 8 8 9 9 9 9 9 8 9 9 8 9
Last Time Cost: 00000014 ms
Total Time Cost: 00000392 ms
Total Distance 485: 10 9 10 9 10 10 8 9 9 10 10 9 10 9 7 8 8 7 8 8 0 7 8 7 8 8 8 7 8 8 8 8 3 8 9 9 9 9 9 9 9 9 8 9 9 9 8 8 9 9 9 9 9 8 9 9 8 9
Last Time Cost: 00000012 ms
Total Time Cost: 00000404 ms
Total Distance 484: 10 9 10 9 10 10 8 9 9 10 10 9 10 9 7 8 8 7 8 8 0 7 8 7 8 8 8 7 8 8 8 8 2 8 9 9 9 9 9 9 9 9 8 9 9 9 8 8 9 9 9 9 9 8 9 9 8 9
Last Time Cost: 00000010 ms
Total Time Cost: 00000414 ms
Total Distance 483: 10 9 10 9 10 10 8 9 9 10 10 9 10 9 7 8 8 7 8 8 0 7 8 7 8 8 8 7 8 8 8 8 1 8 9 9 9 9 9 9 9 9 8 9 9 9 8 8 9 9 9 9 9 8 9 9 8 9
Last Time Cost: 00000010 ms
Total Time Cost: 00000424 ms
Total Distance 482: 10 9 10 9 10 10 8 9 9 10 10 9 10 9 7 8 8 7 8 8 0 7 8 7 8 8 8 7 8 8 8 8 0 8 9 9 9 9 9 9 9 9 8 9 9 9 8 8 9 9 9 9 9 8 9 9 8 9
Last Time Cost: 00000190 ms
Total Time Cost: 00000614 ms
Total Distance 476: 10 9 10 9 10 10 8 9 9 10 10 9 10 9 7 8 8 7 8 8 0 7 8 7 8 8 8 6 8 7 8 8 0 7 9 9 9 8 8 9 9 9 8 9 9 9 8 8 9 9 9 9 9 8 9 8 8 9
Last Time Cost: 00000027 ms
Total Time Cost: 00000641 ms
Total Distance 473: 10 9 10 9 10 10 8 9 9 10 10 9 10 9 7 8 8 7 8 8 0 7 8 7 8 8 8 5 8 6 8 8 0 7 9 9 9 8 8 9 9 9 8 9 9 9 8 8 9 9 9 9 9 8 9 7 8 9
Last Time Cost: 00000023 ms
Total Time Cost: 00000664 ms
Total Distance 470: 10 9 10 9 10 10 8 9 9 10 10 9 10 9 7 8 8 7 8 8 0 7 7 7 8 8 8 4 8 6 8 8 0 7 9 9 9 8 8 9 9 9 8 9 9 9 8 8 9 9 9 9 9 8 9 7 8 8
Last Time Cost: 00000020 ms
Total Time Cost: 00000684 ms
Total Distance 468: 10 9 10 9 10 10 8 9 9 10 10 9 10 9 6 8 8 7 8 8 0 7 7 7 8 8 8 3 8 6 8 8 0 7 9 9 9 8 8 9 9 9 8 9 9 9 8 8 9 9 9 9 9 8 9 7 8 8
Last Time Cost: 00000021 ms
Total Time Cost: 00000705 ms
Total Distance 466: 10 9 10 9 10 10 8 9 9 10 10 9 10 9 6 8 8 7 8 8 0 7 7 7 8 8 7 2 8 6 8 8 0 7 9 9 9 8 8 9 9 9 8 9 9 9 8 8 9 9 9 9 9 8 9 7 8 8
Last Time Cost: 00000015 ms
Total Time Cost: 00000720 ms
Total Distance 465: 10 9 10 9 10 10 8 9 9 10 10 9 10 9 6 8 8 7 8 8 0 7 7 7 8 8 7 1 8 6 8 8 0 7 9 9 9 8 8 9 9 9 8 9 9 9 8 8 9 9 9 9 9 8 9 7 8 8
Last Time Cost: 00000014 ms
Total Time Cost: 00000734 ms
Total Distance 464: 10 9 10 9 10 10 8 9 9 10 10 9 10 9 6 8 8 7 8 8 0 7 7 7 8 8 7 0 8 6 8 8 0 7 9 9 9 8 8 9 9 9 8 9 9 9 8 8 9 9 9 9 9 8 9 7 8 8
Last Time Cost: 00000074 ms
Total Time Cost: 00000808 ms
Total Distance 459: 10 9 10 9 10 10 8 9 9 10 10 8 10 9 5 8 8 7 8 8 0 7 7 7 8 7 7 0 8 6 8 8 0 7 9 9 9 7 8 9 9 9 8 9 9 9 8 7 9 9 9 9 9 8 9 7 8 8
Last Time Cost: 00000033 ms
Total Time Cost: 00000841 ms
Total Distance 455: 10 9 10 9 10 10 8 9 9 10 10 8 9 9 4 8 8 7 8 8 0 7 7 7 8 7 7 0 8 6 8 7 0 7 9 9 9 7 8 9 9 9 8 9 9 9 8 7 9 9 9 9 8 8 9 7 8 8
Last Time Cost: 00000028 ms
Total Time Cost: 00000869 ms
Total Distance 453: 10 9 10 9 10 10 8 9 9 10 10 8 9 9 3 8 8 7 8 8 0 7 7 7 8 7 7 0 8 6 8 6 0 7 9 9 9 7 8 9 9 9 8 9 9 9 8 7 9 9 9 9 8 8 9 7 8 8
Last Time Cost: 00000023 ms
Total Time Cost: 00000892 ms
Total Distance 452: 10 9 10 9 10 10 8 9 9 10 10 8 9 9 2 8 8 7 8 8 0 7 7 7 8 7 7 0 8 6 8 6 0 7 9 9 9 7 8 9 9 9 8 9 9 9 8 7 9 9 9 9 8 8 9 7 8 8
Last Time Cost: 00000021 ms
Total Time Cost: 00000913 ms
Total Distance 451: 10 9 10 9 10 10 8 9 9 10 10 8 9 9 1 8 8 7 8 8 0 7 7 7 8 7 7 0 8 6 8 6 0 7 9 9 9 7 8 9 9 9 8 9 9 9 8 7 9 9 9 9 8 8 9 7 8 8
Last Time Cost: 00000019 ms
Total Time Cost: 00000932 ms
Total Distance 450: 10 9 10 9 10 10 8 9 9 10 10 8 9 9 0 8 8 7 8 8 0 7 7 7 8 7 7 0 8 6 8 6 0 7 9 9 9 7 8 9 9 9 8 9 9 9 8 7 9 9 9 9 8 8 9 7 8 8
Last Time Cost: 00000102 ms
Total Time Cost: 00001034 ms
Total Distance 446: 10 9 10 9 10 10 8 9 9 10 10 8 9 9 0 8 8 7 8 8 0 7 7 7 8 7 7 0 8 6 8 5 0 7 9 9 9 7 8 9 9 9 8 9 9 8 8 7 9 8 9 9 8 8 9 6 8 8
Last Time Cost: 00000040 ms
Total Time Cost: 00001074 ms
Total Distance 443: 10 9 10 9 10 10 8 9 8 10 10 8 9 9 0 8 8 6 8 8 0 7 7 7 8 7 7 0 8 6 8 4 0 7 9 9 9 7 8 9 9 9 8 9 9 8 8 7 9 8 9 9 8 8 9 6 8 8
Last Time Cost: 00000037 ms
Total Time Cost: 00001111 ms
Total Distance 441: 10 9 10 9 10 10 8 9 8 10 10 8 9 9 0 8 8 5 8 8 0 7 7 7 8 7 7 0 8 6 8 3 0 7 9 9 9 7 8 9 9 9 8 9 9 8 8 7 9 8 9 9 8 8 9 6 8 8
Last Time Cost: 00000031 ms
Total Time Cost: 00001142 ms
Total Distance 439: 10 9 10 9 10 10 8 9 8 10 10 8 9 9 0 8 8 5 8 8 0 7 7 7 8 7 7 0 8 6 8 2 0 7 9 9 9 7 8 9 9 9 8 9 9 8 8 7 9 7 9 9 8 8 9 6 8 8
Last Time Cost: 00000027 ms
Total Time Cost: 00001169 ms
Total Distance 438: 10 9 10 9 10 10 8 9 8 10 10 8 9 9 0 8 8 5 8 8 0 7 7 7 8 7 7 0 8 6 8 1 0 7 9 9 9 7 8 9 9 9 8 9 9 8 8 7 9 7 9 9 8 8 9 6 8 8
Last Time Cost: 00000026 ms
Total Time Cost: 00001195 ms
Total Distance 437: 10 9 10 9 10 10 8 9 8 10 10 8 9 9 0 8 8 5 8 8 0 7 7 7 8 7 7 0 8 6 8 0 0 7 9 9 9 7 8 9 9 9 8 9 9 8 8 7 9 7 9 9 8 8 9 6 8 8
Last Time Cost: 00000054 ms
Total Time Cost: 00001249 ms
Total Distance 434: 10 9 10 9 10 10 8 9 8 10 10 8 9 9 0 8 8 4 8 8 0 7 7 7 7 7 7 0 8 6 8 0 0 7 9 9 9 7 8 9 9 8 8 9 9 8 8 7 9 7 9 9 8 8 9 6 8 8
Last Time Cost: 00000043 ms
Total Time Cost: 00001292 ms
Total Distance 432: 10 9 10 9 10 10 8 9 8 10 10 8 9 9 0 8 8 3 8 8 0 7 7 7 7 7 7 0 8 6 8 0 0 7 9 9 9 7 8 9 9 8 8 9 8 8 8 7 9 7 9 9 8 8 9 6 8 8
Last Time Cost: 00000039 ms
Total Time Cost: 00001331 ms
Total Distance 431: 10 9 10 9 10 10 8 9 8 10 10 8 9 9 0 8 8 2 8 8 0 7 7 7 7 7 7 0 8 6 8 0 0 7 9 9 9 7 8 9 9 8 8 9 8 8 8 7 9 7 9 9 8 8 9 6 8 8
Last Time Cost: 00000035 ms
Total Time Cost: 00001366 ms
Total Distance 430: 10 9 10 9 10 10 8 9 8 10 10 8 9 9 0 8 8 1 8 8 0 7 7 7 7 7 7 0 8 6 8 0 0 7 9 9 9 7 8 9 9 8 8 9 8 8 8 7 9 7 9 9 8 8 9 6 8 8
Last Time Cost: 00000034 ms
Total Time Cost: 00001400 ms
Total Distance 429: 10 9 10 9 10 10 8 9 8 10 10 8 9 9 0 8 8 0 8 8 0 7 7 7 7 7 7 0 8 6 8 0 0 7 9 9 9 7 8 9 9 8 8 9 8 8 8 7 9 7 9 9 8 8 9 6 8 8
Last Time Cost: 00000181 ms
Total Time Cost: 00001581 ms
Total Distance 425: 10 9 10 9 10 10 8 9 8 10 10 8 9 9 0 8 8 0 8 8 0 7 7 7 7 7 7 0 8 5 8 0 0 7 9 9 9 7 7 8 9 8 8 9 7 8 8 7 9 7 9 9 8 8 9 6 8 8
Last Time Cost: 00000062 ms
Total Time Cost: 00001643 ms
Total Distance 422: 10 9 10 9 10 10 8 9 8 10 10 8 9 9 0 8 8 0 8 8 0 7 7 7 7 7 7 0 8 4 8 0 0 7 9 9 9 7 7 8 9 8 8 9 7 7 8 7 9 7 9 9 8 8 9 5 8 8
Last Time Cost: 00000055 ms
Total Time Cost: 00001698 ms
Total Distance 420: 10 9 10 9 10 10 8 9 8 10 10 8 8 9 0 8 8 0 8 8 0 7 7 7 7 7 7 0 8 3 8 0 0 7 9 9 9 7 7 8 9 8 8 9 7 7 8 7 9 7 9 9 8 8 9 5 8 8
Last Time Cost: 00000049 ms
Total Time Cost: 00001747 ms
Total Distance 419: 10 9 10 9 10 10 8 9 8 10 10 8 8 9 0 8 8 0 8 8 0 7 7 7 7 7 7 0 8 2 8 0 0 7 9 9 9 7 7 8 9 8 8 9 7 7 8 7 9 7 9 9 8 8 9 5 8 8
Last Time Cost: 00000045 ms
Total Time Cost: 00001792 ms
Total Distance 418: 10 9 10 9 10 10 8 9 8 10 10 8 8 9 0 8 8 0 8 8 0 7 7 7 7 7 7 0 8 1 8 0 0 7 9 9 9 7 7 8 9 8 8 9 7 7 8 7 9 7 9 9 8 8 9 5 8 8
Last Time Cost: 00000044 ms
Total Time Cost: 00001836 ms
Total Distance 417: 10 9 10 9 10 10 8 9 8 10 10 8 8 9 0 8 8 0 8 8 0 7 7 7 7 7 7 0 8 0 8 0 0 7 9 9 9 7 7 8 9 8 8 9 7 7 8 7 9 7 9 9 8 8 9 5 8 8
Last Time Cost: 00000080 ms
Total Time Cost: 00001916 ms
Total Distance 415: 10 9 10 9 10 10 8 9 8 10 10 8 8 9 0 8 8 0 8 8 0 7 7 7 7 7 7 0 8 0 8 0 0 7 9 9 9 7 7 8 9 8 8 9 7 6 8 7 9 7 9 9 8 8 9 4 8 8
Last Time Cost: 00000068 ms
Total Time Cost: 00001984 ms
Total Distance 413: 10 9 10 9 10 10 8 9 8 10 10 8 8 9 0 8 8 0 8 8 0 7 7 7 7 7 7 0 8 0 8 0 0 7 9 9 9 7 7 8 9 8 8 9 7 6 7 7 9 7 9 9 8 8 9 3 8 8
Last Time Cost: 00000062 ms
Total Time Cost: 00002046 ms
Total Distance 411: 10 9 10 9 10 10 8 9 8 10 10 8 8 9 0 8 8 0 8 8 0 7 7 7 7 7 7 0 8 0 8 0 0 7 9 9 9 7 7 8 9 8 8 9 7 6 6 7 9 7 9 9 8 8 9 2 8 8
Last Time Cost: 00000057 ms
Total Time Cost: 00002103 ms
Total Distance 410: 10 9 10 9 10 10 8 9 8 10 10 8 8 9 0 8 8 0 8 8 0 7 7 7 7 7 7 0 8 0 8 0 0 7 9 9 9 7 7 8 9 8 8 9 7 6 6 7 9 7 9 9 8 8 9 1 8 8
Last Time Cost: 00000058 ms
Total Time Cost: 00002161 ms
Total Distance 409: 10 9 10 9 10 10 8 9 8 10 10 8 8 9 0 8 8 0 8 8 0 7 7 7 7 7 7 0 8 0 8 0 0 7 9 9 9 7 7 8 9 8 8 9 7 6 6 7 9 7 9 9 8 8 9 0 8 8
Last Time Cost: 00000190 ms
Total Time Cost: 00002351 ms
Total Distance 402: 9 9 10 9 10 9 8 9 7 9 10 8 8 9 0 8 8 0 8 8 0 7 7 7 7 7 7 0 8 0 8 0 0 7 9 8 9 7 7 8 9 8 8 9 7 5 6 7 9 7 9 9 8 8 8 0 8 8
Last Time Cost: 00000097 ms
Total Time Cost: 00002448 ms
Total Distance 397: 9 9 10 9 10 8 8 9 6 8 10 8 8 9 0 8 8 0 8 8 0 7 7 7 7 7 7 0 8 0 8 0 0 7 9 8 9 7 7 8 9 8 8 9 7 4 6 7 9 7 9 9 8 8 7 0 8 8
Last Time Cost: 00000083 ms
Total Time Cost: 00002531 ms
Total Distance 393: 9 9 10 9 10 8 8 9 6 8 10 8 8 9 0 8 8 0 8 8 0 7 6 7 7 7 7 0 8 0 8 0 0 7 9 8 8 7 7 8 9 8 8 9 6 3 6 7 9 7 9 9 8 8 7 0 8 8
Last Time Cost: 00000078 ms
Total Time Cost: 00002609 ms
Total Distance 391: 9 9 10 9 10 8 8 9 6 8 10 8 8 9 0 8 8 0 8 8 0 7 6 7 7 7 7 0 8 0 8 0 0 7 9 8 7 7 7 8 9 8 8 9 6 2 6 7 9 7 9 9 8 8 7 0 8 8
Last Time Cost: 00000072 ms
Total Time Cost: 00002681 ms
Total Distance 390: 9 9 10 9 10 8 8 9 6 8 10 8 8 9 0 8 8 0 8 8 0 7 6 7 7 7 7 0 8 0 8 0 0 7 9 8 7 7 7 8 9 8 8 9 6 1 6 7 9 7 9 9 8 8 7 0 8 8
Last Time Cost: 00000070 ms
Total Time Cost: 00002751 ms
Total Distance 389: 9 9 10 9 10 8 8 9 6 8 10 8 8 9 0 8 8 0 8 8 0 7 6 7 7 7 7 0 8 0 8 0 0 7 9 8 7 7 7 8 9 8 8 9 6 0 6 7 9 7 9 9 8 8 7 0 8 8
Last Time Cost: 00000325 ms
Total Time Cost: 00003076 ms
Total Distance 385: 9 8 10 9 10 8 8 9 6 8 10 8 8 9 0 8 7 0 8 8 0 7 6 7 7 7 7 0 8 0 8 0 0 7 8 8 7 7 7 8 9 8 8 9 6 0 5 7 9 7 9 9 8 8 7 0 8 8
Last Time Cost: 00000106 ms
Total Time Cost: 00003182 ms
Total Distance 383: 9 8 10 9 10 8 8 9 6 8 10 7 8 9 0 8 7 0 8 8 0 7 6 7 7 7 7 0 8 0 8 0 0 7 8 8 7 7 7 8 9 8 8 9 6 0 4 7 9 7 9 9 8 8 7 0 8 8
Last Time Cost: 00000095 ms
Total Time Cost: 00003277 ms
Total Distance 381: 9 8 10 9 10 8 8 9 6 8 10 6 8 9 0 8 7 0 8 8 0 7 6 7 7 7 7 0 8 0 8 0 0 7 8 8 7 7 7 8 9 8 8 9 6 0 3 7 9 7 9 9 8 8 7 0 8 8
Last Time Cost: 00000089 ms
Total Time Cost: 00003366 ms
Total Distance 380: 9 8 10 9 10 8 8 9 6 8 10 6 8 9 0 8 7 0 8 8 0 7 6 7 7 7 7 0 8 0 8 0 0 7 8 8 7 7 7 8 9 8 8 9 6 0 2 7 9 7 9 9 8 8 7 0 8 8
Last Time Cost: 00000085 ms
Total Time Cost: 00003451 ms
Total Distance 379: 9 8 10 9 10 8 8 9 6 8 10 6 8 9 0 8 7 0 8 8 0 7 6 7 7 7 7 0 8 0 8 0 0 7 8 8 7 7 7 8 9 8 8 9 6 0 1 7 9 7 9 9 8 8 7 0 8 8
Last Time Cost: 00000082 ms
Total Time Cost: 00003533 ms
Total Distance 378: 9 8 10 9 10 8 8 9 6 8 10 6 8 9 0 8 7 0 8 8 0 7 6 7 7 7 7 0 8 0 8 0 0 7 8 8 7 7 7 8 9 8 8 9 6 0 0 7 9 7 9 9 8 8 7 0 8 8
Last Time Cost: 00000320 ms
Total Time Cost: 00003853 ms
Total Distance 374: 9 8 10 9 10 8 8 9 6 8 10 6 8 9 0 8 7 0 8 8 0 7 5 7 7 7 7 0 7 0 8 0 0 6 8 8 7 7 7 8 9 8 8 9 6 0 0 7 8 7 9 9 8 8 7 0 8 8
Last Time Cost: 00000126 ms
Total Time Cost: 00003979 ms
Total Distance 371: 9 8 10 9 10 8 8 9 6 8 9 6 8 9 0 8 7 0 8 8 0 7 4 7 7 7 7 0 7 0 8 0 0 6 8 8 7 7 7 7 9 8 8 9 6 0 0 7 8 7 9 9 8 8 7 0 8 8
Last Time Cost: 00000118 ms
Total Time Cost: 00004097 ms
Total Distance 369: 9 8 10 9 10 8 8 9 6 8 9 6 8 9 0 8 7 0 8 8 0 7 3 7 7 7 7 0 7 0 8 0 0 6 8 8 7 7 7 7 9 8 7 9 6 0 0 7 8 7 9 9 8 8 7 0 8 8
Last Time Cost: 00000111 ms
Total Time Cost: 00004208 ms
Total Distance 367: 9 8 10 9 10 8 8 9 6 8 8 6 8 9 0 8 7 0 8 8 0 7 2 7 7 7 7 0 7 0 8 0 0 6 8 8 7 7 7 7 9 8 7 9 6 0 0 7 8 7 9 9 8 8 7 0 8 8
Last Time Cost: 00000107 ms
Total Time Cost: 00004315 ms
Total Distance 366: 9 8 10 9 10 8 8 9 6 8 8 6 8 9 0 8 7 0 8 8 0 7 1 7 7 7 7 0 7 0 8 0 0 6 8 8 7 7 7 7 9 8 7 9 6 0 0 7 8 7 9 9 8 8 7 0 8 8
Last Time Cost: 00000104 ms
Total Time Cost: 00004419 ms
Total Distance 365: 9 8 10 9 10 8 8 9 6 8 8 6 8 9 0 8 7 0 8 8 0 7 0 7 7 7 7 0 7 0 8 0 0 6 8 8 7 7 7 7 9 8 7 9 6 0 0 7 8 7 9 9 8 8 7 0 8 8
Last Time Cost: 00000451 ms
Total Time Cost: 00004870 ms
Total Distance 361: 9 8 10 9 10 8 8 8 6 8 8 6 8 8 0 8 7 0 8 8 0 6 0 7 7 7 7 0 7 0 8 0 0 5 8 8 7 7 7 7 9 8 7 9 6 0 0 7 8 7 9 9 8 8 7 0 8 8
Last Time Cost: 00000144 ms
Total Time Cost: 00005014 ms
Total Distance 358: 8 8 10 9 10 8 8 8 6 8 8 6 8 8 0 8 7 0 8 8 0 6 0 7 7 7 7 0 7 0 8 0 0 4 8 8 7 7 7 7 9 8 7 9 6 0 0 7 8 7 9 9 8 8 7 0 7 8
Last Time Cost: 00000134 ms
Total Time Cost: 00005148 ms
Total Distance 356: 8 8 10 9 10 8 8 8 6 8 8 6 8 8 0 8 7 0 8 8 0 6 0 7 7 7 7 0 7 0 8 0 0 3 8 8 7 7 6 7 9 8 7 9 6 0 0 7 8 7 9 9 8 8 7 0 7 8
Last Time Cost: 00000131 ms
Total Time Cost: 00005279 ms
Total Distance 354: 8 8 10 9 10 7 8 8 6 8 8 6 8 8 0 8 7 0 8 8 0 6 0 7 7 7 7 0 7 0 8 0 0 2 8 8 7 7 6 7 9 8 7 9 6 0 0 7 8 7 9 9 8 8 7 0 7 8
Last Time Cost: 00000130 ms
Total Time Cost: 00005409 ms
Total Distance 353: 8 8 10 9 10 7 8 8 6 8 8 6 8 8 0 8 7 0 8 8 0 6 0 7 7 7 7 0 7 0 8 0 0 1 8 8 7 7 6 7 9 8 7 9 6 0 0 7 8 7 9 9 8 8 7 0 7 8
Last Time Cost: 00000128 ms
Total Time Cost: 00005537 ms
Total Distance 352: 8 8 10 9 10 7 8 8 6 8 8 6 8 8 0 8 7 0 8 8 0 6 0 7 7 7 7 0 7 0 8 0 0 0 8 8 7 7 6 7 9 8 7 9 6 0 0 7 8 7 9 9 8 8 7 0 7 8
Last Time Cost: 00000565 ms
Total Time Cost: 00006102 ms
Total Distance 349: 8 8 10 9 10 7 8 8 6 8 8 6 8 8 0 8 7 0 8 8 0 6 0 7 7 7 7 0 7 0 8 0 0 0 8 8 7 7 6 6 9 8 6 9 5 0 0 7 8 7 9 9 8 8 7 0 7 8
Last Time Cost: 00000174 ms
Total Time Cost: 00006276 ms
Total Distance 348: 8 8 10 9 10 7 8 8 6 8 8 6 8 8 0 8 7 0 8 8 0 6 0 7 7 7 7 0 7 0 8 0 0 0 8 8 7 7 6 6 9 8 6 9 4 0 0 7 8 7 9 9 8 8 7 0 7 8
Last Time Cost: 00000167 ms
Total Time Cost: 00006443 ms
Total Distance 347: 8 8 10 9 10 7 8 8 6 8 8 6 8 8 0 8 7 0 8 8 0 6 0 7 7 7 7 0 7 0 8 0 0 0 8 8 7 7 6 6 9 8 6 9 3 0 0 7 8 7 9 9 8 8 7 0 7 8
Last Time Cost: 00000162 ms
Total Time Cost: 00006605 ms
Total Distance 346: 8 8 10 9 10 7 8 8 6 8 8 6 8 8 0 8 7 0 8 8 0 6 0 7 7 7 7 0 7 0 8 0 0 0 8 8 7 7 6 6 9 8 6 9 2 0 0 7 8 7 9 9 8 8 7 0 7 8
Last Time Cost: 00000160 ms
Total Time Cost: 00006765 ms
Total Distance 345: 8 8 10 9 10 7 8 8 6 8 8 6 8 8 0 8 7 0 8 8 0 6 0 7 7 7 7 0 7 0 8 0 0 0 8 8 7 7 6 6 9 8 6 9 1 0 0 7 8 7 9 9 8 8 7 0 7 8
Last Time Cost: 00000158 ms
Total Time Cost: 00006923 ms
Total Distance 344: 8 8 10 9 10 7 8 8 6 8 8 6 8 8 0 8 7 0 8 8 0 6 0 7 7 7 7 0 7 0 8 0 0 0 8 8 7 7 6 6 9 8 6 9 0 0 0 7 8 7 9 9 8 8 7 0 7 8
Last Time Cost: 00000788 ms
Total Time Cost: 00007711 ms
Total Distance 341: 8 8 10 9 10 7 8 8 6 8 8 5 8 8 0 8 7 0 8 8 0 6 0 7 7 7 6 0 7 0 8 0 0 0 8 7 7 7 6 6 9 8 6 9 0 0 0 7 8 7 9 9 8 8 7 0 7 8
Last Time Cost: 00000214 ms
Total Time Cost: 00007925 ms
Total Distance 338: 8 8 10 9 10 7 8 8 6 8 8 4 8 8 0 8 7 0 8 8 0 6 0 7 7 7 6 0 7 0 8 0 0 0 8 7 7 7 6 6 9 8 6 8 0 0 0 7 8 7 8 9 8 8 7 0 7 8
Last Time Cost: 00000198 ms
Total Time Cost: 00008123 ms
Total Distance 336: 8 8 10 9 10 7 8 8 6 8 8 3 8 8 0 8 7 0 8 8 0 6 0 7 7 7 5 0 7 0 8 0 0 0 8 7 7 7 6 6 9 8 6 8 0 0 0 7 8 7 8 9 8 8 7 0 7 8
Last Time Cost: 00000196 ms
Total Time Cost: 00008319 ms
Total Distance 335: 8 8 10 9 10 7 8 8 6 8 8 2 8 8 0 8 7 0 8 8 0 6 0 7 7 7 5 0 7 0 8 0 0 0 8 7 7 7 6 6 9 8 6 8 0 0 0 7 8 7 8 9 8 8 7 0 7 8
Last Time Cost: 00000195 ms
Total Time Cost: 00008514 ms
Total Distance 334: 8 8 10 9 10 7 8 8 6 8 8 1 8 8 0 8 7 0 8 8 0 6 0 7 7 7 5 0 7 0 8 0 0 0 8 7 7 7 6 6 9 8 6 8 0 0 0 7 8 7 8 9 8 8 7 0 7 8
Last Time Cost: 00000194 ms
Total Time Cost: 00008708 ms
Total Distance 333: 8 8 10 9 10 7 8 8 6 8 8 0 8 8 0 8 7 0 8 8 0 6 0 7 7 7 5 0 7 0 8 0 0 0 8 7 7 7 6 6 9 8 6 8 0 0 0 7 8 7 8 9 8 8 7 0 7 8
Last Time Cost: 00000245 ms
Total Time Cost: 00008953 ms
Total Distance 330: 8 8 10 9 10 7 8 8 6 8 8 0 8 8 0 8 7 0 8 8 0 6 0 7 7 7 4 0 6 0 8 0 0 0 8 7 7 7 6 6 8 8 6 8 0 0 0 7 8 7 8 9 8 8 7 0 7 8
Last Time Cost: 00000231 ms
Total Time Cost: 00009184 ms
Total Distance 328: 8 8 10 9 10 7 8 8 6 8 8 0 8 8 0 8 7 0 8 8 0 6 0 7 7 7 3 0 6 0 8 0 0 0 8 7 7 7 6 6 7 8 6 8 0 0 0 7 8 7 8 9 8 8 7 0 7 8
Last Time Cost: 00000230 ms
Total Time Cost: 00009414 ms
Total Distance 326: 8 8 10 9 10 7 8 8 6 8 8 0 8 8 0 8 7 0 8 8 0 6 0 7 7 7 2 0 6 0 8 0 0 0 8 7 7 7 6 6 6 8 6 8 0 0 0 7 8 7 8 9 8 8 7 0 7 8
Last Time Cost: 00000231 ms
Total Time Cost: 00009645 ms
Total Distance 324: 8 8 10 9 10 7 8 8 6 8 8 0 8 8 0 8 7 0 8 8 0 6 0 7 7 7 1 0 6 0 8 0 0 0 8 7 7 7 6 6 6 8 6 8 0 0 0 7 8 7 7 9 8 8 7 0 7 8
Last Time Cost: 00000232 ms
Total Time Cost: 00009877 ms
Total Distance 323: 8 8 10 9 10 7 8 8 6 8 8 0 8 8 0 8 7 0 8 8 0 6 0 7 7 7 0 0 6 0 8 0 0 0 8 7 7 7 6 6 6 8 6 8 0 0 0 7 8 7 7 9 8 8 7 0 7 8
Last Time Cost: 00000910 ms
Total Time Cost: 00010787 ms
Total Distance 320: 8 8 10 9 10 7 7 8 5 8 8 0 8 8 0 8 7 0 8 8 0 6 0 6 7 7 0 0 6 0 8 0 0 0 8 7 7 7 6 6 6 8 6 8 0 0 0 7 8 7 7 9 8 8 7 0 7 8
Last Time Cost: 00000283 ms
Total Time Cost: 00011070 ms
Total Distance 318: 8 8 10 9 10 7 7 8 4 8 8 0 8 8 0 8 7 0 8 8 0 6 0 5 7 7 0 0 6 0 8 0 0 0 8 7 7 7 6 6 6 8 6 8 0 0 0 7 8 7 7 9 8 8 7 0 7 8
Last Time Cost: 00000281 ms
Total Time Cost: 00011351 ms
Total Distance 316: 8 8 10 9 10 7 7 8 3 8 7 0 8 8 0 8 7 0 8 8 0 6 0 5 7 7 0 0 6 0 8 0 0 0 8 7 7 7 6 6 6 8 6 8 0 0 0 7 8 7 7 9 8 8 7 0 7 8
Last Time Cost: 00000282 ms
Total Time Cost: 00011633 ms
Total Distance 315: 8 8 10 9 10 7 7 8 2 8 7 0 8 8 0 8 7 0 8 8 0 6 0 5 7 7 0 0 6 0 8 0 0 0 8 7 7 7 6 6 6 8 6 8 0 0 0 7 8 7 7 9 8 8 7 0 7 8
Last Time Cost: 00000280 ms
Total Time Cost: 00011913 ms
Total Distance 314: 8 8 10 9 10 7 7 8 1 8 7 0 8 8 0 8 7 0 8 8 0 6 0 5 7 7 0 0 6 0 8 0 0 0 8 7 7 7 6 6 6 8 6 8 0 0 0 7 8 7 7 9 8 8 7 0 7 8
Last Time Cost: 00000282 ms
Total Time Cost: 00012195 ms
Total Distance 313: 8 8 10 9 10 7 7 8 0 8 7 0 8 8 0 8 7 0 8 8 0 6 0 5 7 7 0 0 6 0 8 0 0 0 8 7 7 7 6 6 6 8 6 8 0 0 0 7 8 7 7 9 8 8 7 0 7 8
Last Time Cost: 00000339 ms
Total Time Cost: 00012534 ms
Total Distance 310: 8 8 10 9 10 7 7 8 0 8 7 0 8 7 0 8 7 0 8 8 0 6 0 4 7 7 0 0 6 0 7 0 0 0 8 7 7 7 6 6 6 8 6 8 0 0 0 7 8 7 7 9 8 8 7 0 7 8
Last Time Cost: 00000330 ms
Total Time Cost: 00012864 ms
Total Distance 308: 8 8 10 9 10 6 7 8 0 8 7 0 8 7 0 8 7 0 8 8 0 6 0 3 7 7 0 0 6 0 7 0 0 0 8 7 7 7 6 6 6 8 6 8 0 0 0 7 8 7 7 9 8 8 7 0 7 8
Last Time Cost: 00000327 ms
Total Time Cost: 00013191 ms
Total Distance 307: 8 8 10 9 10 6 7 8 0 8 7 0 8 7 0 8 7 0 8 8 0 6 0 2 7 7 0 0 6 0 7 0 0 0 8 7 7 7 6 6 6 8 6 8 0 0 0 7 8 7 7 9 8 8 7 0 7 8
Last Time Cost: 00000328 ms
Total Time Cost: 00013519 ms
Total Distance 306: 8 8 10 9 10 6 7 8 0 8 7 0 8 7 0 8 7 0 8 8 0 6 0 1 7 7 0 0 6 0 7 0 0 0 8 7 7 7 6 6 6 8 6 8 0 0 0 7 8 7 7 9 8 8 7 0 7 8
Last Time Cost: 00000329 ms
Total Time Cost: 00013848 ms
Total Distance 305: 8 8 10 9 10 6 7 8 0 8 7 0 8 7 0 8 7 0 8 8 0 6 0 0 7 7 0 0 6 0 7 0 0 0 8 7 7 7 6 6 6 8 6 8 0 0 0 7 8 7 7 9 8 8 7 0 7 8
Last Time Cost: 00001036 ms
Total Time Cost: 00014884 ms
Total Distance 300: 8 8 10 9 10 5 6 8 0 8 7 0 8 7 0 8 7 0 7 8 0 6 0 0 7 7 0 0 6 0 7 0 0 0 8 7 7 7 6 6 6 7 6 7 0 0 0 7 8 7 7 9 8 8 7 0 7 8
Last Time Cost: 00000399 ms
Total Time Cost: 00015283 ms
Total Distance 298: 8 8 10 9 10 4 6 8 0 8 7 0 8 7 0 8 7 0 7 8 0 5 0 0 7 7 0 0 6 0 7 0 0 0 8 7 7 7 6 6 6 7 6 7 0 0 0 7 8 7 7 9 8 8 7 0 7 8
Last Time Cost: 00000396 ms
Total Time Cost: 00015679 ms
Total Distance 296: 8 8 10 9 10 3 6 8 0 8 7 0 8 7 0 8 7 0 6 8 0 5 0 0 7 7 0 0 6 0 7 0 0 0 8 7 7 7 6 6 6 7 6 7 0 0 0 7 8 7 7 9 8 8 7 0 7 8
Last Time Cost: 00000394 ms
Total Time Cost: 00016073 ms
Total Distance 295: 8 8 10 9 10 2 6 8 0 8 7 0 8 7 0 8 7 0 6 8 0 5 0 0 7 7 0 0 6 0 7 0 0 0 8 7 7 7 6 6 6 7 6 7 0 0 0 7 8 7 7 9 8 8 7 0 7 8
Last Time Cost: 00000396 ms
Total Time Cost: 00016469 ms
Total Distance 294: 8 8 10 9 10 1 6 8 0 8 7 0 8 7 0 8 7 0 6 8 0 5 0 0 7 7 0 0 6 0 7 0 0 0 8 7 7 7 6 6 6 7 6 7 0 0 0 7 8 7 7 9 8 8 7 0 7 8
Last Time Cost: 00000399 ms
Total Time Cost: 00016868 ms
Total Distance 293: 8 8 10 9 10 0 6 8 0 8 7 0 8 7 0 8 7 0 6 8 0 5 0 0 7 7 0 0 6 0 7 0 0 0 8 7 7 7 6 6 6 7 6 7 0 0 0 7 8 7 7 9 8 8 7 0 7 8
Last Time Cost: 00000471 ms
Total Time Cost: 00017339 ms
Total Distance 290: 8 8 10 9 10 0 6 7 0 8 7 0 8 7 0 8 7 0 6 8 0 4 0 0 7 7 0 0 6 0 7 0 0 0 8 7 7 7 6 6 6 6 6 7 0 0 0 7 8 7 7 9 8 8 7 0 7 8
Last Time Cost: 00000459 ms
Total Time Cost: 00017798 ms
Total Distance 287: 8 8 10 9 9 0 6 7 0 8 7 0 8 7 0 8 7 0 6 8 0 3 0 0 7 7 0 0 6 0 7 0 0 0 8 7 7 7 6 6 6 6 6 7 0 0 0 7 8 6 7 9 8 8 7 0 7 8
Last Time Cost: 00000456 ms
Total Time Cost: 00018254 ms
Total Distance 286: 8 8 10 9 9 0 6 7 0 8 7 0 8 7 0 8 7 0 6 8 0 2 0 0 7 7 0 0 6 0 7 0 0 0 8 7 7 7 6 6 6 6 6 7 0 0 0 7 8 6 7 9 8 8 7 0 7 8
Last Time Cost: 00000459 ms
Total Time Cost: 00018713 ms
Total Distance 285: 8 8 10 9 9 0 6 7 0 8 7 0 8 7 0 8 7 0 6 8 0 1 0 0 7 7 0 0 6 0 7 0 0 0 8 7 7 7 6 6 6 6 6 7 0 0 0 7 8 6 7 9 8 8 7 0 7 8
Last Time Cost: 00000463 ms
Total Time Cost: 00019176 ms
Total Distance 284: 8 8 10 9 9 0 6 7 0 8 7 0 8 7 0 8 7 0 6 8 0 0 0 0 7 7 0 0 6 0 7 0 0 0 8 7 7 7 6 6 6 6 6 7 0 0 0 7 8 6 7 9 8 8 7 0 7 8
Last Time Cost: 00001824 ms
Total Time Cost: 00021000 ms
Total Distance 279: 8 7 9 9 9 0 6 6 0 8 7 0 8 7 0 8 7 0 6 8 0 0 0 0 7 7 0 0 6 0 7 0 0 0 8 7 7 7 6 6 6 5 6 7 0 0 0 7 8 6 7 8 8 8 7 0 7 8
Last Time Cost: 00000120 ms
Total Time Cost: 00021120 ms
Total Distance 276: 8 7 9 9 8 0 6 6 0 8 7 0 8 7 0 7 7 0 6 8 0 0 0 0 7 7 0 0 6 0 7 0 0 0 8 7 7 7 6 6 6 4 6 7 0 0 0 7 8 6 7 8 8 8 7 0 7 8
Last Time Cost: 00000052 ms
Total Time Cost: 00021172 ms
Total Distance 274: 8 7 9 9 8 0 6 5 0 8 7 0 8 7 0 7 7 0 6 8 0 0 0 0 7 7 0 0 6 0 7 0 0 0 8 7 7 7 6 6 6 3 6 7 0 0 0 7 8 6 7 8 8 8 7 0 7 8
Last Time Cost: 00000044 ms
Total Time Cost: 00021216 ms
Total Distance 272: 8 7 9 9 8 0 6 5 0 8 7 0 8 7 0 7 7 0 6 8 0 0 0 0 6 7 0 0 6 0 7 0 0 0 8 7 7 7 6 6 6 2 6 7 0 0 0 7 8 6 7 8 8 8 7 0 7 8
Last Time Cost: 00000030 ms
Total Time Cost: 00021246 ms
Total Distance 271: 8 7 9 9 8 0 6 5 0 8 7 0 8 7 0 7 7 0 6 8 0 0 0 0 6 7 0 0 6 0 7 0 0 0 8 7 7 7 6 6 6 1 6 7 0 0 0 7 8 6 7 8 8 8 7 0 7 8
Last Time Cost: 00000023 ms
Total Time Cost: 00021269 ms
Total Distance 270: 8 7 9 9 8 0 6 5 0 8 7 0 8 7 0 7 7 0 6 8 0 0 0 0 6 7 0 0 6 0 7 0 0 0 8 7 7 7 6 6 6 0 6 7 0 0 0 7 8 6 7 8 8 8 7 0 7 8
Last Time Cost: 00000092 ms
Total Time Cost: 00021361 ms
Total Distance 268: 8 7 9 9 8 0 6 4 0 8 7 0 8 7 0 7 7 0 6 8 0 0 0 0 6 7 0 0 6 0 7 0 0 0 8 7 7 7 5 6 6 0 6 7 0 0 0 7 8 6 7 8 8 8 7 0 7 8
Last Time Cost: 00000052 ms
Total Time Cost: 00021413 ms
Total Distance 266: 8 7 9 9 8 0 6 3 0 8 7 0 8 7 0 7 7 0 6 8 0 0 0 0 6 7 0 0 6 0 7 0 0 0 8 7 7 6 5 6 6 0 6 7 0 0 0 7 8 6 7 8 8 8 7 0 7 8
Last Time Cost: 00000041 ms
Total Time Cost: 00021454 ms
Total Distance 265: 8 7 9 9 8 0 6 2 0 8 7 0 8 7 0 7 7 0 6 8 0 0 0 0 6 7 0 0 6 0 7 0 0 0 8 7 7 6 5 6 6 0 6 7 0 0 0 7 8 6 7 8 8 8 7 0 7 8
Last Time Cost: 00000033 ms
Total Time Cost: 00021487 ms
Total Distance 264: 8 7 9 9 8 0 6 1 0 8 7 0 8 7 0 7 7 0 6 8 0 0 0 0 6 7 0 0 6 0 7 0 0 0 8 7 7 6 5 6 6 0 6 7 0 0 0 7 8 6 7 8 8 8 7 0 7 8
Last Time Cost: 00000026 ms
Total Time Cost: 00021513 ms
Total Distance 263: 8 7 9 9 8 0 6 0 0 8 7 0 8 7 0 7 7 0 6 8 0 0 0 0 6 7 0 0 6 0 7 0 0 0 8 7 7 6 5 6 6 0 6 7 0 0 0 7 8 6 7 8 8 8 7 0 7 8
Last Time Cost: 00000077 ms
Total Time Cost: 00021590 ms
Total Distance 261: 8 7 8 9 8 0 6 0 0 8 7 0 8 7 0 7 7 0 6 8 0 0 0 0 6 7 0 0 6 0 7 0 0 0 8 7 7 6 4 6 6 0 6 7 0 0 0 7 8 6 7 8 8 8 7 0 7 8
Last Time Cost: 00000045 ms
Total Time Cost: 00021635 ms
Total Distance 260: 8 7 8 9 8 0 6 0 0 8 7 0 8 7 0 7 7 0 6 8 0 0 0 0 6 7 0 0 6 0 7 0 0 0 8 7 7 6 3 6 6 0 6 7 0 0 0 7 8 6 7 8 8 8 7 0 7 8
Last Time Cost: 00000038 ms
Total Time Cost: 00021673 ms
Total Distance 259: 8 7 8 9 8 0 6 0 0 8 7 0 8 7 0 7 7 0 6 8 0 0 0 0 6 7 0 0 6 0 7 0 0 0 8 7 7 6 2 6 6 0 6 7 0 0 0 7 8 6 7 8 8 8 7 0 7 8
Last Time Cost: 00000033 ms
Total Time Cost: 00021706 ms
Total Distance 258: 8 7 8 9 8 0 6 0 0 8 7 0 8 7 0 7 7 0 6 8 0 0 0 0 6 7 0 0 6 0 7 0 0 0 8 7 7 6 1 6 6 0 6 7 0 0 0 7 8 6 7 8 8 8 7 0 7 8
Last Time Cost: 00000027 ms
Total Time Cost: 00021733 ms
Total Distance 257: 8 7 8 9 8 0 6 0 0 8 7 0 8 7 0 7 7 0 6 8 0 0 0 0 6 7 0 0 6 0 7 0 0 0 8 7 7 6 0 6 6 0 6 7 0 0 0 7 8 6 7 8 8 8 7 0 7 8
Last Time Cost: 00000703 ms
Total Time Cost: 00022436 ms
Total Distance 253: 8 7 8 9 8 0 6 0 0 8 7 0 8 7 0 6 7 0 6 8 0 0 0 0 6 7 0 0 6 0 6 0 0 0 8 7 7 5 0 6 6 0 6 7 0 0 0 7 8 6 7 8 7 8 7 0 7 8
Last Time Cost: 00000082 ms
Total Time Cost: 00022518 ms
Total Distance 250: 8 7 8 9 8 0 6 0 0 8 7 0 8 7 0 6 7 0 6 8 0 0 0 0 6 7 0 0 6 0 6 0 0 0 8 7 7 4 0 6 6 0 5 7 0 0 0 6 8 6 7 8 7 8 7 0 7 8
Last Time Cost: 00000050 ms
Total Time Cost: 00022568 ms
Total Distance 248: 8 7 8 9 8 0 6 0 0 8 7 0 8 7 0 6 7 0 6 8 0 0 0 0 6 7 0 0 6 0 6 0 0 0 8 7 7 3 0 6 6 0 5 7 0 0 0 6 8 6 7 8 7 8 7 0 7 7
Last Time Cost: 00000042 ms
Total Time Cost: 00022610 ms
Total Distance 247: 8 7 8 9 8 0 6 0 0 8 7 0 8 7 0 6 7 0 6 8 0 0 0 0 6 7 0 0 6 0 6 0 0 0 8 7 7 2 0 6 6 0 5 7 0 0 0 6 8 6 7 8 7 8 7 0 7 7
Last Time Cost: 00000037 ms
Total Time Cost: 00022647 ms
Total Distance 246: 8 7 8 9 8 0 6 0 0 8 7 0 8 7 0 6 7 0 6 8 0 0 0 0 6 7 0 0 6 0 6 0 0 0 8 7 7 1 0 6 6 0 5 7 0 0 0 6 8 6 7 8 7 8 7 0 7 7
Last Time Cost: 00000031 ms
Total Time Cost: 00022678 ms
Total Distance 245: 8 7 8 9 8 0 6 0 0 8 7 0 8 7 0 6 7 0 6 8 0 0 0 0 6 7 0 0 6 0 6 0 0 0 8 7 7 0 0 6 6 0 5 7 0 0 0 6 8 6 7 8 7 8 7 0 7 7
Last Time Cost: 00000091 ms
Total Time Cost: 00022769 ms
Total Distance 244: 8 7 8 9 8 0 6 0 0 8 7 0 8 7 0 6 7 0 6 8 0 0 0 0 6 7 0 0 6 0 6 0 0 0 8 7 7 0 0 6 6 0 4 7 0 0 0 6 8 6 7 8 7 8 7 0 7 7
Last Time Cost: 00000055 ms
Total Time Cost: 00022824 ms
Total Distance 243: 8 7 8 9 8 0 6 0 0 8 7 0 8 7 0 6 7 0 6 8 0 0 0 0 6 7 0 0 6 0 6 0 0 0 8 7 7 0 0 6 6 0 3 7 0 0 0 6 8 6 7 8 7 8 7 0 7 7
Last Time Cost: 00000046 ms
Total Time Cost: 00022870 ms
Total Distance 242: 8 7 8 9 8 0 6 0 0 8 7 0 8 7 0 6 7 0 6 8 0 0 0 0 6 7 0 0 6 0 6 0 0 0 8 7 7 0 0 6 6 0 2 7 0 0 0 6 8 6 7 8 7 8 7 0 7 7
Last Time Cost: 00000040 ms
Total Time Cost: 00022910 ms
Total Distance 241: 8 7 8 9 8 0 6 0 0 8 7 0 8 7 0 6 7 0 6 8 0 0 0 0 6 7 0 0 6 0 6 0 0 0 8 7 7 0 0 6 6 0 1 7 0 0 0 6 8 6 7 8 7 8 7 0 7 7
Last Time Cost: 00000034 ms
Total Time Cost: 00022944 ms
Total Distance 240: 8 7 8 9 8 0 6 0 0 8 7 0 8 7 0 6 7 0 6 8 0 0 0 0 6 7 0 0 6 0 6 0 0 0 8 7 7 0 0 6 6 0 0 7 0 0 0 6 8 6 7 8 7 8 7 0 7 7
Last Time Cost: 00000855 ms
Total Time Cost: 00023799 ms
Total Distance 236: 8 7 8 9 8 0 6 0 0 8 7 0 8 6 0 5 7 0 6 8 0 0 0 0 6 7 0 0 6 0 6 0 0 0 8 7 7 0 0 6 6 0 0 7 0 0 0 6 8 6 7 7 6 8 7 0 7 7
Last Time Cost: 00000077 ms
Total Time Cost: 00023876 ms
Total Distance 234: 8 7 8 9 8 0 6 0 0 8 7 0 8 6 0 4 7 0 6 8 0 0 0 0 6 7 0 0 6 0 6 0 0 0 8 7 7 0 0 6 6 0 0 7 0 0 0 6 8 6 7 7 5 8 7 0 7 7
Last Time Cost: 00000060 ms
Total Time Cost: 00023936 ms
Total Distance 232: 8 7 8 9 8 0 6 0 0 8 7 0 8 6 0 3 7 0 6 8 0 0 0 0 6 7 0 0 6 0 6 0 0 0 8 7 7 0 0 6 6 0 0 7 0 0 0 6 7 6 7 7 5 8 7 0 7 7
Last Time Cost: 00000051 ms
Total Time Cost: 00023987 ms
Total Distance 231: 8 7 8 9 8 0 6 0 0 8 7 0 8 6 0 2 7 0 6 8 0 0 0 0 6 7 0 0 6 0 6 0 0 0 8 7 7 0 0 6 6 0 0 7 0 0 0 6 7 6 7 7 5 8 7 0 7 7
Last Time Cost: 00000044 ms
Total Time Cost: 00024031 ms
Total Distance 230: 8 7 8 9 8 0 6 0 0 8 7 0 8 6 0 1 7 0 6 8 0 0 0 0 6 7 0 0 6 0 6 0 0 0 8 7 7 0 0 6 6 0 0 7 0 0 0 6 7 6 7 7 5 8 7 0 7 7
Last Time Cost: 00000037 ms
Total Time Cost: 00024068 ms
Total Distance 229: 8 7 8 9 8 0 6 0 0 8 7 0 8 6 0 0 7 0 6 8 0 0 0 0 6 7 0 0 6 0 6 0 0 0 8 7 7 0 0 6 6 0 0 7 0 0 0 6 7 6 7 7 5 8 7 0 7 7
Last Time Cost: 00000084 ms
Total Time Cost: 00024152 ms
Total Distance 227: 8 7 8 9 8 0 6 0 0 8 7 0 8 6 0 0 7 0 6 8 0 0 0 0 6 7 0 0 6 0 6 0 0 0 8 7 7 0 0 6 5 0 0 7 0 0 0 6 7 6 7 7 4 8 7 0 7 7
Last Time Cost: 00000065 ms
Total Time Cost: 00024217 ms
Total Distance 225: 8 7 8 9 8 0 6 0 0 8 7 0 7 6 0 0 7 0 6 8 0 0 0 0 6 7 0 0 6 0 6 0 0 0 8 7 7 0 0 6 5 0 0 7 0 0 0 6 7 6 7 7 3 8 7 0 7 7
Last Time Cost: 00000056 ms
Total Time Cost: 00024273 ms
Total Distance 224: 8 7 8 9 8 0 6 0 0 8 7 0 7 6 0 0 7 0 6 8 0 0 0 0 6 7 0 0 6 0 6 0 0 0 8 7 7 0 0 6 5 0 0 7 0 0 0 6 7 6 7 7 2 8 7 0 7 7
Last Time Cost: 00000048 ms
Total Time Cost: 00024321 ms
Total Distance 223: 8 7 8 9 8 0 6 0 0 8 7 0 7 6 0 0 7 0 6 8 0 0 0 0 6 7 0 0 6 0 6 0 0 0 8 7 7 0 0 6 5 0 0 7 0 0 0 6 7 6 7 7 1 8 7 0 7 7
Last Time Cost: 00000040 ms
Total Time Cost: 00024361 ms
Total Distance 222: 8 7 8 9 8 0 6 0 0 8 7 0 7 6 0 0 7 0 6 8 0 0 0 0 6 7 0 0 6 0 6 0 0 0 8 7 7 0 0 6 5 0 0 7 0 0 0 6 7 6 7 7 0 8 7 0 7 7
Last Time Cost: 00000157 ms
Total Time Cost: 00024518 ms
Total Distance 220: 8 7 8 9 8 0 6 0 0 8 7 0 7 6 0 0 7 0 6 8 0 0 0 0 6 7 0 0 6 0 6 0 0 0 8 7 7 0 0 5 4 0 0 7 0 0 0 6 7 6 7 7 0 8 7 0 7 7
Last Time Cost: 00000069 ms
Total Time Cost: 00024587 ms
Total Distance 219: 8 7 8 9 8 0 6 0 0 8 7 0 7 6 0 0 7 0 6 8 0 0 0 0 6 7 0 0 6 0 6 0 0 0 8 7 7 0 0 5 3 0 0 7 0 0 0 6 7 6 7 7 0 8 7 0 7 7
Last Time Cost: 00000058 ms
Total Time Cost: 00024645 ms
Total Distance 218: 8 7 8 9 8 0 6 0 0 8 7 0 7 6 0 0 7 0 6 8 0 0 0 0 6 7 0 0 6 0 6 0 0 0 8 7 7 0 0 5 2 0 0 7 0 0 0 6 7 6 7 7 0 8 7 0 7 7
Last Time Cost: 00000049 ms
Total Time Cost: 00024694 ms
Total Distance 217: 8 7 8 9 8 0 6 0 0 8 7 0 7 6 0 0 7 0 6 8 0 0 0 0 6 7 0 0 6 0 6 0 0 0 8 7 7 0 0 5 1 0 0 7 0 0 0 6 7 6 7 7 0 8 7 0 7 7
Last Time Cost: 00000044 ms
Total Time Cost: 00024738 ms
Total Distance 216: 8 7 8 9 8 0 6 0 0 8 7 0 7 6 0 0 7 0 6 8 0 0 0 0 6 7 0 0 6 0 6 0 0 0 8 7 7 0 0 5 0 0 0 7 0 0 0 6 7 6 7 7 0 8 7 0 7 7
Last Time Cost: 00000130 ms
Total Time Cost: 00024868 ms
Total Distance 214: 8 7 8 9 8 0 6 0 0 8 7 0 7 6 0 0 7 0 6 8 0 0 0 0 6 7 0 0 6 0 6 0 0 0 8 7 7 0 0 4 0 0 0 7 0 0 0 6 7 6 7 6 0 8 7 0 7 7
Last Time Cost: 00000075 ms
Total Time Cost: 00024943 ms
Total Distance 212: 8 7 8 9 8 0 6 0 0 8 7 0 7 6 0 0 7 0 6 8 0 0 0 0 6 7 0 0 6 0 6 0 0 0 8 7 7 0 0 3 0 0 0 7 0 0 0 6 7 6 7 5 0 8 7 0 7 7
Last Time Cost: 00000062 ms
Total Time Cost: 00025005 ms
Total Distance 210: 7 7 8 9 8 0 6 0 0 8 7 0 7 6 0 0 7 0 6 8 0 0 0 0 6 7 0 0 6 0 6 0 0 0 8 7 7 0 0 2 0 0 0 7 0 0 0 6 7 6 7 5 0 8 7 0 7 7
Last Time Cost: 00000053 ms
Total Time Cost: 00025058 ms
Total Distance 209: 7 7 8 9 8 0 6 0 0 8 7 0 7 6 0 0 7 0 6 8 0 0 0 0 6 7 0 0 6 0 6 0 0 0 8 7 7 0 0 1 0 0 0 7 0 0 0 6 7 6 7 5 0 8 7 0 7 7
Last Time Cost: 00000048 ms
Total Time Cost: 00025106 ms
Total Distance 208: 7 7 8 9 8 0 6 0 0 8 7 0 7 6 0 0 7 0 6 8 0 0 0 0 6 7 0 0 6 0 6 0 0 0 8 7 7 0 0 0 0 0 0 7 0 0 0 6 7 6 7 5 0 8 7 0 7 7
Last Time Cost: 00000109 ms
Total Time Cost: 00025215 ms
Total Distance 206: 7 7 8 9 8 0 6 0 0 8 7 0 7 6 0 0 7 0 6 7 0 0 0 0 6 7 0 0 6 0 6 0 0 0 8 7 7 0 0 0 0 0 0 7 0 0 0 6 7 6 7 4 0 8 7 0 7 7
Last Time Cost: 00000081 ms
Total Time Cost: 00025296 ms
Total Distance 205: 7 7 8 9 8 0 6 0 0 8 7 0 7 6 0 0 7 0 6 7 0 0 0 0 6 7 0 0 6 0 6 0 0 0 8 7 7 0 0 0 0 0 0 7 0 0 0 6 7 6 7 3 0 8 7 0 7 7
Last Time Cost: 00000068 ms
Total Time Cost: 00025364 ms
Total Distance 204: 7 7 8 9 8 0 6 0 0 8 7 0 7 6 0 0 7 0 6 7 0 0 0 0 6 7 0 0 6 0 6 0 0 0 8 7 7 0 0 0 0 0 0 7 0 0 0 6 7 6 7 2 0 8 7 0 7 7
Last Time Cost: 00000058 ms
Total Time Cost: 00025422 ms
Total Distance 203: 7 7 8 9 8 0 6 0 0 8 7 0 7 6 0 0 7 0 6 7 0 0 0 0 6 7 0 0 6 0 6 0 0 0 8 7 7 0 0 0 0 0 0 7 0 0 0 6 7 6 7 1 0 8 7 0 7 7
Last Time Cost: 00000052 ms
Total Time Cost: 00025474 ms
Total Distance 202: 7 7 8 9 8 0 6 0 0 8 7 0 7 6 0 0 7 0 6 7 0 0 0 0 6 7 0 0 6 0 6 0 0 0 8 7 7 0 0 0 0 0 0 7 0 0 0 6 7 6 7 0 0 8 7 0 7 7
Last Time Cost: 00001110 ms
Total Time Cost: 00026584 ms
Total Distance 199: 7 7 8 9 8 0 5 0 0 8 7 0 7 6 0 0 7 0 6 7 0 0 0 0 6 6 0 0 6 0 6 0 0 0 8 7 7 0 0 0 0 0 0 7 0 0 0 6 7 5 7 0 0 8 7 0 7 7
Last Time Cost: 00000188 ms
Total Time Cost: 00026772 ms
Total Distance 196: 7 7 8 8 8 0 5 0 0 8 7 0 7 6 0 0 6 0 6 7 0 0 0 0 6 6 0 0 6 0 6 0 0 0 8 7 7 0 0 0 0 0 0 7 0 0 0 6 7 4 7 0 0 8 7 0 7 7
Last Time Cost: 00000060 ms
Total Time Cost: 00026832 ms
Total Distance 194: 7 7 8 8 7 0 5 0 0 8 7 0 7 6 0 0 6 0 6 7 0 0 0 0 6 6 0 0 6 0 6 0 0 0 8 7 7 0 0 0 0 0 0 7 0 0 0 6 7 3 7 0 0 8 7 0 7 7
Last Time Cost: 00000059 ms
Total Time Cost: 00026891 ms
Total Distance 193: 7 7 8 8 7 0 5 0 0 8 7 0 7 6 0 0 6 0 6 7 0 0 0 0 6 6 0 0 6 0 6 0 0 0 8 7 7 0 0 0 0 0 0 7 0 0 0 6 7 2 7 0 0 8 7 0 7 7
Last Time Cost: 00000057 ms
Total Time Cost: 00026948 ms
Total Distance 192: 7 7 8 8 7 0 5 0 0 8 7 0 7 6 0 0 6 0 6 7 0 0 0 0 6 6 0 0 6 0 6 0 0 0 8 7 7 0 0 0 0 0 0 7 0 0 0 6 7 1 7 0 0 8 7 0 7 7
Last Time Cost: 00000056 ms
Total Time Cost: 00027004 ms
Total Distance 191: 7 7 8 8 7 0 5 0 0 8 7 0 7 6 0 0 6 0 6 7 0 0 0 0 6 6 0 0 6 0 6 0 0 0 8 7 7 0 0 0 0 0 0 7 0 0 0 6 7 0 7 0 0 8 7 0 7 7
Last Time Cost: 00000081 ms
Total Time Cost: 00027085 ms
Total Distance 189: 7 6 8 8 7 0 4 0 0 8 7 0 7 6 0 0 6 0 6 7 0 0 0 0 6 6 0 0 6 0 6 0 0 0 8 7 7 0 0 0 0 0 0 7 0 0 0 6 7 0 7 0 0 8 7 0 7 7
Last Time Cost: 00000064 ms
Total Time Cost: 00027149 ms
Total Distance 187: 7 6 8 8 7 0 3 0 0 8 7 0 7 6 0 0 6 0 6 7 0 0 0 0 6 6 0 0 6 0 6 0 0 0 8 7 7 0 0 0 0 0 0 7 0 0 0 6 7 0 7 0 0 7 7 0 7 7
Last Time Cost: 00000063 ms
Total Time Cost: 00027212 ms
Total Distance 186: 7 6 8 8 7 0 2 0 0 8 7 0 7 6 0 0 6 0 6 7 0 0 0 0 6 6 0 0 6 0 6 0 0 0 8 7 7 0 0 0 0 0 0 7 0 0 0 6 7 0 7 0 0 7 7 0 7 7
Last Time Cost: 00000061 ms
Total Time Cost: 00027273 ms
Total Distance 185: 7 6 8 8 7 0 1 0 0 8 7 0 7 6 0 0 6 0 6 7 0 0 0 0 6 6 0 0 6 0 6 0 0 0 8 7 7 0 0 0 0 0 0 7 0 0 0 6 7 0 7 0 0 7 7 0 7 7
Last Time Cost: 00000060 ms
Total Time Cost: 00027333 ms
Total Distance 184: 7 6 8 8 7 0 0 0 0 8 7 0 7 6 0 0 6 0 6 7 0 0 0 0 6 6 0 0 6 0 6 0 0 0 8 7 7 0 0 0 0 0 0 7 0 0 0 6 7 0 7 0 0 7 7 0 7 7
Last Time Cost: 00000548 ms
Total Time Cost: 00027881 ms
Total Distance 181: 7 6 8 8 7 0 0 0 0 7 6 0 7 6 0 0 6 0 6 7 0 0 0 0 6 6 0 0 6 0 5 0 0 0 8 7 7 0 0 0 0 0 0 7 0 0 0 6 7 0 7 0 0 7 7 0 7 7
Last Time Cost: 00000084 ms
Total Time Cost: 00027965 ms
Total Distance 179: 7 6 8 8 7 0 0 0 0 7 6 0 7 6 0 0 6 0 6 7 0 0 0 0 6 6 0 0 6 0 4 0 0 0 8 7 7 0 0 0 0 0 0 7 0 0 0 6 7 0 7 0 0 6 7 0 7 7
Last Time Cost: 00000068 ms
Total Time Cost: 00028033 ms
Total Distance 178: 7 6 8 8 7 0 0 0 0 7 6 0 7 6 0 0 6 0 6 7 0 0 0 0 6 6 0 0 6 0 3 0 0 0 8 7 7 0 0 0 0 0 0 7 0 0 0 6 7 0 7 0 0 6 7 0 7 7
Last Time Cost: 00000067 ms
Total Time Cost: 00028100 ms
Total Distance 177: 7 6 8 8 7 0 0 0 0 7 6 0 7 6 0 0 6 0 6 7 0 0 0 0 6 6 0 0 6 0 2 0 0 0 8 7 7 0 0 0 0 0 0 7 0 0 0 6 7 0 7 0 0 6 7 0 7 7
Last Time Cost: 00000067 ms
Total Time Cost: 00028167 ms
Total Distance 176: 7 6 8 8 7 0 0 0 0 7 6 0 7 6 0 0 6 0 6 7 0 0 0 0 6 6 0 0 6 0 1 0 0 0 8 7 7 0 0 0 0 0 0 7 0 0 0 6 7 0 7 0 0 6 7 0 7 7
Last Time Cost: 00000066 ms
Total Time Cost: 00028233 ms
Total Distance 175: 7 6 8 8 7 0 0 0 0 7 6 0 7 6 0 0 6 0 6 7 0 0 0 0 6 6 0 0 6 0 0 0 0 0 8 7 7 0 0 0 0 0 0 7 0 0 0 6 7 0 7 0 0 6 7 0 7 7
Last Time Cost: 00000600 ms
Total Time Cost: 00028833 ms
Total Distance 172: 7 6 8 8 7 0 0 0 0 6 5 0 7 6 0 0 6 0 6 7 0 0 0 0 6 6 0 0 5 0 0 0 0 0 8 7 7 0 0 0 0 0 0 7 0 0 0 6 7 0 7 0 0 6 7 0 7 7
Last Time Cost: 00000117 ms
Total Time Cost: 00028950 ms
Total Distance 169: 7 6 7 8 7 0 0 0 0 6 5 0 7 6 0 0 6 0 6 7 0 0 0 0 6 6 0 0 4 0 0 0 0 0 7 7 7 0 0 0 0 0 0 7 0 0 0 6 7 0 7 0 0 6 7 0 7 7
Last Time Cost: 00000074 ms
Total Time Cost: 00029024 ms
Total Distance 167: 7 6 7 8 7 0 0 0 0 6 4 0 7 6 0 0 6 0 6 7 0 0 0 0 6 6 0 0 3 0 0 0 0 0 7 7 7 0 0 0 0 0 0 7 0 0 0 6 7 0 7 0 0 6 7 0 7 7
Last Time Cost: 00000074 ms
Total Time Cost: 00029098 ms
Total Distance 166: 7 6 7 8 7 0 0 0 0 6 4 0 7 6 0 0 6 0 6 7 0 0 0 0 6 6 0 0 2 0 0 0 0 0 7 7 7 0 0 0 0 0 0 7 0 0 0 6 7 0 7 0 0 6 7 0 7 7
Last Time Cost: 00000073 ms
Total Time Cost: 00029171 ms
Total Distance 165: 7 6 7 8 7 0 0 0 0 6 4 0 7 6 0 0 6 0 6 7 0 0 0 0 6 6 0 0 1 0 0 0 0 0 7 7 7 0 0 0 0 0 0 7 0 0 0 6 7 0 7 0 0 6 7 0 7 7
Last Time Cost: 00000072 ms
Total Time Cost: 00029243 ms
Total Distance 164: 7 6 7 8 7 0 0 0 0 6 4 0 7 6 0 0 6 0 6 7 0 0 0 0 6 6 0 0 0 0 0 0 0 0 7 7 7 0 0 0 0 0 0 7 0 0 0 6 7 0 7 0 0 6 7 0 7 7
Last Time Cost: 00000082 ms
Total Time Cost: 00029325 ms
Total Distance 163: 7 6 7 8 7 0 0 0 0 6 3 0 7 6 0 0 6 0 6 7 0 0 0 0 6 6 0 0 0 0 0 0 0 0 7 7 7 0 0 0 0 0 0 7 0 0 0 6 7 0 7 0 0 6 7 0 7 7
Last Time Cost: 00000079 ms
Total Time Cost: 00029404 ms
Total Distance 162: 7 6 7 8 7 0 0 0 0 6 2 0 7 6 0 0 6 0 6 7 0 0 0 0 6 6 0 0 0 0 0 0 0 0 7 7 7 0 0 0 0 0 0 7 0 0 0 6 7 0 7 0 0 6 7 0 7 7
Last Time Cost: 00000077 ms
Total Time Cost: 00029481 ms
Total Distance 161: 7 6 7 8 7 0 0 0 0 6 1 0 7 6 0 0 6 0 6 7 0 0 0 0 6 6 0 0 0 0 0 0 0 0 7 7 7 0 0 0 0 0 0 7 0 0 0 6 7 0 7 0 0 6 7 0 7 7
Last Time Cost: 00000077 ms
Total Time Cost: 00029558 ms
Total Distance 159: 7 6 7 8 7 0 0 0 0 6 0 0 7 6 0 0 6 0 6 7 0 0 0 0 6 6 0 0 0 0 0 0 0 0 7 6 7 0 0 0 0 0 0 7 0 0 0 6 7 0 7 0 0 6 7 0 7 7
Last Time Cost: 00000674 ms
Total Time Cost: 00030232 ms
Total Distance 156: 7 6 7 8 7 0 0 0 0 6 0 0 7 6 0 0 6 0 6 6 0 0 0 0 6 6 0 0 0 0 0 0 0 0 7 6 7 0 0 0 0 0 0 6 0 0 0 6 7 0 7 0 0 5 7 0 7 7
Last Time Cost: 00000103 ms
Total Time Cost: 00030335 ms
Total Distance 154: 7 6 7 8 7 0 0 0 0 6 0 0 7 6 0 0 6 0 6 6 0 0 0 0 6 6 0 0 0 0 0 0 0 0 7 6 7 0 0 0 0 0 0 5 0 0 0 6 7 0 7 0 0 4 7 0 7 7
Last Time Cost: 00000084 ms
Total Time Cost: 00030419 ms
Total Distance 152: 7 6 7 8 7 0 0 0 0 6 0 0 7 6 0 0 6 0 6 6 0 0 0 0 6 6 0 0 0 0 0 0 0 0 7 6 7 0 0 0 0 0 0 5 0 0 0 6 7 0 7 0 0 3 7 0 7 6
Last Time Cost: 00000085 ms
Total Time Cost: 00030504 ms
Total Distance 151: 7 6 7 8 7 0 0 0 0 6 0 0 7 6 0 0 6 0 6 6 0 0 0 0 6 6 0 0 0 0 0 0 0 0 7 6 7 0 0 0 0 0 0 5 0 0 0 6 7 0 7 0 0 2 7 0 7 6
Last Time Cost: 00000084 ms
Total Time Cost: 00030588 ms
Total Distance 149: 7 6 7 7 7 0 0 0 0 6 0 0 7 6 0 0 6 0 6 6 0 0 0 0 6 6 0 0 0 0 0 0 0 0 7 6 7 0 0 0 0 0 0 5 0 0 0 6 7 0 7 0 0 1 7 0 7 6
Last Time Cost: 00000009 ms
Total Time Cost: 00030597 ms
Total Distance 148: 7 6 7 7 7 0 0 0 0 6 0 0 7 6 0 0 6 0 6 6 0 0 0 0 6 6 0 0 0 0 0 0 0 0 7 6 7 0 0 0 0 0 0 5 0 0 0 6 7 0 7 0 0 0 7 0 7 6
Last Time Cost: 00000041 ms
Total Time Cost: 00030638 ms
Total Distance 146: 7 6 7 6 7 0 0 0 0 6 0 0 7 6 0 0 6 0 6 6 0 0 0 0 6 6 0 0 0 0 0 0 0 0 7 6 7 0 0 0 0 0 0 4 0 0 0 6 7 0 7 0 0 0 7 0 7 6
Last Time Cost: 00000010 ms
Total Time Cost: 00030648 ms
Total Distance 144: 7 6 7 6 7 0 0 0 0 6 0 0 7 6 0 0 6 0 6 6 0 0 0 0 6 6 0 0 0 0 0 0 0 0 7 6 7 0 0 0 0 0 0 3 0 0 0 6 7 0 6 0 0 0 7 0 7 6
Last Time Cost: 00000006 ms
Total Time Cost: 00030654 ms
Total Distance 143: 7 6 7 6 7 0 0 0 0 6 0 0 7 6 0 0 6 0 6 6 0 0 0 0 6 6 0 0 0 0 0 0 0 0 7 6 7 0 0 0 0 0 0 2 0 0 0 6 7 0 6 0 0 0 7 0 7 6
Last Time Cost: 00000004 ms
Total Time Cost: 00030658 ms
Total Distance 142: 7 6 7 6 7 0 0 0 0 6 0 0 7 6 0 0 6 0 6 6 0 0 0 0 6 6 0 0 0 0 0 0 0 0 7 6 7 0 0 0 0 0 0 1 0 0 0 6 7 0 6 0 0 0 7 0 7 6
Last Time Cost: 00000002 ms
Total Time Cost: 00030660 ms
Total Distance 141: 7 6 7 6 7 0 0 0 0 6 0 0 7 6 0 0 6 0 6 6 0 0 0 0 6 6 0 0 0 0 0 0 0 0 7 6 7 0 0 0 0 0 0 0 0 0 0 6 7 0 6 0 0 0 7 0 7 6
Last Time Cost: 00000738 ms
Total Time Cost: 00031398 ms
Total Distance 139: 7 6 7 6 7 0 0 0 0 6 0 0 7 5 0 0 6 0 6 6 0 0 0 0 5 6 0 0 0 0 0 0 0 0 7 6 7 0 0 0 0 0 0 0 0 0 0 6 7 0 6 0 0 0 7 0 7 6
Last Time Cost: 00000069 ms
Total Time Cost: 00031467 ms
Total Distance 138: 7 6 7 6 7 0 0 0 0 6 0 0 7 5 0 0 6 0 6 6 0 0 0 0 4 6 0 0 0 0 0 0 0 0 7 6 7 0 0 0 0 0 0 0 0 0 0 6 7 0 6 0 0 0 7 0 7 6
Last Time Cost: 00000009 ms
Total Time Cost: 00031476 ms
Total Distance 137: 7 6 7 6 7 0 0 0 0 6 0 0 7 5 0 0 6 0 6 6 0 0 0 0 3 6 0 0 0 0 0 0 0 0 7 6 7 0 0 0 0 0 0 0 0 0 0 6 7 0 6 0 0 0 7 0 7 6
Last Time Cost: 00000006 ms
Total Time Cost: 00031482 ms
Total Distance 136: 7 6 7 6 7 0 0 0 0 6 0 0 7 5 0 0 6 0 6 6 0 0 0 0 2 6 0 0 0 0 0 0 0 0 7 6 7 0 0 0 0 0 0 0 0 0 0 6 7 0 6 0 0 0 7 0 7 6
Last Time Cost: 00000004 ms
Total Time Cost: 00031486 ms
Total Distance 135: 7 6 7 6 7 0 0 0 0 6 0 0 7 5 0 0 6 0 6 6 0 0 0 0 1 6 0 0 0 0 0 0 0 0 7 6 7 0 0 0 0 0 0 0 0 0 0 6 7 0 6 0 0 0 7 0 7 6
Last Time Cost: 00000003 ms
Total Time Cost: 00031489 ms
Total Distance 134: 7 6 7 6 7 0 0 0 0 6 0 0 7 5 0 0 6 0 6 6 0 0 0 0 0 6 0 0 0 0 0 0 0 0 7 6 7 0 0 0 0 0 0 0 0 0 0 6 7 0 6 0 0 0 7 0 7 6
Last Time Cost: 00000034 ms
Total Time Cost: 00031523 ms
Total Distance 133: 7 6 7 6 7 0 0 0 0 6 0 0 7 4 0 0 6 0 6 6 0 0 0 0 0 6 0 0 0 0 0 0 0 0 7 6 7 0 0 0 0 0 0 0 0 0 0 6 7 0 6 0 0 0 7 0 7 6
Last Time Cost: 00000010 ms
Total Time Cost: 00031533 ms
Total Distance 132: 7 6 7 6 7 0 0 0 0 6 0 0 7 3 0 0 6 0 6 6 0 0 0 0 0 6 0 0 0 0 0 0 0 0 7 6 7 0 0 0 0 0 0 0 0 0 0 6 7 0 6 0 0 0 7 0 7 6
Last Time Cost: 00000007 ms
Total Time Cost: 00031540 ms
Total Distance 131: 7 6 7 6 7 0 0 0 0 6 0 0 7 2 0 0 6 0 6 6 0 0 0 0 0 6 0 0 0 0 0 0 0 0 7 6 7 0 0 0 0 0 0 0 0 0 0 6 7 0 6 0 0 0 7 0 7 6
Last Time Cost: 00000004 ms
Total Time Cost: 00031544 ms
Total Distance 130: 7 6 7 6 7 0 0 0 0 6 0 0 7 1 0 0 6 0 6 6 0 0 0 0 0 6 0 0 0 0 0 0 0 0 7 6 7 0 0 0 0 0 0 0 0 0 0 6 7 0 6 0 0 0 7 0 7 6
Last Time Cost: 00000003 ms
Total Time Cost: 00031547 ms
Total Distance 129: 7 6 7 6 7 0 0 0 0 6 0 0 7 0 0 0 6 0 6 6 0 0 0 0 0 6 0 0 0 0 0 0 0 0 7 6 7 0 0 0 0 0 0 0 0 0 0 6 7 0 6 0 0 0 7 0 7 6
Last Time Cost: 00000784 ms
Total Time Cost: 00032331 ms
Total Distance 127: 7 6 7 6 7 0 0 0 0 6 0 0 7 0 0 0 5 0 6 5 0 0 0 0 0 6 0 0 0 0 0 0 0 0 7 6 7 0 0 0 0 0 0 0 0 0 0 6 7 0 6 0 0 0 7 0 7 6
Last Time Cost: 00000074 ms
Total Time Cost: 00032405 ms
Total Distance 125: 7 5 7 6 7 0 0 0 0 6 0 0 7 0 0 0 4 0 6 5 0 0 0 0 0 6 0 0 0 0 0 0 0 0 7 6 7 0 0 0 0 0 0 0 0 0 0 6 7 0 6 0 0 0 7 0 7 6
Last Time Cost: 00000010 ms
Total Time Cost: 00032415 ms
Total Distance 123: 7 4 7 6 7 0 0 0 0 6 0 0 7 0 0 0 3 0 6 5 0 0 0 0 0 6 0 0 0 0 0 0 0 0 7 6 7 0 0 0 0 0 0 0 0 0 0 6 7 0 6 0 0 0 7 0 7 6
Last Time Cost: 00000007 ms
Total Time Cost: 00032422 ms
Total Distance 122: 7 4 7 6 7 0 0 0 0 6 0 0 7 0 0 0 2 0 6 5 0 0 0 0 0 6 0 0 0 0 0 0 0 0 7 6 7 0 0 0 0 0 0 0 0 0 0 6 7 0 6 0 0 0 7 0 7 6
Last Time Cost: 00000005 ms
Total Time Cost: 00032427 ms
Total Distance 121: 7 4 7 6 7 0 0 0 0 6 0 0 7 0 0 0 1 0 6 5 0 0 0 0 0 6 0 0 0 0 0 0 0 0 7 6 7 0 0 0 0 0 0 0 0 0 0 6 7 0 6 0 0 0 7 0 7 6
Last Time Cost: 00000003 ms
Total Time Cost: 00032430 ms
Total Distance 120: 7 4 7 6 7 0 0 0 0 6 0 0 7 0 0 0 0 0 6 5 0 0 0 0 0 6 0 0 0 0 0 0 0 0 7 6 7 0 0 0 0 0 0 0 0 0 0 6 7 0 6 0 0 0 7 0 7 6
Last Time Cost: 00000010 ms
Total Time Cost: 00032440 ms
Total Distance 118: 7 3 7 6 7 0 0 0 0 6 0 0 6 0 0 0 0 0 6 5 0 0 0 0 0 6 0 0 0 0 0 0 0 0 7 6 7 0 0 0 0 0 0 0 0 0 0 6 7 0 6 0 0 0 7 0 7 6
Last Time Cost: 00000007 ms
Total Time Cost: 00032447 ms
Total Distance 116: 7 2 7 6 7 0 0 0 0 6 0 0 6 0 0 0 0 0 6 5 0 0 0 0 0 6 0 0 0 0 0 0 0 0 7 6 7 0 0 0 0 0 0 0 0 0 0 6 7 0 6 0 0 0 7 0 6 6
Last Time Cost: 00000004 ms
Total Time Cost: 00032451 ms
Total Distance 115: 7 1 7 6 7 0 0 0 0 6 0 0 6 0 0 0 0 0 6 5 0 0 0 0 0 6 0 0 0 0 0 0 0 0 7 6 7 0 0 0 0 0 0 0 0 0 0 6 7 0 6 0 0 0 7 0 6 6
Last Time Cost: 00000003 ms
Total Time Cost: 00032454 ms
Total Distance 114: 7 0 7 6 7 0 0 0 0 6 0 0 6 0 0 0 0 0 6 5 0 0 0 0 0 6 0 0 0 0 0 0 0 0 7 6 7 0 0 0 0 0 0 0 0 0 0 6 7 0 6 0 0 0 7 0 6 6
Last Time Cost: 00000038 ms
Total Time Cost: 00032492 ms
Total Distance 113: 7 0 7 6 7 0 0 0 0 6 0 0 6 0 0 0 0 0 6 4 0 0 0 0 0 6 0 0 0 0 0 0 0 0 7 6 7 0 0 0 0 0 0 0 0 0 0 6 7 0 6 0 0 0 7 0 6 6
Last Time Cost: 00000009 ms
Total Time Cost: 00032501 ms
Total Distance 112: 7 0 7 6 7 0 0 0 0 6 0 0 6 0 0 0 0 0 6 3 0 0 0 0 0 6 0 0 0 0 0 0 0 0 7 6 7 0 0 0 0 0 0 0 0 0 0 6 7 0 6 0 0 0 7 0 6 6
Last Time Cost: 00000007 ms
Total Time Cost: 00032508 ms
Total Distance 111: 7 0 7 6 7 0 0 0 0 6 0 0 6 0 0 0 0 0 6 2 0 0 0 0 0 6 0 0 0 0 0 0 0 0 7 6 7 0 0 0 0 0 0 0 0 0 0 6 7 0 6 0 0 0 7 0 6 6
Last Time Cost: 00000005 ms
Total Time Cost: 00032513 ms
Total Distance 110: 7 0 7 6 7 0 0 0 0 6 0 0 6 0 0 0 0 0 6 1 0 0 0 0 0 6 0 0 0 0 0 0 0 0 7 6 7 0 0 0 0 0 0 0 0 0 0 6 7 0 6 0 0 0 7 0 6 6
Last Time Cost: 00000003 ms
Total Time Cost: 00032516 ms
Total Distance 109: 7 0 7 6 7 0 0 0 0 6 0 0 6 0 0 0 0 0 6 0 0 0 0 0 0 6 0 0 0 0 0 0 0 0 7 6 7 0 0 0 0 0 0 0 0 0 0 6 7 0 6 0 0 0 7 0 6 6
Last Time Cost: 00000848 ms
Total Time Cost: 00033364 ms
Total Distance 107: 7 0 7 6 7 0 0 0 0 5 0 0 6 0 0 0 0 0 6 0 0 0 0 0 0 6 0 0 0 0 0 0 0 0 7 6 7 0 0 0 0 0 0 0 0 0 0 6 7 0 6 0 0 0 7 0 6 5
Last Time Cost: 00000083 ms
Total Time Cost: 00033447 ms
Total Distance 106: 7 0 7 6 7 0 0 0 0 5 0 0 6 0 0 0 0 0 6 0 0 0 0 0 0 6 0 0 0 0 0 0 0 0 7 6 7 0 0 0 0 0 0 0 0 0 0 6 7 0 6 0 0 0 7 0 6 4
Last Time Cost: 00000010 ms
Total Time Cost: 00033457 ms
Total Distance 105: 7 0 7 6 7 0 0 0 0 5 0 0 6 0 0 0 0 0 6 0 0 0 0 0 0 6 0 0 0 0 0 0 0 0 7 6 7 0 0 0 0 0 0 0 0 0 0 6 7 0 6 0 0 0 7 0 6 3
Last Time Cost: 00000007 ms
Total Time Cost: 00033464 ms
Total Distance 104: 7 0 7 6 7 0 0 0 0 5 0 0 6 0 0 0 0 0 6 0 0 0 0 0 0 6 0 0 0 0 0 0 0 0 7 6 7 0 0 0 0 0 0 0 0 0 0 6 7 0 6 0 0 0 7 0 6 2
Last Time Cost: 00000005 ms
Total Time Cost: 00033469 ms
Total Distance 103: 7 0 7 6 7 0 0 0 0 5 0 0 6 0 0 0 0 0 6 0 0 0 0 0 0 6 0 0 0 0 0 0 0 0 7 6 7 0 0 0 0 0 0 0 0 0 0 6 7 0 6 0 0 0 7 0 6 1
Last Time Cost: 00000003 ms
Total Time Cost: 00033472 ms
Total Distance 102: 7 0 7 6 7 0 0 0 0 5 0 0 6 0 0 0 0 0 6 0 0 0 0 0 0 6 0 0 0 0 0 0 0 0 7 6 7 0 0 0 0 0 0 0 0 0 0 6 7 0 6 0 0 0 7 0 6 0
Last Time Cost: 00000045 ms
Total Time Cost: 00033517 ms
Total Distance 101: 7 0 7 6 7 0 0 0 0 4 0 0 6 0 0 0 0 0 6 0 0 0 0 0 0 6 0 0 0 0 0 0 0 0 7 6 7 0 0 0 0 0 0 0 0 0 0 6 7 0 6 0 0 0 7 0 6 0
Last Time Cost: 00000010 ms
Total Time Cost: 00033527 ms
Total Distance 100: 7 0 7 6 7 0 0 0 0 3 0 0 6 0 0 0 0 0 6 0 0 0 0 0 0 6 0 0 0 0 0 0 0 0 7 6 7 0 0 0 0 0 0 0 0 0 0 6 7 0 6 0 0 0 7 0 6 0
Last Time Cost: 00000007 ms
Total Time Cost: 00033534 ms
Total Distance 99: 7 0 7 6 7 0 0 0 0 2 0 0 6 0 0 0 0 0 6 0 0 0 0 0 0 6 0 0 0 0 0 0 0 0 7 6 7 0 0 0 0 0 0 0 0 0 0 6 7 0 6 0 0 0 7 0 6 0
Last Time Cost: 00000005 ms
Total Time Cost: 00033539 ms
Total Distance 98: 7 0 7 6 7 0 0 0 0 1 0 0 6 0 0 0 0 0 6 0 0 0 0 0 0 6 0 0 0 0 0 0 0 0 7 6 7 0 0 0 0 0 0 0 0 0 0 6 7 0 6 0 0 0 7 0 6 0
Last Time Cost: 00000003 ms
Total Time Cost: 00033542 ms
Total Distance 97: 7 0 7 6 7 0 0 0 0 0 0 0 6 0 0 0 0 0 6 0 0 0 0 0 0 6 0 0 0 0 0 0 0 0 7 6 7 0 0 0 0 0 0 0 0 0 0 6 7 0 6 0 0 0 7 0 6 0
Last Time Cost: 00000865 ms
Total Time Cost: 00034407 ms
Total Distance 95: 7 0 7 6 7 0 0 0 0 0 0 0 6 0 0 0 0 0 5 0 0 0 0 0 0 6 0 0 0 0 0 0 0 0 7 5 7 0 0 0 0 0 0 0 0 0 0 6 7 0 6 0 0 0 7 0 6 0
Last Time Cost: 00000097 ms
Total Time Cost: 00034504 ms
Total Distance 94: 7 0 7 6 7 0 0 0 0 0 0 0 6 0 0 0 0 0 4 0 0 0 0 0 0 6 0 0 0 0 0 0 0 0 7 5 7 0 0 0 0 0 0 0 0 0 0 6 7 0 6 0 0 0 7 0 6 0
Last Time Cost: 00000011 ms
Total Time Cost: 00034515 ms
Total Distance 93: 7 0 7 6 7 0 0 0 0 0 0 0 6 0 0 0 0 0 3 0 0 0 0 0 0 6 0 0 0 0 0 0 0 0 7 5 7 0 0 0 0 0 0 0 0 0 0 6 7 0 6 0 0 0 7 0 6 0
Last Time Cost: 00000008 ms
Total Time Cost: 00034523 ms
Total Distance 92: 7 0 7 6 7 0 0 0 0 0 0 0 6 0 0 0 0 0 2 0 0 0 0 0 0 6 0 0 0 0 0 0 0 0 7 5 7 0 0 0 0 0 0 0 0 0 0 6 7 0 6 0 0 0 7 0 6 0
Last Time Cost: 00000005 ms
Total Time Cost: 00034528 ms
Total Distance 91: 7 0 7 6 7 0 0 0 0 0 0 0 6 0 0 0 0 0 1 0 0 0 0 0 0 6 0 0 0 0 0 0 0 0 7 5 7 0 0 0 0 0 0 0 0 0 0 6 7 0 6 0 0 0 7 0 6 0
Last Time Cost: 00000003 ms
Total Time Cost: 00034531 ms
Total Distance 90: 7 0 7 6 7 0 0 0 0 0 0 0 6 0 0 0 0 0 0 0 0 0 0 0 0 6 0 0 0 0 0 0 0 0 7 5 7 0 0 0 0 0 0 0 0 0 0 6 7 0 6 0 0 0 7 0 6 0
Last Time Cost: 00000051 ms
Total Time Cost: 00034582 ms
Total Distance 89: 7 0 7 6 7 0 0 0 0 0 0 0 6 0 0 0 0 0 0 0 0 0 0 0 0 6 0 0 0 0 0 0 0 0 7 4 7 0 0 0 0 0 0 0 0 0 0 6 7 0 6 0 0 0 7 0 6 0
Last Time Cost: 00000012 ms
Total Time Cost: 00034594 ms
Total Distance 88: 7 0 7 6 7 0 0 0 0 0 0 0 6 0 0 0 0 0 0 0 0 0 0 0 0 6 0 0 0 0 0 0 0 0 7 3 7 0 0 0 0 0 0 0 0 0 0 6 7 0 6 0 0 0 7 0 6 0
Last Time Cost: 00000008 ms
Total Time Cost: 00034602 ms
Total Distance 87: 7 0 7 6 7 0 0 0 0 0 0 0 6 0 0 0 0 0 0 0 0 0 0 0 0 6 0 0 0 0 0 0 0 0 7 2 7 0 0 0 0 0 0 0 0 0 0 6 7 0 6 0 0 0 7 0 6 0
Last Time Cost: 00000005 ms
Total Time Cost: 00034607 ms
Total Distance 86: 7 0 7 6 7 0 0 0 0 0 0 0 6 0 0 0 0 0 0 0 0 0 0 0 0 6 0 0 0 0 0 0 0 0 7 1 7 0 0 0 0 0 0 0 0 0 0 6 7 0 6 0 0 0 7 0 6 0
Last Time Cost: 00000003 ms
Total Time Cost: 00034610 ms
Total Distance 85: 7 0 7 6 7 0 0 0 0 0 0 0 6 0 0 0 0 0 0 0 0 0 0 0 0 6 0 0 0 0 0 0 0 0 7 0 7 0 0 0 0 0 0 0 0 0 0 6 7 0 6 0 0 0 7 0 6 0
Last Time Cost: 00000712 ms
Total Time Cost: 00035322 ms
Total Distance 83: 7 0 6 6 7 0 0 0 0 0 0 0 6 0 0 0 0 0 0 0 0 0 0 0 0 6 0 0 0 0 0 0 0 0 7 0 7 0 0 0 0 0 0 0 0 0 0 6 7 0 5 0 0 0 7 0 6 0
Last Time Cost: 00000055 ms
Total Time Cost: 00035377 ms
Total Distance 82: 7 0 6 6 7 0 0 0 0 0 0 0 6 0 0 0 0 0 0 0 0 0 0 0 0 6 0 0 0 0 0 0 0 0 7 0 7 0 0 0 0 0 0 0 0 0 0 6 7 0 4 0 0 0 7 0 6 0
Last Time Cost: 00000011 ms
Total Time Cost: 00035388 ms
Total Distance 81: 7 0 6 6 7 0 0 0 0 0 0 0 6 0 0 0 0 0 0 0 0 0 0 0 0 6 0 0 0 0 0 0 0 0 7 0 7 0 0 0 0 0 0 0 0 0 0 6 7 0 3 0 0 0 7 0 6 0
Last Time Cost: 00000008 ms
Total Time Cost: 00035396 ms
Total Distance 80: 7 0 6 6 7 0 0 0 0 0 0 0 6 0 0 0 0 0 0 0 0 0 0 0 0 6 0 0 0 0 0 0 0 0 7 0 7 0 0 0 0 0 0 0 0 0 0 6 7 0 2 0 0 0 7 0 6 0
Last Time Cost: 00000005 ms
Total Time Cost: 00035401 ms
Total Distance 79: 7 0 6 6 7 0 0 0 0 0 0 0 6 0 0 0 0 0 0 0 0 0 0 0 0 6 0 0 0 0 0 0 0 0 7 0 7 0 0 0 0 0 0 0 0 0 0 6 7 0 1 0 0 0 7 0 6 0
Last Time Cost: 00000004 ms
Total Time Cost: 00035405 ms
Total Distance 78: 7 0 6 6 7 0 0 0 0 0 0 0 6 0 0 0 0 0 0 0 0 0 0 0 0 6 0 0 0 0 0 0 0 0 7 0 7 0 0 0 0 0 0 0 0 0 0 6 7 0 0 0 0 0 7 0 6 0
Last Time Cost: 00000814 ms
Total Time Cost: 00036219 ms
Total Distance 76: 7 0 5 6 7 0 0 0 0 0 0 0 6 0 0 0 0 0 0 0 0 0 0 0 0 6 0 0 0 0 0 0 0 0 6 0 7 0 0 0 0 0 0 0 0 0 0 6 7 0 0 0 0 0 7 0 6 0
Last Time Cost: 00000058 ms
Total Time Cost: 00036277 ms
Total Distance 74: 7 0 4 6 7 0 0 0 0 0 0 0 6 0 0 0 0 0 0 0 0 0 0 0 0 6 0 0 0 0 0 0 0 0 5 0 7 0 0 0 0 0 0 0 0 0 0 6 7 0 0 0 0 0 7 0 6 0
Last Time Cost: 00000010 ms
Total Time Cost: 00036287 ms
Total Distance 73: 7 0 3 6 7 0 0 0 0 0 0 0 6 0 0 0 0 0 0 0 0 0 0 0 0 6 0 0 0 0 0 0 0 0 5 0 7 0 0 0 0 0 0 0 0 0 0 6 7 0 0 0 0 0 7 0 6 0
Last Time Cost: 00000008 ms
Total Time Cost: 00036295 ms
Total Distance 72: 7 0 2 6 7 0 0 0 0 0 0 0 6 0 0 0 0 0 0 0 0 0 0 0 0 6 0 0 0 0 0 0 0 0 5 0 7 0 0 0 0 0 0 0 0 0 0 6 7 0 0 0 0 0 7 0 6 0
Last Time Cost: 00000005 ms
Total Time Cost: 00036300 ms
Total Distance 71: 7 0 1 6 7 0 0 0 0 0 0 0 6 0 0 0 0 0 0 0 0 0 0 0 0 6 0 0 0 0 0 0 0 0 5 0 7 0 0 0 0 0 0 0 0 0 0 6 7 0 0 0 0 0 7 0 6 0
Last Time Cost: 00000004 ms
Total Time Cost: 00036304 ms
Total Distance 70: 7 0 0 6 7 0 0 0 0 0 0 0 6 0 0 0 0 0 0 0 0 0 0 0 0 6 0 0 0 0 0 0 0 0 5 0 7 0 0 0 0 0 0 0 0 0 0 6 7 0 0 0 0 0 7 0 6 0
Last Time Cost: 00000059 ms
Total Time Cost: 00036363 ms
Total Distance 68: 7 0 0 6 7 0 0 0 0 0 0 0 6 0 0 0 0 0 0 0 0 0 0 0 0 6 0 0 0 0 0 0 0 0 4 0 7 0 0 0 0 0 0 0 0 0 0 6 7 0 0 0 0 0 6 0 6 0
Last Time Cost: 00000009 ms
Total Time Cost: 00036372 ms
Total Distance 67: 7 0 0 6 7 0 0 0 0 0 0 0 6 0 0 0 0 0 0 0 0 0 0 0 0 6 0 0 0 0 0 0 0 0 3 0 7 0 0 0 0 0 0 0 0 0 0 6 7 0 0 0 0 0 6 0 6 0
Last Time Cost: 00000007 ms
Total Time Cost: 00036379 ms
Total Distance 66: 7 0 0 6 7 0 0 0 0 0 0 0 6 0 0 0 0 0 0 0 0 0 0 0 0 6 0 0 0 0 0 0 0 0 2 0 7 0 0 0 0 0 0 0 0 0 0 6 7 0 0 0 0 0 6 0 6 0
Last Time Cost: 00000005 ms
Total Time Cost: 00036384 ms
Total Distance 65: 7 0 0 6 7 0 0 0 0 0 0 0 6 0 0 0 0 0 0 0 0 0 0 0 0 6 0 0 0 0 0 0 0 0 1 0 7 0 0 0 0 0 0 0 0 0 0 6 7 0 0 0 0 0 6 0 6 0
Last Time Cost: 00000004 ms
Total Time Cost: 00036388 ms
Total Distance 64: 7 0 0 6 7 0 0 0 0 0 0 0 6 0 0 0 0 0 0 0 0 0 0 0 0 6 0 0 0 0 0 0 0 0 0 0 7 0 0 0 0 0 0 0 0 0 0 6 7 0 0 0 0 0 6 0 6 0
Last Time Cost: 00000872 ms
Total Time Cost: 00037260 ms
Total Distance 62: 7 0 0 6 6 0 0 0 0 0 0 0 6 0 0 0 0 0 0 0 0 0 0 0 0 6 0 0 0 0 0 0 0 0 0 0 7 0 0 0 0 0 0 0 0 0 0 6 7 0 0 0 0 0 5 0 6 0
Last Time Cost: 00000061 ms
Total Time Cost: 00037321 ms
Total Distance 61: 7 0 0 6 6 0 0 0 0 0 0 0 6 0 0 0 0 0 0 0 0 0 0 0 0 6 0 0 0 0 0 0 0 0 0 0 7 0 0 0 0 0 0 0 0 0 0 6 7 0 0 0 0 0 4 0 6 0
Last Time Cost: 00000009 ms
Total Time Cost: 00037330 ms
Total Distance 59: 7 0 0 6 6 0 0 0 0 0 0 0 6 0 0 0 0 0 0 0 0 0 0 0 0 6 0 0 0 0 0 0 0 0 0 0 6 0 0 0 0 0 0 0 0 0 0 6 7 0 0 0 0 0 3 0 6 0
Last Time Cost: 00000006 ms
Total Time Cost: 00037336 ms
Total Distance 58: 7 0 0 6 6 0 0 0 0 0 0 0 6 0 0 0 0 0 0 0 0 0 0 0 0 6 0 0 0 0 0 0 0 0 0 0 6 0 0 0 0 0 0 0 0 0 0 6 7 0 0 0 0 0 2 0 6 0
Last Time Cost: 00000005 ms
Total Time Cost: 00037341 ms
Total Distance 57: 7 0 0 6 6 0 0 0 0 0 0 0 6 0 0 0 0 0 0 0 0 0 0 0 0 6 0 0 0 0 0 0 0 0 0 0 6 0 0 0 0 0 0 0 0 0 0 6 7 0 0 0 0 0 1 0 6 0
Last Time Cost: 00000004 ms
Total Time Cost: 00037345 ms
Total Distance 56: 7 0 0 6 6 0 0 0 0 0 0 0 6 0 0 0 0 0 0 0 0 0 0 0 0 6 0 0 0 0 0 0 0 0 0 0 6 0 0 0 0 0 0 0 0 0 0 6 7 0 0 0 0 0 0 0 6 0
Last Time Cost: 00001008 ms
Total Time Cost: 00038353 ms
Total Distance 54: 7 0 0 6 6 0 0 0 0 0 0 0 6 0 0 0 0 0 0 0 0 0 0 0 0 6 0 0 0 0 0 0 0 0 0 0 6 0 0 0 0 0 0 0 0 0 0 5 6 0 0 0 0 0 0 0 6 0
Last Time Cost: 00000062 ms
Total Time Cost: 00038415 ms
Total Distance 52: 7 0 0 6 6 0 0 0 0 0 0 0 6 0 0 0 0 0 0 0 0 0 0 0 0 6 0 0 0 0 0 0 0 0 0 0 6 0 0 0 0 0 0 0 0 0 0 4 5 0 0 0 0 0 0 0 6 0
Last Time Cost: 00000006 ms
Total Time Cost: 00038421 ms
Total Distance 51: 7 0 0 6 6 0 0 0 0 0 0 0 6 0 0 0 0 0 0 0 0 0 0 0 0 6 0 0 0 0 0 0 0 0 0 0 6 0 0 0 0 0 0 0 0 0 0 3 5 0 0 0 0 0 0 0 6 0
Last Time Cost: 00000005 ms
Total Time Cost: 00038426 ms
Total Distance 50: 7 0 0 6 6 0 0 0 0 0 0 0 6 0 0 0 0 0 0 0 0 0 0 0 0 6 0 0 0 0 0 0 0 0 0 0 6 0 0 0 0 0 0 0 0 0 0 2 5 0 0 0 0 0 0 0 6 0
Last Time Cost: 00000004 ms
Total Time Cost: 00038430 ms
Total Distance 49: 7 0 0 6 6 0 0 0 0 0 0 0 6 0 0 0 0 0 0 0 0 0 0 0 0 6 0 0 0 0 0 0 0 0 0 0 6 0 0 0 0 0 0 0 0 0 0 1 5 0 0 0 0 0 0 0 6 0
Last Time Cost: 00000004 ms
Total Time Cost: 00038434 ms
Total Distance 48: 7 0 0 6 6 0 0 0 0 0 0 0 6 0 0 0 0 0 0 0 0 0 0 0 0 6 0 0 0 0 0 0 0 0 0 0 6 0 0 0 0 0 0 0 0 0 0 0 5 0 0 0 0 0 0 0 6 0
Last Time Cost: 00000067 ms
Total Time Cost: 00038501 ms
Total Distance 46: 6 0 0 6 6 0 0 0 0 0 0 0 6 0 0 0 0 0 0 0 0 0 0 0 0 6 0 0 0 0 0 0 0 0 0 0 6 0 0 0 0 0 0 0 0 0 0 0 4 0 0 0 0 0 0 0 6 0
Last Time Cost: 00000005 ms
Total Time Cost: 00038506 ms
Total Distance 45: 6 0 0 6 6 0 0 0 0 0 0 0 6 0 0 0 0 0 0 0 0 0 0 0 0 6 0 0 0 0 0 0 0 0 0 0 6 0 0 0 0 0 0 0 0 0 0 0 3 0 0 0 0 0 0 0 6 0
Last Time Cost: 00000004 ms
Total Time Cost: 00038510 ms
Total Distance 44: 6 0 0 6 6 0 0 0 0 0 0 0 6 0 0 0 0 0 0 0 0 0 0 0 0 6 0 0 0 0 0 0 0 0 0 0 6 0 0 0 0 0 0 0 0 0 0 0 2 0 0 0 0 0 0 0 6 0
Last Time Cost: 00000004 ms
Total Time Cost: 00038514 ms
Total Distance 43: 6 0 0 6 6 0 0 0 0 0 0 0 6 0 0 0 0 0 0 0 0 0 0 0 0 6 0 0 0 0 0 0 0 0 0 0 6 0 0 0 0 0 0 0 0 0 0 0 1 0 0 0 0 0 0 0 6 0
Last Time Cost: 00000004 ms
Total Time Cost: 00038518 ms
Total Distance 42: 6 0 0 6 6 0 0 0 0 0 0 0 6 0 0 0 0 0 0 0 0 0 0 0 0 6 0 0 0 0 0 0 0 0 0 0 6 0 0 0 0 0 0 0 0 0 0 0 0 0 0 0 0 0 0 0 6 0
Last Time Cost: 00001015 ms
Total Time Cost: 00039533 ms
Total Distance 41: 6 0 0 6 6 0 0 0 0 0 0 0 5 0 0 0 0 0 0 0 0 0 0 0 0 6 0 0 0 0 0 0 0 0 0 0 6 0 0 0 0 0 0 0 0 0 0 0 0 0 0 0 0 0 0 0 6 0
Last Time Cost: 00000065 ms
Total Time Cost: 00039598 ms
Total Distance 40: 6 0 0 6 6 0 0 0 0 0 0 0 4 0 0 0 0 0 0 0 0 0 0 0 0 6 0 0 0 0 0 0 0 0 0 0 6 0 0 0 0 0 0 0 0 0 0 0 0 0 0 0 0 0 0 0 6 0
Last Time Cost: 00000005 ms
Total Time Cost: 00039603 ms
Total Distance 39: 6 0 0 6 6 0 0 0 0 0 0 0 3 0 0 0 0 0 0 0 0 0 0 0 0 6 0 0 0 0 0 0 0 0 0 0 6 0 0 0 0 0 0 0 0 0 0 0 0 0 0 0 0 0 0 0 6 0
Last Time Cost: 00000004 ms
Total Time Cost: 00039607 ms
Total Distance 38: 6 0 0 6 6 0 0 0 0 0 0 0 2 0 0 0 0 0 0 0 0 0 0 0 0 6 0 0 0 0 0 0 0 0 0 0 6 0 0 0 0 0 0 0 0 0 0 0 0 0 0 0 0 0 0 0 6 0
Last Time Cost: 00000005 ms
Total Time Cost: 00039612 ms
Total Distance 37: 6 0 0 6 6 0 0 0 0 0 0 0 1 0 0 0 0 0 0 0 0 0 0 0 0 6 0 0 0 0 0 0 0 0 0 0 6 0 0 0 0 0 0 0 0 0 0 0 0 0 0 0 0 0 0 0 6 0
Last Time Cost: 00000004 ms
Total Time Cost: 00039616 ms
Total Distance 36: 6 0 0 6 6 0 0 0 0 0 0 0 0 0 0 0 0 0 0 0 0 0 0 0 0 6 0 0 0 0 0 0 0 0 0 0 6 0 0 0 0 0 0 0 0 0 0 0 0 0 0 0 0 0 0 0 6 0
Last Time Cost: 00000982 ms
Total Time Cost: 00040598 ms
Total Distance 35: 6 0 0 6 6 0 0 0 0 0 0 0 0 0 0 0 0 0 0 0 0 0 0 0 0 6 0 0 0 0 0 0 0 0 0 0 5 0 0 0 0 0 0 0 0 0 0 0 0 0 0 0 0 0 0 0 6 0
Last Time Cost: 00000071 ms
Total Time Cost: 00040669 ms
Total Distance 34: 6 0 0 6 6 0 0 0 0 0 0 0 0 0 0 0 0 0 0 0 0 0 0 0 0 6 0 0 0 0 0 0 0 0 0 0 4 0 0 0 0 0 0 0 0 0 0 0 0 0 0 0 0 0 0 0 6 0
Last Time Cost: 00000005 ms
Total Time Cost: 00040674 ms
Total Distance 33: 6 0 0 6 6 0 0 0 0 0 0 0 0 0 0 0 0 0 0 0 0 0 0 0 0 6 0 0 0 0 0 0 0 0 0 0 3 0 0 0 0 0 0 0 0 0 0 0 0 0 0 0 0 0 0 0 6 0
Last Time Cost: 00000005 ms
Total Time Cost: 00040679 ms
Total Distance 32: 6 0 0 6 6 0 0 0 0 0 0 0 0 0 0 0 0 0 0 0 0 0 0 0 0 6 0 0 0 0 0 0 0 0 0 0 2 0 0 0 0 0 0 0 0 0 0 0 0 0 0 0 0 0 0 0 6 0
Last Time Cost: 00000005 ms
Total Time Cost: 00040684 ms
Total Distance 31: 6 0 0 6 6 0 0 0 0 0 0 0 0 0 0 0 0 0 0 0 0 0 0 0 0 6 0 0 0 0 0 0 0 0 0 0 1 0 0 0 0 0 0 0 0 0 0 0 0 0 0 0 0 0 0 0 6 0
Last Time Cost: 00000005 ms
Total Time Cost: 00040689 ms
Total Distance 30: 6 0 0 6 6 0 0 0 0 0 0 0 0 0 0 0 0 0 0 0 0 0 0 0 0 6 0 0 0 0 0 0 0 0 0 0 0 0 0 0 0 0 0 0 0 0 0 0 0 0 0 0 0 0 0 0 6 0
Last Time Cost: 00000910 ms
Total Time Cost: 00041599 ms
Total Distance 29: 6 0 0 6 5 0 0 0 0 0 0 0 0 0 0 0 0 0 0 0 0 0 0 0 0 6 0 0 0 0 0 0 0 0 0 0 0 0 0 0 0 0 0 0 0 0 0 0 0 0 0 0 0 0 0 0 6 0
Last Time Cost: 00000074 ms
Total Time Cost: 00041673 ms
Total Distance 28: 6 0 0 6 4 0 0 0 0 0 0 0 0 0 0 0 0 0 0 0 0 0 0 0 0 6 0 0 0 0 0 0 0 0 0 0 0 0 0 0 0 0 0 0 0 0 0 0 0 0 0 0 0 0 0 0 6 0
Last Time Cost: 00000005 ms
Total Time Cost: 00041678 ms
Total Distance 27: 6 0 0 6 3 0 0 0 0 0 0 0 0 0 0 0 0 0 0 0 0 0 0 0 0 6 0 0 0 0 0 0 0 0 0 0 0 0 0 0 0 0 0 0 0 0 0 0 0 0 0 0 0 0 0 0 6 0
Last Time Cost: 00000005 ms
Total Time Cost: 00041683 ms
Total Distance 26: 6 0 0 6 2 0 0 0 0 0 0 0 0 0 0 0 0 0 0 0 0 0 0 0 0 6 0 0 0 0 0 0 0 0 0 0 0 0 0 0 0 0 0 0 0 0 0 0 0 0 0 0 0 0 0 0 6 0
Last Time Cost: 00000005 ms
Total Time Cost: 00041688 ms
Total Distance 25: 6 0 0 6 1 0 0 0 0 0 0 0 0 0 0 0 0 0 0 0 0 0 0 0 0 6 0 0 0 0 0 0 0 0 0 0 0 0 0 0 0 0 0 0 0 0 0 0 0 0 0 0 0 0 0 0 6 0
Last Time Cost: 00000005 ms
Total Time Cost: 00041693 ms
Total Distance 24: 6 0 0 6 0 0 0 0 0 0 0 0 0 0 0 0 0 0 0 0 0 0 0 0 0 6 0 0 0 0 0 0 0 0 0 0 0 0 0 0 0 0 0 0 0 0 0 0 0 0 0 0 0 0 0 0 6 0
Last Time Cost: 00000818 ms
Total Time Cost: 00042511 ms
Total Distance 23: 6 0 0 5 0 0 0 0 0 0 0 0 0 0 0 0 0 0 0 0 0 0 0 0 0 6 0 0 0 0 0 0 0 0 0 0 0 0 0 0 0 0 0 0 0 0 0 0 0 0 0 0 0 0 0 0 6 0
Last Time Cost: 00000082 ms
Total Time Cost: 00042593 ms
Total Distance 22: 6 0 0 4 0 0 0 0 0 0 0 0 0 0 0 0 0 0 0 0 0 0 0 0 0 6 0 0 0 0 0 0 0 0 0 0 0 0 0 0 0 0 0 0 0 0 0 0 0 0 0 0 0 0 0 0 6 0
Last Time Cost: 00000005 ms
Total Time Cost: 00042598 ms
Total Distance 21: 6 0 0 3 0 0 0 0 0 0 0 0 0 0 0 0 0 0 0 0 0 0 0 0 0 6 0 0 0 0 0 0 0 0 0 0 0 0 0 0 0 0 0 0 0 0 0 0 0 0 0 0 0 0 0 0 6 0
Last Time Cost: 00000005 ms
Total Time Cost: 00042603 ms
Total Distance 20: 6 0 0 2 0 0 0 0 0 0 0 0 0 0 0 0 0 0 0 0 0 0 0 0 0 6 0 0 0 0 0 0 0 0 0 0 0 0 0 0 0 0 0 0 0 0 0 0 0 0 0 0 0 0 0 0 6 0
Last Time Cost: 00000006 ms
Total Time Cost: 00042609 ms
Total Distance 19: 6 0 0 1 0 0 0 0 0 0 0 0 0 0 0 0 0 0 0 0 0 0 0 0 0 6 0 0 0 0 0 0 0 0 0 0 0 0 0 0 0 0 0 0 0 0 0 0 0 0 0 0 0 0 0 0 6 0
Last Time Cost: 00000005 ms
Total Time Cost: 00042614 ms
Total Distance 18: 6 0 0 0 0 0 0 0 0 0 0 0 0 0 0 0 0 0 0 0 0 0 0 0 0 6 0 0 0 0 0 0 0 0 0 0 0 0 0 0 0 0 0 0 0 0 0 0 0 0 0 0 0 0 0 0 6 0
Last Time Cost: 00000747 ms
Total Time Cost: 00043361 ms
Total Distance 17: 5 0 0 0 0 0 0 0 0 0 0 0 0 0 0 0 0 0 0 0 0 0 0 0 0 6 0 0 0 0 0 0 0 0 0 0 0 0 0 0 0 0 0 0 0 0 0 0 0 0 0 0 0 0 0 0 6 0
Last Time Cost: 00000086 ms
Total Time Cost: 00043447 ms
Total Distance 16: 4 0 0 0 0 0 0 0 0 0 0 0 0 0 0 0 0 0 0 0 0 0 0 0 0 6 0 0 0 0 0 0 0 0 0 0 0 0 0 0 0 0 0 0 0 0 0 0 0 0 0 0 0 0 0 0 6 0
Last Time Cost: 00000006 ms
Total Time Cost: 00043453 ms
Total Distance 15: 3 0 0 0 0 0 0 0 0 0 0 0 0 0 0 0 0 0 0 0 0 0 0 0 0 6 0 0 0 0 0 0 0 0 0 0 0 0 0 0 0 0 0 0 0 0 0 0 0 0 0 0 0 0 0 0 6 0
Last Time Cost: 00000006 ms
Total Time Cost: 00043459 ms
Total Distance 14: 2 0 0 0 0 0 0 0 0 0 0 0 0 0 0 0 0 0 0 0 0 0 0 0 0 6 0 0 0 0 0 0 0 0 0 0 0 0 0 0 0 0 0 0 0 0 0 0 0 0 0 0 0 0 0 0 6 0
Last Time Cost: 00000006 ms
Total Time Cost: 00043465 ms
Total Distance 13: 1 0 0 0 0 0 0 0 0 0 0 0 0 0 0 0 0 0 0 0 0 0 0 0 0 6 0 0 0 0 0 0 0 0 0 0 0 0 0 0 0 0 0 0 0 0 0 0 0 0 0 0 0 0 0 0 6 0
Last Time Cost: 00000006 ms
Total Time Cost: 00043471 ms
Total Distance 12: 0 0 0 0 0 0 0 0 0 0 0 0 0 0 0 0 0 0 0 0 0 0 0 0 0 6 0 0 0 0 0 0 0 0 0 0 0 0 0 0 0 0 0 0 0 0 0 0 0 0 0 0 0 0 0 0 6 0
Last Time Cost: 00000620 ms
Total Time Cost: 00044091 ms
Total Distance 11: 0 0 0 0 0 0 0 0 0 0 0 0 0 0 0 0 0 0 0 0 0 0 0 0 0 5 0 0 0 0 0 0 0 0 0 0 0 0 0 0 0 0 0 0 0 0 0 0 0 0 0 0 0 0 0 0 6 0
Last Time Cost: 00000103 ms
Total Time Cost: 00044194 ms
Total Distance 10: 0 0 0 0 0 0 0 0 0 0 0 0 0 0 0 0 0 0 0 0 0 0 0 0 0 4 0 0 0 0 0 0 0 0 0 0 0 0 0 0 0 0 0 0 0 0 0 0 0 0 0 0 0 0 0 0 6 0
Last Time Cost: 00000006 ms
Total Time Cost: 00044200 ms
Total Distance 9: 0 0 0 0 0 0 0 0 0 0 0 0 0 0 0 0 0 0 0 0 0 0 0 0 0 3 0 0 0 0 0 0 0 0 0 0 0 0 0 0 0 0 0 0 0 0 0 0 0 0 0 0 0 0 0 0 6 0
Last Time Cost: 00000006 ms
Total Time Cost: 00044206 ms
Total Distance 8: 0 0 0 0 0 0 0 0 0 0 0 0 0 0 0 0 0 0 0 0 0 0 0 0 0 2 0 0 0 0 0 0 0 0 0 0 0 0 0 0 0 0 0 0 0 0 0 0 0 0 0 0 0 0 0 0 6 0
Last Time Cost: 00000006 ms
Total Time Cost: 00044212 ms
Total Distance 7: 0 0 0 0 0 0 0 0 0 0 0 0 0 0 0 0 0 0 0 0 0 0 0 0 0 1 0 0 0 0 0 0 0 0 0 0 0 0 0 0 0 0 0 0 0 0 0 0 0 0 0 0 0 0 0 0 6 0
Last Time Cost: 00000006 ms
Total Time Cost: 00044218 ms
Total Distance 6: 0 0 0 0 0 0 0 0 0 0 0 0 0 0 0 0 0 0 0 0 0 0 0 0 0 0 0 0 0 0 0 0 0 0 0 0 0 0 0 0 0 0 0 0 0 0 0 0 0 0 0 0 0 0 0 0 6 0
Last Time Cost: 00000292 ms
Total Time Cost: 00044510 ms
Total Distance 5: 0 0 0 0 0 0 0 0 0 0 0 0 0 0 0 0 0 0 0 0 0 0 0 0 0 0 0 0 0 0 0 0 0 0 0 0 0 0 0 0 0 0 0 0 0 0 0 0 0 0 0 0 0 0 0 0 5 0
Last Time Cost: 00000098 ms
Total Time Cost: 00044608 ms
Total Distance 4: 0 0 0 0 0 0 0 0 0 0 0 0 0 0 0 0 0 0 0 0 0 0 0 0 0 0 0 0 0 0 0 0 0 0 0 0 0 0 0 0 0 0 0 0 0 0 0 0 0 0 0 0 0 0 0 0 4 0
Last Time Cost: 00000001 ms
Total Time Cost: 00044609 ms
Total Distance 3: 0 0 0 0 0 0 0 0 0 0 0 0 0 0 0 0 0 0 0 0 0 0 0 0 0 0 0 0 0 0 0 0 0 0 0 0 0 0 0 0 0 0 0 0 0 0 0 0 0 0 0 0 0 0 0 0 3 0
Last Time Cost: 00000000 ms
Total Time Cost: 00044609 ms
Total Distance 2: 0 0 0 0 0 0 0 0 0 0 0 0 0 0 0 0 0 0 0 0 0 0 0 0 0 0 0 0 0 0 0 0 0 0 0 0 0 0 0 0 0 0 0 0 0 0 0 0 0 0 0 0 0 0 0 0 2 0
Last Time Cost: 00000000 ms
Total Time Cost: 00044609 ms
Total Distance 1: 0 0 0 0 0 0 0 0 0 0 0 0 0 0 0 0 0 0 0 0 0 0 0 0 0 0 0 0 0 0 0 0 0 0 0 0 0 0 0 0 0 0 0 0 0 0 0 0 0 0 0 0 0 0 0 0 1 0
Last Time Cost: 00000000 ms
Total Time Cost: 00044609 ms
Total Distance 0: 0 0 0 0 0 0 0 0 0 0 0 0 0 0 0 0 0 0 0 0 0 0 0 0 0 0 0 0 0 0 0 0 0 0 0 0 0 0 0 0 0 0 0 0 0 0 0 0 0 0 0 0 0 0 0 0 0 0
