Last Time Cost: 00000000 ms
Total Time Cost: 00000000 ms
Total Distance 352: 12 12 12 12 12 12 12 12 10 10 10 10 10 10 10 10 11 11 11 11 11 11 11 11 11 11 11 11 11 11 11 11
Last Time Cost: 00000057 ms
Total Time Cost: 00000057 ms
Total Distance 341: 11 12 11 11 11 12 12 12 9 10 10 9 10 9 10 10 11 11 11 10 10 11 11 11 11 11 11 11 11 11 10 10
Last Time Cost: 00000056 ms
Total Time Cost: 00000113 ms
Total Distance 331: 11 11 10 11 10 12 11 12 9 10 9 8 10 9 9 9 11 11 10 10 10 10 11 11 11 11 11 11 11 11 10 10
Last Time Cost: 00000060 ms
Total Time Cost: 00000173 ms
Total Distance 322: 11 10 9 11 10 12 10 12 8 10 8 8 10 9 9 8 11 11 10 10 10 10 11 11 10 10 10 11 11 11 10 10
Last Time Cost: 00000056 ms
Total Time Cost: 00000229 ms
Total Distance 313: 11 10 9 11 10 12 10 11 8 10 8 8 10 8 9 8 11 10 10 9 10 10 11 10 9 10 10 11 10 11 9 9
Last Time Cost: 00000055 ms
Total Time Cost: 00000284 ms
Total Distance 305: 10 9 9 10 10 12 10 11 7 10 8 8 9 8 9 8 11 10 10 8 10 10 10 10 9 10 10 11 9 11 9 9
Last Time Cost: 00000051 ms
Total Time Cost: 00000335 ms
Total Distance 297: 10 9 9 10 10 12 10 10 7 10 8 8 8 8 9 8 11 9 10 8 9 9 10 10 8 10 10 11 9 10 8 9
Last Time Cost: 00000046 ms
Total Time Cost: 00000381 ms
Total Distance 290: 10 8 8 10 10 12 9 10 6 10 8 8 8 8 9 7 11 9 10 8 9 9 10 10 8 9 9 11 9 10 8 9
Last Time Cost: 00000053 ms
Total Time Cost: 00000434 ms
Total Distance 283: 10 8 7 10 9 12 8 10 6 10 8 7 7 8 9 7 11 9 10 8 9 9 9 10 8 9 9 11 9 10 8 8
Last Time Cost: 00000061 ms
Total Time Cost: 00000495 ms
Total Distance 276: 10 8 7 10 8 12 8 9 6 9 8 7 7 8 8 7 10 9 10 8 9 8 9 10 8 9 9 11 9 10 7 8
Last Time Cost: 00000056 ms
Total Time Cost: 00000551 ms
Total Distance 270: 10 8 7 10 8 12 8 8 6 9 8 7 7 8 8 7 10 8 10 8 8 7 9 10 7 9 9 11 9 9 7 8
Last Time Cost: 00000061 ms
Total Time Cost: 00000612 ms
Total Distance 264: 9 8 7 10 7 12 8 7 6 9 8 7 7 8 8 7 10 8 10 8 8 7 9 9 7 9 9 11 8 8 7 8
Last Time Cost: 00000067 ms
Total Time Cost: 00000679 ms
Total Distance 258: 9 8 7 10 7 11 8 7 5 9 8 7 7 8 8 6 9 8 10 8 8 7 9 9 7 9 8 10 8 8 7 8
Last Time Cost: 00000053 ms
Total Time Cost: 00000732 ms
Total Distance 253: 8 8 6 10 7 11 8 7 4 9 8 7 7 8 8 6 9 8 10 8 8 7 9 9 7 9 8 10 8 8 6 7
Last Time Cost: 00000058 ms
Total Time Cost: 00000790 ms
Total Distance 248: 8 8 6 10 7 11 8 6 4 9 8 7 7 8 8 6 9 7 10 8 8 7 9 8 6 9 8 10 8 8 6 6
Last Time Cost: 00000063 ms
Total Time Cost: 00000853 ms
Total Distance 243: 8 8 6 10 7 11 8 6 4 9 8 6 7 7 8 6 9 7 10 8 8 7 8 8 5 8 8 10 8 8 6 6
Last Time Cost: 00000066 ms
Total Time Cost: 00000919 ms
Total Distance 238: 8 8 6 9 7 11 8 5 4 9 7 6 7 7 8 6 9 7 10 8 8 7 8 8 5 7 8 10 8 7 6 6
Last Time Cost: 00000076 ms
Total Time Cost: 00000995 ms
Total Distance 233: 7 8 6 9 7 11 8 5 4 8 7 6 7 7 8 6 9 7 9 8 8 6 8 8 5 7 8 9 8 7 6 6
Last Time Cost: 00000082 ms
Total Time Cost: 00001077 ms
Total Distance 229: 7 8 5 9 6 11 7 5 4 8 7 5 7 7 8 6 9 7 9 8 8 6 8 8 5 7 8 9 8 7 6 6
Last Time Cost: 00000094 ms
Total Time Cost: 00001171 ms
Total Distance 225: 7 8 5 9 6 11 7 5 4 8 7 4 7 6 8 6 9 7 9 7 7 6 8 8 5 7 8 9 8 7 6 6
Last Time Cost: 00000109 ms
Total Time Cost: 00001280 ms
Total Distance 221: 7 8 5 9 6 11 7 5 4 8 7 4 7 5 8 6 9 7 9 6 7 6 8 8 5 7 8 9 7 7 5 6
Last Time Cost: 00000125 ms
Total Time Cost: 00001405 ms
Total Distance 217: 7 8 5 8 6 11 7 5 3 8 7 4 6 5 8 6 9 7 9 5 7 6 8 8 5 7 8 9 7 7 5 6
Last Time Cost: 00000133 ms
Total Time Cost: 00001538 ms
Total Distance 213: 7 7 5 8 6 11 7 5 3 8 6 4 6 5 7 6 9 7 8 5 7 6 8 8 5 7 8 9 7 7 5 6
Last Time Cost: 00000143 ms
Total Time Cost: 00001681 ms
Total Distance 209: 7 7 5 8 6 11 7 5 3 8 6 4 6 5 7 6 9 7 8 4 7 6 8 8 5 7 7 8 7 6 5 6
Last Time Cost: 00000152 ms
Total Time Cost: 00001833 ms
Total Distance 205: 7 7 4 8 5 10 7 5 3 8 6 4 6 5 7 6 9 7 8 4 7 5 8 8 5 7 7 8 7 6 5 6
Last Time Cost: 00000041 ms
Total Time Cost: 00001874 ms
Total Distance 201: 7 6 4 8 5 10 7 5 3 7 6 4 6 5 7 6 9 6 7 4 7 5 8 8 5 7 7 8 7 6 5 6
Last Time Cost: 00000043 ms
Total Time Cost: 00001917 ms
Total Distance 197: 7 6 4 7 5 10 7 4 3 7 6 4 6 5 7 6 9 6 7 4 7 5 8 8 5 7 7 8 6 5 5 6
Last Time Cost: 00000048 ms
Total Time Cost: 00001965 ms
Total Distance 193: 7 6 4 7 5 9 7 4 3 7 6 4 6 5 7 6 9 5 6 4 6 5 8 8 5 7 7 8 6 5 5 6
Last Time Cost: 00000045 ms
Total Time Cost: 00002010 ms
Total Distance 189: 7 6 4 6 5 9 7 4 3 7 5 4 6 5 7 6 9 5 6 4 6 5 8 7 5 7 7 7 6 5 5 6
Last Time Cost: 00000048 ms
Total Time Cost: 00002058 ms
Total Distance 185: 7 6 4 6 5 9 7 4 3 7 5 4 6 5 7 5 8 5 6 4 5 5 7 7 5 7 7 7 6 5 5 6
Last Time Cost: 00000034 ms
Total Time Cost: 00002092 ms
Total Distance 182: 7 6 4 6 5 9 7 4 3 7 5 4 6 4 7 5 8 5 6 3 5 5 7 7 5 7 7 7 6 5 4 6
Last Time Cost: 00000038 ms
Total Time Cost: 00002130 ms
Total Distance 179: 7 6 4 6 5 9 7 3 3 7 5 4 6 4 7 5 8 5 6 3 5 5 7 7 5 7 7 7 5 4 4 6
Last Time Cost: 00000041 ms
Total Time Cost: 00002171 ms
Total Distance 176: 7 5 3 5 5 9 7 3 3 7 5 4 6 4 7 5 8 5 6 3 5 5 7 7 5 7 7 7 5 4 4 6
Last Time Cost: 00000046 ms
Total Time Cost: 00002217 ms
Total Distance 173: 7 5 3 5 5 9 7 3 3 7 5 3 6 4 7 5 8 5 6 3 5 5 6 7 4 7 7 7 5 4 4 6
Last Time Cost: 00000049 ms
Total Time Cost: 00002266 ms
Total Distance 170: 7 4 3 5 5 9 7 3 3 6 5 3 6 4 7 5 8 5 5 3 5 5 6 7 4 7 7 7 5 4 4 6
Last Time Cost: 00000051 ms
Total Time Cost: 00002317 ms
Total Distance 167: 7 4 3 5 5 9 7 3 3 5 5 3 6 4 7 5 8 5 4 3 5 5 6 7 4 7 7 6 5 4 4 6
Last Time Cost: 00000053 ms
Total Time Cost: 00002370 ms
Total Distance 164: 7 4 3 5 5 8 7 3 3 5 5 3 5 4 7 5 8 5 4 2 5 5 6 7 4 7 7 6 5 4 4 6
Last Time Cost: 00000020 ms
Total Time Cost: 00002390 ms
Total Distance 161: 7 4 3 5 5 8 7 3 3 5 5 3 5 4 6 5 8 5 4 2 5 5 6 6 4 7 7 6 4 4 4 6
Last Time Cost: 00000017 ms
Total Time Cost: 00002407 ms
Total Distance 158: 7 4 3 5 5 8 7 3 3 5 5 3 5 4 6 5 7 5 4 2 4 5 5 6 4 7 7 6 4 4 4 6
Last Time Cost: 00000017 ms
Total Time Cost: 00002424 ms
Total Distance 155: 7 4 3 5 5 8 7 3 3 5 5 3 5 4 6 5 7 5 4 2 4 5 5 5 3 7 7 6 4 4 4 5
Last Time Cost: 00000018 ms
Total Time Cost: 00002442 ms
Total Distance 152: 7 4 3 5 5 8 7 3 3 5 5 3 5 4 6 5 6 5 4 2 4 5 5 5 3 7 6 5 4 4 4 5
Last Time Cost: 00000014 ms
Total Time Cost: 00002456 ms
Total Distance 150: 7 4 3 5 5 8 7 3 3 5 5 3 5 3 6 5 6 5 4 1 4 5 5 5 3 7 6 5 4 4 4 5
Last Time Cost: 00000001 ms
Total Time Cost: 00002457 ms
Total Distance 149: 7 4 3 5 5 8 7 3 3 5 5 3 5 3 6 5 6 5 4 0 4 5 5 5 3 7 6 5 4 4 4 5
Last Time Cost: 00000016 ms
Total Time Cost: 00002473 ms
Total Distance 147: 7 4 3 5 5 8 7 3 3 5 5 2 5 2 6 5 6 5 4 0 4 5 5 5 3 7 6 5 4 4 4 5
Last Time Cost: 00000018 ms
Total Time Cost: 00002491 ms
Total Distance 144: 7 4 3 5 4 8 7 3 3 4 5 2 5 2 6 5 6 5 4 0 4 4 5 5 3 7 6 5 4 4 4 5
Last Time Cost: 00000019 ms
Total Time Cost: 00002510 ms
Total Distance 142: 7 4 3 5 4 8 7 3 3 4 5 2 5 2 6 5 6 5 4 0 4 4 4 5 2 7 6 5 4 4 4 5
Last Time Cost: 00000020 ms
Total Time Cost: 00002530 ms
Total Distance 140: 7 4 3 5 4 8 7 3 3 4 5 2 5 2 6 5 6 5 4 0 4 4 4 4 2 7 6 5 3 4 4 5
Last Time Cost: 00000022 ms
Total Time Cost: 00002552 ms
Total Distance 138: 7 3 2 5 4 8 7 3 3 4 5 2 5 2 6 5 6 5 4 0 4 4 4 4 2 7 6 5 3 4 4 5
Last Time Cost: 00000023 ms
Total Time Cost: 00002575 ms
Total Distance 135: 6 3 2 5 4 8 6 3 3 4 5 2 5 2 6 5 6 5 4 0 4 4 4 4 2 6 6 5 3 4 4 5
Last Time Cost: 00000010 ms
Total Time Cost: 00002585 ms
Total Distance 133: 6 3 2 5 4 8 6 3 3 4 5 2 5 2 6 5 6 4 4 0 3 4 4 4 2 6 6 5 3 4 4 5
Last Time Cost: 00000011 ms
Total Time Cost: 00002596 ms
Total Distance 131: 6 3 2 5 4 8 6 3 3 4 5 2 5 2 6 5 6 4 3 0 3 4 4 4 2 6 6 5 3 4 4 4
Last Time Cost: 00000011 ms
Total Time Cost: 00002607 ms
Total Distance 129: 6 3 2 5 4 8 6 3 3 4 5 2 5 2 6 5 5 4 3 0 2 4 4 4 2 6 6 5 3 4 4 4
Last Time Cost: 00000012 ms
Total Time Cost: 00002619 ms
Total Distance 127: 6 3 2 5 4 8 6 3 3 4 5 2 4 2 6 5 5 4 3 0 2 4 4 4 2 6 6 5 3 4 3 4
Last Time Cost: 00000012 ms
Total Time Cost: 00002631 ms
Total Distance 125: 6 3 2 5 4 8 6 3 3 4 5 2 4 2 6 5 4 4 3 0 2 4 3 4 2 6 6 5 3 4 3 4
Last Time Cost: 00000013 ms
Total Time Cost: 00002644 ms
Total Distance 123: 6 3 2 5 4 8 6 3 2 4 5 2 4 2 5 5 4 4 3 0 2 4 3 4 2 6 6 5 3 4 3 4
Last Time Cost: 00000014 ms
Total Time Cost: 00002658 ms
Total Distance 121: 6 3 2 5 4 8 5 3 2 4 5 2 4 2 5 5 4 4 3 0 2 4 3 4 2 6 6 5 3 4 2 4
Last Time Cost: 00000014 ms
Total Time Cost: 00002672 ms
Total Distance 119: 5 3 2 5 4 8 5 3 2 4 5 2 4 2 5 5 3 4 3 0 2 4 3 4 2 6 6 5 3 4 2 4
Last Time Cost: 00000015 ms
Total Time Cost: 00002687 ms
Total Distance 117: 5 3 1 5 4 7 5 3 2 4 5 2 4 2 5 5 3 4 3 0 2 4 3 4 2 6 6 5 3 4 2 4
Last Time Cost: 00000001 ms
Total Time Cost: 00002688 ms
Total Distance 116: 5 3 0 5 4 7 5 3 2 4 5 2 4 2 5 5 3 4 3 0 2 4 3 4 2 6 6 5 3 4 2 4
Last Time Cost: 00000012 ms
Total Time Cost: 00002700 ms
Total Distance 114: 5 3 0 5 4 6 5 3 1 4 5 2 4 2 5 5 3 4 3 0 2 4 3 4 2 6 6 5 3 4 2 4
Last Time Cost: 00000001 ms
Total Time Cost: 00002701 ms
Total Distance 113: 5 3 0 5 4 6 5 3 0 4 5 2 4 2 5 5 3 4 3 0 2 4 3 4 2 6 6 5 3 4 2 4
Last Time Cost: 00000004 ms
Total Time Cost: 00002705 ms
Total Distance 111: 4 3 0 4 4 6 5 3 0 4 5 2 4 2 5 5 3 4 3 0 2 4 3 4 2 6 6 5 3 4 2 4
Last Time Cost: 00000003 ms
Total Time Cost: 00002708 ms
Total Distance 109: 4 3 0 3 4 6 5 3 0 4 5 2 4 2 5 5 3 4 3 0 2 4 3 4 2 6 6 4 3 4 2 4
Last Time Cost: 00000003 ms
Total Time Cost: 00002711 ms
Total Distance 107: 4 3 0 3 4 6 5 3 0 4 5 2 4 2 5 5 3 4 3 0 2 4 3 4 2 6 5 4 3 3 2 4
Last Time Cost: 00000003 ms
Total Time Cost: 00002714 ms
Total Distance 105: 4 3 0 3 4 6 5 3 0 4 5 2 4 2 5 5 3 4 2 0 2 4 3 4 2 6 5 3 3 3 2 4
Last Time Cost: 00000003 ms
Total Time Cost: 00002717 ms
Total Distance 103: 4 3 0 3 4 6 5 3 0 4 5 2 4 2 5 5 3 4 2 0 2 4 3 4 2 6 4 2 3 3 2 4
Last Time Cost: 00000003 ms
Total Time Cost: 00002720 ms
Total Distance 101: 4 3 0 3 4 6 5 3 0 4 4 2 4 2 5 4 3 4 2 0 2 4 3 4 2 6 4 2 3 3 2 4
Last Time Cost: 00000003 ms
Total Time Cost: 00002723 ms
Total Distance 99: 4 3 0 3 4 6 5 3 0 4 4 2 4 2 4 4 3 4 2 0 2 4 3 4 2 5 4 2 3 3 2 4
Last Time Cost: 00000002 ms
Total Time Cost: 00002725 ms
Total Distance 97: 4 3 0 3 4 5 5 3 0 4 4 2 4 2 4 4 3 4 2 0 2 4 3 4 2 4 4 2 3 3 2 4
Last Time Cost: 00000001 ms
Total Time Cost: 00002726 ms
Total Distance 95: 4 3 0 3 4 5 5 3 0 4 3 2 4 2 4 3 3 4 2 0 2 4 3 4 2 4 4 2 3 3 2 4
Last Time Cost: 00000001 ms
Total Time Cost: 00002727 ms
Total Distance 93: 4 3 0 3 4 4 5 3 0 4 3 2 4 2 4 3 3 4 2 0 2 4 3 4 2 3 4 2 3 3 2 4
Last Time Cost: 00000001 ms
Total Time Cost: 00002728 ms
Total Distance 92: 4 3 0 3 4 4 5 3 0 4 3 2 4 2 4 3 3 4 2 0 2 4 3 4 2 3 4 1 3 3 2 4
Last Time Cost: 00000000 ms
Total Time Cost: 00002728 ms
Total Distance 91: 4 3 0 3 4 4 5 3 0 4 3 2 4 2 4 3 3 4 2 0 2 4 3 4 2 3 4 0 3 3 2 4
Last Time Cost: 00000001 ms
Total Time Cost: 00002729 ms
Total Distance 90: 4 3 0 3 4 4 5 3 0 4 3 2 4 2 4 3 3 4 2 0 1 4 3 4 2 3 4 0 3 3 2 4
Last Time Cost: 00000000 ms
Total Time Cost: 00002729 ms
Total Distance 89: 4 3 0 3 4 4 5 3 0 4 3 2 4 2 4 3 3 4 2 0 0 4 3 4 2 3 4 0 3 3 2 4
Last Time Cost: 00000001 ms
Total Time Cost: 00002730 ms
Total Distance 88: 4 3 0 3 4 4 5 3 0 4 3 2 4 2 4 3 3 4 2 0 0 4 3 4 2 3 4 0 3 3 1 4
Last Time Cost: 00000000 ms
Total Time Cost: 00002730 ms
Total Distance 87: 4 3 0 3 4 4 5 3 0 4 3 2 4 2 4 3 3 4 2 0 0 4 3 4 2 3 4 0 3 3 0 4
Last Time Cost: 00000001 ms
Total Time Cost: 00002731 ms
Total Distance 86: 4 3 0 3 4 4 5 3 0 4 3 2 4 2 4 3 3 4 2 0 0 4 3 4 1 3 4 0 3 3 0 4
Last Time Cost: 00000000 ms
Total Time Cost: 00002731 ms
Total Distance 85: 4 3 0 3 4 4 5 3 0 4 3 2 4 2 4 3 3 4 2 0 0 4 3 4 0 3 4 0 3 3 0 4
Last Time Cost: 00000001 ms
Total Time Cost: 00002732 ms
Total Distance 84: 4 3 0 3 4 4 5 3 0 4 3 1 4 2 4 3 3 4 2 0 0 4 3 4 0 3 4 0 3 3 0 4
Last Time Cost: 00000000 ms
Total Time Cost: 00002732 ms
Total Distance 83: 4 3 0 3 4 4 5 3 0 4 3 0 4 2 4 3 3 4 2 0 0 4 3 4 0 3 4 0 3 3 0 4
Last Time Cost: 00000001 ms
Total Time Cost: 00002733 ms
Total Distance 82: 4 3 0 3 4 4 5 3 0 4 3 0 4 1 4 3 3 4 2 0 0 4 3 4 0 3 4 0 3 3 0 4
Last Time Cost: 00000000 ms
Total Time Cost: 00002733 ms
Total Distance 81: 4 3 0 3 4 4 5 3 0 4 3 0 4 0 4 3 3 4 2 0 0 4 3 4 0 3 4 0 3 3 0 4
Last Time Cost: 00000001 ms
Total Time Cost: 00002734 ms
Total Distance 80: 4 3 0 3 4 4 5 3 0 4 3 0 4 0 4 3 3 4 1 0 0 4 3 4 0 3 4 0 3 3 0 4
Last Time Cost: 00000000 ms
Total Time Cost: 00002734 ms
Total Distance 79: 4 3 0 3 4 4 5 3 0 4 3 0 4 0 4 3 3 4 0 0 0 4 3 4 0 3 4 0 3 3 0 4
Last Time Cost: 00000001 ms
Total Time Cost: 00002735 ms
Total Distance 78: 4 3 0 3 4 4 5 2 0 4 3 0 4 0 4 3 3 4 0 0 0 4 3 4 0 3 4 0 3 3 0 4
Last Time Cost: 00000001 ms
Total Time Cost: 00002736 ms
Total Distance 77: 4 3 0 3 4 4 5 1 0 4 3 0 4 0 4 3 3 4 0 0 0 4 3 4 0 3 4 0 3 3 0 4
Last Time Cost: 00000000 ms
Total Time Cost: 00002736 ms
Total Distance 76: 4 3 0 3 4 4 5 0 0 4 3 0 4 0 4 3 3 4 0 0 0 4 3 4 0 3 4 0 3 3 0 4
Last Time Cost: 00000001 ms
Total Time Cost: 00002737 ms
Total Distance 75: 4 3 0 3 4 4 5 0 0 4 2 0 4 0 4 3 3 4 0 0 0 4 3 4 0 3 4 0 3 3 0 4
Last Time Cost: 00000001 ms
Total Time Cost: 00002738 ms
Total Distance 74: 4 3 0 3 4 4 5 0 0 4 1 0 4 0 4 3 3 4 0 0 0 4 3 4 0 3 4 0 3 3 0 4
Last Time Cost: 00000000 ms
Total Time Cost: 00002738 ms
Total Distance 73: 4 3 0 3 4 4 5 0 0 4 0 0 4 0 4 3 3 4 0 0 0 4 3 4 0 3 4 0 3 3 0 4
Last Time Cost: 00000001 ms
Total Time Cost: 00002739 ms
Total Distance 72: 4 3 0 3 4 4 5 0 0 4 0 0 4 0 4 2 3 4 0 0 0 4 3 4 0 3 4 0 3 3 0 4
Last Time Cost: 00000001 ms
Total Time Cost: 00002740 ms
Total Distance 71: 4 3 0 3 4 4 5 0 0 4 0 0 4 0 4 1 3 4 0 0 0 4 3 4 0 3 4 0 3 3 0 4
Last Time Cost: 00000000 ms
Total Time Cost: 00002740 ms
Total Distance 70: 4 3 0 3 4 4 5 0 0 4 0 0 4 0 4 0 3 4 0 0 0 4 3 4 0 3 4 0 3 3 0 4
Last Time Cost: 00000001 ms
Total Time Cost: 00002741 ms
Total Distance 69: 4 3 0 3 4 4 5 0 0 4 0 0 4 0 4 0 3 4 0 0 0 4 3 4 0 3 4 0 2 3 0 4
Last Time Cost: 00000001 ms
Total Time Cost: 00002742 ms
Total Distance 68: 4 3 0 3 4 4 5 0 0 4 0 0 4 0 4 0 3 4 0 0 0 4 3 4 0 3 4 0 1 3 0 4
Last Time Cost: 00000000 ms
Total Time Cost: 00002742 ms
Total Distance 67: 4 3 0 3 4 4 5 0 0 4 0 0 4 0 4 0 3 4 0 0 0 4 3 4 0 3 4 0 0 3 0 4
Last Time Cost: 00000002 ms
Total Time Cost: 00002744 ms
Total Distance 66: 4 3 0 2 4 4 5 0 0 4 0 0 4 0 4 0 3 4 0 0 0 4 3 4 0 3 4 0 0 3 0 4
Last Time Cost: 00000000 ms
Total Time Cost: 00002744 ms
Total Distance 65: 4 3 0 1 4 4 5 0 0 4 0 0 4 0 4 0 3 4 0 0 0 4 3 4 0 3 4 0 0 3 0 4
Last Time Cost: 00000000 ms
Total Time Cost: 00002744 ms
Total Distance 64: 4 3 0 0 4 4 5 0 0 4 0 0 4 0 4 0 3 4 0 0 0 4 3 4 0 3 4 0 0 3 0 4
Last Time Cost: 00000002 ms
Total Time Cost: 00002746 ms
Total Distance 63: 4 2 0 0 4 4 5 0 0 4 0 0 4 0 4 0 3 4 0 0 0 4 3 4 0 3 4 0 0 3 0 4
Last Time Cost: 00000000 ms
Total Time Cost: 00002746 ms
Total Distance 62: 4 1 0 0 4 4 5 0 0 4 0 0 4 0 4 0 3 4 0 0 0 4 3 4 0 3 4 0 0 3 0 4
Last Time Cost: 00000000 ms
Total Time Cost: 00002746 ms
Total Distance 61: 4 0 0 0 4 4 5 0 0 4 0 0 4 0 4 0 3 4 0 0 0 4 3 4 0 3 4 0 0 3 0 4
Last Time Cost: 00000002 ms
Total Time Cost: 00002748 ms
Total Distance 60: 4 0 0 0 4 4 5 0 0 4 0 0 4 0 4 0 3 4 0 0 0 4 2 4 0 3 4 0 0 3 0 4
Last Time Cost: 00000000 ms
Total Time Cost: 00002748 ms
Total Distance 59: 4 0 0 0 4 4 5 0 0 4 0 0 4 0 4 0 3 4 0 0 0 4 1 4 0 3 4 0 0 3 0 4
Last Time Cost: 00000000 ms
Total Time Cost: 00002748 ms
Total Distance 58: 4 0 0 0 4 4 5 0 0 4 0 0 4 0 4 0 3 4 0 0 0 4 0 4 0 3 4 0 0 3 0 4
Last Time Cost: 00000002 ms
Total Time Cost: 00002750 ms
Total Distance 57: 4 0 0 0 4 4 5 0 0 4 0 0 4 0 4 0 3 4 0 0 0 4 0 4 0 3 4 0 0 2 0 4
Last Time Cost: 00000001 ms
Total Time Cost: 00002751 ms
Total Distance 56: 4 0 0 0 4 4 5 0 0 4 0 0 4 0 4 0 3 4 0 0 0 4 0 4 0 3 4 0 0 1 0 4
Last Time Cost: 00000000 ms
Total Time Cost: 00002751 ms
Total Distance 55: 4 0 0 0 4 4 5 0 0 4 0 0 4 0 4 0 3 4 0 0 0 4 0 4 0 3 4 0 0 0 0 4
Last Time Cost: 00000002 ms
Total Time Cost: 00002753 ms
Total Distance 54: 4 0 0 0 4 4 5 0 0 4 0 0 4 0 4 0 3 4 0 0 0 4 0 4 0 2 4 0 0 0 0 4
Last Time Cost: 00000000 ms
Total Time Cost: 00002753 ms
Total Distance 53: 4 0 0 0 4 4 5 0 0 4 0 0 4 0 4 0 3 4 0 0 0 4 0 4 0 1 4 0 0 0 0 4
Last Time Cost: 00000000 ms
Total Time Cost: 00002753 ms
Total Distance 52: 4 0 0 0 4 4 5 0 0 4 0 0 4 0 4 0 3 4 0 0 0 4 0 4 0 0 4 0 0 0 0 4
Last Time Cost: 00000002 ms
Total Time Cost: 00002755 ms
Total Distance 51: 4 0 0 0 4 4 5 0 0 4 0 0 4 0 4 0 2 4 0 0 0 4 0 4 0 0 4 0 0 0 0 4
Last Time Cost: 00000000 ms
Total Time Cost: 00002755 ms
Total Distance 50: 4 0 0 0 4 4 5 0 0 4 0 0 4 0 4 0 1 4 0 0 0 4 0 4 0 0 4 0 0 0 0 4
Last Time Cost: 00000000 ms
Total Time Cost: 00002755 ms
Total Distance 49: 4 0 0 0 4 4 5 0 0 4 0 0 4 0 4 0 0 4 0 0 0 4 0 4 0 0 4 0 0 0 0 4
Last Time Cost: 00000002 ms
Total Time Cost: 00002757 ms
Total Distance 48: 4 0 0 0 4 4 5 0 0 4 0 0 3 0 4 0 0 4 0 0 0 4 0 4 0 0 4 0 0 0 0 4
Last Time Cost: 00000000 ms
Total Time Cost: 00002757 ms
Total Distance 47: 4 0 0 0 4 4 5 0 0 4 0 0 2 0 4 0 0 4 0 0 0 4 0 4 0 0 4 0 0 0 0 4
Last Time Cost: 00000000 ms
Total Time Cost: 00002757 ms
Total Distance 46: 4 0 0 0 4 4 5 0 0 4 0 0 1 0 4 0 0 4 0 0 0 4 0 4 0 0 4 0 0 0 0 4
Last Time Cost: 00000000 ms
Total Time Cost: 00002757 ms
Total Distance 45: 4 0 0 0 4 4 5 0 0 4 0 0 0 0 4 0 0 4 0 0 0 4 0 4 0 0 4 0 0 0 0 4
Last Time Cost: 00000003 ms
Total Time Cost: 00002760 ms
Total Distance 44: 4 0 0 0 4 4 5 0 0 4 0 0 0 0 4 0 0 3 0 0 0 4 0 4 0 0 4 0 0 0 0 4
Last Time Cost: 00000000 ms
Total Time Cost: 00002760 ms
Total Distance 43: 4 0 0 0 4 4 5 0 0 4 0 0 0 0 4 0 0 2 0 0 0 4 0 4 0 0 4 0 0 0 0 4
Last Time Cost: 00000000 ms
Total Time Cost: 00002760 ms
Total Distance 42: 4 0 0 0 4 4 5 0 0 4 0 0 0 0 4 0 0 1 0 0 0 4 0 4 0 0 4 0 0 0 0 4
Last Time Cost: 00000000 ms
Total Time Cost: 00002760 ms
Total Distance 41: 4 0 0 0 4 4 5 0 0 4 0 0 0 0 4 0 0 0 0 0 0 4 0 4 0 0 4 0 0 0 0 4
Last Time Cost: 00000003 ms
Total Time Cost: 00002763 ms
Total Distance 40: 3 0 0 0 4 4 5 0 0 4 0 0 0 0 4 0 0 0 0 0 0 4 0 4 0 0 4 0 0 0 0 4
Last Time Cost: 00000000 ms
Total Time Cost: 00002763 ms
Total Distance 39: 2 0 0 0 4 4 5 0 0 4 0 0 0 0 4 0 0 0 0 0 0 4 0 4 0 0 4 0 0 0 0 4
Last Time Cost: 00000000 ms
Total Time Cost: 00002763 ms
Total Distance 38: 1 0 0 0 4 4 5 0 0 4 0 0 0 0 4 0 0 0 0 0 0 4 0 4 0 0 4 0 0 0 0 4
Last Time Cost: 00000000 ms
Total Time Cost: 00002763 ms
Total Distance 37: 0 0 0 0 4 4 5 0 0 4 0 0 0 0 4 0 0 0 0 0 0 4 0 4 0 0 4 0 0 0 0 4
Last Time Cost: 00000003 ms
Total Time Cost: 00002766 ms
Total Distance 35: 0 0 0 0 4 4 4 0 0 4 0 0 0 0 4 0 0 0 0 0 0 4 0 4 0 0 3 0 0 0 0 4
Last Time Cost: 00000001 ms
Total Time Cost: 00002767 ms
Total Distance 34: 0 0 0 0 4 4 4 0 0 4 0 0 0 0 4 0 0 0 0 0 0 4 0 4 0 0 2 0 0 0 0 4
Last Time Cost: 00000000 ms
Total Time Cost: 00002767 ms
Total Distance 33: 0 0 0 0 4 4 4 0 0 4 0 0 0 0 4 0 0 0 0 0 0 4 0 4 0 0 1 0 0 0 0 4
Last Time Cost: 00000000 ms
Total Time Cost: 00002767 ms
Total Distance 32: 0 0 0 0 4 4 4 0 0 4 0 0 0 0 4 0 0 0 0 0 0 4 0 4 0 0 0 0 0 0 0 4
Last Time Cost: 00000001 ms
Total Time Cost: 00002768 ms
Total Distance 30: 0 0 0 0 3 4 3 0 0 4 0 0 0 0 4 0 0 0 0 0 0 4 0 4 0 0 0 0 0 0 0 4
Last Time Cost: 00000001 ms
Total Time Cost: 00002769 ms
Total Distance 29: 0 0 0 0 2 4 3 0 0 4 0 0 0 0 4 0 0 0 0 0 0 4 0 4 0 0 0 0 0 0 0 4
Last Time Cost: 00000000 ms
Total Time Cost: 00002769 ms
Total Distance 28: 0 0 0 0 1 4 3 0 0 4 0 0 0 0 4 0 0 0 0 0 0 4 0 4 0 0 0 0 0 0 0 4
Last Time Cost: 00000000 ms
Total Time Cost: 00002769 ms
Total Distance 27: 0 0 0 0 0 4 3 0 0 4 0 0 0 0 4 0 0 0 0 0 0 4 0 4 0 0 0 0 0 0 0 4
Last Time Cost: 00000001 ms
Total Time Cost: 00002770 ms
Total Distance 26: 0 0 0 0 0 4 2 0 0 4 0 0 0 0 4 0 0 0 0 0 0 4 0 4 0 0 0 0 0 0 0 4
Last Time Cost: 00000000 ms
Total Time Cost: 00002770 ms
Total Distance 25: 0 0 0 0 0 4 1 0 0 4 0 0 0 0 4 0 0 0 0 0 0 4 0 4 0 0 0 0 0 0 0 4
Last Time Cost: 00000000 ms
Total Time Cost: 00002770 ms
Total Distance 24: 0 0 0 0 0 4 0 0 0 4 0 0 0 0 4 0 0 0 0 0 0 4 0 4 0 0 0 0 0 0 0 4
Last Time Cost: 00000001 ms
Total Time Cost: 00002771 ms
Total Distance 23: 0 0 0 0 0 4 0 0 0 4 0 0 0 0 4 0 0 0 0 0 0 4 0 4 0 0 0 0 0 0 0 3
Last Time Cost: 00000000 ms
Total Time Cost: 00002771 ms
Total Distance 21: 0 0 0 0 0 4 0 0 0 4 0 0 0 0 4 0 0 0 0 0 0 3 0 4 0 0 0 0 0 0 0 2
Last Time Cost: 00000001 ms
Total Time Cost: 00002772 ms
Total Distance 20: 0 0 0 0 0 4 0 0 0 4 0 0 0 0 4 0 0 0 0 0 0 3 0 4 0 0 0 0 0 0 0 1
Last Time Cost: 00000000 ms
Total Time Cost: 00002772 ms
Total Distance 19: 0 0 0 0 0 4 0 0 0 4 0 0 0 0 4 0 0 0 0 0 0 3 0 4 0 0 0 0 0 0 0 0
Last Time Cost: 00000001 ms
Total Time Cost: 00002773 ms
Total Distance 18: 0 0 0 0 0 4 0 0 0 4 0 0 0 0 4 0 0 0 0 0 0 2 0 4 0 0 0 0 0 0 0 0
Last Time Cost: 00000000 ms
Total Time Cost: 00002773 ms
Total Distance 17: 0 0 0 0 0 4 0 0 0 4 0 0 0 0 4 0 0 0 0 0 0 1 0 4 0 0 0 0 0 0 0 0
Last Time Cost: 00000000 ms
Total Time Cost: 00002773 ms
Total Distance 16: 0 0 0 0 0 4 0 0 0 4 0 0 0 0 4 0 0 0 0 0 0 0 0 4 0 0 0 0 0 0 0 0
Last Time Cost: 00000001 ms
Total Time Cost: 00002774 ms
Total Distance 15: 0 0 0 0 0 4 0 0 0 4 0 0 0 0 3 0 0 0 0 0 0 0 0 4 0 0 0 0 0 0 0 0
Last Time Cost: 00000000 ms
Total Time Cost: 00002774 ms
Total Distance 14: 0 0 0 0 0 4 0 0 0 4 0 0 0 0 2 0 0 0 0 0 0 0 0 4 0 0 0 0 0 0 0 0
Last Time Cost: 00000000 ms
Total Time Cost: 00002774 ms
Total Distance 13: 0 0 0 0 0 4 0 0 0 4 0 0 0 0 1 0 0 0 0 0 0 0 0 4 0 0 0 0 0 0 0 0
Last Time Cost: 00000000 ms
Total Time Cost: 00002774 ms
Total Distance 12: 0 0 0 0 0 4 0 0 0 4 0 0 0 0 0 0 0 0 0 0 0 0 0 4 0 0 0 0 0 0 0 0
Last Time Cost: 00000001 ms
Total Time Cost: 00002775 ms
Total Distance 11: 0 0 0 0 0 4 0 0 0 3 0 0 0 0 0 0 0 0 0 0 0 0 0 4 0 0 0 0 0 0 0 0
Last Time Cost: 00000000 ms
Total Time Cost: 00002775 ms
Total Distance 10: 0 0 0 0 0 4 0 0 0 2 0 0 0 0 0 0 0 0 0 0 0 0 0 4 0 0 0 0 0 0 0 0
Last Time Cost: 00000000 ms
Total Time Cost: 00002775 ms
Total Distance 9: 0 0 0 0 0 4 0 0 0 1 0 0 0 0 0 0 0 0 0 0 0 0 0 4 0 0 0 0 0 0 0 0
Last Time Cost: 00000000 ms
Total Time Cost: 00002775 ms
Total Distance 8: 0 0 0 0 0 4 0 0 0 0 0 0 0 0 0 0 0 0 0 0 0 0 0 4 0 0 0 0 0 0 0 0
Last Time Cost: 00000001 ms
Total Time Cost: 00002776 ms
Total Distance 7: 0 0 0 0 0 3 0 0 0 0 0 0 0 0 0 0 0 0 0 0 0 0 0 4 0 0 0 0 0 0 0 0
Last Time Cost: 00000000 ms
Total Time Cost: 00002776 ms
Total Distance 6: 0 0 0 0 0 2 0 0 0 0 0 0 0 0 0 0 0 0 0 0 0 0 0 4 0 0 0 0 0 0 0 0
Last Time Cost: 00000000 ms
Total Time Cost: 00002776 ms
Total Distance 5: 0 0 0 0 0 1 0 0 0 0 0 0 0 0 0 0 0 0 0 0 0 0 0 4 0 0 0 0 0 0 0 0
Last Time Cost: 00000000 ms
Total Time Cost: 00002776 ms
Total Distance 4: 0 0 0 0 0 0 0 0 0 0 0 0 0 0 0 0 0 0 0 0 0 0 0 4 0 0 0 0 0 0 0 0
Last Time Cost: 00000001 ms
Total Time Cost: 00002777 ms
Total Distance 3: 0 0 0 0 0 0 0 0 0 0 0 0 0 0 0 0 0 0 0 0 0 0 0 3 0 0 0 0 0 0 0 0
Last Time Cost: 00000000 ms
Total Time Cost: 00002777 ms
Total Distance 2: 0 0 0 0 0 0 0 0 0 0 0 0 0 0 0 0 0 0 0 0 0 0 0 2 0 0 0 0 0 0 0 0
Last Time Cost: 00000000 ms
Total Time Cost: 00002777 ms
Total Distance 1: 0 0 0 0 0 0 0 0 0 0 0 0 0 0 0 0 0 0 0 0 0 0 0 1 0 0 0 0 0 0 0 0
Last Time Cost: 00000000 ms
Total Time Cost: 00002777 ms
Total Distance 0: 0 0 0 0 0 0 0 0 0 0 0 0 0 0 0 0 0 0 0 0 0 0 0 0 0 0 0 0 0 0 0 0
