Last Time Cost: 00000000 ms
Total Time Cost: 00000000 ms
Total Distance 462: 12 12 12 12 12 12 12 12 12 12 10 10 10 10 10 10 10 10 10 10 11 11 11 11 11 11 11 11 11 11 11 11 11 11 11 11 11 11 11 11 11 11
Last Time Cost: 00000560 ms
Total Time Cost: 00000560 ms
Total Distance 452: 12 11 11 12 12 11 12 12 12 12 10 10 10 10 10 10 10 10 10 10 11 11 11 10 11 11 10 10 11 11 11 11 10 10 11 10 11 11 11 11 11 10
Last Time Cost: 00000555 ms
Total Time Cost: 00001115 ms
Total Distance 443: 12 11 11 12 12 10 12 12 12 11 10 10 10 9 10 10 10 10 10 9 11 11 11 10 11 11 10 10 10 10 11 10 10 10 11 10 11 10 11 11 10 10
Last Time Cost: 00000535 ms
Total Time Cost: 00001650 ms
Total Distance 434: 12 10 11 12 11 10 12 12 11 10 10 10 10 8 10 9 10 10 10 9 11 11 11 10 10 10 10 10 10 10 11 10 9 10 11 10 11 10 11 11 10 10
Last Time Cost: 00000528 ms
Total Time Cost: 00002178 ms
Total Distance 426: 12 10 11 11 11 9 12 12 11 9 10 10 9 8 10 9 10 10 9 9 11 11 11 9 10 10 10 10 10 10 11 10 9 10 11 9 11 9 11 11 10 10
Last Time Cost: 00000623 ms
Total Time Cost: 00002801 ms
Total Distance 419: 12 9 11 11 10 9 12 12 10 8 10 10 9 7 10 8 10 10 9 9 11 11 11 9 10 9 10 10 10 10 11 10 9 10 11 9 11 9 11 11 10 10
Last Time Cost: 00000648 ms
Total Time Cost: 00003449 ms
Total Distance 412: 12 9 10 11 10 8 12 12 10 8 10 10 9 7 10 8 10 10 9 9 11 11 11 8 10 9 9 9 10 10 11 10 9 9 11 9 11 9 11 11 10 9
Last Time Cost: 00000706 ms
Total Time Cost: 00004155 ms
Total Distance 405: 12 9 10 11 10 8 12 12 10 8 9 10 9 7 10 8 10 10 9 9 11 11 10 7 10 9 9 9 9 10 11 10 9 9 11 9 10 8 10 11 10 9
Last Time Cost: 00000671 ms
Total Time Cost: 00004826 ms
Total Distance 399: 12 9 9 11 10 8 12 12 10 8 9 10 8 7 9 7 10 10 9 9 11 11 9 7 10 9 9 9 9 10 11 10 9 9 11 9 10 8 9 11 10 9
Last Time Cost: 00000778 ms
Total Time Cost: 00005604 ms
Total Distance 393: 12 9 9 11 10 8 12 12 10 7 9 9 8 7 9 7 9 9 9 9 11 11 9 7 10 9 9 9 9 9 11 10 9 9 11 9 10 8 8 11 10 9
Last Time Cost: 00000895 ms
Total Time Cost: 00006499 ms
Total Distance 387: 12 9 9 11 10 7 12 12 9 7 9 9 8 7 9 7 9 9 9 9 10 11 9 7 10 9 9 9 9 8 11 10 9 9 11 8 10 8 7 11 10 9
Last Time Cost: 00000937 ms
Total Time Cost: 00007436 ms
Total Distance 381: 12 9 9 11 10 6 11 12 8 7 9 9 8 7 9 6 9 9 9 9 9 11 9 7 10 9 9 9 9 8 11 9 9 9 11 8 10 8 7 11 10 9
Last Time Cost: 00001030 ms
Total Time Cost: 00008466 ms
Total Distance 375: 12 9 9 11 9 6 11 12 8 7 9 9 8 7 9 6 9 8 9 9 9 10 9 6 9 9 9 9 9 8 11 9 9 9 11 8 9 8 7 11 10 9
Last Time Cost: 00001072 ms
Total Time Cost: 00009538 ms
Total Distance 369: 11 9 9 11 8 6 11 12 7 7 9 9 8 7 9 6 9 8 9 9 9 10 9 6 8 8 9 9 9 8 11 9 9 9 11 8 9 8 7 11 9 9
Last Time Cost: 00001150 ms
Total Time Cost: 00010688 ms
Total Distance 363: 10 9 9 10 8 6 11 12 7 7 9 9 8 6 9 6 9 8 9 9 9 9 9 6 8 8 8 9 9 8 11 9 9 9 11 8 9 8 7 11 8 9
Last Time Cost: 00001019 ms
Total Time Cost: 00011707 ms
Total Distance 358: 10 8 9 10 8 6 11 12 6 6 9 9 8 5 9 6 9 8 9 9 9 9 9 6 8 7 8 9 9 8 11 9 9 9 11 8 9 8 7 11 8 9
Last Time Cost: 00001159 ms
Total Time Cost: 00012866 ms
Total Distance 353: 10 8 9 10 8 6 11 12 6 6 9 8 8 5 9 6 9 8 8 9 9 8 9 6 8 7 7 9 9 8 11 9 8 9 11 8 9 8 7 11 8 9
Last Time Cost: 00001273 ms
Total Time Cost: 00014139 ms
Total Distance 348: 10 8 9 10 8 6 10 12 6 6 9 8 8 5 8 6 9 8 7 9 9 8 9 6 8 7 7 9 9 8 11 9 8 8 11 8 9 8 7 11 7 9
Last Time Cost: 00001204 ms
Total Time Cost: 00015343 ms
Total Distance 343: 10 7 9 10 8 6 10 12 6 6 9 8 8 5 8 6 9 8 7 8 9 7 9 6 8 7 7 9 9 8 11 8 8 8 11 8 9 8 7 10 7 9
Last Time Cost: 00001092 ms
Total Time Cost: 00016435 ms
Total Distance 338: 9 7 9 10 8 6 10 12 6 6 9 8 8 5 8 6 9 8 7 8 8 7 9 6 8 7 7 9 9 8 11 8 8 7 10 8 9 8 7 10 7 8
Last Time Cost: 00000921 ms
Total Time Cost: 00017356 ms
Total Distance 333: 9 7 9 10 8 6 9 11 6 6 9 8 8 5 8 6 9 8 7 8 8 7 9 6 8 7 7 9 9 8 10 8 8 7 10 8 9 7 7 9 7 8
Last Time Cost: 00000663 ms
Total Time Cost: 00018019 ms
Total Distance 329: 9 7 9 9 8 5 9 11 6 6 9 8 8 5 8 6 9 8 7 8 8 7 9 5 8 7 7 9 9 8 10 8 8 7 10 8 9 6 7 9 7 8
Last Time Cost: 00000731 ms
Total Time Cost: 00018750 ms
Total Distance 325: 9 7 9 9 8 5 9 11 6 6 9 8 8 4 8 6 9 8 7 8 8 7 9 5 8 7 7 9 8 7 10 7 8 7 10 8 9 6 7 9 7 8
Last Time Cost: 00000783 ms
Total Time Cost: 00019533 ms
Total Distance 321: 9 7 9 9 8 5 9 11 6 6 8 8 8 3 7 6 9 7 7 8 8 7 9 5 8 7 7 9 8 7 10 7 8 7 10 8 9 6 7 9 7 8
Last Time Cost: 00000844 ms
Total Time Cost: 00020377 ms
Total Distance 317: 9 7 9 9 8 5 9 11 6 6 8 8 8 3 7 6 9 7 6 8 8 6 9 5 8 7 7 8 8 7 10 7 8 7 10 8 9 6 7 9 7 7
Last Time Cost: 00000922 ms
Total Time Cost: 00021299 ms
Total Distance 313: 9 7 9 9 8 5 9 10 6 6 8 8 8 3 7 5 9 7 6 8 8 6 9 4 8 7 7 8 8 7 9 7 8 7 10 8 9 6 7 9 7 7
Last Time Cost: 00000486 ms
Total Time Cost: 00021785 ms
Total Distance 309: 9 7 9 9 8 5 9 10 6 6 8 8 8 3 7 5 9 7 6 7 8 6 9 4 8 7 7 8 8 7 8 7 8 7 10 8 8 6 7 9 6 7
Last Time Cost: 00000449 ms
Total Time Cost: 00022234 ms
Total Distance 305: 9 7 9 9 8 5 9 9 6 6 8 8 7 3 7 5 9 7 6 7 8 6 9 4 8 7 7 8 8 7 8 7 8 6 10 7 8 6 7 9 6 7
Last Time Cost: 00000488 ms
Total Time Cost: 00022722 ms
Total Distance 301: 9 7 9 8 8 5 9 9 6 6 8 8 7 3 7 5 9 7 6 7 8 6 8 4 8 7 7 8 7 7 8 7 8 6 10 7 8 5 7 9 6 7
Last Time Cost: 00000432 ms
Total Time Cost: 00023154 ms
Total Distance 297: 9 7 9 8 8 5 9 9 6 6 8 8 7 3 7 5 9 6 6 7 8 6 8 4 8 7 7 7 7 7 8 7 8 6 9 7 7 5 7 9 6 7
Last Time Cost: 00000442 ms
Total Time Cost: 00023596 ms
Total Distance 294: 9 7 9 7 8 5 9 9 6 6 8 8 7 3 7 5 9 6 6 7 8 6 8 3 8 7 7 7 7 7 8 7 8 5 9 7 7 5 7 9 6 7
Last Time Cost: 00000484 ms
Total Time Cost: 00024080 ms
Total Distance 291: 9 7 9 7 8 4 9 9 5 6 8 8 7 3 7 5 9 6 6 7 7 6 8 3 8 7 7 7 7 7 8 7 8 5 9 7 7 5 7 9 6 7
Last Time Cost: 00000538 ms
Total Time Cost: 00024618 ms
Total Distance 288: 9 7 9 7 8 4 8 9 5 6 8 8 7 3 7 5 9 6 5 7 7 6 8 3 8 7 7 7 7 7 8 7 8 5 9 7 7 5 7 9 5 7
Last Time Cost: 00000519 ms
Total Time Cost: 00025137 ms
Total Distance 284: 9 7 9 7 8 4 8 8 5 6 8 8 7 3 7 5 9 6 5 7 7 6 8 3 7 7 7 7 7 7 8 7 8 5 8 7 7 5 7 8 5 7
Last Time Cost: 00000337 ms
Total Time Cost: 00025474 ms
Total Distance 281: 9 7 9 7 8 4 8 8 5 6 8 8 7 3 7 5 9 5 5 7 7 6 8 3 6 7 6 7 7 7 8 7 8 5 8 7 7 5 7 8 5 7
Last Time Cost: 00000361 ms
Total Time Cost: 00025835 ms
Total Distance 278: 9 7 9 7 7 4 8 8 5 6 8 8 7 3 7 5 9 4 5 7 7 6 8 3 5 7 6 7 7 7 8 7 8 5 8 7 7 5 7 8 5 7
Last Time Cost: 00000392 ms
Total Time Cost: 00026227 ms
Total Distance 275: 9 7 8 7 7 4 8 8 5 6 8 8 7 3 6 4 9 4 5 7 7 6 8 3 5 7 6 7 7 7 8 7 8 5 8 7 7 5 7 8 5 7
Last Time Cost: 00000324 ms
Total Time Cost: 00026551 ms
Total Distance 272: 9 7 7 7 7 4 8 8 5 6 8 8 7 3 6 3 9 4 5 7 7 6 8 3 5 7 6 7 7 7 8 7 8 5 7 7 7 5 7 8 5 7
Last Time Cost: 00000344 ms
Total Time Cost: 00026895 ms
Total Distance 269: 9 7 6 7 7 4 8 8 5 6 8 7 7 3 6 3 9 4 5 7 7 6 8 3 5 7 6 7 7 7 8 7 8 4 7 7 7 5 7 8 5 7
Last Time Cost: 00000361 ms
Total Time Cost: 00027256 ms
Total Distance 266: 9 7 6 7 7 4 7 8 5 6 8 7 7 3 6 3 9 4 4 7 7 6 8 3 5 7 6 7 7 7 8 7 8 4 7 7 7 5 7 7 5 7
Last Time Cost: 00000388 ms
Total Time Cost: 00027644 ms
Total Distance 263: 9 7 6 7 7 4 7 8 5 6 8 7 7 3 5 3 9 4 4 7 6 6 8 3 5 7 6 7 7 6 8 7 8 4 7 7 7 5 7 7 5 7
Last Time Cost: 00000410 ms
Total Time Cost: 00028054 ms
Total Distance 260: 9 7 6 7 7 4 7 8 5 5 8 7 7 3 5 3 9 4 4 7 6 6 8 3 5 6 6 7 7 6 8 7 8 4 7 7 7 5 7 7 5 6
Last Time Cost: 00000432 ms
Total Time Cost: 00028486 ms
Total Distance 257: 8 7 6 7 6 4 7 8 5 5 8 7 7 3 5 3 9 4 4 7 6 6 8 3 4 6 6 7 7 6 8 7 8 4 7 7 7 5 7 7 5 6
Last Time Cost: 00000291 ms
Total Time Cost: 00028777 ms
Total Distance 254: 8 7 6 6 6 4 7 8 5 5 8 7 7 3 5 3 9 4 4 7 6 6 8 3 4 6 6 7 6 6 8 7 8 4 7 7 6 5 7 7 5 6
Last Time Cost: 00000296 ms
Total Time Cost: 00029073 ms
Total Distance 251: 8 7 6 6 6 4 7 8 5 5 7 7 7 3 5 3 9 4 4 7 6 6 8 3 4 6 5 7 6 6 8 6 8 4 7 7 6 5 7 7 5 6
Last Time Cost: 00000311 ms
Total Time Cost: 00029384 ms
Total Distance 248: 8 7 6 6 6 4 6 7 5 5 7 7 7 3 5 3 9 4 4 7 6 6 8 3 4 6 5 7 6 6 8 6 8 4 7 7 6 5 7 6 5 6
Last Time Cost: 00000315 ms
Total Time Cost: 00029699 ms
Total Distance 245: 8 7 6 6 6 3 6 7 4 5 7 7 7 3 5 3 9 4 4 7 6 6 8 3 4 6 5 7 6 5 8 6 8 4 7 7 6 5 7 6 5 6
Last Time Cost: 00000338 ms
Total Time Cost: 00030037 ms
Total Distance 242: 8 7 6 6 6 3 6 6 4 5 7 7 7 3 5 3 9 4 4 7 6 6 8 3 4 6 5 7 6 5 7 6 8 4 7 7 6 5 7 5 5 6
Last Time Cost: 00000354 ms
Total Time Cost: 00030391 ms
Total Distance 239: 8 7 6 6 6 3 6 6 4 5 7 6 7 3 5 3 8 4 4 7 5 6 8 3 4 6 5 7 6 5 7 6 8 4 7 7 6 5 7 5 5 6
Last Time Cost: 00000135 ms
Total Time Cost: 00030526 ms
Total Distance 237: 8 7 6 6 6 3 6 6 4 5 7 6 7 3 5 3 8 4 4 7 5 6 8 2 4 6 5 7 6 5 7 6 8 3 7 7 6 5 7 5 5 6
Last Time Cost: 00000142 ms
Total Time Cost: 00030668 ms
Total Distance 235: 8 7 6 6 6 2 6 6 4 5 7 6 7 3 5 3 8 4 4 7 5 6 8 2 4 6 5 7 6 5 7 6 8 3 7 7 6 4 7 5 5 6
Last Time Cost: 00000150 ms
Total Time Cost: 00030818 ms
Total Distance 232: 8 7 6 6 6 2 6 6 4 4 7 6 7 3 5 3 8 4 4 7 5 6 8 2 4 5 5 7 6 5 7 6 8 3 7 7 6 4 7 5 5 5
Last Time Cost: 00000159 ms
Total Time Cost: 00030977 ms
Total Distance 230: 8 7 5 6 6 2 6 6 4 4 7 6 7 3 5 3 8 4 4 7 5 6 8 2 4 5 5 7 6 5 7 6 8 2 7 7 6 4 7 5 5 5
Last Time Cost: 00000170 ms
Total Time Cost: 00031147 ms
Total Distance 228: 8 7 4 6 6 2 6 6 4 4 7 6 7 3 5 2 8 4 4 7 5 6 8 2 4 5 5 7 6 5 7 6 8 2 7 7 6 4 7 5 5 5
Last Time Cost: 00000183 ms
Total Time Cost: 00031330 ms
Total Distance 226: 8 7 4 6 6 2 6 6 4 4 7 5 7 3 5 2 8 4 4 7 5 6 8 2 4 5 5 7 6 5 7 6 8 2 7 7 6 3 7 5 5 5
Last Time Cost: 00000192 ms
Total Time Cost: 00031522 ms
Total Distance 223: 8 7 4 6 6 2 6 6 4 4 7 5 7 3 5 2 8 3 4 7 5 6 8 2 4 5 5 7 6 5 7 6 7 2 6 7 6 3 7 5 5 5
Last Time Cost: 00000189 ms
Total Time Cost: 00031711 ms
Total Distance 221: 8 7 4 6 6 2 6 6 4 4 7 5 7 3 4 2 8 3 4 7 5 6 8 2 4 5 5 7 6 5 7 6 7 2 6 7 6 3 7 4 5 5
Last Time Cost: 00000201 ms
Total Time Cost: 00031912 ms
Total Distance 219: 8 7 4 6 6 2 6 5 4 4 7 5 7 3 4 2 8 3 4 7 5 6 8 2 4 5 5 7 6 5 7 6 7 2 6 7 6 3 7 3 5 5
Last Time Cost: 00000213 ms
Total Time Cost: 00032125 ms
Total Distance 217: 8 7 4 6 6 2 6 4 4 4 7 5 7 3 4 2 8 3 4 7 5 6 8 2 4 5 5 7 6 5 7 6 7 2 6 7 6 3 7 2 5 5
Last Time Cost: 00000216 ms
Total Time Cost: 00032341 ms
Total Distance 215: 8 7 4 6 6 2 6 4 4 4 7 5 7 3 4 2 8 3 4 7 4 6 8 2 4 5 5 7 6 5 7 6 7 2 6 7 6 3 7 2 5 4
Last Time Cost: 00000229 ms
Total Time Cost: 00032570 ms
Total Distance 213: 8 7 4 6 6 2 6 4 4 4 7 5 7 3 4 2 8 3 3 7 4 5 8 2 4 5 5 7 6 5 7 6 7 2 6 7 6 3 7 2 5 4
Last Time Cost: 00000244 ms
Total Time Cost: 00032814 ms
Total Distance 211: 8 7 4 6 6 2 6 4 4 4 7 5 7 3 4 2 8 3 3 7 4 5 8 2 4 5 5 6 6 5 7 6 7 2 6 7 6 3 7 2 5 3
Last Time Cost: 00000237 ms
Total Time Cost: 00033051 ms
Total Distance 209: 8 7 3 6 6 2 6 4 4 4 7 5 7 3 4 2 8 3 3 7 4 5 8 2 4 5 5 5 6 5 7 6 7 2 6 7 6 3 7 2 5 3
Last Time Cost: 00000247 ms
Total Time Cost: 00033298 ms
Total Distance 207: 8 7 3 6 6 2 6 4 4 4 7 5 7 3 4 2 8 3 3 7 4 5 8 2 4 4 5 4 6 5 7 6 7 2 6 7 6 3 7 2 5 3
Last Time Cost: 00000261 ms
Total Time Cost: 00033559 ms
Total Distance 205: 8 7 3 5 6 2 6 4 4 4 7 5 7 3 4 2 8 3 3 7 4 5 8 2 4 4 5 3 6 5 7 6 7 2 6 7 6 3 7 2 5 3
Last Time Cost: 00000271 ms
Total Time Cost: 00033830 ms
Total Distance 203: 8 6 3 5 6 2 6 4 3 4 7 5 7 3 4 2 8 3 3 7 4 5 8 2 4 4 5 3 6 5 7 6 7 2 6 7 6 3 7 2 5 3
Last Time Cost: 00000266 ms
Total Time Cost: 00034096 ms
Total Distance 201: 8 6 3 5 6 2 6 4 3 4 7 5 7 2 4 2 8 3 3 7 4 5 8 2 4 4 5 3 5 5 7 6 7 2 6 7 6 3 7 2 5 3
Last Time Cost: 00000284 ms
Total Time Cost: 00034380 ms
Total Distance 199: 8 6 3 4 6 2 6 4 3 4 7 5 7 2 4 2 8 3 3 7 4 5 8 2 4 4 5 3 4 5 7 6 7 2 6 7 6 3 7 2 5 3
Last Time Cost: 00000293 ms
Total Time Cost: 00034673 ms
Total Distance 197: 8 6 3 4 6 2 6 4 3 4 7 5 7 2 4 2 8 3 3 7 4 5 8 2 4 4 5 3 4 4 7 5 7 2 6 7 6 3 7 2 5 3
Last Time Cost: 00000305 ms
Total Time Cost: 00034978 ms
Total Distance 195: 8 6 3 4 6 2 6 4 3 4 7 5 7 2 4 2 8 3 3 7 4 5 8 2 4 4 5 3 4 3 7 5 7 2 6 7 6 3 6 2 5 3
Last Time Cost: 00000296 ms
Total Time Cost: 00035274 ms
Total Distance 193: 8 6 3 4 6 2 6 4 3 4 7 5 7 2 4 2 8 3 3 7 4 5 7 2 3 4 5 3 4 3 7 5 7 2 6 7 6 3 6 2 5 3
Last Time Cost: 00000302 ms
Total Time Cost: 00035576 ms
Total Distance 191: 7 6 3 4 6 2 6 4 3 4 7 5 7 2 4 2 8 3 3 7 4 5 7 2 3 3 5 3 4 3 7 5 7 2 6 7 6 3 6 2 5 3
Last Time Cost: 00000290 ms
Total Time Cost: 00035866 ms
Total Distance 189: 6 6 3 4 6 2 6 4 3 4 7 5 7 2 4 2 8 3 3 7 4 5 7 2 3 3 5 3 4 3 7 5 7 2 6 7 6 3 6 2 4 3
Last Time Cost: 00000276 ms
Total Time Cost: 00036142 ms
Total Distance 187: 6 6 3 4 6 2 6 4 3 4 7 5 7 2 4 2 8 3 3 6 4 5 7 2 3 3 5 3 4 3 7 5 7 2 6 7 6 3 6 2 3 3
Last Time Cost: 00000258 ms
Total Time Cost: 00036400 ms
Total Distance 185: 6 6 3 4 6 2 6 4 3 4 7 5 7 2 4 2 8 3 3 5 4 4 7 2 3 3 5 3 4 3 7 5 7 2 6 7 6 3 6 2 3 3
Last Time Cost: 00000263 ms
Total Time Cost: 00036663 ms
Total Distance 183: 6 6 3 4 6 2 6 4 3 4 7 4 7 2 4 2 8 3 3 5 4 4 7 2 3 3 5 3 4 3 7 5 6 2 6 7 6 3 6 2 3 3
Last Time Cost: 00000243 ms
Total Time Cost: 00036906 ms
Total Distance 181: 6 6 3 4 6 2 6 4 3 4 7 3 7 2 4 2 7 3 3 5 4 4 7 2 3 3 5 3 4 3 7 5 6 2 6 7 6 3 6 2 3 3
Last Time Cost: 00000243 ms
Total Time Cost: 00037149 ms
Total Distance 179: 5 6 3 4 6 2 6 4 3 4 7 3 7 2 4 2 7 3 3 5 4 4 7 2 3 3 5 3 4 3 6 5 6 2 6 7 6 3 6 2 3 3
Last Time Cost: 00000210 ms
Total Time Cost: 00037359 ms
Total Distance 177: 5 6 3 4 6 2 6 4 3 4 7 3 7 2 4 2 7 3 3 5 4 4 7 2 3 3 5 3 4 3 5 5 6 2 5 7 6 3 6 2 3 3
Last Time Cost: 00000220 ms
Total Time Cost: 00037579 ms
Total Distance 175: 5 6 3 4 6 2 6 4 3 4 6 3 7 2 4 2 7 3 3 5 4 4 7 2 3 3 5 3 4 3 5 5 6 2 5 7 6 3 5 2 3 3
Last Time Cost: 00000189 ms
Total Time Cost: 00037768 ms
Total Distance 173: 5 6 3 4 6 2 6 4 3 4 6 2 7 2 4 2 7 3 3 5 4 4 7 2 3 3 5 3 4 3 5 5 5 2 5 7 6 3 5 2 3 3
Last Time Cost: 00000199 ms
Total Time Cost: 00037967 ms
Total Distance 171: 5 6 3 4 6 2 6 4 3 4 6 1 7 2 4 2 6 3 3 5 4 4 7 2 3 3 5 3 4 3 5 5 5 2 5 7 6 3 5 2 3 3
Last Time Cost: 00000001 ms
Total Time Cost: 00037968 ms
Total Distance 170: 5 6 3 4 6 2 6 4 3 4 6 0 7 2 4 2 6 3 3 5 4 4 7 2 3 3 5 3 4 3 5 5 5 2 5 7 6 3 5 2 3 3
Last Time Cost: 00000170 ms
Total Time Cost: 00038138 ms
Total Distance 168: 5 6 3 4 6 2 6 4 3 4 6 0 7 2 4 2 5 3 3 5 4 4 7 2 2 3 5 3 4 3 5 5 5 2 5 7 6 3 5 2 3 3
Last Time Cost: 00000175 ms
Total Time Cost: 00038313 ms
Total Distance 166: 5 6 3 4 6 2 5 4 3 4 6 0 7 2 4 2 4 3 3 5 4 4 7 2 2 3 5 3 4 3 5 5 5 2 5 7 6 3 5 2 3 3
Last Time Cost: 00000181 ms
Total Time Cost: 00038494 ms
Total Distance 164: 5 6 3 4 6 2 4 4 3 4 6 0 7 2 4 2 4 3 3 5 4 4 7 2 2 3 5 3 4 3 5 5 5 2 5 6 6 3 5 2 3 3
Last Time Cost: 00000128 ms
Total Time Cost: 00038622 ms
Total Distance 162: 5 6 3 4 6 2 4 4 3 4 5 0 7 2 4 2 4 3 3 5 4 4 7 2 2 3 5 3 4 3 5 5 5 2 5 6 5 3 5 2 3 3
Last Time Cost: 00000132 ms
Total Time Cost: 00038754 ms
Total Distance 160: 5 5 3 4 6 2 4 4 3 4 5 0 6 2 4 2 4 3 3 5 4 4 7 2 2 3 5 3 4 3 5 5 5 2 5 6 5 3 5 2 3 3
Last Time Cost: 00000078 ms
Total Time Cost: 00038832 ms
Total Distance 158: 5 4 3 4 6 2 4 4 3 4 5 0 5 2 4 2 4 3 3 5 4 4 7 2 2 3 5 3 4 3 5 5 5 2 5 6 5 3 5 2 3 3
Last Time Cost: 00000080 ms
Total Time Cost: 00038912 ms
Total Distance 157: 5 4 3 4 6 1 4 4 3 4 5 0 5 2 4 2 4 3 3 5 4 4 7 2 2 3 5 3 4 3 5 5 5 2 5 6 5 3 5 2 3 3
Last Time Cost: 00000001 ms
Total Time Cost: 00038913 ms
Total Distance 156: 5 4 3 4 6 0 4 4 3 4 5 0 5 2 4 2 4 3 3 5 4 4 7 2 2 3 5 3 4 3 5 5 5 2 5 6 5 3 5 2 3 3
Last Time Cost: 00000086 ms
Total Time Cost: 00038999 ms
Total Distance 155: 5 4 3 4 6 0 4 4 3 4 5 0 5 2 4 2 4 3 3 5 4 4 7 1 2 3 5 3 4 3 5 5 5 2 5 6 5 3 5 2 3 3
Last Time Cost: 00000001 ms
Total Time Cost: 00039000 ms
Total Distance 154: 5 4 3 4 6 0 4 4 3 4 5 0 5 2 4 2 4 3 3 5 4 4 7 0 2 3 5 3 4 3 5 5 5 2 5 6 5 3 5 2 3 3
Last Time Cost: 00000093 ms
Total Time Cost: 00039093 ms
Total Distance 153: 5 4 3 4 6 0 4 4 3 4 5 0 5 1 4 2 4 3 3 5 4 4 7 0 2 3 5 3 4 3 5 5 5 2 5 6 5 3 5 2 3 3
Last Time Cost: 00000001 ms
Total Time Cost: 00039094 ms
Total Distance 152: 5 4 3 4 6 0 4 4 3 4 5 0 5 0 4 2 4 3 3 5 4 4 7 0 2 3 5 3 4 3 5 5 5 2 5 6 5 3 5 2 3 3
Last Time Cost: 00000101 ms
Total Time Cost: 00039195 ms
Total Distance 151: 5 4 3 4 6 0 4 4 3 4 5 0 5 0 4 2 4 3 3 5 4 4 7 0 1 3 5 3 4 3 5 5 5 2 5 6 5 3 5 2 3 3
Last Time Cost: 00000001 ms
Total Time Cost: 00039196 ms
Total Distance 150: 5 4 3 4 6 0 4 4 3 4 5 0 5 0 4 2 4 3 3 5 4 4 7 0 0 3 5 3 4 3 5 5 5 2 5 6 5 3 5 2 3 3
Last Time Cost: 00000110 ms
Total Time Cost: 00039306 ms
Total Distance 148: 5 4 3 4 5 0 4 4 3 4 5 0 5 0 4 2 4 3 3 5 4 4 7 0 0 3 5 3 3 3 5 5 5 2 5 6 5 3 5 2 3 3
Last Time Cost: 00000113 ms
Total Time Cost: 00039419 ms
Total Distance 147: 5 4 3 4 5 0 4 4 3 4 5 0 5 0 4 2 4 3 3 5 4 4 7 0 0 3 5 3 3 3 5 5 5 1 5 6 5 3 5 2 3 3
Last Time Cost: 00000001 ms
Total Time Cost: 00039420 ms
Total Distance 146: 5 4 3 4 5 0 4 4 3 4 5 0 5 0 4 2 4 3 3 5 4 4 7 0 0 3 5 3 3 3 5 5 5 0 5 6 5 3 5 2 3 3
Last Time Cost: 00000121 ms
Total Time Cost: 00039541 ms
Total Distance 145: 5 4 3 4 5 0 4 4 3 4 5 0 5 0 4 2 4 3 3 5 4 4 7 0 0 3 5 3 3 3 5 5 5 0 5 6 5 3 5 1 3 3
Last Time Cost: 00000001 ms
Total Time Cost: 00039542 ms
Total Distance 144: 5 4 3 4 5 0 4 4 3 4 5 0 5 0 4 2 4 3 3 5 4 4 7 0 0 3 5 3 3 3 5 5 5 0 5 6 5 3 5 0 3 3
Last Time Cost: 00000126 ms
Total Time Cost: 00039668 ms
Total Distance 143: 5 4 3 4 5 0 4 4 3 4 5 0 5 0 4 1 4 3 3 5 4 4 7 0 0 3 5 3 3 3 5 5 5 0 5 6 5 3 5 0 3 3
Last Time Cost: 00000001 ms
Total Time Cost: 00039669 ms
Total Distance 142: 5 4 3 4 5 0 4 4 3 4 5 0 5 0 4 0 4 3 3 5 4 4 7 0 0 3 5 3 3 3 5 5 5 0 5 6 5 3 5 0 3 3
Last Time Cost: 00000146 ms
Total Time Cost: 00039815 ms
Total Distance 141: 5 4 3 4 5 0 4 4 3 4 5 0 5 0 4 0 4 3 3 5 4 4 7 0 0 3 5 3 3 2 5 5 5 0 5 6 5 3 5 0 3 3
Last Time Cost: 00000001 ms
Total Time Cost: 00039816 ms
Total Distance 140: 5 4 3 4 5 0 4 4 3 4 5 0 5 0 4 0 4 3 3 5 4 4 7 0 0 3 5 3 3 1 5 5 5 0 5 6 5 3 5 0 3 3
Last Time Cost: 00000001 ms
Total Time Cost: 00039817 ms
Total Distance 139: 5 4 3 4 5 0 4 4 3 4 5 0 5 0 4 0 4 3 3 5 4 4 7 0 0 3 5 3 3 0 5 5 5 0 5 6 5 3 5 0 3 3
Last Time Cost: 00000161 ms
Total Time Cost: 00039978 ms
Total Distance 138: 5 4 3 4 5 0 4 4 3 4 5 0 5 0 4 0 4 3 2 5 4 4 7 0 0 3 5 3 3 0 5 5 5 0 5 6 5 3 5 0 3 3
Last Time Cost: 00000001 ms
Total Time Cost: 00039979 ms
Total Distance 137: 5 4 3 4 5 0 4 4 3 4 5 0 5 0 4 0 4 3 1 5 4 4 7 0 0 3 5 3 3 0 5 5 5 0 5 6 5 3 5 0 3 3
Last Time Cost: 00000001 ms
Total Time Cost: 00039980 ms
Total Distance 136: 5 4 3 4 5 0 4 4 3 4 5 0 5 0 4 0 4 3 0 5 4 4 7 0 0 3 5 3 3 0 5 5 5 0 5 6 5 3 5 0 3 3
Last Time Cost: 00000175 ms
Total Time Cost: 00040155 ms
Total Distance 135: 5 4 3 4 5 0 4 4 3 4 5 0 5 0 4 0 4 3 0 5 4 4 7 0 0 2 5 3 3 0 5 5 5 0 5 6 5 3 5 0 3 3
Last Time Cost: 00000001 ms
Total Time Cost: 00040156 ms
Total Distance 134: 5 4 3 4 5 0 4 4 3 4 5 0 5 0 4 0 4 3 0 5 4 4 7 0 0 1 5 3 3 0 5 5 5 0 5 6 5 3 5 0 3 3
Last Time Cost: 00000001 ms
Total Time Cost: 00040157 ms
Total Distance 133: 5 4 3 4 5 0 4 4 3 4 5 0 5 0 4 0 4 3 0 5 4 4 7 0 0 0 5 3 3 0 5 5 5 0 5 6 5 3 5 0 3 3
Last Time Cost: 00000196 ms
Total Time Cost: 00040353 ms
Total Distance 132: 5 4 3 4 5 0 4 4 2 4 5 0 5 0 4 0 4 3 0 5 4 4 7 0 0 0 5 3 3 0 5 5 5 0 5 6 5 3 5 0 3 3
Last Time Cost: 00000001 ms
Total Time Cost: 00040354 ms
Total Distance 131: 5 4 3 4 5 0 4 4 1 4 5 0 5 0 4 0 4 3 0 5 4 4 7 0 0 0 5 3 3 0 5 5 5 0 5 6 5 3 5 0 3 3
Last Time Cost: 00000001 ms
Total Time Cost: 00040355 ms
Total Distance 130: 5 4 3 4 5 0 4 4 0 4 5 0 5 0 4 0 4 3 0 5 4 4 7 0 0 0 5 3 3 0 5 5 5 0 5 6 5 3 5 0 3 3
Last Time Cost: 00000215 ms
Total Time Cost: 00040570 ms
Total Distance 129: 5 4 2 4 5 0 4 4 0 4 5 0 5 0 4 0 4 3 0 5 4 4 7 0 0 0 5 3 3 0 5 5 5 0 5 6 5 3 5 0 3 3
Last Time Cost: 00000001 ms
Total Time Cost: 00040571 ms
Total Distance 128: 5 4 1 4 5 0 4 4 0 4 5 0 5 0 4 0 4 3 0 5 4 4 7 0 0 0 5 3 3 0 5 5 5 0 5 6 5 3 5 0 3 3
Last Time Cost: 00000001 ms
Total Time Cost: 00040572 ms
Total Distance 127: 5 4 0 4 5 0 4 4 0 4 5 0 5 0 4 0 4 3 0 5 4 4 7 0 0 0 5 3 3 0 5 5 5 0 5 6 5 3 5 0 3 3
Last Time Cost: 00000239 ms
Total Time Cost: 00040811 ms
Total Distance 126: 5 4 0 4 5 0 4 4 0 4 5 0 5 0 4 0 4 3 0 5 4 4 7 0 0 0 5 3 3 0 5 5 5 0 5 6 5 3 5 0 2 3
Last Time Cost: 00000001 ms
Total Time Cost: 00040812 ms
Total Distance 125: 5 4 0 4 5 0 4 4 0 4 5 0 5 0 4 0 4 3 0 5 4 4 7 0 0 0 5 3 3 0 5 5 5 0 5 6 5 3 5 0 1 3
Last Time Cost: 00000001 ms
Total Time Cost: 00040813 ms
Total Distance 124: 5 4 0 4 5 0 4 4 0 4 5 0 5 0 4 0 4 3 0 5 4 4 7 0 0 0 5 3 3 0 5 5 5 0 5 6 5 3 5 0 0 3
Last Time Cost: 00000261 ms
Total Time Cost: 00041074 ms
Total Distance 123: 5 4 0 4 5 0 4 4 0 4 5 0 5 0 4 0 4 3 0 5 4 4 7 0 0 0 5 3 2 0 5 5 5 0 5 6 5 3 5 0 0 3
Last Time Cost: 00000001 ms
Total Time Cost: 00041075 ms
Total Distance 122: 5 4 0 4 5 0 4 4 0 4 5 0 5 0 4 0 4 3 0 5 4 4 7 0 0 0 5 3 1 0 5 5 5 0 5 6 5 3 5 0 0 3
Last Time Cost: 00000001 ms
Total Time Cost: 00041076 ms
Total Distance 121: 5 4 0 4 5 0 4 4 0 4 5 0 5 0 4 0 4 3 0 5 4 4 7 0 0 0 5 3 0 0 5 5 5 0 5 6 5 3 5 0 0 3
Last Time Cost: 00000281 ms
Total Time Cost: 00041357 ms
Total Distance 120: 5 4 0 4 5 0 4 4 0 4 5 0 5 0 4 0 4 2 0 5 4 4 7 0 0 0 5 3 0 0 5 5 5 0 5 6 5 3 5 0 0 3
Last Time Cost: 00000001 ms
Total Time Cost: 00041358 ms
Total Distance 119: 5 4 0 4 5 0 4 4 0 4 5 0 5 0 4 0 4 1 0 5 4 4 7 0 0 0 5 3 0 0 5 5 5 0 5 6 5 3 5 0 0 3
Last Time Cost: 00000001 ms
Total Time Cost: 00041359 ms
Total Distance 118: 5 4 0 4 5 0 4 4 0 4 5 0 5 0 4 0 4 0 0 5 4 4 7 0 0 0 5 3 0 0 5 5 5 0 5 6 5 3 5 0 0 3
Last Time Cost: 00000310 ms
Total Time Cost: 00041669 ms
Total Distance 117: 5 4 0 4 5 0 4 4 0 4 5 0 5 0 4 0 4 0 0 5 4 4 7 0 0 0 5 3 0 0 5 5 5 0 5 6 5 2 5 0 0 3
Last Time Cost: 00000001 ms
Total Time Cost: 00041670 ms
Total Distance 116: 5 4 0 4 5 0 4 4 0 4 5 0 5 0 4 0 4 0 0 5 4 4 7 0 0 0 5 3 0 0 5 5 5 0 5 6 5 1 5 0 0 3
Last Time Cost: 00000001 ms
Total Time Cost: 00041671 ms
Total Distance 115: 5 4 0 4 5 0 4 4 0 4 5 0 5 0 4 0 4 0 0 5 4 4 7 0 0 0 5 3 0 0 5 5 5 0 5 6 5 0 5 0 0 3
Last Time Cost: 00000347 ms
Total Time Cost: 00042018 ms
Total Distance 113: 5 4 0 4 5 0 4 4 0 3 5 0 5 0 4 0 4 0 0 5 4 4 6 0 0 0 5 3 0 0 5 5 5 0 5 6 5 0 5 0 0 3
Last Time Cost: 00000056 ms
Total Time Cost: 00042074 ms
Total Distance 112: 5 4 0 4 5 0 4 4 0 2 5 0 5 0 4 0 4 0 0 5 4 4 6 0 0 0 5 3 0 0 5 5 5 0 5 6 5 0 5 0 0 3
Last Time Cost: 00000001 ms
Total Time Cost: 00042075 ms
Total Distance 111: 5 4 0 4 5 0 4 4 0 1 5 0 5 0 4 0 4 0 0 5 4 4 6 0 0 0 5 3 0 0 5 5 5 0 5 6 5 0 5 0 0 3
Last Time Cost: 00000001 ms
Total Time Cost: 00042076 ms
Total Distance 110: 5 4 0 4 5 0 4 4 0 0 5 0 5 0 4 0 4 0 0 5 4 4 6 0 0 0 5 3 0 0 5 5 5 0 5 6 5 0 5 0 0 3
Last Time Cost: 00000059 ms
Total Time Cost: 00042135 ms
Total Distance 108: 5 4 0 4 5 0 4 4 0 0 5 0 5 0 4 0 3 0 0 5 4 4 5 0 0 0 5 3 0 0 5 5 5 0 5 6 5 0 5 0 0 3
Last Time Cost: 00000058 ms
Total Time Cost: 00042193 ms
Total Distance 106: 5 4 0 4 5 0 4 4 0 0 5 0 5 0 4 0 3 0 0 4 4 4 4 0 0 0 5 3 0 0 5 5 5 0 5 6 5 0 5 0 0 3
Last Time Cost: 00000052 ms
Total Time Cost: 00042245 ms
Total Distance 105: 5 4 0 4 5 0 4 4 0 0 5 0 5 0 4 0 2 0 0 4 4 4 4 0 0 0 5 3 0 0 5 5 5 0 5 6 5 0 5 0 0 3
Last Time Cost: 00000001 ms
Total Time Cost: 00042246 ms
Total Distance 104: 5 4 0 4 5 0 4 4 0 0 5 0 5 0 4 0 1 0 0 4 4 4 4 0 0 0 5 3 0 0 5 5 5 0 5 6 5 0 5 0 0 3
Last Time Cost: 00000001 ms
Total Time Cost: 00042247 ms
Total Distance 103: 5 4 0 4 5 0 4 4 0 0 5 0 5 0 4 0 0 0 0 4 4 4 4 0 0 0 5 3 0 0 5 5 5 0 5 6 5 0 5 0 0 3
Last Time Cost: 00000056 ms
Total Time Cost: 00042303 ms
Total Distance 102: 5 4 0 4 5 0 4 4 0 0 5 0 5 0 4 0 0 0 0 4 4 4 4 0 0 0 5 2 0 0 5 5 5 0 5 6 5 0 5 0 0 3
Last Time Cost: 00000001 ms
Total Time Cost: 00042304 ms
Total Distance 101: 5 4 0 4 5 0 4 4 0 0 5 0 5 0 4 0 0 0 0 4 4 4 4 0 0 0 5 1 0 0 5 5 5 0 5 6 5 0 5 0 0 3
Last Time Cost: 00000001 ms
Total Time Cost: 00042305 ms
Total Distance 100: 5 4 0 4 5 0 4 4 0 0 5 0 5 0 4 0 0 0 0 4 4 4 4 0 0 0 5 0 0 0 5 5 5 0 5 6 5 0 5 0 0 3
Last Time Cost: 00000061 ms
Total Time Cost: 00042366 ms
Total Distance 99: 5 4 0 4 5 0 4 4 0 0 5 0 5 0 4 0 0 0 0 4 4 4 4 0 0 0 5 0 0 0 5 5 5 0 5 6 5 0 5 0 0 2
Last Time Cost: 00000001 ms
Total Time Cost: 00042367 ms
Total Distance 98: 5 4 0 4 5 0 4 4 0 0 5 0 5 0 4 0 0 0 0 4 4 4 4 0 0 0 5 0 0 0 5 5 5 0 5 6 5 0 5 0 0 1
Last Time Cost: 00000001 ms
Total Time Cost: 00042368 ms
Total Distance 97: 5 4 0 4 5 0 4 4 0 0 5 0 5 0 4 0 0 0 0 4 4 4 4 0 0 0 5 0 0 0 5 5 5 0 5 6 5 0 5 0 0 0
Last Time Cost: 00000067 ms
Total Time Cost: 00042435 ms
Total Distance 96: 5 4 0 4 5 0 4 4 0 0 5 0 5 0 4 0 0 0 0 4 3 4 4 0 0 0 5 0 0 0 5 5 5 0 5 6 5 0 5 0 0 0
Last Time Cost: 00000001 ms
Total Time Cost: 00042436 ms
Total Distance 95: 5 4 0 4 5 0 4 4 0 0 5 0 5 0 4 0 0 0 0 4 2 4 4 0 0 0 5 0 0 0 5 5 5 0 5 6 5 0 5 0 0 0
Last Time Cost: 00000001 ms
Total Time Cost: 00042437 ms
Total Distance 94: 5 4 0 4 5 0 4 4 0 0 5 0 5 0 4 0 0 0 0 4 1 4 4 0 0 0 5 0 0 0 5 5 5 0 5 6 5 0 5 0 0 0
Last Time Cost: 00000001 ms
Total Time Cost: 00042438 ms
Total Distance 93: 5 4 0 4 5 0 4 4 0 0 5 0 5 0 4 0 0 0 0 4 0 4 4 0 0 0 5 0 0 0 5 5 5 0 5 6 5 0 5 0 0 0
Last Time Cost: 00000074 ms
Total Time Cost: 00042512 ms
Total Distance 92: 5 4 0 4 5 0 4 3 0 0 5 0 5 0 4 0 0 0 0 4 0 4 4 0 0 0 5 0 0 0 5 5 5 0 5 6 5 0 5 0 0 0
Last Time Cost: 00000001 ms
Total Time Cost: 00042513 ms
Total Distance 91: 5 4 0 4 5 0 4 2 0 0 5 0 5 0 4 0 0 0 0 4 0 4 4 0 0 0 5 0 0 0 5 5 5 0 5 6 5 0 5 0 0 0
Last Time Cost: 00000001 ms
Total Time Cost: 00042514 ms
Total Distance 90: 5 4 0 4 5 0 4 1 0 0 5 0 5 0 4 0 0 0 0 4 0 4 4 0 0 0 5 0 0 0 5 5 5 0 5 6 5 0 5 0 0 0
Last Time Cost: 00000001 ms
Total Time Cost: 00042515 ms
Total Distance 89: 5 4 0 4 5 0 4 0 0 0 5 0 5 0 4 0 0 0 0 4 0 4 4 0 0 0 5 0 0 0 5 5 5 0 5 6 5 0 5 0 0 0
Last Time Cost: 00000085 ms
Total Time Cost: 00042600 ms
Total Distance 88: 5 4 0 4 5 0 4 0 0 0 5 0 5 0 4 0 0 0 0 4 0 4 3 0 0 0 5 0 0 0 5 5 5 0 5 6 5 0 5 0 0 0
Last Time Cost: 00000001 ms
Total Time Cost: 00042601 ms
Total Distance 87: 5 4 0 4 5 0 4 0 0 0 5 0 5 0 4 0 0 0 0 4 0 4 2 0 0 0 5 0 0 0 5 5 5 0 5 6 5 0 5 0 0 0
Last Time Cost: 00000001 ms
Total Time Cost: 00042602 ms
Total Distance 86: 5 4 0 4 5 0 4 0 0 0 5 0 5 0 4 0 0 0 0 4 0 4 1 0 0 0 5 0 0 0 5 5 5 0 5 6 5 0 5 0 0 0
Last Time Cost: 00000001 ms
Total Time Cost: 00042603 ms
Total Distance 85: 5 4 0 4 5 0 4 0 0 0 5 0 5 0 4 0 0 0 0 4 0 4 0 0 0 0 5 0 0 0 5 5 5 0 5 6 5 0 5 0 0 0
Last Time Cost: 00000097 ms
Total Time Cost: 00042700 ms
Total Distance 84: 5 4 0 4 5 0 4 0 0 0 5 0 5 0 4 0 0 0 0 3 0 4 0 0 0 0 5 0 0 0 5 5 5 0 5 6 5 0 5 0 0 0
Last Time Cost: 00000001 ms
Total Time Cost: 00042701 ms
Total Distance 83: 5 4 0 4 5 0 4 0 0 0 5 0 5 0 4 0 0 0 0 2 0 4 0 0 0 0 5 0 0 0 5 5 5 0 5 6 5 0 5 0 0 0
Last Time Cost: 00000002 ms
Total Time Cost: 00042703 ms
Total Distance 82: 5 4 0 4 5 0 4 0 0 0 5 0 5 0 4 0 0 0 0 1 0 4 0 0 0 0 5 0 0 0 5 5 5 0 5 6 5 0 5 0 0 0
Last Time Cost: 00000001 ms
Total Time Cost: 00042704 ms
Total Distance 81: 5 4 0 4 5 0 4 0 0 0 5 0 5 0 4 0 0 0 0 0 0 4 0 0 0 0 5 0 0 0 5 5 5 0 5 6 5 0 5 0 0 0
Last Time Cost: 00000105 ms
Total Time Cost: 00042809 ms
Total Distance 80: 5 4 0 4 5 0 4 0 0 0 5 0 5 0 3 0 0 0 0 0 0 4 0 0 0 0 5 0 0 0 5 5 5 0 5 6 5 0 5 0 0 0
Last Time Cost: 00000002 ms
Total Time Cost: 00042811 ms
Total Distance 79: 5 4 0 4 5 0 4 0 0 0 5 0 5 0 2 0 0 0 0 0 0 4 0 0 0 0 5 0 0 0 5 5 5 0 5 6 5 0 5 0 0 0
Last Time Cost: 00000001 ms
Total Time Cost: 00042812 ms
Total Distance 78: 5 4 0 4 5 0 4 0 0 0 5 0 5 0 1 0 0 0 0 0 0 4 0 0 0 0 5 0 0 0 5 5 5 0 5 6 5 0 5 0 0 0
Last Time Cost: 00000001 ms
Total Time Cost: 00042813 ms
Total Distance 77: 5 4 0 4 5 0 4 0 0 0 5 0 5 0 0 0 0 0 0 0 0 4 0 0 0 0 5 0 0 0 5 5 5 0 5 6 5 0 5 0 0 0
Last Time Cost: 00000115 ms
Total Time Cost: 00042928 ms
Total Distance 76: 5 4 0 4 5 0 3 0 0 0 5 0 5 0 0 0 0 0 0 0 0 4 0 0 0 0 5 0 0 0 5 5 5 0 5 6 5 0 5 0 0 0
Last Time Cost: 00000002 ms
Total Time Cost: 00042930 ms
Total Distance 75: 5 4 0 4 5 0 2 0 0 0 5 0 5 0 0 0 0 0 0 0 0 4 0 0 0 0 5 0 0 0 5 5 5 0 5 6 5 0 5 0 0 0
Last Time Cost: 00000001 ms
Total Time Cost: 00042931 ms
Total Distance 74: 5 4 0 4 5 0 1 0 0 0 5 0 5 0 0 0 0 0 0 0 0 4 0 0 0 0 5 0 0 0 5 5 5 0 5 6 5 0 5 0 0 0
Last Time Cost: 00000001 ms
Total Time Cost: 00042932 ms
Total Distance 73: 5 4 0 4 5 0 0 0 0 0 5 0 5 0 0 0 0 0 0 0 0 4 0 0 0 0 5 0 0 0 5 5 5 0 5 6 5 0 5 0 0 0
Last Time Cost: 00000116 ms
Total Time Cost: 00043048 ms
Total Distance 72: 5 3 0 4 5 0 0 0 0 0 5 0 5 0 0 0 0 0 0 0 0 4 0 0 0 0 5 0 0 0 5 5 5 0 5 6 5 0 5 0 0 0
Last Time Cost: 00000001 ms
Total Time Cost: 00043049 ms
Total Distance 71: 5 2 0 4 5 0 0 0 0 0 5 0 5 0 0 0 0 0 0 0 0 4 0 0 0 0 5 0 0 0 5 5 5 0 5 6 5 0 5 0 0 0
Last Time Cost: 00000001 ms
Total Time Cost: 00043050 ms
Total Distance 70: 5 1 0 4 5 0 0 0 0 0 5 0 5 0 0 0 0 0 0 0 0 4 0 0 0 0 5 0 0 0 5 5 5 0 5 6 5 0 5 0 0 0
Last Time Cost: 00000001 ms
Total Time Cost: 00043051 ms
Total Distance 69: 5 0 0 4 5 0 0 0 0 0 5 0 5 0 0 0 0 0 0 0 0 4 0 0 0 0 5 0 0 0 5 5 5 0 5 6 5 0 5 0 0 0
Last Time Cost: 00000127 ms
Total Time Cost: 00043178 ms
Total Distance 68: 5 0 0 4 5 0 0 0 0 0 5 0 5 0 0 0 0 0 0 0 0 3 0 0 0 0 5 0 0 0 5 5 5 0 5 6 5 0 5 0 0 0
Last Time Cost: 00000001 ms
Total Time Cost: 00043179 ms
Total Distance 67: 5 0 0 4 5 0 0 0 0 0 5 0 5 0 0 0 0 0 0 0 0 2 0 0 0 0 5 0 0 0 5 5 5 0 5 6 5 0 5 0 0 0
Last Time Cost: 00000001 ms
Total Time Cost: 00043180 ms
Total Distance 66: 5 0 0 4 5 0 0 0 0 0 5 0 5 0 0 0 0 0 0 0 0 1 0 0 0 0 5 0 0 0 5 5 5 0 5 6 5 0 5 0 0 0
Last Time Cost: 00000001 ms
Total Time Cost: 00043181 ms
Total Distance 65: 5 0 0 4 5 0 0 0 0 0 5 0 5 0 0 0 0 0 0 0 0 0 0 0 0 0 5 0 0 0 5 5 5 0 5 6 5 0 5 0 0 0
Last Time Cost: 00000138 ms
Total Time Cost: 00043319 ms
Total Distance 64: 5 0 0 3 5 0 0 0 0 0 5 0 5 0 0 0 0 0 0 0 0 0 0 0 0 0 5 0 0 0 5 5 5 0 5 6 5 0 5 0 0 0
Last Time Cost: 00000001 ms
Total Time Cost: 00043320 ms
Total Distance 63: 5 0 0 2 5 0 0 0 0 0 5 0 5 0 0 0 0 0 0 0 0 0 0 0 0 0 5 0 0 0 5 5 5 0 5 6 5 0 5 0 0 0
Last Time Cost: 00000001 ms
Total Time Cost: 00043321 ms
Total Distance 62: 5 0 0 1 5 0 0 0 0 0 5 0 5 0 0 0 0 0 0 0 0 0 0 0 0 0 5 0 0 0 5 5 5 0 5 6 5 0 5 0 0 0
Last Time Cost: 00000001 ms
Total Time Cost: 00043322 ms
Total Distance 61: 5 0 0 0 5 0 0 0 0 0 5 0 5 0 0 0 0 0 0 0 0 0 0 0 0 0 5 0 0 0 5 5 5 0 5 6 5 0 5 0 0 0
Last Time Cost: 00000154 ms
Total Time Cost: 00043476 ms
Total Distance 60: 5 0 0 0 5 0 0 0 0 0 5 0 5 0 0 0 0 0 0 0 0 0 0 0 0 0 5 0 0 0 4 5 5 0 5 6 5 0 5 0 0 0
Last Time Cost: 00000002 ms
Total Time Cost: 00043478 ms
Total Distance 59: 5 0 0 0 5 0 0 0 0 0 5 0 5 0 0 0 0 0 0 0 0 0 0 0 0 0 5 0 0 0 3 5 5 0 5 6 5 0 5 0 0 0
Last Time Cost: 00000001 ms
Total Time Cost: 00043479 ms
Total Distance 58: 5 0 0 0 5 0 0 0 0 0 5 0 5 0 0 0 0 0 0 0 0 0 0 0 0 0 5 0 0 0 2 5 5 0 5 6 5 0 5 0 0 0
Last Time Cost: 00000001 ms
Total Time Cost: 00043480 ms
Total Distance 57: 5 0 0 0 5 0 0 0 0 0 5 0 5 0 0 0 0 0 0 0 0 0 0 0 0 0 5 0 0 0 1 5 5 0 5 6 5 0 5 0 0 0
Last Time Cost: 00000001 ms
Total Time Cost: 00043481 ms
Total Distance 56: 5 0 0 0 5 0 0 0 0 0 5 0 5 0 0 0 0 0 0 0 0 0 0 0 0 0 5 0 0 0 0 5 5 0 5 6 5 0 5 0 0 0
Last Time Cost: 00000157 ms
Total Time Cost: 00043638 ms
Total Distance 54: 5 0 0 0 5 0 0 0 0 0 5 0 5 0 0 0 0 0 0 0 0 0 0 0 0 0 5 0 0 0 0 4 5 0 5 5 5 0 5 0 0 0
Last Time Cost: 00000116 ms
Total Time Cost: 00043754 ms
Total Distance 53: 5 0 0 0 5 0 0 0 0 0 5 0 5 0 0 0 0 0 0 0 0 0 0 0 0 0 5 0 0 0 0 3 5 0 5 5 5 0 5 0 0 0
Last Time Cost: 00000000 ms
Total Time Cost: 00043754 ms
Total Distance 52: 5 0 0 0 5 0 0 0 0 0 5 0 5 0 0 0 0 0 0 0 0 0 0 0 0 0 5 0 0 0 0 2 5 0 5 5 5 0 5 0 0 0
Last Time Cost: 00000000 ms
Total Time Cost: 00043754 ms
Total Distance 51: 5 0 0 0 5 0 0 0 0 0 5 0 5 0 0 0 0 0 0 0 0 0 0 0 0 0 5 0 0 0 0 1 5 0 5 5 5 0 5 0 0 0
Last Time Cost: 00000000 ms
Total Time Cost: 00043754 ms
Total Distance 50: 5 0 0 0 5 0 0 0 0 0 5 0 5 0 0 0 0 0 0 0 0 0 0 0 0 0 5 0 0 0 0 0 5 0 5 5 5 0 5 0 0 0
Last Time Cost: 00000126 ms
Total Time Cost: 00043880 ms
Total Distance 49: 5 0 0 0 5 0 0 0 0 0 5 0 5 0 0 0 0 0 0 0 0 0 0 0 0 0 5 0 0 0 0 0 5 0 5 5 4 0 5 0 0 0
Last Time Cost: 00000000 ms
Total Time Cost: 00043880 ms
Total Distance 48: 5 0 0 0 5 0 0 0 0 0 5 0 5 0 0 0 0 0 0 0 0 0 0 0 0 0 5 0 0 0 0 0 5 0 5 5 3 0 5 0 0 0
Last Time Cost: 00000000 ms
Total Time Cost: 00043880 ms
Total Distance 47: 5 0 0 0 5 0 0 0 0 0 5 0 5 0 0 0 0 0 0 0 0 0 0 0 0 0 5 0 0 0 0 0 5 0 5 5 2 0 5 0 0 0
Last Time Cost: 00000000 ms
Total Time Cost: 00043880 ms
Total Distance 46: 5 0 0 0 5 0 0 0 0 0 5 0 5 0 0 0 0 0 0 0 0 0 0 0 0 0 5 0 0 0 0 0 5 0 5 5 1 0 5 0 0 0
Last Time Cost: 00000000 ms
Total Time Cost: 00043880 ms
Total Distance 45: 5 0 0 0 5 0 0 0 0 0 5 0 5 0 0 0 0 0 0 0 0 0 0 0 0 0 5 0 0 0 0 0 5 0 5 5 0 0 5 0 0 0
Last Time Cost: 00000124 ms
Total Time Cost: 00044004 ms
Total Distance 44: 5 0 0 0 5 0 0 0 0 0 4 0 5 0 0 0 0 0 0 0 0 0 0 0 0 0 5 0 0 0 0 0 5 0 5 5 0 0 5 0 0 0
Last Time Cost: 00000000 ms
Total Time Cost: 00044004 ms
Total Distance 43: 5 0 0 0 5 0 0 0 0 0 3 0 5 0 0 0 0 0 0 0 0 0 0 0 0 0 5 0 0 0 0 0 5 0 5 5 0 0 5 0 0 0
Last Time Cost: 00000000 ms
Total Time Cost: 00044004 ms
Total Distance 42: 5 0 0 0 5 0 0 0 0 0 2 0 5 0 0 0 0 0 0 0 0 0 0 0 0 0 5 0 0 0 0 0 5 0 5 5 0 0 5 0 0 0
Last Time Cost: 00000000 ms
Total Time Cost: 00044004 ms
Total Distance 41: 5 0 0 0 5 0 0 0 0 0 1 0 5 0 0 0 0 0 0 0 0 0 0 0 0 0 5 0 0 0 0 0 5 0 5 5 0 0 5 0 0 0
Last Time Cost: 00000000 ms
Total Time Cost: 00044004 ms
Total Distance 40: 5 0 0 0 5 0 0 0 0 0 0 0 5 0 0 0 0 0 0 0 0 0 0 0 0 0 5 0 0 0 0 0 5 0 5 5 0 0 5 0 0 0
Last Time Cost: 00000119 ms
Total Time Cost: 00044123 ms
Total Distance 39: 5 0 0 0 5 0 0 0 0 0 0 0 5 0 0 0 0 0 0 0 0 0 0 0 0 0 5 0 0 0 0 0 5 0 5 5 0 0 4 0 0 0
Last Time Cost: 00000001 ms
Total Time Cost: 00044124 ms
Total Distance 38: 5 0 0 0 5 0 0 0 0 0 0 0 5 0 0 0 0 0 0 0 0 0 0 0 0 0 5 0 0 0 0 0 5 0 5 5 0 0 3 0 0 0
Last Time Cost: 00000000 ms
Total Time Cost: 00044124 ms
Total Distance 37: 5 0 0 0 5 0 0 0 0 0 0 0 5 0 0 0 0 0 0 0 0 0 0 0 0 0 5 0 0 0 0 0 5 0 5 5 0 0 2 0 0 0
Last Time Cost: 00000000 ms
Total Time Cost: 00044124 ms
Total Distance 36: 5 0 0 0 5 0 0 0 0 0 0 0 5 0 0 0 0 0 0 0 0 0 0 0 0 0 5 0 0 0 0 0 5 0 5 5 0 0 1 0 0 0
Last Time Cost: 00000000 ms
Total Time Cost: 00044124 ms
Total Distance 35: 5 0 0 0 5 0 0 0 0 0 0 0 5 0 0 0 0 0 0 0 0 0 0 0 0 0 5 0 0 0 0 0 5 0 5 5 0 0 0 0 0 0
Last Time Cost: 00000118 ms
Total Time Cost: 00044242 ms
Total Distance 34: 5 0 0 0 5 0 0 0 0 0 0 0 5 0 0 0 0 0 0 0 0 0 0 0 0 0 5 0 0 0 0 0 4 0 5 5 0 0 0 0 0 0
Last Time Cost: 00000000 ms
Total Time Cost: 00044242 ms
Total Distance 33: 5 0 0 0 5 0 0 0 0 0 0 0 5 0 0 0 0 0 0 0 0 0 0 0 0 0 5 0 0 0 0 0 3 0 5 5 0 0 0 0 0 0
Last Time Cost: 00000000 ms
Total Time Cost: 00044242 ms
Total Distance 32: 5 0 0 0 5 0 0 0 0 0 0 0 5 0 0 0 0 0 0 0 0 0 0 0 0 0 5 0 0 0 0 0 2 0 5 5 0 0 0 0 0 0
Last Time Cost: 00000000 ms
Total Time Cost: 00044242 ms
Total Distance 31: 5 0 0 0 5 0 0 0 0 0 0 0 5 0 0 0 0 0 0 0 0 0 0 0 0 0 5 0 0 0 0 0 1 0 5 5 0 0 0 0 0 0
Last Time Cost: 00000000 ms
Total Time Cost: 00044242 ms
Total Distance 30: 5 0 0 0 5 0 0 0 0 0 0 0 5 0 0 0 0 0 0 0 0 0 0 0 0 0 5 0 0 0 0 0 0 0 5 5 0 0 0 0 0 0
Last Time Cost: 00000112 ms
Total Time Cost: 00044354 ms
Total Distance 29: 5 0 0 0 4 0 0 0 0 0 0 0 5 0 0 0 0 0 0 0 0 0 0 0 0 0 5 0 0 0 0 0 0 0 5 5 0 0 0 0 0 0
Last Time Cost: 00000004 ms
Total Time Cost: 00044358 ms
Total Distance 28: 5 0 0 0 3 0 0 0 0 0 0 0 5 0 0 0 0 0 0 0 0 0 0 0 0 0 5 0 0 0 0 0 0 0 5 5 0 0 0 0 0 0
Last Time Cost: 00000000 ms
Total Time Cost: 00044358 ms
Total Distance 27: 5 0 0 0 2 0 0 0 0 0 0 0 5 0 0 0 0 0 0 0 0 0 0 0 0 0 5 0 0 0 0 0 0 0 5 5 0 0 0 0 0 0
Last Time Cost: 00000000 ms
Total Time Cost: 00044358 ms
Total Distance 26: 5 0 0 0 1 0 0 0 0 0 0 0 5 0 0 0 0 0 0 0 0 0 0 0 0 0 5 0 0 0 0 0 0 0 5 5 0 0 0 0 0 0
Last Time Cost: 00000000 ms
Total Time Cost: 00044358 ms
Total Distance 25: 5 0 0 0 0 0 0 0 0 0 0 0 5 0 0 0 0 0 0 0 0 0 0 0 0 0 5 0 0 0 0 0 0 0 5 5 0 0 0 0 0 0
Last Time Cost: 00000099 ms
Total Time Cost: 00044457 ms
Total Distance 24: 5 0 0 0 0 0 0 0 0 0 0 0 5 0 0 0 0 0 0 0 0 0 0 0 0 0 4 0 0 0 0 0 0 0 5 5 0 0 0 0 0 0
Last Time Cost: 00000000 ms
Total Time Cost: 00044457 ms
Total Distance 23: 5 0 0 0 0 0 0 0 0 0 0 0 5 0 0 0 0 0 0 0 0 0 0 0 0 0 3 0 0 0 0 0 0 0 5 5 0 0 0 0 0 0
Last Time Cost: 00000000 ms
Total Time Cost: 00044457 ms
Total Distance 22: 5 0 0 0 0 0 0 0 0 0 0 0 5 0 0 0 0 0 0 0 0 0 0 0 0 0 2 0 0 0 0 0 0 0 5 5 0 0 0 0 0 0
Last Time Cost: 00000000 ms
Total Time Cost: 00044457 ms
Total Distance 21: 5 0 0 0 0 0 0 0 0 0 0 0 5 0 0 0 0 0 0 0 0 0 0 0 0 0 1 0 0 0 0 0 0 0 5 5 0 0 0 0 0 0
Last Time Cost: 00000000 ms
Total Time Cost: 00044457 ms
Total Distance 20: 5 0 0 0 0 0 0 0 0 0 0 0 5 0 0 0 0 0 0 0 0 0 0 0 0 0 0 0 0 0 0 0 0 0 5 5 0 0 0 0 0 0
Last Time Cost: 00000087 ms
Total Time Cost: 00044544 ms
Total Distance 19: 4 0 0 0 0 0 0 0 0 0 0 0 5 0 0 0 0 0 0 0 0 0 0 0 0 0 0 0 0 0 0 0 0 0 5 5 0 0 0 0 0 0
Last Time Cost: 00000000 ms
Total Time Cost: 00044544 ms
Total Distance 18: 3 0 0 0 0 0 0 0 0 0 0 0 5 0 0 0 0 0 0 0 0 0 0 0 0 0 0 0 0 0 0 0 0 0 5 5 0 0 0 0 0 0
Last Time Cost: 00000000 ms
Total Time Cost: 00044544 ms
Total Distance 17: 2 0 0 0 0 0 0 0 0 0 0 0 5 0 0 0 0 0 0 0 0 0 0 0 0 0 0 0 0 0 0 0 0 0 5 5 0 0 0 0 0 0
Last Time Cost: 00000000 ms
Total Time Cost: 00044544 ms
Total Distance 16: 1 0 0 0 0 0 0 0 0 0 0 0 5 0 0 0 0 0 0 0 0 0 0 0 0 0 0 0 0 0 0 0 0 0 5 5 0 0 0 0 0 0
Last Time Cost: 00000000 ms
Total Time Cost: 00044544 ms
Total Distance 15: 0 0 0 0 0 0 0 0 0 0 0 0 5 0 0 0 0 0 0 0 0 0 0 0 0 0 0 0 0 0 0 0 0 0 5 5 0 0 0 0 0 0
Last Time Cost: 00000071 ms
Total Time Cost: 00044615 ms
Total Distance 14: 0 0 0 0 0 0 0 0 0 0 0 0 5 0 0 0 0 0 0 0 0 0 0 0 0 0 0 0 0 0 0 0 0 0 4 5 0 0 0 0 0 0
Last Time Cost: 00000000 ms
Total Time Cost: 00044615 ms
Total Distance 13: 0 0 0 0 0 0 0 0 0 0 0 0 5 0 0 0 0 0 0 0 0 0 0 0 0 0 0 0 0 0 0 0 0 0 3 5 0 0 0 0 0 0
Last Time Cost: 00000000 ms
Total Time Cost: 00044615 ms
Total Distance 12: 0 0 0 0 0 0 0 0 0 0 0 0 5 0 0 0 0 0 0 0 0 0 0 0 0 0 0 0 0 0 0 0 0 0 2 5 0 0 0 0 0 0
Last Time Cost: 00000000 ms
Total Time Cost: 00044615 ms
Total Distance 11: 0 0 0 0 0 0 0 0 0 0 0 0 5 0 0 0 0 0 0 0 0 0 0 0 0 0 0 0 0 0 0 0 0 0 1 5 0 0 0 0 0 0
Last Time Cost: 00000000 ms
Total Time Cost: 00044615 ms
Total Distance 10: 0 0 0 0 0 0 0 0 0 0 0 0 5 0 0 0 0 0 0 0 0 0 0 0 0 0 0 0 0 0 0 0 0 0 0 5 0 0 0 0 0 0
Last Time Cost: 00000051 ms
Total Time Cost: 00044666 ms
Total Distance 9: 0 0 0 0 0 0 0 0 0 0 0 0 4 0 0 0 0 0 0 0 0 0 0 0 0 0 0 0 0 0 0 0 0 0 0 5 0 0 0 0 0 0
Last Time Cost: 00000000 ms
Total Time Cost: 00044666 ms
Total Distance 8: 0 0 0 0 0 0 0 0 0 0 0 0 3 0 0 0 0 0 0 0 0 0 0 0 0 0 0 0 0 0 0 0 0 0 0 5 0 0 0 0 0 0
Last Time Cost: 00000000 ms
Total Time Cost: 00044666 ms
Total Distance 7: 0 0 0 0 0 0 0 0 0 0 0 0 2 0 0 0 0 0 0 0 0 0 0 0 0 0 0 0 0 0 0 0 0 0 0 5 0 0 0 0 0 0
Last Time Cost: 00000000 ms
Total Time Cost: 00044666 ms
Total Distance 6: 0 0 0 0 0 0 0 0 0 0 0 0 1 0 0 0 0 0 0 0 0 0 0 0 0 0 0 0 0 0 0 0 0 0 0 5 0 0 0 0 0 0
Last Time Cost: 00000000 ms
Total Time Cost: 00044666 ms
Total Distance 5: 0 0 0 0 0 0 0 0 0 0 0 0 0 0 0 0 0 0 0 0 0 0 0 0 0 0 0 0 0 0 0 0 0 0 0 5 0 0 0 0 0 0
Last Time Cost: 00000028 ms
Total Time Cost: 00044694 ms
Total Distance 4: 0 0 0 0 0 0 0 0 0 0 0 0 0 0 0 0 0 0 0 0 0 0 0 0 0 0 0 0 0 0 0 0 0 0 0 4 0 0 0 0 0 0
Last Time Cost: 00000000 ms
Total Time Cost: 00044694 ms
Total Distance 3: 0 0 0 0 0 0 0 0 0 0 0 0 0 0 0 0 0 0 0 0 0 0 0 0 0 0 0 0 0 0 0 0 0 0 0 3 0 0 0 0 0 0
Last Time Cost: 00000000 ms
Total Time Cost: 00044694 ms
Total Distance 2: 0 0 0 0 0 0 0 0 0 0 0 0 0 0 0 0 0 0 0 0 0 0 0 0 0 0 0 0 0 0 0 0 0 0 0 2 0 0 0 0 0 0
Last Time Cost: 00000000 ms
Total Time Cost: 00044694 ms
Total Distance 1: 0 0 0 0 0 0 0 0 0 0 0 0 0 0 0 0 0 0 0 0 0 0 0 0 0 0 0 0 0 0 0 0 0 0 0 1 0 0 0 0 0 0
Last Time Cost: 00000000 ms
Total Time Cost: 00044694 ms
Total Distance 0: 0 0 0 0 0 0 0 0 0 0 0 0 0 0 0 0 0 0 0 0 0 0 0 0 0 0 0 0 0 0 0 0 0 0 0 0 0 0 0 0 0 0
