Last Time Cost: 00000000 ms
Total Time Cost: 00000000 ms
Total Distance 484: 12 12 12 12 12 12 12 12 12 12 12 10 10 10 10 10 10 10 10 10 10 10 11 11 11 11 11 11 11 11 11 11 11 11 11 11 11 11 11 11 11 11 11 11
Last Time Cost: 00000823 ms
Total Time Cost: 00000823 ms
Total Distance 475: 12 12 12 12 11 12 12 12 12 11 12 10 10 10 10 10 10 9 9 10 10 9 11 11 11 11 11 10 11 11 11 11 11 11 10 11 11 11 11 11 10 10 11 11
Last Time Cost: 00000890 ms
Total Time Cost: 00001713 ms
Total Distance 467: 11 12 12 12 10 12 12 12 12 11 12 10 9 10 10 10 10 8 9 10 9 9 11 11 11 11 11 10 11 10 11 11 10 11 10 11 11 11 11 11 9 10 11 11
Last Time Cost: 00000972 ms
Total Time Cost: 00002685 ms
Total Distance 459: 11 12 12 12 10 12 12 12 12 11 12 9 9 10 10 10 9 8 9 10 8 9 10 11 10 11 11 10 10 10 11 11 10 10 10 11 11 11 11 11 9 10 11 10
Last Time Cost: 00000967 ms
Total Time Cost: 00003652 ms
Total Distance 452: 11 12 12 12 9 12 12 11 12 11 12 9 8 10 10 10 9 7 9 10 8 9 10 11 10 11 11 10 10 9 11 11 10 10 10 10 11 11 11 11 9 10 11 9
Last Time Cost: 00001050 ms
Total Time Cost: 00004702 ms
Total Distance 445: 11 12 12 12 9 12 12 11 12 11 12 9 8 10 9 10 8 7 9 10 8 9 10 11 10 10 11 10 10 9 11 11 10 10 10 9 11 11 11 10 9 10 10 8
Last Time Cost: 00001080 ms
Total Time Cost: 00005782 ms
Total Distance 438: 11 11 12 12 9 12 12 11 12 11 12 9 8 10 9 9 7 7 9 10 8 9 10 11 10 10 11 10 10 8 10 11 10 10 10 9 11 11 11 9 9 10 9 8
Last Time Cost: 00001178 ms
Total Time Cost: 00006960 ms
Total Distance 431: 11 11 12 12 9 12 12 10 12 11 12 9 8 10 9 8 7 7 9 9 8 9 10 11 9 10 10 10 9 8 9 11 10 10 10 9 11 11 11 9 9 10 9 8
Last Time Cost: 00001262 ms
Total Time Cost: 00008222 ms
Total Distance 424: 10 11 12 12 9 12 12 10 11 11 12 9 8 9 9 8 7 7 9 9 8 9 10 11 9 10 10 9 9 8 9 11 9 10 10 9 10 10 11 9 9 10 9 8
Last Time Cost: 00001211 ms
Total Time Cost: 00009433 ms
Total Distance 418: 9 11 12 12 9 12 12 10 11 11 12 9 7 9 9 8 7 7 9 9 7 9 10 11 9 10 10 9 9 7 9 11 8 10 10 9 10 10 11 9 8 10 9 8
Last Time Cost: 00001386 ms
Total Time Cost: 00010819 ms
Total Distance 412: 9 11 12 12 9 12 12 9 11 11 12 9 6 9 9 8 7 7 9 9 7 9 9 11 8 10 10 8 9 7 9 11 7 10 10 9 10 10 11 9 8 10 9 8
Last Time Cost: 00001554 ms
Total Time Cost: 00012373 ms
Total Distance 406: 9 11 12 12 9 12 11 9 11 10 12 9 6 9 9 8 7 7 8 9 7 9 9 11 8 9 10 8 9 7 9 11 7 10 10 9 10 9 11 9 8 10 9 7
Last Time Cost: 00001602 ms
Total Time Cost: 00013975 ms
Total Distance 401: 8 11 12 12 9 12 11 9 11 9 12 9 6 9 9 7 7 6 8 9 7 9 9 11 8 9 10 8 8 7 9 11 7 10 10 9 10 9 11 9 8 10 9 7
Last Time Cost: 00001803 ms
Total Time Cost: 00015778 ms
Total Distance 396: 8 11 12 12 9 12 11 9 11 9 12 9 6 9 9 7 7 6 8 9 6 9 9 11 7 8 10 8 8 7 9 11 7 9 10 9 9 9 11 9 8 10 9 7
Last Time Cost: 00002041 ms
Total Time Cost: 00017819 ms
Total Distance 391: 8 11 12 12 9 12 11 8 11 9 11 9 6 9 9 7 7 5 8 9 5 9 9 11 7 8 10 8 8 7 9 10 7 9 10 9 9 9 11 9 8 10 9 7
Last Time Cost: 00002153 ms
Total Time Cost: 00019972 ms
Total Distance 386: 8 10 12 12 9 11 11 8 11 9 10 9 6 9 9 7 7 5 8 9 4 9 9 11 7 8 10 8 8 7 8 10 7 9 10 9 9 9 11 9 8 10 9 7
Last Time Cost: 00001996 ms
Total Time Cost: 00021968 ms
Total Distance 381: 8 9 12 12 9 10 11 8 11 9 10 9 6 9 9 7 7 5 8 9 4 9 8 11 7 8 10 8 7 7 8 10 7 9 10 9 8 9 11 9 8 10 9 7
Last Time Cost: 00001997 ms
Total Time Cost: 00023965 ms
Total Distance 376: 8 9 11 12 8 10 10 8 11 9 10 9 6 9 8 7 7 5 8 9 4 9 8 11 7 8 10 7 7 7 8 10 7 9 10 9 8 9 11 9 8 10 9 7
Last Time Cost: 00001894 ms
Total Time Cost: 00025859 ms
Total Distance 371: 8 8 11 12 8 10 10 8 11 9 10 9 6 9 8 7 7 5 8 9 4 9 8 11 7 8 10 7 7 7 8 10 7 9 9 8 8 9 10 9 8 9 9 7
Last Time Cost: 00001797 ms
Total Time Cost: 00027656 ms
Total Distance 366: 8 8 11 11 8 10 9 8 11 9 9 9 6 9 8 7 7 5 8 9 4 9 8 11 7 8 10 7 7 7 8 10 7 8 9 8 8 9 10 9 8 8 9 7
Last Time Cost: 00001868 ms
Total Time Cost: 00029524 ms
Total Distance 361: 8 8 11 10 8 10 9 8 10 9 9 9 6 9 8 7 7 5 7 9 4 9 8 11 7 8 10 7 7 7 8 9 7 8 9 8 8 9 9 9 8 8 9 7
Last Time Cost: 00001338 ms
Total Time Cost: 00030862 ms
Total Distance 357: 8 8 11 10 8 10 9 8 10 9 9 9 6 9 8 7 7 5 7 9 4 9 8 11 6 8 10 7 7 7 8 9 7 8 8 8 8 9 8 9 8 7 9 7
Last Time Cost: 00001413 ms
Total Time Cost: 00032275 ms
Total Distance 353: 8 8 11 10 8 10 9 8 10 9 9 9 6 8 8 7 7 5 7 9 4 9 8 11 6 8 10 7 7 7 8 9 7 7 7 8 8 9 8 9 8 6 9 7
Last Time Cost: 00001570 ms
Total Time Cost: 00033845 ms
Total Distance 349: 8 8 11 10 8 10 9 7 10 9 9 8 6 8 8 7 7 5 7 9 4 9 8 11 6 8 10 7 7 6 8 9 7 7 7 7 8 9 8 9 8 6 9 7
Last Time Cost: 00001718 ms
Total Time Cost: 00035563 ms
Total Distance 345: 8 8 11 10 8 10 9 7 10 9 9 8 6 8 8 7 6 5 7 9 4 9 8 11 6 8 10 7 7 6 7 9 7 7 6 7 8 9 8 9 8 5 9 7
Last Time Cost: 00001899 ms
Total Time Cost: 00037462 ms
Total Distance 341: 8 8 11 10 8 10 9 7 10 9 9 8 6 7 7 7 6 5 7 8 4 9 8 11 6 8 10 7 7 6 7 9 6 7 6 7 8 9 8 9 8 5 9 7
Last Time Cost: 00002059 ms
Total Time Cost: 00039521 ms
Total Distance 337: 8 8 10 10 8 10 9 7 10 8 9 8 6 7 7 7 6 5 7 8 4 9 8 11 6 8 10 7 7 5 6 9 6 7 6 7 8 9 8 9 8 5 9 7
Last Time Cost: 00001493 ms
Total Time Cost: 00041014 ms
Total Distance 333: 8 8 10 10 8 10 9 7 10 8 9 7 6 7 7 7 6 5 7 8 4 9 7 11 6 8 9 7 6 5 6 9 6 7 6 7 8 9 8 9 8 5 9 7
Last Time Cost: 00001645 ms
Total Time Cost: 00042659 ms
Total Distance 329: 8 8 10 10 8 10 9 7 10 8 9 7 6 7 7 7 6 5 7 8 4 8 7 11 6 7 8 7 6 5 6 9 6 7 6 7 8 9 7 9 8 5 9 7
Last Time Cost: 00001701 ms
Total Time Cost: 00044360 ms
Total Distance 325: 8 8 10 10 8 10 9 7 9 8 9 7 6 7 7 7 6 5 7 8 4 8 7 11 6 7 8 7 6 5 6 8 6 6 6 7 8 9 6 9 8 5 9 7
Last Time Cost: 00001798 ms
Total Time Cost: 00046158 ms
Total Distance 321: 8 7 10 10 8 10 8 7 9 7 9 7 6 7 7 7 6 5 7 8 4 8 7 11 6 7 8 7 6 5 6 8 6 6 6 7 8 8 6 9 8 5 9 7
Last Time Cost: 00001852 ms
Total Time Cost: 00048010 ms
Total Distance 317: 8 7 9 10 8 10 8 7 9 7 9 7 5 7 7 7 6 5 7 8 4 8 7 10 6 7 8 7 6 5 6 8 6 6 6 7 8 8 6 9 8 5 9 6
Last Time Cost: 00000768 ms
Total Time Cost: 00048778 ms
Total Distance 314: 8 7 9 10 8 10 8 7 9 7 9 7 5 7 7 7 6 5 7 8 3 8 7 10 5 7 8 7 6 5 6 8 6 5 6 7 8 8 6 9 8 5 9 6
Last Time Cost: 00000837 ms
Total Time Cost: 00049615 ms
Total Distance 311: 8 7 9 10 8 10 8 7 9 7 9 7 5 7 7 7 5 5 7 8 3 8 7 10 5 7 8 7 6 4 5 8 6 5 6 7 8 8 6 9 8 5 9 6
Last Time Cost: 00000916 ms
Total Time Cost: 00050531 ms
Total Distance 308: 7 7 9 10 8 10 8 7 9 7 9 7 4 7 7 7 5 5 7 8 3 8 7 10 5 7 8 7 6 4 5 8 5 5 6 7 8 8 6 9 8 5 9 6
Last Time Cost: 00000999 ms
Total Time Cost: 00051530 ms
Total Distance 305: 7 7 9 10 8 10 8 7 9 7 9 6 4 7 7 7 5 5 7 8 3 8 7 10 5 7 8 6 6 4 5 8 5 5 5 7 8 8 6 9 8 5 9 6
Last Time Cost: 00001061 ms
Total Time Cost: 00052591 ms
Total Distance 302: 7 7 9 10 8 10 8 7 9 6 9 6 4 7 7 7 5 5 7 8 3 8 7 10 5 7 8 6 6 4 5 8 5 5 5 7 8 8 6 9 7 4 9 6
Last Time Cost: 00001143 ms
Total Time Cost: 00053734 ms
Total Distance 299: 7 7 9 10 8 10 8 7 9 6 9 6 4 7 6 7 4 5 7 8 3 8 7 10 5 7 8 6 6 4 5 8 5 5 5 7 8 8 6 8 7 4 9 6
Last Time Cost: 00001108 ms
Total Time Cost: 00054842 ms
Total Distance 296: 7 7 9 10 8 10 8 7 9 6 9 6 4 7 6 6 4 5 7 8 3 8 7 10 5 7 7 6 5 4 5 8 5 5 5 7 8 8 6 8 7 4 9 6
Last Time Cost: 00001191 ms
Total Time Cost: 00056033 ms
Total Distance 292: 7 7 9 10 8 9 8 7 9 6 9 6 3 7 6 6 4 5 7 8 3 7 7 9 5 7 7 6 5 4 5 8 5 5 5 7 8 8 6 8 7 4 9 6
Last Time Cost: 00001199 ms
Total Time Cost: 00057232 ms
Total Distance 289: 7 7 9 10 8 9 8 7 9 6 9 6 3 7 6 6 4 5 7 8 3 7 7 9 5 7 7 5 5 4 5 8 5 5 5 7 8 8 6 8 7 4 8 5
Last Time Cost: 00001151 ms
Total Time Cost: 00058383 ms
Total Distance 286: 7 7 9 10 8 9 8 7 9 6 9 6 3 7 6 6 4 5 7 8 3 7 6 9 5 7 7 5 5 4 5 8 5 5 5 7 8 7 6 8 6 4 8 5
Last Time Cost: 00001219 ms
Total Time Cost: 00059602 ms
Total Distance 282: 7 7 8 10 7 9 8 7 8 6 9 6 3 7 5 6 4 5 7 8 3 7 6 9 5 7 7 5 5 4 5 8 5 5 5 7 8 7 6 8 6 4 8 5
Last Time Cost: 00000976 ms
Total Time Cost: 00060578 ms
Total Distance 279: 7 7 8 10 7 9 8 7 7 6 9 6 3 7 5 6 4 5 7 8 3 7 6 9 5 7 7 5 5 4 5 7 5 5 5 7 8 7 5 8 6 4 8 5
Last Time Cost: 00001040 ms
Total Time Cost: 00061618 ms
Total Distance 276: 7 7 8 10 7 9 8 7 6 6 9 6 3 7 5 6 4 5 7 8 3 7 6 9 5 7 7 5 5 4 5 7 5 5 5 7 7 6 5 8 6 4 8 5
Last Time Cost: 00001108 ms
Total Time Cost: 00062726 ms
Total Distance 273: 7 7 8 9 7 9 8 7 6 5 9 6 3 7 5 6 4 5 7 8 3 7 6 9 5 7 7 5 5 4 5 7 5 5 5 7 7 5 5 8 6 4 8 5
Last Time Cost: 00001109 ms
Total Time Cost: 00063835 ms
Total Distance 270: 7 7 7 8 7 9 8 7 6 4 9 6 3 7 5 6 4 5 7 8 3 7 6 9 5 7 7 5 5 4 5 7 5 5 5 7 7 5 5 8 6 4 8 5
Last Time Cost: 00000931 ms
Total Time Cost: 00064766 ms
Total Distance 267: 6 6 7 8 7 9 8 7 6 4 8 6 3 7 5 6 4 5 7 8 3 7 6 9 5 7 7 5 5 4 5 7 5 5 5 7 7 5 5 8 6 4 8 5
Last Time Cost: 00000723 ms
Total Time Cost: 00065489 ms
Total Distance 264: 5 6 7 8 7 8 8 7 6 4 8 6 3 7 5 6 4 5 6 8 3 7 6 9 5 7 7 5 5 4 5 7 5 5 5 7 7 5 5 8 6 4 8 5
Last Time Cost: 00000484 ms
Total Time Cost: 00065973 ms
Total Distance 262: 5 6 7 8 7 8 8 7 6 4 8 6 2 7 5 6 4 5 6 8 3 7 6 9 5 7 7 5 5 4 5 7 5 5 5 7 7 5 5 8 6 4 8 4
Last Time Cost: 00000517 ms
Total Time Cost: 00066490 ms
Total Distance 260: 5 6 7 8 7 8 8 7 6 4 8 6 2 7 5 6 4 5 6 8 3 7 6 9 5 7 7 5 5 3 4 7 5 5 5 7 7 5 5 8 6 4 8 4
Last Time Cost: 00000554 ms
Total Time Cost: 00067044 ms
Total Distance 258: 5 6 7 8 7 8 8 7 6 4 8 6 2 7 5 6 4 5 6 8 3 7 6 9 5 7 7 5 5 3 4 7 5 5 4 7 7 5 5 8 6 3 8 4
Last Time Cost: 00000592 ms
Total Time Cost: 00067636 ms
Total Distance 256: 5 6 7 8 7 8 8 7 6 3 8 6 2 7 5 6 4 5 6 8 3 7 6 9 5 7 7 5 5 3 4 7 5 5 4 7 7 4 5 8 6 3 8 4
Last Time Cost: 00000626 ms
Total Time Cost: 00068262 ms
Total Distance 254: 5 6 7 8 7 8 8 7 6 3 8 6 2 7 5 6 4 5 6 8 3 7 6 9 4 7 7 5 5 3 4 7 5 4 4 7 7 4 5 8 6 3 8 4
Last Time Cost: 00000668 ms
Total Time Cost: 00068930 ms
Total Distance 252: 4 6 7 8 7 8 8 7 6 3 8 6 2 7 5 6 4 5 6 8 3 7 6 9 4 7 7 5 5 3 4 7 4 4 4 7 7 4 5 8 6 3 8 4
Last Time Cost: 00000713 ms
Total Time Cost: 00069643 ms
Total Distance 250: 4 5 7 8 7 8 8 7 6 3 8 6 2 7 5 6 4 5 6 8 3 7 6 9 4 7 7 5 5 3 4 7 3 4 4 7 7 4 5 8 6 3 8 4
Last Time Cost: 00000756 ms
Total Time Cost: 00070399 ms
Total Distance 248: 4 5 7 8 7 8 8 7 6 3 8 6 2 7 5 6 4 5 6 8 3 7 6 9 4 6 7 5 5 3 4 7 3 4 4 7 7 4 5 8 6 3 8 3
Last Time Cost: 00000782 ms
Total Time Cost: 00071181 ms
Total Distance 246: 4 5 7 8 7 8 8 7 6 3 8 6 2 7 5 6 4 5 5 8 3 7 6 9 4 6 7 5 5 3 4 7 3 4 4 7 7 4 5 8 6 2 8 3
Last Time Cost: 00000827 ms
Total Time Cost: 00072008 ms
Total Distance 244: 4 5 7 8 7 8 8 7 6 3 8 6 2 7 5 6 4 5 5 8 3 7 6 9 4 5 7 5 5 3 4 7 3 4 4 7 7 3 5 8 6 2 8 3
Last Time Cost: 00000886 ms
Total Time Cost: 00072894 ms
Total Distance 241: 4 5 7 7 7 8 8 7 6 3 8 6 2 7 5 6 4 5 5 8 3 7 6 9 4 5 7 5 5 3 4 7 3 4 4 7 6 3 5 8 6 2 7 3
Last Time Cost: 00000909 ms
Total Time Cost: 00073803 ms
Total Distance 239: 4 5 7 7 7 8 8 7 6 3 8 6 2 7 5 6 4 5 5 8 3 7 6 9 4 5 7 5 5 3 4 7 3 4 4 7 6 3 5 8 6 2 6 2
Last Time Cost: 00000962 ms
Total Time Cost: 00074765 ms
Total Distance 237: 4 5 7 7 7 8 8 7 6 3 8 6 2 7 5 5 4 4 5 8 3 7 6 9 4 5 7 5 5 3 4 7 3 4 4 7 6 3 5 8 6 2 6 2
Last Time Cost: 00001009 ms
Total Time Cost: 00075774 ms
Total Distance 235: 4 5 7 6 7 8 8 7 6 2 8 6 2 7 5 5 4 4 5 8 3 7 6 9 4 5 7 5 5 3 4 7 3 4 4 7 6 3 5 8 6 2 6 2
Last Time Cost: 00001041 ms
Total Time Cost: 00076815 ms
Total Distance 233: 4 5 7 6 6 8 8 7 6 2 8 6 2 7 5 5 4 3 5 8 3 7 6 9 4 5 7 5 5 3 4 7 3 4 4 7 6 3 5 8 6 2 6 2
Last Time Cost: 00001098 ms
Total Time Cost: 00077913 ms
Total Distance 231: 4 5 7 6 5 8 8 7 6 2 8 6 2 7 5 5 4 2 5 8 3 7 6 9 4 5 7 5 5 3 4 7 3 4 4 7 6 3 5 8 6 2 6 2
Last Time Cost: 00001160 ms
Total Time Cost: 00079073 ms
Total Distance 229: 4 5 7 6 4 8 8 7 6 2 8 6 2 7 4 5 4 2 5 8 3 7 6 9 4 5 7 5 5 3 4 7 3 4 4 7 6 3 5 8 6 2 6 2
Last Time Cost: 00001209 ms
Total Time Cost: 00080282 ms
Total Distance 226: 4 5 6 6 4 8 8 7 6 2 8 6 2 7 4 5 4 2 5 8 3 7 6 8 4 5 7 5 5 3 4 7 3 4 4 7 6 3 5 7 6 2 6 2
Last Time Cost: 00000368 ms
Total Time Cost: 00080650 ms
Total Distance 224: 4 5 6 6 3 8 8 7 6 2 8 6 2 7 4 5 4 2 5 8 3 7 6 8 4 5 7 5 5 3 4 7 3 4 4 7 6 3 5 7 6 2 5 2
Last Time Cost: 00000381 ms
Total Time Cost: 00081031 ms
Total Distance 222: 4 5 6 6 3 8 7 7 6 2 8 6 2 7 4 5 4 2 5 8 3 7 6 8 4 5 7 5 5 3 4 7 3 4 4 7 6 2 5 7 6 2 5 2
Last Time Cost: 00000396 ms
Total Time Cost: 00081427 ms
Total Distance 220: 4 5 6 6 3 8 7 7 6 2 8 6 2 7 4 5 4 2 5 8 3 7 5 8 4 5 7 5 4 3 4 7 3 4 4 7 6 2 5 7 6 2 5 2
Last Time Cost: 00000419 ms
Total Time Cost: 00081846 ms
Total Distance 218: 4 5 6 6 3 8 7 7 6 2 8 5 2 7 4 5 4 2 5 8 3 7 5 8 4 5 7 5 4 3 3 7 3 4 4 7 6 2 5 7 6 2 5 2
Last Time Cost: 00000431 ms
Total Time Cost: 00082277 ms
Total Distance 216: 4 5 6 6 3 8 7 7 6 2 8 5 2 6 4 5 4 2 5 8 3 7 5 8 4 5 7 5 3 3 3 7 3 4 4 7 6 2 5 7 6 2 5 2
Last Time Cost: 00000423 ms
Total Time Cost: 00082700 ms
Total Distance 214: 4 5 6 6 3 8 7 6 6 2 8 5 2 6 4 5 4 2 5 8 3 7 5 8 4 5 7 4 3 3 3 7 3 4 4 7 6 2 5 7 6 2 5 2
Last Time Cost: 00000400 ms
Total Time Cost: 00083100 ms
Total Distance 212: 4 5 6 6 3 8 7 6 6 2 8 5 2 6 4 5 4 2 5 8 3 7 5 8 4 5 6 4 3 3 3 7 3 4 4 7 6 2 4 7 6 2 5 2
Last Time Cost: 00000382 ms
Total Time Cost: 00083482 ms
Total Distance 209: 4 5 6 6 3 8 7 6 6 2 8 5 2 5 4 5 4 2 5 7 3 7 5 8 4 5 6 4 3 3 3 7 3 4 4 6 6 2 4 7 6 2 5 2
Last Time Cost: 00000364 ms
Total Time Cost: 00083846 ms
Total Distance 207: 4 5 6 6 3 8 7 6 6 2 8 5 2 5 4 5 4 2 5 7 3 6 5 8 4 5 6 4 3 3 3 7 3 4 4 6 6 2 3 7 6 2 5 2
Last Time Cost: 00000337 ms
Total Time Cost: 00084183 ms
Total Distance 205: 4 5 6 6 3 8 7 6 6 2 8 5 1 5 4 5 4 2 5 7 3 6 5 8 4 5 6 4 3 3 3 7 3 4 4 6 6 2 3 7 5 2 5 2
Last Time Cost: 00000005 ms
Total Time Cost: 00084188 ms
Total Distance 204: 4 5 6 6 3 8 7 6 6 2 8 5 0 5 4 5 4 2 5 7 3 6 5 8 4 5 6 4 3 3 3 7 3 4 4 6 6 2 3 7 5 2 5 2
Last Time Cost: 00000369 ms
Total Time Cost: 00084557 ms
Total Distance 202: 4 5 6 6 3 8 7 6 6 2 8 5 0 5 4 5 4 2 5 7 3 6 5 8 3 5 6 4 3 3 3 7 3 4 4 6 6 2 3 7 4 2 5 2
Last Time Cost: 00000384 ms
Total Time Cost: 00084941 ms
Total Distance 200: 4 5 6 6 3 8 7 6 6 2 8 4 0 5 4 5 4 2 5 7 3 6 5 8 3 5 6 4 3 3 3 7 3 4 4 5 6 2 3 7 4 2 5 2
Last Time Cost: 00000396 ms
Total Time Cost: 00085337 ms
Total Distance 198: 4 5 6 6 3 8 7 6 6 2 8 4 0 5 4 5 4 2 5 6 3 6 5 8 3 5 6 4 3 3 3 7 3 4 4 4 6 2 3 7 4 2 5 2
Last Time Cost: 00000376 ms
Total Time Cost: 00085713 ms
Total Distance 196: 4 5 6 6 3 8 7 6 6 2 7 4 0 5 4 5 4 2 5 6 3 6 5 8 3 5 6 4 3 3 3 7 3 4 3 4 6 2 3 7 4 2 5 2
Last Time Cost: 00000381 ms
Total Time Cost: 00086094 ms
Total Distance 194: 4 5 6 6 3 8 7 6 6 2 7 4 0 5 4 4 4 2 5 6 3 6 5 8 3 5 6 4 3 3 3 7 3 4 3 4 6 2 3 6 4 2 5 2
Last Time Cost: 00000344 ms
Total Time Cost: 00086438 ms
Total Distance 192: 4 5 6 6 3 8 7 6 6 2 7 4 0 5 4 4 4 2 5 5 3 6 5 8 3 5 5 4 3 3 3 7 3 4 3 4 6 2 3 6 4 2 5 2
Last Time Cost: 00000351 ms
Total Time Cost: 00086789 ms
Total Distance 190: 4 5 5 5 3 8 7 6 6 2 7 4 0 5 4 4 4 2 5 5 3 6 5 8 3 5 5 4 3 3 3 7 3 4 3 4 6 2 3 6 4 2 5 2
Last Time Cost: 00000359 ms
Total Time Cost: 00087148 ms
Total Distance 188: 4 5 5 5 3 8 7 6 6 2 7 4 0 5 4 4 4 2 5 4 3 6 5 7 3 5 5 4 3 3 3 7 3 4 3 4 6 2 3 6 4 2 5 2
Last Time Cost: 00000358 ms
Total Time Cost: 00087506 ms
Total Distance 186: 4 4 5 5 3 7 7 6 6 2 7 4 0 5 4 4 4 2 5 4 3 6 5 7 3 5 5 4 3 3 3 7 3 4 3 4 6 2 3 6 4 2 5 2
Last Time Cost: 00000342 ms
Total Time Cost: 00087848 ms
Total Distance 184: 4 4 5 5 3 7 7 6 5 2 7 4 0 5 4 4 4 2 5 4 3 6 5 7 3 5 5 4 3 3 3 6 3 4 3 4 6 2 3 6 4 2 5 2
Last Time Cost: 00000288 ms
Total Time Cost: 00088136 ms
Total Distance 182: 4 4 5 5 3 6 7 6 5 2 7 4 0 5 4 4 4 2 5 4 3 5 5 7 3 5 5 4 3 3 3 6 3 4 3 4 6 2 3 6 4 2 5 2
Last Time Cost: 00000233 ms
Total Time Cost: 00088369 ms
Total Distance 180: 4 4 5 5 3 6 7 6 5 2 6 4 0 5 4 4 4 2 5 4 3 5 5 7 3 5 5 4 3 3 3 5 3 4 3 4 6 2 3 6 4 2 5 2
Last Time Cost: 00000168 ms
Total Time Cost: 00088537 ms
Total Distance 178: 4 4 5 5 3 6 7 5 5 2 6 4 0 5 4 4 4 2 5 4 3 4 5 7 3 5 5 4 3 3 3 5 3 4 3 4 6 2 3 6 4 2 5 2
Last Time Cost: 00000174 ms
Total Time Cost: 00088711 ms
Total Distance 176: 4 4 5 5 3 6 7 5 5 2 6 4 0 5 4 4 4 2 5 4 3 4 5 7 3 4 5 4 3 3 3 5 3 4 3 4 5 2 3 6 4 2 5 2
Last Time Cost: 00000178 ms
Total Time Cost: 00088889 ms
Total Distance 174: 4 4 5 5 3 6 7 5 5 2 5 4 0 5 4 4 4 2 5 4 3 4 5 7 3 4 5 4 3 3 3 5 3 4 3 4 4 2 3 6 4 2 5 2
Last Time Cost: 00000185 ms
Total Time Cost: 00089074 ms
Total Distance 173: 4 4 5 5 3 6 7 5 5 2 5 4 0 5 4 4 4 2 5 4 3 4 5 7 3 4 5 4 3 3 3 5 3 4 3 4 4 2 3 6 4 2 5 1
Last Time Cost: 00000001 ms
Total Time Cost: 00089075 ms
Total Distance 172: 4 4 5 5 3 6 7 5 5 2 5 4 0 5 4 4 4 2 5 4 3 4 5 7 3 4 5 4 3 3 3 5 3 4 3 4 4 2 3 6 4 2 5 0
Last Time Cost: 00000206 ms
Total Time Cost: 00089281 ms
Total Distance 171: 4 4 5 5 3 6 7 5 5 2 5 4 0 5 4 4 4 2 5 4 3 4 5 7 3 4 5 4 3 3 3 5 3 4 3 4 4 1 3 6 4 2 5 0
Last Time Cost: 00000001 ms
Total Time Cost: 00089282 ms
Total Distance 170: 4 4 5 5 3 6 7 5 5 2 5 4 0 5 4 4 4 2 5 4 3 4 5 7 3 4 5 4 3 3 3 5 3 4 3 4 4 0 3 6 4 2 5 0
Last Time Cost: 00000226 ms
Total Time Cost: 00089508 ms
Total Distance 169: 4 4 5 5 3 6 7 5 5 2 5 4 0 5 4 4 4 1 5 4 3 4 5 7 3 4 5 4 3 3 3 5 3 4 3 4 4 0 3 6 4 2 5 0
Last Time Cost: 00000001 ms
Total Time Cost: 00089509 ms
Total Distance 168: 4 4 5 5 3 6 7 5 5 2 5 4 0 5 4 4 4 0 5 4 3 4 5 7 3 4 5 4 3 3 3 5 3 4 3 4 4 0 3 6 4 2 5 0
Last Time Cost: 00000231 ms
Total Time Cost: 00089740 ms
Total Distance 167: 4 4 5 5 3 6 7 5 5 1 5 4 0 5 4 4 4 0 5 4 3 4 5 7 3 4 5 4 3 3 3 5 3 4 3 4 4 0 3 6 4 2 5 0
Last Time Cost: 00000001 ms
Total Time Cost: 00089741 ms
Total Distance 166: 4 4 5 5 3 6 7 5 5 0 5 4 0 5 4 4 4 0 5 4 3 4 5 7 3 4 5 4 3 3 3 5 3 4 3 4 4 0 3 6 4 2 5 0
Last Time Cost: 00000244 ms
Total Time Cost: 00089985 ms
Total Distance 165: 4 4 5 5 3 6 7 5 5 0 5 4 0 5 4 4 4 0 5 4 3 4 5 7 3 4 5 4 3 3 3 5 3 4 3 4 4 0 3 6 4 1 5 0
Last Time Cost: 00000001 ms
Total Time Cost: 00089986 ms
Total Distance 164: 4 4 5 5 3 6 7 5 5 0 5 4 0 5 4 4 4 0 5 4 3 4 5 7 3 4 5 4 3 3 3 5 3 4 3 4 4 0 3 6 4 0 5 0
Last Time Cost: 00000264 ms
Total Time Cost: 00090250 ms
Total Distance 163: 4 4 5 5 3 6 7 5 5 0 5 4 0 5 4 4 4 0 5 4 3 4 5 7 3 4 5 4 3 2 3 5 3 4 3 4 4 0 3 6 4 0 5 0
Last Time Cost: 00000001 ms
Total Time Cost: 00090251 ms
Total Distance 162: 4 4 5 5 3 6 7 5 5 0 5 4 0 5 4 4 4 0 5 4 3 4 5 7 3 4 5 4 3 1 3 5 3 4 3 4 4 0 3 6 4 0 5 0
Last Time Cost: 00000001 ms
Total Time Cost: 00090252 ms
Total Distance 161: 4 4 5 5 3 6 7 5 5 0 5 4 0 5 4 4 4 0 5 4 3 4 5 7 3 4 5 4 3 0 3 5 3 4 3 4 4 0 3 6 4 0 5 0
Last Time Cost: 00000308 ms
Total Time Cost: 00090560 ms
Total Distance 160: 4 4 5 5 3 6 7 5 5 0 5 4 0 5 4 4 4 0 5 4 3 4 5 7 3 4 5 4 3 0 3 5 3 4 3 4 4 0 2 6 4 0 5 0
Last Time Cost: 00000001 ms
Total Time Cost: 00090561 ms
Total Distance 159: 4 4 5 5 3 6 7 5 5 0 5 4 0 5 4 4 4 0 5 4 3 4 5 7 3 4 5 4 3 0 3 5 3 4 3 4 4 0 1 6 4 0 5 0
Last Time Cost: 00000001 ms
Total Time Cost: 00090562 ms
Total Distance 158: 4 4 5 5 3 6 7 5 5 0 5 4 0 5 4 4 4 0 5 4 3 4 5 7 3 4 5 4 3 0 3 5 3 4 3 4 4 0 0 6 4 0 5 0
Last Time Cost: 00000338 ms
Total Time Cost: 00090900 ms
Total Distance 157: 4 4 5 5 3 6 7 5 5 0 5 4 0 5 4 4 4 0 5 4 3 4 5 7 3 4 5 4 3 0 3 5 2 4 3 4 4 0 0 6 4 0 5 0
Last Time Cost: 00000001 ms
Total Time Cost: 00090901 ms
Total Distance 156: 4 4 5 5 3 6 7 5 5 0 5 4 0 5 4 4 4 0 5 4 3 4 5 7 3 4 5 4 3 0 3 5 1 4 3 4 4 0 0 6 4 0 5 0
Last Time Cost: 00000001 ms
Total Time Cost: 00090902 ms
Total Distance 155: 4 4 5 5 3 6 7 5 5 0 5 4 0 5 4 4 4 0 5 4 3 4 5 7 3 4 5 4 3 0 3 5 0 4 3 4 4 0 0 6 4 0 5 0
Last Time Cost: 00000388 ms
Total Time Cost: 00091290 ms
Total Distance 153: 4 4 5 5 3 6 7 5 4 0 5 4 0 5 4 4 4 0 5 4 3 4 4 7 3 4 5 4 3 0 3 5 0 4 3 4 4 0 0 6 4 0 5 0
Last Time Cost: 00000386 ms
Total Time Cost: 00091676 ms
Total Distance 152: 4 4 5 5 3 6 7 5 4 0 5 4 0 5 4 4 4 0 5 4 3 4 4 7 3 4 5 4 2 0 3 5 0 4 3 4 4 0 0 6 4 0 5 0
Last Time Cost: 00000001 ms
Total Time Cost: 00091677 ms
Total Distance 151: 4 4 5 5 3 6 7 5 4 0 5 4 0 5 4 4 4 0 5 4 3 4 4 7 3 4 5 4 1 0 3 5 0 4 3 4 4 0 0 6 4 0 5 0
Last Time Cost: 00000001 ms
Total Time Cost: 00091678 ms
Total Distance 150: 4 4 5 5 3 6 7 5 4 0 5 4 0 5 4 4 4 0 5 4 3 4 4 7 3 4 5 4 0 0 3 5 0 4 3 4 4 0 0 6 4 0 5 0
Last Time Cost: 00000430 ms
Total Time Cost: 00092108 ms
Total Distance 149: 4 4 5 5 3 6 7 5 4 0 5 4 0 5 4 4 4 0 5 4 3 4 4 7 3 4 5 4 0 0 2 5 0 4 3 4 4 0 0 6 4 0 5 0
Last Time Cost: 00000001 ms
Total Time Cost: 00092109 ms
Total Distance 148: 4 4 5 5 3 6 7 5 4 0 5 4 0 5 4 4 4 0 5 4 3 4 4 7 3 4 5 4 0 0 1 5 0 4 3 4 4 0 0 6 4 0 5 0
Last Time Cost: 00000001 ms
Total Time Cost: 00092110 ms
Total Distance 147: 4 4 5 5 3 6 7 5 4 0 5 4 0 5 4 4 4 0 5 4 3 4 4 7 3 4 5 4 0 0 0 5 0 4 3 4 4 0 0 6 4 0 5 0
Last Time Cost: 00000480 ms
Total Time Cost: 00092590 ms
Total Distance 146: 4 4 5 5 3 6 7 5 4 0 5 4 0 5 4 4 4 0 5 4 3 4 4 7 3 4 5 4 0 0 0 5 0 4 2 4 4 0 0 6 4 0 5 0
Last Time Cost: 00000001 ms
Total Time Cost: 00092591 ms
Total Distance 145: 4 4 5 5 3 6 7 5 4 0 5 4 0 5 4 4 4 0 5 4 3 4 4 7 3 4 5 4 0 0 0 5 0 4 1 4 4 0 0 6 4 0 5 0
Last Time Cost: 00000001 ms
Total Time Cost: 00092592 ms
Total Distance 144: 4 4 5 5 3 6 7 5 4 0 5 4 0 5 4 4 4 0 5 4 3 4 4 7 3 4 5 4 0 0 0 5 0 4 0 4 4 0 0 6 4 0 5 0
Last Time Cost: 00000548 ms
Total Time Cost: 00093140 ms
Total Distance 143: 4 4 5 5 3 6 7 5 4 0 5 4 0 5 4 4 4 0 5 4 2 4 4 7 3 4 5 4 0 0 0 5 0 4 0 4 4 0 0 6 4 0 5 0
Last Time Cost: 00000001 ms
Total Time Cost: 00093141 ms
Total Distance 142: 4 4 5 5 3 6 7 5 4 0 5 4 0 5 4 4 4 0 5 4 1 4 4 7 3 4 5 4 0 0 0 5 0 4 0 4 4 0 0 6 4 0 5 0
Last Time Cost: 00000001 ms
Total Time Cost: 00093142 ms
Total Distance 141: 4 4 5 5 3 6 7 5 4 0 5 4 0 5 4 4 4 0 5 4 0 4 4 7 3 4 5 4 0 0 0 5 0 4 0 4 4 0 0 6 4 0 5 0
Last Time Cost: 00000610 ms
Total Time Cost: 00093752 ms
Total Distance 140: 4 4 5 5 2 6 7 5 4 0 5 4 0 5 4 4 4 0 5 4 0 4 4 7 3 4 5 4 0 0 0 5 0 4 0 4 4 0 0 6 4 0 5 0
Last Time Cost: 00000001 ms
Total Time Cost: 00093753 ms
Total Distance 139: 4 4 5 5 1 6 7 5 4 0 5 4 0 5 4 4 4 0 5 4 0 4 4 7 3 4 5 4 0 0 0 5 0 4 0 4 4 0 0 6 4 0 5 0
Last Time Cost: 00000001 ms
Total Time Cost: 00093754 ms
Total Distance 138: 4 4 5 5 0 6 7 5 4 0 5 4 0 5 4 4 4 0 5 4 0 4 4 7 3 4 5 4 0 0 0 5 0 4 0 4 4 0 0 6 4 0 5 0
Last Time Cost: 00000723 ms
Total Time Cost: 00094477 ms
Total Distance 136: 4 4 5 5 0 6 6 5 4 0 5 4 0 5 4 3 4 0 5 4 0 4 4 7 3 4 5 4 0 0 0 5 0 4 0 4 4 0 0 6 4 0 5 0
Last Time Cost: 00000386 ms
Total Time Cost: 00094863 ms
Total Distance 135: 4 4 5 5 0 6 6 5 4 0 5 4 0 5 4 3 4 0 5 4 0 4 4 7 2 4 5 4 0 0 0 5 0 4 0 4 4 0 0 6 4 0 5 0
Last Time Cost: 00000001 ms
Total Time Cost: 00094864 ms
Total Distance 134: 4 4 5 5 0 6 6 5 4 0 5 4 0 5 4 3 4 0 5 4 0 4 4 7 1 4 5 4 0 0 0 5 0 4 0 4 4 0 0 6 4 0 5 0
Last Time Cost: 00000001 ms
Total Time Cost: 00094865 ms
Total Distance 133: 4 4 5 5 0 6 6 5 4 0 5 4 0 5 4 3 4 0 5 4 0 4 4 7 0 4 5 4 0 0 0 5 0 4 0 4 4 0 0 6 4 0 5 0
Last Time Cost: 00000419 ms
Total Time Cost: 00095284 ms
Total Distance 132: 4 4 5 5 0 6 6 5 4 0 5 4 0 5 4 2 4 0 5 4 0 4 4 7 0 4 5 4 0 0 0 5 0 4 0 4 4 0 0 6 4 0 5 0
Last Time Cost: 00000001 ms
Total Time Cost: 00095285 ms
Total Distance 131: 4 4 5 5 0 6 6 5 4 0 5 4 0 5 4 1 4 0 5 4 0 4 4 7 0 4 5 4 0 0 0 5 0 4 0 4 4 0 0 6 4 0 5 0
Last Time Cost: 00000001 ms
Total Time Cost: 00095286 ms
Total Distance 130: 4 4 5 5 0 6 6 5 4 0 5 4 0 5 4 0 4 0 5 4 0 4 4 7 0 4 5 4 0 0 0 5 0 4 0 4 4 0 0 6 4 0 5 0
Last Time Cost: 00000496 ms
Total Time Cost: 00095782 ms
Total Distance 128: 4 4 5 5 0 6 6 4 4 0 5 4 0 5 4 0 4 0 5 4 0 4 4 7 0 4 5 4 0 0 0 5 0 4 0 4 4 0 0 5 4 0 5 0
Last Time Cost: 00000500 ms
Total Time Cost: 00096282 ms
Total Distance 127: 3 4 5 5 0 6 6 4 4 0 5 4 0 5 4 0 4 0 5 4 0 4 4 7 0 4 5 4 0 0 0 5 0 4 0 4 4 0 0 5 4 0 5 0
Last Time Cost: 00000001 ms
Total Time Cost: 00096283 ms
Total Distance 126: 2 4 5 5 0 6 6 4 4 0 5 4 0 5 4 0 4 0 5 4 0 4 4 7 0 4 5 4 0 0 0 5 0 4 0 4 4 0 0 5 4 0 5 0
Last Time Cost: 00000001 ms
Total Time Cost: 00096284 ms
Total Distance 125: 1 4 5 5 0 6 6 4 4 0 5 4 0 5 4 0 4 0 5 4 0 4 4 7 0 4 5 4 0 0 0 5 0 4 0 4 4 0 0 5 4 0 5 0
Last Time Cost: 00000001 ms
Total Time Cost: 00096285 ms
Total Distance 124: 0 4 5 5 0 6 6 4 4 0 5 4 0 5 4 0 4 0 5 4 0 4 4 7 0 4 5 4 0 0 0 5 0 4 0 4 4 0 0 5 4 0 5 0
Last Time Cost: 00000603 ms
Total Time Cost: 00096888 ms
Total Distance 122: 0 4 5 4 0 5 6 4 4 0 5 4 0 5 4 0 4 0 5 4 0 4 4 7 0 4 5 4 0 0 0 5 0 4 0 4 4 0 0 5 4 0 5 0
Last Time Cost: 00000604 ms
Total Time Cost: 00097492 ms
Total Distance 120: 0 4 5 4 0 4 6 4 4 0 5 4 0 5 4 0 4 0 5 4 0 4 4 7 0 4 5 4 0 0 0 5 0 4 0 4 4 0 0 4 4 0 5 0
Last Time Cost: 00000615 ms
Total Time Cost: 00098107 ms
Total Distance 119: 0 4 5 4 0 4 6 4 4 0 5 3 0 5 4 0 4 0 5 4 0 4 4 7 0 4 5 4 0 0 0 5 0 4 0 4 4 0 0 4 4 0 5 0
Last Time Cost: 00000002 ms
Total Time Cost: 00098109 ms
Total Distance 118: 0 4 5 4 0 4 6 4 4 0 5 2 0 5 4 0 4 0 5 4 0 4 4 7 0 4 5 4 0 0 0 5 0 4 0 4 4 0 0 4 4 0 5 0
Last Time Cost: 00000001 ms
Total Time Cost: 00098110 ms
Total Distance 117: 0 4 5 4 0 4 6 4 4 0 5 1 0 5 4 0 4 0 5 4 0 4 4 7 0 4 5 4 0 0 0 5 0 4 0 4 4 0 0 4 4 0 5 0
Last Time Cost: 00000001 ms
Total Time Cost: 00098111 ms
Total Distance 116: 0 4 5 4 0 4 6 4 4 0 5 0 0 5 4 0 4 0 5 4 0 4 4 7 0 4 5 4 0 0 0 5 0 4 0 4 4 0 0 4 4 0 5 0
Last Time Cost: 00000760 ms
Total Time Cost: 00098871 ms
Total Distance 115: 0 4 5 3 0 4 6 4 4 0 5 0 0 5 4 0 4 0 5 4 0 4 4 7 0 4 5 4 0 0 0 5 0 4 0 4 4 0 0 4 4 0 5 0
Last Time Cost: 00000002 ms
Total Time Cost: 00098873 ms
Total Distance 114: 0 4 5 2 0 4 6 4 4 0 5 0 0 5 4 0 4 0 5 4 0 4 4 7 0 4 5 4 0 0 0 5 0 4 0 4 4 0 0 4 4 0 5 0
Last Time Cost: 00000001 ms
Total Time Cost: 00098874 ms
Total Distance 113: 0 4 5 1 0 4 6 4 4 0 5 0 0 5 4 0 4 0 5 4 0 4 4 7 0 4 5 4 0 0 0 5 0 4 0 4 4 0 0 4 4 0 5 0
Last Time Cost: 00000001 ms
Total Time Cost: 00098875 ms
Total Distance 112: 0 4 5 0 0 4 6 4 4 0 5 0 0 5 4 0 4 0 5 4 0 4 4 7 0 4 5 4 0 0 0 5 0 4 0 4 4 0 0 4 4 0 5 0
Last Time Cost: 00000861 ms
Total Time Cost: 00099736 ms
Total Distance 111: 0 4 5 0 0 4 6 4 4 0 5 0 0 5 4 0 4 0 5 4 0 3 4 7 0 4 5 4 0 0 0 5 0 4 0 4 4 0 0 4 4 0 5 0
Last Time Cost: 00000002 ms
Total Time Cost: 00099738 ms
Total Distance 110: 0 4 5 0 0 4 6 4 4 0 5 0 0 5 4 0 4 0 5 4 0 2 4 7 0 4 5 4 0 0 0 5 0 4 0 4 4 0 0 4 4 0 5 0
Last Time Cost: 00000001 ms
Total Time Cost: 00099739 ms
Total Distance 109: 0 4 5 0 0 4 6 4 4 0 5 0 0 5 4 0 4 0 5 4 0 1 4 7 0 4 5 4 0 0 0 5 0 4 0 4 4 0 0 4 4 0 5 0
Last Time Cost: 00000001 ms
Total Time Cost: 00099740 ms
Total Distance 108: 0 4 5 0 0 4 6 4 4 0 5 0 0 5 4 0 4 0 5 4 0 0 4 7 0 4 5 4 0 0 0 5 0 4 0 4 4 0 0 4 4 0 5 0
Last Time Cost: 00000997 ms
Total Time Cost: 00100737 ms
Total Distance 107: 0 3 5 0 0 4 6 4 4 0 5 0 0 5 4 0 4 0 5 4 0 0 4 7 0 4 5 4 0 0 0 5 0 4 0 4 4 0 0 4 4 0 5 0
Last Time Cost: 00000002 ms
Total Time Cost: 00100739 ms
Total Distance 106: 0 2 5 0 0 4 6 4 4 0 5 0 0 5 4 0 4 0 5 4 0 0 4 7 0 4 5 4 0 0 0 5 0 4 0 4 4 0 0 4 4 0 5 0
Last Time Cost: 00000001 ms
Total Time Cost: 00100740 ms
Total Distance 105: 0 1 5 0 0 4 6 4 4 0 5 0 0 5 4 0 4 0 5 4 0 0 4 7 0 4 5 4 0 0 0 5 0 4 0 4 4 0 0 4 4 0 5 0
Last Time Cost: 00000001 ms
Total Time Cost: 00100741 ms
Total Distance 104: 0 0 5 0 0 4 6 4 4 0 5 0 0 5 4 0 4 0 5 4 0 0 4 7 0 4 5 4 0 0 0 5 0 4 0 4 4 0 0 4 4 0 5 0
Last Time Cost: 00001161 ms
Total Time Cost: 00101902 ms
Total Distance 103: 0 0 5 0 0 4 6 4 4 0 5 0 0 5 4 0 4 0 5 4 0 0 4 7 0 4 5 4 0 0 0 5 0 4 0 4 4 0 0 4 3 0 5 0
Last Time Cost: 00000002 ms
Total Time Cost: 00101904 ms
Total Distance 102: 0 0 5 0 0 4 6 4 4 0 5 0 0 5 4 0 4 0 5 4 0 0 4 7 0 4 5 4 0 0 0 5 0 4 0 4 4 0 0 4 2 0 5 0
Last Time Cost: 00000002 ms
Total Time Cost: 00101906 ms
Total Distance 101: 0 0 5 0 0 4 6 4 4 0 5 0 0 5 4 0 4 0 5 4 0 0 4 7 0 4 5 4 0 0 0 5 0 4 0 4 4 0 0 4 1 0 5 0
Last Time Cost: 00000001 ms
Total Time Cost: 00101907 ms
Total Distance 100: 0 0 5 0 0 4 6 4 4 0 5 0 0 5 4 0 4 0 5 4 0 0 4 7 0 4 5 4 0 0 0 5 0 4 0 4 4 0 0 4 0 0 5 0
Last Time Cost: 00001560 ms
Total Time Cost: 00103467 ms
Total Distance 99: 0 0 5 0 0 4 6 3 4 0 5 0 0 5 4 0 4 0 5 4 0 0 4 7 0 4 5 4 0 0 0 5 0 4 0 4 4 0 0 4 0 0 5 0
Last Time Cost: 00000002 ms
Total Time Cost: 00103469 ms
Total Distance 98: 0 0 5 0 0 4 6 2 4 0 5 0 0 5 4 0 4 0 5 4 0 0 4 7 0 4 5 4 0 0 0 5 0 4 0 4 4 0 0 4 0 0 5 0
Last Time Cost: 00000002 ms
Total Time Cost: 00103471 ms
Total Distance 97: 0 0 5 0 0 4 6 1 4 0 5 0 0 5 4 0 4 0 5 4 0 0 4 7 0 4 5 4 0 0 0 5 0 4 0 4 4 0 0 4 0 0 5 0
Last Time Cost: 00000001 ms
Total Time Cost: 00103472 ms
Total Distance 96: 0 0 5 0 0 4 6 0 4 0 5 0 0 5 4 0 4 0 5 4 0 0 4 7 0 4 5 4 0 0 0 5 0 4 0 4 4 0 0 4 0 0 5 0
Last Time Cost: 00001625 ms
Total Time Cost: 00105097 ms
Total Distance 95: 0 0 5 0 0 4 6 0 4 0 5 0 0 5 4 0 4 0 5 4 0 0 4 7 0 4 5 3 0 0 0 5 0 4 0 4 4 0 0 4 0 0 5 0
Last Time Cost: 00000002 ms
Total Time Cost: 00105099 ms
Total Distance 94: 0 0 5 0 0 4 6 0 4 0 5 0 0 5 4 0 4 0 5 4 0 0 4 7 0 4 5 2 0 0 0 5 0 4 0 4 4 0 0 4 0 0 5 0
Last Time Cost: 00000001 ms
Total Time Cost: 00105100 ms
Total Distance 93: 0 0 5 0 0 4 6 0 4 0 5 0 0 5 4 0 4 0 5 4 0 0 4 7 0 4 5 1 0 0 0 5 0 4 0 4 4 0 0 4 0 0 5 0
Last Time Cost: 00000001 ms
Total Time Cost: 00105101 ms
Total Distance 92: 0 0 5 0 0 4 6 0 4 0 5 0 0 5 4 0 4 0 5 4 0 0 4 7 0 4 5 0 0 0 0 5 0 4 0 4 4 0 0 4 0 0 5 0
Last Time Cost: 00001805 ms
Total Time Cost: 00106906 ms
Total Distance 91: 0 0 5 0 0 4 6 0 4 0 5 0 0 5 4 0 4 0 5 4 0 0 4 7 0 4 5 0 0 0 0 5 0 4 0 3 4 0 0 4 0 0 5 0
Last Time Cost: 00000002 ms
Total Time Cost: 00106908 ms
Total Distance 90: 0 0 5 0 0 4 6 0 4 0 5 0 0 5 4 0 4 0 5 4 0 0 4 7 0 4 5 0 0 0 0 5 0 4 0 2 4 0 0 4 0 0 5 0
Last Time Cost: 00000002 ms
Total Time Cost: 00106910 ms
Total Distance 89: 0 0 5 0 0 4 6 0 4 0 5 0 0 5 4 0 4 0 5 4 0 0 4 7 0 4 5 0 0 0 0 5 0 4 0 1 4 0 0 4 0 0 5 0
Last Time Cost: 00000001 ms
Total Time Cost: 00106911 ms
Total Distance 88: 0 0 5 0 0 4 6 0 4 0 5 0 0 5 4 0 4 0 5 4 0 0 4 7 0 4 5 0 0 0 0 5 0 4 0 0 4 0 0 4 0 0 5 0
Last Time Cost: 00002300 ms
Total Time Cost: 00109211 ms
Total Distance 87: 0 0 5 0 0 4 6 0 3 0 5 0 0 5 4 0 4 0 5 4 0 0 4 7 0 4 5 0 0 0 0 5 0 4 0 0 4 0 0 4 0 0 5 0
Last Time Cost: 00000002 ms
Total Time Cost: 00109213 ms
Total Distance 86: 0 0 5 0 0 4 6 0 2 0 5 0 0 5 4 0 4 0 5 4 0 0 4 7 0 4 5 0 0 0 0 5 0 4 0 0 4 0 0 4 0 0 5 0
Last Time Cost: 00000001 ms
Total Time Cost: 00109214 ms
Total Distance 85: 0 0 5 0 0 4 6 0 1 0 5 0 0 5 4 0 4 0 5 4 0 0 4 7 0 4 5 0 0 0 0 5 0 4 0 0 4 0 0 4 0 0 5 0
Last Time Cost: 00000001 ms
Total Time Cost: 00109215 ms
Total Distance 84: 0 0 5 0 0 4 6 0 0 0 5 0 0 5 4 0 4 0 5 4 0 0 4 7 0 4 5 0 0 0 0 5 0 4 0 0 4 0 0 4 0 0 5 0
Last Time Cost: 00002398 ms
Total Time Cost: 00111613 ms
Total Distance 83: 0 0 5 0 0 4 6 0 0 0 5 0 0 5 4 0 4 0 5 4 0 0 4 7 0 4 5 0 0 0 0 5 0 4 0 0 3 0 0 4 0 0 5 0
Last Time Cost: 00000002 ms
Total Time Cost: 00111615 ms
Total Distance 82: 0 0 5 0 0 4 6 0 0 0 5 0 0 5 4 0 4 0 5 4 0 0 4 7 0 4 5 0 0 0 0 5 0 4 0 0 2 0 0 4 0 0 5 0
Last Time Cost: 00000002 ms
Total Time Cost: 00111617 ms
Total Distance 81: 0 0 5 0 0 4 6 0 0 0 5 0 0 5 4 0 4 0 5 4 0 0 4 7 0 4 5 0 0 0 0 5 0 4 0 0 1 0 0 4 0 0 5 0
Last Time Cost: 00000001 ms
Total Time Cost: 00111618 ms
Total Distance 80: 0 0 5 0 0 4 6 0 0 0 5 0 0 5 4 0 4 0 5 4 0 0 4 7 0 4 5 0 0 0 0 5 0 4 0 0 0 0 0 4 0 0 5 0
Last Time Cost: 00002720 ms
Total Time Cost: 00114338 ms
Total Distance 79: 0 0 5 0 0 4 6 0 0 0 5 0 0 5 3 0 4 0 5 4 0 0 4 7 0 4 5 0 0 0 0 5 0 4 0 0 0 0 0 4 0 0 5 0
Last Time Cost: 00000002 ms
Total Time Cost: 00114340 ms
Total Distance 78: 0 0 5 0 0 4 6 0 0 0 5 0 0 5 2 0 4 0 5 4 0 0 4 7 0 4 5 0 0 0 0 5 0 4 0 0 0 0 0 4 0 0 5 0
Last Time Cost: 00000002 ms
Total Time Cost: 00114342 ms
Total Distance 77: 0 0 5 0 0 4 6 0 0 0 5 0 0 5 1 0 4 0 5 4 0 0 4 7 0 4 5 0 0 0 0 5 0 4 0 0 0 0 0 4 0 0 5 0
Last Time Cost: 00000001 ms
Total Time Cost: 00114343 ms
Total Distance 76: 0 0 5 0 0 4 6 0 0 0 5 0 0 5 0 0 4 0 5 4 0 0 4 7 0 4 5 0 0 0 0 5 0 4 0 0 0 0 0 4 0 0 5 0
Last Time Cost: 00003093 ms
Total Time Cost: 00117436 ms
Total Distance 75: 0 0 5 0 0 4 6 0 0 0 5 0 0 5 0 0 4 0 5 4 0 0 4 7 0 4 5 0 0 0 0 5 0 3 0 0 0 0 0 4 0 0 5 0
Last Time Cost: 00000002 ms
Total Time Cost: 00117438 ms
Total Distance 74: 0 0 5 0 0 4 6 0 0 0 5 0 0 5 0 0 4 0 5 4 0 0 4 7 0 4 5 0 0 0 0 5 0 2 0 0 0 0 0 4 0 0 5 0
Last Time Cost: 00000002 ms
Total Time Cost: 00117440 ms
Total Distance 73: 0 0 5 0 0 4 6 0 0 0 5 0 0 5 0 0 4 0 5 4 0 0 4 7 0 4 5 0 0 0 0 5 0 1 0 0 0 0 0 4 0 0 5 0
Last Time Cost: 00000001 ms
Total Time Cost: 00117441 ms
Total Distance 72: 0 0 5 0 0 4 6 0 0 0 5 0 0 5 0 0 4 0 5 4 0 0 4 7 0 4 5 0 0 0 0 5 0 0 0 0 0 0 0 4 0 0 5 0
Last Time Cost: 00003816 ms
Total Time Cost: 00121257 ms
Total Distance 71: 0 0 5 0 0 4 6 0 0 0 5 0 0 5 0 0 4 0 5 4 0 0 3 7 0 4 5 0 0 0 0 5 0 0 0 0 0 0 0 4 0 0 5 0
Last Time Cost: 00000002 ms
Total Time Cost: 00121259 ms
Total Distance 70: 0 0 5 0 0 4 6 0 0 0 5 0 0 5 0 0 4 0 5 4 0 0 2 7 0 4 5 0 0 0 0 5 0 0 0 0 0 0 0 4 0 0 5 0
Last Time Cost: 00000002 ms
Total Time Cost: 00121261 ms
Total Distance 69: 0 0 5 0 0 4 6 0 0 0 5 0 0 5 0 0 4 0 5 4 0 0 1 7 0 4 5 0 0 0 0 5 0 0 0 0 0 0 0 4 0 0 5 0
Last Time Cost: 00000001 ms
Total Time Cost: 00121262 ms
Total Distance 68: 0 0 5 0 0 4 6 0 0 0 5 0 0 5 0 0 4 0 5 4 0 0 0 7 0 4 5 0 0 0 0 5 0 0 0 0 0 0 0 4 0 0 5 0
Last Time Cost: 00004211 ms
Total Time Cost: 00125473 ms
Total Distance 67: 0 0 5 0 0 4 6 0 0 0 5 0 0 5 0 0 4 0 5 4 0 0 0 7 0 3 5 0 0 0 0 5 0 0 0 0 0 0 0 4 0 0 5 0
Last Time Cost: 00000002 ms
Total Time Cost: 00125475 ms
Total Distance 66: 0 0 5 0 0 4 6 0 0 0 5 0 0 5 0 0 4 0 5 4 0 0 0 7 0 2 5 0 0 0 0 5 0 0 0 0 0 0 0 4 0 0 5 0
Last Time Cost: 00000002 ms
Total Time Cost: 00125477 ms
Total Distance 65: 0 0 5 0 0 4 6 0 0 0 5 0 0 5 0 0 4 0 5 4 0 0 0 7 0 1 5 0 0 0 0 5 0 0 0 0 0 0 0 4 0 0 5 0
Last Time Cost: 00000001 ms
Total Time Cost: 00125478 ms
Total Distance 64: 0 0 5 0 0 4 6 0 0 0 5 0 0 5 0 0 4 0 5 4 0 0 0 7 0 0 5 0 0 0 0 5 0 0 0 0 0 0 0 4 0 0 5 0
Last Time Cost: 00004561 ms
Total Time Cost: 00130039 ms
Total Distance 63: 0 0 5 0 0 3 6 0 0 0 5 0 0 5 0 0 4 0 5 4 0 0 0 7 0 0 5 0 0 0 0 5 0 0 0 0 0 0 0 4 0 0 5 0
Last Time Cost: 00000002 ms
Total Time Cost: 00130041 ms
Total Distance 62: 0 0 5 0 0 2 6 0 0 0 5 0 0 5 0 0 4 0 5 4 0 0 0 7 0 0 5 0 0 0 0 5 0 0 0 0 0 0 0 4 0 0 5 0
Last Time Cost: 00000002 ms
Total Time Cost: 00130043 ms
Total Distance 61: 0 0 5 0 0 1 6 0 0 0 5 0 0 5 0 0 4 0 5 4 0 0 0 7 0 0 5 0 0 0 0 5 0 0 0 0 0 0 0 4 0 0 5 0
Last Time Cost: 00000001 ms
Total Time Cost: 00130044 ms
Total Distance 60: 0 0 5 0 0 0 6 0 0 0 5 0 0 5 0 0 4 0 5 4 0 0 0 7 0 0 5 0 0 0 0 5 0 0 0 0 0 0 0 4 0 0 5 0
Last Time Cost: 00004630 ms
Total Time Cost: 00134674 ms
Total Distance 59: 0 0 5 0 0 0 6 0 0 0 5 0 0 5 0 0 4 0 5 3 0 0 0 7 0 0 5 0 0 0 0 5 0 0 0 0 0 0 0 4 0 0 5 0
Last Time Cost: 00000002 ms
Total Time Cost: 00134676 ms
Total Distance 58: 0 0 5 0 0 0 6 0 0 0 5 0 0 5 0 0 4 0 5 2 0 0 0 7 0 0 5 0 0 0 0 5 0 0 0 0 0 0 0 4 0 0 5 0
Last Time Cost: 00000002 ms
Total Time Cost: 00134678 ms
Total Distance 57: 0 0 5 0 0 0 6 0 0 0 5 0 0 5 0 0 4 0 5 1 0 0 0 7 0 0 5 0 0 0 0 5 0 0 0 0 0 0 0 4 0 0 5 0
Last Time Cost: 00000002 ms
Total Time Cost: 00134680 ms
Total Distance 56: 0 0 5 0 0 0 6 0 0 0 5 0 0 5 0 0 4 0 5 0 0 0 0 7 0 0 5 0 0 0 0 5 0 0 0 0 0 0 0 4 0 0 5 0
Last Time Cost: 00005660 ms
Total Time Cost: 00140340 ms
Total Distance 55: 0 0 5 0 0 0 6 0 0 0 5 0 0 5 0 0 3 0 5 0 0 0 0 7 0 0 5 0 0 0 0 5 0 0 0 0 0 0 0 4 0 0 5 0
Last Time Cost: 00000002 ms
Total Time Cost: 00140342 ms
Total Distance 54: 0 0 5 0 0 0 6 0 0 0 5 0 0 5 0 0 2 0 5 0 0 0 0 7 0 0 5 0 0 0 0 5 0 0 0 0 0 0 0 4 0 0 5 0
Last Time Cost: 00000002 ms
Total Time Cost: 00140344 ms
Total Distance 53: 0 0 5 0 0 0 6 0 0 0 5 0 0 5 0 0 1 0 5 0 0 0 0 7 0 0 5 0 0 0 0 5 0 0 0 0 0 0 0 4 0 0 5 0
Last Time Cost: 00000002 ms
Total Time Cost: 00140346 ms
Total Distance 52: 0 0 5 0 0 0 6 0 0 0 5 0 0 5 0 0 0 0 5 0 0 0 0 7 0 0 5 0 0 0 0 5 0 0 0 0 0 0 0 4 0 0 5 0
Last Time Cost: 00006352 ms
Total Time Cost: 00146698 ms
Total Distance 51: 0 0 5 0 0 0 6 0 0 0 5 0 0 5 0 0 0 0 5 0 0 0 0 7 0 0 5 0 0 0 0 5 0 0 0 0 0 0 0 3 0 0 5 0
Last Time Cost: 00000002 ms
Total Time Cost: 00146700 ms
Total Distance 50: 0 0 5 0 0 0 6 0 0 0 5 0 0 5 0 0 0 0 5 0 0 0 0 7 0 0 5 0 0 0 0 5 0 0 0 0 0 0 0 2 0 0 5 0
Last Time Cost: 00000002 ms
Total Time Cost: 00146702 ms
Total Distance 49: 0 0 5 0 0 0 6 0 0 0 5 0 0 5 0 0 0 0 5 0 0 0 0 7 0 0 5 0 0 0 0 5 0 0 0 0 0 0 0 1 0 0 5 0
Last Time Cost: 00000002 ms
Total Time Cost: 00146704 ms
Total Distance 48: 0 0 5 0 0 0 6 0 0 0 5 0 0 5 0 0 0 0 5 0 0 0 0 7 0 0 5 0 0 0 0 5 0 0 0 0 0 0 0 0 0 0 5 0
Last Time Cost: 00006733 ms
Total Time Cost: 00153437 ms
Total Distance 47: 0 0 5 0 0 0 6 0 0 0 5 0 0 5 0 0 0 0 4 0 0 0 0 7 0 0 5 0 0 0 0 5 0 0 0 0 0 0 0 0 0 0 5 0
Last Time Cost: 00000003 ms
Total Time Cost: 00153440 ms
Total Distance 46: 0 0 5 0 0 0 6 0 0 0 5 0 0 5 0 0 0 0 3 0 0 0 0 7 0 0 5 0 0 0 0 5 0 0 0 0 0 0 0 0 0 0 5 0
Last Time Cost: 00000002 ms
Total Time Cost: 00153442 ms
Total Distance 45: 0 0 5 0 0 0 6 0 0 0 5 0 0 5 0 0 0 0 2 0 0 0 0 7 0 0 5 0 0 0 0 5 0 0 0 0 0 0 0 0 0 0 5 0
Last Time Cost: 00000002 ms
Total Time Cost: 00153444 ms
Total Distance 44: 0 0 5 0 0 0 6 0 0 0 5 0 0 5 0 0 0 0 1 0 0 0 0 7 0 0 5 0 0 0 0 5 0 0 0 0 0 0 0 0 0 0 5 0
Last Time Cost: 00000002 ms
Total Time Cost: 00153446 ms
Total Distance 43: 0 0 5 0 0 0 6 0 0 0 5 0 0 5 0 0 0 0 0 0 0 0 0 7 0 0 5 0 0 0 0 5 0 0 0 0 0 0 0 0 0 0 5 0
Last Time Cost: 00008874 ms
Total Time Cost: 00162320 ms
Total Distance 42: 0 0 5 0 0 0 6 0 0 0 5 0 0 5 0 0 0 0 0 0 0 0 0 7 0 0 5 0 0 0 0 4 0 0 0 0 0 0 0 0 0 0 5 0
Last Time Cost: 00000004 ms
Total Time Cost: 00162324 ms
Total Distance 41: 0 0 5 0 0 0 6 0 0 0 5 0 0 5 0 0 0 0 0 0 0 0 0 7 0 0 5 0 0 0 0 3 0 0 0 0 0 0 0 0 0 0 5 0
Last Time Cost: 00000002 ms
Total Time Cost: 00162326 ms
Total Distance 40: 0 0 5 0 0 0 6 0 0 0 5 0 0 5 0 0 0 0 0 0 0 0 0 7 0 0 5 0 0 0 0 2 0 0 0 0 0 0 0 0 0 0 5 0
Last Time Cost: 00000002 ms
Total Time Cost: 00162328 ms
Total Distance 39: 0 0 5 0 0 0 6 0 0 0 5 0 0 5 0 0 0 0 0 0 0 0 0 7 0 0 5 0 0 0 0 1 0 0 0 0 0 0 0 0 0 0 5 0
Last Time Cost: 00000002 ms
Total Time Cost: 00162330 ms
Total Distance 38: 0 0 5 0 0 0 6 0 0 0 5 0 0 5 0 0 0 0 0 0 0 0 0 7 0 0 5 0 0 0 0 0 0 0 0 0 0 0 0 0 0 0 5 0
Last Time Cost: 00009414 ms
Total Time Cost: 00171744 ms
Total Distance 37: 0 0 4 0 0 0 6 0 0 0 5 0 0 5 0 0 0 0 0 0 0 0 0 7 0 0 5 0 0 0 0 0 0 0 0 0 0 0 0 0 0 0 5 0
Last Time Cost: 00000003 ms
Total Time Cost: 00171747 ms
Total Distance 36: 0 0 3 0 0 0 6 0 0 0 5 0 0 5 0 0 0 0 0 0 0 0 0 7 0 0 5 0 0 0 0 0 0 0 0 0 0 0 0 0 0 0 5 0
Last Time Cost: 00000003 ms
Total Time Cost: 00171750 ms
Total Distance 35: 0 0 2 0 0 0 6 0 0 0 5 0 0 5 0 0 0 0 0 0 0 0 0 7 0 0 5 0 0 0 0 0 0 0 0 0 0 0 0 0 0 0 5 0
Last Time Cost: 00000002 ms
Total Time Cost: 00171752 ms
Total Distance 34: 0 0 1 0 0 0 6 0 0 0 5 0 0 5 0 0 0 0 0 0 0 0 0 7 0 0 5 0 0 0 0 0 0 0 0 0 0 0 0 0 0 0 5 0
Last Time Cost: 00000002 ms
Total Time Cost: 00171754 ms
Total Distance 33: 0 0 0 0 0 0 6 0 0 0 5 0 0 5 0 0 0 0 0 0 0 0 0 7 0 0 5 0 0 0 0 0 0 0 0 0 0 0 0 0 0 0 5 0
Last Time Cost: 00010442 ms
Total Time Cost: 00182196 ms
Total Distance 32: 0 0 0 0 0 0 6 0 0 0 5 0 0 5 0 0 0 0 0 0 0 0 0 7 0 0 5 0 0 0 0 0 0 0 0 0 0 0 0 0 0 0 4 0
Last Time Cost: 00000003 ms
Total Time Cost: 00182199 ms
Total Distance 31: 0 0 0 0 0 0 6 0 0 0 5 0 0 5 0 0 0 0 0 0 0 0 0 7 0 0 5 0 0 0 0 0 0 0 0 0 0 0 0 0 0 0 3 0
Last Time Cost: 00000003 ms
Total Time Cost: 00182202 ms
Total Distance 30: 0 0 0 0 0 0 6 0 0 0 5 0 0 5 0 0 0 0 0 0 0 0 0 7 0 0 5 0 0 0 0 0 0 0 0 0 0 0 0 0 0 0 2 0
Last Time Cost: 00000002 ms
Total Time Cost: 00182204 ms
Total Distance 29: 0 0 0 0 0 0 6 0 0 0 5 0 0 5 0 0 0 0 0 0 0 0 0 7 0 0 5 0 0 0 0 0 0 0 0 0 0 0 0 0 0 0 1 0
Last Time Cost: 00000002 ms
Total Time Cost: 00182206 ms
Total Distance 28: 0 0 0 0 0 0 6 0 0 0 5 0 0 5 0 0 0 0 0 0 0 0 0 7 0 0 5 0 0 0 0 0 0 0 0 0 0 0 0 0 0 0 0 0
Last Time Cost: 00012235 ms
Total Time Cost: 00194441 ms
Total Distance 27: 0 0 0 0 0 0 6 0 0 0 5 0 0 5 0 0 0 0 0 0 0 0 0 7 0 0 4 0 0 0 0 0 0 0 0 0 0 0 0 0 0 0 0 0
Last Time Cost: 00000003 ms
Total Time Cost: 00194444 ms
Total Distance 26: 0 0 0 0 0 0 6 0 0 0 5 0 0 5 0 0 0 0 0 0 0 0 0 7 0 0 3 0 0 0 0 0 0 0 0 0 0 0 0 0 0 0 0 0
Last Time Cost: 00000003 ms
Total Time Cost: 00194447 ms
Total Distance 24: 0 0 0 0 0 0 6 0 0 0 5 0 0 5 0 0 0 0 0 0 0 0 0 6 0 0 2 0 0 0 0 0 0 0 0 0 0 0 0 0 0 0 0 0
Last Time Cost: 00000297 ms
Total Time Cost: 00194744 ms
Total Distance 23: 0 0 0 0 0 0 6 0 0 0 5 0 0 5 0 0 0 0 0 0 0 0 0 6 0 0 1 0 0 0 0 0 0 0 0 0 0 0 0 0 0 0 0 0
Last Time Cost: 00000002 ms
Total Time Cost: 00194746 ms
Total Distance 22: 0 0 0 0 0 0 6 0 0 0 5 0 0 5 0 0 0 0 0 0 0 0 0 6 0 0 0 0 0 0 0 0 0 0 0 0 0 0 0 0 0 0 0 0
Last Time Cost: 00000315 ms
Total Time Cost: 00195061 ms
Total Distance 21: 0 0 0 0 0 0 6 0 0 0 5 0 0 4 0 0 0 0 0 0 0 0 0 6 0 0 0 0 0 0 0 0 0 0 0 0 0 0 0 0 0 0 0 0
Last Time Cost: 00000002 ms
Total Time Cost: 00195063 ms
Total Distance 20: 0 0 0 0 0 0 6 0 0 0 5 0 0 3 0 0 0 0 0 0 0 0 0 6 0 0 0 0 0 0 0 0 0 0 0 0 0 0 0 0 0 0 0 0
Last Time Cost: 00000002 ms
Total Time Cost: 00195065 ms
Total Distance 19: 0 0 0 0 0 0 6 0 0 0 5 0 0 2 0 0 0 0 0 0 0 0 0 6 0 0 0 0 0 0 0 0 0 0 0 0 0 0 0 0 0 0 0 0
Last Time Cost: 00000002 ms
Total Time Cost: 00195067 ms
Total Distance 18: 0 0 0 0 0 0 6 0 0 0 5 0 0 1 0 0 0 0 0 0 0 0 0 6 0 0 0 0 0 0 0 0 0 0 0 0 0 0 0 0 0 0 0 0
Last Time Cost: 00000002 ms
Total Time Cost: 00195069 ms
Total Distance 17: 0 0 0 0 0 0 6 0 0 0 5 0 0 0 0 0 0 0 0 0 0 0 0 6 0 0 0 0 0 0 0 0 0 0 0 0 0 0 0 0 0 0 0 0
Last Time Cost: 00000307 ms
Total Time Cost: 00195376 ms
Total Distance 16: 0 0 0 0 0 0 6 0 0 0 4 0 0 0 0 0 0 0 0 0 0 0 0 6 0 0 0 0 0 0 0 0 0 0 0 0 0 0 0 0 0 0 0 0
Last Time Cost: 00000002 ms
Total Time Cost: 00195378 ms
Total Distance 15: 0 0 0 0 0 0 6 0 0 0 3 0 0 0 0 0 0 0 0 0 0 0 0 6 0 0 0 0 0 0 0 0 0 0 0 0 0 0 0 0 0 0 0 0
Last Time Cost: 00000002 ms
Total Time Cost: 00195380 ms
Total Distance 14: 0 0 0 0 0 0 6 0 0 0 2 0 0 0 0 0 0 0 0 0 0 0 0 6 0 0 0 0 0 0 0 0 0 0 0 0 0 0 0 0 0 0 0 0
Last Time Cost: 00000002 ms
Total Time Cost: 00195382 ms
Total Distance 13: 0 0 0 0 0 0 6 0 0 0 1 0 0 0 0 0 0 0 0 0 0 0 0 6 0 0 0 0 0 0 0 0 0 0 0 0 0 0 0 0 0 0 0 0
Last Time Cost: 00000002 ms
Total Time Cost: 00195384 ms
Total Distance 12: 0 0 0 0 0 0 6 0 0 0 0 0 0 0 0 0 0 0 0 0 0 0 0 6 0 0 0 0 0 0 0 0 0 0 0 0 0 0 0 0 0 0 0 0
Last Time Cost: 00000306 ms
Total Time Cost: 00195690 ms
Total Distance 11: 0 0 0 0 0 0 6 0 0 0 0 0 0 0 0 0 0 0 0 0 0 0 0 5 0 0 0 0 0 0 0 0 0 0 0 0 0 0 0 0 0 0 0 0
Last Time Cost: 00000033 ms
Total Time Cost: 00195723 ms
Total Distance 10: 0 0 0 0 0 0 6 0 0 0 0 0 0 0 0 0 0 0 0 0 0 0 0 4 0 0 0 0 0 0 0 0 0 0 0 0 0 0 0 0 0 0 0 0
Last Time Cost: 00000003 ms
Total Time Cost: 00195726 ms
Total Distance 9: 0 0 0 0 0 0 6 0 0 0 0 0 0 0 0 0 0 0 0 0 0 0 0 3 0 0 0 0 0 0 0 0 0 0 0 0 0 0 0 0 0 0 0 0
Last Time Cost: 00000003 ms
Total Time Cost: 00195729 ms
Total Distance 8: 0 0 0 0 0 0 6 0 0 0 0 0 0 0 0 0 0 0 0 0 0 0 0 2 0 0 0 0 0 0 0 0 0 0 0 0 0 0 0 0 0 0 0 0
Last Time Cost: 00000003 ms
Total Time Cost: 00195732 ms
Total Distance 7: 0 0 0 0 0 0 6 0 0 0 0 0 0 0 0 0 0 0 0 0 0 0 0 1 0 0 0 0 0 0 0 0 0 0 0 0 0 0 0 0 0 0 0 0
Last Time Cost: 00000003 ms
Total Time Cost: 00195735 ms
Total Distance 6: 0 0 0 0 0 0 6 0 0 0 0 0 0 0 0 0 0 0 0 0 0 0 0 0 0 0 0 0 0 0 0 0 0 0 0 0 0 0 0 0 0 0 0 0
Last Time Cost: 00000181 ms
Total Time Cost: 00195916 ms
Total Distance 5: 0 0 0 0 0 0 5 0 0 0 0 0 0 0 0 0 0 0 0 0 0 0 0 0 0 0 0 0 0 0 0 0 0 0 0 0 0 0 0 0 0 0 0 0
Last Time Cost: 00000035 ms
Total Time Cost: 00195951 ms
Total Distance 4: 0 0 0 0 0 0 4 0 0 0 0 0 0 0 0 0 0 0 0 0 0 0 0 0 0 0 0 0 0 0 0 0 0 0 0 0 0 0 0 0 0 0 0 0
Last Time Cost: 00000000 ms
Total Time Cost: 00195951 ms
Total Distance 3: 0 0 0 0 0 0 3 0 0 0 0 0 0 0 0 0 0 0 0 0 0 0 0 0 0 0 0 0 0 0 0 0 0 0 0 0 0 0 0 0 0 0 0 0
Last Time Cost: 00000000 ms
Total Time Cost: 00195951 ms
Total Distance 2: 0 0 0 0 0 0 2 0 0 0 0 0 0 0 0 0 0 0 0 0 0 0 0 0 0 0 0 0 0 0 0 0 0 0 0 0 0 0 0 0 0 0 0 0
Last Time Cost: 00000000 ms
Total Time Cost: 00195951 ms
Total Distance 1: 0 0 0 0 0 0 1 0 0 0 0 0 0 0 0 0 0 0 0 0 0 0 0 0 0 0 0 0 0 0 0 0 0 0 0 0 0 0 0 0 0 0 0 0
Last Time Cost: 00000000 ms
Total Time Cost: 00195951 ms
Total Distance 0: 0 0 0 0 0 0 0 0 0 0 0 0 0 0 0 0 0 0 0 0 0 0 0 0 0 0 0 0 0 0 0 0 0 0 0 0 0 0 0 0 0 0 0 0
