Last Time Cost: 00000000 ms
Total Time Cost: 00000000 ms
Total Distance 528: 12 12 12 12 12 12 12 12 12 12 12 12 10 10 10 10 10 10 10 10 10 10 10 10 11 11 11 11 11 11 11 11 11 11 11 11 11 11 11 11 11 11 11 11 11 11 11 11
Last Time Cost: 00000847 ms
Total Time Cost: 00000847 ms
Total Distance 518: 11 12 12 12 12 11 12 11 12 12 12 12 10 10 10 10 10 10 10 10 10 9 10 10 11 11 11 11 10 11 11 10 11 11 11 11 11 10 11 10 10 11 11 11 11 10 11 11
Last Time Cost: 00000082 ms
Total Time Cost: 00000929 ms
Total Distance 511: 11 12 12 11 12 11 12 11 12 12 12 12 10 10 9 10 10 9 10 10 10 8 10 10 11 11 11 10 10 11 11 9 11 11 11 11 11 10 11 10 10 10 11 11 11 10 11 11
Last Time Cost: 00000064 ms
Total Time Cost: 00000993 ms
Total Distance 504: 11 12 12 11 12 11 12 11 12 12 11 12 10 10 9 10 10 9 10 10 9 7 9 10 11 11 11 10 10 11 11 9 11 11 11 10 11 10 11 10 10 10 10 11 11 10 10 11
Last Time Cost: 00000054 ms
Total Time Cost: 00001047 ms
Total Distance 499: 11 12 12 11 12 10 12 11 12 12 11 12 10 10 9 10 10 9 10 10 9 6 9 10 11 11 11 10 9 11 11 8 11 11 11 10 11 10 11 9 10 10 10 11 11 10 10 11
Last Time Cost: 00000046 ms
Total Time Cost: 00001093 ms
Total Distance 494: 11 12 12 11 12 10 12 11 12 12 11 12 10 10 9 10 10 9 10 10 9 5 9 10 11 11 11 9 9 11 11 8 11 11 11 9 11 10 10 9 10 10 10 11 11 10 9 11
Last Time Cost: 00000039 ms
Total Time Cost: 00001132 ms
Total Distance 491: 11 12 12 11 12 10 12 11 12 12 11 12 10 10 9 10 10 9 10 10 9 4 9 10 11 11 11 9 9 11 11 8 11 11 11 8 11 10 10 9 10 10 10 11 11 10 8 11
Last Time Cost: 00000033 ms
Total Time Cost: 00001165 ms
Total Distance 488: 11 12 12 10 12 10 12 11 12 12 11 12 10 10 9 10 10 8 10 10 9 3 9 10 11 11 11 9 9 11 11 8 11 11 11 8 11 10 10 9 10 10 10 11 11 10 8 11
Last Time Cost: 00000028 ms
Total Time Cost: 00001193 ms
Total Distance 486: 11 12 12 10 12 10 12 11 12 12 11 12 10 10 9 10 10 8 10 10 9 2 9 10 11 11 11 8 9 11 11 8 11 11 11 8 11 10 10 9 10 10 10 11 11 10 8 11
Last Time Cost: 00000024 ms
Total Time Cost: 00001217 ms
Total Distance 485: 11 12 12 10 12 10 12 11 12 12 11 12 10 10 9 10 10 8 10 10 9 1 9 10 11 11 11 8 9 11 11 8 11 11 11 8 11 10 10 9 10 10 10 11 11 10 8 11
Last Time Cost: 00000021 ms
Total Time Cost: 00001238 ms
Total Distance 484: 11 12 12 10 12 10 12 11 12 12 11 12 10 10 9 10 10 8 10 10 9 0 9 10 11 11 11 8 9 11 11 8 11 11 11 8 11 10 10 9 10 10 10 11 11 10 8 11
Last Time Cost: 00000550 ms
Total Time Cost: 00001788 ms
Total Distance 477: 10 12 12 9 12 10 12 11 12 12 11 12 9 10 9 10 10 8 10 10 9 0 9 10 11 11 11 8 8 11 10 8 11 11 11 8 11 10 9 9 10 10 10 11 11 10 7 11
Last Time Cost: 00000101 ms
Total Time Cost: 00001889 ms
Total Distance 472: 10 12 12 9 12 9 12 11 12 12 11 12 9 10 9 10 10 8 10 10 9 0 9 10 11 10 10 8 8 11 10 8 10 11 11 8 11 10 9 9 10 10 10 11 11 10 6 11
Last Time Cost: 00000081 ms
Total Time Cost: 00001970 ms
Total Distance 468: 10 12 12 9 12 9 12 11 12 12 11 12 9 10 9 10 10 8 10 10 9 0 9 9 11 10 10 8 8 11 10 8 10 11 11 7 11 10 9 9 10 10 9 11 11 10 5 11
Last Time Cost: 00000070 ms
Total Time Cost: 00002040 ms
Total Distance 465: 10 12 12 9 12 9 12 11 12 12 11 12 9 10 9 10 10 8 10 10 9 0 9 8 11 10 10 8 8 11 10 8 10 11 11 6 11 10 9 9 10 10 9 11 11 10 4 11
Last Time Cost: 00000061 ms
Total Time Cost: 00002101 ms
Total Distance 462: 10 12 12 9 12 9 12 11 12 12 11 12 9 10 9 10 10 8 10 10 9 0 9 8 11 10 10 8 8 11 9 8 10 11 11 6 11 10 8 9 10 10 9 11 11 10 3 11
Last Time Cost: 00000053 ms
Total Time Cost: 00002154 ms
Total Distance 460: 10 12 12 9 12 9 12 11 12 12 11 12 9 10 9 10 10 8 10 10 9 0 9 8 11 10 10 8 8 11 8 8 10 11 11 6 11 10 8 9 10 10 9 11 11 10 2 11
Last Time Cost: 00000047 ms
Total Time Cost: 00002201 ms
Total Distance 459: 10 12 12 9 12 9 12 11 12 12 11 12 9 10 9 10 10 8 10 10 9 0 9 8 11 10 10 8 8 11 8 8 10 11 11 6 11 10 8 9 10 10 9 11 11 10 1 11
Last Time Cost: 00000043 ms
Total Time Cost: 00002244 ms
Total Distance 458: 10 12 12 9 12 9 12 11 12 12 11 12 9 10 9 10 10 8 10 10 9 0 9 8 11 10 10 8 8 11 8 8 10 11 11 6 11 10 8 9 10 10 9 11 11 10 0 11
Last Time Cost: 00000140 ms
Total Time Cost: 00002384 ms
Total Distance 453: 10 12 12 9 12 9 12 11 12 12 11 12 9 10 9 10 10 8 10 10 9 0 9 8 11 9 10 8 8 11 8 8 10 11 11 5 11 10 8 8 9 9 9 11 11 10 0 11
Last Time Cost: 00000119 ms
Total Time Cost: 00002503 ms
Total Distance 448: 10 12 12 9 12 9 12 11 12 11 11 12 9 9 9 10 10 8 10 10 9 0 9 8 11 8 10 8 8 11 8 8 10 10 11 4 11 10 8 8 9 9 9 11 11 10 0 11
Last Time Cost: 00000101 ms
Total Time Cost: 00002604 ms
Total Distance 446: 10 12 12 9 12 9 12 11 12 11 11 12 9 9 9 10 10 8 10 10 9 0 9 8 11 7 10 8 8 11 8 8 10 10 11 3 11 10 8 8 9 9 9 11 11 10 0 11
Last Time Cost: 00000088 ms
Total Time Cost: 00002692 ms
Total Distance 444: 10 12 12 9 12 9 12 11 12 11 11 12 9 9 9 10 10 8 10 10 9 0 9 8 11 7 10 8 8 11 8 8 10 10 11 2 11 9 8 8 9 9 9 11 11 10 0 11
Last Time Cost: 00000079 ms
Total Time Cost: 00002771 ms
Total Distance 442: 10 12 12 9 12 9 12 11 12 11 11 12 9 9 9 10 10 8 10 10 9 0 9 8 11 7 10 8 8 11 8 8 10 10 11 1 11 8 8 8 9 9 9 11 11 10 0 11
Last Time Cost: 00000072 ms
Total Time Cost: 00002843 ms
Total Distance 441: 10 12 12 9 12 9 12 11 12 11 11 12 9 9 9 10 10 8 10 10 9 0 9 8 11 7 10 8 8 11 8 8 10 10 11 0 11 8 8 8 9 9 9 11 11 10 0 11
Last Time Cost: 00000258 ms
Total Time Cost: 00003101 ms
Total Distance 435: 10 12 11 9 12 9 12 11 12 11 11 12 9 9 9 10 10 8 9 10 9 0 9 8 11 6 10 8 8 11 8 8 10 9 10 0 11 8 8 8 9 9 9 10 11 10 0 11
Last Time Cost: 00000206 ms
Total Time Cost: 00003307 ms
Total Distance 431: 9 12 11 9 12 9 12 11 12 11 11 12 9 9 9 10 10 8 9 10 9 0 9 7 10 5 10 8 8 11 8 8 10 9 10 0 11 8 8 8 9 9 9 10 11 10 0 11
Last Time Cost: 00000176 ms
Total Time Cost: 00003483 ms
Total Distance 429: 9 12 11 9 12 9 12 11 12 11 11 12 9 9 9 10 10 8 9 10 9 0 9 7 10 4 10 8 8 11 8 8 10 8 10 0 11 8 8 8 9 9 9 10 11 10 0 11
Last Time Cost: 00000154 ms
Total Time Cost: 00003637 ms
Total Distance 427: 9 12 11 9 12 9 12 11 12 11 11 12 9 9 9 10 10 8 9 10 9 0 9 7 10 3 10 8 8 11 8 8 10 7 10 0 11 8 8 8 9 9 9 10 11 10 0 11
Last Time Cost: 00000137 ms
Total Time Cost: 00003774 ms
Total Distance 425: 9 12 11 9 12 8 12 11 12 11 11 12 9 9 9 10 10 8 9 10 9 0 9 7 10 2 10 8 8 11 8 8 10 7 10 0 11 8 8 8 9 9 9 10 11 10 0 11
Last Time Cost: 00000122 ms
Total Time Cost: 00003896 ms
Total Distance 423: 9 12 11 9 12 8 12 11 12 11 11 12 9 9 9 10 10 8 9 10 9 0 9 7 10 1 10 8 8 10 8 8 10 7 10 0 11 8 8 8 9 9 9 10 11 10 0 11
Last Time Cost: 00000115 ms
Total Time Cost: 00004011 ms
Total Distance 422: 9 12 11 9 12 8 12 11 12 11 11 12 9 9 9 10 10 8 9 10 9 0 9 7 10 0 10 8 8 10 8 8 10 7 10 0 11 8 8 8 9 9 9 10 11 10 0 11
Last Time Cost: 00000605 ms
Total Time Cost: 00004616 ms
Total Distance 416: 9 11 11 9 12 7 11 11 11 11 11 12 9 9 9 10 10 8 9 10 9 0 9 7 10 0 10 8 8 10 8 8 10 6 10 0 10 8 8 8 9 9 9 10 11 10 0 11
Last Time Cost: 00000291 ms
Total Time Cost: 00004907 ms
Total Distance 411: 9 11 10 9 12 7 11 11 10 11 11 12 9 9 9 10 10 8 9 10 9 0 8 7 10 0 10 8 8 10 8 8 10 5 10 0 10 8 8 8 9 9 9 9 11 10 0 11
Last Time Cost: 00000240 ms
Total Time Cost: 00005147 ms
Total Distance 409: 9 11 10 9 12 7 11 11 10 11 11 12 9 9 9 10 10 7 9 10 9 0 8 7 10 0 10 8 8 10 8 8 10 4 10 0 10 8 8 8 9 9 9 9 11 10 0 11
Last Time Cost: 00000219 ms
Total Time Cost: 00005366 ms
Total Distance 407: 9 11 10 9 12 7 11 11 9 11 11 12 9 9 9 10 10 7 9 10 9 0 8 7 10 0 10 8 8 10 8 8 10 3 10 0 10 8 8 8 9 9 9 9 11 10 0 11
Last Time Cost: 00000201 ms
Total Time Cost: 00005567 ms
Total Distance 406: 9 11 10 9 12 7 11 11 9 11 11 12 9 9 9 10 10 7 9 10 9 0 8 7 10 0 10 8 8 10 8 8 10 2 10 0 10 8 8 8 9 9 9 9 11 10 0 11
Last Time Cost: 00000189 ms
Total Time Cost: 00005756 ms
Total Distance 405: 9 11 10 9 12 7 11 11 9 11 11 12 9 9 9 10 10 7 9 10 9 0 8 7 10 0 10 8 8 10 8 8 10 1 10 0 10 8 8 8 9 9 9 9 11 10 0 11
Last Time Cost: 00000186 ms
Total Time Cost: 00005942 ms
Total Distance 404: 9 11 10 9 12 7 11 11 9 11 11 12 9 9 9 10 10 7 9 10 9 0 8 7 10 0 10 8 8 10 8 8 10 0 10 0 10 8 8 8 9 9 9 9 11 10 0 11
Last Time Cost: 00001072 ms
Total Time Cost: 00007014 ms
Total Distance 400: 9 11 10 9 12 7 11 11 9 11 11 12 9 9 9 10 10 7 9 10 8 0 8 6 10 0 10 8 8 10 8 8 10 0 10 0 10 7 8 8 9 9 9 8 11 10 0 11
Last Time Cost: 00000423 ms
Total Time Cost: 00007437 ms
Total Distance 396: 8 11 10 9 12 7 11 11 9 11 11 11 9 9 9 10 10 7 9 10 8 0 8 5 9 0 10 8 8 10 8 8 10 0 10 0 10 7 8 8 9 9 9 8 11 10 0 11
Last Time Cost: 00000378 ms
Total Time Cost: 00007815 ms
Total Distance 394: 8 11 10 9 12 7 11 11 9 11 11 11 9 9 9 10 10 7 9 10 7 0 8 4 9 0 10 8 8 10 8 8 10 0 10 0 10 7 8 8 9 9 9 8 11 10 0 11
Last Time Cost: 00000346 ms
Total Time Cost: 00008161 ms
Total Distance 392: 8 11 10 9 12 7 11 11 9 11 11 11 9 9 9 10 10 7 9 10 7 0 8 3 9 0 9 8 8 10 8 8 10 0 10 0 10 7 8 8 9 9 9 8 11 10 0 11
Last Time Cost: 00000318 ms
Total Time Cost: 00008479 ms
Total Distance 390: 8 11 10 9 12 7 11 11 9 11 11 11 9 9 9 10 10 7 9 10 7 0 8 2 9 0 9 8 8 10 8 8 10 0 9 0 10 7 8 8 9 9 9 8 11 10 0 11
Last Time Cost: 00000301 ms
Total Time Cost: 00008780 ms
Total Distance 389: 8 11 10 9 12 7 11 11 9 11 11 11 9 9 9 10 10 7 9 10 7 0 8 1 9 0 9 8 8 10 8 8 10 0 9 0 10 7 8 8 9 9 9 8 11 10 0 11
Last Time Cost: 00000295 ms
Total Time Cost: 00009075 ms
Total Distance 388: 8 11 10 9 12 7 11 11 9 11 11 11 9 9 9 10 10 7 9 10 7 0 8 0 9 0 9 8 8 10 8 8 10 0 9 0 10 7 8 8 9 9 9 8 11 10 0 11
Last Time Cost: 00002635 ms
Total Time Cost: 00011710 ms
Total Distance 383: 8 10 9 9 12 7 11 10 9 11 11 11 9 9 9 10 10 7 9 10 6 0 8 0 9 0 9 8 8 10 8 8 10 0 8 0 10 7 8 8 9 9 9 8 11 10 0 11
Last Time Cost: 00000713 ms
Total Time Cost: 00012423 ms
Total Distance 380: 8 10 9 9 12 7 11 10 9 11 11 11 9 9 9 10 9 7 9 10 5 0 8 0 9 0 9 8 8 10 8 8 10 0 8 0 10 7 8 8 9 9 9 8 11 9 0 11
Last Time Cost: 00000652 ms
Total Time Cost: 00013075 ms
Total Distance 378: 8 10 8 9 12 7 11 10 9 11 11 11 9 9 9 10 9 7 9 10 4 0 8 0 9 0 9 8 8 10 8 8 10 0 8 0 10 7 8 8 9 9 9 8 11 9 0 11
Last Time Cost: 00000494 ms
Total Time Cost: 00013569 ms
Total Distance 376: 8 10 8 9 12 7 11 10 9 11 11 11 9 9 9 10 9 7 9 10 3 0 8 0 9 0 9 8 8 10 8 8 10 0 8 0 10 7 8 8 9 9 9 8 10 9 0 11
Last Time Cost: 00000454 ms
Total Time Cost: 00014023 ms
Total Distance 375: 8 10 8 9 12 7 11 10 9 11 11 11 9 9 9 10 9 7 9 10 2 0 8 0 9 0 9 8 8 10 8 8 10 0 8 0 10 7 8 8 9 9 9 8 10 9 0 11
Last Time Cost: 00000450 ms
Total Time Cost: 00014473 ms
Total Distance 374: 8 10 8 9 12 7 11 10 9 11 11 11 9 9 9 10 9 7 9 10 1 0 8 0 9 0 9 8 8 10 8 8 10 0 8 0 10 7 8 8 9 9 9 8 10 9 0 11
Last Time Cost: 00000451 ms
Total Time Cost: 00014924 ms
Total Distance 373: 8 10 8 9 12 7 11 10 9 11 11 11 9 9 9 10 9 7 9 10 0 0 8 0 9 0 9 8 8 10 8 8 10 0 8 0 10 7 8 8 9 9 9 8 10 9 0 11
Last Time Cost: 00002275 ms
Total Time Cost: 00017199 ms
Total Distance 369: 7 10 8 9 12 7 11 10 9 11 11 11 8 9 9 10 9 6 9 10 0 0 8 0 9 0 9 8 8 10 8 8 10 0 8 0 10 7 8 8 8 9 9 8 10 9 0 11
Last Time Cost: 00000824 ms
Total Time Cost: 00018023 ms
Total Distance 366: 7 10 8 9 12 7 11 10 9 11 11 11 7 9 9 10 9 5 9 10 0 0 8 0 9 0 9 8 8 10 8 8 10 0 8 0 10 7 8 8 7 9 9 8 10 9 0 11
Last Time Cost: 00000769 ms
Total Time Cost: 00018792 ms
Total Distance 364: 7 10 8 9 12 7 11 10 9 11 11 11 7 8 9 10 9 4 9 10 0 0 8 0 9 0 9 8 8 10 8 8 10 0 8 0 10 7 8 8 7 9 9 8 10 9 0 11
Last Time Cost: 00000723 ms
Total Time Cost: 00019515 ms
Total Distance 362: 7 10 8 9 12 7 11 10 9 11 11 11 7 8 9 10 9 3 9 10 0 0 8 0 9 0 9 8 8 10 8 8 10 0 8 0 9 7 8 8 7 9 9 8 10 9 0 11
Last Time Cost: 00000689 ms
Total Time Cost: 00020204 ms
Total Distance 361: 7 10 8 9 12 7 11 10 9 11 11 11 7 8 9 10 9 2 9 10 0 0 8 0 9 0 9 8 8 10 8 8 10 0 8 0 9 7 8 8 7 9 9 8 10 9 0 11
Last Time Cost: 00000845 ms
Total Time Cost: 00021049 ms
Total Distance 360: 7 10 8 9 12 7 11 10 9 11 11 11 7 8 9 10 9 1 9 10 0 0 8 0 9 0 9 8 8 10 8 8 10 0 8 0 9 7 8 8 7 9 9 8 10 9 0 11
Last Time Cost: 00000910 ms
Total Time Cost: 00021959 ms
Total Distance 359: 7 10 8 9 12 7 11 10 9 11 11 11 7 8 9 10 9 0 9 10 0 0 8 0 9 0 9 8 8 10 8 8 10 0 8 0 9 7 8 8 7 9 9 8 10 9 0 11
Last Time Cost: 00004997 ms
Total Time Cost: 00026956 ms
Total Distance 354: 7 10 8 9 11 7 11 10 9 11 11 11 6 7 9 9 9 0 9 10 0 0 7 0 9 0 9 8 8 10 8 8 10 0 8 0 9 7 8 8 7 9 9 8 10 9 0 11
Last Time Cost: 00000541 ms
Total Time Cost: 00027497 ms
Total Distance 350: 7 10 8 9 11 7 11 10 9 11 11 11 5 7 8 9 9 0 9 10 0 0 6 0 9 0 9 8 8 10 8 7 10 0 8 0 9 7 8 8 7 9 9 8 10 9 0 11
Last Time Cost: 00000408 ms
Total Time Cost: 00027905 ms
Total Distance 347: 7 10 8 9 11 7 11 10 9 11 11 11 4 7 8 8 9 0 9 10 0 0 5 0 9 0 9 8 8 10 8 7 10 0 8 0 9 7 8 8 7 9 9 8 10 9 0 11
Last Time Cost: 00000302 ms
Total Time Cost: 00028207 ms
Total Distance 345: 7 10 8 9 11 7 11 10 9 11 11 11 3 7 8 8 9 0 9 10 0 0 5 0 9 0 9 8 8 10 8 7 10 0 8 0 9 6 8 8 7 9 9 8 10 9 0 11
Last Time Cost: 00000212 ms
Total Time Cost: 00028419 ms
Total Distance 344: 7 10 8 9 11 7 11 10 9 11 11 11 2 7 8 8 9 0 9 10 0 0 5 0 9 0 9 8 8 10 8 7 10 0 8 0 9 6 8 8 7 9 9 8 10 9 0 11
Last Time Cost: 00000141 ms
Total Time Cost: 00028560 ms
Total Distance 343: 7 10 8 9 11 7 11 10 9 11 11 11 1 7 8 8 9 0 9 10 0 0 5 0 9 0 9 8 8 10 8 7 10 0 8 0 9 6 8 8 7 9 9 8 10 9 0 11
Last Time Cost: 00000089 ms
Total Time Cost: 00028649 ms
Total Distance 342: 7 10 8 9 11 7 11 10 9 11 11 11 0 7 8 8 9 0 9 10 0 0 5 0 9 0 9 8 8 10 8 7 10 0 8 0 9 6 8 8 7 9 9 8 10 9 0 11
Last Time Cost: 00000501 ms
Total Time Cost: 00029150 ms
Total Distance 338: 7 10 8 9 11 7 10 10 9 10 11 11 0 7 8 8 9 0 9 9 0 0 4 0 9 0 9 8 8 10 8 7 10 0 8 0 9 6 8 8 7 9 9 8 10 9 0 11
Last Time Cost: 00000286 ms
Total Time Cost: 00029436 ms
Total Distance 336: 7 10 8 9 11 7 10 10 9 10 11 11 0 7 8 8 9 0 9 8 0 0 3 0 9 0 9 8 8 10 8 7 10 0 8 0 9 6 8 8 7 9 9 8 10 9 0 11
Last Time Cost: 00000208 ms
Total Time Cost: 00029644 ms
Total Distance 335: 7 10 8 9 11 7 10 10 9 10 11 11 0 7 8 8 9 0 9 8 0 0 2 0 9 0 9 8 8 10 8 7 10 0 8 0 9 6 8 8 7 9 9 8 10 9 0 11
Last Time Cost: 00000145 ms
Total Time Cost: 00029789 ms
Total Distance 334: 7 10 8 9 11 7 10 10 9 10 11 11 0 7 8 8 9 0 9 8 0 0 1 0 9 0 9 8 8 10 8 7 10 0 8 0 9 6 8 8 7 9 9 8 10 9 0 11
Last Time Cost: 00000099 ms
Total Time Cost: 00029888 ms
Total Distance 333: 7 10 8 9 11 7 10 10 9 10 11 11 0 7 8 8 9 0 9 8 0 0 0 0 9 0 9 8 8 10 8 7 10 0 8 0 9 6 8 8 7 9 9 8 10 9 0 11
Last Time Cost: 00001503 ms
Total Time Cost: 00031391 ms
Total Distance 329: 7 10 8 9 11 7 10 10 9 10 11 11 0 7 8 8 8 0 9 8 0 0 0 0 9 0 9 8 8 10 7 7 10 0 8 0 9 5 8 8 7 9 9 8 9 9 0 11
Last Time Cost: 00000489 ms
Total Time Cost: 00031880 ms
Total Distance 325: 7 10 7 9 11 7 10 10 9 9 10 11 0 7 8 8 8 0 9 8 0 0 0 0 9 0 9 8 8 10 7 7 10 0 8 0 9 4 8 8 7 9 9 8 9 9 0 11
Last Time Cost: 00000311 ms
Total Time Cost: 00032191 ms
Total Distance 323: 7 10 7 9 11 7 10 10 9 9 10 11 0 7 8 8 8 0 9 8 0 0 0 0 9 0 9 8 8 10 7 6 10 0 8 0 9 3 8 8 7 9 9 8 9 9 0 11
Last Time Cost: 00000228 ms
Total Time Cost: 00032419 ms
Total Distance 321: 7 10 7 9 11 7 10 10 8 9 10 11 0 7 8 8 8 0 9 8 0 0 0 0 9 0 9 8 8 10 7 6 10 0 8 0 9 2 8 8 7 9 9 8 9 9 0 11
Last Time Cost: 00000166 ms
Total Time Cost: 00032585 ms
Total Distance 319: 7 10 7 9 11 7 10 10 8 8 10 11 0 7 8 8 8 0 9 8 0 0 0 0 9 0 9 8 8 10 7 6 10 0 8 0 9 1 8 8 7 9 9 8 9 9 0 11
Last Time Cost: 00000120 ms
Total Time Cost: 00032705 ms
Total Distance 318: 7 10 7 9 11 7 10 10 8 8 10 11 0 7 8 8 8 0 9 8 0 0 0 0 9 0 9 8 8 10 7 6 10 0 8 0 9 0 8 8 7 9 9 8 9 9 0 11
Last Time Cost: 00000954 ms
Total Time Cost: 00033659 ms
Total Distance 315: 7 10 7 9 11 7 10 10 8 8 9 10 0 7 8 8 8 0 9 8 0 0 0 0 9 0 9 8 8 10 7 5 10 0 8 0 9 0 8 8 7 9 9 8 9 9 0 11
Last Time Cost: 00000593 ms
Total Time Cost: 00034252 ms
Total Distance 313: 7 10 7 9 11 7 10 10 8 8 9 10 0 7 8 8 8 0 9 8 0 0 0 0 9 0 9 8 8 10 7 4 10 0 8 0 9 0 8 7 7 9 9 8 9 9 0 11
Last Time Cost: 00000313 ms
Total Time Cost: 00034565 ms
Total Distance 311: 7 10 7 9 11 7 10 10 8 7 9 10 0 7 8 8 8 0 9 8 0 0 0 0 9 0 9 8 8 10 7 3 10 0 8 0 9 0 8 7 7 9 9 8 9 9 0 11
Last Time Cost: 00000241 ms
Total Time Cost: 00034806 ms
Total Distance 310: 7 10 7 9 11 7 10 10 8 7 9 10 0 7 8 8 8 0 9 8 0 0 0 0 9 0 9 8 8 10 7 2 10 0 8 0 9 0 8 7 7 9 9 8 9 9 0 11
Last Time Cost: 00000183 ms
Total Time Cost: 00034989 ms
Total Distance 309: 7 10 7 9 11 7 10 10 8 7 9 10 0 7 8 8 8 0 9 8 0 0 0 0 9 0 9 8 8 10 7 1 10 0 8 0 9 0 8 7 7 9 9 8 9 9 0 11
Last Time Cost: 00000141 ms
Total Time Cost: 00035130 ms
Total Distance 308: 7 10 7 9 11 7 10 10 8 7 9 10 0 7 8 8 8 0 9 8 0 0 0 0 9 0 9 8 8 10 7 0 10 0 8 0 9 0 8 7 7 9 9 8 9 9 0 11
Last Time Cost: 00009664 ms
Total Time Cost: 00044794 ms
Total Distance 302: 6 10 7 9 11 7 10 10 8 6 9 10 0 6 8 8 8 0 9 8 0 0 0 0 9 0 9 8 8 10 7 0 10 0 8 0 8 0 8 6 7 9 9 7 9 9 0 11
Last Time Cost: 00002642 ms
Total Time Cost: 00047436 ms
Total Distance 297: 6 10 7 9 11 7 10 10 7 6 9 10 0 6 8 8 8 0 8 8 0 0 0 0 9 0 9 7 8 10 7 0 10 0 8 0 8 0 8 5 7 9 8 7 9 9 0 11
Last Time Cost: 00000513 ms
Total Time Cost: 00047949 ms
Total Distance 295: 6 10 7 9 11 7 10 10 7 6 9 10 0 5 8 8 8 0 8 8 0 0 0 0 9 0 9 7 8 10 7 0 10 0 8 0 8 0 8 4 7 9 8 7 9 9 0 11
Last Time Cost: 00000402 ms
Total Time Cost: 00048351 ms
Total Distance 293: 6 10 7 9 11 7 10 10 7 6 9 10 0 5 8 8 8 0 7 8 0 0 0 0 9 0 9 7 8 10 7 0 10 0 8 0 8 0 8 3 7 9 8 7 9 9 0 11
Last Time Cost: 00000306 ms
Total Time Cost: 00048657 ms
Total Distance 292: 6 10 7 9 11 7 10 10 7 6 9 10 0 5 8 8 8 0 7 8 0 0 0 0 9 0 9 7 8 10 7 0 10 0 8 0 8 0 8 2 7 9 8 7 9 9 0 11
Last Time Cost: 00000236 ms
Total Time Cost: 00048893 ms
Total Distance 291: 6 10 7 9 11 7 10 10 7 6 9 10 0 5 8 8 8 0 7 8 0 0 0 0 9 0 9 7 8 10 7 0 10 0 8 0 8 0 8 1 7 9 8 7 9 9 0 11
Last Time Cost: 00000181 ms
Total Time Cost: 00049074 ms
Total Distance 290: 6 10 7 9 11 7 10 10 7 6 9 10 0 5 8 8 8 0 7 8 0 0 0 0 9 0 9 7 8 10 7 0 10 0 8 0 8 0 8 0 7 9 8 7 9 9 0 11
Last Time Cost: 00000983 ms
Total Time Cost: 00050057 ms
Total Distance 285: 6 10 7 8 11 7 10 9 7 6 9 10 0 4 8 8 8 0 7 8 0 0 0 0 9 0 9 7 8 10 7 0 10 0 8 0 8 0 8 0 7 9 8 6 9 9 0 10
Last Time Cost: 00000519 ms
Total Time Cost: 00050576 ms
Total Distance 283: 6 10 7 8 11 7 10 9 7 6 9 10 0 3 8 8 8 0 7 8 0 0 0 0 9 0 9 7 8 10 7 0 10 0 8 0 8 0 8 0 7 9 8 5 9 9 0 10
Last Time Cost: 00000286 ms
Total Time Cost: 00050862 ms
Total Distance 282: 6 10 7 8 11 7 10 9 7 6 9 10 0 2 8 8 8 0 7 8 0 0 0 0 9 0 9 7 8 10 7 0 10 0 8 0 8 0 8 0 7 9 8 5 9 9 0 10
Last Time Cost: 00000237 ms
Total Time Cost: 00051099 ms
Total Distance 281: 6 10 7 8 11 7 10 9 7 6 9 10 0 1 8 8 8 0 7 8 0 0 0 0 9 0 9 7 8 10 7 0 10 0 8 0 8 0 8 0 7 9 8 5 9 9 0 10
Last Time Cost: 00000202 ms
Total Time Cost: 00051301 ms
Total Distance 280: 6 10 7 8 11 7 10 9 7 6 9 10 0 0 8 8 8 0 7 8 0 0 0 0 9 0 9 7 8 10 7 0 10 0 8 0 8 0 8 0 7 9 8 5 9 9 0 10
Last Time Cost: 00000520 ms
Total Time Cost: 00051821 ms
Total Distance 277: 6 10 7 8 11 7 10 9 7 6 9 10 0 0 8 8 8 0 7 8 0 0 0 0 9 0 9 7 8 10 7 0 10 0 8 0 8 0 7 0 7 9 8 4 9 8 0 10
Last Time Cost: 00000415 ms
Total Time Cost: 00052236 ms
Total Distance 274: 6 10 7 8 11 7 10 8 7 6 9 10 0 0 8 8 8 0 7 8 0 0 0 0 9 0 9 7 8 10 7 0 10 0 8 0 8 0 7 0 7 9 8 3 9 8 0 9
Last Time Cost: 00000334 ms
Total Time Cost: 00052570 ms
Total Distance 272: 6 10 7 8 11 7 10 7 7 6 9 10 0 0 8 8 8 0 7 8 0 0 0 0 9 0 9 7 8 10 7 0 10 0 8 0 8 0 7 0 7 9 8 2 9 8 0 9
Last Time Cost: 00000279 ms
Total Time Cost: 00052849 ms
Total Distance 270: 6 10 7 8 11 7 10 7 7 6 9 10 0 0 8 8 8 0 7 8 0 0 0 0 9 0 9 7 8 10 7 0 9 0 8 0 8 0 7 0 7 9 8 1 9 8 0 9
Last Time Cost: 00000239 ms
Total Time Cost: 00053088 ms
Total Distance 269: 6 10 7 8 11 7 10 7 7 6 9 10 0 0 8 8 8 0 7 8 0 0 0 0 9 0 9 7 8 10 7 0 9 0 8 0 8 0 7 0 7 9 8 0 9 8 0 9
Last Time Cost: 00001594 ms
Total Time Cost: 00054682 ms
Total Distance 266: 5 10 7 8 11 7 10 7 7 6 9 10 0 0 8 8 8 0 7 8 0 0 0 0 9 0 9 7 7 10 6 0 9 0 8 0 8 0 7 0 7 9 8 0 9 8 0 9
Last Time Cost: 00000607 ms
Total Time Cost: 00055289 ms
Total Distance 263: 4 10 7 8 10 7 10 7 7 6 9 10 0 0 7 8 8 0 7 8 0 0 0 0 9 0 9 7 7 10 6 0 9 0 8 0 8 0 7 0 7 9 8 0 9 8 0 9
Last Time Cost: 00000314 ms
Total Time Cost: 00055603 ms
Total Distance 261: 3 10 7 8 10 7 10 7 7 6 9 10 0 0 6 8 8 0 7 8 0 0 0 0 9 0 9 7 7 10 6 0 9 0 8 0 8 0 7 0 7 9 8 0 9 8 0 9
Last Time Cost: 00000295 ms
Total Time Cost: 00055898 ms
Total Distance 259: 2 10 7 8 10 7 10 7 7 6 9 10 0 0 6 8 8 0 7 8 0 0 0 0 9 0 9 7 7 10 6 0 8 0 8 0 8 0 7 0 7 9 8 0 9 8 0 9
Last Time Cost: 00000282 ms
Total Time Cost: 00056180 ms
Total Distance 256: 1 10 7 8 10 7 10 7 7 6 9 9 0 0 6 8 8 0 7 8 0 0 0 0 9 0 9 7 7 10 6 0 8 0 8 0 8 0 7 0 7 9 8 0 8 8 0 9
Last Time Cost: 00000275 ms
Total Time Cost: 00056455 ms
Total Distance 255: 0 10 7 8 10 7 10 7 7 6 9 9 0 0 6 8 8 0 7 8 0 0 0 0 9 0 9 7 7 10 6 0 8 0 8 0 8 0 7 0 7 9 8 0 8 8 0 9
Last Time Cost: 00000890 ms
Total Time Cost: 00057345 ms
Total Distance 252: 0 10 7 8 10 7 10 7 7 6 9 9 0 0 5 8 8 0 7 8 0 0 0 0 9 0 9 7 7 10 6 0 8 0 8 0 8 0 7 0 6 8 8 0 8 8 0 9
Last Time Cost: 00000388 ms
Total Time Cost: 00057733 ms
Total Distance 250: 0 10 7 8 10 7 10 7 7 6 9 9 0 0 4 7 8 0 7 8 0 0 0 0 9 0 9 7 7 10 6 0 8 0 8 0 8 0 7 0 6 8 8 0 8 8 0 9
Last Time Cost: 00000362 ms
Total Time Cost: 00058095 ms
Total Distance 249: 0 10 7 8 10 7 10 7 7 6 9 9 0 0 3 7 8 0 7 8 0 0 0 0 9 0 9 7 7 10 6 0 8 0 8 0 8 0 7 0 6 8 8 0 8 8 0 9
Last Time Cost: 00000346 ms
Total Time Cost: 00058441 ms
Total Distance 248: 0 10 7 8 10 7 10 7 7 6 9 9 0 0 2 7 8 0 7 8 0 0 0 0 9 0 9 7 7 10 6 0 8 0 8 0 8 0 7 0 6 8 8 0 8 8 0 9
Last Time Cost: 00000337 ms
Total Time Cost: 00058778 ms
Total Distance 246: 0 10 7 8 9 7 10 7 7 6 9 9 0 0 1 7 8 0 7 8 0 0 0 0 9 0 9 7 7 10 6 0 8 0 8 0 8 0 7 0 6 8 8 0 8 8 0 9
Last Time Cost: 00000333 ms
Total Time Cost: 00059111 ms
Total Distance 245: 0 10 7 8 9 7 10 7 7 6 9 9 0 0 0 7 8 0 7 8 0 0 0 0 9 0 9 7 7 10 6 0 8 0 8 0 8 0 7 0 6 8 8 0 8 8 0 9
Last Time Cost: 00000850 ms
Total Time Cost: 00059961 ms
Total Distance 241: 0 10 7 8 9 7 10 7 7 6 9 9 0 0 0 6 8 0 7 8 0 0 0 0 9 0 9 7 6 9 6 0 8 0 8 0 8 0 7 0 5 8 8 0 8 8 0 9
Last Time Cost: 00000453 ms
Total Time Cost: 00060414 ms
Total Distance 237: 0 10 7 8 9 7 10 7 7 6 8 9 0 0 0 6 8 0 7 7 0 0 0 0 9 0 9 7 6 9 6 0 8 0 8 0 8 0 7 0 4 8 8 0 8 7 0 9
Last Time Cost: 00000420 ms
Total Time Cost: 00060834 ms
Total Distance 235: 0 10 7 8 9 7 10 7 7 6 8 9 0 0 0 6 8 0 7 7 0 0 0 0 9 0 9 7 6 9 6 0 8 0 8 0 8 0 7 0 3 8 8 0 8 6 0 9
Last Time Cost: 00000412 ms
Total Time Cost: 00061246 ms
Total Distance 233: 0 10 7 8 9 7 10 7 7 6 8 9 0 0 0 6 8 0 7 7 0 0 0 0 9 0 9 7 6 9 6 0 8 0 8 0 8 0 7 0 2 7 8 0 8 6 0 9
Last Time Cost: 00000405 ms
Total Time Cost: 00061651 ms
Total Distance 232: 0 10 7 8 9 7 10 7 7 6 8 9 0 0 0 6 8 0 7 7 0 0 0 0 9 0 9 7 6 9 6 0 8 0 8 0 8 0 7 0 1 7 8 0 8 6 0 9
Last Time Cost: 00000400 ms
Total Time Cost: 00062051 ms
Total Distance 231: 0 10 7 8 9 7 10 7 7 6 8 9 0 0 0 6 8 0 7 7 0 0 0 0 9 0 9 7 6 9 6 0 8 0 8 0 8 0 7 0 0 7 8 0 8 6 0 9
Last Time Cost: 00001888 ms
Total Time Cost: 00063939 ms
Total Distance 228: 0 10 7 8 9 7 10 7 7 6 8 9 0 0 0 5 8 0 6 7 0 0 0 0 9 0 9 7 6 9 6 0 8 0 8 0 8 0 7 0 0 6 8 0 8 6 0 9
Last Time Cost: 00000609 ms
Total Time Cost: 00064548 ms
Total Distance 226: 0 10 7 8 9 7 10 7 7 6 8 9 0 0 0 4 8 0 6 7 0 0 0 0 9 0 8 7 6 9 6 0 8 0 8 0 8 0 7 0 0 6 8 0 8 6 0 9
Last Time Cost: 00000497 ms
Total Time Cost: 00065045 ms
Total Distance 224: 0 10 7 8 9 7 10 7 7 6 8 9 0 0 0 3 8 0 6 7 0 0 0 0 9 0 8 7 6 8 6 0 8 0 8 0 8 0 7 0 0 6 8 0 8 6 0 9
Last Time Cost: 00000482 ms
Total Time Cost: 00065527 ms
Total Distance 223: 0 10 7 8 9 7 10 7 7 6 8 9 0 0 0 2 8 0 6 7 0 0 0 0 9 0 8 7 6 8 6 0 8 0 8 0 8 0 7 0 0 6 8 0 8 6 0 9
Last Time Cost: 00000479 ms
Total Time Cost: 00066006 ms
Total Distance 221: 0 10 7 8 9 7 10 7 7 6 8 8 0 0 0 1 8 0 6 7 0 0 0 0 9 0 8 7 6 8 6 0 8 0 8 0 8 0 7 0 0 6 8 0 8 6 0 9
Last Time Cost: 00000478 ms
Total Time Cost: 00066484 ms
Total Distance 220: 0 10 7 8 9 7 10 7 7 6 8 8 0 0 0 0 8 0 6 7 0 0 0 0 9 0 8 7 6 8 6 0 8 0 8 0 8 0 7 0 0 6 8 0 8 6 0 9
Last Time Cost: 00002181 ms
Total Time Cost: 00068665 ms
Total Distance 217: 0 10 7 8 9 7 10 7 7 6 8 8 0 0 0 0 8 0 6 7 0 0 0 0 9 0 8 7 5 8 6 0 8 0 8 0 8 0 6 0 0 6 7 0 8 6 0 9
Last Time Cost: 00000637 ms
Total Time Cost: 00069302 ms
Total Distance 215: 0 10 7 8 9 7 10 7 7 6 8 8 0 0 0 0 8 0 6 7 0 0 0 0 9 0 8 7 4 8 6 0 8 0 7 0 8 0 6 0 0 6 7 0 8 6 0 9
Last Time Cost: 00000571 ms
Total Time Cost: 00069873 ms
Total Distance 213: 0 9 7 8 9 7 10 7 7 6 8 8 0 0 0 0 8 0 6 7 0 0 0 0 9 0 8 7 3 8 6 0 8 0 7 0 8 0 6 0 0 6 7 0 8 6 0 9
Last Time Cost: 00000564 ms
Total Time Cost: 00070437 ms
Total Distance 212: 0 9 7 8 9 7 10 7 7 6 8 8 0 0 0 0 8 0 6 7 0 0 0 0 9 0 8 7 2 8 6 0 8 0 7 0 8 0 6 0 0 6 7 0 8 6 0 9
Last Time Cost: 00000561 ms
Total Time Cost: 00070998 ms
Total Distance 211: 0 9 7 8 9 7 10 7 7 6 8 8 0 0 0 0 8 0 6 7 0 0 0 0 9 0 8 7 1 8 6 0 8 0 7 0 8 0 6 0 0 6 7 0 8 6 0 9
Last Time Cost: 00000760 ms
Total Time Cost: 00071758 ms
Total Distance 210: 0 9 7 8 9 7 10 7 7 6 8 8 0 0 0 0 8 0 6 7 0 0 0 0 9 0 8 7 0 8 6 0 8 0 7 0 8 0 6 0 0 6 7 0 8 6 0 9
Last Time Cost: 00002853 ms
Total Time Cost: 00074611 ms
Total Distance 208: 0 9 7 8 9 7 10 7 7 6 8 8 0 0 0 0 8 0 5 7 0 0 0 0 9 0 8 7 0 8 6 0 8 0 7 0 8 0 6 0 0 5 7 0 8 6 0 9
Last Time Cost: 00000801 ms
Total Time Cost: 00075412 ms
Total Distance 206: 0 9 7 8 9 7 10 7 7 6 8 8 0 0 0 0 8 0 4 7 0 0 0 0 8 0 8 7 0 8 6 0 8 0 7 0 8 0 6 0 0 5 7 0 8 6 0 9
Last Time Cost: 00000661 ms
Total Time Cost: 00076073 ms
Total Distance 204: 0 9 7 8 9 7 10 7 7 6 8 8 0 0 0 0 8 0 3 7 0 0 0 0 8 0 8 7 0 7 6 0 8 0 7 0 8 0 6 0 0 5 7 0 8 6 0 9
Last Time Cost: 00000665 ms
Total Time Cost: 00076738 ms
Total Distance 203: 0 9 7 8 9 7 10 7 7 6 8 8 0 0 0 0 8 0 2 7 0 0 0 0 8 0 8 7 0 7 6 0 8 0 7 0 8 0 6 0 0 5 7 0 8 6 0 9
Last Time Cost: 00000862 ms
Total Time Cost: 00077600 ms
Total Distance 202: 0 9 7 8 9 7 10 7 7 6 8 8 0 0 0 0 8 0 1 7 0 0 0 0 8 0 8 7 0 7 6 0 8 0 7 0 8 0 6 0 0 5 7 0 8 6 0 9
Last Time Cost: 00000886 ms
Total Time Cost: 00078486 ms
Total Distance 201: 0 9 7 8 9 7 10 7 7 6 8 8 0 0 0 0 8 0 0 7 0 0 0 0 8 0 8 7 0 7 6 0 8 0 7 0 8 0 6 0 0 5 7 0 8 6 0 9
Last Time Cost: 00001034 ms
Total Time Cost: 00079520 ms
Total Distance 199: 0 9 7 8 9 7 10 7 7 6 8 8 0 0 0 0 8 0 0 7 0 0 0 0 8 0 8 7 0 7 6 0 8 0 7 0 8 0 6 0 0 4 7 0 8 6 0 8
Last Time Cost: 00000909 ms
Total Time Cost: 00080429 ms
Total Distance 198: 0 9 7 8 9 7 10 7 7 6 8 8 0 0 0 0 8 0 0 7 0 0 0 0 8 0 8 7 0 7 6 0 8 0 7 0 8 0 6 0 0 3 7 0 8 6 0 8
Last Time Cost: 00000962 ms
Total Time Cost: 00081391 ms
Total Distance 197: 0 9 7 8 9 7 10 7 7 6 8 8 0 0 0 0 8 0 0 7 0 0 0 0 8 0 8 7 0 7 6 0 8 0 7 0 8 0 6 0 0 2 7 0 8 6 0 8
Last Time Cost: 00001189 ms
Total Time Cost: 00082580 ms
Total Distance 196: 0 9 7 8 9 7 10 7 7 6 8 8 0 0 0 0 8 0 0 7 0 0 0 0 8 0 8 7 0 7 6 0 8 0 7 0 8 0 6 0 0 1 7 0 8 6 0 8
Last Time Cost: 00000790 ms
Total Time Cost: 00083370 ms
Total Distance 195: 0 9 7 8 9 7 10 7 7 6 8 8 0 0 0 0 8 0 0 7 0 0 0 0 8 0 8 7 0 7 6 0 8 0 7 0 8 0 6 0 0 0 7 0 8 6 0 8
Last Time Cost: 00002079 ms
Total Time Cost: 00085449 ms
Total Distance 193: 0 9 7 8 9 7 10 7 7 6 8 8 0 0 0 0 8 0 0 7 0 0 0 0 8 0 8 7 0 7 6 0 8 0 7 0 8 0 6 0 0 0 7 0 7 5 0 8
Last Time Cost: 00000891 ms
Total Time Cost: 00086340 ms
Total Distance 191: 0 9 7 8 9 7 9 7 7 6 8 8 0 0 0 0 8 0 0 7 0 0 0 0 8 0 8 7 0 7 6 0 8 0 7 0 8 0 6 0 0 0 7 0 7 4 0 8
Last Time Cost: 00000097 ms
Total Time Cost: 00086437 ms
Total Distance 190: 0 9 7 8 9 7 9 7 7 6 8 8 0 0 0 0 8 0 0 7 0 0 0 0 8 0 8 7 0 7 6 0 8 0 7 0 8 0 6 0 0 0 7 0 7 3 0 8
Last Time Cost: 00000068 ms
Total Time Cost: 00086505 ms
Total Distance 189: 0 9 7 8 9 7 9 7 7 6 8 8 0 0 0 0 8 0 0 7 0 0 0 0 8 0 8 7 0 7 6 0 8 0 7 0 8 0 6 0 0 0 7 0 7 2 0 8
Last Time Cost: 00000057 ms
Total Time Cost: 00086562 ms
Total Distance 188: 0 9 7 8 9 7 9 7 7 6 8 8 0 0 0 0 8 0 0 7 0 0 0 0 8 0 8 7 0 7 6 0 8 0 7 0 8 0 6 0 0 0 7 0 7 1 0 8
Last Time Cost: 00000039 ms
Total Time Cost: 00086601 ms
Total Distance 187: 0 9 7 8 9 7 9 7 7 6 8 8 0 0 0 0 8 0 0 7 0 0 0 0 8 0 8 7 0 7 6 0 8 0 7 0 8 0 6 0 0 0 7 0 7 0 0 8
Last Time Cost: 00000829 ms
Total Time Cost: 00087430 ms
Total Distance 185: 0 9 7 8 9 7 9 7 7 6 8 8 0 0 0 0 8 0 0 7 0 0 0 0 8 0 8 7 0 7 5 0 7 0 7 0 8 0 6 0 0 0 7 0 7 0 0 8
Last Time Cost: 00000133 ms
Total Time Cost: 00087563 ms
Total Distance 184: 0 9 7 8 9 7 9 7 7 6 8 8 0 0 0 0 8 0 0 7 0 0 0 0 8 0 8 7 0 7 4 0 7 0 7 0 8 0 6 0 0 0 7 0 7 0 0 8
Last Time Cost: 00000092 ms
Total Time Cost: 00087655 ms
Total Distance 183: 0 9 7 8 9 7 9 7 7 6 8 8 0 0 0 0 8 0 0 7 0 0 0 0 8 0 8 7 0 7 3 0 7 0 7 0 8 0 6 0 0 0 7 0 7 0 0 8
Last Time Cost: 00000070 ms
Total Time Cost: 00087725 ms
Total Distance 182: 0 9 7 8 9 7 9 7 7 6 8 8 0 0 0 0 8 0 0 7 0 0 0 0 8 0 8 7 0 7 2 0 7 0 7 0 8 0 6 0 0 0 7 0 7 0 0 8
Last Time Cost: 00000052 ms
Total Time Cost: 00087777 ms
Total Distance 181: 0 9 7 8 9 7 9 7 7 6 8 8 0 0 0 0 8 0 0 7 0 0 0 0 8 0 8 7 0 7 1 0 7 0 7 0 8 0 6 0 0 0 7 0 7 0 0 8
Last Time Cost: 00000039 ms
Total Time Cost: 00087816 ms
Total Distance 180: 0 9 7 8 9 7 9 7 7 6 8 8 0 0 0 0 8 0 0 7 0 0 0 0 8 0 8 7 0 7 0 0 7 0 7 0 8 0 6 0 0 0 7 0 7 0 0 8
Last Time Cost: 00000499 ms
Total Time Cost: 00088315 ms
Total Distance 178: 0 9 7 8 9 7 9 7 7 6 8 7 0 0 0 0 8 0 0 7 0 0 0 0 8 0 8 7 0 7 0 0 7 0 7 0 8 0 5 0 0 0 7 0 7 0 0 8
Last Time Cost: 00000138 ms
Total Time Cost: 00088453 ms
Total Distance 177: 0 9 7 8 9 7 9 7 7 6 8 7 0 0 0 0 8 0 0 7 0 0 0 0 8 0 8 7 0 7 0 0 7 0 7 0 8 0 4 0 0 0 7 0 7 0 0 8
Last Time Cost: 00000103 ms
Total Time Cost: 00088556 ms
Total Distance 175: 0 9 7 8 9 7 9 7 7 6 8 7 0 0 0 0 8 0 0 7 0 0 0 0 8 0 8 7 0 7 0 0 7 0 7 0 7 0 3 0 0 0 7 0 7 0 0 8
Last Time Cost: 00000077 ms
Total Time Cost: 00088633 ms
Total Distance 174: 0 9 7 8 9 7 9 7 7 6 8 7 0 0 0 0 8 0 0 7 0 0 0 0 8 0 8 7 0 7 0 0 7 0 7 0 7 0 2 0 0 0 7 0 7 0 0 8
Last Time Cost: 00000058 ms
Total Time Cost: 00088691 ms
Total Distance 173: 0 9 7 8 9 7 9 7 7 6 8 7 0 0 0 0 8 0 0 7 0 0 0 0 8 0 8 7 0 7 0 0 7 0 7 0 7 0 1 0 0 0 7 0 7 0 0 8
Last Time Cost: 00000043 ms
Total Time Cost: 00088734 ms
Total Distance 172: 0 9 7 8 9 7 9 7 7 6 8 7 0 0 0 0 8 0 0 7 0 0 0 0 8 0 8 7 0 7 0 0 7 0 7 0 7 0 0 0 0 0 7 0 7 0 0 8
Last Time Cost: 00000221 ms
Total Time Cost: 00088955 ms
Total Distance 171: 0 9 7 8 9 7 9 7 7 5 8 7 0 0 0 0 8 0 0 7 0 0 0 0 8 0 8 7 0 7 0 0 7 0 7 0 7 0 0 0 0 0 7 0 7 0 0 8
Last Time Cost: 00000163 ms
Total Time Cost: 00089118 ms
Total Distance 170: 0 9 7 8 9 7 9 7 7 4 8 7 0 0 0 0 8 0 0 7 0 0 0 0 8 0 8 7 0 7 0 0 7 0 7 0 7 0 0 0 0 0 7 0 7 0 0 8
Last Time Cost: 00000115 ms
Total Time Cost: 00089233 ms
Total Distance 169: 0 9 7 8 9 7 9 7 7 3 8 7 0 0 0 0 8 0 0 7 0 0 0 0 8 0 8 7 0 7 0 0 7 0 7 0 7 0 0 0 0 0 7 0 7 0 0 8
Last Time Cost: 00000085 ms
Total Time Cost: 00089318 ms
Total Distance 168: 0 9 7 8 9 7 9 7 7 2 8 7 0 0 0 0 8 0 0 7 0 0 0 0 8 0 8 7 0 7 0 0 7 0 7 0 7 0 0 0 0 0 7 0 7 0 0 8
Last Time Cost: 00000062 ms
Total Time Cost: 00089380 ms
Total Distance 166: 0 9 7 8 9 7 9 7 7 1 8 7 0 0 0 0 8 0 0 7 0 0 0 0 8 0 8 7 0 7 0 0 7 0 7 0 7 0 0 0 0 0 7 0 7 0 0 7
Last Time Cost: 00000047 ms
Total Time Cost: 00089427 ms
Total Distance 165: 0 9 7 8 9 7 9 7 7 0 8 7 0 0 0 0 8 0 0 7 0 0 0 0 8 0 8 7 0 7 0 0 7 0 7 0 7 0 0 0 0 0 7 0 7 0 0 7
Last Time Cost: 00042188 ms
Total Time Cost: 00131615 ms
Total Distance 160: 0 8 7 7 8 7 9 7 7 0 8 7 0 0 0 0 8 0 0 7 0 0 0 0 8 0 8 6 0 7 0 0 7 0 6 0 7 0 0 0 0 0 7 0 7 0 0 7
Last Time Cost: 00000440 ms
Total Time Cost: 00132055 ms
Total Distance 157: 0 8 7 7 8 7 9 7 7 0 8 7 0 0 0 0 7 0 0 6 0 0 0 0 8 0 8 5 0 7 0 0 7 0 6 0 7 0 0 0 0 0 7 0 7 0 0 7
Last Time Cost: 00000130 ms
Total Time Cost: 00132185 ms
Total Distance 155: 0 8 7 7 8 7 9 7 7 0 8 7 0 0 0 0 7 0 0 6 0 0 0 0 8 0 8 4 0 7 0 0 7 0 5 0 7 0 0 0 0 0 7 0 7 0 0 7
Last Time Cost: 00000076 ms
Total Time Cost: 00132261 ms
Total Distance 153: 0 8 6 7 8 7 9 7 7 0 8 7 0 0 0 0 7 0 0 6 0 0 0 0 8 0 8 3 0 7 0 0 7 0 5 0 7 0 0 0 0 0 7 0 7 0 0 7
Last Time Cost: 00000063 ms
Total Time Cost: 00132324 ms
Total Distance 151: 0 8 6 7 7 7 9 7 7 0 8 7 0 0 0 0 7 0 0 6 0 0 0 0 8 0 8 2 0 7 0 0 7 0 5 0 7 0 0 0 0 0 7 0 7 0 0 7
Last Time Cost: 00000054 ms
Total Time Cost: 00132378 ms
Total Distance 150: 0 8 6 7 7 7 9 7 7 0 8 7 0 0 0 0 7 0 0 6 0 0 0 0 8 0 8 1 0 7 0 0 7 0 5 0 7 0 0 0 0 0 7 0 7 0 0 7
Last Time Cost: 00000049 ms
Total Time Cost: 00132427 ms
Total Distance 149: 0 8 6 7 7 7 9 7 7 0 8 7 0 0 0 0 7 0 0 6 0 0 0 0 8 0 8 0 0 7 0 0 7 0 5 0 7 0 0 0 0 0 7 0 7 0 0 7
Last Time Cost: 00000175 ms
Total Time Cost: 00132602 ms
Total Distance 147: 0 8 6 7 7 7 9 7 7 0 8 7 0 0 0 0 7 0 0 6 0 0 0 0 8 0 8 0 0 7 0 0 7 0 4 0 7 0 0 0 0 0 7 0 6 0 0 7
Last Time Cost: 00000133 ms
Total Time Cost: 00132735 ms
Total Distance 145: 0 8 6 7 7 7 8 7 7 0 8 7 0 0 0 0 7 0 0 6 0 0 0 0 8 0 8 0 0 7 0 0 7 0 3 0 7 0 0 0 0 0 7 0 6 0 0 7
Last Time Cost: 00000053 ms
Total Time Cost: 00132788 ms
Total Distance 144: 0 8 6 7 7 7 8 7 7 0 8 7 0 0 0 0 7 0 0 6 0 0 0 0 8 0 8 0 0 7 0 0 7 0 2 0 7 0 0 0 0 0 7 0 6 0 0 7
Last Time Cost: 00000052 ms
Total Time Cost: 00132840 ms
Total Distance 143: 0 8 6 7 7 7 8 7 7 0 8 7 0 0 0 0 7 0 0 6 0 0 0 0 8 0 8 0 0 7 0 0 7 0 1 0 7 0 0 0 0 0 7 0 6 0 0 7
Last Time Cost: 00000052 ms
Total Time Cost: 00132892 ms
Total Distance 142: 0 8 6 7 7 7 8 7 7 0 8 7 0 0 0 0 7 0 0 6 0 0 0 0 8 0 8 0 0 7 0 0 7 0 0 0 7 0 0 0 0 0 7 0 6 0 0 7
Last Time Cost: 00000212 ms
Total Time Cost: 00133104 ms
Total Distance 139: 0 8 5 7 7 7 8 7 7 0 8 6 0 0 0 0 7 0 0 6 0 0 0 0 7 0 8 0 0 7 0 0 7 0 0 0 7 0 0 0 0 0 7 0 6 0 0 7
Last Time Cost: 00000072 ms
Total Time Cost: 00133176 ms
Total Distance 137: 0 8 4 7 7 7 8 7 7 0 7 6 0 0 0 0 7 0 0 6 0 0 0 0 7 0 8 0 0 7 0 0 7 0 0 0 7 0 0 0 0 0 7 0 6 0 0 7
Last Time Cost: 00000058 ms
Total Time Cost: 00133234 ms
Total Distance 136: 0 8 3 7 7 7 8 7 7 0 7 6 0 0 0 0 7 0 0 6 0 0 0 0 7 0 8 0 0 7 0 0 7 0 0 0 7 0 0 0 0 0 7 0 6 0 0 7
Last Time Cost: 00000058 ms
Total Time Cost: 00133292 ms
Total Distance 135: 0 8 2 7 7 7 8 7 7 0 7 6 0 0 0 0 7 0 0 6 0 0 0 0 7 0 8 0 0 7 0 0 7 0 0 0 7 0 0 0 0 0 7 0 6 0 0 7
Last Time Cost: 00000057 ms
Total Time Cost: 00133349 ms
Total Distance 134: 0 8 1 7 7 7 8 7 7 0 7 6 0 0 0 0 7 0 0 6 0 0 0 0 7 0 8 0 0 7 0 0 7 0 0 0 7 0 0 0 0 0 7 0 6 0 0 7
Last Time Cost: 00000056 ms
Total Time Cost: 00133405 ms
Total Distance 133: 0 8 0 7 7 7 8 7 7 0 7 6 0 0 0 0 7 0 0 6 0 0 0 0 7 0 8 0 0 7 0 0 7 0 0 0 7 0 0 0 0 0 7 0 6 0 0 7
Last Time Cost: 00000226 ms
Total Time Cost: 00133631 ms
Total Distance 130: 0 8 0 7 7 7 8 7 7 0 6 6 0 0 0 0 7 0 0 5 0 0 0 0 7 0 7 0 0 7 0 0 7 0 0 0 7 0 0 0 0 0 7 0 6 0 0 7
Last Time Cost: 00000078 ms
Total Time Cost: 00133709 ms
Total Distance 128: 0 8 0 7 7 7 8 7 6 0 6 6 0 0 0 0 7 0 0 4 0 0 0 0 7 0 7 0 0 7 0 0 7 0 0 0 7 0 0 0 0 0 7 0 6 0 0 7
Last Time Cost: 00000063 ms
Total Time Cost: 00133772 ms
Total Distance 127: 0 8 0 7 7 7 8 7 6 0 6 6 0 0 0 0 7 0 0 3 0 0 0 0 7 0 7 0 0 7 0 0 7 0 0 0 7 0 0 0 0 0 7 0 6 0 0 7
Last Time Cost: 00000063 ms
Total Time Cost: 00133835 ms
Total Distance 126: 0 8 0 7 7 7 8 7 6 0 6 6 0 0 0 0 7 0 0 2 0 0 0 0 7 0 7 0 0 7 0 0 7 0 0 0 7 0 0 0 0 0 7 0 6 0 0 7
Last Time Cost: 00000062 ms
Total Time Cost: 00133897 ms
Total Distance 125: 0 8 0 7 7 7 8 7 6 0 6 6 0 0 0 0 7 0 0 1 0 0 0 0 7 0 7 0 0 7 0 0 7 0 0 0 7 0 0 0 0 0 7 0 6 0 0 7
Last Time Cost: 00000062 ms
Total Time Cost: 00133959 ms
Total Distance 124: 0 8 0 7 7 7 8 7 6 0 6 6 0 0 0 0 7 0 0 0 0 0 0 0 7 0 7 0 0 7 0 0 7 0 0 0 7 0 0 0 0 0 7 0 6 0 0 7
Last Time Cost: 00000319 ms
Total Time Cost: 00134278 ms
Total Distance 122: 0 8 0 7 7 7 8 7 6 0 5 6 0 0 0 0 7 0 0 0 0 0 0 0 7 0 7 0 0 7 0 0 6 0 0 0 7 0 0 0 0 0 7 0 6 0 0 7
Last Time Cost: 00000085 ms
Total Time Cost: 00134363 ms
Total Distance 119: 0 8 0 7 7 7 8 7 6 0 4 6 0 0 0 0 7 0 0 0 0 0 0 0 6 0 7 0 0 7 0 0 5 0 0 0 7 0 0 0 0 0 7 0 6 0 0 7
Last Time Cost: 00000069 ms
Total Time Cost: 00134432 ms
Total Distance 118: 0 8 0 7 7 7 8 7 6 0 3 6 0 0 0 0 7 0 0 0 0 0 0 0 6 0 7 0 0 7 0 0 5 0 0 0 7 0 0 0 0 0 7 0 6 0 0 7
Last Time Cost: 00000069 ms
Total Time Cost: 00134501 ms
Total Distance 117: 0 8 0 7 7 7 8 7 6 0 2 6 0 0 0 0 7 0 0 0 0 0 0 0 6 0 7 0 0 7 0 0 5 0 0 0 7 0 0 0 0 0 7 0 6 0 0 7
Last Time Cost: 00000068 ms
Total Time Cost: 00134569 ms
Total Distance 116: 0 8 0 7 7 7 8 7 6 0 1 6 0 0 0 0 7 0 0 0 0 0 0 0 6 0 7 0 0 7 0 0 5 0 0 0 7 0 0 0 0 0 7 0 6 0 0 7
Last Time Cost: 00000067 ms
Total Time Cost: 00134636 ms
Total Distance 115: 0 8 0 7 7 7 8 7 6 0 0 6 0 0 0 0 7 0 0 0 0 0 0 0 6 0 7 0 0 7 0 0 5 0 0 0 7 0 0 0 0 0 7 0 6 0 0 7
Last Time Cost: 00000093 ms
Total Time Cost: 00134729 ms
Total Distance 114: 0 8 0 7 7 7 8 7 6 0 0 6 0 0 0 0 7 0 0 0 0 0 0 0 6 0 7 0 0 7 0 0 4 0 0 0 7 0 0 0 0 0 7 0 6 0 0 7
Last Time Cost: 00000075 ms
Total Time Cost: 00134804 ms
Total Distance 113: 0 8 0 7 7 7 8 7 6 0 0 6 0 0 0 0 7 0 0 0 0 0 0 0 6 0 7 0 0 7 0 0 3 0 0 0 7 0 0 0 0 0 7 0 6 0 0 7
Last Time Cost: 00000074 ms
Total Time Cost: 00134878 ms
Total Distance 112: 0 8 0 7 7 7 8 7 6 0 0 6 0 0 0 0 7 0 0 0 0 0 0 0 6 0 7 0 0 7 0 0 2 0 0 0 7 0 0 0 0 0 7 0 6 0 0 7
Last Time Cost: 00000074 ms
Total Time Cost: 00134952 ms
Total Distance 110: 0 8 0 7 7 7 8 7 6 0 0 5 0 0 0 0 7 0 0 0 0 0 0 0 6 0 7 0 0 7 0 0 1 0 0 0 7 0 0 0 0 0 7 0 6 0 0 7
Last Time Cost: 00000073 ms
Total Time Cost: 00135025 ms
Total Distance 109: 0 8 0 7 7 7 8 7 6 0 0 5 0 0 0 0 7 0 0 0 0 0 0 0 6 0 7 0 0 7 0 0 0 0 0 0 7 0 0 0 0 0 7 0 6 0 0 7
Last Time Cost: 00000102 ms
Total Time Cost: 00135127 ms
Total Distance 108: 0 8 0 7 7 7 8 7 6 0 0 4 0 0 0 0 7 0 0 0 0 0 0 0 6 0 7 0 0 7 0 0 0 0 0 0 7 0 0 0 0 0 7 0 6 0 0 7
Last Time Cost: 00000081 ms
Total Time Cost: 00135208 ms
Total Distance 107: 0 8 0 7 7 7 8 7 6 0 0 3 0 0 0 0 7 0 0 0 0 0 0 0 6 0 7 0 0 7 0 0 0 0 0 0 7 0 0 0 0 0 7 0 6 0 0 7
Last Time Cost: 00000081 ms
Total Time Cost: 00135289 ms
Total Distance 106: 0 8 0 7 7 7 8 7 6 0 0 2 0 0 0 0 7 0 0 0 0 0 0 0 6 0 7 0 0 7 0 0 0 0 0 0 7 0 0 0 0 0 7 0 6 0 0 7
Last Time Cost: 00000079 ms
Total Time Cost: 00135368 ms
Total Distance 105: 0 8 0 7 7 7 8 7 6 0 0 1 0 0 0 0 7 0 0 0 0 0 0 0 6 0 7 0 0 7 0 0 0 0 0 0 7 0 0 0 0 0 7 0 6 0 0 7
Last Time Cost: 00000079 ms
Total Time Cost: 00135447 ms
Total Distance 104: 0 8 0 7 7 7 8 7 6 0 0 0 0 0 0 0 7 0 0 0 0 0 0 0 6 0 7 0 0 7 0 0 0 0 0 0 7 0 0 0 0 0 7 0 6 0 0 7
Last Time Cost: 00000358 ms
Total Time Cost: 00135805 ms
Total Distance 102: 0 8 0 7 7 7 8 7 6 0 0 0 0 0 0 0 7 0 0 0 0 0 0 0 5 0 7 0 0 6 0 0 0 0 0 0 7 0 0 0 0 0 7 0 6 0 0 7
Last Time Cost: 00000107 ms
Total Time Cost: 00135912 ms
Total Distance 100: 0 8 0 7 7 6 8 7 6 0 0 0 0 0 0 0 7 0 0 0 0 0 0 0 4 0 7 0 0 6 0 0 0 0 0 0 7 0 0 0 0 0 7 0 6 0 0 7
Last Time Cost: 00000086 ms
Total Time Cost: 00135998 ms
Total Distance 99: 0 8 0 7 7 6 8 7 6 0 0 0 0 0 0 0 7 0 0 0 0 0 0 0 3 0 7 0 0 6 0 0 0 0 0 0 7 0 0 0 0 0 7 0 6 0 0 7
Last Time Cost: 00000087 ms
Total Time Cost: 00136085 ms
Total Distance 98: 0 8 0 7 7 6 8 7 6 0 0 0 0 0 0 0 7 0 0 0 0 0 0 0 2 0 7 0 0 6 0 0 0 0 0 0 7 0 0 0 0 0 7 0 6 0 0 7
Last Time Cost: 00000086 ms
Total Time Cost: 00136171 ms
Total Distance 97: 0 8 0 7 7 6 8 7 6 0 0 0 0 0 0 0 7 0 0 0 0 0 0 0 1 0 7 0 0 6 0 0 0 0 0 0 7 0 0 0 0 0 7 0 6 0 0 7
Last Time Cost: 00000086 ms
Total Time Cost: 00136257 ms
Total Distance 96: 0 8 0 7 7 6 8 7 6 0 0 0 0 0 0 0 7 0 0 0 0 0 0 0 0 0 7 0 0 6 0 0 0 0 0 0 7 0 0 0 0 0 7 0 6 0 0 7
Last Time Cost: 00000506 ms
Total Time Cost: 00136763 ms
Total Distance 94: 0 8 0 7 6 5 8 7 6 0 0 0 0 0 0 0 7 0 0 0 0 0 0 0 0 0 7 0 0 6 0 0 0 0 0 0 7 0 0 0 0 0 7 0 6 0 0 7
Last Time Cost: 00000121 ms
Total Time Cost: 00136884 ms
Total Distance 92: 0 8 0 7 6 4 8 7 6 0 0 0 0 0 0 0 7 0 0 0 0 0 0 0 0 0 6 0 0 6 0 0 0 0 0 0 7 0 0 0 0 0 7 0 6 0 0 7
Last Time Cost: 00000093 ms
Total Time Cost: 00136977 ms
Total Distance 90: 0 8 0 7 6 3 8 7 6 0 0 0 0 0 0 0 7 0 0 0 0 0 0 0 0 0 6 0 0 6 0 0 0 0 0 0 7 0 0 0 0 0 7 0 6 0 0 6
Last Time Cost: 00000095 ms
Total Time Cost: 00137072 ms
Total Distance 89: 0 8 0 7 6 2 8 7 6 0 0 0 0 0 0 0 7 0 0 0 0 0 0 0 0 0 6 0 0 6 0 0 0 0 0 0 7 0 0 0 0 0 7 0 6 0 0 6
Last Time Cost: 00000095 ms
Total Time Cost: 00137167 ms
Total Distance 88: 0 8 0 7 6 1 8 7 6 0 0 0 0 0 0 0 7 0 0 0 0 0 0 0 0 0 6 0 0 6 0 0 0 0 0 0 7 0 0 0 0 0 7 0 6 0 0 6
Last Time Cost: 00000097 ms
Total Time Cost: 00137264 ms
Total Distance 87: 0 8 0 7 6 0 8 7 6 0 0 0 0 0 0 0 7 0 0 0 0 0 0 0 0 0 6 0 0 6 0 0 0 0 0 0 7 0 0 0 0 0 7 0 6 0 0 6
Last Time Cost: 00000822 ms
Total Time Cost: 00138086 ms
Total Distance 85: 0 8 0 6 6 0 8 7 6 0 0 0 0 0 0 0 7 0 0 0 0 0 0 0 0 0 6 0 0 5 0 0 0 0 0 0 7 0 0 0 0 0 7 0 6 0 0 6
Last Time Cost: 00000123 ms
Total Time Cost: 00138209 ms
Total Distance 83: 0 8 0 6 6 0 7 7 6 0 0 0 0 0 0 0 7 0 0 0 0 0 0 0 0 0 6 0 0 4 0 0 0 0 0 0 7 0 0 0 0 0 7 0 6 0 0 6
Last Time Cost: 00000100 ms
Total Time Cost: 00138309 ms
Total Distance 82: 0 8 0 6 6 0 7 7 6 0 0 0 0 0 0 0 7 0 0 0 0 0 0 0 0 0 6 0 0 3 0 0 0 0 0 0 7 0 0 0 0 0 7 0 6 0 0 6
Last Time Cost: 00000103 ms
Total Time Cost: 00138412 ms
Total Distance 81: 0 8 0 6 6 0 7 7 6 0 0 0 0 0 0 0 7 0 0 0 0 0 0 0 0 0 6 0 0 2 0 0 0 0 0 0 7 0 0 0 0 0 7 0 6 0 0 6
Last Time Cost: 00000103 ms
Total Time Cost: 00138515 ms
Total Distance 80: 0 8 0 6 6 0 7 7 6 0 0 0 0 0 0 0 7 0 0 0 0 0 0 0 0 0 6 0 0 1 0 0 0 0 0 0 7 0 0 0 0 0 7 0 6 0 0 6
Last Time Cost: 00000103 ms
Total Time Cost: 00138618 ms
Total Distance 79: 0 8 0 6 6 0 7 7 6 0 0 0 0 0 0 0 7 0 0 0 0 0 0 0 0 0 6 0 0 0 0 0 0 0 0 0 7 0 0 0 0 0 7 0 6 0 0 6
Last Time Cost: 00000889 ms
Total Time Cost: 00139507 ms
Total Distance 77: 0 8 0 5 6 0 7 7 6 0 0 0 0 0 0 0 7 0 0 0 0 0 0 0 0 0 6 0 0 0 0 0 0 0 0 0 7 0 0 0 0 0 7 0 6 0 0 5
Last Time Cost: 00000167 ms
Total Time Cost: 00139674 ms
Total Distance 76: 0 8 0 4 6 0 7 7 6 0 0 0 0 0 0 0 7 0 0 0 0 0 0 0 0 0 6 0 0 0 0 0 0 0 0 0 7 0 0 0 0 0 7 0 6 0 0 5
Last Time Cost: 00000110 ms
Total Time Cost: 00139784 ms
Total Distance 74: 0 8 0 3 6 0 7 7 6 0 0 0 0 0 0 0 7 0 0 0 0 0 0 0 0 0 6 0 0 0 0 0 0 0 0 0 7 0 0 0 0 0 6 0 6 0 0 5
Last Time Cost: 00000112 ms
Total Time Cost: 00139896 ms
Total Distance 73: 0 8 0 2 6 0 7 7 6 0 0 0 0 0 0 0 7 0 0 0 0 0 0 0 0 0 6 0 0 0 0 0 0 0 0 0 7 0 0 0 0 0 6 0 6 0 0 5
Last Time Cost: 00000112 ms
Total Time Cost: 00140008 ms
Total Distance 72: 0 8 0 1 6 0 7 7 6 0 0 0 0 0 0 0 7 0 0 0 0 0 0 0 0 0 6 0 0 0 0 0 0 0 0 0 7 0 0 0 0 0 6 0 6 0 0 5
Last Time Cost: 00000112 ms
Total Time Cost: 00140120 ms
Total Distance 71: 0 8 0 0 6 0 7 7 6 0 0 0 0 0 0 0 7 0 0 0 0 0 0 0 0 0 6 0 0 0 0 0 0 0 0 0 7 0 0 0 0 0 6 0 6 0 0 5
Last Time Cost: 00000147 ms
Total Time Cost: 00140267 ms
Total Distance 70: 0 8 0 0 6 0 7 7 6 0 0 0 0 0 0 0 7 0 0 0 0 0 0 0 0 0 6 0 0 0 0 0 0 0 0 0 7 0 0 0 0 0 6 0 6 0 0 4
Last Time Cost: 00000117 ms
Total Time Cost: 00140384 ms
Total Distance 69: 0 8 0 0 6 0 7 7 6 0 0 0 0 0 0 0 7 0 0 0 0 0 0 0 0 0 6 0 0 0 0 0 0 0 0 0 7 0 0 0 0 0 6 0 6 0 0 3
Last Time Cost: 00000120 ms
Total Time Cost: 00140504 ms
Total Distance 68: 0 8 0 0 6 0 7 7 6 0 0 0 0 0 0 0 7 0 0 0 0 0 0 0 0 0 6 0 0 0 0 0 0 0 0 0 7 0 0 0 0 0 6 0 6 0 0 2
Last Time Cost: 00000121 ms
Total Time Cost: 00140625 ms
Total Distance 67: 0 8 0 0 6 0 7 7 6 0 0 0 0 0 0 0 7 0 0 0 0 0 0 0 0 0 6 0 0 0 0 0 0 0 0 0 7 0 0 0 0 0 6 0 6 0 0 1
Last Time Cost: 00000121 ms
Total Time Cost: 00140746 ms
Total Distance 66: 0 8 0 0 6 0 7 7 6 0 0 0 0 0 0 0 7 0 0 0 0 0 0 0 0 0 6 0 0 0 0 0 0 0 0 0 7 0 0 0 0 0 6 0 6 0 0 0
Last Time Cost: 00000901 ms
Total Time Cost: 00141647 ms
Total Distance 64: 0 7 0 0 6 0 7 7 6 0 0 0 0 0 0 0 7 0 0 0 0 0 0 0 0 0 5 0 0 0 0 0 0 0 0 0 7 0 0 0 0 0 6 0 6 0 0 0
Last Time Cost: 00000042 ms
Total Time Cost: 00141689 ms
Total Distance 62: 0 6 0 0 6 0 7 7 6 0 0 0 0 0 0 0 7 0 0 0 0 0 0 0 0 0 4 0 0 0 0 0 0 0 0 0 7 0 0 0 0 0 6 0 6 0 0 0
Last Time Cost: 00000007 ms
Total Time Cost: 00141696 ms
Total Distance 61: 0 6 0 0 6 0 7 7 6 0 0 0 0 0 0 0 7 0 0 0 0 0 0 0 0 0 3 0 0 0 0 0 0 0 0 0 7 0 0 0 0 0 6 0 6 0 0 0
Last Time Cost: 00000005 ms
Total Time Cost: 00141701 ms
Total Distance 60: 0 6 0 0 6 0 7 7 6 0 0 0 0 0 0 0 7 0 0 0 0 0 0 0 0 0 2 0 0 0 0 0 0 0 0 0 7 0 0 0 0 0 6 0 6 0 0 0
Last Time Cost: 00000004 ms
Total Time Cost: 00141705 ms
Total Distance 59: 0 6 0 0 6 0 7 7 6 0 0 0 0 0 0 0 7 0 0 0 0 0 0 0 0 0 1 0 0 0 0 0 0 0 0 0 7 0 0 0 0 0 6 0 6 0 0 0
Last Time Cost: 00000003 ms
Total Time Cost: 00141708 ms
Total Distance 58: 0 6 0 0 6 0 7 7 6 0 0 0 0 0 0 0 7 0 0 0 0 0 0 0 0 0 0 0 0 0 0 0 0 0 0 0 7 0 0 0 0 0 6 0 6 0 0 0
Last Time Cost: 00000845 ms
Total Time Cost: 00142553 ms
Total Distance 57: 0 6 0 0 5 0 7 7 6 0 0 0 0 0 0 0 7 0 0 0 0 0 0 0 0 0 0 0 0 0 0 0 0 0 0 0 7 0 0 0 0 0 6 0 6 0 0 0
Last Time Cost: 00000043 ms
Total Time Cost: 00142596 ms
Total Distance 56: 0 6 0 0 4 0 7 7 6 0 0 0 0 0 0 0 7 0 0 0 0 0 0 0 0 0 0 0 0 0 0 0 0 0 0 0 7 0 0 0 0 0 6 0 6 0 0 0
Last Time Cost: 00000007 ms
Total Time Cost: 00142603 ms
Total Distance 54: 0 6 0 0 3 0 7 7 6 0 0 0 0 0 0 0 7 0 0 0 0 0 0 0 0 0 0 0 0 0 0 0 0 0 0 0 6 0 0 0 0 0 6 0 6 0 0 0
Last Time Cost: 00000004 ms
Total Time Cost: 00142607 ms
Total Distance 53: 0 6 0 0 2 0 7 7 6 0 0 0 0 0 0 0 7 0 0 0 0 0 0 0 0 0 0 0 0 0 0 0 0 0 0 0 6 0 0 0 0 0 6 0 6 0 0 0
Last Time Cost: 00000003 ms
Total Time Cost: 00142610 ms
Total Distance 52: 0 6 0 0 1 0 7 7 6 0 0 0 0 0 0 0 7 0 0 0 0 0 0 0 0 0 0 0 0 0 0 0 0 0 0 0 6 0 0 0 0 0 6 0 6 0 0 0
Last Time Cost: 00000002 ms
Total Time Cost: 00142612 ms
Total Distance 51: 0 6 0 0 0 0 7 7 6 0 0 0 0 0 0 0 7 0 0 0 0 0 0 0 0 0 0 0 0 0 0 0 0 0 0 0 6 0 0 0 0 0 6 0 6 0 0 0
Last Time Cost: 00000882 ms
Total Time Cost: 00143494 ms
Total Distance 50: 0 5 0 0 0 0 7 7 6 0 0 0 0 0 0 0 7 0 0 0 0 0 0 0 0 0 0 0 0 0 0 0 0 0 0 0 6 0 0 0 0 0 6 0 6 0 0 0
Last Time Cost: 00000039 ms
Total Time Cost: 00143533 ms
Total Distance 49: 0 4 0 0 0 0 7 7 6 0 0 0 0 0 0 0 7 0 0 0 0 0 0 0 0 0 0 0 0 0 0 0 0 0 0 0 6 0 0 0 0 0 6 0 6 0 0 0
Last Time Cost: 00000006 ms
Total Time Cost: 00143539 ms
Total Distance 48: 0 3 0 0 0 0 7 7 6 0 0 0 0 0 0 0 7 0 0 0 0 0 0 0 0 0 0 0 0 0 0 0 0 0 0 0 6 0 0 0 0 0 6 0 6 0 0 0
Last Time Cost: 00000005 ms
Total Time Cost: 00143544 ms
Total Distance 47: 0 2 0 0 0 0 7 7 6 0 0 0 0 0 0 0 7 0 0 0 0 0 0 0 0 0 0 0 0 0 0 0 0 0 0 0 6 0 0 0 0 0 6 0 6 0 0 0
Last Time Cost: 00000004 ms
Total Time Cost: 00143548 ms
Total Distance 46: 0 1 0 0 0 0 7 7 6 0 0 0 0 0 0 0 7 0 0 0 0 0 0 0 0 0 0 0 0 0 0 0 0 0 0 0 6 0 0 0 0 0 6 0 6 0 0 0
Last Time Cost: 00000003 ms
Total Time Cost: 00143551 ms
Total Distance 45: 0 0 0 0 0 0 7 7 6 0 0 0 0 0 0 0 7 0 0 0 0 0 0 0 0 0 0 0 0 0 0 0 0 0 0 0 6 0 0 0 0 0 6 0 6 0 0 0
Last Time Cost: 00000845 ms
Total Time Cost: 00144396 ms
Total Distance 44: 0 0 0 0 0 0 7 7 5 0 0 0 0 0 0 0 7 0 0 0 0 0 0 0 0 0 0 0 0 0 0 0 0 0 0 0 6 0 0 0 0 0 6 0 6 0 0 0
Last Time Cost: 00000044 ms
Total Time Cost: 00144440 ms
Total Distance 43: 0 0 0 0 0 0 7 7 4 0 0 0 0 0 0 0 7 0 0 0 0 0 0 0 0 0 0 0 0 0 0 0 0 0 0 0 6 0 0 0 0 0 6 0 6 0 0 0
Last Time Cost: 00000006 ms
Total Time Cost: 00144446 ms
Total Distance 42: 0 0 0 0 0 0 7 7 3 0 0 0 0 0 0 0 7 0 0 0 0 0 0 0 0 0 0 0 0 0 0 0 0 0 0 0 6 0 0 0 0 0 6 0 6 0 0 0
Last Time Cost: 00000005 ms
Total Time Cost: 00144451 ms
Total Distance 41: 0 0 0 0 0 0 7 7 2 0 0 0 0 0 0 0 7 0 0 0 0 0 0 0 0 0 0 0 0 0 0 0 0 0 0 0 6 0 0 0 0 0 6 0 6 0 0 0
Last Time Cost: 00000004 ms
Total Time Cost: 00144455 ms
Total Distance 40: 0 0 0 0 0 0 7 7 1 0 0 0 0 0 0 0 7 0 0 0 0 0 0 0 0 0 0 0 0 0 0 0 0 0 0 0 6 0 0 0 0 0 6 0 6 0 0 0
Last Time Cost: 00000003 ms
Total Time Cost: 00144458 ms
Total Distance 39: 0 0 0 0 0 0 7 7 0 0 0 0 0 0 0 0 7 0 0 0 0 0 0 0 0 0 0 0 0 0 0 0 0 0 0 0 6 0 0 0 0 0 6 0 6 0 0 0
Last Time Cost: 00000701 ms
Total Time Cost: 00145159 ms
Total Distance 38: 0 0 0 0 0 0 7 7 0 0 0 0 0 0 0 0 7 0 0 0 0 0 0 0 0 0 0 0 0 0 0 0 0 0 0 0 6 0 0 0 0 0 6 0 5 0 0 0
Last Time Cost: 00000047 ms
Total Time Cost: 00145206 ms
Total Distance 37: 0 0 0 0 0 0 7 7 0 0 0 0 0 0 0 0 7 0 0 0 0 0 0 0 0 0 0 0 0 0 0 0 0 0 0 0 6 0 0 0 0 0 6 0 4 0 0 0
Last Time Cost: 00000007 ms
Total Time Cost: 00145213 ms
Total Distance 36: 0 0 0 0 0 0 7 7 0 0 0 0 0 0 0 0 7 0 0 0 0 0 0 0 0 0 0 0 0 0 0 0 0 0 0 0 6 0 0 0 0 0 6 0 3 0 0 0
Last Time Cost: 00000005 ms
Total Time Cost: 00145218 ms
Total Distance 35: 0 0 0 0 0 0 7 7 0 0 0 0 0 0 0 0 7 0 0 0 0 0 0 0 0 0 0 0 0 0 0 0 0 0 0 0 6 0 0 0 0 0 6 0 2 0 0 0
Last Time Cost: 00000004 ms
Total Time Cost: 00145222 ms
Total Distance 34: 0 0 0 0 0 0 7 7 0 0 0 0 0 0 0 0 7 0 0 0 0 0 0 0 0 0 0 0 0 0 0 0 0 0 0 0 6 0 0 0 0 0 6 0 1 0 0 0
Last Time Cost: 00000003 ms
Total Time Cost: 00145225 ms
Total Distance 33: 0 0 0 0 0 0 7 7 0 0 0 0 0 0 0 0 7 0 0 0 0 0 0 0 0 0 0 0 0 0 0 0 0 0 0 0 6 0 0 0 0 0 6 0 0 0 0 0
Last Time Cost: 00000528 ms
Total Time Cost: 00145753 ms
Total Distance 32: 0 0 0 0 0 0 7 7 0 0 0 0 0 0 0 0 7 0 0 0 0 0 0 0 0 0 0 0 0 0 0 0 0 0 0 0 6 0 0 0 0 0 5 0 0 0 0 0
Last Time Cost: 00000057 ms
Total Time Cost: 00145810 ms
Total Distance 31: 0 0 0 0 0 0 7 7 0 0 0 0 0 0 0 0 7 0 0 0 0 0 0 0 0 0 0 0 0 0 0 0 0 0 0 0 6 0 0 0 0 0 4 0 0 0 0 0
Last Time Cost: 00000007 ms
Total Time Cost: 00145817 ms
Total Distance 30: 0 0 0 0 0 0 7 7 0 0 0 0 0 0 0 0 7 0 0 0 0 0 0 0 0 0 0 0 0 0 0 0 0 0 0 0 6 0 0 0 0 0 3 0 0 0 0 0
Last Time Cost: 00000005 ms
Total Time Cost: 00145822 ms
Total Distance 29: 0 0 0 0 0 0 7 7 0 0 0 0 0 0 0 0 7 0 0 0 0 0 0 0 0 0 0 0 0 0 0 0 0 0 0 0 6 0 0 0 0 0 2 0 0 0 0 0
Last Time Cost: 00000004 ms
Total Time Cost: 00145826 ms
Total Distance 28: 0 0 0 0 0 0 7 7 0 0 0 0 0 0 0 0 7 0 0 0 0 0 0 0 0 0 0 0 0 0 0 0 0 0 0 0 6 0 0 0 0 0 1 0 0 0 0 0
Last Time Cost: 00000003 ms
Total Time Cost: 00145829 ms
Total Distance 27: 0 0 0 0 0 0 7 7 0 0 0 0 0 0 0 0 7 0 0 0 0 0 0 0 0 0 0 0 0 0 0 0 0 0 0 0 6 0 0 0 0 0 0 0 0 0 0 0
Last Time Cost: 00000291 ms
Total Time Cost: 00146120 ms
Total Distance 26: 0 0 0 0 0 0 7 7 0 0 0 0 0 0 0 0 7 0 0 0 0 0 0 0 0 0 0 0 0 0 0 0 0 0 0 0 5 0 0 0 0 0 0 0 0 0 0 0
Last Time Cost: 00000064 ms
Total Time Cost: 00146184 ms
Total Distance 25: 0 0 0 0 0 0 7 7 0 0 0 0 0 0 0 0 7 0 0 0 0 0 0 0 0 0 0 0 0 0 0 0 0 0 0 0 4 0 0 0 0 0 0 0 0 0 0 0
Last Time Cost: 00000008 ms
Total Time Cost: 00146192 ms
Total Distance 24: 0 0 0 0 0 0 7 7 0 0 0 0 0 0 0 0 7 0 0 0 0 0 0 0 0 0 0 0 0 0 0 0 0 0 0 0 3 0 0 0 0 0 0 0 0 0 0 0
Last Time Cost: 00000006 ms
Total Time Cost: 00146198 ms
Total Distance 23: 0 0 0 0 0 0 7 7 0 0 0 0 0 0 0 0 7 0 0 0 0 0 0 0 0 0 0 0 0 0 0 0 0 0 0 0 2 0 0 0 0 0 0 0 0 0 0 0
Last Time Cost: 00000004 ms
Total Time Cost: 00146202 ms
Total Distance 22: 0 0 0 0 0 0 7 7 0 0 0 0 0 0 0 0 7 0 0 0 0 0 0 0 0 0 0 0 0 0 0 0 0 0 0 0 1 0 0 0 0 0 0 0 0 0 0 0
Last Time Cost: 00000003 ms
Total Time Cost: 00146205 ms
Total Distance 21: 0 0 0 0 0 0 7 7 0 0 0 0 0 0 0 0 7 0 0 0 0 0 0 0 0 0 0 0 0 0 0 0 0 0 0 0 0 0 0 0 0 0 0 0 0 0 0 0
Last Time Cost: 00098848 ms
Total Time Cost: 00245053 ms
Total Distance 19: 0 0 0 0 0 0 6 7 0 0 0 0 0 0 0 0 6 0 0 0 0 0 0 0 0 0 0 0 0 0 0 0 0 0 0 0 0 0 0 0 0 0 0 0 0 0 0 0
Last Time Cost: 00000592 ms
Total Time Cost: 00245645 ms
Total Distance 18: 0 0 0 0 0 0 5 7 0 0 0 0 0 0 0 0 6 0 0 0 0 0 0 0 0 0 0 0 0 0 0 0 0 0 0 0 0 0 0 0 0 0 0 0 0 0 0 0
Last Time Cost: 00000061 ms
Total Time Cost: 00245706 ms
Total Distance 17: 0 0 0 0 0 0 4 7 0 0 0 0 0 0 0 0 6 0 0 0 0 0 0 0 0 0 0 0 0 0 0 0 0 0 0 0 0 0 0 0 0 0 0 0 0 0 0 0
Last Time Cost: 00000005 ms
Total Time Cost: 00245711 ms
Total Distance 16: 0 0 0 0 0 0 3 7 0 0 0 0 0 0 0 0 6 0 0 0 0 0 0 0 0 0 0 0 0 0 0 0 0 0 0 0 0 0 0 0 0 0 0 0 0 0 0 0
Last Time Cost: 00000004 ms
Total Time Cost: 00245715 ms
Total Distance 15: 0 0 0 0 0 0 2 7 0 0 0 0 0 0 0 0 6 0 0 0 0 0 0 0 0 0 0 0 0 0 0 0 0 0 0 0 0 0 0 0 0 0 0 0 0 0 0 0
Last Time Cost: 00000004 ms
Total Time Cost: 00245719 ms
Total Distance 14: 0 0 0 0 0 0 1 7 0 0 0 0 0 0 0 0 6 0 0 0 0 0 0 0 0 0 0 0 0 0 0 0 0 0 0 0 0 0 0 0 0 0 0 0 0 0 0 0
Last Time Cost: 00000003 ms
Total Time Cost: 00245722 ms
Total Distance 13: 0 0 0 0 0 0 0 7 0 0 0 0 0 0 0 0 6 0 0 0 0 0 0 0 0 0 0 0 0 0 0 0 0 0 0 0 0 0 0 0 0 0 0 0 0 0 0 0
Last Time Cost: 00000317 ms
Total Time Cost: 00246039 ms
Total Distance 12: 0 0 0 0 0 0 0 7 0 0 0 0 0 0 0 0 5 0 0 0 0 0 0 0 0 0 0 0 0 0 0 0 0 0 0 0 0 0 0 0 0 0 0 0 0 0 0 0
Last Time Cost: 00000060 ms
Total Time Cost: 00246099 ms
Total Distance 11: 0 0 0 0 0 0 0 7 0 0 0 0 0 0 0 0 4 0 0 0 0 0 0 0 0 0 0 0 0 0 0 0 0 0 0 0 0 0 0 0 0 0 0 0 0 0 0 0
Last Time Cost: 00000005 ms
Total Time Cost: 00246104 ms
Total Distance 10: 0 0 0 0 0 0 0 7 0 0 0 0 0 0 0 0 3 0 0 0 0 0 0 0 0 0 0 0 0 0 0 0 0 0 0 0 0 0 0 0 0 0 0 0 0 0 0 0
Last Time Cost: 00000005 ms
Total Time Cost: 00246109 ms
Total Distance 9: 0 0 0 0 0 0 0 7 0 0 0 0 0 0 0 0 2 0 0 0 0 0 0 0 0 0 0 0 0 0 0 0 0 0 0 0 0 0 0 0 0 0 0 0 0 0 0 0
Last Time Cost: 00000004 ms
Total Time Cost: 00246113 ms
Total Distance 8: 0 0 0 0 0 0 0 7 0 0 0 0 0 0 0 0 1 0 0 0 0 0 0 0 0 0 0 0 0 0 0 0 0 0 0 0 0 0 0 0 0 0 0 0 0 0 0 0
Last Time Cost: 00000004 ms
Total Time Cost: 00246117 ms
Total Distance 7: 0 0 0 0 0 0 0 7 0 0 0 0 0 0 0 0 0 0 0 0 0 0 0 0 0 0 0 0 0 0 0 0 0 0 0 0 0 0 0 0 0 0 0 0 0 0 0 0
Last Time Cost: 00039868 ms
Total Time Cost: 00285985 ms
Total Distance 6: 0 0 0 0 0 0 0 6 0 0 0 0 0 0 0 0 0 0 0 0 0 0 0 0 0 0 0 0 0 0 0 0 0 0 0 0 0 0 0 0 0 0 0 0 0 0 0 0
Last Time Cost: 00000343 ms
Total Time Cost: 00286328 ms
Total Distance 5: 0 0 0 0 0 0 0 5 0 0 0 0 0 0 0 0 0 0 0 0 0 0 0 0 0 0 0 0 0 0 0 0 0 0 0 0 0 0 0 0 0 0 0 0 0 0 0 0
Last Time Cost: 00000061 ms
Total Time Cost: 00286389 ms
Total Distance 4: 0 0 0 0 0 0 0 4 0 0 0 0 0 0 0 0 0 0 0 0 0 0 0 0 0 0 0 0 0 0 0 0 0 0 0 0 0 0 0 0 0 0 0 0 0 0 0 0
Last Time Cost: 00000001 ms
Total Time Cost: 00286390 ms
Total Distance 3: 0 0 0 0 0 0 0 3 0 0 0 0 0 0 0 0 0 0 0 0 0 0 0 0 0 0 0 0 0 0 0 0 0 0 0 0 0 0 0 0 0 0 0 0 0 0 0 0
Last Time Cost: 00000000 ms
Total Time Cost: 00286390 ms
Total Distance 2: 0 0 0 0 0 0 0 2 0 0 0 0 0 0 0 0 0 0 0 0 0 0 0 0 0 0 0 0 0 0 0 0 0 0 0 0 0 0 0 0 0 0 0 0 0 0 0 0
Last Time Cost: 00000000 ms
Total Time Cost: 00286390 ms
Total Distance 1: 0 0 0 0 0 0 0 1 0 0 0 0 0 0 0 0 0 0 0 0 0 0 0 0 0 0 0 0 0 0 0 0 0 0 0 0 0 0 0 0 0 0 0 0 0 0 0 0
Last Time Cost: 00000000 ms
Total Time Cost: 00286390 ms
Total Distance 0: 0 0 0 0 0 0 0 0 0 0 0 0 0 0 0 0 0 0 0 0 0 0 0 0 0 0 0 0 0 0 0 0 0 0 0 0 0 0 0 0 0 0 0 0 0 0 0 0
