Last Time Cost: 00000000 ms
Total Time Cost: 00000000 ms
Total Distance 418: 12 12 12 12 12 12 12 12 12 10 10 10 10 10 10 10 10 10 11 11 11 11 11 11 11 11 11 11 11 11 11 11 11 11 11 11 11 11
Last Time Cost: 00000164 ms
Total Time Cost: 00000164 ms
Total Distance 408: 12 12 12 12 12 12 11 12 12 10 10 10 10 10 10 9 10 9 10 11 11 11 10 10 11 11 10 11 11 11 10 11 10 11 11 11 11 10
Last Time Cost: 00000034 ms
Total Time Cost: 00000198 ms
Total Distance 399: 12 12 11 12 12 12 10 12 12 10 10 10 9 10 10 9 10 8 10 11 10 11 10 10 11 11 10 11 11 10 10 11 10 11 10 11 10 9
Last Time Cost: 00000017 ms
Total Time Cost: 00000215 ms
Total Distance 391: 12 12 10 12 12 11 10 12 12 10 10 10 9 10 10 9 9 7 9 11 10 11 10 10 11 11 9 10 11 10 10 11 10 10 10 11 10 9
Last Time Cost: 00000014 ms
Total Time Cost: 00000229 ms
Total Distance 384: 12 12 10 12 12 11 10 12 12 10 10 10 9 10 10 9 9 6 8 11 10 11 9 9 11 11 8 10 11 10 9 11 9 10 10 11 10 9
Last Time Cost: 00000012 ms
Total Time Cost: 00000241 ms
Total Distance 378: 12 12 10 12 11 10 10 12 12 10 10 10 9 10 10 9 9 5 7 11 10 11 9 9 11 11 8 10 10 10 9 11 8 10 10 11 10 9
Last Time Cost: 00000009 ms
Total Time Cost: 00000250 ms
Total Distance 372: 12 12 10 12 10 10 10 12 12 10 9 10 9 10 10 9 9 4 7 10 10 11 9 9 11 10 7 10 10 10 9 11 8 10 10 11 10 9
Last Time Cost: 00000010 ms
Total Time Cost: 00000260 ms
Total Distance 368: 12 12 10 12 10 9 10 12 12 10 9 10 9 10 10 9 9 3 6 10 10 11 9 9 11 10 7 9 10 10 9 11 8 10 10 11 10 9
Last Time Cost: 00000012 ms
Total Time Cost: 00000272 ms
Total Distance 364: 12 12 10 12 10 9 9 12 12 10 9 10 9 10 10 9 9 2 6 10 10 11 9 9 11 10 7 9 10 9 9 11 8 10 10 11 10 8
Last Time Cost: 00000007 ms
Total Time Cost: 00000279 ms
Total Distance 362: 12 12 10 12 10 9 9 12 12 10 9 10 9 10 10 9 9 1 6 10 10 11 9 9 11 10 6 9 10 9 9 11 8 10 10 11 10 8
Last Time Cost: 00000011 ms
Total Time Cost: 00000290 ms
Total Distance 360: 12 12 10 12 10 9 9 12 12 10 9 10 9 10 10 9 9 0 6 10 10 11 9 9 11 10 6 8 10 9 9 11 8 10 10 11 10 8
Last Time Cost: 00000038 ms
Total Time Cost: 00000328 ms
Total Distance 354: 12 12 10 12 9 9 9 12 11 10 8 9 9 10 10 8 9 0 5 10 10 11 9 9 11 10 6 8 10 9 9 11 8 10 10 11 10 8
Last Time Cost: 00000020 ms
Total Time Cost: 00000348 ms
Total Distance 348: 12 12 9 12 9 9 9 12 10 10 8 9 9 10 10 8 9 0 4 10 10 11 9 9 11 10 6 8 9 9 9 10 8 10 9 11 10 8
Last Time Cost: 00000015 ms
Total Time Cost: 00000363 ms
Total Distance 345: 12 12 9 12 9 9 9 12 9 10 8 9 9 10 10 8 9 0 3 10 10 11 9 9 11 10 6 8 9 9 9 10 8 10 8 11 10 8
Last Time Cost: 00000014 ms
Total Time Cost: 00000377 ms
Total Distance 343: 12 12 9 12 9 9 9 12 9 10 7 9 9 10 10 8 9 0 2 10 10 11 9 9 11 10 6 8 9 9 9 10 8 10 8 11 10 8
Last Time Cost: 00000013 ms
Total Time Cost: 00000390 ms
Total Distance 342: 12 12 9 12 9 9 9 12 9 10 7 9 9 10 10 8 9 0 1 10 10 11 9 9 11 10 6 8 9 9 9 10 8 10 8 11 10 8
Last Time Cost: 00000017 ms
Total Time Cost: 00000407 ms
Total Distance 341: 12 12 9 12 9 9 9 12 9 10 7 9 9 10 10 8 9 0 0 10 10 11 9 9 11 10 6 8 9 9 9 10 8 10 8 11 10 8
Last Time Cost: 00000033 ms
Total Time Cost: 00000440 ms
Total Distance 335: 11 12 9 12 9 9 8 12 9 10 7 9 9 10 10 8 9 0 0 10 10 11 8 9 11 10 5 8 9 9 9 10 8 9 7 11 10 8
Last Time Cost: 00000030 ms
Total Time Cost: 00000470 ms
Total Distance 330: 10 12 9 12 9 9 8 12 9 10 7 9 9 10 9 8 9 0 0 9 10 11 8 9 11 10 4 8 9 9 9 10 7 9 7 11 10 8
Last Time Cost: 00000025 ms
Total Time Cost: 00000495 ms
Total Distance 327: 10 12 8 12 8 9 8 12 9 10 7 9 9 10 9 8 9 0 0 9 10 11 8 9 11 10 3 8 9 9 9 10 7 9 7 11 10 8
Last Time Cost: 00000026 ms
Total Time Cost: 00000521 ms
Total Distance 325: 10 12 8 12 8 9 8 12 9 10 7 9 9 10 9 8 9 0 0 9 10 11 7 9 11 10 2 8 9 9 9 10 7 9 7 11 10 8
Last Time Cost: 00000024 ms
Total Time Cost: 00000545 ms
Total Distance 323: 9 12 8 12 8 9 8 12 9 10 7 9 9 10 9 8 9 0 0 9 10 11 7 9 11 10 1 8 9 9 9 10 7 9 7 11 10 8
Last Time Cost: 00000026 ms
Total Time Cost: 00000571 ms
Total Distance 322: 9 12 8 12 8 9 8 12 9 10 7 9 9 10 9 8 9 0 0 9 10 11 7 9 11 10 0 8 9 9 9 10 7 9 7 11 10 8
Last Time Cost: 00000167 ms
Total Time Cost: 00000738 ms
Total Distance 313: 9 11 8 12 8 8 7 11 9 10 7 9 9 10 9 8 8 0 0 9 10 10 6 9 11 10 0 8 9 9 9 10 7 9 6 10 10 8
Last Time Cost: 00000068 ms
Total Time Cost: 00000806 ms
Total Distance 306: 9 11 8 12 8 8 7 10 9 10 7 9 9 10 9 8 8 0 0 9 9 9 6 9 11 10 0 8 8 9 8 10 7 9 5 10 9 8
Last Time Cost: 00000045 ms
Total Time Cost: 00000851 ms
Total Distance 301: 9 11 8 12 8 8 7 10 9 10 7 8 9 9 9 8 8 0 0 9 8 8 6 9 11 10 0 8 8 9 8 10 7 9 4 10 9 8
Last Time Cost: 00000044 ms
Total Time Cost: 00000895 ms
Total Distance 299: 9 11 8 12 8 8 6 10 9 10 7 8 9 9 9 8 8 0 0 9 8 8 6 9 11 10 0 8 8 9 8 10 7 9 3 10 9 8
Last Time Cost: 00000046 ms
Total Time Cost: 00000941 ms
Total Distance 297: 9 11 8 12 8 8 6 10 9 10 7 8 9 9 9 8 8 0 0 9 8 7 6 9 11 10 0 8 8 9 8 10 7 9 2 10 9 8
Last Time Cost: 00000046 ms
Total Time Cost: 00000987 ms
Total Distance 296: 9 11 8 12 8 8 6 10 9 10 7 8 9 9 9 8 8 0 0 9 8 7 6 9 11 10 0 8 8 9 8 10 7 9 1 10 9 8
Last Time Cost: 00000049 ms
Total Time Cost: 00001036 ms
Total Distance 295: 9 11 8 12 8 8 6 10 9 10 7 8 9 9 9 8 8 0 0 9 8 7 6 9 11 10 0 8 8 9 8 10 7 9 0 10 9 8
Last Time Cost: 00000131 ms
Total Time Cost: 00001167 ms
Total Distance 289: 9 11 8 12 8 8 6 10 9 10 7 8 8 9 9 7 8 0 0 9 7 7 5 8 11 10 0 8 7 9 8 10 7 9 0 10 9 8
Last Time Cost: 00000084 ms
Total Time Cost: 00001251 ms
Total Distance 285: 9 11 8 12 8 8 6 10 9 10 6 8 8 9 8 7 8 0 0 9 7 7 4 8 11 10 0 7 7 9 8 10 7 9 0 10 9 8
Last Time Cost: 00000071 ms
Total Time Cost: 00001322 ms
Total Distance 282: 9 10 8 12 8 8 5 10 9 10 6 8 8 9 8 7 8 0 0 9 7 7 3 8 11 10 0 7 7 9 8 10 7 9 0 10 9 8
Last Time Cost: 00000073 ms
Total Time Cost: 00001395 ms
Total Distance 280: 9 10 7 12 8 8 5 10 9 10 6 8 8 9 8 7 8 0 0 9 7 7 2 8 11 10 0 7 7 9 8 10 7 9 0 10 9 8
Last Time Cost: 00000069 ms
Total Time Cost: 00001464 ms
Total Distance 279: 9 10 7 12 8 8 5 10 9 10 6 8 8 9 8 7 8 0 0 9 7 7 1 8 11 10 0 7 7 9 8 10 7 9 0 10 9 8
Last Time Cost: 00000080 ms
Total Time Cost: 00001544 ms
Total Distance 278: 9 10 7 12 8 8 5 10 9 10 6 8 8 9 8 7 8 0 0 9 7 7 0 8 11 10 0 7 7 9 8 10 7 9 0 10 9 8
Last Time Cost: 00000099 ms
Total Time Cost: 00001643 ms
Total Distance 274: 9 10 7 11 8 8 4 10 9 10 6 8 8 9 7 7 8 0 0 9 7 7 0 8 11 10 0 7 7 9 8 10 7 9 0 9 9 8
Last Time Cost: 00000031 ms
Total Time Cost: 00001674 ms
Total Distance 271: 9 10 7 11 8 8 3 10 9 9 6 8 8 9 7 7 8 0 0 9 7 7 0 8 11 10 0 7 7 9 8 10 7 8 0 9 9 8
Last Time Cost: 00000022 ms
Total Time Cost: 00001696 ms
Total Distance 269: 9 10 7 11 8 8 2 10 9 9 6 8 8 9 6 7 8 0 0 9 7 7 0 8 11 10 0 7 7 9 8 10 7 8 0 9 9 8
Last Time Cost: 00000014 ms
Total Time Cost: 00001710 ms
Total Distance 268: 9 10 7 11 8 8 1 10 9 9 6 8 8 9 6 7 8 0 0 9 7 7 0 8 11 10 0 7 7 9 8 10 7 8 0 9 9 8
Last Time Cost: 00000012 ms
Total Time Cost: 00001722 ms
Total Distance 267: 9 10 7 11 8 8 0 10 9 9 6 8 8 9 6 7 8 0 0 9 7 7 0 8 11 10 0 7 7 9 8 10 7 8 0 9 9 8
Last Time Cost: 00000082 ms
Total Time Cost: 00001804 ms
Total Distance 262: 9 10 7 11 8 7 0 10 9 9 5 8 8 9 6 7 8 0 0 9 7 7 0 8 10 9 0 7 7 9 8 10 7 7 0 9 9 8
Last Time Cost: 00000031 ms
Total Time Cost: 00001835 ms
Total Distance 258: 9 9 7 11 8 7 0 10 9 9 4 8 8 9 6 7 8 0 0 9 7 7 0 8 10 9 0 7 7 8 8 10 6 7 0 9 9 8
Last Time Cost: 00000026 ms
Total Time Cost: 00001861 ms
Total Distance 256: 9 9 7 11 8 7 0 10 9 9 3 8 8 9 6 7 8 0 0 9 7 7 0 8 10 9 0 6 7 8 8 10 6 7 0 9 9 8
Last Time Cost: 00000021 ms
Total Time Cost: 00001882 ms
Total Distance 254: 9 9 7 11 8 7 0 10 9 9 2 8 8 9 6 7 8 0 0 9 7 7 0 8 10 9 0 6 7 8 8 10 6 6 0 9 9 8
Last Time Cost: 00000019 ms
Total Time Cost: 00001901 ms
Total Distance 253: 9 9 7 11 8 7 0 10 9 9 1 8 8 9 6 7 8 0 0 9 7 7 0 8 10 9 0 6 7 8 8 10 6 6 0 9 9 8
Last Time Cost: 00000016 ms
Total Time Cost: 00001917 ms
Total Distance 252: 9 9 7 11 8 7 0 10 9 9 0 8 8 9 6 7 8 0 0 9 7 7 0 8 10 9 0 6 7 8 8 10 6 6 0 9 9 8
Last Time Cost: 00000169 ms
Total Time Cost: 00002086 ms
Total Distance 244: 9 9 7 11 8 7 0 10 8 8 0 7 8 9 6 7 7 0 0 9 7 7 0 7 10 8 0 6 7 8 8 9 5 6 0 9 9 8
Last Time Cost: 00000078 ms
Total Time Cost: 00002164 ms
Total Distance 240: 8 9 7 11 8 7 0 10 8 8 0 7 8 9 6 7 7 0 0 9 7 7 0 7 10 8 0 6 6 8 8 9 4 6 0 9 8 8
Last Time Cost: 00000038 ms
Total Time Cost: 00002202 ms
Total Distance 236: 7 9 7 11 8 7 0 10 8 8 0 7 8 9 6 7 7 0 0 9 7 7 0 7 10 8 0 6 6 8 8 8 3 6 0 9 7 8
Last Time Cost: 00000029 ms
Total Time Cost: 00002231 ms
Total Distance 234: 6 9 7 11 8 7 0 10 8 8 0 7 8 9 6 7 7 0 0 9 7 7 0 7 10 8 0 6 6 8 8 8 2 6 0 9 7 8
Last Time Cost: 00000025 ms
Total Time Cost: 00002256 ms
Total Distance 233: 6 9 7 11 8 7 0 10 8 8 0 7 8 9 6 7 7 0 0 9 7 7 0 7 10 8 0 6 6 8 8 8 1 6 0 9 7 8
Last Time Cost: 00000023 ms
Total Time Cost: 00002279 ms
Total Distance 232: 6 9 7 11 8 7 0 10 8 8 0 7 8 9 6 7 7 0 0 9 7 7 0 7 10 8 0 6 6 8 8 8 0 6 0 9 7 8
Last Time Cost: 00000218 ms
Total Time Cost: 00002497 ms
Total Distance 228: 5 9 7 11 8 7 0 10 8 8 0 7 7 9 6 7 7 0 0 9 7 7 0 7 10 8 0 6 6 8 8 8 0 5 0 8 7 8
Last Time Cost: 00000075 ms
Total Time Cost: 00002572 ms
Total Distance 224: 4 9 7 11 8 7 0 10 8 8 0 7 7 9 6 7 7 0 0 9 7 7 0 7 9 8 0 6 6 8 8 7 0 5 0 7 7 8
Last Time Cost: 00000049 ms
Total Time Cost: 00002621 ms
Total Distance 221: 3 9 7 10 8 7 0 9 8 8 0 7 7 9 6 7 7 0 0 9 7 7 0 7 9 8 0 6 6 8 8 7 0 5 0 7 7 8
Last Time Cost: 00000031 ms
Total Time Cost: 00002652 ms
Total Distance 218: 2 9 7 10 8 7 0 9 8 8 0 7 7 9 6 7 7 0 0 8 7 7 0 7 9 8 0 6 6 8 8 7 0 5 0 6 7 8
Last Time Cost: 00000031 ms
Total Time Cost: 00002683 ms
Total Distance 216: 1 9 7 10 8 7 0 9 8 8 0 7 7 9 6 7 7 0 0 8 7 7 0 7 9 8 0 6 6 8 8 7 0 5 0 5 7 8
Last Time Cost: 00000034 ms
Total Time Cost: 00002717 ms
Total Distance 215: 0 9 7 10 8 7 0 9 8 8 0 7 7 9 6 7 7 0 0 8 7 7 0 7 9 8 0 6 6 8 8 7 0 5 0 5 7 8
Last Time Cost: 00000054 ms
Total Time Cost: 00002771 ms
Total Distance 212: 0 9 7 9 8 7 0 9 8 8 0 7 7 9 6 7 7 0 0 8 7 7 0 7 9 8 0 6 6 8 8 7 0 5 0 4 7 7
Last Time Cost: 00000014 ms
Total Time Cost: 00002785 ms
Total Distance 209: 0 9 7 9 8 7 0 8 8 8 0 7 7 8 6 7 7 0 0 8 7 7 0 7 9 8 0 6 6 8 8 7 0 5 0 3 7 7
Last Time Cost: 00000004 ms
Total Time Cost: 00002789 ms
Total Distance 208: 0 9 7 9 8 7 0 8 8 8 0 7 7 8 6 7 7 0 0 8 7 7 0 7 9 8 0 6 6 8 8 7 0 5 0 2 7 7
Last Time Cost: 00000003 ms
Total Time Cost: 00002792 ms
Total Distance 207: 0 9 7 9 8 7 0 8 8 8 0 7 7 8 6 7 7 0 0 8 7 7 0 7 9 8 0 6 6 8 8 7 0 5 0 1 7 7
Last Time Cost: 00000003 ms
Total Time Cost: 00002795 ms
Total Distance 206: 0 9 7 9 8 7 0 8 8 8 0 7 7 8 6 7 7 0 0 8 7 7 0 7 9 8 0 6 6 8 8 7 0 5 0 0 7 7
Last Time Cost: 00000008 ms
Total Time Cost: 00002803 ms
Total Distance 204: 0 9 7 9 8 7 0 8 8 8 0 7 7 8 6 7 6 0 0 8 7 7 0 7 9 8 0 6 6 8 8 7 0 4 0 0 7 7
Last Time Cost: 00000006 ms
Total Time Cost: 00002809 ms
Total Distance 203: 0 9 7 9 8 7 0 8 8 8 0 7 7 8 6 7 6 0 0 8 7 7 0 7 9 8 0 6 6 8 8 7 0 3 0 0 7 7
Last Time Cost: 00000005 ms
Total Time Cost: 00002814 ms
Total Distance 202: 0 9 7 9 8 7 0 8 8 8 0 7 7 8 6 7 6 0 0 8 7 7 0 7 9 8 0 6 6 8 8 7 0 2 0 0 7 7
Last Time Cost: 00000003 ms
Total Time Cost: 00002817 ms
Total Distance 201: 0 9 7 9 8 7 0 8 8 8 0 7 7 8 6 7 6 0 0 8 7 7 0 7 9 8 0 6 6 8 8 7 0 1 0 0 7 7
Last Time Cost: 00000004 ms
Total Time Cost: 00002821 ms
Total Distance 200: 0 9 7 9 8 7 0 8 8 8 0 7 7 8 6 7 6 0 0 8 7 7 0 7 9 8 0 6 6 8 8 7 0 0 0 0 7 7
Last Time Cost: 00000044 ms
Total Time Cost: 00002865 ms
Total Distance 195: 0 9 7 9 8 7 0 8 8 7 0 7 6 8 5 7 6 0 0 8 7 7 0 7 9 8 0 5 6 7 8 7 0 0 0 0 7 7
Last Time Cost: 00000022 ms
Total Time Cost: 00002887 ms
Total Distance 193: 0 9 7 9 8 7 0 8 8 7 0 7 5 8 5 7 6 0 0 8 7 7 0 7 9 8 0 4 6 7 8 7 0 0 0 0 7 7
Last Time Cost: 00000010 ms
Total Time Cost: 00002897 ms
Total Distance 191: 0 9 7 9 7 7 0 8 8 7 0 7 5 8 5 7 6 0 0 8 7 7 0 7 9 8 0 3 6 7 8 7 0 0 0 0 7 7
Last Time Cost: 00000006 ms
Total Time Cost: 00002903 ms
Total Distance 189: 0 9 7 9 7 7 0 8 8 7 0 7 5 8 5 7 6 0 0 8 7 7 0 7 9 7 0 2 6 7 8 7 0 0 0 0 7 7
Last Time Cost: 00000005 ms
Total Time Cost: 00002908 ms
Total Distance 188: 0 9 7 9 7 7 0 8 8 7 0 7 5 8 5 7 6 0 0 8 7 7 0 7 9 7 0 1 6 7 8 7 0 0 0 0 7 7
Last Time Cost: 00000004 ms
Total Time Cost: 00002912 ms
Total Distance 187: 0 9 7 9 7 7 0 8 8 7 0 7 5 8 5 7 6 0 0 8 7 7 0 7 9 7 0 0 6 7 8 7 0 0 0 0 7 7
Last Time Cost: 00000026 ms
Total Time Cost: 00002938 ms
Total Distance 184: 0 9 7 9 7 7 0 8 8 7 0 7 4 8 5 6 6 0 0 8 7 7 0 6 9 7 0 0 6 7 8 7 0 0 0 0 7 7
Last Time Cost: 00000010 ms
Total Time Cost: 00002948 ms
Total Distance 182: 0 9 7 9 7 7 0 8 8 6 0 7 3 8 5 6 6 0 0 8 7 7 0 6 9 7 0 0 6 7 8 7 0 0 0 0 7 7
Last Time Cost: 00000008 ms
Total Time Cost: 00002956 ms
Total Distance 181: 0 9 7 9 7 7 0 8 8 6 0 7 2 8 5 6 6 0 0 8 7 7 0 6 9 7 0 0 6 7 8 7 0 0 0 0 7 7
Last Time Cost: 00000006 ms
Total Time Cost: 00002962 ms
Total Distance 179: 0 9 7 9 7 7 0 8 8 6 0 7 1 8 5 6 6 0 0 7 7 7 0 6 9 7 0 0 6 7 8 7 0 0 0 0 7 7
Last Time Cost: 00000004 ms
Total Time Cost: 00002966 ms
Total Distance 178: 0 9 7 9 7 7 0 8 8 6 0 7 0 8 5 6 6 0 0 7 7 7 0 6 9 7 0 0 6 7 8 7 0 0 0 0 7 7
Last Time Cost: 00000022 ms
Total Time Cost: 00002988 ms
Total Distance 175: 0 9 7 9 7 6 0 8 8 6 0 7 0 8 4 6 6 0 0 7 7 7 0 6 8 7 0 0 6 7 8 7 0 0 0 0 7 7
Last Time Cost: 00000011 ms
Total Time Cost: 00002999 ms
Total Distance 173: 0 9 7 9 7 6 0 8 8 6 0 7 0 8 3 6 6 0 0 7 7 7 0 6 8 7 0 0 6 7 8 7 0 0 0 0 7 6
Last Time Cost: 00000009 ms
Total Time Cost: 00003008 ms
Total Distance 171: 0 9 7 9 7 6 0 8 7 6 0 7 0 8 2 6 6 0 0 7 7 7 0 6 8 7 0 0 6 7 8 7 0 0 0 0 7 6
Last Time Cost: 00000006 ms
Total Time Cost: 00003014 ms
Total Distance 170: 0 9 7 9 7 6 0 8 7 6 0 7 0 8 1 6 6 0 0 7 7 7 0 6 8 7 0 0 6 7 8 7 0 0 0 0 7 6
Last Time Cost: 00000005 ms
Total Time Cost: 00003019 ms
Total Distance 169: 0 9 7 9 7 6 0 8 7 6 0 7 0 8 0 6 6 0 0 7 7 7 0 6 8 7 0 0 6 7 8 7 0 0 0 0 7 6
Last Time Cost: 00000225 ms
Total Time Cost: 00003244 ms
Total Distance 166: 0 9 7 9 7 6 0 8 7 5 0 7 0 8 0 6 5 0 0 7 7 7 0 6 8 6 0 0 6 7 8 7 0 0 0 0 7 6
Last Time Cost: 00000032 ms
Total Time Cost: 00003276 ms
Total Distance 162: 0 8 7 9 7 6 0 8 6 4 0 7 0 8 0 6 4 0 0 7 7 7 0 6 8 6 0 0 6 7 8 7 0 0 0 0 7 6
Last Time Cost: 00000012 ms
Total Time Cost: 00003288 ms
Total Distance 159: 0 8 7 9 7 6 0 7 6 4 0 7 0 8 0 6 3 0 0 7 6 7 0 6 8 6 0 0 6 7 8 7 0 0 0 0 7 6
Last Time Cost: 00000008 ms
Total Time Cost: 00003296 ms
Total Distance 158: 0 8 7 9 7 6 0 7 6 4 0 7 0 8 0 6 2 0 0 7 6 7 0 6 8 6 0 0 6 7 8 7 0 0 0 0 7 6
Last Time Cost: 00000007 ms
Total Time Cost: 00003303 ms
Total Distance 157: 0 8 7 9 7 6 0 7 6 4 0 7 0 8 0 6 1 0 0 7 6 7 0 6 8 6 0 0 6 7 8 7 0 0 0 0 7 6
Last Time Cost: 00000006 ms
Total Time Cost: 00003309 ms
Total Distance 156: 0 8 7 9 7 6 0 7 6 4 0 7 0 8 0 6 0 0 0 7 6 7 0 6 8 6 0 0 6 7 8 7 0 0 0 0 7 6
Last Time Cost: 00000012 ms
Total Time Cost: 00003321 ms
Total Distance 154: 0 8 7 9 7 6 0 7 6 3 0 7 0 8 0 6 0 0 0 7 5 7 0 6 8 6 0 0 6 7 8 7 0 0 0 0 7 6
Last Time Cost: 00000008 ms
Total Time Cost: 00003329 ms
Total Distance 152: 0 7 7 9 7 6 0 7 6 2 0 7 0 8 0 6 0 0 0 7 5 7 0 6 8 6 0 0 6 7 8 7 0 0 0 0 7 6
Last Time Cost: 00000008 ms
Total Time Cost: 00003337 ms
Total Distance 151: 0 7 7 9 7 6 0 7 6 1 0 7 0 8 0 6 0 0 0 7 5 7 0 6 8 6 0 0 6 7 8 7 0 0 0 0 7 6
Last Time Cost: 00000006 ms
Total Time Cost: 00003343 ms
Total Distance 150: 0 7 7 9 7 6 0 7 6 0 0 7 0 8 0 6 0 0 0 7 5 7 0 6 8 6 0 0 6 7 8 7 0 0 0 0 7 6
Last Time Cost: 00000015 ms
Total Time Cost: 00003358 ms
Total Distance 146: 0 7 6 8 7 6 0 7 6 0 0 7 0 8 0 6 0 0 0 7 4 7 0 6 8 6 0 0 6 6 8 7 0 0 0 0 7 6
Last Time Cost: 00000010 ms
Total Time Cost: 00003368 ms
Total Distance 144: 0 7 6 8 7 6 0 7 6 0 0 7 0 8 0 6 0 0 0 7 3 7 0 6 8 6 0 0 6 5 8 7 0 0 0 0 7 6
Last Time Cost: 00000010 ms
Total Time Cost: 00003378 ms
Total Distance 143: 0 7 6 8 7 6 0 7 6 0 0 7 0 8 0 6 0 0 0 7 2 7 0 6 8 6 0 0 6 5 8 7 0 0 0 0 7 6
Last Time Cost: 00000008 ms
Total Time Cost: 00003386 ms
Total Distance 142: 0 7 6 8 7 6 0 7 6 0 0 7 0 8 0 6 0 0 0 7 1 7 0 6 8 6 0 0 6 5 8 7 0 0 0 0 7 6
Last Time Cost: 00000009 ms
Total Time Cost: 00003395 ms
Total Distance 141: 0 7 6 8 7 6 0 7 6 0 0 7 0 8 0 6 0 0 0 7 0 7 0 6 8 6 0 0 6 5 8 7 0 0 0 0 7 6
Last Time Cost: 00000013 ms
Total Time Cost: 00003408 ms
Total Distance 138: 0 7 6 8 7 6 0 6 6 0 0 7 0 8 0 6 0 0 0 7 0 6 0 6 8 6 0 0 6 4 8 7 0 0 0 0 7 6
Last Time Cost: 00000010 ms
Total Time Cost: 00003418 ms
Total Distance 136: 0 7 6 8 7 6 0 6 6 0 0 7 0 8 0 6 0 0 0 7 0 5 0 6 8 6 0 0 6 3 8 7 0 0 0 0 7 6
Last Time Cost: 00000010 ms
Total Time Cost: 00003428 ms
Total Distance 135: 0 7 6 8 7 6 0 6 6 0 0 7 0 8 0 6 0 0 0 7 0 5 0 6 8 6 0 0 6 2 8 7 0 0 0 0 7 6
Last Time Cost: 00000009 ms
Total Time Cost: 00003437 ms
Total Distance 134: 0 7 6 8 7 6 0 6 6 0 0 7 0 8 0 6 0 0 0 7 0 5 0 6 8 6 0 0 6 1 8 7 0 0 0 0 7 6
Last Time Cost: 00000011 ms
Total Time Cost: 00003448 ms
Total Distance 133: 0 7 6 8 7 6 0 6 6 0 0 7 0 8 0 6 0 0 0 7 0 5 0 6 8 6 0 0 6 0 8 7 0 0 0 0 7 6
Last Time Cost: 00000017 ms
Total Time Cost: 00003465 ms
Total Distance 131: 0 7 6 8 7 6 0 6 6 0 0 7 0 8 0 6 0 0 0 6 0 4 0 6 8 6 0 0 6 0 8 7 0 0 0 0 7 6
Last Time Cost: 00000012 ms
Total Time Cost: 00003477 ms
Total Distance 128: 0 7 6 8 7 6 0 6 6 0 0 7 0 7 0 6 0 0 0 6 0 3 0 6 8 6 0 0 5 0 8 7 0 0 0 0 7 6
Last Time Cost: 00000010 ms
Total Time Cost: 00003487 ms
Total Distance 125: 0 7 6 8 7 6 0 6 6 0 0 6 0 6 0 6 0 0 0 6 0 2 0 6 8 6 0 0 5 0 8 7 0 0 0 0 7 6
Last Time Cost: 00000012 ms
Total Time Cost: 00003499 ms
Total Distance 123: 0 7 6 8 7 6 0 6 6 0 0 6 0 5 0 6 0 0 0 6 0 1 0 6 8 6 0 0 5 0 8 7 0 0 0 0 7 6
Last Time Cost: 00000013 ms
Total Time Cost: 00003512 ms
Total Distance 122: 0 7 6 8 7 6 0 6 6 0 0 6 0 5 0 6 0 0 0 6 0 0 0 6 8 6 0 0 5 0 8 7 0 0 0 0 7 6
Last Time Cost: 00000020 ms
Total Time Cost: 00003532 ms
Total Distance 120: 0 7 6 8 7 6 0 6 6 0 0 6 0 4 0 6 0 0 0 6 0 0 0 6 8 6 0 0 5 0 7 7 0 0 0 0 7 6
Last Time Cost: 00000011 ms
Total Time Cost: 00003543 ms
Total Distance 119: 0 7 6 8 7 6 0 6 6 0 0 6 0 3 0 6 0 0 0 6 0 0 0 6 8 6 0 0 5 0 7 7 0 0 0 0 7 6
Last Time Cost: 00000013 ms
Total Time Cost: 00003556 ms
Total Distance 118: 0 7 6 8 7 6 0 6 6 0 0 6 0 2 0 6 0 0 0 6 0 0 0 6 8 6 0 0 5 0 7 7 0 0 0 0 7 6
Last Time Cost: 00000012 ms
Total Time Cost: 00003568 ms
Total Distance 117: 0 7 6 8 7 6 0 6 6 0 0 6 0 1 0 6 0 0 0 6 0 0 0 6 8 6 0 0 5 0 7 7 0 0 0 0 7 6
Last Time Cost: 00000013 ms
Total Time Cost: 00003581 ms
Total Distance 116: 0 7 6 8 7 6 0 6 6 0 0 6 0 0 0 6 0 0 0 6 0 0 0 6 8 6 0 0 5 0 7 7 0 0 0 0 7 6
Last Time Cost: 00000020 ms
Total Time Cost: 00003601 ms
Total Distance 114: 0 7 6 8 7 6 0 6 6 0 0 6 0 0 0 6 0 0 0 6 0 0 0 6 8 6 0 0 4 0 7 6 0 0 0 0 7 6
Last Time Cost: 00000013 ms
Total Time Cost: 00003614 ms
Total Distance 113: 0 7 6 8 7 6 0 6 6 0 0 6 0 0 0 6 0 0 0 6 0 0 0 6 8 6 0 0 3 0 7 6 0 0 0 0 7 6
Last Time Cost: 00000014 ms
Total Time Cost: 00003628 ms
Total Distance 111: 0 7 6 8 7 6 0 6 6 0 0 5 0 0 0 6 0 0 0 6 0 0 0 6 8 6 0 0 2 0 7 6 0 0 0 0 7 6
Last Time Cost: 00000015 ms
Total Time Cost: 00003643 ms
Total Distance 110: 0 7 6 8 7 6 0 6 6 0 0 5 0 0 0 6 0 0 0 6 0 0 0 6 8 6 0 0 1 0 7 6 0 0 0 0 7 6
Last Time Cost: 00000016 ms
Total Time Cost: 00003659 ms
Total Distance 109: 0 7 6 8 7 6 0 6 6 0 0 5 0 0 0 6 0 0 0 6 0 0 0 6 8 6 0 0 0 0 7 6 0 0 0 0 7 6
Last Time Cost: 00000020 ms
Total Time Cost: 00003679 ms
Total Distance 107: 0 7 6 8 7 6 0 6 5 0 0 4 0 0 0 6 0 0 0 6 0 0 0 6 8 6 0 0 0 0 7 6 0 0 0 0 7 6
Last Time Cost: 00000016 ms
Total Time Cost: 00003695 ms
Total Distance 105: 0 7 6 7 7 6 0 6 5 0 0 3 0 0 0 6 0 0 0 6 0 0 0 6 8 6 0 0 0 0 7 6 0 0 0 0 7 6
Last Time Cost: 00000016 ms
Total Time Cost: 00003711 ms
Total Distance 104: 0 7 6 7 7 6 0 6 5 0 0 2 0 0 0 6 0 0 0 6 0 0 0 6 8 6 0 0 0 0 7 6 0 0 0 0 7 6
Last Time Cost: 00000018 ms
Total Time Cost: 00003729 ms
Total Distance 102: 0 7 6 7 7 6 0 6 5 0 0 1 0 0 0 6 0 0 0 6 0 0 0 6 7 6 0 0 0 0 7 6 0 0 0 0 7 6
Last Time Cost: 00000006 ms
Total Time Cost: 00003735 ms
Total Distance 101: 0 7 6 7 7 6 0 6 5 0 0 0 0 0 0 6 0 0 0 6 0 0 0 6 7 6 0 0 0 0 7 6 0 0 0 0 7 6
Last Time Cost: 00000005 ms
Total Time Cost: 00003740 ms
Total Distance 99: 0 7 6 7 7 6 0 6 4 0 0 0 0 0 0 5 0 0 0 6 0 0 0 6 7 6 0 0 0 0 7 6 0 0 0 0 7 6
Last Time Cost: 00000002 ms
Total Time Cost: 00003742 ms
Total Distance 98: 0 7 6 7 7 6 0 6 3 0 0 0 0 0 0 5 0 0 0 6 0 0 0 6 7 6 0 0 0 0 7 6 0 0 0 0 7 6
Last Time Cost: 00000001 ms
Total Time Cost: 00003743 ms
Total Distance 96: 0 7 6 7 7 6 0 6 2 0 0 0 0 0 0 5 0 0 0 6 0 0 0 5 7 6 0 0 0 0 7 6 0 0 0 0 7 6
Last Time Cost: 00000001 ms
Total Time Cost: 00003744 ms
Total Distance 95: 0 7 6 7 7 6 0 6 1 0 0 0 0 0 0 5 0 0 0 6 0 0 0 5 7 6 0 0 0 0 7 6 0 0 0 0 7 6
Last Time Cost: 00000001 ms
Total Time Cost: 00003745 ms
Total Distance 94: 0 7 6 7 7 6 0 6 0 0 0 0 0 0 0 5 0 0 0 6 0 0 0 5 7 6 0 0 0 0 7 6 0 0 0 0 7 6
Last Time Cost: 00000012 ms
Total Time Cost: 00003757 ms
Total Distance 92: 0 7 6 7 7 5 0 6 0 0 0 0 0 0 0 4 0 0 0 6 0 0 0 5 7 6 0 0 0 0 7 6 0 0 0 0 7 6
Last Time Cost: 00000002 ms
Total Time Cost: 00003759 ms
Total Distance 90: 0 7 6 6 7 5 0 6 0 0 0 0 0 0 0 3 0 0 0 6 0 0 0 5 7 6 0 0 0 0 7 6 0 0 0 0 7 6
Last Time Cost: 00000001 ms
Total Time Cost: 00003760 ms
Total Distance 89: 0 7 6 6 7 5 0 6 0 0 0 0 0 0 0 2 0 0 0 6 0 0 0 5 7 6 0 0 0 0 7 6 0 0 0 0 7 6
Last Time Cost: 00000001 ms
Total Time Cost: 00003761 ms
Total Distance 88: 0 7 6 6 7 5 0 6 0 0 0 0 0 0 0 1 0 0 0 6 0 0 0 5 7 6 0 0 0 0 7 6 0 0 0 0 7 6
Last Time Cost: 00000001 ms
Total Time Cost: 00003762 ms
Total Distance 86: 0 6 6 6 7 5 0 6 0 0 0 0 0 0 0 0 0 0 0 6 0 0 0 5 7 6 0 0 0 0 7 6 0 0 0 0 7 6
Last Time Cost: 00000010 ms
Total Time Cost: 00003772 ms
Total Distance 84: 0 6 5 6 7 4 0 6 0 0 0 0 0 0 0 0 0 0 0 6 0 0 0 5 7 6 0 0 0 0 7 6 0 0 0 0 7 6
Last Time Cost: 00000001 ms
Total Time Cost: 00003773 ms
Total Distance 83: 0 6 5 6 7 3 0 6 0 0 0 0 0 0 0 0 0 0 0 6 0 0 0 5 7 6 0 0 0 0 7 6 0 0 0 0 7 6
Last Time Cost: 00000001 ms
Total Time Cost: 00003774 ms
Total Distance 82: 0 6 5 6 7 2 0 6 0 0 0 0 0 0 0 0 0 0 0 6 0 0 0 5 7 6 0 0 0 0 7 6 0 0 0 0 7 6
Last Time Cost: 00000001 ms
Total Time Cost: 00003775 ms
Total Distance 81: 0 6 5 6 7 1 0 6 0 0 0 0 0 0 0 0 0 0 0 6 0 0 0 5 7 6 0 0 0 0 7 6 0 0 0 0 7 6
Last Time Cost: 00000001 ms
Total Time Cost: 00003776 ms
Total Distance 80: 0 6 5 6 7 0 0 6 0 0 0 0 0 0 0 0 0 0 0 6 0 0 0 5 7 6 0 0 0 0 7 6 0 0 0 0 7 6
Last Time Cost: 00000013 ms
Total Time Cost: 00003789 ms
Total Distance 78: 0 6 5 6 7 0 0 6 0 0 0 0 0 0 0 0 0 0 0 5 0 0 0 4 7 6 0 0 0 0 7 6 0 0 0 0 7 6
Last Time Cost: 00000002 ms
Total Time Cost: 00003791 ms
Total Distance 77: 0 6 5 6 7 0 0 6 0 0 0 0 0 0 0 0 0 0 0 5 0 0 0 3 7 6 0 0 0 0 7 6 0 0 0 0 7 6
Last Time Cost: 00000002 ms
Total Time Cost: 00003793 ms
Total Distance 76: 0 6 5 6 7 0 0 6 0 0 0 0 0 0 0 0 0 0 0 5 0 0 0 2 7 6 0 0 0 0 7 6 0 0 0 0 7 6
Last Time Cost: 00000001 ms
Total Time Cost: 00003794 ms
Total Distance 74: 0 6 5 6 7 0 0 6 0 0 0 0 0 0 0 0 0 0 0 5 0 0 0 1 7 6 0 0 0 0 6 6 0 0 0 0 7 6
Last Time Cost: 00000001 ms
Total Time Cost: 00003795 ms
Total Distance 73: 0 6 5 6 7 0 0 6 0 0 0 0 0 0 0 0 0 0 0 5 0 0 0 0 7 6 0 0 0 0 6 6 0 0 0 0 7 6
Last Time Cost: 00000011 ms
Total Time Cost: 00003806 ms
Total Distance 71: 0 6 5 6 7 0 0 6 0 0 0 0 0 0 0 0 0 0 0 4 0 0 0 0 6 6 0 0 0 0 6 6 0 0 0 0 7 6
Last Time Cost: 00000001 ms
Total Time Cost: 00003807 ms
Total Distance 70: 0 6 5 6 7 0 0 6 0 0 0 0 0 0 0 0 0 0 0 3 0 0 0 0 6 6 0 0 0 0 6 6 0 0 0 0 7 6
Last Time Cost: 00000001 ms
Total Time Cost: 00003808 ms
Total Distance 69: 0 6 5 6 7 0 0 6 0 0 0 0 0 0 0 0 0 0 0 2 0 0 0 0 6 6 0 0 0 0 6 6 0 0 0 0 7 6
Last Time Cost: 00000001 ms
Total Time Cost: 00003809 ms
Total Distance 68: 0 6 5 6 7 0 0 6 0 0 0 0 0 0 0 0 0 0 0 1 0 0 0 0 6 6 0 0 0 0 6 6 0 0 0 0 7 6
Last Time Cost: 00000001 ms
Total Time Cost: 00003810 ms
Total Distance 67: 0 6 5 6 7 0 0 6 0 0 0 0 0 0 0 0 0 0 0 0 0 0 0 0 6 6 0 0 0 0 6 6 0 0 0 0 7 6
Last Time Cost: 00000006 ms
Total Time Cost: 00003816 ms
Total Distance 65: 0 6 4 6 6 0 0 6 0 0 0 0 0 0 0 0 0 0 0 0 0 0 0 0 6 6 0 0 0 0 6 6 0 0 0 0 7 6
Last Time Cost: 00000002 ms
Total Time Cost: 00003818 ms
Total Distance 64: 0 6 3 6 6 0 0 6 0 0 0 0 0 0 0 0 0 0 0 0 0 0 0 0 6 6 0 0 0 0 6 6 0 0 0 0 7 6
Last Time Cost: 00000001 ms
Total Time Cost: 00003819 ms
Total Distance 63: 0 6 2 6 6 0 0 6 0 0 0 0 0 0 0 0 0 0 0 0 0 0 0 0 6 6 0 0 0 0 6 6 0 0 0 0 7 6
Last Time Cost: 00000002 ms
Total Time Cost: 00003821 ms
Total Distance 62: 0 6 1 6 6 0 0 6 0 0 0 0 0 0 0 0 0 0 0 0 0 0 0 0 6 6 0 0 0 0 6 6 0 0 0 0 7 6
Last Time Cost: 00000002 ms
Total Time Cost: 00003823 ms
Total Distance 61: 0 6 0 6 6 0 0 6 0 0 0 0 0 0 0 0 0 0 0 0 0 0 0 0 6 6 0 0 0 0 6 6 0 0 0 0 7 6
Last Time Cost: 00000169 ms
Total Time Cost: 00003992 ms
Total Distance 58: 0 5 0 6 6 0 0 5 0 0 0 0 0 0 0 0 0 0 0 0 0 0 0 0 6 6 0 0 0 0 6 6 0 0 0 0 6 6
Last Time Cost: 00000013 ms
Total Time Cost: 00004005 ms
Total Distance 56: 0 5 0 6 6 0 0 4 0 0 0 0 0 0 0 0 0 0 0 0 0 0 0 0 6 6 0 0 0 0 6 6 0 0 0 0 5 6
Last Time Cost: 00000002 ms
Total Time Cost: 00004007 ms
Total Distance 55: 0 5 0 6 6 0 0 3 0 0 0 0 0 0 0 0 0 0 0 0 0 0 0 0 6 6 0 0 0 0 6 6 0 0 0 0 5 6
Last Time Cost: 00000001 ms
Total Time Cost: 00004008 ms
Total Distance 54: 0 5 0 6 6 0 0 2 0 0 0 0 0 0 0 0 0 0 0 0 0 0 0 0 6 6 0 0 0 0 6 6 0 0 0 0 5 6
Last Time Cost: 00000001 ms
Total Time Cost: 00004009 ms
Total Distance 52: 0 5 0 6 6 0 0 1 0 0 0 0 0 0 0 0 0 0 0 0 0 0 0 0 6 5 0 0 0 0 6 6 0 0 0 0 5 6
Last Time Cost: 00000001 ms
Total Time Cost: 00004010 ms
Total Distance 51: 0 5 0 6 6 0 0 0 0 0 0 0 0 0 0 0 0 0 0 0 0 0 0 0 6 5 0 0 0 0 6 6 0 0 0 0 5 6
Last Time Cost: 00000021 ms
Total Time Cost: 00004031 ms
Total Distance 49: 0 5 0 6 5 0 0 0 0 0 0 0 0 0 0 0 0 0 0 0 0 0 0 0 6 5 0 0 0 0 6 6 0 0 0 0 4 6
Last Time Cost: 00000002 ms
Total Time Cost: 00004033 ms
Total Distance 48: 0 5 0 6 5 0 0 0 0 0 0 0 0 0 0 0 0 0 0 0 0 0 0 0 6 5 0 0 0 0 6 6 0 0 0 0 3 6
Last Time Cost: 00000001 ms
Total Time Cost: 00004034 ms
Total Distance 47: 0 5 0 6 5 0 0 0 0 0 0 0 0 0 0 0 0 0 0 0 0 0 0 0 6 5 0 0 0 0 6 6 0 0 0 0 2 6
Last Time Cost: 00000001 ms
Total Time Cost: 00004035 ms
Total Distance 46: 0 5 0 6 5 0 0 0 0 0 0 0 0 0 0 0 0 0 0 0 0 0 0 0 6 5 0 0 0 0 6 6 0 0 0 0 1 6
Last Time Cost: 00000001 ms
Total Time Cost: 00004036 ms
Total Distance 45: 0 5 0 6 5 0 0 0 0 0 0 0 0 0 0 0 0 0 0 0 0 0 0 0 6 5 0 0 0 0 6 6 0 0 0 0 0 6
Last Time Cost: 00000024 ms
Total Time Cost: 00004060 ms
Total Distance 44: 0 5 0 6 5 0 0 0 0 0 0 0 0 0 0 0 0 0 0 0 0 0 0 0 6 4 0 0 0 0 6 6 0 0 0 0 0 6
Last Time Cost: 00000001 ms
Total Time Cost: 00004061 ms
Total Distance 43: 0 5 0 6 5 0 0 0 0 0 0 0 0 0 0 0 0 0 0 0 0 0 0 0 6 3 0 0 0 0 6 6 0 0 0 0 0 6
Last Time Cost: 00000001 ms
Total Time Cost: 00004062 ms
Total Distance 42: 0 5 0 6 5 0 0 0 0 0 0 0 0 0 0 0 0 0 0 0 0 0 0 0 6 2 0 0 0 0 6 6 0 0 0 0 0 6
Last Time Cost: 00000001 ms
Total Time Cost: 00004063 ms
Total Distance 41: 0 5 0 6 5 0 0 0 0 0 0 0 0 0 0 0 0 0 0 0 0 0 0 0 6 1 0 0 0 0 6 6 0 0 0 0 0 6
Last Time Cost: 00000001 ms
Total Time Cost: 00004064 ms
Total Distance 40: 0 5 0 6 5 0 0 0 0 0 0 0 0 0 0 0 0 0 0 0 0 0 0 0 6 0 0 0 0 0 6 6 0 0 0 0 0 6
Last Time Cost: 00000018 ms
Total Time Cost: 00004082 ms
Total Distance 39: 0 5 0 6 4 0 0 0 0 0 0 0 0 0 0 0 0 0 0 0 0 0 0 0 6 0 0 0 0 0 6 6 0 0 0 0 0 6
Last Time Cost: 00000001 ms
Total Time Cost: 00004083 ms
Total Distance 38: 0 5 0 6 3 0 0 0 0 0 0 0 0 0 0 0 0 0 0 0 0 0 0 0 6 0 0 0 0 0 6 6 0 0 0 0 0 6
Last Time Cost: 00000002 ms
Total Time Cost: 00004085 ms
Total Distance 37: 0 5 0 6 2 0 0 0 0 0 0 0 0 0 0 0 0 0 0 0 0 0 0 0 6 0 0 0 0 0 6 6 0 0 0 0 0 6
Last Time Cost: 00000001 ms
Total Time Cost: 00004086 ms
Total Distance 36: 0 5 0 6 1 0 0 0 0 0 0 0 0 0 0 0 0 0 0 0 0 0 0 0 6 0 0 0 0 0 6 6 0 0 0 0 0 6
Last Time Cost: 00000001 ms
Total Time Cost: 00004087 ms
Total Distance 35: 0 5 0 6 0 0 0 0 0 0 0 0 0 0 0 0 0 0 0 0 0 0 0 0 6 0 0 0 0 0 6 6 0 0 0 0 0 6
Last Time Cost: 00000012 ms
Total Time Cost: 00004099 ms
Total Distance 33: 0 4 0 5 0 0 0 0 0 0 0 0 0 0 0 0 0 0 0 0 0 0 0 0 6 0 0 0 0 0 6 6 0 0 0 0 0 6
Last Time Cost: 00000001 ms
Total Time Cost: 00004100 ms
Total Distance 32: 0 3 0 5 0 0 0 0 0 0 0 0 0 0 0 0 0 0 0 0 0 0 0 0 6 0 0 0 0 0 6 6 0 0 0 0 0 6
Last Time Cost: 00000001 ms
Total Time Cost: 00004101 ms
Total Distance 31: 0 2 0 5 0 0 0 0 0 0 0 0 0 0 0 0 0 0 0 0 0 0 0 0 6 0 0 0 0 0 6 6 0 0 0 0 0 6
Last Time Cost: 00000001 ms
Total Time Cost: 00004102 ms
Total Distance 30: 0 1 0 5 0 0 0 0 0 0 0 0 0 0 0 0 0 0 0 0 0 0 0 0 6 0 0 0 0 0 6 6 0 0 0 0 0 6
Last Time Cost: 00000001 ms
Total Time Cost: 00004103 ms
Total Distance 29: 0 0 0 5 0 0 0 0 0 0 0 0 0 0 0 0 0 0 0 0 0 0 0 0 6 0 0 0 0 0 6 6 0 0 0 0 0 6
Last Time Cost: 00000012 ms
Total Time Cost: 00004115 ms
Total Distance 28: 0 0 0 4 0 0 0 0 0 0 0 0 0 0 0 0 0 0 0 0 0 0 0 0 6 0 0 0 0 0 6 6 0 0 0 0 0 6
Last Time Cost: 00000001 ms
Total Time Cost: 00004116 ms
Total Distance 27: 0 0 0 3 0 0 0 0 0 0 0 0 0 0 0 0 0 0 0 0 0 0 0 0 6 0 0 0 0 0 6 6 0 0 0 0 0 6
Last Time Cost: 00000001 ms
Total Time Cost: 00004117 ms
Total Distance 26: 0 0 0 2 0 0 0 0 0 0 0 0 0 0 0 0 0 0 0 0 0 0 0 0 6 0 0 0 0 0 6 6 0 0 0 0 0 6
Last Time Cost: 00000001 ms
Total Time Cost: 00004118 ms
Total Distance 24: 0 0 0 1 0 0 0 0 0 0 0 0 0 0 0 0 0 0 0 0 0 0 0 0 6 0 0 0 0 0 6 6 0 0 0 0 0 5
Last Time Cost: 00000001 ms
Total Time Cost: 00004119 ms
Total Distance 23: 0 0 0 0 0 0 0 0 0 0 0 0 0 0 0 0 0 0 0 0 0 0 0 0 6 0 0 0 0 0 6 6 0 0 0 0 0 5
Last Time Cost: 00000013 ms
Total Time Cost: 00004132 ms
Total Distance 22: 0 0 0 0 0 0 0 0 0 0 0 0 0 0 0 0 0 0 0 0 0 0 0 0 6 0 0 0 0 0 6 6 0 0 0 0 0 4
Last Time Cost: 00000001 ms
Total Time Cost: 00004133 ms
Total Distance 21: 0 0 0 0 0 0 0 0 0 0 0 0 0 0 0 0 0 0 0 0 0 0 0 0 6 0 0 0 0 0 6 6 0 0 0 0 0 3
Last Time Cost: 00000001 ms
Total Time Cost: 00004134 ms
Total Distance 20: 0 0 0 0 0 0 0 0 0 0 0 0 0 0 0 0 0 0 0 0 0 0 0 0 6 0 0 0 0 0 6 6 0 0 0 0 0 2
Last Time Cost: 00000001 ms
Total Time Cost: 00004135 ms
Total Distance 19: 0 0 0 0 0 0 0 0 0 0 0 0 0 0 0 0 0 0 0 0 0 0 0 0 6 0 0 0 0 0 6 6 0 0 0 0 0 1
Last Time Cost: 00000002 ms
Total Time Cost: 00004137 ms
Total Distance 18: 0 0 0 0 0 0 0 0 0 0 0 0 0 0 0 0 0 0 0 0 0 0 0 0 6 0 0 0 0 0 6 6 0 0 0 0 0 0
Last Time Cost: 00000169 ms
Total Time Cost: 00004306 ms
Total Distance 16: 0 0 0 0 0 0 0 0 0 0 0 0 0 0 0 0 0 0 0 0 0 0 0 0 6 0 0 0 0 0 5 5 0 0 0 0 0 0
Last Time Cost: 00000027 ms
Total Time Cost: 00004333 ms
Total Distance 15: 0 0 0 0 0 0 0 0 0 0 0 0 0 0 0 0 0 0 0 0 0 0 0 0 6 0 0 0 0 0 4 5 0 0 0 0 0 0
Last Time Cost: 00000002 ms
Total Time Cost: 00004335 ms
Total Distance 14: 0 0 0 0 0 0 0 0 0 0 0 0 0 0 0 0 0 0 0 0 0 0 0 0 6 0 0 0 0 0 3 5 0 0 0 0 0 0
Last Time Cost: 00000002 ms
Total Time Cost: 00004337 ms
Total Distance 13: 0 0 0 0 0 0 0 0 0 0 0 0 0 0 0 0 0 0 0 0 0 0 0 0 6 0 0 0 0 0 2 5 0 0 0 0 0 0
Last Time Cost: 00000002 ms
Total Time Cost: 00004339 ms
Total Distance 12: 0 0 0 0 0 0 0 0 0 0 0 0 0 0 0 0 0 0 0 0 0 0 0 0 6 0 0 0 0 0 1 5 0 0 0 0 0 0
Last Time Cost: 00000002 ms
Total Time Cost: 00004341 ms
Total Distance 11: 0 0 0 0 0 0 0 0 0 0 0 0 0 0 0 0 0 0 0 0 0 0 0 0 6 0 0 0 0 0 0 5 0 0 0 0 0 0
Last Time Cost: 00000016 ms
Total Time Cost: 00004357 ms
Total Distance 10: 0 0 0 0 0 0 0 0 0 0 0 0 0 0 0 0 0 0 0 0 0 0 0 0 6 0 0 0 0 0 0 4 0 0 0 0 0 0
Last Time Cost: 00000001 ms
Total Time Cost: 00004358 ms
Total Distance 9: 0 0 0 0 0 0 0 0 0 0 0 0 0 0 0 0 0 0 0 0 0 0 0 0 6 0 0 0 0 0 0 3 0 0 0 0 0 0
Last Time Cost: 00000001 ms
Total Time Cost: 00004359 ms
Total Distance 8: 0 0 0 0 0 0 0 0 0 0 0 0 0 0 0 0 0 0 0 0 0 0 0 0 6 0 0 0 0 0 0 2 0 0 0 0 0 0
Last Time Cost: 00000001 ms
Total Time Cost: 00004360 ms
Total Distance 7: 0 0 0 0 0 0 0 0 0 0 0 0 0 0 0 0 0 0 0 0 0 0 0 0 6 0 0 0 0 0 0 1 0 0 0 0 0 0
Last Time Cost: 00000001 ms
Total Time Cost: 00004361 ms
Total Distance 6: 0 0 0 0 0 0 0 0 0 0 0 0 0 0 0 0 0 0 0 0 0 0 0 0 6 0 0 0 0 0 0 0 0 0 0 0 0 0
Last Time Cost: 00000073 ms
Total Time Cost: 00004434 ms
Total Distance 5: 0 0 0 0 0 0 0 0 0 0 0 0 0 0 0 0 0 0 0 0 0 0 0 0 5 0 0 0 0 0 0 0 0 0 0 0 0 0
Last Time Cost: 00000015 ms
Total Time Cost: 00004449 ms
Total Distance 4: 0 0 0 0 0 0 0 0 0 0 0 0 0 0 0 0 0 0 0 0 0 0 0 0 4 0 0 0 0 0 0 0 0 0 0 0 0 0
Last Time Cost: 00000001 ms
Total Time Cost: 00004450 ms
Total Distance 3: 0 0 0 0 0 0 0 0 0 0 0 0 0 0 0 0 0 0 0 0 0 0 0 0 3 0 0 0 0 0 0 0 0 0 0 0 0 0
Last Time Cost: 00000001 ms
Total Time Cost: 00004451 ms
Total Distance 2: 0 0 0 0 0 0 0 0 0 0 0 0 0 0 0 0 0 0 0 0 0 0 0 0 2 0 0 0 0 0 0 0 0 0 0 0 0 0
Last Time Cost: 00000000 ms
Total Time Cost: 00004451 ms
Total Distance 1: 0 0 0 0 0 0 0 0 0 0 0 0 0 0 0 0 0 0 0 0 0 0 0 0 1 0 0 0 0 0 0 0 0 0 0 0 0 0
Last Time Cost: 00000000 ms
Total Time Cost: 00004451 ms
Total Distance 0: 0 0 0 0 0 0 0 0 0 0 0 0 0 0 0 0 0 0 0 0 0 0 0 0 0 0 0 0 0 0 0 0 0 0 0 0 0 0
