Last Time Cost: 00000000 ms
Total Time Cost: 00000000 ms
Total Distance 570: 16 16 16 16 16 16 16 16 16 14 14 14 14 14 14 14 14 14 15 15 15 15 15 15 15 15 15 15 15 15 15 15 15 15 15 15 15 15
Last Time Cost: 00007866 ms
Total Time Cost: 00007866 ms
Total Distance 556: 15 15 16 16 15 15 15 15 15 14 14 14 14 13 14 14 14 14 15 14 15 14 14 15 15 15 14 15 15 15 15 15 15 15 14 15 14 15
Last Time Cost: 00001303 ms
Total Time Cost: 00009169 ms
Total Distance 545: 15 15 16 16 15 15 14 14 15 14 13 14 14 12 13 14 14 13 15 14 15 14 14 15 15 14 14 14 15 15 14 15 15 15 13 15 14 14
Last Time Cost: 00001088 ms
Total Time Cost: 00010257 ms
Total Distance 535: 14 15 16 16 14 15 14 13 14 14 13 14 14 11 13 14 14 13 15 13 15 13 13 15 15 14 14 14 15 15 14 15 15 15 12 15 13 14
Last Time Cost: 00000992 ms
Total Time Cost: 00011249 ms
Total Distance 526: 14 15 16 16 14 15 14 13 14 14 12 13 14 10 13 14 14 12 15 13 15 13 12 14 15 14 14 14 14 15 14 15 15 14 12 15 13 13
Last Time Cost: 00000835 ms
Total Time Cost: 00012084 ms
Total Distance 517: 14 15 16 15 14 15 14 12 14 14 12 13 13 9 13 14 14 12 15 13 15 12 12 13 15 14 14 14 14 14 13 15 15 13 12 15 13 13
Last Time Cost: 00000765 ms
Total Time Cost: 00012849 ms
Total Distance 509: 14 15 15 15 14 15 14 12 14 14 12 13 13 8 13 14 14 11 15 13 15 12 11 13 15 14 13 14 14 14 12 15 15 12 12 15 12 13
Last Time Cost: 00000670 ms
Total Time Cost: 00013519 ms
Total Distance 502: 14 15 15 14 14 15 14 12 14 14 12 13 12 7 13 14 14 11 15 13 15 12 11 12 15 14 13 14 14 13 11 15 15 11 12 15 12 13
Last Time Cost: 00000562 ms
Total Time Cost: 00014081 ms
Total Distance 495: 14 15 15 14 14 15 14 12 14 13 12 13 12 6 13 14 14 11 15 13 14 12 11 11 15 13 13 14 14 13 11 15 15 10 12 15 12 12
Last Time Cost: 00000463 ms
Total Time Cost: 00014544 ms
Total Distance 489: 13 15 15 14 14 15 14 11 13 13 12 13 12 5 13 14 14 11 15 13 14 12 11 11 15 13 13 14 14 13 11 14 15 10 12 15 11 12
Last Time Cost: 00000368 ms
Total Time Cost: 00014912 ms
Total Distance 485: 13 15 15 14 14 15 14 11 13 13 12 13 12 4 13 14 14 10 15 13 14 12 10 11 15 13 13 14 14 13 11 14 15 9 12 15 11 12
Last Time Cost: 00000303 ms
Total Time Cost: 00015215 ms
Total Distance 482: 13 15 15 14 14 15 14 11 13 13 12 13 12 3 13 14 14 10 15 13 14 12 10 10 15 13 13 14 14 13 11 14 15 8 12 15 11 12
Last Time Cost: 00000232 ms
Total Time Cost: 00015447 ms
Total Distance 480: 13 15 15 14 14 15 14 11 13 13 12 13 12 2 13 14 14 10 15 13 14 12 10 10 15 13 13 14 14 13 11 14 15 7 12 15 11 12
Last Time Cost: 00000159 ms
Total Time Cost: 00015606 ms
Total Distance 478: 13 15 15 14 14 15 14 10 13 13 12 13 12 1 13 14 14 10 15 13 14 12 10 10 15 13 13 14 14 13 11 14 15 7 12 15 11 12
Last Time Cost: 00000097 ms
Total Time Cost: 00015703 ms
Total Distance 477: 13 15 15 14 14 15 14 10 13 13 12 13 12 0 13 14 14 10 15 13 14 12 10 10 15 13 13 14 14 13 11 14 15 7 12 15 11 12
Last Time Cost: 00001389 ms
Total Time Cost: 00017092 ms
Total Distance 466: 12 14 14 14 13 15 14 10 12 13 12 13 12 0 13 13 14 10 14 13 14 12 10 9 15 13 13 14 14 12 11 14 15 6 12 15 11 11
Last Time Cost: 00000889 ms
Total Time Cost: 00017981 ms
Total Distance 458: 12 13 13 14 12 15 14 10 11 13 12 13 12 0 13 13 14 10 13 13 14 12 10 9 15 13 13 14 14 11 11 14 15 5 12 15 11 10
Last Time Cost: 00000724 ms
Total Time Cost: 00018705 ms
Total Distance 451: 12 13 13 13 12 14 14 10 11 12 12 13 12 0 13 13 14 9 13 13 14 12 10 9 15 13 12 13 14 11 11 14 15 4 12 15 11 10
Last Time Cost: 00000498 ms
Total Time Cost: 00019203 ms
Total Distance 447: 12 13 12 13 12 14 14 10 10 12 12 13 12 0 13 13 14 9 13 13 14 12 10 9 15 13 12 13 14 10 11 14 15 3 12 15 11 10
Last Time Cost: 00000376 ms
Total Time Cost: 00019579 ms
Total Distance 444: 12 13 11 13 12 14 14 10 10 12 12 13 12 0 13 13 14 9 13 13 14 12 10 8 15 13 12 13 14 10 11 14 15 2 12 15 11 10
Last Time Cost: 00000270 ms
Total Time Cost: 00019849 ms
Total Distance 442: 12 13 11 13 12 13 14 10 10 12 12 13 12 0 13 13 14 9 13 13 14 12 10 8 15 13 12 13 14 10 11 14 15 1 12 15 11 10
Last Time Cost: 00000188 ms
Total Time Cost: 00020037 ms
Total Distance 441: 12 13 11 13 12 13 14 10 10 12 12 13 12 0 13 13 14 9 13 13 14 12 10 8 15 13 12 13 14 10 11 14 15 0 12 15 11 10
Last Time Cost: 00002510 ms
Total Time Cost: 00022547 ms
Total Distance 433: 11 13 11 13 12 13 14 10 10 12 12 12 12 0 13 13 14 9 13 13 13 12 10 7 15 13 12 12 13 9 10 14 15 0 12 15 11 10
Last Time Cost: 00002132 ms
Total Time Cost: 00024679 ms
Total Distance 426: 11 13 11 13 12 13 14 9 10 12 11 12 12 0 13 13 14 9 13 13 12 11 10 6 14 12 12 12 13 9 10 14 15 0 12 15 11 10
Last Time Cost: 00001463 ms
Total Time Cost: 00026142 ms
Total Distance 421: 11 13 11 13 12 13 14 9 10 12 11 12 12 0 12 13 14 9 13 13 12 11 10 5 14 11 11 12 13 9 10 14 14 0 12 15 11 10
Last Time Cost: 00000952 ms
Total Time Cost: 00027094 ms
Total Distance 418: 11 13 11 13 12 13 14 9 10 12 11 12 12 0 12 13 14 9 13 13 11 11 10 4 14 11 11 12 13 8 10 14 14 0 12 15 11 10
Last Time Cost: 00000789 ms
Total Time Cost: 00027883 ms
Total Distance 416: 11 13 11 13 12 13 14 9 10 12 11 12 12 0 12 13 14 9 13 13 11 11 10 3 14 11 11 12 13 8 9 14 14 0 12 15 11 10
Last Time Cost: 00000637 ms
Total Time Cost: 00028520 ms
Total Distance 414: 11 13 11 13 12 13 14 9 10 12 11 12 12 0 12 13 14 9 13 13 11 11 10 2 14 10 11 12 13 8 9 14 14 0 12 15 11 10
Last Time Cost: 00000508 ms
Total Time Cost: 00029028 ms
Total Distance 412: 11 13 11 13 12 13 14 9 10 12 11 12 12 0 12 13 14 9 12 13 11 11 10 1 14 10 11 12 13 8 9 14 14 0 12 15 11 10
Last Time Cost: 00000404 ms
Total Time Cost: 00029432 ms
Total Distance 410: 11 13 11 13 12 13 14 9 10 12 11 11 12 0 12 13 14 9 12 13 11 11 10 0 14 10 11 12 13 8 9 14 14 0 12 15 11 10
Last Time Cost: 00003310 ms
Total Time Cost: 00032742 ms
Total Distance 397: 10 12 11 13 12 13 14 9 9 12 10 11 11 0 11 12 13 9 12 13 11 11 10 0 14 10 11 11 13 7 8 14 13 0 12 15 11 9
Last Time Cost: 00002681 ms
Total Time Cost: 00035423 ms
Total Distance 390: 10 12 11 13 12 13 14 9 8 12 10 11 10 0 10 11 12 9 12 13 11 11 10 0 14 10 11 11 13 6 8 14 12 0 12 15 11 9
Last Time Cost: 00002153 ms
Total Time Cost: 00037576 ms
Total Distance 384: 10 12 10 13 12 13 14 9 8 12 10 11 10 0 10 10 12 9 12 13 10 11 10 0 14 10 11 11 13 5 8 14 11 0 12 14 11 9
Last Time Cost: 00001194 ms
Total Time Cost: 00038770 ms
Total Distance 380: 10 12 9 13 12 13 14 9 8 12 10 11 9 0 10 10 12 9 12 13 10 11 10 0 14 10 11 11 13 4 8 14 10 0 12 14 11 9
Last Time Cost: 00001084 ms
Total Time Cost: 00039854 ms
Total Distance 377: 10 12 9 12 12 13 14 9 8 12 10 11 9 0 10 10 12 9 12 13 10 11 10 0 14 10 11 11 13 3 7 14 10 0 12 14 11 9
Last Time Cost: 00000925 ms
Total Time Cost: 00040779 ms
Total Distance 374: 10 12 9 12 12 13 13 9 7 12 10 11 9 0 10 10 12 9 12 13 10 11 10 0 14 10 11 11 13 2 7 14 10 0 12 14 11 9
Last Time Cost: 00000856 ms
Total Time Cost: 00041635 ms
Total Distance 372: 10 12 9 12 12 13 13 9 7 12 10 11 9 0 10 10 12 9 12 13 10 11 10 0 14 10 10 11 13 1 7 14 10 0 12 14 11 9
Last Time Cost: 00000982 ms
Total Time Cost: 00042617 ms
Total Distance 371: 10 12 9 12 12 13 13 9 7 12 10 11 9 0 10 10 12 9 12 13 10 11 10 0 14 10 10 11 13 0 7 14 10 0 12 14 11 9
Last Time Cost: 00004718 ms
Total Time Cost: 00047335 ms
Total Distance 361: 10 12 9 11 12 12 12 9 6 11 9 11 9 0 10 10 11 9 11 13 9 11 10 0 14 10 9 11 13 0 7 14 10 0 12 14 11 9
Last Time Cost: 00002136 ms
Total Time Cost: 00049471 ms
Total Distance 354: 10 12 8 10 12 12 11 9 5 11 9 11 9 0 10 10 11 9 11 13 9 11 10 0 13 10 9 11 13 0 7 13 10 0 12 13 11 9
Last Time Cost: 00000934 ms
Total Time Cost: 00050405 ms
Total Distance 349: 10 12 8 10 12 12 10 9 4 10 9 11 9 0 10 10 10 9 10 13 9 11 10 0 13 10 9 11 13 0 7 13 10 0 12 13 11 9
Last Time Cost: 00000673 ms
Total Time Cost: 00051078 ms
Total Distance 344: 10 12 8 10 12 12 9 9 3 9 9 11 9 0 10 10 9 9 9 13 9 11 10 0 13 10 9 11 13 0 7 13 10 0 12 13 11 9
Last Time Cost: 00000484 ms
Total Time Cost: 00051562 ms
Total Distance 340: 9 12 8 10 12 12 9 9 2 9 9 11 9 0 10 10 9 9 9 13 9 11 10 0 13 10 9 11 13 0 7 12 10 0 12 12 11 9
Last Time Cost: 00000267 ms
Total Time Cost: 00051829 ms
Total Distance 338: 9 12 8 10 12 12 8 9 1 9 9 11 9 0 10 10 9 9 9 13 9 11 10 0 13 10 9 11 13 0 7 12 10 0 12 12 11 9
Last Time Cost: 00000186 ms
Total Time Cost: 00052015 ms
Total Distance 337: 9 12 8 10 12 12 8 9 0 9 9 11 9 0 10 10 9 9 9 13 9 11 10 0 13 10 9 11 13 0 7 12 10 0 12 12 11 9
Last Time Cost: 00001605 ms
Total Time Cost: 00053620 ms
Total Distance 333: 9 12 8 10 12 12 8 9 0 9 9 11 9 0 10 10 9 9 9 13 9 11 10 0 13 10 9 10 13 0 6 12 10 0 12 12 10 8
Last Time Cost: 00001293 ms
Total Time Cost: 00054913 ms
Total Distance 328: 9 12 8 10 12 12 8 9 0 9 9 10 9 0 9 10 9 9 9 13 9 11 10 0 13 10 9 10 12 0 5 12 10 0 11 12 10 8
Last Time Cost: 00000808 ms
Total Time Cost: 00055721 ms
Total Distance 324: 9 12 8 10 12 12 8 9 0 9 9 10 9 0 9 10 9 9 9 13 9 11 10 0 13 10 8 10 12 0 4 12 10 0 10 11 10 8
Last Time Cost: 00000629 ms
Total Time Cost: 00056350 ms
Total Distance 322: 9 12 8 10 12 12 8 9 0 9 9 10 9 0 9 10 9 9 9 13 9 11 10 0 13 10 8 10 12 0 3 12 10 0 10 10 10 8
Last Time Cost: 00000476 ms
Total Time Cost: 00056826 ms
Total Distance 321: 9 12 8 10 12 12 8 9 0 9 9 10 9 0 9 10 9 9 9 13 9 11 10 0 13 10 8 10 12 0 2 12 10 0 10 10 10 8
Last Time Cost: 00000365 ms
Total Time Cost: 00057191 ms
Total Distance 320: 9 12 8 10 12 12 8 9 0 9 9 10 9 0 9 10 9 9 9 13 9 11 10 0 13 10 8 10 12 0 1 12 10 0 10 10 10 8
Last Time Cost: 00000283 ms
Total Time Cost: 00057474 ms
Total Distance 319: 9 12 8 10 12 12 8 9 0 9 9 10 9 0 9 10 9 9 9 13 9 11 10 0 13 10 8 10 12 0 0 12 10 0 10 10 10 8
Last Time Cost: 00022373 ms
Total Time Cost: 00079847 ms
Total Distance 310: 9 12 7 10 11 11 7 9 0 9 9 10 9 0 9 10 9 9 9 12 9 11 10 0 13 10 8 9 12 0 0 11 10 0 10 9 10 7
Last Time Cost: 00004001 ms
Total Time Cost: 00083848 ms
Total Distance 304: 9 12 7 10 10 11 6 9 0 9 8 10 9 0 9 10 8 9 9 12 9 11 10 0 12 10 8 9 12 0 0 11 9 0 10 9 10 7
Last Time Cost: 00000581 ms
Total Time Cost: 00084429 ms
Total Distance 300: 9 12 6 10 10 11 5 9 0 9 8 10 9 0 9 10 7 9 9 12 9 11 10 0 11 10 8 9 12 0 0 11 9 0 10 9 10 7
Last Time Cost: 00000523 ms
Total Time Cost: 00084952 ms
Total Distance 296: 9 12 6 10 10 10 4 9 0 9 8 10 9 0 9 10 7 9 9 12 9 11 10 0 11 10 8 9 12 0 0 10 9 0 10 8 10 7
Last Time Cost: 00000441 ms
Total Time Cost: 00085393 ms
Total Distance 292: 9 12 6 10 9 10 3 9 0 9 8 10 9 0 9 10 7 9 9 11 9 11 10 0 11 10 8 9 12 0 0 10 9 0 10 8 10 6
Last Time Cost: 00000419 ms
Total Time Cost: 00085812 ms
Total Distance 290: 9 12 6 10 9 10 2 9 0 9 8 10 9 0 9 10 7 9 9 11 9 11 10 0 11 10 8 9 12 0 0 10 8 0 10 8 10 6
Last Time Cost: 00000412 ms
Total Time Cost: 00086224 ms
Total Distance 289: 9 12 6 10 9 10 1 9 0 9 8 10 9 0 9 10 7 9 9 11 9 11 10 0 11 10 8 9 12 0 0 10 8 0 10 8 10 6
Last Time Cost: 00000413 ms
Total Time Cost: 00086637 ms
Total Distance 288: 9 12 6 10 9 10 0 9 0 9 8 10 9 0 9 10 7 9 9 11 9 11 10 0 11 10 8 9 12 0 0 10 8 0 10 8 10 6
Last Time Cost: 00001214 ms
Total Time Cost: 00087851 ms
Total Distance 285: 9 12 6 10 9 10 0 9 0 9 7 10 9 0 9 10 7 9 9 11 9 11 10 0 11 10 8 9 12 0 0 9 8 0 10 8 10 5
Last Time Cost: 00000671 ms
Total Time Cost: 00088522 ms
Total Distance 282: 8 12 6 10 9 10 0 9 0 9 7 10 9 0 9 10 7 9 9 11 9 11 10 0 11 10 8 9 12 0 0 9 8 0 10 8 9 4
Last Time Cost: 00000636 ms
Total Time Cost: 00089158 ms
Total Distance 279: 8 12 6 10 9 10 0 9 0 9 7 10 9 0 8 10 7 9 9 11 9 11 10 0 11 10 8 8 12 0 0 9 8 0 10 8 9 3
Last Time Cost: 00000609 ms
Total Time Cost: 00089767 ms
Total Distance 276: 8 12 6 10 8 10 0 9 0 9 7 10 9 0 8 10 7 9 9 11 9 11 10 0 11 9 8 8 12 0 0 9 8 0 10 8 9 2
Last Time Cost: 00000584 ms
Total Time Cost: 00090351 ms
Total Distance 273: 8 12 6 10 8 10 0 9 0 9 7 10 9 0 8 10 7 9 9 10 9 11 10 0 11 8 8 8 12 0 0 9 8 0 10 8 9 1
Last Time Cost: 00000587 ms
Total Time Cost: 00090938 ms
Total Distance 272: 8 12 6 10 8 10 0 9 0 9 7 10 9 0 8 10 7 9 9 10 9 11 10 0 11 8 8 8 12 0 0 9 8 0 10 8 9 0
Last Time Cost: 00001181 ms
Total Time Cost: 00092119 ms
Total Distance 269: 8 12 5 10 8 10 0 9 0 9 7 10 9 0 8 10 7 9 9 10 9 11 10 0 11 8 8 8 11 0 0 9 8 0 10 8 8 0
Last Time Cost: 00000891 ms
Total Time Cost: 00093010 ms
Total Distance 267: 8 12 4 10 8 10 0 9 0 9 7 10 9 0 8 10 6 9 9 10 9 11 10 0 11 8 8 8 11 0 0 9 8 0 10 8 8 0
Last Time Cost: 00000860 ms
Total Time Cost: 00093870 ms
Total Distance 265: 8 12 3 10 8 10 0 9 0 9 7 10 9 0 8 10 6 9 8 10 9 11 10 0 11 8 8 8 11 0 0 9 8 0 10 8 8 0
Last Time Cost: 00000959 ms
Total Time Cost: 00094829 ms
Total Distance 263: 8 12 2 10 8 10 0 9 0 9 7 10 9 0 8 10 6 9 8 9 9 11 10 0 11 8 8 8 11 0 0 9 8 0 10 8 8 0
Last Time Cost: 00001022 ms
Total Time Cost: 00095851 ms
Total Distance 261: 8 12 1 10 8 10 0 9 0 9 7 10 9 0 8 10 6 9 8 9 9 11 10 0 11 8 8 8 11 0 0 9 8 0 10 7 8 0
Last Time Cost: 00001087 ms
Total Time Cost: 00096938 ms
Total Distance 260: 8 12 0 10 8 10 0 9 0 9 7 10 9 0 8 10 6 9 8 9 9 11 10 0 11 8 8 8 11 0 0 9 8 0 10 7 8 0
Last Time Cost: 00001593 ms
Total Time Cost: 00098531 ms
Total Distance 256: 8 12 0 9 8 10 0 9 0 9 7 10 9 0 8 10 5 9 7 9 9 10 10 0 11 8 8 8 11 0 0 9 8 0 10 7 8 0
Last Time Cost: 00001247 ms
Total Time Cost: 00099778 ms
Total Distance 252: 8 11 0 9 8 10 0 9 0 9 7 10 9 0 8 10 4 9 7 9 9 10 10 0 11 8 8 7 11 0 0 9 8 0 9 7 8 0
Last Time Cost: 00000249 ms
Total Time Cost: 00100027 ms
Total Distance 249: 8 10 0 9 8 10 0 9 0 9 7 9 9 0 8 10 3 9 7 9 9 10 10 0 11 8 8 7 11 0 0 9 8 0 9 7 8 0
Last Time Cost: 00000155 ms
Total Time Cost: 00100182 ms
Total Distance 246: 8 10 0 9 8 10 0 9 0 9 7 9 9 0 8 10 2 9 7 9 9 9 10 0 10 8 8 7 11 0 0 9 8 0 9 7 8 0
Last Time Cost: 00000103 ms
Total Time Cost: 00100285 ms
Total Distance 245: 8 10 0 9 8 10 0 9 0 9 7 9 9 0 8 10 1 9 7 9 9 9 10 0 10 8 8 7 11 0 0 9 8 0 9 7 8 0
Last Time Cost: 00000082 ms
Total Time Cost: 00100367 ms
Total Distance 244: 8 10 0 9 8 10 0 9 0 9 7 9 9 0 8 10 0 9 7 9 9 9 10 0 10 8 8 7 11 0 0 9 8 0 9 7 8 0
Last Time Cost: 00002658 ms
Total Time Cost: 00103025 ms
Total Distance 236: 7 9 0 9 8 10 0 9 0 9 7 8 9 0 8 9 0 9 7 9 9 8 9 0 10 8 8 7 11 0 0 8 8 0 9 6 8 0
Last Time Cost: 00000470 ms
Total Time Cost: 00103495 ms
Total Distance 231: 7 9 0 9 8 10 0 9 0 9 7 8 9 0 8 9 0 9 7 9 9 7 9 0 10 8 7 7 11 0 0 7 8 0 8 5 8 0
Last Time Cost: 00000384 ms
Total Time Cost: 00103879 ms
Total Distance 228: 7 9 0 9 8 10 0 9 0 9 7 8 9 0 8 9 0 9 7 9 9 6 9 0 10 8 7 7 11 0 0 6 8 0 8 4 8 0
Last Time Cost: 00000176 ms
Total Time Cost: 00104055 ms
Total Distance 225: 7 9 0 8 8 10 0 9 0 9 7 8 9 0 8 9 0 9 6 9 9 6 9 0 10 8 7 7 11 0 0 6 8 0 8 3 8 0
Last Time Cost: 00000142 ms
Total Time Cost: 00104197 ms
Total Distance 223: 7 9 0 7 8 10 0 9 0 9 7 8 9 0 8 9 0 9 6 9 9 6 9 0 10 8 7 7 11 0 0 6 8 0 8 2 8 0
Last Time Cost: 00000117 ms
Total Time Cost: 00104314 ms
Total Distance 221: 7 9 0 7 8 10 0 9 0 9 7 8 9 0 8 9 0 9 6 8 9 6 9 0 10 8 7 7 11 0 0 6 8 0 8 1 8 0
Last Time Cost: 00000100 ms
Total Time Cost: 00104414 ms
Total Distance 220: 7 9 0 7 8 10 0 9 0 9 7 8 9 0 8 9 0 9 6 8 9 6 9 0 10 8 7 7 11 0 0 6 8 0 8 0 8 0
Last Time Cost: 00000809 ms
Total Time Cost: 00105223 ms
Total Distance 215: 7 9 0 7 8 9 0 9 0 9 7 8 9 0 8 9 0 9 6 8 9 5 9 0 9 8 7 7 10 0 0 5 8 0 8 0 8 0
Last Time Cost: 00000202 ms
Total Time Cost: 00105425 ms
Total Distance 213: 7 9 0 7 8 9 0 9 0 9 7 8 9 0 8 9 0 9 6 8 9 4 9 0 9 8 7 7 10 0 0 4 8 0 8 0 8 0
Last Time Cost: 00000174 ms
Total Time Cost: 00105599 ms
Total Distance 210: 7 9 0 7 8 9 0 9 0 9 7 8 9 0 8 9 0 9 6 7 9 4 9 0 9 8 7 7 9 0 0 3 8 0 8 0 8 0
Last Time Cost: 00000032 ms
Total Time Cost: 00105631 ms
Total Distance 208: 7 9 0 7 8 9 0 9 0 9 7 8 9 0 8 9 0 9 6 7 9 4 9 0 9 8 7 7 8 0 0 2 8 0 8 0 8 0
Last Time Cost: 00000020 ms
Total Time Cost: 00105651 ms
Total Distance 206: 7 8 0 7 8 9 0 9 0 9 7 8 9 0 8 9 0 9 6 7 9 4 9 0 9 8 7 7 8 0 0 1 8 0 8 0 8 0
Last Time Cost: 00000008 ms
Total Time Cost: 00105659 ms
Total Distance 205: 7 8 0 7 8 9 0 9 0 9 7 8 9 0 8 9 0 9 6 7 9 4 9 0 9 8 7 7 8 0 0 0 8 0 8 0 8 0
Last Time Cost: 00000039 ms
Total Time Cost: 00105698 ms
Total Distance 202: 7 8 0 7 8 9 0 9 0 9 7 8 9 0 8 9 0 8 6 7 9 3 9 0 9 7 7 7 8 0 0 0 8 0 8 0 8 0
Last Time Cost: 00000023 ms
Total Time Cost: 00105721 ms
Total Distance 199: 7 8 0 7 8 9 0 9 0 9 7 8 9 0 8 9 0 8 6 7 8 2 9 0 9 7 7 7 8 0 0 0 8 0 7 0 8 0
Last Time Cost: 00000015 ms
Total Time Cost: 00105736 ms
Total Distance 197: 7 8 0 7 8 9 0 9 0 9 7 8 9 0 8 9 0 8 6 7 8 1 9 0 9 7 7 7 8 0 0 0 8 0 6 0 8 0
Last Time Cost: 00000008 ms
Total Time Cost: 00105744 ms
Total Distance 194: 7 8 0 7 8 9 0 9 0 9 7 8 9 0 8 9 0 7 6 7 8 0 9 0 8 7 7 7 8 0 0 0 8 0 6 0 8 0
Last Time Cost: 00000125 ms
Total Time Cost: 00105869 ms
Total Distance 190: 7 8 0 6 8 8 0 8 0 9 7 8 9 0 8 9 0 7 5 7 8 0 9 0 8 7 7 7 8 0 0 0 8 0 6 0 8 0
Last Time Cost: 00000036 ms
Total Time Cost: 00105905 ms
Total Distance 188: 7 8 0 6 8 8 0 8 0 9 7 8 9 0 8 9 0 7 4 7 8 0 9 0 8 7 7 7 8 0 0 0 7 0 6 0 8 0
Last Time Cost: 00000026 ms
Total Time Cost: 00105931 ms
Total Distance 186: 7 8 0 6 8 8 0 8 0 9 7 8 9 0 8 9 0 7 3 7 8 0 9 0 8 7 7 7 8 0 0 0 7 0 6 0 7 0
Last Time Cost: 00000019 ms
Total Time Cost: 00105950 ms
Total Distance 184: 7 8 0 6 8 8 0 8 0 9 7 8 9 0 8 9 0 7 2 7 7 0 9 0 8 7 7 7 8 0 0 0 7 0 6 0 7 0
Last Time Cost: 00000013 ms
Total Time Cost: 00105963 ms
Total Distance 182: 7 8 0 6 8 8 0 8 0 9 7 8 9 0 8 8 0 7 1 7 7 0 9 0 8 7 7 7 8 0 0 0 7 0 6 0 7 0
Last Time Cost: 00000010 ms
Total Time Cost: 00105973 ms
Total Distance 180: 7 8 0 6 8 7 0 8 0 9 7 8 9 0 8 8 0 7 0 7 7 0 9 0 8 7 7 7 8 0 0 0 7 0 6 0 7 0
Last Time Cost: 00000109 ms
Total Time Cost: 00106082 ms
Total Distance 177: 7 8 0 5 8 7 0 8 0 8 7 8 9 0 8 8 0 7 0 7 7 0 9 0 8 7 7 7 8 0 0 0 6 0 6 0 7 0
Last Time Cost: 00000028 ms
Total Time Cost: 00106110 ms
Total Distance 175: 7 8 0 4 8 7 0 7 0 8 7 8 9 0 8 8 0 7 0 7 7 0 9 0 8 7 7 7 8 0 0 0 6 0 6 0 7 0
Last Time Cost: 00000021 ms
Total Time Cost: 00106131 ms
Total Distance 173: 7 8 0 3 8 7 0 7 0 8 7 8 9 0 8 8 0 7 0 6 7 0 9 0 8 7 7 7 8 0 0 0 6 0 6 0 7 0
Last Time Cost: 00000016 ms
Total Time Cost: 00106147 ms
Total Distance 172: 7 8 0 2 8 7 0 7 0 8 7 8 9 0 8 8 0 7 0 6 7 0 9 0 8 7 7 7 8 0 0 0 6 0 6 0 7 0
Last Time Cost: 00000012 ms
Total Time Cost: 00106159 ms
Total Distance 170: 7 8 0 1 8 7 0 7 0 8 7 8 9 0 8 8 0 7 0 6 7 0 9 0 8 7 7 7 8 0 0 0 6 0 6 0 6 0
Last Time Cost: 00000010 ms
Total Time Cost: 00106169 ms
Total Distance 169: 7 8 0 0 8 7 0 7 0 8 7 8 9 0 8 8 0 7 0 6 7 0 9 0 8 7 7 7 8 0 0 0 6 0 6 0 6 0
Last Time Cost: 00000263 ms
Total Time Cost: 00106432 ms
Total Distance 164: 7 8 0 0 8 7 0 6 0 8 7 8 8 0 7 7 0 7 0 6 7 0 9 0 8 7 7 7 8 0 0 0 5 0 6 0 6 0
Last Time Cost: 00000024 ms
Total Time Cost: 00106456 ms
Total Distance 161: 7 8 0 0 7 7 0 6 0 8 7 8 8 0 7 6 0 7 0 6 7 0 9 0 8 7 7 7 8 0 0 0 4 0 6 0 6 0
Last Time Cost: 00000018 ms
Total Time Cost: 00106474 ms
Total Distance 160: 7 8 0 0 7 7 0 6 0 8 7 8 8 0 7 6 0 7 0 6 7 0 9 0 8 7 7 7 8 0 0 0 3 0 6 0 6 0
Last Time Cost: 00000016 ms
Total Time Cost: 00106490 ms
Total Distance 159: 7 8 0 0 7 7 0 6 0 8 7 8 8 0 7 6 0 7 0 6 7 0 9 0 8 7 7 7 8 0 0 0 2 0 6 0 6 0
Last Time Cost: 00000014 ms
Total Time Cost: 00106504 ms
Total Distance 157: 7 8 0 0 7 7 0 6 0 8 7 7 8 0 7 6 0 7 0 6 7 0 9 0 8 7 7 7 8 0 0 0 1 0 6 0 6 0
Last Time Cost: 00000012 ms
Total Time Cost: 00106516 ms
Total Distance 155: 7 8 0 0 7 6 0 6 0 8 7 7 8 0 7 6 0 7 0 6 7 0 9 0 8 7 7 7 8 0 0 0 0 0 6 0 6 0
Last Time Cost: 00000377 ms
Total Time Cost: 00106893 ms
Total Distance 151: 7 8 0 0 6 6 0 6 0 8 7 7 8 0 7 5 0 7 0 6 7 0 9 0 7 7 6 7 8 0 0 0 0 0 6 0 6 0
Last Time Cost: 00000056 ms
Total Time Cost: 00106949 ms
Total Distance 149: 7 8 0 0 5 6 0 6 0 8 7 7 8 0 7 4 0 7 0 6 7 0 9 0 7 7 6 7 8 0 0 0 0 0 6 0 6 0
Last Time Cost: 00000044 ms
Total Time Cost: 00106993 ms
Total Distance 147: 7 7 0 0 5 6 0 6 0 8 7 7 8 0 7 3 0 7 0 6 7 0 9 0 7 7 6 7 8 0 0 0 0 0 6 0 6 0
Last Time Cost: 00000018 ms
Total Time Cost: 00107011 ms
Total Distance 145: 7 7 0 0 5 6 0 6 0 8 7 7 8 0 7 2 0 7 0 5 7 0 9 0 7 7 6 7 8 0 0 0 0 0 6 0 6 0
Last Time Cost: 00000015 ms
Total Time Cost: 00107026 ms
Total Distance 144: 7 7 0 0 5 6 0 6 0 8 7 7 8 0 7 1 0 7 0 5 7 0 9 0 7 7 6 7 8 0 0 0 0 0 6 0 6 0
Last Time Cost: 00000014 ms
Total Time Cost: 00107040 ms
Total Distance 143: 7 7 0 0 5 6 0 6 0 8 7 7 8 0 7 0 0 7 0 5 7 0 9 0 7 7 6 7 8 0 0 0 0 0 6 0 6 0
Last Time Cost: 00000103 ms
Total Time Cost: 00107143 ms
Total Distance 141: 7 6 0 0 5 6 0 6 0 8 7 7 8 0 7 0 0 7 0 4 7 0 9 0 7 7 6 7 8 0 0 0 0 0 6 0 6 0
Last Time Cost: 00000024 ms
Total Time Cost: 00107167 ms
Total Distance 140: 7 6 0 0 5 6 0 6 0 8 7 7 8 0 7 0 0 7 0 3 7 0 9 0 7 7 6 7 8 0 0 0 0 0 6 0 6 0
Last Time Cost: 00000020 ms
Total Time Cost: 00107187 ms
Total Distance 139: 7 6 0 0 5 6 0 6 0 8 7 7 8 0 7 0 0 7 0 2 7 0 9 0 7 7 6 7 8 0 0 0 0 0 6 0 6 0
Last Time Cost: 00000017 ms
Total Time Cost: 00107204 ms
Total Distance 138: 7 6 0 0 5 6 0 6 0 8 7 7 8 0 7 0 0 7 0 1 7 0 9 0 7 7 6 7 8 0 0 0 0 0 6 0 6 0
Last Time Cost: 00000015 ms
Total Time Cost: 00107219 ms
Total Distance 136: 7 6 0 0 5 6 0 6 0 8 7 7 8 0 7 0 0 7 0 0 7 0 8 0 7 7 6 7 8 0 0 0 0 0 6 0 6 0
Last Time Cost: 00000024 ms
Total Time Cost: 00107243 ms
Total Distance 134: 7 6 0 0 4 6 0 6 0 8 7 7 8 0 6 0 0 7 0 0 7 0 8 0 7 7 6 7 8 0 0 0 0 0 6 0 6 0
Last Time Cost: 00000018 ms
Total Time Cost: 00107261 ms
Total Distance 133: 7 6 0 0 3 6 0 6 0 8 7 7 8 0 6 0 0 7 0 0 7 0 8 0 7 7 6 7 8 0 0 0 0 0 6 0 6 0
Last Time Cost: 00000018 ms
Total Time Cost: 00107279 ms
Total Distance 131: 7 6 0 0 2 6 0 6 0 8 7 7 8 0 6 0 0 7 0 0 6 0 8 0 7 7 6 7 8 0 0 0 0 0 6 0 6 0
Last Time Cost: 00000018 ms
Total Time Cost: 00107297 ms
Total Distance 130: 7 6 0 0 1 6 0 6 0 8 7 7 8 0 6 0 0 7 0 0 6 0 8 0 7 7 6 7 8 0 0 0 0 0 6 0 6 0
Last Time Cost: 00000019 ms
Total Time Cost: 00107316 ms
Total Distance 129: 7 6 0 0 0 6 0 6 0 8 7 7 8 0 6 0 0 7 0 0 6 0 8 0 7 7 6 7 8 0 0 0 0 0 6 0 6 0
Last Time Cost: 00000426 ms
Total Time Cost: 00107742 ms
Total Distance 126: 7 6 0 0 0 6 0 5 0 7 7 7 8 0 6 0 0 7 0 0 6 0 7 0 7 7 6 7 8 0 0 0 0 0 6 0 6 0
Last Time Cost: 00000031 ms
Total Time Cost: 00107773 ms
Total Distance 124: 7 6 0 0 0 6 0 4 0 6 7 7 8 0 6 0 0 7 0 0 6 0 7 0 7 7 6 7 8 0 0 0 0 0 6 0 6 0
Last Time Cost: 00000021 ms
Total Time Cost: 00107794 ms
Total Distance 122: 7 6 0 0 0 6 0 3 0 6 7 7 8 0 6 0 0 7 0 0 6 0 7 0 6 7 6 7 8 0 0 0 0 0 6 0 6 0
Last Time Cost: 00000019 ms
Total Time Cost: 00107813 ms
Total Distance 121: 7 6 0 0 0 6 0 2 0 6 7 7 8 0 6 0 0 7 0 0 6 0 7 0 6 7 6 7 8 0 0 0 0 0 6 0 6 0
Last Time Cost: 00000022 ms
Total Time Cost: 00107835 ms
Total Distance 120: 7 6 0 0 0 6 0 1 0 6 7 7 8 0 6 0 0 7 0 0 6 0 7 0 6 7 6 7 8 0 0 0 0 0 6 0 6 0
Last Time Cost: 00000023 ms
Total Time Cost: 00107858 ms
Total Distance 118: 7 6 0 0 0 6 0 0 0 6 7 7 7 0 6 0 0 7 0 0 6 0 7 0 6 7 6 7 8 0 0 0 0 0 6 0 6 0
Last Time Cost: 00000340 ms
Total Time Cost: 00108198 ms
Total Distance 116: 7 6 0 0 0 5 0 0 0 6 7 7 7 0 5 0 0 7 0 0 6 0 7 0 6 7 6 7 8 0 0 0 0 0 6 0 6 0
Last Time Cost: 00000038 ms
Total Time Cost: 00108236 ms
Total Distance 114: 7 6 0 0 0 5 0 0 0 6 6 7 7 0 4 0 0 7 0 0 6 0 7 0 6 7 6 7 8 0 0 0 0 0 6 0 6 0
Last Time Cost: 00000022 ms
Total Time Cost: 00108258 ms
Total Distance 113: 7 6 0 0 0 5 0 0 0 6 6 7 7 0 3 0 0 7 0 0 6 0 7 0 6 7 6 7 8 0 0 0 0 0 6 0 6 0
Last Time Cost: 00000024 ms
Total Time Cost: 00108282 ms
Total Distance 112: 7 6 0 0 0 5 0 0 0 6 6 7 7 0 2 0 0 7 0 0 6 0 7 0 6 7 6 7 8 0 0 0 0 0 6 0 6 0
Last Time Cost: 00000024 ms
Total Time Cost: 00108306 ms
Total Distance 110: 7 6 0 0 0 5 0 0 0 6 6 7 6 0 1 0 0 7 0 0 6 0 7 0 6 7 6 7 8 0 0 0 0 0 6 0 6 0
Last Time Cost: 00000024 ms
Total Time Cost: 00108330 ms
Total Distance 109: 7 6 0 0 0 5 0 0 0 6 6 7 6 0 0 0 0 7 0 0 6 0 7 0 6 7 6 7 8 0 0 0 0 0 6 0 6 0
Last Time Cost: 00000034 ms
Total Time Cost: 00108364 ms
Total Distance 108: 7 6 0 0 0 4 0 0 0 6 6 7 6 0 0 0 0 7 0 0 6 0 7 0 6 7 6 7 8 0 0 0 0 0 6 0 6 0
Last Time Cost: 00000026 ms
Total Time Cost: 00108390 ms
Total Distance 107: 7 6 0 0 0 3 0 0 0 6 6 7 6 0 0 0 0 7 0 0 6 0 7 0 6 7 6 7 8 0 0 0 0 0 6 0 6 0
Last Time Cost: 00000025 ms
Total Time Cost: 00108415 ms
Total Distance 106: 7 6 0 0 0 2 0 0 0 6 6 7 6 0 0 0 0 7 0 0 6 0 7 0 6 7 6 7 8 0 0 0 0 0 6 0 6 0
Last Time Cost: 00000025 ms
Total Time Cost: 00108440 ms
Total Distance 104: 7 6 0 0 0 1 0 0 0 6 6 7 6 0 0 0 0 7 0 0 6 0 7 0 6 6 6 7 8 0 0 0 0 0 6 0 6 0
Last Time Cost: 00000025 ms
Total Time Cost: 00108465 ms
Total Distance 103: 7 6 0 0 0 0 0 0 0 6 6 7 6 0 0 0 0 7 0 0 6 0 7 0 6 6 6 7 8 0 0 0 0 0 6 0 6 0
Last Time Cost: 00000335 ms
Total Time Cost: 00108800 ms
Total Distance 101: 7 6 0 0 0 0 0 0 0 6 6 7 6 0 0 0 0 7 0 0 5 0 7 0 6 6 6 7 8 0 0 0 0 0 5 0 6 0
Last Time Cost: 00000042 ms
Total Time Cost: 00108842 ms
Total Distance 99: 7 6 0 0 0 0 0 0 0 6 6 7 6 0 0 0 0 6 0 0 4 0 7 0 6 6 6 7 8 0 0 0 0 0 5 0 6 0
Last Time Cost: 00000027 ms
Total Time Cost: 00108869 ms
Total Distance 97: 7 6 0 0 0 0 0 0 0 6 6 6 6 0 0 0 0 6 0 0 3 0 7 0 6 6 6 7 8 0 0 0 0 0 5 0 6 0
Last Time Cost: 00000029 ms
Total Time Cost: 00108898 ms
Total Distance 95: 7 6 0 0 0 0 0 0 0 6 6 6 6 0 0 0 0 6 0 0 2 0 7 0 6 6 6 7 7 0 0 0 0 0 5 0 6 0
Last Time Cost: 00000006 ms
Total Time Cost: 00108904 ms
Total Distance 94: 7 6 0 0 0 0 0 0 0 6 6 6 6 0 0 0 0 6 0 0 1 0 7 0 6 6 6 7 7 0 0 0 0 0 5 0 6 0
Last Time Cost: 00000003 ms
Total Time Cost: 00108907 ms
Total Distance 93: 7 6 0 0 0 0 0 0 0 6 6 6 6 0 0 0 0 6 0 0 0 0 7 0 6 6 6 7 7 0 0 0 0 0 5 0 6 0
Last Time Cost: 00000009 ms
Total Time Cost: 00108916 ms
Total Distance 92: 7 6 0 0 0 0 0 0 0 6 6 6 6 0 0 0 0 6 0 0 0 0 7 0 6 6 6 7 7 0 0 0 0 0 4 0 6 0
Last Time Cost: 00000002 ms
Total Time Cost: 00108918 ms
Total Distance 91: 7 6 0 0 0 0 0 0 0 6 6 6 6 0 0 0 0 6 0 0 0 0 7 0 6 6 6 7 7 0 0 0 0 0 3 0 6 0
Last Time Cost: 00000001 ms
Total Time Cost: 00108919 ms
Total Distance 90: 7 6 0 0 0 0 0 0 0 6 6 6 6 0 0 0 0 6 0 0 0 0 7 0 6 6 6 7 7 0 0 0 0 0 2 0 6 0
Last Time Cost: 00000001 ms
Total Time Cost: 00108920 ms
Total Distance 89: 7 6 0 0 0 0 0 0 0 6 6 6 6 0 0 0 0 6 0 0 0 0 7 0 6 6 6 7 7 0 0 0 0 0 1 0 6 0
Last Time Cost: 00000001 ms
Total Time Cost: 00108921 ms
Total Distance 88: 7 6 0 0 0 0 0 0 0 6 6 6 6 0 0 0 0 6 0 0 0 0 7 0 6 6 6 7 7 0 0 0 0 0 0 0 6 0
Last Time Cost: 00000418 ms
Total Time Cost: 00109339 ms
Total Distance 85: 6 6 0 0 0 0 0 0 0 6 6 6 6 0 0 0 0 6 0 0 0 0 7 0 6 6 6 6 7 0 0 0 0 0 0 0 5 0
Last Time Cost: 00000007 ms
Total Time Cost: 00109346 ms
Total Distance 84: 6 6 0 0 0 0 0 0 0 6 6 6 6 0 0 0 0 6 0 0 0 0 7 0 6 6 6 6 7 0 0 0 0 0 0 0 4 0
Last Time Cost: 00000002 ms
Total Time Cost: 00109348 ms
Total Distance 83: 6 6 0 0 0 0 0 0 0 6 6 6 6 0 0 0 0 6 0 0 0 0 7 0 6 6 6 6 7 0 0 0 0 0 0 0 3 0
Last Time Cost: 00000001 ms
Total Time Cost: 00109349 ms
Total Distance 82: 6 6 0 0 0 0 0 0 0 6 6 6 6 0 0 0 0 6 0 0 0 0 7 0 6 6 6 6 7 0 0 0 0 0 0 0 2 0
Last Time Cost: 00000001 ms
Total Time Cost: 00109350 ms
Total Distance 80: 5 6 0 0 0 0 0 0 0 6 6 6 6 0 0 0 0 6 0 0 0 0 7 0 6 6 6 6 7 0 0 0 0 0 0 0 1 0
Last Time Cost: 00000001 ms
Total Time Cost: 00109351 ms
Total Distance 79: 5 6 0 0 0 0 0 0 0 6 6 6 6 0 0 0 0 6 0 0 0 0 7 0 6 6 6 6 7 0 0 0 0 0 0 0 0 0
Last Time Cost: 00000010 ms
Total Time Cost: 00109361 ms
Total Distance 77: 4 6 0 0 0 0 0 0 0 6 6 6 6 0 0 0 0 5 0 0 0 0 7 0 6 6 6 6 7 0 0 0 0 0 0 0 0 0
Last Time Cost: 00000002 ms
Total Time Cost: 00109363 ms
Total Distance 75: 3 6 0 0 0 0 0 0 0 6 6 6 6 0 0 0 0 5 0 0 0 0 6 0 6 6 6 6 7 0 0 0 0 0 0 0 0 0
Last Time Cost: 00000001 ms
Total Time Cost: 00109364 ms
Total Distance 73: 2 6 0 0 0 0 0 0 0 6 6 6 6 0 0 0 0 5 0 0 0 0 6 0 6 6 6 6 6 0 0 0 0 0 0 0 0 0
Last Time Cost: 00000001 ms
Total Time Cost: 00109365 ms
Total Distance 72: 1 6 0 0 0 0 0 0 0 6 6 6 6 0 0 0 0 5 0 0 0 0 6 0 6 6 6 6 6 0 0 0 0 0 0 0 0 0
Last Time Cost: 00000001 ms
Total Time Cost: 00109366 ms
Total Distance 71: 0 6 0 0 0 0 0 0 0 6 6 6 6 0 0 0 0 5 0 0 0 0 6 0 6 6 6 6 6 0 0 0 0 0 0 0 0 0
Last Time Cost: 00000010 ms
Total Time Cost: 00109376 ms
Total Distance 69: 0 5 0 0 0 0 0 0 0 6 6 6 6 0 0 0 0 4 0 0 0 0 6 0 6 6 6 6 6 0 0 0 0 0 0 0 0 0
Last Time Cost: 00000001 ms
Total Time Cost: 00109377 ms
Total Distance 68: 0 5 0 0 0 0 0 0 0 6 6 6 6 0 0 0 0 3 0 0 0 0 6 0 6 6 6 6 6 0 0 0 0 0 0 0 0 0
Last Time Cost: 00000001 ms
Total Time Cost: 00109378 ms
Total Distance 67: 0 5 0 0 0 0 0 0 0 6 6 6 6 0 0 0 0 2 0 0 0 0 6 0 6 6 6 6 6 0 0 0 0 0 0 0 0 0
Last Time Cost: 00000001 ms
Total Time Cost: 00109379 ms
Total Distance 66: 0 5 0 0 0 0 0 0 0 6 6 6 6 0 0 0 0 1 0 0 0 0 6 0 6 6 6 6 6 0 0 0 0 0 0 0 0 0
Last Time Cost: 00000001 ms
Total Time Cost: 00109380 ms
Total Distance 65: 0 5 0 0 0 0 0 0 0 6 6 6 6 0 0 0 0 0 0 0 0 0 6 0 6 6 6 6 6 0 0 0 0 0 0 0 0 0
Last Time Cost: 00000011 ms
Total Time Cost: 00109391 ms
Total Distance 64: 0 4 0 0 0 0 0 0 0 6 6 6 6 0 0 0 0 0 0 0 0 0 6 0 6 6 6 6 6 0 0 0 0 0 0 0 0 0
Last Time Cost: 00000001 ms
Total Time Cost: 00109392 ms
Total Distance 63: 0 3 0 0 0 0 0 0 0 6 6 6 6 0 0 0 0 0 0 0 0 0 6 0 6 6 6 6 6 0 0 0 0 0 0 0 0 0
Last Time Cost: 00000001 ms
Total Time Cost: 00109393 ms
Total Distance 62: 0 2 0 0 0 0 0 0 0 6 6 6 6 0 0 0 0 0 0 0 0 0 6 0 6 6 6 6 6 0 0 0 0 0 0 0 0 0
Last Time Cost: 00000001 ms
Total Time Cost: 00109394 ms
Total Distance 61: 0 1 0 0 0 0 0 0 0 6 6 6 6 0 0 0 0 0 0 0 0 0 6 0 6 6 6 6 6 0 0 0 0 0 0 0 0 0
Last Time Cost: 00000001 ms
Total Time Cost: 00109395 ms
Total Distance 60: 0 0 0 0 0 0 0 0 0 6 6 6 6 0 0 0 0 0 0 0 0 0 6 0 6 6 6 6 6 0 0 0 0 0 0 0 0 0
Last Time Cost: 00000593 ms
Total Time Cost: 00109988 ms
Total Distance 57: 0 0 0 0 0 0 0 0 0 5 6 6 6 0 0 0 0 0 0 0 0 0 5 0 6 6 5 6 6 0 0 0 0 0 0 0 0 0
Last Time Cost: 00000034 ms
Total Time Cost: 00110022 ms
Total Distance 56: 0 0 0 0 0 0 0 0 0 5 6 6 6 0 0 0 0 0 0 0 0 0 4 0 6 6 5 6 6 0 0 0 0 0 0 0 0 0
Last Time Cost: 00000001 ms
Total Time Cost: 00110023 ms
Total Distance 55: 0 0 0 0 0 0 0 0 0 5 6 6 6 0 0 0 0 0 0 0 0 0 3 0 6 6 5 6 6 0 0 0 0 0 0 0 0 0
Last Time Cost: 00000001 ms
Total Time Cost: 00110024 ms
Total Distance 54: 0 0 0 0 0 0 0 0 0 5 6 6 6 0 0 0 0 0 0 0 0 0 2 0 6 6 5 6 6 0 0 0 0 0 0 0 0 0
Last Time Cost: 00000001 ms
Total Time Cost: 00110025 ms
Total Distance 53: 0 0 0 0 0 0 0 0 0 5 6 6 6 0 0 0 0 0 0 0 0 0 1 0 6 6 5 6 6 0 0 0 0 0 0 0 0 0
Last Time Cost: 00000001 ms
Total Time Cost: 00110026 ms
Total Distance 52: 0 0 0 0 0 0 0 0 0 5 6 6 6 0 0 0 0 0 0 0 0 0 0 0 6 6 5 6 6 0 0 0 0 0 0 0 0 0
Last Time Cost: 00000026 ms
Total Time Cost: 00110052 ms
Total Distance 51: 0 0 0 0 0 0 0 0 0 5 6 6 6 0 0 0 0 0 0 0 0 0 0 0 6 6 4 6 6 0 0 0 0 0 0 0 0 0
Last Time Cost: 00000001 ms
Total Time Cost: 00110053 ms
Total Distance 50: 0 0 0 0 0 0 0 0 0 5 6 6 6 0 0 0 0 0 0 0 0 0 0 0 6 6 3 6 6 0 0 0 0 0 0 0 0 0
Last Time Cost: 00000001 ms
Total Time Cost: 00110054 ms
Total Distance 49: 0 0 0 0 0 0 0 0 0 5 6 6 6 0 0 0 0 0 0 0 0 0 0 0 6 6 2 6 6 0 0 0 0 0 0 0 0 0
Last Time Cost: 00000001 ms
Total Time Cost: 00110055 ms
Total Distance 48: 0 0 0 0 0 0 0 0 0 5 6 6 6 0 0 0 0 0 0 0 0 0 0 0 6 6 1 6 6 0 0 0 0 0 0 0 0 0
Last Time Cost: 00000001 ms
Total Time Cost: 00110056 ms
Total Distance 47: 0 0 0 0 0 0 0 0 0 5 6 6 6 0 0 0 0 0 0 0 0 0 0 0 6 6 0 6 6 0 0 0 0 0 0 0 0 0
Last Time Cost: 00000015 ms
Total Time Cost: 00110071 ms
Total Distance 46: 0 0 0 0 0 0 0 0 0 4 6 6 6 0 0 0 0 0 0 0 0 0 0 0 6 6 0 6 6 0 0 0 0 0 0 0 0 0
Last Time Cost: 00000001 ms
Total Time Cost: 00110072 ms
Total Distance 45: 0 0 0 0 0 0 0 0 0 3 6 6 6 0 0 0 0 0 0 0 0 0 0 0 6 6 0 6 6 0 0 0 0 0 0 0 0 0
Last Time Cost: 00000001 ms
Total Time Cost: 00110073 ms
Total Distance 44: 0 0 0 0 0 0 0 0 0 2 6 6 6 0 0 0 0 0 0 0 0 0 0 0 6 6 0 6 6 0 0 0 0 0 0 0 0 0
Last Time Cost: 00000001 ms
Total Time Cost: 00110074 ms
Total Distance 42: 0 0 0 0 0 0 0 0 0 1 5 6 6 0 0 0 0 0 0 0 0 0 0 0 6 6 0 6 6 0 0 0 0 0 0 0 0 0
Last Time Cost: 00000001 ms
Total Time Cost: 00110075 ms
Total Distance 41: 0 0 0 0 0 0 0 0 0 0 5 6 6 0 0 0 0 0 0 0 0 0 0 0 6 6 0 6 6 0 0 0 0 0 0 0 0 0
Last Time Cost: 00000017 ms
Total Time Cost: 00110092 ms
Total Distance 40: 0 0 0 0 0 0 0 0 0 0 4 6 6 0 0 0 0 0 0 0 0 0 0 0 6 6 0 6 6 0 0 0 0 0 0 0 0 0
Last Time Cost: 00000001 ms
Total Time Cost: 00110093 ms
Total Distance 39: 0 0 0 0 0 0 0 0 0 0 3 6 6 0 0 0 0 0 0 0 0 0 0 0 6 6 0 6 6 0 0 0 0 0 0 0 0 0
Last Time Cost: 00000001 ms
Total Time Cost: 00110094 ms
Total Distance 38: 0 0 0 0 0 0 0 0 0 0 2 6 6 0 0 0 0 0 0 0 0 0 0 0 6 6 0 6 6 0 0 0 0 0 0 0 0 0
Last Time Cost: 00000001 ms
Total Time Cost: 00110095 ms
Total Distance 37: 0 0 0 0 0 0 0 0 0 0 1 6 6 0 0 0 0 0 0 0 0 0 0 0 6 6 0 6 6 0 0 0 0 0 0 0 0 0
Last Time Cost: 00000001 ms
Total Time Cost: 00110096 ms
Total Distance 36: 0 0 0 0 0 0 0 0 0 0 0 6 6 0 0 0 0 0 0 0 0 0 0 0 6 6 0 6 6 0 0 0 0 0 0 0 0 0
Last Time Cost: 00000604 ms
Total Time Cost: 00110700 ms
Total Distance 34: 0 0 0 0 0 0 0 0 0 0 0 6 6 0 0 0 0 0 0 0 0 0 0 0 6 5 0 5 6 0 0 0 0 0 0 0 0 0
Last Time Cost: 00000036 ms
Total Time Cost: 00110736 ms
Total Distance 32: 0 0 0 0 0 0 0 0 0 0 0 5 6 0 0 0 0 0 0 0 0 0 0 0 6 5 0 4 6 0 0 0 0 0 0 0 0 0
Last Time Cost: 00000001 ms
Total Time Cost: 00110737 ms
Total Distance 31: 0 0 0 0 0 0 0 0 0 0 0 5 6 0 0 0 0 0 0 0 0 0 0 0 6 5 0 3 6 0 0 0 0 0 0 0 0 0
Last Time Cost: 00000001 ms
Total Time Cost: 00110738 ms
Total Distance 30: 0 0 0 0 0 0 0 0 0 0 0 5 6 0 0 0 0 0 0 0 0 0 0 0 6 5 0 2 6 0 0 0 0 0 0 0 0 0
Last Time Cost: 00000001 ms
Total Time Cost: 00110739 ms
Total Distance 29: 0 0 0 0 0 0 0 0 0 0 0 5 6 0 0 0 0 0 0 0 0 0 0 0 6 5 0 1 6 0 0 0 0 0 0 0 0 0
Last Time Cost: 00000001 ms
Total Time Cost: 00110740 ms
Total Distance 28: 0 0 0 0 0 0 0 0 0 0 0 5 6 0 0 0 0 0 0 0 0 0 0 0 6 5 0 0 6 0 0 0 0 0 0 0 0 0
Last Time Cost: 00000042 ms
Total Time Cost: 00110782 ms
Total Distance 27: 0 0 0 0 0 0 0 0 0 0 0 4 6 0 0 0 0 0 0 0 0 0 0 0 6 5 0 0 6 0 0 0 0 0 0 0 0 0
Last Time Cost: 00000001 ms
Total Time Cost: 00110783 ms
Total Distance 26: 0 0 0 0 0 0 0 0 0 0 0 3 6 0 0 0 0 0 0 0 0 0 0 0 6 5 0 0 6 0 0 0 0 0 0 0 0 0
Last Time Cost: 00000002 ms
Total Time Cost: 00110785 ms
Total Distance 25: 0 0 0 0 0 0 0 0 0 0 0 2 6 0 0 0 0 0 0 0 0 0 0 0 6 5 0 0 6 0 0 0 0 0 0 0 0 0
Last Time Cost: 00000001 ms
Total Time Cost: 00110786 ms
Total Distance 24: 0 0 0 0 0 0 0 0 0 0 0 1 6 0 0 0 0 0 0 0 0 0 0 0 6 5 0 0 6 0 0 0 0 0 0 0 0 0
Last Time Cost: 00000001 ms
Total Time Cost: 00110787 ms
Total Distance 23: 0 0 0 0 0 0 0 0 0 0 0 0 6 0 0 0 0 0 0 0 0 0 0 0 6 5 0 0 6 0 0 0 0 0 0 0 0 0
Last Time Cost: 00000026 ms
Total Time Cost: 00110813 ms
Total Distance 22: 0 0 0 0 0 0 0 0 0 0 0 0 6 0 0 0 0 0 0 0 0 0 0 0 6 4 0 0 6 0 0 0 0 0 0 0 0 0
Last Time Cost: 00000002 ms
Total Time Cost: 00110815 ms
Total Distance 21: 0 0 0 0 0 0 0 0 0 0 0 0 6 0 0 0 0 0 0 0 0 0 0 0 6 3 0 0 6 0 0 0 0 0 0 0 0 0
Last Time Cost: 00000002 ms
Total Time Cost: 00110817 ms
Total Distance 20: 0 0 0 0 0 0 0 0 0 0 0 0 6 0 0 0 0 0 0 0 0 0 0 0 6 2 0 0 6 0 0 0 0 0 0 0 0 0
Last Time Cost: 00000002 ms
Total Time Cost: 00110819 ms
Total Distance 19: 0 0 0 0 0 0 0 0 0 0 0 0 6 0 0 0 0 0 0 0 0 0 0 0 6 1 0 0 6 0 0 0 0 0 0 0 0 0
Last Time Cost: 00000001 ms
Total Time Cost: 00110820 ms
Total Distance 18: 0 0 0 0 0 0 0 0 0 0 0 0 6 0 0 0 0 0 0 0 0 0 0 0 6 0 0 0 6 0 0 0 0 0 0 0 0 0
Last Time Cost: 00000401 ms
Total Time Cost: 00111221 ms
Total Distance 16: 0 0 0 0 0 0 0 0 0 0 0 0 6 0 0 0 0 0 0 0 0 0 0 0 5 0 0 0 5 0 0 0 0 0 0 0 0 0
Last Time Cost: 00000050 ms
Total Time Cost: 00111271 ms
Total Distance 15: 0 0 0 0 0 0 0 0 0 0 0 0 6 0 0 0 0 0 0 0 0 0 0 0 5 0 0 0 4 0 0 0 0 0 0 0 0 0
Last Time Cost: 00000002 ms
Total Time Cost: 00111273 ms
Total Distance 14: 0 0 0 0 0 0 0 0 0 0 0 0 6 0 0 0 0 0 0 0 0 0 0 0 5 0 0 0 3 0 0 0 0 0 0 0 0 0
Last Time Cost: 00000002 ms
Total Time Cost: 00111275 ms
Total Distance 13: 0 0 0 0 0 0 0 0 0 0 0 0 6 0 0 0 0 0 0 0 0 0 0 0 5 0 0 0 2 0 0 0 0 0 0 0 0 0
Last Time Cost: 00000002 ms
Total Time Cost: 00111277 ms
Total Distance 12: 0 0 0 0 0 0 0 0 0 0 0 0 6 0 0 0 0 0 0 0 0 0 0 0 5 0 0 0 1 0 0 0 0 0 0 0 0 0
Last Time Cost: 00000001 ms
Total Time Cost: 00111278 ms
Total Distance 11: 0 0 0 0 0 0 0 0 0 0 0 0 6 0 0 0 0 0 0 0 0 0 0 0 5 0 0 0 0 0 0 0 0 0 0 0 0 0
Last Time Cost: 00000032 ms
Total Time Cost: 00111310 ms
Total Distance 10: 0 0 0 0 0 0 0 0 0 0 0 0 6 0 0 0 0 0 0 0 0 0 0 0 4 0 0 0 0 0 0 0 0 0 0 0 0 0
Last Time Cost: 00000002 ms
Total Time Cost: 00111312 ms
Total Distance 9: 0 0 0 0 0 0 0 0 0 0 0 0 6 0 0 0 0 0 0 0 0 0 0 0 3 0 0 0 0 0 0 0 0 0 0 0 0 0
Last Time Cost: 00000002 ms
Total Time Cost: 00111314 ms
Total Distance 8: 0 0 0 0 0 0 0 0 0 0 0 0 6 0 0 0 0 0 0 0 0 0 0 0 2 0 0 0 0 0 0 0 0 0 0 0 0 0
Last Time Cost: 00000002 ms
Total Time Cost: 00111316 ms
Total Distance 7: 0 0 0 0 0 0 0 0 0 0 0 0 6 0 0 0 0 0 0 0 0 0 0 0 1 0 0 0 0 0 0 0 0 0 0 0 0 0
Last Time Cost: 00000002 ms
Total Time Cost: 00111318 ms
Total Distance 6: 0 0 0 0 0 0 0 0 0 0 0 0 6 0 0 0 0 0 0 0 0 0 0 0 0 0 0 0 0 0 0 0 0 0 0 0 0 0
Last Time Cost: 00000165 ms
Total Time Cost: 00111483 ms
Total Distance 5: 0 0 0 0 0 0 0 0 0 0 0 0 5 0 0 0 0 0 0 0 0 0 0 0 0 0 0 0 0 0 0 0 0 0 0 0 0 0
Last Time Cost: 00000036 ms
Total Time Cost: 00111519 ms
Total Distance 4: 0 0 0 0 0 0 0 0 0 0 0 0 4 0 0 0 0 0 0 0 0 0 0 0 0 0 0 0 0 0 0 0 0 0 0 0 0 0
Last Time Cost: 00000000 ms
Total Time Cost: 00111519 ms
Total Distance 3: 0 0 0 0 0 0 0 0 0 0 0 0 3 0 0 0 0 0 0 0 0 0 0 0 0 0 0 0 0 0 0 0 0 0 0 0 0 0
Last Time Cost: 00000000 ms
Total Time Cost: 00111519 ms
Total Distance 2: 0 0 0 0 0 0 0 0 0 0 0 0 2 0 0 0 0 0 0 0 0 0 0 0 0 0 0 0 0 0 0 0 0 0 0 0 0 0
Last Time Cost: 00000000 ms
Total Time Cost: 00111519 ms
Total Distance 1: 0 0 0 0 0 0 0 0 0 0 0 0 1 0 0 0 0 0 0 0 0 0 0 0 0 0 0 0 0 0 0 0 0 0 0 0 0 0
Last Time Cost: 00000000 ms
Total Time Cost: 00111519 ms
Total Distance 0: 0 0 0 0 0 0 0 0 0 0 0 0 0 0 0 0 0 0 0 0 0 0 0 0 0 0 0 0 0 0 0 0 0 0 0 0 0 0
