Last Time Cost: 00000000 ms
Total Time Cost: 00000000 ms
Total Distance 252: 8 8 8 8 8 8 8 8 8 6 6 6 6 6 6 6 6 6 7 7 7 7 7 7 7 7 7 7 7 7 7 7 7 7 7 7
Last Time Cost: 00000007 ms
Total Time Cost: 00000007 ms
Total Distance 246: 7 8 8 8 8 8 8 8 8 6 5 5 6 6 6 5 6 6 7 7 7 6 6 7 7 7 7 7 7 7 7 7 7 7 7 7
Last Time Cost: 00000003 ms
Total Time Cost: 00000010 ms
Total Distance 240: 7 8 7 8 8 8 8 8 8 6 4 5 6 6 6 5 5 6 6 7 7 6 6 7 7 7 7 7 7 7 7 7 7 7 6 6
Last Time Cost: 00000003 ms
Total Time Cost: 00000013 ms
Total Distance 235: 7 8 6 8 8 7 8 8 8 6 4 4 6 6 6 5 5 5 5 7 7 6 6 7 7 7 7 7 7 7 7 7 7 7 6 6
Last Time Cost: 00000003 ms
Total Time Cost: 00000016 ms
Total Distance 230: 7 7 6 8 8 6 8 8 8 6 4 4 6 6 5 5 5 5 5 7 7 6 6 6 7 6 7 7 7 7 7 7 7 7 6 6
Last Time Cost: 00000003 ms
Total Time Cost: 00000019 ms
Total Distance 225: 6 6 6 8 8 6 8 8 8 6 4 4 6 6 5 5 5 5 5 7 7 6 6 6 6 6 7 7 7 7 6 6 7 7 6 6
Last Time Cost: 00000003 ms
Total Time Cost: 00000022 ms
Total Distance 221: 6 5 6 8 8 6 8 8 8 6 4 4 6 6 4 5 5 5 5 7 7 6 6 5 6 5 7 7 7 7 6 6 7 7 6 6
Last Time Cost: 00000003 ms
Total Time Cost: 00000025 ms
Total Distance 217: 6 5 6 8 8 6 8 8 8 5 4 4 5 6 4 5 5 5 4 7 7 6 6 5 6 5 6 7 7 7 6 6 7 7 6 6
Last Time Cost: 00000003 ms
Total Time Cost: 00000028 ms
Total Distance 213: 5 5 6 8 8 6 8 8 8 5 4 4 5 5 4 5 5 5 4 6 7 6 6 5 6 5 6 7 7 6 6 6 7 7 6 6
Last Time Cost: 00000003 ms
Total Time Cost: 00000031 ms
Total Distance 209: 5 5 6 8 8 6 7 8 8 4 4 4 5 5 4 5 5 5 4 6 7 6 6 5 6 5 6 7 6 6 6 5 7 7 6 6
Last Time Cost: 00000003 ms
Total Time Cost: 00000034 ms
Total Distance 205: 5 5 5 8 8 6 7 8 7 4 4 4 5 5 4 5 4 5 4 6 7 6 6 5 6 5 6 7 6 6 6 5 6 7 6 6
Last Time Cost: 00000003 ms
Total Time Cost: 00000037 ms
Total Distance 201: 5 5 5 7 8 5 7 8 6 4 4 4 5 5 4 5 4 5 4 6 7 6 6 5 6 5 5 7 6 6 6 5 6 7 6 6
Last Time Cost: 00000003 ms
Total Time Cost: 00000040 ms
Total Distance 198: 5 5 4 7 8 4 7 8 6 4 4 3 5 5 4 5 4 5 4 6 7 6 6 5 6 5 5 7 6 6 6 5 6 7 6 6
Last Time Cost: 00000004 ms
Total Time Cost: 00000044 ms
Total Distance 195: 5 5 4 7 8 4 7 8 6 3 4 3 4 5 4 5 4 5 4 6 7 6 6 5 6 5 5 7 6 6 6 4 6 7 6 6
Last Time Cost: 00000004 ms
Total Time Cost: 00000048 ms
Total Distance 192: 5 4 4 7 8 4 7 8 6 3 4 3 4 5 4 5 4 5 4 6 7 6 6 4 6 5 5 7 5 6 6 4 6 7 6 6
Last Time Cost: 00000004 ms
Total Time Cost: 00000052 ms
Total Distance 189: 5 4 4 7 8 4 7 8 6 3 4 3 4 5 4 4 4 5 4 6 7 5 6 4 6 5 5 7 5 6 6 4 6 6 6 6
Last Time Cost: 00000004 ms
Total Time Cost: 00000056 ms
Total Distance 186: 5 4 4 7 8 4 7 8 6 3 4 3 4 5 4 4 4 5 4 6 7 4 5 4 6 5 5 7 5 6 6 4 6 5 6 6
Last Time Cost: 00000004 ms
Total Time Cost: 00000060 ms
Total Distance 183: 5 4 4 7 8 4 6 8 6 3 4 3 4 5 4 4 4 4 4 6 7 4 5 4 6 5 5 6 5 6 6 4 6 5 6 6
Last Time Cost: 00000004 ms
Total Time Cost: 00000064 ms
Total Distance 180: 5 4 4 7 8 4 6 7 6 3 4 3 4 5 4 4 4 4 4 5 6 4 5 4 6 5 5 6 5 6 6 4 6 5 6 6
Last Time Cost: 00000003 ms
Total Time Cost: 00000067 ms
Total Distance 178: 5 4 4 7 8 4 6 7 6 2 4 3 4 5 4 4 4 4 4 5 6 4 5 4 6 5 5 6 5 6 6 3 6 5 6 6
Last Time Cost: 00000004 ms
Total Time Cost: 00000071 ms
Total Distance 176: 5 4 4 7 8 4 6 7 6 2 4 3 4 5 4 4 4 4 4 5 6 4 5 4 6 5 4 6 5 6 6 2 6 5 6 6
Last Time Cost: 00000004 ms
Total Time Cost: 00000075 ms
Total Distance 174: 5 4 3 7 8 4 6 7 6 2 4 3 4 5 4 4 3 4 4 5 6 4 5 4 6 5 4 6 5 6 6 2 6 5 6 6
Last Time Cost: 00000004 ms
Total Time Cost: 00000079 ms
Total Distance 172: 5 4 3 7 8 4 6 7 6 2 4 3 3 5 4 4 3 4 4 5 6 3 5 4 6 5 4 6 5 6 6 2 6 5 6 6
Last Time Cost: 00000004 ms
Total Time Cost: 00000083 ms
Total Distance 170: 5 4 3 7 8 4 6 7 6 2 4 3 3 5 4 4 3 3 3 5 6 3 5 4 6 5 4 6 5 6 6 2 6 5 6 6
Last Time Cost: 00000005 ms
Total Time Cost: 00000088 ms
Total Distance 168: 5 3 3 7 8 4 6 7 6 2 4 3 3 5 4 4 3 3 3 5 6 3 5 3 6 5 4 6 5 6 6 2 6 5 6 6
Last Time Cost: 00000005 ms
Total Time Cost: 00000093 ms
Total Distance 166: 5 3 3 7 8 4 6 7 6 2 4 2 3 5 4 4 3 3 3 5 6 3 5 3 6 5 4 6 5 6 5 2 6 5 6 6
Last Time Cost: 00000005 ms
Total Time Cost: 00000098 ms
Total Distance 164: 5 3 3 7 8 4 6 7 6 2 4 2 3 5 4 4 2 3 3 5 6 3 5 3 5 5 4 6 5 6 5 2 6 5 6 6
Last Time Cost: 00000006 ms
Total Time Cost: 00000104 ms
Total Distance 162: 5 3 3 7 8 4 6 7 6 2 4 2 3 5 4 4 2 3 3 4 6 3 5 3 5 5 3 6 5 6 5 2 6 5 6 6
Last Time Cost: 00000006 ms
Total Time Cost: 00000110 ms
Total Distance 160: 5 3 3 7 8 4 6 7 6 2 4 2 3 5 4 4 2 3 3 4 6 2 5 3 5 5 3 6 4 6 5 2 6 5 6 6
Last Time Cost: 00000007 ms
Total Time Cost: 00000117 ms
Total Distance 158: 5 3 3 7 8 4 6 7 6 2 4 2 3 5 4 4 2 3 3 3 6 2 5 3 5 5 3 6 3 6 5 2 6 5 6 6
Last Time Cost: 00000007 ms
Total Time Cost: 00000124 ms
Total Distance 156: 5 3 3 7 8 4 6 7 6 2 4 2 3 5 4 3 2 3 3 3 6 2 5 3 4 5 3 6 3 6 5 2 6 5 6 6
Last Time Cost: 00000008 ms
Total Time Cost: 00000132 ms
Total Distance 154: 5 3 3 7 8 4 5 7 6 2 4 2 3 5 4 3 2 2 3 3 6 2 5 3 4 5 3 6 3 6 5 2 6 5 6 6
Last Time Cost: 00000008 ms
Total Time Cost: 00000140 ms
Total Distance 152: 5 3 3 7 8 4 5 7 6 2 4 2 3 5 4 2 2 2 3 3 5 2 5 3 4 5 3 6 3 6 5 2 6 5 6 6
Last Time Cost: 00000009 ms
Total Time Cost: 00000149 ms
Total Distance 150: 4 3 3 7 8 4 5 7 6 2 3 2 3 5 4 2 2 2 3 3 5 2 5 3 4 5 3 6 3 6 5 2 6 5 6 6
Last Time Cost: 00000010 ms
Total Time Cost: 00000159 ms
Total Distance 148: 4 3 3 7 8 4 5 7 6 2 2 2 3 5 4 2 2 2 3 3 5 2 5 3 4 5 3 6 3 6 5 2 6 5 6 5
Last Time Cost: 00000010 ms
Total Time Cost: 00000169 ms
Total Distance 146: 4 3 3 7 8 4 5 7 6 2 1 2 3 5 4 2 2 2 3 3 5 2 5 3 4 5 3 6 3 6 5 2 6 5 6 4
Last Time Cost: 00000001 ms
Total Time Cost: 00000170 ms
Total Distance 145: 4 3 3 7 8 4 5 7 6 2 0 2 3 5 4 2 2 2 3 3 5 2 5 3 4 5 3 6 3 6 5 2 6 5 6 4
Last Time Cost: 00000012 ms
Total Time Cost: 00000182 ms
Total Distance 143: 4 3 3 7 8 4 5 7 6 2 0 2 2 5 4 2 2 2 3 3 5 2 5 3 4 5 3 6 3 6 5 2 6 5 6 3
Last Time Cost: 00000013 ms
Total Time Cost: 00000195 ms
Total Distance 141: 4 3 3 7 8 4 5 7 6 2 0 2 2 5 4 2 2 2 3 3 4 2 5 3 4 5 3 6 3 6 4 2 6 5 6 3
Last Time Cost: 00000013 ms
Total Time Cost: 00000208 ms
Total Distance 139: 4 3 3 7 8 4 5 7 6 2 0 2 2 5 4 2 2 2 3 3 3 2 5 3 4 5 3 6 3 6 4 2 6 4 6 3
Last Time Cost: 00000014 ms
Total Time Cost: 00000222 ms
Total Distance 136: 4 3 3 7 8 4 5 6 6 2 0 2 2 4 4 2 2 2 3 3 3 2 5 3 4 5 3 6 3 5 4 2 6 4 6 3
Last Time Cost: 00000012 ms
Total Time Cost: 00000234 ms
Total Distance 134: 4 3 3 7 8 4 5 6 6 2 0 2 2 3 4 2 2 2 3 3 3 2 5 3 4 5 3 6 3 5 4 2 6 4 5 3
Last Time Cost: 00000012 ms
Total Time Cost: 00000246 ms
Total Distance 132: 3 3 3 6 8 4 5 6 6 2 0 2 2 3 4 2 2 2 3 3 3 2 5 3 4 5 3 6 3 5 4 2 6 4 5 3
Last Time Cost: 00000009 ms
Total Time Cost: 00000255 ms
Total Distance 130: 3 3 3 5 8 4 5 6 6 2 0 2 2 3 4 2 2 2 3 3 3 2 5 3 4 5 3 6 3 5 4 2 6 3 5 3
Last Time Cost: 00000010 ms
Total Time Cost: 00000265 ms
Total Distance 128: 3 3 3 4 8 3 5 6 6 2 0 2 2 3 4 2 2 2 3 3 3 2 5 3 4 5 3 6 3 5 4 2 6 3 5 3
Last Time Cost: 00000010 ms
Total Time Cost: 00000275 ms
Total Distance 126: 3 3 3 3 8 3 5 5 6 2 0 2 2 3 4 2 2 2 3 3 3 2 5 3 4 5 3 6 3 5 4 2 6 3 5 3
Last Time Cost: 00000011 ms
Total Time Cost: 00000286 ms
Total Distance 124: 3 3 3 3 8 2 5 5 6 2 0 2 2 3 3 2 2 2 3 3 3 2 5 3 4 5 3 6 3 5 4 2 6 3 5 3
Last Time Cost: 00000012 ms
Total Time Cost: 00000298 ms
Total Distance 122: 3 3 3 3 8 2 5 4 6 2 0 2 2 3 3 2 2 2 3 3 3 2 5 3 4 5 3 6 3 4 4 2 6 3 5 3
Last Time Cost: 00000013 ms
Total Time Cost: 00000311 ms
Total Distance 120: 3 3 3 3 7 1 5 4 6 2 0 2 2 3 3 2 2 2 3 3 3 2 5 3 4 5 3 6 3 4 4 2 6 3 5 3
Last Time Cost: 00000001 ms
Total Time Cost: 00000312 ms
Total Distance 119: 3 3 3 3 7 0 5 4 6 2 0 2 2 3 3 2 2 2 3 3 3 2 5 3 4 5 3 6 3 4 4 2 6 3 5 3
Last Time Cost: 00000009 ms
Total Time Cost: 00000321 ms
Total Distance 117: 3 3 3 3 7 0 5 4 6 2 0 2 2 3 3 2 2 2 3 3 3 2 5 3 4 5 3 6 3 4 3 2 5 3 5 3
Last Time Cost: 00000009 ms
Total Time Cost: 00000330 ms
Total Distance 115: 3 3 3 3 7 0 5 4 5 2 0 2 2 3 3 2 2 2 3 3 3 2 5 3 4 5 3 6 3 4 3 2 4 3 5 3
Last Time Cost: 00000009 ms
Total Time Cost: 00000339 ms
Total Distance 113: 3 3 3 3 6 0 5 4 5 2 0 2 2 3 3 2 2 2 3 3 3 2 5 3 4 5 3 5 3 4 3 2 4 3 5 3
Last Time Cost: 00000002 ms
Total Time Cost: 00000341 ms
Total Distance 112: 3 3 3 3 6 0 5 4 5 2 0 2 1 3 3 2 2 2 3 3 3 2 5 3 4 5 3 5 3 4 3 2 4 3 5 3
Last Time Cost: 00000001 ms
Total Time Cost: 00000342 ms
Total Distance 111: 3 3 3 3 6 0 5 4 5 2 0 2 0 3 3 2 2 2 3 3 3 2 5 3 4 5 3 5 3 4 3 2 4 3 5 3
Last Time Cost: 00000002 ms
Total Time Cost: 00000344 ms
Total Distance 110: 3 3 3 3 6 0 5 4 5 2 0 2 0 3 3 2 1 2 3 3 3 2 5 3 4 5 3 5 3 4 3 2 4 3 5 3
Last Time Cost: 00000001 ms
Total Time Cost: 00000345 ms
Total Distance 109: 3 3 3 3 6 0 5 4 5 2 0 2 0 3 3 2 0 2 3 3 3 2 5 3 4 5 3 5 3 4 3 2 4 3 5 3
Last Time Cost: 00000003 ms
Total Time Cost: 00000348 ms
Total Distance 108: 3 3 3 3 6 0 5 4 5 1 0 2 0 3 3 2 0 2 3 3 3 2 5 3 4 5 3 5 3 4 3 2 4 3 5 3
Last Time Cost: 00000001 ms
Total Time Cost: 00000349 ms
Total Distance 107: 3 3 3 3 6 0 5 4 5 0 0 2 0 3 3 2 0 2 3 3 3 2 5 3 4 5 3 5 3 4 3 2 4 3 5 3
Last Time Cost: 00000003 ms
Total Time Cost: 00000352 ms
Total Distance 106: 3 3 3 3 6 0 5 4 5 0 0 2 0 3 3 2 0 2 3 3 3 2 5 3 4 5 3 5 3 4 3 1 4 3 5 3
Last Time Cost: 00000001 ms
Total Time Cost: 00000353 ms
Total Distance 105: 3 3 3 3 6 0 5 4 5 0 0 2 0 3 3 2 0 2 3 3 3 2 5 3 4 5 3 5 3 4 3 0 4 3 5 3
Last Time Cost: 00000003 ms
Total Time Cost: 00000356 ms
Total Distance 104: 3 3 3 3 6 0 5 4 5 0 0 2 0 3 3 2 0 1 3 3 3 2 5 3 4 5 3 5 3 4 3 0 4 3 5 3
Last Time Cost: 00000001 ms
Total Time Cost: 00000357 ms
Total Distance 103: 3 3 3 3 6 0 5 4 5 0 0 2 0 3 3 2 0 0 3 3 3 2 5 3 4 5 3 5 3 4 3 0 4 3 5 3
Last Time Cost: 00000003 ms
Total Time Cost: 00000360 ms
Total Distance 102: 3 3 3 3 6 0 5 4 5 0 0 2 0 3 3 2 0 0 3 3 3 1 5 3 4 5 3 5 3 4 3 0 4 3 5 3
Last Time Cost: 00000001 ms
Total Time Cost: 00000361 ms
Total Distance 101: 3 3 3 3 6 0 5 4 5 0 0 2 0 3 3 2 0 0 3 3 3 0 5 3 4 5 3 5 3 4 3 0 4 3 5 3
Last Time Cost: 00000004 ms
Total Time Cost: 00000365 ms
Total Distance 100: 3 3 3 3 6 0 5 4 5 0 0 2 0 3 3 1 0 0 3 3 3 0 5 3 4 5 3 5 3 4 3 0 4 3 5 3
Last Time Cost: 00000001 ms
Total Time Cost: 00000366 ms
Total Distance 99: 3 3 3 3 6 0 5 4 5 0 0 2 0 3 3 0 0 0 3 3 3 0 5 3 4 5 3 5 3 4 3 0 4 3 5 3
Last Time Cost: 00000004 ms
Total Time Cost: 00000370 ms
Total Distance 98: 3 3 3 3 6 0 5 4 5 0 0 1 0 3 3 0 0 0 3 3 3 0 5 3 4 5 3 5 3 4 3 0 4 3 5 3
Last Time Cost: 00000001 ms
Total Time Cost: 00000371 ms
Total Distance 97: 3 3 3 3 6 0 5 4 5 0 0 0 0 3 3 0 0 0 3 3 3 0 5 3 4 5 3 5 3 4 3 0 4 3 5 3
Last Time Cost: 00000004 ms
Total Time Cost: 00000375 ms
Total Distance 96: 3 3 3 3 6 0 5 4 5 0 0 0 0 3 3 0 0 0 3 3 3 0 5 2 4 5 3 5 3 4 3 0 4 3 5 3
Last Time Cost: 00000001 ms
Total Time Cost: 00000376 ms
Total Distance 95: 3 3 3 3 6 0 5 4 5 0 0 0 0 3 3 0 0 0 3 3 3 0 5 1 4 5 3 5 3 4 3 0 4 3 5 3
Last Time Cost: 00000001 ms
Total Time Cost: 00000377 ms
Total Distance 94: 3 3 3 3 6 0 5 4 5 0 0 0 0 3 3 0 0 0 3 3 3 0 5 0 4 5 3 5 3 4 3 0 4 3 5 3
Last Time Cost: 00000004 ms
Total Time Cost: 00000381 ms
Total Distance 93: 3 3 3 3 6 0 5 4 5 0 0 0 0 3 3 0 0 0 3 3 2 0 5 0 4 5 3 5 3 4 3 0 4 3 5 3
Last Time Cost: 00000001 ms
Total Time Cost: 00000382 ms
Total Distance 92: 3 3 3 3 6 0 5 4 5 0 0 0 0 3 3 0 0 0 3 3 1 0 5 0 4 5 3 5 3 4 3 0 4 3 5 3
Last Time Cost: 00000001 ms
Total Time Cost: 00000383 ms
Total Distance 91: 3 3 3 3 6 0 5 4 5 0 0 0 0 3 3 0 0 0 3 3 0 0 5 0 4 5 3 5 3 4 3 0 4 3 5 3
Last Time Cost: 00000005 ms
Total Time Cost: 00000388 ms
Total Distance 90: 3 3 3 2 6 0 5 4 5 0 0 0 0 3 3 0 0 0 3 3 0 0 5 0 4 5 3 5 3 4 3 0 4 3 5 3
Last Time Cost: 00000001 ms
Total Time Cost: 00000389 ms
Total Distance 89: 3 3 3 1 6 0 5 4 5 0 0 0 0 3 3 0 0 0 3 3 0 0 5 0 4 5 3 5 3 4 3 0 4 3 5 3
Last Time Cost: 00000001 ms
Total Time Cost: 00000390 ms
Total Distance 88: 3 3 3 0 6 0 5 4 5 0 0 0 0 3 3 0 0 0 3 3 0 0 5 0 4 5 3 5 3 4 3 0 4 3 5 3
Last Time Cost: 00000005 ms
Total Time Cost: 00000395 ms
Total Distance 87: 3 3 3 0 6 0 5 4 5 0 0 0 0 3 3 0 0 0 3 3 0 0 5 0 4 5 3 5 3 4 3 0 4 3 5 2
Last Time Cost: 00000001 ms
Total Time Cost: 00000396 ms
Total Distance 86: 3 3 3 0 6 0 5 4 5 0 0 0 0 3 3 0 0 0 3 3 0 0 5 0 4 5 3 5 3 4 3 0 4 3 5 1
Last Time Cost: 00000001 ms
Total Time Cost: 00000397 ms
Total Distance 85: 3 3 3 0 6 0 5 4 5 0 0 0 0 3 3 0 0 0 3 3 0 0 5 0 4 5 3 5 3 4 3 0 4 3 5 0
Last Time Cost: 00000006 ms
Total Time Cost: 00000403 ms
Total Distance 83: 3 3 3 0 6 0 4 4 5 0 0 0 0 3 3 0 0 0 2 3 0 0 5 0 4 5 3 5 3 4 3 0 4 3 5 0
Last Time Cost: 00000006 ms
Total Time Cost: 00000409 ms
Total Distance 81: 3 3 3 0 6 0 4 4 5 0 0 0 0 3 3 0 0 0 2 3 0 0 4 0 3 5 3 5 3 4 3 0 4 3 5 0
Last Time Cost: 00000005 ms
Total Time Cost: 00000414 ms
Total Distance 80: 3 3 3 0 6 0 4 4 5 0 0 0 0 3 3 0 0 0 1 3 0 0 4 0 3 5 3 5 3 4 3 0 4 3 5 0
Last Time Cost: 00000001 ms
Total Time Cost: 00000415 ms
Total Distance 79: 3 3 3 0 6 0 4 4 5 0 0 0 0 3 3 0 0 0 0 3 0 0 4 0 3 5 3 5 3 4 3 0 4 3 5 0
Last Time Cost: 00000005 ms
Total Time Cost: 00000420 ms
Total Distance 78: 2 3 3 0 6 0 4 4 5 0 0 0 0 3 3 0 0 0 0 3 0 0 4 0 3 5 3 5 3 4 3 0 4 3 5 0
Last Time Cost: 00000001 ms
Total Time Cost: 00000421 ms
Total Distance 77: 1 3 3 0 6 0 4 4 5 0 0 0 0 3 3 0 0 0 0 3 0 0 4 0 3 5 3 5 3 4 3 0 4 3 5 0
Last Time Cost: 00000001 ms
Total Time Cost: 00000422 ms
Total Distance 76: 0 3 3 0 6 0 4 4 5 0 0 0 0 3 3 0 0 0 0 3 0 0 4 0 3 5 3 5 3 4 3 0 4 3 5 0
Last Time Cost: 00000006 ms
Total Time Cost: 00000428 ms
Total Distance 75: 0 3 3 0 6 0 4 4 5 0 0 0 0 3 2 0 0 0 0 3 0 0 4 0 3 5 3 5 3 4 3 0 4 3 5 0
Last Time Cost: 00000001 ms
Total Time Cost: 00000429 ms
Total Distance 74: 0 3 3 0 6 0 4 4 5 0 0 0 0 3 1 0 0 0 0 3 0 0 4 0 3 5 3 5 3 4 3 0 4 3 5 0
Last Time Cost: 00000000 ms
Total Time Cost: 00000429 ms
Total Distance 73: 0 3 3 0 6 0 4 4 5 0 0 0 0 3 0 0 0 0 0 3 0 0 4 0 3 5 3 5 3 4 3 0 4 3 5 0
Last Time Cost: 00000007 ms
Total Time Cost: 00000436 ms
Total Distance 72: 0 2 3 0 6 0 4 4 5 0 0 0 0 3 0 0 0 0 0 3 0 0 4 0 3 5 3 5 3 4 3 0 4 3 5 0
Last Time Cost: 00000001 ms
Total Time Cost: 00000437 ms
Total Distance 71: 0 1 3 0 6 0 4 4 5 0 0 0 0 3 0 0 0 0 0 3 0 0 4 0 3 5 3 5 3 4 3 0 4 3 5 0
Last Time Cost: 00000001 ms
Total Time Cost: 00000438 ms
Total Distance 70: 0 0 3 0 6 0 4 4 5 0 0 0 0 3 0 0 0 0 0 3 0 0 4 0 3 5 3 5 3 4 3 0 4 3 5 0
Last Time Cost: 00000007 ms
Total Time Cost: 00000445 ms
Total Distance 69: 0 0 3 0 6 0 4 4 5 0 0 0 0 2 0 0 0 0 0 3 0 0 4 0 3 5 3 5 3 4 3 0 4 3 5 0
Last Time Cost: 00000001 ms
Total Time Cost: 00000446 ms
Total Distance 68: 0 0 3 0 6 0 4 4 5 0 0 0 0 1 0 0 0 0 0 3 0 0 4 0 3 5 3 5 3 4 3 0 4 3 5 0
Last Time Cost: 00000001 ms
Total Time Cost: 00000447 ms
Total Distance 67: 0 0 3 0 6 0 4 4 5 0 0 0 0 0 0 0 0 0 0 3 0 0 4 0 3 5 3 5 3 4 3 0 4 3 5 0
Last Time Cost: 00000008 ms
Total Time Cost: 00000455 ms
Total Distance 65: 0 0 3 0 6 0 4 4 5 0 0 0 0 0 0 0 0 0 0 3 0 0 4 0 3 5 3 5 3 4 3 0 3 3 4 0
Last Time Cost: 00000007 ms
Total Time Cost: 00000462 ms
Total Distance 63: 0 0 3 0 6 0 4 4 5 0 0 0 0 0 0 0 0 0 0 3 0 0 4 0 3 5 3 5 3 3 3 0 3 3 3 0
Last Time Cost: 00000008 ms
Total Time Cost: 00000470 ms
Total Distance 62: 0 0 3 0 6 0 4 4 5 0 0 0 0 0 0 0 0 0 0 3 0 0 4 0 3 5 3 5 3 3 3 0 3 2 3 0
Last Time Cost: 00000001 ms
Total Time Cost: 00000471 ms
Total Distance 61: 0 0 3 0 6 0 4 4 5 0 0 0 0 0 0 0 0 0 0 3 0 0 4 0 3 5 3 5 3 3 3 0 3 1 3 0
Last Time Cost: 00000001 ms
Total Time Cost: 00000472 ms
Total Distance 60: 0 0 3 0 6 0 4 4 5 0 0 0 0 0 0 0 0 0 0 3 0 0 4 0 3 5 3 5 3 3 3 0 3 0 3 0
Last Time Cost: 00000008 ms
Total Time Cost: 00000480 ms
Total Distance 59: 0 0 3 0 6 0 4 4 5 0 0 0 0 0 0 0 0 0 0 3 0 0 4 0 3 5 2 5 3 3 3 0 3 0 3 0
Last Time Cost: 00000001 ms
Total Time Cost: 00000481 ms
Total Distance 58: 0 0 3 0 6 0 4 4 5 0 0 0 0 0 0 0 0 0 0 3 0 0 4 0 3 5 1 5 3 3 3 0 3 0 3 0
Last Time Cost: 00000001 ms
Total Time Cost: 00000482 ms
Total Distance 57: 0 0 3 0 6 0 4 4 5 0 0 0 0 0 0 0 0 0 0 3 0 0 4 0 3 5 0 5 3 3 3 0 3 0 3 0
Last Time Cost: 00000009 ms
Total Time Cost: 00000491 ms
Total Distance 56: 0 0 3 0 6 0 4 4 5 0 0 0 0 0 0 0 0 0 0 3 0 0 4 0 3 5 0 5 3 3 3 0 3 0 2 0
Last Time Cost: 00000001 ms
Total Time Cost: 00000492 ms
Total Distance 55: 0 0 3 0 6 0 4 4 5 0 0 0 0 0 0 0 0 0 0 3 0 0 4 0 3 5 0 5 3 3 3 0 3 0 1 0
Last Time Cost: 00000001 ms
Total Time Cost: 00000493 ms
Total Distance 54: 0 0 3 0 6 0 4 4 5 0 0 0 0 0 0 0 0 0 0 3 0 0 4 0 3 5 0 5 3 3 3 0 3 0 0 0
Last Time Cost: 00000010 ms
Total Time Cost: 00000503 ms
Total Distance 53: 0 0 3 0 6 0 4 4 5 0 0 0 0 0 0 0 0 0 0 3 0 0 4 0 3 5 0 5 3 2 3 0 3 0 0 0
Last Time Cost: 00000001 ms
Total Time Cost: 00000504 ms
Total Distance 52: 0 0 3 0 6 0 4 4 5 0 0 0 0 0 0 0 0 0 0 3 0 0 4 0 3 5 0 5 3 1 3 0 3 0 0 0
Last Time Cost: 00000001 ms
Total Time Cost: 00000505 ms
Total Distance 51: 0 0 3 0 6 0 4 4 5 0 0 0 0 0 0 0 0 0 0 3 0 0 4 0 3 5 0 5 3 0 3 0 3 0 0 0
Last Time Cost: 00000011 ms
Total Time Cost: 00000516 ms
Total Distance 49: 0 0 3 0 6 0 4 4 4 0 0 0 0 0 0 0 0 0 0 3 0 0 4 0 3 5 0 5 3 0 3 0 2 0 0 0
Last Time Cost: 00000010 ms
Total Time Cost: 00000526 ms
Total Distance 48: 0 0 3 0 6 0 4 4 4 0 0 0 0 0 0 0 0 0 0 3 0 0 4 0 3 5 0 5 3 0 3 0 1 0 0 0
Last Time Cost: 00000001 ms
Total Time Cost: 00000527 ms
Total Distance 47: 0 0 3 0 6 0 4 4 4 0 0 0 0 0 0 0 0 0 0 3 0 0 4 0 3 5 0 5 3 0 3 0 0 0 0 0
Last Time Cost: 00000010 ms
Total Time Cost: 00000537 ms
Total Distance 46: 0 0 3 0 6 0 4 4 4 0 0 0 0 0 0 0 0 0 0 3 0 0 4 0 2 5 0 5 3 0 3 0 0 0 0 0
Last Time Cost: 00000001 ms
Total Time Cost: 00000538 ms
Total Distance 45: 0 0 3 0 6 0 4 4 4 0 0 0 0 0 0 0 0 0 0 3 0 0 4 0 1 5 0 5 3 0 3 0 0 0 0 0
Last Time Cost: 00000001 ms
Total Time Cost: 00000539 ms
Total Distance 44: 0 0 3 0 6 0 4 4 4 0 0 0 0 0 0 0 0 0 0 3 0 0 4 0 0 5 0 5 3 0 3 0 0 0 0 0
Last Time Cost: 00000011 ms
Total Time Cost: 00000550 ms
Total Distance 43: 0 0 3 0 6 0 4 4 4 0 0 0 0 0 0 0 0 0 0 2 0 0 4 0 0 5 0 5 3 0 3 0 0 0 0 0
Last Time Cost: 00000001 ms
Total Time Cost: 00000551 ms
Total Distance 42: 0 0 3 0 6 0 4 4 4 0 0 0 0 0 0 0 0 0 0 1 0 0 4 0 0 5 0 5 3 0 3 0 0 0 0 0
Last Time Cost: 00000001 ms
Total Time Cost: 00000552 ms
Total Distance 41: 0 0 3 0 6 0 4 4 4 0 0 0 0 0 0 0 0 0 0 0 0 0 4 0 0 5 0 5 3 0 3 0 0 0 0 0
Last Time Cost: 00000012 ms
Total Time Cost: 00000564 ms
Total Distance 39: 0 0 3 0 5 0 4 4 4 0 0 0 0 0 0 0 0 0 0 0 0 0 4 0 0 5 0 4 3 0 3 0 0 0 0 0
Last Time Cost: 00000005 ms
Total Time Cost: 00000569 ms
Total Distance 38: 0 0 2 0 5 0 4 4 4 0 0 0 0 0 0 0 0 0 0 0 0 0 4 0 0 5 0 4 3 0 3 0 0 0 0 0
Last Time Cost: 00000000 ms
Total Time Cost: 00000569 ms
Total Distance 37: 0 0 1 0 5 0 4 4 4 0 0 0 0 0 0 0 0 0 0 0 0 0 4 0 0 5 0 4 3 0 3 0 0 0 0 0
Last Time Cost: 00000000 ms
Total Time Cost: 00000569 ms
Total Distance 36: 0 0 0 0 5 0 4 4 4 0 0 0 0 0 0 0 0 0 0 0 0 0 4 0 0 5 0 4 3 0 3 0 0 0 0 0
Last Time Cost: 00000005 ms
Total Time Cost: 00000574 ms
Total Distance 35: 0 0 0 0 5 0 4 4 4 0 0 0 0 0 0 0 0 0 0 0 0 0 4 0 0 5 0 4 2 0 3 0 0 0 0 0
Last Time Cost: 00000000 ms
Total Time Cost: 00000574 ms
Total Distance 34: 0 0 0 0 5 0 4 4 4 0 0 0 0 0 0 0 0 0 0 0 0 0 4 0 0 5 0 4 1 0 3 0 0 0 0 0
Last Time Cost: 00000000 ms
Total Time Cost: 00000574 ms
Total Distance 33: 0 0 0 0 5 0 4 4 4 0 0 0 0 0 0 0 0 0 0 0 0 0 4 0 0 5 0 4 0 0 3 0 0 0 0 0
Last Time Cost: 00000006 ms
Total Time Cost: 00000580 ms
Total Distance 32: 0 0 0 0 5 0 4 4 4 0 0 0 0 0 0 0 0 0 0 0 0 0 4 0 0 5 0 4 0 0 2 0 0 0 0 0
Last Time Cost: 00000000 ms
Total Time Cost: 00000580 ms
Total Distance 31: 0 0 0 0 5 0 4 4 4 0 0 0 0 0 0 0 0 0 0 0 0 0 4 0 0 5 0 4 0 0 1 0 0 0 0 0
Last Time Cost: 00000000 ms
Total Time Cost: 00000580 ms
Total Distance 30: 0 0 0 0 5 0 4 4 4 0 0 0 0 0 0 0 0 0 0 0 0 0 4 0 0 5 0 4 0 0 0 0 0 0 0 0
Last Time Cost: 00000006 ms
Total Time Cost: 00000586 ms
Total Distance 29: 0 0 0 0 5 0 3 4 4 0 0 0 0 0 0 0 0 0 0 0 0 0 4 0 0 5 0 4 0 0 0 0 0 0 0 0
Last Time Cost: 00000000 ms
Total Time Cost: 00000586 ms
Total Distance 28: 0 0 0 0 5 0 2 4 4 0 0 0 0 0 0 0 0 0 0 0 0 0 4 0 0 5 0 4 0 0 0 0 0 0 0 0
Last Time Cost: 00000000 ms
Total Time Cost: 00000586 ms
Total Distance 27: 0 0 0 0 5 0 1 4 4 0 0 0 0 0 0 0 0 0 0 0 0 0 4 0 0 5 0 4 0 0 0 0 0 0 0 0
Last Time Cost: 00000000 ms
Total Time Cost: 00000586 ms
Total Distance 26: 0 0 0 0 5 0 0 4 4 0 0 0 0 0 0 0 0 0 0 0 0 0 4 0 0 5 0 4 0 0 0 0 0 0 0 0
Last Time Cost: 00000007 ms
Total Time Cost: 00000593 ms
Total Distance 25: 0 0 0 0 5 0 0 4 4 0 0 0 0 0 0 0 0 0 0 0 0 0 3 0 0 5 0 4 0 0 0 0 0 0 0 0
Last Time Cost: 00000000 ms
Total Time Cost: 00000593 ms
Total Distance 24: 0 0 0 0 5 0 0 4 4 0 0 0 0 0 0 0 0 0 0 0 0 0 2 0 0 5 0 4 0 0 0 0 0 0 0 0
Last Time Cost: 00000000 ms
Total Time Cost: 00000593 ms
Total Distance 23: 0 0 0 0 5 0 0 4 4 0 0 0 0 0 0 0 0 0 0 0 0 0 1 0 0 5 0 4 0 0 0 0 0 0 0 0
Last Time Cost: 00000000 ms
Total Time Cost: 00000593 ms
Total Distance 22: 0 0 0 0 5 0 0 4 4 0 0 0 0 0 0 0 0 0 0 0 0 0 0 0 0 5 0 4 0 0 0 0 0 0 0 0
Last Time Cost: 00000007 ms
Total Time Cost: 00000600 ms
Total Distance 21: 0 0 0 0 5 0 0 4 3 0 0 0 0 0 0 0 0 0 0 0 0 0 0 0 0 5 0 4 0 0 0 0 0 0 0 0
Last Time Cost: 00000000 ms
Total Time Cost: 00000600 ms
Total Distance 20: 0 0 0 0 5 0 0 4 2 0 0 0 0 0 0 0 0 0 0 0 0 0 0 0 0 5 0 4 0 0 0 0 0 0 0 0
Last Time Cost: 00000000 ms
Total Time Cost: 00000600 ms
Total Distance 19: 0 0 0 0 5 0 0 4 1 0 0 0 0 0 0 0 0 0 0 0 0 0 0 0 0 5 0 4 0 0 0 0 0 0 0 0
Last Time Cost: 00000000 ms
Total Time Cost: 00000600 ms
Total Distance 18: 0 0 0 0 5 0 0 4 0 0 0 0 0 0 0 0 0 0 0 0 0 0 0 0 0 5 0 4 0 0 0 0 0 0 0 0
Last Time Cost: 00000008 ms
Total Time Cost: 00000608 ms
Total Distance 17: 0 0 0 0 5 0 0 4 0 0 0 0 0 0 0 0 0 0 0 0 0 0 0 0 0 5 0 3 0 0 0 0 0 0 0 0
Last Time Cost: 00000000 ms
Total Time Cost: 00000608 ms
Total Distance 16: 0 0 0 0 5 0 0 4 0 0 0 0 0 0 0 0 0 0 0 0 0 0 0 0 0 5 0 2 0 0 0 0 0 0 0 0
Last Time Cost: 00000000 ms
Total Time Cost: 00000608 ms
Total Distance 15: 0 0 0 0 5 0 0 4 0 0 0 0 0 0 0 0 0 0 0 0 0 0 0 0 0 5 0 1 0 0 0 0 0 0 0 0
Last Time Cost: 00000000 ms
Total Time Cost: 00000608 ms
Total Distance 14: 0 0 0 0 5 0 0 4 0 0 0 0 0 0 0 0 0 0 0 0 0 0 0 0 0 5 0 0 0 0 0 0 0 0 0 0
Last Time Cost: 00000009 ms
Total Time Cost: 00000617 ms
Total Distance 13: 0 0 0 0 5 0 0 3 0 0 0 0 0 0 0 0 0 0 0 0 0 0 0 0 0 5 0 0 0 0 0 0 0 0 0 0
Last Time Cost: 00000000 ms
Total Time Cost: 00000617 ms
Total Distance 12: 0 0 0 0 5 0 0 2 0 0 0 0 0 0 0 0 0 0 0 0 0 0 0 0 0 5 0 0 0 0 0 0 0 0 0 0
Last Time Cost: 00000000 ms
Total Time Cost: 00000617 ms
Total Distance 11: 0 0 0 0 5 0 0 1 0 0 0 0 0 0 0 0 0 0 0 0 0 0 0 0 0 5 0 0 0 0 0 0 0 0 0 0
Last Time Cost: 00000000 ms
Total Time Cost: 00000617 ms
Total Distance 10: 0 0 0 0 5 0 0 0 0 0 0 0 0 0 0 0 0 0 0 0 0 0 0 0 0 5 0 0 0 0 0 0 0 0 0 0
Last Time Cost: 00000010 ms
Total Time Cost: 00000627 ms
Total Distance 9: 0 0 0 0 5 0 0 0 0 0 0 0 0 0 0 0 0 0 0 0 0 0 0 0 0 4 0 0 0 0 0 0 0 0 0 0
Last Time Cost: 00000000 ms
Total Time Cost: 00000627 ms
Total Distance 8: 0 0 0 0 5 0 0 0 0 0 0 0 0 0 0 0 0 0 0 0 0 0 0 0 0 3 0 0 0 0 0 0 0 0 0 0
Last Time Cost: 00000000 ms
Total Time Cost: 00000627 ms
Total Distance 7: 0 0 0 0 5 0 0 0 0 0 0 0 0 0 0 0 0 0 0 0 0 0 0 0 0 2 0 0 0 0 0 0 0 0 0 0
Last Time Cost: 00000000 ms
Total Time Cost: 00000627 ms
Total Distance 6: 0 0 0 0 5 0 0 0 0 0 0 0 0 0 0 0 0 0 0 0 0 0 0 0 0 1 0 0 0 0 0 0 0 0 0 0
Last Time Cost: 00000000 ms
Total Time Cost: 00000627 ms
Total Distance 5: 0 0 0 0 5 0 0 0 0 0 0 0 0 0 0 0 0 0 0 0 0 0 0 0 0 0 0 0 0 0 0 0 0 0 0 0
Last Time Cost: 00000006 ms
Total Time Cost: 00000633 ms
Total Distance 4: 0 0 0 0 4 0 0 0 0 0 0 0 0 0 0 0 0 0 0 0 0 0 0 0 0 0 0 0 0 0 0 0 0 0 0 0
Last Time Cost: 00000000 ms
Total Time Cost: 00000633 ms
Total Distance 3: 0 0 0 0 3 0 0 0 0 0 0 0 0 0 0 0 0 0 0 0 0 0 0 0 0 0 0 0 0 0 0 0 0 0 0 0
Last Time Cost: 00000000 ms
Total Time Cost: 00000633 ms
Total Distance 2: 0 0 0 0 2 0 0 0 0 0 0 0 0 0 0 0 0 0 0 0 0 0 0 0 0 0 0 0 0 0 0 0 0 0 0 0
Last Time Cost: 00000000 ms
Total Time Cost: 00000633 ms
Total Distance 1: 0 0 0 0 1 0 0 0 0 0 0 0 0 0 0 0 0 0 0 0 0 0 0 0 0 0 0 0 0 0 0 0 0 0 0 0
Last Time Cost: 00000000 ms
Total Time Cost: 00000633 ms
Total Distance 0: 0 0 0 0 0 0 0 0 0 0 0 0 0 0 0 0 0 0 0 0 0 0 0 0 0 0 0 0 0 0 0 0 0 0 0 0
