Last Time Cost: 00000000 ms
Total Time Cost: 00000000 ms
Total Distance 280: 8 8 8 8 8 8 8 8 8 8 6 6 6 6 6 6 6 6 6 6 7 7 7 7 7 7 7 7 7 7 7 7 7 7 7 7 7 7 7 7
Last Time Cost: 00000010 ms
Total Time Cost: 00000010 ms
Total Distance 275: 8 7 8 8 8 8 8 8 8 8 6 6 5 5 6 6 6 6 5 6 7 7 7 7 7 7 7 7 7 7 7 7 7 7 7 7 6 7 7 7
Last Time Cost: 00000005 ms
Total Time Cost: 00000015 ms
Total Distance 270: 8 7 8 8 8 8 8 8 8 8 6 6 4 5 6 6 6 6 5 6 7 7 7 7 7 6 7 7 7 7 7 7 7 6 7 6 6 6 7 7
Last Time Cost: 00000005 ms
Total Time Cost: 00000020 ms
Total Distance 265: 8 7 7 8 8 8 8 7 8 8 6 6 4 5 6 6 6 6 5 6 7 7 7 7 7 6 7 6 6 7 7 7 7 5 7 6 6 6 7 7
Last Time Cost: 00000005 ms
Total Time Cost: 00000025 ms
Total Distance 260: 7 7 7 8 7 8 8 6 8 8 6 6 4 5 6 6 6 6 5 5 7 7 6 7 7 6 7 6 6 7 7 7 7 5 7 6 6 6 7 7
Last Time Cost: 00000005 ms
Total Time Cost: 00000030 ms
Total Distance 256: 7 7 7 8 7 8 8 5 8 8 6 6 4 5 5 6 6 6 4 5 7 7 6 7 7 6 7 6 6 7 7 7 7 5 7 6 6 6 7 6
Last Time Cost: 00000006 ms
Total Time Cost: 00000036 ms
Total Distance 252: 7 7 6 8 7 8 8 4 8 8 6 6 4 5 5 6 6 6 4 5 7 7 6 7 7 6 7 5 5 7 7 7 7 5 7 6 6 6 7 6
Last Time Cost: 00000006 ms
Total Time Cost: 00000042 ms
Total Distance 248: 7 7 6 7 7 8 8 4 8 8 6 6 4 5 4 6 6 6 4 4 7 7 6 7 7 6 7 5 5 7 6 7 7 5 7 6 6 6 7 6
Last Time Cost: 00000006 ms
Total Time Cost: 00000048 ms
Total Distance 244: 7 7 6 7 7 8 8 4 8 8 6 6 4 5 4 5 6 6 4 4 7 7 6 7 7 6 7 5 5 6 6 7 7 5 7 6 6 5 6 6
Last Time Cost: 00000007 ms
Total Time Cost: 00000055 ms
Total Distance 240: 7 7 6 7 7 8 8 4 8 8 6 6 4 4 4 5 6 6 4 4 7 6 6 7 7 6 7 5 5 5 6 7 6 5 7 6 6 5 6 6
Last Time Cost: 00000007 ms
Total Time Cost: 00000062 ms
Total Distance 236: 7 6 6 7 6 8 8 4 8 7 6 6 4 4 4 5 5 6 4 4 7 6 6 7 7 6 7 5 5 5 6 7 6 5 7 6 6 5 6 6
Last Time Cost: 00000006 ms
Total Time Cost: 00000068 ms
Total Distance 232: 7 6 6 7 6 8 7 4 8 7 6 6 4 4 4 5 5 5 4 4 6 6 6 7 7 6 7 5 5 5 6 7 6 5 6 6 6 5 6 6
Last Time Cost: 00000006 ms
Total Time Cost: 00000074 ms
Total Distance 229: 7 6 6 7 6 8 7 3 8 7 6 6 4 4 3 5 5 5 4 4 6 6 6 7 7 6 7 5 5 5 6 7 6 5 6 6 6 5 6 5
Last Time Cost: 00000007 ms
Total Time Cost: 00000081 ms
Total Distance 226: 7 6 6 7 6 8 7 3 8 7 6 6 4 4 3 5 5 5 4 3 6 6 6 6 7 6 7 5 4 5 6 7 6 5 6 6 6 5 6 5
Last Time Cost: 00000007 ms
Total Time Cost: 00000088 ms
Total Distance 223: 6 6 6 7 5 8 7 3 8 7 6 6 4 4 3 5 5 5 4 2 6 6 6 6 7 6 7 5 4 5 6 7 6 5 6 6 6 5 6 5
Last Time Cost: 00000007 ms
Total Time Cost: 00000095 ms
Total Distance 220: 6 5 6 7 5 8 7 3 8 7 6 6 4 4 3 5 5 5 4 2 6 6 6 6 7 6 7 4 4 5 6 7 6 5 6 5 6 5 6 5
Last Time Cost: 00000007 ms
Total Time Cost: 00000102 ms
Total Distance 217: 6 5 6 7 5 8 7 3 8 7 6 6 4 4 3 5 5 4 4 2 5 6 6 6 7 6 7 4 4 5 6 7 6 5 5 5 6 5 6 5
Last Time Cost: 00000008 ms
Total Time Cost: 00000110 ms
Total Distance 214: 6 5 6 7 5 8 7 3 8 7 6 6 4 4 3 5 5 4 4 2 5 6 6 6 6 5 7 4 4 5 6 7 6 5 5 5 6 4 6 5
Last Time Cost: 00000008 ms
Total Time Cost: 00000118 ms
Total Distance 211: 6 5 6 7 5 8 7 3 8 7 5 6 4 4 3 5 5 4 4 2 5 6 6 6 6 5 7 4 4 5 6 6 6 5 4 5 6 4 6 5
Last Time Cost: 00000007 ms
Total Time Cost: 00000125 ms
Total Distance 208: 6 5 6 7 5 8 7 3 8 7 5 5 4 4 3 5 5 4 4 2 5 6 5 5 6 5 7 4 4 5 6 6 6 5 4 5 6 4 6 5
Last Time Cost: 00000008 ms
Total Time Cost: 00000133 ms
Total Distance 205: 6 5 6 7 5 8 7 3 8 7 5 5 4 4 3 5 5 4 4 2 5 6 5 5 6 5 6 4 4 5 6 6 5 5 4 5 6 4 6 4
Last Time Cost: 00000008 ms
Total Time Cost: 00000141 ms
Total Distance 202: 6 5 6 7 5 8 7 3 8 6 5 5 4 4 3 5 5 4 4 2 5 6 5 5 6 4 5 4 4 5 6 6 5 5 4 5 6 4 6 4
Last Time Cost: 00000007 ms
Total Time Cost: 00000148 ms
Total Distance 199: 5 5 6 6 5 8 7 3 8 6 5 5 4 4 3 5 5 4 4 2 5 6 5 5 6 4 4 4 4 5 6 6 5 5 4 5 6 4 6 4
Last Time Cost: 00000006 ms
Total Time Cost: 00000154 ms
Total Distance 196: 5 5 6 6 5 8 7 3 7 5 5 5 4 4 3 5 5 4 4 2 5 6 5 5 6 4 4 4 4 5 6 6 5 5 4 5 5 4 6 4
Last Time Cost: 00000007 ms
Total Time Cost: 00000161 ms
Total Distance 194: 5 5 6 6 5 8 7 3 7 5 5 5 3 4 3 5 5 4 4 2 5 6 5 5 6 3 4 4 4 5 6 6 5 5 4 5 5 4 6 4
Last Time Cost: 00000007 ms
Total Time Cost: 00000168 ms
Total Distance 191: 4 5 6 5 5 8 7 3 7 5 5 5 3 4 3 5 5 4 4 2 5 6 5 5 6 3 3 4 4 5 6 6 5 5 4 5 5 4 6 4
Last Time Cost: 00000008 ms
Total Time Cost: 00000176 ms
Total Distance 189: 4 5 6 5 5 8 7 3 7 5 5 5 3 4 3 5 5 3 4 2 5 6 5 5 6 3 2 4 4 5 6 6 5 5 4 5 5 4 6 4
Last Time Cost: 00000008 ms
Total Time Cost: 00000184 ms
Total Distance 186: 4 5 6 5 5 8 7 3 6 5 5 5 3 4 3 5 5 3 4 2 4 6 4 5 6 3 2 4 4 5 6 6 5 5 4 5 5 4 6 4
Last Time Cost: 00000007 ms
Total Time Cost: 00000191 ms
Total Distance 184: 4 5 6 5 5 8 7 3 6 5 5 5 3 4 3 5 5 3 4 2 4 6 4 5 6 3 2 4 4 5 6 6 4 5 3 5 5 4 6 4
Last Time Cost: 00000007 ms
Total Time Cost: 00000198 ms
Total Distance 182: 4 5 6 5 5 8 7 3 6 5 5 5 3 4 3 5 5 3 4 2 4 6 4 5 6 3 2 4 4 4 6 6 4 5 3 5 5 3 6 4
Last Time Cost: 00000008 ms
Total Time Cost: 00000206 ms
Total Distance 180: 4 5 6 5 5 8 7 3 6 5 4 5 3 4 3 5 5 3 4 2 4 6 4 5 6 3 2 4 4 3 6 6 4 5 3 5 5 3 6 4
Last Time Cost: 00000008 ms
Total Time Cost: 00000214 ms
Total Distance 178: 4 5 6 5 5 8 7 3 6 5 4 5 3 4 3 5 5 3 4 2 4 6 4 4 6 3 2 4 3 3 6 6 4 5 3 5 5 3 6 4
Last Time Cost: 00000008 ms
Total Time Cost: 00000222 ms
Total Distance 176: 4 5 6 5 5 8 7 3 6 5 3 5 3 4 3 5 5 3 4 2 4 6 4 4 6 3 2 4 3 3 6 5 4 5 3 5 5 3 6 4
Last Time Cost: 00000009 ms
Total Time Cost: 00000231 ms
Total Distance 174: 4 5 6 5 5 8 7 3 6 5 2 5 3 4 3 5 5 3 4 2 4 6 4 4 6 3 2 4 3 3 6 4 4 5 3 5 5 3 6 4
Last Time Cost: 00000010 ms
Total Time Cost: 00000241 ms
Total Distance 172: 4 4 6 5 4 8 7 3 6 5 2 5 3 4 3 5 5 3 4 2 4 6 4 4 6 3 2 4 3 3 6 4 4 5 3 5 5 3 6 4
Last Time Cost: 00000010 ms
Total Time Cost: 00000251 ms
Total Distance 170: 4 4 5 5 4 8 7 3 6 5 2 5 3 4 3 5 5 3 4 2 4 6 4 4 6 3 2 3 3 3 6 4 4 5 3 5 5 3 6 4
Last Time Cost: 00000010 ms
Total Time Cost: 00000261 ms
Total Distance 168: 4 4 5 5 4 8 7 3 6 4 2 5 3 4 3 5 4 3 4 2 4 6 4 4 6 3 2 3 3 3 6 4 4 5 3 5 5 3 6 4
Last Time Cost: 00000011 ms
Total Time Cost: 00000272 ms
Total Distance 166: 4 4 5 5 4 8 7 3 6 3 2 5 3 4 3 5 3 3 4 2 4 6 4 4 6 3 2 3 3 3 6 4 4 5 3 5 5 3 6 4
Last Time Cost: 00000012 ms
Total Time Cost: 00000284 ms
Total Distance 164: 4 4 5 5 4 8 7 3 6 3 2 5 3 4 3 5 3 3 4 2 4 6 3 3 6 3 2 3 3 3 6 4 4 5 3 5 5 3 6 4
Last Time Cost: 00000012 ms
Total Time Cost: 00000296 ms
Total Distance 162: 3 4 5 5 4 8 7 3 6 3 2 5 3 4 3 5 3 3 4 2 4 6 3 3 5 3 2 3 3 3 6 4 4 5 3 5 5 3 6 4
Last Time Cost: 00000013 ms
Total Time Cost: 00000309 ms
Total Distance 160: 3 4 5 5 4 8 7 3 6 3 2 5 3 4 3 5 3 3 4 2 4 5 3 3 5 3 2 3 3 3 6 4 3 5 3 5 5 3 6 4
Last Time Cost: 00000014 ms
Total Time Cost: 00000323 ms
Total Distance 158: 3 4 5 5 4 8 7 3 6 3 2 5 3 4 3 5 3 3 4 2 4 4 3 3 5 3 2 3 3 3 6 4 2 5 3 5 5 3 6 4
Last Time Cost: 00000014 ms
Total Time Cost: 00000337 ms
Total Distance 156: 3 4 4 5 4 8 7 3 6 3 2 5 3 4 3 5 3 3 4 2 4 3 3 3 5 3 2 3 3 3 6 4 2 5 3 5 5 3 6 4
Last Time Cost: 00000015 ms
Total Time Cost: 00000352 ms
Total Distance 154: 3 4 4 5 4 8 7 3 6 3 2 4 3 4 3 5 3 3 4 2 4 3 3 3 5 3 2 3 3 3 6 4 2 4 3 5 5 3 6 4
Last Time Cost: 00000016 ms
Total Time Cost: 00000368 ms
Total Distance 152: 3 4 4 5 4 8 7 3 6 3 2 4 3 4 3 5 3 3 4 2 4 3 3 3 5 3 2 3 3 3 6 4 2 3 3 4 5 3 6 4
Last Time Cost: 00000017 ms
Total Time Cost: 00000385 ms
Total Distance 150: 3 4 4 5 4 7 7 3 6 3 2 4 3 4 3 5 3 3 4 2 4 3 3 3 5 3 2 3 2 3 6 4 2 3 3 4 5 3 6 4
Last Time Cost: 00000015 ms
Total Time Cost: 00000400 ms
Total Distance 148: 3 4 4 5 4 7 7 3 6 3 2 4 3 4 3 4 3 3 4 2 4 3 3 3 5 3 2 3 2 3 6 4 2 3 3 4 5 3 5 4
Last Time Cost: 00000016 ms
Total Time Cost: 00000416 ms
Total Distance 146: 3 4 4 5 4 7 7 3 6 3 2 4 3 4 3 4 3 3 4 2 4 3 3 3 5 3 2 3 2 3 6 4 2 3 3 4 4 3 4 4
Last Time Cost: 00000016 ms
Total Time Cost: 00000432 ms
Total Distance 144: 3 4 4 5 4 7 7 3 5 3 2 4 3 4 3 4 3 3 4 2 4 3 3 3 5 3 2 3 2 3 6 4 2 3 3 4 3 3 4 4
Last Time Cost: 00000017 ms
Total Time Cost: 00000449 ms
Total Distance 142: 3 4 4 5 4 6 7 3 5 2 2 4 3 4 3 4 3 3 4 2 4 3 3 3 5 3 2 3 2 3 6 4 2 3 3 4 3 3 4 4
Last Time Cost: 00000010 ms
Total Time Cost: 00000459 ms
Total Distance 140: 3 4 4 5 4 5 7 3 5 2 2 4 3 4 3 4 3 3 4 2 4 3 3 3 5 3 2 3 2 3 6 4 2 3 3 4 3 3 3 4
Last Time Cost: 00000011 ms
Total Time Cost: 00000470 ms
Total Distance 138: 3 4 4 5 4 4 7 3 5 2 2 4 3 4 3 3 3 3 4 2 4 3 3 3 5 3 2 3 2 3 6 4 2 3 3 4 3 3 3 4
Last Time Cost: 00000011 ms
Total Time Cost: 00000481 ms
Total Distance 136: 3 4 4 5 4 4 6 3 5 2 2 4 3 4 3 2 3 3 4 2 4 3 3 3 5 3 2 3 2 3 6 4 2 3 3 4 3 3 3 4
Last Time Cost: 00000002 ms
Total Time Cost: 00000483 ms
Total Distance 134: 3 4 4 5 3 4 5 3 5 2 2 4 3 4 3 2 3 3 4 2 4 3 3 3 5 3 2 3 2 3 6 4 2 3 3 4 3 3 3 4
Last Time Cost: 00000002 ms
Total Time Cost: 00000485 ms
Total Distance 132: 3 4 4 4 3 4 5 3 5 2 2 4 3 4 3 2 3 3 4 2 4 3 3 3 5 3 2 3 2 3 5 4 2 3 3 4 3 3 3 4
Last Time Cost: 00000002 ms
Total Time Cost: 00000487 ms
Total Distance 131: 3 4 4 4 3 4 5 3 5 1 2 4 3 4 3 2 3 3 4 2 4 3 3 3 5 3 2 3 2 3 5 4 2 3 3 4 3 3 3 4
Last Time Cost: 00000000 ms
Total Time Cost: 00000487 ms
Total Distance 130: 3 4 4 4 3 4 5 3 5 0 2 4 3 4 3 2 3 3 4 2 4 3 3 3 5 3 2 3 2 3 5 4 2 3 3 4 3 3 3 4
Last Time Cost: 00000002 ms
Total Time Cost: 00000489 ms
Total Distance 129: 3 4 4 4 3 4 5 3 5 0 2 4 3 4 3 1 3 3 4 2 4 3 3 3 5 3 2 3 2 3 5 4 2 3 3 4 3 3 3 4
Last Time Cost: 00000000 ms
Total Time Cost: 00000489 ms
Total Distance 128: 3 4 4 4 3 4 5 3 5 0 2 4 3 4 3 0 3 3 4 2 4 3 3 3 5 3 2 3 2 3 5 4 2 3 3 4 3 3 3 4
Last Time Cost: 00000002 ms
Total Time Cost: 00000491 ms
Total Distance 127: 3 4 4 4 3 4 5 3 5 0 1 4 3 4 3 0 3 3 4 2 4 3 3 3 5 3 2 3 2 3 5 4 2 3 3 4 3 3 3 4
Last Time Cost: 00000000 ms
Total Time Cost: 00000491 ms
Total Distance 126: 3 4 4 4 3 4 5 3 5 0 0 4 3 4 3 0 3 3 4 2 4 3 3 3 5 3 2 3 2 3 5 4 2 3 3 4 3 3 3 4
Last Time Cost: 00000002 ms
Total Time Cost: 00000493 ms
Total Distance 125: 3 4 4 4 3 4 5 3 5 0 0 4 3 4 3 0 3 3 4 2 4 3 3 3 5 3 2 3 1 3 5 4 2 3 3 4 3 3 3 4
Last Time Cost: 00000000 ms
Total Time Cost: 00000493 ms
Total Distance 124: 3 4 4 4 3 4 5 3 5 0 0 4 3 4 3 0 3 3 4 2 4 3 3 3 5 3 2 3 0 3 5 4 2 3 3 4 3 3 3 4
Last Time Cost: 00000002 ms
Total Time Cost: 00000495 ms
Total Distance 123: 3 4 4 4 3 4 5 3 5 0 0 4 3 4 3 0 3 3 4 2 4 3 3 3 5 3 2 3 0 3 5 4 1 3 3 4 3 3 3 4
Last Time Cost: 00000000 ms
Total Time Cost: 00000495 ms
Total Distance 122: 3 4 4 4 3 4 5 3 5 0 0 4 3 4 3 0 3 3 4 2 4 3 3 3 5 3 2 3 0 3 5 4 0 3 3 4 3 3 3 4
Last Time Cost: 00000002 ms
Total Time Cost: 00000497 ms
Total Distance 121: 3 4 4 4 3 4 5 3 5 0 0 4 3 4 3 0 3 3 4 1 4 3 3 3 5 3 2 3 0 3 5 4 0 3 3 4 3 3 3 4
Last Time Cost: 00000000 ms
Total Time Cost: 00000497 ms
Total Distance 120: 3 4 4 4 3 4 5 3 5 0 0 4 3 4 3 0 3 3 4 0 4 3 3 3 5 3 2 3 0 3 5 4 0 3 3 4 3 3 3 4
Last Time Cost: 00000002 ms
Total Time Cost: 00000499 ms
Total Distance 119: 3 4 4 4 3 4 5 3 5 0 0 4 3 4 3 0 3 3 4 0 4 3 3 3 5 3 1 3 0 3 5 4 0 3 3 4 3 3 3 4
Last Time Cost: 00000000 ms
Total Time Cost: 00000499 ms
Total Distance 118: 3 4 4 4 3 4 5 3 5 0 0 4 3 4 3 0 3 3 4 0 4 3 3 3 5 3 0 3 0 3 5 4 0 3 3 4 3 3 3 4
Last Time Cost: 00000003 ms
Total Time Cost: 00000502 ms
Total Distance 116: 3 4 3 4 3 4 5 3 4 0 0 4 3 4 3 0 3 3 4 0 4 3 3 3 5 3 0 3 0 3 5 4 0 3 3 4 3 3 3 4
Last Time Cost: 00000002 ms
Total Time Cost: 00000504 ms
Total Distance 115: 3 4 3 4 3 4 5 3 4 0 0 4 3 4 3 0 3 3 4 0 4 3 3 3 5 3 0 3 0 3 5 4 0 3 3 4 3 3 2 4
Last Time Cost: 00000001 ms
Total Time Cost: 00000505 ms
Total Distance 114: 3 4 3 4 3 4 5 3 4 0 0 4 3 4 3 0 3 3 4 0 4 3 3 3 5 3 0 3 0 3 5 4 0 3 3 4 3 3 1 4
Last Time Cost: 00000000 ms
Total Time Cost: 00000505 ms
Total Distance 113: 3 4 3 4 3 4 5 3 4 0 0 4 3 4 3 0 3 3 4 0 4 3 3 3 5 3 0 3 0 3 5 4 0 3 3 4 3 3 0 4
Last Time Cost: 00000002 ms
Total Time Cost: 00000507 ms
Total Distance 112: 3 4 3 4 3 4 5 3 4 0 0 4 3 4 3 0 3 3 4 0 4 3 3 3 5 3 0 3 0 3 5 4 0 2 3 4 3 3 0 4
Last Time Cost: 00000001 ms
Total Time Cost: 00000508 ms
Total Distance 111: 3 4 3 4 3 4 5 3 4 0 0 4 3 4 3 0 3 3 4 0 4 3 3 3 5 3 0 3 0 3 5 4 0 1 3 4 3 3 0 4
Last Time Cost: 00000000 ms
Total Time Cost: 00000508 ms
Total Distance 110: 3 4 3 4 3 4 5 3 4 0 0 4 3 4 3 0 3 3 4 0 4 3 3 3 5 3 0 3 0 3 5 4 0 0 3 4 3 3 0 4
Last Time Cost: 00000003 ms
Total Time Cost: 00000511 ms
Total Distance 109: 3 4 3 4 3 4 5 3 4 0 0 4 2 4 3 0 3 3 4 0 4 3 3 3 5 3 0 3 0 3 5 4 0 0 3 4 3 3 0 4
Last Time Cost: 00000001 ms
Total Time Cost: 00000512 ms
Total Distance 108: 3 4 3 4 3 4 5 3 4 0 0 4 1 4 3 0 3 3 4 0 4 3 3 3 5 3 0 3 0 3 5 4 0 0 3 4 3 3 0 4
Last Time Cost: 00000000 ms
Total Time Cost: 00000512 ms
Total Distance 107: 3 4 3 4 3 4 5 3 4 0 0 4 0 4 3 0 3 3 4 0 4 3 3 3 5 3 0 3 0 3 5 4 0 0 3 4 3 3 0 4
Last Time Cost: 00000003 ms
Total Time Cost: 00000515 ms
Total Distance 106: 3 4 3 4 3 4 5 3 4 0 0 4 0 4 3 0 3 3 4 0 4 3 3 3 5 3 0 2 0 3 5 4 0 0 3 4 3 3 0 4
Last Time Cost: 00000001 ms
Total Time Cost: 00000516 ms
Total Distance 105: 3 4 3 4 3 4 5 3 4 0 0 4 0 4 3 0 3 3 4 0 4 3 3 3 5 3 0 1 0 3 5 4 0 0 3 4 3 3 0 4
Last Time Cost: 00000000 ms
Total Time Cost: 00000516 ms
Total Distance 104: 3 4 3 4 3 4 5 3 4 0 0 4 0 4 3 0 3 3 4 0 4 3 3 3 5 3 0 0 0 3 5 4 0 0 3 4 3 3 0 4
Last Time Cost: 00000003 ms
Total Time Cost: 00000519 ms
Total Distance 103: 2 4 3 4 3 4 5 3 4 0 0 4 0 4 3 0 3 3 4 0 4 3 3 3 5 3 0 0 0 3 5 4 0 0 3 4 3 3 0 4
Last Time Cost: 00000001 ms
Total Time Cost: 00000520 ms
Total Distance 102: 1 4 3 4 3 4 5 3 4 0 0 4 0 4 3 0 3 3 4 0 4 3 3 3 5 3 0 0 0 3 5 4 0 0 3 4 3 3 0 4
Last Time Cost: 00000000 ms
Total Time Cost: 00000520 ms
Total Distance 101: 0 4 3 4 3 4 5 3 4 0 0 4 0 4 3 0 3 3 4 0 4 3 3 3 5 3 0 0 0 3 5 4 0 0 3 4 3 3 0 4
Last Time Cost: 00000003 ms
Total Time Cost: 00000523 ms
Total Distance 100: 0 4 3 4 3 4 5 3 4 0 0 4 0 4 3 0 2 3 4 0 4 3 3 3 5 3 0 0 0 3 5 4 0 0 3 4 3 3 0 4
Last Time Cost: 00000001 ms
Total Time Cost: 00000524 ms
Total Distance 99: 0 4 3 4 3 4 5 3 4 0 0 4 0 4 3 0 1 3 4 0 4 3 3 3 5 3 0 0 0 3 5 4 0 0 3 4 3 3 0 4
Last Time Cost: 00000000 ms
Total Time Cost: 00000524 ms
Total Distance 98: 0 4 3 4 3 4 5 3 4 0 0 4 0 4 3 0 0 3 4 0 4 3 3 3 5 3 0 0 0 3 5 4 0 0 3 4 3 3 0 4
Last Time Cost: 00000003 ms
Total Time Cost: 00000527 ms
Total Distance 97: 0 4 3 4 3 4 5 3 4 0 0 4 0 4 3 0 0 3 4 0 4 2 3 3 5 3 0 0 0 3 5 4 0 0 3 4 3 3 0 4
Last Time Cost: 00000001 ms
Total Time Cost: 00000528 ms
Total Distance 96: 0 4 3 4 3 4 5 3 4 0 0 4 0 4 3 0 0 3 4 0 4 1 3 3 5 3 0 0 0 3 5 4 0 0 3 4 3 3 0 4
Last Time Cost: 00000000 ms
Total Time Cost: 00000528 ms
Total Distance 95: 0 4 3 4 3 4 5 3 4 0 0 4 0 4 3 0 0 3 4 0 4 0 3 3 5 3 0 0 0 3 5 4 0 0 3 4 3 3 0 4
Last Time Cost: 00000004 ms
Total Time Cost: 00000532 ms
Total Distance 94: 0 4 3 4 3 4 5 3 4 0 0 4 0 4 3 0 0 3 4 0 4 0 3 3 5 2 0 0 0 3 5 4 0 0 3 4 3 3 0 4
Last Time Cost: 00000001 ms
Total Time Cost: 00000533 ms
Total Distance 93: 0 4 3 4 3 4 5 3 4 0 0 4 0 4 3 0 0 3 4 0 4 0 3 3 5 1 0 0 0 3 5 4 0 0 3 4 3 3 0 4
Last Time Cost: 00000000 ms
Total Time Cost: 00000533 ms
Total Distance 92: 0 4 3 4 3 4 5 3 4 0 0 4 0 4 3 0 0 3 4 0 4 0 3 3 5 0 0 0 0 3 5 4 0 0 3 4 3 3 0 4
Last Time Cost: 00000004 ms
Total Time Cost: 00000537 ms
Total Distance 91: 0 4 3 4 3 4 5 3 4 0 0 4 0 4 2 0 0 3 4 0 4 0 3 3 5 0 0 0 0 3 5 4 0 0 3 4 3 3 0 4
Last Time Cost: 00000001 ms
Total Time Cost: 00000538 ms
Total Distance 90: 0 4 3 4 3 4 5 3 4 0 0 4 0 4 1 0 0 3 4 0 4 0 3 3 5 0 0 0 0 3 5 4 0 0 3 4 3 3 0 4
Last Time Cost: 00000000 ms
Total Time Cost: 00000538 ms
Total Distance 89: 0 4 3 4 3 4 5 3 4 0 0 4 0 4 0 0 0 3 4 0 4 0 3 3 5 0 0 0 0 3 5 4 0 0 3 4 3 3 0 4
Last Time Cost: 00000005 ms
Total Time Cost: 00000543 ms
Total Distance 88: 0 4 3 4 3 4 5 3 4 0 0 4 0 4 0 0 0 3 4 0 4 0 3 2 5 0 0 0 0 3 5 4 0 0 3 4 3 3 0 4
Last Time Cost: 00000001 ms
Total Time Cost: 00000544 ms
Total Distance 87: 0 4 3 4 3 4 5 3 4 0 0 4 0 4 0 0 0 3 4 0 4 0 3 1 5 0 0 0 0 3 5 4 0 0 3 4 3 3 0 4
Last Time Cost: 00000000 ms
Total Time Cost: 00000544 ms
Total Distance 86: 0 4 3 4 3 4 5 3 4 0 0 4 0 4 0 0 0 3 4 0 4 0 3 0 5 0 0 0 0 3 5 4 0 0 3 4 3 3 0 4
Last Time Cost: 00000005 ms
Total Time Cost: 00000549 ms
Total Distance 85: 0 4 3 4 3 4 5 3 4 0 0 4 0 4 0 0 0 3 4 0 4 0 2 0 5 0 0 0 0 3 5 4 0 0 3 4 3 3 0 4
Last Time Cost: 00000001 ms
Total Time Cost: 00000550 ms
Total Distance 84: 0 4 3 4 3 4 5 3 4 0 0 4 0 4 0 0 0 3 4 0 4 0 1 0 5 0 0 0 0 3 5 4 0 0 3 4 3 3 0 4
Last Time Cost: 00000000 ms
Total Time Cost: 00000550 ms
Total Distance 83: 0 4 3 4 3 4 5 3 4 0 0 4 0 4 0 0 0 3 4 0 4 0 0 0 5 0 0 0 0 3 5 4 0 0 3 4 3 3 0 4
Last Time Cost: 00000005 ms
Total Time Cost: 00000555 ms
Total Distance 82: 0 4 3 4 3 4 5 3 4 0 0 4 0 4 0 0 0 3 4 0 4 0 0 0 5 0 0 0 0 3 5 4 0 0 2 4 3 3 0 4
Last Time Cost: 00000001 ms
Total Time Cost: 00000556 ms
Total Distance 81: 0 4 3 4 3 4 5 3 4 0 0 4 0 4 0 0 0 3 4 0 4 0 0 0 5 0 0 0 0 3 5 4 0 0 1 4 3 3 0 4
Last Time Cost: 00000000 ms
Total Time Cost: 00000556 ms
Total Distance 80: 0 4 3 4 3 4 5 3 4 0 0 4 0 4 0 0 0 3 4 0 4 0 0 0 5 0 0 0 0 3 5 4 0 0 0 4 3 3 0 4
Last Time Cost: 00000006 ms
Total Time Cost: 00000562 ms
Total Distance 79: 0 4 3 4 3 4 5 3 4 0 0 4 0 4 0 0 0 3 4 0 4 0 0 0 5 0 0 0 0 3 5 4 0 0 0 4 3 2 0 4
Last Time Cost: 00000000 ms
Total Time Cost: 00000562 ms
Total Distance 78: 0 4 3 4 3 4 5 3 4 0 0 4 0 4 0 0 0 3 4 0 4 0 0 0 5 0 0 0 0 3 5 4 0 0 0 4 3 1 0 4
Last Time Cost: 00000000 ms
Total Time Cost: 00000562 ms
Total Distance 77: 0 4 3 4 3 4 5 3 4 0 0 4 0 4 0 0 0 3 4 0 4 0 0 0 5 0 0 0 0 3 5 4 0 0 0 4 3 0 0 4
Last Time Cost: 00000006 ms
Total Time Cost: 00000568 ms
Total Distance 76: 0 4 3 4 3 4 5 3 4 0 0 4 0 4 0 0 0 3 4 0 4 0 0 0 5 0 0 0 0 3 5 4 0 0 0 4 2 0 0 4
Last Time Cost: 00000001 ms
Total Time Cost: 00000569 ms
Total Distance 75: 0 4 3 4 3 4 5 3 4 0 0 4 0 4 0 0 0 3 4 0 4 0 0 0 5 0 0 0 0 3 5 4 0 0 0 4 1 0 0 4
Last Time Cost: 00000000 ms
Total Time Cost: 00000569 ms
Total Distance 74: 0 4 3 4 3 4 5 3 4 0 0 4 0 4 0 0 0 3 4 0 4 0 0 0 5 0 0 0 0 3 5 4 0 0 0 4 0 0 0 4
Last Time Cost: 00000007 ms
Total Time Cost: 00000576 ms
Total Distance 73: 0 4 3 4 3 4 5 2 4 0 0 4 0 4 0 0 0 3 4 0 4 0 0 0 5 0 0 0 0 3 5 4 0 0 0 4 0 0 0 4
Last Time Cost: 00000001 ms
Total Time Cost: 00000577 ms
Total Distance 72: 0 4 3 4 3 4 5 1 4 0 0 4 0 4 0 0 0 3 4 0 4 0 0 0 5 0 0 0 0 3 5 4 0 0 0 4 0 0 0 4
Last Time Cost: 00000000 ms
Total Time Cost: 00000577 ms
Total Distance 71: 0 4 3 4 3 4 5 0 4 0 0 4 0 4 0 0 0 3 4 0 4 0 0 0 5 0 0 0 0 3 5 4 0 0 0 4 0 0 0 4
Last Time Cost: 00000007 ms
Total Time Cost: 00000584 ms
Total Distance 70: 0 4 3 4 2 4 5 0 4 0 0 4 0 4 0 0 0 3 4 0 4 0 0 0 5 0 0 0 0 3 5 4 0 0 0 4 0 0 0 4
Last Time Cost: 00000000 ms
Total Time Cost: 00000584 ms
Total Distance 69: 0 4 3 4 1 4 5 0 4 0 0 4 0 4 0 0 0 3 4 0 4 0 0 0 5 0 0 0 0 3 5 4 0 0 0 4 0 0 0 4
Last Time Cost: 00000000 ms
Total Time Cost: 00000584 ms
Total Distance 68: 0 4 3 4 0 4 5 0 4 0 0 4 0 4 0 0 0 3 4 0 4 0 0 0 5 0 0 0 0 3 5 4 0 0 0 4 0 0 0 4
Last Time Cost: 00000008 ms
Total Time Cost: 00000592 ms
Total Distance 67: 0 4 3 4 0 4 5 0 4 0 0 4 0 4 0 0 0 3 4 0 4 0 0 0 5 0 0 0 0 2 5 4 0 0 0 4 0 0 0 4
Last Time Cost: 00000000 ms
Total Time Cost: 00000592 ms
Total Distance 66: 0 4 3 4 0 4 5 0 4 0 0 4 0 4 0 0 0 3 4 0 4 0 0 0 5 0 0 0 0 1 5 4 0 0 0 4 0 0 0 4
Last Time Cost: 00000000 ms
Total Time Cost: 00000592 ms
Total Distance 65: 0 4 3 4 0 4 5 0 4 0 0 4 0 4 0 0 0 3 4 0 4 0 0 0 5 0 0 0 0 0 5 4 0 0 0 4 0 0 0 4
Last Time Cost: 00000008 ms
Total Time Cost: 00000600 ms
Total Distance 64: 0 4 3 4 0 4 5 0 4 0 0 4 0 4 0 0 0 2 4 0 4 0 0 0 5 0 0 0 0 0 5 4 0 0 0 4 0 0 0 4
Last Time Cost: 00000000 ms
Total Time Cost: 00000600 ms
Total Distance 63: 0 4 3 4 0 4 5 0 4 0 0 4 0 4 0 0 0 1 4 0 4 0 0 0 5 0 0 0 0 0 5 4 0 0 0 4 0 0 0 4
Last Time Cost: 00000000 ms
Total Time Cost: 00000600 ms
Total Distance 62: 0 4 3 4 0 4 5 0 4 0 0 4 0 4 0 0 0 0 4 0 4 0 0 0 5 0 0 0 0 0 5 4 0 0 0 4 0 0 0 4
Last Time Cost: 00000009 ms
Total Time Cost: 00000609 ms
Total Distance 61: 0 4 2 4 0 4 5 0 4 0 0 4 0 4 0 0 0 0 4 0 4 0 0 0 5 0 0 0 0 0 5 4 0 0 0 4 0 0 0 4
Last Time Cost: 00000000 ms
Total Time Cost: 00000609 ms
Total Distance 60: 0 4 1 4 0 4 5 0 4 0 0 4 0 4 0 0 0 0 4 0 4 0 0 0 5 0 0 0 0 0 5 4 0 0 0 4 0 0 0 4
Last Time Cost: 00000000 ms
Total Time Cost: 00000609 ms
Total Distance 59: 0 4 0 4 0 4 5 0 4 0 0 4 0 4 0 0 0 0 4 0 4 0 0 0 5 0 0 0 0 0 5 4 0 0 0 4 0 0 0 4
Last Time Cost: 00000009 ms
Total Time Cost: 00000618 ms
Total Distance 58: 0 3 0 4 0 4 5 0 4 0 0 4 0 4 0 0 0 0 4 0 4 0 0 0 5 0 0 0 0 0 5 4 0 0 0 4 0 0 0 4
Last Time Cost: 00000000 ms
Total Time Cost: 00000618 ms
Total Distance 57: 0 2 0 4 0 4 5 0 4 0 0 4 0 4 0 0 0 0 4 0 4 0 0 0 5 0 0 0 0 0 5 4 0 0 0 4 0 0 0 4
Last Time Cost: 00000000 ms
Total Time Cost: 00000618 ms
Total Distance 56: 0 1 0 4 0 4 5 0 4 0 0 4 0 4 0 0 0 0 4 0 4 0 0 0 5 0 0 0 0 0 5 4 0 0 0 4 0 0 0 4
Last Time Cost: 00000000 ms
Total Time Cost: 00000618 ms
Total Distance 55: 0 0 0 4 0 4 5 0 4 0 0 4 0 4 0 0 0 0 4 0 4 0 0 0 5 0 0 0 0 0 5 4 0 0 0 4 0 0 0 4
Last Time Cost: 00000010 ms
Total Time Cost: 00000628 ms
Total Distance 54: 0 0 0 4 0 4 5 0 4 0 0 4 0 4 0 0 0 0 3 0 4 0 0 0 5 0 0 0 0 0 5 4 0 0 0 4 0 0 0 4
Last Time Cost: 00000000 ms
Total Time Cost: 00000628 ms
Total Distance 53: 0 0 0 4 0 4 5 0 4 0 0 4 0 4 0 0 0 0 2 0 4 0 0 0 5 0 0 0 0 0 5 4 0 0 0 4 0 0 0 4
Last Time Cost: 00000000 ms
Total Time Cost: 00000628 ms
Total Distance 52: 0 0 0 4 0 4 5 0 4 0 0 4 0 4 0 0 0 0 1 0 4 0 0 0 5 0 0 0 0 0 5 4 0 0 0 4 0 0 0 4
Last Time Cost: 00000000 ms
Total Time Cost: 00000628 ms
Total Distance 51: 0 0 0 4 0 4 5 0 4 0 0 4 0 4 0 0 0 0 0 0 4 0 0 0 5 0 0 0 0 0 5 4 0 0 0 4 0 0 0 4
Last Time Cost: 00000011 ms
Total Time Cost: 00000639 ms
Total Distance 50: 0 0 0 3 0 4 5 0 4 0 0 4 0 4 0 0 0 0 0 0 4 0 0 0 5 0 0 0 0 0 5 4 0 0 0 4 0 0 0 4
Last Time Cost: 00000000 ms
Total Time Cost: 00000639 ms
Total Distance 49: 0 0 0 2 0 4 5 0 4 0 0 4 0 4 0 0 0 0 0 0 4 0 0 0 5 0 0 0 0 0 5 4 0 0 0 4 0 0 0 4
Last Time Cost: 00000000 ms
Total Time Cost: 00000639 ms
Total Distance 48: 0 0 0 1 0 4 5 0 4 0 0 4 0 4 0 0 0 0 0 0 4 0 0 0 5 0 0 0 0 0 5 4 0 0 0 4 0 0 0 4
Last Time Cost: 00000000 ms
Total Time Cost: 00000639 ms
Total Distance 47: 0 0 0 0 0 4 5 0 4 0 0 4 0 4 0 0 0 0 0 0 4 0 0 0 5 0 0 0 0 0 5 4 0 0 0 4 0 0 0 4
Last Time Cost: 00000012 ms
Total Time Cost: 00000651 ms
Total Distance 46: 0 0 0 0 0 4 5 0 3 0 0 4 0 4 0 0 0 0 0 0 4 0 0 0 5 0 0 0 0 0 5 4 0 0 0 4 0 0 0 4
Last Time Cost: 00000000 ms
Total Time Cost: 00000651 ms
Total Distance 45: 0 0 0 0 0 4 5 0 2 0 0 4 0 4 0 0 0 0 0 0 4 0 0 0 5 0 0 0 0 0 5 4 0 0 0 4 0 0 0 4
Last Time Cost: 00000000 ms
Total Time Cost: 00000651 ms
Total Distance 44: 0 0 0 0 0 4 5 0 1 0 0 4 0 4 0 0 0 0 0 0 4 0 0 0 5 0 0 0 0 0 5 4 0 0 0 4 0 0 0 4
Last Time Cost: 00000000 ms
Total Time Cost: 00000651 ms
Total Distance 43: 0 0 0 0 0 4 5 0 0 0 0 4 0 4 0 0 0 0 0 0 4 0 0 0 5 0 0 0 0 0 5 4 0 0 0 4 0 0 0 4
Last Time Cost: 00000014 ms
Total Time Cost: 00000665 ms
Total Distance 42: 0 0 0 0 0 4 5 0 0 0 0 4 0 4 0 0 0 0 0 0 3 0 0 0 5 0 0 0 0 0 5 4 0 0 0 4 0 0 0 4
Last Time Cost: 00000000 ms
Total Time Cost: 00000665 ms
Total Distance 41: 0 0 0 0 0 4 5 0 0 0 0 4 0 4 0 0 0 0 0 0 2 0 0 0 5 0 0 0 0 0 5 4 0 0 0 4 0 0 0 4
Last Time Cost: 00000000 ms
Total Time Cost: 00000665 ms
Total Distance 40: 0 0 0 0 0 4 5 0 0 0 0 4 0 4 0 0 0 0 0 0 1 0 0 0 5 0 0 0 0 0 5 4 0 0 0 4 0 0 0 4
Last Time Cost: 00000000 ms
Total Time Cost: 00000665 ms
Total Distance 39: 0 0 0 0 0 4 5 0 0 0 0 4 0 4 0 0 0 0 0 0 0 0 0 0 5 0 0 0 0 0 5 4 0 0 0 4 0 0 0 4
Last Time Cost: 00000015 ms
Total Time Cost: 00000680 ms
Total Distance 38: 0 0 0 0 0 3 5 0 0 0 0 4 0 4 0 0 0 0 0 0 0 0 0 0 5 0 0 0 0 0 5 4 0 0 0 4 0 0 0 4
Last Time Cost: 00000000 ms
Total Time Cost: 00000680 ms
Total Distance 37: 0 0 0 0 0 2 5 0 0 0 0 4 0 4 0 0 0 0 0 0 0 0 0 0 5 0 0 0 0 0 5 4 0 0 0 4 0 0 0 4
Last Time Cost: 00000000 ms
Total Time Cost: 00000680 ms
Total Distance 36: 0 0 0 0 0 1 5 0 0 0 0 4 0 4 0 0 0 0 0 0 0 0 0 0 5 0 0 0 0 0 5 4 0 0 0 4 0 0 0 4
Last Time Cost: 00000000 ms
Total Time Cost: 00000680 ms
Total Distance 35: 0 0 0 0 0 0 5 0 0 0 0 4 0 4 0 0 0 0 0 0 0 0 0 0 5 0 0 0 0 0 5 4 0 0 0 4 0 0 0 4
Last Time Cost: 00000017 ms
Total Time Cost: 00000697 ms
Total Distance 34: 0 0 0 0 0 0 5 0 0 0 0 3 0 4 0 0 0 0 0 0 0 0 0 0 5 0 0 0 0 0 5 4 0 0 0 4 0 0 0 4
Last Time Cost: 00000004 ms
Total Time Cost: 00000701 ms
Total Distance 33: 0 0 0 0 0 0 5 0 0 0 0 2 0 4 0 0 0 0 0 0 0 0 0 0 5 0 0 0 0 0 5 4 0 0 0 4 0 0 0 4
Last Time Cost: 00000000 ms
Total Time Cost: 00000701 ms
Total Distance 32: 0 0 0 0 0 0 5 0 0 0 0 1 0 4 0 0 0 0 0 0 0 0 0 0 5 0 0 0 0 0 5 4 0 0 0 4 0 0 0 4
Last Time Cost: 00000000 ms
Total Time Cost: 00000701 ms
Total Distance 31: 0 0 0 0 0 0 5 0 0 0 0 0 0 4 0 0 0 0 0 0 0 0 0 0 5 0 0 0 0 0 5 4 0 0 0 4 0 0 0 4
Last Time Cost: 00000018 ms
Total Time Cost: 00000719 ms
Total Distance 30: 0 0 0 0 0 0 5 0 0 0 0 0 0 4 0 0 0 0 0 0 0 0 0 0 5 0 0 0 0 0 5 4 0 0 0 3 0 0 0 4
Last Time Cost: 00000000 ms
Total Time Cost: 00000719 ms
Total Distance 29: 0 0 0 0 0 0 5 0 0 0 0 0 0 4 0 0 0 0 0 0 0 0 0 0 5 0 0 0 0 0 5 4 0 0 0 2 0 0 0 4
Last Time Cost: 00000000 ms
Total Time Cost: 00000719 ms
Total Distance 28: 0 0 0 0 0 0 5 0 0 0 0 0 0 4 0 0 0 0 0 0 0 0 0 0 5 0 0 0 0 0 5 4 0 0 0 1 0 0 0 4
Last Time Cost: 00000000 ms
Total Time Cost: 00000719 ms
Total Distance 27: 0 0 0 0 0 0 5 0 0 0 0 0 0 4 0 0 0 0 0 0 0 0 0 0 5 0 0 0 0 0 5 4 0 0 0 0 0 0 0 4
Last Time Cost: 00000019 ms
Total Time Cost: 00000738 ms
Total Distance 26: 0 0 0 0 0 0 5 0 0 0 0 0 0 4 0 0 0 0 0 0 0 0 0 0 5 0 0 0 0 0 5 3 0 0 0 0 0 0 0 4
Last Time Cost: 00000000 ms
Total Time Cost: 00000738 ms
Total Distance 25: 0 0 0 0 0 0 5 0 0 0 0 0 0 4 0 0 0 0 0 0 0 0 0 0 5 0 0 0 0 0 5 2 0 0 0 0 0 0 0 4
Last Time Cost: 00000000 ms
Total Time Cost: 00000738 ms
Total Distance 24: 0 0 0 0 0 0 5 0 0 0 0 0 0 4 0 0 0 0 0 0 0 0 0 0 5 0 0 0 0 0 5 1 0 0 0 0 0 0 0 4
Last Time Cost: 00000000 ms
Total Time Cost: 00000738 ms
Total Distance 23: 0 0 0 0 0 0 5 0 0 0 0 0 0 4 0 0 0 0 0 0 0 0 0 0 5 0 0 0 0 0 5 0 0 0 0 0 0 0 0 4
Last Time Cost: 00000021 ms
Total Time Cost: 00000759 ms
Total Distance 22: 0 0 0 0 0 0 5 0 0 0 0 0 0 4 0 0 0 0 0 0 0 0 0 0 5 0 0 0 0 0 5 0 0 0 0 0 0 0 0 3
Last Time Cost: 00000000 ms
Total Time Cost: 00000759 ms
Total Distance 21: 0 0 0 0 0 0 5 0 0 0 0 0 0 4 0 0 0 0 0 0 0 0 0 0 5 0 0 0 0 0 5 0 0 0 0 0 0 0 0 2
Last Time Cost: 00000000 ms
Total Time Cost: 00000759 ms
Total Distance 20: 0 0 0 0 0 0 5 0 0 0 0 0 0 4 0 0 0 0 0 0 0 0 0 0 5 0 0 0 0 0 5 0 0 0 0 0 0 0 0 1
Last Time Cost: 00000000 ms
Total Time Cost: 00000759 ms
Total Distance 19: 0 0 0 0 0 0 5 0 0 0 0 0 0 4 0 0 0 0 0 0 0 0 0 0 5 0 0 0 0 0 5 0 0 0 0 0 0 0 0 0
Last Time Cost: 00000022 ms
Total Time Cost: 00000781 ms
Total Distance 18: 0 0 0 0 0 0 5 0 0 0 0 0 0 3 0 0 0 0 0 0 0 0 0 0 5 0 0 0 0 0 5 0 0 0 0 0 0 0 0 0
Last Time Cost: 00000000 ms
Total Time Cost: 00000781 ms
Total Distance 17: 0 0 0 0 0 0 5 0 0 0 0 0 0 2 0 0 0 0 0 0 0 0 0 0 5 0 0 0 0 0 5 0 0 0 0 0 0 0 0 0
Last Time Cost: 00000000 ms
Total Time Cost: 00000781 ms
Total Distance 16: 0 0 0 0 0 0 5 0 0 0 0 0 0 1 0 0 0 0 0 0 0 0 0 0 5 0 0 0 0 0 5 0 0 0 0 0 0 0 0 0
Last Time Cost: 00000000 ms
Total Time Cost: 00000781 ms
Total Distance 15: 0 0 0 0 0 0 5 0 0 0 0 0 0 0 0 0 0 0 0 0 0 0 0 0 5 0 0 0 0 0 5 0 0 0 0 0 0 0 0 0
Last Time Cost: 00000024 ms
Total Time Cost: 00000805 ms
Total Distance 14: 0 0 0 0 0 0 5 0 0 0 0 0 0 0 0 0 0 0 0 0 0 0 0 0 5 0 0 0 0 0 4 0 0 0 0 0 0 0 0 0
Last Time Cost: 00000000 ms
Total Time Cost: 00000805 ms
Total Distance 13: 0 0 0 0 0 0 5 0 0 0 0 0 0 0 0 0 0 0 0 0 0 0 0 0 5 0 0 0 0 0 3 0 0 0 0 0 0 0 0 0
Last Time Cost: 00000001 ms
Total Time Cost: 00000806 ms
Total Distance 12: 0 0 0 0 0 0 5 0 0 0 0 0 0 0 0 0 0 0 0 0 0 0 0 0 5 0 0 0 0 0 2 0 0 0 0 0 0 0 0 0
Last Time Cost: 00000000 ms
Total Time Cost: 00000806 ms
Total Distance 11: 0 0 0 0 0 0 5 0 0 0 0 0 0 0 0 0 0 0 0 0 0 0 0 0 5 0 0 0 0 0 1 0 0 0 0 0 0 0 0 0
Last Time Cost: 00000000 ms
Total Time Cost: 00000806 ms
Total Distance 10: 0 0 0 0 0 0 5 0 0 0 0 0 0 0 0 0 0 0 0 0 0 0 0 0 5 0 0 0 0 0 0 0 0 0 0 0 0 0 0 0
Last Time Cost: 00000018 ms
Total Time Cost: 00000824 ms
Total Distance 9: 0 0 0 0 0 0 5 0 0 0 0 0 0 0 0 0 0 0 0 0 0 0 0 0 4 0 0 0 0 0 0 0 0 0 0 0 0 0 0 0
Last Time Cost: 00000000 ms
Total Time Cost: 00000824 ms
Total Distance 8: 0 0 0 0 0 0 5 0 0 0 0 0 0 0 0 0 0 0 0 0 0 0 0 0 3 0 0 0 0 0 0 0 0 0 0 0 0 0 0 0
Last Time Cost: 00000000 ms
Total Time Cost: 00000824 ms
Total Distance 7: 0 0 0 0 0 0 5 0 0 0 0 0 0 0 0 0 0 0 0 0 0 0 0 0 2 0 0 0 0 0 0 0 0 0 0 0 0 0 0 0
Last Time Cost: 00000000 ms
Total Time Cost: 00000824 ms
Total Distance 6: 0 0 0 0 0 0 5 0 0 0 0 0 0 0 0 0 0 0 0 0 0 0 0 0 1 0 0 0 0 0 0 0 0 0 0 0 0 0 0 0
Last Time Cost: 00000000 ms
Total Time Cost: 00000824 ms
Total Distance 5: 0 0 0 0 0 0 5 0 0 0 0 0 0 0 0 0 0 0 0 0 0 0 0 0 0 0 0 0 0 0 0 0 0 0 0 0 0 0 0 0
Last Time Cost: 00000010 ms
Total Time Cost: 00000834 ms
Total Distance 4: 0 0 0 0 0 0 4 0 0 0 0 0 0 0 0 0 0 0 0 0 0 0 0 0 0 0 0 0 0 0 0 0 0 0 0 0 0 0 0 0
Last Time Cost: 00000000 ms
Total Time Cost: 00000834 ms
Total Distance 3: 0 0 0 0 0 0 3 0 0 0 0 0 0 0 0 0 0 0 0 0 0 0 0 0 0 0 0 0 0 0 0 0 0 0 0 0 0 0 0 0
Last Time Cost: 00000000 ms
Total Time Cost: 00000834 ms
Total Distance 2: 0 0 0 0 0 0 2 0 0 0 0 0 0 0 0 0 0 0 0 0 0 0 0 0 0 0 0 0 0 0 0 0 0 0 0 0 0 0 0 0
Last Time Cost: 00000000 ms
Total Time Cost: 00000834 ms
Total Distance 1: 0 0 0 0 0 0 1 0 0 0 0 0 0 0 0 0 0 0 0 0 0 0 0 0 0 0 0 0 0 0 0 0 0 0 0 0 0 0 0 0
Last Time Cost: 00000000 ms
Total Time Cost: 00000834 ms
Total Distance 0: 0 0 0 0 0 0 0 0 0 0 0 0 0 0 0 0 0 0 0 0 0 0 0 0 0 0 0 0 0 0 0 0 0 0 0 0 0 0 0 0
