Last Time Cost: 00000000 ms
Total Time Cost: 00000000 ms
Total Distance 392: 8 8 8 8 8 8 8 8 8 8 8 8 8 8 6 6 6 6 6 6 6 6 6 6 6 6 6 6 7 7 7 7 7 7 7 7 7 7 7 7 7 7 7 7 7 7 7 7 7 7 7 7 7 7 7 7
Last Time Cost: 00000012 ms
Total Time Cost: 00000012 ms
Total Distance 387: 8 8 8 8 8 8 8 8 8 8 8 8 8 8 6 6 6 6 5 6 5 6 6 6 6 6 6 6 7 7 7 7 7 7 7 7 7 6 7 6 7 7 7 7 7 6 7 7 7 7 7 7 7 7 7 7
Last Time Cost: 00000002 ms
Total Time Cost: 00000014 ms
Total Distance 383: 8 8 8 8 7 8 8 8 8 8 8 8 7 8 6 6 6 6 4 6 5 6 6 6 6 6 6 6 7 7 7 7 7 7 7 7 7 6 7 6 7 7 7 7 7 6 7 7 7 7 7 7 7 7 7 6
Last Time Cost: 00000001 ms
Total Time Cost: 00000015 ms
Total Distance 381: 8 8 8 8 7 8 8 8 8 8 8 8 7 8 6 6 6 6 3 6 5 6 6 6 6 6 6 6 7 7 7 7 7 7 7 7 7 6 7 6 7 7 7 7 7 6 7 7 7 7 7 7 7 7 7 5
Last Time Cost: 00000001 ms
Total Time Cost: 00000016 ms
Total Distance 379: 8 8 8 8 7 8 8 8 8 8 8 8 7 8 6 6 6 6 2 6 5 6 6 6 6 6 6 6 7 7 7 7 7 7 6 7 7 6 7 6 7 7 7 7 7 6 7 7 7 7 7 7 7 7 7 5
Last Time Cost: 00000001 ms
Total Time Cost: 00000017 ms
Total Distance 378: 8 8 8 8 7 8 8 8 8 8 8 8 7 8 6 6 6 6 1 6 5 6 6 6 6 6 6 6 7 7 7 7 7 7 6 7 7 6 7 6 7 7 7 7 7 6 7 7 7 7 7 7 7 7 7 5
Last Time Cost: 00000001 ms
Total Time Cost: 00000018 ms
Total Distance 377: 8 8 8 8 7 8 8 8 8 8 8 8 7 8 6 6 6 6 0 6 5 6 6 6 6 6 6 6 7 7 7 7 7 7 6 7 7 6 7 6 7 7 7 7 7 6 7 7 7 7 7 7 7 7 7 5
Last Time Cost: 00000002 ms
Total Time Cost: 00000020 ms
Total Distance 375: 8 8 8 8 7 8 8 8 8 8 8 8 7 8 6 6 6 6 0 5 4 6 6 6 6 6 6 6 7 7 7 7 7 7 6 7 7 6 7 6 7 7 7 7 7 6 7 7 7 7 7 7 7 7 7 5
Last Time Cost: 00000001 ms
Total Time Cost: 00000021 ms
Total Distance 373: 8 8 8 8 7 8 7 8 8 8 8 8 7 8 6 6 6 6 0 5 3 6 6 6 6 6 6 6 7 7 7 7 7 7 6 7 7 6 7 6 7 7 7 7 7 6 7 7 7 7 7 7 7 7 7 5
Last Time Cost: 00000001 ms
Total Time Cost: 00000022 ms
Total Distance 372: 8 8 8 8 7 8 7 8 8 8 8 8 7 8 6 6 6 6 0 5 2 6 6 6 6 6 6 6 7 7 7 7 7 7 6 7 7 6 7 6 7 7 7 7 7 6 7 7 7 7 7 7 7 7 7 5
Last Time Cost: 00000001 ms
Total Time Cost: 00000023 ms
Total Distance 371: 8 8 8 8 7 8 7 8 8 8 8 8 7 8 6 6 6 6 0 5 1 6 6 6 6 6 6 6 7 7 7 7 7 7 6 7 7 6 7 6 7 7 7 7 7 6 7 7 7 7 7 7 7 7 7 5
Last Time Cost: 00000001 ms
Total Time Cost: 00000024 ms
Total Distance 370: 8 8 8 8 7 8 7 8 8 8 8 8 7 8 6 6 6 6 0 5 0 6 6 6 6 6 6 6 7 7 7 7 7 7 6 7 7 6 7 6 7 7 7 7 7 6 7 7 7 7 7 7 7 7 7 5
Last Time Cost: 00000002 ms
Total Time Cost: 00000026 ms
Total Distance 367: 8 8 8 8 7 8 7 8 8 8 8 8 7 8 6 6 6 6 0 4 0 6 6 6 6 6 6 6 6 7 7 7 7 7 6 7 7 6 7 6 7 6 7 7 7 6 7 7 7 7 7 7 7 7 7 5
Last Time Cost: 00000002 ms
Total Time Cost: 00000028 ms
Total Distance 365: 7 8 8 8 7 8 7 8 8 8 8 8 7 8 6 6 6 6 0 3 0 6 6 6 6 6 6 6 6 7 7 7 7 7 6 7 7 6 7 6 7 6 7 7 7 6 7 7 7 7 7 7 7 7 7 5
Last Time Cost: 00000002 ms
Total Time Cost: 00000030 ms
Total Distance 364: 7 8 8 8 7 8 7 8 8 8 8 8 7 8 6 6 6 6 0 2 0 6 6 6 6 6 6 6 6 7 7 7 7 7 6 7 7 6 7 6 7 6 7 7 7 6 7 7 7 7 7 7 7 7 7 5
Last Time Cost: 00000002 ms
Total Time Cost: 00000032 ms
Total Distance 363: 7 8 8 8 7 8 7 8 8 8 8 8 7 8 6 6 6 6 0 1 0 6 6 6 6 6 6 6 6 7 7 7 7 7 6 7 7 6 7 6 7 6 7 7 7 6 7 7 7 7 7 7 7 7 7 5
Last Time Cost: 00000002 ms
Total Time Cost: 00000034 ms
Total Distance 362: 7 8 8 8 7 8 7 8 8 8 8 8 7 8 6 6 6 6 0 0 0 6 6 6 6 6 6 6 6 7 7 7 7 7 6 7 7 6 7 6 7 6 7 7 7 6 7 7 7 7 7 7 7 7 7 5
Last Time Cost: 00000002 ms
Total Time Cost: 00000036 ms
Total Distance 360: 7 8 8 8 7 8 7 8 8 8 8 8 7 8 6 6 6 6 0 0 0 6 6 6 6 6 6 6 5 7 7 7 7 7 6 7 7 6 7 6 7 6 7 7 7 6 7 7 7 7 7 7 7 7 7 4
Last Time Cost: 00000002 ms
Total Time Cost: 00000038 ms
Total Distance 358: 7 8 8 8 7 8 7 8 8 8 8 8 7 8 6 6 6 6 0 0 0 6 6 6 5 6 6 6 5 7 7 7 7 7 6 7 7 6 7 6 7 6 7 7 7 6 7 7 7 7 7 7 7 7 7 3
Last Time Cost: 00000002 ms
Total Time Cost: 00000040 ms
Total Distance 357: 7 8 8 8 7 8 7 8 8 8 8 8 7 8 6 6 6 6 0 0 0 6 6 6 5 6 6 6 5 7 7 7 7 7 6 7 7 6 7 6 7 6 7 7 7 6 7 7 7 7 7 7 7 7 7 2
Last Time Cost: 00000002 ms
Total Time Cost: 00000042 ms
Total Distance 356: 7 8 8 8 7 8 7 8 8 8 8 8 7 8 6 6 6 6 0 0 0 6 6 6 5 6 6 6 5 7 7 7 7 7 6 7 7 6 7 6 7 6 7 7 7 6 7 7 7 7 7 7 7 7 7 1
Last Time Cost: 00000001 ms
Total Time Cost: 00000043 ms
Total Distance 355: 7 8 8 8 7 8 7 8 8 8 8 8 7 8 6 6 6 6 0 0 0 6 6 6 5 6 6 6 5 7 7 7 7 7 6 7 7 6 7 6 7 6 7 7 7 6 7 7 7 7 7 7 7 7 7 0
Last Time Cost: 00000003 ms
Total Time Cost: 00000046 ms
Total Distance 350: 7 8 8 8 7 8 7 8 8 8 8 8 7 8 6 6 6 6 0 0 0 6 6 6 4 6 6 6 5 7 7 7 7 7 5 7 7 5 7 6 7 6 7 7 6 6 7 7 7 7 7 7 6 7 7 0
Last Time Cost: 00000002 ms
Total Time Cost: 00000048 ms
Total Distance 348: 7 8 8 8 7 8 7 8 8 8 8 8 7 8 6 6 6 6 0 0 0 6 6 6 3 6 6 6 5 7 7 7 7 7 5 7 7 5 7 6 7 6 7 7 6 6 7 7 7 7 7 7 5 7 7 0
Last Time Cost: 00000002 ms
Total Time Cost: 00000050 ms
Total Distance 346: 7 8 8 8 7 8 7 8 8 8 8 8 7 8 6 6 6 6 0 0 0 6 6 6 2 6 6 6 5 7 7 7 7 7 5 7 7 5 7 5 7 6 7 7 6 6 7 7 7 7 7 7 5 7 7 0
Last Time Cost: 00000002 ms
Total Time Cost: 00000052 ms
Total Distance 345: 7 8 8 8 7 8 7 8 8 8 8 8 7 8 6 6 6 6 0 0 0 6 6 6 1 6 6 6 5 7 7 7 7 7 5 7 7 5 7 5 7 6 7 7 6 6 7 7 7 7 7 7 5 7 7 0
Last Time Cost: 00000002 ms
Total Time Cost: 00000054 ms
Total Distance 344: 7 8 8 8 7 8 7 8 8 8 8 8 7 8 6 6 6 6 0 0 0 6 6 6 0 6 6 6 5 7 7 7 7 7 5 7 7 5 7 5 7 6 7 7 6 6 7 7 7 7 7 7 5 7 7 0
Last Time Cost: 00000007 ms
Total Time Cost: 00000061 ms
Total Distance 339: 7 8 8 8 6 8 7 8 8 8 8 8 7 8 6 5 6 6 0 0 0 6 6 6 0 6 6 6 5 7 7 7 7 7 5 7 6 5 7 5 7 6 6 7 6 6 7 7 7 7 7 7 4 7 7 0
Last Time Cost: 00000003 ms
Total Time Cost: 00000064 ms
Total Distance 337: 7 8 8 8 6 8 7 8 8 8 8 8 7 8 6 5 6 6 0 0 0 6 6 6 0 6 6 6 5 7 7 7 7 7 5 7 6 5 7 5 7 6 5 7 6 6 7 7 7 7 7 7 3 7 7 0
Last Time Cost: 00000002 ms
Total Time Cost: 00000066 ms
Total Distance 335: 7 8 8 8 6 8 7 8 8 8 8 8 7 8 6 5 6 6 0 0 0 6 6 6 0 6 6 6 5 7 6 7 7 7 5 7 6 5 7 5 7 6 5 7 6 6 7 7 7 7 7 7 2 7 7 0
Last Time Cost: 00000002 ms
Total Time Cost: 00000068 ms
Total Distance 334: 7 8 8 8 6 8 7 8 8 8 8 8 7 8 6 5 6 6 0 0 0 6 6 6 0 6 6 6 5 7 6 7 7 7 5 7 6 5 7 5 7 6 5 7 6 6 7 7 7 7 7 7 1 7 7 0
Last Time Cost: 00000002 ms
Total Time Cost: 00000070 ms
Total Distance 333: 7 8 8 8 6 8 7 8 8 8 8 8 7 8 6 5 6 6 0 0 0 6 6 6 0 6 6 6 5 7 6 7 7 7 5 7 6 5 7 5 7 6 5 7 6 6 7 7 7 7 7 7 0 7 7 0
Last Time Cost: 00000013 ms
Total Time Cost: 00000083 ms
Total Distance 330: 7 8 8 8 6 8 7 8 8 8 8 8 7 8 6 4 6 6 0 0 0 6 6 6 0 6 6 6 5 7 6 7 7 7 5 6 6 5 7 4 7 6 5 7 6 6 7 7 7 7 7 7 0 7 7 0
Last Time Cost: 00000005 ms
Total Time Cost: 00000088 ms
Total Distance 327: 7 7 8 8 6 8 7 7 8 8 8 8 7 8 6 3 6 6 0 0 0 6 6 6 0 6 6 6 5 7 6 7 7 7 5 6 6 5 7 4 7 6 5 7 6 6 7 7 7 7 7 7 0 7 7 0
Last Time Cost: 00000003 ms
Total Time Cost: 00000091 ms
Total Distance 326: 7 7 8 8 6 8 7 7 8 8 8 8 7 8 6 2 6 6 0 0 0 6 6 6 0 6 6 6 5 7 6 7 7 7 5 6 6 5 7 4 7 6 5 7 6 6 7 7 7 7 7 7 0 7 7 0
Last Time Cost: 00000002 ms
Total Time Cost: 00000093 ms
Total Distance 325: 7 7 8 8 6 8 7 7 8 8 8 8 7 8 6 1 6 6 0 0 0 6 6 6 0 6 6 6 5 7 6 7 7 7 5 6 6 5 7 4 7 6 5 7 6 6 7 7 7 7 7 7 0 7 7 0
Last Time Cost: 00000002 ms
Total Time Cost: 00000095 ms
Total Distance 324: 7 7 8 8 6 8 7 7 8 8 8 8 7 8 6 0 6 6 0 0 0 6 6 6 0 6 6 6 5 7 6 7 7 7 5 6 6 5 7 4 7 6 5 7 6 6 7 7 7 7 7 7 0 7 7 0
Last Time Cost: 00000003 ms
Total Time Cost: 00000098 ms
Total Distance 323: 7 7 8 8 6 8 7 7 8 8 8 8 7 8 6 0 6 6 0 0 0 6 6 6 0 6 6 6 5 7 6 7 7 7 5 6 6 5 7 3 7 6 5 7 6 6 7 7 7 7 7 7 0 7 7 0
Last Time Cost: 00000003 ms
Total Time Cost: 00000101 ms
Total Distance 322: 7 7 8 8 6 8 7 7 8 8 8 8 7 8 6 0 6 6 0 0 0 6 6 6 0 6 6 6 5 7 6 7 7 7 5 6 6 5 7 2 7 6 5 7 6 6 7 7 7 7 7 7 0 7 7 0
Last Time Cost: 00000003 ms
Total Time Cost: 00000104 ms
Total Distance 321: 7 7 8 8 6 8 7 7 8 8 8 8 7 8 6 0 6 6 0 0 0 6 6 6 0 6 6 6 5 7 6 7 7 7 5 6 6 5 7 1 7 6 5 7 6 6 7 7 7 7 7 7 0 7 7 0
Last Time Cost: 00000002 ms
Total Time Cost: 00000106 ms
Total Distance 320: 7 7 8 8 6 8 7 7 8 8 8 8 7 8 6 0 6 6 0 0 0 6 6 6 0 6 6 6 5 7 6 7 7 7 5 6 6 5 7 0 7 6 5 7 6 6 7 7 7 7 7 7 0 7 7 0
Last Time Cost: 00000009 ms
Total Time Cost: 00000115 ms
Total Distance 317: 7 7 8 8 6 8 7 7 8 7 8 8 7 8 6 0 6 6 0 0 0 6 6 6 0 6 6 6 5 7 6 7 7 7 5 6 6 4 7 0 7 6 5 7 6 5 7 7 7 7 7 7 0 7 7 0
Last Time Cost: 00000003 ms
Total Time Cost: 00000118 ms
Total Distance 315: 7 7 8 8 6 8 7 7 8 7 8 8 7 8 6 0 6 6 0 0 0 6 6 6 0 6 6 6 5 7 6 7 7 7 5 6 6 3 7 0 7 6 5 7 6 4 7 7 7 7 7 7 0 7 7 0
Last Time Cost: 00000003 ms
Total Time Cost: 00000121 ms
Total Distance 313: 7 7 8 7 6 8 7 7 8 7 8 8 7 8 6 0 6 6 0 0 0 6 6 6 0 6 6 6 5 7 6 7 7 7 5 6 6 2 7 0 7 6 5 7 6 4 7 7 7 7 7 7 0 7 7 0
Last Time Cost: 00000003 ms
Total Time Cost: 00000124 ms
Total Distance 312: 7 7 8 7 6 8 7 7 8 7 8 8 7 8 6 0 6 6 0 0 0 6 6 6 0 6 6 6 5 7 6 7 7 7 5 6 6 1 7 0 7 6 5 7 6 4 7 7 7 7 7 7 0 7 7 0
Last Time Cost: 00000003 ms
Total Time Cost: 00000127 ms
Total Distance 311: 7 7 8 7 6 8 7 7 8 7 8 8 7 8 6 0 6 6 0 0 0 6 6 6 0 6 6 6 5 7 6 7 7 7 5 6 6 0 7 0 7 6 5 7 6 4 7 7 7 7 7 7 0 7 7 0
Last Time Cost: 00000004 ms
Total Time Cost: 00000131 ms
Total Distance 309: 7 7 8 7 6 8 7 7 8 7 8 8 7 8 6 0 6 6 0 0 0 6 6 6 0 6 6 6 5 7 5 7 7 7 5 6 6 0 7 0 7 6 5 7 6 3 7 7 7 7 7 7 0 7 7 0
Last Time Cost: 00000003 ms
Total Time Cost: 00000134 ms
Total Distance 307: 7 7 8 7 6 8 7 7 8 7 8 8 7 7 6 0 6 6 0 0 0 6 6 6 0 6 6 6 5 7 5 7 7 7 5 6 6 0 7 0 7 6 5 7 6 2 7 7 7 7 7 7 0 7 7 0
Last Time Cost: 00000004 ms
Total Time Cost: 00000138 ms
Total Distance 306: 7 7 8 7 6 8 7 7 8 7 8 8 7 7 6 0 6 6 0 0 0 6 6 6 0 6 6 6 5 7 5 7 7 7 5 6 6 0 7 0 7 6 5 7 6 1 7 7 7 7 7 7 0 7 7 0
Last Time Cost: 00000003 ms
Total Time Cost: 00000141 ms
Total Distance 305: 7 7 8 7 6 8 7 7 8 7 8 8 7 7 6 0 6 6 0 0 0 6 6 6 0 6 6 6 5 7 5 7 7 7 5 6 6 0 7 0 7 6 5 7 6 0 7 7 7 7 7 7 0 7 7 0
Last Time Cost: 00000012 ms
Total Time Cost: 00000153 ms
Total Distance 301: 6 7 8 7 6 8 7 7 7 7 8 8 7 7 6 0 6 6 0 0 0 6 6 6 0 6 6 6 5 7 5 7 7 7 5 6 6 0 7 0 7 6 4 7 6 0 7 7 7 7 7 7 0 6 7 0
Last Time Cost: 00000005 ms
Total Time Cost: 00000158 ms
Total Distance 298: 6 7 8 6 6 8 7 7 7 7 8 8 7 7 6 0 6 6 0 0 0 6 6 6 0 6 5 6 5 7 5 7 7 7 5 6 6 0 7 0 7 6 3 7 6 0 7 7 7 7 7 7 0 6 7 0
Last Time Cost: 00000005 ms
Total Time Cost: 00000163 ms
Total Distance 296: 5 7 8 6 6 8 7 7 7 7 8 8 7 7 6 0 6 6 0 0 0 6 6 6 0 6 5 6 5 7 5 7 7 7 5 6 6 0 7 0 7 6 2 7 6 0 7 7 7 7 7 7 0 6 7 0
Last Time Cost: 00000004 ms
Total Time Cost: 00000167 ms
Total Distance 295: 5 7 8 6 6 8 7 7 7 7 8 8 7 7 6 0 6 6 0 0 0 6 6 6 0 6 5 6 5 7 5 7 7 7 5 6 6 0 7 0 7 6 1 7 6 0 7 7 7 7 7 7 0 6 7 0
Last Time Cost: 00000003 ms
Total Time Cost: 00000170 ms
Total Distance 294: 5 7 8 6 6 8 7 7 7 7 8 8 7 7 6 0 6 6 0 0 0 6 6 6 0 6 5 6 5 7 5 7 7 7 5 6 6 0 7 0 7 6 0 7 6 0 7 7 7 7 7 7 0 6 7 0
Last Time Cost: 00000016 ms
Total Time Cost: 00000186 ms
Total Distance 291: 5 7 8 6 6 8 7 7 7 7 8 8 7 7 6 0 6 5 0 0 0 6 6 6 0 6 4 6 5 7 5 7 7 7 5 6 6 0 7 0 7 6 0 7 6 0 6 7 7 7 7 7 0 6 7 0
Last Time Cost: 00000006 ms
Total Time Cost: 00000192 ms
Total Distance 289: 5 7 8 6 6 8 7 7 7 7 8 8 7 7 6 0 6 5 0 0 0 6 6 6 0 6 3 6 5 7 5 7 7 7 5 6 6 0 7 0 7 6 0 7 6 0 5 7 7 7 7 7 0 6 7 0
Last Time Cost: 00000005 ms
Total Time Cost: 00000197 ms
Total Distance 287: 5 7 8 6 6 8 7 6 7 7 8 8 7 7 6 0 6 5 0 0 0 6 6 6 0 6 2 6 5 7 5 7 7 7 5 6 6 0 7 0 7 6 0 7 6 0 5 7 7 7 7 7 0 6 7 0
Last Time Cost: 00000005 ms
Total Time Cost: 00000202 ms
Total Distance 286: 5 7 8 6 6 8 7 6 7 7 8 8 7 7 6 0 6 5 0 0 0 6 6 6 0 6 1 6 5 7 5 7 7 7 5 6 6 0 7 0 7 6 0 7 6 0 5 7 7 7 7 7 0 6 7 0
Last Time Cost: 00000004 ms
Total Time Cost: 00000206 ms
Total Distance 285: 5 7 8 6 6 8 7 6 7 7 8 8 7 7 6 0 6 5 0 0 0 6 6 6 0 6 0 6 5 7 5 7 7 7 5 6 6 0 7 0 7 6 0 7 6 0 5 7 7 7 7 7 0 6 7 0
Last Time Cost: 00000021 ms
Total Time Cost: 00000227 ms
Total Distance 281: 5 7 7 6 6 8 7 6 7 7 8 8 6 7 6 0 6 5 0 0 0 6 6 6 0 6 0 6 4 7 5 7 7 7 5 6 6 0 7 0 7 5 0 7 6 0 5 7 7 7 7 7 0 6 7 0
Last Time Cost: 00000006 ms
Total Time Cost: 00000233 ms
Total Distance 278: 5 7 6 6 6 8 7 6 7 7 8 8 5 7 6 0 6 5 0 0 0 6 6 6 0 6 0 6 3 7 5 7 7 7 5 6 6 0 7 0 7 5 0 7 6 0 5 7 7 7 7 7 0 6 7 0
Last Time Cost: 00000006 ms
Total Time Cost: 00000239 ms
Total Distance 277: 5 7 6 6 6 8 7 6 7 7 8 8 5 7 6 0 6 5 0 0 0 6 6 6 0 6 0 6 2 7 5 7 7 7 5 6 6 0 7 0 7 5 0 7 6 0 5 7 7 7 7 7 0 6 7 0
Last Time Cost: 00000006 ms
Total Time Cost: 00000245 ms
Total Distance 276: 5 7 6 6 6 8 7 6 7 7 8 8 5 7 6 0 6 5 0 0 0 6 6 6 0 6 0 6 1 7 5 7 7 7 5 6 6 0 7 0 7 5 0 7 6 0 5 7 7 7 7 7 0 6 7 0
Last Time Cost: 00000005 ms
Total Time Cost: 00000250 ms
Total Distance 275: 5 7 6 6 6 8 7 6 7 7 8 8 5 7 6 0 6 5 0 0 0 6 6 6 0 6 0 6 0 7 5 7 7 7 5 6 6 0 7 0 7 5 0 7 6 0 5 7 7 7 7 7 0 6 7 0
Last Time Cost: 00000026 ms
Total Time Cost: 00000276 ms
Total Distance 271: 5 7 6 6 6 8 7 6 7 7 8 8 4 7 6 0 5 5 0 0 0 6 6 6 0 5 0 6 0 6 5 7 7 7 5 6 6 0 7 0 7 5 0 7 6 0 5 7 7 7 7 7 0 6 7 0
Last Time Cost: 00000009 ms
Total Time Cost: 00000285 ms
Total Distance 269: 5 7 6 6 6 8 7 6 7 7 8 8 3 7 6 0 5 5 0 0 0 6 6 6 0 5 0 6 0 5 5 7 7 7 5 6 6 0 7 0 7 5 0 7 6 0 5 7 7 7 7 7 0 6 7 0
Last Time Cost: 00000007 ms
Total Time Cost: 00000292 ms
Total Distance 268: 5 7 6 6 6 8 7 6 7 7 8 8 2 7 6 0 5 5 0 0 0 6 6 6 0 5 0 6 0 5 5 7 7 7 5 6 6 0 7 0 7 5 0 7 6 0 5 7 7 7 7 7 0 6 7 0
Last Time Cost: 00000009 ms
Total Time Cost: 00000301 ms
Total Distance 267: 5 7 6 6 6 8 7 6 7 7 8 8 1 7 6 0 5 5 0 0 0 6 6 6 0 5 0 6 0 5 5 7 7 7 5 6 6 0 7 0 7 5 0 7 6 0 5 7 7 7 7 7 0 6 7 0
Last Time Cost: 00000008 ms
Total Time Cost: 00000309 ms
Total Distance 266: 5 7 6 6 6 8 7 6 7 7 8 8 0 7 6 0 5 5 0 0 0 6 6 6 0 5 0 6 0 5 5 7 7 7 5 6 6 0 7 0 7 5 0 7 6 0 5 7 7 7 7 7 0 6 7 0
Last Time Cost: 00000037 ms
Total Time Cost: 00000346 ms
Total Distance 262: 5 7 6 6 6 8 7 6 7 7 7 8 0 7 6 0 5 4 0 0 0 6 6 6 0 5 0 6 0 5 5 7 7 7 5 6 6 0 6 0 7 5 0 7 6 0 5 7 7 6 7 7 0 6 7 0
Last Time Cost: 00000008 ms
Total Time Cost: 00000354 ms
Total Distance 259: 5 6 6 6 6 8 7 6 7 7 7 8 0 7 6 0 5 3 0 0 0 6 6 6 0 5 0 6 0 5 5 7 7 6 5 6 6 0 6 0 7 5 0 7 6 0 5 7 7 6 7 7 0 6 7 0
Last Time Cost: 00000009 ms
Total Time Cost: 00000363 ms
Total Distance 258: 5 6 6 6 6 8 7 6 7 7 7 8 0 7 6 0 5 2 0 0 0 6 6 6 0 5 0 6 0 5 5 7 7 6 5 6 6 0 6 0 7 5 0 7 6 0 5 7 7 6 7 7 0 6 7 0
Last Time Cost: 00000008 ms
Total Time Cost: 00000371 ms
Total Distance 257: 5 6 6 6 6 8 7 6 7 7 7 8 0 7 6 0 5 1 0 0 0 6 6 6 0 5 0 6 0 5 5 7 7 6 5 6 6 0 6 0 7 5 0 7 6 0 5 7 7 6 7 7 0 6 7 0
Last Time Cost: 00000006 ms
Total Time Cost: 00000377 ms
Total Distance 256: 5 6 6 6 6 8 7 6 7 7 7 8 0 7 6 0 5 0 0 0 0 6 6 6 0 5 0 6 0 5 5 7 7 6 5 6 6 0 6 0 7 5 0 7 6 0 5 7 7 6 7 7 0 6 7 0
Last Time Cost: 00000034 ms
Total Time Cost: 00000411 ms
Total Distance 253: 5 6 6 6 6 8 7 6 7 7 7 8 0 7 6 0 5 0 0 0 0 6 6 6 0 5 0 6 0 5 5 7 7 6 4 5 6 0 6 0 7 5 0 7 5 0 5 7 7 6 7 7 0 6 7 0
Last Time Cost: 00000010 ms
Total Time Cost: 00000421 ms
Total Distance 251: 5 6 6 6 6 8 7 6 7 7 7 8 0 7 6 0 5 0 0 0 0 6 6 6 0 5 0 6 0 5 5 7 7 6 3 5 6 0 6 0 7 5 0 7 4 0 5 7 7 6 7 7 0 6 7 0
Last Time Cost: 00000011 ms
Total Time Cost: 00000432 ms
Total Distance 249: 5 6 6 6 6 8 7 6 7 7 7 8 0 7 6 0 5 0 0 0 0 6 6 6 0 5 0 6 0 5 5 7 6 6 2 5 6 0 6 0 7 5 0 7 4 0 5 7 7 6 7 7 0 6 7 0
Last Time Cost: 00000012 ms
Total Time Cost: 00000444 ms
Total Distance 248: 5 6 6 6 6 8 7 6 7 7 7 8 0 7 6 0 5 0 0 0 0 6 6 6 0 5 0 6 0 5 5 7 6 6 1 5 6 0 6 0 7 5 0 7 4 0 5 7 7 6 7 7 0 6 7 0
Last Time Cost: 00000007 ms
Total Time Cost: 00000451 ms
Total Distance 247: 5 6 6 6 6 8 7 6 7 7 7 8 0 7 6 0 5 0 0 0 0 6 6 6 0 5 0 6 0 5 5 7 6 6 0 5 6 0 6 0 7 5 0 7 4 0 5 7 7 6 7 7 0 6 7 0
Last Time Cost: 00000012 ms
Total Time Cost: 00000463 ms
Total Distance 244: 5 6 5 6 6 8 7 6 7 7 7 7 0 7 6 0 5 0 0 0 0 6 6 6 0 5 0 6 0 5 5 7 6 6 0 5 6 0 6 0 7 5 0 7 3 0 5 7 7 6 7 7 0 6 7 0
Last Time Cost: 00000010 ms
Total Time Cost: 00000473 ms
Total Distance 242: 5 6 5 6 6 8 7 6 7 7 7 6 0 7 6 0 5 0 0 0 0 6 6 6 0 5 0 6 0 5 5 7 6 6 0 5 6 0 6 0 7 5 0 7 2 0 5 7 7 6 7 7 0 6 7 0
Last Time Cost: 00000010 ms
Total Time Cost: 00000483 ms
Total Distance 241: 5 6 5 6 6 8 7 6 7 7 7 6 0 7 6 0 5 0 0 0 0 6 6 6 0 5 0 6 0 5 5 7 6 6 0 5 6 0 6 0 7 5 0 7 1 0 5 7 7 6 7 7 0 6 7 0
Last Time Cost: 00000009 ms
Total Time Cost: 00000492 ms
Total Distance 240: 5 6 5 6 6 8 7 6 7 7 7 6 0 7 6 0 5 0 0 0 0 6 6 6 0 5 0 6 0 5 5 7 6 6 0 5 6 0 6 0 7 5 0 7 0 0 5 7 7 6 7 7 0 6 7 0
Last Time Cost: 00000045 ms
Total Time Cost: 00000537 ms
Total Distance 237: 5 6 5 6 6 8 7 6 7 7 7 6 0 7 6 0 5 0 0 0 0 6 6 6 0 4 0 6 0 5 5 7 5 6 0 5 6 0 6 0 6 5 0 7 0 0 5 7 7 6 7 7 0 6 7 0
Last Time Cost: 00000014 ms
Total Time Cost: 00000551 ms
Total Distance 236: 5 6 5 6 6 8 7 6 7 7 7 6 0 7 6 0 5 0 0 0 0 6 6 6 0 3 0 6 0 5 5 7 5 6 0 5 6 0 6 0 6 5 0 7 0 0 5 7 7 6 7 7 0 6 7 0
Last Time Cost: 00000013 ms
Total Time Cost: 00000564 ms
Total Distance 235: 5 6 5 6 6 8 7 6 7 7 7 6 0 7 6 0 5 0 0 0 0 6 6 6 0 2 0 6 0 5 5 7 5 6 0 5 6 0 6 0 6 5 0 7 0 0 5 7 7 6 7 7 0 6 7 0
Last Time Cost: 00000014 ms
Total Time Cost: 00000578 ms
Total Distance 234: 5 6 5 6 6 8 7 6 7 7 7 6 0 7 6 0 5 0 0 0 0 6 6 6 0 1 0 6 0 5 5 7 5 6 0 5 6 0 6 0 6 5 0 7 0 0 5 7 7 6 7 7 0 6 7 0
Last Time Cost: 00000010 ms
Total Time Cost: 00000588 ms
Total Distance 233: 5 6 5 6 6 8 7 6 7 7 7 6 0 7 6 0 5 0 0 0 0 6 6 6 0 0 0 6 0 5 5 7 5 6 0 5 6 0 6 0 6 5 0 7 0 0 5 7 7 6 7 7 0 6 7 0
Last Time Cost: 00000050 ms
Total Time Cost: 00000638 ms
Total Distance 230: 5 6 5 6 6 8 7 6 7 7 7 6 0 7 6 0 5 0 0 0 0 6 6 6 0 0 0 6 0 5 4 7 5 6 0 5 6 0 6 0 6 5 0 7 0 0 5 6 7 6 7 7 0 5 7 0
Last Time Cost: 00000014 ms
Total Time Cost: 00000652 ms
Total Distance 228: 4 6 5 6 6 8 7 6 7 7 7 6 0 7 6 0 5 0 0 0 0 6 6 6 0 0 0 6 0 5 3 7 5 6 0 5 6 0 6 0 6 5 0 7 0 0 5 6 7 6 7 7 0 5 7 0
Last Time Cost: 00000013 ms
Total Time Cost: 00000665 ms
Total Distance 227: 4 6 5 6 6 8 7 6 7 7 7 6 0 7 6 0 5 0 0 0 0 6 6 6 0 0 0 6 0 5 2 7 5 6 0 5 6 0 6 0 6 5 0 7 0 0 5 6 7 6 7 7 0 5 7 0
Last Time Cost: 00000014 ms
Total Time Cost: 00000679 ms
Total Distance 226: 4 6 5 6 6 8 7 6 7 7 7 6 0 7 6 0 5 0 0 0 0 6 6 6 0 0 0 6 0 5 1 7 5 6 0 5 6 0 6 0 6 5 0 7 0 0 5 6 7 6 7 7 0 5 7 0
Last Time Cost: 00000013 ms
Total Time Cost: 00000692 ms
Total Distance 225: 4 6 5 6 6 8 7 6 7 7 7 6 0 7 6 0 5 0 0 0 0 6 6 6 0 0 0 6 0 5 0 7 5 6 0 5 6 0 6 0 6 5 0 7 0 0 5 6 7 6 7 7 0 5 7 0
Last Time Cost: 00000018 ms
Total Time Cost: 00000710 ms
Total Distance 222: 3 6 5 6 6 8 6 6 7 7 7 6 0 7 6 0 5 0 0 0 0 6 5 6 0 0 0 6 0 5 0 7 5 6 0 5 6 0 6 0 6 5 0 7 0 0 5 6 7 6 7 7 0 5 7 0
Last Time Cost: 00000015 ms
Total Time Cost: 00000725 ms
Total Distance 220: 2 6 5 6 6 8 6 6 7 7 7 6 0 7 6 0 5 0 0 0 0 6 5 6 0 0 0 6 0 5 0 7 5 6 0 5 6 0 6 0 6 5 0 6 0 0 5 6 7 6 7 7 0 5 7 0
Last Time Cost: 00000014 ms
Total Time Cost: 00000739 ms
Total Distance 219: 1 6 5 6 6 8 6 6 7 7 7 6 0 7 6 0 5 0 0 0 0 6 5 6 0 0 0 6 0 5 0 7 5 6 0 5 6 0 6 0 6 5 0 6 0 0 5 6 7 6 7 7 0 5 7 0
Last Time Cost: 00000012 ms
Total Time Cost: 00000751 ms
Total Distance 218: 0 6 5 6 6 8 6 6 7 7 7 6 0 7 6 0 5 0 0 0 0 6 5 6 0 0 0 6 0 5 0 7 5 6 0 5 6 0 6 0 6 5 0 6 0 0 5 6 7 6 7 7 0 5 7 0
Last Time Cost: 00000060 ms
Total Time Cost: 00000811 ms
Total Distance 215: 0 5 5 6 6 8 6 6 7 7 7 6 0 7 6 0 5 0 0 0 0 6 5 6 0 0 0 6 0 5 0 7 5 6 0 5 6 0 6 0 6 5 0 6 0 0 5 6 7 5 7 7 0 4 7 0
Last Time Cost: 00000017 ms
Total Time Cost: 00000828 ms
Total Distance 213: 0 5 5 6 5 8 6 6 7 7 7 6 0 7 6 0 5 0 0 0 0 6 5 6 0 0 0 6 0 5 0 7 5 6 0 5 6 0 6 0 6 5 0 6 0 0 5 6 7 5 7 7 0 3 7 0
Last Time Cost: 00000017 ms
Total Time Cost: 00000845 ms
Total Distance 212: 0 5 5 6 5 8 6 6 7 7 7 6 0 7 6 0 5 0 0 0 0 6 5 6 0 0 0 6 0 5 0 7 5 6 0 5 6 0 6 0 6 5 0 6 0 0 5 6 7 5 7 7 0 2 7 0
Last Time Cost: 00000016 ms
Total Time Cost: 00000861 ms
Total Distance 211: 0 5 5 6 5 8 6 6 7 7 7 6 0 7 6 0 5 0 0 0 0 6 5 6 0 0 0 6 0 5 0 7 5 6 0 5 6 0 6 0 6 5 0 6 0 0 5 6 7 5 7 7 0 1 7 0
Last Time Cost: 00000014 ms
Total Time Cost: 00000875 ms
Total Distance 210: 0 5 5 6 5 8 6 6 7 7 7 6 0 7 6 0 5 0 0 0 0 6 5 6 0 0 0 6 0 5 0 7 5 6 0 5 6 0 6 0 6 5 0 6 0 0 5 6 7 5 7 7 0 0 7 0
Last Time Cost: 00000077 ms
Total Time Cost: 00000952 ms
Total Distance 206: 0 5 5 6 4 7 6 6 7 7 7 6 0 7 6 0 5 0 0 0 0 6 5 6 0 0 0 6 0 5 0 7 5 5 0 5 6 0 6 0 6 5 0 6 0 0 5 6 6 5 7 7 0 0 7 0
Last Time Cost: 00000008 ms
Total Time Cost: 00000960 ms
Total Distance 205: 0 5 5 6 3 7 6 6 7 7 7 6 0 7 6 0 5 0 0 0 0 6 5 6 0 0 0 6 0 5 0 7 5 5 0 5 6 0 6 0 6 5 0 6 0 0 5 6 6 5 7 7 0 0 7 0
Last Time Cost: 00000003 ms
Total Time Cost: 00000963 ms
Total Distance 204: 0 5 5 6 2 7 6 6 7 7 7 6 0 7 6 0 5 0 0 0 0 6 5 6 0 0 0 6 0 5 0 7 5 5 0 5 6 0 6 0 6 5 0 6 0 0 5 6 6 5 7 7 0 0 7 0
Last Time Cost: 00000002 ms
Total Time Cost: 00000965 ms
Total Distance 203: 0 5 5 6 1 7 6 6 7 7 7 6 0 7 6 0 5 0 0 0 0 6 5 6 0 0 0 6 0 5 0 7 5 5 0 5 6 0 6 0 6 5 0 6 0 0 5 6 6 5 7 7 0 0 7 0
Last Time Cost: 00000001 ms
Total Time Cost: 00000966 ms
Total Distance 202: 0 5 5 6 0 7 6 6 7 7 7 6 0 7 6 0 5 0 0 0 0 6 5 6 0 0 0 6 0 5 0 7 5 5 0 5 6 0 6 0 6 5 0 6 0 0 5 6 6 5 7 7 0 0 7 0
Last Time Cost: 00000061 ms
Total Time Cost: 00001027 ms
Total Distance 199: 0 5 5 6 0 7 6 6 7 7 6 6 0 7 6 0 5 0 0 0 0 6 5 6 0 0 0 6 0 5 0 7 5 5 0 5 6 0 6 0 6 4 0 6 0 0 5 6 6 5 7 6 0 0 7 0
Last Time Cost: 00000004 ms
Total Time Cost: 00001031 ms
Total Distance 198: 0 5 5 6 0 7 6 6 7 7 6 6 0 7 6 0 5 0 0 0 0 6 5 6 0 0 0 6 0 5 0 7 5 5 0 5 6 0 6 0 6 3 0 6 0 0 5 6 6 5 7 6 0 0 7 0
Last Time Cost: 00000002 ms
Total Time Cost: 00001033 ms
Total Distance 197: 0 5 5 6 0 7 6 6 7 7 6 6 0 7 6 0 5 0 0 0 0 6 5 6 0 0 0 6 0 5 0 7 5 5 0 5 6 0 6 0 6 2 0 6 0 0 5 6 6 5 7 6 0 0 7 0
Last Time Cost: 00000002 ms
Total Time Cost: 00001035 ms
Total Distance 196: 0 5 5 6 0 7 6 6 7 7 6 6 0 7 6 0 5 0 0 0 0 6 5 6 0 0 0 6 0 5 0 7 5 5 0 5 6 0 6 0 6 1 0 6 0 0 5 6 6 5 7 6 0 0 7 0
Last Time Cost: 00000001 ms
Total Time Cost: 00001036 ms
Total Distance 195: 0 5 5 6 0 7 6 6 7 7 6 6 0 7 6 0 5 0 0 0 0 6 5 6 0 0 0 6 0 5 0 7 5 5 0 5 6 0 6 0 6 0 0 6 0 0 5 6 6 5 7 6 0 0 7 0
Last Time Cost: 00000055 ms
Total Time Cost: 00001091 ms
Total Distance 192: 0 5 5 6 0 7 6 6 7 7 6 6 0 7 6 0 5 0 0 0 0 6 5 6 0 0 0 6 0 5 0 7 5 5 0 5 6 0 5 0 6 0 0 6 0 0 4 6 6 5 7 5 0 0 7 0
Last Time Cost: 00000003 ms
Total Time Cost: 00001094 ms
Total Distance 190: 0 5 5 6 0 7 6 6 7 7 6 6 0 6 6 0 5 0 0 0 0 6 5 6 0 0 0 6 0 5 0 7 5 5 0 5 6 0 5 0 6 0 0 6 0 0 3 6 6 5 7 5 0 0 7 0
Last Time Cost: 00000002 ms
Total Time Cost: 00001096 ms
Total Distance 189: 0 5 5 6 0 7 6 6 7 7 6 6 0 6 6 0 5 0 0 0 0 6 5 6 0 0 0 6 0 5 0 7 5 5 0 5 6 0 5 0 6 0 0 6 0 0 2 6 6 5 7 5 0 0 7 0
Last Time Cost: 00000002 ms
Total Time Cost: 00001098 ms
Total Distance 188: 0 5 5 6 0 7 6 6 7 7 6 6 0 6 6 0 5 0 0 0 0 6 5 6 0 0 0 6 0 5 0 7 5 5 0 5 6 0 5 0 6 0 0 6 0 0 1 6 6 5 7 5 0 0 7 0
Last Time Cost: 00000001 ms
Total Time Cost: 00001099 ms
Total Distance 187: 0 5 5 6 0 7 6 6 7 7 6 6 0 6 6 0 5 0 0 0 0 6 5 6 0 0 0 6 0 5 0 7 5 5 0 5 6 0 5 0 6 0 0 6 0 0 0 6 6 5 7 5 0 0 7 0
Last Time Cost: 00000062 ms
Total Time Cost: 00001161 ms
Total Distance 184: 0 5 5 6 0 6 6 6 7 7 6 6 0 6 6 0 5 0 0 0 0 6 4 6 0 0 0 6 0 5 0 6 5 5 0 5 6 0 5 0 6 0 0 6 0 0 0 6 6 5 7 5 0 0 7 0
Last Time Cost: 00000002 ms
Total Time Cost: 00001163 ms
Total Distance 182: 0 5 5 6 0 5 6 6 7 7 6 6 0 6 6 0 5 0 0 0 0 6 3 6 0 0 0 6 0 5 0 6 5 5 0 5 6 0 5 0 6 0 0 6 0 0 0 6 6 5 7 5 0 0 7 0
Last Time Cost: 00000002 ms
Total Time Cost: 00001165 ms
Total Distance 180: 0 5 5 6 0 5 6 6 6 7 6 6 0 6 6 0 5 0 0 0 0 6 2 6 0 0 0 6 0 5 0 6 5 5 0 5 6 0 5 0 6 0 0 6 0 0 0 6 6 5 7 5 0 0 7 0
Last Time Cost: 00000001 ms
Total Time Cost: 00001166 ms
Total Distance 179: 0 5 5 6 0 5 6 6 6 7 6 6 0 6 6 0 5 0 0 0 0 6 1 6 0 0 0 6 0 5 0 6 5 5 0 5 6 0 5 0 6 0 0 6 0 0 0 6 6 5 7 5 0 0 7 0
Last Time Cost: 00000001 ms
Total Time Cost: 00001167 ms
Total Distance 178: 0 5 5 6 0 5 6 6 6 7 6 6 0 6 6 0 5 0 0 0 0 6 0 6 0 0 0 6 0 5 0 6 5 5 0 5 6 0 5 0 6 0 0 6 0 0 0 6 6 5 7 5 0 0 7 0
Last Time Cost: 00000058 ms
Total Time Cost: 00001225 ms
Total Distance 176: 0 5 5 6 0 5 6 6 6 7 6 6 0 6 6 0 5 0 0 0 0 6 0 6 0 0 0 6 0 5 0 6 5 5 0 5 6 0 4 0 6 0 0 6 0 0 0 6 6 5 7 4 0 0 7 0
Last Time Cost: 00000003 ms
Total Time Cost: 00001228 ms
Total Distance 174: 0 5 5 6 0 5 6 6 6 7 6 6 0 6 6 0 5 0 0 0 0 6 0 6 0 0 0 6 0 5 0 6 5 5 0 5 6 0 3 0 6 0 0 6 0 0 0 6 6 4 7 4 0 0 7 0
Last Time Cost: 00000002 ms
Total Time Cost: 00001230 ms
Total Distance 173: 0 5 5 6 0 5 6 6 6 7 6 6 0 6 6 0 5 0 0 0 0 6 0 6 0 0 0 6 0 5 0 6 5 5 0 5 6 0 2 0 6 0 0 6 0 0 0 6 6 4 7 4 0 0 7 0
Last Time Cost: 00000001 ms
Total Time Cost: 00001231 ms
Total Distance 172: 0 5 5 6 0 5 6 6 6 7 6 6 0 6 6 0 5 0 0 0 0 6 0 6 0 0 0 6 0 5 0 6 5 5 0 5 6 0 1 0 6 0 0 6 0 0 0 6 6 4 7 4 0 0 7 0
Last Time Cost: 00000001 ms
Total Time Cost: 00001232 ms
Total Distance 171: 0 5 5 6 0 5 6 6 6 7 6 6 0 6 6 0 5 0 0 0 0 6 0 6 0 0 0 6 0 5 0 6 5 5 0 5 6 0 0 0 6 0 0 6 0 0 0 6 6 4 7 4 0 0 7 0
Last Time Cost: 00000003 ms
Total Time Cost: 00001235 ms
Total Distance 169: 0 5 5 6 0 5 6 6 6 7 6 6 0 6 5 0 5 0 0 0 0 6 0 6 0 0 0 6 0 5 0 6 5 5 0 5 6 0 0 0 6 0 0 6 0 0 0 6 6 3 7 4 0 0 7 0
Last Time Cost: 00000002 ms
Total Time Cost: 00001237 ms
Total Distance 168: 0 5 5 6 0 5 6 6 6 7 6 6 0 6 5 0 5 0 0 0 0 6 0 6 0 0 0 6 0 5 0 6 5 5 0 5 6 0 0 0 6 0 0 6 0 0 0 6 6 2 7 4 0 0 7 0
Last Time Cost: 00000001 ms
Total Time Cost: 00001238 ms
Total Distance 167: 0 5 5 6 0 5 6 6 6 7 6 6 0 6 5 0 5 0 0 0 0 6 0 6 0 0 0 6 0 5 0 6 5 5 0 5 6 0 0 0 6 0 0 6 0 0 0 6 6 1 7 4 0 0 7 0
Last Time Cost: 00000001 ms
Total Time Cost: 00001239 ms
Total Distance 166: 0 5 5 6 0 5 6 6 6 7 6 6 0 6 5 0 5 0 0 0 0 6 0 6 0 0 0 6 0 5 0 6 5 5 0 5 6 0 0 0 6 0 0 6 0 0 0 6 6 0 7 4 0 0 7 0
Last Time Cost: 00000003 ms
Total Time Cost: 00001242 ms
Total Distance 165: 0 5 5 6 0 5 6 6 6 7 6 6 0 6 5 0 5 0 0 0 0 6 0 6 0 0 0 6 0 5 0 6 5 5 0 5 6 0 0 0 6 0 0 6 0 0 0 6 6 0 7 3 0 0 7 0
Last Time Cost: 00000002 ms
Total Time Cost: 00001244 ms
Total Distance 164: 0 5 5 6 0 5 6 6 6 7 6 6 0 6 5 0 5 0 0 0 0 6 0 6 0 0 0 6 0 5 0 6 5 5 0 5 6 0 0 0 6 0 0 6 0 0 0 6 6 0 7 2 0 0 7 0
Last Time Cost: 00000002 ms
Total Time Cost: 00001246 ms
Total Distance 163: 0 5 5 6 0 5 6 6 6 7 6 6 0 6 5 0 5 0 0 0 0 6 0 6 0 0 0 6 0 5 0 6 5 5 0 5 6 0 0 0 6 0 0 6 0 0 0 6 6 0 7 1 0 0 7 0
Last Time Cost: 00000001 ms
Total Time Cost: 00001247 ms
Total Distance 162: 0 5 5 6 0 5 6 6 6 7 6 6 0 6 5 0 5 0 0 0 0 6 0 6 0 0 0 6 0 5 0 6 5 5 0 5 6 0 0 0 6 0 0 6 0 0 0 6 6 0 7 0 0 0 7 0
Last Time Cost: 00000066 ms
Total Time Cost: 00001313 ms
Total Distance 160: 0 5 5 6 0 4 6 6 6 7 6 6 0 6 5 0 5 0 0 0 0 6 0 6 0 0 0 6 0 5 0 6 5 5 0 4 6 0 0 0 6 0 0 6 0 0 0 6 6 0 7 0 0 0 7 0
Last Time Cost: 00000003 ms
Total Time Cost: 00001316 ms
Total Distance 158: 0 5 5 6 0 4 6 6 6 7 6 5 0 6 5 0 5 0 0 0 0 6 0 6 0 0 0 6 0 5 0 6 5 5 0 3 6 0 0 0 6 0 0 6 0 0 0 6 6 0 7 0 0 0 7 0
Last Time Cost: 00000002 ms
Total Time Cost: 00001318 ms
Total Distance 157: 0 5 5 6 0 4 6 6 6 7 6 5 0 6 5 0 5 0 0 0 0 6 0 6 0 0 0 6 0 5 0 6 5 5 0 2 6 0 0 0 6 0 0 6 0 0 0 6 6 0 7 0 0 0 7 0
Last Time Cost: 00000002 ms
Total Time Cost: 00001320 ms
Total Distance 156: 0 5 5 6 0 4 6 6 6 7 6 5 0 6 5 0 5 0 0 0 0 6 0 6 0 0 0 6 0 5 0 6 5 5 0 1 6 0 0 0 6 0 0 6 0 0 0 6 6 0 7 0 0 0 7 0
Last Time Cost: 00000001 ms
Total Time Cost: 00001321 ms
Total Distance 155: 0 5 5 6 0 4 6 6 6 7 6 5 0 6 5 0 5 0 0 0 0 6 0 6 0 0 0 6 0 5 0 6 5 5 0 0 6 0 0 0 6 0 0 6 0 0 0 6 6 0 7 0 0 0 7 0
Last Time Cost: 00000002 ms
Total Time Cost: 00001323 ms
Total Distance 154: 0 5 5 6 0 3 6 6 6 7 6 5 0 6 5 0 5 0 0 0 0 6 0 6 0 0 0 6 0 5 0 6 5 5 0 0 6 0 0 0 6 0 0 6 0 0 0 6 6 0 7 0 0 0 7 0
Last Time Cost: 00000002 ms
Total Time Cost: 00001325 ms
Total Distance 153: 0 5 5 6 0 2 6 6 6 7 6 5 0 6 5 0 5 0 0 0 0 6 0 6 0 0 0 6 0 5 0 6 5 5 0 0 6 0 0 0 6 0 0 6 0 0 0 6 6 0 7 0 0 0 7 0
Last Time Cost: 00000002 ms
Total Time Cost: 00001327 ms
Total Distance 152: 0 5 5 6 0 1 6 6 6 7 6 5 0 6 5 0 5 0 0 0 0 6 0 6 0 0 0 6 0 5 0 6 5 5 0 0 6 0 0 0 6 0 0 6 0 0 0 6 6 0 7 0 0 0 7 0
Last Time Cost: 00000001 ms
Total Time Cost: 00001328 ms
Total Distance 151: 0 5 5 6 0 0 6 6 6 7 6 5 0 6 5 0 5 0 0 0 0 6 0 6 0 0 0 6 0 5 0 6 5 5 0 0 6 0 0 0 6 0 0 6 0 0 0 6 6 0 7 0 0 0 7 0
Last Time Cost: 00000070 ms
Total Time Cost: 00001398 ms
Total Distance 149: 0 5 4 6 0 0 6 6 6 7 6 4 0 6 5 0 5 0 0 0 0 6 0 6 0 0 0 6 0 5 0 6 5 5 0 0 6 0 0 0 6 0 0 6 0 0 0 6 6 0 7 0 0 0 7 0
Last Time Cost: 00000004 ms
Total Time Cost: 00001402 ms
Total Distance 147: 0 5 3 6 0 0 6 6 6 7 6 4 0 6 5 0 5 0 0 0 0 6 0 6 0 0 0 6 0 5 0 6 5 5 0 0 6 0 0 0 6 0 0 6 0 0 0 6 5 0 7 0 0 0 7 0
Last Time Cost: 00000002 ms
Total Time Cost: 00001404 ms
Total Distance 146: 0 5 2 6 0 0 6 6 6 7 6 4 0 6 5 0 5 0 0 0 0 6 0 6 0 0 0 6 0 5 0 6 5 5 0 0 6 0 0 0 6 0 0 6 0 0 0 6 5 0 7 0 0 0 7 0
Last Time Cost: 00000002 ms
Total Time Cost: 00001406 ms
Total Distance 145: 0 5 1 6 0 0 6 6 6 7 6 4 0 6 5 0 5 0 0 0 0 6 0 6 0 0 0 6 0 5 0 6 5 5 0 0 6 0 0 0 6 0 0 6 0 0 0 6 5 0 7 0 0 0 7 0
Last Time Cost: 00000001 ms
Total Time Cost: 00001407 ms
Total Distance 144: 0 5 0 6 0 0 6 6 6 7 6 4 0 6 5 0 5 0 0 0 0 6 0 6 0 0 0 6 0 5 0 6 5 5 0 0 6 0 0 0 6 0 0 6 0 0 0 6 5 0 7 0 0 0 7 0
Last Time Cost: 00000003 ms
Total Time Cost: 00001410 ms
Total Distance 142: 0 5 0 6 0 0 6 6 6 7 6 3 0 6 5 0 5 0 0 0 0 6 0 6 0 0 0 6 0 5 0 6 5 5 0 0 6 0 0 0 6 0 0 6 0 0 0 5 5 0 7 0 0 0 7 0
Last Time Cost: 00000002 ms
Total Time Cost: 00001412 ms
Total Distance 141: 0 5 0 6 0 0 6 6 6 7 6 2 0 6 5 0 5 0 0 0 0 6 0 6 0 0 0 6 0 5 0 6 5 5 0 0 6 0 0 0 6 0 0 6 0 0 0 5 5 0 7 0 0 0 7 0
Last Time Cost: 00000002 ms
Total Time Cost: 00001414 ms
Total Distance 140: 0 5 0 6 0 0 6 6 6 7 6 1 0 6 5 0 5 0 0 0 0 6 0 6 0 0 0 6 0 5 0 6 5 5 0 0 6 0 0 0 6 0 0 6 0 0 0 5 5 0 7 0 0 0 7 0
Last Time Cost: 00000001 ms
Total Time Cost: 00001415 ms
Total Distance 139: 0 5 0 6 0 0 6 6 6 7 6 0 0 6 5 0 5 0 0 0 0 6 0 6 0 0 0 6 0 5 0 6 5 5 0 0 6 0 0 0 6 0 0 6 0 0 0 5 5 0 7 0 0 0 7 0
Last Time Cost: 00000082 ms
Total Time Cost: 00001497 ms
Total Distance 137: 0 4 0 6 0 0 6 6 6 7 6 0 0 6 5 0 5 0 0 0 0 6 0 6 0 0 0 6 0 5 0 6 5 4 0 0 6 0 0 0 6 0 0 6 0 0 0 5 5 0 7 0 0 0 7 0
Last Time Cost: 00000004 ms
Total Time Cost: 00001501 ms
Total Distance 135: 0 4 0 6 0 0 6 6 6 7 6 0 0 6 5 0 5 0 0 0 0 6 0 6 0 0 0 6 0 5 0 6 5 3 0 0 6 0 0 0 6 0 0 6 0 0 0 5 4 0 7 0 0 0 7 0
Last Time Cost: 00000002 ms
Total Time Cost: 00001503 ms
Total Distance 134: 0 4 0 6 0 0 6 6 6 7 6 0 0 6 5 0 5 0 0 0 0 6 0 6 0 0 0 6 0 5 0 6 5 2 0 0 6 0 0 0 6 0 0 6 0 0 0 5 4 0 7 0 0 0 7 0
Last Time Cost: 00000002 ms
Total Time Cost: 00001505 ms
Total Distance 133: 0 4 0 6 0 0 6 6 6 7 6 0 0 6 5 0 5 0 0 0 0 6 0 6 0 0 0 6 0 5 0 6 5 1 0 0 6 0 0 0 6 0 0 6 0 0 0 5 4 0 7 0 0 0 7 0
Last Time Cost: 00000001 ms
Total Time Cost: 00001506 ms
Total Distance 132: 0 4 0 6 0 0 6 6 6 7 6 0 0 6 5 0 5 0 0 0 0 6 0 6 0 0 0 6 0 5 0 6 5 0 0 0 6 0 0 0 6 0 0 6 0 0 0 5 4 0 7 0 0 0 7 0
Last Time Cost: 00000004 ms
Total Time Cost: 00001510 ms
Total Distance 130: 0 4 0 6 0 0 6 6 6 7 6 0 0 6 5 0 5 0 0 0 0 5 0 6 0 0 0 6 0 5 0 6 5 0 0 0 6 0 0 0 6 0 0 6 0 0 0 5 3 0 7 0 0 0 7 0
Last Time Cost: 00000002 ms
Total Time Cost: 00001512 ms
Total Distance 128: 0 4 0 6 0 0 6 6 6 7 6 0 0 6 5 0 5 0 0 0 0 4 0 6 0 0 0 6 0 5 0 6 5 0 0 0 6 0 0 0 6 0 0 6 0 0 0 5 2 0 7 0 0 0 7 0
Last Time Cost: 00000002 ms
Total Time Cost: 00001514 ms
Total Distance 127: 0 4 0 6 0 0 6 6 6 7 6 0 0 6 5 0 5 0 0 0 0 4 0 6 0 0 0 6 0 5 0 6 5 0 0 0 6 0 0 0 6 0 0 6 0 0 0 5 1 0 7 0 0 0 7 0
Last Time Cost: 00000001 ms
Total Time Cost: 00001515 ms
Total Distance 126: 0 4 0 6 0 0 6 6 6 7 6 0 0 6 5 0 5 0 0 0 0 4 0 6 0 0 0 6 0 5 0 6 5 0 0 0 6 0 0 0 6 0 0 6 0 0 0 5 0 0 7 0 0 0 7 0
Last Time Cost: 00000004 ms
Total Time Cost: 00001519 ms
Total Distance 124: 0 4 0 6 0 0 6 6 6 7 6 0 0 6 5 0 5 0 0 0 0 3 0 6 0 0 0 5 0 5 0 6 5 0 0 0 6 0 0 0 6 0 0 6 0 0 0 5 0 0 7 0 0 0 7 0
Last Time Cost: 00000002 ms
Total Time Cost: 00001521 ms
Total Distance 123: 0 4 0 6 0 0 6 6 6 7 6 0 0 6 5 0 5 0 0 0 0 2 0 6 0 0 0 5 0 5 0 6 5 0 0 0 6 0 0 0 6 0 0 6 0 0 0 5 0 0 7 0 0 0 7 0
Last Time Cost: 00000002 ms
Total Time Cost: 00001523 ms
Total Distance 122: 0 4 0 6 0 0 6 6 6 7 6 0 0 6 5 0 5 0 0 0 0 1 0 6 0 0 0 5 0 5 0 6 5 0 0 0 6 0 0 0 6 0 0 6 0 0 0 5 0 0 7 0 0 0 7 0
Last Time Cost: 00000001 ms
Total Time Cost: 00001524 ms
Total Distance 121: 0 4 0 6 0 0 6 6 6 7 6 0 0 6 5 0 5 0 0 0 0 0 0 6 0 0 0 5 0 5 0 6 5 0 0 0 6 0 0 0 6 0 0 6 0 0 0 5 0 0 7 0 0 0 7 0
Last Time Cost: 00000003 ms
Total Time Cost: 00001527 ms
Total Distance 120: 0 3 0 6 0 0 6 6 6 7 6 0 0 6 5 0 5 0 0 0 0 0 0 6 0 0 0 5 0 5 0 6 5 0 0 0 6 0 0 0 6 0 0 6 0 0 0 5 0 0 7 0 0 0 7 0
Last Time Cost: 00000002 ms
Total Time Cost: 00001529 ms
Total Distance 119: 0 2 0 6 0 0 6 6 6 7 6 0 0 6 5 0 5 0 0 0 0 0 0 6 0 0 0 5 0 5 0 6 5 0 0 0 6 0 0 0 6 0 0 6 0 0 0 5 0 0 7 0 0 0 7 0
Last Time Cost: 00000002 ms
Total Time Cost: 00001531 ms
Total Distance 118: 0 1 0 6 0 0 6 6 6 7 6 0 0 6 5 0 5 0 0 0 0 0 0 6 0 0 0 5 0 5 0 6 5 0 0 0 6 0 0 0 6 0 0 6 0 0 0 5 0 0 7 0 0 0 7 0
Last Time Cost: 00000001 ms
Total Time Cost: 00001532 ms
Total Distance 117: 0 0 0 6 0 0 6 6 6 7 6 0 0 6 5 0 5 0 0 0 0 0 0 6 0 0 0 5 0 5 0 6 5 0 0 0 6 0 0 0 6 0 0 6 0 0 0 5 0 0 7 0 0 0 7 0
Last Time Cost: 00000086 ms
Total Time Cost: 00001618 ms
Total Distance 115: 0 0 0 6 0 0 6 6 6 7 6 0 0 6 5 0 5 0 0 0 0 0 0 6 0 0 0 4 0 4 0 6 5 0 0 0 6 0 0 0 6 0 0 6 0 0 0 5 0 0 7 0 0 0 7 0
Last Time Cost: 00000005 ms
Total Time Cost: 00001623 ms
Total Distance 113: 0 0 0 6 0 0 6 6 6 7 6 0 0 6 5 0 5 0 0 0 0 0 0 6 0 0 0 4 0 3 0 5 5 0 0 0 6 0 0 0 6 0 0 6 0 0 0 5 0 0 7 0 0 0 7 0
Last Time Cost: 00000002 ms
Total Time Cost: 00001625 ms
Total Distance 112: 0 0 0 6 0 0 6 6 6 7 6 0 0 6 5 0 5 0 0 0 0 0 0 6 0 0 0 4 0 2 0 5 5 0 0 0 6 0 0 0 6 0 0 6 0 0 0 5 0 0 7 0 0 0 7 0
Last Time Cost: 00000002 ms
Total Time Cost: 00001627 ms
Total Distance 111: 0 0 0 6 0 0 6 6 6 7 6 0 0 6 5 0 5 0 0 0 0 0 0 6 0 0 0 4 0 1 0 5 5 0 0 0 6 0 0 0 6 0 0 6 0 0 0 5 0 0 7 0 0 0 7 0
Last Time Cost: 00000001 ms
Total Time Cost: 00001628 ms
Total Distance 110: 0 0 0 6 0 0 6 6 6 7 6 0 0 6 5 0 5 0 0 0 0 0 0 6 0 0 0 4 0 0 0 5 5 0 0 0 6 0 0 0 6 0 0 6 0 0 0 5 0 0 7 0 0 0 7 0
Last Time Cost: 00000003 ms
Total Time Cost: 00001631 ms
Total Distance 109: 0 0 0 6 0 0 6 6 6 7 6 0 0 6 5 0 5 0 0 0 0 0 0 6 0 0 0 3 0 0 0 5 5 0 0 0 6 0 0 0 6 0 0 6 0 0 0 5 0 0 7 0 0 0 7 0
Last Time Cost: 00000002 ms
Total Time Cost: 00001633 ms
Total Distance 108: 0 0 0 6 0 0 6 6 6 7 6 0 0 6 5 0 5 0 0 0 0 0 0 6 0 0 0 2 0 0 0 5 5 0 0 0 6 0 0 0 6 0 0 6 0 0 0 5 0 0 7 0 0 0 7 0
Last Time Cost: 00000002 ms
Total Time Cost: 00001635 ms
Total Distance 107: 0 0 0 6 0 0 6 6 6 7 6 0 0 6 5 0 5 0 0 0 0 0 0 6 0 0 0 1 0 0 0 5 5 0 0 0 6 0 0 0 6 0 0 6 0 0 0 5 0 0 7 0 0 0 7 0
Last Time Cost: 00000001 ms
Total Time Cost: 00001636 ms
Total Distance 106: 0 0 0 6 0 0 6 6 6 7 6 0 0 6 5 0 5 0 0 0 0 0 0 6 0 0 0 0 0 0 0 5 5 0 0 0 6 0 0 0 6 0 0 6 0 0 0 5 0 0 7 0 0 0 7 0
Last Time Cost: 00000083 ms
Total Time Cost: 00001719 ms
Total Distance 104: 0 0 0 6 0 0 6 6 6 7 6 0 0 6 5 0 5 0 0 0 0 0 0 6 0 0 0 0 0 0 0 4 5 0 0 0 6 0 0 0 5 0 0 6 0 0 0 5 0 0 7 0 0 0 7 0
Last Time Cost: 00000003 ms
Total Time Cost: 00001722 ms
Total Distance 103: 0 0 0 6 0 0 6 6 6 7 6 0 0 6 5 0 5 0 0 0 0 0 0 6 0 0 0 0 0 0 0 3 5 0 0 0 6 0 0 0 5 0 0 6 0 0 0 5 0 0 7 0 0 0 7 0
Last Time Cost: 00000003 ms
Total Time Cost: 00001725 ms
Total Distance 102: 0 0 0 6 0 0 6 6 6 7 6 0 0 6 5 0 5 0 0 0 0 0 0 6 0 0 0 0 0 0 0 2 5 0 0 0 6 0 0 0 5 0 0 6 0 0 0 5 0 0 7 0 0 0 7 0
Last Time Cost: 00000002 ms
Total Time Cost: 00001727 ms
Total Distance 101: 0 0 0 6 0 0 6 6 6 7 6 0 0 6 5 0 5 0 0 0 0 0 0 6 0 0 0 0 0 0 0 1 5 0 0 0 6 0 0 0 5 0 0 6 0 0 0 5 0 0 7 0 0 0 7 0
Last Time Cost: 00000002 ms
Total Time Cost: 00001729 ms
Total Distance 100: 0 0 0 6 0 0 6 6 6 7 6 0 0 6 5 0 5 0 0 0 0 0 0 6 0 0 0 0 0 0 0 0 5 0 0 0 6 0 0 0 5 0 0 6 0 0 0 5 0 0 7 0 0 0 7 0
Last Time Cost: 00000092 ms
Total Time Cost: 00001821 ms
Total Distance 98: 0 0 0 6 0 0 5 6 6 7 6 0 0 6 4 0 5 0 0 0 0 0 0 6 0 0 0 0 0 0 0 0 5 0 0 0 6 0 0 0 5 0 0 6 0 0 0 5 0 0 7 0 0 0 7 0
Last Time Cost: 00000005 ms
Total Time Cost: 00001826 ms
Total Distance 97: 0 0 0 6 0 0 5 6 6 7 6 0 0 6 3 0 5 0 0 0 0 0 0 6 0 0 0 0 0 0 0 0 5 0 0 0 6 0 0 0 5 0 0 6 0 0 0 5 0 0 7 0 0 0 7 0
Last Time Cost: 00000003 ms
Total Time Cost: 00001829 ms
Total Distance 96: 0 0 0 6 0 0 5 6 6 7 6 0 0 6 2 0 5 0 0 0 0 0 0 6 0 0 0 0 0 0 0 0 5 0 0 0 6 0 0 0 5 0 0 6 0 0 0 5 0 0 7 0 0 0 7 0
Last Time Cost: 00000002 ms
Total Time Cost: 00001831 ms
Total Distance 95: 0 0 0 6 0 0 5 6 6 7 6 0 0 6 1 0 5 0 0 0 0 0 0 6 0 0 0 0 0 0 0 0 5 0 0 0 6 0 0 0 5 0 0 6 0 0 0 5 0 0 7 0 0 0 7 0
Last Time Cost: 00000002 ms
Total Time Cost: 00001833 ms
Total Distance 94: 0 0 0 6 0 0 5 6 6 7 6 0 0 6 0 0 5 0 0 0 0 0 0 6 0 0 0 0 0 0 0 0 5 0 0 0 6 0 0 0 5 0 0 6 0 0 0 5 0 0 7 0 0 0 7 0
Last Time Cost: 00000100 ms
Total Time Cost: 00001933 ms
Total Distance 92: 0 0 0 6 0 0 5 6 6 7 6 0 0 6 0 0 4 0 0 0 0 0 0 5 0 0 0 0 0 0 0 0 5 0 0 0 6 0 0 0 5 0 0 6 0 0 0 5 0 0 7 0 0 0 7 0
Last Time Cost: 00000004 ms
Total Time Cost: 00001937 ms
Total Distance 91: 0 0 0 6 0 0 5 6 6 7 6 0 0 6 0 0 3 0 0 0 0 0 0 5 0 0 0 0 0 0 0 0 5 0 0 0 6 0 0 0 5 0 0 6 0 0 0 5 0 0 7 0 0 0 7 0
Last Time Cost: 00000003 ms
Total Time Cost: 00001940 ms
Total Distance 90: 0 0 0 6 0 0 5 6 6 7 6 0 0 6 0 0 2 0 0 0 0 0 0 5 0 0 0 0 0 0 0 0 5 0 0 0 6 0 0 0 5 0 0 6 0 0 0 5 0 0 7 0 0 0 7 0
Last Time Cost: 00000002 ms
Total Time Cost: 00001942 ms
Total Distance 89: 0 0 0 6 0 0 5 6 6 7 6 0 0 6 0 0 1 0 0 0 0 0 0 5 0 0 0 0 0 0 0 0 5 0 0 0 6 0 0 0 5 0 0 6 0 0 0 5 0 0 7 0 0 0 7 0
Last Time Cost: 00000002 ms
Total Time Cost: 00001944 ms
Total Distance 88: 0 0 0 6 0 0 5 6 6 7 6 0 0 6 0 0 0 0 0 0 0 0 0 5 0 0 0 0 0 0 0 0 5 0 0 0 6 0 0 0 5 0 0 6 0 0 0 5 0 0 7 0 0 0 7 0
Last Time Cost: 00000121 ms
Total Time Cost: 00002065 ms
Total Distance 86: 0 0 0 6 0 0 4 6 6 7 6 0 0 6 0 0 0 0 0 0 0 0 0 4 0 0 0 0 0 0 0 0 5 0 0 0 6 0 0 0 5 0 0 6 0 0 0 5 0 0 7 0 0 0 7 0
Last Time Cost: 00000011 ms
Total Time Cost: 00002076 ms
Total Distance 84: 0 0 0 6 0 0 3 6 6 7 6 0 0 6 0 0 0 0 0 0 0 0 0 3 0 0 0 0 0 0 0 0 5 0 0 0 6 0 0 0 5 0 0 6 0 0 0 5 0 0 7 0 0 0 7 0
Last Time Cost: 00000004 ms
Total Time Cost: 00002080 ms
Total Distance 83: 0 0 0 6 0 0 3 6 6 7 6 0 0 6 0 0 0 0 0 0 0 0 0 2 0 0 0 0 0 0 0 0 5 0 0 0 6 0 0 0 5 0 0 6 0 0 0 5 0 0 7 0 0 0 7 0
Last Time Cost: 00000002 ms
Total Time Cost: 00002082 ms
Total Distance 82: 0 0 0 6 0 0 3 6 6 7 6 0 0 6 0 0 0 0 0 0 0 0 0 1 0 0 0 0 0 0 0 0 5 0 0 0 6 0 0 0 5 0 0 6 0 0 0 5 0 0 7 0 0 0 7 0
Last Time Cost: 00000002 ms
Total Time Cost: 00002084 ms
Total Distance 81: 0 0 0 6 0 0 3 6 6 7 6 0 0 6 0 0 0 0 0 0 0 0 0 0 0 0 0 0 0 0 0 0 5 0 0 0 6 0 0 0 5 0 0 6 0 0 0 5 0 0 7 0 0 0 7 0
Last Time Cost: 00000003 ms
Total Time Cost: 00002087 ms
Total Distance 80: 0 0 0 6 0 0 2 6 6 7 6 0 0 6 0 0 0 0 0 0 0 0 0 0 0 0 0 0 0 0 0 0 5 0 0 0 6 0 0 0 5 0 0 6 0 0 0 5 0 0 7 0 0 0 7 0
Last Time Cost: 00000002 ms
Total Time Cost: 00002089 ms
Total Distance 79: 0 0 0 6 0 0 1 6 6 7 6 0 0 6 0 0 0 0 0 0 0 0 0 0 0 0 0 0 0 0 0 0 5 0 0 0 6 0 0 0 5 0 0 6 0 0 0 5 0 0 7 0 0 0 7 0
Last Time Cost: 00000002 ms
Total Time Cost: 00002091 ms
Total Distance 78: 0 0 0 6 0 0 0 6 6 7 6 0 0 6 0 0 0 0 0 0 0 0 0 0 0 0 0 0 0 0 0 0 5 0 0 0 6 0 0 0 5 0 0 6 0 0 0 5 0 0 7 0 0 0 7 0
Last Time Cost: 00000085 ms
Total Time Cost: 00002176 ms
Total Distance 76: 0 0 0 6 0 0 0 6 6 7 6 0 0 6 0 0 0 0 0 0 0 0 0 0 0 0 0 0 0 0 0 0 5 0 0 0 5 0 0 0 4 0 0 6 0 0 0 5 0 0 7 0 0 0 7 0
Last Time Cost: 00000005 ms
Total Time Cost: 00002181 ms
Total Distance 74: 0 0 0 6 0 0 0 6 6 6 6 0 0 6 0 0 0 0 0 0 0 0 0 0 0 0 0 0 0 0 0 0 5 0 0 0 5 0 0 0 3 0 0 6 0 0 0 5 0 0 7 0 0 0 7 0
Last Time Cost: 00000003 ms
Total Time Cost: 00002184 ms
Total Distance 73: 0 0 0 6 0 0 0 6 6 6 6 0 0 6 0 0 0 0 0 0 0 0 0 0 0 0 0 0 0 0 0 0 5 0 0 0 5 0 0 0 2 0 0 6 0 0 0 5 0 0 7 0 0 0 7 0
Last Time Cost: 00000002 ms
Total Time Cost: 00002186 ms
Total Distance 72: 0 0 0 6 0 0 0 6 6 6 6 0 0 6 0 0 0 0 0 0 0 0 0 0 0 0 0 0 0 0 0 0 5 0 0 0 5 0 0 0 1 0 0 6 0 0 0 5 0 0 7 0 0 0 7 0
Last Time Cost: 00000002 ms
Total Time Cost: 00002188 ms
Total Distance 71: 0 0 0 6 0 0 0 6 6 6 6 0 0 6 0 0 0 0 0 0 0 0 0 0 0 0 0 0 0 0 0 0 5 0 0 0 5 0 0 0 0 0 0 6 0 0 0 5 0 0 7 0 0 0 7 0
Last Time Cost: 00000086 ms
Total Time Cost: 00002274 ms
Total Distance 69: 0 0 0 6 0 0 0 6 6 6 6 0 0 6 0 0 0 0 0 0 0 0 0 0 0 0 0 0 0 0 0 0 4 0 0 0 5 0 0 0 0 0 0 6 0 0 0 5 0 0 6 0 0 0 7 0
Last Time Cost: 00000003 ms
Total Time Cost: 00002277 ms
Total Distance 68: 0 0 0 6 0 0 0 6 6 6 6 0 0 6 0 0 0 0 0 0 0 0 0 0 0 0 0 0 0 0 0 0 3 0 0 0 5 0 0 0 0 0 0 6 0 0 0 5 0 0 6 0 0 0 7 0
Last Time Cost: 00000003 ms
Total Time Cost: 00002280 ms
Total Distance 66: 0 0 0 6 0 0 0 6 6 6 6 0 0 6 0 0 0 0 0 0 0 0 0 0 0 0 0 0 0 0 0 0 2 0 0 0 5 0 0 0 0 0 0 6 0 0 0 5 0 0 6 0 0 0 6 0
Last Time Cost: 00000002 ms
Total Time Cost: 00002282 ms
Total Distance 65: 0 0 0 6 0 0 0 6 6 6 6 0 0 6 0 0 0 0 0 0 0 0 0 0 0 0 0 0 0 0 0 0 1 0 0 0 5 0 0 0 0 0 0 6 0 0 0 5 0 0 6 0 0 0 6 0
Last Time Cost: 00000002 ms
Total Time Cost: 00002284 ms
Total Distance 64: 0 0 0 6 0 0 0 6 6 6 6 0 0 6 0 0 0 0 0 0 0 0 0 0 0 0 0 0 0 0 0 0 0 0 0 0 5 0 0 0 0 0 0 6 0 0 0 5 0 0 6 0 0 0 6 0
Last Time Cost: 00000053 ms
Total Time Cost: 00002337 ms
Total Distance 63: 0 0 0 6 0 0 0 6 6 6 6 0 0 6 0 0 0 0 0 0 0 0 0 0 0 0 0 0 0 0 0 0 0 0 0 0 4 0 0 0 0 0 0 6 0 0 0 5 0 0 6 0 0 0 6 0
Last Time Cost: 00000002 ms
Total Time Cost: 00002339 ms
Total Distance 62: 0 0 0 6 0 0 0 6 6 6 6 0 0 6 0 0 0 0 0 0 0 0 0 0 0 0 0 0 0 0 0 0 0 0 0 0 3 0 0 0 0 0 0 6 0 0 0 5 0 0 6 0 0 0 6 0
Last Time Cost: 00000003 ms
Total Time Cost: 00002342 ms
Total Distance 61: 0 0 0 6 0 0 0 6 6 6 6 0 0 6 0 0 0 0 0 0 0 0 0 0 0 0 0 0 0 0 0 0 0 0 0 0 2 0 0 0 0 0 0 6 0 0 0 5 0 0 6 0 0 0 6 0
Last Time Cost: 00000002 ms
Total Time Cost: 00002344 ms
Total Distance 60: 0 0 0 6 0 0 0 6 6 6 6 0 0 6 0 0 0 0 0 0 0 0 0 0 0 0 0 0 0 0 0 0 0 0 0 0 1 0 0 0 0 0 0 6 0 0 0 5 0 0 6 0 0 0 6 0
Last Time Cost: 00000002 ms
Total Time Cost: 00002346 ms
Total Distance 59: 0 0 0 6 0 0 0 6 6 6 6 0 0 6 0 0 0 0 0 0 0 0 0 0 0 0 0 0 0 0 0 0 0 0 0 0 0 0 0 0 0 0 0 6 0 0 0 5 0 0 6 0 0 0 6 0
Last Time Cost: 00000029 ms
Total Time Cost: 00002375 ms
Total Distance 58: 0 0 0 6 0 0 0 6 6 6 6 0 0 6 0 0 0 0 0 0 0 0 0 0 0 0 0 0 0 0 0 0 0 0 0 0 0 0 0 0 0 0 0 6 0 0 0 4 0 0 6 0 0 0 6 0
Last Time Cost: 00000002 ms
Total Time Cost: 00002377 ms
Total Distance 57: 0 0 0 6 0 0 0 6 6 6 6 0 0 6 0 0 0 0 0 0 0 0 0 0 0 0 0 0 0 0 0 0 0 0 0 0 0 0 0 0 0 0 0 6 0 0 0 3 0 0 6 0 0 0 6 0
Last Time Cost: 00000002 ms
Total Time Cost: 00002379 ms
Total Distance 56: 0 0 0 6 0 0 0 6 6 6 6 0 0 6 0 0 0 0 0 0 0 0 0 0 0 0 0 0 0 0 0 0 0 0 0 0 0 0 0 0 0 0 0 6 0 0 0 2 0 0 6 0 0 0 6 0
Last Time Cost: 00000002 ms
Total Time Cost: 00002381 ms
Total Distance 55: 0 0 0 6 0 0 0 6 6 6 6 0 0 6 0 0 0 0 0 0 0 0 0 0 0 0 0 0 0 0 0 0 0 0 0 0 0 0 0 0 0 0 0 6 0 0 0 1 0 0 6 0 0 0 6 0
Last Time Cost: 00000002 ms
Total Time Cost: 00002383 ms
Total Distance 54: 0 0 0 6 0 0 0 6 6 6 6 0 0 6 0 0 0 0 0 0 0 0 0 0 0 0 0 0 0 0 0 0 0 0 0 0 0 0 0 0 0 0 0 6 0 0 0 0 0 0 6 0 0 0 6 0
Last Time Cost: 00000494 ms
Total Time Cost: 00002877 ms
Total Distance 52: 0 0 0 6 0 0 0 5 6 6 6 0 0 6 0 0 0 0 0 0 0 0 0 0 0 0 0 0 0 0 0 0 0 0 0 0 0 0 0 0 0 0 0 5 0 0 0 0 0 0 6 0 0 0 6 0
Last Time Cost: 00000059 ms
Total Time Cost: 00002936 ms
Total Distance 50: 0 0 0 6 0 0 0 5 6 6 6 0 0 6 0 0 0 0 0 0 0 0 0 0 0 0 0 0 0 0 0 0 0 0 0 0 0 0 0 0 0 0 0 4 0 0 0 0 0 0 5 0 0 0 6 0
Last Time Cost: 00000002 ms
Total Time Cost: 00002938 ms
Total Distance 49: 0 0 0 6 0 0 0 5 6 6 6 0 0 6 0 0 0 0 0 0 0 0 0 0 0 0 0 0 0 0 0 0 0 0 0 0 0 0 0 0 0 0 0 3 0 0 0 0 0 0 5 0 0 0 6 0
Last Time Cost: 00000002 ms
Total Time Cost: 00002940 ms
Total Distance 48: 0 0 0 6 0 0 0 5 6 6 6 0 0 6 0 0 0 0 0 0 0 0 0 0 0 0 0 0 0 0 0 0 0 0 0 0 0 0 0 0 0 0 0 2 0 0 0 0 0 0 5 0 0 0 6 0
Last Time Cost: 00000002 ms
Total Time Cost: 00002942 ms
Total Distance 47: 0 0 0 6 0 0 0 5 6 6 6 0 0 6 0 0 0 0 0 0 0 0 0 0 0 0 0 0 0 0 0 0 0 0 0 0 0 0 0 0 0 0 0 1 0 0 0 0 0 0 5 0 0 0 6 0
Last Time Cost: 00000002 ms
Total Time Cost: 00002944 ms
Total Distance 46: 0 0 0 6 0 0 0 5 6 6 6 0 0 6 0 0 0 0 0 0 0 0 0 0 0 0 0 0 0 0 0 0 0 0 0 0 0 0 0 0 0 0 0 0 0 0 0 0 0 0 5 0 0 0 6 0
Last Time Cost: 00000065 ms
Total Time Cost: 00003009 ms
Total Distance 45: 0 0 0 6 0 0 0 4 6 6 6 0 0 6 0 0 0 0 0 0 0 0 0 0 0 0 0 0 0 0 0 0 0 0 0 0 0 0 0 0 0 0 0 0 0 0 0 0 0 0 5 0 0 0 6 0
Last Time Cost: 00000003 ms
Total Time Cost: 00003012 ms
Total Distance 44: 0 0 0 6 0 0 0 3 6 6 6 0 0 6 0 0 0 0 0 0 0 0 0 0 0 0 0 0 0 0 0 0 0 0 0 0 0 0 0 0 0 0 0 0 0 0 0 0 0 0 5 0 0 0 6 0
Last Time Cost: 00000002 ms
Total Time Cost: 00003014 ms
Total Distance 43: 0 0 0 6 0 0 0 2 6 6 6 0 0 6 0 0 0 0 0 0 0 0 0 0 0 0 0 0 0 0 0 0 0 0 0 0 0 0 0 0 0 0 0 0 0 0 0 0 0 0 5 0 0 0 6 0
Last Time Cost: 00000002 ms
Total Time Cost: 00003016 ms
Total Distance 42: 0 0 0 6 0 0 0 1 6 6 6 0 0 6 0 0 0 0 0 0 0 0 0 0 0 0 0 0 0 0 0 0 0 0 0 0 0 0 0 0 0 0 0 0 0 0 0 0 0 0 5 0 0 0 6 0
Last Time Cost: 00000002 ms
Total Time Cost: 00003018 ms
Total Distance 41: 0 0 0 6 0 0 0 0 6 6 6 0 0 6 0 0 0 0 0 0 0 0 0 0 0 0 0 0 0 0 0 0 0 0 0 0 0 0 0 0 0 0 0 0 0 0 0 0 0 0 5 0 0 0 6 0
Last Time Cost: 00000033 ms
Total Time Cost: 00003051 ms
Total Distance 40: 0 0 0 6 0 0 0 0 6 6 6 0 0 6 0 0 0 0 0 0 0 0 0 0 0 0 0 0 0 0 0 0 0 0 0 0 0 0 0 0 0 0 0 0 0 0 0 0 0 0 4 0 0 0 6 0
Last Time Cost: 00000003 ms
Total Time Cost: 00003054 ms
Total Distance 39: 0 0 0 6 0 0 0 0 6 6 6 0 0 6 0 0 0 0 0 0 0 0 0 0 0 0 0 0 0 0 0 0 0 0 0 0 0 0 0 0 0 0 0 0 0 0 0 0 0 0 3 0 0 0 6 0
Last Time Cost: 00000003 ms
Total Time Cost: 00003057 ms
Total Distance 38: 0 0 0 6 0 0 0 0 6 6 6 0 0 6 0 0 0 0 0 0 0 0 0 0 0 0 0 0 0 0 0 0 0 0 0 0 0 0 0 0 0 0 0 0 0 0 0 0 0 0 2 0 0 0 6 0
Last Time Cost: 00000002 ms
Total Time Cost: 00003059 ms
Total Distance 37: 0 0 0 6 0 0 0 0 6 6 6 0 0 6 0 0 0 0 0 0 0 0 0 0 0 0 0 0 0 0 0 0 0 0 0 0 0 0 0 0 0 0 0 0 0 0 0 0 0 0 1 0 0 0 6 0
Last Time Cost: 00000002 ms
Total Time Cost: 00003061 ms
Total Distance 36: 0 0 0 6 0 0 0 0 6 6 6 0 0 6 0 0 0 0 0 0 0 0 0 0 0 0 0 0 0 0 0 0 0 0 0 0 0 0 0 0 0 0 0 0 0 0 0 0 0 0 0 0 0 0 6 0
Last Time Cost: 00000382 ms
Total Time Cost: 00003443 ms
Total Distance 34: 0 0 0 5 0 0 0 0 6 6 5 0 0 6 0 0 0 0 0 0 0 0 0 0 0 0 0 0 0 0 0 0 0 0 0 0 0 0 0 0 0 0 0 0 0 0 0 0 0 0 0 0 0 0 6 0
Last Time Cost: 00000068 ms
Total Time Cost: 00003511 ms
Total Distance 33: 0 0 0 5 0 0 0 0 6 6 4 0 0 6 0 0 0 0 0 0 0 0 0 0 0 0 0 0 0 0 0 0 0 0 0 0 0 0 0 0 0 0 0 0 0 0 0 0 0 0 0 0 0 0 6 0
Last Time Cost: 00000003 ms
Total Time Cost: 00003514 ms
Total Distance 32: 0 0 0 5 0 0 0 0 6 6 3 0 0 6 0 0 0 0 0 0 0 0 0 0 0 0 0 0 0 0 0 0 0 0 0 0 0 0 0 0 0 0 0 0 0 0 0 0 0 0 0 0 0 0 6 0
Last Time Cost: 00000003 ms
Total Time Cost: 00003517 ms
Total Distance 31: 0 0 0 5 0 0 0 0 6 6 2 0 0 6 0 0 0 0 0 0 0 0 0 0 0 0 0 0 0 0 0 0 0 0 0 0 0 0 0 0 0 0 0 0 0 0 0 0 0 0 0 0 0 0 6 0
Last Time Cost: 00000003 ms
Total Time Cost: 00003520 ms
Total Distance 30: 0 0 0 5 0 0 0 0 6 6 1 0 0 6 0 0 0 0 0 0 0 0 0 0 0 0 0 0 0 0 0 0 0 0 0 0 0 0 0 0 0 0 0 0 0 0 0 0 0 0 0 0 0 0 6 0
Last Time Cost: 00000002 ms
Total Time Cost: 00003522 ms
Total Distance 29: 0 0 0 5 0 0 0 0 6 6 0 0 0 6 0 0 0 0 0 0 0 0 0 0 0 0 0 0 0 0 0 0 0 0 0 0 0 0 0 0 0 0 0 0 0 0 0 0 0 0 0 0 0 0 6 0
Last Time Cost: 00000037 ms
Total Time Cost: 00003559 ms
Total Distance 28: 0 0 0 4 0 0 0 0 6 6 0 0 0 6 0 0 0 0 0 0 0 0 0 0 0 0 0 0 0 0 0 0 0 0 0 0 0 0 0 0 0 0 0 0 0 0 0 0 0 0 0 0 0 0 6 0
Last Time Cost: 00000003 ms
Total Time Cost: 00003562 ms
Total Distance 27: 0 0 0 3 0 0 0 0 6 6 0 0 0 6 0 0 0 0 0 0 0 0 0 0 0 0 0 0 0 0 0 0 0 0 0 0 0 0 0 0 0 0 0 0 0 0 0 0 0 0 0 0 0 0 6 0
Last Time Cost: 00000003 ms
Total Time Cost: 00003565 ms
Total Distance 26: 0 0 0 2 0 0 0 0 6 6 0 0 0 6 0 0 0 0 0 0 0 0 0 0 0 0 0 0 0 0 0 0 0 0 0 0 0 0 0 0 0 0 0 0 0 0 0 0 0 0 0 0 0 0 6 0
Last Time Cost: 00000003 ms
Total Time Cost: 00003568 ms
Total Distance 25: 0 0 0 1 0 0 0 0 6 6 0 0 0 6 0 0 0 0 0 0 0 0 0 0 0 0 0 0 0 0 0 0 0 0 0 0 0 0 0 0 0 0 0 0 0 0 0 0 0 0 0 0 0 0 6 0
Last Time Cost: 00000003 ms
Total Time Cost: 00003571 ms
Total Distance 24: 0 0 0 0 0 0 0 0 6 6 0 0 0 6 0 0 0 0 0 0 0 0 0 0 0 0 0 0 0 0 0 0 0 0 0 0 0 0 0 0 0 0 0 0 0 0 0 0 0 0 0 0 0 0 6 0
Last Time Cost: 00000328 ms
Total Time Cost: 00003899 ms
Total Distance 23: 0 0 0 0 0 0 0 0 5 6 0 0 0 6 0 0 0 0 0 0 0 0 0 0 0 0 0 0 0 0 0 0 0 0 0 0 0 0 0 0 0 0 0 0 0 0 0 0 0 0 0 0 0 0 6 0
Last Time Cost: 00000040 ms
Total Time Cost: 00003939 ms
Total Distance 22: 0 0 0 0 0 0 0 0 4 6 0 0 0 6 0 0 0 0 0 0 0 0 0 0 0 0 0 0 0 0 0 0 0 0 0 0 0 0 0 0 0 0 0 0 0 0 0 0 0 0 0 0 0 0 6 0
Last Time Cost: 00000003 ms
Total Time Cost: 00003942 ms
Total Distance 21: 0 0 0 0 0 0 0 0 3 6 0 0 0 6 0 0 0 0 0 0 0 0 0 0 0 0 0 0 0 0 0 0 0 0 0 0 0 0 0 0 0 0 0 0 0 0 0 0 0 0 0 0 0 0 6 0
Last Time Cost: 00000003 ms
Total Time Cost: 00003945 ms
Total Distance 20: 0 0 0 0 0 0 0 0 2 6 0 0 0 6 0 0 0 0 0 0 0 0 0 0 0 0 0 0 0 0 0 0 0 0 0 0 0 0 0 0 0 0 0 0 0 0 0 0 0 0 0 0 0 0 6 0
Last Time Cost: 00000003 ms
Total Time Cost: 00003948 ms
Total Distance 19: 0 0 0 0 0 0 0 0 1 6 0 0 0 6 0 0 0 0 0 0 0 0 0 0 0 0 0 0 0 0 0 0 0 0 0 0 0 0 0 0 0 0 0 0 0 0 0 0 0 0 0 0 0 0 6 0
Last Time Cost: 00000003 ms
Total Time Cost: 00003951 ms
Total Distance 18: 0 0 0 0 0 0 0 0 0 6 0 0 0 6 0 0 0 0 0 0 0 0 0 0 0 0 0 0 0 0 0 0 0 0 0 0 0 0 0 0 0 0 0 0 0 0 0 0 0 0 0 0 0 0 6 0
Last Time Cost: 00000289 ms
Total Time Cost: 00004240 ms
Total Distance 17: 0 0 0 0 0 0 0 0 0 5 0 0 0 6 0 0 0 0 0 0 0 0 0 0 0 0 0 0 0 0 0 0 0 0 0 0 0 0 0 0 0 0 0 0 0 0 0 0 0 0 0 0 0 0 6 0
Last Time Cost: 00000044 ms
Total Time Cost: 00004284 ms
Total Distance 16: 0 0 0 0 0 0 0 0 0 4 0 0 0 6 0 0 0 0 0 0 0 0 0 0 0 0 0 0 0 0 0 0 0 0 0 0 0 0 0 0 0 0 0 0 0 0 0 0 0 0 0 0 0 0 6 0
Last Time Cost: 00000003 ms
Total Time Cost: 00004287 ms
Total Distance 15: 0 0 0 0 0 0 0 0 0 3 0 0 0 6 0 0 0 0 0 0 0 0 0 0 0 0 0 0 0 0 0 0 0 0 0 0 0 0 0 0 0 0 0 0 0 0 0 0 0 0 0 0 0 0 6 0
Last Time Cost: 00000003 ms
Total Time Cost: 00004290 ms
Total Distance 14: 0 0 0 0 0 0 0 0 0 2 0 0 0 6 0 0 0 0 0 0 0 0 0 0 0 0 0 0 0 0 0 0 0 0 0 0 0 0 0 0 0 0 0 0 0 0 0 0 0 0 0 0 0 0 6 0
Last Time Cost: 00000003 ms
Total Time Cost: 00004293 ms
Total Distance 13: 0 0 0 0 0 0 0 0 0 1 0 0 0 6 0 0 0 0 0 0 0 0 0 0 0 0 0 0 0 0 0 0 0 0 0 0 0 0 0 0 0 0 0 0 0 0 0 0 0 0 0 0 0 0 6 0
Last Time Cost: 00000003 ms
Total Time Cost: 00004296 ms
Total Distance 12: 0 0 0 0 0 0 0 0 0 0 0 0 0 6 0 0 0 0 0 0 0 0 0 0 0 0 0 0 0 0 0 0 0 0 0 0 0 0 0 0 0 0 0 0 0 0 0 0 0 0 0 0 0 0 6 0
Last Time Cost: 00000186 ms
Total Time Cost: 00004482 ms
Total Distance 11: 0 0 0 0 0 0 0 0 0 0 0 0 0 6 0 0 0 0 0 0 0 0 0 0 0 0 0 0 0 0 0 0 0 0 0 0 0 0 0 0 0 0 0 0 0 0 0 0 0 0 0 0 0 0 5 0
Last Time Cost: 00000047 ms
Total Time Cost: 00004529 ms
Total Distance 10: 0 0 0 0 0 0 0 0 0 0 0 0 0 6 0 0 0 0 0 0 0 0 0 0 0 0 0 0 0 0 0 0 0 0 0 0 0 0 0 0 0 0 0 0 0 0 0 0 0 0 0 0 0 0 4 0
Last Time Cost: 00000003 ms
Total Time Cost: 00004532 ms
Total Distance 9: 0 0 0 0 0 0 0 0 0 0 0 0 0 6 0 0 0 0 0 0 0 0 0 0 0 0 0 0 0 0 0 0 0 0 0 0 0 0 0 0 0 0 0 0 0 0 0 0 0 0 0 0 0 0 3 0
Last Time Cost: 00000003 ms
Total Time Cost: 00004535 ms
Total Distance 8: 0 0 0 0 0 0 0 0 0 0 0 0 0 6 0 0 0 0 0 0 0 0 0 0 0 0 0 0 0 0 0 0 0 0 0 0 0 0 0 0 0 0 0 0 0 0 0 0 0 0 0 0 0 0 2 0
Last Time Cost: 00000003 ms
Total Time Cost: 00004538 ms
Total Distance 7: 0 0 0 0 0 0 0 0 0 0 0 0 0 6 0 0 0 0 0 0 0 0 0 0 0 0 0 0 0 0 0 0 0 0 0 0 0 0 0 0 0 0 0 0 0 0 0 0 0 0 0 0 0 0 1 0
Last Time Cost: 00000003 ms
Total Time Cost: 00004541 ms
Total Distance 6: 0 0 0 0 0 0 0 0 0 0 0 0 0 6 0 0 0 0 0 0 0 0 0 0 0 0 0 0 0 0 0 0 0 0 0 0 0 0 0 0 0 0 0 0 0 0 0 0 0 0 0 0 0 0 0 0
Last Time Cost: 00000127 ms
Total Time Cost: 00004668 ms
Total Distance 5: 0 0 0 0 0 0 0 0 0 0 0 0 0 5 0 0 0 0 0 0 0 0 0 0 0 0 0 0 0 0 0 0 0 0 0 0 0 0 0 0 0 0 0 0 0 0 0 0 0 0 0 0 0 0 0 0
Last Time Cost: 00000047 ms
Total Time Cost: 00004715 ms
Total Distance 4: 0 0 0 0 0 0 0 0 0 0 0 0 0 4 0 0 0 0 0 0 0 0 0 0 0 0 0 0 0 0 0 0 0 0 0 0 0 0 0 0 0 0 0 0 0 0 0 0 0 0 0 0 0 0 0 0
Last Time Cost: 00000001 ms
Total Time Cost: 00004716 ms
Total Distance 3: 0 0 0 0 0 0 0 0 0 0 0 0 0 3 0 0 0 0 0 0 0 0 0 0 0 0 0 0 0 0 0 0 0 0 0 0 0 0 0 0 0 0 0 0 0 0 0 0 0 0 0 0 0 0 0 0
Last Time Cost: 00000000 ms
Total Time Cost: 00004716 ms
Total Distance 2: 0 0 0 0 0 0 0 0 0 0 0 0 0 2 0 0 0 0 0 0 0 0 0 0 0 0 0 0 0 0 0 0 0 0 0 0 0 0 0 0 0 0 0 0 0 0 0 0 0 0 0 0 0 0 0 0
Last Time Cost: 00000000 ms
Total Time Cost: 00004716 ms
Total Distance 1: 0 0 0 0 0 0 0 0 0 0 0 0 0 1 0 0 0 0 0 0 0 0 0 0 0 0 0 0 0 0 0 0 0 0 0 0 0 0 0 0 0 0 0 0 0 0 0 0 0 0 0 0 0 0 0 0
Last Time Cost: 00000000 ms
Total Time Cost: 00004716 ms
Total Distance 0: 0 0 0 0 0 0 0 0 0 0 0 0 0 0 0 0 0 0 0 0 0 0 0 0 0 0 0 0 0 0 0 0 0 0 0 0 0 0 0 0 0 0 0 0 0 0 0 0 0 0 0 0 0 0 0 0
