Last Time Cost: 00000000 ms
Total Time Cost: 00000000 ms
Total Distance 392: 8 8 8 8 8 8 8 8 8 8 8 8 8 8 6 6 6 6 6 6 6 6 6 6 6 6 6 6 7 7 7 7 7 7 7 7 7 7 7 7 7 7 7 7 7 7 7 7 7 7 7 7 7 7 7 7
Last Time Cost: 00000038 ms
Total Time Cost: 00000038 ms
Total Distance 387: 8 8 8 8 8 8 8 8 8 8 8 8 8 8 6 6 6 6 5 6 5 6 6 6 6 6 6 6 7 7 7 7 7 7 7 7 7 6 7 6 7 7 7 7 7 6 7 7 7 7 7 7 7 7 7 7
Last Time Cost: 00000034 ms
Total Time Cost: 00000072 ms
Total Distance 382: 8 8 8 8 8 8 8 8 8 8 8 8 8 8 6 6 6 6 5 6 5 6 6 6 5 6 6 6 7 7 7 7 7 7 6 7 7 5 7 6 7 7 7 7 6 6 7 7 7 7 7 7 6 7 7 7
Last Time Cost: 00000035 ms
Total Time Cost: 00000107 ms
Total Distance 377: 8 8 8 8 7 8 8 8 8 8 8 8 8 8 6 5 6 6 5 6 5 6 6 6 5 6 6 6 7 7 7 7 7 7 6 7 6 5 7 6 7 7 6 7 6 6 7 7 7 7 7 7 5 7 7 7
Last Time Cost: 00000036 ms
Total Time Cost: 00000143 ms
Total Distance 373: 8 8 8 8 7 8 8 8 8 8 8 8 7 8 6 5 5 6 5 6 5 6 6 6 5 5 6 6 7 6 7 7 7 7 6 7 6 5 7 6 7 7 6 7 6 6 7 7 7 7 7 7 5 7 7 7
Last Time Cost: 00000039 ms
Total Time Cost: 00000182 ms
Total Distance 369: 8 8 8 8 6 8 8 8 8 8 8 8 6 8 6 5 5 6 4 6 5 6 6 6 5 5 6 6 7 6 7 7 7 7 6 7 6 5 7 6 7 7 6 7 6 6 7 7 7 7 7 7 5 7 7 6
Last Time Cost: 00000039 ms
Total Time Cost: 00000221 ms
Total Distance 365: 8 8 8 8 6 8 8 8 8 8 8 8 5 8 6 5 5 6 4 6 5 6 6 6 5 5 6 6 6 5 7 7 7 7 6 7 6 5 6 6 7 7 6 7 6 6 7 7 7 7 7 7 5 7 7 6
Last Time Cost: 00000041 ms
Total Time Cost: 00000262 ms
Total Distance 361: 8 8 8 8 6 8 8 8 8 8 7 8 5 8 6 5 5 6 4 6 5 6 6 5 5 5 6 6 6 5 7 7 7 7 6 6 5 5 6 6 7 7 6 7 6 6 7 7 7 7 7 7 5 7 7 6
Last Time Cost: 00000043 ms
Total Time Cost: 00000305 ms
Total Distance 357: 8 8 8 8 6 8 8 8 8 8 7 8 5 8 6 5 5 6 4 6 5 6 6 5 5 5 6 5 6 5 7 7 7 6 6 6 5 5 6 6 7 7 6 7 6 6 6 7 6 7 7 7 5 7 7 6
Last Time Cost: 00000042 ms
Total Time Cost: 00000347 ms
Total Distance 353: 8 7 8 8 6 8 8 8 8 8 7 8 5 8 6 5 5 6 4 6 5 6 6 5 5 5 6 5 6 5 7 7 7 6 5 6 5 5 6 6 7 7 6 7 6 6 6 7 6 6 7 7 5 6 7 6
Last Time Cost: 00000042 ms
Total Time Cost: 00000389 ms
Total Distance 349: 8 6 8 8 6 8 8 8 7 8 7 8 5 8 6 5 5 5 4 6 5 6 6 5 5 5 6 5 6 5 7 7 7 5 5 6 5 5 6 6 7 7 6 7 6 6 6 7 6 6 7 7 5 6 7 6
Last Time Cost: 00000044 ms
Total Time Cost: 00000433 ms
Total Distance 346: 8 6 8 8 6 8 8 8 7 8 7 8 5 8 6 5 5 5 4 6 5 6 6 5 5 5 6 4 6 4 7 7 7 5 5 6 5 5 6 6 6 7 6 7 6 6 6 7 6 6 7 7 5 6 7 6
Last Time Cost: 00000046 ms
Total Time Cost: 00000479 ms
Total Distance 343: 8 6 8 8 6 8 8 8 7 8 7 8 5 8 6 4 5 5 4 6 5 6 6 5 5 5 6 4 6 4 7 7 7 5 5 5 5 5 6 5 6 7 6 7 6 6 6 7 6 6 7 7 5 6 7 6
Last Time Cost: 00000049 ms
Total Time Cost: 00000528 ms
Total Distance 340: 8 5 8 8 6 8 8 8 7 8 7 8 5 8 6 4 5 5 4 6 5 6 6 5 4 5 6 4 6 4 7 7 7 5 5 5 5 5 5 5 6 7 6 7 6 6 6 7 6 6 7 7 5 6 7 6
Last Time Cost: 00000053 ms
Total Time Cost: 00000581 ms
Total Distance 337: 8 4 8 8 6 8 8 7 7 8 7 8 5 8 6 3 5 5 4 6 5 6 6 5 4 5 6 4 6 4 7 7 7 5 5 5 5 5 5 5 6 7 6 7 6 6 6 7 6 6 7 7 5 6 7 6
Last Time Cost: 00000056 ms
Total Time Cost: 00000637 ms
Total Distance 334: 8 4 8 8 6 8 8 7 7 8 7 8 5 8 6 3 5 5 4 6 5 6 6 5 4 4 6 4 6 4 7 6 7 5 5 5 5 5 4 5 6 7 6 7 6 6 6 7 6 6 7 7 5 6 7 6
Last Time Cost: 00000058 ms
Total Time Cost: 00000695 ms
Total Distance 331: 8 4 8 8 6 8 8 7 7 8 7 8 5 8 6 3 5 5 4 6 5 6 6 4 4 4 6 4 6 4 7 6 7 5 5 5 5 5 4 5 6 7 6 7 6 6 6 7 6 6 6 7 5 5 7 6
Last Time Cost: 00000059 ms
Total Time Cost: 00000754 ms
Total Distance 328: 8 4 8 8 6 8 8 7 7 8 7 8 5 8 6 3 5 5 4 6 5 6 6 4 4 4 6 4 5 4 7 6 7 5 5 5 4 5 4 5 6 6 6 7 6 6 6 7 6 6 6 7 5 5 7 6
Last Time Cost: 00000061 ms
Total Time Cost: 00000815 ms
Total Distance 325: 7 4 8 8 6 8 8 7 7 8 7 8 5 8 6 3 4 5 4 6 5 6 5 4 4 4 6 4 5 4 7 6 7 5 5 5 4 5 4 5 6 6 6 7 6 6 6 7 6 6 6 7 5 5 7 6
Last Time Cost: 00000065 ms
Total Time Cost: 00000880 ms
Total Distance 322: 7 4 8 8 6 8 8 7 7 8 7 8 5 8 6 3 4 5 4 6 5 6 5 4 4 4 6 4 5 4 6 6 7 5 5 5 4 5 4 5 6 6 6 7 6 6 6 6 6 6 6 7 5 4 7 6
Last Time Cost: 00000064 ms
Total Time Cost: 00000944 ms
Total Distance 319: 7 4 8 7 6 8 8 7 7 8 7 8 5 8 6 3 4 5 4 6 5 6 5 4 4 4 5 4 5 4 6 6 7 5 5 5 4 4 4 5 6 6 6 7 6 6 6 6 6 6 6 7 5 4 7 6
Last Time Cost: 00000067 ms
Total Time Cost: 00001011 ms
Total Distance 316: 7 4 8 7 6 8 8 6 7 8 7 8 5 8 6 3 4 5 4 6 5 6 5 4 4 4 5 4 5 4 6 6 7 5 5 5 4 4 4 4 6 6 6 7 6 6 6 6 6 6 6 6 5 4 7 6
Last Time Cost: 00000064 ms
Total Time Cost: 00001075 ms
Total Distance 313: 7 4 8 7 6 8 8 6 7 8 7 8 5 8 6 3 4 5 4 6 5 6 5 4 4 4 5 4 5 4 6 6 7 5 4 5 4 4 4 4 6 6 6 7 6 6 5 6 6 6 6 6 4 4 7 6
Last Time Cost: 00000069 ms
Total Time Cost: 00001144 ms
Total Distance 310: 7 4 8 7 6 8 8 6 7 8 6 8 5 8 6 3 4 5 4 6 5 6 5 4 4 4 5 4 5 4 6 6 7 5 4 5 4 4 4 4 6 5 6 7 6 6 5 6 6 6 6 5 4 4 7 6
Last Time Cost: 00000069 ms
Total Time Cost: 00001213 ms
Total Distance 307: 6 4 8 7 6 8 8 6 7 8 6 8 5 8 6 3 4 5 4 6 5 6 5 4 4 4 5 4 5 4 6 5 7 5 4 5 4 4 4 4 6 5 6 7 6 6 5 5 6 6 6 5 4 4 7 6
Last Time Cost: 00000069 ms
Total Time Cost: 00001282 ms
Total Distance 304: 6 4 8 7 6 8 8 6 7 8 5 7 5 8 6 3 4 5 4 6 5 6 5 4 4 4 4 4 5 4 6 5 7 5 4 5 4 4 4 4 6 5 6 7 6 6 5 5 6 6 6 5 4 4 7 6
Last Time Cost: 00000073 ms
Total Time Cost: 00001355 ms
Total Distance 301: 6 4 8 7 6 8 8 6 7 8 5 6 5 8 6 3 4 5 4 6 5 6 5 4 4 4 4 4 5 4 6 5 7 5 4 5 4 4 4 4 6 5 6 7 5 6 5 5 6 6 6 5 4 4 6 6
Last Time Cost: 00000067 ms
Total Time Cost: 00001422 ms
Total Distance 298: 6 4 8 7 6 8 7 6 7 8 5 6 5 8 6 3 4 5 4 6 5 6 5 4 4 4 4 4 5 4 6 5 6 5 4 5 4 4 4 4 6 5 6 7 5 6 5 5 6 6 5 5 4 4 6 6
Last Time Cost: 00000062 ms
Total Time Cost: 00001484 ms
Total Distance 296: 6 4 8 7 6 8 7 6 7 8 5 6 5 8 6 3 4 4 4 6 5 6 5 4 4 4 3 4 5 4 6 5 6 5 4 5 4 4 4 4 6 5 6 7 5 6 5 5 6 6 5 5 4 4 6 6
Last Time Cost: 00000066 ms
Total Time Cost: 00001550 ms
Total Distance 294: 6 4 8 7 6 8 7 6 7 8 5 6 4 8 6 3 4 4 4 6 5 6 5 4 4 4 3 4 5 3 6 5 6 5 4 5 4 4 4 4 6 5 6 7 5 6 5 5 6 6 5 5 4 4 6 6
Last Time Cost: 00000069 ms
Total Time Cost: 00001619 ms
Total Distance 292: 6 4 8 7 6 8 7 6 7 8 5 6 3 8 6 3 4 4 3 6 5 6 5 4 4 4 3 4 5 3 6 5 6 5 4 5 4 4 4 4 6 5 6 7 5 6 5 5 6 6 5 5 4 4 6 6
Last Time Cost: 00000073 ms
Total Time Cost: 00001692 ms
Total Distance 289: 6 4 8 7 6 8 7 6 7 8 5 6 3 7 6 3 4 4 3 6 5 6 5 4 4 4 3 4 5 3 5 5 6 5 4 5 4 4 4 4 6 5 6 7 5 5 5 5 6 6 5 5 4 4 6 6
Last Time Cost: 00000077 ms
Total Time Cost: 00001769 ms
Total Distance 287: 6 4 8 7 6 8 7 6 7 8 5 6 3 7 6 3 4 4 3 6 5 6 5 4 4 4 3 3 4 3 5 5 6 5 4 5 4 4 4 4 6 5 6 7 5 5 5 5 6 6 5 5 4 4 6 6
Last Time Cost: 00000081 ms
Total Time Cost: 00001850 ms
Total Distance 285: 6 4 8 7 6 8 7 6 7 8 5 6 3 7 6 3 4 4 3 6 5 6 4 4 4 4 3 3 3 3 5 5 6 5 4 5 4 4 4 4 6 5 6 7 5 5 5 5 6 6 5 5 4 4 6 6
Last Time Cost: 00000087 ms
Total Time Cost: 00001937 ms
Total Distance 282: 6 4 8 6 6 8 7 6 6 8 5 6 3 7 6 3 4 4 3 6 5 6 4 4 4 4 3 3 3 3 5 5 6 5 4 5 4 4 4 4 6 5 5 7 5 5 5 5 6 6 5 5 4 4 6 6
Last Time Cost: 00000074 ms
Total Time Cost: 00002011 ms
Total Distance 280: 6 4 8 6 6 8 7 6 6 8 5 6 3 7 6 3 4 3 3 6 5 6 4 4 4 4 3 3 3 3 5 5 6 5 4 5 4 4 4 4 6 5 5 7 5 5 5 5 6 6 5 4 4 4 6 6
Last Time Cost: 00000077 ms
Total Time Cost: 00002088 ms
Total Distance 278: 6 4 8 6 6 8 7 6 6 8 5 6 3 7 6 3 4 3 3 6 5 6 4 4 4 4 3 3 3 3 5 5 6 5 4 5 4 3 4 4 6 5 5 7 5 4 5 5 6 6 5 4 4 4 6 6
Last Time Cost: 00000080 ms
Total Time Cost: 00002168 ms
Total Distance 276: 6 4 8 5 6 8 7 6 6 8 5 6 3 7 6 3 4 3 3 6 5 6 4 4 4 4 3 3 3 3 5 5 6 5 4 5 4 2 4 4 6 5 5 7 5 4 5 5 6 6 5 4 4 4 6 6
Last Time Cost: 00000086 ms
Total Time Cost: 00002254 ms
Total Distance 274: 6 4 8 5 6 8 7 6 6 8 5 6 3 7 6 3 4 3 3 6 5 6 4 4 4 4 3 3 3 3 4 5 6 5 4 5 4 2 4 4 6 5 5 7 5 3 5 5 6 6 5 4 4 4 6 6
Last Time Cost: 00000092 ms
Total Time Cost: 00002346 ms
Total Distance 272: 6 4 8 5 6 8 7 6 6 8 5 6 3 7 6 3 4 3 3 6 5 6 4 4 4 4 3 3 3 3 4 5 6 5 4 5 4 2 4 4 6 5 5 7 5 2 5 5 6 6 5 4 4 4 5 6
Last Time Cost: 00000098 ms
Total Time Cost: 00002444 ms
Total Distance 269: 6 4 8 5 6 8 6 6 6 7 5 6 3 7 6 3 4 3 3 6 5 6 4 4 4 4 3 3 3 3 4 5 6 5 4 5 4 2 4 4 6 5 4 7 5 2 5 5 6 6 5 4 4 4 5 6
Last Time Cost: 00000083 ms
Total Time Cost: 00002527 ms
Total Distance 267: 6 4 8 5 6 8 6 6 6 7 5 6 3 7 6 3 4 3 3 6 5 6 4 3 4 4 3 3 3 3 4 5 6 5 4 5 3 2 4 4 6 5 4 7 5 2 5 5 6 6 5 4 4 4 5 6
Last Time Cost: 00000088 ms
Total Time Cost: 00002615 ms
Total Distance 265: 6 4 8 5 6 8 6 5 6 7 5 6 3 7 6 3 4 3 3 6 5 6 4 3 4 4 3 3 3 3 4 5 6 5 4 5 2 2 4 4 6 5 4 7 5 2 5 5 6 6 5 4 4 4 5 6
Last Time Cost: 00000095 ms
Total Time Cost: 00002710 ms
Total Distance 263: 6 4 8 5 6 8 6 5 6 7 4 6 3 7 6 3 4 3 3 6 5 6 4 3 4 4 3 3 3 3 4 5 6 5 4 5 2 2 4 4 6 4 4 7 5 2 5 5 6 6 5 4 4 4 5 6
Last Time Cost: 00000100 ms
Total Time Cost: 00002810 ms
Total Distance 261: 6 4 8 5 6 8 6 4 6 7 4 6 3 7 6 3 4 3 3 6 5 6 4 3 4 4 3 3 3 3 4 5 6 5 4 5 2 2 4 4 6 4 4 7 5 2 4 5 6 6 5 4 4 4 5 6
Last Time Cost: 00000101 ms
Total Time Cost: 00002911 ms
Total Distance 259: 6 4 8 5 6 8 6 4 6 7 4 6 3 7 6 3 4 3 3 6 5 5 4 3 3 4 3 3 3 3 4 5 6 5 4 5 2 2 4 4 6 4 4 7 5 2 4 5 6 6 5 4 4 4 5 6
Last Time Cost: 00000109 ms
Total Time Cost: 00003020 ms
Total Distance 257: 6 4 8 5 6 8 6 4 6 7 4 6 3 7 6 3 4 3 3 6 5 5 4 3 3 4 3 3 3 3 4 4 6 5 4 5 2 2 4 4 6 4 4 7 5 2 4 4 6 6 5 4 4 4 5 6
Last Time Cost: 00000115 ms
Total Time Cost: 00003135 ms
Total Distance 255: 6 4 8 5 6 8 6 4 6 7 4 6 3 7 6 3 4 3 3 6 5 5 4 3 3 3 3 3 3 3 4 4 5 5 4 5 2 2 4 4 6 4 4 7 5 2 4 4 6 6 5 4 4 4 5 6
Last Time Cost: 00000122 ms
Total Time Cost: 00003257 ms
Total Distance 253: 6 4 8 5 6 8 6 4 6 7 4 6 3 7 6 3 4 3 3 6 5 5 4 3 3 3 3 3 3 3 4 4 5 5 4 5 2 2 4 4 6 4 4 7 5 2 4 4 6 5 5 4 4 3 5 6
Last Time Cost: 00000129 ms
Total Time Cost: 00003386 ms
Total Distance 251: 6 4 8 5 6 8 6 4 6 7 4 6 3 6 6 3 4 3 2 6 5 5 4 3 3 3 3 3 3 3 4 4 5 5 4 5 2 2 4 4 6 4 4 7 5 2 4 4 6 5 5 4 4 3 5 6
Last Time Cost: 00000113 ms
Total Time Cost: 00003499 ms
Total Distance 249: 6 4 8 5 6 8 6 3 6 7 4 6 3 6 6 3 4 3 2 6 5 5 4 3 3 3 3 3 3 3 4 4 5 5 4 5 2 2 4 4 6 4 4 7 5 2 4 4 6 5 5 4 4 3 5 5
Last Time Cost: 00000119 ms
Total Time Cost: 00003618 ms
Total Distance 247: 6 4 8 5 6 8 6 3 5 7 4 6 3 6 6 3 4 3 2 6 5 5 4 3 3 3 3 3 3 3 4 4 5 5 4 5 2 2 4 4 6 4 3 7 5 2 4 4 6 5 5 4 4 3 5 5
Last Time Cost: 00000126 ms
Total Time Cost: 00003744 ms
Total Distance 245: 6 4 8 5 6 8 6 3 5 7 4 6 3 6 6 3 4 3 2 6 5 5 4 3 3 3 3 3 3 3 4 3 5 5 4 5 2 2 4 4 5 4 3 7 5 2 4 4 6 5 5 4 4 3 5 5
Last Time Cost: 00000131 ms
Total Time Cost: 00003875 ms
Total Distance 243: 6 4 8 5 6 8 6 3 5 7 4 6 3 6 6 3 3 3 2 5 5 5 4 3 3 3 3 3 3 3 4 3 5 5 4 5 2 2 4 4 5 4 3 7 5 2 4 4 6 5 5 4 4 3 5 5
Last Time Cost: 00000139 ms
Total Time Cost: 00004014 ms
Total Distance 241: 6 4 8 5 6 8 6 3 4 7 4 6 3 6 6 3 3 3 2 5 5 5 4 3 3 3 3 3 3 3 4 3 5 5 4 5 2 2 4 4 5 4 3 7 5 2 4 4 6 5 4 4 4 3 5 5
Last Time Cost: 00000149 ms
Total Time Cost: 00004163 ms
Total Distance 239: 6 4 8 5 6 8 6 3 3 7 4 6 3 6 6 3 3 3 2 5 4 5 4 3 3 3 3 3 3 3 4 3 5 5 4 5 2 2 4 4 5 4 3 7 5 2 4 4 6 5 4 4 4 3 5 5
Last Time Cost: 00000156 ms
Total Time Cost: 00004319 ms
Total Distance 237: 6 4 8 5 6 8 6 3 3 7 4 6 3 6 6 3 3 3 2 5 4 5 4 3 3 3 3 3 3 3 4 3 4 5 4 5 2 2 4 4 5 4 3 7 5 2 4 4 6 5 4 4 4 3 4 5
Last Time Cost: 00000160 ms
Total Time Cost: 00004479 ms
Total Distance 235: 5 4 8 5 6 8 6 3 3 7 4 6 3 6 6 3 3 3 2 5 4 5 3 3 3 3 3 3 3 3 4 3 4 5 4 5 2 2 4 4 5 4 3 7 5 2 4 4 6 5 4 4 4 3 4 5
Last Time Cost: 00000166 ms
Total Time Cost: 00004645 ms
Total Distance 233: 5 4 8 5 6 8 5 3 3 7 4 6 3 6 6 3 3 3 2 5 4 5 3 3 3 3 3 3 3 3 4 3 4 5 4 5 2 2 4 4 5 4 3 7 5 2 4 4 6 5 4 3 4 3 4 5
Last Time Cost: 00000170 ms
Total Time Cost: 00004815 ms
Total Distance 231: 5 4 8 5 6 8 5 3 3 7 4 6 3 6 6 3 3 3 2 5 4 4 3 3 3 3 3 3 3 3 4 3 4 5 4 5 2 2 4 4 5 4 3 7 5 2 4 4 5 5 4 3 4 3 4 5
Last Time Cost: 00000178 ms
Total Time Cost: 00004993 ms
Total Distance 229: 5 4 8 5 6 8 5 3 2 6 4 6 3 6 6 3 3 3 2 5 4 4 3 3 3 3 3 3 3 3 4 3 4 5 4 5 2 2 4 4 5 4 3 7 5 2 4 4 5 5 4 3 4 3 4 5
Last Time Cost: 00000151 ms
Total Time Cost: 00005144 ms
Total Distance 227: 5 4 8 5 6 8 5 3 2 6 4 5 3 6 6 3 3 3 2 5 4 4 3 3 3 3 3 3 3 3 4 3 4 5 4 5 2 2 4 4 5 4 3 7 4 2 4 4 5 5 4 3 4 3 4 5
Last Time Cost: 00000159 ms
Total Time Cost: 00005303 ms
Total Distance 224: 5 4 7 5 6 7 5 3 2 6 4 5 3 6 6 3 3 3 2 5 4 4 3 3 3 3 3 3 3 3 4 3 4 5 4 5 2 2 4 4 5 4 3 7 4 2 4 4 4 5 4 3 4 3 4 5
Last Time Cost: 00000130 ms
Total Time Cost: 00005433 ms
Total Distance 222: 5 4 6 5 6 7 5 3 2 6 4 5 2 6 6 3 3 3 2 5 4 4 3 3 3 3 3 3 3 3 4 3 4 5 4 5 2 2 4 4 5 4 3 7 4 2 4 4 4 5 4 3 4 3 4 5
Last Time Cost: 00000095 ms
Total Time Cost: 00005528 ms
Total Distance 220: 5 4 5 5 6 7 5 3 2 6 4 5 2 6 6 3 3 3 2 5 4 4 3 3 3 3 3 3 3 3 4 3 4 5 4 5 2 2 4 4 5 4 3 7 4 2 4 4 3 5 4 3 4 3 4 5
Last Time Cost: 00000099 ms
Total Time Cost: 00005627 ms
Total Distance 218: 5 4 4 5 6 7 5 3 2 6 4 4 2 6 6 3 3 3 2 5 4 4 3 3 3 3 3 3 3 3 4 3 4 5 4 5 2 2 4 4 5 4 3 7 4 2 4 4 3 5 4 3 4 3 4 5
Last Time Cost: 00000102 ms
Total Time Cost: 00005729 ms
Total Distance 216: 5 4 4 5 6 6 5 3 2 6 4 4 2 6 6 3 3 3 2 5 4 4 3 3 3 3 3 3 3 3 4 3 4 5 3 5 2 2 4 4 5 4 3 7 4 2 4 4 3 5 4 3 4 3 4 5
Last Time Cost: 00000061 ms
Total Time Cost: 00005790 ms
Total Distance 214: 5 4 4 5 6 6 5 3 2 6 4 4 2 6 6 3 3 3 2 5 4 4 3 3 3 3 3 3 3 3 4 3 4 5 3 5 2 2 4 4 5 4 3 7 3 2 3 4 3 5 4 3 4 3 4 5
Last Time Cost: 00000064 ms
Total Time Cost: 00005854 ms
Total Distance 212: 5 4 4 5 6 6 5 3 2 6 4 4 2 6 5 3 3 3 2 5 4 4 3 3 3 3 3 3 3 3 4 3 4 5 3 5 2 2 4 4 5 4 3 7 3 2 3 4 3 4 4 3 4 3 4 5
Last Time Cost: 00000065 ms
Total Time Cost: 00005919 ms
Total Distance 210: 5 4 4 5 5 5 5 3 2 6 4 4 2 6 5 3 3 3 2 5 4 4 3 3 3 3 3 3 3 3 4 3 4 5 3 5 2 2 4 4 5 4 3 7 3 2 3 4 3 4 4 3 4 3 4 5
Last Time Cost: 00000068 ms
Total Time Cost: 00005987 ms
Total Distance 208: 5 4 4 5 5 5 5 3 2 6 4 4 2 6 5 3 3 3 2 4 4 4 3 3 3 3 3 3 3 3 4 3 4 5 3 5 2 2 4 4 5 4 3 6 3 2 3 4 3 4 4 3 4 3 4 5
Last Time Cost: 00000015 ms
Total Time Cost: 00006002 ms
Total Distance 207: 5 4 4 5 5 5 5 3 1 6 4 4 2 6 5 3 3 3 2 4 4 4 3 3 3 3 3 3 3 3 4 3 4 5 3 5 2 2 4 4 5 4 3 6 3 2 3 4 3 4 4 3 4 3 4 5
Last Time Cost: 00000001 ms
Total Time Cost: 00006003 ms
Total Distance 206: 5 4 4 5 5 5 5 3 0 6 4 4 2 6 5 3 3 3 2 4 4 4 3 3 3 3 3 3 3 3 4 3 4 5 3 5 2 2 4 4 5 4 3 6 3 2 3 4 3 4 4 3 4 3 4 5
Last Time Cost: 00000016 ms
Total Time Cost: 00006019 ms
Total Distance 205: 5 4 4 5 5 5 5 3 0 6 4 4 2 6 5 3 3 3 1 4 4 4 3 3 3 3 3 3 3 3 4 3 4 5 3 5 2 2 4 4 5 4 3 6 3 2 3 4 3 4 4 3 4 3 4 5
Last Time Cost: 00000001 ms
Total Time Cost: 00006020 ms
Total Distance 204: 5 4 4 5 5 5 5 3 0 6 4 4 2 6 5 3 3 3 0 4 4 4 3 3 3 3 3 3 3 3 4 3 4 5 3 5 2 2 4 4 5 4 3 6 3 2 3 4 3 4 4 3 4 3 4 5
Last Time Cost: 00000017 ms
Total Time Cost: 00006037 ms
Total Distance 203: 5 4 4 5 5 5 5 3 0 6 4 4 1 6 5 3 3 3 0 4 4 4 3 3 3 3 3 3 3 3 4 3 4 5 3 5 2 2 4 4 5 4 3 6 3 2 3 4 3 4 4 3 4 3 4 5
Last Time Cost: 00000001 ms
Total Time Cost: 00006038 ms
Total Distance 202: 5 4 4 5 5 5 5 3 0 6 4 4 0 6 5 3 3 3 0 4 4 4 3 3 3 3 3 3 3 3 4 3 4 5 3 5 2 2 4 4 5 4 3 6 3 2 3 4 3 4 4 3 4 3 4 5
Last Time Cost: 00000018 ms
Total Time Cost: 00006056 ms
Total Distance 201: 5 4 4 5 5 5 5 3 0 6 4 4 0 6 5 3 3 3 0 4 4 4 3 3 3 3 3 3 3 3 4 3 4 5 3 5 2 2 4 4 5 4 3 6 3 1 3 4 3 4 4 3 4 3 4 5
Last Time Cost: 00000001 ms
Total Time Cost: 00006057 ms
Total Distance 200: 5 4 4 5 5 5 5 3 0 6 4 4 0 6 5 3 3 3 0 4 4 4 3 3 3 3 3 3 3 3 4 3 4 5 3 5 2 2 4 4 5 4 3 6 3 0 3 4 3 4 4 3 4 3 4 5
Last Time Cost: 00000020 ms
Total Time Cost: 00006077 ms
Total Distance 199: 5 4 4 5 5 5 5 3 0 6 4 4 0 6 5 3 3 3 0 4 4 4 3 3 3 3 3 3 3 3 4 3 4 5 3 5 1 2 4 4 5 4 3 6 3 0 3 4 3 4 4 3 4 3 4 5
Last Time Cost: 00000001 ms
Total Time Cost: 00006078 ms
Total Distance 198: 5 4 4 5 5 5 5 3 0 6 4 4 0 6 5 3 3 3 0 4 4 4 3 3 3 3 3 3 3 3 4 3 4 5 3 5 0 2 4 4 5 4 3 6 3 0 3 4 3 4 4 3 4 3 4 5
Last Time Cost: 00000021 ms
Total Time Cost: 00006099 ms
Total Distance 197: 5 4 4 5 5 5 5 3 0 6 4 4 0 6 5 3 3 3 0 4 4 4 3 3 3 3 3 3 3 3 4 3 4 5 3 5 0 1 4 4 5 4 3 6 3 0 3 4 3 4 4 3 4 3 4 5
Last Time Cost: 00000001 ms
Total Time Cost: 00006100 ms
Total Distance 196: 5 4 4 5 5 5 5 3 0 6 4 4 0 6 5 3 3 3 0 4 4 4 3 3 3 3 3 3 3 3 4 3 4 5 3 5 0 0 4 4 5 4 3 6 3 0 3 4 3 4 4 3 4 3 4 5
Last Time Cost: 00000022 ms
Total Time Cost: 00006122 ms
Total Distance 195: 5 4 4 5 5 5 5 3 0 6 4 4 0 6 5 3 3 2 0 4 4 4 3 3 3 3 3 3 3 3 4 3 4 5 3 5 0 0 4 4 5 4 3 6 3 0 3 4 3 4 4 3 4 3 4 5
Last Time Cost: 00000002 ms
Total Time Cost: 00006124 ms
Total Distance 194: 5 4 4 5 5 5 5 3 0 6 4 4 0 6 5 3 3 1 0 4 4 4 3 3 3 3 3 3 3 3 4 3 4 5 3 5 0 0 4 4 5 4 3 6 3 0 3 4 3 4 4 3 4 3 4 5
Last Time Cost: 00000001 ms
Total Time Cost: 00006125 ms
Total Distance 193: 5 4 4 5 5 5 5 3 0 6 4 4 0 6 5 3 3 0 0 4 4 4 3 3 3 3 3 3 3 3 4 3 4 5 3 5 0 0 4 4 5 4 3 6 3 0 3 4 3 4 4 3 4 3 4 5
Last Time Cost: 00000024 ms
Total Time Cost: 00006149 ms
Total Distance 192: 5 4 4 5 5 5 5 3 0 6 4 4 0 6 5 3 3 0 0 4 4 4 3 3 3 3 3 3 3 3 4 3 4 5 3 5 0 0 4 4 5 4 3 6 2 0 3 4 3 4 4 3 4 3 4 5
Last Time Cost: 00000001 ms
Total Time Cost: 00006150 ms
Total Distance 191: 5 4 4 5 5 5 5 3 0 6 4 4 0 6 5 3 3 0 0 4 4 4 3 3 3 3 3 3 3 3 4 3 4 5 3 5 0 0 4 4 5 4 3 6 1 0 3 4 3 4 4 3 4 3 4 5
Last Time Cost: 00000001 ms
Total Time Cost: 00006151 ms
Total Distance 190: 5 4 4 5 5 5 5 3 0 6 4 4 0 6 5 3 3 0 0 4 4 4 3 3 3 3 3 3 3 3 4 3 4 5 3 5 0 0 4 4 5 4 3 6 0 0 3 4 3 4 4 3 4 3 4 5
Last Time Cost: 00000026 ms
Total Time Cost: 00006177 ms
Total Distance 189: 5 4 4 5 5 5 5 3 0 6 4 4 0 6 5 2 3 0 0 4 4 4 3 3 3 3 3 3 3 3 4 3 4 5 3 5 0 0 4 4 5 4 3 6 0 0 3 4 3 4 4 3 4 3 4 5
Last Time Cost: 00000001 ms
Total Time Cost: 00006178 ms
Total Distance 188: 5 4 4 5 5 5 5 3 0 6 4 4 0 6 5 1 3 0 0 4 4 4 3 3 3 3 3 3 3 3 4 3 4 5 3 5 0 0 4 4 5 4 3 6 0 0 3 4 3 4 4 3 4 3 4 5
Last Time Cost: 00000001 ms
Total Time Cost: 00006179 ms
Total Distance 187: 5 4 4 5 5 5 5 3 0 6 4 4 0 6 5 0 3 0 0 4 4 4 3 3 3 3 3 3 3 3 4 3 4 5 3 5 0 0 4 4 5 4 3 6 0 0 3 4 3 4 4 3 4 3 4 5
Last Time Cost: 00000028 ms
Total Time Cost: 00006207 ms
Total Distance 186: 5 4 4 5 5 5 5 3 0 6 4 4 0 6 5 0 3 0 0 4 4 4 3 3 3 3 3 3 3 3 4 3 4 5 3 5 0 0 4 4 5 4 3 6 0 0 3 4 3 4 4 2 4 3 4 5
Last Time Cost: 00000001 ms
Total Time Cost: 00006208 ms
Total Distance 185: 5 4 4 5 5 5 5 3 0 6 4 4 0 6 5 0 3 0 0 4 4 4 3 3 3 3 3 3 3 3 4 3 4 5 3 5 0 0 4 4 5 4 3 6 0 0 3 4 3 4 4 1 4 3 4 5
Last Time Cost: 00000001 ms
Total Time Cost: 00006209 ms
Total Distance 184: 5 4 4 5 5 5 5 3 0 6 4 4 0 6 5 0 3 0 0 4 4 4 3 3 3 3 3 3 3 3 4 3 4 5 3 5 0 0 4 4 5 4 3 6 0 0 3 4 3 4 4 0 4 3 4 5
Last Time Cost: 00000030 ms
Total Time Cost: 00006239 ms
Total Distance 183: 5 4 4 5 5 5 5 3 0 6 4 4 0 6 5 0 3 0 0 4 4 4 3 3 3 3 3 3 2 3 4 3 4 5 3 5 0 0 4 4 5 4 3 6 0 0 3 4 3 4 4 0 4 3 4 5
Last Time Cost: 00000001 ms
Total Time Cost: 00006240 ms
Total Distance 182: 5 4 4 5 5 5 5 3 0 6 4 4 0 6 5 0 3 0 0 4 4 4 3 3 3 3 3 3 1 3 4 3 4 5 3 5 0 0 4 4 5 4 3 6 0 0 3 4 3 4 4 0 4 3 4 5
Last Time Cost: 00000001 ms
Total Time Cost: 00006241 ms
Total Distance 181: 5 4 4 5 5 5 5 3 0 6 4 4 0 6 5 0 3 0 0 4 4 4 3 3 3 3 3 3 0 3 4 3 4 5 3 5 0 0 4 4 5 4 3 6 0 0 3 4 3 4 4 0 4 3 4 5
Last Time Cost: 00000034 ms
Total Time Cost: 00006275 ms
Total Distance 180: 5 4 4 5 5 5 5 3 0 6 4 4 0 6 5 0 3 0 0 4 4 4 3 3 3 3 3 3 0 2 4 3 4 5 3 5 0 0 4 4 5 4 3 6 0 0 3 4 3 4 4 0 4 3 4 5
Last Time Cost: 00000001 ms
Total Time Cost: 00006276 ms
Total Distance 179: 5 4 4 5 5 5 5 3 0 6 4 4 0 6 5 0 3 0 0 4 4 4 3 3 3 3 3 3 0 1 4 3 4 5 3 5 0 0 4 4 5 4 3 6 0 0 3 4 3 4 4 0 4 3 4 5
Last Time Cost: 00000001 ms
Total Time Cost: 00006277 ms
Total Distance 178: 5 4 4 5 5 5 5 3 0 6 4 4 0 6 5 0 3 0 0 4 4 4 3 3 3 3 3 3 0 0 4 3 4 5 3 5 0 0 4 4 5 4 3 6 0 0 3 4 3 4 4 0 4 3 4 5
Last Time Cost: 00000038 ms
Total Time Cost: 00006315 ms
Total Distance 177: 5 4 4 5 5 5 5 3 0 6 4 4 0 6 5 0 3 0 0 4 4 4 3 3 3 3 3 3 0 0 4 3 4 5 2 5 0 0 4 4 5 4 3 6 0 0 3 4 3 4 4 0 4 3 4 5
Last Time Cost: 00000001 ms
Total Time Cost: 00006316 ms
Total Distance 176: 5 4 4 5 5 5 5 3 0 6 4 4 0 6 5 0 3 0 0 4 4 4 3 3 3 3 3 3 0 0 4 3 4 5 1 5 0 0 4 4 5 4 3 6 0 0 3 4 3 4 4 0 4 3 4 5
Last Time Cost: 00000001 ms
Total Time Cost: 00006317 ms
Total Distance 175: 5 4 4 5 5 5 5 3 0 6 4 4 0 6 5 0 3 0 0 4 4 4 3 3 3 3 3 3 0 0 4 3 4 5 0 5 0 0 4 4 5 4 3 6 0 0 3 4 3 4 4 0 4 3 4 5
Last Time Cost: 00000041 ms
Total Time Cost: 00006358 ms
Total Distance 174: 5 4 4 5 5 5 5 3 0 6 4 4 0 6 5 0 3 0 0 4 4 4 3 3 3 3 3 2 0 0 4 3 4 5 0 5 0 0 4 4 5 4 3 6 0 0 3 4 3 4 4 0 4 3 4 5
Last Time Cost: 00000001 ms
Total Time Cost: 00006359 ms
Total Distance 173: 5 4 4 5 5 5 5 3 0 6 4 4 0 6 5 0 3 0 0 4 4 4 3 3 3 3 3 1 0 0 4 3 4 5 0 5 0 0 4 4 5 4 3 6 0 0 3 4 3 4 4 0 4 3 4 5
Last Time Cost: 00000001 ms
Total Time Cost: 00006360 ms
Total Distance 172: 5 4 4 5 5 5 5 3 0 6 4 4 0 6 5 0 3 0 0 4 4 4 3 3 3 3 3 0 0 0 4 3 4 5 0 5 0 0 4 4 5 4 3 6 0 0 3 4 3 4 4 0 4 3 4 5
Last Time Cost: 00000044 ms
Total Time Cost: 00006404 ms
Total Distance 171: 5 4 4 5 5 5 5 3 0 6 4 4 0 6 5 0 3 0 0 4 4 4 3 3 3 3 2 0 0 0 4 3 4 5 0 5 0 0 4 4 5 4 3 6 0 0 3 4 3 4 4 0 4 3 4 5
Last Time Cost: 00000001 ms
Total Time Cost: 00006405 ms
Total Distance 170: 5 4 4 5 5 5 5 3 0 6 4 4 0 6 5 0 3 0 0 4 4 4 3 3 3 3 1 0 0 0 4 3 4 5 0 5 0 0 4 4 5 4 3 6 0 0 3 4 3 4 4 0 4 3 4 5
Last Time Cost: 00000001 ms
Total Time Cost: 00006406 ms
Total Distance 169: 5 4 4 5 5 5 5 3 0 6 4 4 0 6 5 0 3 0 0 4 4 4 3 3 3 3 0 0 0 0 4 3 4 5 0 5 0 0 4 4 5 4 3 6 0 0 3 4 3 4 4 0 4 3 4 5
Last Time Cost: 00000048 ms
Total Time Cost: 00006454 ms
Total Distance 168: 5 4 4 5 5 5 5 3 0 6 4 4 0 6 5 0 3 0 0 4 4 4 3 3 3 3 0 0 0 0 4 3 4 5 0 5 0 0 4 4 5 4 3 6 0 0 2 4 3 4 4 0 4 3 4 5
Last Time Cost: 00000001 ms
Total Time Cost: 00006455 ms
Total Distance 167: 5 4 4 5 5 5 5 3 0 6 4 4 0 6 5 0 3 0 0 4 4 4 3 3 3 3 0 0 0 0 4 3 4 5 0 5 0 0 4 4 5 4 3 6 0 0 1 4 3 4 4 0 4 3 4 5
Last Time Cost: 00000001 ms
Total Time Cost: 00006456 ms
Total Distance 166: 5 4 4 5 5 5 5 3 0 6 4 4 0 6 5 0 3 0 0 4 4 4 3 3 3 3 0 0 0 0 4 3 4 5 0 5 0 0 4 4 5 4 3 6 0 0 0 4 3 4 4 0 4 3 4 5
Last Time Cost: 00000052 ms
Total Time Cost: 00006508 ms
Total Distance 165: 5 4 4 5 5 5 5 3 0 6 4 4 0 6 5 0 3 0 0 4 4 4 3 3 3 3 0 0 0 0 4 3 4 5 0 5 0 0 4 4 5 4 3 6 0 0 0 4 3 4 4 0 4 2 4 5
Last Time Cost: 00000001 ms
Total Time Cost: 00006509 ms
Total Distance 164: 5 4 4 5 5 5 5 3 0 6 4 4 0 6 5 0 3 0 0 4 4 4 3 3 3 3 0 0 0 0 4 3 4 5 0 5 0 0 4 4 5 4 3 6 0 0 0 4 3 4 4 0 4 1 4 5
Last Time Cost: 00000001 ms
Total Time Cost: 00006510 ms
Total Distance 163: 5 4 4 5 5 5 5 3 0 6 4 4 0 6 5 0 3 0 0 4 4 4 3 3 3 3 0 0 0 0 4 3 4 5 0 5 0 0 4 4 5 4 3 6 0 0 0 4 3 4 4 0 4 0 4 5
Last Time Cost: 00000053 ms
Total Time Cost: 00006563 ms
Total Distance 162: 5 4 4 5 5 5 5 3 0 6 4 4 0 6 5 0 3 0 0 4 4 4 3 2 3 3 0 0 0 0 4 3 4 5 0 5 0 0 4 4 5 4 3 6 0 0 0 4 3 4 4 0 4 0 4 5
Last Time Cost: 00000001 ms
Total Time Cost: 00006564 ms
Total Distance 161: 5 4 4 5 5 5 5 3 0 6 4 4 0 6 5 0 3 0 0 4 4 4 3 1 3 3 0 0 0 0 4 3 4 5 0 5 0 0 4 4 5 4 3 6 0 0 0 4 3 4 4 0 4 0 4 5
Last Time Cost: 00000001 ms
Total Time Cost: 00006565 ms
Total Distance 160: 5 4 4 5 5 5 5 3 0 6 4 4 0 6 5 0 3 0 0 4 4 4 3 0 3 3 0 0 0 0 4 3 4 5 0 5 0 0 4 4 5 4 3 6 0 0 0 4 3 4 4 0 4 0 4 5
Last Time Cost: 00000057 ms
Total Time Cost: 00006622 ms
Total Distance 159: 5 4 4 5 5 5 5 3 0 6 4 4 0 6 5 0 2 0 0 4 4 4 3 0 3 3 0 0 0 0 4 3 4 5 0 5 0 0 4 4 5 4 3 6 0 0 0 4 3 4 4 0 4 0 4 5
Last Time Cost: 00000001 ms
Total Time Cost: 00006623 ms
Total Distance 158: 5 4 4 5 5 5 5 3 0 6 4 4 0 6 5 0 1 0 0 4 4 4 3 0 3 3 0 0 0 0 4 3 4 5 0 5 0 0 4 4 5 4 3 6 0 0 0 4 3 4 4 0 4 0 4 5
Last Time Cost: 00000001 ms
Total Time Cost: 00006624 ms
Total Distance 157: 5 4 4 5 5 5 5 3 0 6 4 4 0 6 5 0 0 0 0 4 4 4 3 0 3 3 0 0 0 0 4 3 4 5 0 5 0 0 4 4 5 4 3 6 0 0 0 4 3 4 4 0 4 0 4 5
Last Time Cost: 00000061 ms
Total Time Cost: 00006685 ms
Total Distance 156: 5 4 4 5 5 5 5 3 0 6 4 4 0 6 5 0 0 0 0 4 4 4 3 0 3 3 0 0 0 0 4 2 4 5 0 5 0 0 4 4 5 4 3 6 0 0 0 4 3 4 4 0 4 0 4 5
Last Time Cost: 00000001 ms
Total Time Cost: 00006686 ms
Total Distance 155: 5 4 4 5 5 5 5 3 0 6 4 4 0 6 5 0 0 0 0 4 4 4 3 0 3 3 0 0 0 0 4 1 4 5 0 5 0 0 4 4 5 4 3 6 0 0 0 4 3 4 4 0 4 0 4 5
Last Time Cost: 00000001 ms
Total Time Cost: 00006687 ms
Total Distance 154: 5 4 4 5 5 5 5 3 0 6 4 4 0 6 5 0 0 0 0 4 4 4 3 0 3 3 0 0 0 0 4 0 4 5 0 5 0 0 4 4 5 4 3 6 0 0 0 4 3 4 4 0 4 0 4 5
Last Time Cost: 00000065 ms
Total Time Cost: 00006752 ms
Total Distance 153: 5 4 4 5 5 5 5 3 0 6 4 4 0 6 5 0 0 0 0 4 4 4 3 0 3 3 0 0 0 0 4 0 4 5 0 5 0 0 4 4 5 4 3 6 0 0 0 4 2 4 4 0 4 0 4 5
Last Time Cost: 00000001 ms
Total Time Cost: 00006753 ms
Total Distance 152: 5 4 4 5 5 5 5 3 0 6 4 4 0 6 5 0 0 0 0 4 4 4 3 0 3 3 0 0 0 0 4 0 4 5 0 5 0 0 4 4 5 4 3 6 0 0 0 4 1 4 4 0 4 0 4 5
Last Time Cost: 00000001 ms
Total Time Cost: 00006754 ms
Total Distance 151: 5 4 4 5 5 5 5 3 0 6 4 4 0 6 5 0 0 0 0 4 4 4 3 0 3 3 0 0 0 0 4 0 4 5 0 5 0 0 4 4 5 4 3 6 0 0 0 4 0 4 4 0 4 0 4 5
Last Time Cost: 00000069 ms
Total Time Cost: 00006823 ms
Total Distance 150: 5 4 4 5 5 5 5 2 0 6 4 4 0 6 5 0 0 0 0 4 4 4 3 0 3 3 0 0 0 0 4 0 4 5 0 5 0 0 4 4 5 4 3 6 0 0 0 4 0 4 4 0 4 0 4 5
Last Time Cost: 00000001 ms
Total Time Cost: 00006824 ms
Total Distance 149: 5 4 4 5 5 5 5 1 0 6 4 4 0 6 5 0 0 0 0 4 4 4 3 0 3 3 0 0 0 0 4 0 4 5 0 5 0 0 4 4 5 4 3 6 0 0 0 4 0 4 4 0 4 0 4 5
Last Time Cost: 00000001 ms
Total Time Cost: 00006825 ms
Total Distance 148: 5 4 4 5 5 5 5 0 0 6 4 4 0 6 5 0 0 0 0 4 4 4 3 0 3 3 0 0 0 0 4 0 4 5 0 5 0 0 4 4 5 4 3 6 0 0 0 4 0 4 4 0 4 0 4 5
Last Time Cost: 00000078 ms
Total Time Cost: 00006903 ms
Total Distance 147: 5 4 4 5 5 5 5 0 0 6 4 4 0 6 5 0 0 0 0 4 4 4 3 0 3 2 0 0 0 0 4 0 4 5 0 5 0 0 4 4 5 4 3 6 0 0 0 4 0 4 4 0 4 0 4 5
Last Time Cost: 00000001 ms
Total Time Cost: 00006904 ms
Total Distance 146: 5 4 4 5 5 5 5 0 0 6 4 4 0 6 5 0 0 0 0 4 4 4 3 0 3 1 0 0 0 0 4 0 4 5 0 5 0 0 4 4 5 4 3 6 0 0 0 4 0 4 4 0 4 0 4 5
Last Time Cost: 00000001 ms
Total Time Cost: 00006905 ms
Total Distance 145: 5 4 4 5 5 5 5 0 0 6 4 4 0 6 5 0 0 0 0 4 4 4 3 0 3 0 0 0 0 0 4 0 4 5 0 5 0 0 4 4 5 4 3 6 0 0 0 4 0 4 4 0 4 0 4 5
Last Time Cost: 00000081 ms
Total Time Cost: 00006986 ms
Total Distance 144: 5 4 4 5 5 5 5 0 0 6 4 4 0 6 5 0 0 0 0 4 4 4 3 0 3 0 0 0 0 0 4 0 4 5 0 5 0 0 4 4 5 4 2 6 0 0 0 4 0 4 4 0 4 0 4 5
Last Time Cost: 00000001 ms
Total Time Cost: 00006987 ms
Total Distance 143: 5 4 4 5 5 5 5 0 0 6 4 4 0 6 5 0 0 0 0 4 4 4 3 0 3 0 0 0 0 0 4 0 4 5 0 5 0 0 4 4 5 4 1 6 0 0 0 4 0 4 4 0 4 0 4 5
Last Time Cost: 00000001 ms
Total Time Cost: 00006988 ms
Total Distance 142: 5 4 4 5 5 5 5 0 0 6 4 4 0 6 5 0 0 0 0 4 4 4 3 0 3 0 0 0 0 0 4 0 4 5 0 5 0 0 4 4 5 4 0 6 0 0 0 4 0 4 4 0 4 0 4 5
Last Time Cost: 00000090 ms
Total Time Cost: 00007078 ms
Total Distance 141: 5 4 4 5 5 5 5 0 0 6 4 4 0 6 5 0 0 0 0 4 4 4 3 0 2 0 0 0 0 0 4 0 4 5 0 5 0 0 4 4 5 4 0 6 0 0 0 4 0 4 4 0 4 0 4 5
Last Time Cost: 00000002 ms
Total Time Cost: 00007080 ms
Total Distance 140: 5 4 4 5 5 5 5 0 0 6 4 4 0 6 5 0 0 0 0 4 4 4 3 0 1 0 0 0 0 0 4 0 4 5 0 5 0 0 4 4 5 4 0 6 0 0 0 4 0 4 4 0 4 0 4 5
Last Time Cost: 00000001 ms
Total Time Cost: 00007081 ms
Total Distance 139: 5 4 4 5 5 5 5 0 0 6 4 4 0 6 5 0 0 0 0 4 4 4 3 0 0 0 0 0 0 0 4 0 4 5 0 5 0 0 4 4 5 4 0 6 0 0 0 4 0 4 4 0 4 0 4 5
Last Time Cost: 00000092 ms
Total Time Cost: 00007173 ms
Total Distance 138: 5 4 4 5 5 5 5 0 0 6 4 4 0 6 5 0 0 0 0 4 4 4 2 0 0 0 0 0 0 0 4 0 4 5 0 5 0 0 4 4 5 4 0 6 0 0 0 4 0 4 4 0 4 0 4 5
Last Time Cost: 00000002 ms
Total Time Cost: 00007175 ms
Total Distance 137: 5 4 4 5 5 5 5 0 0 6 4 4 0 6 5 0 0 0 0 4 4 4 1 0 0 0 0 0 0 0 4 0 4 5 0 5 0 0 4 4 5 4 0 6 0 0 0 4 0 4 4 0 4 0 4 5
Last Time Cost: 00000001 ms
Total Time Cost: 00007176 ms
Total Distance 136: 5 4 4 5 5 5 5 0 0 6 4 4 0 6 5 0 0 0 0 4 4 4 0 0 0 0 0 0 0 0 4 0 4 5 0 5 0 0 4 4 5 4 0 6 0 0 0 4 0 4 4 0 4 0 4 5
Last Time Cost: 00000099 ms
Total Time Cost: 00007275 ms
Total Distance 135: 5 4 4 5 5 5 5 0 0 6 4 4 0 6 5 0 0 0 0 4 3 4 0 0 0 0 0 0 0 0 4 0 4 5 0 5 0 0 4 4 5 4 0 6 0 0 0 4 0 4 4 0 4 0 4 5
Last Time Cost: 00000002 ms
Total Time Cost: 00007277 ms
Total Distance 134: 5 4 4 5 5 5 5 0 0 6 4 4 0 6 5 0 0 0 0 4 2 4 0 0 0 0 0 0 0 0 4 0 4 5 0 5 0 0 4 4 5 4 0 6 0 0 0 4 0 4 4 0 4 0 4 5
Last Time Cost: 00000002 ms
Total Time Cost: 00007279 ms
Total Distance 133: 5 4 4 5 5 5 5 0 0 6 4 4 0 6 5 0 0 0 0 4 1 4 0 0 0 0 0 0 0 0 4 0 4 5 0 5 0 0 4 4 5 4 0 6 0 0 0 4 0 4 4 0 4 0 4 5
Last Time Cost: 00000001 ms
Total Time Cost: 00007280 ms
Total Distance 132: 5 4 4 5 5 5 5 0 0 6 4 4 0 6 5 0 0 0 0 4 0 4 0 0 0 0 0 0 0 0 4 0 4 5 0 5 0 0 4 4 5 4 0 6 0 0 0 4 0 4 4 0 4 0 4 5
Last Time Cost: 00000110 ms
Total Time Cost: 00007390 ms
Total Distance 131: 5 4 3 5 5 5 5 0 0 6 4 4 0 6 5 0 0 0 0 4 0 4 0 0 0 0 0 0 0 0 4 0 4 5 0 5 0 0 4 4 5 4 0 6 0 0 0 4 0 4 4 0 4 0 4 5
Last Time Cost: 00000002 ms
Total Time Cost: 00007392 ms
Total Distance 130: 5 4 2 5 5 5 5 0 0 6 4 4 0 6 5 0 0 0 0 4 0 4 0 0 0 0 0 0 0 0 4 0 4 5 0 5 0 0 4 4 5 4 0 6 0 0 0 4 0 4 4 0 4 0 4 5
Last Time Cost: 00000002 ms
Total Time Cost: 00007394 ms
Total Distance 129: 5 4 1 5 5 5 5 0 0 6 4 4 0 6 5 0 0 0 0 4 0 4 0 0 0 0 0 0 0 0 4 0 4 5 0 5 0 0 4 4 5 4 0 6 0 0 0 4 0 4 4 0 4 0 4 5
Last Time Cost: 00000001 ms
Total Time Cost: 00007395 ms
Total Distance 128: 5 4 0 5 5 5 5 0 0 6 4 4 0 6 5 0 0 0 0 4 0 4 0 0 0 0 0 0 0 0 4 0 4 5 0 5 0 0 4 4 5 4 0 6 0 0 0 4 0 4 4 0 4 0 4 5
Last Time Cost: 00000119 ms
Total Time Cost: 00007514 ms
Total Distance 126: 5 4 0 5 4 5 4 0 0 6 4 4 0 6 5 0 0 0 0 4 0 4 0 0 0 0 0 0 0 0 4 0 4 5 0 5 0 0 4 4 5 4 0 6 0 0 0 4 0 4 4 0 4 0 4 5
Last Time Cost: 00000107 ms
Total Time Cost: 00007621 ms
Total Distance 125: 5 4 0 5 4 5 4 0 0 6 4 4 0 6 5 0 0 0 0 4 0 4 0 0 0 0 0 0 0 0 4 0 4 5 0 5 0 0 4 4 5 4 0 6 0 0 0 4 0 3 4 0 4 0 4 5
Last Time Cost: 00000002 ms
Total Time Cost: 00007623 ms
Total Distance 124: 5 4 0 5 4 5 4 0 0 6 4 4 0 6 5 0 0 0 0 4 0 4 0 0 0 0 0 0 0 0 4 0 4 5 0 5 0 0 4 4 5 4 0 6 0 0 0 4 0 2 4 0 4 0 4 5
Last Time Cost: 00000001 ms
Total Time Cost: 00007624 ms
Total Distance 123: 5 4 0 5 4 5 4 0 0 6 4 4 0 6 5 0 0 0 0 4 0 4 0 0 0 0 0 0 0 0 4 0 4 5 0 5 0 0 4 4 5 4 0 6 0 0 0 4 0 1 4 0 4 0 4 5
Last Time Cost: 00000001 ms
Total Time Cost: 00007625 ms
Total Distance 122: 5 4 0 5 4 5 4 0 0 6 4 4 0 6 5 0 0 0 0 4 0 4 0 0 0 0 0 0 0 0 4 0 4 5 0 5 0 0 4 4 5 4 0 6 0 0 0 4 0 0 4 0 4 0 4 5
Last Time Cost: 00000115 ms
Total Time Cost: 00007740 ms
Total Distance 120: 5 3 0 5 4 5 4 0 0 6 4 4 0 6 5 0 0 0 0 4 0 4 0 0 0 0 0 0 0 0 4 0 4 5 0 5 0 0 3 4 5 4 0 6 0 0 0 4 0 0 4 0 4 0 4 5
Last Time Cost: 00000119 ms
Total Time Cost: 00007859 ms
Total Distance 119: 5 2 0 5 4 5 4 0 0 6 4 4 0 6 5 0 0 0 0 4 0 4 0 0 0 0 0 0 0 0 4 0 4 5 0 5 0 0 3 4 5 4 0 6 0 0 0 4 0 0 4 0 4 0 4 5
Last Time Cost: 00000001 ms
Total Time Cost: 00007860 ms
Total Distance 118: 5 1 0 5 4 5 4 0 0 6 4 4 0 6 5 0 0 0 0 4 0 4 0 0 0 0 0 0 0 0 4 0 4 5 0 5 0 0 3 4 5 4 0 6 0 0 0 4 0 0 4 0 4 0 4 5
Last Time Cost: 00000001 ms
Total Time Cost: 00007861 ms
Total Distance 117: 5 0 0 5 4 5 4 0 0 6 4 4 0 6 5 0 0 0 0 4 0 4 0 0 0 0 0 0 0 0 4 0 4 5 0 5 0 0 3 4 5 4 0 6 0 0 0 4 0 0 4 0 4 0 4 5
Last Time Cost: 00000129 ms
Total Time Cost: 00007990 ms
Total Distance 116: 5 0 0 5 4 5 4 0 0 6 4 4 0 6 5 0 0 0 0 4 0 4 0 0 0 0 0 0 0 0 4 0 4 5 0 5 0 0 2 4 5 4 0 6 0 0 0 4 0 0 4 0 4 0 4 5
Last Time Cost: 00000002 ms
Total Time Cost: 00007992 ms
Total Distance 115: 5 0 0 5 4 5 4 0 0 6 4 4 0 6 5 0 0 0 0 4 0 4 0 0 0 0 0 0 0 0 4 0 4 5 0 5 0 0 1 4 5 4 0 6 0 0 0 4 0 0 4 0 4 0 4 5
Last Time Cost: 00000001 ms
Total Time Cost: 00007993 ms
Total Distance 114: 5 0 0 5 4 5 4 0 0 6 4 4 0 6 5 0 0 0 0 4 0 4 0 0 0 0 0 0 0 0 4 0 4 5 0 5 0 0 0 4 5 4 0 6 0 0 0 4 0 0 4 0 4 0 4 5
Last Time Cost: 00000137 ms
Total Time Cost: 00008130 ms
Total Distance 113: 5 0 0 5 4 5 4 0 0 6 4 4 0 6 5 0 0 0 0 4 0 4 0 0 0 0 0 0 0 0 4 0 4 5 0 5 0 0 0 4 5 4 0 6 0 0 0 4 0 0 4 0 4 0 3 5
Last Time Cost: 00000002 ms
Total Time Cost: 00008132 ms
Total Distance 112: 5 0 0 5 4 5 4 0 0 6 4 4 0 6 5 0 0 0 0 4 0 4 0 0 0 0 0 0 0 0 4 0 4 5 0 5 0 0 0 4 5 4 0 6 0 0 0 4 0 0 4 0 4 0 2 5
Last Time Cost: 00000002 ms
Total Time Cost: 00008134 ms
Total Distance 111: 5 0 0 5 4 5 4 0 0 6 4 4 0 6 5 0 0 0 0 4 0 4 0 0 0 0 0 0 0 0 4 0 4 5 0 5 0 0 0 4 5 4 0 6 0 0 0 4 0 0 4 0 4 0 1 5
Last Time Cost: 00000001 ms
Total Time Cost: 00008135 ms
Total Distance 110: 5 0 0 5 4 5 4 0 0 6 4 4 0 6 5 0 0 0 0 4 0 4 0 0 0 0 0 0 0 0 4 0 4 5 0 5 0 0 0 4 5 4 0 6 0 0 0 4 0 0 4 0 4 0 0 5
Last Time Cost: 00000147 ms
Total Time Cost: 00008282 ms
Total Distance 109: 5 0 0 5 4 5 4 0 0 6 4 4 0 6 5 0 0 0 0 4 0 3 0 0 0 0 0 0 0 0 4 0 4 5 0 5 0 0 0 4 5 4 0 6 0 0 0 4 0 0 4 0 4 0 0 5
Last Time Cost: 00000002 ms
Total Time Cost: 00008284 ms
Total Distance 108: 5 0 0 5 4 5 4 0 0 6 4 4 0 6 5 0 0 0 0 4 0 2 0 0 0 0 0 0 0 0 4 0 4 5 0 5 0 0 0 4 5 4 0 6 0 0 0 4 0 0 4 0 4 0 0 5
Last Time Cost: 00000002 ms
Total Time Cost: 00008286 ms
Total Distance 107: 5 0 0 5 4 5 4 0 0 6 4 4 0 6 5 0 0 0 0 4 0 1 0 0 0 0 0 0 0 0 4 0 4 5 0 5 0 0 0 4 5 4 0 6 0 0 0 4 0 0 4 0 4 0 0 5
Last Time Cost: 00000001 ms
Total Time Cost: 00008287 ms
Total Distance 106: 5 0 0 5 4 5 4 0 0 6 4 4 0 6 5 0 0 0 0 4 0 0 0 0 0 0 0 0 0 0 4 0 4 5 0 5 0 0 0 4 5 4 0 6 0 0 0 4 0 0 4 0 4 0 0 5
Last Time Cost: 00000160 ms
Total Time Cost: 00008447 ms
Total Distance 105: 5 0 0 5 4 5 4 0 0 6 4 3 0 6 5 0 0 0 0 4 0 0 0 0 0 0 0 0 0 0 4 0 4 5 0 5 0 0 0 4 5 4 0 6 0 0 0 4 0 0 4 0 4 0 0 5
Last Time Cost: 00000002 ms
Total Time Cost: 00008449 ms
Total Distance 104: 5 0 0 5 4 5 4 0 0 6 4 2 0 6 5 0 0 0 0 4 0 0 0 0 0 0 0 0 0 0 4 0 4 5 0 5 0 0 0 4 5 4 0 6 0 0 0 4 0 0 4 0 4 0 0 5
Last Time Cost: 00000002 ms
Total Time Cost: 00008451 ms
Total Distance 103: 5 0 0 5 4 5 4 0 0 6 4 1 0 6 5 0 0 0 0 4 0 0 0 0 0 0 0 0 0 0 4 0 4 5 0 5 0 0 0 4 5 4 0 6 0 0 0 4 0 0 4 0 4 0 0 5
Last Time Cost: 00000001 ms
Total Time Cost: 00008452 ms
Total Distance 102: 5 0 0 5 4 5 4 0 0 6 4 0 0 6 5 0 0 0 0 4 0 0 0 0 0 0 0 0 0 0 4 0 4 5 0 5 0 0 0 4 5 4 0 6 0 0 0 4 0 0 4 0 4 0 0 5
Last Time Cost: 00000180 ms
Total Time Cost: 00008632 ms
Total Distance 101: 5 0 0 5 4 5 4 0 0 6 4 0 0 6 5 0 0 0 0 4 0 0 0 0 0 0 0 0 0 0 4 0 4 5 0 5 0 0 0 4 5 3 0 6 0 0 0 4 0 0 4 0 4 0 0 5
Last Time Cost: 00000002 ms
Total Time Cost: 00008634 ms
Total Distance 100: 5 0 0 5 4 5 4 0 0 6 4 0 0 6 5 0 0 0 0 4 0 0 0 0 0 0 0 0 0 0 4 0 4 5 0 5 0 0 0 4 5 2 0 6 0 0 0 4 0 0 4 0 4 0 0 5
Last Time Cost: 00000002 ms
Total Time Cost: 00008636 ms
Total Distance 99: 5 0 0 5 4 5 4 0 0 6 4 0 0 6 5 0 0 0 0 4 0 0 0 0 0 0 0 0 0 0 4 0 4 5 0 5 0 0 0 4 5 1 0 6 0 0 0 4 0 0 4 0 4 0 0 5
Last Time Cost: 00000001 ms
Total Time Cost: 00008637 ms
Total Distance 98: 5 0 0 5 4 5 4 0 0 6 4 0 0 6 5 0 0 0 0 4 0 0 0 0 0 0 0 0 0 0 4 0 4 5 0 5 0 0 0 4 5 0 0 6 0 0 0 4 0 0 4 0 4 0 0 5
Last Time Cost: 00000192 ms
Total Time Cost: 00008829 ms
Total Distance 97: 5 0 0 5 4 5 4 0 0 6 4 0 0 6 5 0 0 0 0 4 0 0 0 0 0 0 0 0 0 0 4 0 4 5 0 5 0 0 0 4 5 0 0 6 0 0 0 4 0 0 4 0 3 0 0 5
Last Time Cost: 00000002 ms
Total Time Cost: 00008831 ms
Total Distance 96: 5 0 0 5 4 5 4 0 0 6 4 0 0 6 5 0 0 0 0 4 0 0 0 0 0 0 0 0 0 0 4 0 4 5 0 5 0 0 0 4 5 0 0 6 0 0 0 4 0 0 4 0 2 0 0 5
Last Time Cost: 00000002 ms
Total Time Cost: 00008833 ms
Total Distance 95: 5 0 0 5 4 5 4 0 0 6 4 0 0 6 5 0 0 0 0 4 0 0 0 0 0 0 0 0 0 0 4 0 4 5 0 5 0 0 0 4 5 0 0 6 0 0 0 4 0 0 4 0 1 0 0 5
Last Time Cost: 00000001 ms
Total Time Cost: 00008834 ms
Total Distance 94: 5 0 0 5 4 5 4 0 0 6 4 0 0 6 5 0 0 0 0 4 0 0 0 0 0 0 0 0 0 0 4 0 4 5 0 5 0 0 0 4 5 0 0 6 0 0 0 4 0 0 4 0 0 0 0 5
Last Time Cost: 00000209 ms
Total Time Cost: 00009043 ms
Total Distance 93: 5 0 0 5 4 5 4 0 0 6 4 0 0 6 5 0 0 0 0 4 0 0 0 0 0 0 0 0 0 0 3 0 4 5 0 5 0 0 0 4 5 0 0 6 0 0 0 4 0 0 4 0 0 0 0 5
Last Time Cost: 00000002 ms
Total Time Cost: 00009045 ms
Total Distance 92: 5 0 0 5 4 5 4 0 0 6 4 0 0 6 5 0 0 0 0 4 0 0 0 0 0 0 0 0 0 0 2 0 4 5 0 5 0 0 0 4 5 0 0 6 0 0 0 4 0 0 4 0 0 0 0 5
Last Time Cost: 00000002 ms
Total Time Cost: 00009047 ms
Total Distance 91: 5 0 0 5 4 5 4 0 0 6 4 0 0 6 5 0 0 0 0 4 0 0 0 0 0 0 0 0 0 0 1 0 4 5 0 5 0 0 0 4 5 0 0 6 0 0 0 4 0 0 4 0 0 0 0 5
Last Time Cost: 00000001 ms
Total Time Cost: 00009048 ms
Total Distance 90: 5 0 0 5 4 5 4 0 0 6 4 0 0 6 5 0 0 0 0 4 0 0 0 0 0 0 0 0 0 0 0 0 4 5 0 5 0 0 0 4 5 0 0 6 0 0 0 4 0 0 4 0 0 0 0 5
Last Time Cost: 00000220 ms
Total Time Cost: 00009268 ms
Total Distance 88: 5 0 0 5 4 5 4 0 0 6 4 0 0 5 5 0 0 0 0 3 0 0 0 0 0 0 0 0 0 0 0 0 4 5 0 5 0 0 0 4 5 0 0 6 0 0 0 4 0 0 4 0 0 0 0 5
Last Time Cost: 00000209 ms
Total Time Cost: 00009477 ms
Total Distance 87: 5 0 0 5 4 5 4 0 0 6 4 0 0 5 5 0 0 0 0 2 0 0 0 0 0 0 0 0 0 0 0 0 4 5 0 5 0 0 0 4 5 0 0 6 0 0 0 4 0 0 4 0 0 0 0 5
Last Time Cost: 00000002 ms
Total Time Cost: 00009479 ms
Total Distance 86: 5 0 0 5 4 5 4 0 0 6 4 0 0 5 5 0 0 0 0 1 0 0 0 0 0 0 0 0 0 0 0 0 4 5 0 5 0 0 0 4 5 0 0 6 0 0 0 4 0 0 4 0 0 0 0 5
Last Time Cost: 00000002 ms
Total Time Cost: 00009481 ms
Total Distance 85: 5 0 0 5 4 5 4 0 0 6 4 0 0 5 5 0 0 0 0 0 0 0 0 0 0 0 0 0 0 0 0 0 4 5 0 5 0 0 0 4 5 0 0 6 0 0 0 4 0 0 4 0 0 0 0 5
Last Time Cost: 00000231 ms
Total Time Cost: 00009712 ms
Total Distance 84: 5 0 0 5 4 5 4 0 0 6 4 0 0 5 5 0 0 0 0 0 0 0 0 0 0 0 0 0 0 0 0 0 4 5 0 5 0 0 0 4 5 0 0 6 0 0 0 3 0 0 4 0 0 0 0 5
Last Time Cost: 00000002 ms
Total Time Cost: 00009714 ms
Total Distance 83: 5 0 0 5 4 5 4 0 0 6 4 0 0 5 5 0 0 0 0 0 0 0 0 0 0 0 0 0 0 0 0 0 4 5 0 5 0 0 0 4 5 0 0 6 0 0 0 2 0 0 4 0 0 0 0 5
Last Time Cost: 00000002 ms
Total Time Cost: 00009716 ms
Total Distance 82: 5 0 0 5 4 5 4 0 0 6 4 0 0 5 5 0 0 0 0 0 0 0 0 0 0 0 0 0 0 0 0 0 4 5 0 5 0 0 0 4 5 0 0 6 0 0 0 1 0 0 4 0 0 0 0 5
Last Time Cost: 00000002 ms
Total Time Cost: 00009718 ms
Total Distance 81: 5 0 0 5 4 5 4 0 0 6 4 0 0 5 5 0 0 0 0 0 0 0 0 0 0 0 0 0 0 0 0 0 4 5 0 5 0 0 0 4 5 0 0 6 0 0 0 0 0 0 4 0 0 0 0 5
Last Time Cost: 00000237 ms
Total Time Cost: 00009955 ms
Total Distance 80: 5 0 0 5 4 5 4 0 0 6 4 0 0 5 5 0 0 0 0 0 0 0 0 0 0 0 0 0 0 0 0 0 3 5 0 5 0 0 0 4 5 0 0 6 0 0 0 0 0 0 4 0 0 0 0 5
Last Time Cost: 00000002 ms
Total Time Cost: 00009957 ms
Total Distance 79: 5 0 0 5 4 5 4 0 0 6 4 0 0 5 5 0 0 0 0 0 0 0 0 0 0 0 0 0 0 0 0 0 2 5 0 5 0 0 0 4 5 0 0 6 0 0 0 0 0 0 4 0 0 0 0 5
Last Time Cost: 00000002 ms
Total Time Cost: 00009959 ms
Total Distance 78: 5 0 0 5 4 5 4 0 0 6 4 0 0 5 5 0 0 0 0 0 0 0 0 0 0 0 0 0 0 0 0 0 1 5 0 5 0 0 0 4 5 0 0 6 0 0 0 0 0 0 4 0 0 0 0 5
Last Time Cost: 00000002 ms
Total Time Cost: 00009961 ms
Total Distance 77: 5 0 0 5 4 5 4 0 0 6 4 0 0 5 5 0 0 0 0 0 0 0 0 0 0 0 0 0 0 0 0 0 0 5 0 5 0 0 0 4 5 0 0 6 0 0 0 0 0 0 4 0 0 0 0 5
Last Time Cost: 00000254 ms
Total Time Cost: 00010215 ms
Total Distance 76: 5 0 0 5 4 5 3 0 0 6 4 0 0 5 5 0 0 0 0 0 0 0 0 0 0 0 0 0 0 0 0 0 0 5 0 5 0 0 0 4 5 0 0 6 0 0 0 0 0 0 4 0 0 0 0 5
Last Time Cost: 00000002 ms
Total Time Cost: 00010217 ms
Total Distance 75: 5 0 0 5 4 5 2 0 0 6 4 0 0 5 5 0 0 0 0 0 0 0 0 0 0 0 0 0 0 0 0 0 0 5 0 5 0 0 0 4 5 0 0 6 0 0 0 0 0 0 4 0 0 0 0 5
Last Time Cost: 00000002 ms
Total Time Cost: 00010219 ms
Total Distance 74: 5 0 0 5 4 5 1 0 0 6 4 0 0 5 5 0 0 0 0 0 0 0 0 0 0 0 0 0 0 0 0 0 0 5 0 5 0 0 0 4 5 0 0 6 0 0 0 0 0 0 4 0 0 0 0 5
Last Time Cost: 00000002 ms
Total Time Cost: 00010221 ms
Total Distance 73: 5 0 0 5 4 5 0 0 0 6 4 0 0 5 5 0 0 0 0 0 0 0 0 0 0 0 0 0 0 0 0 0 0 5 0 5 0 0 0 4 5 0 0 6 0 0 0 0 0 0 4 0 0 0 0 5
Last Time Cost: 00000278 ms
Total Time Cost: 00010499 ms
Total Distance 72: 5 0 0 5 3 5 0 0 0 6 4 0 0 5 5 0 0 0 0 0 0 0 0 0 0 0 0 0 0 0 0 0 0 5 0 5 0 0 0 4 5 0 0 6 0 0 0 0 0 0 4 0 0 0 0 5
Last Time Cost: 00000002 ms
Total Time Cost: 00010501 ms
Total Distance 71: 5 0 0 5 2 5 0 0 0 6 4 0 0 5 5 0 0 0 0 0 0 0 0 0 0 0 0 0 0 0 0 0 0 5 0 5 0 0 0 4 5 0 0 6 0 0 0 0 0 0 4 0 0 0 0 5
Last Time Cost: 00000002 ms
Total Time Cost: 00010503 ms
Total Distance 70: 5 0 0 5 1 5 0 0 0 6 4 0 0 5 5 0 0 0 0 0 0 0 0 0 0 0 0 0 0 0 0 0 0 5 0 5 0 0 0 4 5 0 0 6 0 0 0 0 0 0 4 0 0 0 0 5
Last Time Cost: 00000002 ms
Total Time Cost: 00010505 ms
Total Distance 69: 5 0 0 5 0 5 0 0 0 6 4 0 0 5 5 0 0 0 0 0 0 0 0 0 0 0 0 0 0 0 0 0 0 5 0 5 0 0 0 4 5 0 0 6 0 0 0 0 0 0 4 0 0 0 0 5
Last Time Cost: 00000303 ms
Total Time Cost: 00010808 ms
Total Distance 68: 5 0 0 5 0 5 0 0 0 6 4 0 0 5 5 0 0 0 0 0 0 0 0 0 0 0 0 0 0 0 0 0 0 5 0 5 0 0 0 4 5 0 0 6 0 0 0 0 0 0 3 0 0 0 0 5
Last Time Cost: 00000002 ms
Total Time Cost: 00010810 ms
Total Distance 67: 5 0 0 5 0 5 0 0 0 6 4 0 0 5 5 0 0 0 0 0 0 0 0 0 0 0 0 0 0 0 0 0 0 5 0 5 0 0 0 4 5 0 0 6 0 0 0 0 0 0 2 0 0 0 0 5
Last Time Cost: 00000002 ms
Total Time Cost: 00010812 ms
Total Distance 66: 5 0 0 5 0 5 0 0 0 6 4 0 0 5 5 0 0 0 0 0 0 0 0 0 0 0 0 0 0 0 0 0 0 5 0 5 0 0 0 4 5 0 0 6 0 0 0 0 0 0 1 0 0 0 0 5
Last Time Cost: 00000002 ms
Total Time Cost: 00010814 ms
Total Distance 65: 5 0 0 5 0 5 0 0 0 6 4 0 0 5 5 0 0 0 0 0 0 0 0 0 0 0 0 0 0 0 0 0 0 5 0 5 0 0 0 4 5 0 0 6 0 0 0 0 0 0 0 0 0 0 0 5
Last Time Cost: 00000314 ms
Total Time Cost: 00011128 ms
Total Distance 64: 5 0 0 5 0 5 0 0 0 6 4 0 0 5 5 0 0 0 0 0 0 0 0 0 0 0 0 0 0 0 0 0 0 5 0 5 0 0 0 3 5 0 0 6 0 0 0 0 0 0 0 0 0 0 0 5
Last Time Cost: 00000002 ms
Total Time Cost: 00011130 ms
Total Distance 63: 5 0 0 5 0 5 0 0 0 6 4 0 0 5 5 0 0 0 0 0 0 0 0 0 0 0 0 0 0 0 0 0 0 5 0 5 0 0 0 2 5 0 0 6 0 0 0 0 0 0 0 0 0 0 0 5
Last Time Cost: 00000002 ms
Total Time Cost: 00011132 ms
Total Distance 62: 5 0 0 5 0 5 0 0 0 6 4 0 0 5 5 0 0 0 0 0 0 0 0 0 0 0 0 0 0 0 0 0 0 5 0 5 0 0 0 1 5 0 0 6 0 0 0 0 0 0 0 0 0 0 0 5
Last Time Cost: 00000002 ms
Total Time Cost: 00011134 ms
Total Distance 61: 5 0 0 5 0 5 0 0 0 6 4 0 0 5 5 0 0 0 0 0 0 0 0 0 0 0 0 0 0 0 0 0 0 5 0 5 0 0 0 0 5 0 0 6 0 0 0 0 0 0 0 0 0 0 0 5
Last Time Cost: 00000333 ms
Total Time Cost: 00011467 ms
Total Distance 59: 5 0 0 5 0 4 0 0 0 6 4 0 0 5 5 0 0 0 0 0 0 0 0 0 0 0 0 0 0 0 0 0 0 4 0 5 0 0 0 0 5 0 0 6 0 0 0 0 0 0 0 0 0 0 0 5
Last Time Cost: 00000294 ms
Total Time Cost: 00011761 ms
Total Distance 58: 5 0 0 5 0 4 0 0 0 6 3 0 0 5 5 0 0 0 0 0 0 0 0 0 0 0 0 0 0 0 0 0 0 4 0 5 0 0 0 0 5 0 0 6 0 0 0 0 0 0 0 0 0 0 0 5
Last Time Cost: 00000002 ms
Total Time Cost: 00011763 ms
Total Distance 57: 5 0 0 5 0 4 0 0 0 6 2 0 0 5 5 0 0 0 0 0 0 0 0 0 0 0 0 0 0 0 0 0 0 4 0 5 0 0 0 0 5 0 0 6 0 0 0 0 0 0 0 0 0 0 0 5
Last Time Cost: 00000002 ms
Total Time Cost: 00011765 ms
Total Distance 56: 5 0 0 5 0 4 0 0 0 6 1 0 0 5 5 0 0 0 0 0 0 0 0 0 0 0 0 0 0 0 0 0 0 4 0 5 0 0 0 0 5 0 0 6 0 0 0 0 0 0 0 0 0 0 0 5
Last Time Cost: 00000002 ms
Total Time Cost: 00011767 ms
Total Distance 55: 5 0 0 5 0 4 0 0 0 6 0 0 0 5 5 0 0 0 0 0 0 0 0 0 0 0 0 0 0 0 0 0 0 4 0 5 0 0 0 0 5 0 0 6 0 0 0 0 0 0 0 0 0 0 0 5
Last Time Cost: 00000316 ms
Total Time Cost: 00012083 ms
Total Distance 54: 5 0 0 5 0 3 0 0 0 6 0 0 0 5 5 0 0 0 0 0 0 0 0 0 0 0 0 0 0 0 0 0 0 4 0 5 0 0 0 0 5 0 0 6 0 0 0 0 0 0 0 0 0 0 0 5
Last Time Cost: 00000002 ms
Total Time Cost: 00012085 ms
Total Distance 53: 5 0 0 5 0 2 0 0 0 6 0 0 0 5 5 0 0 0 0 0 0 0 0 0 0 0 0 0 0 0 0 0 0 4 0 5 0 0 0 0 5 0 0 6 0 0 0 0 0 0 0 0 0 0 0 5
Last Time Cost: 00000002 ms
Total Time Cost: 00012087 ms
Total Distance 52: 5 0 0 5 0 1 0 0 0 6 0 0 0 5 5 0 0 0 0 0 0 0 0 0 0 0 0 0 0 0 0 0 0 4 0 5 0 0 0 0 5 0 0 6 0 0 0 0 0 0 0 0 0 0 0 5
Last Time Cost: 00000002 ms
Total Time Cost: 00012089 ms
Total Distance 51: 5 0 0 5 0 0 0 0 0 6 0 0 0 5 5 0 0 0 0 0 0 0 0 0 0 0 0 0 0 0 0 0 0 4 0 5 0 0 0 0 5 0 0 6 0 0 0 0 0 0 0 0 0 0 0 5
Last Time Cost: 00000339 ms
Total Time Cost: 00012428 ms
Total Distance 50: 5 0 0 5 0 0 0 0 0 6 0 0 0 5 5 0 0 0 0 0 0 0 0 0 0 0 0 0 0 0 0 0 0 3 0 5 0 0 0 0 5 0 0 6 0 0 0 0 0 0 0 0 0 0 0 5
Last Time Cost: 00000002 ms
Total Time Cost: 00012430 ms
Total Distance 49: 5 0 0 5 0 0 0 0 0 6 0 0 0 5 5 0 0 0 0 0 0 0 0 0 0 0 0 0 0 0 0 0 0 2 0 5 0 0 0 0 5 0 0 6 0 0 0 0 0 0 0 0 0 0 0 5
Last Time Cost: 00000002 ms
Total Time Cost: 00012432 ms
Total Distance 48: 5 0 0 5 0 0 0 0 0 6 0 0 0 5 5 0 0 0 0 0 0 0 0 0 0 0 0 0 0 0 0 0 0 1 0 5 0 0 0 0 5 0 0 6 0 0 0 0 0 0 0 0 0 0 0 5
Last Time Cost: 00000002 ms
Total Time Cost: 00012434 ms
Total Distance 47: 5 0 0 5 0 0 0 0 0 6 0 0 0 5 5 0 0 0 0 0 0 0 0 0 0 0 0 0 0 0 0 0 0 0 0 5 0 0 0 0 5 0 0 6 0 0 0 0 0 0 0 0 0 0 0 5
Last Time Cost: 00000374 ms
Total Time Cost: 00012808 ms
Total Distance 46: 5 0 0 5 0 0 0 0 0 6 0 0 0 5 5 0 0 0 0 0 0 0 0 0 0 0 0 0 0 0 0 0 0 0 0 4 0 0 0 0 5 0 0 6 0 0 0 0 0 0 0 0 0 0 0 5
Last Time Cost: 00000003 ms
Total Time Cost: 00012811 ms
Total Distance 45: 5 0 0 5 0 0 0 0 0 6 0 0 0 5 5 0 0 0 0 0 0 0 0 0 0 0 0 0 0 0 0 0 0 0 0 3 0 0 0 0 5 0 0 6 0 0 0 0 0 0 0 0 0 0 0 5
Last Time Cost: 00000003 ms
Total Time Cost: 00012814 ms
Total Distance 44: 5 0 0 5 0 0 0 0 0 6 0 0 0 5 5 0 0 0 0 0 0 0 0 0 0 0 0 0 0 0 0 0 0 0 0 2 0 0 0 0 5 0 0 6 0 0 0 0 0 0 0 0 0 0 0 5
Last Time Cost: 00000002 ms
Total Time Cost: 00012816 ms
Total Distance 43: 5 0 0 5 0 0 0 0 0 6 0 0 0 5 5 0 0 0 0 0 0 0 0 0 0 0 0 0 0 0 0 0 0 0 0 1 0 0 0 0 5 0 0 6 0 0 0 0 0 0 0 0 0 0 0 5
Last Time Cost: 00000002 ms
Total Time Cost: 00012818 ms
Total Distance 42: 5 0 0 5 0 0 0 0 0 6 0 0 0 5 5 0 0 0 0 0 0 0 0 0 0 0 0 0 0 0 0 0 0 0 0 0 0 0 0 0 5 0 0 6 0 0 0 0 0 0 0 0 0 0 0 5
Last Time Cost: 00000367 ms
Total Time Cost: 00013185 ms
Total Distance 40: 5 0 0 4 0 0 0 0 0 6 0 0 0 5 5 0 0 0 0 0 0 0 0 0 0 0 0 0 0 0 0 0 0 0 0 0 0 0 0 0 5 0 0 6 0 0 0 0 0 0 0 0 0 0 0 4
Last Time Cost: 00000308 ms
Total Time Cost: 00013493 ms
Total Distance 39: 5 0 0 4 0 0 0 0 0 6 0 0 0 5 5 0 0 0 0 0 0 0 0 0 0 0 0 0 0 0 0 0 0 0 0 0 0 0 0 0 5 0 0 6 0 0 0 0 0 0 0 0 0 0 0 3
Last Time Cost: 00000003 ms
Total Time Cost: 00013496 ms
Total Distance 38: 5 0 0 4 0 0 0 0 0 6 0 0 0 5 5 0 0 0 0 0 0 0 0 0 0 0 0 0 0 0 0 0 0 0 0 0 0 0 0 0 5 0 0 6 0 0 0 0 0 0 0 0 0 0 0 2
Last Time Cost: 00000002 ms
Total Time Cost: 00013498 ms
Total Distance 37: 5 0 0 4 0 0 0 0 0 6 0 0 0 5 5 0 0 0 0 0 0 0 0 0 0 0 0 0 0 0 0 0 0 0 0 0 0 0 0 0 5 0 0 6 0 0 0 0 0 0 0 0 0 0 0 1
Last Time Cost: 00000002 ms
Total Time Cost: 00013500 ms
Total Distance 36: 5 0 0 4 0 0 0 0 0 6 0 0 0 5 5 0 0 0 0 0 0 0 0 0 0 0 0 0 0 0 0 0 0 0 0 0 0 0 0 0 5 0 0 6 0 0 0 0 0 0 0 0 0 0 0 0
Last Time Cost: 00000327 ms
Total Time Cost: 00013827 ms
Total Distance 35: 5 0 0 3 0 0 0 0 0 6 0 0 0 5 5 0 0 0 0 0 0 0 0 0 0 0 0 0 0 0 0 0 0 0 0 0 0 0 0 0 5 0 0 6 0 0 0 0 0 0 0 0 0 0 0 0
Last Time Cost: 00000003 ms
Total Time Cost: 00013830 ms
Total Distance 34: 5 0 0 2 0 0 0 0 0 6 0 0 0 5 5 0 0 0 0 0 0 0 0 0 0 0 0 0 0 0 0 0 0 0 0 0 0 0 0 0 5 0 0 6 0 0 0 0 0 0 0 0 0 0 0 0
Last Time Cost: 00000003 ms
Total Time Cost: 00013833 ms
Total Distance 33: 5 0 0 1 0 0 0 0 0 6 0 0 0 5 5 0 0 0 0 0 0 0 0 0 0 0 0 0 0 0 0 0 0 0 0 0 0 0 0 0 5 0 0 6 0 0 0 0 0 0 0 0 0 0 0 0
Last Time Cost: 00000002 ms
Total Time Cost: 00013835 ms
Total Distance 32: 5 0 0 0 0 0 0 0 0 6 0 0 0 5 5 0 0 0 0 0 0 0 0 0 0 0 0 0 0 0 0 0 0 0 0 0 0 0 0 0 5 0 0 6 0 0 0 0 0 0 0 0 0 0 0 0
Last Time Cost: 00000350 ms
Total Time Cost: 00014185 ms
Total Distance 31: 5 0 0 0 0 0 0 0 0 6 0 0 0 5 4 0 0 0 0 0 0 0 0 0 0 0 0 0 0 0 0 0 0 0 0 0 0 0 0 0 5 0 0 6 0 0 0 0 0 0 0 0 0 0 0 0
Last Time Cost: 00000003 ms
Total Time Cost: 00014188 ms
Total Distance 30: 5 0 0 0 0 0 0 0 0 6 0 0 0 5 3 0 0 0 0 0 0 0 0 0 0 0 0 0 0 0 0 0 0 0 0 0 0 0 0 0 5 0 0 6 0 0 0 0 0 0 0 0 0 0 0 0
Last Time Cost: 00000003 ms
Total Time Cost: 00014191 ms
Total Distance 29: 5 0 0 0 0 0 0 0 0 6 0 0 0 5 2 0 0 0 0 0 0 0 0 0 0 0 0 0 0 0 0 0 0 0 0 0 0 0 0 0 5 0 0 6 0 0 0 0 0 0 0 0 0 0 0 0
Last Time Cost: 00000003 ms
Total Time Cost: 00014194 ms
Total Distance 28: 5 0 0 0 0 0 0 0 0 6 0 0 0 5 1 0 0 0 0 0 0 0 0 0 0 0 0 0 0 0 0 0 0 0 0 0 0 0 0 0 5 0 0 6 0 0 0 0 0 0 0 0 0 0 0 0
Last Time Cost: 00000002 ms
Total Time Cost: 00014196 ms
Total Distance 27: 5 0 0 0 0 0 0 0 0 6 0 0 0 5 0 0 0 0 0 0 0 0 0 0 0 0 0 0 0 0 0 0 0 0 0 0 0 0 0 0 5 0 0 6 0 0 0 0 0 0 0 0 0 0 0 0
Last Time Cost: 00000328 ms
Total Time Cost: 00014524 ms
Total Distance 26: 4 0 0 0 0 0 0 0 0 6 0 0 0 5 0 0 0 0 0 0 0 0 0 0 0 0 0 0 0 0 0 0 0 0 0 0 0 0 0 0 5 0 0 6 0 0 0 0 0 0 0 0 0 0 0 0
Last Time Cost: 00000003 ms
Total Time Cost: 00014527 ms
Total Distance 25: 3 0 0 0 0 0 0 0 0 6 0 0 0 5 0 0 0 0 0 0 0 0 0 0 0 0 0 0 0 0 0 0 0 0 0 0 0 0 0 0 5 0 0 6 0 0 0 0 0 0 0 0 0 0 0 0
Last Time Cost: 00000003 ms
Total Time Cost: 00014530 ms
Total Distance 24: 2 0 0 0 0 0 0 0 0 6 0 0 0 5 0 0 0 0 0 0 0 0 0 0 0 0 0 0 0 0 0 0 0 0 0 0 0 0 0 0 5 0 0 6 0 0 0 0 0 0 0 0 0 0 0 0
Last Time Cost: 00000003 ms
Total Time Cost: 00014533 ms
Total Distance 23: 1 0 0 0 0 0 0 0 0 6 0 0 0 5 0 0 0 0 0 0 0 0 0 0 0 0 0 0 0 0 0 0 0 0 0 0 0 0 0 0 5 0 0 6 0 0 0 0 0 0 0 0 0 0 0 0
Last Time Cost: 00000003 ms
Total Time Cost: 00014536 ms
Total Distance 22: 0 0 0 0 0 0 0 0 0 6 0 0 0 5 0 0 0 0 0 0 0 0 0 0 0 0 0 0 0 0 0 0 0 0 0 0 0 0 0 0 5 0 0 6 0 0 0 0 0 0 0 0 0 0 0 0
Last Time Cost: 00000319 ms
Total Time Cost: 00014855 ms
Total Distance 21: 0 0 0 0 0 0 0 0 0 6 0 0 0 5 0 0 0 0 0 0 0 0 0 0 0 0 0 0 0 0 0 0 0 0 0 0 0 0 0 0 4 0 0 6 0 0 0 0 0 0 0 0 0 0 0 0
Last Time Cost: 00000003 ms
Total Time Cost: 00014858 ms
Total Distance 20: 0 0 0 0 0 0 0 0 0 6 0 0 0 5 0 0 0 0 0 0 0 0 0 0 0 0 0 0 0 0 0 0 0 0 0 0 0 0 0 0 3 0 0 6 0 0 0 0 0 0 0 0 0 0 0 0
Last Time Cost: 00000003 ms
Total Time Cost: 00014861 ms
Total Distance 19: 0 0 0 0 0 0 0 0 0 6 0 0 0 5 0 0 0 0 0 0 0 0 0 0 0 0 0 0 0 0 0 0 0 0 0 0 0 0 0 0 2 0 0 6 0 0 0 0 0 0 0 0 0 0 0 0
Last Time Cost: 00000003 ms
Total Time Cost: 00014864 ms
Total Distance 18: 0 0 0 0 0 0 0 0 0 6 0 0 0 5 0 0 0 0 0 0 0 0 0 0 0 0 0 0 0 0 0 0 0 0 0 0 0 0 0 0 1 0 0 6 0 0 0 0 0 0 0 0 0 0 0 0
Last Time Cost: 00000003 ms
Total Time Cost: 00014867 ms
Total Distance 17: 0 0 0 0 0 0 0 0 0 6 0 0 0 5 0 0 0 0 0 0 0 0 0 0 0 0 0 0 0 0 0 0 0 0 0 0 0 0 0 0 0 0 0 6 0 0 0 0 0 0 0 0 0 0 0 0
Last Time Cost: 00000292 ms
Total Time Cost: 00015159 ms
Total Distance 16: 0 0 0 0 0 0 0 0 0 6 0 0 0 4 0 0 0 0 0 0 0 0 0 0 0 0 0 0 0 0 0 0 0 0 0 0 0 0 0 0 0 0 0 6 0 0 0 0 0 0 0 0 0 0 0 0
Last Time Cost: 00000003 ms
Total Time Cost: 00015162 ms
Total Distance 15: 0 0 0 0 0 0 0 0 0 6 0 0 0 3 0 0 0 0 0 0 0 0 0 0 0 0 0 0 0 0 0 0 0 0 0 0 0 0 0 0 0 0 0 6 0 0 0 0 0 0 0 0 0 0 0 0
Last Time Cost: 00000003 ms
Total Time Cost: 00015165 ms
Total Distance 14: 0 0 0 0 0 0 0 0 0 6 0 0 0 2 0 0 0 0 0 0 0 0 0 0 0 0 0 0 0 0 0 0 0 0 0 0 0 0 0 0 0 0 0 6 0 0 0 0 0 0 0 0 0 0 0 0
Last Time Cost: 00000003 ms
Total Time Cost: 00015168 ms
Total Distance 13: 0 0 0 0 0 0 0 0 0 6 0 0 0 1 0 0 0 0 0 0 0 0 0 0 0 0 0 0 0 0 0 0 0 0 0 0 0 0 0 0 0 0 0 6 0 0 0 0 0 0 0 0 0 0 0 0
Last Time Cost: 00000003 ms
Total Time Cost: 00015171 ms
Total Distance 12: 0 0 0 0 0 0 0 0 0 6 0 0 0 0 0 0 0 0 0 0 0 0 0 0 0 0 0 0 0 0 0 0 0 0 0 0 0 0 0 0 0 0 0 6 0 0 0 0 0 0 0 0 0 0 0 0
Last Time Cost: 00000263 ms
Total Time Cost: 00015434 ms
Total Distance 11: 0 0 0 0 0 0 0 0 0 6 0 0 0 0 0 0 0 0 0 0 0 0 0 0 0 0 0 0 0 0 0 0 0 0 0 0 0 0 0 0 0 0 0 5 0 0 0 0 0 0 0 0 0 0 0 0
Last Time Cost: 00000049 ms
Total Time Cost: 00015483 ms
Total Distance 10: 0 0 0 0 0 0 0 0 0 6 0 0 0 0 0 0 0 0 0 0 0 0 0 0 0 0 0 0 0 0 0 0 0 0 0 0 0 0 0 0 0 0 0 4 0 0 0 0 0 0 0 0 0 0 0 0
Last Time Cost: 00000003 ms
Total Time Cost: 00015486 ms
Total Distance 9: 0 0 0 0 0 0 0 0 0 6 0 0 0 0 0 0 0 0 0 0 0 0 0 0 0 0 0 0 0 0 0 0 0 0 0 0 0 0 0 0 0 0 0 3 0 0 0 0 0 0 0 0 0 0 0 0
Last Time Cost: 00000003 ms
Total Time Cost: 00015489 ms
Total Distance 8: 0 0 0 0 0 0 0 0 0 6 0 0 0 0 0 0 0 0 0 0 0 0 0 0 0 0 0 0 0 0 0 0 0 0 0 0 0 0 0 0 0 0 0 2 0 0 0 0 0 0 0 0 0 0 0 0
Last Time Cost: 00000003 ms
Total Time Cost: 00015492 ms
Total Distance 7: 0 0 0 0 0 0 0 0 0 6 0 0 0 0 0 0 0 0 0 0 0 0 0 0 0 0 0 0 0 0 0 0 0 0 0 0 0 0 0 0 0 0 0 1 0 0 0 0 0 0 0 0 0 0 0 0
Last Time Cost: 00000003 ms
Total Time Cost: 00015495 ms
Total Distance 6: 0 0 0 0 0 0 0 0 0 6 0 0 0 0 0 0 0 0 0 0 0 0 0 0 0 0 0 0 0 0 0 0 0 0 0 0 0 0 0 0 0 0 0 0 0 0 0 0 0 0 0 0 0 0 0 0
Last Time Cost: 00000184 ms
Total Time Cost: 00015679 ms
Total Distance 5: 0 0 0 0 0 0 0 0 0 5 0 0 0 0 0 0 0 0 0 0 0 0 0 0 0 0 0 0 0 0 0 0 0 0 0 0 0 0 0 0 0 0 0 0 0 0 0 0 0 0 0 0 0 0 0 0
Last Time Cost: 00000049 ms
Total Time Cost: 00015728 ms
Total Distance 4: 0 0 0 0 0 0 0 0 0 4 0 0 0 0 0 0 0 0 0 0 0 0 0 0 0 0 0 0 0 0 0 0 0 0 0 0 0 0 0 0 0 0 0 0 0 0 0 0 0 0 0 0 0 0 0 0
Last Time Cost: 00000001 ms
Total Time Cost: 00015729 ms
Total Distance 3: 0 0 0 0 0 0 0 0 0 3 0 0 0 0 0 0 0 0 0 0 0 0 0 0 0 0 0 0 0 0 0 0 0 0 0 0 0 0 0 0 0 0 0 0 0 0 0 0 0 0 0 0 0 0 0 0
Last Time Cost: 00000000 ms
Total Time Cost: 00015729 ms
Total Distance 2: 0 0 0 0 0 0 0 0 0 2 0 0 0 0 0 0 0 0 0 0 0 0 0 0 0 0 0 0 0 0 0 0 0 0 0 0 0 0 0 0 0 0 0 0 0 0 0 0 0 0 0 0 0 0 0 0
Last Time Cost: 00000000 ms
Total Time Cost: 00015729 ms
Total Distance 1: 0 0 0 0 0 0 0 0 0 1 0 0 0 0 0 0 0 0 0 0 0 0 0 0 0 0 0 0 0 0 0 0 0 0 0 0 0 0 0 0 0 0 0 0 0 0 0 0 0 0 0 0 0 0 0 0
Last Time Cost: 00000000 ms
Total Time Cost: 00015729 ms
Total Distance 0: 0 0 0 0 0 0 0 0 0 0 0 0 0 0 0 0 0 0 0 0 0 0 0 0 0 0 0 0 0 0 0 0 0 0 0 0 0 0 0 0 0 0 0 0 0 0 0 0 0 0 0 0 0 0 0 0
