Last Time Cost: 00000000 ms
Total Time Cost: 00000000 ms
Total Distance 468: 14 14 14 14 14 14 14 14 14 12 12 12 12 12 12 12 12 12 13 13 13 13 13 13 13 13 13 13 13 13 13 13 13 13 13 13
Last Time Cost: 00000942 ms
Total Time Cost: 00000942 ms
Total Distance 455: 14 13 14 14 14 13 14 14 14 12 11 12 12 12 12 11 11 12 13 12 12 12 12 13 13 12 12 13 13 12 13 13 13 13 13 12
Last Time Cost: 00000973 ms
Total Time Cost: 00001915 ms
Total Distance 443: 14 12 13 14 13 12 14 13 13 12 11 11 12 12 12 11 10 11 13 12 12 12 12 12 13 12 12 13 12 12 13 12 13 13 13 12
Last Time Cost: 00000978 ms
Total Time Cost: 00002893 ms
Total Distance 432: 14 12 12 14 13 11 14 13 12 12 11 11 11 12 11 11 9 11 13 12 11 11 11 12 13 12 11 13 12 12 13 12 13 12 13 12
Last Time Cost: 00001012 ms
Total Time Cost: 00003905 ms
Total Distance 422: 14 12 12 14 12 11 13 13 12 11 11 11 10 12 11 11 9 11 13 12 11 11 11 11 13 12 10 13 12 11 12 11 13 12 13 11
Last Time Cost: 00001089 ms
Total Time Cost: 00004994 ms
Total Distance 412: 13 11 12 13 12 11 12 13 11 11 11 11 10 12 11 10 9 11 13 11 11 11 11 11 13 12 9 13 11 11 12 10 13 12 13 11
Last Time Cost: 00001213 ms
Total Time Cost: 00006207 ms
Total Distance 403: 13 11 12 13 12 11 12 12 11 11 11 11 9 11 11 10 9 10 13 11 11 11 11 11 12 11 9 12 11 11 12 10 12 12 12 11
Last Time Cost: 00000908 ms
Total Time Cost: 00007115 ms
Total Distance 395: 13 11 11 13 12 10 12 12 11 10 11 10 9 11 11 10 9 9 12 10 11 11 11 11 12 11 9 12 10 11 12 10 12 12 12 11
Last Time Cost: 00000876 ms
Total Time Cost: 00007991 ms
Total Distance 388: 13 11 10 13 12 10 11 12 11 10 11 10 9 11 11 10 8 9 12 9 11 11 11 11 11 11 9 12 9 11 12 9 12 12 12 11
Last Time Cost: 00001027 ms
Total Time Cost: 00009018 ms
Total Distance 381: 13 11 10 13 12 10 11 12 11 9 11 10 9 10 11 9 8 9 11 9 11 11 11 11 11 11 8 12 9 11 12 9 12 11 11 11
Last Time Cost: 00001174 ms
Total Time Cost: 00010192 ms
Total Distance 374: 13 11 10 13 11 9 11 12 11 9 11 9 9 10 11 9 8 9 11 9 11 11 11 11 11 11 8 11 9 11 12 9 12 10 10 10
Last Time Cost: 00001332 ms
Total Time Cost: 00011524 ms
Total Distance 367: 12 11 10 12 11 9 11 12 11 8 11 9 9 10 11 9 7 9 11 9 11 11 11 11 11 11 8 11 9 10 12 9 11 9 10 10
Last Time Cost: 00000930 ms
Total Time Cost: 00012454 ms
Total Distance 360: 12 11 10 12 11 9 11 11 11 8 11 9 9 10 11 9 7 9 11 9 10 10 11 11 10 11 8 11 8 9 11 9 11 9 10 10
Last Time Cost: 00000908 ms
Total Time Cost: 00013362 ms
Total Distance 354: 12 11 10 12 11 8 11 11 11 8 11 9 9 10 11 9 6 9 11 9 9 9 10 11 10 11 7 11 8 9 11 9 11 9 10 10
Last Time Cost: 00000986 ms
Total Time Cost: 00014348 ms
Total Distance 348: 12 11 10 12 10 8 10 11 11 7 11 9 8 10 11 9 6 9 11 9 9 9 10 10 10 11 6 11 8 9 11 9 11 9 10 10
Last Time Cost: 00000983 ms
Total Time Cost: 00015331 ms
Total Distance 342: 12 11 10 12 10 8 10 11 11 7 11 9 7 9 11 9 6 8 11 9 9 9 10 10 9 11 6 10 8 9 11 9 10 9 10 10
Last Time Cost: 00001019 ms
Total Time Cost: 00016350 ms
Total Distance 336: 12 11 10 11 10 8 10 11 10 7 11 9 7 9 11 9 6 7 11 9 8 9 10 10 9 11 6 9 7 9 11 9 10 9 10 10
Last Time Cost: 00001045 ms
Total Time Cost: 00017395 ms
Total Distance 330: 12 11 10 11 10 8 10 11 10 7 10 9 7 8 11 9 6 7 10 9 7 9 10 10 9 11 6 9 7 9 11 9 10 9 9 9
Last Time Cost: 00000994 ms
Total Time Cost: 00018389 ms
Total Distance 324: 12 11 9 11 10 8 10 11 9 7 10 9 7 8 10 9 6 7 9 9 7 9 10 10 9 11 6 8 7 9 11 9 10 9 8 9
Last Time Cost: 00001027 ms
Total Time Cost: 00019416 ms
Total Distance 319: 12 11 8 11 10 7 10 11 9 7 10 8 7 8 10 9 6 6 9 9 7 9 10 10 9 11 6 8 6 9 11 9 10 9 8 9
Last Time Cost: 00001124 ms
Total Time Cost: 00020540 ms
Total Distance 314: 12 11 8 11 10 7 9 11 9 7 10 8 6 8 10 9 6 5 9 9 7 8 10 10 9 11 6 7 6 9 11 9 10 9 8 9
Last Time Cost: 00001289 ms
Total Time Cost: 00021829 ms
Total Distance 309: 12 11 8 11 10 7 9 11 9 7 9 7 5 8 10 9 6 5 9 9 7 8 10 9 9 11 6 7 6 9 11 9 10 8 8 9
Last Time Cost: 00001439 ms
Total Time Cost: 00023268 ms
Total Distance 304: 12 11 8 10 10 7 9 10 9 7 9 7 5 8 9 9 6 4 9 9 7 8 10 9 9 11 6 6 6 9 11 9 10 8 8 9
Last Time Cost: 00001227 ms
Total Time Cost: 00024495 ms
Total Distance 299: 11 11 8 10 10 7 8 10 9 7 9 7 5 8 9 9 6 4 9 8 7 8 10 9 9 11 6 6 5 9 11 8 10 8 8 9
Last Time Cost: 00001295 ms
Total Time Cost: 00025790 ms
Total Distance 294: 10 11 8 10 10 7 8 10 9 7 9 7 5 8 9 9 6 4 9 8 6 8 10 9 9 11 6 6 4 8 10 8 10 8 8 9
Last Time Cost: 00000926 ms
Total Time Cost: 00026716 ms
Total Distance 289: 9 10 8 10 10 7 8 10 9 7 8 7 5 8 9 9 6 4 9 8 6 8 10 9 9 10 6 6 4 8 10 8 10 8 8 8
Last Time Cost: 00000420 ms
Total Time Cost: 00027136 ms
Total Distance 285: 9 10 8 10 10 6 8 10 9 7 8 7 5 8 9 9 5 4 9 8 6 8 9 9 9 10 6 6 4 7 10 8 10 8 8 8
Last Time Cost: 00000461 ms
Total Time Cost: 00027597 ms
Total Distance 281: 8 10 8 10 10 6 7 10 9 7 8 7 5 8 9 9 5 4 9 7 6 8 9 9 9 10 5 6 4 7 10 8 10 8 8 8
Last Time Cost: 00000473 ms
Total Time Cost: 00028070 ms
Total Distance 277: 8 10 8 9 10 6 6 10 9 7 8 7 5 8 9 9 5 4 9 6 6 8 9 9 8 10 5 6 4 7 10 8 10 8 8 8
Last Time Cost: 00000484 ms
Total Time Cost: 00028554 ms
Total Distance 273: 8 10 8 9 10 6 6 10 9 7 7 7 5 8 9 9 5 4 9 6 5 8 9 9 8 10 5 6 4 7 9 8 10 8 7 8
Last Time Cost: 00000535 ms
Total Time Cost: 00029089 ms
Total Distance 269: 8 10 8 9 9 6 6 10 8 7 7 7 5 8 9 9 4 4 9 6 5 8 9 9 7 10 5 6 4 7 9 8 10 8 7 8
Last Time Cost: 00000543 ms
Total Time Cost: 00029632 ms
Total Distance 265: 8 10 8 9 9 6 6 10 8 6 7 7 5 8 9 9 4 4 8 6 5 8 9 8 7 10 4 6 4 7 9 8 10 8 7 8
Last Time Cost: 00000507 ms
Total Time Cost: 00030139 ms
Total Distance 261: 8 10 8 8 9 6 5 10 8 6 7 7 5 8 9 9 4 4 8 6 5 8 9 8 6 10 4 6 4 7 8 8 10 8 7 8
Last Time Cost: 00000469 ms
Total Time Cost: 00030608 ms
Total Distance 257: 8 10 8 8 9 6 5 10 8 6 7 7 5 8 8 9 4 4 8 6 5 8 9 8 6 10 4 6 4 7 7 7 10 8 7 7
Last Time Cost: 00000469 ms
Total Time Cost: 00031077 ms
Total Distance 252: 7 10 8 7 9 6 5 9 8 6 7 7 5 8 8 9 4 4 8 6 5 8 9 8 6 10 4 6 4 7 7 7 9 7 7 7
Last Time Cost: 00000479 ms
Total Time Cost: 00031556 ms
Total Distance 248: 7 10 8 7 9 6 5 9 8 6 7 7 5 7 7 9 4 4 8 6 5 8 9 8 6 10 4 6 4 7 7 6 9 7 7 6
Last Time Cost: 00000514 ms
Total Time Cost: 00032070 ms
Total Distance 244: 7 10 7 7 8 5 5 9 8 6 7 7 5 7 7 9 4 4 8 6 5 8 9 8 6 10 4 6 4 7 7 6 9 6 7 6
Last Time Cost: 00000492 ms
Total Time Cost: 00032562 ms
Total Distance 240: 7 9 7 7 8 5 5 9 8 6 7 7 5 6 7 9 4 4 8 6 5 8 8 8 6 9 4 6 4 7 7 6 9 6 7 6
Last Time Cost: 00000423 ms
Total Time Cost: 00032985 ms
Total Distance 237: 7 9 7 6 8 5 5 9 8 6 7 7 5 6 7 9 4 3 8 6 5 8 8 8 6 9 4 5 4 7 7 6 9 6 7 6
Last Time Cost: 00000461 ms
Total Time Cost: 00033446 ms
Total Distance 234: 7 9 7 6 8 5 5 9 8 6 7 7 5 6 7 9 3 3 8 6 5 8 7 8 6 9 4 5 4 6 7 6 9 6 7 6
Last Time Cost: 00000515 ms
Total Time Cost: 00033961 ms
Total Distance 231: 7 9 7 6 8 5 5 9 7 6 7 7 5 6 7 9 3 3 8 5 4 8 7 8 6 9 4 5 4 6 7 6 9 6 7 6
Last Time Cost: 00000557 ms
Total Time Cost: 00034518 ms
Total Distance 228: 7 9 7 6 7 4 5 9 7 6 7 7 5 6 7 9 3 3 8 5 4 8 7 8 6 9 4 5 4 6 7 6 9 5 7 6
Last Time Cost: 00000592 ms
Total Time Cost: 00035110 ms
Total Distance 224: 7 9 6 6 7 4 5 9 7 6 7 7 5 6 7 8 3 3 8 5 4 8 7 8 6 9 4 5 4 6 6 6 8 5 7 6
Last Time Cost: 00000420 ms
Total Time Cost: 00035530 ms
Total Distance 221: 7 9 6 6 7 4 5 9 7 5 7 7 5 6 7 8 3 3 8 5 4 8 7 8 6 9 4 5 4 6 6 6 7 4 7 6
Last Time Cost: 00000454 ms
Total Time Cost: 00035984 ms
Total Distance 218: 7 9 6 6 7 4 5 9 6 5 7 7 5 6 7 8 3 3 8 5 4 8 7 8 6 9 4 4 4 6 6 6 7 4 6 6
Last Time Cost: 00000459 ms
Total Time Cost: 00036443 ms
Total Distance 215: 7 9 6 6 6 3 5 9 6 5 7 7 5 6 7 8 3 3 8 5 4 8 7 8 6 8 4 4 4 6 6 6 7 4 6 6
Last Time Cost: 00000359 ms
Total Time Cost: 00036802 ms
Total Distance 212: 7 9 6 6 6 3 5 9 6 5 7 7 5 6 7 8 3 3 8 5 4 7 7 8 6 8 4 4 4 6 6 5 7 4 6 5
Last Time Cost: 00000384 ms
Total Time Cost: 00037186 ms
Total Distance 209: 7 9 6 6 6 3 5 9 6 5 6 7 5 6 7 7 3 3 8 5 4 7 7 8 6 8 4 4 4 6 6 5 7 4 5 5
Last Time Cost: 00000403 ms
Total Time Cost: 00037589 ms
Total Distance 206: 6 8 6 6 6 3 5 9 6 5 6 7 5 6 7 7 3 3 8 5 4 7 7 8 6 8 4 4 4 6 6 5 7 4 5 4
Last Time Cost: 00000264 ms
Total Time Cost: 00037853 ms
Total Distance 203: 5 7 6 5 6 3 5 9 6 5 6 7 5 6 7 7 3 3 8 5 4 7 7 8 6 8 4 4 4 6 6 5 7 4 5 4
Last Time Cost: 00000280 ms
Total Time Cost: 00038133 ms
Total Distance 200: 5 7 6 5 6 3 5 9 6 5 6 6 5 6 7 7 3 3 8 5 4 6 7 7 6 8 4 4 4 6 6 5 7 4 5 4
Last Time Cost: 00000285 ms
Total Time Cost: 00038418 ms
Total Distance 198: 5 7 6 5 6 3 5 9 6 5 6 6 5 6 7 7 3 2 8 5 4 6 7 7 6 8 4 3 4 6 6 5 7 4 5 4
Last Time Cost: 00000306 ms
Total Time Cost: 00038724 ms
Total Distance 196: 5 7 6 5 6 3 5 9 6 5 6 6 5 6 7 7 3 2 8 5 4 6 7 7 6 8 4 2 4 6 6 5 7 4 4 4
Last Time Cost: 00000327 ms
Total Time Cost: 00039051 ms
Total Distance 194: 5 7 6 5 6 3 5 9 6 5 6 6 5 6 7 7 3 2 8 5 3 6 7 7 6 8 4 2 3 6 6 5 7 4 4 4
Last Time Cost: 00000357 ms
Total Time Cost: 00039408 ms
Total Distance 191: 5 7 6 5 6 3 5 8 6 5 6 6 5 6 6 7 3 2 8 5 3 6 7 7 6 8 4 2 3 6 5 5 7 4 4 4
Last Time Cost: 00000097 ms
Total Time Cost: 00039505 ms
Total Distance 189: 5 7 6 5 6 3 5 8 6 5 6 5 5 6 6 7 3 1 8 5 3 6 7 7 6 8 4 2 3 6 5 5 7 4 4 4
Last Time Cost: 00000002 ms
Total Time Cost: 00039507 ms
Total Distance 188: 5 7 6 5 6 3 5 8 6 5 6 5 5 6 6 7 3 0 8 5 3 6 7 7 6 8 4 2 3 6 5 5 7 4 4 4
Last Time Cost: 00000111 ms
Total Time Cost: 00039618 ms
Total Distance 185: 5 7 6 5 6 3 5 7 6 5 6 5 5 6 5 7 3 0 8 5 3 6 7 7 6 8 4 2 3 6 5 5 6 4 4 4
Last Time Cost: 00000100 ms
Total Time Cost: 00039718 ms
Total Distance 183: 5 7 6 5 6 3 5 7 6 5 6 5 5 6 5 7 3 0 8 5 2 6 7 7 6 8 4 2 3 6 4 5 6 4 4 4
Last Time Cost: 00000107 ms
Total Time Cost: 00039825 ms
Total Distance 181: 5 7 6 5 6 3 5 7 6 5 6 5 5 6 5 7 3 0 8 5 2 6 7 7 6 8 3 2 3 6 4 4 6 4 4 4
Last Time Cost: 00000114 ms
Total Time Cost: 00039939 ms
Total Distance 179: 5 7 6 5 6 3 5 7 6 5 6 5 4 6 5 7 3 0 8 5 2 6 7 7 6 8 2 2 3 6 4 4 6 4 4 4
Last Time Cost: 00000122 ms
Total Time Cost: 00040061 ms
Total Distance 177: 5 7 6 5 6 3 5 7 6 5 6 5 4 6 5 7 3 0 8 5 2 6 7 7 6 8 2 2 3 6 4 3 6 4 4 3
Last Time Cost: 00000127 ms
Total Time Cost: 00040188 ms
Total Distance 175: 4 7 6 5 6 3 5 7 5 5 6 5 4 6 5 7 3 0 8 5 2 6 7 7 6 8 2 2 3 6 4 3 6 4 4 3
Last Time Cost: 00000134 ms
Total Time Cost: 00040322 ms
Total Distance 173: 4 7 6 5 6 3 5 7 5 5 6 5 4 6 5 6 3 0 8 5 2 6 7 7 6 8 2 2 3 6 4 3 6 4 3 3
Last Time Cost: 00000126 ms
Total Time Cost: 00040448 ms
Total Distance 171: 4 7 6 5 6 3 5 7 5 5 6 5 4 6 5 5 3 0 8 5 2 6 7 7 6 8 2 2 3 6 4 3 6 4 2 3
Last Time Cost: 00000135 ms
Total Time Cost: 00040583 ms
Total Distance 169: 4 7 6 5 6 3 5 7 5 5 6 5 4 6 5 4 3 0 8 5 2 6 7 7 6 8 2 2 3 6 3 3 6 4 2 3
Last Time Cost: 00000140 ms
Total Time Cost: 00040723 ms
Total Distance 167: 4 7 6 5 6 3 5 7 5 5 6 5 4 6 4 4 3 0 8 5 2 6 6 7 6 8 2 2 3 6 3 3 6 4 2 3
Last Time Cost: 00000130 ms
Total Time Cost: 00040853 ms
Total Distance 165: 4 7 6 5 6 3 5 7 5 5 6 5 4 6 4 4 2 0 8 5 2 6 6 7 6 7 2 2 3 6 3 3 6 4 2 3
Last Time Cost: 00000123 ms
Total Time Cost: 00040976 ms
Total Distance 163: 4 7 6 5 5 3 5 7 5 5 6 5 4 6 4 4 2 0 8 5 2 6 6 7 6 7 2 2 3 5 3 3 6 4 2 3
Last Time Cost: 00000133 ms
Total Time Cost: 00041109 ms
Total Distance 161: 4 6 6 5 5 3 4 7 5 5 6 5 4 6 4 4 2 0 8 5 2 6 6 7 6 7 2 2 3 5 3 3 6 4 2 3
Last Time Cost: 00000114 ms
Total Time Cost: 00041223 ms
Total Distance 159: 4 6 6 5 5 3 4 7 5 5 6 5 4 5 4 4 2 0 8 5 2 6 6 7 6 7 2 2 3 5 3 3 5 4 2 3
Last Time Cost: 00000116 ms
Total Time Cost: 00041339 ms
Total Distance 157: 4 6 6 5 5 3 4 7 5 5 6 5 4 4 4 4 2 0 8 5 2 6 6 7 6 7 2 2 3 5 3 3 4 4 2 3
Last Time Cost: 00000122 ms
Total Time Cost: 00041461 ms
Total Distance 155: 4 5 6 5 5 3 4 7 5 5 5 5 4 4 4 4 2 0 8 5 2 6 6 7 6 7 2 2 3 5 3 3 4 4 2 3
Last Time Cost: 00000134 ms
Total Time Cost: 00041595 ms
Total Distance 153: 4 4 5 5 5 3 4 7 5 5 5 5 4 4 4 4 2 0 8 5 2 6 6 7 6 7 2 2 3 5 3 3 4 4 2 3
Last Time Cost: 00000139 ms
Total Time Cost: 00041734 ms
Total Distance 151: 4 4 5 5 5 3 4 7 5 5 5 5 3 4 4 4 2 0 7 5 2 6 6 7 6 7 2 2 3 5 3 3 4 4 2 3
Last Time Cost: 00000125 ms
Total Time Cost: 00041859 ms
Total Distance 149: 4 4 5 5 5 3 3 7 5 5 5 5 3 4 4 4 2 0 7 4 2 6 6 7 6 7 2 2 3 5 3 3 4 4 2 3
Last Time Cost: 00000131 ms
Total Time Cost: 00041990 ms
Total Distance 147: 4 4 5 5 5 3 2 7 5 5 5 5 3 4 4 4 2 0 7 4 2 6 6 7 6 6 2 2 3 5 3 3 4 4 2 3
Last Time Cost: 00000108 ms
Total Time Cost: 00042098 ms
Total Distance 145: 4 4 5 5 5 3 2 7 5 5 5 5 3 4 4 4 2 0 7 4 2 6 6 7 5 6 2 2 3 5 3 2 4 4 2 3
Last Time Cost: 00000109 ms
Total Time Cost: 00042207 ms
Total Distance 143: 4 4 5 5 5 3 2 7 5 5 5 5 3 4 4 4 2 0 7 4 2 6 6 7 4 5 2 2 3 5 3 2 4 4 2 3
Last Time Cost: 00000114 ms
Total Time Cost: 00042321 ms
Total Distance 141: 4 4 5 5 5 3 2 7 5 5 5 5 3 4 4 4 2 0 7 3 2 6 6 6 4 5 2 2 3 5 3 2 4 4 2 3
Last Time Cost: 00000082 ms
Total Time Cost: 00042403 ms
Total Distance 139: 4 4 5 5 5 3 2 7 5 5 5 5 3 4 4 4 2 0 7 3 2 6 6 5 3 5 2 2 3 5 3 2 4 4 2 3
Last Time Cost: 00000086 ms
Total Time Cost: 00042489 ms
Total Distance 137: 4 4 5 5 5 3 2 7 5 5 5 5 3 4 4 4 2 0 7 3 2 5 6 4 3 5 2 2 3 5 3 2 4 4 2 3
Last Time Cost: 00000088 ms
Total Time Cost: 00042577 ms
Total Distance 135: 4 4 5 5 5 3 2 7 5 4 5 5 3 4 4 4 2 0 6 3 2 5 6 4 3 5 2 2 3 5 3 2 4 4 2 3
Last Time Cost: 00000052 ms
Total Time Cost: 00042629 ms
Total Distance 134: 4 4 5 5 5 3 2 7 5 4 5 5 3 4 4 4 2 0 6 3 2 5 6 4 3 5 2 1 3 5 3 2 4 4 2 3
Last Time Cost: 00000001 ms
Total Time Cost: 00042630 ms
Total Distance 133: 4 4 5 5 5 3 2 7 5 4 5 5 3 4 4 4 2 0 6 3 2 5 6 4 3 5 2 0 3 5 3 2 4 4 2 3
Last Time Cost: 00000057 ms
Total Time Cost: 00042687 ms
Total Distance 132: 4 4 5 5 5 3 2 7 5 4 5 5 3 4 4 4 2 0 6 3 2 5 6 4 3 5 2 0 3 5 3 1 4 4 2 3
Last Time Cost: 00000001 ms
Total Time Cost: 00042688 ms
Total Distance 131: 4 4 5 5 5 3 2 7 5 4 5 5 3 4 4 4 2 0 6 3 2 5 6 4 3 5 2 0 3 5 3 0 4 4 2 3
Last Time Cost: 00000063 ms
Total Time Cost: 00042751 ms
Total Distance 130: 4 4 5 5 5 3 2 7 5 4 5 5 3 4 4 4 2 0 6 3 2 5 6 4 3 5 2 0 3 5 3 0 4 4 1 3
Last Time Cost: 00000001 ms
Total Time Cost: 00042752 ms
Total Distance 129: 4 4 5 5 5 3 2 7 5 4 5 5 3 4 4 4 2 0 6 3 2 5 6 4 3 5 2 0 3 5 3 0 4 4 0 3
Last Time Cost: 00000068 ms
Total Time Cost: 00042820 ms
Total Distance 128: 4 4 5 5 5 3 2 7 5 4 5 5 3 4 4 4 1 0 6 3 2 5 6 4 3 5 2 0 3 5 3 0 4 4 0 3
Last Time Cost: 00000001 ms
Total Time Cost: 00042821 ms
Total Distance 127: 4 4 5 5 5 3 2 7 5 4 5 5 3 4 4 4 0 0 6 3 2 5 6 4 3 5 2 0 3 5 3 0 4 4 0 3
Last Time Cost: 00000075 ms
Total Time Cost: 00042896 ms
Total Distance 126: 4 4 5 5 5 3 2 7 5 4 5 5 3 4 4 4 0 0 6 3 2 5 6 4 3 5 1 0 3 5 3 0 4 4 0 3
Last Time Cost: 00000001 ms
Total Time Cost: 00042897 ms
Total Distance 125: 4 4 5 5 5 3 2 7 5 4 5 5 3 4 4 4 0 0 6 3 2 5 6 4 3 5 0 0 3 5 3 0 4 4 0 3
Last Time Cost: 00000080 ms
Total Time Cost: 00042977 ms
Total Distance 124: 4 4 5 5 5 3 2 7 5 4 5 5 3 4 4 4 0 0 6 3 1 5 6 4 3 5 0 0 3 5 3 0 4 4 0 3
Last Time Cost: 00000001 ms
Total Time Cost: 00042978 ms
Total Distance 123: 4 4 5 5 5 3 2 7 5 4 5 5 3 4 4 4 0 0 6 3 0 5 6 4 3 5 0 0 3 5 3 0 4 4 0 3
Last Time Cost: 00000089 ms
Total Time Cost: 00043067 ms
Total Distance 122: 4 4 5 5 5 3 1 7 5 4 5 5 3 4 4 4 0 0 6 3 0 5 6 4 3 5 0 0 3 5 3 0 4 4 0 3
Last Time Cost: 00000001 ms
Total Time Cost: 00043068 ms
Total Distance 121: 4 4 5 5 5 3 0 7 5 4 5 5 3 4 4 4 0 0 6 3 0 5 6 4 3 5 0 0 3 5 3 0 4 4 0 3
Last Time Cost: 00000098 ms
Total Time Cost: 00043166 ms
Total Distance 120: 4 4 5 5 5 3 0 7 5 4 5 5 3 4 4 4 0 0 6 3 0 5 6 4 2 5 0 0 3 5 3 0 4 4 0 3
Last Time Cost: 00000001 ms
Total Time Cost: 00043167 ms
Total Distance 119: 4 4 5 5 5 3 0 7 5 4 5 5 3 4 4 4 0 0 6 3 0 5 6 4 1 5 0 0 3 5 3 0 4 4 0 3
Last Time Cost: 00000001 ms
Total Time Cost: 00043168 ms
Total Distance 118: 4 4 5 5 5 3 0 7 5 4 5 5 3 4 4 4 0 0 6 3 0 5 6 4 0 5 0 0 3 5 3 0 4 4 0 3
Last Time Cost: 00000118 ms
Total Time Cost: 00043286 ms
Total Distance 117: 4 4 5 5 5 3 0 7 5 4 5 5 3 4 4 4 0 0 6 2 0 5 6 4 0 5 0 0 3 5 3 0 4 4 0 3
Last Time Cost: 00000001 ms
Total Time Cost: 00043287 ms
Total Distance 116: 4 4 5 5 5 3 0 7 5 4 5 5 3 4 4 4 0 0 6 1 0 5 6 4 0 5 0 0 3 5 3 0 4 4 0 3
Last Time Cost: 00000001 ms
Total Time Cost: 00043288 ms
Total Distance 115: 4 4 5 5 5 3 0 7 5 4 5 5 3 4 4 4 0 0 6 0 0 5 6 4 0 5 0 0 3 5 3 0 4 4 0 3
Last Time Cost: 00000141 ms
Total Time Cost: 00043429 ms
Total Distance 114: 4 4 5 5 5 2 0 7 5 4 5 5 3 4 4 4 0 0 6 0 0 5 6 4 0 5 0 0 3 5 3 0 4 4 0 3
Last Time Cost: 00000001 ms
Total Time Cost: 00043430 ms
Total Distance 113: 4 4 5 5 5 1 0 7 5 4 5 5 3 4 4 4 0 0 6 0 0 5 6 4 0 5 0 0 3 5 3 0 4 4 0 3
Last Time Cost: 00000001 ms
Total Time Cost: 00043431 ms
Total Distance 112: 4 4 5 5 5 0 0 7 5 4 5 5 3 4 4 4 0 0 6 0 0 5 6 4 0 5 0 0 3 5 3 0 4 4 0 3
Last Time Cost: 00000169 ms
Total Time Cost: 00043600 ms
Total Distance 111: 4 4 5 5 5 0 0 7 5 4 5 5 3 4 4 4 0 0 6 0 0 5 6 4 0 5 0 0 3 5 3 0 4 4 0 2
Last Time Cost: 00000001 ms
Total Time Cost: 00043601 ms
Total Distance 110: 4 4 5 5 5 0 0 7 5 4 5 5 3 4 4 4 0 0 6 0 0 5 6 4 0 5 0 0 3 5 3 0 4 4 0 1
Last Time Cost: 00000001 ms
Total Time Cost: 00043602 ms
Total Distance 109: 4 4 5 5 5 0 0 7 5 4 5 5 3 4 4 4 0 0 6 0 0 5 6 4 0 5 0 0 3 5 3 0 4 4 0 0
Last Time Cost: 00000205 ms
Total Time Cost: 00043807 ms
Total Distance 108: 4 4 5 5 5 0 0 7 5 4 5 5 3 4 4 4 0 0 6 0 0 5 6 4 0 5 0 0 2 5 3 0 4 4 0 0
Last Time Cost: 00000001 ms
Total Time Cost: 00043808 ms
Total Distance 107: 4 4 5 5 5 0 0 7 5 4 5 5 3 4 4 4 0 0 6 0 0 5 6 4 0 5 0 0 1 5 3 0 4 4 0 0
Last Time Cost: 00000001 ms
Total Time Cost: 00043809 ms
Total Distance 106: 4 4 5 5 5 0 0 7 5 4 5 5 3 4 4 4 0 0 6 0 0 5 6 4 0 5 0 0 0 5 3 0 4 4 0 0
Last Time Cost: 00000251 ms
Total Time Cost: 00044060 ms
Total Distance 105: 4 4 5 5 5 0 0 7 5 4 5 5 2 4 4 4 0 0 6 0 0 5 6 4 0 5 0 0 0 5 3 0 4 4 0 0
Last Time Cost: 00000001 ms
Total Time Cost: 00044061 ms
Total Distance 104: 4 4 5 5 5 0 0 7 5 4 5 5 1 4 4 4 0 0 6 0 0 5 6 4 0 5 0 0 0 5 3 0 4 4 0 0
Last Time Cost: 00000001 ms
Total Time Cost: 00044062 ms
Total Distance 103: 4 4 5 5 5 0 0 7 5 4 5 5 0 4 4 4 0 0 6 0 0 5 6 4 0 5 0 0 0 5 3 0 4 4 0 0
Last Time Cost: 00000285 ms
Total Time Cost: 00044347 ms
Total Distance 101: 4 4 5 4 5 0 0 7 5 4 5 5 0 4 4 4 0 0 6 0 0 5 6 4 0 5 0 0 0 5 3 0 4 3 0 0
Last Time Cost: 00000308 ms
Total Time Cost: 00044655 ms
Total Distance 99: 4 4 5 3 5 0 0 6 5 4 5 5 0 4 4 4 0 0 6 0 0 5 6 4 0 5 0 0 0 5 3 0 4 3 0 0
Last Time Cost: 00000033 ms
Total Time Cost: 00044688 ms
Total Distance 97: 4 4 5 3 5 0 0 5 5 4 5 5 0 4 4 4 0 0 6 0 0 4 6 4 0 5 0 0 0 5 3 0 4 3 0 0
Last Time Cost: 00000029 ms
Total Time Cost: 00044717 ms
Total Distance 96: 4 4 5 2 5 0 0 5 5 4 5 5 0 4 4 4 0 0 6 0 0 4 6 4 0 5 0 0 0 5 3 0 4 3 0 0
Last Time Cost: 00000001 ms
Total Time Cost: 00044718 ms
Total Distance 95: 4 4 5 1 5 0 0 5 5 4 5 5 0 4 4 4 0 0 6 0 0 4 6 4 0 5 0 0 0 5 3 0 4 3 0 0
Last Time Cost: 00000001 ms
Total Time Cost: 00044719 ms
Total Distance 94: 4 4 5 0 5 0 0 5 5 4 5 5 0 4 4 4 0 0 6 0 0 4 6 4 0 5 0 0 0 5 3 0 4 3 0 0
Last Time Cost: 00000031 ms
Total Time Cost: 00044750 ms
Total Distance 93: 4 4 5 0 5 0 0 5 5 4 5 5 0 4 4 4 0 0 6 0 0 4 6 4 0 5 0 0 0 5 2 0 4 3 0 0
Last Time Cost: 00000001 ms
Total Time Cost: 00044751 ms
Total Distance 92: 4 4 5 0 5 0 0 5 5 4 5 5 0 4 4 4 0 0 6 0 0 4 6 4 0 5 0 0 0 5 1 0 4 3 0 0
Last Time Cost: 00000001 ms
Total Time Cost: 00044752 ms
Total Distance 91: 4 4 5 0 5 0 0 5 5 4 5 5 0 4 4 4 0 0 6 0 0 4 6 4 0 5 0 0 0 5 0 0 4 3 0 0
Last Time Cost: 00000034 ms
Total Time Cost: 00044786 ms
Total Distance 90: 4 4 5 0 5 0 0 5 5 4 5 5 0 4 4 4 0 0 6 0 0 4 6 4 0 5 0 0 0 5 0 0 4 2 0 0
Last Time Cost: 00000001 ms
Total Time Cost: 00044787 ms
Total Distance 89: 4 4 5 0 5 0 0 5 5 4 5 5 0 4 4 4 0 0 6 0 0 4 6 4 0 5 0 0 0 5 0 0 4 1 0 0
Last Time Cost: 00000001 ms
Total Time Cost: 00044788 ms
Total Distance 88: 4 4 5 0 5 0 0 5 5 4 5 5 0 4 4 4 0 0 6 0 0 4 6 4 0 5 0 0 0 5 0 0 4 0 0 0
Last Time Cost: 00000036 ms
Total Time Cost: 00044824 ms
Total Distance 86: 4 4 4 0 5 0 0 5 5 4 5 5 0 4 3 4 0 0 6 0 0 4 6 4 0 5 0 0 0 5 0 0 4 0 0 0
Last Time Cost: 00000036 ms
Total Time Cost: 00044860 ms
Total Distance 85: 4 4 4 0 5 0 0 5 5 4 5 5 0 4 2 4 0 0 6 0 0 4 6 4 0 5 0 0 0 5 0 0 4 0 0 0
Last Time Cost: 00000001 ms
Total Time Cost: 00044861 ms
Total Distance 84: 4 4 4 0 5 0 0 5 5 4 5 5 0 4 1 4 0 0 6 0 0 4 6 4 0 5 0 0 0 5 0 0 4 0 0 0
Last Time Cost: 00000001 ms
Total Time Cost: 00044862 ms
Total Distance 83: 4 4 4 0 5 0 0 5 5 4 5 5 0 4 0 4 0 0 6 0 0 4 6 4 0 5 0 0 0 5 0 0 4 0 0 0
Last Time Cost: 00000037 ms
Total Time Cost: 00044899 ms
Total Distance 82: 4 4 4 0 5 0 0 5 5 4 5 5 0 4 0 4 0 0 6 0 0 4 6 4 0 5 0 0 0 5 0 0 3 0 0 0
Last Time Cost: 00000001 ms
Total Time Cost: 00044900 ms
Total Distance 81: 4 4 4 0 5 0 0 5 5 4 5 5 0 4 0 4 0 0 6 0 0 4 6 4 0 5 0 0 0 5 0 0 2 0 0 0
Last Time Cost: 00000001 ms
Total Time Cost: 00044901 ms
Total Distance 80: 4 4 4 0 5 0 0 5 5 4 5 5 0 4 0 4 0 0 6 0 0 4 6 4 0 5 0 0 0 5 0 0 1 0 0 0
Last Time Cost: 00000001 ms
Total Time Cost: 00044902 ms
Total Distance 79: 4 4 4 0 5 0 0 5 5 4 5 5 0 4 0 4 0 0 6 0 0 4 6 4 0 5 0 0 0 5 0 0 0 0 0 0
Last Time Cost: 00000043 ms
Total Time Cost: 00044945 ms
Total Distance 78: 4 4 4 0 5 0 0 5 5 4 5 5 0 4 0 3 0 0 6 0 0 4 6 4 0 5 0 0 0 5 0 0 0 0 0 0
Last Time Cost: 00000001 ms
Total Time Cost: 00044946 ms
Total Distance 77: 4 4 4 0 5 0 0 5 5 4 5 5 0 4 0 2 0 0 6 0 0 4 6 4 0 5 0 0 0 5 0 0 0 0 0 0
Last Time Cost: 00000001 ms
Total Time Cost: 00044947 ms
Total Distance 76: 4 4 4 0 5 0 0 5 5 4 5 5 0 4 0 1 0 0 6 0 0 4 6 4 0 5 0 0 0 5 0 0 0 0 0 0
Last Time Cost: 00000001 ms
Total Time Cost: 00044948 ms
Total Distance 75: 4 4 4 0 5 0 0 5 5 4 5 5 0 4 0 0 0 0 6 0 0 4 6 4 0 5 0 0 0 5 0 0 0 0 0 0
Last Time Cost: 00000047 ms
Total Time Cost: 00044995 ms
Total Distance 74: 4 3 4 0 5 0 0 5 5 4 5 5 0 4 0 0 0 0 6 0 0 4 6 4 0 5 0 0 0 5 0 0 0 0 0 0
Last Time Cost: 00000001 ms
Total Time Cost: 00044996 ms
Total Distance 73: 4 2 4 0 5 0 0 5 5 4 5 5 0 4 0 0 0 0 6 0 0 4 6 4 0 5 0 0 0 5 0 0 0 0 0 0
Last Time Cost: 00000001 ms
Total Time Cost: 00044997 ms
Total Distance 72: 4 1 4 0 5 0 0 5 5 4 5 5 0 4 0 0 0 0 6 0 0 4 6 4 0 5 0 0 0 5 0 0 0 0 0 0
Last Time Cost: 00000001 ms
Total Time Cost: 00044998 ms
Total Distance 71: 4 0 4 0 5 0 0 5 5 4 5 5 0 4 0 0 0 0 6 0 0 4 6 4 0 5 0 0 0 5 0 0 0 0 0 0
Last Time Cost: 00000061 ms
Total Time Cost: 00045059 ms
Total Distance 70: 4 0 4 0 5 0 0 5 5 4 5 5 0 4 0 0 0 0 6 0 0 3 6 4 0 5 0 0 0 5 0 0 0 0 0 0
Last Time Cost: 00000001 ms
Total Time Cost: 00045060 ms
Total Distance 69: 4 0 4 0 5 0 0 5 5 4 5 5 0 4 0 0 0 0 6 0 0 2 6 4 0 5 0 0 0 5 0 0 0 0 0 0
Last Time Cost: 00000001 ms
Total Time Cost: 00045061 ms
Total Distance 68: 4 0 4 0 5 0 0 5 5 4 5 5 0 4 0 0 0 0 6 0 0 1 6 4 0 5 0 0 0 5 0 0 0 0 0 0
Last Time Cost: 00000001 ms
Total Time Cost: 00045062 ms
Total Distance 67: 4 0 4 0 5 0 0 5 5 4 5 5 0 4 0 0 0 0 6 0 0 0 6 4 0 5 0 0 0 5 0 0 0 0 0 0
Last Time Cost: 00000064 ms
Total Time Cost: 00045126 ms
Total Distance 66: 4 0 3 0 5 0 0 5 5 4 5 5 0 4 0 0 0 0 6 0 0 0 6 4 0 5 0 0 0 5 0 0 0 0 0 0
Last Time Cost: 00000001 ms
Total Time Cost: 00045127 ms
Total Distance 65: 4 0 2 0 5 0 0 5 5 4 5 5 0 4 0 0 0 0 6 0 0 0 6 4 0 5 0 0 0 5 0 0 0 0 0 0
Last Time Cost: 00000001 ms
Total Time Cost: 00045128 ms
Total Distance 64: 4 0 1 0 5 0 0 5 5 4 5 5 0 4 0 0 0 0 6 0 0 0 6 4 0 5 0 0 0 5 0 0 0 0 0 0
Last Time Cost: 00000001 ms
Total Time Cost: 00045129 ms
Total Distance 63: 4 0 0 0 5 0 0 5 5 4 5 5 0 4 0 0 0 0 6 0 0 0 6 4 0 5 0 0 0 5 0 0 0 0 0 0
Last Time Cost: 00000073 ms
Total Time Cost: 00045202 ms
Total Distance 62: 3 0 0 0 5 0 0 5 5 4 5 5 0 4 0 0 0 0 6 0 0 0 6 4 0 5 0 0 0 5 0 0 0 0 0 0
Last Time Cost: 00000001 ms
Total Time Cost: 00045203 ms
Total Distance 61: 2 0 0 0 5 0 0 5 5 4 5 5 0 4 0 0 0 0 6 0 0 0 6 4 0 5 0 0 0 5 0 0 0 0 0 0
Last Time Cost: 00000001 ms
Total Time Cost: 00045204 ms
Total Distance 60: 1 0 0 0 5 0 0 5 5 4 5 5 0 4 0 0 0 0 6 0 0 0 6 4 0 5 0 0 0 5 0 0 0 0 0 0
Last Time Cost: 00000001 ms
Total Time Cost: 00045205 ms
Total Distance 59: 0 0 0 0 5 0 0 5 5 4 5 5 0 4 0 0 0 0 6 0 0 0 6 4 0 5 0 0 0 5 0 0 0 0 0 0
Last Time Cost: 00000082 ms
Total Time Cost: 00045287 ms
Total Distance 58: 0 0 0 0 5 0 0 5 5 4 5 5 0 4 0 0 0 0 6 0 0 0 6 3 0 5 0 0 0 5 0 0 0 0 0 0
Last Time Cost: 00000001 ms
Total Time Cost: 00045288 ms
Total Distance 56: 0 0 0 0 5 0 0 5 5 4 5 5 0 4 0 0 0 0 5 0 0 0 6 2 0 5 0 0 0 5 0 0 0 0 0 0
Last Time Cost: 00000072 ms
Total Time Cost: 00045360 ms
Total Distance 54: 0 0 0 0 4 0 0 5 5 4 5 5 0 4 0 0 0 0 5 0 0 0 6 2 0 4 0 0 0 5 0 0 0 0 0 0
Last Time Cost: 00000063 ms
Total Time Cost: 00045423 ms
Total Distance 53: 0 0 0 0 4 0 0 5 5 4 5 5 0 4 0 0 0 0 5 0 0 0 6 1 0 4 0 0 0 5 0 0 0 0 0 0
Last Time Cost: 00000001 ms
Total Time Cost: 00045424 ms
Total Distance 52: 0 0 0 0 4 0 0 5 5 4 5 5 0 4 0 0 0 0 5 0 0 0 6 0 0 4 0 0 0 5 0 0 0 0 0 0
Last Time Cost: 00000066 ms
Total Time Cost: 00045490 ms
Total Distance 51: 0 0 0 0 4 0 0 5 5 4 5 5 0 4 0 0 0 0 5 0 0 0 6 0 0 3 0 0 0 5 0 0 0 0 0 0
Last Time Cost: 00000001 ms
Total Time Cost: 00045491 ms
Total Distance 50: 0 0 0 0 4 0 0 5 5 4 5 5 0 4 0 0 0 0 5 0 0 0 6 0 0 2 0 0 0 5 0 0 0 0 0 0
Last Time Cost: 00000001 ms
Total Time Cost: 00045492 ms
Total Distance 49: 0 0 0 0 4 0 0 5 5 4 5 5 0 4 0 0 0 0 5 0 0 0 6 0 0 1 0 0 0 5 0 0 0 0 0 0
Last Time Cost: 00000001 ms
Total Time Cost: 00045493 ms
Total Distance 48: 0 0 0 0 4 0 0 5 5 4 5 5 0 4 0 0 0 0 5 0 0 0 6 0 0 0 0 0 0 5 0 0 0 0 0 0
Last Time Cost: 00000072 ms
Total Time Cost: 00045565 ms
Total Distance 47: 0 0 0 0 4 0 0 5 5 3 5 5 0 4 0 0 0 0 5 0 0 0 6 0 0 0 0 0 0 5 0 0 0 0 0 0
Last Time Cost: 00000001 ms
Total Time Cost: 00045566 ms
Total Distance 46: 0 0 0 0 4 0 0 5 5 2 5 5 0 4 0 0 0 0 5 0 0 0 6 0 0 0 0 0 0 5 0 0 0 0 0 0
Last Time Cost: 00000001 ms
Total Time Cost: 00045567 ms
Total Distance 45: 0 0 0 0 4 0 0 5 5 1 5 5 0 4 0 0 0 0 5 0 0 0 6 0 0 0 0 0 0 5 0 0 0 0 0 0
Last Time Cost: 00000001 ms
Total Time Cost: 00045568 ms
Total Distance 44: 0 0 0 0 4 0 0 5 5 0 5 5 0 4 0 0 0 0 5 0 0 0 6 0 0 0 0 0 0 5 0 0 0 0 0 0
Last Time Cost: 00000082 ms
Total Time Cost: 00045650 ms
Total Distance 43: 0 0 0 0 4 0 0 5 5 0 5 5 0 3 0 0 0 0 5 0 0 0 6 0 0 0 0 0 0 5 0 0 0 0 0 0
Last Time Cost: 00000001 ms
Total Time Cost: 00045651 ms
Total Distance 41: 0 0 0 0 4 0 0 5 5 0 5 5 0 2 0 0 0 0 4 0 0 0 6 0 0 0 0 0 0 5 0 0 0 0 0 0
Last Time Cost: 00000077 ms
Total Time Cost: 00045728 ms
Total Distance 40: 0 0 0 0 4 0 0 5 5 0 5 5 0 1 0 0 0 0 4 0 0 0 6 0 0 0 0 0 0 5 0 0 0 0 0 0
Last Time Cost: 00000001 ms
Total Time Cost: 00045729 ms
Total Distance 39: 0 0 0 0 4 0 0 5 5 0 5 5 0 0 0 0 0 0 4 0 0 0 6 0 0 0 0 0 0 5 0 0 0 0 0 0
Last Time Cost: 00000079 ms
Total Time Cost: 00045808 ms
Total Distance 38: 0 0 0 0 3 0 0 5 5 0 5 5 0 0 0 0 0 0 4 0 0 0 6 0 0 0 0 0 0 5 0 0 0 0 0 0
Last Time Cost: 00000001 ms
Total Time Cost: 00045809 ms
Total Distance 37: 0 0 0 0 2 0 0 5 5 0 5 5 0 0 0 0 0 0 4 0 0 0 6 0 0 0 0 0 0 5 0 0 0 0 0 0
Last Time Cost: 00000001 ms
Total Time Cost: 00045810 ms
Total Distance 36: 0 0 0 0 1 0 0 5 5 0 5 5 0 0 0 0 0 0 4 0 0 0 6 0 0 0 0 0 0 5 0 0 0 0 0 0
Last Time Cost: 00000001 ms
Total Time Cost: 00045811 ms
Total Distance 35: 0 0 0 0 0 0 0 5 5 0 5 5 0 0 0 0 0 0 4 0 0 0 6 0 0 0 0 0 0 5 0 0 0 0 0 0
Last Time Cost: 00000088 ms
Total Time Cost: 00045899 ms
Total Distance 34: 0 0 0 0 0 0 0 5 5 0 5 5 0 0 0 0 0 0 3 0 0 0 6 0 0 0 0 0 0 5 0 0 0 0 0 0
Last Time Cost: 00000001 ms
Total Time Cost: 00045900 ms
Total Distance 33: 0 0 0 0 0 0 0 5 5 0 5 5 0 0 0 0 0 0 2 0 0 0 6 0 0 0 0 0 0 5 0 0 0 0 0 0
Last Time Cost: 00000001 ms
Total Time Cost: 00045901 ms
Total Distance 32: 0 0 0 0 0 0 0 5 5 0 5 5 0 0 0 0 0 0 1 0 0 0 6 0 0 0 0 0 0 5 0 0 0 0 0 0
Last Time Cost: 00000001 ms
Total Time Cost: 00045902 ms
Total Distance 31: 0 0 0 0 0 0 0 5 5 0 5 5 0 0 0 0 0 0 0 0 0 0 6 0 0 0 0 0 0 5 0 0 0 0 0 0
Last Time Cost: 00000099 ms
Total Time Cost: 00046001 ms
Total Distance 30: 0 0 0 0 0 0 0 5 5 0 5 5 0 0 0 0 0 0 0 0 0 0 6 0 0 0 0 0 0 4 0 0 0 0 0 0
Last Time Cost: 00000001 ms
Total Time Cost: 00046002 ms
Total Distance 29: 0 0 0 0 0 0 0 5 5 0 5 5 0 0 0 0 0 0 0 0 0 0 6 0 0 0 0 0 0 3 0 0 0 0 0 0
Last Time Cost: 00000001 ms
Total Time Cost: 00046003 ms
Total Distance 28: 0 0 0 0 0 0 0 5 5 0 5 5 0 0 0 0 0 0 0 0 0 0 6 0 0 0 0 0 0 2 0 0 0 0 0 0
Last Time Cost: 00000001 ms
Total Time Cost: 00046004 ms
Total Distance 27: 0 0 0 0 0 0 0 5 5 0 5 5 0 0 0 0 0 0 0 0 0 0 6 0 0 0 0 0 0 1 0 0 0 0 0 0
Last Time Cost: 00000001 ms
Total Time Cost: 00046005 ms
Total Distance 26: 0 0 0 0 0 0 0 5 5 0 5 5 0 0 0 0 0 0 0 0 0 0 6 0 0 0 0 0 0 0 0 0 0 0 0 0
Last Time Cost: 00000104 ms
Total Time Cost: 00046109 ms
Total Distance 25: 0 0 0 0 0 0 0 5 5 0 5 4 0 0 0 0 0 0 0 0 0 0 6 0 0 0 0 0 0 0 0 0 0 0 0 0
Last Time Cost: 00000002 ms
Total Time Cost: 00046111 ms
Total Distance 24: 0 0 0 0 0 0 0 5 5 0 5 3 0 0 0 0 0 0 0 0 0 0 6 0 0 0 0 0 0 0 0 0 0 0 0 0
Last Time Cost: 00000001 ms
Total Time Cost: 00046112 ms
Total Distance 23: 0 0 0 0 0 0 0 5 5 0 5 2 0 0 0 0 0 0 0 0 0 0 6 0 0 0 0 0 0 0 0 0 0 0 0 0
Last Time Cost: 00000001 ms
Total Time Cost: 00046113 ms
Total Distance 22: 0 0 0 0 0 0 0 5 5 0 5 1 0 0 0 0 0 0 0 0 0 0 6 0 0 0 0 0 0 0 0 0 0 0 0 0
Last Time Cost: 00000001 ms
Total Time Cost: 00046114 ms
Total Distance 21: 0 0 0 0 0 0 0 5 5 0 5 0 0 0 0 0 0 0 0 0 0 0 6 0 0 0 0 0 0 0 0 0 0 0 0 0
Last Time Cost: 00000096 ms
Total Time Cost: 00046210 ms
Total Distance 20: 0 0 0 0 0 0 0 5 5 0 4 0 0 0 0 0 0 0 0 0 0 0 6 0 0 0 0 0 0 0 0 0 0 0 0 0
Last Time Cost: 00000002 ms
Total Time Cost: 00046212 ms
Total Distance 19: 0 0 0 0 0 0 0 5 5 0 3 0 0 0 0 0 0 0 0 0 0 0 6 0 0 0 0 0 0 0 0 0 0 0 0 0
Last Time Cost: 00000001 ms
Total Time Cost: 00046213 ms
Total Distance 18: 0 0 0 0 0 0 0 5 5 0 2 0 0 0 0 0 0 0 0 0 0 0 6 0 0 0 0 0 0 0 0 0 0 0 0 0
Last Time Cost: 00000001 ms
Total Time Cost: 00046214 ms
Total Distance 17: 0 0 0 0 0 0 0 5 5 0 1 0 0 0 0 0 0 0 0 0 0 0 6 0 0 0 0 0 0 0 0 0 0 0 0 0
Last Time Cost: 00000001 ms
Total Time Cost: 00046215 ms
Total Distance 16: 0 0 0 0 0 0 0 5 5 0 0 0 0 0 0 0 0 0 0 0 0 0 6 0 0 0 0 0 0 0 0 0 0 0 0 0
Last Time Cost: 00000095 ms
Total Time Cost: 00046310 ms
Total Distance 15: 0 0 0 0 0 0 0 4 5 0 0 0 0 0 0 0 0 0 0 0 0 0 6 0 0 0 0 0 0 0 0 0 0 0 0 0
Last Time Cost: 00000001 ms
Total Time Cost: 00046311 ms
Total Distance 14: 0 0 0 0 0 0 0 3 5 0 0 0 0 0 0 0 0 0 0 0 0 0 6 0 0 0 0 0 0 0 0 0 0 0 0 0
Last Time Cost: 00000001 ms
Total Time Cost: 00046312 ms
Total Distance 13: 0 0 0 0 0 0 0 2 5 0 0 0 0 0 0 0 0 0 0 0 0 0 6 0 0 0 0 0 0 0 0 0 0 0 0 0
Last Time Cost: 00000001 ms
Total Time Cost: 00046313 ms
Total Distance 12: 0 0 0 0 0 0 0 1 5 0 0 0 0 0 0 0 0 0 0 0 0 0 6 0 0 0 0 0 0 0 0 0 0 0 0 0
Last Time Cost: 00000001 ms
Total Time Cost: 00046314 ms
Total Distance 11: 0 0 0 0 0 0 0 0 5 0 0 0 0 0 0 0 0 0 0 0 0 0 6 0 0 0 0 0 0 0 0 0 0 0 0 0
Last Time Cost: 00000097 ms
Total Time Cost: 00046411 ms
Total Distance 10: 0 0 0 0 0 0 0 0 4 0 0 0 0 0 0 0 0 0 0 0 0 0 6 0 0 0 0 0 0 0 0 0 0 0 0 0
Last Time Cost: 00000001 ms
Total Time Cost: 00046412 ms
Total Distance 9: 0 0 0 0 0 0 0 0 3 0 0 0 0 0 0 0 0 0 0 0 0 0 6 0 0 0 0 0 0 0 0 0 0 0 0 0
Last Time Cost: 00000001 ms
Total Time Cost: 00046413 ms
Total Distance 8: 0 0 0 0 0 0 0 0 2 0 0 0 0 0 0 0 0 0 0 0 0 0 6 0 0 0 0 0 0 0 0 0 0 0 0 0
Last Time Cost: 00000001 ms
Total Time Cost: 00046414 ms
Total Distance 7: 0 0 0 0 0 0 0 0 1 0 0 0 0 0 0 0 0 0 0 0 0 0 6 0 0 0 0 0 0 0 0 0 0 0 0 0
Last Time Cost: 00000001 ms
Total Time Cost: 00046415 ms
Total Distance 6: 0 0 0 0 0 0 0 0 0 0 0 0 0 0 0 0 0 0 0 0 0 0 6 0 0 0 0 0 0 0 0 0 0 0 0 0
Last Time Cost: 00000093 ms
Total Time Cost: 00046508 ms
Total Distance 5: 0 0 0 0 0 0 0 0 0 0 0 0 0 0 0 0 0 0 0 0 0 0 5 0 0 0 0 0 0 0 0 0 0 0 0 0
Last Time Cost: 00000016 ms
Total Time Cost: 00046524 ms
Total Distance 4: 0 0 0 0 0 0 0 0 0 0 0 0 0 0 0 0 0 0 0 0 0 0 4 0 0 0 0 0 0 0 0 0 0 0 0 0
Last Time Cost: 00000000 ms
Total Time Cost: 00046524 ms
Total Distance 3: 0 0 0 0 0 0 0 0 0 0 0 0 0 0 0 0 0 0 0 0 0 0 3 0 0 0 0 0 0 0 0 0 0 0 0 0
Last Time Cost: 00000000 ms
Total Time Cost: 00046524 ms
Total Distance 2: 0 0 0 0 0 0 0 0 0 0 0 0 0 0 0 0 0 0 0 0 0 0 2 0 0 0 0 0 0 0 0 0 0 0 0 0
Last Time Cost: 00000000 ms
Total Time Cost: 00046524 ms
Total Distance 1: 0 0 0 0 0 0 0 0 0 0 0 0 0 0 0 0 0 0 0 0 0 0 1 0 0 0 0 0 0 0 0 0 0 0 0 0
Last Time Cost: 00000000 ms
Total Time Cost: 00046524 ms
Total Distance 0: 0 0 0 0 0 0 0 0 0 0 0 0 0 0 0 0 0 0 0 0 0 0 0 0 0 0 0 0 0 0 0 0 0 0 0 0
