Last Time Cost: 00000000 ms
Total Time Cost: 00000000 ms
Total Distance 434: 8 8 8 8 8 8 8 8 8 8 8 8 8 8 8 6 6 6 6 6 6 6 6 6 6 6 6 6 6 6 7 7 7 7 7 7 7 7 7 7 7 7 7 7 7 7 7 7 7 7 7 7 7 7 7 7 7 7 7 7 7 7
Last Time Cost: 00000069 ms
Total Time Cost: 00000069 ms
Total Distance 429: 8 8 8 8 8 8 8 8 8 8 8 8 8 8 8 6 6 6 6 5 6 6 6 6 6 6 6 6 6 6 6 7 7 7 7 6 7 7 7 7 7 6 7 7 7 7 7 7 7 7 7 7 7 6 7 7 7 7 7 7 7 7
Last Time Cost: 00000064 ms
Total Time Cost: 00000133 ms
Total Distance 424: 8 8 8 8 8 8 8 8 8 8 8 8 8 8 8 6 6 6 6 5 6 6 6 6 6 6 6 6 6 6 6 7 7 6 7 6 7 7 7 7 7 6 7 6 7 7 7 7 7 6 6 7 7 5 7 7 7 7 7 7 7 7
Last Time Cost: 00000064 ms
Total Time Cost: 00000197 ms
Total Distance 419: 8 8 8 8 8 8 7 8 8 8 8 8 8 8 8 6 6 6 6 5 6 6 6 6 6 6 6 6 6 6 5 7 7 6 6 6 7 7 7 7 7 6 7 6 7 6 7 7 7 6 5 7 7 5 7 7 7 7 7 7 7 7
Last Time Cost: 00000066 ms
Total Time Cost: 00000263 ms
Total Distance 414: 8 8 7 8 8 8 7 8 8 8 8 8 8 8 8 6 6 6 6 5 6 6 6 6 5 6 6 6 6 6 5 7 7 6 6 6 7 7 6 7 7 6 7 6 7 6 7 7 7 6 5 7 7 5 7 6 7 7 7 6 7 7
Last Time Cost: 00000070 ms
Total Time Cost: 00000333 ms
Total Distance 409: 8 8 7 8 8 8 7 8 7 8 8 8 8 8 8 6 6 6 6 5 6 6 6 6 5 6 6 6 6 6 5 7 7 6 6 6 7 7 6 7 6 6 7 6 7 6 7 7 7 5 5 6 6 5 7 6 7 7 7 6 7 7
Last Time Cost: 00000067 ms
Total Time Cost: 00000400 ms
Total Distance 405: 8 8 7 8 8 8 7 8 7 8 8 7 8 8 8 6 6 6 6 5 6 6 6 6 4 6 6 6 6 6 5 7 7 6 6 6 7 7 6 7 6 6 7 6 7 6 7 7 7 5 5 6 5 5 7 6 7 7 7 6 7 6
Last Time Cost: 00000069 ms
Total Time Cost: 00000469 ms
Total Distance 401: 8 8 7 8 8 8 7 8 7 8 8 7 8 8 8 6 6 6 6 5 6 6 6 6 4 6 6 5 6 6 5 7 7 5 6 6 7 7 6 7 6 6 6 6 7 6 7 6 7 5 5 6 5 5 7 6 7 7 7 6 7 6
Last Time Cost: 00000072 ms
Total Time Cost: 00000541 ms
Total Distance 397: 8 8 7 8 8 8 7 8 7 7 8 6 8 8 8 5 6 6 6 5 6 6 6 6 4 6 6 5 6 6 5 7 7 5 6 6 7 7 6 7 5 6 6 6 7 6 7 6 7 5 5 6 5 5 7 6 7 7 7 6 7 6
Last Time Cost: 00000074 ms
Total Time Cost: 00000615 ms
Total Distance 393: 8 8 7 8 8 8 6 8 7 7 8 6 8 8 8 5 6 6 6 5 6 6 6 6 4 6 6 5 6 6 5 7 7 5 6 6 7 6 6 7 5 6 6 6 7 6 7 6 7 5 5 5 5 5 6 6 7 7 7 6 7 6
Last Time Cost: 00000072 ms
Total Time Cost: 00000687 ms
Total Distance 389: 8 8 7 8 7 8 6 8 7 7 7 6 8 7 8 5 6 5 6 5 6 6 6 6 4 6 6 5 6 6 5 7 7 5 6 6 7 6 6 7 5 6 6 6 7 6 7 6 7 5 5 5 5 5 6 6 7 7 7 6 7 6
Last Time Cost: 00000077 ms
Total Time Cost: 00000764 ms
Total Distance 386: 8 8 7 8 7 8 6 8 7 7 7 6 8 7 8 4 6 5 6 5 6 6 5 6 4 6 6 5 6 6 5 7 7 5 6 6 7 6 6 7 5 6 6 6 7 6 7 6 6 5 5 5 5 5 6 6 7 7 7 6 7 6
Last Time Cost: 00000081 ms
Total Time Cost: 00000845 ms
Total Distance 382: 8 8 7 8 7 8 5 7 7 7 7 6 8 7 8 4 6 5 6 5 6 6 5 6 4 6 6 5 6 6 5 7 7 5 6 6 7 5 6 7 5 6 6 6 7 6 7 6 6 5 5 5 5 5 5 6 7 7 7 6 7 6
Last Time Cost: 00000085 ms
Total Time Cost: 00000930 ms
Total Distance 379: 8 8 7 8 7 8 5 7 6 7 7 6 8 7 8 4 6 5 6 5 6 6 5 6 4 6 6 5 6 6 5 7 7 5 6 6 7 5 6 7 5 6 6 6 7 6 7 6 6 5 5 5 4 5 4 6 7 7 7 6 7 6
Last Time Cost: 00000087 ms
Total Time Cost: 00001017 ms
Total Distance 376: 8 8 7 8 7 8 5 7 6 7 6 6 8 7 8 4 5 5 6 5 6 6 5 6 4 6 6 5 6 6 5 7 7 5 6 6 7 5 6 7 5 6 5 6 7 6 7 6 6 5 5 5 4 5 4 6 7 7 7 6 7 6
Last Time Cost: 00000089 ms
Total Time Cost: 00001106 ms
Total Distance 373: 8 8 7 8 7 8 5 7 6 7 6 6 8 7 8 4 5 5 6 5 6 6 5 6 4 6 6 5 6 5 5 6 7 5 6 6 7 5 6 7 5 6 5 6 7 6 7 6 6 5 5 5 4 5 4 5 7 7 7 6 7 6
Last Time Cost: 00000093 ms
Total Time Cost: 00001199 ms
Total Distance 370: 8 7 7 8 7 8 5 7 6 7 6 6 8 7 8 4 5 5 6 5 5 6 5 6 4 6 6 5 6 5 5 6 7 4 6 6 7 5 6 7 5 6 5 6 7 6 7 6 6 5 5 5 4 5 4 5 7 7 7 6 7 6
Last Time Cost: 00000098 ms
Total Time Cost: 00001297 ms
Total Distance 367: 8 7 7 8 7 8 5 7 5 7 6 6 8 6 8 4 5 5 5 5 5 6 5 6 4 6 6 5 6 5 5 6 7 4 6 6 7 5 6 7 5 6 5 6 7 6 7 6 6 5 5 5 4 5 4 5 7 7 7 6 7 6
Last Time Cost: 00000100 ms
Total Time Cost: 00001397 ms
Total Distance 364: 8 7 7 8 7 8 5 7 5 7 6 6 8 6 8 4 5 5 5 5 5 6 5 6 4 6 6 5 6 5 5 6 7 4 6 6 7 5 6 6 4 6 5 6 7 6 7 6 6 5 5 5 4 5 4 5 6 7 7 6 7 6
Last Time Cost: 00000098 ms
Total Time Cost: 00001495 ms
Total Distance 361: 8 7 7 8 7 8 5 7 5 6 6 6 8 6 8 4 5 5 5 5 5 6 5 6 4 6 6 5 6 5 5 6 7 4 5 6 7 5 6 6 4 6 5 5 7 6 7 6 6 5 5 5 4 5 4 5 6 7 7 6 7 6
Last Time Cost: 00000100 ms
Total Time Cost: 00001595 ms
Total Distance 358: 8 7 7 8 7 8 5 7 5 6 6 6 7 6 8 4 5 5 4 5 5 6 5 6 4 6 6 5 6 5 5 6 7 4 5 6 7 5 6 6 4 6 5 5 7 5 7 6 6 5 5 5 4 5 4 5 6 7 7 6 7 6
Last Time Cost: 00000107 ms
Total Time Cost: 00001702 ms
Total Distance 355: 8 7 7 8 6 8 5 7 5 6 6 6 7 6 8 4 5 5 4 5 5 6 5 6 4 6 5 5 6 5 5 6 6 4 5 6 7 5 6 6 4 6 5 5 7 5 7 6 6 5 5 5 4 5 4 5 6 7 7 6 7 6
Last Time Cost: 00000098 ms
Total Time Cost: 00001800 ms
Total Distance 352: 8 7 6 8 6 8 5 7 5 6 6 5 6 6 8 4 5 5 4 5 5 6 5 6 4 6 5 5 6 5 5 6 6 4 5 6 7 5 6 6 4 6 5 5 7 5 7 6 6 5 5 5 4 5 4 5 6 7 7 6 7 6
Last Time Cost: 00000091 ms
Total Time Cost: 00001891 ms
Total Distance 349: 7 7 5 8 6 8 5 7 5 6 6 5 6 6 8 4 5 5 4 5 5 6 5 6 4 6 5 5 6 5 5 6 6 4 5 6 7 5 6 6 4 6 5 5 7 5 7 6 6 5 5 5 4 5 4 4 6 7 7 6 7 6
Last Time Cost: 00000098 ms
Total Time Cost: 00001989 ms
Total Distance 346: 7 7 5 8 6 8 5 7 5 6 6 4 6 6 7 4 5 5 4 5 5 6 5 6 4 6 5 5 6 5 5 6 6 4 5 6 7 5 6 6 4 6 5 5 7 5 7 6 6 5 5 5 4 5 4 4 6 7 6 6 7 6
Last Time Cost: 00000096 ms
Total Time Cost: 00002085 ms
Total Distance 343: 7 7 5 8 6 7 5 7 5 6 6 4 6 6 7 4 5 5 4 5 5 6 5 5 4 6 5 5 6 5 5 6 6 4 5 6 7 5 6 6 4 6 5 5 7 5 7 5 6 5 5 5 4 5 4 4 6 7 6 6 7 6
Last Time Cost: 00000100 ms
Total Time Cost: 00002185 ms
Total Distance 340: 7 7 5 8 6 6 5 7 5 6 6 4 6 6 7 4 5 5 4 5 5 6 5 5 4 6 5 5 6 5 5 6 6 4 5 6 7 5 6 6 4 6 5 5 6 5 7 5 6 5 5 5 4 5 4 4 6 7 6 6 7 5
Last Time Cost: 00000090 ms
Total Time Cost: 00002275 ms
Total Distance 338: 7 7 5 8 6 6 5 7 4 6 6 4 6 6 7 4 5 5 4 5 5 6 5 5 4 6 5 5 6 5 5 6 6 4 5 6 7 5 6 6 4 6 5 5 6 5 7 5 6 5 5 5 3 5 4 4 6 7 6 6 7 5
Last Time Cost: 00000094 ms
Total Time Cost: 00002369 ms
Total Distance 336: 7 7 5 8 6 6 5 7 4 6 6 4 6 6 7 4 5 5 4 5 5 6 5 5 4 6 5 5 6 5 5 6 6 3 5 6 7 5 6 6 4 6 5 4 6 5 7 5 6 5 5 5 3 5 4 4 6 7 6 6 7 5
Last Time Cost: 00000095 ms
Total Time Cost: 00002464 ms
Total Distance 333: 7 7 5 8 6 6 4 7 4 6 6 4 6 6 7 4 5 5 4 5 5 6 5 5 4 6 5 5 6 5 5 6 6 3 4 6 7 5 6 6 4 6 5 4 6 5 7 5 6 4 5 5 3 5 4 4 6 7 6 6 7 5
Last Time Cost: 00000102 ms
Total Time Cost: 00002566 ms
Total Distance 330: 7 7 5 8 6 6 4 7 4 6 6 4 6 6 6 4 5 5 4 5 5 6 5 5 4 6 5 5 6 5 5 6 6 3 4 6 7 5 6 6 4 6 5 4 6 5 7 5 6 4 4 5 3 5 4 3 6 7 6 6 7 5
Last Time Cost: 00000101 ms
Total Time Cost: 00002667 ms
Total Distance 327: 7 7 5 8 6 5 4 6 4 6 6 4 6 6 6 4 5 5 4 5 5 6 5 5 4 6 5 5 5 5 5 6 6 3 4 6 7 5 6 6 4 6 5 4 6 5 7 5 6 4 4 5 3 5 4 3 6 7 6 6 7 5
Last Time Cost: 00000093 ms
Total Time Cost: 00002760 ms
Total Distance 325: 7 7 5 8 6 5 4 6 4 6 6 4 6 6 6 4 5 5 4 5 5 6 5 5 4 6 5 5 5 5 5 6 6 3 3 6 7 5 6 6 4 6 5 3 6 5 7 5 6 4 4 5 3 5 4 3 6 7 6 6 7 5
Last Time Cost: 00000098 ms
Total Time Cost: 00002858 ms
Total Distance 323: 7 7 5 8 6 5 4 6 4 6 6 4 6 6 6 4 5 5 4 5 5 6 5 5 4 6 5 5 5 5 5 5 6 3 3 6 7 5 6 6 4 6 5 3 6 5 7 5 6 4 4 5 3 5 4 2 6 7 6 6 7 5
Last Time Cost: 00000105 ms
Total Time Cost: 00002963 ms
Total Distance 321: 7 7 5 8 6 5 4 6 4 6 6 4 6 6 5 4 5 5 4 5 5 6 5 5 4 6 5 5 5 5 5 5 6 3 3 6 7 5 6 6 4 6 5 3 6 5 7 5 6 4 4 5 3 5 4 1 6 7 6 6 7 5
Last Time Cost: 00000002 ms
Total Time Cost: 00002965 ms
Total Distance 320: 7 7 5 8 6 5 4 6 4 6 6 4 6 6 5 4 5 5 4 5 5 6 5 5 4 6 5 5 5 5 5 5 6 3 3 6 7 5 6 6 4 6 5 3 6 5 7 5 6 4 4 5 3 5 4 0 6 7 6 6 7 5
Last Time Cost: 00000117 ms
Total Time Cost: 00003082 ms
Total Distance 318: 7 7 5 8 6 5 4 6 4 6 6 4 6 6 5 4 5 5 4 5 5 6 5 5 3 6 5 5 5 5 5 5 6 3 3 6 7 5 6 6 4 6 5 3 6 5 7 5 6 4 4 5 3 5 4 0 6 7 6 6 7 4
Last Time Cost: 00000123 ms
Total Time Cost: 00003205 ms
Total Distance 316: 7 7 5 8 6 5 4 6 4 6 6 3 6 6 4 4 5 5 4 5 5 6 5 5 3 6 5 5 5 5 5 5 6 3 3 6 7 5 6 6 4 6 5 3 6 5 7 5 6 4 4 5 3 5 4 0 6 7 6 6 7 4
Last Time Cost: 00000128 ms
Total Time Cost: 00003333 ms
Total Distance 314: 7 7 5 8 6 5 4 6 4 6 6 3 6 6 4 4 5 5 4 5 5 6 5 5 3 6 5 5 5 5 5 5 6 3 3 6 7 5 6 5 3 6 5 3 6 5 7 5 6 4 4 5 3 5 4 0 6 7 6 6 7 4
Last Time Cost: 00000137 ms
Total Time Cost: 00003470 ms
Total Distance 312: 7 7 5 8 6 5 4 6 4 6 6 3 6 6 4 4 5 5 4 4 5 6 5 5 3 6 5 5 5 5 4 5 6 3 3 6 7 5 6 5 3 6 5 3 6 5 7 5 6 4 4 5 3 5 4 0 6 7 6 6 7 4
Last Time Cost: 00000140 ms
Total Time Cost: 00003610 ms
Total Distance 310: 7 7 5 8 6 5 4 6 4 6 6 3 6 6 4 4 5 5 4 4 5 6 5 5 3 6 5 5 5 5 4 5 6 3 3 6 7 5 6 5 3 6 5 3 6 5 7 5 6 4 3 5 3 5 4 0 5 7 6 6 7 4
Last Time Cost: 00000146 ms
Total Time Cost: 00003756 ms
Total Distance 308: 7 7 5 8 6 5 4 6 4 6 6 3 6 6 4 4 5 5 4 4 5 6 5 5 3 6 5 4 5 5 4 5 6 3 3 6 7 5 6 5 3 6 5 3 6 5 7 4 6 4 3 5 3 5 4 0 5 7 6 6 7 4
Last Time Cost: 00000156 ms
Total Time Cost: 00003912 ms
Total Distance 306: 7 7 5 8 6 5 4 6 4 6 6 3 6 6 4 4 5 5 4 4 5 6 5 4 3 6 5 4 5 4 4 5 6 3 3 6 7 5 6 5 3 6 5 3 6 5 7 4 6 4 3 5 3 5 4 0 5 7 6 6 7 4
Last Time Cost: 00000161 ms
Total Time Cost: 00004073 ms
Total Distance 304: 7 7 5 8 6 5 4 6 4 6 6 3 6 6 4 4 4 5 4 4 5 6 5 4 3 6 5 4 5 4 4 5 6 3 3 6 7 5 6 5 3 6 4 3 6 5 7 4 6 4 3 5 3 5 4 0 5 7 6 6 7 4
Last Time Cost: 00000170 ms
Total Time Cost: 00004243 ms
Total Distance 302: 7 7 5 8 6 5 4 6 4 6 6 3 5 6 3 4 4 5 4 4 5 6 5 4 3 6 5 4 5 4 4 5 6 3 3 6 7 5 6 5 3 6 4 3 6 5 7 4 6 4 3 5 3 5 4 0 5 7 6 6 7 4
Last Time Cost: 00000180 ms
Total Time Cost: 00004423 ms
Total Distance 300: 7 7 5 8 5 5 4 6 4 6 6 3 5 6 3 4 4 5 4 4 5 6 5 4 3 6 5 4 5 3 4 5 6 3 3 6 7 5 6 5 3 6 4 3 6 5 7 4 6 4 3 5 3 5 4 0 5 7 6 6 7 4
Last Time Cost: 00000196 ms
Total Time Cost: 00004619 ms
Total Distance 298: 7 7 5 8 5 5 4 6 4 6 6 3 4 6 3 4 4 4 4 4 5 6 5 4 3 6 5 4 5 3 4 5 6 3 3 6 7 5 6 5 3 6 4 3 6 5 7 4 6 4 3 5 3 5 4 0 5 7 6 6 7 4
Last Time Cost: 00000203 ms
Total Time Cost: 00004822 ms
Total Distance 296: 7 7 5 8 5 5 4 6 4 6 6 3 3 6 3 4 4 3 4 4 5 6 5 4 3 6 5 4 5 3 4 5 6 3 3 6 7 5 6 5 3 6 4 3 6 5 7 4 6 4 3 5 3 5 4 0 5 7 6 6 7 4
Last Time Cost: 00000206 ms
Total Time Cost: 00005028 ms
Total Distance 294: 7 7 5 8 5 5 4 6 4 6 6 3 3 6 3 4 4 3 4 4 5 6 5 4 3 6 5 4 5 3 4 5 6 3 2 6 7 5 6 5 3 6 4 3 6 5 7 4 6 4 3 5 3 5 4 0 5 7 6 6 6 4
Last Time Cost: 00000190 ms
Total Time Cost: 00005218 ms
Total Distance 292: 7 7 5 8 5 5 4 6 4 6 6 3 3 6 3 4 4 3 4 4 5 6 5 4 3 6 5 4 5 3 4 5 6 3 2 6 7 5 6 5 3 6 4 3 6 4 7 4 6 4 3 5 3 5 4 0 4 7 6 6 6 4
Last Time Cost: 00000200 ms
Total Time Cost: 00005418 ms
Total Distance 290: 7 7 5 8 5 5 4 6 4 6 6 3 3 6 3 4 4 3 4 4 5 6 5 4 3 6 5 4 5 3 4 5 6 3 2 5 7 5 6 5 3 6 4 3 6 4 7 3 6 4 3 5 3 5 4 0 4 7 6 6 6 4
Last Time Cost: 00000211 ms
Total Time Cost: 00005629 ms
Total Distance 288: 7 7 5 8 5 5 4 6 4 6 6 3 3 6 3 4 4 3 4 3 5 6 5 4 3 6 5 4 5 3 4 5 6 3 2 5 7 5 6 5 3 6 4 3 5 4 7 3 6 4 3 5 3 5 4 0 4 7 6 6 6 4
Last Time Cost: 00000216 ms
Total Time Cost: 00005845 ms
Total Distance 286: 7 7 5 8 5 5 4 5 4 6 6 3 3 6 3 4 4 3 4 3 5 6 5 4 3 6 5 4 5 3 4 5 6 3 2 5 7 5 6 5 3 6 4 3 5 3 7 3 6 4 3 5 3 5 4 0 4 7 6 6 6 4
Last Time Cost: 00000228 ms
Total Time Cost: 00006073 ms
Total Distance 284: 7 7 5 8 5 5 4 5 4 6 6 3 3 6 3 4 4 3 4 3 5 6 5 4 3 6 5 4 5 3 4 5 6 3 2 4 7 5 6 5 3 6 4 3 5 3 7 3 6 4 3 5 3 4 4 0 4 7 6 6 6 4
Last Time Cost: 00000239 ms
Total Time Cost: 00006312 ms
Total Distance 282: 7 7 5 8 5 5 4 5 4 6 6 3 3 5 3 4 4 3 3 3 5 6 5 4 3 6 5 4 5 3 4 5 6 3 2 4 7 5 6 5 3 6 4 3 5 3 7 3 6 4 3 5 3 4 4 0 4 7 6 6 6 4
Last Time Cost: 00000239 ms
Total Time Cost: 00006551 ms
Total Distance 280: 7 7 5 8 5 5 4 5 4 6 6 3 3 5 3 4 4 3 3 3 5 6 5 4 3 6 5 4 5 3 4 5 6 3 2 4 7 5 6 5 3 6 4 3 5 3 7 3 6 3 3 5 3 4 4 0 4 7 6 6 5 4
Last Time Cost: 00000252 ms
Total Time Cost: 00006803 ms
Total Distance 278: 7 7 5 8 5 5 4 5 4 6 6 3 3 5 3 4 4 3 3 3 5 6 5 4 3 6 5 4 5 3 4 5 6 3 2 4 7 5 6 5 3 6 3 3 5 3 7 3 6 3 3 5 3 4 4 0 4 7 6 5 5 4
Last Time Cost: 00000270 ms
Total Time Cost: 00007073 ms
Total Distance 276: 7 7 5 8 5 5 4 4 4 6 6 3 3 5 3 4 4 3 3 3 5 6 5 4 3 6 5 4 5 3 4 5 6 3 2 4 7 4 6 5 3 6 3 3 5 3 7 3 6 3 3 5 3 4 4 0 4 7 6 5 5 4
Last Time Cost: 00000288 ms
Total Time Cost: 00007361 ms
Total Distance 274: 7 7 5 8 5 5 4 4 4 6 5 3 3 5 3 4 4 3 3 3 5 6 5 4 3 6 5 4 5 3 4 5 6 3 2 4 7 3 6 5 3 6 3 3 5 3 7 3 6 3 3 5 3 4 4 0 4 7 6 5 5 4
Last Time Cost: 00000290 ms
Total Time Cost: 00007651 ms
Total Distance 272: 7 7 5 8 5 5 4 4 4 6 5 3 3 5 3 4 4 3 3 3 5 6 4 4 3 6 5 4 5 3 4 5 6 3 2 4 7 3 6 5 3 6 3 3 5 3 7 3 5 3 3 5 3 4 4 0 4 7 6 5 5 4
Last Time Cost: 00000306 ms
Total Time Cost: 00007957 ms
Total Distance 270: 7 7 5 8 5 5 4 4 4 6 5 3 3 5 3 4 4 3 3 3 5 6 3 4 3 6 5 4 5 3 4 5 6 3 2 4 7 3 6 5 3 6 3 3 5 3 7 3 4 3 3 5 3 4 4 0 4 7 6 5 5 4
Last Time Cost: 00000321 ms
Total Time Cost: 00008278 ms
Total Distance 268: 7 7 5 8 5 5 4 4 4 6 5 3 3 5 3 4 4 3 3 3 5 6 2 4 3 6 5 4 5 3 4 5 6 3 2 4 7 3 6 5 3 6 3 3 5 3 7 3 3 3 3 5 3 4 4 0 4 7 6 5 5 4
Last Time Cost: 00000332 ms
Total Time Cost: 00008610 ms
Total Distance 266: 7 7 5 8 5 5 4 4 4 6 5 3 3 4 3 4 4 3 3 3 5 6 2 4 3 6 5 4 5 3 4 5 6 3 2 4 7 3 5 5 3 6 3 3 5 3 7 3 3 3 3 5 3 4 4 0 4 7 6 5 5 4
Last Time Cost: 00000346 ms
Total Time Cost: 00008956 ms
Total Distance 264: 7 6 5 8 5 5 4 4 4 6 5 3 3 4 3 4 4 3 3 3 5 6 2 4 3 6 5 3 5 3 4 5 6 3 2 4 7 3 5 5 3 6 3 3 5 3 7 3 3 3 3 5 3 4 4 0 4 7 6 5 5 4
Last Time Cost: 00000310 ms
Total Time Cost: 00009266 ms
Total Distance 262: 7 5 5 8 5 5 4 4 4 6 5 3 3 4 3 4 4 3 3 3 4 6 2 4 3 6 5 3 5 3 4 5 6 3 2 4 7 3 5 5 3 6 3 3 5 3 7 3 3 3 3 5 3 4 4 0 4 7 6 5 5 4
Last Time Cost: 00000321 ms
Total Time Cost: 00009587 ms
Total Distance 260: 7 4 5 8 5 5 4 4 4 6 5 3 3 4 3 4 4 3 3 3 3 6 2 4 3 6 5 3 5 3 4 5 6 3 2 4 7 3 5 5 3 6 3 3 5 3 7 3 3 3 3 5 3 4 4 0 4 7 6 5 5 4
Last Time Cost: 00000335 ms
Total Time Cost: 00009922 ms
Total Distance 258: 7 3 5 8 5 5 4 4 4 6 5 3 3 4 3 4 4 3 3 3 3 6 2 4 3 6 5 3 5 3 4 5 6 3 2 4 7 3 5 5 3 6 3 3 5 3 7 3 3 3 3 5 3 4 4 0 4 7 6 5 4 4
Last Time Cost: 00000349 ms
Total Time Cost: 00010271 ms
Total Distance 256: 7 3 5 8 5 5 4 4 4 6 5 3 3 4 3 4 4 3 3 3 2 6 2 4 3 6 5 3 5 3 4 5 6 3 2 4 7 3 5 5 3 5 3 3 5 3 7 3 3 3 3 5 3 4 4 0 4 7 6 5 4 4
Last Time Cost: 00000354 ms
Total Time Cost: 00010625 ms
Total Distance 254: 7 3 5 8 5 5 4 4 4 6 5 3 3 4 3 4 4 3 3 3 2 6 2 4 3 6 5 3 5 3 4 5 6 3 2 4 7 3 5 5 3 5 3 3 5 3 7 3 3 3 3 5 3 4 4 0 4 7 5 5 3 4
Last Time Cost: 00000371 ms
Total Time Cost: 00010996 ms
Total Distance 252: 7 3 5 8 5 5 4 4 4 6 5 3 3 4 3 4 3 3 3 3 2 6 2 4 3 6 5 3 5 3 4 5 6 3 2 4 7 3 5 5 3 5 3 3 5 3 7 3 3 3 3 5 3 4 4 0 4 6 5 5 3 4
Last Time Cost: 00000319 ms
Total Time Cost: 00011315 ms
Total Distance 250: 7 3 5 8 5 5 4 4 4 6 5 3 3 4 3 4 2 3 3 3 2 6 2 4 3 6 5 3 5 3 4 5 6 3 2 4 7 3 5 5 3 5 3 3 5 3 7 3 3 3 3 5 3 4 4 0 4 5 5 5 3 4
Last Time Cost: 00000335 ms
Total Time Cost: 00011650 ms
Total Distance 248: 7 3 5 8 5 5 4 4 4 6 5 3 3 4 3 4 2 3 3 3 2 6 2 4 3 6 5 3 5 3 4 5 6 3 2 4 7 3 5 5 3 5 3 3 5 3 7 3 3 3 3 5 3 4 4 0 4 4 5 5 3 3
Last Time Cost: 00000345 ms
Total Time Cost: 00011995 ms
Total Distance 246: 7 3 5 8 4 5 4 4 4 6 5 3 3 4 3 4 2 3 3 3 2 6 2 4 3 6 5 3 5 3 4 5 6 3 2 4 7 3 5 5 3 5 3 3 5 3 7 3 3 3 3 4 3 4 4 0 4 4 5 5 3 3
Last Time Cost: 00000351 ms
Total Time Cost: 00012346 ms
Total Distance 244: 7 3 5 8 4 5 4 4 4 6 5 3 3 4 3 4 2 3 3 3 2 5 2 4 3 6 5 3 5 3 4 5 6 3 2 4 7 3 4 5 3 5 3 3 5 3 7 3 3 3 3 4 3 4 4 0 4 4 5 5 3 3
Last Time Cost: 00000367 ms
Total Time Cost: 00012713 ms
Total Distance 242: 6 3 5 8 4 5 4 4 4 6 5 3 3 4 3 4 2 3 3 3 2 5 2 3 3 6 5 3 5 3 4 5 6 3 2 4 7 3 4 5 3 5 3 3 5 3 7 3 3 3 3 4 3 4 4 0 4 4 5 5 3 3
Last Time Cost: 00000306 ms
Total Time Cost: 00013019 ms
Total Distance 240: 5 3 5 8 4 5 4 4 4 6 5 3 3 3 3 4 2 3 3 3 2 5 2 3 3 6 5 3 5 3 4 5 6 3 2 4 7 3 4 5 3 5 3 3 5 3 7 3 3 3 3 4 3 4 4 0 4 4 5 5 3 3
Last Time Cost: 00000312 ms
Total Time Cost: 00013331 ms
Total Distance 238: 4 3 4 8 4 5 4 4 4 6 5 3 3 3 3 4 2 3 3 3 2 5 2 3 3 6 5 3 5 3 4 5 6 3 2 4 7 3 4 5 3 5 3 3 5 3 7 3 3 3 3 4 3 4 4 0 4 4 5 5 3 3
Last Time Cost: 00000327 ms
Total Time Cost: 00013658 ms
Total Distance 236: 4 3 4 8 4 5 4 4 4 6 5 3 3 3 3 4 2 3 3 3 2 4 2 3 3 6 5 3 5 3 4 5 5 3 2 4 7 3 4 5 3 5 3 3 5 3 7 3 3 3 3 4 3 4 4 0 4 4 5 5 3 3
Last Time Cost: 00000334 ms
Total Time Cost: 00013992 ms
Total Distance 234: 4 3 4 8 4 5 4 4 4 6 5 3 3 3 3 4 2 3 3 3 2 4 2 3 3 6 5 3 5 3 4 4 5 3 2 4 6 3 4 5 3 5 3 3 5 3 7 3 3 3 3 4 3 4 4 0 4 4 5 5 3 3
Last Time Cost: 00000260 ms
Total Time Cost: 00014252 ms
Total Distance 232: 4 3 4 8 4 5 4 4 4 6 5 3 3 3 3 4 2 3 3 3 2 4 2 3 3 6 5 3 5 3 4 4 4 3 2 4 5 3 4 5 3 5 3 3 5 3 7 3 3 3 3 4 3 4 4 0 4 4 5 5 3 3
Last Time Cost: 00000272 ms
Total Time Cost: 00014524 ms
Total Distance 230: 4 3 4 8 4 5 4 4 4 6 5 3 3 3 3 4 2 3 3 3 2 4 2 3 3 6 5 3 4 3 4 4 4 3 2 4 4 3 4 5 3 5 3 3 5 3 7 3 3 3 3 4 3 4 4 0 4 4 5 5 3 3
Last Time Cost: 00000270 ms
Total Time Cost: 00014794 ms
Total Distance 228: 4 3 4 7 4 5 3 4 4 6 5 3 3 3 3 4 2 3 3 3 2 4 2 3 3 6 5 3 4 3 4 4 4 3 2 4 4 3 4 5 3 5 3 3 5 3 7 3 3 3 3 4 3 4 4 0 4 4 5 5 3 3
Last Time Cost: 00000232 ms
Total Time Cost: 00015026 ms
Total Distance 226: 4 3 4 6 4 5 2 4 4 6 5 3 3 3 3 4 2 3 3 3 2 4 2 3 3 6 5 3 4 3 4 4 4 3 2 4 4 3 4 5 3 5 3 3 5 3 7 3 3 3 3 4 3 4 4 0 4 4 5 5 3 3
Last Time Cost: 00000129 ms
Total Time Cost: 00015155 ms
Total Distance 224: 4 3 4 5 4 5 2 4 4 6 5 3 3 3 3 3 2 3 3 3 2 4 2 3 3 6 5 3 4 3 4 4 4 3 2 4 4 3 4 5 3 5 3 3 5 3 7 3 3 3 3 4 3 4 4 0 4 4 5 5 3 3
Last Time Cost: 00000135 ms
Total Time Cost: 00015290 ms
Total Distance 222: 4 3 4 5 4 5 2 4 4 6 5 3 3 3 3 3 2 3 3 3 2 4 2 3 3 6 5 3 4 3 4 4 4 3 2 4 4 3 4 5 3 4 3 3 5 3 6 3 3 3 3 4 3 4 4 0 4 4 5 5 3 3
Last Time Cost: 00000024 ms
Total Time Cost: 00015314 ms
Total Distance 221: 4 3 4 5 4 5 1 4 4 6 5 3 3 3 3 3 2 3 3 3 2 4 2 3 3 6 5 3 4 3 4 4 4 3 2 4 4 3 4 5 3 4 3 3 5 3 6 3 3 3 3 4 3 4 4 0 4 4 5 5 3 3
Last Time Cost: 00000001 ms
Total Time Cost: 00015315 ms
Total Distance 220: 4 3 4 5 4 5 0 4 4 6 5 3 3 3 3 3 2 3 3 3 2 4 2 3 3 6 5 3 4 3 4 4 4 3 2 4 4 3 4 5 3 4 3 3 5 3 6 3 3 3 3 4 3 4 4 0 4 4 5 5 3 3
Last Time Cost: 00000025 ms
Total Time Cost: 00015340 ms
Total Distance 219: 4 3 4 5 4 5 0 4 4 6 5 3 3 3 3 3 2 3 3 3 1 4 2 3 3 6 5 3 4 3 4 4 4 3 2 4 4 3 4 5 3 4 3 3 5 3 6 3 3 3 3 4 3 4 4 0 4 4 5 5 3 3
Last Time Cost: 00000001 ms
Total Time Cost: 00015341 ms
Total Distance 218: 4 3 4 5 4 5 0 4 4 6 5 3 3 3 3 3 2 3 3 3 0 4 2 3 3 6 5 3 4 3 4 4 4 3 2 4 4 3 4 5 3 4 3 3 5 3 6 3 3 3 3 4 3 4 4 0 4 4 5 5 3 3
Last Time Cost: 00000027 ms
Total Time Cost: 00015368 ms
Total Distance 217: 4 3 4 5 4 5 0 4 4 6 5 3 3 3 3 3 2 3 3 3 0 4 2 3 3 6 5 3 4 3 4 4 4 3 1 4 4 3 4 5 3 4 3 3 5 3 6 3 3 3 3 4 3 4 4 0 4 4 5 5 3 3
Last Time Cost: 00000001 ms
Total Time Cost: 00015369 ms
Total Distance 216: 4 3 4 5 4 5 0 4 4 6 5 3 3 3 3 3 2 3 3 3 0 4 2 3 3 6 5 3 4 3 4 4 4 3 0 4 4 3 4 5 3 4 3 3 5 3 6 3 3 3 3 4 3 4 4 0 4 4 5 5 3 3
Last Time Cost: 00000028 ms
Total Time Cost: 00015397 ms
Total Distance 215: 4 3 4 5 4 5 0 4 4 6 5 3 3 3 3 3 2 3 3 3 0 4 1 3 3 6 5 3 4 3 4 4 4 3 0 4 4 3 4 5 3 4 3 3 5 3 6 3 3 3 3 4 3 4 4 0 4 4 5 5 3 3
Last Time Cost: 00000001 ms
Total Time Cost: 00015398 ms
Total Distance 214: 4 3 4 5 4 5 0 4 4 6 5 3 3 3 3 3 2 3 3 3 0 4 0 3 3 6 5 3 4 3 4 4 4 3 0 4 4 3 4 5 3 4 3 3 5 3 6 3 3 3 3 4 3 4 4 0 4 4 5 5 3 3
Last Time Cost: 00000030 ms
Total Time Cost: 00015428 ms
Total Distance 213: 4 3 4 5 4 5 0 4 4 6 5 3 3 3 3 3 1 3 3 3 0 4 0 3 3 6 5 3 4 3 4 4 4 3 0 4 4 3 4 5 3 4 3 3 5 3 6 3 3 3 3 4 3 4 4 0 4 4 5 5 3 3
Last Time Cost: 00000001 ms
Total Time Cost: 00015429 ms
Total Distance 212: 4 3 4 5 4 5 0 4 4 6 5 3 3 3 3 3 0 3 3 3 0 4 0 3 3 6 5 3 4 3 4 4 4 3 0 4 4 3 4 5 3 4 3 3 5 3 6 3 3 3 3 4 3 4 4 0 4 4 5 5 3 3
Last Time Cost: 00000031 ms
Total Time Cost: 00015460 ms
Total Distance 211: 4 3 4 5 4 5 0 4 4 6 5 3 3 3 3 3 0 3 3 3 0 4 0 3 3 6 5 2 4 3 4 4 4 3 0 4 4 3 4 5 3 4 3 3 5 3 6 3 3 3 3 4 3 4 4 0 4 4 5 5 3 3
Last Time Cost: 00000002 ms
Total Time Cost: 00015462 ms
Total Distance 210: 4 3 4 5 4 5 0 4 4 6 5 3 3 3 3 3 0 3 3 3 0 4 0 3 3 6 5 1 4 3 4 4 4 3 0 4 4 3 4 5 3 4 3 3 5 3 6 3 3 3 3 4 3 4 4 0 4 4 5 5 3 3
Last Time Cost: 00000001 ms
Total Time Cost: 00015463 ms
Total Distance 209: 4 3 4 5 4 5 0 4 4 6 5 3 3 3 3 3 0 3 3 3 0 4 0 3 3 6 5 0 4 3 4 4 4 3 0 4 4 3 4 5 3 4 3 3 5 3 6 3 3 3 3 4 3 4 4 0 4 4 5 5 3 3
Last Time Cost: 00000034 ms
Total Time Cost: 00015497 ms
Total Distance 208: 4 3 4 5 4 5 0 4 4 6 5 3 3 3 3 3 0 3 3 3 0 4 0 3 3 6 5 0 4 3 4 4 4 3 0 4 4 3 4 5 3 4 3 3 5 3 6 3 3 2 3 4 3 4 4 0 4 4 5 5 3 3
Last Time Cost: 00000001 ms
Total Time Cost: 00015498 ms
Total Distance 207: 4 3 4 5 4 5 0 4 4 6 5 3 3 3 3 3 0 3 3 3 0 4 0 3 3 6 5 0 4 3 4 4 4 3 0 4 4 3 4 5 3 4 3 3 5 3 6 3 3 1 3 4 3 4 4 0 4 4 5 5 3 3
Last Time Cost: 00000001 ms
Total Time Cost: 00015499 ms
Total Distance 206: 4 3 4 5 4 5 0 4 4 6 5 3 3 3 3 3 0 3 3 3 0 4 0 3 3 6 5 0 4 3 4 4 4 3 0 4 4 3 4 5 3 4 3 3 5 3 6 3 3 0 3 4 3 4 4 0 4 4 5 5 3 3
Last Time Cost: 00000036 ms
Total Time Cost: 00015535 ms
Total Distance 205: 4 3 4 5 4 5 0 4 4 6 5 3 2 3 3 3 0 3 3 3 0 4 0 3 3 6 5 0 4 3 4 4 4 3 0 4 4 3 4 5 3 4 3 3 5 3 6 3 3 0 3 4 3 4 4 0 4 4 5 5 3 3
Last Time Cost: 00000001 ms
Total Time Cost: 00015536 ms
Total Distance 204: 4 3 4 5 4 5 0 4 4 6 5 3 1 3 3 3 0 3 3 3 0 4 0 3 3 6 5 0 4 3 4 4 4 3 0 4 4 3 4 5 3 4 3 3 5 3 6 3 3 0 3 4 3 4 4 0 4 4 5 5 3 3
Last Time Cost: 00000001 ms
Total Time Cost: 00015537 ms
Total Distance 203: 4 3 4 5 4 5 0 4 4 6 5 3 0 3 3 3 0 3 3 3 0 4 0 3 3 6 5 0 4 3 4 4 4 3 0 4 4 3 4 5 3 4 3 3 5 3 6 3 3 0 3 4 3 4 4 0 4 4 5 5 3 3
Last Time Cost: 00000039 ms
Total Time Cost: 00015576 ms
Total Distance 202: 4 3 4 5 4 5 0 4 4 6 5 3 0 3 3 3 0 3 3 3 0 4 0 3 3 6 5 0 4 3 4 4 4 3 0 4 4 3 4 5 3 4 3 2 5 3 6 3 3 0 3 4 3 4 4 0 4 4 5 5 3 3
Last Time Cost: 00000001 ms
Total Time Cost: 00015577 ms
Total Distance 201: 4 3 4 5 4 5 0 4 4 6 5 3 0 3 3 3 0 3 3 3 0 4 0 3 3 6 5 0 4 3 4 4 4 3 0 4 4 3 4 5 3 4 3 1 5 3 6 3 3 0 3 4 3 4 4 0 4 4 5 5 3 3
Last Time Cost: 00000001 ms
Total Time Cost: 00015578 ms
Total Distance 200: 4 3 4 5 4 5 0 4 4 6 5 3 0 3 3 3 0 3 3 3 0 4 0 3 3 6 5 0 4 3 4 4 4 3 0 4 4 3 4 5 3 4 3 0 5 3 6 3 3 0 3 4 3 4 4 0 4 4 5 5 3 3
Last Time Cost: 00000041 ms
Total Time Cost: 00015619 ms
Total Distance 199: 4 3 4 5 4 5 0 4 4 6 5 3 0 3 3 3 0 3 3 3 0 4 0 3 3 6 5 0 4 3 4 4 4 3 0 4 4 3 4 5 3 4 3 0 5 3 6 3 3 0 3 4 3 4 4 0 4 4 5 5 2 3
Last Time Cost: 00000001 ms
Total Time Cost: 00015620 ms
Total Distance 198: 4 3 4 5 4 5 0 4 4 6 5 3 0 3 3 3 0 3 3 3 0 4 0 3 3 6 5 0 4 3 4 4 4 3 0 4 4 3 4 5 3 4 3 0 5 3 6 3 3 0 3 4 3 4 4 0 4 4 5 5 1 3
Last Time Cost: 00000001 ms
Total Time Cost: 00015621 ms
Total Distance 197: 4 3 4 5 4 5 0 4 4 6 5 3 0 3 3 3 0 3 3 3 0 4 0 3 3 6 5 0 4 3 4 4 4 3 0 4 4 3 4 5 3 4 3 0 5 3 6 3 3 0 3 4 3 4 4 0 4 4 5 5 0 3
Last Time Cost: 00000043 ms
Total Time Cost: 00015664 ms
Total Distance 196: 4 2 4 5 4 5 0 4 4 6 5 3 0 3 3 3 0 3 3 3 0 4 0 3 3 6 5 0 4 3 4 4 4 3 0 4 4 3 4 5 3 4 3 0 5 3 6 3 3 0 3 4 3 4 4 0 4 4 5 5 0 3
Last Time Cost: 00000001 ms
Total Time Cost: 00015665 ms
Total Distance 195: 4 1 4 5 4 5 0 4 4 6 5 3 0 3 3 3 0 3 3 3 0 4 0 3 3 6 5 0 4 3 4 4 4 3 0 4 4 3 4 5 3 4 3 0 5 3 6 3 3 0 3 4 3 4 4 0 4 4 5 5 0 3
Last Time Cost: 00000001 ms
Total Time Cost: 00015666 ms
Total Distance 194: 4 0 4 5 4 5 0 4 4 6 5 3 0 3 3 3 0 3 3 3 0 4 0 3 3 6 5 0 4 3 4 4 4 3 0 4 4 3 4 5 3 4 3 0 5 3 6 3 3 0 3 4 3 4 4 0 4 4 5 5 0 3
Last Time Cost: 00000046 ms
Total Time Cost: 00015712 ms
Total Distance 193: 4 0 4 5 4 5 0 4 4 6 5 3 0 3 3 3 0 3 3 3 0 4 0 3 3 6 5 0 4 3 4 4 4 3 0 4 4 3 4 5 3 4 3 0 5 3 6 2 3 0 3 4 3 4 4 0 4 4 5 5 0 3
Last Time Cost: 00000001 ms
Total Time Cost: 00015713 ms
Total Distance 192: 4 0 4 5 4 5 0 4 4 6 5 3 0 3 3 3 0 3 3 3 0 4 0 3 3 6 5 0 4 3 4 4 4 3 0 4 4 3 4 5 3 4 3 0 5 3 6 1 3 0 3 4 3 4 4 0 4 4 5 5 0 3
Last Time Cost: 00000001 ms
Total Time Cost: 00015714 ms
Total Distance 191: 4 0 4 5 4 5 0 4 4 6 5 3 0 3 3 3 0 3 3 3 0 4 0 3 3 6 5 0 4 3 4 4 4 3 0 4 4 3 4 5 3 4 3 0 5 3 6 0 3 0 3 4 3 4 4 0 4 4 5 5 0 3
Last Time Cost: 00000050 ms
Total Time Cost: 00015764 ms
Total Distance 190: 4 0 4 5 4 5 0 4 4 6 5 3 0 3 3 3 0 3 3 3 0 4 0 3 3 6 5 0 4 3 4 4 4 3 0 4 4 3 4 5 3 4 3 0 5 3 6 0 3 0 3 4 3 4 4 0 4 4 5 5 0 2
Last Time Cost: 00000001 ms
Total Time Cost: 00015765 ms
Total Distance 189: 4 0 4 5 4 5 0 4 4 6 5 3 0 3 3 3 0 3 3 3 0 4 0 3 3 6 5 0 4 3 4 4 4 3 0 4 4 3 4 5 3 4 3 0 5 3 6 0 3 0 3 4 3 4 4 0 4 4 5 5 0 1
Last Time Cost: 00000001 ms
Total Time Cost: 00015766 ms
Total Distance 188: 4 0 4 5 4 5 0 4 4 6 5 3 0 3 3 3 0 3 3 3 0 4 0 3 3 6 5 0 4 3 4 4 4 3 0 4 4 3 4 5 3 4 3 0 5 3 6 0 3 0 3 4 3 4 4 0 4 4 5 5 0 0
Last Time Cost: 00000057 ms
Total Time Cost: 00015823 ms
Total Distance 186: 4 0 4 5 4 4 0 4 4 6 5 3 0 3 3 3 0 3 3 3 0 4 0 3 3 6 5 0 4 3 4 4 4 3 0 4 4 3 4 5 3 4 3 0 5 3 6 0 3 0 3 4 3 4 4 0 4 4 4 5 0 0
Last Time Cost: 00000049 ms
Total Time Cost: 00015872 ms
Total Distance 184: 4 0 4 5 4 3 0 4 4 6 5 3 0 3 3 3 0 3 3 3 0 4 0 3 3 6 5 0 4 3 4 4 4 3 0 4 4 3 4 5 3 4 3 0 5 3 6 0 3 0 3 4 3 4 4 0 4 4 3 5 0 0
Last Time Cost: 00000050 ms
Total Time Cost: 00015922 ms
Total Distance 182: 4 0 4 4 4 3 0 4 4 6 5 3 0 3 3 3 0 3 3 3 0 4 0 3 3 6 5 0 4 3 4 4 4 3 0 4 4 3 4 5 3 4 3 0 5 3 6 0 3 0 3 4 3 4 4 0 3 4 3 5 0 0
Last Time Cost: 00000047 ms
Total Time Cost: 00015969 ms
Total Distance 181: 4 0 4 4 4 3 0 4 4 6 5 3 0 3 3 3 0 3 3 3 0 4 0 3 3 6 5 0 4 3 4 4 4 3 0 4 4 3 4 5 3 4 3 0 5 3 6 0 3 0 2 4 3 4 4 0 3 4 3 5 0 0
Last Time Cost: 00000002 ms
Total Time Cost: 00015971 ms
Total Distance 180: 4 0 4 4 4 3 0 4 4 6 5 3 0 3 3 3 0 3 3 3 0 4 0 3 3 6 5 0 4 3 4 4 4 3 0 4 4 3 4 5 3 4 3 0 5 3 6 0 3 0 1 4 3 4 4 0 3 4 3 5 0 0
Last Time Cost: 00000001 ms
Total Time Cost: 00015972 ms
Total Distance 179: 4 0 4 4 4 3 0 4 4 6 5 3 0 3 3 3 0 3 3 3 0 4 0 3 3 6 5 0 4 3 4 4 4 3 0 4 4 3 4 5 3 4 3 0 5 3 6 0 3 0 0 4 3 4 4 0 3 4 3 5 0 0
Last Time Cost: 00000050 ms
Total Time Cost: 00016022 ms
Total Distance 178: 4 0 4 4 4 3 0 4 4 6 5 3 0 3 3 3 0 3 3 3 0 4 0 3 3 6 5 0 4 3 4 4 4 3 0 4 4 3 4 5 2 4 3 0 5 3 6 0 3 0 0 4 3 4 4 0 3 4 3 5 0 0
Last Time Cost: 00000002 ms
Total Time Cost: 00016024 ms
Total Distance 177: 4 0 4 4 4 3 0 4 4 6 5 3 0 3 3 3 0 3 3 3 0 4 0 3 3 6 5 0 4 3 4 4 4 3 0 4 4 3 4 5 1 4 3 0 5 3 6 0 3 0 0 4 3 4 4 0 3 4 3 5 0 0
Last Time Cost: 00000001 ms
Total Time Cost: 00016025 ms
Total Distance 176: 4 0 4 4 4 3 0 4 4 6 5 3 0 3 3 3 0 3 3 3 0 4 0 3 3 6 5 0 4 3 4 4 4 3 0 4 4 3 4 5 0 4 3 0 5 3 6 0 3 0 0 4 3 4 4 0 3 4 3 5 0 0
Last Time Cost: 00000055 ms
Total Time Cost: 00016080 ms
Total Distance 175: 4 0 4 4 4 3 0 4 4 6 5 3 0 3 3 3 0 3 3 3 0 4 0 3 3 6 5 0 4 3 4 4 4 3 0 4 4 3 4 5 0 4 3 0 5 3 6 0 3 0 0 4 3 4 4 0 2 4 3 5 0 0
Last Time Cost: 00000002 ms
Total Time Cost: 00016082 ms
Total Distance 174: 4 0 4 4 4 3 0 4 4 6 5 3 0 3 3 3 0 3 3 3 0 4 0 3 3 6 5 0 4 3 4 4 4 3 0 4 4 3 4 5 0 4 3 0 5 3 6 0 3 0 0 4 3 4 4 0 1 4 3 5 0 0
Last Time Cost: 00000001 ms
Total Time Cost: 00016083 ms
Total Distance 173: 4 0 4 4 4 3 0 4 4 6 5 3 0 3 3 3 0 3 3 3 0 4 0 3 3 6 5 0 4 3 4 4 4 3 0 4 4 3 4 5 0 4 3 0 5 3 6 0 3 0 0 4 3 4 4 0 0 4 3 5 0 0
Last Time Cost: 00000058 ms
Total Time Cost: 00016141 ms
Total Distance 172: 4 0 4 4 4 3 0 4 4 6 5 3 0 3 3 3 0 3 3 3 0 4 0 3 3 6 5 0 4 3 4 4 4 3 0 4 4 3 4 5 0 4 3 0 5 3 6 0 3 0 0 4 2 4 4 0 0 4 3 5 0 0
Last Time Cost: 00000002 ms
Total Time Cost: 00016143 ms
Total Distance 171: 4 0 4 4 4 3 0 4 4 6 5 3 0 3 3 3 0 3 3 3 0 4 0 3 3 6 5 0 4 3 4 4 4 3 0 4 4 3 4 5 0 4 3 0 5 3 6 0 3 0 0 4 1 4 4 0 0 4 3 5 0 0
Last Time Cost: 00000001 ms
Total Time Cost: 00016144 ms
Total Distance 170: 4 0 4 4 4 3 0 4 4 6 5 3 0 3 3 3 0 3 3 3 0 4 0 3 3 6 5 0 4 3 4 4 4 3 0 4 4 3 4 5 0 4 3 0 5 3 6 0 3 0 0 4 0 4 4 0 0 4 3 5 0 0
Last Time Cost: 00000062 ms
Total Time Cost: 00016206 ms
Total Distance 169: 4 0 4 4 4 3 0 4 4 6 5 3 0 3 2 3 0 3 3 3 0 4 0 3 3 6 5 0 4 3 4 4 4 3 0 4 4 3 4 5 0 4 3 0 5 3 6 0 3 0 0 4 0 4 4 0 0 4 3 5 0 0
Last Time Cost: 00000002 ms
Total Time Cost: 00016208 ms
Total Distance 168: 4 0 4 4 4 3 0 4 4 6 5 3 0 3 1 3 0 3 3 3 0 4 0 3 3 6 5 0 4 3 4 4 4 3 0 4 4 3 4 5 0 4 3 0 5 3 6 0 3 0 0 4 0 4 4 0 0 4 3 5 0 0
Last Time Cost: 00000001 ms
Total Time Cost: 00016209 ms
Total Distance 167: 4 0 4 4 4 3 0 4 4 6 5 3 0 3 0 3 0 3 3 3 0 4 0 3 3 6 5 0 4 3 4 4 4 3 0 4 4 3 4 5 0 4 3 0 5 3 6 0 3 0 0 4 0 4 4 0 0 4 3 5 0 0
Last Time Cost: 00000063 ms
Total Time Cost: 00016272 ms
Total Distance 166: 4 0 4 4 4 3 0 4 4 6 5 3 0 3 0 3 0 3 3 3 0 4 0 2 3 6 5 0 4 3 4 4 4 3 0 4 4 3 4 5 0 4 3 0 5 3 6 0 3 0 0 4 0 4 4 0 0 4 3 5 0 0
Last Time Cost: 00000002 ms
Total Time Cost: 00016274 ms
Total Distance 165: 4 0 4 4 4 3 0 4 4 6 5 3 0 3 0 3 0 3 3 3 0 4 0 1 3 6 5 0 4 3 4 4 4 3 0 4 4 3 4 5 0 4 3 0 5 3 6 0 3 0 0 4 0 4 4 0 0 4 3 5 0 0
Last Time Cost: 00000001 ms
Total Time Cost: 00016275 ms
Total Distance 164: 4 0 4 4 4 3 0 4 4 6 5 3 0 3 0 3 0 3 3 3 0 4 0 0 3 6 5 0 4 3 4 4 4 3 0 4 4 3 4 5 0 4 3 0 5 3 6 0 3 0 0 4 0 4 4 0 0 4 3 5 0 0
Last Time Cost: 00000066 ms
Total Time Cost: 00016341 ms
Total Distance 163: 4 0 4 4 4 3 0 4 4 6 5 3 0 3 0 2 0 3 3 3 0 4 0 0 3 6 5 0 4 3 4 4 4 3 0 4 4 3 4 5 0 4 3 0 5 3 6 0 3 0 0 4 0 4 4 0 0 4 3 5 0 0
Last Time Cost: 00000002 ms
Total Time Cost: 00016343 ms
Total Distance 162: 4 0 4 4 4 3 0 4 4 6 5 3 0 3 0 1 0 3 3 3 0 4 0 0 3 6 5 0 4 3 4 4 4 3 0 4 4 3 4 5 0 4 3 0 5 3 6 0 3 0 0 4 0 4 4 0 0 4 3 5 0 0
Last Time Cost: 00000001 ms
Total Time Cost: 00016344 ms
Total Distance 161: 4 0 4 4 4 3 0 4 4 6 5 3 0 3 0 0 0 3 3 3 0 4 0 0 3 6 5 0 4 3 4 4 4 3 0 4 4 3 4 5 0 4 3 0 5 3 6 0 3 0 0 4 0 4 4 0 0 4 3 5 0 0
Last Time Cost: 00000070 ms
Total Time Cost: 00016414 ms
Total Distance 160: 4 0 4 4 4 3 0 4 4 6 5 3 0 3 0 0 0 3 2 3 0 4 0 0 3 6 5 0 4 3 4 4 4 3 0 4 4 3 4 5 0 4 3 0 5 3 6 0 3 0 0 4 0 4 4 0 0 4 3 5 0 0
Last Time Cost: 00000002 ms
Total Time Cost: 00016416 ms
Total Distance 159: 4 0 4 4 4 3 0 4 4 6 5 3 0 3 0 0 0 3 1 3 0 4 0 0 3 6 5 0 4 3 4 4 4 3 0 4 4 3 4 5 0 4 3 0 5 3 6 0 3 0 0 4 0 4 4 0 0 4 3 5 0 0
Last Time Cost: 00000001 ms
Total Time Cost: 00016417 ms
Total Distance 158: 4 0 4 4 4 3 0 4 4 6 5 3 0 3 0 0 0 3 0 3 0 4 0 0 3 6 5 0 4 3 4 4 4 3 0 4 4 3 4 5 0 4 3 0 5 3 6 0 3 0 0 4 0 4 4 0 0 4 3 5 0 0
Last Time Cost: 00000075 ms
Total Time Cost: 00016492 ms
Total Distance 157: 4 0 4 4 4 3 0 4 4 6 5 3 0 3 0 0 0 3 0 3 0 4 0 0 3 6 5 0 4 3 4 4 4 2 0 4 4 3 4 5 0 4 3 0 5 3 6 0 3 0 0 4 0 4 4 0 0 4 3 5 0 0
Last Time Cost: 00000002 ms
Total Time Cost: 00016494 ms
Total Distance 156: 4 0 4 4 4 3 0 4 4 6 5 3 0 3 0 0 0 3 0 3 0 4 0 0 3 6 5 0 4 3 4 4 4 1 0 4 4 3 4 5 0 4 3 0 5 3 6 0 3 0 0 4 0 4 4 0 0 4 3 5 0 0
Last Time Cost: 00000001 ms
Total Time Cost: 00016495 ms
Total Distance 155: 4 0 4 4 4 3 0 4 4 6 5 3 0 3 0 0 0 3 0 3 0 4 0 0 3 6 5 0 4 3 4 4 4 0 0 4 4 3 4 5 0 4 3 0 5 3 6 0 3 0 0 4 0 4 4 0 0 4 3 5 0 0
Last Time Cost: 00000080 ms
Total Time Cost: 00016575 ms
Total Distance 154: 4 0 4 4 4 2 0 4 4 6 5 3 0 3 0 0 0 3 0 3 0 4 0 0 3 6 5 0 4 3 4 4 4 0 0 4 4 3 4 5 0 4 3 0 5 3 6 0 3 0 0 4 0 4 4 0 0 4 3 5 0 0
Last Time Cost: 00000002 ms
Total Time Cost: 00016577 ms
Total Distance 153: 4 0 4 4 4 1 0 4 4 6 5 3 0 3 0 0 0 3 0 3 0 4 0 0 3 6 5 0 4 3 4 4 4 0 0 4 4 3 4 5 0 4 3 0 5 3 6 0 3 0 0 4 0 4 4 0 0 4 3 5 0 0
Last Time Cost: 00000001 ms
Total Time Cost: 00016578 ms
Total Distance 152: 4 0 4 4 4 0 0 4 4 6 5 3 0 3 0 0 0 3 0 3 0 4 0 0 3 6 5 0 4 3 4 4 4 0 0 4 4 3 4 5 0 4 3 0 5 3 6 0 3 0 0 4 0 4 4 0 0 4 3 5 0 0
Last Time Cost: 00000089 ms
Total Time Cost: 00016667 ms
Total Distance 151: 4 0 4 4 4 0 0 4 4 6 5 3 0 3 0 0 0 3 0 3 0 4 0 0 3 6 5 0 4 3 4 4 4 0 0 4 4 3 4 5 0 4 3 0 5 2 6 0 3 0 0 4 0 4 4 0 0 4 3 5 0 0
Last Time Cost: 00000002 ms
Total Time Cost: 00016669 ms
Total Distance 150: 4 0 4 4 4 0 0 4 4 6 5 3 0 3 0 0 0 3 0 3 0 4 0 0 3 6 5 0 4 3 4 4 4 0 0 4 4 3 4 5 0 4 3 0 5 1 6 0 3 0 0 4 0 4 4 0 0 4 3 5 0 0
Last Time Cost: 00000001 ms
Total Time Cost: 00016670 ms
Total Distance 149: 4 0 4 4 4 0 0 4 4 6 5 3 0 3 0 0 0 3 0 3 0 4 0 0 3 6 5 0 4 3 4 4 4 0 0 4 4 3 4 5 0 4 3 0 5 0 6 0 3 0 0 4 0 4 4 0 0 4 3 5 0 0
Last Time Cost: 00000094 ms
Total Time Cost: 00016764 ms
Total Distance 148: 4 0 4 4 4 0 0 4 4 6 5 3 0 3 0 0 0 3 0 3 0 4 0 0 3 6 5 0 4 3 4 4 4 0 0 4 4 3 4 5 0 4 3 0 5 0 6 0 2 0 0 4 0 4 4 0 0 4 3 5 0 0
Last Time Cost: 00000002 ms
Total Time Cost: 00016766 ms
Total Distance 147: 4 0 4 4 4 0 0 4 4 6 5 3 0 3 0 0 0 3 0 3 0 4 0 0 3 6 5 0 4 3 4 4 4 0 0 4 4 3 4 5 0 4 3 0 5 0 6 0 1 0 0 4 0 4 4 0 0 4 3 5 0 0
Last Time Cost: 00000001 ms
Total Time Cost: 00016767 ms
Total Distance 146: 4 0 4 4 4 0 0 4 4 6 5 3 0 3 0 0 0 3 0 3 0 4 0 0 3 6 5 0 4 3 4 4 4 0 0 4 4 3 4 5 0 4 3 0 5 0 6 0 0 0 0 4 0 4 4 0 0 4 3 5 0 0
Last Time Cost: 00000098 ms
Total Time Cost: 00016865 ms
Total Distance 145: 4 0 4 4 4 0 0 4 4 6 5 3 0 3 0 0 0 3 0 3 0 4 0 0 2 6 5 0 4 3 4 4 4 0 0 4 4 3 4 5 0 4 3 0 5 0 6 0 0 0 0 4 0 4 4 0 0 4 3 5 0 0
Last Time Cost: 00000002 ms
Total Time Cost: 00016867 ms
Total Distance 144: 4 0 4 4 4 0 0 4 4 6 5 3 0 3 0 0 0 3 0 3 0 4 0 0 1 6 5 0 4 3 4 4 4 0 0 4 4 3 4 5 0 4 3 0 5 0 6 0 0 0 0 4 0 4 4 0 0 4 3 5 0 0
Last Time Cost: 00000001 ms
Total Time Cost: 00016868 ms
Total Distance 143: 4 0 4 4 4 0 0 4 4 6 5 3 0 3 0 0 0 3 0 3 0 4 0 0 0 6 5 0 4 3 4 4 4 0 0 4 4 3 4 5 0 4 3 0 5 0 6 0 0 0 0 4 0 4 4 0 0 4 3 5 0 0
Last Time Cost: 00000103 ms
Total Time Cost: 00016971 ms
Total Distance 142: 4 0 4 4 4 0 0 4 4 6 5 3 0 3 0 0 0 3 0 3 0 4 0 0 0 6 5 0 4 3 4 4 4 0 0 4 4 2 4 5 0 4 3 0 5 0 6 0 0 0 0 4 0 4 4 0 0 4 3 5 0 0
Last Time Cost: 00000002 ms
Total Time Cost: 00016973 ms
Total Distance 141: 4 0 4 4 4 0 0 4 4 6 5 3 0 3 0 0 0 3 0 3 0 4 0 0 0 6 5 0 4 3 4 4 4 0 0 4 4 1 4 5 0 4 3 0 5 0 6 0 0 0 0 4 0 4 4 0 0 4 3 5 0 0
Last Time Cost: 00000001 ms
Total Time Cost: 00016974 ms
Total Distance 140: 4 0 4 4 4 0 0 4 4 6 5 3 0 3 0 0 0 3 0 3 0 4 0 0 0 6 5 0 4 3 4 4 4 0 0 4 4 0 4 5 0 4 3 0 5 0 6 0 0 0 0 4 0 4 4 0 0 4 3 5 0 0
Last Time Cost: 00000113 ms
Total Time Cost: 00017087 ms
Total Distance 139: 4 0 4 4 4 0 0 4 4 6 5 3 0 3 0 0 0 3 0 3 0 4 0 0 0 6 5 0 4 2 4 4 4 0 0 4 4 0 4 5 0 4 3 0 5 0 6 0 0 0 0 4 0 4 4 0 0 4 3 5 0 0
Last Time Cost: 00000002 ms
Total Time Cost: 00017089 ms
Total Distance 138: 4 0 4 4 4 0 0 4 4 6 5 3 0 3 0 0 0 3 0 3 0 4 0 0 0 6 5 0 4 1 4 4 4 0 0 4 4 0 4 5 0 4 3 0 5 0 6 0 0 0 0 4 0 4 4 0 0 4 3 5 0 0
Last Time Cost: 00000002 ms
Total Time Cost: 00017091 ms
Total Distance 137: 4 0 4 4 4 0 0 4 4 6 5 3 0 3 0 0 0 3 0 3 0 4 0 0 0 6 5 0 4 0 4 4 4 0 0 4 4 0 4 5 0 4 3 0 5 0 6 0 0 0 0 4 0 4 4 0 0 4 3 5 0 0
Last Time Cost: 00000121 ms
Total Time Cost: 00017212 ms
Total Distance 136: 4 0 4 4 4 0 0 4 4 6 5 3 0 3 0 0 0 3 0 3 0 4 0 0 0 6 5 0 4 0 4 4 4 0 0 4 4 0 4 5 0 4 3 0 5 0 6 0 0 0 0 4 0 4 4 0 0 4 2 5 0 0
Last Time Cost: 00000002 ms
Total Time Cost: 00017214 ms
Total Distance 135: 4 0 4 4 4 0 0 4 4 6 5 3 0 3 0 0 0 3 0 3 0 4 0 0 0 6 5 0 4 0 4 4 4 0 0 4 4 0 4 5 0 4 3 0 5 0 6 0 0 0 0 4 0 4 4 0 0 4 1 5 0 0
Last Time Cost: 00000002 ms
Total Time Cost: 00017216 ms
Total Distance 134: 4 0 4 4 4 0 0 4 4 6 5 3 0 3 0 0 0 3 0 3 0 4 0 0 0 6 5 0 4 0 4 4 4 0 0 4 4 0 4 5 0 4 3 0 5 0 6 0 0 0 0 4 0 4 4 0 0 4 0 5 0 0
Last Time Cost: 00000121 ms
Total Time Cost: 00017337 ms
Total Distance 133: 4 0 4 4 4 0 0 4 4 6 5 3 0 2 0 0 0 3 0 3 0 4 0 0 0 6 5 0 4 0 4 4 4 0 0 4 4 0 4 5 0 4 3 0 5 0 6 0 0 0 0 4 0 4 4 0 0 4 0 5 0 0
Last Time Cost: 00000002 ms
Total Time Cost: 00017339 ms
Total Distance 132: 4 0 4 4 4 0 0 4 4 6 5 3 0 1 0 0 0 3 0 3 0 4 0 0 0 6 5 0 4 0 4 4 4 0 0 4 4 0 4 5 0 4 3 0 5 0 6 0 0 0 0 4 0 4 4 0 0 4 0 5 0 0
Last Time Cost: 00000001 ms
Total Time Cost: 00017340 ms
Total Distance 131: 4 0 4 4 4 0 0 4 4 6 5 3 0 0 0 0 0 3 0 3 0 4 0 0 0 6 5 0 4 0 4 4 4 0 0 4 4 0 4 5 0 4 3 0 5 0 6 0 0 0 0 4 0 4 4 0 0 4 0 5 0 0
Last Time Cost: 00000125 ms
Total Time Cost: 00017465 ms
Total Distance 130: 4 0 4 4 4 0 0 4 4 6 5 3 0 0 0 0 0 3 0 2 0 4 0 0 0 6 5 0 4 0 4 4 4 0 0 4 4 0 4 5 0 4 3 0 5 0 6 0 0 0 0 4 0 4 4 0 0 4 0 5 0 0
Last Time Cost: 00000002 ms
Total Time Cost: 00017467 ms
Total Distance 129: 4 0 4 4 4 0 0 4 4 6 5 3 0 0 0 0 0 3 0 1 0 4 0 0 0 6 5 0 4 0 4 4 4 0 0 4 4 0 4 5 0 4 3 0 5 0 6 0 0 0 0 4 0 4 4 0 0 4 0 5 0 0
Last Time Cost: 00000002 ms
Total Time Cost: 00017469 ms
Total Distance 128: 4 0 4 4 4 0 0 4 4 6 5 3 0 0 0 0 0 3 0 0 0 4 0 0 0 6 5 0 4 0 4 4 4 0 0 4 4 0 4 5 0 4 3 0 5 0 6 0 0 0 0 4 0 4 4 0 0 4 0 5 0 0
Last Time Cost: 00000130 ms
Total Time Cost: 00017599 ms
Total Distance 127: 4 0 4 4 4 0 0 4 4 6 5 3 0 0 0 0 0 3 0 0 0 4 0 0 0 6 5 0 4 0 4 4 4 0 0 4 4 0 4 5 0 4 2 0 5 0 6 0 0 0 0 4 0 4 4 0 0 4 0 5 0 0
Last Time Cost: 00000002 ms
Total Time Cost: 00017601 ms
Total Distance 126: 4 0 4 4 4 0 0 4 4 6 5 3 0 0 0 0 0 3 0 0 0 4 0 0 0 6 5 0 4 0 4 4 4 0 0 4 4 0 4 5 0 4 1 0 5 0 6 0 0 0 0 4 0 4 4 0 0 4 0 5 0 0
Last Time Cost: 00000002 ms
Total Time Cost: 00017603 ms
Total Distance 125: 4 0 4 4 4 0 0 4 4 6 5 3 0 0 0 0 0 3 0 0 0 4 0 0 0 6 5 0 4 0 4 4 4 0 0 4 4 0 4 5 0 4 0 0 5 0 6 0 0 0 0 4 0 4 4 0 0 4 0 5 0 0
Last Time Cost: 00000144 ms
Total Time Cost: 00017747 ms
Total Distance 124: 4 0 4 4 4 0 0 4 4 6 5 2 0 0 0 0 0 3 0 0 0 4 0 0 0 6 5 0 4 0 4 4 4 0 0 4 4 0 4 5 0 4 0 0 5 0 6 0 0 0 0 4 0 4 4 0 0 4 0 5 0 0
Last Time Cost: 00000002 ms
Total Time Cost: 00017749 ms
Total Distance 123: 4 0 4 4 4 0 0 4 4 6 5 1 0 0 0 0 0 3 0 0 0 4 0 0 0 6 5 0 4 0 4 4 4 0 0 4 4 0 4 5 0 4 0 0 5 0 6 0 0 0 0 4 0 4 4 0 0 4 0 5 0 0
Last Time Cost: 00000002 ms
Total Time Cost: 00017751 ms
Total Distance 122: 4 0 4 4 4 0 0 4 4 6 5 0 0 0 0 0 0 3 0 0 0 4 0 0 0 6 5 0 4 0 4 4 4 0 0 4 4 0 4 5 0 4 0 0 5 0 6 0 0 0 0 4 0 4 4 0 0 4 0 5 0 0
Last Time Cost: 00000146 ms
Total Time Cost: 00017897 ms
Total Distance 121: 4 0 4 4 4 0 0 4 4 6 5 0 0 0 0 0 0 2 0 0 0 4 0 0 0 6 5 0 4 0 4 4 4 0 0 4 4 0 4 5 0 4 0 0 5 0 6 0 0 0 0 4 0 4 4 0 0 4 0 5 0 0
Last Time Cost: 00000002 ms
Total Time Cost: 00017899 ms
Total Distance 120: 4 0 4 4 4 0 0 4 4 6 5 0 0 0 0 0 0 1 0 0 0 4 0 0 0 6 5 0 4 0 4 4 4 0 0 4 4 0 4 5 0 4 0 0 5 0 6 0 0 0 0 4 0 4 4 0 0 4 0 5 0 0
Last Time Cost: 00000002 ms
Total Time Cost: 00017901 ms
Total Distance 119: 4 0 4 4 4 0 0 4 4 6 5 0 0 0 0 0 0 0 0 0 0 4 0 0 0 6 5 0 4 0 4 4 4 0 0 4 4 0 4 5 0 4 0 0 5 0 6 0 0 0 0 4 0 4 4 0 0 4 0 5 0 0
Last Time Cost: 00000153 ms
Total Time Cost: 00018054 ms
Total Distance 118: 4 0 4 4 4 0 0 4 3 6 5 0 0 0 0 0 0 0 0 0 0 4 0 0 0 6 5 0 4 0 4 4 4 0 0 4 4 0 4 5 0 4 0 0 5 0 6 0 0 0 0 4 0 4 4 0 0 4 0 5 0 0
Last Time Cost: 00000002 ms
Total Time Cost: 00018056 ms
Total Distance 117: 4 0 4 4 4 0 0 4 2 6 5 0 0 0 0 0 0 0 0 0 0 4 0 0 0 6 5 0 4 0 4 4 4 0 0 4 4 0 4 5 0 4 0 0 5 0 6 0 0 0 0 4 0 4 4 0 0 4 0 5 0 0
Last Time Cost: 00000002 ms
Total Time Cost: 00018058 ms
Total Distance 116: 4 0 4 4 4 0 0 4 1 6 5 0 0 0 0 0 0 0 0 0 0 4 0 0 0 6 5 0 4 0 4 4 4 0 0 4 4 0 4 5 0 4 0 0 5 0 6 0 0 0 0 4 0 4 4 0 0 4 0 5 0 0
Last Time Cost: 00000002 ms
Total Time Cost: 00018060 ms
Total Distance 115: 4 0 4 4 4 0 0 4 0 6 5 0 0 0 0 0 0 0 0 0 0 4 0 0 0 6 5 0 4 0 4 4 4 0 0 4 4 0 4 5 0 4 0 0 5 0 6 0 0 0 0 4 0 4 4 0 0 4 0 5 0 0
Last Time Cost: 00000167 ms
Total Time Cost: 00018227 ms
Total Distance 114: 4 0 4 4 4 0 0 4 0 6 5 0 0 0 0 0 0 0 0 0 0 3 0 0 0 6 5 0 4 0 4 4 4 0 0 4 4 0 4 5 0 4 0 0 5 0 6 0 0 0 0 4 0 4 4 0 0 4 0 5 0 0
Last Time Cost: 00000002 ms
Total Time Cost: 00018229 ms
Total Distance 113: 4 0 4 4 4 0 0 4 0 6 5 0 0 0 0 0 0 0 0 0 0 2 0 0 0 6 5 0 4 0 4 4 4 0 0 4 4 0 4 5 0 4 0 0 5 0 6 0 0 0 0 4 0 4 4 0 0 4 0 5 0 0
Last Time Cost: 00000002 ms
Total Time Cost: 00018231 ms
Total Distance 112: 4 0 4 4 4 0 0 4 0 6 5 0 0 0 0 0 0 0 0 0 0 1 0 0 0 6 5 0 4 0 4 4 4 0 0 4 4 0 4 5 0 4 0 0 5 0 6 0 0 0 0 4 0 4 4 0 0 4 0 5 0 0
Last Time Cost: 00000002 ms
Total Time Cost: 00018233 ms
Total Distance 111: 4 0 4 4 4 0 0 4 0 6 5 0 0 0 0 0 0 0 0 0 0 0 0 0 0 6 5 0 4 0 4 4 4 0 0 4 4 0 4 5 0 4 0 0 5 0 6 0 0 0 0 4 0 4 4 0 0 4 0 5 0 0
Last Time Cost: 00000177 ms
Total Time Cost: 00018410 ms
Total Distance 110: 4 0 4 4 4 0 0 4 0 6 5 0 0 0 0 0 0 0 0 0 0 0 0 0 0 6 5 0 4 0 3 4 4 0 0 4 4 0 4 5 0 4 0 0 5 0 6 0 0 0 0 4 0 4 4 0 0 4 0 5 0 0
Last Time Cost: 00000002 ms
Total Time Cost: 00018412 ms
Total Distance 109: 4 0 4 4 4 0 0 4 0 6 5 0 0 0 0 0 0 0 0 0 0 0 0 0 0 6 5 0 4 0 2 4 4 0 0 4 4 0 4 5 0 4 0 0 5 0 6 0 0 0 0 4 0 4 4 0 0 4 0 5 0 0
Last Time Cost: 00000002 ms
Total Time Cost: 00018414 ms
Total Distance 108: 4 0 4 4 4 0 0 4 0 6 5 0 0 0 0 0 0 0 0 0 0 0 0 0 0 6 5 0 4 0 1 4 4 0 0 4 4 0 4 5 0 4 0 0 5 0 6 0 0 0 0 4 0 4 4 0 0 4 0 5 0 0
Last Time Cost: 00000002 ms
Total Time Cost: 00018416 ms
Total Distance 107: 4 0 4 4 4 0 0 4 0 6 5 0 0 0 0 0 0 0 0 0 0 0 0 0 0 6 5 0 4 0 0 4 4 0 0 4 4 0 4 5 0 4 0 0 5 0 6 0 0 0 0 4 0 4 4 0 0 4 0 5 0 0
Last Time Cost: 00000187 ms
Total Time Cost: 00018603 ms
Total Distance 106: 4 0 4 4 4 0 0 4 0 6 5 0 0 0 0 0 0 0 0 0 0 0 0 0 0 6 5 0 4 0 0 4 4 0 0 4 4 0 4 5 0 4 0 0 5 0 6 0 0 0 0 4 0 4 3 0 0 4 0 5 0 0
Last Time Cost: 00000002 ms
Total Time Cost: 00018605 ms
Total Distance 105: 4 0 4 4 4 0 0 4 0 6 5 0 0 0 0 0 0 0 0 0 0 0 0 0 0 6 5 0 4 0 0 4 4 0 0 4 4 0 4 5 0 4 0 0 5 0 6 0 0 0 0 4 0 4 2 0 0 4 0 5 0 0
Last Time Cost: 00000002 ms
Total Time Cost: 00018607 ms
Total Distance 104: 4 0 4 4 4 0 0 4 0 6 5 0 0 0 0 0 0 0 0 0 0 0 0 0 0 6 5 0 4 0 0 4 4 0 0 4 4 0 4 5 0 4 0 0 5 0 6 0 0 0 0 4 0 4 1 0 0 4 0 5 0 0
Last Time Cost: 00000002 ms
Total Time Cost: 00018609 ms
Total Distance 103: 4 0 4 4 4 0 0 4 0 6 5 0 0 0 0 0 0 0 0 0 0 0 0 0 0 6 5 0 4 0 0 4 4 0 0 4 4 0 4 5 0 4 0 0 5 0 6 0 0 0 0 4 0 4 0 0 0 4 0 5 0 0
Last Time Cost: 00000203 ms
Total Time Cost: 00018812 ms
Total Distance 102: 4 0 4 4 4 0 0 3 0 6 5 0 0 0 0 0 0 0 0 0 0 0 0 0 0 6 5 0 4 0 0 4 4 0 0 4 4 0 4 5 0 4 0 0 5 0 6 0 0 0 0 4 0 4 0 0 0 4 0 5 0 0
Last Time Cost: 00000002 ms
Total Time Cost: 00018814 ms
Total Distance 101: 4 0 4 4 4 0 0 2 0 6 5 0 0 0 0 0 0 0 0 0 0 0 0 0 0 6 5 0 4 0 0 4 4 0 0 4 4 0 4 5 0 4 0 0 5 0 6 0 0 0 0 4 0 4 0 0 0 4 0 5 0 0
Last Time Cost: 00000002 ms
Total Time Cost: 00018816 ms
Total Distance 100: 4 0 4 4 4 0 0 1 0 6 5 0 0 0 0 0 0 0 0 0 0 0 0 0 0 6 5 0 4 0 0 4 4 0 0 4 4 0 4 5 0 4 0 0 5 0 6 0 0 0 0 4 0 4 0 0 0 4 0 5 0 0
Last Time Cost: 00000002 ms
Total Time Cost: 00018818 ms
Total Distance 99: 4 0 4 4 4 0 0 0 0 6 5 0 0 0 0 0 0 0 0 0 0 0 0 0 0 6 5 0 4 0 0 4 4 0 0 4 4 0 4 5 0 4 0 0 5 0 6 0 0 0 0 4 0 4 0 0 0 4 0 5 0 0
Last Time Cost: 00000218 ms
Total Time Cost: 00019036 ms
Total Distance 98: 4 0 4 4 4 0 0 0 0 6 5 0 0 0 0 0 0 0 0 0 0 0 0 0 0 6 5 0 4 0 0 3 4 0 0 4 4 0 4 5 0 4 0 0 5 0 6 0 0 0 0 4 0 4 0 0 0 4 0 5 0 0
Last Time Cost: 00000002 ms
Total Time Cost: 00019038 ms
Total Distance 97: 4 0 4 4 4 0 0 0 0 6 5 0 0 0 0 0 0 0 0 0 0 0 0 0 0 6 5 0 4 0 0 2 4 0 0 4 4 0 4 5 0 4 0 0 5 0 6 0 0 0 0 4 0 4 0 0 0 4 0 5 0 0
Last Time Cost: 00000002 ms
Total Time Cost: 00019040 ms
Total Distance 96: 4 0 4 4 4 0 0 0 0 6 5 0 0 0 0 0 0 0 0 0 0 0 0 0 0 6 5 0 4 0 0 1 4 0 0 4 4 0 4 5 0 4 0 0 5 0 6 0 0 0 0 4 0 4 0 0 0 4 0 5 0 0
Last Time Cost: 00000002 ms
Total Time Cost: 00019042 ms
Total Distance 95: 4 0 4 4 4 0 0 0 0 6 5 0 0 0 0 0 0 0 0 0 0 0 0 0 0 6 5 0 4 0 0 0 4 0 0 4 4 0 4 5 0 4 0 0 5 0 6 0 0 0 0 4 0 4 0 0 0 4 0 5 0 0
Last Time Cost: 00000235 ms
Total Time Cost: 00019277 ms
Total Distance 94: 4 0 4 4 4 0 0 0 0 6 5 0 0 0 0 0 0 0 0 0 0 0 0 0 0 6 5 0 3 0 0 0 4 0 0 4 4 0 4 5 0 4 0 0 5 0 6 0 0 0 0 4 0 4 0 0 0 4 0 5 0 0
Last Time Cost: 00000002 ms
Total Time Cost: 00019279 ms
Total Distance 93: 4 0 4 4 4 0 0 0 0 6 5 0 0 0 0 0 0 0 0 0 0 0 0 0 0 6 5 0 2 0 0 0 4 0 0 4 4 0 4 5 0 4 0 0 5 0 6 0 0 0 0 4 0 4 0 0 0 4 0 5 0 0
Last Time Cost: 00000002 ms
Total Time Cost: 00019281 ms
Total Distance 92: 4 0 4 4 4 0 0 0 0 6 5 0 0 0 0 0 0 0 0 0 0 0 0 0 0 6 5 0 1 0 0 0 4 0 0 4 4 0 4 5 0 4 0 0 5 0 6 0 0 0 0 4 0 4 0 0 0 4 0 5 0 0
Last Time Cost: 00000002 ms
Total Time Cost: 00019283 ms
Total Distance 91: 4 0 4 4 4 0 0 0 0 6 5 0 0 0 0 0 0 0 0 0 0 0 0 0 0 6 5 0 0 0 0 0 4 0 0 4 4 0 4 5 0 4 0 0 5 0 6 0 0 0 0 4 0 4 0 0 0 4 0 5 0 0
Last Time Cost: 00000248 ms
Total Time Cost: 00019531 ms
Total Distance 90: 4 0 4 4 4 0 0 0 0 6 5 0 0 0 0 0 0 0 0 0 0 0 0 0 0 6 5 0 0 0 0 0 3 0 0 4 4 0 4 5 0 4 0 0 5 0 6 0 0 0 0 4 0 4 0 0 0 4 0 5 0 0
Last Time Cost: 00000003 ms
Total Time Cost: 00019534 ms
Total Distance 89: 4 0 4 4 4 0 0 0 0 6 5 0 0 0 0 0 0 0 0 0 0 0 0 0 0 6 5 0 0 0 0 0 2 0 0 4 4 0 4 5 0 4 0 0 5 0 6 0 0 0 0 4 0 4 0 0 0 4 0 5 0 0
Last Time Cost: 00000002 ms
Total Time Cost: 00019536 ms
Total Distance 88: 4 0 4 4 4 0 0 0 0 6 5 0 0 0 0 0 0 0 0 0 0 0 0 0 0 6 5 0 0 0 0 0 1 0 0 4 4 0 4 5 0 4 0 0 5 0 6 0 0 0 0 4 0 4 0 0 0 4 0 5 0 0
Last Time Cost: 00000002 ms
Total Time Cost: 00019538 ms
Total Distance 87: 4 0 4 4 4 0 0 0 0 6 5 0 0 0 0 0 0 0 0 0 0 0 0 0 0 6 5 0 0 0 0 0 0 0 0 4 4 0 4 5 0 4 0 0 5 0 6 0 0 0 0 4 0 4 0 0 0 4 0 5 0 0
Last Time Cost: 00000273 ms
Total Time Cost: 00019811 ms
Total Distance 86: 4 0 4 4 4 0 0 0 0 6 5 0 0 0 0 0 0 0 0 0 0 0 0 0 0 6 5 0 0 0 0 0 0 0 0 3 4 0 4 5 0 4 0 0 5 0 6 0 0 0 0 4 0 4 0 0 0 4 0 5 0 0
Last Time Cost: 00000003 ms
Total Time Cost: 00019814 ms
Total Distance 85: 4 0 4 4 4 0 0 0 0 6 5 0 0 0 0 0 0 0 0 0 0 0 0 0 0 6 5 0 0 0 0 0 0 0 0 2 4 0 4 5 0 4 0 0 5 0 6 0 0 0 0 4 0 4 0 0 0 4 0 5 0 0
Last Time Cost: 00000002 ms
Total Time Cost: 00019816 ms
Total Distance 84: 4 0 4 4 4 0 0 0 0 6 5 0 0 0 0 0 0 0 0 0 0 0 0 0 0 6 5 0 0 0 0 0 0 0 0 1 4 0 4 5 0 4 0 0 5 0 6 0 0 0 0 4 0 4 0 0 0 4 0 5 0 0
Last Time Cost: 00000002 ms
Total Time Cost: 00019818 ms
Total Distance 83: 4 0 4 4 4 0 0 0 0 6 5 0 0 0 0 0 0 0 0 0 0 0 0 0 0 6 5 0 0 0 0 0 0 0 0 0 4 0 4 5 0 4 0 0 5 0 6 0 0 0 0 4 0 4 0 0 0 4 0 5 0 0
Last Time Cost: 00000275 ms
Total Time Cost: 00020093 ms
Total Distance 82: 4 0 4 3 4 0 0 0 0 6 5 0 0 0 0 0 0 0 0 0 0 0 0 0 0 6 5 0 0 0 0 0 0 0 0 0 4 0 4 5 0 4 0 0 5 0 6 0 0 0 0 4 0 4 0 0 0 4 0 5 0 0
Last Time Cost: 00000003 ms
Total Time Cost: 00020096 ms
Total Distance 81: 4 0 4 2 4 0 0 0 0 6 5 0 0 0 0 0 0 0 0 0 0 0 0 0 0 6 5 0 0 0 0 0 0 0 0 0 4 0 4 5 0 4 0 0 5 0 6 0 0 0 0 4 0 4 0 0 0 4 0 5 0 0
Last Time Cost: 00000002 ms
Total Time Cost: 00020098 ms
Total Distance 80: 4 0 4 1 4 0 0 0 0 6 5 0 0 0 0 0 0 0 0 0 0 0 0 0 0 6 5 0 0 0 0 0 0 0 0 0 4 0 4 5 0 4 0 0 5 0 6 0 0 0 0 4 0 4 0 0 0 4 0 5 0 0
Last Time Cost: 00000002 ms
Total Time Cost: 00020100 ms
Total Distance 79: 4 0 4 0 4 0 0 0 0 6 5 0 0 0 0 0 0 0 0 0 0 0 0 0 0 6 5 0 0 0 0 0 0 0 0 0 4 0 4 5 0 4 0 0 5 0 6 0 0 0 0 4 0 4 0 0 0 4 0 5 0 0
Last Time Cost: 00000292 ms
Total Time Cost: 00020392 ms
Total Distance 78: 4 0 4 0 3 0 0 0 0 6 5 0 0 0 0 0 0 0 0 0 0 0 0 0 0 6 5 0 0 0 0 0 0 0 0 0 4 0 4 5 0 4 0 0 5 0 6 0 0 0 0 4 0 4 0 0 0 4 0 5 0 0
Last Time Cost: 00000003 ms
Total Time Cost: 00020395 ms
Total Distance 77: 4 0 4 0 2 0 0 0 0 6 5 0 0 0 0 0 0 0 0 0 0 0 0 0 0 6 5 0 0 0 0 0 0 0 0 0 4 0 4 5 0 4 0 0 5 0 6 0 0 0 0 4 0 4 0 0 0 4 0 5 0 0
Last Time Cost: 00000003 ms
Total Time Cost: 00020398 ms
Total Distance 76: 4 0 4 0 1 0 0 0 0 6 5 0 0 0 0 0 0 0 0 0 0 0 0 0 0 6 5 0 0 0 0 0 0 0 0 0 4 0 4 5 0 4 0 0 5 0 6 0 0 0 0 4 0 4 0 0 0 4 0 5 0 0
Last Time Cost: 00000002 ms
Total Time Cost: 00020400 ms
Total Distance 75: 4 0 4 0 0 0 0 0 0 6 5 0 0 0 0 0 0 0 0 0 0 0 0 0 0 6 5 0 0 0 0 0 0 0 0 0 4 0 4 5 0 4 0 0 5 0 6 0 0 0 0 4 0 4 0 0 0 4 0 5 0 0
Last Time Cost: 00000319 ms
Total Time Cost: 00020719 ms
Total Distance 74: 4 0 4 0 0 0 0 0 0 6 5 0 0 0 0 0 0 0 0 0 0 0 0 0 0 6 5 0 0 0 0 0 0 0 0 0 3 0 4 5 0 4 0 0 5 0 6 0 0 0 0 4 0 4 0 0 0 4 0 5 0 0
Last Time Cost: 00000003 ms
Total Time Cost: 00020722 ms
Total Distance 73: 4 0 4 0 0 0 0 0 0 6 5 0 0 0 0 0 0 0 0 0 0 0 0 0 0 6 5 0 0 0 0 0 0 0 0 0 2 0 4 5 0 4 0 0 5 0 6 0 0 0 0 4 0 4 0 0 0 4 0 5 0 0
Last Time Cost: 00000003 ms
Total Time Cost: 00020725 ms
Total Distance 72: 4 0 4 0 0 0 0 0 0 6 5 0 0 0 0 0 0 0 0 0 0 0 0 0 0 6 5 0 0 0 0 0 0 0 0 0 1 0 4 5 0 4 0 0 5 0 6 0 0 0 0 4 0 4 0 0 0 4 0 5 0 0
Last Time Cost: 00000002 ms
Total Time Cost: 00020727 ms
Total Distance 71: 4 0 4 0 0 0 0 0 0 6 5 0 0 0 0 0 0 0 0 0 0 0 0 0 0 6 5 0 0 0 0 0 0 0 0 0 0 0 4 5 0 4 0 0 5 0 6 0 0 0 0 4 0 4 0 0 0 4 0 5 0 0
Last Time Cost: 00000335 ms
Total Time Cost: 00021062 ms
Total Distance 70: 4 0 4 0 0 0 0 0 0 6 5 0 0 0 0 0 0 0 0 0 0 0 0 0 0 6 5 0 0 0 0 0 0 0 0 0 0 0 4 5 0 4 0 0 5 0 6 0 0 0 0 4 0 4 0 0 0 3 0 5 0 0
Last Time Cost: 00000003 ms
Total Time Cost: 00021065 ms
Total Distance 69: 4 0 4 0 0 0 0 0 0 6 5 0 0 0 0 0 0 0 0 0 0 0 0 0 0 6 5 0 0 0 0 0 0 0 0 0 0 0 4 5 0 4 0 0 5 0 6 0 0 0 0 4 0 4 0 0 0 2 0 5 0 0
Last Time Cost: 00000003 ms
Total Time Cost: 00021068 ms
Total Distance 68: 4 0 4 0 0 0 0 0 0 6 5 0 0 0 0 0 0 0 0 0 0 0 0 0 0 6 5 0 0 0 0 0 0 0 0 0 0 0 4 5 0 4 0 0 5 0 6 0 0 0 0 4 0 4 0 0 0 1 0 5 0 0
Last Time Cost: 00000002 ms
Total Time Cost: 00021070 ms
Total Distance 67: 4 0 4 0 0 0 0 0 0 6 5 0 0 0 0 0 0 0 0 0 0 0 0 0 0 6 5 0 0 0 0 0 0 0 0 0 0 0 4 5 0 4 0 0 5 0 6 0 0 0 0 4 0 4 0 0 0 0 0 5 0 0
Last Time Cost: 00000380 ms
Total Time Cost: 00021450 ms
Total Distance 66: 4 0 4 0 0 0 0 0 0 6 5 0 0 0 0 0 0 0 0 0 0 0 0 0 0 6 5 0 0 0 0 0 0 0 0 0 0 0 4 5 0 4 0 0 5 0 6 0 0 0 0 3 0 4 0 0 0 0 0 5 0 0
Last Time Cost: 00000003 ms
Total Time Cost: 00021453 ms
Total Distance 65: 4 0 4 0 0 0 0 0 0 6 5 0 0 0 0 0 0 0 0 0 0 0 0 0 0 6 5 0 0 0 0 0 0 0 0 0 0 0 4 5 0 4 0 0 5 0 6 0 0 0 0 2 0 4 0 0 0 0 0 5 0 0
Last Time Cost: 00000003 ms
Total Time Cost: 00021456 ms
Total Distance 64: 4 0 4 0 0 0 0 0 0 6 5 0 0 0 0 0 0 0 0 0 0 0 0 0 0 6 5 0 0 0 0 0 0 0 0 0 0 0 4 5 0 4 0 0 5 0 6 0 0 0 0 1 0 4 0 0 0 0 0 5 0 0
Last Time Cost: 00000002 ms
Total Time Cost: 00021458 ms
Total Distance 63: 4 0 4 0 0 0 0 0 0 6 5 0 0 0 0 0 0 0 0 0 0 0 0 0 0 6 5 0 0 0 0 0 0 0 0 0 0 0 4 5 0 4 0 0 5 0 6 0 0 0 0 0 0 4 0 0 0 0 0 5 0 0
Last Time Cost: 00000384 ms
Total Time Cost: 00021842 ms
Total Distance 62: 3 0 4 0 0 0 0 0 0 6 5 0 0 0 0 0 0 0 0 0 0 0 0 0 0 6 5 0 0 0 0 0 0 0 0 0 0 0 4 5 0 4 0 0 5 0 6 0 0 0 0 0 0 4 0 0 0 0 0 5 0 0
Last Time Cost: 00000003 ms
Total Time Cost: 00021845 ms
Total Distance 61: 2 0 4 0 0 0 0 0 0 6 5 0 0 0 0 0 0 0 0 0 0 0 0 0 0 6 5 0 0 0 0 0 0 0 0 0 0 0 4 5 0 4 0 0 5 0 6 0 0 0 0 0 0 4 0 0 0 0 0 5 0 0
Last Time Cost: 00000003 ms
Total Time Cost: 00021848 ms
Total Distance 60: 1 0 4 0 0 0 0 0 0 6 5 0 0 0 0 0 0 0 0 0 0 0 0 0 0 6 5 0 0 0 0 0 0 0 0 0 0 0 4 5 0 4 0 0 5 0 6 0 0 0 0 0 0 4 0 0 0 0 0 5 0 0
Last Time Cost: 00000003 ms
Total Time Cost: 00021851 ms
Total Distance 59: 0 0 4 0 0 0 0 0 0 6 5 0 0 0 0 0 0 0 0 0 0 0 0 0 0 6 5 0 0 0 0 0 0 0 0 0 0 0 4 5 0 4 0 0 5 0 6 0 0 0 0 0 0 4 0 0 0 0 0 5 0 0
Last Time Cost: 00000412 ms
Total Time Cost: 00022263 ms
Total Distance 58: 0 0 4 0 0 0 0 0 0 6 5 0 0 0 0 0 0 0 0 0 0 0 0 0 0 6 5 0 0 0 0 0 0 0 0 0 0 0 4 5 0 4 0 0 5 0 6 0 0 0 0 0 0 3 0 0 0 0 0 5 0 0
Last Time Cost: 00000003 ms
Total Time Cost: 00022266 ms
Total Distance 57: 0 0 4 0 0 0 0 0 0 6 5 0 0 0 0 0 0 0 0 0 0 0 0 0 0 6 5 0 0 0 0 0 0 0 0 0 0 0 4 5 0 4 0 0 5 0 6 0 0 0 0 0 0 2 0 0 0 0 0 5 0 0
Last Time Cost: 00000003 ms
Total Time Cost: 00022269 ms
Total Distance 56: 0 0 4 0 0 0 0 0 0 6 5 0 0 0 0 0 0 0 0 0 0 0 0 0 0 6 5 0 0 0 0 0 0 0 0 0 0 0 4 5 0 4 0 0 5 0 6 0 0 0 0 0 0 1 0 0 0 0 0 5 0 0
Last Time Cost: 00000003 ms
Total Time Cost: 00022272 ms
Total Distance 55: 0 0 4 0 0 0 0 0 0 6 5 0 0 0 0 0 0 0 0 0 0 0 0 0 0 6 5 0 0 0 0 0 0 0 0 0 0 0 4 5 0 4 0 0 5 0 6 0 0 0 0 0 0 0 0 0 0 0 0 5 0 0
Last Time Cost: 00000432 ms
Total Time Cost: 00022704 ms
Total Distance 54: 0 0 4 0 0 0 0 0 0 6 5 0 0 0 0 0 0 0 0 0 0 0 0 0 0 6 5 0 0 0 0 0 0 0 0 0 0 0 3 5 0 4 0 0 5 0 6 0 0 0 0 0 0 0 0 0 0 0 0 5 0 0
Last Time Cost: 00000003 ms
Total Time Cost: 00022707 ms
Total Distance 53: 0 0 4 0 0 0 0 0 0 6 5 0 0 0 0 0 0 0 0 0 0 0 0 0 0 6 5 0 0 0 0 0 0 0 0 0 0 0 2 5 0 4 0 0 5 0 6 0 0 0 0 0 0 0 0 0 0 0 0 5 0 0
Last Time Cost: 00000003 ms
Total Time Cost: 00022710 ms
Total Distance 52: 0 0 4 0 0 0 0 0 0 6 5 0 0 0 0 0 0 0 0 0 0 0 0 0 0 6 5 0 0 0 0 0 0 0 0 0 0 0 1 5 0 4 0 0 5 0 6 0 0 0 0 0 0 0 0 0 0 0 0 5 0 0
Last Time Cost: 00000003 ms
Total Time Cost: 00022713 ms
Total Distance 51: 0 0 4 0 0 0 0 0 0 6 5 0 0 0 0 0 0 0 0 0 0 0 0 0 0 6 5 0 0 0 0 0 0 0 0 0 0 0 0 5 0 4 0 0 5 0 6 0 0 0 0 0 0 0 0 0 0 0 0 5 0 0
Last Time Cost: 00000467 ms
Total Time Cost: 00023180 ms
Total Distance 50: 0 0 4 0 0 0 0 0 0 6 5 0 0 0 0 0 0 0 0 0 0 0 0 0 0 6 5 0 0 0 0 0 0 0 0 0 0 0 0 5 0 3 0 0 5 0 6 0 0 0 0 0 0 0 0 0 0 0 0 5 0 0
Last Time Cost: 00000003 ms
Total Time Cost: 00023183 ms
Total Distance 49: 0 0 4 0 0 0 0 0 0 6 5 0 0 0 0 0 0 0 0 0 0 0 0 0 0 6 5 0 0 0 0 0 0 0 0 0 0 0 0 5 0 2 0 0 5 0 6 0 0 0 0 0 0 0 0 0 0 0 0 5 0 0
Last Time Cost: 00000003 ms
Total Time Cost: 00023186 ms
Total Distance 48: 0 0 4 0 0 0 0 0 0 6 5 0 0 0 0 0 0 0 0 0 0 0 0 0 0 6 5 0 0 0 0 0 0 0 0 0 0 0 0 5 0 1 0 0 5 0 6 0 0 0 0 0 0 0 0 0 0 0 0 5 0 0
Last Time Cost: 00000003 ms
Total Time Cost: 00023189 ms
Total Distance 47: 0 0 4 0 0 0 0 0 0 6 5 0 0 0 0 0 0 0 0 0 0 0 0 0 0 6 5 0 0 0 0 0 0 0 0 0 0 0 0 5 0 0 0 0 5 0 6 0 0 0 0 0 0 0 0 0 0 0 0 5 0 0
Last Time Cost: 00000487 ms
Total Time Cost: 00023676 ms
Total Distance 46: 0 0 3 0 0 0 0 0 0 6 5 0 0 0 0 0 0 0 0 0 0 0 0 0 0 6 5 0 0 0 0 0 0 0 0 0 0 0 0 5 0 0 0 0 5 0 6 0 0 0 0 0 0 0 0 0 0 0 0 5 0 0
Last Time Cost: 00000003 ms
Total Time Cost: 00023679 ms
Total Distance 45: 0 0 2 0 0 0 0 0 0 6 5 0 0 0 0 0 0 0 0 0 0 0 0 0 0 6 5 0 0 0 0 0 0 0 0 0 0 0 0 5 0 0 0 0 5 0 6 0 0 0 0 0 0 0 0 0 0 0 0 5 0 0
Last Time Cost: 00000003 ms
Total Time Cost: 00023682 ms
Total Distance 44: 0 0 1 0 0 0 0 0 0 6 5 0 0 0 0 0 0 0 0 0 0 0 0 0 0 6 5 0 0 0 0 0 0 0 0 0 0 0 0 5 0 0 0 0 5 0 6 0 0 0 0 0 0 0 0 0 0 0 0 5 0 0
Last Time Cost: 00000003 ms
Total Time Cost: 00023685 ms
Total Distance 43: 0 0 0 0 0 0 0 0 0 6 5 0 0 0 0 0 0 0 0 0 0 0 0 0 0 6 5 0 0 0 0 0 0 0 0 0 0 0 0 5 0 0 0 0 5 0 6 0 0 0 0 0 0 0 0 0 0 0 0 5 0 0
Last Time Cost: 00000519 ms
Total Time Cost: 00024204 ms
Total Distance 42: 0 0 0 0 0 0 0 0 0 6 5 0 0 0 0 0 0 0 0 0 0 0 0 0 0 6 4 0 0 0 0 0 0 0 0 0 0 0 0 5 0 0 0 0 5 0 6 0 0 0 0 0 0 0 0 0 0 0 0 5 0 0
Last Time Cost: 00000004 ms
Total Time Cost: 00024208 ms
Total Distance 41: 0 0 0 0 0 0 0 0 0 6 5 0 0 0 0 0 0 0 0 0 0 0 0 0 0 6 3 0 0 0 0 0 0 0 0 0 0 0 0 5 0 0 0 0 5 0 6 0 0 0 0 0 0 0 0 0 0 0 0 5 0 0
Last Time Cost: 00000003 ms
Total Time Cost: 00024211 ms
Total Distance 40: 0 0 0 0 0 0 0 0 0 6 5 0 0 0 0 0 0 0 0 0 0 0 0 0 0 6 2 0 0 0 0 0 0 0 0 0 0 0 0 5 0 0 0 0 5 0 6 0 0 0 0 0 0 0 0 0 0 0 0 5 0 0
Last Time Cost: 00000003 ms
Total Time Cost: 00024214 ms
Total Distance 39: 0 0 0 0 0 0 0 0 0 6 5 0 0 0 0 0 0 0 0 0 0 0 0 0 0 6 1 0 0 0 0 0 0 0 0 0 0 0 0 5 0 0 0 0 5 0 6 0 0 0 0 0 0 0 0 0 0 0 0 5 0 0
Last Time Cost: 00000003 ms
Total Time Cost: 00024217 ms
Total Distance 38: 0 0 0 0 0 0 0 0 0 6 5 0 0 0 0 0 0 0 0 0 0 0 0 0 0 6 0 0 0 0 0 0 0 0 0 0 0 0 0 5 0 0 0 0 5 0 6 0 0 0 0 0 0 0 0 0 0 0 0 5 0 0
Last Time Cost: 00000507 ms
Total Time Cost: 00024724 ms
Total Distance 37: 0 0 0 0 0 0 0 0 0 6 4 0 0 0 0 0 0 0 0 0 0 0 0 0 0 6 0 0 0 0 0 0 0 0 0 0 0 0 0 5 0 0 0 0 5 0 6 0 0 0 0 0 0 0 0 0 0 0 0 5 0 0
Last Time Cost: 00000004 ms
Total Time Cost: 00024728 ms
Total Distance 36: 0 0 0 0 0 0 0 0 0 6 3 0 0 0 0 0 0 0 0 0 0 0 0 0 0 6 0 0 0 0 0 0 0 0 0 0 0 0 0 5 0 0 0 0 5 0 6 0 0 0 0 0 0 0 0 0 0 0 0 5 0 0
Last Time Cost: 00000004 ms
Total Time Cost: 00024732 ms
Total Distance 35: 0 0 0 0 0 0 0 0 0 6 2 0 0 0 0 0 0 0 0 0 0 0 0 0 0 6 0 0 0 0 0 0 0 0 0 0 0 0 0 5 0 0 0 0 5 0 6 0 0 0 0 0 0 0 0 0 0 0 0 5 0 0
Last Time Cost: 00000004 ms
Total Time Cost: 00024736 ms
Total Distance 34: 0 0 0 0 0 0 0 0 0 6 1 0 0 0 0 0 0 0 0 0 0 0 0 0 0 6 0 0 0 0 0 0 0 0 0 0 0 0 0 5 0 0 0 0 5 0 6 0 0 0 0 0 0 0 0 0 0 0 0 5 0 0
Last Time Cost: 00000004 ms
Total Time Cost: 00024740 ms
Total Distance 33: 0 0 0 0 0 0 0 0 0 6 0 0 0 0 0 0 0 0 0 0 0 0 0 0 0 6 0 0 0 0 0 0 0 0 0 0 0 0 0 5 0 0 0 0 5 0 6 0 0 0 0 0 0 0 0 0 0 0 0 5 0 0
Last Time Cost: 00000481 ms
Total Time Cost: 00025221 ms
Total Distance 32: 0 0 0 0 0 0 0 0 0 6 0 0 0 0 0 0 0 0 0 0 0 0 0 0 0 6 0 0 0 0 0 0 0 0 0 0 0 0 0 5 0 0 0 0 5 0 6 0 0 0 0 0 0 0 0 0 0 0 0 4 0 0
Last Time Cost: 00000004 ms
Total Time Cost: 00025225 ms
Total Distance 31: 0 0 0 0 0 0 0 0 0 6 0 0 0 0 0 0 0 0 0 0 0 0 0 0 0 6 0 0 0 0 0 0 0 0 0 0 0 0 0 5 0 0 0 0 5 0 6 0 0 0 0 0 0 0 0 0 0 0 0 3 0 0
Last Time Cost: 00000004 ms
Total Time Cost: 00025229 ms
Total Distance 30: 0 0 0 0 0 0 0 0 0 6 0 0 0 0 0 0 0 0 0 0 0 0 0 0 0 6 0 0 0 0 0 0 0 0 0 0 0 0 0 5 0 0 0 0 5 0 6 0 0 0 0 0 0 0 0 0 0 0 0 2 0 0
Last Time Cost: 00000004 ms
Total Time Cost: 00025233 ms
Total Distance 29: 0 0 0 0 0 0 0 0 0 6 0 0 0 0 0 0 0 0 0 0 0 0 0 0 0 6 0 0 0 0 0 0 0 0 0 0 0 0 0 5 0 0 0 0 5 0 6 0 0 0 0 0 0 0 0 0 0 0 0 1 0 0
Last Time Cost: 00000004 ms
Total Time Cost: 00025237 ms
Total Distance 28: 0 0 0 0 0 0 0 0 0 6 0 0 0 0 0 0 0 0 0 0 0 0 0 0 0 6 0 0 0 0 0 0 0 0 0 0 0 0 0 5 0 0 0 0 5 0 6 0 0 0 0 0 0 0 0 0 0 0 0 0 0 0
Last Time Cost: 00000448 ms
Total Time Cost: 00025685 ms
Total Distance 27: 0 0 0 0 0 0 0 0 0 6 0 0 0 0 0 0 0 0 0 0 0 0 0 0 0 6 0 0 0 0 0 0 0 0 0 0 0 0 0 5 0 0 0 0 4 0 6 0 0 0 0 0 0 0 0 0 0 0 0 0 0 0
Last Time Cost: 00000004 ms
Total Time Cost: 00025689 ms
Total Distance 26: 0 0 0 0 0 0 0 0 0 6 0 0 0 0 0 0 0 0 0 0 0 0 0 0 0 6 0 0 0 0 0 0 0 0 0 0 0 0 0 5 0 0 0 0 3 0 6 0 0 0 0 0 0 0 0 0 0 0 0 0 0 0
Last Time Cost: 00000004 ms
Total Time Cost: 00025693 ms
Total Distance 25: 0 0 0 0 0 0 0 0 0 6 0 0 0 0 0 0 0 0 0 0 0 0 0 0 0 6 0 0 0 0 0 0 0 0 0 0 0 0 0 5 0 0 0 0 2 0 6 0 0 0 0 0 0 0 0 0 0 0 0 0 0 0
Last Time Cost: 00000004 ms
Total Time Cost: 00025697 ms
Total Distance 24: 0 0 0 0 0 0 0 0 0 6 0 0 0 0 0 0 0 0 0 0 0 0 0 0 0 6 0 0 0 0 0 0 0 0 0 0 0 0 0 5 0 0 0 0 1 0 6 0 0 0 0 0 0 0 0 0 0 0 0 0 0 0
Last Time Cost: 00000004 ms
Total Time Cost: 00025701 ms
Total Distance 23: 0 0 0 0 0 0 0 0 0 6 0 0 0 0 0 0 0 0 0 0 0 0 0 0 0 6 0 0 0 0 0 0 0 0 0 0 0 0 0 5 0 0 0 0 0 0 6 0 0 0 0 0 0 0 0 0 0 0 0 0 0 0
Last Time Cost: 00000415 ms
Total Time Cost: 00026116 ms
Total Distance 22: 0 0 0 0 0 0 0 0 0 6 0 0 0 0 0 0 0 0 0 0 0 0 0 0 0 6 0 0 0 0 0 0 0 0 0 0 0 0 0 4 0 0 0 0 0 0 6 0 0 0 0 0 0 0 0 0 0 0 0 0 0 0
Last Time Cost: 00000005 ms
Total Time Cost: 00026121 ms
Total Distance 21: 0 0 0 0 0 0 0 0 0 6 0 0 0 0 0 0 0 0 0 0 0 0 0 0 0 6 0 0 0 0 0 0 0 0 0 0 0 0 0 3 0 0 0 0 0 0 6 0 0 0 0 0 0 0 0 0 0 0 0 0 0 0
Last Time Cost: 00000004 ms
Total Time Cost: 00026125 ms
Total Distance 20: 0 0 0 0 0 0 0 0 0 6 0 0 0 0 0 0 0 0 0 0 0 0 0 0 0 6 0 0 0 0 0 0 0 0 0 0 0 0 0 2 0 0 0 0 0 0 6 0 0 0 0 0 0 0 0 0 0 0 0 0 0 0
Last Time Cost: 00000004 ms
Total Time Cost: 00026129 ms
Total Distance 19: 0 0 0 0 0 0 0 0 0 6 0 0 0 0 0 0 0 0 0 0 0 0 0 0 0 6 0 0 0 0 0 0 0 0 0 0 0 0 0 1 0 0 0 0 0 0 6 0 0 0 0 0 0 0 0 0 0 0 0 0 0 0
Last Time Cost: 00000005 ms
Total Time Cost: 00026134 ms
Total Distance 18: 0 0 0 0 0 0 0 0 0 6 0 0 0 0 0 0 0 0 0 0 0 0 0 0 0 6 0 0 0 0 0 0 0 0 0 0 0 0 0 0 0 0 0 0 0 0 6 0 0 0 0 0 0 0 0 0 0 0 0 0 0 0
Last Time Cost: 00000378 ms
Total Time Cost: 00026512 ms
Total Distance 17: 0 0 0 0 0 0 0 0 0 6 0 0 0 0 0 0 0 0 0 0 0 0 0 0 0 5 0 0 0 0 0 0 0 0 0 0 0 0 0 0 0 0 0 0 0 0 6 0 0 0 0 0 0 0 0 0 0 0 0 0 0 0
Last Time Cost: 00000068 ms
Total Time Cost: 00026580 ms
Total Distance 16: 0 0 0 0 0 0 0 0 0 6 0 0 0 0 0 0 0 0 0 0 0 0 0 0 0 4 0 0 0 0 0 0 0 0 0 0 0 0 0 0 0 0 0 0 0 0 6 0 0 0 0 0 0 0 0 0 0 0 0 0 0 0
Last Time Cost: 00000005 ms
Total Time Cost: 00026585 ms
Total Distance 15: 0 0 0 0 0 0 0 0 0 6 0 0 0 0 0 0 0 0 0 0 0 0 0 0 0 3 0 0 0 0 0 0 0 0 0 0 0 0 0 0 0 0 0 0 0 0 6 0 0 0 0 0 0 0 0 0 0 0 0 0 0 0
Last Time Cost: 00000005 ms
Total Time Cost: 00026590 ms
Total Distance 14: 0 0 0 0 0 0 0 0 0 6 0 0 0 0 0 0 0 0 0 0 0 0 0 0 0 2 0 0 0 0 0 0 0 0 0 0 0 0 0 0 0 0 0 0 0 0 6 0 0 0 0 0 0 0 0 0 0 0 0 0 0 0
Last Time Cost: 00000005 ms
Total Time Cost: 00026595 ms
Total Distance 13: 0 0 0 0 0 0 0 0 0 6 0 0 0 0 0 0 0 0 0 0 0 0 0 0 0 1 0 0 0 0 0 0 0 0 0 0 0 0 0 0 0 0 0 0 0 0 6 0 0 0 0 0 0 0 0 0 0 0 0 0 0 0
Last Time Cost: 00000005 ms
Total Time Cost: 00026600 ms
Total Distance 12: 0 0 0 0 0 0 0 0 0 6 0 0 0 0 0 0 0 0 0 0 0 0 0 0 0 0 0 0 0 0 0 0 0 0 0 0 0 0 0 0 0 0 0 0 0 0 6 0 0 0 0 0 0 0 0 0 0 0 0 0 0 0
Last Time Cost: 00000305 ms
Total Time Cost: 00026905 ms
Total Distance 11: 0 0 0 0 0 0 0 0 0 6 0 0 0 0 0 0 0 0 0 0 0 0 0 0 0 0 0 0 0 0 0 0 0 0 0 0 0 0 0 0 0 0 0 0 0 0 5 0 0 0 0 0 0 0 0 0 0 0 0 0 0 0
Last Time Cost: 00000073 ms
Total Time Cost: 00026978 ms
Total Distance 10: 0 0 0 0 0 0 0 0 0 6 0 0 0 0 0 0 0 0 0 0 0 0 0 0 0 0 0 0 0 0 0 0 0 0 0 0 0 0 0 0 0 0 0 0 0 0 4 0 0 0 0 0 0 0 0 0 0 0 0 0 0 0
Last Time Cost: 00000005 ms
Total Time Cost: 00026983 ms
Total Distance 9: 0 0 0 0 0 0 0 0 0 6 0 0 0 0 0 0 0 0 0 0 0 0 0 0 0 0 0 0 0 0 0 0 0 0 0 0 0 0 0 0 0 0 0 0 0 0 3 0 0 0 0 0 0 0 0 0 0 0 0 0 0 0
Last Time Cost: 00000005 ms
Total Time Cost: 00026988 ms
Total Distance 8: 0 0 0 0 0 0 0 0 0 6 0 0 0 0 0 0 0 0 0 0 0 0 0 0 0 0 0 0 0 0 0 0 0 0 0 0 0 0 0 0 0 0 0 0 0 0 2 0 0 0 0 0 0 0 0 0 0 0 0 0 0 0
Last Time Cost: 00000005 ms
Total Time Cost: 00026993 ms
Total Distance 7: 0 0 0 0 0 0 0 0 0 6 0 0 0 0 0 0 0 0 0 0 0 0 0 0 0 0 0 0 0 0 0 0 0 0 0 0 0 0 0 0 0 0 0 0 0 0 1 0 0 0 0 0 0 0 0 0 0 0 0 0 0 0
Last Time Cost: 00000005 ms
Total Time Cost: 00026998 ms
Total Distance 6: 0 0 0 0 0 0 0 0 0 6 0 0 0 0 0 0 0 0 0 0 0 0 0 0 0 0 0 0 0 0 0 0 0 0 0 0 0 0 0 0 0 0 0 0 0 0 0 0 0 0 0 0 0 0 0 0 0 0 0 0 0 0
Last Time Cost: 00000170 ms
Total Time Cost: 00027168 ms
Total Distance 5: 0 0 0 0 0 0 0 0 0 5 0 0 0 0 0 0 0 0 0 0 0 0 0 0 0 0 0 0 0 0 0 0 0 0 0 0 0 0 0 0 0 0 0 0 0 0 0 0 0 0 0 0 0 0 0 0 0 0 0 0 0 0
Last Time Cost: 00000076 ms
Total Time Cost: 00027244 ms
Total Distance 4: 0 0 0 0 0 0 0 0 0 4 0 0 0 0 0 0 0 0 0 0 0 0 0 0 0 0 0 0 0 0 0 0 0 0 0 0 0 0 0 0 0 0 0 0 0 0 0 0 0 0 0 0 0 0 0 0 0 0 0 0 0 0
Last Time Cost: 00000001 ms
Total Time Cost: 00027245 ms
Total Distance 3: 0 0 0 0 0 0 0 0 0 3 0 0 0 0 0 0 0 0 0 0 0 0 0 0 0 0 0 0 0 0 0 0 0 0 0 0 0 0 0 0 0 0 0 0 0 0 0 0 0 0 0 0 0 0 0 0 0 0 0 0 0 0
Last Time Cost: 00000000 ms
Total Time Cost: 00027245 ms
Total Distance 2: 0 0 0 0 0 0 0 0 0 2 0 0 0 0 0 0 0 0 0 0 0 0 0 0 0 0 0 0 0 0 0 0 0 0 0 0 0 0 0 0 0 0 0 0 0 0 0 0 0 0 0 0 0 0 0 0 0 0 0 0 0 0
Last Time Cost: 00000000 ms
Total Time Cost: 00027245 ms
Total Distance 1: 0 0 0 0 0 0 0 0 0 1 0 0 0 0 0 0 0 0 0 0 0 0 0 0 0 0 0 0 0 0 0 0 0 0 0 0 0 0 0 0 0 0 0 0 0 0 0 0 0 0 0 0 0 0 0 0 0 0 0 0 0 0
Last Time Cost: 00000000 ms
Total Time Cost: 00027245 ms
Total Distance 0: 0 0 0 0 0 0 0 0 0 0 0 0 0 0 0 0 0 0 0 0 0 0 0 0 0 0 0 0 0 0 0 0 0 0 0 0 0 0 0 0 0 0 0 0 0 0 0 0 0 0 0 0 0 0 0 0 0 0 0 0 0 0
