Last Time Cost: 00000000 ms
Total Time Cost: 00000000 ms
Total Distance 624: 14 14 14 14 14 14 14 14 14 14 14 14 12 12 12 12 12 12 12 12 12 12 12 12 13 13 13 13 13 13 13 13 13 13 13 13 13 13 13 13 13 13 13 13 13 13 13 13
Last Time Cost: 00016140 ms
Total Time Cost: 00016140 ms
Total Distance 615: 14 14 14 14 14 14 13 14 14 14 14 14 12 12 11 12 12 12 11 12 12 12 12 12 13 13 13 13 13 13 13 13 13 13 13 13 12 13 12 12 13 13 13 12 12 12 13 13
Last Time Cost: 00016781 ms
Total Time Cost: 00032921 ms
Total Distance 606: 14 14 14 13 14 14 13 13 14 14 13 14 12 12 11 12 12 11 10 12 12 12 11 12 13 13 12 13 13 13 13 13 13 13 13 13 12 12 12 12 13 13 13 12 12 12 13 12
Last Time Cost: 00018069 ms
Total Time Cost: 00050990 ms
Total Distance 597: 14 14 14 12 14 14 13 13 13 14 13 13 11 12 11 12 12 11 10 11 12 12 11 12 13 13 11 13 13 13 13 13 13 13 13 13 12 12 12 11 13 12 12 12 12 12 13 12
Last Time Cost: 00019866 ms
Total Time Cost: 00070856 ms
Total Distance 588: 14 14 14 12 14 13 13 13 13 13 13 12 11 12 11 11 12 11 10 11 12 12 11 12 12 13 11 13 13 13 12 13 13 13 13 13 11 12 12 11 13 11 12 11 12 12 13 12
Last Time Cost: 00021334 ms
Total Time Cost: 00092190 ms
Total Distance 579: 14 14 13 12 14 13 13 13 13 12 12 11 11 12 10 11 12 11 10 10 12 12 10 12 11 13 11 13 13 13 12 13 13 13 13 13 11 12 12 11 13 11 11 11 12 12 13 12
Last Time Cost: 00023067 ms
Total Time Cost: 00115257 ms
Total Distance 570: 13 14 13 12 13 12 13 13 13 12 12 11 11 12 10 11 12 11 10 10 11 12 10 12 11 13 11 13 13 12 12 13 13 13 13 13 11 12 12 10 12 11 10 11 12 12 12 12
Last Time Cost: 00022048 ms
Total Time Cost: 00137305 ms
Total Distance 561: 13 13 13 12 13 11 13 13 13 12 12 11 11 12 10 11 12 11 10 10 11 12 10 11 11 13 11 12 13 12 11 13 13 12 13 12 11 12 12 10 11 11 10 11 12 12 12 11
Last Time Cost: 00021910 ms
Total Time Cost: 00159215 ms
Total Distance 553: 13 13 13 12 13 11 13 12 13 12 12 11 11 12 10 10 12 11 10 10 11 11 10 11 11 13 11 12 12 11 11 13 13 12 13 12 10 11 12 10 11 11 10 11 12 11 12 11
Last Time Cost: 00021877 ms
Total Time Cost: 00181092 ms
Total Distance 545: 13 13 13 11 13 11 13 11 13 12 12 11 11 12 10 10 12 11 10 10 11 11 10 11 11 12 11 12 12 11 10 13 13 12 12 12 10 10 12 10 10 11 10 11 11 11 12 11
Last Time Cost: 00021708 ms
Total Time Cost: 00202800 ms
Total Distance 538: 13 12 13 11 13 11 13 11 13 12 12 11 11 11 10 10 12 11 10 10 11 11 10 11 11 12 11 11 12 11 10 13 13 12 12 11 10 10 12 9 9 11 10 10 11 11 12 11
Last Time Cost: 00022733 ms
Total Time Cost: 00225533 ms
Total Distance 531: 13 11 12 11 13 11 13 11 13 11 12 11 11 11 10 9 11 11 10 10 11 11 10 11 11 12 11 11 12 11 10 13 13 12 12 11 10 10 12 9 9 11 10 10 10 10 12 11
Last Time Cost: 00023142 ms
Total Time Cost: 00248675 ms
Total Distance 525: 13 11 12 11 13 11 13 11 13 11 12 11 11 10 9 9 11 10 10 10 11 11 10 11 11 12 10 11 12 11 10 13 13 11 12 11 10 10 12 8 9 11 10 10 10 10 12 11
Last Time Cost: 00025832 ms
Total Time Cost: 00274507 ms
Total Distance 519: 13 11 12 11 12 11 13 11 13 11 12 11 11 10 8 9 11 9 10 10 11 11 10 10 10 12 10 11 12 11 10 13 13 11 12 11 10 10 12 8 9 11 10 10 10 9 12 11
Last Time Cost: 00026453 ms
Total Time Cost: 00300960 ms
Total Distance 513: 13 11 12 10 12 11 13 10 13 11 11 11 11 10 8 9 11 8 9 10 11 11 10 10 10 12 9 11 12 11 10 13 13 11 12 11 10 10 12 8 9 11 10 10 10 9 12 11
Last Time Cost: 00029521 ms
Total Time Cost: 00330481 ms
Total Distance 507: 13 11 11 9 12 11 13 10 12 11 11 11 11 10 8 9 11 8 9 10 11 10 9 10 10 12 9 11 12 11 10 13 13 11 12 11 10 10 12 8 9 11 10 10 10 9 12 10
Last Time Cost: 00028961 ms
Total Time Cost: 00359442 ms
Total Distance 501: 12 11 11 9 12 11 12 10 12 11 11 11 11 10 8 9 10 8 9 10 11 10 8 9 10 12 9 11 12 11 10 13 13 11 12 11 10 10 12 8 9 11 10 10 10 9 12 9
Last Time Cost: 00022480 ms
Total Time Cost: 00381922 ms
Total Distance 495: 12 11 11 9 12 11 12 10 12 11 11 11 11 10 8 9 9 8 9 10 11 10 8 9 10 11 9 11 12 11 10 12 13 11 11 11 10 10 11 8 9 11 10 10 10 9 11 9
Last Time Cost: 00019258 ms
Total Time Cost: 00401180 ms
Total Distance 490: 12 11 11 9 12 11 12 10 12 10 11 11 11 10 8 8 9 8 9 10 11 10 8 9 9 11 9 11 12 11 9 12 13 11 11 11 10 10 11 8 9 10 10 10 10 9 11 9
Last Time Cost: 00020665 ms
Total Time Cost: 00421845 ms
Total Distance 484: 12 11 10 9 11 11 12 10 12 10 11 11 11 9 8 8 9 8 9 10 11 10 8 9 9 11 9 11 12 10 9 12 13 11 11 11 9 10 11 8 9 10 10 9 10 9 11 9
Last Time Cost: 00022018 ms
Total Time Cost: 00443863 ms
Total Distance 479: 12 11 10 9 11 11 12 10 12 10 11 11 11 9 8 7 9 8 9 10 11 10 8 9 9 11 9 11 11 10 8 12 13 11 11 11 9 10 11 8 9 10 10 8 10 9 10 9
Last Time Cost: 00023950 ms
Total Time Cost: 00467813 ms
Total Distance 474: 12 11 10 9 10 11 12 10 12 10 11 11 11 9 8 7 9 8 9 10 10 10 8 9 9 11 9 11 11 10 8 12 13 11 11 11 9 10 11 7 8 10 10 8 10 9 9 9
Last Time Cost: 00025340 ms
Total Time Cost: 00493153 ms
Total Distance 469: 12 11 10 9 10 11 12 10 12 10 10 11 11 9 8 7 9 8 9 10 10 10 8 9 9 10 9 11 11 10 7 12 12 11 11 11 9 10 11 7 7 10 10 8 10 9 9 9
Last Time Cost: 00016545 ms
Total Time Cost: 00509698 ms
Total Distance 464: 12 11 10 9 10 11 12 10 11 10 10 11 11 9 7 7 9 8 9 10 10 10 8 9 9 9 9 11 10 10 7 12 12 11 11 11 8 10 11 7 7 10 10 8 10 9 9 9
Last Time Cost: 00017245 ms
Total Time Cost: 00526943 ms
Total Distance 459: 12 11 10 9 9 10 12 10 10 10 10 11 11 9 7 7 9 8 9 10 10 10 8 9 9 8 9 11 10 10 7 12 12 11 11 11 8 10 11 7 7 10 10 8 10 9 9 8
Last Time Cost: 00016915 ms
Total Time Cost: 00543858 ms
Total Distance 454: 12 11 10 9 9 9 12 10 10 10 10 11 10 9 7 7 9 8 9 10 10 10 8 9 9 8 9 11 10 10 7 12 12 11 10 10 8 10 11 7 7 10 10 8 10 9 8 8
Last Time Cost: 00015109 ms
Total Time Cost: 00558967 ms
Total Distance 449: 12 10 10 9 9 9 12 9 10 10 10 10 10 9 7 7 9 8 9 10 10 9 8 9 9 8 9 11 10 10 7 12 12 11 10 10 8 10 11 7 7 9 10 8 10 9 8 8
Last Time Cost: 00014083 ms
Total Time Cost: 00573050 ms
Total Distance 444: 12 10 10 9 9 9 12 9 10 9 10 10 10 9 7 7 9 8 9 10 10 9 8 9 9 8 9 11 10 10 7 11 11 11 10 10 7 9 11 7 7 9 10 8 10 9 8 8
Last Time Cost: 00015616 ms
Total Time Cost: 00588666 ms
Total Distance 439: 11 10 10 9 9 9 12 9 10 9 9 10 10 9 7 7 9 8 9 10 10 9 8 9 9 8 9 11 10 10 7 10 11 11 9 9 7 9 11 7 7 9 10 8 10 9 8 8
Last Time Cost: 00014153 ms
Total Time Cost: 00602819 ms
Total Distance 435: 11 10 10 9 8 9 12 9 10 9 9 10 10 8 7 7 9 7 9 10 10 9 8 9 9 8 9 11 10 10 7 10 11 11 9 9 7 9 11 7 7 9 10 7 10 9 8 8
Last Time Cost: 00015576 ms
Total Time Cost: 00618395 ms
Total Distance 431: 11 10 10 8 8 9 12 9 10 9 9 10 10 8 7 7 9 7 9 10 10 9 8 9 8 8 9 11 10 10 7 9 11 11 9 9 6 9 11 7 7 9 10 7 10 9 8 8
Last Time Cost: 00017174 ms
Total Time Cost: 00635569 ms
Total Distance 427: 11 10 10 8 7 9 12 9 10 9 9 10 10 8 7 7 9 7 9 10 10 9 8 9 8 8 9 11 10 10 7 8 11 11 8 9 6 9 11 7 7 9 10 7 10 9 7 8
Last Time Cost: 00018586 ms
Total Time Cost: 00654155 ms
Total Distance 423: 11 10 10 8 7 9 12 9 10 9 9 10 10 8 7 7 8 7 9 10 10 9 8 9 8 7 9 11 10 10 7 7 11 11 8 9 6 9 10 7 7 9 10 7 10 9 7 8
Last Time Cost: 00018202 ms
Total Time Cost: 00672357 ms
Total Distance 419: 11 10 10 7 7 9 12 8 10 9 9 10 10 8 7 7 8 7 9 10 10 9 8 9 8 7 9 11 10 10 7 6 11 10 8 9 6 9 10 7 7 9 10 7 10 9 7 8
Last Time Cost: 00017403 ms
Total Time Cost: 00689760 ms
Total Distance 415: 11 10 9 6 7 9 12 8 10 9 9 10 10 8 7 7 8 7 9 10 10 9 8 9 7 7 9 11 10 10 7 5 11 10 8 9 6 9 10 7 7 9 10 7 10 9 7 8
Last Time Cost: 00019606 ms
Total Time Cost: 00709366 ms
Total Distance 411: 11 10 9 6 7 9 12 8 10 9 9 10 10 8 7 7 8 6 9 10 10 9 8 9 7 7 8 11 10 10 7 5 11 9 8 9 6 9 10 6 7 9 10 7 10 9 7 8
Last Time Cost: 00022534 ms
Total Time Cost: 00731900 ms
Total Distance 407: 11 10 9 6 7 9 12 8 9 9 9 9 10 8 7 7 8 5 9 10 10 9 8 9 7 7 7 11 10 10 7 5 11 9 8 9 6 9 10 6 7 9 10 7 10 9 7 8
Last Time Cost: 00024798 ms
Total Time Cost: 00756698 ms
Total Distance 403: 11 10 9 6 7 9 12 8 9 9 9 9 10 8 7 6 7 5 9 10 10 9 8 9 7 7 7 11 9 10 7 5 11 9 8 9 6 9 10 6 7 9 10 7 10 8 7 8
Last Time Cost: 00026592 ms
Total Time Cost: 00783290 ms
Total Distance 399: 11 10 9 5 7 9 12 8 9 9 9 9 10 8 7 6 7 5 9 9 10 9 8 9 7 7 7 11 9 10 7 5 11 9 8 9 6 9 10 6 7 8 9 7 10 8 7 8
Last Time Cost: 00029315 ms
Total Time Cost: 00812605 ms
Total Distance 395: 11 10 9 5 7 9 11 8 9 9 9 9 10 8 6 6 7 5 8 9 10 9 8 9 7 7 7 11 9 10 7 5 11 9 8 9 6 9 10 6 7 8 9 7 10 7 7 8
Last Time Cost: 00028006 ms
Total Time Cost: 00840611 ms
Total Distance 391: 11 10 9 5 7 9 11 8 9 9 9 9 10 7 6 6 7 5 7 9 10 9 8 9 7 7 7 11 9 9 7 5 11 9 8 9 6 9 9 6 7 8 9 7 10 7 7 8
Last Time Cost: 00030182 ms
Total Time Cost: 00870793 ms
Total Distance 387: 11 10 9 5 7 9 10 8 9 9 9 9 10 7 6 6 7 5 7 9 9 9 8 9 7 7 7 11 9 9 7 5 11 9 8 9 6 9 9 6 7 8 8 6 10 7 7 8
Last Time Cost: 00027149 ms
Total Time Cost: 00897942 ms
Total Distance 383: 11 9 9 5 7 9 10 8 9 9 9 9 10 7 6 6 7 5 7 9 9 9 8 9 7 7 7 10 9 9 7 5 11 9 8 8 6 9 9 6 6 8 8 6 10 7 7 8
Last Time Cost: 00023140 ms
Total Time Cost: 00921082 ms
Total Distance 379: 11 9 9 5 7 9 9 8 9 9 9 9 10 7 6 6 7 5 7 9 9 9 8 8 7 7 7 9 8 9 7 5 11 9 8 8 6 9 9 6 6 8 8 6 10 7 7 8
Last Time Cost: 00025482 ms
Total Time Cost: 00946564 ms
Total Distance 375: 11 8 9 5 7 9 9 8 9 9 9 8 9 7 6 6 7 5 7 9 9 9 8 8 7 7 7 9 8 9 7 5 11 9 8 8 6 9 9 6 6 8 8 6 9 7 7 8
Last Time Cost: 00027408 ms
Total Time Cost: 00973972 ms
Total Distance 372: 11 8 9 5 7 9 9 8 9 9 9 8 9 7 6 6 7 5 7 9 9 9 8 8 7 6 7 9 8 9 6 5 11 9 8 8 6 9 9 6 5 8 8 6 9 7 7 8
Last Time Cost: 00030431 ms
Total Time Cost: 01004403 ms
Total Distance 369: 11 8 9 5 7 9 9 8 9 8 9 8 9 7 6 6 6 5 7 9 9 9 8 8 7 6 7 9 8 9 5 5 11 9 8 8 6 9 9 6 5 8 8 6 9 7 7 8
Last Time Cost: 00032698 ms
Total Time Cost: 01037101 ms
Total Distance 366: 11 8 9 5 7 8 9 7 9 8 9 8 9 7 6 6 6 5 7 9 9 9 8 8 7 5 7 9 8 9 5 5 11 9 8 8 6 9 9 6 5 8 8 6 9 7 7 8
Last Time Cost: 00034174 ms
Total Time Cost: 01071275 ms
Total Distance 363: 11 8 8 5 7 8 9 7 9 7 9 8 9 7 5 6 6 5 7 9 9 9 8 8 7 5 7 9 8 9 5 5 11 9 8 8 6 9 9 6 5 8 8 6 9 7 7 8
Last Time Cost: 00037017 ms
Total Time Cost: 01108292 ms
Total Distance 360: 11 8 8 5 7 8 9 7 9 7 9 8 9 7 4 6 6 5 7 9 9 9 8 8 7 5 7 9 7 9 5 5 11 8 8 8 6 9 9 6 5 8 8 6 9 7 7 8
Last Time Cost: 00039535 ms
Total Time Cost: 01147827 ms
Total Distance 357: 11 8 8 5 7 8 9 7 9 7 9 7 9 7 4 6 6 5 7 9 9 9 8 8 6 5 7 9 7 9 5 5 11 8 8 8 6 9 9 6 5 8 7 6 9 7 7 8
Last Time Cost: 00044087 ms
Total Time Cost: 01191914 ms
Total Distance 354: 11 8 8 5 7 8 9 7 9 7 9 7 9 7 4 6 6 5 7 9 9 9 8 8 6 5 7 9 7 9 4 5 10 8 8 8 6 9 9 6 5 8 6 6 9 7 7 8
Last Time Cost: 00032672 ms
Total Time Cost: 01224586 ms
Total Distance 351: 11 8 8 5 7 8 8 7 9 7 9 7 9 7 4 6 6 5 7 9 8 9 8 8 6 5 7 9 7 9 4 5 10 8 8 8 6 9 9 6 5 8 6 5 9 7 7 8
Last Time Cost: 00034224 ms
Total Time Cost: 01258810 ms
Total Distance 348: 11 8 8 5 7 8 8 7 9 7 9 7 9 7 4 6 6 5 7 9 8 9 7 7 6 5 7 9 7 9 4 5 10 8 8 8 6 9 9 6 5 8 6 5 9 7 7 7
Last Time Cost: 00035798 ms
Total Time Cost: 01294608 ms
Total Distance 345: 11 8 8 5 7 8 8 7 9 7 8 7 9 7 4 6 6 5 6 9 8 9 7 7 6 5 7 9 7 9 4 5 10 8 8 7 6 9 9 6 5 8 6 5 9 7 7 7
Last Time Cost: 00037181 ms
Total Time Cost: 01331789 ms
Total Distance 342: 11 8 8 5 7 7 8 6 9 7 8 7 9 7 4 6 6 5 6 9 8 8 7 7 6 5 7 9 7 9 4 5 10 8 8 7 6 9 9 6 5 8 6 5 9 7 7 7
Last Time Cost: 00039869 ms
Total Time Cost: 01371658 ms
Total Distance 339: 11 8 8 5 7 7 8 6 9 7 8 7 9 7 4 6 6 5 6 8 8 8 7 6 6 5 7 9 7 9 4 5 10 8 7 7 6 9 9 6 5 8 6 5 9 7 7 7
Last Time Cost: 00042618 ms
Total Time Cost: 01414276 ms
Total Distance 336: 11 8 8 5 7 7 8 6 9 7 8 7 9 7 4 5 6 5 6 8 8 8 7 6 6 5 7 9 7 9 4 5 9 8 7 7 6 9 8 6 5 8 6 5 9 7 7 7
Last Time Cost: 00044058 ms
Total Time Cost: 01458334 ms
Total Distance 333: 11 8 8 5 7 7 8 6 9 7 8 7 8 7 4 5 6 5 6 8 8 8 7 6 6 5 6 9 7 9 4 5 9 8 7 7 6 9 8 6 5 8 6 5 9 7 6 7
Last Time Cost: 00044535 ms
Total Time Cost: 01502869 ms
Total Distance 330: 11 8 8 5 7 7 8 6 9 7 8 7 8 7 4 5 6 5 6 8 8 8 7 6 6 5 5 8 7 9 4 5 9 8 7 7 6 9 7 6 5 8 6 5 9 7 6 7
Last Time Cost: 00046431 ms
Total Time Cost: 01549300 ms
Total Distance 327: 11 8 8 5 7 7 8 6 9 7 8 7 8 7 4 5 6 5 6 8 7 8 7 6 6 5 5 8 7 8 4 5 9 8 7 7 6 9 6 6 5 8 6 5 9 7 6 7
Last Time Cost: 00047848 ms
Total Time Cost: 01597148 ms
Total Distance 324: 11 8 8 5 7 7 8 6 9 7 8 7 8 7 4 5 6 5 6 8 6 8 6 6 6 5 5 8 7 8 4 5 9 8 7 7 6 8 6 6 5 8 6 5 9 7 6 7
Last Time Cost: 00048080 ms
Total Time Cost: 01645228 ms
Total Distance 321: 10 8 7 5 7 7 8 6 9 7 8 7 8 7 4 5 6 5 6 8 6 8 5 6 6 5 5 8 7 8 4 5 9 8 7 7 6 8 6 6 5 8 6 5 9 7 6 7
Last Time Cost: 00006309 ms
Total Time Cost: 01651537 ms
Total Distance 318: 9 8 7 5 7 7 8 6 9 7 8 7 8 7 4 5 6 5 6 8 6 8 5 6 6 5 5 8 7 8 4 5 9 7 7 7 6 8 6 5 5 8 6 5 9 7 6 7
Last Time Cost: 00005158 ms
Total Time Cost: 01656695 ms
Total Distance 315: 8 8 7 5 7 7 7 6 9 7 8 7 8 7 4 5 6 5 6 8 6 8 5 6 6 5 5 8 6 8 4 5 9 7 7 7 6 8 6 5 5 8 6 5 9 7 6 7
Last Time Cost: 00004239 ms
Total Time Cost: 01660934 ms
Total Distance 312: 8 8 7 5 7 7 6 6 8 7 8 7 8 7 4 5 6 5 6 8 6 8 5 6 6 5 5 8 6 8 4 5 8 7 7 7 6 8 6 5 5 8 6 5 9 7 6 7
Last Time Cost: 00002150 ms
Total Time Cost: 01663084 ms
Total Distance 309: 8 8 7 5 7 7 6 6 7 7 8 7 8 7 4 5 6 5 6 7 6 8 5 6 6 5 5 8 6 7 4 5 8 7 7 7 6 8 6 5 5 8 6 5 9 7 6 7
Last Time Cost: 00002207 ms
Total Time Cost: 01665291 ms
Total Distance 307: 8 8 7 5 7 7 6 6 7 7 8 7 8 7 4 5 6 5 6 7 6 8 5 6 6 5 5 8 6 7 3 5 8 7 7 7 6 8 6 5 4 8 6 5 9 7 6 7
Last Time Cost: 00002356 ms
Total Time Cost: 01667647 ms
Total Distance 305: 8 8 7 5 7 7 6 6 7 7 8 7 8 7 4 5 6 4 6 7 6 8 5 6 6 5 4 8 6 7 3 5 8 7 7 7 6 8 6 5 4 8 6 5 9 7 6 7
Last Time Cost: 00002447 ms
Total Time Cost: 01670094 ms
Total Distance 303: 8 8 7 5 7 7 6 6 7 7 8 7 8 7 4 5 6 4 6 7 6 8 5 6 6 5 4 8 6 7 3 5 8 7 7 7 6 8 6 4 4 8 6 4 9 7 6 7
Last Time Cost: 00002578 ms
Total Time Cost: 01672672 ms
Total Distance 301: 8 8 7 5 7 7 6 6 7 7 8 7 8 7 3 5 6 4 6 7 6 8 5 6 6 5 4 8 6 7 3 5 8 7 7 7 6 8 6 4 4 8 6 4 9 6 6 7
Last Time Cost: 00002687 ms
Total Time Cost: 01675359 ms
Total Distance 299: 8 8 7 5 7 7 6 6 7 7 8 7 8 7 2 5 6 4 6 7 6 8 5 6 6 5 4 8 6 7 3 5 8 7 7 7 6 8 6 4 4 8 6 4 9 5 6 7
Last Time Cost: 00002826 ms
Total Time Cost: 01678185 ms
Total Distance 297: 8 8 7 5 7 7 6 6 7 7 8 7 8 7 2 4 6 4 6 7 6 8 5 6 6 5 4 8 5 7 3 5 8 7 7 7 6 8 6 4 4 8 6 4 9 5 6 7
Last Time Cost: 00003020 ms
Total Time Cost: 01681205 ms
Total Distance 295: 8 8 7 5 7 7 6 6 7 7 8 7 8 7 2 4 6 4 6 7 6 8 5 5 6 5 4 8 4 7 3 5 8 7 7 7 6 8 6 4 4 8 6 4 9 5 6 7
Last Time Cost: 00003138 ms
Total Time Cost: 01684343 ms
Total Distance 293: 8 8 7 5 7 7 6 6 7 7 8 7 8 6 2 4 6 4 6 7 6 8 5 5 6 5 4 8 4 7 3 5 8 7 7 7 6 8 6 4 4 8 6 3 9 5 6 7
Last Time Cost: 00003290 ms
Total Time Cost: 01687633 ms
Total Distance 291: 8 8 7 5 7 7 6 6 7 7 8 7 8 6 2 4 6 4 6 7 6 8 4 5 6 5 4 8 4 7 3 5 8 7 7 7 6 8 6 4 4 8 6 3 9 5 5 7
Last Time Cost: 00003517 ms
Total Time Cost: 01691150 ms
Total Distance 289: 8 8 6 5 7 7 6 6 7 7 8 7 8 6 2 4 6 4 6 7 6 8 4 5 6 5 3 8 4 7 3 5 8 7 7 7 6 8 6 4 4 8 6 3 9 5 5 7
Last Time Cost: 00003651 ms
Total Time Cost: 01694801 ms
Total Distance 287: 8 8 6 5 7 7 6 6 7 7 8 7 8 6 2 4 6 4 6 7 6 8 4 5 6 4 3 8 4 7 3 5 8 7 7 7 6 8 5 4 4 8 6 3 9 5 5 7
Last Time Cost: 00003806 ms
Total Time Cost: 01698607 ms
Total Distance 285: 8 8 5 4 7 7 6 6 7 7 8 7 8 6 2 4 6 4 6 7 6 8 4 5 6 4 3 8 4 7 3 5 8 7 7 7 6 8 5 4 4 8 6 3 9 5 5 7
Last Time Cost: 00003984 ms
Total Time Cost: 01702591 ms
Total Distance 283: 8 8 5 4 7 7 6 6 7 7 8 7 8 6 2 4 6 4 6 7 6 8 4 4 6 4 3 8 3 7 3 5 8 7 7 7 6 8 5 4 4 8 6 3 9 5 5 7
Last Time Cost: 00004167 ms
Total Time Cost: 01706758 ms
Total Distance 281: 8 8 5 3 7 7 6 5 7 7 8 7 8 6 2 4 6 4 6 7 6 8 4 4 6 4 3 8 3 7 3 5 8 7 7 7 6 8 5 4 4 8 6 3 9 5 5 7
Last Time Cost: 00004433 ms
Total Time Cost: 01711191 ms
Total Distance 279: 8 8 5 3 7 7 6 5 7 7 8 7 8 6 2 4 6 4 6 7 5 8 4 4 6 4 3 8 3 7 3 5 8 7 7 7 6 8 4 4 4 8 6 3 9 5 5 7
Last Time Cost: 00004634 ms
Total Time Cost: 01715825 ms
Total Distance 277: 8 8 5 3 6 7 6 5 7 7 8 7 8 6 2 4 6 3 6 7 5 8 4 4 6 4 3 8 3 7 3 5 8 7 7 7 6 8 4 4 4 8 6 3 9 5 5 7
Last Time Cost: 00004813 ms
Total Time Cost: 01720638 ms
Total Distance 275: 8 8 5 3 6 7 6 5 7 7 8 7 8 6 2 4 6 3 6 7 5 8 4 4 6 4 3 8 3 6 3 5 8 7 7 7 6 8 3 4 4 8 6 3 9 5 5 7
Last Time Cost: 00004966 ms
Total Time Cost: 01725604 ms
Total Distance 273: 8 8 5 3 5 7 6 5 7 7 8 7 8 5 2 4 6 3 6 7 5 8 4 4 6 4 3 8 3 6 3 5 8 7 7 7 6 8 3 4 4 8 6 3 9 5 5 7
Last Time Cost: 00005218 ms
Total Time Cost: 01730822 ms
Total Distance 271: 8 8 5 3 5 7 6 5 7 7 8 7 8 5 2 4 6 3 6 7 5 8 4 4 6 4 2 7 3 6 3 5 8 7 7 7 6 8 3 4 4 8 6 3 9 5 5 7
Last Time Cost: 00005381 ms
Total Time Cost: 01736203 ms
Total Distance 269: 8 7 5 3 5 7 6 5 7 7 8 7 8 5 2 4 6 3 6 7 5 8 4 4 6 4 2 7 3 6 3 5 8 7 7 7 6 8 3 3 4 8 6 3 9 5 5 7
Last Time Cost: 00005635 ms
Total Time Cost: 01741838 ms
Total Distance 267: 8 7 5 3 5 7 6 5 6 7 8 7 8 4 2 4 6 3 6 7 5 8 4 4 6 4 2 7 3 6 3 5 8 7 7 7 6 8 3 3 4 8 6 3 9 5 5 7
Last Time Cost: 00006125 ms
Total Time Cost: 01747963 ms
Total Distance 264: 8 6 5 3 5 7 6 5 6 7 8 6 8 4 2 4 6 3 6 7 5 8 4 4 6 4 2 7 3 6 3 5 8 7 7 7 6 8 3 3 4 8 6 3 8 5 5 7
Last Time Cost: 00002059 ms
Total Time Cost: 01750022 ms
Total Distance 262: 8 6 5 3 5 7 6 4 6 7 8 5 8 4 2 4 6 3 6 7 5 8 4 4 6 4 2 7 3 6 3 5 8 7 7 7 6 8 3 3 4 8 6 3 8 5 5 7
Last Time Cost: 00002124 ms
Total Time Cost: 01752146 ms
Total Distance 260: 8 6 5 3 4 6 6 4 6 7 8 5 8 4 2 4 6 3 6 7 5 8 4 4 6 4 2 7 3 6 3 5 8 7 7 7 6 8 3 3 4 8 6 3 8 5 5 7
Last Time Cost: 00002096 ms
Total Time Cost: 01754242 ms
Total Distance 258: 8 6 5 3 4 6 6 4 6 7 8 5 8 4 2 4 6 3 6 7 5 8 4 4 6 4 2 7 3 6 3 5 8 7 7 7 6 8 3 3 3 8 6 3 7 5 5 7
Last Time Cost: 00002175 ms
Total Time Cost: 01756417 ms
Total Distance 256: 8 6 5 3 4 6 6 4 6 7 8 4 8 4 2 4 6 3 6 7 5 8 4 4 6 4 2 7 3 6 3 5 8 7 7 7 6 8 3 3 3 8 6 3 6 5 5 7
Last Time Cost: 00002166 ms
Total Time Cost: 01758583 ms
Total Distance 254: 8 6 5 3 4 6 6 4 6 7 8 4 8 4 2 4 6 3 6 7 5 8 4 4 5 4 2 7 3 6 3 5 8 7 7 7 6 8 3 3 3 8 6 3 5 5 5 7
Last Time Cost: 00002255 ms
Total Time Cost: 01760838 ms
Total Distance 252: 8 5 5 3 4 6 6 4 6 7 8 4 8 4 2 4 5 3 6 7 5 8 4 4 5 4 2 7 3 6 3 5 8 7 7 7 6 8 3 3 3 8 6 3 5 5 5 7
Last Time Cost: 00002346 ms
Total Time Cost: 01763184 ms
Total Distance 250: 8 5 5 3 4 6 6 4 6 7 8 4 8 4 2 4 5 3 5 7 5 8 4 4 5 4 2 7 3 6 3 5 8 6 7 7 6 8 3 3 3 8 6 3 5 5 5 7
Last Time Cost: 00002398 ms
Total Time Cost: 01765582 ms
Total Distance 248: 8 5 5 3 4 6 6 4 6 7 8 4 8 4 2 4 5 3 4 7 5 8 4 4 5 4 2 7 3 6 3 5 8 6 7 6 6 8 3 3 3 8 6 3 5 5 5 7
Last Time Cost: 00002427 ms
Total Time Cost: 01768009 ms
Total Distance 246: 8 5 5 3 4 5 6 4 6 7 8 4 8 4 2 4 5 3 4 7 5 8 4 4 5 4 2 7 3 6 3 5 8 6 7 5 6 8 3 3 3 8 6 3 5 5 5 7
Last Time Cost: 00002522 ms
Total Time Cost: 01770531 ms
Total Distance 244: 8 5 5 3 4 5 6 4 6 7 8 4 8 4 2 4 5 3 3 7 5 8 4 4 5 4 2 7 3 6 3 5 8 6 7 5 6 8 3 3 3 7 6 3 5 5 5 7
Last Time Cost: 00002523 ms
Total Time Cost: 01773054 ms
Total Distance 242: 8 5 5 3 4 5 5 4 6 6 8 4 8 4 2 4 5 3 3 7 5 8 4 4 5 4 2 7 3 6 3 5 8 6 7 5 6 8 3 3 3 7 6 3 5 5 5 7
Last Time Cost: 00002532 ms
Total Time Cost: 01775586 ms
Total Distance 240: 8 5 5 3 4 5 5 4 6 6 8 4 8 4 2 4 5 3 3 7 5 8 4 4 5 4 2 7 3 6 3 5 8 6 7 5 6 8 3 3 3 6 5 3 5 5 5 7
Last Time Cost: 00002467 ms
Total Time Cost: 01778053 ms
Total Distance 238: 8 5 5 3 4 5 5 4 6 6 8 4 8 4 2 4 5 3 3 7 5 8 4 4 5 4 2 7 3 6 3 5 8 6 7 5 6 8 3 3 3 5 4 3 5 5 5 7
Last Time Cost: 00002609 ms
Total Time Cost: 01780662 ms
Total Distance 236: 8 5 5 3 4 5 5 4 6 6 8 4 8 4 2 4 5 3 3 7 5 8 4 4 5 4 2 7 3 6 3 5 8 6 7 5 5 8 3 3 3 4 4 3 5 5 5 7
Last Time Cost: 00002744 ms
Total Time Cost: 01783406 ms
Total Distance 234: 8 5 5 3 4 5 5 4 6 5 8 4 8 4 2 4 4 3 3 7 5 8 4 4 5 4 2 7 3 6 3 5 8 6 7 5 5 8 3 3 3 4 4 3 5 5 5 7
Last Time Cost: 00002836 ms
Total Time Cost: 01786242 ms
Total Distance 232: 8 5 5 3 4 5 5 4 6 5 8 4 8 4 2 4 4 3 3 7 5 8 4 4 5 4 2 7 3 6 3 5 7 6 7 5 5 8 3 3 3 4 3 3 5 5 5 7
Last Time Cost: 00002858 ms
Total Time Cost: 01789100 ms
Total Distance 230: 8 5 5 3 4 5 5 4 6 5 8 4 8 4 2 4 4 3 3 7 5 8 4 4 5 4 2 7 3 6 3 5 7 6 7 5 5 7 3 3 3 4 2 3 5 5 5 7
Last Time Cost: 00002815 ms
Total Time Cost: 01791915 ms
Total Distance 228: 8 5 5 3 4 5 5 4 6 5 8 4 8 4 2 4 4 3 3 7 5 8 4 4 5 4 2 7 3 5 3 5 7 6 7 5 4 7 3 3 3 4 2 3 5 5 5 7
Last Time Cost: 00002912 ms
Total Time Cost: 01794827 ms
Total Distance 226: 8 5 5 3 4 5 5 4 6 5 8 4 8 4 2 4 4 3 3 7 4 8 4 4 5 4 2 7 3 5 3 5 6 6 7 5 4 7 3 3 3 4 2 3 5 5 5 7
Last Time Cost: 00002853 ms
Total Time Cost: 01797680 ms
Total Distance 224: 8 5 5 3 4 5 5 4 6 5 8 4 8 4 2 4 4 3 3 7 4 7 4 4 5 4 2 7 3 5 3 5 6 6 7 5 4 7 3 3 3 3 2 3 5 5 5 7
Last Time Cost: 00002530 ms
Total Time Cost: 01800210 ms
Total Distance 222: 7 5 5 3 4 5 5 4 6 5 8 4 8 4 2 4 3 3 3 7 4 7 4 4 5 4 2 7 3 5 3 5 6 6 7 5 4 7 3 3 3 3 2 3 5 5 5 7
Last Time Cost: 00002280 ms
Total Time Cost: 01802490 ms
Total Distance 220: 7 5 5 3 4 5 5 4 6 5 8 4 7 4 2 4 3 3 3 7 4 7 4 4 5 4 2 7 3 5 3 5 6 6 7 5 4 7 3 3 3 3 2 3 4 5 5 7
Last Time Cost: 00002168 ms
Total Time Cost: 01804658 ms
Total Distance 218: 7 5 5 3 4 5 5 4 6 5 8 4 7 4 2 4 3 3 3 7 4 7 4 4 5 4 2 7 3 5 3 5 6 6 6 5 4 6 3 3 3 3 2 3 4 5 5 7
Last Time Cost: 00001831 ms
Total Time Cost: 01806489 ms
Total Distance 216: 7 5 5 3 4 5 5 4 6 5 7 4 7 4 2 4 3 3 3 7 4 7 4 4 5 3 2 7 3 5 3 5 6 6 6 5 4 6 3 3 3 3 2 3 4 5 5 7
Last Time Cost: 00001685 ms
Total Time Cost: 01808174 ms
Total Distance 214: 7 5 5 3 4 5 5 4 6 5 7 4 7 4 2 4 3 3 3 7 4 6 4 4 5 3 2 7 3 5 3 5 6 6 6 5 4 6 3 3 3 3 2 3 4 5 5 6
Last Time Cost: 00001234 ms
Total Time Cost: 01809408 ms
Total Distance 212: 7 5 5 3 4 5 5 4 6 5 7 4 7 4 2 4 3 3 3 7 4 6 4 4 5 3 2 6 3 5 3 5 6 6 6 5 4 6 3 3 3 3 2 3 4 5 5 5
Last Time Cost: 00001033 ms
Total Time Cost: 01810441 ms
Total Distance 210: 7 5 5 3 4 5 5 4 6 5 6 4 7 4 2 4 3 3 3 7 4 6 4 4 5 3 2 5 3 5 3 5 6 6 6 5 4 6 3 3 3 3 2 3 4 5 5 5
Last Time Cost: 00000829 ms
Total Time Cost: 01811270 ms
Total Distance 209: 7 5 5 3 4 5 5 4 6 5 6 4 7 4 2 4 3 3 3 7 4 6 4 4 5 3 1 5 3 5 3 5 6 6 6 5 4 6 3 3 3 3 2 3 4 5 5 5
Last Time Cost: 00000001 ms
Total Time Cost: 01811271 ms
Total Distance 208: 7 5 5 3 4 5 5 4 6 5 6 4 7 4 2 4 3 3 3 7 4 6 4 4 5 3 0 5 3 5 3 5 6 6 6 5 4 6 3 3 3 3 2 3 4 5 5 5
Last Time Cost: 00000886 ms
Total Time Cost: 01812157 ms
Total Distance 207: 7 5 5 3 4 5 5 4 6 5 6 4 7 4 1 4 3 3 3 7 4 6 4 4 5 3 0 5 3 5 3 5 6 6 6 5 4 6 3 3 3 3 2 3 4 5 5 5
Last Time Cost: 00000001 ms
Total Time Cost: 01812158 ms
Total Distance 206: 7 5 5 3 4 5 5 4 6 5 6 4 7 4 0 4 3 3 3 7 4 6 4 4 5 3 0 5 3 5 3 5 6 6 6 5 4 6 3 3 3 3 2 3 4 5 5 5
Last Time Cost: 00000959 ms
Total Time Cost: 01813117 ms
Total Distance 205: 7 5 5 3 4 5 5 4 6 5 6 4 7 4 0 4 3 3 3 7 4 6 4 4 5 3 0 5 3 5 3 5 6 6 6 5 4 6 3 3 3 3 1 3 4 5 5 5
Last Time Cost: 00000001 ms
Total Time Cost: 01813118 ms
Total Distance 204: 7 5 5 3 4 5 5 4 6 5 6 4 7 4 0 4 3 3 3 7 4 6 4 4 5 3 0 5 3 5 3 5 6 6 6 5 4 6 3 3 3 3 0 3 4 5 5 5
Last Time Cost: 00001059 ms
Total Time Cost: 01814177 ms
Total Distance 203: 7 5 5 3 4 5 5 4 6 5 6 4 7 4 0 4 3 3 3 7 4 6 4 4 5 3 0 5 3 5 3 5 6 6 6 5 4 6 3 3 3 2 0 3 4 5 5 5
Last Time Cost: 00000002 ms
Total Time Cost: 01814179 ms
Total Distance 202: 7 5 5 3 4 5 5 4 6 5 6 4 7 4 0 4 3 3 3 7 4 6 4 4 5 3 0 5 3 5 3 5 6 6 6 5 4 6 3 3 3 1 0 3 4 5 5 5
Last Time Cost: 00000001 ms
Total Time Cost: 01814180 ms
Total Distance 201: 7 5 5 3 4 5 5 4 6 5 6 4 7 4 0 4 3 3 3 7 4 6 4 4 5 3 0 5 3 5 3 5 6 6 6 5 4 6 3 3 3 0 0 3 4 5 5 5
Last Time Cost: 00001172 ms
Total Time Cost: 01815352 ms
Total Distance 200: 7 5 5 3 4 5 5 4 6 5 6 4 7 4 0 4 3 3 3 7 4 6 4 4 5 3 0 5 3 5 2 5 6 6 6 5 4 6 3 3 3 0 0 3 4 5 5 5
Last Time Cost: 00000002 ms
Total Time Cost: 01815354 ms
Total Distance 199: 7 5 5 3 4 5 5 4 6 5 6 4 7 4 0 4 3 3 3 7 4 6 4 4 5 3 0 5 3 5 1 5 6 6 6 5 4 6 3 3 3 0 0 3 4 5 5 5
Last Time Cost: 00000001 ms
Total Time Cost: 01815355 ms
Total Distance 198: 7 5 5 3 4 5 5 4 6 5 6 4 7 4 0 4 3 3 3 7 4 6 4 4 5 3 0 5 3 5 0 5 6 6 6 5 4 6 3 3 3 0 0 3 4 5 5 5
Last Time Cost: 00001321 ms
Total Time Cost: 01816676 ms
Total Distance 197: 7 5 5 3 4 5 5 4 6 5 6 4 7 4 0 4 3 3 3 7 4 6 4 4 5 2 0 5 3 5 0 5 6 6 6 5 4 6 3 3 3 0 0 3 4 5 5 5
Last Time Cost: 00000002 ms
Total Time Cost: 01816678 ms
Total Distance 196: 7 5 5 3 4 5 5 4 6 5 6 4 7 4 0 4 3 3 3 7 4 6 4 4 5 1 0 5 3 5 0 5 6 6 6 5 4 6 3 3 3 0 0 3 4 5 5 5
Last Time Cost: 00000001 ms
Total Time Cost: 01816679 ms
Total Distance 195: 7 5 5 3 4 5 5 4 6 5 6 4 7 4 0 4 3 3 3 7 4 6 4 4 5 0 0 5 3 5 0 5 6 6 6 5 4 6 3 3 3 0 0 3 4 5 5 5
Last Time Cost: 00001436 ms
Total Time Cost: 01818115 ms
Total Distance 193: 7 5 5 3 4 5 5 4 6 5 5 4 7 4 0 4 3 3 3 7 4 6 4 4 5 0 0 5 3 5 0 5 6 6 6 4 4 6 3 3 3 0 0 3 4 5 5 5
Last Time Cost: 00001479 ms
Total Time Cost: 01819594 ms
Total Distance 192: 7 5 5 3 4 5 5 4 6 5 5 4 7 4 0 4 3 3 3 7 4 6 4 4 5 0 0 5 2 5 0 5 6 6 6 4 4 6 3 3 3 0 0 3 4 5 5 5
Last Time Cost: 00000002 ms
Total Time Cost: 01819596 ms
Total Distance 191: 7 5 5 3 4 5 5 4 6 5 5 4 7 4 0 4 3 3 3 7 4 6 4 4 5 0 0 5 1 5 0 5 6 6 6 4 4 6 3 3 3 0 0 3 4 5 5 5
Last Time Cost: 00000001 ms
Total Time Cost: 01819597 ms
Total Distance 190: 7 5 5 3 4 5 5 4 6 5 5 4 7 4 0 4 3 3 3 7 4 6 4 4 5 0 0 5 0 5 0 5 6 6 6 4 4 6 3 3 3 0 0 3 4 5 5 5
Last Time Cost: 00001632 ms
Total Time Cost: 01821229 ms
Total Distance 189: 7 5 5 3 4 5 5 4 6 5 5 4 7 4 0 4 3 3 2 7 4 6 4 4 5 0 0 5 0 5 0 5 6 6 6 4 4 6 3 3 3 0 0 3 4 5 5 5
Last Time Cost: 00000002 ms
Total Time Cost: 01821231 ms
Total Distance 188: 7 5 5 3 4 5 5 4 6 5 5 4 7 4 0 4 3 3 1 7 4 6 4 4 5 0 0 5 0 5 0 5 6 6 6 4 4 6 3 3 3 0 0 3 4 5 5 5
Last Time Cost: 00000001 ms
Total Time Cost: 01821232 ms
Total Distance 187: 7 5 5 3 4 5 5 4 6 5 5 4 7 4 0 4 3 3 0 7 4 6 4 4 5 0 0 5 0 5 0 5 6 6 6 4 4 6 3 3 3 0 0 3 4 5 5 5
Last Time Cost: 00001825 ms
Total Time Cost: 01823057 ms
Total Distance 186: 7 5 5 3 4 5 5 4 6 5 5 4 7 4 0 4 3 3 0 7 4 6 4 4 5 0 0 5 0 5 0 5 6 6 6 4 4 6 2 3 3 0 0 3 4 5 5 5
Last Time Cost: 00000002 ms
Total Time Cost: 01823059 ms
Total Distance 185: 7 5 5 3 4 5 5 4 6 5 5 4 7 4 0 4 3 3 0 7 4 6 4 4 5 0 0 5 0 5 0 5 6 6 6 4 4 6 1 3 3 0 0 3 4 5 5 5
Last Time Cost: 00000001 ms
Total Time Cost: 01823060 ms
Total Distance 184: 7 5 5 3 4 5 5 4 6 5 5 4 7 4 0 4 3 3 0 7 4 6 4 4 5 0 0 5 0 5 0 5 6 6 6 4 4 6 0 3 3 0 0 3 4 5 5 5
Last Time Cost: 00002056 ms
Total Time Cost: 01825116 ms
Total Distance 183: 7 5 5 3 4 5 5 4 6 5 5 4 7 4 0 4 3 3 0 7 4 6 4 4 5 0 0 5 0 5 0 5 6 6 6 4 4 6 0 3 3 0 0 2 4 5 5 5
Last Time Cost: 00000002 ms
Total Time Cost: 01825118 ms
Total Distance 182: 7 5 5 3 4 5 5 4 6 5 5 4 7 4 0 4 3 3 0 7 4 6 4 4 5 0 0 5 0 5 0 5 6 6 6 4 4 6 0 3 3 0 0 1 4 5 5 5
Last Time Cost: 00000001 ms
Total Time Cost: 01825119 ms
Total Distance 181: 7 5 5 3 4 5 5 4 6 5 5 4 7 4 0 4 3 3 0 7 4 6 4 4 5 0 0 5 0 5 0 5 6 6 6 4 4 6 0 3 3 0 0 0 4 5 5 5
Last Time Cost: 00002305 ms
Total Time Cost: 01827424 ms
Total Distance 180: 7 5 5 3 4 5 5 4 6 5 5 4 7 4 0 4 3 3 0 7 4 6 4 4 5 0 0 5 0 5 0 5 6 6 6 4 4 6 0 2 3 0 0 0 4 5 5 5
Last Time Cost: 00000002 ms
Total Time Cost: 01827426 ms
Total Distance 179: 7 5 5 3 4 5 5 4 6 5 5 4 7 4 0 4 3 3 0 7 4 6 4 4 5 0 0 5 0 5 0 5 6 6 6 4 4 6 0 1 3 0 0 0 4 5 5 5
Last Time Cost: 00000001 ms
Total Time Cost: 01827427 ms
Total Distance 178: 7 5 5 3 4 5 5 4 6 5 5 4 7 4 0 4 3 3 0 7 4 6 4 4 5 0 0 5 0 5 0 5 6 6 6 4 4 6 0 0 3 0 0 0 4 5 5 5
Last Time Cost: 00002599 ms
Total Time Cost: 01830026 ms
Total Distance 177: 7 5 5 3 4 5 5 4 6 5 5 4 7 4 0 4 3 3 0 7 4 6 4 4 5 0 0 5 0 5 0 5 6 6 6 4 4 6 0 0 2 0 0 0 4 5 5 5
Last Time Cost: 00000002 ms
Total Time Cost: 01830028 ms
Total Distance 176: 7 5 5 3 4 5 5 4 6 5 5 4 7 4 0 4 3 3 0 7 4 6 4 4 5 0 0 5 0 5 0 5 6 6 6 4 4 6 0 0 1 0 0 0 4 5 5 5
Last Time Cost: 00000001 ms
Total Time Cost: 01830029 ms
Total Distance 175: 7 5 5 3 4 5 5 4 6 5 5 4 7 4 0 4 3 3 0 7 4 6 4 4 5 0 0 5 0 5 0 5 6 6 6 4 4 6 0 0 0 0 0 0 4 5 5 5
Last Time Cost: 00002831 ms
Total Time Cost: 01832860 ms
Total Distance 174: 7 5 5 2 4 5 5 4 6 5 5 4 7 4 0 4 3 3 0 7 4 6 4 4 5 0 0 5 0 5 0 5 6 6 6 4 4 6 0 0 0 0 0 0 4 5 5 5
Last Time Cost: 00000002 ms
Total Time Cost: 01832862 ms
Total Distance 173: 7 5 5 1 4 5 5 4 6 5 5 4 7 4 0 4 3 3 0 7 4 6 4 4 5 0 0 5 0 5 0 5 6 6 6 4 4 6 0 0 0 0 0 0 4 5 5 5
Last Time Cost: 00000001 ms
Total Time Cost: 01832863 ms
Total Distance 172: 7 5 5 0 4 5 5 4 6 5 5 4 7 4 0 4 3 3 0 7 4 6 4 4 5 0 0 5 0 5 0 5 6 6 6 4 4 6 0 0 0 0 0 0 4 5 5 5
Last Time Cost: 00003309 ms
Total Time Cost: 01836172 ms
Total Distance 171: 7 5 5 0 4 5 5 4 6 5 5 4 7 4 0 4 2 3 0 7 4 6 4 4 5 0 0 5 0 5 0 5 6 6 6 4 4 6 0 0 0 0 0 0 4 5 5 5
Last Time Cost: 00000002 ms
Total Time Cost: 01836174 ms
Total Distance 170: 7 5 5 0 4 5 5 4 6 5 5 4 7 4 0 4 1 3 0 7 4 6 4 4 5 0 0 5 0 5 0 5 6 6 6 4 4 6 0 0 0 0 0 0 4 5 5 5
Last Time Cost: 00000001 ms
Total Time Cost: 01836175 ms
Total Distance 169: 7 5 5 0 4 5 5 4 6 5 5 4 7 4 0 4 0 3 0 7 4 6 4 4 5 0 0 5 0 5 0 5 6 6 6 4 4 6 0 0 0 0 0 0 4 5 5 5
Last Time Cost: 00003704 ms
Total Time Cost: 01839879 ms
Total Distance 167: 7 5 5 0 4 5 5 4 6 5 5 4 6 4 0 4 0 3 0 7 4 6 4 4 5 0 0 5 0 5 0 5 6 6 6 4 4 6 0 0 0 0 0 0 3 5 5 5
Last Time Cost: 00002827 ms
Total Time Cost: 01842706 ms
Total Distance 165: 6 5 5 0 4 5 5 4 5 5 5 4 6 4 0 4 0 3 0 7 4 6 4 4 5 0 0 5 0 5 0 5 6 6 6 4 4 6 0 0 0 0 0 0 3 5 5 5
Last Time Cost: 00001559 ms
Total Time Cost: 01844265 ms
Total Distance 163: 5 5 5 0 4 5 5 4 5 5 5 4 6 4 0 4 0 3 0 6 4 6 4 4 5 0 0 5 0 5 0 5 6 6 6 4 4 6 0 0 0 0 0 0 3 5 5 5
Last Time Cost: 00000266 ms
Total Time Cost: 01844531 ms
Total Distance 161: 5 5 5 0 4 5 5 4 4 5 5 3 6 4 0 4 0 3 0 6 4 6 4 4 5 0 0 5 0 5 0 5 6 6 6 4 4 6 0 0 0 0 0 0 3 5 5 5
Last Time Cost: 00000259 ms
Total Time Cost: 01844790 ms
Total Distance 160: 5 5 5 0 4 5 5 4 4 5 5 2 6 4 0 4 0 3 0 6 4 6 4 4 5 0 0 5 0 5 0 5 6 6 6 4 4 6 0 0 0 0 0 0 3 5 5 5
Last Time Cost: 00000002 ms
Total Time Cost: 01844792 ms
Total Distance 159: 5 5 5 0 4 5 5 4 4 5 5 1 6 4 0 4 0 3 0 6 4 6 4 4 5 0 0 5 0 5 0 5 6 6 6 4 4 6 0 0 0 0 0 0 3 5 5 5
Last Time Cost: 00000001 ms
Total Time Cost: 01844793 ms
Total Distance 158: 5 5 5 0 4 5 5 4 4 5 5 0 6 4 0 4 0 3 0 6 4 6 4 4 5 0 0 5 0 5 0 5 6 6 6 4 4 6 0 0 0 0 0 0 3 5 5 5
Last Time Cost: 00000276 ms
Total Time Cost: 01845069 ms
Total Distance 157: 5 5 5 0 4 5 5 4 4 5 5 0 6 4 0 4 0 2 0 6 4 6 4 4 5 0 0 5 0 5 0 5 6 6 6 4 4 6 0 0 0 0 0 0 3 5 5 5
Last Time Cost: 00000002 ms
Total Time Cost: 01845071 ms
Total Distance 156: 5 5 5 0 4 5 5 4 4 5 5 0 6 4 0 4 0 1 0 6 4 6 4 4 5 0 0 5 0 5 0 5 6 6 6 4 4 6 0 0 0 0 0 0 3 5 5 5
Last Time Cost: 00000001 ms
Total Time Cost: 01845072 ms
Total Distance 155: 5 5 5 0 4 5 5 4 4 5 5 0 6 4 0 4 0 0 0 6 4 6 4 4 5 0 0 5 0 5 0 5 6 6 6 4 4 6 0 0 0 0 0 0 3 5 5 5
Last Time Cost: 00000305 ms
Total Time Cost: 01845377 ms
Total Distance 154: 5 5 5 0 4 5 5 4 4 5 5 0 6 4 0 4 0 0 0 6 4 6 4 4 5 0 0 5 0 5 0 5 6 6 6 4 4 6 0 0 0 0 0 0 2 5 5 5
Last Time Cost: 00000001 ms
Total Time Cost: 01845378 ms
Total Distance 153: 5 5 5 0 4 5 5 4 4 5 5 0 6 4 0 4 0 0 0 6 4 6 4 4 5 0 0 5 0 5 0 5 6 6 6 4 4 6 0 0 0 0 0 0 1 5 5 5
Last Time Cost: 00000001 ms
Total Time Cost: 01845379 ms
Total Distance 152: 5 5 5 0 4 5 5 4 4 5 5 0 6 4 0 4 0 0 0 6 4 6 4 4 5 0 0 5 0 5 0 5 6 6 6 4 4 6 0 0 0 0 0 0 0 5 5 5
Last Time Cost: 00000334 ms
Total Time Cost: 01845713 ms
Total Distance 151: 5 5 5 0 4 5 5 3 4 5 5 0 6 4 0 4 0 0 0 6 4 6 4 4 5 0 0 5 0 5 0 5 6 6 6 4 4 6 0 0 0 0 0 0 0 5 5 5
Last Time Cost: 00000002 ms
Total Time Cost: 01845715 ms
Total Distance 150: 5 5 5 0 4 5 5 2 4 5 5 0 6 4 0 4 0 0 0 6 4 6 4 4 5 0 0 5 0 5 0 5 6 6 6 4 4 6 0 0 0 0 0 0 0 5 5 5
Last Time Cost: 00000002 ms
Total Time Cost: 01845717 ms
Total Distance 149: 5 5 5 0 4 5 5 1 4 5 5 0 6 4 0 4 0 0 0 6 4 6 4 4 5 0 0 5 0 5 0 5 6 6 6 4 4 6 0 0 0 0 0 0 0 5 5 5
Last Time Cost: 00000001 ms
Total Time Cost: 01845718 ms
Total Distance 148: 5 5 5 0 4 5 5 0 4 5 5 0 6 4 0 4 0 0 0 6 4 6 4 4 5 0 0 5 0 5 0 5 6 6 6 4 4 6 0 0 0 0 0 0 0 5 5 5
Last Time Cost: 00000350 ms
Total Time Cost: 01846068 ms
Total Distance 146: 5 5 5 0 4 5 5 0 4 5 5 0 6 4 0 4 0 0 0 6 4 6 4 4 5 0 0 4 0 5 0 5 6 6 6 4 4 6 0 0 0 0 0 0 0 5 5 4
Last Time Cost: 00000336 ms
Total Time Cost: 01846404 ms
Total Distance 145: 5 5 5 0 4 5 5 0 4 5 5 0 6 4 0 4 0 0 0 6 4 6 3 4 5 0 0 4 0 5 0 5 6 6 6 4 4 6 0 0 0 0 0 0 0 5 5 4
Last Time Cost: 00000002 ms
Total Time Cost: 01846406 ms
Total Distance 144: 5 5 5 0 4 5 5 0 4 5 5 0 6 4 0 4 0 0 0 6 4 6 2 4 5 0 0 4 0 5 0 5 6 6 6 4 4 6 0 0 0 0 0 0 0 5 5 4
Last Time Cost: 00000002 ms
Total Time Cost: 01846408 ms
Total Distance 143: 5 5 5 0 4 5 5 0 4 5 5 0 6 4 0 4 0 0 0 6 4 6 1 4 5 0 0 4 0 5 0 5 6 6 6 4 4 6 0 0 0 0 0 0 0 5 5 4
Last Time Cost: 00000001 ms
Total Time Cost: 01846409 ms
Total Distance 142: 5 5 5 0 4 5 5 0 4 5 5 0 6 4 0 4 0 0 0 6 4 6 0 4 5 0 0 4 0 5 0 5 6 6 6 4 4 6 0 0 0 0 0 0 0 5 5 4
Last Time Cost: 00000364 ms
Total Time Cost: 01846773 ms
Total Distance 141: 5 5 5 0 3 5 5 0 4 5 5 0 6 4 0 4 0 0 0 6 4 6 0 4 5 0 0 4 0 5 0 5 6 6 6 4 4 6 0 0 0 0 0 0 0 5 5 4
Last Time Cost: 00000002 ms
Total Time Cost: 01846775 ms
Total Distance 140: 5 5 5 0 2 5 5 0 4 5 5 0 6 4 0 4 0 0 0 6 4 6 0 4 5 0 0 4 0 5 0 5 6 6 6 4 4 6 0 0 0 0 0 0 0 5 5 4
Last Time Cost: 00000002 ms
Total Time Cost: 01846777 ms
Total Distance 139: 5 5 5 0 1 5 5 0 4 5 5 0 6 4 0 4 0 0 0 6 4 6 0 4 5 0 0 4 0 5 0 5 6 6 6 4 4 6 0 0 0 0 0 0 0 5 5 4
Last Time Cost: 00000001 ms
Total Time Cost: 01846778 ms
Total Distance 138: 5 5 5 0 0 5 5 0 4 5 5 0 6 4 0 4 0 0 0 6 4 6 0 4 5 0 0 4 0 5 0 5 6 6 6 4 4 6 0 0 0 0 0 0 0 5 5 4
Last Time Cost: 00000405 ms
Total Time Cost: 01847183 ms
Total Distance 137: 5 5 5 0 0 5 5 0 4 5 5 0 6 4 0 4 0 0 0 6 3 6 0 4 5 0 0 4 0 5 0 5 6 6 6 4 4 6 0 0 0 0 0 0 0 5 5 4
Last Time Cost: 00000002 ms
Total Time Cost: 01847185 ms
Total Distance 136: 5 5 5 0 0 5 5 0 4 5 5 0 6 4 0 4 0 0 0 6 2 6 0 4 5 0 0 4 0 5 0 5 6 6 6 4 4 6 0 0 0 0 0 0 0 5 5 4
Last Time Cost: 00000002 ms
Total Time Cost: 01847187 ms
Total Distance 135: 5 5 5 0 0 5 5 0 4 5 5 0 6 4 0 4 0 0 0 6 1 6 0 4 5 0 0 4 0 5 0 5 6 6 6 4 4 6 0 0 0 0 0 0 0 5 5 4
Last Time Cost: 00000001 ms
Total Time Cost: 01847188 ms
Total Distance 134: 5 5 5 0 0 5 5 0 4 5 5 0 6 4 0 4 0 0 0 6 0 6 0 4 5 0 0 4 0 5 0 5 6 6 6 4 4 6 0 0 0 0 0 0 0 5 5 4
Last Time Cost: 00000428 ms
Total Time Cost: 01847616 ms
Total Distance 133: 5 5 5 0 0 5 5 0 4 5 5 0 6 4 0 3 0 0 0 6 0 6 0 4 5 0 0 4 0 5 0 5 6 6 6 4 4 6 0 0 0 0 0 0 0 5 5 4
Last Time Cost: 00000002 ms
Total Time Cost: 01847618 ms
Total Distance 132: 5 5 5 0 0 5 5 0 4 5 5 0 6 4 0 2 0 0 0 6 0 6 0 4 5 0 0 4 0 5 0 5 6 6 6 4 4 6 0 0 0 0 0 0 0 5 5 4
Last Time Cost: 00000002 ms
Total Time Cost: 01847620 ms
Total Distance 131: 5 5 5 0 0 5 5 0 4 5 5 0 6 4 0 1 0 0 0 6 0 6 0 4 5 0 0 4 0 5 0 5 6 6 6 4 4 6 0 0 0 0 0 0 0 5 5 4
Last Time Cost: 00000001 ms
Total Time Cost: 01847621 ms
Total Distance 130: 5 5 5 0 0 5 5 0 4 5 5 0 6 4 0 0 0 0 0 6 0 6 0 4 5 0 0 4 0 5 0 5 6 6 6 4 4 6 0 0 0 0 0 0 0 5 5 4
Last Time Cost: 00000472 ms
Total Time Cost: 01848093 ms
Total Distance 129: 5 5 5 0 0 5 5 0 4 5 5 0 6 4 0 0 0 0 0 6 0 6 0 3 5 0 0 4 0 5 0 5 6 6 6 4 4 6 0 0 0 0 0 0 0 5 5 4
Last Time Cost: 00000002 ms
Total Time Cost: 01848095 ms
Total Distance 128: 5 5 5 0 0 5 5 0 4 5 5 0 6 4 0 0 0 0 0 6 0 6 0 2 5 0 0 4 0 5 0 5 6 6 6 4 4 6 0 0 0 0 0 0 0 5 5 4
Last Time Cost: 00000002 ms
Total Time Cost: 01848097 ms
Total Distance 127: 5 5 5 0 0 5 5 0 4 5 5 0 6 4 0 0 0 0 0 6 0 6 0 1 5 0 0 4 0 5 0 5 6 6 6 4 4 6 0 0 0 0 0 0 0 5 5 4
Last Time Cost: 00000001 ms
Total Time Cost: 01848098 ms
Total Distance 126: 5 5 5 0 0 5 5 0 4 5 5 0 6 4 0 0 0 0 0 6 0 6 0 0 5 0 0 4 0 5 0 5 6 6 6 4 4 6 0 0 0 0 0 0 0 5 5 4
Last Time Cost: 00000524 ms
Total Time Cost: 01848622 ms
Total Distance 125: 5 5 5 0 0 5 5 0 4 5 5 0 6 4 0 0 0 0 0 6 0 6 0 0 5 0 0 4 0 5 0 5 6 6 6 4 3 6 0 0 0 0 0 0 0 5 5 4
Last Time Cost: 00000002 ms
Total Time Cost: 01848624 ms
Total Distance 124: 5 5 5 0 0 5 5 0 4 5 5 0 6 4 0 0 0 0 0 6 0 6 0 0 5 0 0 4 0 5 0 5 6 6 6 4 2 6 0 0 0 0 0 0 0 5 5 4
Last Time Cost: 00000002 ms
Total Time Cost: 01848626 ms
Total Distance 123: 5 5 5 0 0 5 5 0 4 5 5 0 6 4 0 0 0 0 0 6 0 6 0 0 5 0 0 4 0 5 0 5 6 6 6 4 1 6 0 0 0 0 0 0 0 5 5 4
Last Time Cost: 00000002 ms
Total Time Cost: 01848628 ms
Total Distance 122: 5 5 5 0 0 5 5 0 4 5 5 0 6 4 0 0 0 0 0 6 0 6 0 0 5 0 0 4 0 5 0 5 6 6 6 4 0 6 0 0 0 0 0 0 0 5 5 4
Last Time Cost: 00000588 ms
Total Time Cost: 01849216 ms
Total Distance 121: 5 5 5 0 0 5 5 0 4 5 5 0 6 3 0 0 0 0 0 6 0 6 0 0 5 0 0 4 0 5 0 5 6 6 6 4 0 6 0 0 0 0 0 0 0 5 5 4
Last Time Cost: 00000002 ms
Total Time Cost: 01849218 ms
Total Distance 120: 5 5 5 0 0 5 5 0 4 5 5 0 6 2 0 0 0 0 0 6 0 6 0 0 5 0 0 4 0 5 0 5 6 6 6 4 0 6 0 0 0 0 0 0 0 5 5 4
Last Time Cost: 00000002 ms
Total Time Cost: 01849220 ms
Total Distance 119: 5 5 5 0 0 5 5 0 4 5 5 0 6 1 0 0 0 0 0 6 0 6 0 0 5 0 0 4 0 5 0 5 6 6 6 4 0 6 0 0 0 0 0 0 0 5 5 4
Last Time Cost: 00000002 ms
Total Time Cost: 01849222 ms
Total Distance 118: 5 5 5 0 0 5 5 0 4 5 5 0 6 0 0 0 0 0 0 6 0 6 0 0 5 0 0 4 0 5 0 5 6 6 6 4 0 6 0 0 0 0 0 0 0 5 5 4
Last Time Cost: 00000643 ms
Total Time Cost: 01849865 ms
Total Distance 117: 5 5 5 0 0 5 5 0 3 5 5 0 6 0 0 0 0 0 0 6 0 6 0 0 5 0 0 4 0 5 0 5 6 6 6 4 0 6 0 0 0 0 0 0 0 5 5 4
Last Time Cost: 00000002 ms
Total Time Cost: 01849867 ms
Total Distance 116: 5 5 5 0 0 5 5 0 2 5 5 0 6 0 0 0 0 0 0 6 0 6 0 0 5 0 0 4 0 5 0 5 6 6 6 4 0 6 0 0 0 0 0 0 0 5 5 4
Last Time Cost: 00000002 ms
Total Time Cost: 01849869 ms
Total Distance 115: 5 5 5 0 0 5 5 0 1 5 5 0 6 0 0 0 0 0 0 6 0 6 0 0 5 0 0 4 0 5 0 5 6 6 6 4 0 6 0 0 0 0 0 0 0 5 5 4
Last Time Cost: 00000002 ms
Total Time Cost: 01849871 ms
Total Distance 114: 5 5 5 0 0 5 5 0 0 5 5 0 6 0 0 0 0 0 0 6 0 6 0 0 5 0 0 4 0 5 0 5 6 6 6 4 0 6 0 0 0 0 0 0 0 5 5 4
Last Time Cost: 00000668 ms
Total Time Cost: 01850539 ms
Total Distance 113: 5 5 5 0 0 5 5 0 0 5 5 0 6 0 0 0 0 0 0 6 0 6 0 0 5 0 0 4 0 5 0 5 6 6 6 4 0 6 0 0 0 0 0 0 0 5 5 3
Last Time Cost: 00000002 ms
Total Time Cost: 01850541 ms
Total Distance 112: 5 5 5 0 0 5 5 0 0 5 5 0 6 0 0 0 0 0 0 6 0 6 0 0 5 0 0 4 0 5 0 5 6 6 6 4 0 6 0 0 0 0 0 0 0 5 5 2
Last Time Cost: 00000002 ms
Total Time Cost: 01850543 ms
Total Distance 111: 5 5 5 0 0 5 5 0 0 5 5 0 6 0 0 0 0 0 0 6 0 6 0 0 5 0 0 4 0 5 0 5 6 6 6 4 0 6 0 0 0 0 0 0 0 5 5 1
Last Time Cost: 00000002 ms
Total Time Cost: 01850545 ms
Total Distance 110: 5 5 5 0 0 5 5 0 0 5 5 0 6 0 0 0 0 0 0 6 0 6 0 0 5 0 0 4 0 5 0 5 6 6 6 4 0 6 0 0 0 0 0 0 0 5 5 0
Last Time Cost: 00000736 ms
Total Time Cost: 01851281 ms
Total Distance 109: 5 5 5 0 0 5 5 0 0 5 5 0 6 0 0 0 0 0 0 6 0 6 0 0 5 0 0 3 0 5 0 5 6 6 6 4 0 6 0 0 0 0 0 0 0 5 5 0
Last Time Cost: 00000004 ms
Total Time Cost: 01851285 ms
Total Distance 108: 5 5 5 0 0 5 5 0 0 5 5 0 6 0 0 0 0 0 0 6 0 6 0 0 5 0 0 2 0 5 0 5 6 6 6 4 0 6 0 0 0 0 0 0 0 5 5 0
Last Time Cost: 00000002 ms
Total Time Cost: 01851287 ms
Total Distance 107: 5 5 5 0 0 5 5 0 0 5 5 0 6 0 0 0 0 0 0 6 0 6 0 0 5 0 0 1 0 5 0 5 6 6 6 4 0 6 0 0 0 0 0 0 0 5 5 0
Last Time Cost: 00000002 ms
Total Time Cost: 01851289 ms
Total Distance 106: 5 5 5 0 0 5 5 0 0 5 5 0 6 0 0 0 0 0 0 6 0 6 0 0 5 0 0 0 0 5 0 5 6 6 6 4 0 6 0 0 0 0 0 0 0 5 5 0
Last Time Cost: 00000839 ms
Total Time Cost: 01852128 ms
Total Distance 105: 5 5 5 0 0 5 5 0 0 5 5 0 6 0 0 0 0 0 0 6 0 6 0 0 5 0 0 0 0 5 0 5 6 6 6 3 0 6 0 0 0 0 0 0 0 5 5 0
Last Time Cost: 00000002 ms
Total Time Cost: 01852130 ms
Total Distance 104: 5 5 5 0 0 5 5 0 0 5 5 0 6 0 0 0 0 0 0 6 0 6 0 0 5 0 0 0 0 5 0 5 6 6 6 2 0 6 0 0 0 0 0 0 0 5 5 0
Last Time Cost: 00000002 ms
Total Time Cost: 01852132 ms
Total Distance 103: 5 5 5 0 0 5 5 0 0 5 5 0 6 0 0 0 0 0 0 6 0 6 0 0 5 0 0 0 0 5 0 5 6 6 6 1 0 6 0 0 0 0 0 0 0 5 5 0
Last Time Cost: 00000002 ms
Total Time Cost: 01852134 ms
Total Distance 102: 5 5 5 0 0 5 5 0 0 5 5 0 6 0 0 0 0 0 0 6 0 6 0 0 5 0 0 0 0 5 0 5 6 6 6 0 0 6 0 0 0 0 0 0 0 5 5 0
Last Time Cost: 00000895 ms
Total Time Cost: 01853029 ms
Total Distance 101: 5 5 5 0 0 5 5 0 0 5 4 0 6 0 0 0 0 0 0 6 0 6 0 0 5 0 0 0 0 5 0 5 6 6 6 0 0 6 0 0 0 0 0 0 0 5 5 0
Last Time Cost: 00000004 ms
Total Time Cost: 01853033 ms
Total Distance 100: 5 5 5 0 0 5 5 0 0 5 3 0 6 0 0 0 0 0 0 6 0 6 0 0 5 0 0 0 0 5 0 5 6 6 6 0 0 6 0 0 0 0 0 0 0 5 5 0
Last Time Cost: 00000002 ms
Total Time Cost: 01853035 ms
Total Distance 99: 5 5 5 0 0 5 5 0 0 5 2 0 6 0 0 0 0 0 0 6 0 6 0 0 5 0 0 0 0 5 0 5 6 6 6 0 0 6 0 0 0 0 0 0 0 5 5 0
Last Time Cost: 00000002 ms
Total Time Cost: 01853037 ms
Total Distance 98: 5 5 5 0 0 5 5 0 0 5 1 0 6 0 0 0 0 0 0 6 0 6 0 0 5 0 0 0 0 5 0 5 6 6 6 0 0 6 0 0 0 0 0 0 0 5 5 0
Last Time Cost: 00000002 ms
Total Time Cost: 01853039 ms
Total Distance 97: 5 5 5 0 0 5 5 0 0 5 0 0 6 0 0 0 0 0 0 6 0 6 0 0 5 0 0 0 0 5 0 5 6 6 6 0 0 6 0 0 0 0 0 0 0 5 5 0
Last Time Cost: 00000946 ms
Total Time Cost: 01853985 ms
Total Distance 96: 5 4 5 0 0 5 5 0 0 5 0 0 6 0 0 0 0 0 0 6 0 6 0 0 5 0 0 0 0 5 0 5 6 6 6 0 0 6 0 0 0 0 0 0 0 5 5 0
Last Time Cost: 00000002 ms
Total Time Cost: 01853987 ms
Total Distance 95: 5 3 5 0 0 5 5 0 0 5 0 0 6 0 0 0 0 0 0 6 0 6 0 0 5 0 0 0 0 5 0 5 6 6 6 0 0 6 0 0 0 0 0 0 0 5 5 0
Last Time Cost: 00000002 ms
Total Time Cost: 01853989 ms
Total Distance 94: 5 2 5 0 0 5 5 0 0 5 0 0 6 0 0 0 0 0 0 6 0 6 0 0 5 0 0 0 0 5 0 5 6 6 6 0 0 6 0 0 0 0 0 0 0 5 5 0
Last Time Cost: 00000002 ms
Total Time Cost: 01853991 ms
Total Distance 93: 5 1 5 0 0 5 5 0 0 5 0 0 6 0 0 0 0 0 0 6 0 6 0 0 5 0 0 0 0 5 0 5 6 6 6 0 0 6 0 0 0 0 0 0 0 5 5 0
Last Time Cost: 00000002 ms
Total Time Cost: 01853993 ms
Total Distance 92: 5 0 5 0 0 5 5 0 0 5 0 0 6 0 0 0 0 0 0 6 0 6 0 0 5 0 0 0 0 5 0 5 6 6 6 0 0 6 0 0 0 0 0 0 0 5 5 0
Last Time Cost: 00001044 ms
Total Time Cost: 01855037 ms
Total Distance 91: 5 0 5 0 0 5 5 0 0 5 0 0 6 0 0 0 0 0 0 6 0 6 0 0 5 0 0 0 0 5 0 4 6 6 6 0 0 6 0 0 0 0 0 0 0 5 5 0
Last Time Cost: 00000003 ms
Total Time Cost: 01855040 ms
Total Distance 90: 5 0 5 0 0 5 5 0 0 5 0 0 6 0 0 0 0 0 0 6 0 6 0 0 5 0 0 0 0 5 0 3 6 6 6 0 0 6 0 0 0 0 0 0 0 5 5 0
Last Time Cost: 00000002 ms
Total Time Cost: 01855042 ms
Total Distance 89: 5 0 5 0 0 5 5 0 0 5 0 0 6 0 0 0 0 0 0 6 0 6 0 0 5 0 0 0 0 5 0 2 6 6 6 0 0 6 0 0 0 0 0 0 0 5 5 0
Last Time Cost: 00000002 ms
Total Time Cost: 01855044 ms
Total Distance 88: 5 0 5 0 0 5 5 0 0 5 0 0 6 0 0 0 0 0 0 6 0 6 0 0 5 0 0 0 0 5 0 1 6 6 6 0 0 6 0 0 0 0 0 0 0 5 5 0
Last Time Cost: 00000002 ms
Total Time Cost: 01855046 ms
Total Distance 87: 5 0 5 0 0 5 5 0 0 5 0 0 6 0 0 0 0 0 0 6 0 6 0 0 5 0 0 0 0 5 0 0 6 6 6 0 0 6 0 0 0 0 0 0 0 5 5 0
Last Time Cost: 00001119 ms
Total Time Cost: 01856165 ms
Total Distance 86: 5 0 4 0 0 5 5 0 0 5 0 0 6 0 0 0 0 0 0 6 0 6 0 0 5 0 0 0 0 5 0 0 6 6 6 0 0 6 0 0 0 0 0 0 0 5 5 0
Last Time Cost: 00000003 ms
Total Time Cost: 01856168 ms
Total Distance 85: 5 0 3 0 0 5 5 0 0 5 0 0 6 0 0 0 0 0 0 6 0 6 0 0 5 0 0 0 0 5 0 0 6 6 6 0 0 6 0 0 0 0 0 0 0 5 5 0
Last Time Cost: 00000003 ms
Total Time Cost: 01856171 ms
Total Distance 84: 5 0 2 0 0 5 5 0 0 5 0 0 6 0 0 0 0 0 0 6 0 6 0 0 5 0 0 0 0 5 0 0 6 6 6 0 0 6 0 0 0 0 0 0 0 5 5 0
Last Time Cost: 00000002 ms
Total Time Cost: 01856173 ms
Total Distance 83: 5 0 1 0 0 5 5 0 0 5 0 0 6 0 0 0 0 0 0 6 0 6 0 0 5 0 0 0 0 5 0 0 6 6 6 0 0 6 0 0 0 0 0 0 0 5 5 0
Last Time Cost: 00000002 ms
Total Time Cost: 01856175 ms
Total Distance 82: 5 0 0 0 0 5 5 0 0 5 0 0 6 0 0 0 0 0 0 6 0 6 0 0 5 0 0 0 0 5 0 0 6 6 6 0 0 6 0 0 0 0 0 0 0 5 5 0
Last Time Cost: 00001198 ms
Total Time Cost: 01857373 ms
Total Distance 81: 5 0 0 0 0 5 4 0 0 5 0 0 6 0 0 0 0 0 0 6 0 6 0 0 5 0 0 0 0 5 0 0 6 6 6 0 0 6 0 0 0 0 0 0 0 5 5 0
Last Time Cost: 00000003 ms
Total Time Cost: 01857376 ms
Total Distance 80: 5 0 0 0 0 5 3 0 0 5 0 0 6 0 0 0 0 0 0 6 0 6 0 0 5 0 0 0 0 5 0 0 6 6 6 0 0 6 0 0 0 0 0 0 0 5 5 0
Last Time Cost: 00000003 ms
Total Time Cost: 01857379 ms
Total Distance 79: 5 0 0 0 0 5 2 0 0 5 0 0 6 0 0 0 0 0 0 6 0 6 0 0 5 0 0 0 0 5 0 0 6 6 6 0 0 6 0 0 0 0 0 0 0 5 5 0
Last Time Cost: 00000002 ms
Total Time Cost: 01857381 ms
Total Distance 78: 5 0 0 0 0 5 1 0 0 5 0 0 6 0 0 0 0 0 0 6 0 6 0 0 5 0 0 0 0 5 0 0 6 6 6 0 0 6 0 0 0 0 0 0 0 5 5 0
Last Time Cost: 00000002 ms
Total Time Cost: 01857383 ms
Total Distance 77: 5 0 0 0 0 5 0 0 0 5 0 0 6 0 0 0 0 0 0 6 0 6 0 0 5 0 0 0 0 5 0 0 6 6 6 0 0 6 0 0 0 0 0 0 0 5 5 0
Last Time Cost: 00001257 ms
Total Time Cost: 01858640 ms
Total Distance 76: 5 0 0 0 0 5 0 0 0 5 0 0 6 0 0 0 0 0 0 6 0 6 0 0 5 0 0 0 0 5 0 0 6 6 6 0 0 6 0 0 0 0 0 0 0 4 5 0
Last Time Cost: 00000003 ms
Total Time Cost: 01858643 ms
Total Distance 75: 5 0 0 0 0 5 0 0 0 5 0 0 6 0 0 0 0 0 0 6 0 6 0 0 5 0 0 0 0 5 0 0 6 6 6 0 0 6 0 0 0 0 0 0 0 3 5 0
Last Time Cost: 00000003 ms
Total Time Cost: 01858646 ms
Total Distance 74: 5 0 0 0 0 5 0 0 0 5 0 0 6 0 0 0 0 0 0 6 0 6 0 0 5 0 0 0 0 5 0 0 6 6 6 0 0 6 0 0 0 0 0 0 0 2 5 0
Last Time Cost: 00000003 ms
Total Time Cost: 01858649 ms
Total Distance 73: 5 0 0 0 0 5 0 0 0 5 0 0 6 0 0 0 0 0 0 6 0 6 0 0 5 0 0 0 0 5 0 0 6 6 6 0 0 6 0 0 0 0 0 0 0 1 5 0
Last Time Cost: 00000002 ms
Total Time Cost: 01858651 ms
Total Distance 72: 5 0 0 0 0 5 0 0 0 5 0 0 6 0 0 0 0 0 0 6 0 6 0 0 5 0 0 0 0 5 0 0 6 6 6 0 0 6 0 0 0 0 0 0 0 0 5 0
Last Time Cost: 00001346 ms
Total Time Cost: 01859997 ms
Total Distance 71: 5 0 0 0 0 5 0 0 0 4 0 0 6 0 0 0 0 0 0 6 0 6 0 0 5 0 0 0 0 5 0 0 6 6 6 0 0 6 0 0 0 0 0 0 0 0 5 0
Last Time Cost: 00000003 ms
Total Time Cost: 01860000 ms
Total Distance 70: 5 0 0 0 0 5 0 0 0 3 0 0 6 0 0 0 0 0 0 6 0 6 0 0 5 0 0 0 0 5 0 0 6 6 6 0 0 6 0 0 0 0 0 0 0 0 5 0
Last Time Cost: 00000003 ms
Total Time Cost: 01860003 ms
Total Distance 69: 5 0 0 0 0 5 0 0 0 2 0 0 6 0 0 0 0 0 0 6 0 6 0 0 5 0 0 0 0 5 0 0 6 6 6 0 0 6 0 0 0 0 0 0 0 0 5 0
Last Time Cost: 00000003 ms
Total Time Cost: 01860006 ms
Total Distance 68: 5 0 0 0 0 5 0 0 0 1 0 0 6 0 0 0 0 0 0 6 0 6 0 0 5 0 0 0 0 5 0 0 6 6 6 0 0 6 0 0 0 0 0 0 0 0 5 0
Last Time Cost: 00000002 ms
Total Time Cost: 01860008 ms
Total Distance 67: 5 0 0 0 0 5 0 0 0 0 0 0 6 0 0 0 0 0 0 6 0 6 0 0 5 0 0 0 0 5 0 0 6 6 6 0 0 6 0 0 0 0 0 0 0 0 5 0
Last Time Cost: 00001419 ms
Total Time Cost: 01861427 ms
Total Distance 66: 5 0 0 0 0 5 0 0 0 0 0 0 6 0 0 0 0 0 0 6 0 6 0 0 5 0 0 0 0 5 0 0 6 6 6 0 0 6 0 0 0 0 0 0 0 0 4 0
Last Time Cost: 00000003 ms
Total Time Cost: 01861430 ms
Total Distance 65: 5 0 0 0 0 5 0 0 0 0 0 0 6 0 0 0 0 0 0 6 0 6 0 0 5 0 0 0 0 5 0 0 6 6 6 0 0 6 0 0 0 0 0 0 0 0 3 0
Last Time Cost: 00000003 ms
Total Time Cost: 01861433 ms
Total Distance 64: 5 0 0 0 0 5 0 0 0 0 0 0 6 0 0 0 0 0 0 6 0 6 0 0 5 0 0 0 0 5 0 0 6 6 6 0 0 6 0 0 0 0 0 0 0 0 2 0
Last Time Cost: 00000003 ms
Total Time Cost: 01861436 ms
Total Distance 63: 5 0 0 0 0 5 0 0 0 0 0 0 6 0 0 0 0 0 0 6 0 6 0 0 5 0 0 0 0 5 0 0 6 6 6 0 0 6 0 0 0 0 0 0 0 0 1 0
Last Time Cost: 00000002 ms
Total Time Cost: 01861438 ms
Total Distance 62: 5 0 0 0 0 5 0 0 0 0 0 0 6 0 0 0 0 0 0 6 0 6 0 0 5 0 0 0 0 5 0 0 6 6 6 0 0 6 0 0 0 0 0 0 0 0 0 0
Last Time Cost: 00001503 ms
Total Time Cost: 01862941 ms
Total Distance 61: 5 0 0 0 0 5 0 0 0 0 0 0 6 0 0 0 0 0 0 6 0 6 0 0 5 0 0 0 0 4 0 0 6 6 6 0 0 6 0 0 0 0 0 0 0 0 0 0
Last Time Cost: 00000003 ms
Total Time Cost: 01862944 ms
Total Distance 60: 5 0 0 0 0 5 0 0 0 0 0 0 6 0 0 0 0 0 0 6 0 6 0 0 5 0 0 0 0 3 0 0 6 6 6 0 0 6 0 0 0 0 0 0 0 0 0 0
Last Time Cost: 00000003 ms
Total Time Cost: 01862947 ms
Total Distance 59: 5 0 0 0 0 5 0 0 0 0 0 0 6 0 0 0 0 0 0 6 0 6 0 0 5 0 0 0 0 2 0 0 6 6 6 0 0 6 0 0 0 0 0 0 0 0 0 0
Last Time Cost: 00000003 ms
Total Time Cost: 01862950 ms
Total Distance 58: 5 0 0 0 0 5 0 0 0 0 0 0 6 0 0 0 0 0 0 6 0 6 0 0 5 0 0 0 0 1 0 0 6 6 6 0 0 6 0 0 0 0 0 0 0 0 0 0
Last Time Cost: 00000003 ms
Total Time Cost: 01862953 ms
Total Distance 57: 5 0 0 0 0 5 0 0 0 0 0 0 6 0 0 0 0 0 0 6 0 6 0 0 5 0 0 0 0 0 0 0 6 6 6 0 0 6 0 0 0 0 0 0 0 0 0 0
Last Time Cost: 00001541 ms
Total Time Cost: 01864494 ms
Total Distance 56: 5 0 0 0 0 4 0 0 0 0 0 0 6 0 0 0 0 0 0 6 0 6 0 0 5 0 0 0 0 0 0 0 6 6 6 0 0 6 0 0 0 0 0 0 0 0 0 0
Last Time Cost: 00000003 ms
Total Time Cost: 01864497 ms
Total Distance 55: 5 0 0 0 0 3 0 0 0 0 0 0 6 0 0 0 0 0 0 6 0 6 0 0 5 0 0 0 0 0 0 0 6 6 6 0 0 6 0 0 0 0 0 0 0 0 0 0
Last Time Cost: 00000003 ms
Total Time Cost: 01864500 ms
Total Distance 54: 5 0 0 0 0 2 0 0 0 0 0 0 6 0 0 0 0 0 0 6 0 6 0 0 5 0 0 0 0 0 0 0 6 6 6 0 0 6 0 0 0 0 0 0 0 0 0 0
Last Time Cost: 00000003 ms
Total Time Cost: 01864503 ms
Total Distance 53: 5 0 0 0 0 1 0 0 0 0 0 0 6 0 0 0 0 0 0 6 0 6 0 0 5 0 0 0 0 0 0 0 6 6 6 0 0 6 0 0 0 0 0 0 0 0 0 0
Last Time Cost: 00000003 ms
Total Time Cost: 01864506 ms
Total Distance 52: 5 0 0 0 0 0 0 0 0 0 0 0 6 0 0 0 0 0 0 6 0 6 0 0 5 0 0 0 0 0 0 0 6 6 6 0 0 6 0 0 0 0 0 0 0 0 0 0
Last Time Cost: 00001685 ms
Total Time Cost: 01866191 ms
Total Distance 51: 5 0 0 0 0 0 0 0 0 0 0 0 6 0 0 0 0 0 0 6 0 6 0 0 4 0 0 0 0 0 0 0 6 6 6 0 0 6 0 0 0 0 0 0 0 0 0 0
Last Time Cost: 00000003 ms
Total Time Cost: 01866194 ms
Total Distance 50: 5 0 0 0 0 0 0 0 0 0 0 0 6 0 0 0 0 0 0 6 0 6 0 0 3 0 0 0 0 0 0 0 6 6 6 0 0 6 0 0 0 0 0 0 0 0 0 0
Last Time Cost: 00000003 ms
Total Time Cost: 01866197 ms
Total Distance 49: 5 0 0 0 0 0 0 0 0 0 0 0 6 0 0 0 0 0 0 6 0 6 0 0 2 0 0 0 0 0 0 0 6 6 6 0 0 6 0 0 0 0 0 0 0 0 0 0
Last Time Cost: 00000003 ms
Total Time Cost: 01866200 ms
Total Distance 48: 5 0 0 0 0 0 0 0 0 0 0 0 6 0 0 0 0 0 0 6 0 6 0 0 1 0 0 0 0 0 0 0 6 6 6 0 0 6 0 0 0 0 0 0 0 0 0 0
Last Time Cost: 00000003 ms
Total Time Cost: 01866203 ms
Total Distance 47: 5 0 0 0 0 0 0 0 0 0 0 0 6 0 0 0 0 0 0 6 0 6 0 0 0 0 0 0 0 0 0 0 6 6 6 0 0 6 0 0 0 0 0 0 0 0 0 0
Last Time Cost: 00001793 ms
Total Time Cost: 01867996 ms
Total Distance 46: 4 0 0 0 0 0 0 0 0 0 0 0 6 0 0 0 0 0 0 6 0 6 0 0 0 0 0 0 0 0 0 0 6 6 6 0 0 6 0 0 0 0 0 0 0 0 0 0
Last Time Cost: 00000004 ms
Total Time Cost: 01868000 ms
Total Distance 45: 3 0 0 0 0 0 0 0 0 0 0 0 6 0 0 0 0 0 0 6 0 6 0 0 0 0 0 0 0 0 0 0 6 6 6 0 0 6 0 0 0 0 0 0 0 0 0 0
Last Time Cost: 00000003 ms
Total Time Cost: 01868003 ms
Total Distance 44: 2 0 0 0 0 0 0 0 0 0 0 0 6 0 0 0 0 0 0 6 0 6 0 0 0 0 0 0 0 0 0 0 6 6 6 0 0 6 0 0 0 0 0 0 0 0 0 0
Last Time Cost: 00000003 ms
Total Time Cost: 01868006 ms
Total Distance 43: 1 0 0 0 0 0 0 0 0 0 0 0 6 0 0 0 0 0 0 6 0 6 0 0 0 0 0 0 0 0 0 0 6 6 6 0 0 6 0 0 0 0 0 0 0 0 0 0
Last Time Cost: 00000003 ms
Total Time Cost: 01868009 ms
Total Distance 42: 0 0 0 0 0 0 0 0 0 0 0 0 6 0 0 0 0 0 0 6 0 6 0 0 0 0 0 0 0 0 0 0 6 6 6 0 0 6 0 0 0 0 0 0 0 0 0 0
Last Time Cost: 00001853 ms
Total Time Cost: 01869862 ms
Total Distance 40: 0 0 0 0 0 0 0 0 0 0 0 0 6 0 0 0 0 0 0 5 0 6 0 0 0 0 0 0 0 0 0 0 6 6 6 0 0 5 0 0 0 0 0 0 0 0 0 0
Last Time Cost: 00001467 ms
Total Time Cost: 01871329 ms
Total Distance 39: 0 0 0 0 0 0 0 0 0 0 0 0 6 0 0 0 0 0 0 5 0 6 0 0 0 0 0 0 0 0 0 0 6 6 6 0 0 4 0 0 0 0 0 0 0 0 0 0
Last Time Cost: 00000004 ms
Total Time Cost: 01871333 ms
Total Distance 38: 0 0 0 0 0 0 0 0 0 0 0 0 6 0 0 0 0 0 0 5 0 6 0 0 0 0 0 0 0 0 0 0 6 6 6 0 0 3 0 0 0 0 0 0 0 0 0 0
Last Time Cost: 00000004 ms
Total Time Cost: 01871337 ms
Total Distance 37: 0 0 0 0 0 0 0 0 0 0 0 0 6 0 0 0 0 0 0 5 0 6 0 0 0 0 0 0 0 0 0 0 6 6 6 0 0 2 0 0 0 0 0 0 0 0 0 0
Last Time Cost: 00000004 ms
Total Time Cost: 01871341 ms
Total Distance 36: 0 0 0 0 0 0 0 0 0 0 0 0 6 0 0 0 0 0 0 5 0 6 0 0 0 0 0 0 0 0 0 0 6 6 6 0 0 1 0 0 0 0 0 0 0 0 0 0
Last Time Cost: 00000004 ms
Total Time Cost: 01871345 ms
Total Distance 35: 0 0 0 0 0 0 0 0 0 0 0 0 6 0 0 0 0 0 0 5 0 6 0 0 0 0 0 0 0 0 0 0 6 6 6 0 0 0 0 0 0 0 0 0 0 0 0 0
Last Time Cost: 00001594 ms
Total Time Cost: 01872939 ms
Total Distance 34: 0 0 0 0 0 0 0 0 0 0 0 0 6 0 0 0 0 0 0 4 0 6 0 0 0 0 0 0 0 0 0 0 6 6 6 0 0 0 0 0 0 0 0 0 0 0 0 0
Last Time Cost: 00000004 ms
Total Time Cost: 01872943 ms
Total Distance 33: 0 0 0 0 0 0 0 0 0 0 0 0 6 0 0 0 0 0 0 3 0 6 0 0 0 0 0 0 0 0 0 0 6 6 6 0 0 0 0 0 0 0 0 0 0 0 0 0
Last Time Cost: 00000004 ms
Total Time Cost: 01872947 ms
Total Distance 32: 0 0 0 0 0 0 0 0 0 0 0 0 6 0 0 0 0 0 0 2 0 6 0 0 0 0 0 0 0 0 0 0 6 6 6 0 0 0 0 0 0 0 0 0 0 0 0 0
Last Time Cost: 00000004 ms
Total Time Cost: 01872951 ms
Total Distance 31: 0 0 0 0 0 0 0 0 0 0 0 0 6 0 0 0 0 0 0 1 0 6 0 0 0 0 0 0 0 0 0 0 6 6 6 0 0 0 0 0 0 0 0 0 0 0 0 0
Last Time Cost: 00000004 ms
Total Time Cost: 01872955 ms
Total Distance 30: 0 0 0 0 0 0 0 0 0 0 0 0 6 0 0 0 0 0 0 0 0 6 0 0 0 0 0 0 0 0 0 0 6 6 6 0 0 0 0 0 0 0 0 0 0 0 0 0
Last Time Cost: 00001644 ms
Total Time Cost: 01874599 ms
Total Distance 29: 0 0 0 0 0 0 0 0 0 0 0 0 6 0 0 0 0 0 0 0 0 6 0 0 0 0 0 0 0 0 0 0 6 5 6 0 0 0 0 0 0 0 0 0 0 0 0 0
Last Time Cost: 00000065 ms
Total Time Cost: 01874664 ms
Total Distance 28: 0 0 0 0 0 0 0 0 0 0 0 0 6 0 0 0 0 0 0 0 0 6 0 0 0 0 0 0 0 0 0 0 6 4 6 0 0 0 0 0 0 0 0 0 0 0 0 0
Last Time Cost: 00000004 ms
Total Time Cost: 01874668 ms
Total Distance 27: 0 0 0 0 0 0 0 0 0 0 0 0 6 0 0 0 0 0 0 0 0 6 0 0 0 0 0 0 0 0 0 0 6 3 6 0 0 0 0 0 0 0 0 0 0 0 0 0
Last Time Cost: 00000004 ms
Total Time Cost: 01874672 ms
Total Distance 26: 0 0 0 0 0 0 0 0 0 0 0 0 6 0 0 0 0 0 0 0 0 6 0 0 0 0 0 0 0 0 0 0 6 2 6 0 0 0 0 0 0 0 0 0 0 0 0 0
Last Time Cost: 00000004 ms
Total Time Cost: 01874676 ms
Total Distance 25: 0 0 0 0 0 0 0 0 0 0 0 0 6 0 0 0 0 0 0 0 0 6 0 0 0 0 0 0 0 0 0 0 6 1 6 0 0 0 0 0 0 0 0 0 0 0 0 0
Last Time Cost: 00000004 ms
Total Time Cost: 01874680 ms
Total Distance 24: 0 0 0 0 0 0 0 0 0 0 0 0 6 0 0 0 0 0 0 0 0 6 0 0 0 0 0 0 0 0 0 0 6 0 6 0 0 0 0 0 0 0 0 0 0 0 0 0
Last Time Cost: 00001516 ms
Total Time Cost: 01876196 ms
Total Distance 23: 0 0 0 0 0 0 0 0 0 0 0 0 6 0 0 0 0 0 0 0 0 6 0 0 0 0 0 0 0 0 0 0 5 0 6 0 0 0 0 0 0 0 0 0 0 0 0 0
Last Time Cost: 00000071 ms
Total Time Cost: 01876267 ms
Total Distance 22: 0 0 0 0 0 0 0 0 0 0 0 0 6 0 0 0 0 0 0 0 0 6 0 0 0 0 0 0 0 0 0 0 4 0 6 0 0 0 0 0 0 0 0 0 0 0 0 0
Last Time Cost: 00000004 ms
Total Time Cost: 01876271 ms
Total Distance 21: 0 0 0 0 0 0 0 0 0 0 0 0 6 0 0 0 0 0 0 0 0 6 0 0 0 0 0 0 0 0 0 0 3 0 6 0 0 0 0 0 0 0 0 0 0 0 0 0
Last Time Cost: 00000004 ms
Total Time Cost: 01876275 ms
Total Distance 20: 0 0 0 0 0 0 0 0 0 0 0 0 6 0 0 0 0 0 0 0 0 6 0 0 0 0 0 0 0 0 0 0 2 0 6 0 0 0 0 0 0 0 0 0 0 0 0 0
Last Time Cost: 00000004 ms
Total Time Cost: 01876279 ms
Total Distance 19: 0 0 0 0 0 0 0 0 0 0 0 0 6 0 0 0 0 0 0 0 0 6 0 0 0 0 0 0 0 0 0 0 1 0 6 0 0 0 0 0 0 0 0 0 0 0 0 0
Last Time Cost: 00000004 ms
Total Time Cost: 01876283 ms
Total Distance 18: 0 0 0 0 0 0 0 0 0 0 0 0 6 0 0 0 0 0 0 0 0 6 0 0 0 0 0 0 0 0 0 0 0 0 6 0 0 0 0 0 0 0 0 0 0 0 0 0
Last Time Cost: 00001289 ms
Total Time Cost: 01877572 ms
Total Distance 17: 0 0 0 0 0 0 0 0 0 0 0 0 6 0 0 0 0 0 0 0 0 6 0 0 0 0 0 0 0 0 0 0 0 0 5 0 0 0 0 0 0 0 0 0 0 0 0 0
Last Time Cost: 00000078 ms
Total Time Cost: 01877650 ms
Total Distance 16: 0 0 0 0 0 0 0 0 0 0 0 0 6 0 0 0 0 0 0 0 0 6 0 0 0 0 0 0 0 0 0 0 0 0 4 0 0 0 0 0 0 0 0 0 0 0 0 0
Last Time Cost: 00000005 ms
Total Time Cost: 01877655 ms
Total Distance 15: 0 0 0 0 0 0 0 0 0 0 0 0 6 0 0 0 0 0 0 0 0 6 0 0 0 0 0 0 0 0 0 0 0 0 3 0 0 0 0 0 0 0 0 0 0 0 0 0
Last Time Cost: 00000005 ms
Total Time Cost: 01877660 ms
Total Distance 14: 0 0 0 0 0 0 0 0 0 0 0 0 6 0 0 0 0 0 0 0 0 6 0 0 0 0 0 0 0 0 0 0 0 0 2 0 0 0 0 0 0 0 0 0 0 0 0 0
Last Time Cost: 00000005 ms
Total Time Cost: 01877665 ms
Total Distance 13: 0 0 0 0 0 0 0 0 0 0 0 0 6 0 0 0 0 0 0 0 0 6 0 0 0 0 0 0 0 0 0 0 0 0 1 0 0 0 0 0 0 0 0 0 0 0 0 0
Last Time Cost: 00000005 ms
Total Time Cost: 01877670 ms
Total Distance 12: 0 0 0 0 0 0 0 0 0 0 0 0 6 0 0 0 0 0 0 0 0 6 0 0 0 0 0 0 0 0 0 0 0 0 0 0 0 0 0 0 0 0 0 0 0 0 0 0
Last Time Cost: 00000995 ms
Total Time Cost: 01878665 ms
Total Distance 11: 0 0 0 0 0 0 0 0 0 0 0 0 5 0 0 0 0 0 0 0 0 6 0 0 0 0 0 0 0 0 0 0 0 0 0 0 0 0 0 0 0 0 0 0 0 0 0 0
Last Time Cost: 00000083 ms
Total Time Cost: 01878748 ms
Total Distance 10: 0 0 0 0 0 0 0 0 0 0 0 0 4 0 0 0 0 0 0 0 0 6 0 0 0 0 0 0 0 0 0 0 0 0 0 0 0 0 0 0 0 0 0 0 0 0 0 0
Last Time Cost: 00000006 ms
Total Time Cost: 01878754 ms
Total Distance 9: 0 0 0 0 0 0 0 0 0 0 0 0 3 0 0 0 0 0 0 0 0 6 0 0 0 0 0 0 0 0 0 0 0 0 0 0 0 0 0 0 0 0 0 0 0 0 0 0
Last Time Cost: 00000005 ms
Total Time Cost: 01878759 ms
Total Distance 8: 0 0 0 0 0 0 0 0 0 0 0 0 2 0 0 0 0 0 0 0 0 6 0 0 0 0 0 0 0 0 0 0 0 0 0 0 0 0 0 0 0 0 0 0 0 0 0 0
Last Time Cost: 00000005 ms
Total Time Cost: 01878764 ms
Total Distance 7: 0 0 0 0 0 0 0 0 0 0 0 0 1 0 0 0 0 0 0 0 0 6 0 0 0 0 0 0 0 0 0 0 0 0 0 0 0 0 0 0 0 0 0 0 0 0 0 0
Last Time Cost: 00000005 ms
Total Time Cost: 01878769 ms
Total Distance 6: 0 0 0 0 0 0 0 0 0 0 0 0 0 0 0 0 0 0 0 0 0 6 0 0 0 0 0 0 0 0 0 0 0 0 0 0 0 0 0 0 0 0 0 0 0 0 0 0
Last Time Cost: 00000605 ms
Total Time Cost: 01879374 ms
Total Distance 5: 0 0 0 0 0 0 0 0 0 0 0 0 0 0 0 0 0 0 0 0 0 5 0 0 0 0 0 0 0 0 0 0 0 0 0 0 0 0 0 0 0 0 0 0 0 0 0 0
Last Time Cost: 00000108 ms
Total Time Cost: 01879482 ms
Total Distance 4: 0 0 0 0 0 0 0 0 0 0 0 0 0 0 0 0 0 0 0 0 0 4 0 0 0 0 0 0 0 0 0 0 0 0 0 0 0 0 0 0 0 0 0 0 0 0 0 0
Last Time Cost: 00000001 ms
Total Time Cost: 01879483 ms
Total Distance 3: 0 0 0 0 0 0 0 0 0 0 0 0 0 0 0 0 0 0 0 0 0 3 0 0 0 0 0 0 0 0 0 0 0 0 0 0 0 0 0 0 0 0 0 0 0 0 0 0
Last Time Cost: 00000000 ms
Total Time Cost: 01879483 ms
Total Distance 2: 0 0 0 0 0 0 0 0 0 0 0 0 0 0 0 0 0 0 0 0 0 2 0 0 0 0 0 0 0 0 0 0 0 0 0 0 0 0 0 0 0 0 0 0 0 0 0 0
Last Time Cost: 00000000 ms
Total Time Cost: 01879483 ms
Total Distance 1: 0 0 0 0 0 0 0 0 0 0 0 0 0 0 0 0 0 0 0 0 0 1 0 0 0 0 0 0 0 0 0 0 0 0 0 0 0 0 0 0 0 0 0 0 0 0 0 0
Last Time Cost: 00000000 ms
Total Time Cost: 01879483 ms
Total Distance 0: 0 0 0 0 0 0 0 0 0 0 0 0 0 0 0 0 0 0 0 0 0 0 0 0 0 0 0 0 0 0 0 0 0 0 0 0 0 0 0 0 0 0 0 0 0 0 0 0
