Last Time Cost: 00000000 ms
Total Time Cost: 00000000 ms
Total Distance 432: 10 10 10 10 10 10 10 10 10 10 10 10 8 8 8 8 8 8 8 8 8 8 8 8 9 9 9 9 9 9 9 9 9 9 9 9 9 9 9 9 9 9 9 9 9 9 9 9
Last Time Cost: 00000170 ms
Total Time Cost: 00000170 ms
Total Distance 425: 10 10 9 10 10 10 10 10 10 10 9 10 8 8 7 8 8 8 8 7 8 8 7 8 8 9 9 9 9 9 9 9 9 9 9 9 9 9 9 9 9 9 8 9 9 9 9 9
Last Time Cost: 00000179 ms
Total Time Cost: 00000349 ms
Total Distance 418: 10 10 9 10 10 10 10 10 10 9 9 10 8 8 7 7 8 8 8 7 8 8 7 8 7 9 9 9 9 9 8 9 9 9 9 9 9 9 9 9 9 8 8 8 9 9 8 9
Last Time Cost: 00000186 ms
Total Time Cost: 00000535 ms
Total Distance 411: 10 9 9 10 10 10 10 10 10 9 9 9 8 8 7 7 8 8 8 7 8 8 7 8 7 9 9 9 9 8 8 9 8 9 9 9 8 9 9 9 9 7 7 8 9 9 8 9
Last Time Cost: 00000194 ms
Total Time Cost: 00000729 ms
Total Distance 405: 10 8 8 9 10 10 10 10 10 9 9 9 8 8 7 7 8 8 8 7 8 8 7 8 6 9 9 9 9 8 8 8 8 8 9 9 8 9 9 9 9 7 7 8 9 9 8 9
Last Time Cost: 00000197 ms
Total Time Cost: 00000926 ms
Total Distance 400: 10 8 8 9 10 10 10 10 9 9 9 9 8 8 6 7 8 8 8 7 8 8 7 7 6 9 9 9 8 8 8 8 8 8 9 9 8 9 9 9 9 7 6 8 9 9 8 9
Last Time Cost: 00000213 ms
Total Time Cost: 00001139 ms
Total Distance 395: 10 7 8 9 10 10 10 10 9 9 9 9 8 8 6 7 8 8 8 7 8 8 7 7 6 8 9 9 8 8 8 7 8 8 9 9 8 9 8 9 9 7 6 8 9 9 7 9
Last Time Cost: 00000221 ms
Total Time Cost: 00001360 ms
Total Distance 390: 9 7 8 9 10 10 10 10 9 9 9 9 8 8 5 7 7 8 8 7 8 8 7 7 6 7 9 9 8 8 8 7 8 8 9 8 8 9 8 9 9 7 6 8 9 9 7 9
Last Time Cost: 00000234 ms
Total Time Cost: 00001594 ms
Total Distance 385: 8 7 7 9 10 10 10 10 9 9 9 9 8 8 5 6 7 8 8 7 8 8 7 7 6 7 9 9 8 8 8 7 8 8 9 7 8 8 8 9 9 7 6 8 9 9 7 9
Last Time Cost: 00000237 ms
Total Time Cost: 00001831 ms
Total Distance 380: 8 7 7 9 10 9 10 10 9 9 8 9 8 8 5 6 7 8 8 7 7 8 7 7 6 7 9 9 8 8 8 7 8 8 9 7 8 7 8 9 9 7 6 8 9 9 6 9
Last Time Cost: 00000246 ms
Total Time Cost: 00002077 ms
Total Distance 375: 8 7 7 9 9 9 10 10 9 9 8 9 8 8 5 6 7 7 8 7 7 8 7 7 6 7 9 9 8 8 8 7 7 8 9 7 8 7 8 9 9 7 6 7 9 8 6 9
Last Time Cost: 00000256 ms
Total Time Cost: 00002333 ms
Total Distance 370: 8 7 7 8 8 9 10 10 9 9 8 9 8 8 5 6 7 7 8 7 7 8 6 7 6 7 9 9 8 8 8 7 7 8 8 7 8 7 8 9 8 7 6 7 9 8 6 9
Last Time Cost: 00000225 ms
Total Time Cost: 00002558 ms
Total Distance 366: 8 7 7 8 8 9 10 10 9 9 8 9 8 8 5 5 7 7 8 7 7 8 6 7 6 7 9 9 8 8 7 7 7 8 8 7 8 7 8 9 8 7 6 6 9 8 5 9
Last Time Cost: 00000253 ms
Total Time Cost: 00002811 ms
Total Distance 362: 8 7 7 8 8 9 10 10 9 9 8 9 8 8 5 5 7 7 8 7 6 8 6 7 6 7 9 9 8 8 7 7 7 7 8 7 8 7 8 8 8 6 6 6 9 8 5 9
Last Time Cost: 00000260 ms
Total Time Cost: 00003071 ms
Total Distance 358: 8 7 7 8 8 9 10 10 9 9 8 9 8 7 5 5 7 6 8 7 6 8 6 7 6 7 9 9 8 8 7 7 7 6 8 7 8 7 8 7 8 6 6 6 9 8 5 9
Last Time Cost: 00000285 ms
Total Time Cost: 00003356 ms
Total Distance 354: 8 7 7 8 7 9 10 10 9 9 8 9 8 7 5 5 7 6 8 7 6 8 6 7 6 7 9 9 8 7 7 7 7 5 8 7 7 7 8 7 8 6 6 6 9 8 5 9
Last Time Cost: 00000319 ms
Total Time Cost: 00003675 ms
Total Distance 350: 8 7 7 8 7 8 10 10 9 9 8 9 8 6 5 5 7 6 8 7 6 8 6 7 6 7 9 9 8 7 7 7 7 5 8 6 7 7 8 7 7 6 6 6 9 8 5 9
Last Time Cost: 00000319 ms
Total Time Cost: 00003994 ms
Total Distance 346: 7 7 7 8 7 8 10 10 9 9 8 9 8 6 5 5 7 6 8 7 6 8 6 7 6 7 9 9 8 6 7 7 7 5 8 6 7 7 7 7 7 6 6 6 8 8 5 9
Last Time Cost: 00000325 ms
Total Time Cost: 00004319 ms
Total Distance 342: 7 7 7 8 7 8 9 10 9 9 8 9 8 6 5 5 6 6 8 7 6 8 5 7 6 7 9 9 8 6 7 7 7 5 8 6 7 7 7 7 7 6 6 6 8 8 5 8
Last Time Cost: 00000328 ms
Total Time Cost: 00004647 ms
Total Distance 338: 7 7 7 8 7 8 9 9 9 9 8 9 7 6 5 5 5 6 8 7 6 8 5 7 6 7 9 9 8 6 7 7 7 5 7 6 7 7 7 7 7 6 6 6 8 8 5 8
Last Time Cost: 00000326 ms
Total Time Cost: 00004973 ms
Total Distance 334: 7 7 7 7 7 8 9 9 9 9 7 9 7 6 5 5 5 6 8 7 6 8 5 7 6 7 9 8 8 6 7 7 7 5 7 6 7 7 7 7 7 6 5 6 8 8 5 8
Last Time Cost: 00000310 ms
Total Time Cost: 00005283 ms
Total Distance 330: 7 7 7 7 7 7 9 9 9 9 7 8 7 6 5 5 5 6 8 7 6 8 5 7 6 7 9 8 7 6 7 7 7 5 7 6 6 7 7 7 7 6 5 6 8 8 5 8
Last Time Cost: 00000293 ms
Total Time Cost: 00005576 ms
Total Distance 326: 7 7 7 6 7 7 9 8 9 9 7 8 7 6 5 5 5 6 8 7 6 8 5 7 6 7 8 7 7 6 7 7 7 5 7 6 6 7 7 7 7 6 5 6 8 8 5 8
Last Time Cost: 00000228 ms
Total Time Cost: 00005804 ms
Total Distance 322: 7 7 7 6 7 7 9 8 8 9 7 8 7 6 5 5 5 6 7 7 6 7 5 7 6 7 8 7 7 6 7 7 7 5 7 6 6 7 7 7 7 6 5 6 8 8 5 7
Last Time Cost: 00000190 ms
Total Time Cost: 00005994 ms
Total Distance 318: 7 7 7 6 7 7 9 8 8 8 7 8 7 6 5 5 5 6 6 7 6 7 5 7 6 7 8 7 7 6 7 7 7 5 7 6 6 7 7 7 7 6 5 6 7 7 5 7
Last Time Cost: 00000147 ms
Total Time Cost: 00006141 ms
Total Distance 315: 7 7 7 5 7 7 9 8 8 8 7 8 7 6 5 5 5 6 6 7 6 7 4 7 6 7 8 7 7 6 7 7 7 5 7 6 6 6 7 7 7 6 5 6 7 7 5 7
Last Time Cost: 00000155 ms
Total Time Cost: 00006296 ms
Total Distance 312: 7 7 7 5 7 7 9 8 8 8 6 8 7 6 5 5 5 6 6 7 6 7 4 7 5 7 8 7 7 6 7 7 7 5 7 6 6 6 7 7 7 6 4 6 7 7 5 7
Last Time Cost: 00000165 ms
Total Time Cost: 00006461 ms
Total Distance 309: 7 7 7 5 6 7 9 8 8 8 6 8 7 6 5 5 5 6 6 7 6 7 4 7 5 7 8 7 7 6 7 7 7 4 7 6 5 6 7 7 7 6 4 6 7 7 5 7
Last Time Cost: 00000177 ms
Total Time Cost: 00006638 ms
Total Distance 306: 7 7 7 5 6 7 9 8 8 8 6 8 7 6 5 5 5 6 6 6 6 7 4 7 5 7 8 7 7 6 7 6 7 4 7 6 5 6 7 7 7 6 4 6 7 7 4 7
Last Time Cost: 00000187 ms
Total Time Cost: 00006825 ms
Total Distance 303: 7 7 7 5 6 6 9 8 8 8 6 8 7 6 5 5 5 6 6 6 6 7 4 7 5 7 8 7 7 6 7 6 7 4 7 6 4 6 7 7 7 6 4 6 7 7 4 6
Last Time Cost: 00000192 ms
Total Time Cost: 00007017 ms
Total Distance 300: 6 7 7 5 6 6 9 8 8 8 6 8 7 6 5 5 5 6 6 6 5 7 4 7 5 7 8 7 7 6 7 6 7 4 7 6 4 6 6 7 7 6 4 6 7 7 4 6
Last Time Cost: 00000197 ms
Total Time Cost: 00007214 ms
Total Distance 297: 6 7 6 5 6 6 9 8 8 8 6 8 7 6 5 5 5 6 6 6 5 7 4 7 5 7 8 7 7 6 7 5 7 4 7 6 4 6 5 7 7 6 4 6 7 7 4 6
Last Time Cost: 00000208 ms
Total Time Cost: 00007422 ms
Total Distance 294: 6 7 6 5 5 6 9 8 8 8 6 8 7 6 5 5 5 6 6 6 5 7 4 6 5 7 8 7 7 6 7 5 7 4 7 6 4 6 5 7 7 6 4 6 7 6 4 6
Last Time Cost: 00000213 ms
Total Time Cost: 00007635 ms
Total Distance 291: 5 7 6 5 5 6 9 8 8 8 6 8 7 6 5 5 5 6 6 6 5 7 4 6 5 7 8 7 7 6 7 5 7 4 7 6 4 6 5 6 6 6 4 6 7 6 4 6
Last Time Cost: 00000218 ms
Total Time Cost: 00007853 ms
Total Distance 288: 4 7 6 5 5 6 8 8 8 8 6 8 7 6 5 5 5 6 6 6 5 7 4 6 5 7 8 7 7 6 7 5 7 4 7 6 4 6 5 6 6 6 4 6 7 5 4 6
Last Time Cost: 00000106 ms
Total Time Cost: 00007959 ms
Total Distance 285: 4 6 6 5 5 6 8 8 8 8 6 7 7 6 5 5 5 6 6 6 5 7 4 6 5 7 8 7 7 6 7 5 7 4 7 6 4 6 5 6 6 5 4 6 7 5 4 6
Last Time Cost: 00000106 ms
Total Time Cost: 00008065 ms
Total Distance 282: 4 6 6 5 5 6 8 8 8 8 6 7 7 6 5 5 5 6 6 6 5 6 4 6 5 7 7 7 7 6 7 5 7 4 7 6 4 6 5 6 5 5 4 6 7 5 4 6
Last Time Cost: 00000103 ms
Total Time Cost: 00008168 ms
Total Distance 279: 4 6 6 5 5 6 8 8 7 8 6 7 7 6 5 5 5 6 6 6 5 5 4 6 5 7 7 7 7 6 7 5 7 4 7 6 4 5 5 6 5 5 4 6 7 5 4 6
Last Time Cost: 00000107 ms
Total Time Cost: 00008275 ms
Total Distance 276: 4 6 6 5 5 6 8 8 7 8 6 7 7 6 5 5 5 6 6 6 5 5 4 6 5 7 7 6 7 6 6 5 7 4 6 6 4 5 5 6 5 5 4 6 7 5 4 6
Last Time Cost: 00000094 ms
Total Time Cost: 00008369 ms
Total Distance 273: 4 6 6 5 5 6 8 7 7 8 6 7 7 6 5 5 5 6 6 6 5 5 4 6 5 7 6 5 7 6 6 5 7 4 6 6 4 5 5 6 5 5 4 6 7 5 4 6
Last Time Cost: 00000089 ms
Total Time Cost: 00008458 ms
Total Distance 270: 4 5 6 5 5 6 7 7 7 7 6 7 7 6 5 5 5 6 6 6 5 5 4 6 5 7 6 5 7 6 6 5 7 4 6 6 4 5 5 6 5 5 4 6 7 5 4 6
Last Time Cost: 00000088 ms
Total Time Cost: 00008546 ms
Total Distance 268: 4 5 6 5 5 6 7 7 7 7 6 7 7 6 5 5 5 6 6 6 5 5 4 6 5 7 6 5 7 6 6 4 7 4 6 6 4 5 5 6 5 5 4 6 7 5 3 6
Last Time Cost: 00000092 ms
Total Time Cost: 00008638 ms
Total Distance 266: 4 5 6 5 5 5 7 7 7 7 6 7 7 6 5 5 5 6 6 6 5 5 4 6 5 7 6 5 7 6 6 4 7 4 6 6 4 5 5 6 5 5 4 6 7 5 2 6
Last Time Cost: 00000098 ms
Total Time Cost: 00008736 ms
Total Distance 264: 4 5 6 5 5 4 7 7 7 7 6 7 7 6 5 5 5 6 6 6 5 5 4 6 5 7 6 5 7 6 6 4 7 4 6 6 3 5 5 6 5 5 4 6 7 5 2 6
Last Time Cost: 00000103 ms
Total Time Cost: 00008839 ms
Total Distance 262: 4 5 6 5 5 3 7 7 7 7 6 7 7 6 5 5 5 6 6 6 5 5 4 6 5 7 6 4 7 6 6 4 7 4 6 6 3 5 5 6 5 5 4 6 7 5 2 6
Last Time Cost: 00000110 ms
Total Time Cost: 00008949 ms
Total Distance 260: 4 5 6 5 5 3 7 7 7 7 6 7 7 6 5 5 5 6 6 6 5 5 3 6 5 7 6 4 7 6 5 4 7 4 6 6 3 5 5 6 5 5 4 6 7 5 2 6
Last Time Cost: 00000116 ms
Total Time Cost: 00009065 ms
Total Distance 258: 4 5 6 5 5 3 7 7 7 7 6 7 7 6 5 5 5 6 6 6 5 5 3 6 5 7 6 4 7 6 4 4 7 4 6 6 3 5 5 6 5 4 4 6 7 5 2 6
Last Time Cost: 00000125 ms
Total Time Cost: 00009190 ms
Total Distance 256: 4 5 6 5 5 3 7 7 7 7 6 7 7 6 5 5 5 6 6 6 5 5 3 6 5 7 6 4 7 5 4 4 7 4 6 6 3 5 5 6 5 4 3 6 7 5 2 6
Last Time Cost: 00000133 ms
Total Time Cost: 00009323 ms
Total Distance 253: 4 5 6 5 5 3 7 7 7 7 6 7 7 6 5 5 5 6 6 6 5 4 3 6 5 7 6 4 7 5 4 4 7 4 6 6 3 5 5 6 5 4 3 5 6 5 2 6
Last Time Cost: 00000128 ms
Total Time Cost: 00009451 ms
Total Distance 251: 4 5 6 5 5 3 7 7 7 7 6 7 7 6 5 5 5 6 6 6 5 3 3 6 5 7 6 4 7 5 4 4 7 4 6 6 3 5 4 6 5 4 3 5 6 5 2 6
Last Time Cost: 00000135 ms
Total Time Cost: 00009586 ms
Total Distance 249: 4 5 6 5 5 3 7 7 7 7 5 7 7 6 5 5 5 6 6 6 5 3 3 6 5 7 6 4 7 5 4 4 7 4 6 6 3 5 4 6 5 4 2 5 6 5 2 6
Last Time Cost: 00000142 ms
Total Time Cost: 00009728 ms
Total Distance 247: 3 5 6 5 5 3 7 7 7 7 5 7 7 6 5 5 5 6 6 6 5 3 3 6 5 7 6 4 7 5 4 4 7 4 6 5 3 5 4 6 5 4 2 5 6 5 2 6
Last Time Cost: 00000149 ms
Total Time Cost: 00009877 ms
Total Distance 245: 3 5 6 5 5 3 7 7 7 7 5 7 7 6 5 4 5 6 6 6 5 3 3 6 5 7 6 4 7 5 4 4 7 4 6 5 3 5 4 6 5 4 2 4 6 5 2 6
Last Time Cost: 00000156 ms
Total Time Cost: 00010033 ms
Total Distance 243: 3 5 6 4 5 3 7 7 7 7 5 7 7 6 5 4 5 6 6 6 5 3 3 6 4 7 6 4 7 5 4 4 7 4 6 5 3 5 4 6 5 4 2 4 6 5 2 6
Last Time Cost: 00000165 ms
Total Time Cost: 00010198 ms
Total Distance 241: 3 5 6 4 4 3 7 7 7 7 5 7 7 6 5 4 5 6 6 6 5 3 3 6 4 7 6 4 7 5 4 4 7 4 6 5 3 5 4 6 5 4 2 4 6 4 2 6
Last Time Cost: 00000174 ms
Total Time Cost: 00010372 ms
Total Distance 239: 3 5 6 4 4 3 7 7 7 7 5 7 7 6 5 4 5 6 6 6 5 3 3 6 4 7 6 4 7 5 4 4 7 3 6 5 3 5 4 5 5 4 2 4 6 4 2 6
Last Time Cost: 00000183 ms
Total Time Cost: 00010555 ms
Total Distance 237: 3 5 6 4 3 3 7 7 7 7 5 7 7 6 5 4 5 6 6 6 5 3 3 6 4 7 6 4 7 5 4 4 7 3 5 5 3 5 4 5 5 4 2 4 6 4 2 6
Last Time Cost: 00000189 ms
Total Time Cost: 00010744 ms
Total Distance 235: 3 5 5 4 3 3 7 7 7 7 5 7 7 6 5 4 5 6 6 6 5 3 3 6 4 7 6 4 7 5 4 3 7 3 5 5 3 5 4 5 5 4 2 4 6 4 2 6
Last Time Cost: 00000200 ms
Total Time Cost: 00010944 ms
Total Distance 233: 3 5 4 4 3 3 7 7 7 7 5 7 7 6 5 3 5 6 6 6 5 3 3 6 4 7 6 4 7 5 4 3 7 3 5 5 3 5 4 5 5 4 2 4 6 4 2 6
Last Time Cost: 00000210 ms
Total Time Cost: 00011154 ms
Total Distance 231: 3 5 3 4 3 3 7 7 7 7 5 7 7 6 4 3 5 6 6 6 5 3 3 6 4 7 6 4 7 5 4 3 7 3 5 5 3 5 4 5 5 4 2 4 6 4 2 6
Last Time Cost: 00000219 ms
Total Time Cost: 00011373 ms
Total Distance 229: 3 5 3 4 3 3 7 7 7 7 5 7 7 6 3 3 5 6 6 6 5 3 3 6 4 7 5 4 7 5 4 3 7 3 5 5 3 5 4 5 5 4 2 4 6 4 2 6
Last Time Cost: 00000229 ms
Total Time Cost: 00011602 ms
Total Distance 227: 3 5 3 4 3 3 7 7 7 7 5 7 7 6 3 3 5 5 6 6 5 3 3 6 4 7 5 4 7 5 4 3 7 3 5 5 3 5 4 5 5 4 2 3 6 4 2 6
Last Time Cost: 00000242 ms
Total Time Cost: 00011844 ms
Total Distance 225: 3 5 3 4 3 3 7 7 7 7 5 7 7 6 3 2 5 5 6 6 5 3 3 6 4 7 5 4 6 5 4 3 7 3 5 5 3 5 4 5 5 4 2 3 6 4 2 6
Last Time Cost: 00000224 ms
Total Time Cost: 00012068 ms
Total Distance 223: 3 5 3 4 3 3 6 7 7 7 5 7 7 6 3 2 5 5 6 6 5 3 3 6 4 7 5 4 6 5 4 3 7 3 5 5 3 5 4 5 5 4 2 3 6 3 2 6
Last Time Cost: 00000205 ms
Total Time Cost: 00012273 ms
Total Distance 221: 3 5 3 4 3 3 5 7 7 7 5 7 7 6 3 2 5 5 6 6 5 3 3 6 4 7 5 4 6 5 4 3 7 3 5 5 3 5 4 5 5 4 2 3 6 2 2 6
Last Time Cost: 00000214 ms
Total Time Cost: 00012487 ms
Total Distance 219: 3 5 3 4 3 3 5 7 7 7 5 7 7 5 3 2 5 5 6 6 5 3 3 6 4 7 5 4 6 5 4 3 7 3 5 4 3 5 4 5 5 4 2 3 6 2 2 6
Last Time Cost: 00000223 ms
Total Time Cost: 00012710 ms
Total Distance 217: 3 5 3 4 3 3 5 6 7 7 5 7 7 5 3 2 5 5 6 6 5 3 3 6 4 7 5 3 6 5 4 3 7 3 5 4 3 5 4 5 5 4 2 3 6 2 2 6
Last Time Cost: 00000209 ms
Total Time Cost: 00012919 ms
Total Distance 215: 3 5 3 4 3 3 5 6 7 7 5 7 7 5 3 2 5 5 6 6 5 3 3 6 4 6 5 3 6 5 4 3 7 3 5 3 3 5 4 5 5 4 2 3 6 2 2 6
Last Time Cost: 00000184 ms
Total Time Cost: 00013103 ms
Total Distance 213: 3 5 3 4 3 3 5 5 7 7 5 7 7 5 3 2 5 5 6 6 5 3 3 6 4 6 4 3 6 5 4 3 7 3 5 3 3 5 4 5 5 4 2 3 6 2 2 6
Last Time Cost: 00000188 ms
Total Time Cost: 00013291 ms
Total Distance 211: 3 5 3 4 3 3 5 5 7 6 5 7 7 5 3 2 5 5 6 6 5 3 3 6 4 6 4 3 6 5 4 3 7 3 4 3 3 5 4 5 5 4 2 3 6 2 2 6
Last Time Cost: 00000160 ms
Total Time Cost: 00013451 ms
Total Distance 209: 3 5 3 4 3 3 5 5 7 6 5 7 6 5 3 2 5 5 6 6 5 3 3 6 4 6 4 3 6 5 4 3 7 3 3 3 3 5 4 5 5 4 2 3 6 2 2 6
Last Time Cost: 00000133 ms
Total Time Cost: 00013584 ms
Total Distance 207: 3 5 3 4 3 3 5 5 7 6 5 7 5 5 3 2 5 5 6 6 5 3 3 6 4 6 4 3 6 5 4 3 7 3 2 3 3 5 4 5 5 4 2 3 6 2 2 6
Last Time Cost: 00000140 ms
Total Time Cost: 00013724 ms
Total Distance 205: 3 5 3 4 3 3 5 5 7 6 5 7 4 5 3 2 4 5 6 6 5 3 3 6 4 6 4 3 6 5 4 3 7 3 2 3 3 5 4 5 5 4 2 3 6 2 2 6
Last Time Cost: 00000146 ms
Total Time Cost: 00013870 ms
Total Distance 203: 3 5 3 4 3 3 5 5 7 6 5 7 3 5 3 2 3 5 6 6 5 3 3 6 4 6 4 3 6 5 4 3 7 3 2 3 3 5 4 5 5 4 2 3 6 2 2 6
Last Time Cost: 00000152 ms
Total Time Cost: 00014022 ms
Total Distance 201: 3 5 3 4 3 3 5 5 7 6 5 6 3 5 3 2 3 5 6 6 5 3 3 6 4 6 4 3 6 4 4 3 7 3 2 3 3 5 4 5 5 4 2 3 6 2 2 6
Last Time Cost: 00000113 ms
Total Time Cost: 00014135 ms
Total Distance 199: 3 5 3 4 3 3 5 4 7 6 5 5 3 5 3 2 3 5 6 6 5 3 3 6 4 6 4 3 6 4 4 3 7 3 2 3 3 5 4 5 5 4 2 3 6 2 2 6
Last Time Cost: 00000117 ms
Total Time Cost: 00014252 ms
Total Distance 197: 3 5 3 4 3 3 5 4 7 6 5 4 3 5 3 2 3 5 6 5 5 3 3 6 4 6 4 3 6 4 4 3 7 3 2 3 3 5 4 5 5 4 2 3 6 2 2 6
Last Time Cost: 00000121 ms
Total Time Cost: 00014373 ms
Total Distance 195: 3 5 3 4 3 3 5 4 7 5 5 4 3 5 3 2 3 5 6 5 5 3 3 6 4 6 4 3 5 4 4 3 7 3 2 3 3 5 4 5 5 4 2 3 6 2 2 6
Last Time Cost: 00000123 ms
Total Time Cost: 00014496 ms
Total Distance 193: 3 5 3 4 3 3 5 4 7 5 5 4 3 5 3 2 3 5 6 5 5 3 3 5 4 6 4 3 4 4 4 3 7 3 2 3 3 5 4 5 5 4 2 3 6 2 2 6
Last Time Cost: 00000126 ms
Total Time Cost: 00014622 ms
Total Distance 191: 3 5 3 4 3 3 5 4 7 5 5 4 3 5 3 2 3 5 5 5 5 3 3 5 4 6 4 3 4 4 4 3 7 3 2 3 3 5 4 5 5 4 2 3 6 2 2 5
Last Time Cost: 00000130 ms
Total Time Cost: 00014752 ms
Total Distance 189: 3 5 3 4 3 3 5 4 7 5 5 4 3 5 3 2 3 5 4 5 5 3 3 5 4 6 4 3 4 4 4 3 7 3 2 3 3 5 4 5 5 4 2 3 6 2 2 4
Last Time Cost: 00000136 ms
Total Time Cost: 00014888 ms
Total Distance 187: 3 5 3 4 3 3 5 4 7 5 5 4 3 5 3 2 3 5 3 5 5 3 3 5 4 5 4 3 4 4 4 3 7 3 2 3 3 5 4 5 5 4 2 3 6 2 2 4
Last Time Cost: 00000142 ms
Total Time Cost: 00015030 ms
Total Distance 185: 3 5 3 4 3 3 5 4 7 5 5 4 3 5 3 2 3 5 3 5 5 3 3 5 4 5 4 3 4 4 4 3 6 3 2 3 3 5 4 5 5 4 2 3 6 2 2 3
Last Time Cost: 00000083 ms
Total Time Cost: 00015113 ms
Total Distance 183: 3 5 3 4 3 3 5 4 7 5 4 4 3 5 3 2 3 5 3 5 5 3 3 5 4 5 4 3 4 4 4 3 5 3 2 3 3 5 4 5 5 4 2 3 6 2 2 3
Last Time Cost: 00000084 ms
Total Time Cost: 00015197 ms
Total Distance 181: 3 5 3 4 3 3 5 4 6 5 4 4 3 5 3 2 3 5 3 5 5 3 3 5 4 4 4 3 4 4 4 3 5 3 2 3 3 5 4 5 5 4 2 3 6 2 2 3
Last Time Cost: 00000019 ms
Total Time Cost: 00015216 ms
Total Distance 179: 3 5 3 4 3 3 5 4 5 5 4 4 3 5 3 2 3 4 3 5 5 3 3 5 4 4 4 3 4 4 4 3 5 3 2 3 3 5 4 5 5 4 2 3 6 2 2 3
Last Time Cost: 00000018 ms
Total Time Cost: 00015234 ms
Total Distance 178: 3 5 3 4 3 3 5 4 5 5 4 4 3 5 3 2 3 4 3 5 5 3 3 5 4 4 4 3 4 4 4 3 5 3 1 3 3 5 4 5 5 4 2 3 6 2 2 3
Last Time Cost: 00000001 ms
Total Time Cost: 00015235 ms
Total Distance 177: 3 5 3 4 3 3 5 4 5 5 4 4 3 5 3 2 3 4 3 5 5 3 3 5 4 4 4 3 4 4 4 3 5 3 0 3 3 5 4 5 5 4 2 3 6 2 2 3
Last Time Cost: 00000019 ms
Total Time Cost: 00015254 ms
Total Distance 176: 3 5 3 4 3 3 5 4 5 5 4 4 3 5 3 1 3 4 3 5 5 3 3 5 4 4 4 3 4 4 4 3 5 3 0 3 3 5 4 5 5 4 2 3 6 2 2 3
Last Time Cost: 00000001 ms
Total Time Cost: 00015255 ms
Total Distance 175: 3 5 3 4 3 3 5 4 5 5 4 4 3 5 3 0 3 4 3 5 5 3 3 5 4 4 4 3 4 4 4 3 5 3 0 3 3 5 4 5 5 4 2 3 6 2 2 3
Last Time Cost: 00000020 ms
Total Time Cost: 00015275 ms
Total Distance 174: 3 5 3 4 3 3 5 4 5 5 4 4 3 5 3 0 3 4 3 5 5 3 3 5 4 4 4 3 4 4 4 3 5 3 0 3 3 5 4 5 5 4 1 3 6 2 2 3
Last Time Cost: 00000001 ms
Total Time Cost: 00015276 ms
Total Distance 173: 3 5 3 4 3 3 5 4 5 5 4 4 3 5 3 0 3 4 3 5 5 3 3 5 4 4 4 3 4 4 4 3 5 3 0 3 3 5 4 5 5 4 0 3 6 2 2 3
Last Time Cost: 00000021 ms
Total Time Cost: 00015297 ms
Total Distance 172: 3 5 3 4 3 3 5 4 5 5 4 4 3 5 3 0 3 4 3 5 5 3 3 5 4 4 4 3 4 4 4 3 5 3 0 3 3 5 4 5 5 4 0 3 6 2 1 3
Last Time Cost: 00000001 ms
Total Time Cost: 00015298 ms
Total Distance 171: 3 5 3 4 3 3 5 4 5 5 4 4 3 5 3 0 3 4 3 5 5 3 3 5 4 4 4 3 4 4 4 3 5 3 0 3 3 5 4 5 5 4 0 3 6 2 0 3
Last Time Cost: 00000022 ms
Total Time Cost: 00015320 ms
Total Distance 170: 3 5 3 4 3 3 5 4 5 5 4 4 3 5 3 0 3 4 3 5 5 3 3 5 4 4 4 3 4 4 4 3 5 3 0 3 3 5 4 5 5 4 0 3 6 1 0 3
Last Time Cost: 00000001 ms
Total Time Cost: 00015321 ms
Total Distance 169: 3 5 3 4 3 3 5 4 5 5 4 4 3 5 3 0 3 4 3 5 5 3 3 5 4 4 4 3 4 4 4 3 5 3 0 3 3 5 4 5 5 4 0 3 6 0 0 3
Last Time Cost: 00000023 ms
Total Time Cost: 00015344 ms
Total Distance 168: 3 5 3 4 3 3 5 4 5 5 4 4 3 5 3 0 3 4 3 5 5 3 3 5 4 4 4 3 4 4 4 2 5 3 0 3 3 5 4 5 5 4 0 3 6 0 0 3
Last Time Cost: 00000001 ms
Total Time Cost: 00015345 ms
Total Distance 167: 3 5 3 4 3 3 5 4 5 5 4 4 3 5 3 0 3 4 3 5 5 3 3 5 4 4 4 3 4 4 4 1 5 3 0 3 3 5 4 5 5 4 0 3 6 0 0 3
Last Time Cost: 00000001 ms
Total Time Cost: 00015346 ms
Total Distance 166: 3 5 3 4 3 3 5 4 5 5 4 4 3 5 3 0 3 4 3 5 5 3 3 5 4 4 4 3 4 4 4 0 5 3 0 3 3 5 4 5 5 4 0 3 6 0 0 3
Last Time Cost: 00000025 ms
Total Time Cost: 00015371 ms
Total Distance 165: 3 5 3 4 3 3 5 4 5 5 4 4 3 5 3 0 3 4 3 5 5 3 3 5 4 4 4 3 4 4 4 0 5 3 0 3 2 5 4 5 5 4 0 3 6 0 0 3
Last Time Cost: 00000001 ms
Total Time Cost: 00015372 ms
Total Distance 164: 3 5 3 4 3 3 5 4 5 5 4 4 3 5 3 0 3 4 3 5 5 3 3 5 4 4 4 3 4 4 4 0 5 3 0 3 1 5 4 5 5 4 0 3 6 0 0 3
Last Time Cost: 00000001 ms
Total Time Cost: 00015373 ms
Total Distance 163: 3 5 3 4 3 3 5 4 5 5 4 4 3 5 3 0 3 4 3 5 5 3 3 5 4 4 4 3 4 4 4 0 5 3 0 3 0 5 4 5 5 4 0 3 6 0 0 3
Last Time Cost: 00000028 ms
Total Time Cost: 00015401 ms
Total Distance 162: 3 5 3 4 3 3 5 4 5 5 4 4 3 5 3 0 3 4 3 5 5 3 3 5 4 4 4 3 4 4 4 0 5 3 0 2 0 5 4 5 5 4 0 3 6 0 0 3
Last Time Cost: 00000001 ms
Total Time Cost: 00015402 ms
Total Distance 161: 3 5 3 4 3 3 5 4 5 5 4 4 3 5 3 0 3 4 3 5 5 3 3 5 4 4 4 3 4 4 4 0 5 3 0 1 0 5 4 5 5 4 0 3 6 0 0 3
Last Time Cost: 00000001 ms
Total Time Cost: 00015403 ms
Total Distance 160: 3 5 3 4 3 3 5 4 5 5 4 4 3 5 3 0 3 4 3 5 5 3 3 5 4 4 4 3 4 4 4 0 5 3 0 0 0 5 4 5 5 4 0 3 6 0 0 3
Last Time Cost: 00000030 ms
Total Time Cost: 00015433 ms
Total Distance 159: 3 5 3 4 3 3 5 4 5 5 4 4 3 5 3 0 3 4 3 5 5 2 3 5 4 4 4 3 4 4 4 0 5 3 0 0 0 5 4 5 5 4 0 3 6 0 0 3
Last Time Cost: 00000001 ms
Total Time Cost: 00015434 ms
Total Distance 158: 3 5 3 4 3 3 5 4 5 5 4 4 3 5 3 0 3 4 3 5 5 1 3 5 4 4 4 3 4 4 4 0 5 3 0 0 0 5 4 5 5 4 0 3 6 0 0 3
Last Time Cost: 00000001 ms
Total Time Cost: 00015435 ms
Total Distance 157: 3 5 3 4 3 3 5 4 5 5 4 4 3 5 3 0 3 4 3 5 5 0 3 5 4 4 4 3 4 4 4 0 5 3 0 0 0 5 4 5 5 4 0 3 6 0 0 3
Last Time Cost: 00000033 ms
Total Time Cost: 00015468 ms
Total Distance 156: 3 5 3 4 3 3 5 4 5 5 4 4 3 5 3 0 3 4 3 5 5 0 3 5 4 4 4 3 4 4 4 0 5 2 0 0 0 5 4 5 5 4 0 3 6 0 0 3
Last Time Cost: 00000001 ms
Total Time Cost: 00015469 ms
Total Distance 155: 3 5 3 4 3 3 5 4 5 5 4 4 3 5 3 0 3 4 3 5 5 0 3 5 4 4 4 3 4 4 4 0 5 1 0 0 0 5 4 5 5 4 0 3 6 0 0 3
Last Time Cost: 00000001 ms
Total Time Cost: 00015470 ms
Total Distance 154: 3 5 3 4 3 3 5 4 5 5 4 4 3 5 3 0 3 4 3 5 5 0 3 5 4 4 4 3 4 4 4 0 5 0 0 0 0 5 4 5 5 4 0 3 6 0 0 3
Last Time Cost: 00000035 ms
Total Time Cost: 00015505 ms
Total Distance 153: 3 5 3 4 3 3 5 4 5 5 4 4 3 5 3 0 3 4 3 5 5 0 3 5 4 4 4 3 4 4 4 0 5 0 0 0 0 5 4 5 5 4 0 2 6 0 0 3
Last Time Cost: 00000001 ms
Total Time Cost: 00015506 ms
Total Distance 152: 3 5 3 4 3 3 5 4 5 5 4 4 3 5 3 0 3 4 3 5 5 0 3 5 4 4 4 3 4 4 4 0 5 0 0 0 0 5 4 5 5 4 0 1 6 0 0 3
Last Time Cost: 00000001 ms
Total Time Cost: 00015507 ms
Total Distance 151: 3 5 3 4 3 3 5 4 5 5 4 4 3 5 3 0 3 4 3 5 5 0 3 5 4 4 4 3 4 4 4 0 5 0 0 0 0 5 4 5 5 4 0 0 6 0 0 3
Last Time Cost: 00000038 ms
Total Time Cost: 00015545 ms
Total Distance 150: 3 5 3 4 3 3 5 4 5 5 4 4 2 5 3 0 3 4 3 5 5 0 3 5 4 4 4 3 4 4 4 0 5 0 0 0 0 5 4 5 5 4 0 0 6 0 0 3
Last Time Cost: 00000001 ms
Total Time Cost: 00015546 ms
Total Distance 149: 3 5 3 4 3 3 5 4 5 5 4 4 1 5 3 0 3 4 3 5 5 0 3 5 4 4 4 3 4 4 4 0 5 0 0 0 0 5 4 5 5 4 0 0 6 0 0 3
Last Time Cost: 00000001 ms
Total Time Cost: 00015547 ms
Total Distance 148: 3 5 3 4 3 3 5 4 5 5 4 4 0 5 3 0 3 4 3 5 5 0 3 5 4 4 4 3 4 4 4 0 5 0 0 0 0 5 4 5 5 4 0 0 6 0 0 3
Last Time Cost: 00000041 ms
Total Time Cost: 00015588 ms
Total Distance 147: 3 5 3 4 3 2 5 4 5 5 4 4 0 5 3 0 3 4 3 5 5 0 3 5 4 4 4 3 4 4 4 0 5 0 0 0 0 5 4 5 5 4 0 0 6 0 0 3
Last Time Cost: 00000001 ms
Total Time Cost: 00015589 ms
Total Distance 146: 3 5 3 4 3 1 5 4 5 5 4 4 0 5 3 0 3 4 3 5 5 0 3 5 4 4 4 3 4 4 4 0 5 0 0 0 0 5 4 5 5 4 0 0 6 0 0 3
Last Time Cost: 00000001 ms
Total Time Cost: 00015590 ms
Total Distance 145: 3 5 3 4 3 0 5 4 5 5 4 4 0 5 3 0 3 4 3 5 5 0 3 5 4 4 4 3 4 4 4 0 5 0 0 0 0 5 4 5 5 4 0 0 6 0 0 3
Last Time Cost: 00000045 ms
Total Time Cost: 00015635 ms
Total Distance 144: 2 5 3 4 3 0 5 4 5 5 4 4 0 5 3 0 3 4 3 5 5 0 3 5 4 4 4 3 4 4 4 0 5 0 0 0 0 5 4 5 5 4 0 0 6 0 0 3
Last Time Cost: 00000001 ms
Total Time Cost: 00015636 ms
Total Distance 143: 1 5 3 4 3 0 5 4 5 5 4 4 0 5 3 0 3 4 3 5 5 0 3 5 4 4 4 3 4 4 4 0 5 0 0 0 0 5 4 5 5 4 0 0 6 0 0 3
Last Time Cost: 00000001 ms
Total Time Cost: 00015637 ms
Total Distance 142: 0 5 3 4 3 0 5 4 5 5 4 4 0 5 3 0 3 4 3 5 5 0 3 5 4 4 4 3 4 4 4 0 5 0 0 0 0 5 4 5 5 4 0 0 6 0 0 3
Last Time Cost: 00000048 ms
Total Time Cost: 00015685 ms
Total Distance 141: 0 5 3 4 3 0 5 4 5 5 4 4 0 5 3 0 3 4 3 5 5 0 2 5 4 4 4 3 4 4 4 0 5 0 0 0 0 5 4 5 5 4 0 0 6 0 0 3
Last Time Cost: 00000001 ms
Total Time Cost: 00015686 ms
Total Distance 140: 0 5 3 4 3 0 5 4 5 5 4 4 0 5 3 0 3 4 3 5 5 0 1 5 4 4 4 3 4 4 4 0 5 0 0 0 0 5 4 5 5 4 0 0 6 0 0 3
Last Time Cost: 00000001 ms
Total Time Cost: 00015687 ms
Total Distance 139: 0 5 3 4 3 0 5 4 5 5 4 4 0 5 3 0 3 4 3 5 5 0 0 5 4 4 4 3 4 4 4 0 5 0 0 0 0 5 4 5 5 4 0 0 6 0 0 3
Last Time Cost: 00000052 ms
Total Time Cost: 00015739 ms
Total Distance 138: 0 5 3 4 3 0 5 4 5 5 4 4 0 5 2 0 3 4 3 5 5 0 0 5 4 4 4 3 4 4 4 0 5 0 0 0 0 5 4 5 5 4 0 0 6 0 0 3
Last Time Cost: 00000001 ms
Total Time Cost: 00015740 ms
Total Distance 137: 0 5 3 4 3 0 5 4 5 5 4 4 0 5 1 0 3 4 3 5 5 0 0 5 4 4 4 3 4 4 4 0 5 0 0 0 0 5 4 5 5 4 0 0 6 0 0 3
Last Time Cost: 00000001 ms
Total Time Cost: 00015741 ms
Total Distance 136: 0 5 3 4 3 0 5 4 5 5 4 4 0 5 0 0 3 4 3 5 5 0 0 5 4 4 4 3 4 4 4 0 5 0 0 0 0 5 4 5 5 4 0 0 6 0 0 3
Last Time Cost: 00000056 ms
Total Time Cost: 00015797 ms
Total Distance 135: 0 5 3 4 3 0 5 4 5 5 4 4 0 5 0 0 3 4 3 5 5 0 0 5 4 4 4 2 4 4 4 0 5 0 0 0 0 5 4 5 5 4 0 0 6 0 0 3
Last Time Cost: 00000001 ms
Total Time Cost: 00015798 ms
Total Distance 134: 0 5 3 4 3 0 5 4 5 5 4 4 0 5 0 0 3 4 3 5 5 0 0 5 4 4 4 1 4 4 4 0 5 0 0 0 0 5 4 5 5 4 0 0 6 0 0 3
Last Time Cost: 00000001 ms
Total Time Cost: 00015799 ms
Total Distance 133: 0 5 3 4 3 0 5 4 5 5 4 4 0 5 0 0 3 4 3 5 5 0 0 5 4 4 4 0 4 4 4 0 5 0 0 0 0 5 4 5 5 4 0 0 6 0 0 3
Last Time Cost: 00000059 ms
Total Time Cost: 00015858 ms
Total Distance 132: 0 5 3 4 3 0 5 4 5 5 4 4 0 5 0 0 2 4 3 5 5 0 0 5 4 4 4 0 4 4 4 0 5 0 0 0 0 5 4 5 5 4 0 0 6 0 0 3
Last Time Cost: 00000001 ms
Total Time Cost: 00015859 ms
Total Distance 131: 0 5 3 4 3 0 5 4 5 5 4 4 0 5 0 0 1 4 3 5 5 0 0 5 4 4 4 0 4 4 4 0 5 0 0 0 0 5 4 5 5 4 0 0 6 0 0 3
Last Time Cost: 00000001 ms
Total Time Cost: 00015860 ms
Total Distance 130: 0 5 3 4 3 0 5 4 5 5 4 4 0 5 0 0 0 4 3 5 5 0 0 5 4 4 4 0 4 4 4 0 5 0 0 0 0 5 4 5 5 4 0 0 6 0 0 3
Last Time Cost: 00000063 ms
Total Time Cost: 00015923 ms
Total Distance 129: 0 5 3 4 3 0 5 4 5 5 4 4 0 5 0 0 0 4 3 5 5 0 0 5 4 4 4 0 4 4 4 0 5 0 0 0 0 5 4 5 5 4 0 0 6 0 0 2
Last Time Cost: 00000001 ms
Total Time Cost: 00015924 ms
Total Distance 128: 0 5 3 4 3 0 5 4 5 5 4 4 0 5 0 0 0 4 3 5 5 0 0 5 4 4 4 0 4 4 4 0 5 0 0 0 0 5 4 5 5 4 0 0 6 0 0 1
Last Time Cost: 00000001 ms
Total Time Cost: 00015925 ms
Total Distance 127: 0 5 3 4 3 0 5 4 5 5 4 4 0 5 0 0 0 4 3 5 5 0 0 5 4 4 4 0 4 4 4 0 5 0 0 0 0 5 4 5 5 4 0 0 6 0 0 0
Last Time Cost: 00000069 ms
Total Time Cost: 00015994 ms
Total Distance 126: 0 5 2 4 3 0 5 4 5 5 4 4 0 5 0 0 0 4 3 5 5 0 0 5 4 4 4 0 4 4 4 0 5 0 0 0 0 5 4 5 5 4 0 0 6 0 0 0
Last Time Cost: 00000001 ms
Total Time Cost: 00015995 ms
Total Distance 125: 0 5 1 4 3 0 5 4 5 5 4 4 0 5 0 0 0 4 3 5 5 0 0 5 4 4 4 0 4 4 4 0 5 0 0 0 0 5 4 5 5 4 0 0 6 0 0 0
Last Time Cost: 00000001 ms
Total Time Cost: 00015996 ms
Total Distance 124: 0 5 0 4 3 0 5 4 5 5 4 4 0 5 0 0 0 4 3 5 5 0 0 5 4 4 4 0 4 4 4 0 5 0 0 0 0 5 4 5 5 4 0 0 6 0 0 0
Last Time Cost: 00000072 ms
Total Time Cost: 00016068 ms
Total Distance 123: 0 5 0 4 2 0 5 4 5 5 4 4 0 5 0 0 0 4 3 5 5 0 0 5 4 4 4 0 4 4 4 0 5 0 0 0 0 5 4 5 5 4 0 0 6 0 0 0
Last Time Cost: 00000001 ms
Total Time Cost: 00016069 ms
Total Distance 122: 0 5 0 4 1 0 5 4 5 5 4 4 0 5 0 0 0 4 3 5 5 0 0 5 4 4 4 0 4 4 4 0 5 0 0 0 0 5 4 5 5 4 0 0 6 0 0 0
Last Time Cost: 00000001 ms
Total Time Cost: 00016070 ms
Total Distance 121: 0 5 0 4 0 0 5 4 5 5 4 4 0 5 0 0 0 4 3 5 5 0 0 5 4 4 4 0 4 4 4 0 5 0 0 0 0 5 4 5 5 4 0 0 6 0 0 0
Last Time Cost: 00000077 ms
Total Time Cost: 00016147 ms
Total Distance 120: 0 5 0 4 0 0 5 4 5 5 4 4 0 5 0 0 0 4 2 5 5 0 0 5 4 4 4 0 4 4 4 0 5 0 0 0 0 5 4 5 5 4 0 0 6 0 0 0
Last Time Cost: 00000001 ms
Total Time Cost: 00016148 ms
Total Distance 119: 0 5 0 4 0 0 5 4 5 5 4 4 0 5 0 0 0 4 1 5 5 0 0 5 4 4 4 0 4 4 4 0 5 0 0 0 0 5 4 5 5 4 0 0 6 0 0 0
Last Time Cost: 00000001 ms
Total Time Cost: 00016149 ms
Total Distance 118: 0 5 0 4 0 0 5 4 5 5 4 4 0 5 0 0 0 4 0 5 5 0 0 5 4 4 4 0 4 4 4 0 5 0 0 0 0 5 4 5 5 4 0 0 6 0 0 0
Last Time Cost: 00000082 ms
Total Time Cost: 00016231 ms
Total Distance 117: 0 5 0 4 0 0 5 4 5 5 4 4 0 5 0 0 0 4 0 5 5 0 0 5 4 4 4 0 4 4 3 0 5 0 0 0 0 5 4 5 5 4 0 0 6 0 0 0
Last Time Cost: 00000001 ms
Total Time Cost: 00016232 ms
Total Distance 116: 0 5 0 4 0 0 5 4 5 5 4 4 0 5 0 0 0 4 0 5 5 0 0 5 4 4 4 0 4 4 2 0 5 0 0 0 0 5 4 5 5 4 0 0 6 0 0 0
Last Time Cost: 00000001 ms
Total Time Cost: 00016233 ms
Total Distance 115: 0 5 0 4 0 0 5 4 5 5 4 4 0 5 0 0 0 4 0 5 5 0 0 5 4 4 4 0 4 4 1 0 5 0 0 0 0 5 4 5 5 4 0 0 6 0 0 0
Last Time Cost: 00000001 ms
Total Time Cost: 00016234 ms
Total Distance 114: 0 5 0 4 0 0 5 4 5 5 4 4 0 5 0 0 0 4 0 5 5 0 0 5 4 4 4 0 4 4 0 0 5 0 0 0 0 5 4 5 5 4 0 0 6 0 0 0
Last Time Cost: 00000092 ms
Total Time Cost: 00016326 ms
Total Distance 113: 0 5 0 4 0 0 5 4 5 5 4 4 0 5 0 0 0 4 0 5 5 0 0 5 4 4 4 0 4 4 0 0 5 0 0 0 0 5 4 5 5 3 0 0 6 0 0 0
Last Time Cost: 00000001 ms
Total Time Cost: 00016327 ms
Total Distance 112: 0 5 0 4 0 0 5 4 5 5 4 4 0 5 0 0 0 4 0 5 5 0 0 5 4 4 4 0 4 4 0 0 5 0 0 0 0 5 4 5 5 2 0 0 6 0 0 0
Last Time Cost: 00000001 ms
Total Time Cost: 00016328 ms
Total Distance 111: 0 5 0 4 0 0 5 4 5 5 4 4 0 5 0 0 0 4 0 5 5 0 0 5 4 4 4 0 4 4 0 0 5 0 0 0 0 5 4 5 5 1 0 0 6 0 0 0
Last Time Cost: 00000001 ms
Total Time Cost: 00016329 ms
Total Distance 110: 0 5 0 4 0 0 5 4 5 5 4 4 0 5 0 0 0 4 0 5 5 0 0 5 4 4 4 0 4 4 0 0 5 0 0 0 0 5 4 5 5 0 0 0 6 0 0 0
Last Time Cost: 00000099 ms
Total Time Cost: 00016428 ms
Total Distance 109: 0 5 0 4 0 0 5 3 5 5 4 4 0 5 0 0 0 4 0 5 5 0 0 5 4 4 4 0 4 4 0 0 5 0 0 0 0 5 4 5 5 0 0 0 6 0 0 0
Last Time Cost: 00000002 ms
Total Time Cost: 00016430 ms
Total Distance 108: 0 5 0 4 0 0 5 2 5 5 4 4 0 5 0 0 0 4 0 5 5 0 0 5 4 4 4 0 4 4 0 0 5 0 0 0 0 5 4 5 5 0 0 0 6 0 0 0
Last Time Cost: 00000002 ms
Total Time Cost: 00016432 ms
Total Distance 107: 0 5 0 4 0 0 5 1 5 5 4 4 0 5 0 0 0 4 0 5 5 0 0 5 4 4 4 0 4 4 0 0 5 0 0 0 0 5 4 5 5 0 0 0 6 0 0 0
Last Time Cost: 00000001 ms
Total Time Cost: 00016433 ms
Total Distance 106: 0 5 0 4 0 0 5 0 5 5 4 4 0 5 0 0 0 4 0 5 5 0 0 5 4 4 4 0 4 4 0 0 5 0 0 0 0 5 4 5 5 0 0 0 6 0 0 0
Last Time Cost: 00000104 ms
Total Time Cost: 00016537 ms
Total Distance 105: 0 5 0 4 0 0 5 0 5 5 4 4 0 5 0 0 0 4 0 5 5 0 0 5 3 4 4 0 4 4 0 0 5 0 0 0 0 5 4 5 5 0 0 0 6 0 0 0
Last Time Cost: 00000002 ms
Total Time Cost: 00016539 ms
Total Distance 104: 0 5 0 4 0 0 5 0 5 5 4 4 0 5 0 0 0 4 0 5 5 0 0 5 2 4 4 0 4 4 0 0 5 0 0 0 0 5 4 5 5 0 0 0 6 0 0 0
Last Time Cost: 00000002 ms
Total Time Cost: 00016541 ms
Total Distance 103: 0 5 0 4 0 0 5 0 5 5 4 4 0 5 0 0 0 4 0 5 5 0 0 5 1 4 4 0 4 4 0 0 5 0 0 0 0 5 4 5 5 0 0 0 6 0 0 0
Last Time Cost: 00000001 ms
Total Time Cost: 00016542 ms
Total Distance 102: 0 5 0 4 0 0 5 0 5 5 4 4 0 5 0 0 0 4 0 5 5 0 0 5 0 4 4 0 4 4 0 0 5 0 0 0 0 5 4 5 5 0 0 0 6 0 0 0
Last Time Cost: 00000115 ms
Total Time Cost: 00016657 ms
Total Distance 101: 0 5 0 3 0 0 5 0 5 5 4 4 0 5 0 0 0 4 0 5 5 0 0 5 0 4 4 0 4 4 0 0 5 0 0 0 0 5 4 5 5 0 0 0 6 0 0 0
Last Time Cost: 00000001 ms
Total Time Cost: 00016658 ms
Total Distance 100: 0 5 0 2 0 0 5 0 5 5 4 4 0 5 0 0 0 4 0 5 5 0 0 5 0 4 4 0 4 4 0 0 5 0 0 0 0 5 4 5 5 0 0 0 6 0 0 0
Last Time Cost: 00000001 ms
Total Time Cost: 00016659 ms
Total Distance 99: 0 5 0 1 0 0 5 0 5 5 4 4 0 5 0 0 0 4 0 5 5 0 0 5 0 4 4 0 4 4 0 0 5 0 0 0 0 5 4 5 5 0 0 0 6 0 0 0
Last Time Cost: 00000001 ms
Total Time Cost: 00016660 ms
Total Distance 98: 0 5 0 0 0 0 5 0 5 5 4 4 0 5 0 0 0 4 0 5 5 0 0 5 0 4 4 0 4 4 0 0 5 0 0 0 0 5 4 5 5 0 0 0 6 0 0 0
Last Time Cost: 00000128 ms
Total Time Cost: 00016788 ms
Total Distance 97: 0 5 0 0 0 0 5 0 5 5 4 4 0 5 0 0 0 4 0 5 5 0 0 5 0 4 4 0 3 4 0 0 5 0 0 0 0 5 4 5 5 0 0 0 6 0 0 0
Last Time Cost: 00000002 ms
Total Time Cost: 00016790 ms
Total Distance 96: 0 5 0 0 0 0 5 0 5 5 4 4 0 5 0 0 0 4 0 5 5 0 0 5 0 4 4 0 2 4 0 0 5 0 0 0 0 5 4 5 5 0 0 0 6 0 0 0
Last Time Cost: 00000001 ms
Total Time Cost: 00016791 ms
Total Distance 95: 0 5 0 0 0 0 5 0 5 5 4 4 0 5 0 0 0 4 0 5 5 0 0 5 0 4 4 0 1 4 0 0 5 0 0 0 0 5 4 5 5 0 0 0 6 0 0 0
Last Time Cost: 00000001 ms
Total Time Cost: 00016792 ms
Total Distance 94: 0 5 0 0 0 0 5 0 5 5 4 4 0 5 0 0 0 4 0 5 5 0 0 5 0 4 4 0 0 4 0 0 5 0 0 0 0 5 4 5 5 0 0 0 6 0 0 0
Last Time Cost: 00000137 ms
Total Time Cost: 00016929 ms
Total Distance 93: 0 5 0 0 0 0 5 0 5 5 3 4 0 5 0 0 0 4 0 5 5 0 0 5 0 4 4 0 0 4 0 0 5 0 0 0 0 5 4 5 5 0 0 0 6 0 0 0
Last Time Cost: 00000001 ms
Total Time Cost: 00016930 ms
Total Distance 92: 0 5 0 0 0 0 5 0 5 5 2 4 0 5 0 0 0 4 0 5 5 0 0 5 0 4 4 0 0 4 0 0 5 0 0 0 0 5 4 5 5 0 0 0 6 0 0 0
Last Time Cost: 00000001 ms
Total Time Cost: 00016931 ms
Total Distance 91: 0 5 0 0 0 0 5 0 5 5 1 4 0 5 0 0 0 4 0 5 5 0 0 5 0 4 4 0 0 4 0 0 5 0 0 0 0 5 4 5 5 0 0 0 6 0 0 0
Last Time Cost: 00000001 ms
Total Time Cost: 00016932 ms
Total Distance 90: 0 5 0 0 0 0 5 0 5 5 0 4 0 5 0 0 0 4 0 5 5 0 0 5 0 4 4 0 0 4 0 0 5 0 0 0 0 5 4 5 5 0 0 0 6 0 0 0
Last Time Cost: 00000147 ms
Total Time Cost: 00017079 ms
Total Distance 89: 0 5 0 0 0 0 5 0 5 5 0 4 0 5 0 0 0 3 0 5 5 0 0 5 0 4 4 0 0 4 0 0 5 0 0 0 0 5 4 5 5 0 0 0 6 0 0 0
Last Time Cost: 00000002 ms
Total Time Cost: 00017081 ms
Total Distance 88: 0 5 0 0 0 0 5 0 5 5 0 4 0 5 0 0 0 2 0 5 5 0 0 5 0 4 4 0 0 4 0 0 5 0 0 0 0 5 4 5 5 0 0 0 6 0 0 0
Last Time Cost: 00000002 ms
Total Time Cost: 00017083 ms
Total Distance 87: 0 5 0 0 0 0 5 0 5 5 0 4 0 5 0 0 0 1 0 5 5 0 0 5 0 4 4 0 0 4 0 0 5 0 0 0 0 5 4 5 5 0 0 0 6 0 0 0
Last Time Cost: 00000001 ms
Total Time Cost: 00017084 ms
Total Distance 86: 0 5 0 0 0 0 5 0 5 5 0 4 0 5 0 0 0 0 0 5 5 0 0 5 0 4 4 0 0 4 0 0 5 0 0 0 0 5 4 5 5 0 0 0 6 0 0 0
Last Time Cost: 00000159 ms
Total Time Cost: 00017243 ms
Total Distance 85: 0 5 0 0 0 0 5 0 5 5 0 3 0 5 0 0 0 0 0 5 5 0 0 5 0 4 4 0 0 4 0 0 5 0 0 0 0 5 4 5 5 0 0 0 6 0 0 0
Last Time Cost: 00000002 ms
Total Time Cost: 00017245 ms
Total Distance 84: 0 5 0 0 0 0 5 0 5 5 0 2 0 5 0 0 0 0 0 5 5 0 0 5 0 4 4 0 0 4 0 0 5 0 0 0 0 5 4 5 5 0 0 0 6 0 0 0
Last Time Cost: 00000002 ms
Total Time Cost: 00017247 ms
Total Distance 83: 0 5 0 0 0 0 5 0 5 5 0 1 0 5 0 0 0 0 0 5 5 0 0 5 0 4 4 0 0 4 0 0 5 0 0 0 0 5 4 5 5 0 0 0 6 0 0 0
Last Time Cost: 00000001 ms
Total Time Cost: 00017248 ms
Total Distance 82: 0 5 0 0 0 0 5 0 5 5 0 0 0 5 0 0 0 0 0 5 5 0 0 5 0 4 4 0 0 4 0 0 5 0 0 0 0 5 4 5 5 0 0 0 6 0 0 0
Last Time Cost: 00000170 ms
Total Time Cost: 00017418 ms
Total Distance 81: 0 5 0 0 0 0 5 0 5 5 0 0 0 5 0 0 0 0 0 5 5 0 0 5 0 4 3 0 0 4 0 0 5 0 0 0 0 5 4 5 5 0 0 0 6 0 0 0
Last Time Cost: 00000002 ms
Total Time Cost: 00017420 ms
Total Distance 80: 0 5 0 0 0 0 5 0 5 5 0 0 0 5 0 0 0 0 0 5 5 0 0 5 0 4 2 0 0 4 0 0 5 0 0 0 0 5 4 5 5 0 0 0 6 0 0 0
Last Time Cost: 00000002 ms
Total Time Cost: 00017422 ms
Total Distance 79: 0 5 0 0 0 0 5 0 5 5 0 0 0 5 0 0 0 0 0 5 5 0 0 5 0 4 1 0 0 4 0 0 5 0 0 0 0 5 4 5 5 0 0 0 6 0 0 0
Last Time Cost: 00000001 ms
Total Time Cost: 00017423 ms
Total Distance 78: 0 5 0 0 0 0 5 0 5 5 0 0 0 5 0 0 0 0 0 5 5 0 0 5 0 4 0 0 0 4 0 0 5 0 0 0 0 5 4 5 5 0 0 0 6 0 0 0
Last Time Cost: 00000188 ms
Total Time Cost: 00017611 ms
Total Distance 77: 0 5 0 0 0 0 5 0 5 5 0 0 0 5 0 0 0 0 0 5 5 0 0 5 0 3 0 0 0 4 0 0 5 0 0 0 0 5 4 5 5 0 0 0 6 0 0 0
Last Time Cost: 00000004 ms
Total Time Cost: 00017615 ms
Total Distance 76: 0 5 0 0 0 0 5 0 5 5 0 0 0 5 0 0 0 0 0 5 5 0 0 5 0 2 0 0 0 4 0 0 5 0 0 0 0 5 4 5 5 0 0 0 6 0 0 0
Last Time Cost: 00000002 ms
Total Time Cost: 00017617 ms
Total Distance 75: 0 5 0 0 0 0 5 0 5 5 0 0 0 5 0 0 0 0 0 5 5 0 0 5 0 1 0 0 0 4 0 0 5 0 0 0 0 5 4 5 5 0 0 0 6 0 0 0
Last Time Cost: 00000001 ms
Total Time Cost: 00017618 ms
Total Distance 74: 0 5 0 0 0 0 5 0 5 5 0 0 0 5 0 0 0 0 0 5 5 0 0 5 0 0 0 0 0 4 0 0 5 0 0 0 0 5 4 5 5 0 0 0 6 0 0 0
Last Time Cost: 00000203 ms
Total Time Cost: 00017821 ms
Total Distance 73: 0 5 0 0 0 0 5 0 5 5 0 0 0 5 0 0 0 0 0 5 5 0 0 5 0 0 0 0 0 3 0 0 5 0 0 0 0 5 4 5 5 0 0 0 6 0 0 0
Last Time Cost: 00000002 ms
Total Time Cost: 00017823 ms
Total Distance 72: 0 5 0 0 0 0 5 0 5 5 0 0 0 5 0 0 0 0 0 5 5 0 0 5 0 0 0 0 0 2 0 0 5 0 0 0 0 5 4 5 5 0 0 0 6 0 0 0
Last Time Cost: 00000002 ms
Total Time Cost: 00017825 ms
Total Distance 71: 0 5 0 0 0 0 5 0 5 5 0 0 0 5 0 0 0 0 0 5 5 0 0 5 0 0 0 0 0 1 0 0 5 0 0 0 0 5 4 5 5 0 0 0 6 0 0 0
Last Time Cost: 00000001 ms
Total Time Cost: 00017826 ms
Total Distance 70: 0 5 0 0 0 0 5 0 5 5 0 0 0 5 0 0 0 0 0 5 5 0 0 5 0 0 0 0 0 0 0 0 5 0 0 0 0 5 4 5 5 0 0 0 6 0 0 0
Last Time Cost: 00000215 ms
Total Time Cost: 00018041 ms
Total Distance 69: 0 5 0 0 0 0 5 0 5 5 0 0 0 5 0 0 0 0 0 5 5 0 0 5 0 0 0 0 0 0 0 0 5 0 0 0 0 5 3 5 5 0 0 0 6 0 0 0
Last Time Cost: 00000002 ms
Total Time Cost: 00018043 ms
Total Distance 68: 0 5 0 0 0 0 5 0 5 5 0 0 0 5 0 0 0 0 0 5 5 0 0 5 0 0 0 0 0 0 0 0 5 0 0 0 0 5 2 5 5 0 0 0 6 0 0 0
Last Time Cost: 00000002 ms
Total Time Cost: 00018045 ms
Total Distance 67: 0 5 0 0 0 0 5 0 5 5 0 0 0 5 0 0 0 0 0 5 5 0 0 5 0 0 0 0 0 0 0 0 5 0 0 0 0 5 1 5 5 0 0 0 6 0 0 0
Last Time Cost: 00000002 ms
Total Time Cost: 00018047 ms
Total Distance 66: 0 5 0 0 0 0 5 0 5 5 0 0 0 5 0 0 0 0 0 5 5 0 0 5 0 0 0 0 0 0 0 0 5 0 0 0 0 5 0 5 5 0 0 0 6 0 0 0
Last Time Cost: 00000231 ms
Total Time Cost: 00018278 ms
Total Distance 65: 0 5 0 0 0 0 5 0 4 5 0 0 0 5 0 0 0 0 0 5 5 0 0 5 0 0 0 0 0 0 0 0 5 0 0 0 0 5 0 5 5 0 0 0 6 0 0 0
Last Time Cost: 00000002 ms
Total Time Cost: 00018280 ms
Total Distance 64: 0 5 0 0 0 0 5 0 3 5 0 0 0 5 0 0 0 0 0 5 5 0 0 5 0 0 0 0 0 0 0 0 5 0 0 0 0 5 0 5 5 0 0 0 6 0 0 0
Last Time Cost: 00000002 ms
Total Time Cost: 00018282 ms
Total Distance 63: 0 5 0 0 0 0 5 0 2 5 0 0 0 5 0 0 0 0 0 5 5 0 0 5 0 0 0 0 0 0 0 0 5 0 0 0 0 5 0 5 5 0 0 0 6 0 0 0
Last Time Cost: 00000002 ms
Total Time Cost: 00018284 ms
Total Distance 62: 0 5 0 0 0 0 5 0 1 5 0 0 0 5 0 0 0 0 0 5 5 0 0 5 0 0 0 0 0 0 0 0 5 0 0 0 0 5 0 5 5 0 0 0 6 0 0 0
Last Time Cost: 00000002 ms
Total Time Cost: 00018286 ms
Total Distance 61: 0 5 0 0 0 0 5 0 0 5 0 0 0 5 0 0 0 0 0 5 5 0 0 5 0 0 0 0 0 0 0 0 5 0 0 0 0 5 0 5 5 0 0 0 6 0 0 0
Last Time Cost: 00000236 ms
Total Time Cost: 00018522 ms
Total Distance 60: 0 5 0 0 0 0 5 0 0 5 0 0 0 5 0 0 0 0 0 5 5 0 0 4 0 0 0 0 0 0 0 0 5 0 0 0 0 5 0 5 5 0 0 0 6 0 0 0
Last Time Cost: 00000002 ms
Total Time Cost: 00018524 ms
Total Distance 59: 0 5 0 0 0 0 5 0 0 5 0 0 0 5 0 0 0 0 0 5 5 0 0 3 0 0 0 0 0 0 0 0 5 0 0 0 0 5 0 5 5 0 0 0 6 0 0 0
Last Time Cost: 00000002 ms
Total Time Cost: 00018526 ms
Total Distance 58: 0 5 0 0 0 0 5 0 0 5 0 0 0 5 0 0 0 0 0 5 5 0 0 2 0 0 0 0 0 0 0 0 5 0 0 0 0 5 0 5 5 0 0 0 6 0 0 0
Last Time Cost: 00000002 ms
Total Time Cost: 00018528 ms
Total Distance 57: 0 5 0 0 0 0 5 0 0 5 0 0 0 5 0 0 0 0 0 5 5 0 0 1 0 0 0 0 0 0 0 0 5 0 0 0 0 5 0 5 5 0 0 0 6 0 0 0
Last Time Cost: 00000002 ms
Total Time Cost: 00018530 ms
Total Distance 56: 0 5 0 0 0 0 5 0 0 5 0 0 0 5 0 0 0 0 0 5 5 0 0 0 0 0 0 0 0 0 0 0 5 0 0 0 0 5 0 5 5 0 0 0 6 0 0 0
Last Time Cost: 00000234 ms
Total Time Cost: 00018764 ms
Total Distance 55: 0 5 0 0 0 0 5 0 0 5 0 0 0 4 0 0 0 0 0 5 5 0 0 0 0 0 0 0 0 0 0 0 5 0 0 0 0 5 0 5 5 0 0 0 6 0 0 0
Last Time Cost: 00000002 ms
Total Time Cost: 00018766 ms
Total Distance 54: 0 5 0 0 0 0 5 0 0 5 0 0 0 3 0 0 0 0 0 5 5 0 0 0 0 0 0 0 0 0 0 0 5 0 0 0 0 5 0 5 5 0 0 0 6 0 0 0
Last Time Cost: 00000002 ms
Total Time Cost: 00018768 ms
Total Distance 53: 0 5 0 0 0 0 5 0 0 5 0 0 0 2 0 0 0 0 0 5 5 0 0 0 0 0 0 0 0 0 0 0 5 0 0 0 0 5 0 5 5 0 0 0 6 0 0 0
Last Time Cost: 00000002 ms
Total Time Cost: 00018770 ms
Total Distance 52: 0 5 0 0 0 0 5 0 0 5 0 0 0 1 0 0 0 0 0 5 5 0 0 0 0 0 0 0 0 0 0 0 5 0 0 0 0 5 0 5 5 0 0 0 6 0 0 0
Last Time Cost: 00000002 ms
Total Time Cost: 00018772 ms
Total Distance 51: 0 5 0 0 0 0 5 0 0 5 0 0 0 0 0 0 0 0 0 5 5 0 0 0 0 0 0 0 0 0 0 0 5 0 0 0 0 5 0 5 5 0 0 0 6 0 0 0
Last Time Cost: 00000261 ms
Total Time Cost: 00019033 ms
Total Distance 50: 0 5 0 0 0 0 5 0 0 5 0 0 0 0 0 0 0 0 0 5 4 0 0 0 0 0 0 0 0 0 0 0 5 0 0 0 0 5 0 5 5 0 0 0 6 0 0 0
Last Time Cost: 00000002 ms
Total Time Cost: 00019035 ms
Total Distance 49: 0 5 0 0 0 0 5 0 0 5 0 0 0 0 0 0 0 0 0 5 3 0 0 0 0 0 0 0 0 0 0 0 5 0 0 0 0 5 0 5 5 0 0 0 6 0 0 0
Last Time Cost: 00000002 ms
Total Time Cost: 00019037 ms
Total Distance 48: 0 5 0 0 0 0 5 0 0 5 0 0 0 0 0 0 0 0 0 5 2 0 0 0 0 0 0 0 0 0 0 0 5 0 0 0 0 5 0 5 5 0 0 0 6 0 0 0
Last Time Cost: 00000002 ms
Total Time Cost: 00019039 ms
Total Distance 47: 0 5 0 0 0 0 5 0 0 5 0 0 0 0 0 0 0 0 0 5 1 0 0 0 0 0 0 0 0 0 0 0 5 0 0 0 0 5 0 5 5 0 0 0 6 0 0 0
Last Time Cost: 00000002 ms
Total Time Cost: 00019041 ms
Total Distance 46: 0 5 0 0 0 0 5 0 0 5 0 0 0 0 0 0 0 0 0 5 0 0 0 0 0 0 0 0 0 0 0 0 5 0 0 0 0 5 0 5 5 0 0 0 6 0 0 0
Last Time Cost: 00000242 ms
Total Time Cost: 00019283 ms
Total Distance 45: 0 5 0 0 0 0 5 0 0 5 0 0 0 0 0 0 0 0 0 5 0 0 0 0 0 0 0 0 0 0 0 0 5 0 0 0 0 5 0 5 4 0 0 0 6 0 0 0
Last Time Cost: 00000002 ms
Total Time Cost: 00019285 ms
Total Distance 44: 0 5 0 0 0 0 5 0 0 5 0 0 0 0 0 0 0 0 0 5 0 0 0 0 0 0 0 0 0 0 0 0 5 0 0 0 0 5 0 5 3 0 0 0 6 0 0 0
Last Time Cost: 00000002 ms
Total Time Cost: 00019287 ms
Total Distance 43: 0 5 0 0 0 0 5 0 0 5 0 0 0 0 0 0 0 0 0 5 0 0 0 0 0 0 0 0 0 0 0 0 5 0 0 0 0 5 0 5 2 0 0 0 6 0 0 0
Last Time Cost: 00000002 ms
Total Time Cost: 00019289 ms
Total Distance 42: 0 5 0 0 0 0 5 0 0 5 0 0 0 0 0 0 0 0 0 5 0 0 0 0 0 0 0 0 0 0 0 0 5 0 0 0 0 5 0 5 1 0 0 0 6 0 0 0
Last Time Cost: 00000002 ms
Total Time Cost: 00019291 ms
Total Distance 41: 0 5 0 0 0 0 5 0 0 5 0 0 0 0 0 0 0 0 0 5 0 0 0 0 0 0 0 0 0 0 0 0 5 0 0 0 0 5 0 5 0 0 0 0 6 0 0 0
Last Time Cost: 00000237 ms
Total Time Cost: 00019528 ms
Total Distance 40: 0 4 0 0 0 0 5 0 0 5 0 0 0 0 0 0 0 0 0 5 0 0 0 0 0 0 0 0 0 0 0 0 5 0 0 0 0 5 0 5 0 0 0 0 6 0 0 0
Last Time Cost: 00000002 ms
Total Time Cost: 00019530 ms
Total Distance 39: 0 3 0 0 0 0 5 0 0 5 0 0 0 0 0 0 0 0 0 5 0 0 0 0 0 0 0 0 0 0 0 0 5 0 0 0 0 5 0 5 0 0 0 0 6 0 0 0
Last Time Cost: 00000002 ms
Total Time Cost: 00019532 ms
Total Distance 38: 0 2 0 0 0 0 5 0 0 5 0 0 0 0 0 0 0 0 0 5 0 0 0 0 0 0 0 0 0 0 0 0 5 0 0 0 0 5 0 5 0 0 0 0 6 0 0 0
Last Time Cost: 00000002 ms
Total Time Cost: 00019534 ms
Total Distance 37: 0 1 0 0 0 0 5 0 0 5 0 0 0 0 0 0 0 0 0 5 0 0 0 0 0 0 0 0 0 0 0 0 5 0 0 0 0 5 0 5 0 0 0 0 6 0 0 0
Last Time Cost: 00000002 ms
Total Time Cost: 00019536 ms
Total Distance 36: 0 0 0 0 0 0 5 0 0 5 0 0 0 0 0 0 0 0 0 5 0 0 0 0 0 0 0 0 0 0 0 0 5 0 0 0 0 5 0 5 0 0 0 0 6 0 0 0
Last Time Cost: 00000232 ms
Total Time Cost: 00019768 ms
Total Distance 35: 0 0 0 0 0 0 4 0 0 5 0 0 0 0 0 0 0 0 0 5 0 0 0 0 0 0 0 0 0 0 0 0 5 0 0 0 0 5 0 5 0 0 0 0 6 0 0 0
Last Time Cost: 00000002 ms
Total Time Cost: 00019770 ms
Total Distance 34: 0 0 0 0 0 0 3 0 0 5 0 0 0 0 0 0 0 0 0 5 0 0 0 0 0 0 0 0 0 0 0 0 5 0 0 0 0 5 0 5 0 0 0 0 6 0 0 0
Last Time Cost: 00000002 ms
Total Time Cost: 00019772 ms
Total Distance 33: 0 0 0 0 0 0 2 0 0 5 0 0 0 0 0 0 0 0 0 5 0 0 0 0 0 0 0 0 0 0 0 0 5 0 0 0 0 5 0 5 0 0 0 0 6 0 0 0
Last Time Cost: 00000002 ms
Total Time Cost: 00019774 ms
Total Distance 32: 0 0 0 0 0 0 1 0 0 5 0 0 0 0 0 0 0 0 0 5 0 0 0 0 0 0 0 0 0 0 0 0 5 0 0 0 0 5 0 5 0 0 0 0 6 0 0 0
Last Time Cost: 00000002 ms
Total Time Cost: 00019776 ms
Total Distance 31: 0 0 0 0 0 0 0 0 0 5 0 0 0 0 0 0 0 0 0 5 0 0 0 0 0 0 0 0 0 0 0 0 5 0 0 0 0 5 0 5 0 0 0 0 6 0 0 0
Last Time Cost: 00000230 ms
Total Time Cost: 00020006 ms
Total Distance 30: 0 0 0 0 0 0 0 0 0 5 0 0 0 0 0 0 0 0 0 5 0 0 0 0 0 0 0 0 0 0 0 0 5 0 0 0 0 4 0 5 0 0 0 0 6 0 0 0
Last Time Cost: 00000002 ms
Total Time Cost: 00020008 ms
Total Distance 29: 0 0 0 0 0 0 0 0 0 5 0 0 0 0 0 0 0 0 0 5 0 0 0 0 0 0 0 0 0 0 0 0 5 0 0 0 0 3 0 5 0 0 0 0 6 0 0 0
Last Time Cost: 00000002 ms
Total Time Cost: 00020010 ms
Total Distance 28: 0 0 0 0 0 0 0 0 0 5 0 0 0 0 0 0 0 0 0 5 0 0 0 0 0 0 0 0 0 0 0 0 5 0 0 0 0 2 0 5 0 0 0 0 6 0 0 0
Last Time Cost: 00000002 ms
Total Time Cost: 00020012 ms
Total Distance 27: 0 0 0 0 0 0 0 0 0 5 0 0 0 0 0 0 0 0 0 5 0 0 0 0 0 0 0 0 0 0 0 0 5 0 0 0 0 1 0 5 0 0 0 0 6 0 0 0
Last Time Cost: 00000002 ms
Total Time Cost: 00020014 ms
Total Distance 26: 0 0 0 0 0 0 0 0 0 5 0 0 0 0 0 0 0 0 0 5 0 0 0 0 0 0 0 0 0 0 0 0 5 0 0 0 0 0 0 5 0 0 0 0 6 0 0 0
Last Time Cost: 00000216 ms
Total Time Cost: 00020230 ms
Total Distance 25: 0 0 0 0 0 0 0 0 0 4 0 0 0 0 0 0 0 0 0 5 0 0 0 0 0 0 0 0 0 0 0 0 5 0 0 0 0 0 0 5 0 0 0 0 6 0 0 0
Last Time Cost: 00000003 ms
Total Time Cost: 00020233 ms
Total Distance 24: 0 0 0 0 0 0 0 0 0 3 0 0 0 0 0 0 0 0 0 5 0 0 0 0 0 0 0 0 0 0 0 0 5 0 0 0 0 0 0 5 0 0 0 0 6 0 0 0
Last Time Cost: 00000002 ms
Total Time Cost: 00020235 ms
Total Distance 23: 0 0 0 0 0 0 0 0 0 2 0 0 0 0 0 0 0 0 0 5 0 0 0 0 0 0 0 0 0 0 0 0 5 0 0 0 0 0 0 5 0 0 0 0 6 0 0 0
Last Time Cost: 00000002 ms
Total Time Cost: 00020237 ms
Total Distance 22: 0 0 0 0 0 0 0 0 0 1 0 0 0 0 0 0 0 0 0 5 0 0 0 0 0 0 0 0 0 0 0 0 5 0 0 0 0 0 0 5 0 0 0 0 6 0 0 0
Last Time Cost: 00000002 ms
Total Time Cost: 00020239 ms
Total Distance 21: 0 0 0 0 0 0 0 0 0 0 0 0 0 0 0 0 0 0 0 5 0 0 0 0 0 0 0 0 0 0 0 0 5 0 0 0 0 0 0 5 0 0 0 0 6 0 0 0
Last Time Cost: 00000202 ms
Total Time Cost: 00020441 ms
Total Distance 20: 0 0 0 0 0 0 0 0 0 0 0 0 0 0 0 0 0 0 0 5 0 0 0 0 0 0 0 0 0 0 0 0 5 0 0 0 0 0 0 4 0 0 0 0 6 0 0 0
Last Time Cost: 00000003 ms
Total Time Cost: 00020444 ms
Total Distance 19: 0 0 0 0 0 0 0 0 0 0 0 0 0 0 0 0 0 0 0 5 0 0 0 0 0 0 0 0 0 0 0 0 5 0 0 0 0 0 0 3 0 0 0 0 6 0 0 0
Last Time Cost: 00000003 ms
Total Time Cost: 00020447 ms
Total Distance 18: 0 0 0 0 0 0 0 0 0 0 0 0 0 0 0 0 0 0 0 5 0 0 0 0 0 0 0 0 0 0 0 0 5 0 0 0 0 0 0 2 0 0 0 0 6 0 0 0
Last Time Cost: 00000002 ms
Total Time Cost: 00020449 ms
Total Distance 17: 0 0 0 0 0 0 0 0 0 0 0 0 0 0 0 0 0 0 0 5 0 0 0 0 0 0 0 0 0 0 0 0 5 0 0 0 0 0 0 1 0 0 0 0 6 0 0 0
Last Time Cost: 00000002 ms
Total Time Cost: 00020451 ms
Total Distance 16: 0 0 0 0 0 0 0 0 0 0 0 0 0 0 0 0 0 0 0 5 0 0 0 0 0 0 0 0 0 0 0 0 5 0 0 0 0 0 0 0 0 0 0 0 6 0 0 0
Last Time Cost: 00000195 ms
Total Time Cost: 00020646 ms
Total Distance 15: 0 0 0 0 0 0 0 0 0 0 0 0 0 0 0 0 0 0 0 5 0 0 0 0 0 0 0 0 0 0 0 0 4 0 0 0 0 0 0 0 0 0 0 0 6 0 0 0
Last Time Cost: 00000003 ms
Total Time Cost: 00020649 ms
Total Distance 14: 0 0 0 0 0 0 0 0 0 0 0 0 0 0 0 0 0 0 0 5 0 0 0 0 0 0 0 0 0 0 0 0 3 0 0 0 0 0 0 0 0 0 0 0 6 0 0 0
Last Time Cost: 00000003 ms
Total Time Cost: 00020652 ms
Total Distance 13: 0 0 0 0 0 0 0 0 0 0 0 0 0 0 0 0 0 0 0 5 0 0 0 0 0 0 0 0 0 0 0 0 2 0 0 0 0 0 0 0 0 0 0 0 6 0 0 0
Last Time Cost: 00000002 ms
Total Time Cost: 00020654 ms
Total Distance 12: 0 0 0 0 0 0 0 0 0 0 0 0 0 0 0 0 0 0 0 5 0 0 0 0 0 0 0 0 0 0 0 0 1 0 0 0 0 0 0 0 0 0 0 0 6 0 0 0
Last Time Cost: 00000002 ms
Total Time Cost: 00020656 ms
Total Distance 11: 0 0 0 0 0 0 0 0 0 0 0 0 0 0 0 0 0 0 0 5 0 0 0 0 0 0 0 0 0 0 0 0 0 0 0 0 0 0 0 0 0 0 0 0 6 0 0 0
Last Time Cost: 00000170 ms
Total Time Cost: 00020826 ms
Total Distance 10: 0 0 0 0 0 0 0 0 0 0 0 0 0 0 0 0 0 0 0 4 0 0 0 0 0 0 0 0 0 0 0 0 0 0 0 0 0 0 0 0 0 0 0 0 6 0 0 0
Last Time Cost: 00000003 ms
Total Time Cost: 00020829 ms
Total Distance 9: 0 0 0 0 0 0 0 0 0 0 0 0 0 0 0 0 0 0 0 3 0 0 0 0 0 0 0 0 0 0 0 0 0 0 0 0 0 0 0 0 0 0 0 0 6 0 0 0
Last Time Cost: 00000003 ms
Total Time Cost: 00020832 ms
Total Distance 8: 0 0 0 0 0 0 0 0 0 0 0 0 0 0 0 0 0 0 0 2 0 0 0 0 0 0 0 0 0 0 0 0 0 0 0 0 0 0 0 0 0 0 0 0 6 0 0 0
Last Time Cost: 00000003 ms
Total Time Cost: 00020835 ms
Total Distance 7: 0 0 0 0 0 0 0 0 0 0 0 0 0 0 0 0 0 0 0 1 0 0 0 0 0 0 0 0 0 0 0 0 0 0 0 0 0 0 0 0 0 0 0 0 6 0 0 0
Last Time Cost: 00000003 ms
Total Time Cost: 00020838 ms
Total Distance 6: 0 0 0 0 0 0 0 0 0 0 0 0 0 0 0 0 0 0 0 0 0 0 0 0 0 0 0 0 0 0 0 0 0 0 0 0 0 0 0 0 0 0 0 0 6 0 0 0
Last Time Cost: 00000146 ms
Total Time Cost: 00020984 ms
Total Distance 5: 0 0 0 0 0 0 0 0 0 0 0 0 0 0 0 0 0 0 0 0 0 0 0 0 0 0 0 0 0 0 0 0 0 0 0 0 0 0 0 0 0 0 0 0 5 0 0 0
Last Time Cost: 00000038 ms
Total Time Cost: 00021022 ms
Total Distance 4: 0 0 0 0 0 0 0 0 0 0 0 0 0 0 0 0 0 0 0 0 0 0 0 0 0 0 0 0 0 0 0 0 0 0 0 0 0 0 0 0 0 0 0 0 4 0 0 0
Last Time Cost: 00000001 ms
Total Time Cost: 00021023 ms
Total Distance 3: 0 0 0 0 0 0 0 0 0 0 0 0 0 0 0 0 0 0 0 0 0 0 0 0 0 0 0 0 0 0 0 0 0 0 0 0 0 0 0 0 0 0 0 0 3 0 0 0
Last Time Cost: 00000000 ms
Total Time Cost: 00021023 ms
Total Distance 2: 0 0 0 0 0 0 0 0 0 0 0 0 0 0 0 0 0 0 0 0 0 0 0 0 0 0 0 0 0 0 0 0 0 0 0 0 0 0 0 0 0 0 0 0 2 0 0 0
Last Time Cost: 00000000 ms
Total Time Cost: 00021023 ms
Total Distance 1: 0 0 0 0 0 0 0 0 0 0 0 0 0 0 0 0 0 0 0 0 0 0 0 0 0 0 0 0 0 0 0 0 0 0 0 0 0 0 0 0 0 0 0 0 1 0 0 0
Last Time Cost: 00000000 ms
Total Time Cost: 00021023 ms
Total Distance 0: 0 0 0 0 0 0 0 0 0 0 0 0 0 0 0 0 0 0 0 0 0 0 0 0 0 0 0 0 0 0 0 0 0 0 0 0 0 0 0 0 0 0 0 0 0 0 0 0
