Last Time Cost: 00000000 ms
Total Time Cost: 00000000 ms
Total Distance 572: 12 12 12 12 12 12 12 12 12 12 12 12 12 10 10 10 10 10 10 10 10 10 10 10 10 10 11 11 11 11 11 11 11 11 11 11 11 11 11 11 11 11 11 11 11 11 11 11 11 11 11 11
Last Time Cost: 00003504 ms
Total Time Cost: 00003504 ms
Total Distance 564: 11 12 12 12 11 12 12 12 12 12 12 12 12 10 10 10 10 10 10 10 10 10 10 10 10 10 10 11 11 11 11 11 11 10 10 10 11 11 10 11 11 11 11 11 11 11 11 11 11 11 10 11
Last Time Cost: 00003500 ms
Total Time Cost: 00007004 ms
Total Distance 556: 11 12 11 12 11 12 12 11 12 12 11 12 12 10 10 10 10 10 10 10 10 10 10 10 9 10 9 11 11 11 11 11 11 10 10 10 10 10 10 11 11 11 11 11 11 10 11 11 11 11 10 11
Last Time Cost: 00003670 ms
Total Time Cost: 00010674 ms
Total Distance 549: 11 12 11 12 11 12 12 10 12 12 11 12 12 10 10 9 10 10 10 9 10 10 10 9 9 10 9 11 11 11 11 11 11 10 9 10 10 10 10 11 11 11 11 10 11 9 11 11 11 11 10 11
Last Time Cost: 00003981 ms
Total Time Cost: 00014655 ms
Total Distance 542: 11 12 11 12 10 12 12 10 12 12 11 12 12 10 9 9 9 10 10 9 10 10 10 9 9 10 9 11 11 11 11 11 10 10 8 10 10 10 10 11 11 10 11 10 11 9 11 11 11 11 10 10
Last Time Cost: 00004034 ms
Total Time Cost: 00018689 ms
Total Distance 535: 11 12 11 12 10 12 12 10 12 12 11 12 12 9 9 9 8 10 10 9 10 10 9 9 9 10 9 10 11 11 11 11 10 10 8 9 10 10 10 11 11 10 10 10 11 9 10 11 11 11 10 10
Last Time Cost: 00004168 ms
Total Time Cost: 00022857 ms
Total Distance 528: 11 12 11 11 10 12 12 10 12 12 11 12 12 9 9 9 8 10 9 9 9 10 9 8 9 10 9 10 11 11 11 11 10 9 8 9 10 10 10 11 11 10 10 10 11 9 9 10 11 11 10 10
Last Time Cost: 00004582 ms
Total Time Cost: 00027439 ms
Total Distance 521: 11 12 11 11 10 12 12 10 12 12 10 11 12 9 8 8 8 10 9 9 9 10 9 8 9 10 9 10 11 11 11 10 10 9 8 9 10 10 10 11 11 10 10 10 10 9 9 9 11 11 10 10
Last Time Cost: 00004554 ms
Total Time Cost: 00031993 ms
Total Distance 514: 11 11 11 11 9 12 12 10 11 12 10 11 12 9 7 8 8 10 9 9 9 10 9 8 9 10 9 10 11 11 10 10 10 9 8 9 10 9 10 11 11 10 10 10 10 8 9 9 11 11 10 10
Last Time Cost: 00004873 ms
Total Time Cost: 00036866 ms
Total Distance 507: 11 11 11 10 9 12 12 10 11 12 10 11 11 9 7 8 8 10 9 9 9 10 9 8 9 10 9 10 11 10 10 10 10 9 8 9 10 9 9 10 11 9 10 10 10 8 8 9 11 11 10 10
Last Time Cost: 00004686 ms
Total Time Cost: 00041552 ms
Total Distance 501: 11 11 11 10 9 12 12 10 10 11 10 11 10 9 7 8 8 10 9 9 9 10 9 8 9 10 9 10 11 10 10 9 10 9 8 9 10 9 9 10 11 9 10 10 10 8 8 9 10 11 9 10
Last Time Cost: 00004464 ms
Total Time Cost: 00046016 ms
Total Distance 496: 10 11 11 10 8 12 12 10 10 11 10 11 10 9 7 8 8 10 9 9 9 10 9 8 9 10 8 10 11 10 10 9 10 8 8 8 10 9 9 10 11 9 10 10 10 8 8 9 10 11 9 10
Last Time Cost: 00004604 ms
Total Time Cost: 00050620 ms
Total Distance 491: 10 11 11 10 8 12 12 10 10 11 10 11 10 9 7 8 8 10 9 9 9 9 9 8 9 9 8 10 11 10 10 9 10 7 8 8 10 9 9 10 11 9 10 10 9 8 8 9 10 11 8 10
Last Time Cost: 00005158 ms
Total Time Cost: 00055778 ms
Total Distance 486: 10 11 11 10 8 12 12 10 10 11 10 11 10 9 7 7 8 10 9 8 9 9 9 7 9 9 8 10 11 10 10 9 10 7 8 8 10 9 9 10 11 9 10 10 9 7 8 9 9 11 8 10
Last Time Cost: 00005744 ms
Total Time Cost: 00061522 ms
Total Distance 481: 10 11 11 10 8 11 12 10 10 11 10 11 10 9 7 6 8 10 8 8 9 9 9 7 9 9 7 10 11 10 10 9 10 7 8 8 10 9 9 10 10 9 10 10 9 7 8 9 9 11 8 10
Last Time Cost: 00005446 ms
Total Time Cost: 00066968 ms
Total Distance 476: 10 11 11 10 8 11 12 10 10 11 10 11 9 9 7 6 8 10 8 8 9 9 9 7 9 9 7 10 11 9 10 9 10 7 8 8 10 9 8 9 10 8 10 10 9 7 8 9 9 11 8 10
Last Time Cost: 00005963 ms
Total Time Cost: 00072931 ms
Total Distance 471: 10 11 11 10 8 11 12 9 10 11 10 11 8 9 7 6 8 10 8 8 9 8 9 7 9 9 7 10 10 9 10 9 10 7 8 8 10 9 8 8 10 8 10 10 9 7 8 9 9 11 8 10
Last Time Cost: 00005928 ms
Total Time Cost: 00078859 ms
Total Distance 466: 10 11 11 10 8 11 12 9 10 11 10 11 8 9 7 6 8 9 8 8 9 8 9 7 8 8 7 9 10 9 10 9 10 7 8 8 10 9 8 8 9 8 10 10 9 7 8 9 9 11 8 10
Last Time Cost: 00006522 ms
Total Time Cost: 00085381 ms
Total Distance 461: 10 10 11 10 8 11 12 9 10 11 10 11 8 9 7 6 8 9 8 8 9 8 9 7 8 8 7 9 10 9 10 9 10 7 8 8 10 9 8 8 9 7 9 10 9 7 8 9 8 11 8 9
Last Time Cost: 00006518 ms
Total Time Cost: 00091899 ms
Total Distance 456: 10 10 11 10 8 11 11 9 9 10 10 10 8 9 7 6 8 9 8 8 9 8 9 7 8 8 7 9 10 9 10 9 10 7 8 8 10 9 8 8 8 7 9 10 9 7 8 9 8 11 8 9
Last Time Cost: 00005361 ms
Total Time Cost: 00097260 ms
Total Distance 452: 10 10 11 10 8 11 11 9 9 10 10 10 8 9 7 6 8 9 8 8 9 7 9 7 7 8 7 9 10 9 10 9 10 7 8 8 10 9 8 8 8 7 9 10 9 7 7 9 8 11 8 8
Last Time Cost: 00005949 ms
Total Time Cost: 00103209 ms
Total Distance 448: 10 10 11 10 8 11 11 9 9 10 10 10 8 9 7 6 8 9 8 8 9 7 9 7 7 7 7 9 10 9 10 9 10 7 8 8 10 9 8 8 8 7 9 10 8 7 7 9 7 11 7 8
Last Time Cost: 00006629 ms
Total Time Cost: 00109838 ms
Total Distance 444: 10 10 11 10 8 10 11 9 9 10 10 10 8 9 7 6 8 8 8 8 9 7 9 7 6 6 7 9 10 9 10 9 10 7 8 8 10 9 8 8 8 7 9 10 8 7 7 9 7 11 7 8
Last Time Cost: 00005383 ms
Total Time Cost: 00115221 ms
Total Distance 440: 10 10 11 10 8 10 11 9 9 10 10 10 8 9 7 6 8 7 8 8 9 7 9 7 6 6 7 9 10 9 10 9 10 7 8 8 10 8 7 8 8 7 9 10 7 7 7 9 7 11 7 8
Last Time Cost: 00005876 ms
Total Time Cost: 00121097 ms
Total Distance 435: 10 10 11 9 8 10 11 9 8 10 10 10 8 9 7 6 8 7 8 7 9 7 8 7 6 6 7 9 10 8 10 9 10 7 8 8 10 8 7 8 8 7 9 10 7 7 7 9 7 11 7 8
Last Time Cost: 00006313 ms
Total Time Cost: 00127410 ms
Total Distance 431: 10 10 11 8 8 10 11 9 8 9 10 10 8 9 7 6 8 7 7 7 9 7 8 7 5 6 7 9 10 8 10 9 10 7 8 8 10 8 7 8 8 7 9 10 7 7 7 9 7 11 7 8
Last Time Cost: 00006790 ms
Total Time Cost: 00134200 ms
Total Distance 427: 10 10 11 8 8 10 11 9 8 9 10 10 8 9 7 6 8 7 6 7 9 7 8 7 5 6 7 8 10 8 10 9 10 7 8 8 10 7 7 8 8 7 9 10 7 7 7 8 7 11 7 8
Last Time Cost: 00007223 ms
Total Time Cost: 00141423 ms
Total Distance 423: 10 10 11 8 8 10 10 9 8 9 10 10 8 9 7 6 8 7 6 6 9 7 8 7 5 6 6 8 10 8 10 9 10 7 8 8 10 7 7 8 7 7 9 10 7 7 7 8 7 11 7 8
Last Time Cost: 00006118 ms
Total Time Cost: 00147541 ms
Total Distance 419: 10 10 11 8 8 10 10 9 8 9 10 10 8 9 7 6 8 7 6 6 9 7 8 7 5 6 6 7 10 8 10 9 9 7 8 8 10 7 7 7 7 6 9 10 7 7 7 8 7 11 7 8
Last Time Cost: 00006691 ms
Total Time Cost: 00154232 ms
Total Distance 415: 9 10 11 8 8 10 10 9 8 8 10 10 8 9 7 6 8 7 6 6 9 7 8 6 5 6 6 7 10 8 10 9 9 7 8 8 10 7 7 6 7 6 9 10 7 7 7 8 7 11 7 8
Last Time Cost: 00007115 ms
Total Time Cost: 00161347 ms
Total Distance 411: 9 9 11 7 8 10 10 9 8 8 10 10 8 8 7 6 8 7 6 6 9 7 8 6 5 6 6 7 10 8 10 9 9 7 8 8 10 7 7 6 7 6 9 10 6 7 7 8 7 11 7 8
Last Time Cost: 00007641 ms
Total Time Cost: 00168988 ms
Total Distance 407: 8 9 11 7 8 10 10 9 8 8 10 10 8 8 7 6 8 7 6 6 9 7 8 6 5 6 6 7 10 8 10 9 9 7 8 8 10 7 7 6 7 6 9 9 6 6 7 7 7 11 7 8
Last Time Cost: 00008106 ms
Total Time Cost: 00177094 ms
Total Distance 403: 8 9 11 7 8 10 10 9 8 8 10 10 8 8 7 6 8 6 6 6 9 7 8 6 5 6 6 7 10 8 9 9 9 7 8 8 10 7 7 6 7 6 8 9 6 6 7 7 7 10 7 8
Last Time Cost: 00005797 ms
Total Time Cost: 00182891 ms
Total Distance 400: 8 9 11 7 8 10 10 9 8 8 10 10 8 8 7 6 8 6 6 6 9 7 8 6 5 6 5 7 10 8 9 9 9 7 7 8 10 7 7 6 7 6 8 9 6 5 7 7 7 10 7 8
Last Time Cost: 00006361 ms
Total Time Cost: 00189252 ms
Total Distance 397: 8 9 11 6 8 10 10 9 8 8 10 10 8 8 7 6 8 6 6 5 9 7 8 6 5 6 5 7 10 7 9 9 9 7 7 8 10 7 7 6 7 6 8 9 6 5 7 7 7 10 7 8
Last Time Cost: 00006978 ms
Total Time Cost: 00196230 ms
Total Distance 394: 8 9 11 6 8 10 10 9 8 8 10 10 8 8 7 5 8 6 6 5 9 7 8 5 5 6 5 7 10 7 9 9 9 7 7 8 10 7 7 6 7 6 8 8 6 5 7 7 7 10 7 8
Last Time Cost: 00007367 ms
Total Time Cost: 00203597 ms
Total Distance 391: 8 9 11 6 8 10 10 9 8 8 10 10 7 8 7 5 8 6 6 5 9 6 8 5 5 6 5 7 10 7 9 9 9 7 7 8 10 7 7 5 7 6 8 8 6 5 7 7 7 10 7 8
Last Time Cost: 00008098 ms
Total Time Cost: 00211695 ms
Total Distance 388: 8 9 11 6 8 10 10 9 8 7 10 10 7 8 7 5 8 6 6 5 9 6 8 5 5 6 5 7 10 7 9 9 9 7 7 8 10 7 7 5 7 6 8 8 6 5 7 7 6 10 6 8
Last Time Cost: 00008773 ms
Total Time Cost: 00220468 ms
Total Distance 385: 8 9 11 6 7 10 10 9 8 7 10 10 7 8 7 5 8 6 6 5 9 6 8 5 5 6 5 7 10 7 9 9 9 6 7 8 10 7 7 5 7 6 8 8 6 5 7 7 5 10 6 8
Last Time Cost: 00009496 ms
Total Time Cost: 00229964 ms
Total Distance 382: 8 9 11 6 7 10 10 9 7 6 10 10 7 8 7 5 8 6 6 5 9 6 8 5 5 6 5 7 10 7 9 9 9 6 7 8 10 7 7 5 6 6 8 8 6 5 7 7 5 10 6 8
Last Time Cost: 00010249 ms
Total Time Cost: 00240213 ms
Total Distance 378: 8 9 11 6 6 10 10 9 7 6 10 9 7 8 6 5 8 6 6 5 9 6 8 5 5 6 5 7 10 7 9 9 9 6 7 8 10 7 7 5 6 6 8 8 6 5 7 7 5 10 6 7
Last Time Cost: 00010907 ms
Total Time Cost: 00251120 ms
Total Distance 375: 8 9 11 6 6 10 10 9 7 6 10 8 7 8 6 5 8 6 6 5 9 6 8 5 5 5 5 7 10 7 9 9 9 6 7 8 10 7 7 5 6 6 8 8 6 5 7 7 5 10 5 7
Last Time Cost: 00011501 ms
Total Time Cost: 00262621 ms
Total Distance 372: 7 9 11 6 6 10 10 9 7 6 10 8 7 8 6 5 8 6 6 5 8 6 8 5 5 5 5 7 10 7 9 9 9 6 7 8 10 7 7 5 6 5 8 8 6 5 7 7 5 10 5 7
Last Time Cost: 00012077 ms
Total Time Cost: 00274698 ms
Total Distance 369: 7 9 11 6 6 10 10 9 7 6 10 8 7 7 6 5 7 6 6 5 8 6 8 5 5 5 5 7 10 7 9 9 9 6 7 7 10 7 7 5 6 5 8 8 6 5 7 7 5 10 5 7
Last Time Cost: 00012987 ms
Total Time Cost: 00287685 ms
Total Distance 366: 7 9 11 6 6 10 10 9 7 6 10 8 7 7 6 5 6 6 6 5 7 6 8 5 5 5 5 7 10 7 9 9 9 6 7 6 10 7 7 5 6 5 8 8 6 5 7 7 5 10 5 7
Last Time Cost: 00013819 ms
Total Time Cost: 00301504 ms
Total Distance 363: 7 9 11 6 6 10 10 9 7 6 10 8 7 6 6 5 6 6 6 5 7 6 8 5 5 5 5 7 9 7 9 9 9 6 7 6 10 7 7 5 6 5 8 8 6 5 7 6 5 10 5 7
Last Time Cost: 00014622 ms
Total Time Cost: 00316126 ms
Total Distance 360: 7 8 11 6 6 10 10 9 7 6 10 8 7 6 5 5 6 6 6 5 7 6 8 5 5 5 5 7 9 7 8 9 9 6 7 6 10 7 7 5 6 5 8 8 6 5 7 6 5 10 5 7
Last Time Cost: 00014995 ms
Total Time Cost: 00331121 ms
Total Distance 357: 7 8 11 6 6 10 10 9 7 6 9 8 7 6 5 5 6 6 6 5 7 6 8 5 4 5 5 7 9 7 8 9 9 6 7 6 9 7 7 5 6 5 8 8 6 5 7 6 5 10 5 7
Last Time Cost: 00016024 ms
Total Time Cost: 00347145 ms
Total Distance 354: 6 8 11 6 6 10 10 9 7 6 9 8 7 6 5 5 6 6 6 5 7 6 8 5 4 5 5 7 9 7 8 9 8 6 7 5 9 7 7 5 6 5 8 8 6 5 7 6 5 10 5 7
Last Time Cost: 00016689 ms
Total Time Cost: 00363834 ms
Total Distance 351: 6 8 11 6 6 10 10 9 7 6 9 8 7 6 5 5 6 6 6 5 7 6 8 5 4 5 5 7 9 6 8 8 8 6 7 5 8 7 7 5 6 5 8 8 6 5 7 6 5 10 5 7
Last Time Cost: 00016931 ms
Total Time Cost: 00380765 ms
Total Distance 348: 6 8 11 6 6 10 9 9 7 6 9 8 7 6 5 5 6 6 6 5 7 6 8 5 4 5 4 7 9 6 8 8 8 6 7 5 8 7 7 5 5 5 8 8 6 5 7 6 5 10 5 7
Last Time Cost: 00018041 ms
Total Time Cost: 00398806 ms
Total Distance 345: 6 8 11 6 6 10 9 9 7 6 8 8 7 6 5 5 6 6 6 5 7 6 8 5 4 5 4 7 8 6 8 8 8 6 7 5 7 7 7 5 5 5 8 8 6 5 7 6 5 10 5 7
Last Time Cost: 00018249 ms
Total Time Cost: 00417055 ms
Total Distance 342: 6 8 11 6 6 9 9 9 7 6 8 8 7 6 5 5 6 6 6 5 7 6 7 5 4 5 4 7 8 6 8 8 8 6 7 5 7 7 7 5 5 5 7 8 6 5 7 6 5 10 5 7
Last Time Cost: 00018609 ms
Total Time Cost: 00435664 ms
Total Distance 339: 6 8 11 6 6 9 9 9 7 6 8 8 7 6 5 5 6 6 6 5 6 6 7 5 4 5 4 7 8 6 8 7 8 6 7 5 7 7 7 5 5 5 7 8 6 5 7 6 5 9 5 7
Last Time Cost: 00019615 ms
Total Time Cost: 00455279 ms
Total Distance 337: 6 8 11 6 6 9 9 9 7 6 8 8 7 6 5 5 6 6 6 5 6 6 7 5 4 5 3 7 8 6 8 7 8 6 7 5 7 7 7 5 5 5 7 8 6 4 7 6 5 9 5 7
Last Time Cost: 00021097 ms
Total Time Cost: 00476376 ms
Total Distance 335: 6 8 11 6 6 9 9 9 7 6 8 8 7 6 5 5 6 6 5 5 6 6 7 5 4 5 2 7 8 6 8 7 8 6 7 5 7 7 7 5 5 5 7 8 6 4 7 6 5 9 5 7
Last Time Cost: 00022503 ms
Total Time Cost: 00498879 ms
Total Distance 333: 6 8 11 6 6 9 9 9 7 6 8 8 7 6 5 5 6 6 5 5 6 6 7 4 4 5 2 7 8 6 8 7 8 6 7 5 7 7 7 4 5 5 7 8 6 4 7 6 5 9 5 7
Last Time Cost: 00024061 ms
Total Time Cost: 00522940 ms
Total Distance 331: 6 8 11 6 6 9 9 9 7 6 8 8 7 6 5 4 6 6 5 5 6 6 7 3 4 5 2 7 8 6 8 7 8 6 7 5 7 7 7 4 5 5 7 8 6 4 7 6 5 9 5 7
Last Time Cost: 00025954 ms
Total Time Cost: 00548894 ms
Total Distance 329: 6 8 11 6 6 9 9 9 7 6 8 8 7 6 5 4 6 6 5 5 6 6 7 3 4 5 2 7 8 6 8 7 8 6 7 5 7 7 7 3 5 4 7 8 6 4 7 6 5 9 5 7
Last Time Cost: 00027731 ms
Total Time Cost: 00576625 ms
Total Distance 327: 6 8 11 5 6 9 9 9 7 6 8 8 7 6 5 4 6 6 4 5 6 6 7 3 4 5 2 7 8 6 8 7 8 6 7 5 7 7 7 3 5 4 7 8 6 4 7 6 5 9 5 7
Last Time Cost: 00029655 ms
Total Time Cost: 00606280 ms
Total Distance 325: 6 8 11 5 6 9 9 9 7 6 8 8 7 6 5 4 6 6 3 5 6 6 7 3 4 5 2 7 8 6 8 7 8 6 7 5 7 6 7 3 5 4 7 8 6 4 7 6 5 9 5 7
Last Time Cost: 00031701 ms
Total Time Cost: 00637981 ms
Total Distance 323: 6 8 11 5 6 9 9 9 7 6 8 8 7 6 5 4 6 6 3 5 6 6 7 3 4 4 2 7 8 6 8 7 8 6 7 5 7 5 7 3 5 4 7 8 6 4 7 6 5 9 5 7
Last Time Cost: 00034812 ms
Total Time Cost: 00672793 ms
Total Distance 321: 5 8 11 5 6 9 9 9 7 6 8 8 7 6 5 4 6 6 3 5 6 6 7 3 4 4 2 7 8 6 8 7 8 6 7 4 7 5 7 3 5 4 7 8 6 4 7 6 5 9 5 7
Last Time Cost: 00039579 ms
Total Time Cost: 00712372 ms
Total Distance 318: 5 8 11 5 6 9 9 9 7 6 8 8 7 6 5 4 6 6 3 5 6 6 7 3 4 4 2 7 8 6 8 7 8 6 6 4 6 5 7 3 5 4 7 8 6 4 7 6 5 8 5 7
Last Time Cost: 00041681 ms
Total Time Cost: 00754053 ms
Total Distance 315: 5 7 10 5 6 9 9 9 7 6 8 8 7 6 5 4 6 6 3 5 6 6 7 3 4 4 2 7 7 6 8 7 8 6 6 4 6 5 7 3 5 4 7 8 6 4 7 6 5 8 5 7
Last Time Cost: 00007614 ms
Total Time Cost: 00761667 ms
Total Distance 312: 5 6 9 5 6 9 8 9 7 6 8 8 7 6 5 4 6 6 3 5 6 6 7 3 4 4 2 7 7 6 8 7 8 6 6 4 6 5 7 3 5 4 7 8 6 4 7 6 5 8 5 7
Last Time Cost: 00005780 ms
Total Time Cost: 00767447 ms
Total Distance 310: 4 6 9 5 6 9 8 9 7 5 8 8 7 6 5 4 6 6 3 5 6 6 7 3 4 4 2 7 7 6 8 7 8 6 6 4 6 5 7 3 5 4 7 8 6 4 7 6 5 8 5 7
Last Time Cost: 00006075 ms
Total Time Cost: 00773522 ms
Total Distance 308: 4 6 9 5 6 9 8 9 7 5 8 8 7 6 5 4 6 6 3 5 6 6 6 3 4 4 2 7 7 6 8 7 8 6 6 3 6 5 7 3 5 4 7 8 6 4 7 6 5 8 5 7
Last Time Cost: 00006685 ms
Total Time Cost: 00780207 ms
Total Distance 306: 4 6 9 5 6 9 8 9 7 5 8 8 7 6 5 4 6 6 3 5 5 6 5 3 4 4 2 7 7 6 8 7 8 6 6 3 6 5 7 3 5 4 7 8 6 4 7 6 5 8 5 7
Last Time Cost: 00006836 ms
Total Time Cost: 00787043 ms
Total Distance 304: 4 6 9 5 5 9 8 9 7 5 8 8 7 6 5 4 6 6 3 5 5 6 5 3 4 4 2 7 7 6 8 7 8 5 6 3 6 5 7 3 5 4 7 8 6 4 7 6 5 8 5 7
Last Time Cost: 00007630 ms
Total Time Cost: 00794673 ms
Total Distance 302: 4 6 9 5 5 9 8 9 7 5 8 8 7 6 4 4 6 6 3 5 5 6 5 3 4 4 2 7 7 6 8 7 8 5 6 3 6 5 7 3 5 4 6 8 6 4 7 6 5 8 5 7
Last Time Cost: 00007730 ms
Total Time Cost: 00802403 ms
Total Distance 299: 4 6 9 5 5 9 8 9 7 5 8 8 7 6 4 4 6 5 3 5 5 6 5 3 4 4 2 7 7 6 8 7 8 5 6 3 6 5 7 3 5 4 5 8 6 4 7 6 5 7 5 7
Last Time Cost: 00008291 ms
Total Time Cost: 00810694 ms
Total Distance 296: 4 6 9 5 5 9 8 9 7 5 8 8 7 6 4 4 6 5 3 5 5 6 5 3 4 4 2 7 7 6 8 7 7 5 6 3 6 5 6 3 5 4 5 8 6 4 7 6 5 6 5 7
Last Time Cost: 00008593 ms
Total Time Cost: 00819287 ms
Total Distance 294: 4 5 9 5 5 9 8 9 7 5 8 8 7 6 4 4 6 5 3 5 5 6 5 3 4 4 2 7 7 6 8 7 7 5 6 3 6 5 6 3 5 4 4 8 6 4 7 6 5 6 5 7
Last Time Cost: 00009022 ms
Total Time Cost: 00828309 ms
Total Distance 292: 4 5 9 5 4 9 8 9 6 5 8 8 7 6 4 4 6 5 3 5 5 6 5 3 4 4 2 7 7 6 8 7 7 5 6 3 6 5 6 3 5 4 4 8 6 4 7 6 5 6 5 7
Last Time Cost: 00009659 ms
Total Time Cost: 00837968 ms
Total Distance 290: 4 5 9 5 4 9 8 9 6 5 8 7 7 6 3 4 6 5 3 5 5 6 5 3 4 4 2 7 7 6 8 7 7 5 6 3 6 5 6 3 5 4 4 8 6 4 7 6 5 6 5 7
Last Time Cost: 00010315 ms
Total Time Cost: 00848283 ms
Total Distance 288: 4 5 9 5 4 9 8 9 6 5 8 7 7 6 3 4 5 5 3 5 5 6 5 3 4 4 2 7 7 5 8 7 7 5 6 3 6 5 6 3 5 4 4 8 6 4 7 6 5 6 5 7
Last Time Cost: 00010665 ms
Total Time Cost: 00858948 ms
Total Distance 286: 4 5 9 5 4 9 8 9 6 4 8 6 7 6 3 4 5 5 3 5 5 6 5 3 4 4 2 7 7 5 8 7 7 5 6 3 6 5 6 3 5 4 4 8 6 4 7 6 5 6 5 7
Last Time Cost: 00011184 ms
Total Time Cost: 00870132 ms
Total Distance 284: 4 5 9 5 4 9 8 9 6 4 8 5 7 6 3 4 5 5 3 5 5 6 5 3 4 4 2 7 7 5 8 7 7 5 6 3 6 5 6 3 5 4 4 8 6 4 7 6 5 6 4 7
Last Time Cost: 00012051 ms
Total Time Cost: 00882183 ms
Total Distance 282: 4 5 9 5 4 9 8 9 6 4 8 5 7 6 3 4 5 4 3 5 5 6 5 3 4 4 2 7 7 5 8 6 7 5 6 3 6 5 6 3 5 4 4 8 6 4 7 6 5 6 4 7
Last Time Cost: 00012399 ms
Total Time Cost: 00894582 ms
Total Distance 280: 4 5 9 5 4 9 8 9 6 4 8 5 7 6 3 4 5 4 3 4 5 6 5 3 4 4 2 7 7 5 8 6 7 5 6 3 6 5 6 3 5 4 4 8 6 4 6 6 5 6 4 7
Last Time Cost: 00012958 ms
Total Time Cost: 00907540 ms
Total Distance 278: 4 5 9 5 4 9 8 9 5 4 8 5 7 5 3 4 5 4 3 4 5 6 5 3 4 4 2 7 7 5 8 6 7 5 6 3 6 5 6 3 5 4 4 8 6 4 6 6 5 6 4 7
Last Time Cost: 00013680 ms
Total Time Cost: 00921220 ms
Total Distance 275: 4 5 9 5 4 9 8 9 4 4 8 5 7 5 3 4 5 4 3 4 5 6 5 3 4 4 2 7 7 5 8 6 7 5 6 3 6 5 6 3 5 4 4 8 6 4 6 5 5 6 4 6
Last Time Cost: 00015177 ms
Total Time Cost: 00936397 ms
Total Distance 273: 4 5 9 5 4 9 8 9 4 4 8 5 7 5 3 4 5 4 3 4 5 6 5 3 4 4 2 7 7 5 8 6 7 5 6 3 6 5 6 3 5 4 4 8 6 4 6 4 5 6 3 6
Last Time Cost: 00015485 ms
Total Time Cost: 00951882 ms
Total Distance 271: 4 5 9 5 4 9 8 9 4 4 8 5 7 5 3 4 5 4 3 4 5 6 5 3 4 4 2 7 7 5 8 6 7 5 6 3 6 5 6 3 5 4 4 8 6 4 5 4 5 6 3 5
Last Time Cost: 00016127 ms
Total Time Cost: 00968009 ms
Total Distance 269: 4 5 9 5 4 9 7 9 4 4 8 5 7 5 3 4 5 4 3 4 5 6 5 3 4 4 2 7 7 4 8 6 7 5 6 3 6 5 6 3 5 4 4 8 6 4 5 4 5 6 3 5
Last Time Cost: 00017609 ms
Total Time Cost: 00985618 ms
Total Distance 267: 4 5 9 5 4 9 6 9 4 4 8 5 7 5 3 4 5 4 3 4 5 6 5 3 4 4 2 7 7 4 8 6 7 5 6 3 6 5 6 3 4 4 4 8 6 4 5 4 5 6 3 5
Last Time Cost: 00017653 ms
Total Time Cost: 01003271 ms
Total Distance 265: 4 5 9 5 4 9 6 9 4 4 8 5 7 5 3 4 5 4 3 4 5 6 5 3 4 4 2 7 6 4 8 6 7 5 5 3 6 5 6 3 4 4 4 8 6 4 5 4 5 6 3 5
Last Time Cost: 00018926 ms
Total Time Cost: 01022197 ms
Total Distance 263: 4 5 9 5 4 8 6 9 4 4 8 5 7 5 3 4 5 4 3 4 5 6 5 3 4 3 2 7 6 4 8 6 7 5 5 3 6 5 6 3 4 4 4 8 6 4 5 4 5 6 3 5
Last Time Cost: 00009069 ms
Total Time Cost: 01031266 ms
Total Distance 261: 4 5 9 5 4 8 6 9 4 4 8 5 7 5 3 4 5 4 3 4 5 6 4 3 4 3 2 7 6 4 8 6 7 5 5 3 6 5 6 3 4 4 4 7 6 4 5 4 5 6 3 5
Last Time Cost: 00009494 ms
Total Time Cost: 01040760 ms
Total Distance 259: 4 5 9 5 4 8 6 9 4 4 8 5 7 5 3 4 5 4 3 4 5 5 4 3 4 3 2 7 6 4 8 6 7 5 5 3 6 5 6 3 4 4 4 6 6 4 5 4 5 6 3 5
Last Time Cost: 00009842 ms
Total Time Cost: 01050602 ms
Total Distance 257: 4 4 9 5 4 8 6 9 4 4 8 5 7 5 3 4 5 4 3 4 5 5 4 3 4 3 2 7 6 4 7 6 7 5 5 3 6 5 6 3 4 4 4 6 6 4 5 4 5 6 3 5
Last Time Cost: 00010322 ms
Total Time Cost: 01060924 ms
Total Distance 255: 4 4 9 5 4 8 6 8 4 4 8 5 7 5 3 4 5 3 3 4 5 5 4 3 4 3 2 7 6 4 7 6 7 5 5 3 6 5 6 3 4 4 4 6 6 4 5 4 5 6 3 5
Last Time Cost: 00006247 ms
Total Time Cost: 01067171 ms
Total Distance 253: 4 4 9 5 4 8 6 7 4 4 8 5 7 5 3 4 5 2 3 4 5 5 4 3 4 3 2 7 6 4 7 6 7 5 5 3 6 5 6 3 4 4 4 6 6 4 5 4 5 6 3 5
Last Time Cost: 00006459 ms
Total Time Cost: 01073630 ms
Total Distance 251: 4 4 9 5 4 8 6 6 4 4 8 5 7 5 3 4 5 2 3 4 5 5 4 3 4 2 2 7 6 4 7 6 7 5 5 3 6 5 6 3 4 4 4 6 6 4 5 4 5 6 3 5
Last Time Cost: 00006714 ms
Total Time Cost: 01080344 ms
Total Distance 249: 4 4 9 5 4 8 5 6 4 4 8 5 7 5 3 4 5 2 3 4 5 5 4 3 4 2 2 7 6 4 7 6 7 5 5 3 6 5 6 3 4 4 4 6 6 4 5 4 5 5 3 5
Last Time Cost: 00006939 ms
Total Time Cost: 01087283 ms
Total Distance 247: 4 4 9 5 4 8 5 6 4 4 8 5 7 5 3 4 5 2 3 4 5 5 4 3 4 2 2 6 6 4 7 6 6 5 5 3 6 5 6 3 4 4 4 6 6 4 5 4 5 5 3 5
Last Time Cost: 00007053 ms
Total Time Cost: 01094336 ms
Total Distance 245: 4 4 9 5 4 8 5 6 4 4 8 5 6 5 3 4 5 2 3 4 5 5 4 3 4 2 2 6 6 4 7 6 6 5 5 3 6 5 6 2 4 4 4 6 6 4 5 4 5 5 3 5
Last Time Cost: 00007336 ms
Total Time Cost: 01101672 ms
Total Distance 243: 4 4 9 5 4 8 5 6 4 4 8 5 5 5 3 4 5 2 3 4 5 5 4 3 4 2 2 6 6 4 7 6 5 5 5 3 6 5 6 2 4 4 4 6 6 4 5 4 5 5 3 5
Last Time Cost: 00007612 ms
Total Time Cost: 01109284 ms
Total Distance 241: 4 4 9 5 4 8 5 5 4 4 7 5 5 5 3 4 5 2 3 4 5 5 4 3 4 2 2 6 6 4 7 6 5 5 5 3 6 5 6 2 4 4 4 6 6 4 5 4 5 5 3 5
Last Time Cost: 00007910 ms
Total Time Cost: 01117194 ms
Total Distance 239: 4 4 9 5 4 8 5 5 4 4 7 5 5 5 3 4 5 2 3 4 5 5 4 3 4 2 2 6 6 4 7 6 5 5 5 3 5 5 6 2 4 4 4 6 6 4 5 4 5 4 3 5
Last Time Cost: 00008310 ms
Total Time Cost: 01125504 ms
Total Distance 237: 4 4 9 5 4 8 5 5 4 4 6 5 5 5 3 4 5 2 3 4 5 5 4 3 4 2 2 6 6 4 7 6 5 5 5 3 4 5 6 2 4 4 4 6 6 4 5 4 5 4 3 5
Last Time Cost: 00008554 ms
Total Time Cost: 01134058 ms
Total Distance 235: 4 4 9 5 4 8 5 5 4 4 5 5 5 5 3 4 5 2 3 4 5 5 4 3 4 2 2 6 6 4 7 6 5 5 5 3 3 5 6 2 4 4 4 6 6 4 5 4 5 4 3 5
Last Time Cost: 00008804 ms
Total Time Cost: 01142862 ms
Total Distance 233: 4 4 9 5 4 7 5 5 4 4 5 5 5 5 3 4 5 2 3 4 5 5 4 3 4 2 2 6 6 4 7 6 5 5 5 3 3 5 5 2 4 4 4 6 6 4 5 4 5 4 3 5
Last Time Cost: 00008929 ms
Total Time Cost: 01151791 ms
Total Distance 232: 4 4 9 5 4 7 5 5 4 4 5 5 5 5 3 4 5 2 3 4 5 5 4 3 4 2 2 6 6 4 7 6 5 5 5 3 3 5 5 1 4 4 4 6 6 4 5 4 5 4 3 5
Last Time Cost: 00000014 ms
Total Time Cost: 01151805 ms
Total Distance 231: 4 4 9 5 4 7 5 5 4 4 5 5 5 5 3 4 5 2 3 4 5 5 4 3 4 2 2 6 6 4 7 6 5 5 5 3 3 5 5 0 4 4 4 6 6 4 5 4 5 4 3 5
Last Time Cost: 00009748 ms
Total Time Cost: 01161553 ms
Total Distance 230: 4 4 9 5 4 7 5 5 4 4 5 5 5 5 3 4 5 2 3 4 5 5 4 3 4 1 2 6 6 4 7 6 5 5 5 3 3 5 5 0 4 4 4 6 6 4 5 4 5 4 3 5
Last Time Cost: 00000015 ms
Total Time Cost: 01161568 ms
Total Distance 229: 4 4 9 5 4 7 5 5 4 4 5 5 5 5 3 4 5 2 3 4 5 5 4 3 4 0 2 6 6 4 7 6 5 5 5 3 3 5 5 0 4 4 4 6 6 4 5 4 5 4 3 5
Last Time Cost: 00010584 ms
Total Time Cost: 01172152 ms
Total Distance 228: 4 4 9 5 4 7 5 5 4 4 5 5 5 5 3 4 5 1 3 4 5 5 4 3 4 0 2 6 6 4 7 6 5 5 5 3 3 5 5 0 4 4 4 6 6 4 5 4 5 4 3 5
Last Time Cost: 00000015 ms
Total Time Cost: 01172167 ms
Total Distance 227: 4 4 9 5 4 7 5 5 4 4 5 5 5 5 3 4 5 0 3 4 5 5 4 3 4 0 2 6 6 4 7 6 5 5 5 3 3 5 5 0 4 4 4 6 6 4 5 4 5 4 3 5
Last Time Cost: 00011196 ms
Total Time Cost: 01183363 ms
Total Distance 226: 4 4 9 5 4 7 5 5 4 4 5 5 5 5 3 4 5 0 3 4 5 5 4 3 4 0 1 6 6 4 7 6 5 5 5 3 3 5 5 0 4 4 4 6 6 4 5 4 5 4 3 5
Last Time Cost: 00000016 ms
Total Time Cost: 01183379 ms
Total Distance 225: 4 4 9 5 4 7 5 5 4 4 5 5 5 5 3 4 5 0 3 4 5 5 4 3 4 0 0 6 6 4 7 6 5 5 5 3 3 5 5 0 4 4 4 6 6 4 5 4 5 4 3 5
Last Time Cost: 00012328 ms
Total Time Cost: 01195707 ms
Total Distance 223: 4 3 8 5 4 7 5 5 4 4 5 5 5 5 3 4 5 0 3 4 5 5 4 3 4 0 0 6 6 4 7 6 5 5 5 3 3 5 5 0 4 4 4 6 6 4 5 4 5 4 3 5
Last Time Cost: 00000928 ms
Total Time Cost: 01196635 ms
Total Distance 221: 4 2 7 5 4 7 5 5 4 4 5 5 5 5 3 4 5 0 3 4 5 5 4 3 4 0 0 6 6 4 7 6 5 5 5 3 3 5 5 0 4 4 4 6 6 4 5 4 5 4 3 5
Last Time Cost: 00000845 ms
Total Time Cost: 01197480 ms
Total Distance 219: 4 2 6 5 4 7 5 5 4 4 5 5 5 5 3 4 5 0 3 4 5 4 4 3 4 0 0 6 6 4 7 6 5 5 5 3 3 5 5 0 4 4 4 6 6 4 5 4 5 4 3 5
Last Time Cost: 00000642 ms
Total Time Cost: 01198122 ms
Total Distance 217: 4 2 5 5 4 7 5 5 4 4 5 5 5 5 3 4 5 0 3 4 5 4 4 3 4 0 0 6 6 4 6 6 5 5 5 3 3 5 5 0 4 4 4 6 6 4 5 4 5 4 3 5
Last Time Cost: 00000407 ms
Total Time Cost: 01198529 ms
Total Distance 216: 4 1 5 5 4 7 5 5 4 4 5 5 5 5 3 4 5 0 3 4 5 4 4 3 4 0 0 6 6 4 6 6 5 5 5 3 3 5 5 0 4 4 4 6 6 4 5 4 5 4 3 5
Last Time Cost: 00000001 ms
Total Time Cost: 01198530 ms
Total Distance 215: 4 0 5 5 4 7 5 5 4 4 5 5 5 5 3 4 5 0 3 4 5 4 4 3 4 0 0 6 6 4 6 6 5 5 5 3 3 5 5 0 4 4 4 6 6 4 5 4 5 4 3 5
Last Time Cost: 00000429 ms
Total Time Cost: 01198959 ms
Total Distance 214: 4 0 5 5 4 7 5 5 4 4 5 5 5 5 3 4 5 0 3 4 5 4 4 3 4 0 0 6 6 4 6 6 5 5 5 2 3 5 5 0 4 4 4 6 6 4 5 4 5 4 3 5
Last Time Cost: 00000002 ms
Total Time Cost: 01198961 ms
Total Distance 213: 4 0 5 5 4 7 5 5 4 4 5 5 5 5 3 4 5 0 3 4 5 4 4 3 4 0 0 6 6 4 6 6 5 5 5 1 3 5 5 0 4 4 4 6 6 4 5 4 5 4 3 5
Last Time Cost: 00000001 ms
Total Time Cost: 01198962 ms
Total Distance 212: 4 0 5 5 4 7 5 5 4 4 5 5 5 5 3 4 5 0 3 4 5 4 4 3 4 0 0 6 6 4 6 6 5 5 5 0 3 5 5 0 4 4 4 6 6 4 5 4 5 4 3 5
Last Time Cost: 00000482 ms
Total Time Cost: 01199444 ms
Total Distance 211: 4 0 5 5 4 7 5 5 4 4 5 5 5 5 2 4 5 0 3 4 5 4 4 3 4 0 0 6 6 4 6 6 5 5 5 0 3 5 5 0 4 4 4 6 6 4 5 4 5 4 3 5
Last Time Cost: 00000001 ms
Total Time Cost: 01199445 ms
Total Distance 210: 4 0 5 5 4 7 5 5 4 4 5 5 5 5 1 4 5 0 3 4 5 4 4 3 4 0 0 6 6 4 6 6 5 5 5 0 3 5 5 0 4 4 4 6 6 4 5 4 5 4 3 5
Last Time Cost: 00000001 ms
Total Time Cost: 01199446 ms
Total Distance 209: 4 0 5 5 4 7 5 5 4 4 5 5 5 5 0 4 5 0 3 4 5 4 4 3 4 0 0 6 6 4 6 6 5 5 5 0 3 5 5 0 4 4 4 6 6 4 5 4 5 4 3 5
Last Time Cost: 00000550 ms
Total Time Cost: 01199996 ms
Total Distance 208: 4 0 5 5 4 7 5 5 4 4 5 5 5 5 0 4 5 0 3 4 5 4 4 2 4 0 0 6 6 4 6 6 5 5 5 0 3 5 5 0 4 4 4 6 6 4 5 4 5 4 3 5
Last Time Cost: 00000002 ms
Total Time Cost: 01199998 ms
Total Distance 207: 4 0 5 5 4 7 5 5 4 4 5 5 5 5 0 4 5 0 3 4 5 4 4 1 4 0 0 6 6 4 6 6 5 5 5 0 3 5 5 0 4 4 4 6 6 4 5 4 5 4 3 5
Last Time Cost: 00000001 ms
Total Time Cost: 01199999 ms
Total Distance 206: 4 0 5 5 4 7 5 5 4 4 5 5 5 5 0 4 5 0 3 4 5 4 4 0 4 0 0 6 6 4 6 6 5 5 5 0 3 5 5 0 4 4 4 6 6 4 5 4 5 4 3 5
Last Time Cost: 00000619 ms
Total Time Cost: 01200618 ms
Total Distance 205: 4 0 5 5 4 7 5 5 4 4 5 5 5 5 0 4 5 0 2 4 5 4 4 0 4 0 0 6 6 4 6 6 5 5 5 0 3 5 5 0 4 4 4 6 6 4 5 4 5 4 3 5
Last Time Cost: 00000002 ms
Total Time Cost: 01200620 ms
Total Distance 204: 4 0 5 5 4 7 5 5 4 4 5 5 5 5 0 4 5 0 1 4 5 4 4 0 4 0 0 6 6 4 6 6 5 5 5 0 3 5 5 0 4 4 4 6 6 4 5 4 5 4 3 5
Last Time Cost: 00000001 ms
Total Time Cost: 01200621 ms
Total Distance 203: 4 0 5 5 4 7 5 5 4 4 5 5 5 5 0 4 5 0 0 4 5 4 4 0 4 0 0 6 6 4 6 6 5 5 5 0 3 5 5 0 4 4 4 6 6 4 5 4 5 4 3 5
Last Time Cost: 00000703 ms
Total Time Cost: 01201324 ms
Total Distance 202: 4 0 5 5 4 7 5 5 4 4 5 5 5 5 0 4 5 0 0 4 5 4 4 0 4 0 0 6 6 4 6 6 5 5 5 0 3 5 5 0 4 4 4 6 6 4 5 4 5 4 2 5
Last Time Cost: 00000002 ms
Total Time Cost: 01201326 ms
Total Distance 201: 4 0 5 5 4 7 5 5 4 4 5 5 5 5 0 4 5 0 0 4 5 4 4 0 4 0 0 6 6 4 6 6 5 5 5 0 3 5 5 0 4 4 4 6 6 4 5 4 5 4 1 5
Last Time Cost: 00000001 ms
Total Time Cost: 01201327 ms
Total Distance 200: 4 0 5 5 4 7 5 5 4 4 5 5 5 5 0 4 5 0 0 4 5 4 4 0 4 0 0 6 6 4 6 6 5 5 5 0 3 5 5 0 4 4 4 6 6 4 5 4 5 4 0 5
Last Time Cost: 00000761 ms
Total Time Cost: 01202088 ms
Total Distance 199: 4 0 5 5 4 7 5 5 4 4 5 5 5 5 0 4 5 0 0 4 5 4 4 0 4 0 0 6 6 4 6 6 5 5 5 0 2 5 5 0 4 4 4 6 6 4 5 4 5 4 0 5
Last Time Cost: 00000002 ms
Total Time Cost: 01202090 ms
Total Distance 198: 4 0 5 5 4 7 5 5 4 4 5 5 5 5 0 4 5 0 0 4 5 4 4 0 4 0 0 6 6 4 6 6 5 5 5 0 1 5 5 0 4 4 4 6 6 4 5 4 5 4 0 5
Last Time Cost: 00000001 ms
Total Time Cost: 01202091 ms
Total Distance 197: 4 0 5 5 4 7 5 5 4 4 5 5 5 5 0 4 5 0 0 4 5 4 4 0 4 0 0 6 6 4 6 6 5 5 5 0 0 5 5 0 4 4 4 6 6 4 5 4 5 4 0 5
Last Time Cost: 00000937 ms
Total Time Cost: 01203028 ms
Total Distance 195: 4 0 5 5 4 7 5 5 4 4 4 5 5 5 0 4 5 0 0 4 5 4 4 0 4 0 0 6 6 4 6 5 5 5 5 0 0 5 5 0 4 4 4 6 6 4 5 4 5 4 0 5
Last Time Cost: 00000930 ms
Total Time Cost: 01203958 ms
Total Distance 194: 4 0 5 5 4 7 5 5 4 4 4 5 5 5 0 4 5 0 0 4 5 4 4 0 4 0 0 6 6 4 6 5 5 5 5 0 0 5 5 0 4 3 4 6 6 4 5 4 5 4 0 5
Last Time Cost: 00000002 ms
Total Time Cost: 01203960 ms
Total Distance 193: 4 0 5 5 4 7 5 5 4 4 4 5 5 5 0 4 5 0 0 4 5 4 4 0 4 0 0 6 6 4 6 5 5 5 5 0 0 5 5 0 4 2 4 6 6 4 5 4 5 4 0 5
Last Time Cost: 00000002 ms
Total Time Cost: 01203962 ms
Total Distance 192: 4 0 5 5 4 7 5 5 4 4 4 5 5 5 0 4 5 0 0 4 5 4 4 0 4 0 0 6 6 4 6 5 5 5 5 0 0 5 5 0 4 1 4 6 6 4 5 4 5 4 0 5
Last Time Cost: 00000001 ms
Total Time Cost: 01203963 ms
Total Distance 191: 4 0 5 5 4 7 5 5 4 4 4 5 5 5 0 4 5 0 0 4 5 4 4 0 4 0 0 6 6 4 6 5 5 5 5 0 0 5 5 0 4 0 4 6 6 4 5 4 5 4 0 5
Last Time Cost: 00001041 ms
Total Time Cost: 01205004 ms
Total Distance 190: 4 0 5 5 3 7 5 5 4 4 4 5 5 5 0 4 5 0 0 4 5 4 4 0 4 0 0 6 6 4 6 5 5 5 5 0 0 5 5 0 4 0 4 6 6 4 5 4 5 4 0 5
Last Time Cost: 00000002 ms
Total Time Cost: 01205006 ms
Total Distance 189: 4 0 5 5 2 7 5 5 4 4 4 5 5 5 0 4 5 0 0 4 5 4 4 0 4 0 0 6 6 4 6 5 5 5 5 0 0 5 5 0 4 0 4 6 6 4 5 4 5 4 0 5
Last Time Cost: 00000002 ms
Total Time Cost: 01205008 ms
Total Distance 188: 4 0 5 5 1 7 5 5 4 4 4 5 5 5 0 4 5 0 0 4 5 4 4 0 4 0 0 6 6 4 6 5 5 5 5 0 0 5 5 0 4 0 4 6 6 4 5 4 5 4 0 5
Last Time Cost: 00000001 ms
Total Time Cost: 01205009 ms
Total Distance 187: 4 0 5 5 0 7 5 5 4 4 4 5 5 5 0 4 5 0 0 4 5 4 4 0 4 0 0 6 6 4 6 5 5 5 5 0 0 5 5 0 4 0 4 6 6 4 5 4 5 4 0 5
Last Time Cost: 00001234 ms
Total Time Cost: 01206243 ms
Total Distance 186: 3 0 5 5 0 7 5 5 4 4 4 5 5 5 0 4 5 0 0 4 5 4 4 0 4 0 0 6 6 4 6 5 5 5 5 0 0 5 5 0 4 0 4 6 6 4 5 4 5 4 0 5
Last Time Cost: 00000002 ms
Total Time Cost: 01206245 ms
Total Distance 185: 2 0 5 5 0 7 5 5 4 4 4 5 5 5 0 4 5 0 0 4 5 4 4 0 4 0 0 6 6 4 6 5 5 5 5 0 0 5 5 0 4 0 4 6 6 4 5 4 5 4 0 5
Last Time Cost: 00000002 ms
Total Time Cost: 01206247 ms
Total Distance 184: 1 0 5 5 0 7 5 5 4 4 4 5 5 5 0 4 5 0 0 4 5 4 4 0 4 0 0 6 6 4 6 5 5 5 5 0 0 5 5 0 4 0 4 6 6 4 5 4 5 4 0 5
Last Time Cost: 00000001 ms
Total Time Cost: 01206248 ms
Total Distance 183: 0 0 5 5 0 7 5 5 4 4 4 5 5 5 0 4 5 0 0 4 5 4 4 0 4 0 0 6 6 4 6 5 5 5 5 0 0 5 5 0 4 0 4 6 6 4 5 4 5 4 0 5
Last Time Cost: 00001408 ms
Total Time Cost: 01207656 ms
Total Distance 182: 0 0 5 5 0 7 5 5 4 4 4 5 5 5 0 4 5 0 0 4 5 4 3 0 4 0 0 6 6 4 6 5 5 5 5 0 0 5 5 0 4 0 4 6 6 4 5 4 5 4 0 5
Last Time Cost: 00000002 ms
Total Time Cost: 01207658 ms
Total Distance 181: 0 0 5 5 0 7 5 5 4 4 4 5 5 5 0 4 5 0 0 4 5 4 2 0 4 0 0 6 6 4 6 5 5 5 5 0 0 5 5 0 4 0 4 6 6 4 5 4 5 4 0 5
Last Time Cost: 00000002 ms
Total Time Cost: 01207660 ms
Total Distance 180: 0 0 5 5 0 7 5 5 4 4 4 5 5 5 0 4 5 0 0 4 5 4 1 0 4 0 0 6 6 4 6 5 5 5 5 0 0 5 5 0 4 0 4 6 6 4 5 4 5 4 0 5
Last Time Cost: 00000001 ms
Total Time Cost: 01207661 ms
Total Distance 179: 0 0 5 5 0 7 5 5 4 4 4 5 5 5 0 4 5 0 0 4 5 4 0 0 4 0 0 6 6 4 6 5 5 5 5 0 0 5 5 0 4 0 4 6 6 4 5 4 5 4 0 5
Last Time Cost: 00001578 ms
Total Time Cost: 01209239 ms
Total Distance 178: 0 0 5 5 0 7 5 5 4 4 3 5 5 5 0 4 5 0 0 4 5 4 0 0 4 0 0 6 6 4 6 5 5 5 5 0 0 5 5 0 4 0 4 6 6 4 5 4 5 4 0 5
Last Time Cost: 00000002 ms
Total Time Cost: 01209241 ms
Total Distance 177: 0 0 5 5 0 7 5 5 4 4 2 5 5 5 0 4 5 0 0 4 5 4 0 0 4 0 0 6 6 4 6 5 5 5 5 0 0 5 5 0 4 0 4 6 6 4 5 4 5 4 0 5
Last Time Cost: 00000002 ms
Total Time Cost: 01209243 ms
Total Distance 176: 0 0 5 5 0 7 5 5 4 4 1 5 5 5 0 4 5 0 0 4 5 4 0 0 4 0 0 6 6 4 6 5 5 5 5 0 0 5 5 0 4 0 4 6 6 4 5 4 5 4 0 5
Last Time Cost: 00000001 ms
Total Time Cost: 01209244 ms
Total Distance 175: 0 0 5 5 0 7 5 5 4 4 0 5 5 5 0 4 5 0 0 4 5 4 0 0 4 0 0 6 6 4 6 5 5 5 5 0 0 5 5 0 4 0 4 6 6 4 5 4 5 4 0 5
Last Time Cost: 00001794 ms
Total Time Cost: 01211038 ms
Total Distance 174: 0 0 5 5 0 7 5 5 4 4 0 5 5 5 0 4 5 0 0 4 5 4 0 0 4 0 0 6 6 4 6 5 5 5 5 0 0 5 5 0 3 0 4 6 6 4 5 4 5 4 0 5
Last Time Cost: 00000002 ms
Total Time Cost: 01211040 ms
Total Distance 173: 0 0 5 5 0 7 5 5 4 4 0 5 5 5 0 4 5 0 0 4 5 4 0 0 4 0 0 6 6 4 6 5 5 5 5 0 0 5 5 0 2 0 4 6 6 4 5 4 5 4 0 5
Last Time Cost: 00000002 ms
Total Time Cost: 01211042 ms
Total Distance 172: 0 0 5 5 0 7 5 5 4 4 0 5 5 5 0 4 5 0 0 4 5 4 0 0 4 0 0 6 6 4 6 5 5 5 5 0 0 5 5 0 1 0 4 6 6 4 5 4 5 4 0 5
Last Time Cost: 00000001 ms
Total Time Cost: 01211043 ms
Total Distance 171: 0 0 5 5 0 7 5 5 4 4 0 5 5 5 0 4 5 0 0 4 5 4 0 0 4 0 0 6 6 4 6 5 5 5 5 0 0 5 5 0 0 0 4 6 6 4 5 4 5 4 0 5
Last Time Cost: 00002173 ms
Total Time Cost: 01213216 ms
Total Distance 170: 0 0 5 5 0 7 5 5 4 4 0 5 5 5 0 4 5 0 0 4 5 4 0 0 4 0 0 6 6 3 6 5 5 5 5 0 0 5 5 0 0 0 4 6 6 4 5 4 5 4 0 5
Last Time Cost: 00000002 ms
Total Time Cost: 01213218 ms
Total Distance 169: 0 0 5 5 0 7 5 5 4 4 0 5 5 5 0 4 5 0 0 4 5 4 0 0 4 0 0 6 6 2 6 5 5 5 5 0 0 5 5 0 0 0 4 6 6 4 5 4 5 4 0 5
Last Time Cost: 00000002 ms
Total Time Cost: 01213220 ms
Total Distance 168: 0 0 5 5 0 7 5 5 4 4 0 5 5 5 0 4 5 0 0 4 5 4 0 0 4 0 0 6 6 1 6 5 5 5 5 0 0 5 5 0 0 0 4 6 6 4 5 4 5 4 0 5
Last Time Cost: 00000001 ms
Total Time Cost: 01213221 ms
Total Distance 167: 0 0 5 5 0 7 5 5 4 4 0 5 5 5 0 4 5 0 0 4 5 4 0 0 4 0 0 6 6 0 6 5 5 5 5 0 0 5 5 0 0 0 4 6 6 4 5 4 5 4 0 5
Last Time Cost: 00002397 ms
Total Time Cost: 01215618 ms
Total Distance 166: 0 0 5 5 0 7 5 5 4 4 0 5 5 5 0 4 5 0 0 4 5 4 0 0 4 0 0 6 6 0 6 5 5 5 5 0 0 5 5 0 0 0 4 6 6 3 5 4 5 4 0 5
Last Time Cost: 00000002 ms
Total Time Cost: 01215620 ms
Total Distance 165: 0 0 5 5 0 7 5 5 4 4 0 5 5 5 0 4 5 0 0 4 5 4 0 0 4 0 0 6 6 0 6 5 5 5 5 0 0 5 5 0 0 0 4 6 6 2 5 4 5 4 0 5
Last Time Cost: 00000002 ms
Total Time Cost: 01215622 ms
Total Distance 164: 0 0 5 5 0 7 5 5 4 4 0 5 5 5 0 4 5 0 0 4 5 4 0 0 4 0 0 6 6 0 6 5 5 5 5 0 0 5 5 0 0 0 4 6 6 1 5 4 5 4 0 5
Last Time Cost: 00000001 ms
Total Time Cost: 01215623 ms
Total Distance 163: 0 0 5 5 0 7 5 5 4 4 0 5 5 5 0 4 5 0 0 4 5 4 0 0 4 0 0 6 6 0 6 5 5 5 5 0 0 5 5 0 0 0 4 6 6 0 5 4 5 4 0 5
Last Time Cost: 00002441 ms
Total Time Cost: 01218064 ms
Total Distance 162: 0 0 5 5 0 7 5 5 4 4 0 5 5 5 0 4 5 0 0 4 5 3 0 0 4 0 0 6 6 0 6 5 5 5 5 0 0 5 5 0 0 0 4 6 6 0 5 4 5 4 0 5
Last Time Cost: 00000002 ms
Total Time Cost: 01218066 ms
Total Distance 161: 0 0 5 5 0 7 5 5 4 4 0 5 5 5 0 4 5 0 0 4 5 2 0 0 4 0 0 6 6 0 6 5 5 5 5 0 0 5 5 0 0 0 4 6 6 0 5 4 5 4 0 5
Last Time Cost: 00000002 ms
Total Time Cost: 01218068 ms
Total Distance 160: 0 0 5 5 0 7 5 5 4 4 0 5 5 5 0 4 5 0 0 4 5 1 0 0 4 0 0 6 6 0 6 5 5 5 5 0 0 5 5 0 0 0 4 6 6 0 5 4 5 4 0 5
Last Time Cost: 00000001 ms
Total Time Cost: 01218069 ms
Total Distance 159: 0 0 5 5 0 7 5 5 4 4 0 5 5 5 0 4 5 0 0 4 5 0 0 0 4 0 0 6 6 0 6 5 5 5 5 0 0 5 5 0 0 0 4 6 6 0 5 4 5 4 0 5
Last Time Cost: 00002686 ms
Total Time Cost: 01220755 ms
Total Distance 158: 0 0 5 5 0 7 5 5 4 4 0 5 5 5 0 4 5 0 0 3 5 0 0 0 4 0 0 6 6 0 6 5 5 5 5 0 0 5 5 0 0 0 4 6 6 0 5 4 5 4 0 5
Last Time Cost: 00000002 ms
Total Time Cost: 01220757 ms
Total Distance 157: 0 0 5 5 0 7 5 5 4 4 0 5 5 5 0 4 5 0 0 2 5 0 0 0 4 0 0 6 6 0 6 5 5 5 5 0 0 5 5 0 0 0 4 6 6 0 5 4 5 4 0 5
Last Time Cost: 00000002 ms
Total Time Cost: 01220759 ms
Total Distance 156: 0 0 5 5 0 7 5 5 4 4 0 5 5 5 0 4 5 0 0 1 5 0 0 0 4 0 0 6 6 0 6 5 5 5 5 0 0 5 5 0 0 0 4 6 6 0 5 4 5 4 0 5
Last Time Cost: 00000001 ms
Total Time Cost: 01220760 ms
Total Distance 155: 0 0 5 5 0 7 5 5 4 4 0 5 5 5 0 4 5 0 0 0 5 0 0 0 4 0 0 6 6 0 6 5 5 5 5 0 0 5 5 0 0 0 4 6 6 0 5 4 5 4 0 5
Last Time Cost: 00003043 ms
Total Time Cost: 01223803 ms
Total Distance 154: 0 0 5 5 0 7 5 5 4 4 0 5 5 5 0 4 5 0 0 0 5 0 0 0 3 0 0 6 6 0 6 5 5 5 5 0 0 5 5 0 0 0 4 6 6 0 5 4 5 4 0 5
Last Time Cost: 00000002 ms
Total Time Cost: 01223805 ms
Total Distance 153: 0 0 5 5 0 7 5 5 4 4 0 5 5 5 0 4 5 0 0 0 5 0 0 0 2 0 0 6 6 0 6 5 5 5 5 0 0 5 5 0 0 0 4 6 6 0 5 4 5 4 0 5
Last Time Cost: 00000002 ms
Total Time Cost: 01223807 ms
Total Distance 152: 0 0 5 5 0 7 5 5 4 4 0 5 5 5 0 4 5 0 0 0 5 0 0 0 1 0 0 6 6 0 6 5 5 5 5 0 0 5 5 0 0 0 4 6 6 0 5 4 5 4 0 5
Last Time Cost: 00000001 ms
Total Time Cost: 01223808 ms
Total Distance 151: 0 0 5 5 0 7 5 5 4 4 0 5 5 5 0 4 5 0 0 0 5 0 0 0 0 0 0 6 6 0 6 5 5 5 5 0 0 5 5 0 0 0 4 6 6 0 5 4 5 4 0 5
Last Time Cost: 00003593 ms
Total Time Cost: 01227401 ms
Total Distance 150: 0 0 5 5 0 7 5 5 4 4 0 5 5 5 0 4 5 0 0 0 5 0 0 0 0 0 0 6 6 0 6 5 5 5 5 0 0 5 5 0 0 0 3 6 6 0 5 4 5 4 0 5
Last Time Cost: 00000002 ms
Total Time Cost: 01227403 ms
Total Distance 149: 0 0 5 5 0 7 5 5 4 4 0 5 5 5 0 4 5 0 0 0 5 0 0 0 0 0 0 6 6 0 6 5 5 5 5 0 0 5 5 0 0 0 2 6 6 0 5 4 5 4 0 5
Last Time Cost: 00000002 ms
Total Time Cost: 01227405 ms
Total Distance 148: 0 0 5 5 0 7 5 5 4 4 0 5 5 5 0 4 5 0 0 0 5 0 0 0 0 0 0 6 6 0 6 5 5 5 5 0 0 5 5 0 0 0 1 6 6 0 5 4 5 4 0 5
Last Time Cost: 00000002 ms
Total Time Cost: 01227407 ms
Total Distance 147: 0 0 5 5 0 7 5 5 4 4 0 5 5 5 0 4 5 0 0 0 5 0 0 0 0 0 0 6 6 0 6 5 5 5 5 0 0 5 5 0 0 0 0 6 6 0 5 4 5 4 0 5
Last Time Cost: 00003713 ms
Total Time Cost: 01231120 ms
Total Distance 146: 0 0 5 5 0 7 5 5 4 4 0 5 5 5 0 3 5 0 0 0 5 0 0 0 0 0 0 6 6 0 6 5 5 5 5 0 0 5 5 0 0 0 0 6 6 0 5 4 5 4 0 5
Last Time Cost: 00000002 ms
Total Time Cost: 01231122 ms
Total Distance 145: 0 0 5 5 0 7 5 5 4 4 0 5 5 5 0 2 5 0 0 0 5 0 0 0 0 0 0 6 6 0 6 5 5 5 5 0 0 5 5 0 0 0 0 6 6 0 5 4 5 4 0 5
Last Time Cost: 00000002 ms
Total Time Cost: 01231124 ms
Total Distance 144: 0 0 5 5 0 7 5 5 4 4 0 5 5 5 0 1 5 0 0 0 5 0 0 0 0 0 0 6 6 0 6 5 5 5 5 0 0 5 5 0 0 0 0 6 6 0 5 4 5 4 0 5
Last Time Cost: 00000002 ms
Total Time Cost: 01231126 ms
Total Distance 143: 0 0 5 5 0 7 5 5 4 4 0 5 5 5 0 0 5 0 0 0 5 0 0 0 0 0 0 6 6 0 6 5 5 5 5 0 0 5 5 0 0 0 0 6 6 0 5 4 5 4 0 5
Last Time Cost: 00004545 ms
Total Time Cost: 01235671 ms
Total Distance 141: 0 0 5 5 0 7 5 5 4 4 0 5 5 5 0 0 5 0 0 0 5 0 0 0 0 0 0 6 6 0 6 5 5 5 5 0 0 5 4 0 0 0 0 5 6 0 5 4 5 4 0 5
Last Time Cost: 00004913 ms
Total Time Cost: 01240584 ms
Total Distance 140: 0 0 5 5 0 7 5 5 4 3 0 5 5 5 0 0 5 0 0 0 5 0 0 0 0 0 0 6 6 0 6 5 5 5 5 0 0 5 4 0 0 0 0 5 6 0 5 4 5 4 0 5
Last Time Cost: 00000002 ms
Total Time Cost: 01240586 ms
Total Distance 139: 0 0 5 5 0 7 5 5 4 2 0 5 5 5 0 0 5 0 0 0 5 0 0 0 0 0 0 6 6 0 6 5 5 5 5 0 0 5 4 0 0 0 0 5 6 0 5 4 5 4 0 5
Last Time Cost: 00000002 ms
Total Time Cost: 01240588 ms
Total Distance 138: 0 0 5 5 0 7 5 5 4 1 0 5 5 5 0 0 5 0 0 0 5 0 0 0 0 0 0 6 6 0 6 5 5 5 5 0 0 5 4 0 0 0 0 5 6 0 5 4 5 4 0 5
Last Time Cost: 00000002 ms
Total Time Cost: 01240590 ms
Total Distance 137: 0 0 5 5 0 7 5 5 4 0 0 5 5 5 0 0 5 0 0 0 5 0 0 0 0 0 0 6 6 0 6 5 5 5 5 0 0 5 4 0 0 0 0 5 6 0 5 4 5 4 0 5
Last Time Cost: 00005441 ms
Total Time Cost: 01246031 ms
Total Distance 136: 0 0 5 5 0 7 5 5 3 0 0 5 5 5 0 0 5 0 0 0 5 0 0 0 0 0 0 6 6 0 6 5 5 5 5 0 0 5 4 0 0 0 0 5 6 0 5 4 5 4 0 5
Last Time Cost: 00000002 ms
Total Time Cost: 01246033 ms
Total Distance 135: 0 0 5 5 0 7 5 5 2 0 0 5 5 5 0 0 5 0 0 0 5 0 0 0 0 0 0 6 6 0 6 5 5 5 5 0 0 5 4 0 0 0 0 5 6 0 5 4 5 4 0 5
Last Time Cost: 00000002 ms
Total Time Cost: 01246035 ms
Total Distance 134: 0 0 5 5 0 7 5 5 1 0 0 5 5 5 0 0 5 0 0 0 5 0 0 0 0 0 0 6 6 0 6 5 5 5 5 0 0 5 4 0 0 0 0 5 6 0 5 4 5 4 0 5
Last Time Cost: 00000002 ms
Total Time Cost: 01246037 ms
Total Distance 133: 0 0 5 5 0 7 5 5 0 0 0 5 5 5 0 0 5 0 0 0 5 0 0 0 0 0 0 6 6 0 6 5 5 5 5 0 0 5 4 0 0 0 0 5 6 0 5 4 5 4 0 5
Last Time Cost: 00005801 ms
Total Time Cost: 01251838 ms
Total Distance 132: 0 0 5 5 0 7 5 5 0 0 0 5 5 5 0 0 5 0 0 0 5 0 0 0 0 0 0 6 6 0 6 5 5 5 5 0 0 5 4 0 0 0 0 5 6 0 5 4 5 3 0 5
Last Time Cost: 00000002 ms
Total Time Cost: 01251840 ms
Total Distance 131: 0 0 5 5 0 7 5 5 0 0 0 5 5 5 0 0 5 0 0 0 5 0 0 0 0 0 0 6 6 0 6 5 5 5 5 0 0 5 4 0 0 0 0 5 6 0 5 4 5 2 0 5
Last Time Cost: 00000002 ms
Total Time Cost: 01251842 ms
Total Distance 130: 0 0 5 5 0 7 5 5 0 0 0 5 5 5 0 0 5 0 0 0 5 0 0 0 0 0 0 6 6 0 6 5 5 5 5 0 0 5 4 0 0 0 0 5 6 0 5 4 5 1 0 5
Last Time Cost: 00000002 ms
Total Time Cost: 01251844 ms
Total Distance 129: 0 0 5 5 0 7 5 5 0 0 0 5 5 5 0 0 5 0 0 0 5 0 0 0 0 0 0 6 6 0 6 5 5 5 5 0 0 5 4 0 0 0 0 5 6 0 5 4 5 0 0 5
Last Time Cost: 00006079 ms
Total Time Cost: 01257923 ms
Total Distance 128: 0 0 5 5 0 7 5 5 0 0 0 5 5 5 0 0 5 0 0 0 5 0 0 0 0 0 0 6 6 0 6 5 5 5 5 0 0 5 4 0 0 0 0 5 6 0 5 3 5 0 0 5
Last Time Cost: 00000003 ms
Total Time Cost: 01257926 ms
Total Distance 127: 0 0 5 5 0 7 5 5 0 0 0 5 5 5 0 0 5 0 0 0 5 0 0 0 0 0 0 6 6 0 6 5 5 5 5 0 0 5 4 0 0 0 0 5 6 0 5 2 5 0 0 5
Last Time Cost: 00000002 ms
Total Time Cost: 01257928 ms
Total Distance 126: 0 0 5 5 0 7 5 5 0 0 0 5 5 5 0 0 5 0 0 0 5 0 0 0 0 0 0 6 6 0 6 5 5 5 5 0 0 5 4 0 0 0 0 5 6 0 5 1 5 0 0 5
Last Time Cost: 00000002 ms
Total Time Cost: 01257930 ms
Total Distance 125: 0 0 5 5 0 7 5 5 0 0 0 5 5 5 0 0 5 0 0 0 5 0 0 0 0 0 0 6 6 0 6 5 5 5 5 0 0 5 4 0 0 0 0 5 6 0 5 0 5 0 0 5
Last Time Cost: 00007098 ms
Total Time Cost: 01265028 ms
Total Distance 124: 0 0 5 5 0 7 5 5 0 0 0 5 5 5 0 0 5 0 0 0 5 0 0 0 0 0 0 6 6 0 6 5 5 5 5 0 0 5 3 0 0 0 0 5 6 0 5 0 5 0 0 5
Last Time Cost: 00000003 ms
Total Time Cost: 01265031 ms
Total Distance 123: 0 0 5 5 0 7 5 5 0 0 0 5 5 5 0 0 5 0 0 0 5 0 0 0 0 0 0 6 6 0 6 5 5 5 5 0 0 5 2 0 0 0 0 5 6 0 5 0 5 0 0 5
Last Time Cost: 00000002 ms
Total Time Cost: 01265033 ms
Total Distance 122: 0 0 5 5 0 7 5 5 0 0 0 5 5 5 0 0 5 0 0 0 5 0 0 0 0 0 0 6 6 0 6 5 5 5 5 0 0 5 1 0 0 0 0 5 6 0 5 0 5 0 0 5
Last Time Cost: 00000002 ms
Total Time Cost: 01265035 ms
Total Distance 121: 0 0 5 5 0 7 5 5 0 0 0 5 5 5 0 0 5 0 0 0 5 0 0 0 0 0 0 6 6 0 6 5 5 5 5 0 0 5 0 0 0 0 0 5 6 0 5 0 5 0 0 5
Last Time Cost: 00007979 ms
Total Time Cost: 01273014 ms
Total Distance 120: 0 0 5 5 0 7 5 5 0 0 0 5 5 5 0 0 5 0 0 0 5 0 0 0 0 0 0 6 6 0 6 5 4 5 5 0 0 5 0 0 0 0 0 5 6 0 5 0 5 0 0 5
Last Time Cost: 00000003 ms
Total Time Cost: 01273017 ms
Total Distance 119: 0 0 5 5 0 7 5 5 0 0 0 5 5 5 0 0 5 0 0 0 5 0 0 0 0 0 0 6 6 0 6 5 3 5 5 0 0 5 0 0 0 0 0 5 6 0 5 0 5 0 0 5
Last Time Cost: 00000003 ms
Total Time Cost: 01273020 ms
Total Distance 118: 0 0 5 5 0 7 5 5 0 0 0 5 5 5 0 0 5 0 0 0 5 0 0 0 0 0 0 6 6 0 6 5 2 5 5 0 0 5 0 0 0 0 0 5 6 0 5 0 5 0 0 5
Last Time Cost: 00000002 ms
Total Time Cost: 01273022 ms
Total Distance 117: 0 0 5 5 0 7 5 5 0 0 0 5 5 5 0 0 5 0 0 0 5 0 0 0 0 0 0 6 6 0 6 5 1 5 5 0 0 5 0 0 0 0 0 5 6 0 5 0 5 0 0 5
Last Time Cost: 00000002 ms
Total Time Cost: 01273024 ms
Total Distance 116: 0 0 5 5 0 7 5 5 0 0 0 5 5 5 0 0 5 0 0 0 5 0 0 0 0 0 0 6 6 0 6 5 0 5 5 0 0 5 0 0 0 0 0 5 6 0 5 0 5 0 0 5
Last Time Cost: 00009479 ms
Total Time Cost: 01282503 ms
Total Distance 115: 0 0 5 5 0 7 5 5 0 0 0 4 5 5 0 0 5 0 0 0 5 0 0 0 0 0 0 6 6 0 6 5 0 5 5 0 0 5 0 0 0 0 0 5 6 0 5 0 5 0 0 5
Last Time Cost: 00000003 ms
Total Time Cost: 01282506 ms
Total Distance 114: 0 0 5 5 0 7 5 5 0 0 0 3 5 5 0 0 5 0 0 0 5 0 0 0 0 0 0 6 6 0 6 5 0 5 5 0 0 5 0 0 0 0 0 5 6 0 5 0 5 0 0 5
Last Time Cost: 00000003 ms
Total Time Cost: 01282509 ms
Total Distance 113: 0 0 5 5 0 7 5 5 0 0 0 2 5 5 0 0 5 0 0 0 5 0 0 0 0 0 0 6 6 0 6 5 0 5 5 0 0 5 0 0 0 0 0 5 6 0 5 0 5 0 0 5
Last Time Cost: 00000002 ms
Total Time Cost: 01282511 ms
Total Distance 112: 0 0 5 5 0 7 5 5 0 0 0 1 5 5 0 0 5 0 0 0 5 0 0 0 0 0 0 6 6 0 6 5 0 5 5 0 0 5 0 0 0 0 0 5 6 0 5 0 5 0 0 5
Last Time Cost: 00000002 ms
Total Time Cost: 01282513 ms
Total Distance 111: 0 0 5 5 0 7 5 5 0 0 0 0 5 5 0 0 5 0 0 0 5 0 0 0 0 0 0 6 6 0 6 5 0 5 5 0 0 5 0 0 0 0 0 5 6 0 5 0 5 0 0 5
Last Time Cost: 00009690 ms
Total Time Cost: 01292203 ms
Total Distance 110: 0 0 5 5 0 7 5 5 0 0 0 0 5 5 0 0 5 0 0 0 4 0 0 0 0 0 0 6 6 0 6 5 0 5 5 0 0 5 0 0 0 0 0 5 6 0 5 0 5 0 0 5
Last Time Cost: 00000003 ms
Total Time Cost: 01292206 ms
Total Distance 109: 0 0 5 5 0 7 5 5 0 0 0 0 5 5 0 0 5 0 0 0 3 0 0 0 0 0 0 6 6 0 6 5 0 5 5 0 0 5 0 0 0 0 0 5 6 0 5 0 5 0 0 5
Last Time Cost: 00000003 ms
Total Time Cost: 01292209 ms
Total Distance 108: 0 0 5 5 0 7 5 5 0 0 0 0 5 5 0 0 5 0 0 0 2 0 0 0 0 0 0 6 6 0 6 5 0 5 5 0 0 5 0 0 0 0 0 5 6 0 5 0 5 0 0 5
Last Time Cost: 00000002 ms
Total Time Cost: 01292211 ms
Total Distance 107: 0 0 5 5 0 7 5 5 0 0 0 0 5 5 0 0 5 0 0 0 1 0 0 0 0 0 0 6 6 0 6 5 0 5 5 0 0 5 0 0 0 0 0 5 6 0 5 0 5 0 0 5
Last Time Cost: 00000002 ms
Total Time Cost: 01292213 ms
Total Distance 106: 0 0 5 5 0 7 5 5 0 0 0 0 5 5 0 0 5 0 0 0 0 0 0 0 0 0 0 6 6 0 6 5 0 5 5 0 0 5 0 0 0 0 0 5 6 0 5 0 5 0 0 5
Last Time Cost: 00012443 ms
Total Time Cost: 01304656 ms
Total Distance 105: 0 0 5 5 0 7 5 5 0 0 0 0 5 5 0 0 5 0 0 0 0 0 0 0 0 0 0 6 6 0 6 4 0 5 5 0 0 5 0 0 0 0 0 5 6 0 5 0 5 0 0 5
Last Time Cost: 00000004 ms
Total Time Cost: 01304660 ms
Total Distance 104: 0 0 5 5 0 7 5 5 0 0 0 0 5 5 0 0 5 0 0 0 0 0 0 0 0 0 0 6 6 0 6 3 0 5 5 0 0 5 0 0 0 0 0 5 6 0 5 0 5 0 0 5
Last Time Cost: 00000003 ms
Total Time Cost: 01304663 ms
Total Distance 103: 0 0 5 5 0 7 5 5 0 0 0 0 5 5 0 0 5 0 0 0 0 0 0 0 0 0 0 6 6 0 6 2 0 5 5 0 0 5 0 0 0 0 0 5 6 0 5 0 5 0 0 5
Last Time Cost: 00000003 ms
Total Time Cost: 01304666 ms
Total Distance 102: 0 0 5 5 0 7 5 5 0 0 0 0 5 5 0 0 5 0 0 0 0 0 0 0 0 0 0 6 6 0 6 1 0 5 5 0 0 5 0 0 0 0 0 5 6 0 5 0 5 0 0 5
Last Time Cost: 00000002 ms
Total Time Cost: 01304668 ms
Total Distance 101: 0 0 5 5 0 7 5 5 0 0 0 0 5 5 0 0 5 0 0 0 0 0 0 0 0 0 0 6 6 0 6 0 0 5 5 0 0 5 0 0 0 0 0 5 6 0 5 0 5 0 0 5
Last Time Cost: 00014281 ms
Total Time Cost: 01318949 ms
Total Distance 100: 0 0 5 5 0 7 5 5 0 0 0 0 5 5 0 0 5 0 0 0 0 0 0 0 0 0 0 6 6 0 6 0 0 5 5 0 0 4 0 0 0 0 0 5 6 0 5 0 5 0 0 5
Last Time Cost: 00000004 ms
Total Time Cost: 01318953 ms
Total Distance 99: 0 0 5 5 0 7 5 5 0 0 0 0 5 5 0 0 5 0 0 0 0 0 0 0 0 0 0 6 6 0 6 0 0 5 5 0 0 3 0 0 0 0 0 5 6 0 5 0 5 0 0 5
Last Time Cost: 00000003 ms
Total Time Cost: 01318956 ms
Total Distance 98: 0 0 5 5 0 7 5 5 0 0 0 0 5 5 0 0 5 0 0 0 0 0 0 0 0 0 0 6 6 0 6 0 0 5 5 0 0 2 0 0 0 0 0 5 6 0 5 0 5 0 0 5
Last Time Cost: 00000003 ms
Total Time Cost: 01318959 ms
Total Distance 97: 0 0 5 5 0 7 5 5 0 0 0 0 5 5 0 0 5 0 0 0 0 0 0 0 0 0 0 6 6 0 6 0 0 5 5 0 0 1 0 0 0 0 0 5 6 0 5 0 5 0 0 5
Last Time Cost: 00000002 ms
Total Time Cost: 01318961 ms
Total Distance 96: 0 0 5 5 0 7 5 5 0 0 0 0 5 5 0 0 5 0 0 0 0 0 0 0 0 0 0 6 6 0 6 0 0 5 5 0 0 0 0 0 0 0 0 5 6 0 5 0 5 0 0 5
Last Time Cost: 00015600 ms
Total Time Cost: 01334561 ms
Total Distance 95: 0 0 5 5 0 7 5 5 0 0 0 0 5 5 0 0 5 0 0 0 0 0 0 0 0 0 0 6 6 0 6 0 0 5 5 0 0 0 0 0 0 0 0 5 6 0 4 0 5 0 0 5
Last Time Cost: 00000004 ms
Total Time Cost: 01334565 ms
Total Distance 94: 0 0 5 5 0 7 5 5 0 0 0 0 5 5 0 0 5 0 0 0 0 0 0 0 0 0 0 6 6 0 6 0 0 5 5 0 0 0 0 0 0 0 0 5 6 0 3 0 5 0 0 5
Last Time Cost: 00000003 ms
Total Time Cost: 01334568 ms
Total Distance 93: 0 0 5 5 0 7 5 5 0 0 0 0 5 5 0 0 5 0 0 0 0 0 0 0 0 0 0 6 6 0 6 0 0 5 5 0 0 0 0 0 0 0 0 5 6 0 2 0 5 0 0 5
Last Time Cost: 00000003 ms
Total Time Cost: 01334571 ms
Total Distance 92: 0 0 5 5 0 7 5 5 0 0 0 0 5 5 0 0 5 0 0 0 0 0 0 0 0 0 0 6 6 0 6 0 0 5 5 0 0 0 0 0 0 0 0 5 6 0 1 0 5 0 0 5
Last Time Cost: 00000002 ms
Total Time Cost: 01334573 ms
Total Distance 91: 0 0 5 5 0 7 5 5 0 0 0 0 5 5 0 0 5 0 0 0 0 0 0 0 0 0 0 6 6 0 6 0 0 5 5 0 0 0 0 0 0 0 0 5 6 0 0 0 5 0 0 5
Last Time Cost: 00017368 ms
Total Time Cost: 01351941 ms
Total Distance 90: 0 0 5 5 0 7 5 4 0 0 0 0 5 5 0 0 5 0 0 0 0 0 0 0 0 0 0 6 6 0 6 0 0 5 5 0 0 0 0 0 0 0 0 5 6 0 0 0 5 0 0 5
Last Time Cost: 00000004 ms
Total Time Cost: 01351945 ms
Total Distance 89: 0 0 5 5 0 7 5 3 0 0 0 0 5 5 0 0 5 0 0 0 0 0 0 0 0 0 0 6 6 0 6 0 0 5 5 0 0 0 0 0 0 0 0 5 6 0 0 0 5 0 0 5
Last Time Cost: 00000003 ms
Total Time Cost: 01351948 ms
Total Distance 88: 0 0 5 5 0 7 5 2 0 0 0 0 5 5 0 0 5 0 0 0 0 0 0 0 0 0 0 6 6 0 6 0 0 5 5 0 0 0 0 0 0 0 0 5 6 0 0 0 5 0 0 5
Last Time Cost: 00000003 ms
Total Time Cost: 01351951 ms
Total Distance 87: 0 0 5 5 0 7 5 1 0 0 0 0 5 5 0 0 5 0 0 0 0 0 0 0 0 0 0 6 6 0 6 0 0 5 5 0 0 0 0 0 0 0 0 5 6 0 0 0 5 0 0 5
Last Time Cost: 00000002 ms
Total Time Cost: 01351953 ms
Total Distance 86: 0 0 5 5 0 7 5 0 0 0 0 0 5 5 0 0 5 0 0 0 0 0 0 0 0 0 0 6 6 0 6 0 0 5 5 0 0 0 0 0 0 0 0 5 6 0 0 0 5 0 0 5
Last Time Cost: 00019241 ms
Total Time Cost: 01371194 ms
Total Distance 85: 0 0 5 5 0 7 5 0 0 0 0 0 4 5 0 0 5 0 0 0 0 0 0 0 0 0 0 6 6 0 6 0 0 5 5 0 0 0 0 0 0 0 0 5 6 0 0 0 5 0 0 5
Last Time Cost: 00000004 ms
Total Time Cost: 01371198 ms
Total Distance 84: 0 0 5 5 0 7 5 0 0 0 0 0 3 5 0 0 5 0 0 0 0 0 0 0 0 0 0 6 6 0 6 0 0 5 5 0 0 0 0 0 0 0 0 5 6 0 0 0 5 0 0 5
Last Time Cost: 00000003 ms
Total Time Cost: 01371201 ms
Total Distance 83: 0 0 5 5 0 7 5 0 0 0 0 0 2 5 0 0 5 0 0 0 0 0 0 0 0 0 0 6 6 0 6 0 0 5 5 0 0 0 0 0 0 0 0 5 6 0 0 0 5 0 0 5
Last Time Cost: 00000003 ms
Total Time Cost: 01371204 ms
Total Distance 82: 0 0 5 5 0 7 5 0 0 0 0 0 1 5 0 0 5 0 0 0 0 0 0 0 0 0 0 6 6 0 6 0 0 5 5 0 0 0 0 0 0 0 0 5 6 0 0 0 5 0 0 5
Last Time Cost: 00000002 ms
Total Time Cost: 01371206 ms
Total Distance 81: 0 0 5 5 0 7 5 0 0 0 0 0 0 5 0 0 5 0 0 0 0 0 0 0 0 0 0 6 6 0 6 0 0 5 5 0 0 0 0 0 0 0 0 5 6 0 0 0 5 0 0 5
Last Time Cost: 00021852 ms
Total Time Cost: 01393058 ms
Total Distance 80: 0 0 5 5 0 7 5 0 0 0 0 0 0 5 0 0 5 0 0 0 0 0 0 0 0 0 0 6 6 0 6 0 0 4 5 0 0 0 0 0 0 0 0 5 6 0 0 0 5 0 0 5
Last Time Cost: 00000004 ms
Total Time Cost: 01393062 ms
Total Distance 79: 0 0 5 5 0 7 5 0 0 0 0 0 0 5 0 0 5 0 0 0 0 0 0 0 0 0 0 6 6 0 6 0 0 3 5 0 0 0 0 0 0 0 0 5 6 0 0 0 5 0 0 5
Last Time Cost: 00000004 ms
Total Time Cost: 01393066 ms
Total Distance 78: 0 0 5 5 0 7 5 0 0 0 0 0 0 5 0 0 5 0 0 0 0 0 0 0 0 0 0 6 6 0 6 0 0 2 5 0 0 0 0 0 0 0 0 5 6 0 0 0 5 0 0 5
Last Time Cost: 00000003 ms
Total Time Cost: 01393069 ms
Total Distance 77: 0 0 5 5 0 7 5 0 0 0 0 0 0 5 0 0 5 0 0 0 0 0 0 0 0 0 0 6 6 0 6 0 0 1 5 0 0 0 0 0 0 0 0 5 6 0 0 0 5 0 0 5
Last Time Cost: 00000003 ms
Total Time Cost: 01393072 ms
Total Distance 76: 0 0 5 5 0 7 5 0 0 0 0 0 0 5 0 0 5 0 0 0 0 0 0 0 0 0 0 6 6 0 6 0 0 0 5 0 0 0 0 0 0 0 0 5 6 0 0 0 5 0 0 5
Last Time Cost: 00023356 ms
Total Time Cost: 01416428 ms
Total Distance 75: 0 0 5 5 0 7 5 0 0 0 0 0 0 4 0 0 5 0 0 0 0 0 0 0 0 0 0 6 6 0 6 0 0 0 5 0 0 0 0 0 0 0 0 5 6 0 0 0 5 0 0 5
Last Time Cost: 00000004 ms
Total Time Cost: 01416432 ms
Total Distance 74: 0 0 5 5 0 7 5 0 0 0 0 0 0 3 0 0 5 0 0 0 0 0 0 0 0 0 0 6 6 0 6 0 0 0 5 0 0 0 0 0 0 0 0 5 6 0 0 0 5 0 0 5
Last Time Cost: 00000004 ms
Total Time Cost: 01416436 ms
Total Distance 73: 0 0 5 5 0 7 5 0 0 0 0 0 0 2 0 0 5 0 0 0 0 0 0 0 0 0 0 6 6 0 6 0 0 0 5 0 0 0 0 0 0 0 0 5 6 0 0 0 5 0 0 5
Last Time Cost: 00000003 ms
Total Time Cost: 01416439 ms
Total Distance 72: 0 0 5 5 0 7 5 0 0 0 0 0 0 1 0 0 5 0 0 0 0 0 0 0 0 0 0 6 6 0 6 0 0 0 5 0 0 0 0 0 0 0 0 5 6 0 0 0 5 0 0 5
Last Time Cost: 00000003 ms
Total Time Cost: 01416442 ms
Total Distance 71: 0 0 5 5 0 7 5 0 0 0 0 0 0 0 0 0 5 0 0 0 0 0 0 0 0 0 0 6 6 0 6 0 0 0 5 0 0 0 0 0 0 0 0 5 6 0 0 0 5 0 0 5
Last Time Cost: 00023545 ms
Total Time Cost: 01439987 ms
Total Distance 70: 0 0 5 5 0 7 5 0 0 0 0 0 0 0 0 0 4 0 0 0 0 0 0 0 0 0 0 6 6 0 6 0 0 0 5 0 0 0 0 0 0 0 0 5 6 0 0 0 5 0 0 5
Last Time Cost: 00000005 ms
Total Time Cost: 01439992 ms
Total Distance 69: 0 0 5 5 0 7 5 0 0 0 0 0 0 0 0 0 3 0 0 0 0 0 0 0 0 0 0 6 6 0 6 0 0 0 5 0 0 0 0 0 0 0 0 5 6 0 0 0 5 0 0 5
Last Time Cost: 00000004 ms
Total Time Cost: 01439996 ms
Total Distance 68: 0 0 5 5 0 7 5 0 0 0 0 0 0 0 0 0 2 0 0 0 0 0 0 0 0 0 0 6 6 0 6 0 0 0 5 0 0 0 0 0 0 0 0 5 6 0 0 0 5 0 0 5
Last Time Cost: 00000003 ms
Total Time Cost: 01439999 ms
Total Distance 67: 0 0 5 5 0 7 5 0 0 0 0 0 0 0 0 0 1 0 0 0 0 0 0 0 0 0 0 6 6 0 6 0 0 0 5 0 0 0 0 0 0 0 0 5 6 0 0 0 5 0 0 5
Last Time Cost: 00000003 ms
Total Time Cost: 01440002 ms
Total Distance 66: 0 0 5 5 0 7 5 0 0 0 0 0 0 0 0 0 0 0 0 0 0 0 0 0 0 0 0 6 6 0 6 0 0 0 5 0 0 0 0 0 0 0 0 5 6 0 0 0 5 0 0 5
Last Time Cost: 00029435 ms
Total Time Cost: 01469437 ms
Total Distance 65: 0 0 5 4 0 7 5 0 0 0 0 0 0 0 0 0 0 0 0 0 0 0 0 0 0 0 0 6 6 0 6 0 0 0 5 0 0 0 0 0 0 0 0 5 6 0 0 0 5 0 0 5
Last Time Cost: 00000005 ms
Total Time Cost: 01469442 ms
Total Distance 64: 0 0 5 3 0 7 5 0 0 0 0 0 0 0 0 0 0 0 0 0 0 0 0 0 0 0 0 6 6 0 6 0 0 0 5 0 0 0 0 0 0 0 0 5 6 0 0 0 5 0 0 5
Last Time Cost: 00000004 ms
Total Time Cost: 01469446 ms
Total Distance 63: 0 0 5 2 0 7 5 0 0 0 0 0 0 0 0 0 0 0 0 0 0 0 0 0 0 0 0 6 6 0 6 0 0 0 5 0 0 0 0 0 0 0 0 5 6 0 0 0 5 0 0 5
Last Time Cost: 00000004 ms
Total Time Cost: 01469450 ms
Total Distance 62: 0 0 5 1 0 7 5 0 0 0 0 0 0 0 0 0 0 0 0 0 0 0 0 0 0 0 0 6 6 0 6 0 0 0 5 0 0 0 0 0 0 0 0 5 6 0 0 0 5 0 0 5
Last Time Cost: 00000003 ms
Total Time Cost: 01469453 ms
Total Distance 61: 0 0 5 0 0 7 5 0 0 0 0 0 0 0 0 0 0 0 0 0 0 0 0 0 0 0 0 6 6 0 6 0 0 0 5 0 0 0 0 0 0 0 0 5 6 0 0 0 5 0 0 5
Last Time Cost: 00031775 ms
Total Time Cost: 01501228 ms
Total Distance 60: 0 0 5 0 0 7 5 0 0 0 0 0 0 0 0 0 0 0 0 0 0 0 0 0 0 0 0 6 6 0 6 0 0 0 4 0 0 0 0 0 0 0 0 5 6 0 0 0 5 0 0 5
Last Time Cost: 00000005 ms
Total Time Cost: 01501233 ms
Total Distance 59: 0 0 5 0 0 7 5 0 0 0 0 0 0 0 0 0 0 0 0 0 0 0 0 0 0 0 0 6 6 0 6 0 0 0 3 0 0 0 0 0 0 0 0 5 6 0 0 0 5 0 0 5
Last Time Cost: 00000004 ms
Total Time Cost: 01501237 ms
Total Distance 58: 0 0 5 0 0 7 5 0 0 0 0 0 0 0 0 0 0 0 0 0 0 0 0 0 0 0 0 6 6 0 6 0 0 0 2 0 0 0 0 0 0 0 0 5 6 0 0 0 5 0 0 5
Last Time Cost: 00000004 ms
Total Time Cost: 01501241 ms
Total Distance 57: 0 0 5 0 0 7 5 0 0 0 0 0 0 0 0 0 0 0 0 0 0 0 0 0 0 0 0 6 6 0 6 0 0 0 1 0 0 0 0 0 0 0 0 5 6 0 0 0 5 0 0 5
Last Time Cost: 00000003 ms
Total Time Cost: 01501244 ms
Total Distance 56: 0 0 5 0 0 7 5 0 0 0 0 0 0 0 0 0 0 0 0 0 0 0 0 0 0 0 0 6 6 0 6 0 0 0 0 0 0 0 0 0 0 0 0 5 6 0 0 0 5 0 0 5
Last Time Cost: 00035918 ms
Total Time Cost: 01537162 ms
Total Distance 55: 0 0 5 0 0 7 5 0 0 0 0 0 0 0 0 0 0 0 0 0 0 0 0 0 0 0 0 6 6 0 6 0 0 0 0 0 0 0 0 0 0 0 0 4 6 0 0 0 5 0 0 5
Last Time Cost: 00000005 ms
Total Time Cost: 01537167 ms
Total Distance 54: 0 0 5 0 0 7 5 0 0 0 0 0 0 0 0 0 0 0 0 0 0 0 0 0 0 0 0 6 6 0 6 0 0 0 0 0 0 0 0 0 0 0 0 3 6 0 0 0 5 0 0 5
Last Time Cost: 00000004 ms
Total Time Cost: 01537171 ms
Total Distance 53: 0 0 5 0 0 7 5 0 0 0 0 0 0 0 0 0 0 0 0 0 0 0 0 0 0 0 0 6 6 0 6 0 0 0 0 0 0 0 0 0 0 0 0 2 6 0 0 0 5 0 0 5
Last Time Cost: 00000004 ms
Total Time Cost: 01537175 ms
Total Distance 52: 0 0 5 0 0 7 5 0 0 0 0 0 0 0 0 0 0 0 0 0 0 0 0 0 0 0 0 6 6 0 6 0 0 0 0 0 0 0 0 0 0 0 0 1 6 0 0 0 5 0 0 5
Last Time Cost: 00000003 ms
Total Time Cost: 01537178 ms
Total Distance 51: 0 0 5 0 0 7 5 0 0 0 0 0 0 0 0 0 0 0 0 0 0 0 0 0 0 0 0 6 6 0 6 0 0 0 0 0 0 0 0 0 0 0 0 0 6 0 0 0 5 0 0 5
Last Time Cost: 00040130 ms
Total Time Cost: 01577308 ms
Total Distance 50: 0 0 5 0 0 7 4 0 0 0 0 0 0 0 0 0 0 0 0 0 0 0 0 0 0 0 0 6 6 0 6 0 0 0 0 0 0 0 0 0 0 0 0 0 6 0 0 0 5 0 0 5
Last Time Cost: 00000005 ms
Total Time Cost: 01577313 ms
Total Distance 49: 0 0 5 0 0 7 3 0 0 0 0 0 0 0 0 0 0 0 0 0 0 0 0 0 0 0 0 6 6 0 6 0 0 0 0 0 0 0 0 0 0 0 0 0 6 0 0 0 5 0 0 5
Last Time Cost: 00000005 ms
Total Time Cost: 01577318 ms
Total Distance 48: 0 0 5 0 0 7 2 0 0 0 0 0 0 0 0 0 0 0 0 0 0 0 0 0 0 0 0 6 6 0 6 0 0 0 0 0 0 0 0 0 0 0 0 0 6 0 0 0 5 0 0 5
Last Time Cost: 00000004 ms
Total Time Cost: 01577322 ms
Total Distance 47: 0 0 5 0 0 7 1 0 0 0 0 0 0 0 0 0 0 0 0 0 0 0 0 0 0 0 0 6 6 0 6 0 0 0 0 0 0 0 0 0 0 0 0 0 6 0 0 0 5 0 0 5
Last Time Cost: 00000004 ms
Total Time Cost: 01577326 ms
Total Distance 46: 0 0 5 0 0 7 0 0 0 0 0 0 0 0 0 0 0 0 0 0 0 0 0 0 0 0 0 6 6 0 6 0 0 0 0 0 0 0 0 0 0 0 0 0 6 0 0 0 5 0 0 5
Last Time Cost: 00042608 ms
Total Time Cost: 01619934 ms
Total Distance 45: 0 0 5 0 0 7 0 0 0 0 0 0 0 0 0 0 0 0 0 0 0 0 0 0 0 0 0 6 6 0 6 0 0 0 0 0 0 0 0 0 0 0 0 0 6 0 0 0 4 0 0 5
Last Time Cost: 00000006 ms
Total Time Cost: 01619940 ms
Total Distance 44: 0 0 5 0 0 7 0 0 0 0 0 0 0 0 0 0 0 0 0 0 0 0 0 0 0 0 0 6 6 0 6 0 0 0 0 0 0 0 0 0 0 0 0 0 6 0 0 0 3 0 0 5
Last Time Cost: 00000005 ms
Total Time Cost: 01619945 ms
Total Distance 43: 0 0 5 0 0 7 0 0 0 0 0 0 0 0 0 0 0 0 0 0 0 0 0 0 0 0 0 6 6 0 6 0 0 0 0 0 0 0 0 0 0 0 0 0 6 0 0 0 2 0 0 5
Last Time Cost: 00000004 ms
Total Time Cost: 01619949 ms
Total Distance 42: 0 0 5 0 0 7 0 0 0 0 0 0 0 0 0 0 0 0 0 0 0 0 0 0 0 0 0 6 6 0 6 0 0 0 0 0 0 0 0 0 0 0 0 0 6 0 0 0 1 0 0 5
Last Time Cost: 00000004 ms
Total Time Cost: 01619953 ms
Total Distance 41: 0 0 5 0 0 7 0 0 0 0 0 0 0 0 0 0 0 0 0 0 0 0 0 0 0 0 0 6 6 0 6 0 0 0 0 0 0 0 0 0 0 0 0 0 6 0 0 0 0 0 0 5
Last Time Cost: 00049176 ms
Total Time Cost: 01669129 ms
Total Distance 40: 0 0 5 0 0 7 0 0 0 0 0 0 0 0 0 0 0 0 0 0 0 0 0 0 0 0 0 6 6 0 6 0 0 0 0 0 0 0 0 0 0 0 0 0 6 0 0 0 0 0 0 4
Last Time Cost: 00000006 ms
Total Time Cost: 01669135 ms
Total Distance 39: 0 0 5 0 0 7 0 0 0 0 0 0 0 0 0 0 0 0 0 0 0 0 0 0 0 0 0 6 6 0 6 0 0 0 0 0 0 0 0 0 0 0 0 0 6 0 0 0 0 0 0 3
Last Time Cost: 00000005 ms
Total Time Cost: 01669140 ms
Total Distance 38: 0 0 5 0 0 7 0 0 0 0 0 0 0 0 0 0 0 0 0 0 0 0 0 0 0 0 0 6 6 0 6 0 0 0 0 0 0 0 0 0 0 0 0 0 6 0 0 0 0 0 0 2
Last Time Cost: 00000005 ms
Total Time Cost: 01669145 ms
Total Distance 37: 0 0 5 0 0 7 0 0 0 0 0 0 0 0 0 0 0 0 0 0 0 0 0 0 0 0 0 6 6 0 6 0 0 0 0 0 0 0 0 0 0 0 0 0 6 0 0 0 0 0 0 1
Last Time Cost: 00000004 ms
Total Time Cost: 01669149 ms
Total Distance 36: 0 0 5 0 0 7 0 0 0 0 0 0 0 0 0 0 0 0 0 0 0 0 0 0 0 0 0 6 6 0 6 0 0 0 0 0 0 0 0 0 0 0 0 0 6 0 0 0 0 0 0 0
Last Time Cost: 00056910 ms
Total Time Cost: 01726059 ms
Total Distance 35: 0 0 4 0 0 7 0 0 0 0 0 0 0 0 0 0 0 0 0 0 0 0 0 0 0 0 0 6 6 0 6 0 0 0 0 0 0 0 0 0 0 0 0 0 6 0 0 0 0 0 0 0
Last Time Cost: 00000006 ms
Total Time Cost: 01726065 ms
Total Distance 34: 0 0 3 0 0 7 0 0 0 0 0 0 0 0 0 0 0 0 0 0 0 0 0 0 0 0 0 6 6 0 6 0 0 0 0 0 0 0 0 0 0 0 0 0 6 0 0 0 0 0 0 0
Last Time Cost: 00000005 ms
Total Time Cost: 01726070 ms
Total Distance 33: 0 0 2 0 0 7 0 0 0 0 0 0 0 0 0 0 0 0 0 0 0 0 0 0 0 0 0 6 6 0 6 0 0 0 0 0 0 0 0 0 0 0 0 0 6 0 0 0 0 0 0 0
Last Time Cost: 00000005 ms
Total Time Cost: 01726075 ms
Total Distance 32: 0 0 1 0 0 7 0 0 0 0 0 0 0 0 0 0 0 0 0 0 0 0 0 0 0 0 0 6 6 0 6 0 0 0 0 0 0 0 0 0 0 0 0 0 6 0 0 0 0 0 0 0
Last Time Cost: 00000004 ms
Total Time Cost: 01726079 ms
Total Distance 31: 0 0 0 0 0 7 0 0 0 0 0 0 0 0 0 0 0 0 0 0 0 0 0 0 0 0 0 6 6 0 6 0 0 0 0 0 0 0 0 0 0 0 0 0 6 0 0 0 0 0 0 0
Last Time Cost: 00063888 ms
Total Time Cost: 01789967 ms
Total Distance 30: 0 0 0 0 0 7 0 0 0 0 0 0 0 0 0 0 0 0 0 0 0 0 0 0 0 0 0 6 6 0 5 0 0 0 0 0 0 0 0 0 0 0 0 0 6 0 0 0 0 0 0 0
Last Time Cost: 00000073 ms
Total Time Cost: 01790040 ms
Total Distance 29: 0 0 0 0 0 7 0 0 0 0 0 0 0 0 0 0 0 0 0 0 0 0 0 0 0 0 0 6 6 0 4 0 0 0 0 0 0 0 0 0 0 0 0 0 6 0 0 0 0 0 0 0
Last Time Cost: 00000007 ms
Total Time Cost: 01790047 ms
Total Distance 28: 0 0 0 0 0 7 0 0 0 0 0 0 0 0 0 0 0 0 0 0 0 0 0 0 0 0 0 6 6 0 3 0 0 0 0 0 0 0 0 0 0 0 0 0 6 0 0 0 0 0 0 0
Last Time Cost: 00000006 ms
Total Time Cost: 01790053 ms
Total Distance 27: 0 0 0 0 0 7 0 0 0 0 0 0 0 0 0 0 0 0 0 0 0 0 0 0 0 0 0 6 6 0 2 0 0 0 0 0 0 0 0 0 0 0 0 0 6 0 0 0 0 0 0 0
Last Time Cost: 00000005 ms
Total Time Cost: 01790058 ms
Total Distance 26: 0 0 0 0 0 7 0 0 0 0 0 0 0 0 0 0 0 0 0 0 0 0 0 0 0 0 0 6 6 0 1 0 0 0 0 0 0 0 0 0 0 0 0 0 6 0 0 0 0 0 0 0
Last Time Cost: 00000004 ms
Total Time Cost: 01790062 ms
Total Distance 25: 0 0 0 0 0 7 0 0 0 0 0 0 0 0 0 0 0 0 0 0 0 0 0 0 0 0 0 6 6 0 0 0 0 0 0 0 0 0 0 0 0 0 0 0 6 0 0 0 0 0 0 0
Last Time Cost: 00072982 ms
Total Time Cost: 01863044 ms
Total Distance 24: 0 0 0 0 0 7 0 0 0 0 0 0 0 0 0 0 0 0 0 0 0 0 0 0 0 0 0 5 6 0 0 0 0 0 0 0 0 0 0 0 0 0 0 0 6 0 0 0 0 0 0 0
Last Time Cost: 00000077 ms
Total Time Cost: 01863121 ms
Total Distance 23: 0 0 0 0 0 7 0 0 0 0 0 0 0 0 0 0 0 0 0 0 0 0 0 0 0 0 0 4 6 0 0 0 0 0 0 0 0 0 0 0 0 0 0 0 6 0 0 0 0 0 0 0
Last Time Cost: 00000007 ms
Total Time Cost: 01863128 ms
Total Distance 22: 0 0 0 0 0 7 0 0 0 0 0 0 0 0 0 0 0 0 0 0 0 0 0 0 0 0 0 3 6 0 0 0 0 0 0 0 0 0 0 0 0 0 0 0 6 0 0 0 0 0 0 0
Last Time Cost: 00000006 ms
Total Time Cost: 01863134 ms
Total Distance 21: 0 0 0 0 0 7 0 0 0 0 0 0 0 0 0 0 0 0 0 0 0 0 0 0 0 0 0 2 6 0 0 0 0 0 0 0 0 0 0 0 0 0 0 0 6 0 0 0 0 0 0 0
Last Time Cost: 00000005 ms
Total Time Cost: 01863139 ms
Total Distance 20: 0 0 0 0 0 7 0 0 0 0 0 0 0 0 0 0 0 0 0 0 0 0 0 0 0 0 0 1 6 0 0 0 0 0 0 0 0 0 0 0 0 0 0 0 6 0 0 0 0 0 0 0
Last Time Cost: 00000005 ms
Total Time Cost: 01863144 ms
Total Distance 19: 0 0 0 0 0 7 0 0 0 0 0 0 0 0 0 0 0 0 0 0 0 0 0 0 0 0 0 0 6 0 0 0 0 0 0 0 0 0 0 0 0 0 0 0 6 0 0 0 0 0 0 0
Last Time Cost: 00081866 ms
Total Time Cost: 01945010 ms
Total Distance 18: 0 0 0 0 0 7 0 0 0 0 0 0 0 0 0 0 0 0 0 0 0 0 0 0 0 0 0 0 6 0 0 0 0 0 0 0 0 0 0 0 0 0 0 0 5 0 0 0 0 0 0 0
Last Time Cost: 00000084 ms
Total Time Cost: 01945094 ms
Total Distance 17: 0 0 0 0 0 7 0 0 0 0 0 0 0 0 0 0 0 0 0 0 0 0 0 0 0 0 0 0 6 0 0 0 0 0 0 0 0 0 0 0 0 0 0 0 4 0 0 0 0 0 0 0
Last Time Cost: 00000007 ms
Total Time Cost: 01945101 ms
Total Distance 16: 0 0 0 0 0 7 0 0 0 0 0 0 0 0 0 0 0 0 0 0 0 0 0 0 0 0 0 0 6 0 0 0 0 0 0 0 0 0 0 0 0 0 0 0 3 0 0 0 0 0 0 0
Last Time Cost: 00000006 ms
Total Time Cost: 01945107 ms
Total Distance 15: 0 0 0 0 0 7 0 0 0 0 0 0 0 0 0 0 0 0 0 0 0 0 0 0 0 0 0 0 6 0 0 0 0 0 0 0 0 0 0 0 0 0 0 0 2 0 0 0 0 0 0 0
Last Time Cost: 00000006 ms
Total Time Cost: 01945113 ms
Total Distance 14: 0 0 0 0 0 7 0 0 0 0 0 0 0 0 0 0 0 0 0 0 0 0 0 0 0 0 0 0 6 0 0 0 0 0 0 0 0 0 0 0 0 0 0 0 1 0 0 0 0 0 0 0
Last Time Cost: 00000005 ms
Total Time Cost: 01945118 ms
Total Distance 13: 0 0 0 0 0 7 0 0 0 0 0 0 0 0 0 0 0 0 0 0 0 0 0 0 0 0 0 0 6 0 0 0 0 0 0 0 0 0 0 0 0 0 0 0 0 0 0 0 0 0 0 0
Last Time Cost: 00093957 ms
Total Time Cost: 02039075 ms
Total Distance 12: 0 0 0 0 0 7 0 0 0 0 0 0 0 0 0 0 0 0 0 0 0 0 0 0 0 0 0 0 5 0 0 0 0 0 0 0 0 0 0 0 0 0 0 0 0 0 0 0 0 0 0 0
Last Time Cost: 00000094 ms
Total Time Cost: 02039169 ms
Total Distance 11: 0 0 0 0 0 7 0 0 0 0 0 0 0 0 0 0 0 0 0 0 0 0 0 0 0 0 0 0 4 0 0 0 0 0 0 0 0 0 0 0 0 0 0 0 0 0 0 0 0 0 0 0
Last Time Cost: 00000008 ms
Total Time Cost: 02039177 ms
Total Distance 10: 0 0 0 0 0 7 0 0 0 0 0 0 0 0 0 0 0 0 0 0 0 0 0 0 0 0 0 0 3 0 0 0 0 0 0 0 0 0 0 0 0 0 0 0 0 0 0 0 0 0 0 0
Last Time Cost: 00000007 ms
Total Time Cost: 02039184 ms
Total Distance 9: 0 0 0 0 0 7 0 0 0 0 0 0 0 0 0 0 0 0 0 0 0 0 0 0 0 0 0 0 2 0 0 0 0 0 0 0 0 0 0 0 0 0 0 0 0 0 0 0 0 0 0 0
Last Time Cost: 00000006 ms
Total Time Cost: 02039190 ms
Total Distance 8: 0 0 0 0 0 7 0 0 0 0 0 0 0 0 0 0 0 0 0 0 0 0 0 0 0 0 0 0 1 0 0 0 0 0 0 0 0 0 0 0 0 0 0 0 0 0 0 0 0 0 0 0
Last Time Cost: 00000005 ms
Total Time Cost: 02039195 ms
Total Distance 7: 0 0 0 0 0 7 0 0 0 0 0 0 0 0 0 0 0 0 0 0 0 0 0 0 0 0 0 0 0 0 0 0 0 0 0 0 0 0 0 0 0 0 0 0 0 0 0 0 0 0 0 0
Last Time Cost: 00100836 ms
Total Time Cost: 02140031 ms
Total Distance 6: 0 0 0 0 0 6 0 0 0 0 0 0 0 0 0 0 0 0 0 0 0 0 0 0 0 0 0 0 0 0 0 0 0 0 0 0 0 0 0 0 0 0 0 0 0 0 0 0 0 0 0 0
Last Time Cost: 00000589 ms
Total Time Cost: 02140620 ms
Total Distance 5: 0 0 0 0 0 5 0 0 0 0 0 0 0 0 0 0 0 0 0 0 0 0 0 0 0 0 0 0 0 0 0 0 0 0 0 0 0 0 0 0 0 0 0 0 0 0 0 0 0 0 0 0
Last Time Cost: 00000114 ms
Total Time Cost: 02140734 ms
Total Distance 4: 0 0 0 0 0 4 0 0 0 0 0 0 0 0 0 0 0 0 0 0 0 0 0 0 0 0 0 0 0 0 0 0 0 0 0 0 0 0 0 0 0 0 0 0 0 0 0 0 0 0 0 0
Last Time Cost: 00000001 ms
Total Time Cost: 02140735 ms
Total Distance 3: 0 0 0 0 0 3 0 0 0 0 0 0 0 0 0 0 0 0 0 0 0 0 0 0 0 0 0 0 0 0 0 0 0 0 0 0 0 0 0 0 0 0 0 0 0 0 0 0 0 0 0 0
Last Time Cost: 00000000 ms
Total Time Cost: 02140735 ms
Total Distance 2: 0 0 0 0 0 2 0 0 0 0 0 0 0 0 0 0 0 0 0 0 0 0 0 0 0 0 0 0 0 0 0 0 0 0 0 0 0 0 0 0 0 0 0 0 0 0 0 0 0 0 0 0
Last Time Cost: 00000000 ms
Total Time Cost: 02140735 ms
Total Distance 1: 0 0 0 0 0 1 0 0 0 0 0 0 0 0 0 0 0 0 0 0 0 0 0 0 0 0 0 0 0 0 0 0 0 0 0 0 0 0 0 0 0 0 0 0 0 0 0 0 0 0 0 0
Last Time Cost: 00000000 ms
Total Time Cost: 02140735 ms
Total Distance 0: 0 0 0 0 0 0 0 0 0 0 0 0 0 0 0 0 0 0 0 0 0 0 0 0 0 0 0 0 0 0 0 0 0 0 0 0 0 0 0 0 0 0 0 0 0 0 0 0 0 0 0 0
