Last Time Cost: 00000000 ms
Total Time Cost: 00000000 ms
Total Distance 336: 8 8 8 8 8 8 8 8 8 8 8 8 6 6 6 6 6 6 6 6 6 6 6 6 7 7 7 7 7 7 7 7 7 7 7 7 7 7 7 7 7 7 7 7 7 7 7 7
Last Time Cost: 00000009 ms
Total Time Cost: 00000009 ms
Total Distance 329: 8 8 8 8 8 8 8 7 8 8 8 8 6 6 5 6 6 5 6 6 6 6 6 6 6 6 7 7 7 7 7 7 7 7 7 7 6 7 7 7 7 6 7 7 7 7 7 7
Last Time Cost: 00000002 ms
Total Time Cost: 00000011 ms
Total Distance 325: 8 8 8 8 8 8 8 7 8 8 8 8 6 6 4 6 6 5 6 6 6 6 5 6 6 6 7 7 7 7 7 7 6 7 7 7 6 7 7 7 7 5 7 7 7 7 7 7
Last Time Cost: 00000005 ms
Total Time Cost: 00000016 ms
Total Distance 321: 8 8 8 8 8 8 7 7 8 8 8 8 6 6 3 6 6 5 6 6 6 6 5 6 6 6 6 7 7 7 7 7 6 7 6 7 6 7 7 7 7 5 7 7 7 7 7 7
Last Time Cost: 00000002 ms
Total Time Cost: 00000018 ms
Total Distance 319: 8 8 8 8 8 8 7 7 8 8 8 8 6 6 2 6 6 5 6 6 6 6 5 6 6 6 6 7 7 7 7 7 6 7 6 7 6 7 7 7 7 4 7 7 7 7 7 7
Last Time Cost: 00000002 ms
Total Time Cost: 00000020 ms
Total Distance 318: 8 8 8 8 8 8 7 7 8 8 8 8 6 6 1 6 6 5 6 6 6 6 5 6 6 6 6 7 7 7 7 7 6 7 6 7 6 7 7 7 7 4 7 7 7 7 7 7
Last Time Cost: 00000001 ms
Total Time Cost: 00000021 ms
Total Distance 317: 8 8 8 8 8 8 7 7 8 8 8 8 6 6 0 6 6 5 6 6 6 6 5 6 6 6 6 7 7 7 7 7 6 7 6 7 6 7 7 7 7 4 7 7 7 7 7 7
Last Time Cost: 00000001 ms
Total Time Cost: 00000022 ms
Total Distance 315: 8 8 8 8 8 8 7 7 8 8 8 8 6 6 0 6 6 5 6 6 6 6 4 6 6 6 6 7 7 7 7 7 6 7 6 7 6 7 7 7 7 3 7 7 7 7 7 7
Last Time Cost: 00000001 ms
Total Time Cost: 00000023 ms
Total Distance 313: 8 8 8 8 8 8 7 7 8 8 8 8 6 6 0 6 6 5 6 6 6 6 3 6 6 6 6 7 7 7 7 7 6 7 6 7 6 7 7 7 7 2 7 7 7 7 7 7
Last Time Cost: 00000005 ms
Total Time Cost: 00000028 ms
Total Distance 311: 8 8 7 8 8 8 7 7 8 8 8 8 6 6 0 6 6 5 6 6 6 6 3 6 6 6 6 7 7 7 7 7 6 7 6 7 6 7 7 7 7 1 7 7 7 7 7 7
Last Time Cost: 00000004 ms
Total Time Cost: 00000032 ms
Total Distance 310: 8 8 7 8 8 8 7 7 8 8 8 8 6 6 0 6 6 5 6 6 6 6 3 6 6 6 6 7 7 7 7 7 6 7 6 7 6 7 7 7 7 0 7 7 7 7 7 7
Last Time Cost: 00000002 ms
Total Time Cost: 00000034 ms
Total Distance 307: 8 8 7 8 8 8 7 7 8 8 8 8 6 6 0 6 6 5 6 6 6 6 2 6 6 6 6 7 7 7 7 7 6 7 6 7 6 7 6 7 7 0 7 7 6 7 7 7
Last Time Cost: 00000002 ms
Total Time Cost: 00000036 ms
Total Distance 306: 8 8 7 8 8 8 7 7 8 8 8 8 6 6 0 6 6 5 6 6 6 6 1 6 6 6 6 7 7 7 7 7 6 7 6 7 6 7 6 7 7 0 7 7 6 7 7 7
Last Time Cost: 00000001 ms
Total Time Cost: 00000037 ms
Total Distance 305: 8 8 7 8 8 8 7 7 8 8 8 8 6 6 0 6 6 5 6 6 6 6 0 6 6 6 6 7 7 7 7 7 6 7 6 7 6 7 6 7 7 0 7 7 6 7 7 7
Last Time Cost: 00000002 ms
Total Time Cost: 00000039 ms
Total Distance 302: 8 8 7 8 8 8 7 7 8 8 8 8 6 6 0 6 6 4 6 6 6 6 0 6 6 5 6 7 7 7 7 7 6 7 6 7 5 7 6 7 7 0 7 7 6 7 7 7
Last Time Cost: 00000002 ms
Total Time Cost: 00000041 ms
Total Distance 300: 8 8 7 8 8 8 7 7 8 8 8 8 6 6 0 6 6 3 6 6 6 6 0 6 6 5 6 7 7 7 7 6 6 7 6 7 5 7 6 7 7 0 7 7 6 7 7 7
Last Time Cost: 00000001 ms
Total Time Cost: 00000042 ms
Total Distance 298: 8 7 7 8 8 8 7 7 8 8 8 8 6 6 0 6 6 2 6 6 6 6 0 6 6 5 6 7 7 7 7 6 6 7 6 7 5 7 6 7 7 0 7 7 6 7 7 7
Last Time Cost: 00000001 ms
Total Time Cost: 00000043 ms
Total Distance 297: 8 7 7 8 8 8 7 7 8 8 8 8 6 6 0 6 6 1 6 6 6 6 0 6 6 5 6 7 7 7 7 6 6 7 6 7 5 7 6 7 7 0 7 7 6 7 7 7
Last Time Cost: 00000001 ms
Total Time Cost: 00000044 ms
Total Distance 296: 8 7 7 8 8 8 7 7 8 8 8 8 6 6 0 6 6 0 6 6 6 6 0 6 6 5 6 7 7 7 7 6 6 7 6 7 5 7 6 7 7 0 7 7 6 7 7 7
Last Time Cost: 00000002 ms
Total Time Cost: 00000046 ms
Total Distance 293: 8 7 7 8 7 8 7 7 8 8 8 8 6 6 0 6 6 0 6 6 6 6 0 6 5 4 6 7 7 7 7 6 6 7 6 7 5 7 6 7 7 0 7 7 6 7 7 7
Last Time Cost: 00000002 ms
Total Time Cost: 00000048 ms
Total Distance 291: 8 7 7 8 7 8 7 7 8 8 8 8 6 6 0 6 6 0 6 6 6 6 0 6 5 3 6 7 7 7 7 6 6 7 6 7 4 7 6 7 7 0 7 7 6 7 7 7
Last Time Cost: 00000001 ms
Total Time Cost: 00000049 ms
Total Distance 289: 8 7 7 8 6 8 7 7 8 8 8 8 6 6 0 6 6 0 6 6 6 6 0 6 5 2 6 7 7 7 7 6 6 7 6 7 4 7 6 7 7 0 7 7 6 7 7 7
Last Time Cost: 00000002 ms
Total Time Cost: 00000051 ms
Total Distance 288: 8 7 7 8 6 8 7 7 8 8 8 8 6 6 0 6 6 0 6 6 6 6 0 6 5 1 6 7 7 7 7 6 6 7 6 7 4 7 6 7 7 0 7 7 6 7 7 7
Last Time Cost: 00000001 ms
Total Time Cost: 00000052 ms
Total Distance 287: 8 7 7 8 6 8 7 7 8 8 8 8 6 6 0 6 6 0 6 6 6 6 0 6 5 0 6 7 7 7 7 6 6 7 6 7 4 7 6 7 7 0 7 7 6 7 7 7
Last Time Cost: 00000002 ms
Total Time Cost: 00000054 ms
Total Distance 285: 8 7 7 8 6 8 7 7 8 8 8 8 6 6 0 6 6 0 6 6 6 6 0 6 5 0 6 7 7 7 7 6 6 7 6 7 3 7 6 7 7 0 7 6 6 7 7 7
Last Time Cost: 00000002 ms
Total Time Cost: 00000056 ms
Total Distance 284: 8 7 7 8 6 8 7 7 8 8 8 8 6 6 0 6 6 0 6 6 6 6 0 6 5 0 6 7 7 7 7 6 6 7 6 7 2 7 6 7 7 0 7 6 6 7 7 7
Last Time Cost: 00000002 ms
Total Time Cost: 00000058 ms
Total Distance 283: 8 7 7 8 6 8 7 7 8 8 8 8 6 6 0 6 6 0 6 6 6 6 0 6 5 0 6 7 7 7 7 6 6 7 6 7 1 7 6 7 7 0 7 6 6 7 7 7
Last Time Cost: 00000002 ms
Total Time Cost: 00000060 ms
Total Distance 282: 8 7 7 8 6 8 7 7 8 8 8 8 6 6 0 6 6 0 6 6 6 6 0 6 5 0 6 7 7 7 7 6 6 7 6 7 0 7 6 7 7 0 7 6 6 7 7 7
Last Time Cost: 00000002 ms
Total Time Cost: 00000062 ms
Total Distance 276: 8 7 7 8 6 7 7 6 8 7 8 8 6 6 0 6 6 0 6 5 6 6 0 6 4 0 6 7 7 7 7 6 6 7 6 7 0 7 6 7 7 0 7 6 6 7 6 7
Last Time Cost: 00000002 ms
Total Time Cost: 00000064 ms
Total Distance 273: 8 7 7 8 6 7 7 5 8 7 8 8 6 6 0 6 6 0 6 4 6 6 0 6 3 0 6 7 7 7 7 6 6 7 6 7 0 7 6 7 7 0 7 6 6 7 6 7
Last Time Cost: 00000005 ms
Total Time Cost: 00000069 ms
Total Distance 271: 8 7 7 8 6 7 7 5 8 7 8 8 5 6 0 6 6 0 6 4 6 6 0 6 2 0 6 7 7 7 7 6 6 7 6 7 0 7 6 7 7 0 7 6 6 7 6 7
Last Time Cost: 00000002 ms
Total Time Cost: 00000071 ms
Total Distance 270: 8 7 7 8 6 7 7 5 8 7 8 8 5 6 0 6 6 0 6 4 6 6 0 6 1 0 6 7 7 7 7 6 6 7 6 7 0 7 6 7 7 0 7 6 6 7 6 7
Last Time Cost: 00000002 ms
Total Time Cost: 00000073 ms
Total Distance 269: 8 7 7 8 6 7 7 5 8 7 8 8 5 6 0 6 6 0 6 4 6 6 0 6 0 0 6 7 7 7 7 6 6 7 6 7 0 7 6 7 7 0 7 6 6 7 6 7
Last Time Cost: 00000002 ms
Total Time Cost: 00000075 ms
Total Distance 266: 8 6 7 8 6 7 7 5 8 7 8 7 5 6 0 6 6 0 6 3 6 6 0 6 0 0 6 7 7 7 7 6 6 7 6 7 0 7 6 7 7 0 7 6 6 7 6 7
Last Time Cost: 00000002 ms
Total Time Cost: 00000077 ms
Total Distance 265: 8 6 7 8 6 7 7 5 8 7 8 7 5 6 0 6 6 0 6 2 6 6 0 6 0 0 6 7 7 7 7 6 6 7 6 7 0 7 6 7 7 0 7 6 6 7 6 7
Last Time Cost: 00000002 ms
Total Time Cost: 00000079 ms
Total Distance 264: 8 6 7 8 6 7 7 5 8 7 8 7 5 6 0 6 6 0 6 1 6 6 0 6 0 0 6 7 7 7 7 6 6 7 6 7 0 7 6 7 7 0 7 6 6 7 6 7
Last Time Cost: 00000002 ms
Total Time Cost: 00000081 ms
Total Distance 263: 8 6 7 8 6 7 7 5 8 7 8 7 5 6 0 6 6 0 6 0 6 6 0 6 0 0 6 7 7 7 7 6 6 7 6 7 0 7 6 7 7 0 7 6 6 7 6 7
Last Time Cost: 00000003 ms
Total Time Cost: 00000084 ms
Total Distance 258: 8 6 7 8 6 7 7 5 8 7 8 7 4 6 0 6 6 0 6 0 6 6 0 5 0 0 6 7 7 7 7 6 6 7 6 7 0 7 6 6 7 0 6 6 6 7 5 7
Last Time Cost: 00000003 ms
Total Time Cost: 00000087 ms
Total Distance 256: 8 6 7 8 6 7 7 5 8 7 8 7 3 6 0 6 6 0 6 0 6 6 0 5 0 0 6 7 7 7 7 6 6 7 6 7 0 7 5 6 7 0 6 6 6 7 5 7
Last Time Cost: 00000002 ms
Total Time Cost: 00000089 ms
Total Distance 255: 8 6 7 8 6 7 7 5 8 7 8 7 2 6 0 6 6 0 6 0 6 6 0 5 0 0 6 7 7 7 7 6 6 7 6 7 0 7 5 6 7 0 6 6 6 7 5 7
Last Time Cost: 00000002 ms
Total Time Cost: 00000091 ms
Total Distance 254: 8 6 7 8 6 7 7 5 8 7 8 7 1 6 0 6 6 0 6 0 6 6 0 5 0 0 6 7 7 7 7 6 6 7 6 7 0 7 5 6 7 0 6 6 6 7 5 7
Last Time Cost: 00000002 ms
Total Time Cost: 00000093 ms
Total Distance 253: 8 6 7 8 6 7 7 5 8 7 8 7 0 6 0 6 6 0 6 0 6 6 0 5 0 0 6 7 7 7 7 6 6 7 6 7 0 7 5 6 7 0 6 6 6 7 5 7
Last Time Cost: 00000006 ms
Total Time Cost: 00000099 ms
Total Distance 250: 8 6 7 8 6 7 7 5 8 7 8 7 0 6 0 6 6 0 5 0 6 6 0 4 0 0 6 7 7 7 7 6 6 7 6 6 0 7 5 6 7 0 6 6 6 7 5 7
Last Time Cost: 00000003 ms
Total Time Cost: 00000102 ms
Total Distance 248: 8 6 7 8 6 7 7 5 8 7 8 7 0 6 0 6 6 0 5 0 6 6 0 3 0 0 6 7 6 7 7 6 6 7 6 6 0 7 5 6 7 0 6 6 6 7 5 7
Last Time Cost: 00000002 ms
Total Time Cost: 00000104 ms
Total Distance 247: 8 6 7 8 6 7 7 5 8 7 8 7 0 6 0 6 6 0 5 0 6 6 0 2 0 0 6 7 6 7 7 6 6 7 6 6 0 7 5 6 7 0 6 6 6 7 5 7
Last Time Cost: 00000003 ms
Total Time Cost: 00000107 ms
Total Distance 246: 8 6 7 8 6 7 7 5 8 7 8 7 0 6 0 6 6 0 5 0 6 6 0 1 0 0 6 7 6 7 7 6 6 7 6 6 0 7 5 6 7 0 6 6 6 7 5 7
Last Time Cost: 00000004 ms
Total Time Cost: 00000111 ms
Total Distance 245: 8 6 7 8 6 7 7 5 8 7 8 7 0 6 0 6 6 0 5 0 6 6 0 0 0 0 6 7 6 7 7 6 6 7 6 6 0 7 5 6 7 0 6 6 6 7 5 7
Last Time Cost: 00000008 ms
Total Time Cost: 00000119 ms
Total Distance 242: 8 6 7 8 6 7 7 5 8 7 8 6 0 5 0 6 6 0 4 0 6 6 0 0 0 0 6 7 6 7 7 6 6 7 6 6 0 7 5 6 7 0 6 6 6 7 5 7
Last Time Cost: 00000003 ms
Total Time Cost: 00000122 ms
Total Distance 239: 8 6 7 8 6 7 7 5 8 7 8 6 0 5 0 6 6 0 3 0 5 6 0 0 0 0 6 7 6 7 7 6 6 7 6 6 0 7 5 6 7 0 6 6 6 6 5 7
Last Time Cost: 00000006 ms
Total Time Cost: 00000128 ms
Total Distance 238: 8 6 7 8 6 7 7 5 8 7 8 6 0 5 0 6 6 0 2 0 5 6 0 0 0 0 6 7 6 7 7 6 6 7 6 6 0 7 5 6 7 0 6 6 6 6 5 7
Last Time Cost: 00000003 ms
Total Time Cost: 00000131 ms
Total Distance 237: 8 6 7 8 6 7 7 5 8 7 8 6 0 5 0 6 6 0 1 0 5 6 0 0 0 0 6 7 6 7 7 6 6 7 6 6 0 7 5 6 7 0 6 6 6 6 5 7
Last Time Cost: 00000005 ms
Total Time Cost: 00000136 ms
Total Distance 236: 8 6 7 8 6 7 7 5 8 7 8 6 0 5 0 6 6 0 0 0 5 6 0 0 0 0 6 7 6 7 7 6 6 7 6 6 0 7 5 6 7 0 6 6 6 6 5 7
Last Time Cost: 00000012 ms
Total Time Cost: 00000148 ms
Total Distance 232: 8 6 7 8 6 7 7 5 8 6 8 6 0 4 0 6 6 0 0 0 4 6 0 0 0 0 6 7 5 7 7 6 6 7 6 6 0 7 5 6 7 0 6 6 6 6 5 7
Last Time Cost: 00000004 ms
Total Time Cost: 00000152 ms
Total Distance 229: 8 6 7 8 6 7 7 5 8 6 8 6 0 3 0 6 5 0 0 0 4 6 0 0 0 0 6 7 5 7 7 5 6 7 6 6 0 7 5 6 7 0 6 6 6 6 5 7
Last Time Cost: 00000003 ms
Total Time Cost: 00000155 ms
Total Distance 227: 8 6 7 8 6 7 7 5 8 6 8 6 0 2 0 6 5 0 0 0 4 6 0 0 0 0 6 7 5 6 7 5 6 7 6 6 0 7 5 6 7 0 6 6 6 6 5 7
Last Time Cost: 00000003 ms
Total Time Cost: 00000158 ms
Total Distance 226: 8 6 7 8 6 7 7 5 8 6 8 6 0 1 0 6 5 0 0 0 4 6 0 0 0 0 6 7 5 6 7 5 6 7 6 6 0 7 5 6 7 0 6 6 6 6 5 7
Last Time Cost: 00000003 ms
Total Time Cost: 00000161 ms
Total Distance 225: 8 6 7 8 6 7 7 5 8 6 8 6 0 0 0 6 5 0 0 0 4 6 0 0 0 0 6 7 5 6 7 5 6 7 6 6 0 7 5 6 7 0 6 6 6 6 5 7
Last Time Cost: 00000004 ms
Total Time Cost: 00000165 ms
Total Distance 222: 8 6 7 8 6 7 7 5 8 6 8 6 0 0 0 5 5 0 0 0 3 6 0 0 0 0 6 7 5 6 7 5 6 7 6 6 0 7 5 6 7 0 6 6 6 6 5 6
Last Time Cost: 00000004 ms
Total Time Cost: 00000169 ms
Total Distance 221: 8 6 7 8 6 7 7 5 8 6 8 6 0 0 0 5 5 0 0 0 2 6 0 0 0 0 6 7 5 6 7 5 6 7 6 6 0 7 5 6 7 0 6 6 6 6 5 6
Last Time Cost: 00000004 ms
Total Time Cost: 00000173 ms
Total Distance 220: 8 6 7 8 6 7 7 5 8 6 8 6 0 0 0 5 5 0 0 0 1 6 0 0 0 0 6 7 5 6 7 5 6 7 6 6 0 7 5 6 7 0 6 6 6 6 5 6
Last Time Cost: 00000003 ms
Total Time Cost: 00000176 ms
Total Distance 219: 8 6 7 8 6 7 7 5 8 6 8 6 0 0 0 5 5 0 0 0 0 6 0 0 0 0 6 7 5 6 7 5 6 7 6 6 0 7 5 6 7 0 6 6 6 6 5 6
Last Time Cost: 00000012 ms
Total Time Cost: 00000188 ms
Total Distance 216: 8 6 7 8 6 7 7 5 8 6 8 6 0 0 0 4 5 0 0 0 0 6 0 0 0 0 6 7 5 6 7 5 5 7 6 6 0 7 5 6 7 0 6 6 6 6 5 5
Last Time Cost: 00000008 ms
Total Time Cost: 00000196 ms
Total Distance 214: 8 6 7 8 6 7 7 5 8 6 8 6 0 0 0 3 5 0 0 0 0 6 0 0 0 0 6 7 5 6 7 5 5 7 6 6 0 7 5 6 7 0 6 6 6 6 5 4
Last Time Cost: 00000005 ms
Total Time Cost: 00000201 ms
Total Distance 212: 8 6 7 8 6 7 7 5 8 6 8 6 0 0 0 2 5 0 0 0 0 6 0 0 0 0 6 7 5 6 7 5 5 7 6 6 0 7 5 6 7 0 6 6 6 6 5 3
Last Time Cost: 00000005 ms
Total Time Cost: 00000206 ms
Total Distance 211: 8 6 7 8 6 7 7 5 8 6 8 6 0 0 0 1 5 0 0 0 0 6 0 0 0 0 6 7 5 6 7 5 5 7 6 6 0 7 5 6 7 0 6 6 6 6 5 3
Last Time Cost: 00000004 ms
Total Time Cost: 00000210 ms
Total Distance 210: 8 6 7 8 6 7 7 5 8 6 8 6 0 0 0 0 5 0 0 0 0 6 0 0 0 0 6 7 5 6 7 5 5 7 6 6 0 7 5 6 7 0 6 6 6 6 5 3
Last Time Cost: 00000006 ms
Total Time Cost: 00000216 ms
Total Distance 208: 8 6 7 8 6 7 7 5 8 6 8 6 0 0 0 0 5 0 0 0 0 5 0 0 0 0 6 7 5 6 7 5 5 7 6 6 0 7 5 6 7 0 6 6 6 6 5 2
Last Time Cost: 00000005 ms
Total Time Cost: 00000221 ms
Total Distance 207: 8 6 7 8 6 7 7 5 8 6 8 6 0 0 0 0 5 0 0 0 0 5 0 0 0 0 6 7 5 6 7 5 5 7 6 6 0 7 5 6 7 0 6 6 6 6 5 1
Last Time Cost: 00000004 ms
Total Time Cost: 00000225 ms
Total Distance 206: 8 6 7 8 6 7 7 5 8 6 8 6 0 0 0 0 5 0 0 0 0 5 0 0 0 0 6 7 5 6 7 5 5 7 6 6 0 7 5 6 7 0 6 6 6 6 5 0
Last Time Cost: 00000019 ms
Total Time Cost: 00000244 ms
Total Distance 202: 8 6 7 8 5 6 7 5 8 6 8 6 0 0 0 0 5 0 0 0 0 4 0 0 0 0 6 7 5 6 7 5 5 7 6 6 0 7 5 6 7 0 6 6 5 6 5 0
Last Time Cost: 00000008 ms
Total Time Cost: 00000252 ms
Total Distance 199: 8 6 7 8 4 5 7 5 8 6 8 6 0 0 0 0 5 0 0 0 0 3 0 0 0 0 6 7 5 6 7 5 5 7 6 6 0 7 5 6 7 0 6 6 5 6 5 0
Last Time Cost: 00000007 ms
Total Time Cost: 00000259 ms
Total Distance 198: 8 6 7 8 4 5 7 5 8 6 8 6 0 0 0 0 5 0 0 0 0 2 0 0 0 0 6 7 5 6 7 5 5 7 6 6 0 7 5 6 7 0 6 6 5 6 5 0
Last Time Cost: 00000006 ms
Total Time Cost: 00000265 ms
Total Distance 197: 8 6 7 8 4 5 7 5 8 6 8 6 0 0 0 0 5 0 0 0 0 1 0 0 0 0 6 7 5 6 7 5 5 7 6 6 0 7 5 6 7 0 6 6 5 6 5 0
Last Time Cost: 00000005 ms
Total Time Cost: 00000270 ms
Total Distance 196: 8 6 7 8 4 5 7 5 8 6 8 6 0 0 0 0 5 0 0 0 0 0 0 0 0 0 6 7 5 6 7 5 5 7 6 6 0 7 5 6 7 0 6 6 5 6 5 0
Last Time Cost: 00000007 ms
Total Time Cost: 00000277 ms
Total Distance 194: 8 6 7 8 3 5 7 5 8 6 8 6 0 0 0 0 5 0 0 0 0 0 0 0 0 0 6 6 5 6 7 5 5 7 6 6 0 7 5 6 7 0 6 6 5 6 5 0
Last Time Cost: 00000007 ms
Total Time Cost: 00000284 ms
Total Distance 193: 8 6 7 8 2 5 7 5 8 6 8 6 0 0 0 0 5 0 0 0 0 0 0 0 0 0 6 6 5 6 7 5 5 7 6 6 0 7 5 6 7 0 6 6 5 6 5 0
Last Time Cost: 00000007 ms
Total Time Cost: 00000291 ms
Total Distance 192: 8 6 7 8 1 5 7 5 8 6 8 6 0 0 0 0 5 0 0 0 0 0 0 0 0 0 6 6 5 6 7 5 5 7 6 6 0 7 5 6 7 0 6 6 5 6 5 0
Last Time Cost: 00000005 ms
Total Time Cost: 00000296 ms
Total Distance 191: 8 6 7 8 0 5 7 5 8 6 8 6 0 0 0 0 5 0 0 0 0 0 0 0 0 0 6 6 5 6 7 5 5 7 6 6 0 7 5 6 7 0 6 6 5 6 5 0
Last Time Cost: 00000027 ms
Total Time Cost: 00000323 ms
Total Distance 188: 8 6 7 7 0 5 7 4 8 6 8 6 0 0 0 0 4 0 0 0 0 0 0 0 0 0 6 6 5 6 7 5 5 7 6 6 0 7 5 6 7 0 6 6 5 6 5 0
Last Time Cost: 00000009 ms
Total Time Cost: 00000332 ms
Total Distance 186: 8 6 7 7 0 5 7 4 8 6 8 6 0 0 0 0 3 0 0 0 0 0 0 0 0 0 6 6 5 6 7 4 5 7 6 6 0 7 5 6 7 0 6 6 5 6 5 0
Last Time Cost: 00000010 ms
Total Time Cost: 00000342 ms
Total Distance 184: 8 6 7 7 0 5 7 4 8 6 8 6 0 0 0 0 2 0 0 0 0 0 0 0 0 0 6 6 5 6 7 4 5 7 6 6 0 7 5 6 6 0 6 6 5 6 5 0
Last Time Cost: 00000008 ms
Total Time Cost: 00000350 ms
Total Distance 183: 8 6 7 7 0 5 7 4 8 6 8 6 0 0 0 0 1 0 0 0 0 0 0 0 0 0 6 6 5 6 7 4 5 7 6 6 0 7 5 6 6 0 6 6 5 6 5 0
Last Time Cost: 00000006 ms
Total Time Cost: 00000356 ms
Total Distance 182: 8 6 7 7 0 5 7 4 8 6 8 6 0 0 0 0 0 0 0 0 0 0 0 0 0 0 6 6 5 6 7 4 5 7 6 6 0 7 5 6 6 0 6 6 5 6 5 0
Last Time Cost: 00000011 ms
Total Time Cost: 00000367 ms
Total Distance 180: 8 6 7 7 0 5 7 3 8 6 8 6 0 0 0 0 0 0 0 0 0 0 0 0 0 0 6 6 5 5 7 4 5 7 6 6 0 7 5 6 6 0 6 6 5 6 5 0
Last Time Cost: 00000009 ms
Total Time Cost: 00000376 ms
Total Distance 178: 8 6 7 6 0 5 7 2 8 6 8 6 0 0 0 0 0 0 0 0 0 0 0 0 0 0 6 6 5 5 7 4 5 7 6 6 0 7 5 6 6 0 6 6 5 6 5 0
Last Time Cost: 00000009 ms
Total Time Cost: 00000385 ms
Total Distance 177: 8 6 7 6 0 5 7 1 8 6 8 6 0 0 0 0 0 0 0 0 0 0 0 0 0 0 6 6 5 5 7 4 5 7 6 6 0 7 5 6 6 0 6 6 5 6 5 0
Last Time Cost: 00000007 ms
Total Time Cost: 00000392 ms
Total Distance 176: 8 6 7 6 0 5 7 0 8 6 8 6 0 0 0 0 0 0 0 0 0 0 0 0 0 0 6 6 5 5 7 4 5 7 6 6 0 7 5 6 6 0 6 6 5 6 5 0
Last Time Cost: 00000013 ms
Total Time Cost: 00000405 ms
Total Distance 174: 8 6 7 6 0 5 7 0 8 6 8 6 0 0 0 0 0 0 0 0 0 0 0 0 0 0 6 6 5 5 7 3 5 7 6 6 0 7 5 6 6 0 6 6 5 5 5 0
Last Time Cost: 00000010 ms
Total Time Cost: 00000415 ms
Total Distance 173: 8 6 7 6 0 5 7 0 8 6 8 6 0 0 0 0 0 0 0 0 0 0 0 0 0 0 6 6 5 5 7 2 5 7 6 6 0 7 5 6 6 0 6 6 5 5 5 0
Last Time Cost: 00000010 ms
Total Time Cost: 00000425 ms
Total Distance 172: 8 6 7 6 0 5 7 0 8 6 8 6 0 0 0 0 0 0 0 0 0 0 0 0 0 0 6 6 5 5 7 1 5 7 6 6 0 7 5 6 6 0 6 6 5 5 5 0
Last Time Cost: 00000008 ms
Total Time Cost: 00000433 ms
Total Distance 171: 8 6 7 6 0 5 7 0 8 6 8 6 0 0 0 0 0 0 0 0 0 0 0 0 0 0 6 6 5 5 7 0 5 7 6 6 0 7 5 6 6 0 6 6 5 5 5 0
Last Time Cost: 00000036 ms
Total Time Cost: 00000469 ms
Total Distance 168: 8 6 6 6 0 5 7 0 8 6 8 6 0 0 0 0 0 0 0 0 0 0 0 0 0 0 6 6 5 5 7 0 5 7 6 6 0 7 5 6 5 0 6 6 5 4 5 0
Last Time Cost: 00000012 ms
Total Time Cost: 00000481 ms
Total Distance 166: 8 6 6 6 0 5 7 0 8 6 8 6 0 0 0 0 0 0 0 0 0 0 0 0 0 0 6 6 5 5 7 0 5 7 5 6 0 7 5 6 5 0 6 6 5 3 5 0
Last Time Cost: 00000011 ms
Total Time Cost: 00000492 ms
Total Distance 165: 8 6 6 6 0 5 7 0 8 6 8 6 0 0 0 0 0 0 0 0 0 0 0 0 0 0 6 6 5 5 7 0 5 7 5 6 0 7 5 6 5 0 6 6 5 2 5 0
Last Time Cost: 00000011 ms
Total Time Cost: 00000503 ms
Total Distance 164: 8 6 6 6 0 5 7 0 8 6 8 6 0 0 0 0 0 0 0 0 0 0 0 0 0 0 6 6 5 5 7 0 5 7 5 6 0 7 5 6 5 0 6 6 5 1 5 0
Last Time Cost: 00000010 ms
Total Time Cost: 00000513 ms
Total Distance 163: 8 6 6 6 0 5 7 0 8 6 8 6 0 0 0 0 0 0 0 0 0 0 0 0 0 0 6 6 5 5 7 0 5 7 5 6 0 7 5 6 5 0 6 6 5 0 5 0
Last Time Cost: 00000040 ms
Total Time Cost: 00000553 ms
Total Distance 160: 8 6 6 6 0 5 7 0 8 6 7 6 0 0 0 0 0 0 0 0 0 0 0 0 0 0 6 6 5 5 7 0 5 7 5 6 0 7 4 6 5 0 6 6 4 0 5 0
Last Time Cost: 00000014 ms
Total Time Cost: 00000567 ms
Total Distance 158: 8 6 6 6 0 5 6 0 8 6 7 6 0 0 0 0 0 0 0 0 0 0 0 0 0 0 6 6 5 5 7 0 5 7 5 6 0 7 4 6 5 0 6 6 3 0 5 0
Last Time Cost: 00000017 ms
Total Time Cost: 00000584 ms
Total Distance 157: 8 6 6 6 0 5 6 0 8 6 7 6 0 0 0 0 0 0 0 0 0 0 0 0 0 0 6 6 5 5 7 0 5 7 5 6 0 7 4 6 5 0 6 6 2 0 5 0
Last Time Cost: 00000015 ms
Total Time Cost: 00000599 ms
Total Distance 156: 8 6 6 6 0 5 6 0 8 6 7 6 0 0 0 0 0 0 0 0 0 0 0 0 0 0 6 6 5 5 7 0 5 7 5 6 0 7 4 6 5 0 6 6 1 0 5 0
Last Time Cost: 00000010 ms
Total Time Cost: 00000609 ms
Total Distance 155: 8 6 6 6 0 5 6 0 8 6 7 6 0 0 0 0 0 0 0 0 0 0 0 0 0 0 6 6 5 5 7 0 5 7 5 6 0 7 4 6 5 0 6 6 0 0 5 0
Last Time Cost: 00000015 ms
Total Time Cost: 00000624 ms
Total Distance 153: 8 6 5 6 0 5 6 0 8 6 7 6 0 0 0 0 0 0 0 0 0 0 0 0 0 0 6 6 5 5 7 0 5 7 5 6 0 7 3 6 5 0 6 6 0 0 5 0
Last Time Cost: 00000013 ms
Total Time Cost: 00000637 ms
Total Distance 152: 8 6 5 6 0 5 6 0 8 6 7 6 0 0 0 0 0 0 0 0 0 0 0 0 0 0 6 6 5 5 7 0 5 7 5 6 0 7 2 6 5 0 6 6 0 0 5 0
Last Time Cost: 00000014 ms
Total Time Cost: 00000651 ms
Total Distance 151: 8 6 5 6 0 5 6 0 8 6 7 6 0 0 0 0 0 0 0 0 0 0 0 0 0 0 6 6 5 5 7 0 5 7 5 6 0 7 1 6 5 0 6 6 0 0 5 0
Last Time Cost: 00000012 ms
Total Time Cost: 00000663 ms
Total Distance 150: 8 6 5 6 0 5 6 0 8 6 7 6 0 0 0 0 0 0 0 0 0 0 0 0 0 0 6 6 5 5 7 0 5 7 5 6 0 7 0 6 5 0 6 6 0 0 5 0
Last Time Cost: 00000049 ms
Total Time Cost: 00000712 ms
Total Distance 147: 8 6 4 5 0 5 5 0 8 6 7 6 0 0 0 0 0 0 0 0 0 0 0 0 0 0 6 6 5 5 7 0 5 7 5 6 0 7 0 6 5 0 6 6 0 0 5 0
Last Time Cost: 00000016 ms
Total Time Cost: 00000728 ms
Total Distance 145: 8 6 3 5 0 5 4 0 8 6 7 6 0 0 0 0 0 0 0 0 0 0 0 0 0 0 6 6 5 5 7 0 5 7 5 6 0 7 0 6 5 0 6 6 0 0 5 0
Last Time Cost: 00000015 ms
Total Time Cost: 00000743 ms
Total Distance 144: 8 6 2 5 0 5 4 0 8 6 7 6 0 0 0 0 0 0 0 0 0 0 0 0 0 0 6 6 5 5 7 0 5 7 5 6 0 7 0 6 5 0 6 6 0 0 5 0
Last Time Cost: 00000017 ms
Total Time Cost: 00000760 ms
Total Distance 143: 8 6 1 5 0 5 4 0 8 6 7 6 0 0 0 0 0 0 0 0 0 0 0 0 0 0 6 6 5 5 7 0 5 7 5 6 0 7 0 6 5 0 6 6 0 0 5 0
Last Time Cost: 00000013 ms
Total Time Cost: 00000773 ms
Total Distance 142: 8 6 0 5 0 5 4 0 8 6 7 6 0 0 0 0 0 0 0 0 0 0 0 0 0 0 6 6 5 5 7 0 5 7 5 6 0 7 0 6 5 0 6 6 0 0 5 0
Last Time Cost: 00000019 ms
Total Time Cost: 00000792 ms
Total Distance 140: 8 6 0 5 0 5 3 0 8 6 7 6 0 0 0 0 0 0 0 0 0 0 0 0 0 0 5 6 5 5 7 0 5 7 5 6 0 7 0 6 5 0 6 6 0 0 5 0
Last Time Cost: 00000017 ms
Total Time Cost: 00000809 ms
Total Distance 139: 8 6 0 5 0 5 2 0 8 6 7 6 0 0 0 0 0 0 0 0 0 0 0 0 0 0 5 6 5 5 7 0 5 7 5 6 0 7 0 6 5 0 6 6 0 0 5 0
Last Time Cost: 00000020 ms
Total Time Cost: 00000829 ms
Total Distance 138: 8 6 0 5 0 5 1 0 8 6 7 6 0 0 0 0 0 0 0 0 0 0 0 0 0 0 5 6 5 5 7 0 5 7 5 6 0 7 0 6 5 0 6 6 0 0 5 0
Last Time Cost: 00000016 ms
Total Time Cost: 00000845 ms
Total Distance 137: 8 6 0 5 0 5 0 0 8 6 7 6 0 0 0 0 0 0 0 0 0 0 0 0 0 0 5 6 5 5 7 0 5 7 5 6 0 7 0 6 5 0 6 6 0 0 5 0
Last Time Cost: 00000067 ms
Total Time Cost: 00000912 ms
Total Distance 134: 7 6 0 5 0 5 0 0 8 6 7 6 0 0 0 0 0 0 0 0 0 0 0 0 0 0 5 6 4 5 7 0 5 7 5 6 0 7 0 6 5 0 6 5 0 0 5 0
Last Time Cost: 00000018 ms
Total Time Cost: 00000930 ms
Total Distance 132: 6 6 0 5 0 5 0 0 8 6 7 6 0 0 0 0 0 0 0 0 0 0 0 0 0 0 5 6 3 5 7 0 5 7 5 6 0 7 0 6 5 0 6 5 0 0 5 0
Last Time Cost: 00000018 ms
Total Time Cost: 00000948 ms
Total Distance 131: 6 6 0 5 0 5 0 0 8 6 7 6 0 0 0 0 0 0 0 0 0 0 0 0 0 0 5 6 2 5 7 0 5 7 5 6 0 7 0 6 5 0 6 5 0 0 5 0
Last Time Cost: 00000025 ms
Total Time Cost: 00000973 ms
Total Distance 130: 6 6 0 5 0 5 0 0 8 6 7 6 0 0 0 0 0 0 0 0 0 0 0 0 0 0 5 6 1 5 7 0 5 7 5 6 0 7 0 6 5 0 6 5 0 0 5 0
Last Time Cost: 00000018 ms
Total Time Cost: 00000991 ms
Total Distance 129: 6 6 0 5 0 5 0 0 8 6 7 6 0 0 0 0 0 0 0 0 0 0 0 0 0 0 5 6 0 5 7 0 5 7 5 6 0 7 0 6 5 0 6 5 0 0 5 0
Last Time Cost: 00000072 ms
Total Time Cost: 00001063 ms
Total Distance 125: 5 6 0 5 0 5 0 0 8 6 7 6 0 0 0 0 0 0 0 0 0 0 0 0 0 0 5 5 0 5 7 0 5 7 5 6 0 6 0 6 5 0 6 4 0 0 5 0
Last Time Cost: 00000021 ms
Total Time Cost: 00001084 ms
Total Distance 122: 5 6 0 5 0 5 0 0 8 6 7 6 0 0 0 0 0 0 0 0 0 0 0 0 0 0 5 5 0 5 7 0 5 7 5 6 0 5 0 6 5 0 5 3 0 0 5 0
Last Time Cost: 00000025 ms
Total Time Cost: 00001109 ms
Total Distance 121: 5 6 0 5 0 5 0 0 8 6 7 6 0 0 0 0 0 0 0 0 0 0 0 0 0 0 5 5 0 5 7 0 5 7 5 6 0 5 0 6 5 0 5 2 0 0 5 0
Last Time Cost: 00000021 ms
Total Time Cost: 00001130 ms
Total Distance 120: 5 6 0 5 0 5 0 0 8 6 7 6 0 0 0 0 0 0 0 0 0 0 0 0 0 0 5 5 0 5 7 0 5 7 5 6 0 5 0 6 5 0 5 1 0 0 5 0
Last Time Cost: 00000019 ms
Total Time Cost: 00001149 ms
Total Distance 119: 5 6 0 5 0 5 0 0 8 6 7 6 0 0 0 0 0 0 0 0 0 0 0 0 0 0 5 5 0 5 7 0 5 7 5 6 0 5 0 6 5 0 5 0 0 0 5 0
Last Time Cost: 00000097 ms
Total Time Cost: 00001246 ms
Total Distance 116: 4 5 0 5 0 5 0 0 8 5 7 6 0 0 0 0 0 0 0 0 0 0 0 0 0 0 5 5 0 5 7 0 5 7 5 6 0 5 0 6 5 0 5 0 0 0 5 0
Last Time Cost: 00000023 ms
Total Time Cost: 00001269 ms
Total Distance 114: 3 5 0 5 0 5 0 0 8 4 7 6 0 0 0 0 0 0 0 0 0 0 0 0 0 0 5 5 0 5 7 0 5 7 5 6 0 5 0 6 5 0 5 0 0 0 5 0
Last Time Cost: 00000023 ms
Total Time Cost: 00001292 ms
Total Distance 113: 2 5 0 5 0 5 0 0 8 4 7 6 0 0 0 0 0 0 0 0 0 0 0 0 0 0 5 5 0 5 7 0 5 7 5 6 0 5 0 6 5 0 5 0 0 0 5 0
Last Time Cost: 00000024 ms
Total Time Cost: 00001316 ms
Total Distance 112: 1 5 0 5 0 5 0 0 8 4 7 6 0 0 0 0 0 0 0 0 0 0 0 0 0 0 5 5 0 5 7 0 5 7 5 6 0 5 0 6 5 0 5 0 0 0 5 0
Last Time Cost: 00000024 ms
Total Time Cost: 00001340 ms
Total Distance 111: 0 5 0 5 0 5 0 0 8 4 7 6 0 0 0 0 0 0 0 0 0 0 0 0 0 0 5 5 0 5 7 0 5 7 5 6 0 5 0 6 5 0 5 0 0 0 5 0
Last Time Cost: 00000026 ms
Total Time Cost: 00001366 ms
Total Distance 110: 0 5 0 5 0 5 0 0 8 3 7 6 0 0 0 0 0 0 0 0 0 0 0 0 0 0 5 5 0 5 7 0 5 7 5 6 0 5 0 6 5 0 5 0 0 0 5 0
Last Time Cost: 00000025 ms
Total Time Cost: 00001391 ms
Total Distance 109: 0 5 0 5 0 5 0 0 8 2 7 6 0 0 0 0 0 0 0 0 0 0 0 0 0 0 5 5 0 5 7 0 5 7 5 6 0 5 0 6 5 0 5 0 0 0 5 0
Last Time Cost: 00000025 ms
Total Time Cost: 00001416 ms
Total Distance 108: 0 5 0 5 0 5 0 0 8 1 7 6 0 0 0 0 0 0 0 0 0 0 0 0 0 0 5 5 0 5 7 0 5 7 5 6 0 5 0 6 5 0 5 0 0 0 5 0
Last Time Cost: 00000023 ms
Total Time Cost: 00001439 ms
Total Distance 107: 0 5 0 5 0 5 0 0 8 0 7 6 0 0 0 0 0 0 0 0 0 0 0 0 0 0 5 5 0 5 7 0 5 7 5 6 0 5 0 6 5 0 5 0 0 0 5 0
Last Time Cost: 00000110 ms
Total Time Cost: 00001549 ms
Total Distance 104: 0 5 0 5 0 5 0 0 7 0 7 6 0 0 0 0 0 0 0 0 0 0 0 0 0 0 5 5 0 5 6 0 5 7 5 6 0 5 0 6 5 0 4 0 0 0 5 0
Last Time Cost: 00000009 ms
Total Time Cost: 00001558 ms
Total Distance 102: 0 5 0 5 0 5 0 0 7 0 7 6 0 0 0 0 0 0 0 0 0 0 0 0 0 0 5 5 0 5 5 0 5 7 5 6 0 5 0 6 5 0 3 0 0 0 5 0
Last Time Cost: 00000002 ms
Total Time Cost: 00001560 ms
Total Distance 101: 0 5 0 5 0 5 0 0 7 0 7 6 0 0 0 0 0 0 0 0 0 0 0 0 0 0 5 5 0 5 5 0 5 7 5 6 0 5 0 6 5 0 2 0 0 0 5 0
Last Time Cost: 00000001 ms
Total Time Cost: 00001561 ms
Total Distance 100: 0 5 0 5 0 5 0 0 7 0 7 6 0 0 0 0 0 0 0 0 0 0 0 0 0 0 5 5 0 5 5 0 5 7 5 6 0 5 0 6 5 0 1 0 0 0 5 0
Last Time Cost: 00000001 ms
Total Time Cost: 00001562 ms
Total Distance 99: 0 5 0 5 0 5 0 0 7 0 7 6 0 0 0 0 0 0 0 0 0 0 0 0 0 0 5 5 0 5 5 0 5 7 5 6 0 5 0 6 5 0 0 0 0 0 5 0
Last Time Cost: 00000090 ms
Total Time Cost: 00001652 ms
Total Distance 97: 0 4 0 5 0 5 0 0 7 0 7 6 0 0 0 0 0 0 0 0 0 0 0 0 0 0 5 5 0 5 5 0 5 7 4 6 0 5 0 6 5 0 0 0 0 0 5 0
Last Time Cost: 00000004 ms
Total Time Cost: 00001656 ms
Total Distance 96: 0 3 0 5 0 5 0 0 7 0 7 6 0 0 0 0 0 0 0 0 0 0 0 0 0 0 5 5 0 5 5 0 5 7 4 6 0 5 0 6 5 0 0 0 0 0 5 0
Last Time Cost: 00000002 ms
Total Time Cost: 00001658 ms
Total Distance 95: 0 2 0 5 0 5 0 0 7 0 7 6 0 0 0 0 0 0 0 0 0 0 0 0 0 0 5 5 0 5 5 0 5 7 4 6 0 5 0 6 5 0 0 0 0 0 5 0
Last Time Cost: 00000002 ms
Total Time Cost: 00001660 ms
Total Distance 94: 0 1 0 5 0 5 0 0 7 0 7 6 0 0 0 0 0 0 0 0 0 0 0 0 0 0 5 5 0 5 5 0 5 7 4 6 0 5 0 6 5 0 0 0 0 0 5 0
Last Time Cost: 00000001 ms
Total Time Cost: 00001661 ms
Total Distance 93: 0 0 0 5 0 5 0 0 7 0 7 6 0 0 0 0 0 0 0 0 0 0 0 0 0 0 5 5 0 5 5 0 5 7 4 6 0 5 0 6 5 0 0 0 0 0 5 0
Last Time Cost: 00000002 ms
Total Time Cost: 00001663 ms
Total Distance 92: 0 0 0 5 0 5 0 0 7 0 7 6 0 0 0 0 0 0 0 0 0 0 0 0 0 0 5 5 0 5 5 0 5 7 3 6 0 5 0 6 5 0 0 0 0 0 5 0
Last Time Cost: 00000002 ms
Total Time Cost: 00001665 ms
Total Distance 91: 0 0 0 5 0 5 0 0 7 0 7 6 0 0 0 0 0 0 0 0 0 0 0 0 0 0 5 5 0 5 5 0 5 7 2 6 0 5 0 6 5 0 0 0 0 0 5 0
Last Time Cost: 00000002 ms
Total Time Cost: 00001667 ms
Total Distance 90: 0 0 0 5 0 5 0 0 7 0 7 6 0 0 0 0 0 0 0 0 0 0 0 0 0 0 5 5 0 5 5 0 5 7 1 6 0 5 0 6 5 0 0 0 0 0 5 0
Last Time Cost: 00000001 ms
Total Time Cost: 00001668 ms
Total Distance 89: 0 0 0 5 0 5 0 0 7 0 7 6 0 0 0 0 0 0 0 0 0 0 0 0 0 0 5 5 0 5 5 0 5 7 0 6 0 5 0 6 5 0 0 0 0 0 5 0
Last Time Cost: 00000094 ms
Total Time Cost: 00001762 ms
Total Distance 87: 0 0 0 5 0 5 0 0 7 0 7 6 0 0 0 0 0 0 0 0 0 0 0 0 0 0 5 5 0 5 4 0 5 7 0 6 0 5 0 6 4 0 0 0 0 0 5 0
Last Time Cost: 00000004 ms
Total Time Cost: 00001766 ms
Total Distance 85: 0 0 0 5 0 5 0 0 6 0 7 6 0 0 0 0 0 0 0 0 0 0 0 0 0 0 5 5 0 5 3 0 5 7 0 6 0 5 0 6 4 0 0 0 0 0 5 0
Last Time Cost: 00000003 ms
Total Time Cost: 00001769 ms
Total Distance 84: 0 0 0 5 0 5 0 0 6 0 7 6 0 0 0 0 0 0 0 0 0 0 0 0 0 0 5 5 0 5 2 0 5 7 0 6 0 5 0 6 4 0 0 0 0 0 5 0
Last Time Cost: 00000002 ms
Total Time Cost: 00001771 ms
Total Distance 83: 0 0 0 5 0 5 0 0 6 0 7 6 0 0 0 0 0 0 0 0 0 0 0 0 0 0 5 5 0 5 1 0 5 7 0 6 0 5 0 6 4 0 0 0 0 0 5 0
Last Time Cost: 00000001 ms
Total Time Cost: 00001772 ms
Total Distance 82: 0 0 0 5 0 5 0 0 6 0 7 6 0 0 0 0 0 0 0 0 0 0 0 0 0 0 5 5 0 5 0 0 5 7 0 6 0 5 0 6 4 0 0 0 0 0 5 0
Last Time Cost: 00000002 ms
Total Time Cost: 00001774 ms
Total Distance 81: 0 0 0 5 0 5 0 0 6 0 7 6 0 0 0 0 0 0 0 0 0 0 0 0 0 0 5 5 0 5 0 0 5 7 0 6 0 5 0 6 3 0 0 0 0 0 5 0
Last Time Cost: 00000002 ms
Total Time Cost: 00001776 ms
Total Distance 80: 0 0 0 5 0 5 0 0 6 0 7 6 0 0 0 0 0 0 0 0 0 0 0 0 0 0 5 5 0 5 0 0 5 7 0 6 0 5 0 6 2 0 0 0 0 0 5 0
Last Time Cost: 00000002 ms
Total Time Cost: 00001778 ms
Total Distance 79: 0 0 0 5 0 5 0 0 6 0 7 6 0 0 0 0 0 0 0 0 0 0 0 0 0 0 5 5 0 5 0 0 5 7 0 6 0 5 0 6 1 0 0 0 0 0 5 0
Last Time Cost: 00000001 ms
Total Time Cost: 00001779 ms
Total Distance 78: 0 0 0 5 0 5 0 0 6 0 7 6 0 0 0 0 0 0 0 0 0 0 0 0 0 0 5 5 0 5 0 0 5 7 0 6 0 5 0 6 0 0 0 0 0 0 5 0
Last Time Cost: 00000078 ms
Total Time Cost: 00001857 ms
Total Distance 76: 0 0 0 5 0 4 0 0 6 0 7 6 0 0 0 0 0 0 0 0 0 0 0 0 0 0 5 5 0 5 0 0 5 7 0 6 0 5 0 6 0 0 0 0 0 0 4 0
Last Time Cost: 00000004 ms
Total Time Cost: 00001861 ms
Total Distance 74: 0 0 0 5 0 4 0 0 6 0 7 6 0 0 0 0 0 0 0 0 0 0 0 0 0 0 5 5 0 5 0 0 5 7 0 6 0 5 0 5 0 0 0 0 0 0 3 0
Last Time Cost: 00000002 ms
Total Time Cost: 00001863 ms
Total Distance 72: 0 0 0 5 0 4 0 0 6 0 7 6 0 0 0 0 0 0 0 0 0 0 0 0 0 0 5 5 0 5 0 0 5 6 0 6 0 5 0 5 0 0 0 0 0 0 2 0
Last Time Cost: 00000004 ms
Total Time Cost: 00001867 ms
Total Distance 71: 0 0 0 5 0 4 0 0 6 0 7 6 0 0 0 0 0 0 0 0 0 0 0 0 0 0 5 5 0 5 0 0 5 6 0 6 0 5 0 5 0 0 0 0 0 0 1 0
Last Time Cost: 00000003 ms
Total Time Cost: 00001870 ms
Total Distance 70: 0 0 0 5 0 4 0 0 6 0 7 6 0 0 0 0 0 0 0 0 0 0 0 0 0 0 5 5 0 5 0 0 5 6 0 6 0 5 0 5 0 0 0 0 0 0 0 0
Last Time Cost: 00000004 ms
Total Time Cost: 00001874 ms
Total Distance 69: 0 0 0 5 0 3 0 0 6 0 7 6 0 0 0 0 0 0 0 0 0 0 0 0 0 0 5 5 0 5 0 0 5 6 0 6 0 5 0 5 0 0 0 0 0 0 0 0
Last Time Cost: 00000001 ms
Total Time Cost: 00001875 ms
Total Distance 68: 0 0 0 5 0 2 0 0 6 0 7 6 0 0 0 0 0 0 0 0 0 0 0 0 0 0 5 5 0 5 0 0 5 6 0 6 0 5 0 5 0 0 0 0 0 0 0 0
Last Time Cost: 00000002 ms
Total Time Cost: 00001877 ms
Total Distance 67: 0 0 0 5 0 1 0 0 6 0 7 6 0 0 0 0 0 0 0 0 0 0 0 0 0 0 5 5 0 5 0 0 5 6 0 6 0 5 0 5 0 0 0 0 0 0 0 0
Last Time Cost: 00000001 ms
Total Time Cost: 00001878 ms
Total Distance 66: 0 0 0 5 0 0 0 0 6 0 7 6 0 0 0 0 0 0 0 0 0 0 0 0 0 0 5 5 0 5 0 0 5 6 0 6 0 5 0 5 0 0 0 0 0 0 0 0
Last Time Cost: 00000072 ms
Total Time Cost: 00001950 ms
Total Distance 64: 0 0 0 5 0 0 0 0 6 0 7 6 0 0 0 0 0 0 0 0 0 0 0 0 0 0 5 4 0 5 0 0 4 6 0 6 0 5 0 5 0 0 0 0 0 0 0 0
Last Time Cost: 00000003 ms
Total Time Cost: 00001953 ms
Total Distance 63: 0 0 0 5 0 0 0 0 6 0 7 6 0 0 0 0 0 0 0 0 0 0 0 0 0 0 5 3 0 5 0 0 4 6 0 6 0 5 0 5 0 0 0 0 0 0 0 0
Last Time Cost: 00000002 ms
Total Time Cost: 00001955 ms
Total Distance 62: 0 0 0 5 0 0 0 0 6 0 7 6 0 0 0 0 0 0 0 0 0 0 0 0 0 0 5 2 0 5 0 0 4 6 0 6 0 5 0 5 0 0 0 0 0 0 0 0
Last Time Cost: 00000001 ms
Total Time Cost: 00001956 ms
Total Distance 61: 0 0 0 5 0 0 0 0 6 0 7 6 0 0 0 0 0 0 0 0 0 0 0 0 0 0 5 1 0 5 0 0 4 6 0 6 0 5 0 5 0 0 0 0 0 0 0 0
Last Time Cost: 00000001 ms
Total Time Cost: 00001957 ms
Total Distance 60: 0 0 0 5 0 0 0 0 6 0 7 6 0 0 0 0 0 0 0 0 0 0 0 0 0 0 5 0 0 5 0 0 4 6 0 6 0 5 0 5 0 0 0 0 0 0 0 0
Last Time Cost: 00000002 ms
Total Time Cost: 00001959 ms
Total Distance 59: 0 0 0 5 0 0 0 0 6 0 7 6 0 0 0 0 0 0 0 0 0 0 0 0 0 0 5 0 0 5 0 0 3 6 0 6 0 5 0 5 0 0 0 0 0 0 0 0
Last Time Cost: 00000002 ms
Total Time Cost: 00001961 ms
Total Distance 58: 0 0 0 5 0 0 0 0 6 0 7 6 0 0 0 0 0 0 0 0 0 0 0 0 0 0 5 0 0 5 0 0 2 6 0 6 0 5 0 5 0 0 0 0 0 0 0 0
Last Time Cost: 00000001 ms
Total Time Cost: 00001962 ms
Total Distance 57: 0 0 0 5 0 0 0 0 6 0 7 6 0 0 0 0 0 0 0 0 0 0 0 0 0 0 5 0 0 5 0 0 1 6 0 6 0 5 0 5 0 0 0 0 0 0 0 0
Last Time Cost: 00000001 ms
Total Time Cost: 00001963 ms
Total Distance 56: 0 0 0 5 0 0 0 0 6 0 7 6 0 0 0 0 0 0 0 0 0 0 0 0 0 0 5 0 0 5 0 0 0 6 0 6 0 5 0 5 0 0 0 0 0 0 0 0
Last Time Cost: 00000059 ms
Total Time Cost: 00002022 ms
Total Distance 54: 0 0 0 5 0 0 0 0 6 0 7 6 0 0 0 0 0 0 0 0 0 0 0 0 0 0 5 0 0 5 0 0 0 6 0 6 0 4 0 4 0 0 0 0 0 0 0 0
Last Time Cost: 00000003 ms
Total Time Cost: 00002025 ms
Total Distance 52: 0 0 0 5 0 0 0 0 6 0 7 5 0 0 0 0 0 0 0 0 0 0 0 0 0 0 5 0 0 5 0 0 0 6 0 6 0 3 0 4 0 0 0 0 0 0 0 0
Last Time Cost: 00000002 ms
Total Time Cost: 00002027 ms
Total Distance 51: 0 0 0 5 0 0 0 0 6 0 7 5 0 0 0 0 0 0 0 0 0 0 0 0 0 0 5 0 0 5 0 0 0 6 0 6 0 2 0 4 0 0 0 0 0 0 0 0
Last Time Cost: 00000002 ms
Total Time Cost: 00002029 ms
Total Distance 50: 0 0 0 5 0 0 0 0 6 0 7 5 0 0 0 0 0 0 0 0 0 0 0 0 0 0 5 0 0 5 0 0 0 6 0 6 0 1 0 4 0 0 0 0 0 0 0 0
Last Time Cost: 00000001 ms
Total Time Cost: 00002030 ms
Total Distance 49: 0 0 0 5 0 0 0 0 6 0 7 5 0 0 0 0 0 0 0 0 0 0 0 0 0 0 5 0 0 5 0 0 0 6 0 6 0 0 0 4 0 0 0 0 0 0 0 0
Last Time Cost: 00000002 ms
Total Time Cost: 00002032 ms
Total Distance 48: 0 0 0 5 0 0 0 0 6 0 7 5 0 0 0 0 0 0 0 0 0 0 0 0 0 0 5 0 0 5 0 0 0 6 0 6 0 0 0 3 0 0 0 0 0 0 0 0
Last Time Cost: 00000002 ms
Total Time Cost: 00002034 ms
Total Distance 47: 0 0 0 5 0 0 0 0 6 0 7 5 0 0 0 0 0 0 0 0 0 0 0 0 0 0 5 0 0 5 0 0 0 6 0 6 0 0 0 2 0 0 0 0 0 0 0 0
Last Time Cost: 00000002 ms
Total Time Cost: 00002036 ms
Total Distance 46: 0 0 0 5 0 0 0 0 6 0 7 5 0 0 0 0 0 0 0 0 0 0 0 0 0 0 5 0 0 5 0 0 0 6 0 6 0 0 0 1 0 0 0 0 0 0 0 0
Last Time Cost: 00000001 ms
Total Time Cost: 00002037 ms
Total Distance 45: 0 0 0 5 0 0 0 0 6 0 7 5 0 0 0 0 0 0 0 0 0 0 0 0 0 0 5 0 0 5 0 0 0 6 0 6 0 0 0 0 0 0 0 0 0 0 0 0
Last Time Cost: 00000054 ms
Total Time Cost: 00002091 ms
Total Distance 43: 0 0 0 5 0 0 0 0 5 0 7 5 0 0 0 0 0 0 0 0 0 0 0 0 0 0 5 0 0 4 0 0 0 6 0 6 0 0 0 0 0 0 0 0 0 0 0 0
Last Time Cost: 00000003 ms
Total Time Cost: 00002094 ms
Total Distance 42: 0 0 0 5 0 0 0 0 5 0 7 5 0 0 0 0 0 0 0 0 0 0 0 0 0 0 5 0 0 3 0 0 0 6 0 6 0 0 0 0 0 0 0 0 0 0 0 0
Last Time Cost: 00000003 ms
Total Time Cost: 00002097 ms
Total Distance 41: 0 0 0 5 0 0 0 0 5 0 7 5 0 0 0 0 0 0 0 0 0 0 0 0 0 0 5 0 0 2 0 0 0 6 0 6 0 0 0 0 0 0 0 0 0 0 0 0
Last Time Cost: 00000002 ms
Total Time Cost: 00002099 ms
Total Distance 40: 0 0 0 5 0 0 0 0 5 0 7 5 0 0 0 0 0 0 0 0 0 0 0 0 0 0 5 0 0 1 0 0 0 6 0 6 0 0 0 0 0 0 0 0 0 0 0 0
Last Time Cost: 00000001 ms
Total Time Cost: 00002100 ms
Total Distance 39: 0 0 0 5 0 0 0 0 5 0 7 5 0 0 0 0 0 0 0 0 0 0 0 0 0 0 5 0 0 0 0 0 0 6 0 6 0 0 0 0 0 0 0 0 0 0 0 0
Last Time Cost: 00000060 ms
Total Time Cost: 00002160 ms
Total Distance 37: 0 0 0 4 0 0 0 0 5 0 6 5 0 0 0 0 0 0 0 0 0 0 0 0 0 0 5 0 0 0 0 0 0 6 0 6 0 0 0 0 0 0 0 0 0 0 0 0
Last Time Cost: 00000002 ms
Total Time Cost: 00002162 ms
Total Distance 36: 0 0 0 3 0 0 0 0 5 0 6 5 0 0 0 0 0 0 0 0 0 0 0 0 0 0 5 0 0 0 0 0 0 6 0 6 0 0 0 0 0 0 0 0 0 0 0 0
Last Time Cost: 00000002 ms
Total Time Cost: 00002164 ms
Total Distance 35: 0 0 0 2 0 0 0 0 5 0 6 5 0 0 0 0 0 0 0 0 0 0 0 0 0 0 5 0 0 0 0 0 0 6 0 6 0 0 0 0 0 0 0 0 0 0 0 0
Last Time Cost: 00000002 ms
Total Time Cost: 00002166 ms
Total Distance 34: 0 0 0 1 0 0 0 0 5 0 6 5 0 0 0 0 0 0 0 0 0 0 0 0 0 0 5 0 0 0 0 0 0 6 0 6 0 0 0 0 0 0 0 0 0 0 0 0
Last Time Cost: 00000001 ms
Total Time Cost: 00002167 ms
Total Distance 33: 0 0 0 0 0 0 0 0 5 0 6 5 0 0 0 0 0 0 0 0 0 0 0 0 0 0 5 0 0 0 0 0 0 6 0 6 0 0 0 0 0 0 0 0 0 0 0 0
Last Time Cost: 00000044 ms
Total Time Cost: 00002211 ms
Total Distance 31: 0 0 0 0 0 0 0 0 5 0 5 5 0 0 0 0 0 0 0 0 0 0 0 0 0 0 4 0 0 0 0 0 0 6 0 6 0 0 0 0 0 0 0 0 0 0 0 0
Last Time Cost: 00000003 ms
Total Time Cost: 00002214 ms
Total Distance 30: 0 0 0 0 0 0 0 0 5 0 5 5 0 0 0 0 0 0 0 0 0 0 0 0 0 0 3 0 0 0 0 0 0 6 0 6 0 0 0 0 0 0 0 0 0 0 0 0
Last Time Cost: 00000002 ms
Total Time Cost: 00002216 ms
Total Distance 29: 0 0 0 0 0 0 0 0 5 0 5 5 0 0 0 0 0 0 0 0 0 0 0 0 0 0 2 0 0 0 0 0 0 6 0 6 0 0 0 0 0 0 0 0 0 0 0 0
Last Time Cost: 00000002 ms
Total Time Cost: 00002218 ms
Total Distance 28: 0 0 0 0 0 0 0 0 5 0 5 5 0 0 0 0 0 0 0 0 0 0 0 0 0 0 1 0 0 0 0 0 0 6 0 6 0 0 0 0 0 0 0 0 0 0 0 0
Last Time Cost: 00000001 ms
Total Time Cost: 00002219 ms
Total Distance 27: 0 0 0 0 0 0 0 0 5 0 5 5 0 0 0 0 0 0 0 0 0 0 0 0 0 0 0 0 0 0 0 0 0 6 0 6 0 0 0 0 0 0 0 0 0 0 0 0
Last Time Cost: 00000048 ms
Total Time Cost: 00002267 ms
Total Distance 26: 0 0 0 0 0 0 0 0 5 0 5 4 0 0 0 0 0 0 0 0 0 0 0 0 0 0 0 0 0 0 0 0 0 6 0 6 0 0 0 0 0 0 0 0 0 0 0 0
Last Time Cost: 00000002 ms
Total Time Cost: 00002269 ms
Total Distance 25: 0 0 0 0 0 0 0 0 5 0 5 3 0 0 0 0 0 0 0 0 0 0 0 0 0 0 0 0 0 0 0 0 0 6 0 6 0 0 0 0 0 0 0 0 0 0 0 0
Last Time Cost: 00000002 ms
Total Time Cost: 00002271 ms
Total Distance 24: 0 0 0 0 0 0 0 0 5 0 5 2 0 0 0 0 0 0 0 0 0 0 0 0 0 0 0 0 0 0 0 0 0 6 0 6 0 0 0 0 0 0 0 0 0 0 0 0
Last Time Cost: 00000002 ms
Total Time Cost: 00002273 ms
Total Distance 23: 0 0 0 0 0 0 0 0 5 0 5 1 0 0 0 0 0 0 0 0 0 0 0 0 0 0 0 0 0 0 0 0 0 6 0 6 0 0 0 0 0 0 0 0 0 0 0 0
Last Time Cost: 00000002 ms
Total Time Cost: 00002275 ms
Total Distance 22: 0 0 0 0 0 0 0 0 5 0 5 0 0 0 0 0 0 0 0 0 0 0 0 0 0 0 0 0 0 0 0 0 0 6 0 6 0 0 0 0 0 0 0 0 0 0 0 0
Last Time Cost: 00000033 ms
Total Time Cost: 00002308 ms
Total Distance 21: 0 0 0 0 0 0 0 0 4 0 5 0 0 0 0 0 0 0 0 0 0 0 0 0 0 0 0 0 0 0 0 0 0 6 0 6 0 0 0 0 0 0 0 0 0 0 0 0
Last Time Cost: 00000003 ms
Total Time Cost: 00002311 ms
Total Distance 20: 0 0 0 0 0 0 0 0 3 0 5 0 0 0 0 0 0 0 0 0 0 0 0 0 0 0 0 0 0 0 0 0 0 6 0 6 0 0 0 0 0 0 0 0 0 0 0 0
Last Time Cost: 00000002 ms
Total Time Cost: 00002313 ms
Total Distance 19: 0 0 0 0 0 0 0 0 2 0 5 0 0 0 0 0 0 0 0 0 0 0 0 0 0 0 0 0 0 0 0 0 0 6 0 6 0 0 0 0 0 0 0 0 0 0 0 0
Last Time Cost: 00000002 ms
Total Time Cost: 00002315 ms
Total Distance 18: 0 0 0 0 0 0 0 0 1 0 5 0 0 0 0 0 0 0 0 0 0 0 0 0 0 0 0 0 0 0 0 0 0 6 0 6 0 0 0 0 0 0 0 0 0 0 0 0
Last Time Cost: 00000002 ms
Total Time Cost: 00002317 ms
Total Distance 17: 0 0 0 0 0 0 0 0 0 0 5 0 0 0 0 0 0 0 0 0 0 0 0 0 0 0 0 0 0 0 0 0 0 6 0 6 0 0 0 0 0 0 0 0 0 0 0 0
Last Time Cost: 00000021 ms
Total Time Cost: 00002338 ms
Total Distance 16: 0 0 0 0 0 0 0 0 0 0 4 0 0 0 0 0 0 0 0 0 0 0 0 0 0 0 0 0 0 0 0 0 0 6 0 6 0 0 0 0 0 0 0 0 0 0 0 0
Last Time Cost: 00000002 ms
Total Time Cost: 00002340 ms
Total Distance 15: 0 0 0 0 0 0 0 0 0 0 3 0 0 0 0 0 0 0 0 0 0 0 0 0 0 0 0 0 0 0 0 0 0 6 0 6 0 0 0 0 0 0 0 0 0 0 0 0
Last Time Cost: 00000002 ms
Total Time Cost: 00002342 ms
Total Distance 14: 0 0 0 0 0 0 0 0 0 0 2 0 0 0 0 0 0 0 0 0 0 0 0 0 0 0 0 0 0 0 0 0 0 6 0 6 0 0 0 0 0 0 0 0 0 0 0 0
Last Time Cost: 00000002 ms
Total Time Cost: 00002344 ms
Total Distance 13: 0 0 0 0 0 0 0 0 0 0 1 0 0 0 0 0 0 0 0 0 0 0 0 0 0 0 0 0 0 0 0 0 0 6 0 6 0 0 0 0 0 0 0 0 0 0 0 0
Last Time Cost: 00000002 ms
Total Time Cost: 00002346 ms
Total Distance 12: 0 0 0 0 0 0 0 0 0 0 0 0 0 0 0 0 0 0 0 0 0 0 0 0 0 0 0 0 0 0 0 0 0 6 0 6 0 0 0 0 0 0 0 0 0 0 0 0
Last Time Cost: 00000093 ms
Total Time Cost: 00002439 ms
Total Distance 10: 0 0 0 0 0 0 0 0 0 0 0 0 0 0 0 0 0 0 0 0 0 0 0 0 0 0 0 0 0 0 0 0 0 5 0 5 0 0 0 0 0 0 0 0 0 0 0 0
Last Time Cost: 00000040 ms
Total Time Cost: 00002479 ms
Total Distance 9: 0 0 0 0 0 0 0 0 0 0 0 0 0 0 0 0 0 0 0 0 0 0 0 0 0 0 0 0 0 0 0 0 0 5 0 4 0 0 0 0 0 0 0 0 0 0 0 0
Last Time Cost: 00000001 ms
Total Time Cost: 00002480 ms
Total Distance 8: 0 0 0 0 0 0 0 0 0 0 0 0 0 0 0 0 0 0 0 0 0 0 0 0 0 0 0 0 0 0 0 0 0 5 0 3 0 0 0 0 0 0 0 0 0 0 0 0
Last Time Cost: 00000000 ms
Total Time Cost: 00002480 ms
Total Distance 7: 0 0 0 0 0 0 0 0 0 0 0 0 0 0 0 0 0 0 0 0 0 0 0 0 0 0 0 0 0 0 0 0 0 5 0 2 0 0 0 0 0 0 0 0 0 0 0 0
Last Time Cost: 00000001 ms
Total Time Cost: 00002481 ms
Total Distance 6: 0 0 0 0 0 0 0 0 0 0 0 0 0 0 0 0 0 0 0 0 0 0 0 0 0 0 0 0 0 0 0 0 0 5 0 1 0 0 0 0 0 0 0 0 0 0 0 0
Last Time Cost: 00000000 ms
Total Time Cost: 00002481 ms
Total Distance 5: 0 0 0 0 0 0 0 0 0 0 0 0 0 0 0 0 0 0 0 0 0 0 0 0 0 0 0 0 0 0 0 0 0 5 0 0 0 0 0 0 0 0 0 0 0 0 0 0
Last Time Cost: 00000022 ms
Total Time Cost: 00002503 ms
Total Distance 4: 0 0 0 0 0 0 0 0 0 0 0 0 0 0 0 0 0 0 0 0 0 0 0 0 0 0 0 0 0 0 0 0 0 4 0 0 0 0 0 0 0 0 0 0 0 0 0 0
Last Time Cost: 00000001 ms
Total Time Cost: 00002504 ms
Total Distance 3: 0 0 0 0 0 0 0 0 0 0 0 0 0 0 0 0 0 0 0 0 0 0 0 0 0 0 0 0 0 0 0 0 0 3 0 0 0 0 0 0 0 0 0 0 0 0 0 0
Last Time Cost: 00000001 ms
Total Time Cost: 00002505 ms
Total Distance 2: 0 0 0 0 0 0 0 0 0 0 0 0 0 0 0 0 0 0 0 0 0 0 0 0 0 0 0 0 0 0 0 0 0 2 0 0 0 0 0 0 0 0 0 0 0 0 0 0
Last Time Cost: 00000000 ms
Total Time Cost: 00002505 ms
Total Distance 1: 0 0 0 0 0 0 0 0 0 0 0 0 0 0 0 0 0 0 0 0 0 0 0 0 0 0 0 0 0 0 0 0 0 1 0 0 0 0 0 0 0 0 0 0 0 0 0 0
Last Time Cost: 00000000 ms
Total Time Cost: 00002505 ms
Total Distance 0: 0 0 0 0 0 0 0 0 0 0 0 0 0 0 0 0 0 0 0 0 0 0 0 0 0 0 0 0 0 0 0 0 0 0 0 0 0 0 0 0 0 0 0 0 0 0 0 0
