Last Time Cost: 00000000 ms
Total Time Cost: 00000000 ms
Total Distance 238: 8 8 8 8 8 8 8 8 6 6 6 6 6 6 6 6 7 7 7 7 7 7 7 7 7 7 7 7 7 7 7 7 7 7
Last Time Cost: 00000007 ms
Total Time Cost: 00000007 ms
Total Distance 231: 8 7 8 7 8 8 8 8 5 6 6 5 6 6 6 6 7 7 7 7 7 7 7 7 7 7 6 7 7 6 6 7 7 7
Last Time Cost: 00000002 ms
Total Time Cost: 00000009 ms
Total Distance 225: 8 6 8 7 8 8 8 8 5 5 6 5 6 6 6 6 7 7 6 7 7 7 7 7 6 7 5 7 7 5 6 7 7 7
Last Time Cost: 00000002 ms
Total Time Cost: 00000011 ms
Total Distance 219: 8 6 8 6 8 8 8 7 5 5 6 5 6 6 6 6 6 7 5 7 7 7 7 6 6 7 5 7 6 5 6 7 7 7
Last Time Cost: 00000002 ms
Total Time Cost: 00000013 ms
Total Distance 213: 7 6 8 5 8 8 7 6 5 4 5 5 6 6 6 6 6 7 5 7 7 7 7 6 6 7 5 7 6 5 6 7 7 7
Last Time Cost: 00000002 ms
Total Time Cost: 00000015 ms
Total Distance 208: 6 5 8 5 8 8 6 6 5 4 5 5 5 6 6 6 6 7 5 7 7 7 7 6 6 7 5 7 6 5 6 6 7 7
Last Time Cost: 00000002 ms
Total Time Cost: 00000017 ms
Total Distance 203: 6 5 8 5 8 7 6 6 5 4 5 5 5 6 6 6 5 7 5 7 7 7 7 6 5 7 5 6 6 5 6 5 7 7
Last Time Cost: 00000002 ms
Total Time Cost: 00000019 ms
Total Distance 199: 6 5 8 4 8 7 6 5 5 4 5 5 5 6 6 6 4 7 5 7 7 7 7 5 5 7 5 6 6 5 6 5 7 7
Last Time Cost: 00000002 ms
Total Time Cost: 00000021 ms
Total Distance 195: 6 5 8 4 8 6 6 5 5 4 5 5 5 6 6 6 3 7 5 7 7 7 7 5 5 7 5 5 6 5 6 4 7 7
Last Time Cost: 00000003 ms
Total Time Cost: 00000024 ms
Total Distance 191: 6 5 8 4 8 6 6 4 5 4 5 4 5 6 6 5 3 7 5 6 7 7 7 5 5 7 5 5 6 5 6 4 7 7
Last Time Cost: 00000003 ms
Total Time Cost: 00000027 ms
Total Distance 187: 6 5 8 4 8 6 6 4 4 4 5 4 5 6 6 5 3 7 4 6 7 6 7 5 5 7 5 5 5 5 6 4 7 7
Last Time Cost: 00000003 ms
Total Time Cost: 00000030 ms
Total Distance 183: 6 5 8 4 7 6 6 4 4 4 5 4 5 6 6 5 3 7 4 6 7 6 7 4 5 6 5 5 5 5 6 4 6 7
Last Time Cost: 00000002 ms
Total Time Cost: 00000032 ms
Total Distance 180: 6 5 8 3 7 6 6 4 4 4 5 3 5 6 6 5 3 7 4 6 7 6 7 4 5 6 4 5 5 5 6 4 6 7
Last Time Cost: 00000003 ms
Total Time Cost: 00000035 ms
Total Distance 176: 5 5 8 3 7 6 6 4 4 4 5 3 5 5 6 5 3 7 4 6 7 6 6 4 5 6 4 5 5 5 6 4 6 6
Last Time Cost: 00000002 ms
Total Time Cost: 00000037 ms
Total Distance 173: 5 4 8 3 7 6 6 4 3 4 5 3 5 5 6 5 3 7 4 6 7 6 6 4 5 6 4 5 5 4 6 4 6 6
Last Time Cost: 00000003 ms
Total Time Cost: 00000040 ms
Total Distance 170: 5 3 8 3 7 6 6 4 3 4 5 3 5 5 6 5 3 7 4 6 7 6 6 4 4 6 4 5 5 3 6 4 6 6
Last Time Cost: 00000003 ms
Total Time Cost: 00000043 ms
Total Distance 167: 5 2 8 3 7 6 5 4 3 4 5 3 4 5 6 5 3 7 4 6 7 6 6 4 4 6 4 5 5 3 6 4 6 6
Last Time Cost: 00000003 ms
Total Time Cost: 00000046 ms
Total Distance 164: 5 2 8 3 7 6 5 4 3 4 5 3 4 5 6 4 3 7 4 6 7 6 6 3 4 5 4 5 5 3 6 4 6 6
Last Time Cost: 00000003 ms
Total Time Cost: 00000049 ms
Total Distance 161: 5 2 8 3 7 6 4 4 3 4 5 3 4 5 6 4 3 7 4 6 7 6 6 3 4 5 4 5 4 3 6 4 6 5
Last Time Cost: 00000003 ms
Total Time Cost: 00000052 ms
Total Distance 158: 5 2 8 3 7 6 4 4 3 4 5 3 3 5 6 4 3 7 4 5 7 5 6 3 4 5 4 5 4 3 6 4 6 5
Last Time Cost: 00000003 ms
Total Time Cost: 00000055 ms
Total Distance 155: 5 2 8 3 7 6 4 4 3 4 5 3 3 5 6 4 3 6 4 5 7 5 6 3 4 5 4 5 4 3 5 4 6 4
Last Time Cost: 00000003 ms
Total Time Cost: 00000058 ms
Total Distance 152: 5 2 7 3 7 6 4 4 3 4 5 3 3 5 5 4 3 6 4 5 7 5 6 3 4 5 4 5 4 3 5 3 6 4
Last Time Cost: 00000003 ms
Total Time Cost: 00000061 ms
Total Distance 149: 5 2 6 3 7 5 4 4 3 4 5 3 3 4 5 4 3 6 4 5 7 5 6 3 4 5 4 5 4 3 5 3 6 4
Last Time Cost: 00000002 ms
Total Time Cost: 00000063 ms
Total Distance 146: 5 2 5 3 7 5 4 4 3 4 5 3 3 4 5 4 3 5 4 5 7 5 6 3 4 5 4 4 4 3 5 3 6 4
Last Time Cost: 00000002 ms
Total Time Cost: 00000065 ms
Total Distance 144: 5 2 5 3 7 5 4 4 2 4 5 3 3 4 5 4 3 5 3 5 7 5 6 3 4 5 4 4 4 3 5 3 6 4
Last Time Cost: 00000002 ms
Total Time Cost: 00000067 ms
Total Distance 141: 5 2 5 3 6 5 4 4 2 4 5 3 3 4 5 4 3 5 3 5 6 5 6 3 4 5 4 4 4 3 4 3 6 4
Last Time Cost: 00000001 ms
Total Time Cost: 00000068 ms
Total Distance 139: 5 2 5 2 6 5 4 4 2 3 5 3 3 4 5 4 3 5 3 5 6 5 6 3 4 5 4 4 4 3 4 3 6 4
Last Time Cost: 00000001 ms
Total Time Cost: 00000069 ms
Total Distance 137: 5 2 5 2 6 5 4 4 2 3 5 3 3 4 5 3 2 5 3 5 6 5 6 3 4 5 4 4 4 3 4 3 6 4
Last Time Cost: 00000001 ms
Total Time Cost: 00000070 ms
Total Distance 135: 5 2 5 2 6 5 4 4 2 3 5 3 3 4 5 2 2 5 3 5 6 5 6 3 4 5 3 4 4 3 4 3 6 4
Last Time Cost: 00000001 ms
Total Time Cost: 00000071 ms
Total Distance 133: 5 2 5 2 6 5 4 4 2 3 5 3 3 4 5 2 2 5 3 5 6 4 6 3 4 5 3 4 4 3 4 2 6 4
Last Time Cost: 00000001 ms
Total Time Cost: 00000072 ms
Total Distance 131: 5 2 5 2 6 5 4 4 2 3 5 3 3 4 5 2 2 5 3 5 6 4 6 2 4 4 3 4 4 3 4 2 6 4
Last Time Cost: 00000001 ms
Total Time Cost: 00000073 ms
Total Distance 129: 5 2 5 2 6 5 4 4 2 3 5 3 3 4 5 2 2 5 3 5 6 4 6 1 4 3 3 4 4 3 4 2 6 4
Last Time Cost: 00000000 ms
Total Time Cost: 00000073 ms
Total Distance 128: 5 2 5 2 6 5 4 4 2 3 5 3 3 4 5 2 2 5 3 5 6 4 6 0 4 3 3 4 4 3 4 2 6 4
Last Time Cost: 00000001 ms
Total Time Cost: 00000074 ms
Total Distance 126: 5 2 5 2 6 4 4 4 2 3 5 3 3 4 5 2 2 5 3 5 6 4 6 0 4 3 3 3 4 3 4 2 6 4
Last Time Cost: 00000001 ms
Total Time Cost: 00000075 ms
Total Distance 124: 5 2 5 2 6 4 4 4 2 3 5 3 3 4 4 2 2 5 3 5 6 4 6 0 4 3 3 2 4 3 4 2 6 4
Last Time Cost: 00000001 ms
Total Time Cost: 00000076 ms
Total Distance 121: 4 2 5 2 6 4 4 4 2 3 5 3 3 4 4 2 2 5 3 5 6 4 5 0 4 3 3 2 4 3 4 2 6 3
Last Time Cost: 00000001 ms
Total Time Cost: 00000077 ms
Total Distance 119: 4 2 5 2 6 4 4 3 2 3 5 2 3 4 4 2 2 5 3 5 6 4 5 0 4 3 3 2 4 3 4 2 6 3
Last Time Cost: 00000001 ms
Total Time Cost: 00000078 ms
Total Distance 117: 3 2 5 2 6 4 4 3 2 3 5 2 3 3 4 2 2 5 3 5 6 4 5 0 4 3 3 2 4 3 4 2 6 3
Last Time Cost: 00000001 ms
Total Time Cost: 00000079 ms
Total Distance 115: 3 2 5 2 6 4 4 2 2 3 5 2 3 3 4 2 2 5 3 4 6 4 5 0 4 3 3 2 4 3 4 2 6 3
Last Time Cost: 00000001 ms
Total Time Cost: 00000080 ms
Total Distance 113: 3 2 5 2 5 4 4 2 2 3 5 2 3 3 4 2 2 5 3 4 6 3 5 0 4 3 3 2 4 3 4 2 6 3
Last Time Cost: 00000001 ms
Total Time Cost: 00000081 ms
Total Distance 111: 3 2 5 2 4 4 4 2 2 3 5 2 3 3 4 2 2 5 3 4 6 3 5 0 4 3 3 2 4 3 3 2 6 3
Last Time Cost: 00000001 ms
Total Time Cost: 00000082 ms
Total Distance 109: 3 2 4 2 4 4 4 2 2 3 5 2 3 3 4 2 2 4 3 4 6 3 5 0 4 3 3 2 4 3 3 2 6 3
Last Time Cost: 00000001 ms
Total Time Cost: 00000083 ms
Total Distance 107: 3 2 3 2 4 4 4 2 2 3 4 2 3 3 4 2 2 4 3 4 6 3 5 0 4 3 3 2 4 3 3 2 6 3
Last Time Cost: 00000001 ms
Total Time Cost: 00000084 ms
Total Distance 105: 3 2 3 2 4 4 4 2 2 3 4 2 3 3 4 2 2 4 3 3 6 3 5 0 4 3 3 2 4 3 3 2 5 3
Last Time Cost: 00000001 ms
Total Time Cost: 00000085 ms
Total Distance 103: 3 2 3 2 3 4 4 2 2 3 4 2 3 3 4 2 2 4 3 3 6 3 5 0 4 3 3 2 4 3 3 2 4 3
Last Time Cost: 00000001 ms
Total Time Cost: 00000086 ms
Total Distance 101: 3 2 3 2 3 4 4 2 2 3 4 2 3 3 4 2 2 4 3 3 5 3 5 0 4 3 3 2 4 3 3 2 3 3
Last Time Cost: 00000001 ms
Total Time Cost: 00000087 ms
Total Distance 100: 3 2 3 2 3 4 4 2 1 3 4 2 3 3 4 2 2 4 3 3 5 3 5 0 4 3 3 2 4 3 3 2 3 3
Last Time Cost: 00000000 ms
Total Time Cost: 00000087 ms
Total Distance 99: 3 2 3 2 3 4 4 2 0 3 4 2 3 3 4 2 2 4 3 3 5 3 5 0 4 3 3 2 4 3 3 2 3 3
Last Time Cost: 00000001 ms
Total Time Cost: 00000088 ms
Total Distance 98: 3 2 3 2 3 4 4 2 0 3 4 2 3 3 4 2 1 4 3 3 5 3 5 0 4 3 3 2 4 3 3 2 3 3
Last Time Cost: 00000000 ms
Total Time Cost: 00000088 ms
Total Distance 97: 3 2 3 2 3 4 4 2 0 3 4 2 3 3 4 2 0 4 3 3 5 3 5 0 4 3 3 2 4 3 3 2 3 3
Last Time Cost: 00000001 ms
Total Time Cost: 00000089 ms
Total Distance 96: 3 2 3 2 3 4 4 2 0 3 4 1 3 3 4 2 0 4 3 3 5 3 5 0 4 3 3 2 4 3 3 2 3 3
Last Time Cost: 00000000 ms
Total Time Cost: 00000089 ms
Total Distance 95: 3 2 3 2 3 4 4 2 0 3 4 0 3 3 4 2 0 4 3 3 5 3 5 0 4 3 3 2 4 3 3 2 3 3
Last Time Cost: 00000001 ms
Total Time Cost: 00000090 ms
Total Distance 94: 3 2 3 2 3 4 4 2 0 3 4 0 3 3 4 2 0 4 3 3 5 3 5 0 4 3 3 1 4 3 3 2 3 3
Last Time Cost: 00000000 ms
Total Time Cost: 00000090 ms
Total Distance 93: 3 2 3 2 3 4 4 2 0 3 4 0 3 3 4 2 0 4 3 3 5 3 5 0 4 3 3 0 4 3 3 2 3 3
Last Time Cost: 00000001 ms
Total Time Cost: 00000091 ms
Total Distance 92: 3 2 3 2 3 4 4 2 0 3 4 0 3 3 4 2 0 4 3 3 5 3 5 0 4 3 3 0 4 3 3 1 3 3
Last Time Cost: 00000000 ms
Total Time Cost: 00000091 ms
Total Distance 91: 3 2 3 2 3 4 4 2 0 3 4 0 3 3 4 2 0 4 3 3 5 3 5 0 4 3 3 0 4 3 3 0 3 3
Last Time Cost: 00000001 ms
Total Time Cost: 00000092 ms
Total Distance 90: 3 1 3 2 3 4 4 2 0 3 4 0 3 3 4 2 0 4 3 3 5 3 5 0 4 3 3 0 4 3 3 0 3 3
Last Time Cost: 00000000 ms
Total Time Cost: 00000092 ms
Total Distance 89: 3 0 3 2 3 4 4 2 0 3 4 0 3 3 4 2 0 4 3 3 5 3 5 0 4 3 3 0 4 3 3 0 3 3
Last Time Cost: 00000001 ms
Total Time Cost: 00000093 ms
Total Distance 88: 3 0 3 2 3 4 4 2 0 3 4 0 3 3 4 1 0 4 3 3 5 3 5 0 4 3 3 0 4 3 3 0 3 3
Last Time Cost: 00000000 ms
Total Time Cost: 00000093 ms
Total Distance 87: 3 0 3 2 3 4 4 2 0 3 4 0 3 3 4 0 0 4 3 3 5 3 5 0 4 3 3 0 4 3 3 0 3 3
Last Time Cost: 00000001 ms
Total Time Cost: 00000094 ms
Total Distance 85: 3 0 3 2 3 4 4 2 0 3 4 0 3 3 4 0 0 4 3 3 5 3 5 0 3 3 3 0 4 2 3 0 3 3
Last Time Cost: 00000001 ms
Total Time Cost: 00000095 ms
Total Distance 84: 3 0 3 2 3 4 4 2 0 3 4 0 3 3 4 0 0 4 3 3 5 3 5 0 3 3 3 0 4 1 3 0 3 3
Last Time Cost: 00000000 ms
Total Time Cost: 00000095 ms
Total Distance 83: 3 0 3 2 3 4 4 2 0 3 4 0 3 3 4 0 0 4 3 3 5 3 5 0 3 3 3 0 4 0 3 0 3 3
Last Time Cost: 00000001 ms
Total Time Cost: 00000096 ms
Total Distance 82: 3 0 3 1 3 4 4 2 0 3 4 0 3 3 4 0 0 4 3 3 5 3 5 0 3 3 3 0 4 0 3 0 3 3
Last Time Cost: 00000000 ms
Total Time Cost: 00000096 ms
Total Distance 81: 3 0 3 0 3 4 4 2 0 3 4 0 3 3 4 0 0 4 3 3 5 3 5 0 3 3 3 0 4 0 3 0 3 3
Last Time Cost: 00000001 ms
Total Time Cost: 00000097 ms
Total Distance 80: 3 0 3 0 3 4 4 1 0 3 4 0 3 3 4 0 0 4 3 3 5 3 5 0 3 3 3 0 4 0 3 0 3 3
Last Time Cost: 00000000 ms
Total Time Cost: 00000097 ms
Total Distance 79: 3 0 3 0 3 4 4 0 0 3 4 0 3 3 4 0 0 4 3 3 5 3 5 0 3 3 3 0 4 0 3 0 3 3
Last Time Cost: 00000001 ms
Total Time Cost: 00000098 ms
Total Distance 78: 3 0 3 0 3 4 4 0 0 3 4 0 3 3 4 0 0 4 3 3 5 3 5 0 3 3 3 0 4 0 2 0 3 3
Last Time Cost: 00000001 ms
Total Time Cost: 00000099 ms
Total Distance 77: 3 0 3 0 3 4 4 0 0 3 4 0 3 3 4 0 0 4 3 3 5 3 5 0 3 3 3 0 4 0 1 0 3 3
Last Time Cost: 00000000 ms
Total Time Cost: 00000099 ms
Total Distance 76: 3 0 3 0 3 4 4 0 0 3 4 0 3 3 4 0 0 4 3 3 5 3 5 0 3 3 3 0 4 0 0 0 3 3
Last Time Cost: 00000001 ms
Total Time Cost: 00000100 ms
Total Distance 75: 3 0 3 0 3 4 4 0 0 3 4 0 3 3 4 0 0 4 3 3 5 3 5 0 3 3 3 0 4 0 0 0 2 3
Last Time Cost: 00000000 ms
Total Time Cost: 00000100 ms
Total Distance 74: 3 0 3 0 3 4 4 0 0 3 4 0 3 3 4 0 0 4 3 3 5 3 5 0 3 3 3 0 4 0 0 0 1 3
Last Time Cost: 00000000 ms
Total Time Cost: 00000100 ms
Total Distance 73: 3 0 3 0 3 4 4 0 0 3 4 0 3 3 4 0 0 4 3 3 5 3 5 0 3 3 3 0 4 0 0 0 0 3
Last Time Cost: 00000001 ms
Total Time Cost: 00000101 ms
Total Distance 72: 2 0 3 0 3 4 4 0 0 3 4 0 3 3 4 0 0 4 3 3 5 3 5 0 3 3 3 0 4 0 0 0 0 3
Last Time Cost: 00000000 ms
Total Time Cost: 00000101 ms
Total Distance 71: 1 0 3 0 3 4 4 0 0 3 4 0 3 3 4 0 0 4 3 3 5 3 5 0 3 3 3 0 4 0 0 0 0 3
Last Time Cost: 00000000 ms
Total Time Cost: 00000101 ms
Total Distance 70: 0 0 3 0 3 4 4 0 0 3 4 0 3 3 4 0 0 4 3 3 5 3 5 0 3 3 3 0 4 0 0 0 0 3
Last Time Cost: 00000001 ms
Total Time Cost: 00000102 ms
Total Distance 69: 0 0 3 0 3 4 4 0 0 3 4 0 3 3 4 0 0 4 3 3 5 2 5 0 3 3 3 0 4 0 0 0 0 3
Last Time Cost: 00000001 ms
Total Time Cost: 00000103 ms
Total Distance 68: 0 0 3 0 3 4 4 0 0 3 4 0 3 3 4 0 0 4 3 3 5 1 5 0 3 3 3 0 4 0 0 0 0 3
Last Time Cost: 00000000 ms
Total Time Cost: 00000103 ms
Total Distance 67: 0 0 3 0 3 4 4 0 0 3 4 0 3 3 4 0 0 4 3 3 5 0 5 0 3 3 3 0 4 0 0 0 0 3
Last Time Cost: 00000002 ms
Total Time Cost: 00000105 ms
Total Distance 66: 0 0 3 0 3 4 4 0 0 3 4 0 3 2 4 0 0 4 3 3 5 0 5 0 3 3 3 0 4 0 0 0 0 3
Last Time Cost: 00000000 ms
Total Time Cost: 00000105 ms
Total Distance 65: 0 0 3 0 3 4 4 0 0 3 4 0 3 1 4 0 0 4 3 3 5 0 5 0 3 3 3 0 4 0 0 0 0 3
Last Time Cost: 00000000 ms
Total Time Cost: 00000105 ms
Total Distance 64: 0 0 3 0 3 4 4 0 0 3 4 0 3 0 4 0 0 4 3 3 5 0 5 0 3 3 3 0 4 0 0 0 0 3
Last Time Cost: 00000002 ms
Total Time Cost: 00000107 ms
Total Distance 62: 0 0 3 0 3 3 4 0 0 3 4 0 3 0 4 0 0 3 3 3 5 0 5 0 3 3 3 0 4 0 0 0 0 3
Last Time Cost: 00000002 ms
Total Time Cost: 00000109 ms
Total Distance 61: 0 0 3 0 3 3 4 0 0 3 4 0 3 0 4 0 0 3 3 3 5 0 5 0 3 3 2 0 4 0 0 0 0 3
Last Time Cost: 00000000 ms
Total Time Cost: 00000109 ms
Total Distance 60: 0 0 3 0 3 3 4 0 0 3 4 0 3 0 4 0 0 3 3 3 5 0 5 0 3 3 1 0 4 0 0 0 0 3
Last Time Cost: 00000000 ms
Total Time Cost: 00000109 ms
Total Distance 59: 0 0 3 0 3 3 4 0 0 3 4 0 3 0 4 0 0 3 3 3 5 0 5 0 3 3 0 0 4 0 0 0 0 3
Last Time Cost: 00000002 ms
Total Time Cost: 00000111 ms
Total Distance 58: 0 0 3 0 3 3 4 0 0 3 4 0 3 0 4 0 0 2 3 3 5 0 5 0 3 3 0 0 4 0 0 0 0 3
Last Time Cost: 00000000 ms
Total Time Cost: 00000111 ms
Total Distance 57: 0 0 3 0 3 3 4 0 0 3 4 0 3 0 4 0 0 1 3 3 5 0 5 0 3 3 0 0 4 0 0 0 0 3
Last Time Cost: 00000000 ms
Total Time Cost: 00000111 ms
Total Distance 56: 0 0 3 0 3 3 4 0 0 3 4 0 3 0 4 0 0 0 3 3 5 0 5 0 3 3 0 0 4 0 0 0 0 3
Last Time Cost: 00000002 ms
Total Time Cost: 00000113 ms
Total Distance 55: 0 0 3 0 3 3 4 0 0 3 4 0 3 0 4 0 0 0 3 3 5 0 5 0 3 3 0 0 4 0 0 0 0 2
Last Time Cost: 00000000 ms
Total Time Cost: 00000113 ms
Total Distance 54: 0 0 3 0 3 3 4 0 0 3 4 0 3 0 4 0 0 0 3 3 5 0 5 0 3 3 0 0 4 0 0 0 0 1
Last Time Cost: 00000000 ms
Total Time Cost: 00000113 ms
Total Distance 53: 0 0 3 0 3 3 4 0 0 3 4 0 3 0 4 0 0 0 3 3 5 0 5 0 3 3 0 0 4 0 0 0 0 0
Last Time Cost: 00000002 ms
Total Time Cost: 00000115 ms
Total Distance 52: 0 0 3 0 3 2 4 0 0 3 4 0 3 0 4 0 0 0 3 3 5 0 5 0 3 3 0 0 4 0 0 0 0 0
Last Time Cost: 00000000 ms
Total Time Cost: 00000115 ms
Total Distance 51: 0 0 3 0 3 1 4 0 0 3 4 0 3 0 4 0 0 0 3 3 5 0 5 0 3 3 0 0 4 0 0 0 0 0
Last Time Cost: 00000000 ms
Total Time Cost: 00000115 ms
Total Distance 50: 0 0 3 0 3 0 4 0 0 3 4 0 3 0 4 0 0 0 3 3 5 0 5 0 3 3 0 0 4 0 0 0 0 0
Last Time Cost: 00000002 ms
Total Time Cost: 00000117 ms
Total Distance 49: 0 0 3 0 3 0 4 0 0 3 4 0 3 0 4 0 0 0 3 3 5 0 5 0 3 2 0 0 4 0 0 0 0 0
Last Time Cost: 00000000 ms
Total Time Cost: 00000117 ms
Total Distance 48: 0 0 3 0 3 0 4 0 0 3 4 0 3 0 4 0 0 0 3 3 5 0 5 0 3 1 0 0 4 0 0 0 0 0
Last Time Cost: 00000000 ms
Total Time Cost: 00000117 ms
Total Distance 47: 0 0 3 0 3 0 4 0 0 3 4 0 3 0 4 0 0 0 3 3 5 0 5 0 3 0 0 0 4 0 0 0 0 0
Last Time Cost: 00000003 ms
Total Time Cost: 00000120 ms
Total Distance 46: 0 0 2 0 3 0 4 0 0 3 4 0 3 0 4 0 0 0 3 3 5 0 5 0 3 0 0 0 4 0 0 0 0 0
Last Time Cost: 00000000 ms
Total Time Cost: 00000120 ms
Total Distance 45: 0 0 1 0 3 0 4 0 0 3 4 0 3 0 4 0 0 0 3 3 5 0 5 0 3 0 0 0 4 0 0 0 0 0
Last Time Cost: 00000000 ms
Total Time Cost: 00000120 ms
Total Distance 44: 0 0 0 0 3 0 4 0 0 3 4 0 3 0 4 0 0 0 3 3 5 0 5 0 3 0 0 0 4 0 0 0 0 0
Last Time Cost: 00000003 ms
Total Time Cost: 00000123 ms
Total Distance 43: 0 0 0 0 3 0 4 0 0 3 4 0 3 0 4 0 0 0 3 2 5 0 5 0 3 0 0 0 4 0 0 0 0 0
Last Time Cost: 00000000 ms
Total Time Cost: 00000123 ms
Total Distance 42: 0 0 0 0 3 0 4 0 0 3 4 0 3 0 4 0 0 0 3 1 5 0 5 0 3 0 0 0 4 0 0 0 0 0
Last Time Cost: 00000000 ms
Total Time Cost: 00000123 ms
Total Distance 41: 0 0 0 0 3 0 4 0 0 3 4 0 3 0 4 0 0 0 3 0 5 0 5 0 3 0 0 0 4 0 0 0 0 0
Last Time Cost: 00000003 ms
Total Time Cost: 00000126 ms
Total Distance 39: 0 0 0 0 3 0 4 0 0 3 4 0 3 0 4 0 0 0 2 0 5 0 5 0 3 0 0 0 3 0 0 0 0 0
Last Time Cost: 00000003 ms
Total Time Cost: 00000129 ms
Total Distance 38: 0 0 0 0 3 0 4 0 0 3 4 0 3 0 4 0 0 0 1 0 5 0 5 0 3 0 0 0 3 0 0 0 0 0
Last Time Cost: 00000000 ms
Total Time Cost: 00000129 ms
Total Distance 37: 0 0 0 0 3 0 4 0 0 3 4 0 3 0 4 0 0 0 0 0 5 0 5 0 3 0 0 0 3 0 0 0 0 0
Last Time Cost: 00000003 ms
Total Time Cost: 00000132 ms
Total Distance 36: 0 0 0 0 3 0 4 0 0 2 4 0 3 0 4 0 0 0 0 0 5 0 5 0 3 0 0 0 3 0 0 0 0 0
Last Time Cost: 00000000 ms
Total Time Cost: 00000132 ms
Total Distance 35: 0 0 0 0 3 0 4 0 0 1 4 0 3 0 4 0 0 0 0 0 5 0 5 0 3 0 0 0 3 0 0 0 0 0
Last Time Cost: 00000000 ms
Total Time Cost: 00000132 ms
Total Distance 34: 0 0 0 0 3 0 4 0 0 0 4 0 3 0 4 0 0 0 0 0 5 0 5 0 3 0 0 0 3 0 0 0 0 0
Last Time Cost: 00000004 ms
Total Time Cost: 00000136 ms
Total Distance 33: 0 0 0 0 3 0 4 0 0 0 4 0 2 0 4 0 0 0 0 0 5 0 5 0 3 0 0 0 3 0 0 0 0 0
Last Time Cost: 00000000 ms
Total Time Cost: 00000136 ms
Total Distance 32: 0 0 0 0 3 0 4 0 0 0 4 0 1 0 4 0 0 0 0 0 5 0 5 0 3 0 0 0 3 0 0 0 0 0
Last Time Cost: 00000000 ms
Total Time Cost: 00000136 ms
Total Distance 31: 0 0 0 0 3 0 4 0 0 0 4 0 0 0 4 0 0 0 0 0 5 0 5 0 3 0 0 0 3 0 0 0 0 0
Last Time Cost: 00000004 ms
Total Time Cost: 00000140 ms
Total Distance 30: 0 0 0 0 3 0 4 0 0 0 4 0 0 0 4 0 0 0 0 0 5 0 5 0 3 0 0 0 2 0 0 0 0 0
Last Time Cost: 00000000 ms
Total Time Cost: 00000140 ms
Total Distance 29: 0 0 0 0 3 0 4 0 0 0 4 0 0 0 4 0 0 0 0 0 5 0 5 0 3 0 0 0 1 0 0 0 0 0
Last Time Cost: 00000000 ms
Total Time Cost: 00000140 ms
Total Distance 28: 0 0 0 0 3 0 4 0 0 0 4 0 0 0 4 0 0 0 0 0 5 0 5 0 3 0 0 0 0 0 0 0 0 0
Last Time Cost: 00000004 ms
Total Time Cost: 00000144 ms
Total Distance 27: 0 0 0 0 3 0 4 0 0 0 4 0 0 0 4 0 0 0 0 0 5 0 5 0 2 0 0 0 0 0 0 0 0 0
Last Time Cost: 00000000 ms
Total Time Cost: 00000144 ms
Total Distance 26: 0 0 0 0 3 0 4 0 0 0 4 0 0 0 4 0 0 0 0 0 5 0 5 0 1 0 0 0 0 0 0 0 0 0
Last Time Cost: 00000000 ms
Total Time Cost: 00000144 ms
Total Distance 25: 0 0 0 0 3 0 4 0 0 0 4 0 0 0 4 0 0 0 0 0 5 0 5 0 0 0 0 0 0 0 0 0 0 0
Last Time Cost: 00000004 ms
Total Time Cost: 00000148 ms
Total Distance 24: 0 0 0 0 2 0 4 0 0 0 4 0 0 0 4 0 0 0 0 0 5 0 5 0 0 0 0 0 0 0 0 0 0 0
Last Time Cost: 00000000 ms
Total Time Cost: 00000148 ms
Total Distance 23: 0 0 0 0 1 0 4 0 0 0 4 0 0 0 4 0 0 0 0 0 5 0 5 0 0 0 0 0 0 0 0 0 0 0
Last Time Cost: 00000000 ms
Total Time Cost: 00000148 ms
Total Distance 22: 0 0 0 0 0 0 4 0 0 0 4 0 0 0 4 0 0 0 0 0 5 0 5 0 0 0 0 0 0 0 0 0 0 0
Last Time Cost: 00000005 ms
Total Time Cost: 00000153 ms
Total Distance 21: 0 0 0 0 0 0 3 0 0 0 4 0 0 0 4 0 0 0 0 0 5 0 5 0 0 0 0 0 0 0 0 0 0 0
Last Time Cost: 00000000 ms
Total Time Cost: 00000153 ms
Total Distance 20: 0 0 0 0 0 0 2 0 0 0 4 0 0 0 4 0 0 0 0 0 5 0 5 0 0 0 0 0 0 0 0 0 0 0
Last Time Cost: 00000000 ms
Total Time Cost: 00000153 ms
Total Distance 19: 0 0 0 0 0 0 1 0 0 0 4 0 0 0 4 0 0 0 0 0 5 0 5 0 0 0 0 0 0 0 0 0 0 0
Last Time Cost: 00000000 ms
Total Time Cost: 00000153 ms
Total Distance 18: 0 0 0 0 0 0 0 0 0 0 4 0 0 0 4 0 0 0 0 0 5 0 5 0 0 0 0 0 0 0 0 0 0 0
Last Time Cost: 00000005 ms
Total Time Cost: 00000158 ms
Total Distance 17: 0 0 0 0 0 0 0 0 0 0 4 0 0 0 3 0 0 0 0 0 5 0 5 0 0 0 0 0 0 0 0 0 0 0
Last Time Cost: 00000000 ms
Total Time Cost: 00000158 ms
Total Distance 16: 0 0 0 0 0 0 0 0 0 0 4 0 0 0 2 0 0 0 0 0 5 0 5 0 0 0 0 0 0 0 0 0 0 0
Last Time Cost: 00000000 ms
Total Time Cost: 00000158 ms
Total Distance 15: 0 0 0 0 0 0 0 0 0 0 4 0 0 0 1 0 0 0 0 0 5 0 5 0 0 0 0 0 0 0 0 0 0 0
Last Time Cost: 00000000 ms
Total Time Cost: 00000158 ms
Total Distance 14: 0 0 0 0 0 0 0 0 0 0 4 0 0 0 0 0 0 0 0 0 5 0 5 0 0 0 0 0 0 0 0 0 0 0
Last Time Cost: 00000006 ms
Total Time Cost: 00000164 ms
Total Distance 13: 0 0 0 0 0 0 0 0 0 0 3 0 0 0 0 0 0 0 0 0 5 0 5 0 0 0 0 0 0 0 0 0 0 0
Last Time Cost: 00000000 ms
Total Time Cost: 00000164 ms
Total Distance 12: 0 0 0 0 0 0 0 0 0 0 2 0 0 0 0 0 0 0 0 0 5 0 5 0 0 0 0 0 0 0 0 0 0 0
Last Time Cost: 00000000 ms
Total Time Cost: 00000164 ms
Total Distance 11: 0 0 0 0 0 0 0 0 0 0 1 0 0 0 0 0 0 0 0 0 5 0 5 0 0 0 0 0 0 0 0 0 0 0
Last Time Cost: 00000000 ms
Total Time Cost: 00000164 ms
Total Distance 10: 0 0 0 0 0 0 0 0 0 0 0 0 0 0 0 0 0 0 0 0 5 0 5 0 0 0 0 0 0 0 0 0 0 0
Last Time Cost: 00000006 ms
Total Time Cost: 00000170 ms
Total Distance 9: 0 0 0 0 0 0 0 0 0 0 0 0 0 0 0 0 0 0 0 0 5 0 4 0 0 0 0 0 0 0 0 0 0 0
Last Time Cost: 00000001 ms
Total Time Cost: 00000171 ms
Total Distance 8: 0 0 0 0 0 0 0 0 0 0 0 0 0 0 0 0 0 0 0 0 5 0 3 0 0 0 0 0 0 0 0 0 0 0
Last Time Cost: 00000000 ms
Total Time Cost: 00000171 ms
Total Distance 7: 0 0 0 0 0 0 0 0 0 0 0 0 0 0 0 0 0 0 0 0 5 0 2 0 0 0 0 0 0 0 0 0 0 0
Last Time Cost: 00000000 ms
Total Time Cost: 00000171 ms
Total Distance 6: 0 0 0 0 0 0 0 0 0 0 0 0 0 0 0 0 0 0 0 0 5 0 1 0 0 0 0 0 0 0 0 0 0 0
Last Time Cost: 00000000 ms
Total Time Cost: 00000171 ms
Total Distance 5: 0 0 0 0 0 0 0 0 0 0 0 0 0 0 0 0 0 0 0 0 5 0 0 0 0 0 0 0 0 0 0 0 0 0
Last Time Cost: 00000004 ms
Total Time Cost: 00000175 ms
Total Distance 4: 0 0 0 0 0 0 0 0 0 0 0 0 0 0 0 0 0 0 0 0 4 0 0 0 0 0 0 0 0 0 0 0 0 0
Last Time Cost: 00000001 ms
Total Time Cost: 00000176 ms
Total Distance 3: 0 0 0 0 0 0 0 0 0 0 0 0 0 0 0 0 0 0 0 0 3 0 0 0 0 0 0 0 0 0 0 0 0 0
Last Time Cost: 00000000 ms
Total Time Cost: 00000176 ms
Total Distance 2: 0 0 0 0 0 0 0 0 0 0 0 0 0 0 0 0 0 0 0 0 2 0 0 0 0 0 0 0 0 0 0 0 0 0
Last Time Cost: 00000000 ms
Total Time Cost: 00000176 ms
Total Distance 1: 0 0 0 0 0 0 0 0 0 0 0 0 0 0 0 0 0 0 0 0 1 0 0 0 0 0 0 0 0 0 0 0 0 0
Last Time Cost: 00000000 ms
Total Time Cost: 00000176 ms
Total Distance 0: 0 0 0 0 0 0 0 0 0 0 0 0 0 0 0 0 0 0 0 0 0 0 0 0 0 0 0 0 0 0 0 0 0 0
