Last Time Cost: 00000000 ms
Total Time Cost: 00000000 ms
Total Distance 572: 14 14 14 14 14 14 14 14 14 14 14 12 12 12 12 12 12 12 12 12 12 12 13 13 13 13 13 13 13 13 13 13 13 13 13 13 13 13 13 13 13 13 13 13
Last Time Cost: 00004079 ms
Total Time Cost: 00004079 ms
Total Distance 561: 13 14 14 14 14 14 14 14 14 14 14 12 11 12 12 12 11 12 12 11 11 12 12 13 13 12 13 13 13 12 13 12 13 12 12 13 13 13 13 13 13 13 13 13
Last Time Cost: 00001641 ms
Total Time Cost: 00005720 ms
Total Distance 551: 12 14 13 14 14 14 14 13 14 13 14 11 10 11 12 12 11 12 12 11 11 12 12 13 13 12 12 13 13 12 13 12 13 12 12 12 13 13 13 12 13 13 13 13
Last Time Cost: 00000388 ms
Total Time Cost: 00006108 ms
Total Distance 543: 12 13 13 14 14 14 13 13 14 13 14 11 9 11 12 12 11 11 12 11 11 12 12 13 13 12 12 13 13 12 12 12 13 12 12 12 13 12 12 12 13 12 13 13
Last Time Cost: 00000325 ms
Total Time Cost: 00006433 ms
Total Distance 536: 12 13 13 14 14 14 13 13 14 13 14 11 8 11 11 12 11 11 12 11 10 12 12 12 13 12 12 13 13 12 12 12 13 12 11 12 12 12 12 12 13 11 13 13
Last Time Cost: 00000282 ms
Total Time Cost: 00006715 ms
Total Distance 530: 12 13 13 14 14 14 13 13 14 13 14 11 7 11 11 12 11 11 12 10 10 12 12 12 13 11 12 13 13 11 12 11 13 11 11 12 12 12 12 12 13 11 13 13
Last Time Cost: 00000260 ms
Total Time Cost: 00006975 ms
Total Distance 524: 12 13 13 13 14 14 13 13 14 13 13 11 6 11 11 12 11 11 12 10 10 11 11 12 13 11 11 13 13 11 12 11 13 11 11 12 12 12 12 12 13 11 13 13
Last Time Cost: 00000226 ms
Total Time Cost: 00007201 ms
Total Distance 518: 12 13 12 12 13 13 13 13 14 13 12 11 5 11 11 12 11 11 12 10 10 11 11 12 13 11 11 13 13 11 12 11 13 11 11 12 12 12 12 12 13 11 13 13
Last Time Cost: 00000182 ms
Total Time Cost: 00007383 ms
Total Distance 515: 12 13 12 11 13 13 13 13 14 13 11 11 4 11 11 12 11 11 12 10 10 11 11 12 13 11 11 13 13 11 12 11 13 11 11 12 12 12 12 12 13 11 13 13
Last Time Cost: 00000158 ms
Total Time Cost: 00007541 ms
Total Distance 513: 12 13 12 11 13 13 13 13 14 13 11 11 3 11 11 12 11 11 12 10 10 11 11 12 13 11 11 13 13 11 12 11 13 11 11 12 12 12 12 12 13 10 13 13
Last Time Cost: 00000136 ms
Total Time Cost: 00007677 ms
Total Distance 511: 12 13 12 11 13 13 13 13 14 13 11 11 2 11 11 12 11 11 12 10 10 11 11 12 13 11 11 13 13 11 12 11 13 11 11 11 12 12 12 12 13 10 13 13
Last Time Cost: 00000115 ms
Total Time Cost: 00007792 ms
Total Distance 509: 12 13 12 11 13 13 13 13 14 13 11 11 1 11 11 12 11 11 12 10 10 11 11 12 13 11 11 13 13 11 11 11 13 11 11 11 12 12 12 12 13 10 13 13
Last Time Cost: 00000103 ms
Total Time Cost: 00007895 ms
Total Distance 508: 12 13 12 11 13 13 13 13 14 13 11 11 0 11 11 12 11 11 12 10 10 11 11 12 13 11 11 13 13 11 11 11 13 11 11 11 12 12 12 12 13 10 13 13
Last Time Cost: 00003070 ms
Total Time Cost: 00010965 ms
Total Distance 498: 12 13 12 10 12 13 13 13 13 13 10 11 0 11 10 12 11 11 12 10 10 11 11 12 13 11 11 13 12 11 11 10 13 11 11 11 12 12 12 12 13 9 12 12
Last Time Cost: 00000619 ms
Total Time Cost: 00011584 ms
Total Distance 490: 12 12 12 9 12 13 13 12 13 12 10 11 0 11 10 12 11 11 12 10 10 11 11 12 13 11 11 12 12 11 11 10 12 11 11 11 12 12 11 12 13 8 12 12
Last Time Cost: 00000368 ms
Total Time Cost: 00011952 ms
Total Distance 483: 12 12 11 9 12 12 12 12 13 12 10 11 0 10 10 12 11 11 12 10 10 11 11 11 13 11 11 12 12 11 11 9 12 11 11 11 12 12 11 12 13 7 12 12
Last Time Cost: 00000253 ms
Total Time Cost: 00012205 ms
Total Distance 478: 12 12 11 9 11 12 12 11 13 12 10 11 0 10 10 12 11 11 12 10 10 11 11 11 13 11 11 12 12 11 11 8 12 11 10 11 12 12 11 12 13 6 12 12
Last Time Cost: 00000206 ms
Total Time Cost: 00012411 ms
Total Distance 474: 12 12 11 8 10 12 12 11 13 12 9 11 0 10 10 12 11 11 12 10 10 11 11 11 13 11 11 12 12 11 11 8 12 11 10 11 12 12 11 12 13 5 12 12
Last Time Cost: 00000167 ms
Total Time Cost: 00012578 ms
Total Distance 471: 12 12 11 7 10 12 12 11 13 11 9 11 0 10 10 12 11 11 12 10 10 11 11 11 13 11 11 12 12 11 11 8 12 11 10 11 12 12 11 12 13 4 12 12
Last Time Cost: 00000133 ms
Total Time Cost: 00012711 ms
Total Distance 468: 12 12 11 7 10 12 12 11 13 11 9 11 0 10 10 12 11 11 12 10 9 11 11 11 13 11 11 12 12 11 11 8 12 11 10 11 12 12 10 12 13 3 12 12
Last Time Cost: 00000099 ms
Total Time Cost: 00012810 ms
Total Distance 466: 12 12 11 7 10 12 12 11 13 11 9 11 0 10 10 12 11 11 12 10 9 11 11 11 13 11 11 12 12 11 11 7 12 11 10 11 12 12 10 12 13 2 12 12
Last Time Cost: 00000073 ms
Total Time Cost: 00012883 ms
Total Distance 464: 12 12 11 7 10 12 11 11 13 11 9 11 0 10 10 12 11 11 12 10 9 11 11 11 13 11 11 12 12 11 11 7 12 11 10 11 12 12 10 12 13 1 12 12
Last Time Cost: 00000052 ms
Total Time Cost: 00012935 ms
Total Distance 463: 12 12 11 7 10 12 11 11 13 11 9 11 0 10 10 12 11 11 12 10 9 11 11 11 13 11 11 12 12 11 11 7 12 11 10 11 12 12 10 12 13 0 12 12
Last Time Cost: 00001080 ms
Total Time Cost: 00014015 ms
Total Distance 455: 12 11 10 6 10 12 10 11 12 11 8 11 0 10 10 12 11 11 12 10 9 11 11 11 13 11 10 12 12 11 11 7 12 10 10 11 12 12 10 12 13 0 12 12
Last Time Cost: 00000317 ms
Total Time Cost: 00014332 ms
Total Distance 449: 12 11 10 5 10 12 10 11 12 11 8 11 0 10 9 12 11 11 11 9 9 11 10 11 13 11 10 12 12 11 11 7 12 9 10 11 12 12 10 12 13 0 12 12
Last Time Cost: 00000254 ms
Total Time Cost: 00014586 ms
Total Distance 443: 11 11 10 4 10 12 10 11 12 11 8 11 0 10 8 11 11 11 11 9 9 11 10 10 13 11 10 12 12 11 11 7 12 8 10 11 12 12 10 12 13 0 12 12
Last Time Cost: 00000198 ms
Total Time Cost: 00014784 ms
Total Distance 440: 10 11 10 3 10 12 10 11 12 11 8 11 0 10 8 10 11 11 11 9 9 11 10 10 13 11 10 12 12 11 11 7 12 8 10 11 12 12 10 12 13 0 12 12
Last Time Cost: 00000149 ms
Total Time Cost: 00014933 ms
Total Distance 438: 10 11 10 2 10 12 10 11 12 11 7 11 0 10 8 10 11 11 11 9 9 11 10 10 13 11 10 12 12 11 11 7 12 8 10 11 12 12 10 12 13 0 12 12
Last Time Cost: 00000113 ms
Total Time Cost: 00015046 ms
Total Distance 437: 10 11 10 1 10 12 10 11 12 11 7 11 0 10 8 10 11 11 11 9 9 11 10 10 13 11 10 12 12 11 11 7 12 8 10 11 12 12 10 12 13 0 12 12
Last Time Cost: 00000086 ms
Total Time Cost: 00015132 ms
Total Distance 436: 10 11 10 0 10 12 10 11 12 11 7 11 0 10 8 10 11 11 11 9 9 11 10 10 13 11 10 12 12 11 11 7 12 8 10 11 12 12 10 12 13 0 12 12
Last Time Cost: 00002202 ms
Total Time Cost: 00017334 ms
Total Distance 430: 10 11 10 0 10 12 10 11 12 11 6 11 0 9 8 10 10 11 11 9 9 11 10 10 12 11 10 12 12 11 11 7 11 8 10 10 12 12 10 12 13 0 12 12
Last Time Cost: 00000912 ms
Total Time Cost: 00018246 ms
Total Distance 426: 10 11 10 0 10 12 10 10 12 11 5 11 0 9 8 10 10 11 11 9 9 11 10 10 12 11 10 12 12 11 11 7 10 8 10 10 12 12 9 12 13 0 12 12
Last Time Cost: 00000329 ms
Total Time Cost: 00018575 ms
Total Distance 424: 10 11 10 0 10 12 10 10 12 11 4 11 0 8 8 10 10 11 11 9 9 11 10 10 12 11 10 12 12 11 11 7 10 8 10 10 12 12 9 12 13 0 12 12
Last Time Cost: 00000265 ms
Total Time Cost: 00018840 ms
Total Distance 421: 9 11 10 0 10 12 10 10 12 11 3 11 0 8 8 10 10 11 11 9 9 11 10 10 11 11 10 12 12 11 11 7 10 8 10 10 12 12 9 12 13 0 12 12
Last Time Cost: 00000209 ms
Total Time Cost: 00019049 ms
Total Distance 419: 9 10 10 0 10 12 10 10 12 11 2 11 0 8 8 10 10 11 11 9 9 11 10 10 11 11 10 12 12 11 11 7 10 8 10 10 12 12 9 12 13 0 12 12
Last Time Cost: 00000164 ms
Total Time Cost: 00019213 ms
Total Distance 418: 9 10 10 0 10 12 10 10 12 11 1 11 0 8 8 10 10 11 11 9 9 11 10 10 11 11 10 12 12 11 11 7 10 8 10 10 12 12 9 12 13 0 12 12
Last Time Cost: 00000136 ms
Total Time Cost: 00019349 ms
Total Distance 417: 9 10 10 0 10 12 10 10 12 11 0 11 0 8 8 10 10 11 11 9 9 11 10 10 11 11 10 12 12 11 11 7 10 8 10 10 12 12 9 12 13 0 12 12
Last Time Cost: 00001051 ms
Total Time Cost: 00020400 ms
Total Distance 412: 9 10 10 0 10 12 10 10 12 11 0 11 0 8 8 10 9 11 11 9 9 11 10 10 10 11 10 12 12 11 11 6 9 8 10 10 12 11 9 12 13 0 12 12
Last Time Cost: 00000617 ms
Total Time Cost: 00021017 ms
Total Distance 408: 9 10 10 0 10 12 10 10 12 11 0 11 0 8 8 9 8 11 11 9 9 11 10 10 10 11 10 12 12 11 11 5 9 8 10 10 12 11 9 11 13 0 12 12
Last Time Cost: 00000513 ms
Total Time Cost: 00021530 ms
Total Distance 405: 9 10 10 0 10 12 10 10 12 11 0 11 0 8 8 8 8 11 11 9 9 11 10 10 10 11 10 12 12 11 11 4 9 8 10 10 12 11 9 10 13 0 12 12
Last Time Cost: 00000410 ms
Total Time Cost: 00021940 ms
Total Distance 403: 9 10 10 0 10 12 10 10 12 11 0 11 0 8 8 8 8 11 11 8 9 11 10 10 10 11 10 12 12 11 11 3 9 8 10 10 12 11 9 10 13 0 12 12
Last Time Cost: 00000328 ms
Total Time Cost: 00022268 ms
Total Distance 401: 9 10 10 0 10 12 10 10 12 11 0 11 0 8 8 8 8 11 11 8 9 11 10 10 10 11 10 12 12 11 11 2 9 8 10 10 12 11 9 10 13 0 11 12
Last Time Cost: 00000263 ms
Total Time Cost: 00022531 ms
Total Distance 400: 9 10 10 0 10 12 10 10 12 11 0 11 0 8 8 8 8 11 11 8 9 11 10 10 10 11 10 12 12 11 11 1 9 8 10 10 12 11 9 10 13 0 11 12
Last Time Cost: 00000217 ms
Total Time Cost: 00022748 ms
Total Distance 399: 9 10 10 0 10 12 10 10 12 11 0 11 0 8 8 8 8 11 11 8 9 11 10 10 10 11 10 12 12 11 11 0 9 8 10 10 12 11 9 10 13 0 11 12
Last Time Cost: 00010183 ms
Total Time Cost: 00032931 ms
Total Distance 390: 9 9 10 0 10 12 10 10 12 11 0 11 0 8 8 7 8 11 11 8 9 11 10 10 10 10 9 11 11 11 11 0 9 8 10 10 11 11 9 9 12 0 11 12
Last Time Cost: 00000754 ms
Total Time Cost: 00033685 ms
Total Distance 385: 9 8 10 0 10 12 10 10 12 11 0 11 0 8 8 6 8 11 11 8 9 11 10 10 10 10 9 10 11 11 11 0 9 8 10 10 11 11 9 8 11 0 11 12
Last Time Cost: 00000632 ms
Total Time Cost: 00034317 ms
Total Distance 381: 9 8 9 0 10 12 10 9 12 11 0 11 0 7 8 5 8 11 11 8 9 11 10 10 10 10 9 10 11 11 11 0 9 8 10 10 11 11 9 8 11 0 11 12
Last Time Cost: 00000543 ms
Total Time Cost: 00034860 ms
Total Distance 378: 9 8 9 0 10 12 10 9 12 11 0 11 0 7 7 4 8 11 11 8 9 11 10 10 10 10 9 10 11 11 11 0 9 7 10 10 11 11 9 8 11 0 11 12
Last Time Cost: 00000474 ms
Total Time Cost: 00035334 ms
Total Distance 375: 9 8 9 0 10 12 10 9 12 11 0 11 0 6 7 3 8 11 11 8 9 11 10 10 10 10 8 10 11 11 11 0 9 7 10 10 11 11 9 8 11 0 11 12
Last Time Cost: 00000410 ms
Total Time Cost: 00035744 ms
Total Distance 372: 9 8 9 0 10 12 10 9 12 11 0 11 0 6 7 2 8 11 11 8 9 11 10 10 10 10 8 9 11 11 11 0 9 7 10 10 11 11 9 7 11 0 11 12
Last Time Cost: 00000365 ms
Total Time Cost: 00036109 ms
Total Distance 371: 9 8 9 0 10 12 10 9 12 11 0 11 0 6 7 1 8 11 11 8 9 11 10 10 10 10 8 9 11 11 11 0 9 7 10 10 11 11 9 7 11 0 11 12
Last Time Cost: 00000340 ms
Total Time Cost: 00036449 ms
Total Distance 370: 9 8 9 0 10 12 10 9 12 11 0 11 0 6 7 0 8 11 11 8 9 11 10 10 10 10 8 9 11 11 11 0 9 7 10 10 11 11 9 7 11 0 11 12
Last Time Cost: 00000894 ms
Total Time Cost: 00037343 ms
Total Distance 365: 9 8 9 0 10 12 9 9 12 11 0 11 0 5 7 0 8 11 11 8 9 10 10 10 10 10 8 9 11 11 11 0 8 7 10 10 11 11 8 7 11 0 11 12
Last Time Cost: 00000748 ms
Total Time Cost: 00038091 ms
Total Distance 361: 9 8 9 0 10 12 9 9 12 11 0 11 0 4 7 0 8 11 11 8 9 9 10 10 9 10 8 9 11 11 11 0 8 7 10 10 11 11 8 6 11 0 11 12
Last Time Cost: 00000656 ms
Total Time Cost: 00038747 ms
Total Distance 358: 9 8 9 0 10 11 9 9 12 11 0 11 0 3 7 0 8 11 11 8 9 9 10 10 9 10 8 9 11 11 11 0 8 7 10 9 11 11 8 6 11 0 11 12
Last Time Cost: 00000575 ms
Total Time Cost: 00039322 ms
Total Distance 356: 9 8 9 0 10 11 9 9 12 11 0 11 0 2 7 0 8 11 11 8 9 8 10 10 9 10 8 9 11 11 11 0 8 7 10 9 11 11 8 6 11 0 11 12
Last Time Cost: 00000520 ms
Total Time Cost: 00039842 ms
Total Distance 354: 9 8 9 0 10 11 9 9 12 11 0 11 0 1 7 0 8 11 11 8 9 8 10 10 9 9 8 9 11 11 11 0 8 7 10 9 11 11 8 6 11 0 11 12
Last Time Cost: 00000492 ms
Total Time Cost: 00040334 ms
Total Distance 352: 9 8 9 0 10 11 9 9 12 11 0 11 0 0 7 0 8 11 11 8 9 8 10 10 8 9 8 9 11 11 11 0 8 7 10 9 11 11 8 6 11 0 11 12
Last Time Cost: 00001232 ms
Total Time Cost: 00041566 ms
Total Distance 347: 9 8 8 0 10 11 9 9 11 11 0 11 0 0 7 0 8 11 11 8 9 8 10 10 8 9 8 9 11 11 11 0 8 7 10 9 10 10 8 5 11 0 11 12
Last Time Cost: 00000976 ms
Total Time Cost: 00042542 ms
Total Distance 343: 9 8 8 0 10 11 9 9 11 11 0 11 0 0 7 0 8 11 11 8 9 8 9 10 8 9 8 9 11 11 11 0 8 7 10 9 9 9 8 4 11 0 11 12
Last Time Cost: 00000870 ms
Total Time Cost: 00043412 ms
Total Distance 340: 8 8 8 0 10 11 9 9 10 11 0 11 0 0 7 0 8 11 11 8 9 8 9 10 8 9 8 9 11 11 11 0 8 7 10 9 9 9 8 3 11 0 11 12
Last Time Cost: 00000848 ms
Total Time Cost: 00044260 ms
Total Distance 338: 8 8 8 0 10 11 9 9 10 11 0 11 0 0 7 0 8 11 11 8 9 8 9 10 8 9 8 8 11 11 11 0 8 7 10 9 9 9 8 2 11 0 11 12
Last Time Cost: 00000917 ms
Total Time Cost: 00045177 ms
Total Distance 336: 8 8 8 0 10 11 9 9 9 11 0 11 0 0 7 0 8 11 11 8 9 8 9 10 8 9 8 8 11 11 11 0 8 7 10 9 9 9 8 1 11 0 11 12
Last Time Cost: 00000890 ms
Total Time Cost: 00046067 ms
Total Distance 334: 8 8 8 0 10 11 9 9 9 11 0 11 0 0 7 0 8 11 11 8 9 8 9 10 8 9 8 8 11 11 11 0 8 7 10 9 9 9 8 0 10 0 11 12
Last Time Cost: 00003356 ms
Total Time Cost: 00049423 ms
Total Distance 328: 8 8 8 0 9 11 9 8 9 11 0 10 0 0 6 0 8 11 11 8 9 8 9 10 8 9 8 8 11 11 10 0 8 7 10 9 9 9 8 0 10 0 11 11
Last Time Cost: 00000678 ms
Total Time Cost: 00050101 ms
Total Distance 324: 8 8 8 0 8 11 9 8 9 11 0 10 0 0 5 0 8 11 11 8 9 8 9 10 8 9 8 8 11 11 9 0 8 7 10 9 9 9 8 0 10 0 11 10
Last Time Cost: 00000465 ms
Total Time Cost: 00050566 ms
Total Distance 320: 8 8 8 0 8 11 9 8 9 11 0 10 0 0 4 0 8 10 11 8 9 8 9 10 8 9 8 8 11 11 9 0 8 7 10 9 9 9 8 0 10 0 10 9
Last Time Cost: 00000264 ms
Total Time Cost: 00050830 ms
Total Distance 317: 8 8 8 0 7 11 9 8 9 11 0 10 0 0 3 0 8 10 11 8 9 8 9 10 8 9 8 8 11 11 9 0 8 7 10 9 9 9 8 0 10 0 10 8
Last Time Cost: 00000190 ms
Total Time Cost: 00051020 ms
Total Distance 314: 8 8 8 0 7 11 9 8 9 11 0 10 0 0 2 0 8 10 11 7 9 8 9 10 8 9 8 8 11 11 9 0 8 7 10 9 9 9 8 0 10 0 9 8
Last Time Cost: 00000132 ms
Total Time Cost: 00051152 ms
Total Distance 312: 8 8 8 0 7 11 9 8 9 11 0 10 0 0 1 0 8 10 11 7 9 8 9 10 8 9 8 8 11 11 9 0 8 7 10 9 9 9 8 0 10 0 8 8
Last Time Cost: 00000085 ms
Total Time Cost: 00051237 ms
Total Distance 311: 8 8 8 0 7 11 9 8 9 11 0 10 0 0 0 0 8 10 11 7 9 8 9 10 8 9 8 8 11 11 9 0 8 7 10 9 9 9 8 0 10 0 8 8
Last Time Cost: 00003355 ms
Total Time Cost: 00054592 ms
Total Distance 307: 8 8 8 0 7 11 9 7 9 11 0 10 0 0 0 0 8 10 11 6 9 8 9 10 8 9 8 8 11 11 9 0 7 7 10 9 9 9 7 0 10 0 8 8
Last Time Cost: 00000616 ms
Total Time Cost: 00055208 ms
Total Distance 303: 8 8 8 0 7 11 9 7 9 11 0 10 0 0 0 0 8 10 10 5 8 8 9 10 8 9 8 8 10 11 9 0 7 7 10 9 9 9 7 0 10 0 8 8
Last Time Cost: 00000341 ms
Total Time Cost: 00055549 ms
Total Distance 300: 8 8 8 0 7 11 9 7 9 11 0 10 0 0 0 0 8 10 9 4 8 8 9 10 8 9 8 8 10 11 8 0 7 7 10 9 9 9 7 0 10 0 8 8
Last Time Cost: 00000259 ms
Total Time Cost: 00055808 ms
Total Distance 298: 8 8 8 0 7 11 9 7 9 11 0 10 0 0 0 0 8 10 9 3 8 8 9 10 8 9 8 8 10 11 8 0 6 7 10 9 9 9 7 0 10 0 8 8
Last Time Cost: 00000190 ms
Total Time Cost: 00055998 ms
Total Distance 296: 8 8 8 0 7 11 9 7 9 11 0 10 0 0 0 0 8 10 9 2 8 8 9 10 8 9 8 8 10 11 8 0 6 7 9 9 9 9 7 0 10 0 8 8
Last Time Cost: 00000138 ms
Total Time Cost: 00056136 ms
Total Distance 295: 8 8 8 0 7 11 9 7 9 11 0 10 0 0 0 0 8 10 9 1 8 8 9 10 8 9 8 8 10 11 8 0 6 7 9 9 9 9 7 0 10 0 8 8
Last Time Cost: 00000100 ms
Total Time Cost: 00056236 ms
Total Distance 294: 8 8 8 0 7 11 9 7 9 11 0 10 0 0 0 0 8 10 9 0 8 8 9 10 8 9 8 8 10 11 8 0 6 7 9 9 9 9 7 0 10 0 8 8
Last Time Cost: 00000536 ms
Total Time Cost: 00056772 ms
Total Distance 288: 8 8 8 0 7 10 9 7 9 10 0 10 0 0 0 0 8 9 9 0 8 8 9 9 8 9 8 8 9 11 8 0 5 7 9 9 9 9 7 0 10 0 8 8
Last Time Cost: 00000241 ms
Total Time Cost: 00057013 ms
Total Distance 283: 8 8 8 0 7 10 9 7 9 10 0 9 0 0 0 0 8 9 9 0 8 7 8 9 8 9 8 8 9 11 8 0 4 7 9 9 8 9 7 0 10 0 8 8
Last Time Cost: 00000192 ms
Total Time Cost: 00057205 ms
Total Distance 280: 8 8 8 0 7 10 9 7 9 9 0 9 0 0 0 0 8 9 9 0 8 6 8 9 8 9 8 8 9 11 8 0 3 7 9 9 8 9 7 0 10 0 8 8
Last Time Cost: 00000158 ms
Total Time Cost: 00057363 ms
Total Distance 278: 8 8 8 0 7 10 9 7 9 9 0 9 0 0 0 0 8 9 9 0 8 6 7 9 8 9 8 8 9 11 8 0 2 7 9 9 8 9 7 0 10 0 8 8
Last Time Cost: 00000133 ms
Total Time Cost: 00057496 ms
Total Distance 276: 8 8 8 0 7 10 9 7 9 9 0 9 0 0 0 0 8 8 9 0 8 6 7 9 8 9 8 8 9 11 8 0 1 7 9 9 8 9 7 0 10 0 8 8
Last Time Cost: 00000112 ms
Total Time Cost: 00057608 ms
Total Distance 275: 8 8 8 0 7 10 9 7 9 9 0 9 0 0 0 0 8 8 9 0 8 6 7 9 8 9 8 8 9 11 8 0 0 7 9 9 8 9 7 0 10 0 8 8
Last Time Cost: 00000599 ms
Total Time Cost: 00058207 ms
Total Distance 271: 8 8 8 0 6 10 9 7 9 8 0 9 0 0 0 0 8 8 9 0 8 5 7 8 8 9 8 8 9 11 8 0 0 7 9 9 8 9 7 0 10 0 8 8
Last Time Cost: 00000280 ms
Total Time Cost: 00058487 ms
Total Distance 268: 7 8 8 0 6 10 9 7 9 8 0 9 0 0 0 0 8 8 8 0 8 4 7 8 8 9 8 8 9 11 8 0 0 7 9 9 8 9 7 0 10 0 8 8
Last Time Cost: 00000231 ms
Total Time Cost: 00058718 ms
Total Distance 266: 7 8 8 0 6 10 9 7 9 8 0 9 0 0 0 0 8 8 8 0 8 3 6 8 8 9 8 8 9 11 8 0 0 7 9 9 8 9 7 0 10 0 8 8
Last Time Cost: 00000192 ms
Total Time Cost: 00058910 ms
Total Distance 264: 7 8 8 0 6 10 9 7 9 8 0 9 0 0 0 0 8 8 8 0 8 2 6 8 8 9 7 8 9 11 8 0 0 7 9 9 8 9 7 0 10 0 8 8
Last Time Cost: 00000162 ms
Total Time Cost: 00059072 ms
Total Distance 262: 7 8 8 0 6 10 9 7 9 8 0 9 0 0 0 0 8 8 8 0 8 1 6 8 8 9 7 8 9 11 8 0 0 7 9 9 8 9 7 0 9 0 8 8
Last Time Cost: 00000141 ms
Total Time Cost: 00059213 ms
Total Distance 261: 7 8 8 0 6 10 9 7 9 8 0 9 0 0 0 0 8 8 8 0 8 0 6 8 8 9 7 8 9 11 8 0 0 7 9 9 8 9 7 0 9 0 8 8
Last Time Cost: 00000912 ms
Total Time Cost: 00060125 ms
Total Distance 257: 7 8 8 0 5 10 9 7 9 8 0 9 0 0 0 0 8 8 8 0 8 0 6 8 8 8 7 8 9 10 8 0 0 6 9 9 8 9 7 0 9 0 8 8
Last Time Cost: 00000196 ms
Total Time Cost: 00060321 ms
Total Distance 253: 7 8 7 0 4 10 9 7 9 8 0 9 0 0 0 0 8 8 8 0 8 0 6 8 8 8 7 8 8 10 8 0 0 5 9 9 8 9 7 0 9 0 8 8
Last Time Cost: 00000178 ms
Total Time Cost: 00060499 ms
Total Distance 251: 7 8 7 0 3 10 9 7 9 8 0 9 0 0 0 0 8 8 8 0 8 0 6 8 8 8 7 8 8 10 8 0 0 5 9 9 8 9 7 0 9 0 8 7
Last Time Cost: 00000171 ms
Total Time Cost: 00060670 ms
Total Distance 250: 7 8 7 0 2 10 9 7 9 8 0 9 0 0 0 0 8 8 8 0 8 0 6 8 8 8 7 8 8 10 8 0 0 5 9 9 8 9 7 0 9 0 8 7
Last Time Cost: 00000167 ms
Total Time Cost: 00060837 ms
Total Distance 249: 7 8 7 0 1 10 9 7 9 8 0 9 0 0 0 0 8 8 8 0 8 0 6 8 8 8 7 8 8 10 8 0 0 5 9 9 8 9 7 0 9 0 8 7
Last Time Cost: 00000165 ms
Total Time Cost: 00061002 ms
Total Distance 248: 7 8 7 0 0 10 9 7 9 8 0 9 0 0 0 0 8 8 8 0 8 0 6 8 8 8 7 8 8 10 8 0 0 5 9 9 8 9 7 0 9 0 8 7
Last Time Cost: 00000228 ms
Total Time Cost: 00061230 ms
Total Distance 246: 7 8 7 0 0 10 9 7 9 8 0 9 0 0 0 0 8 8 8 0 8 0 6 8 8 8 6 8 8 10 8 0 0 4 9 9 8 9 7 0 9 0 8 7
Last Time Cost: 00000211 ms
Total Time Cost: 00061441 ms
Total Distance 244: 7 8 6 0 0 10 9 7 9 8 0 9 0 0 0 0 8 8 8 0 8 0 6 8 8 8 6 8 8 10 8 0 0 3 9 9 8 9 7 0 9 0 8 7
Last Time Cost: 00000204 ms
Total Time Cost: 00061645 ms
Total Distance 242: 7 8 6 0 0 10 9 7 9 8 0 9 0 0 0 0 8 8 8 0 8 0 6 8 8 8 6 8 8 10 8 0 0 2 9 9 8 9 7 0 9 0 8 6
Last Time Cost: 00000200 ms
Total Time Cost: 00061845 ms
Total Distance 241: 7 8 6 0 0 10 9 7 9 8 0 9 0 0 0 0 8 8 8 0 8 0 6 8 8 8 6 8 8 10 8 0 0 1 9 9 8 9 7 0 9 0 8 6
Last Time Cost: 00000195 ms
Total Time Cost: 00062040 ms
Total Distance 240: 7 8 6 0 0 10 9 7 9 8 0 9 0 0 0 0 8 8 8 0 8 0 6 8 8 8 6 8 8 10 8 0 0 0 9 9 8 9 7 0 9 0 8 6
Last Time Cost: 00000717 ms
Total Time Cost: 00062757 ms
Total Distance 235: 6 8 6 0 0 10 9 7 9 8 0 8 0 0 0 0 8 8 8 0 8 0 6 8 8 8 6 8 7 9 8 0 0 0 9 9 8 9 7 0 9 0 8 5
Last Time Cost: 00000265 ms
Total Time Cost: 00063022 ms
Total Distance 232: 6 8 5 0 0 10 9 7 9 8 0 8 0 0 0 0 8 8 8 0 7 0 6 8 8 8 6 8 7 9 8 0 0 0 9 9 8 9 7 0 9 0 8 4
Last Time Cost: 00000253 ms
Total Time Cost: 00063275 ms
Total Distance 229: 6 8 5 0 0 10 9 7 8 8 0 8 0 0 0 0 8 8 7 0 7 0 6 8 8 8 6 8 7 9 8 0 0 0 9 9 8 9 7 0 9 0 8 3
Last Time Cost: 00000243 ms
Total Time Cost: 00063518 ms
Total Distance 227: 6 8 5 0 0 10 9 7 8 8 0 8 0 0 0 0 8 8 7 0 7 0 6 8 8 8 6 8 6 9 8 0 0 0 9 9 8 9 7 0 9 0 8 2
Last Time Cost: 00000241 ms
Total Time Cost: 00063759 ms
Total Distance 225: 6 8 5 0 0 10 9 7 8 8 0 8 0 0 0 0 8 8 7 0 7 0 6 8 8 8 6 8 6 8 8 0 0 0 9 9 8 9 7 0 9 0 8 1
Last Time Cost: 00000239 ms
Total Time Cost: 00063998 ms
Total Distance 224: 6 8 5 0 0 10 9 7 8 8 0 8 0 0 0 0 8 8 7 0 7 0 6 8 8 8 6 8 6 8 8 0 0 0 9 9 8 9 7 0 9 0 8 0
Last Time Cost: 00000301 ms
Total Time Cost: 00064299 ms
Total Distance 221: 6 8 4 0 0 10 9 7 8 8 0 8 0 0 0 0 7 8 7 0 7 0 6 8 8 8 6 8 6 7 8 0 0 0 9 9 8 9 7 0 9 0 8 0
Last Time Cost: 00000287 ms
Total Time Cost: 00064586 ms
Total Distance 219: 6 8 3 0 0 10 9 7 8 8 0 8 0 0 0 0 7 8 7 0 6 0 6 8 8 8 6 8 6 7 8 0 0 0 9 9 8 9 7 0 9 0 8 0
Last Time Cost: 00000283 ms
Total Time Cost: 00064869 ms
Total Distance 218: 6 8 2 0 0 10 9 7 8 8 0 8 0 0 0 0 7 8 7 0 6 0 6 8 8 8 6 8 6 7 8 0 0 0 9 9 8 9 7 0 9 0 8 0
Last Time Cost: 00000282 ms
Total Time Cost: 00065151 ms
Total Distance 217: 6 8 1 0 0 10 9 7 8 8 0 8 0 0 0 0 7 8 7 0 6 0 6 8 8 8 6 8 6 7 8 0 0 0 9 9 8 9 7 0 9 0 8 0
Last Time Cost: 00000282 ms
Total Time Cost: 00065433 ms
Total Distance 216: 6 8 0 0 0 10 9 7 8 8 0 8 0 0 0 0 7 8 7 0 6 0 6 8 8 8 6 8 6 7 8 0 0 0 9 9 8 9 7 0 9 0 8 0
Last Time Cost: 00001000 ms
Total Time Cost: 00066433 ms
Total Distance 213: 6 8 0 0 0 9 9 7 8 8 0 8 0 0 0 0 7 8 7 0 6 0 6 8 8 8 6 8 5 7 8 0 0 0 9 9 8 8 7 0 9 0 8 0
Last Time Cost: 00000081 ms
Total Time Cost: 00066514 ms
Total Distance 211: 6 8 0 0 0 9 9 7 8 8 0 7 0 0 0 0 7 8 7 0 6 0 6 8 8 8 6 8 4 7 8 0 0 0 9 9 8 8 7 0 9 0 8 0
Last Time Cost: 00000057 ms
Total Time Cost: 00066571 ms
Total Distance 209: 5 8 0 0 0 9 9 7 8 8 0 7 0 0 0 0 7 8 7 0 6 0 6 8 8 8 6 8 3 7 8 0 0 0 9 9 8 8 7 0 9 0 8 0
Last Time Cost: 00000040 ms
Total Time Cost: 00066611 ms
Total Distance 207: 5 8 0 0 0 9 9 7 8 8 0 7 0 0 0 0 7 8 6 0 6 0 6 8 8 8 6 8 2 7 8 0 0 0 9 9 8 8 7 0 9 0 8 0
Last Time Cost: 00000027 ms
Total Time Cost: 00066638 ms
Total Distance 206: 5 8 0 0 0 9 9 7 8 8 0 7 0 0 0 0 7 8 6 0 6 0 6 8 8 8 6 8 1 7 8 0 0 0 9 9 8 8 7 0 9 0 8 0
Last Time Cost: 00000018 ms
Total Time Cost: 00066656 ms
Total Distance 205: 5 8 0 0 0 9 9 7 8 8 0 7 0 0 0 0 7 8 6 0 6 0 6 8 8 8 6 8 0 7 8 0 0 0 9 9 8 8 7 0 9 0 8 0
Last Time Cost: 00000078 ms
Total Time Cost: 00066734 ms
Total Distance 204: 4 8 0 0 0 9 9 7 8 8 0 7 0 0 0 0 7 8 6 0 6 0 6 8 8 8 6 8 0 7 8 0 0 0 9 9 8 8 7 0 9 0 8 0
Last Time Cost: 00000058 ms
Total Time Cost: 00066792 ms
Total Distance 203: 3 8 0 0 0 9 9 7 8 8 0 7 0 0 0 0 7 8 6 0 6 0 6 8 8 8 6 8 0 7 8 0 0 0 9 9 8 8 7 0 9 0 8 0
Last Time Cost: 00000042 ms
Total Time Cost: 00066834 ms
Total Distance 202: 2 8 0 0 0 9 9 7 8 8 0 7 0 0 0 0 7 8 6 0 6 0 6 8 8 8 6 8 0 7 8 0 0 0 9 9 8 8 7 0 9 0 8 0
Last Time Cost: 00000031 ms
Total Time Cost: 00066865 ms
Total Distance 201: 1 8 0 0 0 9 9 7 8 8 0 7 0 0 0 0 7 8 6 0 6 0 6 8 8 8 6 8 0 7 8 0 0 0 9 9 8 8 7 0 9 0 8 0
Last Time Cost: 00000021 ms
Total Time Cost: 00066886 ms
Total Distance 200: 0 8 0 0 0 9 9 7 8 8 0 7 0 0 0 0 7 8 6 0 6 0 6 8 8 8 6 8 0 7 8 0 0 0 9 9 8 8 7 0 9 0 8 0
Last Time Cost: 00001459 ms
Total Time Cost: 00068345 ms
Total Distance 196: 0 7 0 0 0 9 9 7 8 8 0 7 0 0 0 0 7 8 6 0 5 0 6 8 8 8 6 7 0 7 8 0 0 0 9 9 8 8 7 0 8 0 8 0
Last Time Cost: 00000076 ms
Total Time Cost: 00068421 ms
Total Distance 194: 0 7 0 0 0 9 9 7 8 7 0 7 0 0 0 0 7 8 6 0 4 0 6 8 8 8 6 7 0 7 8 0 0 0 9 9 8 8 7 0 8 0 8 0
Last Time Cost: 00000057 ms
Total Time Cost: 00068478 ms
Total Distance 193: 0 7 0 0 0 9 9 7 8 7 0 7 0 0 0 0 7 8 6 0 3 0 6 8 8 8 6 7 0 7 8 0 0 0 9 9 8 8 7 0 8 0 8 0
Last Time Cost: 00000043 ms
Total Time Cost: 00068521 ms
Total Distance 191: 0 7 0 0 0 8 9 7 8 7 0 7 0 0 0 0 7 8 6 0 2 0 6 8 8 8 6 7 0 7 8 0 0 0 9 9 8 8 7 0 8 0 8 0
Last Time Cost: 00000029 ms
Total Time Cost: 00068550 ms
Total Distance 190: 0 7 0 0 0 8 9 7 8 7 0 7 0 0 0 0 7 8 6 0 1 0 6 8 8 8 6 7 0 7 8 0 0 0 9 9 8 8 7 0 8 0 8 0
Last Time Cost: 00000021 ms
Total Time Cost: 00068571 ms
Total Distance 188: 0 7 0 0 0 8 9 7 8 7 0 7 0 0 0 0 7 8 6 0 0 0 6 8 8 7 6 7 0 7 8 0 0 0 9 9 8 8 7 0 8 0 8 0
Last Time Cost: 00000621 ms
Total Time Cost: 00069192 ms
Total Distance 184: 0 7 0 0 0 8 9 7 7 7 0 7 0 0 0 0 7 8 5 0 0 0 6 7 8 6 6 7 0 7 8 0 0 0 9 9 8 8 7 0 8 0 8 0
Last Time Cost: 00000104 ms
Total Time Cost: 00069296 ms
Total Distance 181: 0 7 0 0 0 8 9 7 7 7 0 7 0 0 0 0 7 7 4 0 0 0 6 6 8 6 6 7 0 7 8 0 0 0 9 9 8 8 7 0 8 0 8 0
Last Time Cost: 00000057 ms
Total Time Cost: 00069353 ms
Total Distance 179: 0 7 0 0 0 8 9 7 7 7 0 7 0 0 0 0 7 6 3 0 0 0 6 6 8 6 6 7 0 7 8 0 0 0 9 9 8 8 7 0 8 0 8 0
Last Time Cost: 00000043 ms
Total Time Cost: 00069396 ms
Total Distance 177: 0 7 0 0 0 8 9 7 7 7 0 7 0 0 0 0 7 5 2 0 0 0 6 6 8 6 6 7 0 7 8 0 0 0 9 9 8 8 7 0 8 0 8 0
Last Time Cost: 00000033 ms
Total Time Cost: 00069429 ms
Total Distance 176: 0 7 0 0 0 8 9 7 7 7 0 7 0 0 0 0 7 5 1 0 0 0 6 6 8 6 6 7 0 7 8 0 0 0 9 9 8 8 7 0 8 0 8 0
Last Time Cost: 00000025 ms
Total Time Cost: 00069454 ms
Total Distance 175: 0 7 0 0 0 8 9 7 7 7 0 7 0 0 0 0 7 5 0 0 0 0 6 6 8 6 6 7 0 7 8 0 0 0 9 9 8 8 7 0 8 0 8 0
Last Time Cost: 00000082 ms
Total Time Cost: 00069536 ms
Total Distance 174: 0 7 0 0 0 8 9 7 7 7 0 7 0 0 0 0 7 4 0 0 0 0 6 6 8 6 6 7 0 7 8 0 0 0 9 9 8 8 7 0 8 0 8 0
Last Time Cost: 00000062 ms
Total Time Cost: 00069598 ms
Total Distance 173: 0 7 0 0 0 8 9 7 7 7 0 7 0 0 0 0 7 3 0 0 0 0 6 6 8 6 6 7 0 7 8 0 0 0 9 9 8 8 7 0 8 0 8 0
Last Time Cost: 00000048 ms
Total Time Cost: 00069646 ms
Total Distance 172: 0 7 0 0 0 8 9 7 7 7 0 7 0 0 0 0 7 2 0 0 0 0 6 6 8 6 6 7 0 7 8 0 0 0 9 9 8 8 7 0 8 0 8 0
Last Time Cost: 00000037 ms
Total Time Cost: 00069683 ms
Total Distance 171: 0 7 0 0 0 8 9 7 7 7 0 7 0 0 0 0 7 1 0 0 0 0 6 6 8 6 6 7 0 7 8 0 0 0 9 9 8 8 7 0 8 0 8 0
Last Time Cost: 00000027 ms
Total Time Cost: 00069710 ms
Total Distance 170: 0 7 0 0 0 8 9 7 7 7 0 7 0 0 0 0 7 0 0 0 0 0 6 6 8 6 6 7 0 7 8 0 0 0 9 9 8 8 7 0 8 0 8 0
Last Time Cost: 00000571 ms
Total Time Cost: 00070281 ms
Total Distance 168: 0 7 0 0 0 8 9 7 7 7 0 7 0 0 0 0 7 0 0 0 0 0 6 5 8 6 6 6 0 7 8 0 0 0 9 9 8 8 7 0 8 0 8 0
Last Time Cost: 00000095 ms
Total Time Cost: 00070376 ms
Total Distance 166: 0 7 0 0 0 8 9 7 7 7 0 7 0 0 0 0 7 0 0 0 0 0 6 4 8 6 6 6 0 7 8 0 0 0 9 9 8 8 7 0 8 0 7 0
Last Time Cost: 00000072 ms
Total Time Cost: 00070448 ms
Total Distance 163: 0 7 0 0 0 8 9 7 6 7 0 7 0 0 0 0 7 0 0 0 0 0 6 3 8 6 6 6 0 7 8 0 0 0 9 8 8 8 7 0 8 0 7 0
Last Time Cost: 00000046 ms
Total Time Cost: 00070494 ms
Total Distance 161: 0 7 0 0 0 8 9 7 6 7 0 7 0 0 0 0 7 0 0 0 0 0 6 2 8 6 6 6 0 7 7 0 0 0 9 8 8 8 7 0 8 0 7 0
Last Time Cost: 00000038 ms
Total Time Cost: 00070532 ms
Total Distance 160: 0 7 0 0 0 8 9 7 6 7 0 7 0 0 0 0 7 0 0 0 0 0 6 1 8 6 6 6 0 7 7 0 0 0 9 8 8 8 7 0 8 0 7 0
Last Time Cost: 00000030 ms
Total Time Cost: 00070562 ms
Total Distance 159: 0 7 0 0 0 8 9 7 6 7 0 7 0 0 0 0 7 0 0 0 0 0 6 0 8 6 6 6 0 7 7 0 0 0 9 8 8 8 7 0 8 0 7 0
Last Time Cost: 00000632 ms
Total Time Cost: 00071194 ms
Total Distance 156: 0 7 0 0 0 8 9 7 6 6 0 7 0 0 0 0 7 0 0 0 0 0 6 0 8 6 6 5 0 7 7 0 0 0 8 8 8 8 7 0 8 0 7 0
Last Time Cost: 00000063 ms
Total Time Cost: 00071257 ms
Total Distance 154: 0 6 0 0 0 8 9 7 6 6 0 7 0 0 0 0 7 0 0 0 0 0 6 0 8 6 6 4 0 7 7 0 0 0 8 8 8 8 7 0 8 0 7 0
Last Time Cost: 00000049 ms
Total Time Cost: 00071306 ms
Total Distance 152: 0 5 0 0 0 8 9 7 6 6 0 7 0 0 0 0 7 0 0 0 0 0 6 0 8 6 6 3 0 7 7 0 0 0 8 8 8 8 7 0 8 0 7 0
Last Time Cost: 00000043 ms
Total Time Cost: 00071349 ms
Total Distance 150: 0 5 0 0 0 8 9 7 6 6 0 7 0 0 0 0 7 0 0 0 0 0 6 0 8 6 6 2 0 7 7 0 0 0 8 8 8 8 7 0 7 0 7 0
Last Time Cost: 00000038 ms
Total Time Cost: 00071387 ms
Total Distance 148: 0 5 0 0 0 8 9 7 6 6 0 7 0 0 0 0 7 0 0 0 0 0 6 0 8 6 6 1 0 6 7 0 0 0 8 8 8 8 7 0 7 0 7 0
Last Time Cost: 00000032 ms
Total Time Cost: 00071419 ms
Total Distance 147: 0 5 0 0 0 8 9 7 6 6 0 7 0 0 0 0 7 0 0 0 0 0 6 0 8 6 6 0 0 6 7 0 0 0 8 8 8 8 7 0 7 0 7 0
Last Time Cost: 00000069 ms
Total Time Cost: 00071488 ms
Total Distance 146: 0 4 0 0 0 8 9 7 6 6 0 7 0 0 0 0 7 0 0 0 0 0 6 0 8 6 6 0 0 6 7 0 0 0 8 8 8 8 7 0 7 0 7 0
Last Time Cost: 00000054 ms
Total Time Cost: 00071542 ms
Total Distance 144: 0 3 0 0 0 8 8 7 6 6 0 7 0 0 0 0 7 0 0 0 0 0 6 0 8 6 6 0 0 6 7 0 0 0 8 8 8 8 7 0 7 0 7 0
Last Time Cost: 00000036 ms
Total Time Cost: 00071578 ms
Total Distance 143: 0 2 0 0 0 8 8 7 6 6 0 7 0 0 0 0 7 0 0 0 0 0 6 0 8 6 6 0 0 6 7 0 0 0 8 8 8 8 7 0 7 0 7 0
Last Time Cost: 00000038 ms
Total Time Cost: 00071616 ms
Total Distance 142: 0 1 0 0 0 8 8 7 6 6 0 7 0 0 0 0 7 0 0 0 0 0 6 0 8 6 6 0 0 6 7 0 0 0 8 8 8 8 7 0 7 0 7 0
Last Time Cost: 00000034 ms
Total Time Cost: 00071650 ms
Total Distance 141: 0 0 0 0 0 8 8 7 6 6 0 7 0 0 0 0 7 0 0 0 0 0 6 0 8 6 6 0 0 6 7 0 0 0 8 8 8 8 7 0 7 0 7 0
Last Time Cost: 00000253 ms
Total Time Cost: 00071903 ms
Total Distance 139: 0 0 0 0 0 8 8 7 5 6 0 7 0 0 0 0 7 0 0 0 0 0 6 0 8 5 6 0 0 6 7 0 0 0 8 8 8 8 7 0 7 0 7 0
Last Time Cost: 00000062 ms
Total Time Cost: 00071965 ms
Total Distance 137: 0 0 0 0 0 8 8 7 4 6 0 7 0 0 0 0 6 0 0 0 0 0 6 0 8 5 6 0 0 6 7 0 0 0 8 8 8 8 7 0 7 0 7 0
Last Time Cost: 00000041 ms
Total Time Cost: 00072006 ms
Total Distance 135: 0 0 0 0 0 8 8 7 3 6 0 6 0 0 0 0 6 0 0 0 0 0 6 0 8 5 6 0 0 6 7 0 0 0 8 8 8 8 7 0 7 0 7 0
Last Time Cost: 00000041 ms
Total Time Cost: 00072047 ms
Total Distance 133: 0 0 0 0 0 8 7 7 2 6 0 6 0 0 0 0 6 0 0 0 0 0 6 0 8 5 6 0 0 6 7 0 0 0 8 8 8 8 7 0 7 0 7 0
Last Time Cost: 00000041 ms
Total Time Cost: 00072088 ms
Total Distance 131: 0 0 0 0 0 8 7 7 1 6 0 6 0 0 0 0 6 0 0 0 0 0 6 0 8 5 6 0 0 6 7 0 0 0 8 8 7 8 7 0 7 0 7 0
Last Time Cost: 00000038 ms
Total Time Cost: 00072126 ms
Total Distance 130: 0 0 0 0 0 8 7 7 0 6 0 6 0 0 0 0 6 0 0 0 0 0 6 0 8 5 6 0 0 6 7 0 0 0 8 8 7 8 7 0 7 0 7 0
Last Time Cost: 00000053 ms
Total Time Cost: 00072179 ms
Total Distance 129: 0 0 0 0 0 8 7 7 0 6 0 6 0 0 0 0 6 0 0 0 0 0 6 0 8 4 6 0 0 6 7 0 0 0 8 8 7 8 7 0 7 0 7 0
Last Time Cost: 00000044 ms
Total Time Cost: 00072223 ms
Total Distance 127: 0 0 0 0 0 8 7 7 0 6 0 6 0 0 0 0 6 0 0 0 0 0 5 0 8 3 6 0 0 6 7 0 0 0 8 8 7 8 7 0 7 0 7 0
Last Time Cost: 00000047 ms
Total Time Cost: 00072270 ms
Total Distance 125: 0 0 0 0 0 8 7 7 0 6 0 6 0 0 0 0 6 0 0 0 0 0 5 0 8 2 6 0 0 6 7 0 0 0 7 8 7 8 7 0 7 0 7 0
Last Time Cost: 00000042 ms
Total Time Cost: 00072312 ms
Total Distance 122: 0 0 0 0 0 7 7 7 0 6 0 6 0 0 0 0 6 0 0 0 0 0 5 0 8 1 6 0 0 6 7 0 0 0 6 8 7 8 7 0 7 0 7 0
Last Time Cost: 00000042 ms
Total Time Cost: 00072354 ms
Total Distance 121: 0 0 0 0 0 7 7 7 0 6 0 6 0 0 0 0 6 0 0 0 0 0 5 0 8 0 6 0 0 6 7 0 0 0 6 8 7 8 7 0 7 0 7 0
Last Time Cost: 00000056 ms
Total Time Cost: 00072410 ms
Total Distance 119: 0 0 0 0 0 7 7 7 0 6 0 6 0 0 0 0 6 0 0 0 0 0 4 0 8 0 6 0 0 6 7 0 0 0 6 8 7 8 6 0 7 0 7 0
Last Time Cost: 00000043 ms
Total Time Cost: 00072453 ms
Total Distance 118: 0 0 0 0 0 7 7 7 0 6 0 6 0 0 0 0 6 0 0 0 0 0 3 0 8 0 6 0 0 6 7 0 0 0 6 8 7 8 6 0 7 0 7 0
Last Time Cost: 00000045 ms
Total Time Cost: 00072498 ms
Total Distance 117: 0 0 0 0 0 7 7 7 0 6 0 6 0 0 0 0 6 0 0 0 0 0 2 0 8 0 6 0 0 6 7 0 0 0 6 8 7 8 6 0 7 0 7 0
Last Time Cost: 00000044 ms
Total Time Cost: 00072542 ms
Total Distance 115: 0 0 0 0 0 7 7 7 0 6 0 6 0 0 0 0 6 0 0 0 0 0 1 0 8 0 6 0 0 6 7 0 0 0 6 8 7 7 6 0 7 0 7 0
Last Time Cost: 00000044 ms
Total Time Cost: 00072586 ms
Total Distance 113: 0 0 0 0 0 7 7 7 0 6 0 6 0 0 0 0 6 0 0 0 0 0 0 0 8 0 6 0 0 6 7 0 0 0 6 8 7 6 6 0 7 0 7 0
Last Time Cost: 00000383 ms
Total Time Cost: 00072969 ms
Total Distance 110: 0 0 0 0 0 7 7 7 0 6 0 6 0 0 0 0 6 0 0 0 0 0 0 0 8 0 6 0 0 6 7 0 0 0 5 8 7 6 5 0 7 0 6 0
Last Time Cost: 00000072 ms
Total Time Cost: 00073041 ms
Total Distance 107: 0 0 0 0 0 7 7 7 0 6 0 6 0 0 0 0 6 0 0 0 0 0 0 0 7 0 6 0 0 6 7 0 0 0 5 7 7 6 4 0 7 0 6 0
Last Time Cost: 00000009 ms
Total Time Cost: 00073050 ms
Total Distance 105: 0 0 0 0 0 7 7 7 0 6 0 6 0 0 0 0 6 0 0 0 0 0 0 0 6 0 6 0 0 6 7 0 0 0 5 7 7 6 3 0 7 0 6 0
Last Time Cost: 00000007 ms
Total Time Cost: 00073057 ms
Total Distance 103: 0 0 0 0 0 7 6 7 0 6 0 6 0 0 0 0 6 0 0 0 0 0 0 0 6 0 6 0 0 6 7 0 0 0 5 7 7 6 2 0 7 0 6 0
Last Time Cost: 00000002 ms
Total Time Cost: 00073059 ms
Total Distance 102: 0 0 0 0 0 7 6 7 0 6 0 6 0 0 0 0 6 0 0 0 0 0 0 0 6 0 6 0 0 6 7 0 0 0 5 7 7 6 1 0 7 0 6 0
Last Time Cost: 00000001 ms
Total Time Cost: 00073060 ms
Total Distance 101: 0 0 0 0 0 7 6 7 0 6 0 6 0 0 0 0 6 0 0 0 0 0 0 0 6 0 6 0 0 6 7 0 0 0 5 7 7 6 0 0 7 0 6 0
Last Time Cost: 00000015 ms
Total Time Cost: 00073075 ms
Total Distance 100: 0 0 0 0 0 7 6 7 0 6 0 6 0 0 0 0 6 0 0 0 0 0 0 0 6 0 6 0 0 6 7 0 0 0 4 7 7 6 0 0 7 0 6 0
Last Time Cost: 00000004 ms
Total Time Cost: 00073079 ms
Total Distance 99: 0 0 0 0 0 7 6 7 0 6 0 6 0 0 0 0 6 0 0 0 0 0 0 0 6 0 6 0 0 6 7 0 0 0 3 7 7 6 0 0 7 0 6 0
Last Time Cost: 00000003 ms
Total Time Cost: 00073082 ms
Total Distance 98: 0 0 0 0 0 7 6 7 0 6 0 6 0 0 0 0 6 0 0 0 0 0 0 0 6 0 6 0 0 6 7 0 0 0 2 7 7 6 0 0 7 0 6 0
Last Time Cost: 00000002 ms
Total Time Cost: 00073084 ms
Total Distance 97: 0 0 0 0 0 7 6 7 0 6 0 6 0 0 0 0 6 0 0 0 0 0 0 0 6 0 6 0 0 6 7 0 0 0 1 7 7 6 0 0 7 0 6 0
Last Time Cost: 00000001 ms
Total Time Cost: 00073085 ms
Total Distance 96: 0 0 0 0 0 7 6 7 0 6 0 6 0 0 0 0 6 0 0 0 0 0 0 0 6 0 6 0 0 6 7 0 0 0 0 7 7 6 0 0 7 0 6 0
Last Time Cost: 00000505 ms
Total Time Cost: 00073590 ms
Total Distance 94: 0 0 0 0 0 7 6 7 0 6 0 6 0 0 0 0 5 0 0 0 0 0 0 0 6 0 6 0 0 6 7 0 0 0 0 7 7 5 0 0 7 0 6 0
Last Time Cost: 00000034 ms
Total Time Cost: 00073624 ms
Total Distance 93: 0 0 0 0 0 7 6 7 0 6 0 6 0 0 0 0 4 0 0 0 0 0 0 0 6 0 6 0 0 6 7 0 0 0 0 7 7 5 0 0 7 0 6 0
Last Time Cost: 00000004 ms
Total Time Cost: 00073628 ms
Total Distance 92: 0 0 0 0 0 7 6 7 0 6 0 6 0 0 0 0 3 0 0 0 0 0 0 0 6 0 6 0 0 6 7 0 0 0 0 7 7 5 0 0 7 0 6 0
Last Time Cost: 00000003 ms
Total Time Cost: 00073631 ms
Total Distance 91: 0 0 0 0 0 7 6 7 0 6 0 6 0 0 0 0 2 0 0 0 0 0 0 0 6 0 6 0 0 6 7 0 0 0 0 7 7 5 0 0 7 0 6 0
Last Time Cost: 00000002 ms
Total Time Cost: 00073633 ms
Total Distance 90: 0 0 0 0 0 7 6 7 0 6 0 6 0 0 0 0 1 0 0 0 0 0 0 0 6 0 6 0 0 6 7 0 0 0 0 7 7 5 0 0 7 0 6 0
Last Time Cost: 00000002 ms
Total Time Cost: 00073635 ms
Total Distance 89: 0 0 0 0 0 7 6 7 0 6 0 6 0 0 0 0 0 0 0 0 0 0 0 0 6 0 6 0 0 6 7 0 0 0 0 7 7 5 0 0 7 0 6 0
Last Time Cost: 00000018 ms
Total Time Cost: 00073653 ms
Total Distance 88: 0 0 0 0 0 7 6 7 0 6 0 6 0 0 0 0 0 0 0 0 0 0 0 0 6 0 6 0 0 6 7 0 0 0 0 7 7 4 0 0 7 0 6 0
Last Time Cost: 00000005 ms
Total Time Cost: 00073658 ms
Total Distance 87: 0 0 0 0 0 7 6 7 0 6 0 6 0 0 0 0 0 0 0 0 0 0 0 0 6 0 6 0 0 6 7 0 0 0 0 7 7 3 0 0 7 0 6 0
Last Time Cost: 00000003 ms
Total Time Cost: 00073661 ms
Total Distance 86: 0 0 0 0 0 7 6 7 0 6 0 6 0 0 0 0 0 0 0 0 0 0 0 0 6 0 6 0 0 6 7 0 0 0 0 7 7 2 0 0 7 0 6 0
Last Time Cost: 00000002 ms
Total Time Cost: 00073663 ms
Total Distance 85: 0 0 0 0 0 7 6 7 0 6 0 6 0 0 0 0 0 0 0 0 0 0 0 0 6 0 6 0 0 6 7 0 0 0 0 7 7 1 0 0 7 0 6 0
Last Time Cost: 00000002 ms
Total Time Cost: 00073665 ms
Total Distance 84: 0 0 0 0 0 7 6 7 0 6 0 6 0 0 0 0 0 0 0 0 0 0 0 0 6 0 6 0 0 6 7 0 0 0 0 7 7 0 0 0 7 0 6 0
Last Time Cost: 00000486 ms
Total Time Cost: 00074151 ms
Total Distance 82: 0 0 0 0 0 7 6 7 0 6 0 6 0 0 0 0 0 0 0 0 0 0 0 0 6 0 6 0 0 5 7 0 0 0 0 7 7 0 0 0 7 0 5 0
Last Time Cost: 00000038 ms
Total Time Cost: 00074189 ms
Total Distance 81: 0 0 0 0 0 7 6 7 0 6 0 6 0 0 0 0 0 0 0 0 0 0 0 0 6 0 6 0 0 5 7 0 0 0 0 7 7 0 0 0 7 0 4 0
Last Time Cost: 00000005 ms
Total Time Cost: 00074194 ms
Total Distance 80: 0 0 0 0 0 7 6 7 0 6 0 6 0 0 0 0 0 0 0 0 0 0 0 0 6 0 6 0 0 5 7 0 0 0 0 7 7 0 0 0 7 0 3 0
Last Time Cost: 00000004 ms
Total Time Cost: 00074198 ms
Total Distance 79: 0 0 0 0 0 7 6 7 0 6 0 6 0 0 0 0 0 0 0 0 0 0 0 0 6 0 6 0 0 5 7 0 0 0 0 7 7 0 0 0 7 0 2 0
Last Time Cost: 00000003 ms
Total Time Cost: 00074201 ms
Total Distance 78: 0 0 0 0 0 7 6 7 0 6 0 6 0 0 0 0 0 0 0 0 0 0 0 0 6 0 6 0 0 5 7 0 0 0 0 7 7 0 0 0 7 0 1 0
Last Time Cost: 00000002 ms
Total Time Cost: 00074203 ms
Total Distance 77: 0 0 0 0 0 7 6 7 0 6 0 6 0 0 0 0 0 0 0 0 0 0 0 0 6 0 6 0 0 5 7 0 0 0 0 7 7 0 0 0 7 0 0 0
Last Time Cost: 00000021 ms
Total Time Cost: 00074224 ms
Total Distance 76: 0 0 0 0 0 7 6 7 0 6 0 6 0 0 0 0 0 0 0 0 0 0 0 0 6 0 6 0 0 4 7 0 0 0 0 7 7 0 0 0 7 0 0 0
Last Time Cost: 00000005 ms
Total Time Cost: 00074229 ms
Total Distance 75: 0 0 0 0 0 7 6 7 0 6 0 6 0 0 0 0 0 0 0 0 0 0 0 0 6 0 6 0 0 3 7 0 0 0 0 7 7 0 0 0 7 0 0 0
Last Time Cost: 00000004 ms
Total Time Cost: 00074233 ms
Total Distance 73: 0 0 0 0 0 7 6 7 0 6 0 6 0 0 0 0 0 0 0 0 0 0 0 0 6 0 6 0 0 2 7 0 0 0 0 7 7 0 0 0 6 0 0 0
Last Time Cost: 00000003 ms
Total Time Cost: 00074236 ms
Total Distance 72: 0 0 0 0 0 7 6 7 0 6 0 6 0 0 0 0 0 0 0 0 0 0 0 0 6 0 6 0 0 1 7 0 0 0 0 7 7 0 0 0 6 0 0 0
Last Time Cost: 00000002 ms
Total Time Cost: 00074238 ms
Total Distance 71: 0 0 0 0 0 7 6 7 0 6 0 6 0 0 0 0 0 0 0 0 0 0 0 0 6 0 6 0 0 0 7 0 0 0 0 7 7 0 0 0 6 0 0 0
Last Time Cost: 00000542 ms
Total Time Cost: 00074780 ms
Total Distance 69: 0 0 0 0 0 7 6 7 0 6 0 5 0 0 0 0 0 0 0 0 0 0 0 0 6 0 6 0 0 0 7 0 0 0 0 7 7 0 0 0 5 0 0 0
Last Time Cost: 00000047 ms
Total Time Cost: 00074827 ms
Total Distance 68: 0 0 0 0 0 7 6 7 0 6 0 5 0 0 0 0 0 0 0 0 0 0 0 0 6 0 6 0 0 0 7 0 0 0 0 7 7 0 0 0 4 0 0 0
Last Time Cost: 00000005 ms
Total Time Cost: 00074832 ms
Total Distance 67: 0 0 0 0 0 7 6 7 0 6 0 5 0 0 0 0 0 0 0 0 0 0 0 0 6 0 6 0 0 0 7 0 0 0 0 7 7 0 0 0 3 0 0 0
Last Time Cost: 00000004 ms
Total Time Cost: 00074836 ms
Total Distance 66: 0 0 0 0 0 7 6 7 0 6 0 5 0 0 0 0 0 0 0 0 0 0 0 0 6 0 6 0 0 0 7 0 0 0 0 7 7 0 0 0 2 0 0 0
Last Time Cost: 00000003 ms
Total Time Cost: 00074839 ms
Total Distance 65: 0 0 0 0 0 7 6 7 0 6 0 5 0 0 0 0 0 0 0 0 0 0 0 0 6 0 6 0 0 0 7 0 0 0 0 7 7 0 0 0 1 0 0 0
Last Time Cost: 00000002 ms
Total Time Cost: 00074841 ms
Total Distance 64: 0 0 0 0 0 7 6 7 0 6 0 5 0 0 0 0 0 0 0 0 0 0 0 0 6 0 6 0 0 0 7 0 0 0 0 7 7 0 0 0 0 0 0 0
Last Time Cost: 00000027 ms
Total Time Cost: 00074868 ms
Total Distance 63: 0 0 0 0 0 7 6 7 0 6 0 4 0 0 0 0 0 0 0 0 0 0 0 0 6 0 6 0 0 0 7 0 0 0 0 7 7 0 0 0 0 0 0 0
Last Time Cost: 00000005 ms
Total Time Cost: 00074873 ms
Total Distance 62: 0 0 0 0 0 7 6 7 0 6 0 3 0 0 0 0 0 0 0 0 0 0 0 0 6 0 6 0 0 0 7 0 0 0 0 7 7 0 0 0 0 0 0 0
Last Time Cost: 00000004 ms
Total Time Cost: 00074877 ms
Total Distance 61: 0 0 0 0 0 7 6 7 0 6 0 2 0 0 0 0 0 0 0 0 0 0 0 0 6 0 6 0 0 0 7 0 0 0 0 7 7 0 0 0 0 0 0 0
Last Time Cost: 00000003 ms
Total Time Cost: 00074880 ms
Total Distance 60: 0 0 0 0 0 7 6 7 0 6 0 1 0 0 0 0 0 0 0 0 0 0 0 0 6 0 6 0 0 0 7 0 0 0 0 7 7 0 0 0 0 0 0 0
Last Time Cost: 00000002 ms
Total Time Cost: 00074882 ms
Total Distance 59: 0 0 0 0 0 7 6 7 0 6 0 0 0 0 0 0 0 0 0 0 0 0 0 0 6 0 6 0 0 0 7 0 0 0 0 7 7 0 0 0 0 0 0 0
Last Time Cost: 00000435 ms
Total Time Cost: 00075317 ms
Total Distance 57: 0 0 0 0 0 7 5 7 0 6 0 0 0 0 0 0 0 0 0 0 0 0 0 0 6 0 6 0 0 0 7 0 0 0 0 7 6 0 0 0 0 0 0 0
Last Time Cost: 00000029 ms
Total Time Cost: 00075346 ms
Total Distance 55: 0 0 0 0 0 7 4 7 0 6 0 0 0 0 0 0 0 0 0 0 0 0 0 0 6 0 6 0 0 0 6 0 0 0 0 7 6 0 0 0 0 0 0 0
Last Time Cost: 00000004 ms
Total Time Cost: 00075350 ms
Total Distance 53: 0 0 0 0 0 6 3 7 0 6 0 0 0 0 0 0 0 0 0 0 0 0 0 0 6 0 6 0 0 0 6 0 0 0 0 7 6 0 0 0 0 0 0 0
Last Time Cost: 00000003 ms
Total Time Cost: 00075353 ms
Total Distance 52: 0 0 0 0 0 6 2 7 0 6 0 0 0 0 0 0 0 0 0 0 0 0 0 0 6 0 6 0 0 0 6 0 0 0 0 7 6 0 0 0 0 0 0 0
Last Time Cost: 00000002 ms
Total Time Cost: 00075355 ms
Total Distance 51: 0 0 0 0 0 6 1 7 0 6 0 0 0 0 0 0 0 0 0 0 0 0 0 0 6 0 6 0 0 0 6 0 0 0 0 7 6 0 0 0 0 0 0 0
Last Time Cost: 00000002 ms
Total Time Cost: 00075357 ms
Total Distance 50: 0 0 0 0 0 6 0 7 0 6 0 0 0 0 0 0 0 0 0 0 0 0 0 0 6 0 6 0 0 0 6 0 0 0 0 7 6 0 0 0 0 0 0 0
Last Time Cost: 00000650 ms
Total Time Cost: 00076007 ms
Total Distance 48: 0 0 0 0 0 5 0 7 0 6 0 0 0 0 0 0 0 0 0 0 0 0 0 0 6 0 6 0 0 0 6 0 0 0 0 6 6 0 0 0 0 0 0 0
Last Time Cost: 00000025 ms
Total Time Cost: 00076032 ms
Total Distance 47: 0 0 0 0 0 4 0 7 0 6 0 0 0 0 0 0 0 0 0 0 0 0 0 0 6 0 6 0 0 0 6 0 0 0 0 6 6 0 0 0 0 0 0 0
Last Time Cost: 00000003 ms
Total Time Cost: 00076035 ms
Total Distance 46: 0 0 0 0 0 3 0 7 0 6 0 0 0 0 0 0 0 0 0 0 0 0 0 0 6 0 6 0 0 0 6 0 0 0 0 6 6 0 0 0 0 0 0 0
Last Time Cost: 00000003 ms
Total Time Cost: 00076038 ms
Total Distance 45: 0 0 0 0 0 2 0 7 0 6 0 0 0 0 0 0 0 0 0 0 0 0 0 0 6 0 6 0 0 0 6 0 0 0 0 6 6 0 0 0 0 0 0 0
Last Time Cost: 00000002 ms
Total Time Cost: 00076040 ms
Total Distance 44: 0 0 0 0 0 1 0 7 0 6 0 0 0 0 0 0 0 0 0 0 0 0 0 0 6 0 6 0 0 0 6 0 0 0 0 6 6 0 0 0 0 0 0 0
Last Time Cost: 00000002 ms
Total Time Cost: 00076042 ms
Total Distance 43: 0 0 0 0 0 0 0 7 0 6 0 0 0 0 0 0 0 0 0 0 0 0 0 0 6 0 6 0 0 0 6 0 0 0 0 6 6 0 0 0 0 0 0 0
Last Time Cost: 00000737 ms
Total Time Cost: 00076779 ms
Total Distance 42: 0 0 0 0 0 0 0 7 0 6 0 0 0 0 0 0 0 0 0 0 0 0 0 0 5 0 6 0 0 0 6 0 0 0 0 6 6 0 0 0 0 0 0 0
Last Time Cost: 00000027 ms
Total Time Cost: 00076806 ms
Total Distance 41: 0 0 0 0 0 0 0 7 0 6 0 0 0 0 0 0 0 0 0 0 0 0 0 0 4 0 6 0 0 0 6 0 0 0 0 6 6 0 0 0 0 0 0 0
Last Time Cost: 00000003 ms
Total Time Cost: 00076809 ms
Total Distance 40: 0 0 0 0 0 0 0 7 0 6 0 0 0 0 0 0 0 0 0 0 0 0 0 0 3 0 6 0 0 0 6 0 0 0 0 6 6 0 0 0 0 0 0 0
Last Time Cost: 00000003 ms
Total Time Cost: 00076812 ms
Total Distance 39: 0 0 0 0 0 0 0 7 0 6 0 0 0 0 0 0 0 0 0 0 0 0 0 0 2 0 6 0 0 0 6 0 0 0 0 6 6 0 0 0 0 0 0 0
Last Time Cost: 00000002 ms
Total Time Cost: 00076814 ms
Total Distance 38: 0 0 0 0 0 0 0 7 0 6 0 0 0 0 0 0 0 0 0 0 0 0 0 0 1 0 6 0 0 0 6 0 0 0 0 6 6 0 0 0 0 0 0 0
Last Time Cost: 00000002 ms
Total Time Cost: 00076816 ms
Total Distance 37: 0 0 0 0 0 0 0 7 0 6 0 0 0 0 0 0 0 0 0 0 0 0 0 0 0 0 6 0 0 0 6 0 0 0 0 6 6 0 0 0 0 0 0 0
Last Time Cost: 00000697 ms
Total Time Cost: 00077513 ms
Total Distance 36: 0 0 0 0 0 0 0 7 0 6 0 0 0 0 0 0 0 0 0 0 0 0 0 0 0 0 5 0 0 0 6 0 0 0 0 6 6 0 0 0 0 0 0 0
Last Time Cost: 00000032 ms
Total Time Cost: 00077545 ms
Total Distance 35: 0 0 0 0 0 0 0 7 0 6 0 0 0 0 0 0 0 0 0 0 0 0 0 0 0 0 4 0 0 0 6 0 0 0 0 6 6 0 0 0 0 0 0 0
Last Time Cost: 00000003 ms
Total Time Cost: 00077548 ms
Total Distance 34: 0 0 0 0 0 0 0 7 0 6 0 0 0 0 0 0 0 0 0 0 0 0 0 0 0 0 3 0 0 0 6 0 0 0 0 6 6 0 0 0 0 0 0 0
Last Time Cost: 00000003 ms
Total Time Cost: 00077551 ms
Total Distance 33: 0 0 0 0 0 0 0 7 0 6 0 0 0 0 0 0 0 0 0 0 0 0 0 0 0 0 2 0 0 0 6 0 0 0 0 6 6 0 0 0 0 0 0 0
Last Time Cost: 00000002 ms
Total Time Cost: 00077553 ms
Total Distance 32: 0 0 0 0 0 0 0 7 0 6 0 0 0 0 0 0 0 0 0 0 0 0 0 0 0 0 1 0 0 0 6 0 0 0 0 6 6 0 0 0 0 0 0 0
Last Time Cost: 00000002 ms
Total Time Cost: 00077555 ms
Total Distance 31: 0 0 0 0 0 0 0 7 0 6 0 0 0 0 0 0 0 0 0 0 0 0 0 0 0 0 0 0 0 0 6 0 0 0 0 6 6 0 0 0 0 0 0 0
Last Time Cost: 00000607 ms
Total Time Cost: 00078162 ms
Total Distance 30: 0 0 0 0 0 0 0 7 0 6 0 0 0 0 0 0 0 0 0 0 0 0 0 0 0 0 0 0 0 0 5 0 0 0 0 6 6 0 0 0 0 0 0 0
Last Time Cost: 00000033 ms
Total Time Cost: 00078195 ms
Total Distance 29: 0 0 0 0 0 0 0 7 0 6 0 0 0 0 0 0 0 0 0 0 0 0 0 0 0 0 0 0 0 0 4 0 0 0 0 6 6 0 0 0 0 0 0 0
Last Time Cost: 00000003 ms
Total Time Cost: 00078198 ms
Total Distance 28: 0 0 0 0 0 0 0 7 0 6 0 0 0 0 0 0 0 0 0 0 0 0 0 0 0 0 0 0 0 0 3 0 0 0 0 6 6 0 0 0 0 0 0 0
Last Time Cost: 00000003 ms
Total Time Cost: 00078201 ms
Total Distance 27: 0 0 0 0 0 0 0 7 0 6 0 0 0 0 0 0 0 0 0 0 0 0 0 0 0 0 0 0 0 0 2 0 0 0 0 6 6 0 0 0 0 0 0 0
Last Time Cost: 00000003 ms
Total Time Cost: 00078204 ms
Total Distance 26: 0 0 0 0 0 0 0 7 0 6 0 0 0 0 0 0 0 0 0 0 0 0 0 0 0 0 0 0 0 0 1 0 0 0 0 6 6 0 0 0 0 0 0 0
Last Time Cost: 00000002 ms
Total Time Cost: 00078206 ms
Total Distance 25: 0 0 0 0 0 0 0 7 0 6 0 0 0 0 0 0 0 0 0 0 0 0 0 0 0 0 0 0 0 0 0 0 0 0 0 6 6 0 0 0 0 0 0 0
Last Time Cost: 00000472 ms
Total Time Cost: 00078678 ms
Total Distance 24: 0 0 0 0 0 0 0 7 0 6 0 0 0 0 0 0 0 0 0 0 0 0 0 0 0 0 0 0 0 0 0 0 0 0 0 6 5 0 0 0 0 0 0 0
Last Time Cost: 00000035 ms
Total Time Cost: 00078713 ms
Total Distance 23: 0 0 0 0 0 0 0 7 0 6 0 0 0 0 0 0 0 0 0 0 0 0 0 0 0 0 0 0 0 0 0 0 0 0 0 6 4 0 0 0 0 0 0 0
Last Time Cost: 00000004 ms
Total Time Cost: 00078717 ms
Total Distance 22: 0 0 0 0 0 0 0 7 0 6 0 0 0 0 0 0 0 0 0 0 0 0 0 0 0 0 0 0 0 0 0 0 0 0 0 6 3 0 0 0 0 0 0 0
Last Time Cost: 00000003 ms
Total Time Cost: 00078720 ms
Total Distance 21: 0 0 0 0 0 0 0 7 0 6 0 0 0 0 0 0 0 0 0 0 0 0 0 0 0 0 0 0 0 0 0 0 0 0 0 6 2 0 0 0 0 0 0 0
Last Time Cost: 00000003 ms
Total Time Cost: 00078723 ms
Total Distance 20: 0 0 0 0 0 0 0 7 0 6 0 0 0 0 0 0 0 0 0 0 0 0 0 0 0 0 0 0 0 0 0 0 0 0 0 6 1 0 0 0 0 0 0 0
Last Time Cost: 00000002 ms
Total Time Cost: 00078725 ms
Total Distance 19: 0 0 0 0 0 0 0 7 0 6 0 0 0 0 0 0 0 0 0 0 0 0 0 0 0 0 0 0 0 0 0 0 0 0 0 6 0 0 0 0 0 0 0 0
Last Time Cost: 00000362 ms
Total Time Cost: 00079087 ms
Total Distance 18: 0 0 0 0 0 0 0 7 0 5 0 0 0 0 0 0 0 0 0 0 0 0 0 0 0 0 0 0 0 0 0 0 0 0 0 6 0 0 0 0 0 0 0 0
Last Time Cost: 00000038 ms
Total Time Cost: 00079125 ms
Total Distance 17: 0 0 0 0 0 0 0 7 0 4 0 0 0 0 0 0 0 0 0 0 0 0 0 0 0 0 0 0 0 0 0 0 0 0 0 6 0 0 0 0 0 0 0 0
Last Time Cost: 00000004 ms
Total Time Cost: 00079129 ms
Total Distance 16: 0 0 0 0 0 0 0 7 0 3 0 0 0 0 0 0 0 0 0 0 0 0 0 0 0 0 0 0 0 0 0 0 0 0 0 6 0 0 0 0 0 0 0 0
Last Time Cost: 00000003 ms
Total Time Cost: 00079132 ms
Total Distance 15: 0 0 0 0 0 0 0 7 0 2 0 0 0 0 0 0 0 0 0 0 0 0 0 0 0 0 0 0 0 0 0 0 0 0 0 6 0 0 0 0 0 0 0 0
Last Time Cost: 00000003 ms
Total Time Cost: 00079135 ms
Total Distance 14: 0 0 0 0 0 0 0 7 0 1 0 0 0 0 0 0 0 0 0 0 0 0 0 0 0 0 0 0 0 0 0 0 0 0 0 6 0 0 0 0 0 0 0 0
Last Time Cost: 00000002 ms
Total Time Cost: 00079137 ms
Total Distance 13: 0 0 0 0 0 0 0 7 0 0 0 0 0 0 0 0 0 0 0 0 0 0 0 0 0 0 0 0 0 0 0 0 0 0 0 6 0 0 0 0 0 0 0 0
Last Time Cost: 00000204 ms
Total Time Cost: 00079341 ms
Total Distance 12: 0 0 0 0 0 0 0 7 0 0 0 0 0 0 0 0 0 0 0 0 0 0 0 0 0 0 0 0 0 0 0 0 0 0 0 5 0 0 0 0 0 0 0 0
Last Time Cost: 00000043 ms
Total Time Cost: 00079384 ms
Total Distance 11: 0 0 0 0 0 0 0 7 0 0 0 0 0 0 0 0 0 0 0 0 0 0 0 0 0 0 0 0 0 0 0 0 0 0 0 4 0 0 0 0 0 0 0 0
Last Time Cost: 00000004 ms
Total Time Cost: 00079388 ms
Total Distance 10: 0 0 0 0 0 0 0 7 0 0 0 0 0 0 0 0 0 0 0 0 0 0 0 0 0 0 0 0 0 0 0 0 0 0 0 3 0 0 0 0 0 0 0 0
Last Time Cost: 00000003 ms
Total Time Cost: 00079391 ms
Total Distance 9: 0 0 0 0 0 0 0 7 0 0 0 0 0 0 0 0 0 0 0 0 0 0 0 0 0 0 0 0 0 0 0 0 0 0 0 2 0 0 0 0 0 0 0 0
Last Time Cost: 00000003 ms
Total Time Cost: 00079394 ms
Total Distance 8: 0 0 0 0 0 0 0 7 0 0 0 0 0 0 0 0 0 0 0 0 0 0 0 0 0 0 0 0 0 0 0 0 0 0 0 1 0 0 0 0 0 0 0 0
Last Time Cost: 00000003 ms
Total Time Cost: 00079397 ms
Total Distance 7: 0 0 0 0 0 0 0 7 0 0 0 0 0 0 0 0 0 0 0 0 0 0 0 0 0 0 0 0 0 0 0 0 0 0 0 0 0 0 0 0 0 0 0 0
Last Time Cost: 00024489 ms
Total Time Cost: 00103886 ms
Total Distance 6: 0 0 0 0 0 0 0 6 0 0 0 0 0 0 0 0 0 0 0 0 0 0 0 0 0 0 0 0 0 0 0 0 0 0 0 0 0 0 0 0 0 0 0 0
Last Time Cost: 00000245 ms
Total Time Cost: 00104131 ms
Total Distance 5: 0 0 0 0 0 0 0 5 0 0 0 0 0 0 0 0 0 0 0 0 0 0 0 0 0 0 0 0 0 0 0 0 0 0 0 0 0 0 0 0 0 0 0 0
Last Time Cost: 00000044 ms
Total Time Cost: 00104175 ms
Total Distance 4: 0 0 0 0 0 0 0 4 0 0 0 0 0 0 0 0 0 0 0 0 0 0 0 0 0 0 0 0 0 0 0 0 0 0 0 0 0 0 0 0 0 0 0 0
Last Time Cost: 00000001 ms
Total Time Cost: 00104176 ms
Total Distance 3: 0 0 0 0 0 0 0 3 0 0 0 0 0 0 0 0 0 0 0 0 0 0 0 0 0 0 0 0 0 0 0 0 0 0 0 0 0 0 0 0 0 0 0 0
Last Time Cost: 00000000 ms
Total Time Cost: 00104176 ms
Total Distance 2: 0 0 0 0 0 0 0 2 0 0 0 0 0 0 0 0 0 0 0 0 0 0 0 0 0 0 0 0 0 0 0 0 0 0 0 0 0 0 0 0 0 0 0 0
Last Time Cost: 00000000 ms
Total Time Cost: 00104176 ms
Total Distance 1: 0 0 0 0 0 0 0 1 0 0 0 0 0 0 0 0 0 0 0 0 0 0 0 0 0 0 0 0 0 0 0 0 0 0 0 0 0 0 0 0 0 0 0 0
Last Time Cost: 00000000 ms
Total Time Cost: 00104176 ms
Total Distance 0: 0 0 0 0 0 0 0 0 0 0 0 0 0 0 0 0 0 0 0 0 0 0 0 0 0 0 0 0 0 0 0 0 0 0 0 0 0 0 0 0 0 0 0 0
