Last Time Cost: 00000000 ms
Total Time Cost: 00000000 ms
Total Distance 576: 10 10 10 10 10 10 10 10 10 10 10 10 10 10 10 10 8 8 8 8 8 8 8 8 8 8 8 8 8 8 8 8 9 9 9 9 9 9 9 9 9 9 9 9 9 9 9 9 9 9 9 9 9 9 9 9 9 9 9 9 9 9 9 9
Last Time Cost: 00002025 ms
Total Time Cost: 00002025 ms
Total Distance 569: 10 10 10 10 10 10 9 9 10 10 10 9 10 10 10 10 8 8 8 8 8 8 8 8 8 8 8 8 8 8 8 8 9 9 9 9 9 9 9 9 9 9 9 9 9 9 9 9 9 9 9 9 9 9 9 8 9 8 9 8 9 9 9 8
Last Time Cost: 00002045 ms
Total Time Cost: 00004070 ms
Total Distance 563: 10 10 10 10 10 9 9 9 10 10 10 9 10 10 10 10 8 7 8 8 7 8 8 8 8 7 8 8 8 8 8 8 9 9 9 9 9 9 9 9 9 9 9 8 9 9 9 9 9 9 9 9 9 9 9 8 9 8 9 8 9 9 8 8
Last Time Cost: 00002174 ms
Total Time Cost: 00006244 ms
Total Distance 557: 10 10 9 10 9 9 9 9 10 10 10 9 10 10 10 10 7 7 8 8 7 8 8 7 7 7 8 8 8 8 8 8 9 9 9 9 9 9 9 9 9 9 8 8 9 9 9 9 9 9 9 9 9 9 9 8 9 8 9 8 9 9 8 8
Last Time Cost: 00002309 ms
Total Time Cost: 00008553 ms
Total Distance 552: 10 10 9 10 9 9 9 9 10 10 10 9 10 10 10 10 7 7 8 8 7 8 8 7 7 7 8 8 8 8 7 7 9 9 9 9 9 9 9 9 9 9 8 8 9 9 9 8 9 9 9 8 9 9 9 7 9 8 9 8 9 9 8 8
Last Time Cost: 00002421 ms
Total Time Cost: 00010974 ms
Total Distance 547: 10 10 9 10 8 9 9 9 10 10 10 9 10 10 10 9 7 7 8 8 7 8 8 6 7 7 8 8 8 7 7 7 9 9 9 9 9 9 9 9 8 9 8 8 9 9 9 8 9 9 9 8 9 9 9 7 9 8 9 8 9 9 8 8
Last Time Cost: 00002517 ms
Total Time Cost: 00013491 ms
Total Distance 542: 10 10 9 9 8 9 9 9 10 10 10 9 10 10 10 9 7 7 8 8 7 8 8 6 7 7 8 8 8 6 7 7 9 8 9 9 9 9 9 9 8 9 8 8 9 9 9 7 9 9 9 8 9 9 9 7 9 8 9 8 9 9 8 7
Last Time Cost: 00002668 ms
Total Time Cost: 00016159 ms
Total Distance 537: 10 10 9 9 8 8 9 9 10 10 10 9 10 10 9 9 7 7 8 8 7 8 8 5 7 7 8 8 8 6 7 7 9 8 9 9 9 9 9 9 8 9 8 8 8 9 9 7 9 9 9 8 9 9 9 7 9 8 9 7 9 9 8 7
Last Time Cost: 00002748 ms
Total Time Cost: 00018907 ms
Total Distance 532: 10 10 9 9 8 8 9 9 10 10 9 9 10 10 9 9 7 7 8 8 7 8 7 5 7 7 8 8 8 6 7 7 9 8 9 9 9 9 9 9 8 9 8 8 8 8 9 7 9 9 8 8 9 9 9 7 9 8 9 7 8 9 8 7
Last Time Cost: 00002745 ms
Total Time Cost: 00021652 ms
Total Distance 527: 10 10 9 9 8 8 8 9 9 10 9 9 10 9 9 9 7 7 8 8 7 8 7 5 7 7 8 8 7 6 7 7 9 8 9 9 9 9 9 9 8 9 8 8 8 8 9 7 9 9 8 8 9 9 9 7 9 8 9 7 8 9 7 7
Last Time Cost: 00002933 ms
Total Time Cost: 00024585 ms
Total Distance 522: 9 10 9 9 8 8 8 9 9 10 9 9 10 8 9 9 7 7 8 8 7 8 7 5 7 7 8 8 7 6 7 7 9 8 9 9 9 9 8 9 8 9 8 8 8 8 9 6 9 9 8 8 9 9 9 7 9 8 8 7 8 9 7 7
Last Time Cost: 00002921 ms
Total Time Cost: 00027506 ms
Total Distance 518: 9 10 9 9 8 8 8 9 9 10 9 9 10 8 9 9 7 7 8 8 7 7 7 5 7 6 8 8 7 6 7 7 9 8 9 9 9 9 8 9 8 9 8 8 8 7 9 6 9 9 8 8 9 9 9 7 9 8 8 7 7 9 7 7
Last Time Cost: 00003170 ms
Total Time Cost: 00030676 ms
Total Distance 514: 9 10 9 9 8 8 7 9 9 10 9 9 10 8 9 9 7 7 8 8 7 6 7 5 6 6 8 8 7 6 7 7 9 8 9 8 9 9 8 9 8 9 8 8 8 7 9 6 9 9 8 8 9 9 9 7 9 8 8 7 7 9 7 7
Last Time Cost: 00003316 ms
Total Time Cost: 00033992 ms
Total Distance 510: 9 10 9 9 8 8 7 9 9 10 9 9 10 8 9 9 7 7 8 8 7 5 6 5 6 6 7 8 7 6 7 7 9 8 9 8 9 9 8 8 8 9 8 8 8 7 9 6 9 9 8 8 9 9 9 7 9 8 8 7 7 9 7 7
Last Time Cost: 00003463 ms
Total Time Cost: 00037455 ms
Total Distance 506: 9 10 9 9 8 8 7 9 9 10 9 9 10 8 9 9 7 7 8 8 7 5 6 4 6 6 7 8 7 6 7 7 9 8 9 8 9 9 8 8 8 8 8 8 8 7 9 6 9 9 8 7 9 9 8 7 9 8 8 7 7 9 7 7
Last Time Cost: 00003488 ms
Total Time Cost: 00040943 ms
Total Distance 502: 9 10 9 9 8 8 7 9 9 10 9 9 10 8 9 9 6 7 8 8 7 5 6 4 6 6 7 8 7 6 7 6 9 7 9 8 9 9 8 8 8 8 8 8 8 7 9 6 9 8 8 7 9 9 8 7 9 8 8 7 7 9 7 7
Last Time Cost: 00003614 ms
Total Time Cost: 00044557 ms
Total Distance 498: 9 10 9 9 8 8 7 9 9 10 9 9 10 8 9 9 6 7 8 8 7 5 6 4 6 6 7 8 7 6 7 6 9 7 9 7 9 9 8 8 8 8 8 8 8 7 8 6 9 8 8 6 9 9 8 6 9 8 8 7 7 9 7 7
Last Time Cost: 00003728 ms
Total Time Cost: 00048285 ms
Total Distance 494: 9 10 9 9 8 8 7 9 9 10 9 9 10 8 9 9 6 6 8 8 7 5 6 4 6 6 7 8 7 6 7 6 9 6 9 7 9 9 8 8 8 8 8 8 8 7 8 6 9 8 8 6 8 9 8 6 9 8 8 7 7 8 7 7
Last Time Cost: 00003679 ms
Total Time Cost: 00051964 ms
Total Distance 490: 9 10 9 9 8 8 6 9 9 10 9 9 10 8 9 9 6 6 8 8 6 5 6 4 6 6 7 8 7 6 7 6 8 6 9 7 9 9 8 8 8 8 8 8 8 7 8 6 9 8 8 6 7 9 8 6 9 8 8 7 7 8 7 7
Last Time Cost: 00003767 ms
Total Time Cost: 00055731 ms
Total Distance 486: 9 10 9 9 8 8 6 9 9 10 9 9 10 8 9 9 6 6 8 7 6 5 6 4 6 6 7 8 7 6 7 6 8 6 9 7 9 9 7 8 8 8 8 8 8 7 8 6 9 8 8 6 6 9 8 6 9 8 7 7 7 8 7 7
Last Time Cost: 00004033 ms
Total Time Cost: 00059764 ms
Total Distance 482: 9 10 9 9 8 8 6 9 9 10 9 9 10 8 8 9 6 6 8 7 6 5 6 4 6 6 7 7 7 6 7 6 8 6 9 7 9 9 7 8 8 8 8 8 8 6 8 6 9 8 8 6 6 8 8 6 9 8 7 7 7 8 7 7
Last Time Cost: 00003911 ms
Total Time Cost: 00063675 ms
Total Distance 478: 9 10 9 9 8 8 6 9 9 10 9 9 10 8 8 8 6 6 8 7 6 5 6 4 6 6 7 7 7 6 7 6 8 6 9 7 9 9 7 8 8 8 7 8 8 6 8 6 8 8 8 6 6 8 8 6 9 8 7 7 7 8 7 6
Last Time Cost: 00003751 ms
Total Time Cost: 00067426 ms
Total Distance 474: 9 10 9 9 8 8 6 9 9 10 9 8 10 8 8 8 6 6 8 7 6 5 6 4 6 6 7 7 6 6 7 6 8 6 9 7 9 9 7 8 8 8 7 8 7 6 8 6 8 8 8 6 6 8 8 6 8 8 7 7 7 8 7 6
Last Time Cost: 00003599 ms
Total Time Cost: 00071025 ms
Total Distance 470: 9 10 9 9 7 8 6 9 9 10 9 8 10 8 8 8 6 6 8 7 6 5 6 4 6 6 7 7 6 6 7 6 8 6 9 7 8 8 7 8 8 8 7 8 7 6 8 6 8 8 8 6 6 8 7 6 8 8 7 7 7 8 7 6
Last Time Cost: 00003390 ms
Total Time Cost: 00074415 ms
Total Distance 466: 9 10 9 9 7 8 6 9 9 9 9 8 9 8 8 8 6 6 8 7 6 5 6 4 6 6 7 7 6 6 7 6 8 6 9 7 8 8 7 8 8 8 6 7 7 6 8 6 8 8 8 6 6 8 7 6 8 8 7 7 7 8 7 6
Last Time Cost: 00003498 ms
Total Time Cost: 00077913 ms
Total Distance 463: 9 10 9 9 7 7 6 9 9 9 9 8 9 8 8 8 6 6 8 7 6 5 6 4 6 6 7 7 6 6 7 6 8 6 9 7 8 8 7 8 8 8 6 7 7 6 8 6 8 8 8 5 5 8 7 6 8 8 7 7 7 8 7 6
Last Time Cost: 00003757 ms
Total Time Cost: 00081670 ms
Total Distance 460: 9 10 9 9 7 7 6 9 9 9 9 8 9 8 8 8 6 6 8 7 6 5 6 4 6 6 7 7 6 6 7 6 8 6 9 7 8 8 7 8 8 8 5 7 6 6 8 6 8 8 8 5 5 8 7 6 8 8 7 6 7 8 7 6
Last Time Cost: 00003996 ms
Total Time Cost: 00085666 ms
Total Distance 457: 9 10 9 9 7 7 5 9 9 9 9 8 9 8 8 8 6 6 8 7 6 5 6 4 6 6 7 7 6 6 7 6 8 6 9 7 8 8 7 8 8 8 5 7 6 6 8 6 8 8 8 5 5 8 7 6 8 7 7 5 7 8 7 6
Last Time Cost: 00004269 ms
Total Time Cost: 00089935 ms
Total Distance 453: 9 10 9 9 7 7 5 9 8 8 9 8 9 8 8 8 6 6 8 7 6 5 6 4 6 6 7 7 6 6 6 6 8 6 9 7 8 8 6 8 8 8 5 7 6 6 8 6 8 8 8 5 5 8 7 6 8 7 7 5 7 8 7 6
Last Time Cost: 00003788 ms
Total Time Cost: 00093723 ms
Total Distance 450: 9 10 9 9 7 7 5 9 8 8 9 8 9 8 8 8 6 6 7 7 6 5 6 4 6 6 7 7 6 6 6 6 8 6 9 7 8 8 5 8 8 8 5 7 6 6 8 6 8 8 8 5 5 8 6 6 8 7 7 5 7 8 7 6
Last Time Cost: 00004023 ms
Total Time Cost: 00097746 ms
Total Distance 447: 8 10 9 9 7 7 5 9 8 8 9 8 9 8 8 8 6 6 7 7 6 5 6 4 6 6 7 7 6 6 6 6 8 6 9 7 8 8 4 8 8 8 5 7 6 6 8 6 8 8 8 5 5 8 6 6 8 7 6 5 7 8 7 6
Last Time Cost: 00003851 ms
Total Time Cost: 00101597 ms
Total Distance 443: 8 10 9 9 7 7 5 9 8 8 9 8 9 7 8 8 6 6 7 7 6 5 6 4 6 6 7 6 6 6 6 6 8 6 9 7 8 8 4 8 8 8 5 7 6 5 8 5 8 8 8 5 5 8 6 6 8 7 6 5 7 8 7 6
Last Time Cost: 00004083 ms
Total Time Cost: 00105680 ms
Total Distance 440: 7 10 9 9 7 7 5 9 8 8 9 8 9 7 8 8 6 6 7 7 6 5 6 4 6 6 6 6 6 6 6 6 8 6 9 7 8 8 4 8 8 8 5 7 6 5 8 5 8 8 8 5 5 8 6 6 8 7 6 5 7 8 7 5
Last Time Cost: 00004317 ms
Total Time Cost: 00109997 ms
Total Distance 436: 7 10 9 9 7 7 5 9 8 8 8 8 9 7 8 8 6 6 7 7 5 5 6 4 6 5 6 6 6 6 6 6 8 6 8 7 8 8 4 8 8 8 5 7 6 5 8 5 8 8 8 5 5 8 6 6 8 7 6 5 7 8 7 5
Last Time Cost: 00003538 ms
Total Time Cost: 00113535 ms
Total Distance 432: 7 10 9 9 7 7 5 8 8 8 8 8 9 7 8 8 6 6 7 7 5 5 5 4 6 5 6 6 6 6 6 6 8 6 8 7 8 7 4 8 8 8 5 7 6 5 8 5 8 8 7 5 5 8 6 6 8 7 6 5 7 8 7 5
Last Time Cost: 00003196 ms
Total Time Cost: 00116731 ms
Total Distance 429: 7 10 9 9 7 7 5 8 8 8 8 8 9 7 7 8 6 6 7 7 5 5 5 4 6 5 5 6 6 6 6 6 8 6 8 6 8 7 4 8 8 8 5 7 6 5 8 5 8 8 7 5 5 8 6 6 8 7 6 5 7 8 7 5
Last Time Cost: 00003385 ms
Total Time Cost: 00120116 ms
Total Distance 426: 6 10 9 9 7 7 5 8 8 8 8 8 9 7 6 8 6 6 7 7 5 5 5 4 6 5 5 6 6 6 6 6 8 6 8 6 8 7 4 8 8 8 5 7 6 5 8 5 8 8 7 5 5 8 6 6 8 7 6 5 7 8 6 5
Last Time Cost: 00003528 ms
Total Time Cost: 00123644 ms
Total Distance 423: 6 10 8 9 7 7 5 8 8 8 8 8 9 7 6 8 6 6 7 7 5 5 5 4 6 4 5 6 6 6 6 6 8 6 8 6 8 7 4 8 8 8 5 7 6 5 8 5 8 8 7 5 5 8 6 6 8 7 6 5 7 7 6 5
Last Time Cost: 00003072 ms
Total Time Cost: 00126716 ms
Total Distance 420: 6 10 7 9 7 7 5 8 8 8 8 8 9 7 6 8 6 6 7 7 5 5 5 4 6 4 5 6 6 5 6 6 8 6 8 6 8 7 4 7 8 8 5 7 6 5 8 5 8 8 7 5 5 8 6 6 8 7 6 5 7 7 6 5
Last Time Cost: 00003256 ms
Total Time Cost: 00129972 ms
Total Distance 417: 6 10 7 9 7 7 5 8 8 8 8 8 9 7 6 8 6 6 7 7 5 5 5 4 6 4 5 6 6 5 6 6 8 6 7 6 8 7 4 7 8 8 5 7 6 5 8 5 8 8 7 5 5 8 6 6 8 6 6 5 7 6 6 5
Last Time Cost: 00003447 ms
Total Time Cost: 00133419 ms
Total Distance 414: 6 10 7 9 7 7 5 8 8 8 8 8 9 7 6 8 6 6 6 7 5 5 5 4 6 4 5 6 6 5 6 6 8 6 7 6 8 7 4 7 8 8 5 7 6 5 8 5 7 8 7 5 5 8 6 6 8 6 6 5 7 6 6 4
Last Time Cost: 00003620 ms
Total Time Cost: 00137039 ms
Total Distance 411: 6 10 7 9 7 7 5 8 8 8 8 8 9 7 6 7 6 6 6 7 5 5 5 4 6 4 5 6 6 5 6 6 8 5 7 6 8 7 4 7 8 8 5 7 6 5 8 5 7 7 7 5 5 8 6 6 8 6 6 5 7 6 6 4
Last Time Cost: 00003817 ms
Total Time Cost: 00140856 ms
Total Distance 408: 6 10 7 9 7 7 5 8 8 8 8 8 9 7 6 6 6 6 6 7 5 5 5 4 6 4 5 6 6 5 6 6 8 5 7 6 8 7 4 7 8 8 5 7 6 5 8 5 6 6 7 5 5 8 6 6 8 6 6 5 7 6 6 4
Last Time Cost: 00003957 ms
Total Time Cost: 00144813 ms
Total Distance 405: 6 9 6 9 7 7 5 8 8 8 8 8 9 7 6 6 6 6 6 7 5 5 5 4 6 4 5 6 6 5 6 6 8 5 7 6 8 7 4 7 8 8 5 7 6 5 8 5 6 6 7 5 5 8 6 6 8 6 6 5 7 5 6 4
Last Time Cost: 00003878 ms
Total Time Cost: 00148691 ms
Total Distance 402: 6 9 6 9 7 7 5 8 7 8 8 8 9 7 6 6 6 6 6 7 5 5 5 4 6 4 5 6 6 5 6 6 8 5 7 6 8 7 4 7 8 8 5 7 6 5 8 5 6 6 6 5 5 7 6 6 8 6 6 5 7 5 6 4
Last Time Cost: 00004042 ms
Total Time Cost: 00152733 ms
Total Distance 399: 6 9 6 9 7 7 5 8 7 8 8 7 9 7 6 6 6 6 6 7 5 5 5 4 6 4 5 6 6 5 6 6 8 5 6 6 8 7 4 7 8 8 5 7 6 5 7 5 6 6 6 5 5 7 6 6 8 6 6 5 7 5 6 4
Last Time Cost: 00004212 ms
Total Time Cost: 00156945 ms
Total Distance 396: 6 9 6 9 7 7 5 7 7 8 7 7 9 7 6 6 6 6 6 7 5 5 5 4 6 4 5 6 6 5 6 6 8 5 5 6 8 7 4 7 8 8 5 7 6 5 7 5 6 6 6 5 5 7 6 6 8 6 6 5 7 5 6 4
Last Time Cost: 00004429 ms
Total Time Cost: 00161374 ms
Total Distance 393: 6 9 6 9 7 7 5 7 7 8 7 7 8 7 5 6 6 6 6 7 5 5 5 4 6 4 5 6 6 5 6 6 7 5 5 6 8 7 4 7 8 8 5 7 6 5 7 5 6 6 6 5 5 7 6 6 8 6 6 5 7 5 6 4
Last Time Cost: 00003436 ms
Total Time Cost: 00164810 ms
Total Distance 391: 6 9 6 9 7 7 4 7 7 8 7 7 8 7 5 6 6 6 6 7 5 5 5 4 6 4 5 6 6 5 6 6 7 5 5 6 8 7 4 7 8 8 4 7 6 5 7 5 6 6 6 5 5 7 6 6 8 6 6 5 7 5 6 4
Last Time Cost: 00003620 ms
Total Time Cost: 00168430 ms
Total Distance 389: 6 9 6 9 7 7 3 7 7 8 7 7 8 7 5 6 6 6 6 7 5 5 5 4 6 4 5 6 6 5 6 6 7 5 5 6 8 7 4 7 8 8 4 7 6 5 7 5 6 6 6 5 5 7 6 6 8 5 6 5 7 5 6 4
Last Time Cost: 00003819 ms
Total Time Cost: 00172249 ms
Total Distance 386: 6 9 6 9 7 7 3 7 7 8 7 7 8 7 5 6 6 6 6 7 5 5 5 4 6 4 5 6 6 5 6 6 7 5 5 6 7 7 4 7 8 7 4 7 6 5 7 5 6 6 6 5 5 7 6 6 8 5 6 4 7 5 6 4
Last Time Cost: 00004000 ms
Total Time Cost: 00176249 ms
Total Distance 384: 6 9 6 9 7 7 3 7 7 8 7 7 8 7 5 6 6 6 6 7 5 5 5 4 6 4 5 6 6 5 6 6 7 5 5 6 7 7 3 7 8 7 4 7 6 5 7 5 6 6 6 5 5 7 6 6 8 5 5 4 7 5 6 4
Last Time Cost: 00004213 ms
Total Time Cost: 00180462 ms
Total Distance 382: 6 9 6 9 7 7 3 7 7 8 7 7 8 7 5 6 6 6 6 7 5 5 5 3 5 4 5 6 6 5 6 6 7 5 5 6 7 7 3 7 8 7 4 7 6 5 7 5 6 6 6 5 5 7 6 6 8 5 5 4 7 5 6 4
Last Time Cost: 00004433 ms
Total Time Cost: 00184895 ms
Total Distance 380: 6 9 6 9 7 7 3 7 7 8 7 7 8 7 5 6 6 6 6 7 5 5 5 3 5 4 5 6 6 5 6 6 7 5 5 5 7 7 3 7 8 7 4 7 6 5 7 5 6 6 6 4 5 7 6 6 8 5 5 4 7 5 6 4
Last Time Cost: 00004649 ms
Total Time Cost: 00189544 ms
Total Distance 378: 6 9 6 9 7 7 3 7 7 8 7 7 8 7 5 6 6 6 6 7 5 5 5 3 5 4 5 6 6 5 6 6 7 5 5 5 7 7 3 7 8 7 4 7 6 5 7 5 6 6 6 3 5 7 6 5 8 5 5 4 7 5 6 4
Last Time Cost: 00004904 ms
Total Time Cost: 00194448 ms
Total Distance 376: 6 9 6 9 7 7 3 7 7 8 7 7 8 7 5 6 6 6 6 7 5 5 5 3 4 4 5 6 6 5 6 6 7 5 5 5 7 7 3 7 8 7 4 7 6 5 7 5 6 6 6 3 5 7 6 4 8 5 5 4 7 5 6 4
Last Time Cost: 00005162 ms
Total Time Cost: 00199610 ms
Total Distance 374: 6 9 6 9 7 7 3 7 7 8 7 7 8 7 5 6 6 6 6 7 5 5 5 3 4 4 5 6 6 5 6 5 7 5 5 5 7 7 3 7 8 7 4 7 6 5 7 5 6 6 6 3 5 7 6 3 8 5 5 4 7 5 6 4
Last Time Cost: 00005427 ms
Total Time Cost: 00205037 ms
Total Distance 372: 6 9 6 9 7 7 3 7 7 8 7 7 8 7 5 6 6 6 6 7 5 5 4 3 4 4 5 6 6 5 6 4 7 5 5 5 7 7 3 7 8 7 4 7 6 5 7 5 6 6 6 3 5 7 6 3 8 5 5 4 7 5 6 4
Last Time Cost: 00005737 ms
Total Time Cost: 00210774 ms
Total Distance 370: 6 9 6 9 7 7 3 7 7 8 7 7 8 7 5 6 6 6 6 7 5 5 3 3 4 4 5 6 6 5 6 4 7 5 5 5 7 7 3 7 8 7 4 7 6 5 7 5 6 6 5 3 5 7 6 3 8 5 5 4 7 5 6 4
Last Time Cost: 00006072 ms
Total Time Cost: 00216846 ms
Total Distance 368: 6 9 6 9 7 7 3 7 7 8 7 7 8 7 5 6 5 6 6 7 5 5 3 3 4 4 5 6 6 5 6 3 7 5 5 5 7 7 3 7 8 7 4 7 6 5 7 5 6 6 5 3 5 7 6 3 8 5 5 4 7 5 6 4
Last Time Cost: 00006410 ms
Total Time Cost: 00223256 ms
Total Distance 366: 6 9 6 9 7 7 3 7 7 8 7 7 8 7 5 6 5 6 6 7 5 5 3 3 4 4 5 5 6 5 6 3 7 5 4 5 7 7 3 7 8 7 4 7 6 5 7 5 6 6 5 3 5 7 6 3 8 5 5 4 7 5 6 4
Last Time Cost: 00006761 ms
Total Time Cost: 00230017 ms
Total Distance 364: 6 9 6 9 7 7 3 7 7 8 7 7 8 7 5 6 5 6 6 7 5 5 3 3 4 4 5 4 6 5 6 3 7 5 4 5 7 7 3 7 8 7 4 7 6 4 7 5 6 6 5 3 5 7 6 3 8 5 5 4 7 5 6 4
Last Time Cost: 00007104 ms
Total Time Cost: 00237121 ms
Total Distance 362: 6 9 6 9 7 7 3 7 7 8 7 7 8 7 5 6 5 6 6 7 5 5 3 3 4 4 5 4 6 5 6 3 7 5 4 5 7 7 3 7 8 7 3 6 6 4 7 5 6 6 5 3 5 7 6 3 8 5 5 4 7 5 6 4
Last Time Cost: 00007352 ms
Total Time Cost: 00244473 ms
Total Distance 360: 6 9 6 9 7 7 3 7 7 8 7 7 8 7 5 6 5 6 6 7 5 5 3 3 4 4 5 4 6 5 6 3 7 4 4 5 7 7 3 7 8 7 3 6 6 4 7 5 6 5 5 3 5 7 6 3 8 5 5 4 7 5 6 4
Last Time Cost: 00007694 ms
Total Time Cost: 00252167 ms
Total Distance 358: 6 9 6 9 7 7 3 7 7 8 7 7 8 7 5 6 4 6 6 7 5 5 3 3 4 4 5 4 6 5 6 3 7 4 4 5 7 7 3 7 8 7 3 6 5 4 7 5 6 5 5 3 5 7 6 3 8 5 5 4 7 5 6 4
Last Time Cost: 00008082 ms
Total Time Cost: 00260249 ms
Total Distance 356: 6 9 6 9 7 7 3 7 7 8 7 7 8 7 5 6 4 6 6 7 5 5 3 3 4 4 5 4 6 5 6 3 7 4 4 5 7 7 3 7 8 7 3 6 5 3 7 5 6 5 5 3 5 7 6 3 8 5 5 4 6 5 6 4
Last Time Cost: 00008366 ms
Total Time Cost: 00268615 ms
Total Distance 354: 6 9 6 9 7 7 3 7 7 8 7 7 8 7 5 6 4 6 6 7 5 5 3 3 4 4 5 4 5 5 6 3 7 4 4 5 7 7 3 7 8 7 3 6 4 3 7 5 6 5 5 3 5 7 6 3 8 5 5 4 6 5 6 4
Last Time Cost: 00008758 ms
Total Time Cost: 00277373 ms
Total Distance 352: 6 9 6 9 7 7 3 7 7 8 7 7 8 7 5 5 4 6 6 7 5 5 3 3 4 4 5 4 5 5 6 3 7 4 4 5 7 7 3 7 8 7 3 6 4 3 7 5 6 4 5 3 5 7 6 3 8 5 5 4 6 5 6 4
Last Time Cost: 00009166 ms
Total Time Cost: 00286539 ms
Total Distance 350: 6 9 6 9 7 7 3 7 7 8 7 7 8 7 5 5 4 6 6 6 5 5 3 3 3 4 5 4 5 5 6 3 7 4 4 5 7 7 3 7 8 7 3 6 4 3 7 5 6 4 5 3 5 7 6 3 8 5 5 4 6 5 6 4
Last Time Cost: 00009524 ms
Total Time Cost: 00296063 ms
Total Distance 348: 6 9 6 9 7 7 3 7 7 8 7 7 8 7 4 5 4 6 6 6 5 5 3 3 3 4 5 4 5 5 6 3 7 4 4 5 7 7 3 7 8 7 3 6 4 3 7 5 5 4 5 3 5 7 6 3 8 5 5 4 6 5 6 4
Last Time Cost: 00009956 ms
Total Time Cost: 00306019 ms
Total Distance 346: 6 9 6 9 7 7 3 7 7 8 7 7 8 7 4 5 4 6 6 6 5 5 3 3 3 4 5 4 4 5 6 3 7 4 4 5 7 7 3 7 8 7 3 6 4 3 7 5 5 4 5 3 5 7 6 3 8 5 5 4 6 5 5 4
Last Time Cost: 00010407 ms
Total Time Cost: 00316426 ms
Total Distance 344: 6 9 6 9 7 7 3 7 7 8 7 7 8 7 4 5 4 6 6 6 5 5 3 3 3 3 5 4 4 5 6 3 7 4 4 5 7 7 3 7 8 6 3 6 4 3 7 5 5 4 5 3 5 7 6 3 8 5 5 4 6 5 5 4
Last Time Cost: 00010769 ms
Total Time Cost: 00327195 ms
Total Distance 342: 6 9 6 9 7 7 3 7 7 8 7 7 8 7 4 5 4 6 6 6 5 5 3 3 3 3 5 4 4 5 6 3 7 4 4 5 7 7 3 7 8 5 3 6 4 3 7 5 5 4 5 3 5 7 6 3 8 5 5 3 6 5 5 4
Last Time Cost: 00011278 ms
Total Time Cost: 00338473 ms
Total Distance 340: 6 9 6 9 7 7 3 7 7 8 7 7 8 7 4 5 4 6 6 6 5 5 3 3 3 3 5 4 3 5 6 3 7 4 4 5 7 7 3 7 8 4 3 6 4 3 7 5 5 4 5 3 5 7 6 3 8 5 5 3 6 5 5 4
Last Time Cost: 00011833 ms
Total Time Cost: 00350306 ms
Total Distance 338: 6 9 5 9 7 7 3 7 7 8 7 7 8 7 4 5 4 6 6 6 5 5 3 3 3 3 5 4 3 5 6 3 7 4 4 5 7 7 3 7 8 4 3 6 4 3 7 5 5 4 5 3 5 7 6 3 8 5 5 3 6 5 4 4
Last Time Cost: 00012337 ms
Total Time Cost: 00362643 ms
Total Distance 336: 6 9 5 9 7 7 3 7 7 8 7 7 8 7 4 5 4 6 6 6 5 5 3 3 3 3 5 4 3 5 6 3 7 4 4 5 7 7 3 7 8 4 3 6 4 3 7 5 5 4 5 3 5 7 5 3 8 5 4 3 6 5 4 4
Last Time Cost: 00012925 ms
Total Time Cost: 00375568 ms
Total Distance 334: 6 9 5 9 7 7 3 6 7 8 7 7 8 7 4 5 4 6 6 6 5 5 3 3 3 3 5 4 3 5 6 3 7 4 4 5 7 7 3 7 8 4 3 6 4 3 7 5 5 4 5 3 5 7 5 3 8 5 4 3 6 5 3 4
Last Time Cost: 00013377 ms
Total Time Cost: 00388945 ms
Total Distance 332: 6 9 5 9 7 7 3 6 7 8 7 7 8 7 4 5 4 6 5 6 5 5 3 3 3 3 5 4 3 5 6 3 7 4 4 5 7 7 3 7 8 4 3 6 4 3 7 5 4 4 5 3 5 7 5 3 8 5 4 3 6 5 3 4
Last Time Cost: 00013940 ms
Total Time Cost: 00402885 ms
Total Distance 330: 6 9 5 9 7 7 3 6 7 8 7 7 8 7 4 5 4 6 4 6 5 5 3 3 3 3 5 4 3 5 6 3 7 4 4 5 7 7 3 6 8 4 3 6 4 3 7 5 4 4 5 3 5 7 5 3 8 5 4 3 6 5 3 4
Last Time Cost: 00014438 ms
Total Time Cost: 00417323 ms
Total Distance 328: 6 9 5 9 7 7 3 6 7 8 6 7 8 7 4 5 4 6 4 6 5 5 3 3 3 3 4 4 3 5 6 3 7 4 4 5 7 7 3 6 8 4 3 6 4 3 7 5 4 4 5 3 5 7 5 3 8 5 4 3 6 5 3 4
Last Time Cost: 00014894 ms
Total Time Cost: 00432217 ms
Total Distance 326: 6 9 5 9 7 7 3 6 7 8 5 7 8 7 4 5 4 6 4 6 4 5 3 3 3 3 4 4 3 5 6 3 7 4 4 5 7 7 3 6 8 4 3 6 4 3 7 5 4 4 5 3 5 7 5 3 8 5 4 3 6 5 3 4
Last Time Cost: 00015740 ms
Total Time Cost: 00447957 ms
Total Distance 324: 6 9 5 9 7 7 3 6 7 8 5 7 8 7 4 5 4 6 4 6 4 5 3 3 3 3 4 4 3 5 6 3 7 4 4 5 7 7 3 6 8 4 3 6 4 3 6 5 4 4 5 3 5 7 5 3 8 5 4 3 6 4 3 4
Last Time Cost: 00016449 ms
Total Time Cost: 00464406 ms
Total Distance 322: 6 9 5 9 7 7 3 6 7 8 5 7 8 7 4 5 4 6 4 5 4 5 3 3 3 3 4 4 3 5 6 3 7 4 4 5 7 7 3 6 8 4 3 6 4 3 6 5 4 4 5 3 5 7 5 3 8 5 4 3 5 4 3 4
Last Time Cost: 00017147 ms
Total Time Cost: 00481553 ms
Total Distance 320: 6 9 5 9 6 7 3 6 7 8 5 7 8 7 4 5 4 6 4 5 4 5 3 3 3 3 4 4 3 5 6 3 7 4 4 5 7 7 3 6 8 4 3 6 4 3 6 5 4 4 5 3 5 7 4 3 8 5 4 3 5 4 3 4
Last Time Cost: 00017708 ms
Total Time Cost: 00499261 ms
Total Distance 318: 5 9 5 9 6 7 3 6 7 8 5 7 8 7 4 5 4 5 4 5 4 5 3 3 3 3 4 4 3 5 6 3 7 4 4 5 7 7 3 6 8 4 3 6 4 3 6 5 4 4 5 3 5 7 4 3 8 5 4 3 5 4 3 4
Last Time Cost: 00018447 ms
Total Time Cost: 00517708 ms
Total Distance 316: 5 9 5 8 6 7 3 6 7 8 5 7 8 7 4 5 4 5 4 5 4 5 3 3 3 3 4 3 3 5 6 3 7 4 4 5 7 7 3 6 8 4 3 6 4 3 6 5 4 4 5 3 5 7 4 3 8 5 4 3 5 4 3 4
Last Time Cost: 00011231 ms
Total Time Cost: 00528939 ms
Total Distance 314: 5 9 5 7 6 7 3 6 7 8 5 7 8 7 4 5 4 5 4 5 4 5 3 3 3 3 4 3 3 5 6 3 7 4 4 5 7 7 3 6 8 4 3 6 4 3 6 5 4 4 5 3 5 7 4 3 8 5 4 3 5 4 3 3
Last Time Cost: 00011669 ms
Total Time Cost: 00540608 ms
Total Distance 312: 5 9 5 7 6 7 3 6 7 8 5 7 8 7 4 5 4 5 4 5 4 5 3 3 3 3 4 3 3 5 5 3 7 4 4 5 6 7 3 6 8 4 3 6 4 3 6 5 4 4 5 3 5 7 4 3 8 5 4 3 5 4 3 3
Last Time Cost: 00012014 ms
Total Time Cost: 00552622 ms
Total Distance 310: 5 9 5 7 6 7 3 6 7 8 5 7 8 7 4 5 4 5 4 5 4 5 3 3 3 3 4 3 3 5 4 3 7 4 4 5 5 7 3 6 8 4 3 6 4 3 6 5 4 4 5 3 5 7 4 3 8 5 4 3 5 4 3 3
Last Time Cost: 00012385 ms
Total Time Cost: 00565007 ms
Total Distance 308: 5 9 5 7 6 7 3 6 7 8 5 7 8 7 4 5 4 5 4 5 4 5 3 3 3 3 4 3 3 5 4 3 7 4 4 5 5 7 3 6 8 4 3 6 4 3 6 5 4 4 5 3 4 7 4 3 7 5 4 3 5 4 3 3
Last Time Cost: 00012853 ms
Total Time Cost: 00577860 ms
Total Distance 306: 5 9 5 7 6 7 3 5 7 8 5 7 8 7 4 5 4 5 4 5 4 5 3 3 3 3 4 3 3 5 4 3 7 4 4 5 5 6 3 6 8 4 3 6 4 3 6 5 4 4 5 3 4 7 4 3 7 5 4 3 5 4 3 3
Last Time Cost: 00013140 ms
Total Time Cost: 00591000 ms
Total Distance 304: 5 9 5 7 6 7 3 4 7 8 5 7 8 7 4 5 4 5 4 5 4 5 3 3 3 3 4 3 3 5 4 3 7 4 4 5 5 6 3 6 7 4 3 6 4 3 6 5 4 4 5 3 4 7 4 3 7 5 4 3 5 4 3 3
Last Time Cost: 00013607 ms
Total Time Cost: 00604607 ms
Total Distance 302: 5 9 5 7 6 7 3 4 7 8 5 7 8 7 4 5 4 5 4 5 4 5 3 3 3 3 4 3 3 5 4 3 7 4 4 5 5 6 3 6 6 4 3 6 4 3 6 5 4 4 5 3 4 7 4 3 7 4 4 3 5 4 3 3
Last Time Cost: 00013808 ms
Total Time Cost: 00618415 ms
Total Distance 300: 5 9 5 7 5 7 3 4 7 8 5 7 8 7 4 5 4 5 4 5 4 5 3 3 3 3 4 3 3 5 4 3 7 4 4 5 5 6 3 6 5 4 3 6 4 3 6 5 4 4 5 3 4 7 4 3 7 4 4 3 5 4 3 3
Last Time Cost: 00014401 ms
Total Time Cost: 00632816 ms
Total Distance 298: 5 9 5 7 5 7 3 4 7 8 5 7 8 7 4 5 4 5 4 5 4 5 3 3 3 3 4 3 3 5 4 3 7 4 4 5 5 6 3 6 4 4 3 6 4 3 6 5 4 4 5 3 4 7 4 3 6 4 4 3 5 4 3 3
Last Time Cost: 00014752 ms
Total Time Cost: 00647568 ms
Total Distance 296: 5 9 5 7 5 7 3 4 7 8 5 7 8 7 4 5 4 5 4 5 4 4 3 3 3 3 4 3 3 5 4 3 7 4 4 5 5 6 3 5 4 4 3 6 4 3 6 5 4 4 5 3 4 7 4 3 6 4 4 3 5 4 3 3
Last Time Cost: 00015287 ms
Total Time Cost: 00662855 ms
Total Distance 294: 5 9 5 7 5 7 3 4 7 8 5 6 8 7 4 5 4 5 4 5 4 4 3 3 3 3 4 3 3 5 4 3 7 4 4 5 5 6 3 5 4 4 3 6 4 3 6 5 4 4 5 3 4 7 4 3 5 4 4 3 5 4 3 3
Last Time Cost: 00015612 ms
Total Time Cost: 00678467 ms
Total Distance 292: 4 8 5 7 5 7 3 4 7 8 5 6 8 7 4 5 4 5 4 5 4 4 3 3 3 3 4 3 3 5 4 3 7 4 4 5 5 6 3 5 4 4 3 6 4 3 6 5 4 4 5 3 4 7 4 3 5 4 4 3 5 4 3 3
Last Time Cost: 00002789 ms
Total Time Cost: 00681256 ms
Total Distance 290: 4 7 4 7 5 7 3 4 7 8 5 6 8 7 4 5 4 5 4 5 4 4 3 3 3 3 4 3 3 5 4 3 7 4 4 5 5 6 3 5 4 4 3 6 4 3 6 5 4 4 5 3 4 7 4 3 5 4 4 3 5 4 3 3
Last Time Cost: 00002789 ms
Total Time Cost: 00684045 ms
Total Distance 288: 4 6 4 7 5 7 3 4 7 8 5 6 8 7 4 5 4 5 4 5 4 4 3 3 3 3 4 3 3 5 4 3 7 4 4 5 5 6 3 5 4 4 3 6 4 3 5 5 4 4 5 3 4 7 4 3 5 4 4 3 5 4 3 3
Last Time Cost: 00002591 ms
Total Time Cost: 00686636 ms
Total Distance 286: 4 6 4 7 5 7 3 4 7 8 5 6 8 7 4 5 4 5 4 5 4 3 3 3 3 3 4 3 3 5 4 3 7 4 4 5 5 6 3 4 4 4 3 6 4 3 5 5 4 4 5 3 4 7 4 3 5 4 4 3 5 4 3 3
Last Time Cost: 00002663 ms
Total Time Cost: 00689299 ms
Total Distance 284: 4 6 4 7 5 7 3 4 7 8 5 6 7 7 4 5 4 5 4 5 4 3 3 3 3 3 4 3 3 5 4 3 7 4 4 5 5 6 3 4 4 4 3 5 4 3 5 5 4 4 5 3 4 7 4 3 5 4 4 3 5 4 3 3
Last Time Cost: 00002678 ms
Total Time Cost: 00691977 ms
Total Distance 282: 4 6 4 7 5 7 3 4 7 8 5 6 6 7 4 5 4 5 4 5 4 3 3 3 3 3 4 3 3 5 4 3 7 4 4 5 5 5 3 4 4 4 3 5 4 3 5 5 4 4 5 3 4 7 4 3 5 4 4 3 5 4 3 3
Last Time Cost: 00002455 ms
Total Time Cost: 00694432 ms
Total Distance 280: 4 6 4 7 5 7 3 4 6 8 5 6 5 7 4 5 4 5 4 5 4 3 3 3 3 3 4 3 3 5 4 3 7 4 4 5 5 5 3 4 4 4 3 5 4 3 5 5 4 4 5 3 4 7 4 3 5 4 4 3 5 4 3 3
Last Time Cost: 00002253 ms
Total Time Cost: 00696685 ms
Total Distance 278: 4 6 4 6 5 7 3 4 5 8 5 6 5 7 4 5 4 5 4 5 4 3 3 3 3 3 4 3 3 5 4 3 7 4 4 5 5 5 3 4 4 4 3 5 4 3 5 5 4 4 5 3 4 7 4 3 5 4 4 3 5 4 3 3
Last Time Cost: 00001982 ms
Total Time Cost: 00698667 ms
Total Distance 276: 4 6 4 5 5 6 3 4 5 8 5 6 5 7 4 5 4 5 4 5 4 3 3 3 3 3 4 3 3 5 4 3 7 4 4 5 5 5 3 4 4 4 3 5 4 3 5 5 4 4 5 3 4 7 4 3 5 4 4 3 5 4 3 3
Last Time Cost: 00001746 ms
Total Time Cost: 00700413 ms
Total Distance 275: 4 6 4 5 5 6 3 4 5 8 5 6 5 7 4 5 4 5 4 5 4 3 3 3 3 3 4 3 3 5 4 3 7 4 4 5 5 5 3 4 4 4 3 5 4 3 5 5 4 4 5 3 4 7 4 2 5 4 4 3 5 4 3 3
Last Time Cost: 00000026 ms
Total Time Cost: 00700439 ms
Total Distance 274: 4 6 4 5 5 6 3 4 5 8 5 6 5 7 4 5 4 5 4 5 4 3 3 3 3 3 4 3 3 5 4 3 7 4 4 5 5 5 3 4 4 4 3 5 4 3 5 5 4 4 5 3 4 7 4 1 5 4 4 3 5 4 3 3
Last Time Cost: 00000026 ms
Total Time Cost: 00700465 ms
Total Distance 273: 4 6 4 5 5 6 3 4 5 8 5 6 5 7 4 5 4 5 4 5 4 3 3 3 3 3 4 3 3 5 4 3 7 4 4 5 5 5 3 4 4 4 3 5 4 3 5 5 4 4 5 3 4 7 4 0 5 4 4 3 5 4 3 3
Last Time Cost: 00001933 ms
Total Time Cost: 00702398 ms
Total Distance 272: 4 6 4 5 5 6 3 4 5 8 5 6 5 7 4 5 4 5 4 5 4 3 3 3 3 3 4 3 3 5 4 3 7 4 4 5 5 5 3 4 4 4 3 5 4 2 5 5 4 4 5 3 4 7 4 0 5 4 4 3 5 4 3 3
Last Time Cost: 00000029 ms
Total Time Cost: 00702427 ms
Total Distance 271: 4 6 4 5 5 6 3 4 5 8 5 6 5 7 4 5 4 5 4 5 4 3 3 3 3 3 4 3 3 5 4 3 7 4 4 5 5 5 3 4 4 4 3 5 4 1 5 5 4 4 5 3 4 7 4 0 5 4 4 3 5 4 3 3
Last Time Cost: 00000027 ms
Total Time Cost: 00702454 ms
Total Distance 270: 4 6 4 5 5 6 3 4 5 8 5 6 5 7 4 5 4 5 4 5 4 3 3 3 3 3 4 3 3 5 4 3 7 4 4 5 5 5 3 4 4 4 3 5 4 0 5 5 4 4 5 3 4 7 4 0 5 4 4 3 5 4 3 3
Last Time Cost: 00002126 ms
Total Time Cost: 00704580 ms
Total Distance 268: 4 6 4 5 5 6 3 4 5 7 5 6 5 7 4 5 4 5 4 5 4 3 3 3 3 3 4 3 3 5 4 3 7 4 4 5 5 4 3 4 4 4 3 5 4 0 5 5 4 4 5 3 4 7 4 0 5 4 4 3 5 4 3 3
Last Time Cost: 00001819 ms
Total Time Cost: 00706399 ms
Total Distance 267: 4 6 4 5 5 6 3 4 5 7 5 6 5 7 4 5 4 5 4 5 4 3 3 3 3 3 4 3 3 5 4 3 7 4 4 5 5 4 3 4 4 4 3 5 4 0 5 5 4 4 5 3 4 7 4 0 5 4 4 2 5 4 3 3
Last Time Cost: 00000003 ms
Total Time Cost: 00706402 ms
Total Distance 266: 4 6 4 5 5 6 3 4 5 7 5 6 5 7 4 5 4 5 4 5 4 3 3 3 3 3 4 3 3 5 4 3 7 4 4 5 5 4 3 4 4 4 3 5 4 0 5 5 4 4 5 3 4 7 4 0 5 4 4 1 5 4 3 3
Last Time Cost: 00000002 ms
Total Time Cost: 00706404 ms
Total Distance 265: 4 6 4 5 5 6 3 4 5 7 5 6 5 7 4 5 4 5 4 5 4 3 3 3 3 3 4 3 3 5 4 3 7 4 4 5 5 4 3 4 4 4 3 5 4 0 5 5 4 4 5 3 4 7 4 0 5 4 4 0 5 4 3 3
Last Time Cost: 00001976 ms
Total Time Cost: 00708380 ms
Total Distance 264: 4 6 4 5 5 6 3 4 5 7 5 6 5 7 4 5 4 5 4 5 4 3 3 3 2 3 4 3 3 5 4 3 7 4 4 5 5 4 3 4 4 4 3 5 4 0 5 5 4 4 5 3 4 7 4 0 5 4 4 0 5 4 3 3
Last Time Cost: 00000005 ms
Total Time Cost: 00708385 ms
Total Distance 263: 4 6 4 5 5 6 3 4 5 7 5 6 5 7 4 5 4 5 4 5 4 3 3 3 1 3 4 3 3 5 4 3 7 4 4 5 5 4 3 4 4 4 3 5 4 0 5 5 4 4 5 3 4 7 4 0 5 4 4 0 5 4 3 3
Last Time Cost: 00000002 ms
Total Time Cost: 00708387 ms
Total Distance 262: 4 6 4 5 5 6 3 4 5 7 5 6 5 7 4 5 4 5 4 5 4 3 3 3 0 3 4 3 3 5 4 3 7 4 4 5 5 4 3 4 4 4 3 5 4 0 5 5 4 4 5 3 4 7 4 0 5 4 4 0 5 4 3 3
Last Time Cost: 00002148 ms
Total Time Cost: 00710535 ms
Total Distance 261: 4 6 4 5 5 6 3 4 5 7 5 6 5 7 4 5 4 5 4 5 4 3 3 2 0 3 4 3 3 5 4 3 7 4 4 5 5 4 3 4 4 4 3 5 4 0 5 5 4 4 5 3 4 7 4 0 5 4 4 0 5 4 3 3
Last Time Cost: 00000004 ms
Total Time Cost: 00710539 ms
Total Distance 260: 4 6 4 5 5 6 3 4 5 7 5 6 5 7 4 5 4 5 4 5 4 3 3 1 0 3 4 3 3 5 4 3 7 4 4 5 5 4 3 4 4 4 3 5 4 0 5 5 4 4 5 3 4 7 4 0 5 4 4 0 5 4 3 3
Last Time Cost: 00000002 ms
Total Time Cost: 00710541 ms
Total Distance 259: 4 6 4 5 5 6 3 4 5 7 5 6 5 7 4 5 4 5 4 5 4 3 3 0 0 3 4 3 3 5 4 3 7 4 4 5 5 4 3 4 4 4 3 5 4 0 5 5 4 4 5 3 4 7 4 0 5 4 4 0 5 4 3 3
Last Time Cost: 00002329 ms
Total Time Cost: 00712870 ms
Total Distance 258: 4 6 4 5 5 6 3 4 5 7 5 6 5 7 4 5 4 5 4 5 4 3 2 0 0 3 4 3 3 5 4 3 7 4 4 5 5 4 3 4 4 4 3 5 4 0 5 5 4 4 5 3 4 7 4 0 5 4 4 0 5 4 3 3
Last Time Cost: 00000004 ms
Total Time Cost: 00712874 ms
Total Distance 257: 4 6 4 5 5 6 3 4 5 7 5 6 5 7 4 5 4 5 4 5 4 3 1 0 0 3 4 3 3 5 4 3 7 4 4 5 5 4 3 4 4 4 3 5 4 0 5 5 4 4 5 3 4 7 4 0 5 4 4 0 5 4 3 3
Last Time Cost: 00000002 ms
Total Time Cost: 00712876 ms
Total Distance 256: 4 6 4 5 5 6 3 4 5 7 5 6 5 7 4 5 4 5 4 5 4 3 0 0 0 3 4 3 3 5 4 3 7 4 4 5 5 4 3 4 4 4 3 5 4 0 5 5 4 4 5 3 4 7 4 0 5 4 4 0 5 4 3 3
Last Time Cost: 00002609 ms
Total Time Cost: 00715485 ms
Total Distance 255: 4 6 4 5 5 6 3 4 5 7 5 6 5 7 4 5 4 5 4 5 4 3 0 0 0 3 4 3 3 5 4 2 7 4 4 5 5 4 3 4 4 4 3 5 4 0 5 5 4 4 5 3 4 7 4 0 5 4 4 0 5 4 3 3
Last Time Cost: 00000003 ms
Total Time Cost: 00715488 ms
Total Distance 254: 4 6 4 5 5 6 3 4 5 7 5 6 5 7 4 5 4 5 4 5 4 3 0 0 0 3 4 3 3 5 4 1 7 4 4 5 5 4 3 4 4 4 3 5 4 0 5 5 4 4 5 3 4 7 4 0 5 4 4 0 5 4 3 3
Last Time Cost: 00000001 ms
Total Time Cost: 00715489 ms
Total Distance 253: 4 6 4 5 5 6 3 4 5 7 5 6 5 7 4 5 4 5 4 5 4 3 0 0 0 3 4 3 3 5 4 0 7 4 4 5 5 4 3 4 4 4 3 5 4 0 5 5 4 4 5 3 4 7 4 0 5 4 4 0 5 4 3 3
Last Time Cost: 00002830 ms
Total Time Cost: 00718319 ms
Total Distance 252: 4 6 4 5 5 6 3 4 5 7 5 6 5 7 4 5 4 5 4 5 4 3 0 0 0 3 4 3 3 5 4 0 7 4 4 5 5 4 2 4 4 4 3 5 4 0 5 5 4 4 5 3 4 7 4 0 5 4 4 0 5 4 3 3
Last Time Cost: 00000005 ms
Total Time Cost: 00718324 ms
Total Distance 251: 4 6 4 5 5 6 3 4 5 7 5 6 5 7 4 5 4 5 4 5 4 3 0 0 0 3 4 3 3 5 4 0 7 4 4 5 5 4 1 4 4 4 3 5 4 0 5 5 4 4 5 3 4 7 4 0 5 4 4 0 5 4 3 3
Last Time Cost: 00000002 ms
Total Time Cost: 00718326 ms
Total Distance 250: 4 6 4 5 5 6 3 4 5 7 5 6 5 7 4 5 4 5 4 5 4 3 0 0 0 3 4 3 3 5 4 0 7 4 4 5 5 4 0 4 4 4 3 5 4 0 5 5 4 4 5 3 4 7 4 0 5 4 4 0 5 4 3 3
Last Time Cost: 00003083 ms
Total Time Cost: 00721409 ms
Total Distance 249: 4 6 4 5 5 6 2 4 5 7 5 6 5 7 4 5 4 5 4 5 4 3 0 0 0 3 4 3 3 5 4 0 7 4 4 5 5 4 0 4 4 4 3 5 4 0 5 5 4 4 5 3 4 7 4 0 5 4 4 0 5 4 3 3
Last Time Cost: 00000003 ms
Total Time Cost: 00721412 ms
Total Distance 248: 4 6 4 5 5 6 1 4 5 7 5 6 5 7 4 5 4 5 4 5 4 3 0 0 0 3 4 3 3 5 4 0 7 4 4 5 5 4 0 4 4 4 3 5 4 0 5 5 4 4 5 3 4 7 4 0 5 4 4 0 5 4 3 3
Last Time Cost: 00000002 ms
Total Time Cost: 00721414 ms
Total Distance 247: 4 6 4 5 5 6 0 4 5 7 5 6 5 7 4 5 4 5 4 5 4 3 0 0 0 3 4 3 3 5 4 0 7 4 4 5 5 4 0 4 4 4 3 5 4 0 5 5 4 4 5 3 4 7 4 0 5 4 4 0 5 4 3 3
Last Time Cost: 00003342 ms
Total Time Cost: 00724756 ms
Total Distance 246: 4 6 4 5 5 6 0 4 5 7 5 6 5 7 4 5 4 5 4 5 4 3 0 0 0 3 4 2 3 5 4 0 7 4 4 5 5 4 0 4 4 4 3 5 4 0 5 5 4 4 5 3 4 7 4 0 5 4 4 0 5 4 3 3
Last Time Cost: 00000003 ms
Total Time Cost: 00724759 ms
Total Distance 245: 4 6 4 5 5 6 0 4 5 7 5 6 5 7 4 5 4 5 4 5 4 3 0 0 0 3 4 1 3 5 4 0 7 4 4 5 5 4 0 4 4 4 3 5 4 0 5 5 4 4 5 3 4 7 4 0 5 4 4 0 5 4 3 3
Last Time Cost: 00000002 ms
Total Time Cost: 00724761 ms
Total Distance 244: 4 6 4 5 5 6 0 4 5 7 5 6 5 7 4 5 4 5 4 5 4 3 0 0 0 3 4 0 3 5 4 0 7 4 4 5 5 4 0 4 4 4 3 5 4 0 5 5 4 4 5 3 4 7 4 0 5 4 4 0 5 4 3 3
Last Time Cost: 00003600 ms
Total Time Cost: 00728361 ms
Total Distance 242: 4 6 4 5 5 6 0 4 5 7 5 5 5 7 4 5 4 4 4 5 4 3 0 0 0 3 4 0 3 5 4 0 7 4 4 5 5 4 0 4 4 4 3 5 4 0 5 5 4 4 5 3 4 7 4 0 5 4 4 0 5 4 3 3
Last Time Cost: 00003681 ms
Total Time Cost: 00732042 ms
Total Distance 241: 4 6 4 5 5 6 0 4 5 7 5 5 5 7 4 5 4 4 4 5 4 3 0 0 0 3 4 0 3 5 4 0 7 4 4 5 5 4 0 4 4 4 3 5 4 0 5 5 4 4 5 3 4 7 4 0 5 4 4 0 5 4 3 2
Last Time Cost: 00000003 ms
Total Time Cost: 00732045 ms
Total Distance 240: 4 6 4 5 5 6 0 4 5 7 5 5 5 7 4 5 4 4 4 5 4 3 0 0 0 3 4 0 3 5 4 0 7 4 4 5 5 4 0 4 4 4 3 5 4 0 5 5 4 4 5 3 4 7 4 0 5 4 4 0 5 4 3 1
Last Time Cost: 00000001 ms
Total Time Cost: 00732046 ms
Total Distance 239: 4 6 4 5 5 6 0 4 5 7 5 5 5 7 4 5 4 4 4 5 4 3 0 0 0 3 4 0 3 5 4 0 7 4 4 5 5 4 0 4 4 4 3 5 4 0 5 5 4 4 5 3 4 7 4 0 5 4 4 0 5 4 3 0
Last Time Cost: 00003986 ms
Total Time Cost: 00736032 ms
Total Distance 238: 4 6 4 5 5 6 0 4 5 7 5 5 5 7 4 5 4 4 4 5 4 2 0 0 0 3 4 0 3 5 4 0 7 4 4 5 5 4 0 4 4 4 3 5 4 0 5 5 4 4 5 3 4 7 4 0 5 4 4 0 5 4 3 0
Last Time Cost: 00000003 ms
Total Time Cost: 00736035 ms
Total Distance 237: 4 6 4 5 5 6 0 4 5 7 5 5 5 7 4 5 4 4 4 5 4 1 0 0 0 3 4 0 3 5 4 0 7 4 4 5 5 4 0 4 4 4 3 5 4 0 5 5 4 4 5 3 4 7 4 0 5 4 4 0 5 4 3 0
Last Time Cost: 00000002 ms
Total Time Cost: 00736037 ms
Total Distance 236: 4 6 4 5 5 6 0 4 5 7 5 5 5 7 4 5 4 4 4 5 4 0 0 0 0 3 4 0 3 5 4 0 7 4 4 5 5 4 0 4 4 4 3 5 4 0 5 5 4 4 5 3 4 7 4 0 5 4 4 0 5 4 3 0
Last Time Cost: 00004281 ms
Total Time Cost: 00740318 ms
Total Distance 235: 4 6 4 5 5 6 0 4 5 7 5 5 5 7 4 5 4 4 4 5 4 0 0 0 0 3 4 0 3 5 4 0 7 4 4 5 5 4 0 4 4 4 2 5 4 0 5 5 4 4 5 3 4 7 4 0 5 4 4 0 5 4 3 0
Last Time Cost: 00000003 ms
Total Time Cost: 00740321 ms
Total Distance 234: 4 6 4 5 5 6 0 4 5 7 5 5 5 7 4 5 4 4 4 5 4 0 0 0 0 3 4 0 3 5 4 0 7 4 4 5 5 4 0 4 4 4 1 5 4 0 5 5 4 4 5 3 4 7 4 0 5 4 4 0 5 4 3 0
Last Time Cost: 00000002 ms
Total Time Cost: 00740323 ms
Total Distance 233: 4 6 4 5 5 6 0 4 5 7 5 5 5 7 4 5 4 4 4 5 4 0 0 0 0 3 4 0 3 5 4 0 7 4 4 5 5 4 0 4 4 4 0 5 4 0 5 5 4 4 5 3 4 7 4 0 5 4 4 0 5 4 3 0
Last Time Cost: 00004615 ms
Total Time Cost: 00744938 ms
Total Distance 232: 4 6 4 5 5 6 0 4 5 7 5 5 5 7 4 5 4 4 4 5 4 0 0 0 0 3 4 0 3 5 4 0 7 4 4 5 5 4 0 4 4 4 0 5 4 0 5 5 4 4 5 3 4 7 4 0 5 4 4 0 5 4 2 0
Last Time Cost: 00000003 ms
Total Time Cost: 00744941 ms
Total Distance 231: 4 6 4 5 5 6 0 4 5 7 5 5 5 7 4 5 4 4 4 5 4 0 0 0 0 3 4 0 3 5 4 0 7 4 4 5 5 4 0 4 4 4 0 5 4 0 5 5 4 4 5 3 4 7 4 0 5 4 4 0 5 4 1 0
Last Time Cost: 00000002 ms
Total Time Cost: 00744943 ms
Total Distance 230: 4 6 4 5 5 6 0 4 5 7 5 5 5 7 4 5 4 4 4 5 4 0 0 0 0 3 4 0 3 5 4 0 7 4 4 5 5 4 0 4 4 4 0 5 4 0 5 5 4 4 5 3 4 7 4 0 5 4 4 0 5 4 0 0
Last Time Cost: 00004945 ms
Total Time Cost: 00749888 ms
Total Distance 229: 4 6 4 5 5 6 0 4 5 7 5 5 5 7 4 5 4 4 4 5 4 0 0 0 0 3 4 0 3 5 4 0 7 4 4 5 5 4 0 4 4 4 0 5 4 0 5 5 4 4 5 2 4 7 4 0 5 4 4 0 5 4 0 0
Last Time Cost: 00000003 ms
Total Time Cost: 00749891 ms
Total Distance 228: 4 6 4 5 5 6 0 4 5 7 5 5 5 7 4 5 4 4 4 5 4 0 0 0 0 3 4 0 3 5 4 0 7 4 4 5 5 4 0 4 4 4 0 5 4 0 5 5 4 4 5 1 4 7 4 0 5 4 4 0 5 4 0 0
Last Time Cost: 00000002 ms
Total Time Cost: 00749893 ms
Total Distance 227: 4 6 4 5 5 6 0 4 5 7 5 5 5 7 4 5 4 4 4 5 4 0 0 0 0 3 4 0 3 5 4 0 7 4 4 5 5 4 0 4 4 4 0 5 4 0 5 5 4 4 5 0 4 7 4 0 5 4 4 0 5 4 0 0
Last Time Cost: 00005307 ms
Total Time Cost: 00755200 ms
Total Distance 225: 4 6 4 5 5 6 0 4 5 7 5 5 5 7 4 5 4 4 4 5 4 0 0 0 0 3 3 0 3 5 4 0 7 4 4 4 5 4 0 4 4 4 0 5 4 0 5 5 4 4 5 0 4 7 4 0 5 4 4 0 5 4 0 0
Last Time Cost: 00005422 ms
Total Time Cost: 00760622 ms
Total Distance 224: 4 6 4 5 5 6 0 4 5 7 5 5 5 7 4 5 4 4 4 5 4 0 0 0 0 3 2 0 3 5 4 0 7 4 4 4 5 4 0 4 4 4 0 5 4 0 5 5 4 4 5 0 4 7 4 0 5 4 4 0 5 4 0 0
Last Time Cost: 00000003 ms
Total Time Cost: 00760625 ms
Total Distance 223: 4 6 4 5 5 6 0 4 5 7 5 5 5 7 4 5 4 4 4 5 4 0 0 0 0 3 1 0 3 5 4 0 7 4 4 4 5 4 0 4 4 4 0 5 4 0 5 5 4 4 5 0 4 7 4 0 5 4 4 0 5 4 0 0
Last Time Cost: 00000002 ms
Total Time Cost: 00760627 ms
Total Distance 222: 4 6 4 5 5 6 0 4 5 7 5 5 5 7 4 5 4 4 4 5 4 0 0 0 0 3 0 0 3 5 4 0 7 4 4 4 5 4 0 4 4 4 0 5 4 0 5 5 4 4 5 0 4 7 4 0 5 4 4 0 5 4 0 0
Last Time Cost: 00005815 ms
Total Time Cost: 00766442 ms
Total Distance 221: 4 6 4 5 5 6 0 4 5 7 5 5 5 7 4 5 4 4 4 5 4 0 0 0 0 3 0 0 2 5 4 0 7 4 4 4 5 4 0 4 4 4 0 5 4 0 5 5 4 4 5 0 4 7 4 0 5 4 4 0 5 4 0 0
Last Time Cost: 00000003 ms
Total Time Cost: 00766445 ms
Total Distance 220: 4 6 4 5 5 6 0 4 5 7 5 5 5 7 4 5 4 4 4 5 4 0 0 0 0 3 0 0 1 5 4 0 7 4 4 4 5 4 0 4 4 4 0 5 4 0 5 5 4 4 5 0 4 7 4 0 5 4 4 0 5 4 0 0
Last Time Cost: 00000002 ms
Total Time Cost: 00766447 ms
Total Distance 219: 4 6 4 5 5 6 0 4 5 7 5 5 5 7 4 5 4 4 4 5 4 0 0 0 0 3 0 0 0 5 4 0 7 4 4 4 5 4 0 4 4 4 0 5 4 0 5 5 4 4 5 0 4 7 4 0 5 4 4 0 5 4 0 0
Last Time Cost: 00006234 ms
Total Time Cost: 00772681 ms
Total Distance 218: 4 6 4 5 5 6 0 4 5 7 5 5 5 7 4 5 4 4 4 5 4 0 0 0 0 2 0 0 0 5 4 0 7 4 4 4 5 4 0 4 4 4 0 5 4 0 5 5 4 4 5 0 4 7 4 0 5 4 4 0 5 4 0 0
Last Time Cost: 00000004 ms
Total Time Cost: 00772685 ms
Total Distance 217: 4 6 4 5 5 6 0 4 5 7 5 5 5 7 4 5 4 4 4 5 4 0 0 0 0 1 0 0 0 5 4 0 7 4 4 4 5 4 0 4 4 4 0 5 4 0 5 5 4 4 5 0 4 7 4 0 5 4 4 0 5 4 0 0
Last Time Cost: 00000002 ms
Total Time Cost: 00772687 ms
Total Distance 216: 4 6 4 5 5 6 0 4 5 7 5 5 5 7 4 5 4 4 4 5 4 0 0 0 0 0 0 0 0 5 4 0 7 4 4 4 5 4 0 4 4 4 0 5 4 0 5 5 4 4 5 0 4 7 4 0 5 4 4 0 5 4 0 0
Last Time Cost: 00006672 ms
Total Time Cost: 00779359 ms
Total Distance 215: 4 6 4 5 5 6 0 4 5 7 5 5 5 7 4 5 4 4 4 5 4 0 0 0 0 0 0 0 0 5 4 0 7 4 4 4 5 4 0 4 4 3 0 5 4 0 5 5 4 4 5 0 4 7 4 0 5 4 4 0 5 4 0 0
Last Time Cost: 00000004 ms
Total Time Cost: 00779363 ms
Total Distance 214: 4 6 4 5 5 6 0 4 5 7 5 5 5 7 4 5 4 4 4 5 4 0 0 0 0 0 0 0 0 5 4 0 7 4 4 4 5 4 0 4 4 2 0 5 4 0 5 5 4 4 5 0 4 7 4 0 5 4 4 0 5 4 0 0
Last Time Cost: 00000003 ms
Total Time Cost: 00779366 ms
Total Distance 213: 4 6 4 5 5 6 0 4 5 7 5 5 5 7 4 5 4 4 4 5 4 0 0 0 0 0 0 0 0 5 4 0 7 4 4 4 5 4 0 4 4 1 0 5 4 0 5 5 4 4 5 0 4 7 4 0 5 4 4 0 5 4 0 0
Last Time Cost: 00000002 ms
Total Time Cost: 00779368 ms
Total Distance 212: 4 6 4 5 5 6 0 4 5 7 5 5 5 7 4 5 4 4 4 5 4 0 0 0 0 0 0 0 0 5 4 0 7 4 4 4 5 4 0 4 4 0 0 5 4 0 5 5 4 4 5 0 4 7 4 0 5 4 4 0 5 4 0 0
Last Time Cost: 00007297 ms
Total Time Cost: 00786665 ms
Total Distance 211: 4 6 4 5 5 6 0 4 5 7 5 5 5 7 4 5 4 4 4 5 4 0 0 0 0 0 0 0 0 5 4 0 7 4 4 4 5 4 0 4 4 0 0 5 4 0 5 5 4 4 5 0 4 7 4 0 5 3 4 0 5 4 0 0
Last Time Cost: 00000005 ms
Total Time Cost: 00786670 ms
Total Distance 210: 4 6 4 5 5 6 0 4 5 7 5 5 5 7 4 5 4 4 4 5 4 0 0 0 0 0 0 0 0 5 4 0 7 4 4 4 5 4 0 4 4 0 0 5 4 0 5 5 4 4 5 0 4 7 4 0 5 2 4 0 5 4 0 0
Last Time Cost: 00000004 ms
Total Time Cost: 00786674 ms
Total Distance 209: 4 6 4 5 5 6 0 4 5 7 5 5 5 7 4 5 4 4 4 5 4 0 0 0 0 0 0 0 0 5 4 0 7 4 4 4 5 4 0 4 4 0 0 5 4 0 5 5 4 4 5 0 4 7 4 0 5 1 4 0 5 4 0 0
Last Time Cost: 00000002 ms
Total Time Cost: 00786676 ms
Total Distance 208: 4 6 4 5 5 6 0 4 5 7 5 5 5 7 4 5 4 4 4 5 4 0 0 0 0 0 0 0 0 5 4 0 7 4 4 4 5 4 0 4 4 0 0 5 4 0 5 5 4 4 5 0 4 7 4 0 5 0 4 0 5 4 0 0
Last Time Cost: 00008007 ms
Total Time Cost: 00794683 ms
Total Distance 207: 4 6 4 5 5 6 0 4 5 7 5 5 5 7 4 5 4 4 4 5 4 0 0 0 0 0 0 0 0 5 4 0 7 4 4 4 5 4 0 4 4 0 0 5 3 0 5 5 4 4 5 0 4 7 4 0 5 0 4 0 5 4 0 0
Last Time Cost: 00000004 ms
Total Time Cost: 00794687 ms
Total Distance 206: 4 6 4 5 5 6 0 4 5 7 5 5 5 7 4 5 4 4 4 5 4 0 0 0 0 0 0 0 0 5 4 0 7 4 4 4 5 4 0 4 4 0 0 5 2 0 5 5 4 4 5 0 4 7 4 0 5 0 4 0 5 4 0 0
Last Time Cost: 00000003 ms
Total Time Cost: 00794690 ms
Total Distance 205: 4 6 4 5 5 6 0 4 5 7 5 5 5 7 4 5 4 4 4 5 4 0 0 0 0 0 0 0 0 5 4 0 7 4 4 4 5 4 0 4 4 0 0 5 1 0 5 5 4 4 5 0 4 7 4 0 5 0 4 0 5 4 0 0
Last Time Cost: 00000002 ms
Total Time Cost: 00794692 ms
Total Distance 204: 4 6 4 5 5 6 0 4 5 7 5 5 5 7 4 5 4 4 4 5 4 0 0 0 0 0 0 0 0 5 4 0 7 4 4 4 5 4 0 4 4 0 0 5 0 0 5 5 4 4 5 0 4 7 4 0 5 0 4 0 5 4 0 0
Last Time Cost: 00009013 ms
Total Time Cost: 00803705 ms
Total Distance 203: 4 6 4 5 5 6 0 4 5 7 5 5 5 7 3 5 4 4 4 5 4 0 0 0 0 0 0 0 0 5 4 0 7 4 4 4 5 4 0 4 4 0 0 5 0 0 5 5 4 4 5 0 4 7 4 0 5 0 4 0 5 4 0 0
Last Time Cost: 00000006 ms
Total Time Cost: 00803711 ms
Total Distance 202: 4 6 4 5 5 6 0 4 5 7 5 5 5 7 2 5 4 4 4 5 4 0 0 0 0 0 0 0 0 5 4 0 7 4 4 4 5 4 0 4 4 0 0 5 0 0 5 5 4 4 5 0 4 7 4 0 5 0 4 0 5 4 0 0
Last Time Cost: 00000003 ms
Total Time Cost: 00803714 ms
Total Distance 201: 4 6 4 5 5 6 0 4 5 7 5 5 5 7 1 5 4 4 4 5 4 0 0 0 0 0 0 0 0 5 4 0 7 4 4 4 5 4 0 4 4 0 0 5 0 0 5 5 4 4 5 0 4 7 4 0 5 0 4 0 5 4 0 0
Last Time Cost: 00000002 ms
Total Time Cost: 00803716 ms
Total Distance 200: 4 6 4 5 5 6 0 4 5 7 5 5 5 7 0 5 4 4 4 5 4 0 0 0 0 0 0 0 0 5 4 0 7 4 4 4 5 4 0 4 4 0 0 5 0 0 5 5 4 4 5 0 4 7 4 0 5 0 4 0 5 4 0 0
Last Time Cost: 00009793 ms
Total Time Cost: 00813509 ms
Total Distance 199: 4 6 4 5 5 6 0 4 5 7 5 5 5 7 0 5 4 4 4 5 4 0 0 0 0 0 0 0 0 5 4 0 7 4 4 4 5 4 0 4 4 0 0 5 0 0 5 5 4 4 5 0 3 7 4 0 5 0 4 0 5 4 0 0
Last Time Cost: 00000004 ms
Total Time Cost: 00813513 ms
Total Distance 198: 4 6 4 5 5 6 0 4 5 7 5 5 5 7 0 5 4 4 4 5 4 0 0 0 0 0 0 0 0 5 4 0 7 4 4 4 5 4 0 4 4 0 0 5 0 0 5 5 4 4 5 0 2 7 4 0 5 0 4 0 5 4 0 0
Last Time Cost: 00000003 ms
Total Time Cost: 00813516 ms
Total Distance 197: 4 6 4 5 5 6 0 4 5 7 5 5 5 7 0 5 4 4 4 5 4 0 0 0 0 0 0 0 0 5 4 0 7 4 4 4 5 4 0 4 4 0 0 5 0 0 5 5 4 4 5 0 1 7 4 0 5 0 4 0 5 4 0 0
Last Time Cost: 00000002 ms
Total Time Cost: 00813518 ms
Total Distance 196: 4 6 4 5 5 6 0 4 5 7 5 5 5 7 0 5 4 4 4 5 4 0 0 0 0 0 0 0 0 5 4 0 7 4 4 4 5 4 0 4 4 0 0 5 0 0 5 5 4 4 5 0 0 7 4 0 5 0 4 0 5 4 0 0
Last Time Cost: 00010673 ms
Total Time Cost: 00824191 ms
Total Distance 195: 4 6 4 5 5 6 0 3 5 7 5 5 5 7 0 5 4 4 4 5 4 0 0 0 0 0 0 0 0 5 4 0 7 4 4 4 5 4 0 4 4 0 0 5 0 0 5 5 4 4 5 0 0 7 4 0 5 0 4 0 5 4 0 0
Last Time Cost: 00000005 ms
Total Time Cost: 00824196 ms
Total Distance 194: 4 6 4 5 5 6 0 2 5 7 5 5 5 7 0 5 4 4 4 5 4 0 0 0 0 0 0 0 0 5 4 0 7 4 4 4 5 4 0 4 4 0 0 5 0 0 5 5 4 4 5 0 0 7 4 0 5 0 4 0 5 4 0 0
Last Time Cost: 00000003 ms
Total Time Cost: 00824199 ms
Total Distance 193: 4 6 4 5 5 6 0 1 5 7 5 5 5 7 0 5 4 4 4 5 4 0 0 0 0 0 0 0 0 5 4 0 7 4 4 4 5 4 0 4 4 0 0 5 0 0 5 5 4 4 5 0 0 7 4 0 5 0 4 0 5 4 0 0
Last Time Cost: 00000004 ms
Total Time Cost: 00824203 ms
Total Distance 192: 4 6 4 5 5 6 0 0 5 7 5 5 5 7 0 5 4 4 4 5 4 0 0 0 0 0 0 0 0 5 4 0 7 4 4 4 5 4 0 4 4 0 0 5 0 0 5 5 4 4 5 0 0 7 4 0 5 0 4 0 5 4 0 0
Last Time Cost: 00011638 ms
Total Time Cost: 00835841 ms
Total Distance 191: 4 6 4 5 5 6 0 0 5 7 5 5 5 7 0 5 4 4 4 5 4 0 0 0 0 0 0 0 0 5 4 0 7 4 4 4 5 4 0 4 4 0 0 5 0 0 5 5 4 4 5 0 0 7 4 0 5 0 4 0 5 3 0 0
Last Time Cost: 00000006 ms
Total Time Cost: 00835847 ms
Total Distance 190: 4 6 4 5 5 6 0 0 5 7 5 5 5 7 0 5 4 4 4 5 4 0 0 0 0 0 0 0 0 5 4 0 7 4 4 4 5 4 0 4 4 0 0 5 0 0 5 5 4 4 5 0 0 7 4 0 5 0 4 0 5 2 0 0
Last Time Cost: 00000005 ms
Total Time Cost: 00835852 ms
Total Distance 189: 4 6 4 5 5 6 0 0 5 7 5 5 5 7 0 5 4 4 4 5 4 0 0 0 0 0 0 0 0 5 4 0 7 4 4 4 5 4 0 4 4 0 0 5 0 0 5 5 4 4 5 0 0 7 4 0 5 0 4 0 5 1 0 0
Last Time Cost: 00000003 ms
Total Time Cost: 00835855 ms
Total Distance 188: 4 6 4 5 5 6 0 0 5 7 5 5 5 7 0 5 4 4 4 5 4 0 0 0 0 0 0 0 0 5 4 0 7 4 4 4 5 4 0 4 4 0 0 5 0 0 5 5 4 4 5 0 0 7 4 0 5 0 4 0 5 0 0 0
Last Time Cost: 00012612 ms
Total Time Cost: 00848467 ms
Total Distance 187: 4 6 3 5 5 6 0 0 5 7 5 5 5 7 0 5 4 4 4 5 4 0 0 0 0 0 0 0 0 5 4 0 7 4 4 4 5 4 0 4 4 0 0 5 0 0 5 5 4 4 5 0 0 7 4 0 5 0 4 0 5 0 0 0
Last Time Cost: 00000005 ms
Total Time Cost: 00848472 ms
Total Distance 186: 4 6 2 5 5 6 0 0 5 7 5 5 5 7 0 5 4 4 4 5 4 0 0 0 0 0 0 0 0 5 4 0 7 4 4 4 5 4 0 4 4 0 0 5 0 0 5 5 4 4 5 0 0 7 4 0 5 0 4 0 5 0 0 0
Last Time Cost: 00000006 ms
Total Time Cost: 00848478 ms
Total Distance 185: 4 6 1 5 5 6 0 0 5 7 5 5 5 7 0 5 4 4 4 5 4 0 0 0 0 0 0 0 0 5 4 0 7 4 4 4 5 4 0 4 4 0 0 5 0 0 5 5 4 4 5 0 0 7 4 0 5 0 4 0 5 0 0 0
Last Time Cost: 00000004 ms
Total Time Cost: 00848482 ms
Total Distance 184: 4 6 0 5 5 6 0 0 5 7 5 5 5 7 0 5 4 4 4 5 4 0 0 0 0 0 0 0 0 5 4 0 7 4 4 4 5 4 0 4 4 0 0 5 0 0 5 5 4 4 5 0 0 7 4 0 5 0 4 0 5 0 0 0
Last Time Cost: 00013838 ms
Total Time Cost: 00862320 ms
Total Distance 183: 4 6 0 5 5 6 0 0 5 7 5 5 5 7 0 5 4 4 4 5 4 0 0 0 0 0 0 0 0 5 4 0 7 4 4 4 5 4 0 4 4 0 0 5 0 0 5 5 4 4 5 0 0 7 3 0 5 0 4 0 5 0 0 0
Last Time Cost: 00000005 ms
Total Time Cost: 00862325 ms
Total Distance 182: 4 6 0 5 5 6 0 0 5 7 5 5 5 7 0 5 4 4 4 5 4 0 0 0 0 0 0 0 0 5 4 0 7 4 4 4 5 4 0 4 4 0 0 5 0 0 5 5 4 4 5 0 0 7 2 0 5 0 4 0 5 0 0 0
Last Time Cost: 00000004 ms
Total Time Cost: 00862329 ms
Total Distance 181: 4 6 0 5 5 6 0 0 5 7 5 5 5 7 0 5 4 4 4 5 4 0 0 0 0 0 0 0 0 5 4 0 7 4 4 4 5 4 0 4 4 0 0 5 0 0 5 5 4 4 5 0 0 7 1 0 5 0 4 0 5 0 0 0
Last Time Cost: 00000003 ms
Total Time Cost: 00862332 ms
Total Distance 180: 4 6 0 5 5 6 0 0 5 7 5 5 5 7 0 5 4 4 4 5 4 0 0 0 0 0 0 0 0 5 4 0 7 4 4 4 5 4 0 4 4 0 0 5 0 0 5 5 4 4 5 0 0 7 0 0 5 0 4 0 5 0 0 0
Last Time Cost: 00015125 ms
Total Time Cost: 00877457 ms
Total Distance 179: 4 6 0 5 5 6 0 0 5 7 5 5 5 7 0 5 4 4 4 5 4 0 0 0 0 0 0 0 0 5 4 0 7 4 4 4 5 4 0 4 3 0 0 5 0 0 5 5 4 4 5 0 0 7 0 0 5 0 4 0 5 0 0 0
Last Time Cost: 00000006 ms
Total Time Cost: 00877463 ms
Total Distance 178: 4 6 0 5 5 6 0 0 5 7 5 5 5 7 0 5 4 4 4 5 4 0 0 0 0 0 0 0 0 5 4 0 7 4 4 4 5 4 0 4 2 0 0 5 0 0 5 5 4 4 5 0 0 7 0 0 5 0 4 0 5 0 0 0
Last Time Cost: 00000005 ms
Total Time Cost: 00877468 ms
Total Distance 177: 4 6 0 5 5 6 0 0 5 7 5 5 5 7 0 5 4 4 4 5 4 0 0 0 0 0 0 0 0 5 4 0 7 4 4 4 5 4 0 4 1 0 0 5 0 0 5 5 4 4 5 0 0 7 0 0 5 0 4 0 5 0 0 0
Last Time Cost: 00000003 ms
Total Time Cost: 00877471 ms
Total Distance 176: 4 6 0 5 5 6 0 0 5 7 5 5 5 7 0 5 4 4 4 5 4 0 0 0 0 0 0 0 0 5 4 0 7 4 4 4 5 4 0 4 0 0 0 5 0 0 5 5 4 4 5 0 0 7 0 0 5 0 4 0 5 0 0 0
Last Time Cost: 00016397 ms
Total Time Cost: 00893868 ms
Total Distance 175: 4 6 0 5 5 6 0 0 5 7 5 5 5 7 0 5 4 4 4 5 4 0 0 0 0 0 0 0 0 5 4 0 7 4 4 4 5 4 0 4 0 0 0 5 0 0 5 5 4 4 5 0 0 7 0 0 5 0 3 0 5 0 0 0
Last Time Cost: 00000006 ms
Total Time Cost: 00893874 ms
Total Distance 174: 4 6 0 5 5 6 0 0 5 7 5 5 5 7 0 5 4 4 4 5 4 0 0 0 0 0 0 0 0 5 4 0 7 4 4 4 5 4 0 4 0 0 0 5 0 0 5 5 4 4 5 0 0 7 0 0 5 0 2 0 5 0 0 0
Last Time Cost: 00000005 ms
Total Time Cost: 00893879 ms
Total Distance 173: 4 6 0 5 5 6 0 0 5 7 5 5 5 7 0 5 4 4 4 5 4 0 0 0 0 0 0 0 0 5 4 0 7 4 4 4 5 4 0 4 0 0 0 5 0 0 5 5 4 4 5 0 0 7 0 0 5 0 1 0 5 0 0 0
Last Time Cost: 00000003 ms
Total Time Cost: 00893882 ms
Total Distance 172: 4 6 0 5 5 6 0 0 5 7 5 5 5 7 0 5 4 4 4 5 4 0 0 0 0 0 0 0 0 5 4 0 7 4 4 4 5 4 0 4 0 0 0 5 0 0 5 5 4 4 5 0 0 7 0 0 5 0 0 0 5 0 0 0
Last Time Cost: 00018004 ms
Total Time Cost: 00911886 ms
Total Distance 171: 4 6 0 5 5 6 0 0 5 7 5 5 5 7 0 5 4 3 4 5 4 0 0 0 0 0 0 0 0 5 4 0 7 4 4 4 5 4 0 4 0 0 0 5 0 0 5 5 4 4 5 0 0 7 0 0 5 0 0 0 5 0 0 0
Last Time Cost: 00000006 ms
Total Time Cost: 00911892 ms
Total Distance 170: 4 6 0 5 5 6 0 0 5 7 5 5 5 7 0 5 4 2 4 5 4 0 0 0 0 0 0 0 0 5 4 0 7 4 4 4 5 4 0 4 0 0 0 5 0 0 5 5 4 4 5 0 0 7 0 0 5 0 0 0 5 0 0 0
Last Time Cost: 00000004 ms
Total Time Cost: 00911896 ms
Total Distance 169: 4 6 0 5 5 6 0 0 5 7 5 5 5 7 0 5 4 1 4 5 4 0 0 0 0 0 0 0 0 5 4 0 7 4 4 4 5 4 0 4 0 0 0 5 0 0 5 5 4 4 5 0 0 7 0 0 5 0 0 0 5 0 0 0
Last Time Cost: 00000003 ms
Total Time Cost: 00911899 ms
Total Distance 168: 4 6 0 5 5 6 0 0 5 7 5 5 5 7 0 5 4 0 4 5 4 0 0 0 0 0 0 0 0 5 4 0 7 4 4 4 5 4 0 4 0 0 0 5 0 0 5 5 4 4 5 0 0 7 0 0 5 0 0 0 5 0 0 0
Last Time Cost: 00019111 ms
Total Time Cost: 00931010 ms
Total Distance 167: 3 6 0 5 5 6 0 0 5 7 5 5 5 7 0 5 4 0 4 5 4 0 0 0 0 0 0 0 0 5 4 0 7 4 4 4 5 4 0 4 0 0 0 5 0 0 5 5 4 4 5 0 0 7 0 0 5 0 0 0 5 0 0 0
Last Time Cost: 00000006 ms
Total Time Cost: 00931016 ms
Total Distance 166: 2 6 0 5 5 6 0 0 5 7 5 5 5 7 0 5 4 0 4 5 4 0 0 0 0 0 0 0 0 5 4 0 7 4 4 4 5 4 0 4 0 0 0 5 0 0 5 5 4 4 5 0 0 7 0 0 5 0 0 0 5 0 0 0
Last Time Cost: 00000004 ms
Total Time Cost: 00931020 ms
Total Distance 165: 1 6 0 5 5 6 0 0 5 7 5 5 5 7 0 5 4 0 4 5 4 0 0 0 0 0 0 0 0 5 4 0 7 4 4 4 5 4 0 4 0 0 0 5 0 0 5 5 4 4 5 0 0 7 0 0 5 0 0 0 5 0 0 0
Last Time Cost: 00000003 ms
Total Time Cost: 00931023 ms
Total Distance 164: 0 6 0 5 5 6 0 0 5 7 5 5 5 7 0 5 4 0 4 5 4 0 0 0 0 0 0 0 0 5 4 0 7 4 4 4 5 4 0 4 0 0 0 5 0 0 5 5 4 4 5 0 0 7 0 0 5 0 0 0 5 0 0 0
Last Time Cost: 00020658 ms
Total Time Cost: 00951681 ms
Total Distance 162: 0 6 0 5 5 6 0 0 5 7 5 5 5 7 0 5 4 0 4 5 4 0 0 0 0 0 0 0 0 5 4 0 7 4 4 4 4 4 0 3 0 0 0 5 0 0 5 5 4 4 5 0 0 7 0 0 5 0 0 0 5 0 0 0
Last Time Cost: 00021163 ms
Total Time Cost: 00972844 ms
Total Distance 161: 0 6 0 5 5 6 0 0 5 7 5 5 5 7 0 5 4 0 4 5 4 0 0 0 0 0 0 0 0 5 4 0 7 4 4 4 4 4 0 2 0 0 0 5 0 0 5 5 4 4 5 0 0 7 0 0 5 0 0 0 5 0 0 0
Last Time Cost: 00000005 ms
Total Time Cost: 00972849 ms
Total Distance 160: 0 6 0 5 5 6 0 0 5 7 5 5 5 7 0 5 4 0 4 5 4 0 0 0 0 0 0 0 0 5 4 0 7 4 4 4 4 4 0 1 0 0 0 5 0 0 5 5 4 4 5 0 0 7 0 0 5 0 0 0 5 0 0 0
Last Time Cost: 00000003 ms
Total Time Cost: 00972852 ms
Total Distance 159: 0 6 0 5 5 6 0 0 5 7 5 5 5 7 0 5 4 0 4 5 4 0 0 0 0 0 0 0 0 5 4 0 7 4 4 4 4 4 0 0 0 0 0 5 0 0 5 5 4 4 5 0 0 7 0 0 5 0 0 0 5 0 0 0
Last Time Cost: 00022358 ms
Total Time Cost: 00995210 ms
Total Distance 158: 0 6 0 5 5 6 0 0 5 7 5 5 5 7 0 5 4 0 4 5 4 0 0 0 0 0 0 0 0 5 4 0 7 3 4 4 4 4 0 0 0 0 0 5 0 0 5 5 4 4 5 0 0 7 0 0 5 0 0 0 5 0 0 0
Last Time Cost: 00000007 ms
Total Time Cost: 00995217 ms
Total Distance 157: 0 6 0 5 5 6 0 0 5 7 5 5 5 7 0 5 4 0 4 5 4 0 0 0 0 0 0 0 0 5 4 0 7 2 4 4 4 4 0 0 0 0 0 5 0 0 5 5 4 4 5 0 0 7 0 0 5 0 0 0 5 0 0 0
Last Time Cost: 00000005 ms
Total Time Cost: 00995222 ms
Total Distance 156: 0 6 0 5 5 6 0 0 5 7 5 5 5 7 0 5 4 0 4 5 4 0 0 0 0 0 0 0 0 5 4 0 7 1 4 4 4 4 0 0 0 0 0 5 0 0 5 5 4 4 5 0 0 7 0 0 5 0 0 0 5 0 0 0
Last Time Cost: 00000003 ms
Total Time Cost: 00995225 ms
Total Distance 155: 0 6 0 5 5 6 0 0 5 7 5 5 5 7 0 5 4 0 4 5 4 0 0 0 0 0 0 0 0 5 4 0 7 0 4 4 4 4 0 0 0 0 0 5 0 0 5 5 4 4 5 0 0 7 0 0 5 0 0 0 5 0 0 0
Last Time Cost: 00023866 ms
Total Time Cost: 01019091 ms
Total Distance 154: 0 6 0 5 5 6 0 0 5 7 5 5 5 7 0 5 4 0 3 5 4 0 0 0 0 0 0 0 0 5 4 0 7 0 4 4 4 4 0 0 0 0 0 5 0 0 5 5 4 4 5 0 0 7 0 0 5 0 0 0 5 0 0 0
Last Time Cost: 00000007 ms
Total Time Cost: 01019098 ms
Total Distance 153: 0 6 0 5 5 6 0 0 5 7 5 5 5 7 0 5 4 0 2 5 4 0 0 0 0 0 0 0 0 5 4 0 7 0 4 4 4 4 0 0 0 0 0 5 0 0 5 5 4 4 5 0 0 7 0 0 5 0 0 0 5 0 0 0
Last Time Cost: 00000005 ms
Total Time Cost: 01019103 ms
Total Distance 152: 0 6 0 5 5 6 0 0 5 7 5 5 5 7 0 5 4 0 1 5 4 0 0 0 0 0 0 0 0 5 4 0 7 0 4 4 4 4 0 0 0 0 0 5 0 0 5 5 4 4 5 0 0 7 0 0 5 0 0 0 5 0 0 0
Last Time Cost: 00000003 ms
Total Time Cost: 01019106 ms
Total Distance 151: 0 6 0 5 5 6 0 0 5 7 5 5 5 7 0 5 4 0 0 5 4 0 0 0 0 0 0 0 0 5 4 0 7 0 4 4 4 4 0 0 0 0 0 5 0 0 5 5 4 4 5 0 0 7 0 0 5 0 0 0 5 0 0 0
Last Time Cost: 00026757 ms
Total Time Cost: 01045863 ms
Total Distance 150: 0 6 0 5 5 6 0 0 5 7 5 5 5 7 0 5 4 0 0 5 4 0 0 0 0 0 0 0 0 5 4 0 7 0 4 3 4 4 0 0 0 0 0 5 0 0 5 5 4 4 5 0 0 7 0 0 5 0 0 0 5 0 0 0
Last Time Cost: 00000007 ms
Total Time Cost: 01045870 ms
Total Distance 149: 0 6 0 5 5 6 0 0 5 7 5 5 5 7 0 5 4 0 0 5 4 0 0 0 0 0 0 0 0 5 4 0 7 0 4 2 4 4 0 0 0 0 0 5 0 0 5 5 4 4 5 0 0 7 0 0 5 0 0 0 5 0 0 0
Last Time Cost: 00000005 ms
Total Time Cost: 01045875 ms
Total Distance 148: 0 6 0 5 5 6 0 0 5 7 5 5 5 7 0 5 4 0 0 5 4 0 0 0 0 0 0 0 0 5 4 0 7 0 4 1 4 4 0 0 0 0 0 5 0 0 5 5 4 4 5 0 0 7 0 0 5 0 0 0 5 0 0 0
Last Time Cost: 00000003 ms
Total Time Cost: 01045878 ms
Total Distance 147: 0 6 0 5 5 6 0 0 5 7 5 5 5 7 0 5 4 0 0 5 4 0 0 0 0 0 0 0 0 5 4 0 7 0 4 0 4 4 0 0 0 0 0 5 0 0 5 5 4 4 5 0 0 7 0 0 5 0 0 0 5 0 0 0
Last Time Cost: 00027953 ms
Total Time Cost: 01073831 ms
Total Distance 146: 0 6 0 5 5 6 0 0 5 7 5 5 5 7 0 5 4 0 0 5 4 0 0 0 0 0 0 0 0 5 4 0 7 0 4 0 4 4 0 0 0 0 0 5 0 0 5 5 4 3 5 0 0 7 0 0 5 0 0 0 5 0 0 0
Last Time Cost: 00000007 ms
Total Time Cost: 01073838 ms
Total Distance 145: 0 6 0 5 5 6 0 0 5 7 5 5 5 7 0 5 4 0 0 5 4 0 0 0 0 0 0 0 0 5 4 0 7 0 4 0 4 4 0 0 0 0 0 5 0 0 5 5 4 2 5 0 0 7 0 0 5 0 0 0 5 0 0 0
Last Time Cost: 00000005 ms
Total Time Cost: 01073843 ms
Total Distance 144: 0 6 0 5 5 6 0 0 5 7 5 5 5 7 0 5 4 0 0 5 4 0 0 0 0 0 0 0 0 5 4 0 7 0 4 0 4 4 0 0 0 0 0 5 0 0 5 5 4 1 5 0 0 7 0 0 5 0 0 0 5 0 0 0
Last Time Cost: 00000004 ms
Total Time Cost: 01073847 ms
Total Distance 143: 0 6 0 5 5 6 0 0 5 7 5 5 5 7 0 5 4 0 0 5 4 0 0 0 0 0 0 0 0 5 4 0 7 0 4 0 4 4 0 0 0 0 0 5 0 0 5 5 4 0 5 0 0 7 0 0 5 0 0 0 5 0 0 0
Last Time Cost: 00030514 ms
Total Time Cost: 01104361 ms
Total Distance 142: 0 6 0 5 5 6 0 0 5 7 5 5 5 7 0 5 4 0 0 5 4 0 0 0 0 0 0 0 0 5 4 0 7 0 3 0 4 4 0 0 0 0 0 5 0 0 5 5 4 0 5 0 0 7 0 0 5 0 0 0 5 0 0 0
Last Time Cost: 00000007 ms
Total Time Cost: 01104368 ms
Total Distance 141: 0 6 0 5 5 6 0 0 5 7 5 5 5 7 0 5 4 0 0 5 4 0 0 0 0 0 0 0 0 5 4 0 7 0 2 0 4 4 0 0 0 0 0 5 0 0 5 5 4 0 5 0 0 7 0 0 5 0 0 0 5 0 0 0
Last Time Cost: 00000005 ms
Total Time Cost: 01104373 ms
Total Distance 140: 0 6 0 5 5 6 0 0 5 7 5 5 5 7 0 5 4 0 0 5 4 0 0 0 0 0 0 0 0 5 4 0 7 0 1 0 4 4 0 0 0 0 0 5 0 0 5 5 4 0 5 0 0 7 0 0 5 0 0 0 5 0 0 0
Last Time Cost: 00000003 ms
Total Time Cost: 01104376 ms
Total Distance 139: 0 6 0 5 5 6 0 0 5 7 5 5 5 7 0 5 4 0 0 5 4 0 0 0 0 0 0 0 0 5 4 0 7 0 0 0 4 4 0 0 0 0 0 5 0 0 5 5 4 0 5 0 0 7 0 0 5 0 0 0 5 0 0 0
Last Time Cost: 00033305 ms
Total Time Cost: 01137681 ms
Total Distance 138: 0 6 0 5 5 6 0 0 5 7 5 5 5 7 0 5 4 0 0 5 4 0 0 0 0 0 0 0 0 5 4 0 7 0 0 0 4 3 0 0 0 0 0 5 0 0 5 5 4 0 5 0 0 7 0 0 5 0 0 0 5 0 0 0
Last Time Cost: 00000009 ms
Total Time Cost: 01137690 ms
Total Distance 137: 0 6 0 5 5 6 0 0 5 7 5 5 5 7 0 5 4 0 0 5 4 0 0 0 0 0 0 0 0 5 4 0 7 0 0 0 4 2 0 0 0 0 0 5 0 0 5 5 4 0 5 0 0 7 0 0 5 0 0 0 5 0 0 0
Last Time Cost: 00000006 ms
Total Time Cost: 01137696 ms
Total Distance 136: 0 6 0 5 5 6 0 0 5 7 5 5 5 7 0 5 4 0 0 5 4 0 0 0 0 0 0 0 0 5 4 0 7 0 0 0 4 1 0 0 0 0 0 5 0 0 5 5 4 0 5 0 0 7 0 0 5 0 0 0 5 0 0 0
Last Time Cost: 00000004 ms
Total Time Cost: 01137700 ms
Total Distance 135: 0 6 0 5 5 6 0 0 5 7 5 5 5 7 0 5 4 0 0 5 4 0 0 0 0 0 0 0 0 5 4 0 7 0 0 0 4 0 0 0 0 0 0 5 0 0 5 5 4 0 5 0 0 7 0 0 5 0 0 0 5 0 0 0
Last Time Cost: 00035333 ms
Total Time Cost: 01173033 ms
Total Distance 134: 0 6 0 5 5 6 0 0 5 7 5 5 5 7 0 5 4 0 0 5 4 0 0 0 0 0 0 0 0 5 4 0 7 0 0 0 3 0 0 0 0 0 0 5 0 0 5 5 4 0 5 0 0 7 0 0 5 0 0 0 5 0 0 0
Last Time Cost: 00000009 ms
Total Time Cost: 01173042 ms
Total Distance 133: 0 6 0 5 5 6 0 0 5 7 5 5 5 7 0 5 4 0 0 5 4 0 0 0 0 0 0 0 0 5 4 0 7 0 0 0 2 0 0 0 0 0 0 5 0 0 5 5 4 0 5 0 0 7 0 0 5 0 0 0 5 0 0 0
Last Time Cost: 00000006 ms
Total Time Cost: 01173048 ms
Total Distance 132: 0 6 0 5 5 6 0 0 5 7 5 5 5 7 0 5 4 0 0 5 4 0 0 0 0 0 0 0 0 5 4 0 7 0 0 0 1 0 0 0 0 0 0 5 0 0 5 5 4 0 5 0 0 7 0 0 5 0 0 0 5 0 0 0
Last Time Cost: 00000004 ms
Total Time Cost: 01173052 ms
Total Distance 131: 0 6 0 5 5 6 0 0 5 7 5 5 5 7 0 5 4 0 0 5 4 0 0 0 0 0 0 0 0 5 4 0 7 0 0 0 0 0 0 0 0 0 0 5 0 0 5 5 4 0 5 0 0 7 0 0 5 0 0 0 5 0 0 0
Last Time Cost: 00038528 ms
Total Time Cost: 01211580 ms
Total Distance 130: 0 6 0 5 5 6 0 0 5 7 5 5 5 7 0 5 4 0 0 5 4 0 0 0 0 0 0 0 0 5 4 0 7 0 0 0 0 0 0 0 0 0 0 5 0 0 5 5 3 0 5 0 0 7 0 0 5 0 0 0 5 0 0 0
Last Time Cost: 00000008 ms
Total Time Cost: 01211588 ms
Total Distance 129: 0 6 0 5 5 6 0 0 5 7 5 5 5 7 0 5 4 0 0 5 4 0 0 0 0 0 0 0 0 5 4 0 7 0 0 0 0 0 0 0 0 0 0 5 0 0 5 5 2 0 5 0 0 7 0 0 5 0 0 0 5 0 0 0
Last Time Cost: 00000006 ms
Total Time Cost: 01211594 ms
Total Distance 128: 0 6 0 5 5 6 0 0 5 7 5 5 5 7 0 5 4 0 0 5 4 0 0 0 0 0 0 0 0 5 4 0 7 0 0 0 0 0 0 0 0 0 0 5 0 0 5 5 1 0 5 0 0 7 0 0 5 0 0 0 5 0 0 0
Last Time Cost: 00000004 ms
Total Time Cost: 01211598 ms
Total Distance 127: 0 6 0 5 5 6 0 0 5 7 5 5 5 7 0 5 4 0 0 5 4 0 0 0 0 0 0 0 0 5 4 0 7 0 0 0 0 0 0 0 0 0 0 5 0 0 5 5 0 0 5 0 0 7 0 0 5 0 0 0 5 0 0 0
Last Time Cost: 00041225 ms
Total Time Cost: 01252823 ms
Total Distance 126: 0 6 0 5 5 6 0 0 5 7 5 5 5 7 0 5 3 0 0 5 4 0 0 0 0 0 0 0 0 5 4 0 7 0 0 0 0 0 0 0 0 0 0 5 0 0 5 5 0 0 5 0 0 7 0 0 5 0 0 0 5 0 0 0
Last Time Cost: 00000009 ms
Total Time Cost: 01252832 ms
Total Distance 125: 0 6 0 5 5 6 0 0 5 7 5 5 5 7 0 5 2 0 0 5 4 0 0 0 0 0 0 0 0 5 4 0 7 0 0 0 0 0 0 0 0 0 0 5 0 0 5 5 0 0 5 0 0 7 0 0 5 0 0 0 5 0 0 0
Last Time Cost: 00000006 ms
Total Time Cost: 01252838 ms
Total Distance 124: 0 6 0 5 5 6 0 0 5 7 5 5 5 7 0 5 1 0 0 5 4 0 0 0 0 0 0 0 0 5 4 0 7 0 0 0 0 0 0 0 0 0 0 5 0 0 5 5 0 0 5 0 0 7 0 0 5 0 0 0 5 0 0 0
Last Time Cost: 00000004 ms
Total Time Cost: 01252842 ms
Total Distance 123: 0 6 0 5 5 6 0 0 5 7 5 5 5 7 0 5 0 0 0 5 4 0 0 0 0 0 0 0 0 5 4 0 7 0 0 0 0 0 0 0 0 0 0 5 0 0 5 5 0 0 5 0 0 7 0 0 5 0 0 0 5 0 0 0
Last Time Cost: 00044217 ms
Total Time Cost: 01297059 ms
Total Distance 121: 0 5 0 5 5 6 0 0 5 7 5 5 5 7 0 5 0 0 0 5 4 0 0 0 0 0 0 0 0 4 4 0 7 0 0 0 0 0 0 0 0 0 0 5 0 0 5 5 0 0 5 0 0 7 0 0 5 0 0 0 5 0 0 0
Last Time Cost: 00044810 ms
Total Time Cost: 01341869 ms
Total Distance 120: 0 5 0 5 5 6 0 0 5 7 5 5 5 7 0 5 0 0 0 5 4 0 0 0 0 0 0 0 0 3 4 0 7 0 0 0 0 0 0 0 0 0 0 5 0 0 5 5 0 0 5 0 0 7 0 0 5 0 0 0 5 0 0 0
Last Time Cost: 00000009 ms
Total Time Cost: 01341878 ms
Total Distance 119: 0 5 0 5 5 6 0 0 5 7 5 5 5 7 0 5 0 0 0 5 4 0 0 0 0 0 0 0 0 2 4 0 7 0 0 0 0 0 0 0 0 0 0 5 0 0 5 5 0 0 5 0 0 7 0 0 5 0 0 0 5 0 0 0
Last Time Cost: 00000006 ms
Total Time Cost: 01341884 ms
Total Distance 118: 0 5 0 5 5 6 0 0 5 7 5 5 5 7 0 5 0 0 0 5 4 0 0 0 0 0 0 0 0 1 4 0 7 0 0 0 0 0 0 0 0 0 0 5 0 0 5 5 0 0 5 0 0 7 0 0 5 0 0 0 5 0 0 0
Last Time Cost: 00000004 ms
Total Time Cost: 01341888 ms
Total Distance 117: 0 5 0 5 5 6 0 0 5 7 5 5 5 7 0 5 0 0 0 5 4 0 0 0 0 0 0 0 0 0 4 0 7 0 0 0 0 0 0 0 0 0 0 5 0 0 5 5 0 0 5 0 0 7 0 0 5 0 0 0 5 0 0 0
Last Time Cost: 00048098 ms
Total Time Cost: 01389986 ms
Total Distance 116: 0 5 0 5 5 6 0 0 5 7 5 5 5 7 0 5 0 0 0 5 4 0 0 0 0 0 0 0 0 0 3 0 7 0 0 0 0 0 0 0 0 0 0 5 0 0 5 5 0 0 5 0 0 7 0 0 5 0 0 0 5 0 0 0
Last Time Cost: 00000010 ms
Total Time Cost: 01389996 ms
Total Distance 115: 0 5 0 5 5 6 0 0 5 7 5 5 5 7 0 5 0 0 0 5 4 0 0 0 0 0 0 0 0 0 2 0 7 0 0 0 0 0 0 0 0 0 0 5 0 0 5 5 0 0 5 0 0 7 0 0 5 0 0 0 5 0 0 0
Last Time Cost: 00000006 ms
Total Time Cost: 01390002 ms
Total Distance 114: 0 5 0 5 5 6 0 0 5 7 5 5 5 7 0 5 0 0 0 5 4 0 0 0 0 0 0 0 0 0 1 0 7 0 0 0 0 0 0 0 0 0 0 5 0 0 5 5 0 0 5 0 0 7 0 0 5 0 0 0 5 0 0 0
Last Time Cost: 00000004 ms
Total Time Cost: 01390006 ms
Total Distance 113: 0 5 0 5 5 6 0 0 5 7 5 5 5 7 0 5 0 0 0 5 4 0 0 0 0 0 0 0 0 0 0 0 7 0 0 0 0 0 0 0 0 0 0 5 0 0 5 5 0 0 5 0 0 7 0 0 5 0 0 0 5 0 0 0
Last Time Cost: 00052325 ms
Total Time Cost: 01442331 ms
Total Distance 112: 0 5 0 5 5 6 0 0 5 7 5 5 5 7 0 5 0 0 0 5 3 0 0 0 0 0 0 0 0 0 0 0 7 0 0 0 0 0 0 0 0 0 0 5 0 0 5 5 0 0 5 0 0 7 0 0 5 0 0 0 5 0 0 0
Last Time Cost: 00000010 ms
Total Time Cost: 01442341 ms
Total Distance 111: 0 5 0 5 5 6 0 0 5 7 5 5 5 7 0 5 0 0 0 5 2 0 0 0 0 0 0 0 0 0 0 0 7 0 0 0 0 0 0 0 0 0 0 5 0 0 5 5 0 0 5 0 0 7 0 0 5 0 0 0 5 0 0 0
Last Time Cost: 00000007 ms
Total Time Cost: 01442348 ms
Total Distance 110: 0 5 0 5 5 6 0 0 5 7 5 5 5 7 0 5 0 0 0 5 1 0 0 0 0 0 0 0 0 0 0 0 7 0 0 0 0 0 0 0 0 0 0 5 0 0 5 5 0 0 5 0 0 7 0 0 5 0 0 0 5 0 0 0
Last Time Cost: 00000005 ms
Total Time Cost: 01442353 ms
Total Distance 109: 0 5 0 5 5 6 0 0 5 7 5 5 5 7 0 5 0 0 0 5 0 0 0 0 0 0 0 0 0 0 0 0 7 0 0 0 0 0 0 0 0 0 0 5 0 0 5 5 0 0 5 0 0 7 0 0 5 0 0 0 5 0 0 0
Last Time Cost: 00055521 ms
Total Time Cost: 01497874 ms
Total Distance 108: 0 4 0 5 5 6 0 0 5 7 5 5 5 7 0 5 0 0 0 5 0 0 0 0 0 0 0 0 0 0 0 0 7 0 0 0 0 0 0 0 0 0 0 5 0 0 5 5 0 0 5 0 0 7 0 0 5 0 0 0 5 0 0 0
Last Time Cost: 00000014 ms
Total Time Cost: 01497888 ms
Total Distance 107: 0 3 0 5 5 6 0 0 5 7 5 5 5 7 0 5 0 0 0 5 0 0 0 0 0 0 0 0 0 0 0 0 7 0 0 0 0 0 0 0 0 0 0 5 0 0 5 5 0 0 5 0 0 7 0 0 5 0 0 0 5 0 0 0
Last Time Cost: 00000010 ms
Total Time Cost: 01497898 ms
Total Distance 106: 0 2 0 5 5 6 0 0 5 7 5 5 5 7 0 5 0 0 0 5 0 0 0 0 0 0 0 0 0 0 0 0 7 0 0 0 0 0 0 0 0 0 0 5 0 0 5 5 0 0 5 0 0 7 0 0 5 0 0 0 5 0 0 0
Last Time Cost: 00000007 ms
Total Time Cost: 01497905 ms
Total Distance 105: 0 1 0 5 5 6 0 0 5 7 5 5 5 7 0 5 0 0 0 5 0 0 0 0 0 0 0 0 0 0 0 0 7 0 0 0 0 0 0 0 0 0 0 5 0 0 5 5 0 0 5 0 0 7 0 0 5 0 0 0 5 0 0 0
Last Time Cost: 00000005 ms
Total Time Cost: 01497910 ms
Total Distance 104: 0 0 0 5 5 6 0 0 5 7 5 5 5 7 0 5 0 0 0 5 0 0 0 0 0 0 0 0 0 0 0 0 7 0 0 0 0 0 0 0 0 0 0 5 0 0 5 5 0 0 5 0 0 7 0 0 5 0 0 0 5 0 0 0
Last Time Cost: 00062459 ms
Total Time Cost: 01560369 ms
Total Distance 103: 0 0 0 5 5 6 0 0 5 7 5 5 5 7 0 5 0 0 0 5 0 0 0 0 0 0 0 0 0 0 0 0 7 0 0 0 0 0 0 0 0 0 0 5 0 0 4 5 0 0 5 0 0 7 0 0 5 0 0 0 5 0 0 0
Last Time Cost: 00000015 ms
Total Time Cost: 01560384 ms
Total Distance 102: 0 0 0 5 5 6 0 0 5 7 5 5 5 7 0 5 0 0 0 5 0 0 0 0 0 0 0 0 0 0 0 0 7 0 0 0 0 0 0 0 0 0 0 5 0 0 3 5 0 0 5 0 0 7 0 0 5 0 0 0 5 0 0 0
Last Time Cost: 00000010 ms
Total Time Cost: 01560394 ms
Total Distance 101: 0 0 0 5 5 6 0 0 5 7 5 5 5 7 0 5 0 0 0 5 0 0 0 0 0 0 0 0 0 0 0 0 7 0 0 0 0 0 0 0 0 0 0 5 0 0 2 5 0 0 5 0 0 7 0 0 5 0 0 0 5 0 0 0
Last Time Cost: 00000008 ms
Total Time Cost: 01560402 ms
Total Distance 100: 0 0 0 5 5 6 0 0 5 7 5 5 5 7 0 5 0 0 0 5 0 0 0 0 0 0 0 0 0 0 0 0 7 0 0 0 0 0 0 0 0 0 0 5 0 0 1 5 0 0 5 0 0 7 0 0 5 0 0 0 5 0 0 0
Last Time Cost: 00000005 ms
Total Time Cost: 01560407 ms
Total Distance 99: 0 0 0 5 5 6 0 0 5 7 5 5 5 7 0 5 0 0 0 5 0 0 0 0 0 0 0 0 0 0 0 0 7 0 0 0 0 0 0 0 0 0 0 5 0 0 0 5 0 0 5 0 0 7 0 0 5 0 0 0 5 0 0 0
Last Time Cost: 00067594 ms
Total Time Cost: 01628001 ms
Total Distance 98: 0 0 0 5 5 6 0 0 5 7 5 5 5 7 0 5 0 0 0 5 0 0 0 0 0 0 0 0 0 0 0 0 7 0 0 0 0 0 0 0 0 0 0 4 0 0 0 5 0 0 5 0 0 7 0 0 5 0 0 0 5 0 0 0
Last Time Cost: 00000015 ms
Total Time Cost: 01628016 ms
Total Distance 97: 0 0 0 5 5 6 0 0 5 7 5 5 5 7 0 5 0 0 0 5 0 0 0 0 0 0 0 0 0 0 0 0 7 0 0 0 0 0 0 0 0 0 0 3 0 0 0 5 0 0 5 0 0 7 0 0 5 0 0 0 5 0 0 0
Last Time Cost: 00000011 ms
Total Time Cost: 01628027 ms
Total Distance 96: 0 0 0 5 5 6 0 0 5 7 5 5 5 7 0 5 0 0 0 5 0 0 0 0 0 0 0 0 0 0 0 0 7 0 0 0 0 0 0 0 0 0 0 2 0 0 0 5 0 0 5 0 0 7 0 0 5 0 0 0 5 0 0 0
Last Time Cost: 00000008 ms
Total Time Cost: 01628035 ms
Total Distance 95: 0 0 0 5 5 6 0 0 5 7 5 5 5 7 0 5 0 0 0 5 0 0 0 0 0 0 0 0 0 0 0 0 7 0 0 0 0 0 0 0 0 0 0 1 0 0 0 5 0 0 5 0 0 7 0 0 5 0 0 0 5 0 0 0
Last Time Cost: 00000005 ms
Total Time Cost: 01628040 ms
Total Distance 94: 0 0 0 5 5 6 0 0 5 7 5 5 5 7 0 5 0 0 0 5 0 0 0 0 0 0 0 0 0 0 0 0 7 0 0 0 0 0 0 0 0 0 0 0 0 0 0 5 0 0 5 0 0 7 0 0 5 0 0 0 5 0 0 0
Last Time Cost: 00075808 ms
Total Time Cost: 01703848 ms
Total Distance 93: 0 0 0 5 5 6 0 0 5 7 5 5 5 7 0 5 0 0 0 5 0 0 0 0 0 0 0 0 0 0 0 0 7 0 0 0 0 0 0 0 0 0 0 0 0 0 0 5 0 0 5 0 0 7 0 0 4 0 0 0 5 0 0 0
Last Time Cost: 00000016 ms
Total Time Cost: 01703864 ms
Total Distance 92: 0 0 0 5 5 6 0 0 5 7 5 5 5 7 0 5 0 0 0 5 0 0 0 0 0 0 0 0 0 0 0 0 7 0 0 0 0 0 0 0 0 0 0 0 0 0 0 5 0 0 5 0 0 7 0 0 3 0 0 0 5 0 0 0
Last Time Cost: 00000013 ms
Total Time Cost: 01703877 ms
Total Distance 91: 0 0 0 5 5 6 0 0 5 7 5 5 5 7 0 5 0 0 0 5 0 0 0 0 0 0 0 0 0 0 0 0 7 0 0 0 0 0 0 0 0 0 0 0 0 0 0 5 0 0 5 0 0 7 0 0 2 0 0 0 5 0 0 0
Last Time Cost: 00000009 ms
Total Time Cost: 01703886 ms
Total Distance 90: 0 0 0 5 5 6 0 0 5 7 5 5 5 7 0 5 0 0 0 5 0 0 0 0 0 0 0 0 0 0 0 0 7 0 0 0 0 0 0 0 0 0 0 0 0 0 0 5 0 0 5 0 0 7 0 0 1 0 0 0 5 0 0 0
Last Time Cost: 00000006 ms
Total Time Cost: 01703892 ms
Total Distance 89: 0 0 0 5 5 6 0 0 5 7 5 5 5 7 0 5 0 0 0 5 0 0 0 0 0 0 0 0 0 0 0 0 7 0 0 0 0 0 0 0 0 0 0 0 0 0 0 5 0 0 5 0 0 7 0 0 0 0 0 0 5 0 0 0
Last Time Cost: 00082912 ms
Total Time Cost: 01786804 ms
Total Distance 88: 0 0 0 5 5 6 0 0 5 7 5 5 5 7 0 5 0 0 0 4 0 0 0 0 0 0 0 0 0 0 0 0 7 0 0 0 0 0 0 0 0 0 0 0 0 0 0 5 0 0 5 0 0 7 0 0 0 0 0 0 5 0 0 0
Last Time Cost: 00000018 ms
Total Time Cost: 01786822 ms
Total Distance 87: 0 0 0 5 5 6 0 0 5 7 5 5 5 7 0 5 0 0 0 3 0 0 0 0 0 0 0 0 0 0 0 0 7 0 0 0 0 0 0 0 0 0 0 0 0 0 0 5 0 0 5 0 0 7 0 0 0 0 0 0 5 0 0 0
Last Time Cost: 00000013 ms
Total Time Cost: 01786835 ms
Total Distance 86: 0 0 0 5 5 6 0 0 5 7 5 5 5 7 0 5 0 0 0 2 0 0 0 0 0 0 0 0 0 0 0 0 7 0 0 0 0 0 0 0 0 0 0 0 0 0 0 5 0 0 5 0 0 7 0 0 0 0 0 0 5 0 0 0
Last Time Cost: 00000008 ms
Total Time Cost: 01786843 ms
Total Distance 85: 0 0 0 5 5 6 0 0 5 7 5 5 5 7 0 5 0 0 0 1 0 0 0 0 0 0 0 0 0 0 0 0 7 0 0 0 0 0 0 0 0 0 0 0 0 0 0 5 0 0 5 0 0 7 0 0 0 0 0 0 5 0 0 0
Last Time Cost: 00000006 ms
Total Time Cost: 01786849 ms
Total Distance 84: 0 0 0 5 5 6 0 0 5 7 5 5 5 7 0 5 0 0 0 0 0 0 0 0 0 0 0 0 0 0 0 0 7 0 0 0 0 0 0 0 0 0 0 0 0 0 0 5 0 0 5 0 0 7 0 0 0 0 0 0 5 0 0 0
Last Time Cost: 00091029 ms
Total Time Cost: 01877878 ms
Total Distance 83: 0 0 0 5 5 6 0 0 5 7 5 5 4 7 0 5 0 0 0 0 0 0 0 0 0 0 0 0 0 0 0 0 7 0 0 0 0 0 0 0 0 0 0 0 0 0 0 5 0 0 5 0 0 7 0 0 0 0 0 0 5 0 0 0
Last Time Cost: 00000017 ms
Total Time Cost: 01877895 ms
Total Distance 82: 0 0 0 5 5 6 0 0 5 7 5 5 3 7 0 5 0 0 0 0 0 0 0 0 0 0 0 0 0 0 0 0 7 0 0 0 0 0 0 0 0 0 0 0 0 0 0 5 0 0 5 0 0 7 0 0 0 0 0 0 5 0 0 0
Last Time Cost: 00000012 ms
Total Time Cost: 01877907 ms
Total Distance 81: 0 0 0 5 5 6 0 0 5 7 5 5 2 7 0 5 0 0 0 0 0 0 0 0 0 0 0 0 0 0 0 0 7 0 0 0 0 0 0 0 0 0 0 0 0 0 0 5 0 0 5 0 0 7 0 0 0 0 0 0 5 0 0 0
Last Time Cost: 00000008 ms
Total Time Cost: 01877915 ms
Total Distance 80: 0 0 0 5 5 6 0 0 5 7 5 5 1 7 0 5 0 0 0 0 0 0 0 0 0 0 0 0 0 0 0 0 7 0 0 0 0 0 0 0 0 0 0 0 0 0 0 5 0 0 5 0 0 7 0 0 0 0 0 0 5 0 0 0
Last Time Cost: 00000006 ms
Total Time Cost: 01877921 ms
Total Distance 79: 0 0 0 5 5 6 0 0 5 7 5 5 0 7 0 5 0 0 0 0 0 0 0 0 0 0 0 0 0 0 0 0 7 0 0 0 0 0 0 0 0 0 0 0 0 0 0 5 0 0 5 0 0 7 0 0 0 0 0 0 5 0 0 0
Last Time Cost: 00106285 ms
Total Time Cost: 01984206 ms
Total Distance 78: 0 0 0 4 5 6 0 0 5 7 5 5 0 7 0 5 0 0 0 0 0 0 0 0 0 0 0 0 0 0 0 0 7 0 0 0 0 0 0 0 0 0 0 0 0 0 0 5 0 0 5 0 0 7 0 0 0 0 0 0 5 0 0 0
Last Time Cost: 00000017 ms
Total Time Cost: 01984223 ms
Total Distance 77: 0 0 0 3 5 6 0 0 5 7 5 5 0 7 0 5 0 0 0 0 0 0 0 0 0 0 0 0 0 0 0 0 7 0 0 0 0 0 0 0 0 0 0 0 0 0 0 5 0 0 5 0 0 7 0 0 0 0 0 0 5 0 0 0
Last Time Cost: 00000013 ms
Total Time Cost: 01984236 ms
Total Distance 76: 0 0 0 2 5 6 0 0 5 7 5 5 0 7 0 5 0 0 0 0 0 0 0 0 0 0 0 0 0 0 0 0 7 0 0 0 0 0 0 0 0 0 0 0 0 0 0 5 0 0 5 0 0 7 0 0 0 0 0 0 5 0 0 0
Last Time Cost: 00000010 ms
Total Time Cost: 01984246 ms
Total Distance 75: 0 0 0 1 5 6 0 0 5 7 5 5 0 7 0 5 0 0 0 0 0 0 0 0 0 0 0 0 0 0 0 0 7 0 0 0 0 0 0 0 0 0 0 0 0 0 0 5 0 0 5 0 0 7 0 0 0 0 0 0 5 0 0 0
Last Time Cost: 00000006 ms
Total Time Cost: 01984252 ms
Total Distance 74: 0 0 0 0 5 6 0 0 5 7 5 5 0 7 0 5 0 0 0 0 0 0 0 0 0 0 0 0 0 0 0 0 7 0 0 0 0 0 0 0 0 0 0 0 0 0 0 5 0 0 5 0 0 7 0 0 0 0 0 0 5 0 0 0
Last Time Cost: 00117113 ms
Total Time Cost: 02101365 ms
Total Distance 73: 0 0 0 0 5 6 0 0 4 7 5 5 0 7 0 5 0 0 0 0 0 0 0 0 0 0 0 0 0 0 0 0 7 0 0 0 0 0 0 0 0 0 0 0 0 0 0 5 0 0 5 0 0 7 0 0 0 0 0 0 5 0 0 0
Last Time Cost: 00000018 ms
Total Time Cost: 02101383 ms
Total Distance 72: 0 0 0 0 5 6 0 0 3 7 5 5 0 7 0 5 0 0 0 0 0 0 0 0 0 0 0 0 0 0 0 0 7 0 0 0 0 0 0 0 0 0 0 0 0 0 0 5 0 0 5 0 0 7 0 0 0 0 0 0 5 0 0 0
Last Time Cost: 00000013 ms
Total Time Cost: 02101396 ms
Total Distance 71: 0 0 0 0 5 6 0 0 2 7 5 5 0 7 0 5 0 0 0 0 0 0 0 0 0 0 0 0 0 0 0 0 7 0 0 0 0 0 0 0 0 0 0 0 0 0 0 5 0 0 5 0 0 7 0 0 0 0 0 0 5 0 0 0
Last Time Cost: 00000009 ms
Total Time Cost: 02101405 ms
Total Distance 70: 0 0 0 0 5 6 0 0 1 7 5 5 0 7 0 5 0 0 0 0 0 0 0 0 0 0 0 0 0 0 0 0 7 0 0 0 0 0 0 0 0 0 0 0 0 0 0 5 0 0 5 0 0 7 0 0 0 0 0 0 5 0 0 0
Last Time Cost: 00000006 ms
Total Time Cost: 02101411 ms
Total Distance 69: 0 0 0 0 5 6 0 0 0 7 5 5 0 7 0 5 0 0 0 0 0 0 0 0 0 0 0 0 0 0 0 0 7 0 0 0 0 0 0 0 0 0 0 0 0 0 0 5 0 0 5 0 0 7 0 0 0 0 0 0 5 0 0 0
Last Time Cost: 00132131 ms
Total Time Cost: 02233542 ms
Total Distance 68: 0 0 0 0 5 6 0 0 0 7 4 5 0 7 0 5 0 0 0 0 0 0 0 0 0 0 0 0 0 0 0 0 7 0 0 0 0 0 0 0 0 0 0 0 0 0 0 5 0 0 5 0 0 7 0 0 0 0 0 0 5 0 0 0
Last Time Cost: 00000019 ms
Total Time Cost: 02233561 ms
Total Distance 67: 0 0 0 0 5 6 0 0 0 7 3 5 0 7 0 5 0 0 0 0 0 0 0 0 0 0 0 0 0 0 0 0 7 0 0 0 0 0 0 0 0 0 0 0 0 0 0 5 0 0 5 0 0 7 0 0 0 0 0 0 5 0 0 0
Last Time Cost: 00000014 ms
Total Time Cost: 02233575 ms
Total Distance 66: 0 0 0 0 5 6 0 0 0 7 2 5 0 7 0 5 0 0 0 0 0 0 0 0 0 0 0 0 0 0 0 0 7 0 0 0 0 0 0 0 0 0 0 0 0 0 0 5 0 0 5 0 0 7 0 0 0 0 0 0 5 0 0 0
Last Time Cost: 00000010 ms
Total Time Cost: 02233585 ms
Total Distance 65: 0 0 0 0 5 6 0 0 0 7 1 5 0 7 0 5 0 0 0 0 0 0 0 0 0 0 0 0 0 0 0 0 7 0 0 0 0 0 0 0 0 0 0 0 0 0 0 5 0 0 5 0 0 7 0 0 0 0 0 0 5 0 0 0
Last Time Cost: 00000007 ms
Total Time Cost: 02233592 ms
Total Distance 64: 0 0 0 0 5 6 0 0 0 7 0 5 0 7 0 5 0 0 0 0 0 0 0 0 0 0 0 0 0 0 0 0 7 0 0 0 0 0 0 0 0 0 0 0 0 0 0 5 0 0 5 0 0 7 0 0 0 0 0 0 5 0 0 0
Last Time Cost: 00142070 ms
Total Time Cost: 02375662 ms
Total Distance 63: 0 0 0 0 5 6 0 0 0 7 0 5 0 7 0 5 0 0 0 0 0 0 0 0 0 0 0 0 0 0 0 0 7 0 0 0 0 0 0 0 0 0 0 0 0 0 0 4 0 0 5 0 0 7 0 0 0 0 0 0 5 0 0 0
Last Time Cost: 00000021 ms
Total Time Cost: 02375683 ms
Total Distance 62: 0 0 0 0 5 6 0 0 0 7 0 5 0 7 0 5 0 0 0 0 0 0 0 0 0 0 0 0 0 0 0 0 7 0 0 0 0 0 0 0 0 0 0 0 0 0 0 3 0 0 5 0 0 7 0 0 0 0 0 0 5 0 0 0
Last Time Cost: 00000015 ms
Total Time Cost: 02375698 ms
Total Distance 61: 0 0 0 0 5 6 0 0 0 7 0 5 0 7 0 5 0 0 0 0 0 0 0 0 0 0 0 0 0 0 0 0 7 0 0 0 0 0 0 0 0 0 0 0 0 0 0 2 0 0 5 0 0 7 0 0 0 0 0 0 5 0 0 0
Last Time Cost: 00000011 ms
Total Time Cost: 02375709 ms
Total Distance 60: 0 0 0 0 5 6 0 0 0 7 0 5 0 7 0 5 0 0 0 0 0 0 0 0 0 0 0 0 0 0 0 0 7 0 0 0 0 0 0 0 0 0 0 0 0 0 0 1 0 0 5 0 0 7 0 0 0 0 0 0 5 0 0 0
Last Time Cost: 00000008 ms
Total Time Cost: 02375717 ms
Total Distance 59: 0 0 0 0 5 6 0 0 0 7 0 5 0 7 0 5 0 0 0 0 0 0 0 0 0 0 0 0 0 0 0 0 7 0 0 0 0 0 0 0 0 0 0 0 0 0 0 0 0 0 5 0 0 7 0 0 0 0 0 0 5 0 0 0
Last Time Cost: 00157593 ms
Total Time Cost: 02533310 ms
Total Distance 58: 0 0 0 0 5 6 0 0 0 7 0 4 0 7 0 5 0 0 0 0 0 0 0 0 0 0 0 0 0 0 0 0 7 0 0 0 0 0 0 0 0 0 0 0 0 0 0 0 0 0 5 0 0 7 0 0 0 0 0 0 5 0 0 0
Last Time Cost: 00000021 ms
Total Time Cost: 02533331 ms
Total Distance 57: 0 0 0 0 5 6 0 0 0 7 0 3 0 7 0 5 0 0 0 0 0 0 0 0 0 0 0 0 0 0 0 0 7 0 0 0 0 0 0 0 0 0 0 0 0 0 0 0 0 0 5 0 0 7 0 0 0 0 0 0 5 0 0 0
Last Time Cost: 00000015 ms
Total Time Cost: 02533346 ms
Total Distance 56: 0 0 0 0 5 6 0 0 0 7 0 2 0 7 0 5 0 0 0 0 0 0 0 0 0 0 0 0 0 0 0 0 7 0 0 0 0 0 0 0 0 0 0 0 0 0 0 0 0 0 5 0 0 7 0 0 0 0 0 0 5 0 0 0
Last Time Cost: 00000011 ms
Total Time Cost: 02533357 ms
Total Distance 55: 0 0 0 0 5 6 0 0 0 7 0 1 0 7 0 5 0 0 0 0 0 0 0 0 0 0 0 0 0 0 0 0 7 0 0 0 0 0 0 0 0 0 0 0 0 0 0 0 0 0 5 0 0 7 0 0 0 0 0 0 5 0 0 0
Last Time Cost: 00000008 ms
Total Time Cost: 02533365 ms
Total Distance 54: 0 0 0 0 5 6 0 0 0 7 0 0 0 7 0 5 0 0 0 0 0 0 0 0 0 0 0 0 0 0 0 0 7 0 0 0 0 0 0 0 0 0 0 0 0 0 0 0 0 0 5 0 0 7 0 0 0 0 0 0 5 0 0 0
Last Time Cost: 00170661 ms
Total Time Cost: 02704026 ms
Total Distance 53: 0 0 0 0 5 6 0 0 0 7 0 0 0 7 0 5 0 0 0 0 0 0 0 0 0 0 0 0 0 0 0 0 7 0 0 0 0 0 0 0 0 0 0 0 0 0 0 0 0 0 5 0 0 7 0 0 0 0 0 0 4 0 0 0
Last Time Cost: 00000023 ms
Total Time Cost: 02704049 ms
Total Distance 52: 0 0 0 0 5 6 0 0 0 7 0 0 0 7 0 5 0 0 0 0 0 0 0 0 0 0 0 0 0 0 0 0 7 0 0 0 0 0 0 0 0 0 0 0 0 0 0 0 0 0 5 0 0 7 0 0 0 0 0 0 3 0 0 0
Last Time Cost: 00000016 ms
Total Time Cost: 02704065 ms
Total Distance 51: 0 0 0 0 5 6 0 0 0 7 0 0 0 7 0 5 0 0 0 0 0 0 0 0 0 0 0 0 0 0 0 0 7 0 0 0 0 0 0 0 0 0 0 0 0 0 0 0 0 0 5 0 0 7 0 0 0 0 0 0 2 0 0 0
Last Time Cost: 00000011 ms
Total Time Cost: 02704076 ms
Total Distance 50: 0 0 0 0 5 6 0 0 0 7 0 0 0 7 0 5 0 0 0 0 0 0 0 0 0 0 0 0 0 0 0 0 7 0 0 0 0 0 0 0 0 0 0 0 0 0 0 0 0 0 5 0 0 7 0 0 0 0 0 0 1 0 0 0
Last Time Cost: 00000008 ms
Total Time Cost: 02704084 ms
Total Distance 49: 0 0 0 0 5 6 0 0 0 7 0 0 0 7 0 5 0 0 0 0 0 0 0 0 0 0 0 0 0 0 0 0 7 0 0 0 0 0 0 0 0 0 0 0 0 0 0 0 0 0 5 0 0 7 0 0 0 0 0 0 0 0 0 0
Last Time Cost: 00180872 ms
Total Time Cost: 02884956 ms
Total Distance 48: 0 0 0 0 4 6 0 0 0 7 0 0 0 7 0 5 0 0 0 0 0 0 0 0 0 0 0 0 0 0 0 0 7 0 0 0 0 0 0 0 0 0 0 0 0 0 0 0 0 0 5 0 0 7 0 0 0 0 0 0 0 0 0 0
Last Time Cost: 00000024 ms
Total Time Cost: 02884980 ms
Total Distance 47: 0 0 0 0 3 6 0 0 0 7 0 0 0 7 0 5 0 0 0 0 0 0 0 0 0 0 0 0 0 0 0 0 7 0 0 0 0 0 0 0 0 0 0 0 0 0 0 0 0 0 5 0 0 7 0 0 0 0 0 0 0 0 0 0
Last Time Cost: 00000017 ms
Total Time Cost: 02884997 ms
Total Distance 46: 0 0 0 0 2 6 0 0 0 7 0 0 0 7 0 5 0 0 0 0 0 0 0 0 0 0 0 0 0 0 0 0 7 0 0 0 0 0 0 0 0 0 0 0 0 0 0 0 0 0 5 0 0 7 0 0 0 0 0 0 0 0 0 0
Last Time Cost: 00000012 ms
Total Time Cost: 02885009 ms
Total Distance 45: 0 0 0 0 1 6 0 0 0 7 0 0 0 7 0 5 0 0 0 0 0 0 0 0 0 0 0 0 0 0 0 0 7 0 0 0 0 0 0 0 0 0 0 0 0 0 0 0 0 0 5 0 0 7 0 0 0 0 0 0 0 0 0 0
Last Time Cost: 00000008 ms
Total Time Cost: 02885017 ms
Total Distance 44: 0 0 0 0 0 6 0 0 0 7 0 0 0 7 0 5 0 0 0 0 0 0 0 0 0 0 0 0 0 0 0 0 7 0 0 0 0 0 0 0 0 0 0 0 0 0 0 0 0 0 5 0 0 7 0 0 0 0 0 0 0 0 0 0
Last Time Cost: 00197768 ms
Total Time Cost: 03082785 ms
Total Distance 43: 0 0 0 0 0 6 0 0 0 7 0 0 0 7 0 4 0 0 0 0 0 0 0 0 0 0 0 0 0 0 0 0 7 0 0 0 0 0 0 0 0 0 0 0 0 0 0 0 0 0 5 0 0 7 0 0 0 0 0 0 0 0 0 0
Last Time Cost: 00000026 ms
Total Time Cost: 03082811 ms
Total Distance 42: 0 0 0 0 0 6 0 0 0 7 0 0 0 7 0 3 0 0 0 0 0 0 0 0 0 0 0 0 0 0 0 0 7 0 0 0 0 0 0 0 0 0 0 0 0 0 0 0 0 0 5 0 0 7 0 0 0 0 0 0 0 0 0 0
Last Time Cost: 00000019 ms
Total Time Cost: 03082830 ms
Total Distance 41: 0 0 0 0 0 6 0 0 0 7 0 0 0 7 0 2 0 0 0 0 0 0 0 0 0 0 0 0 0 0 0 0 7 0 0 0 0 0 0 0 0 0 0 0 0 0 0 0 0 0 5 0 0 7 0 0 0 0 0 0 0 0 0 0
Last Time Cost: 00000013 ms
Total Time Cost: 03082843 ms
Total Distance 40: 0 0 0 0 0 6 0 0 0 7 0 0 0 7 0 1 0 0 0 0 0 0 0 0 0 0 0 0 0 0 0 0 7 0 0 0 0 0 0 0 0 0 0 0 0 0 0 0 0 0 5 0 0 7 0 0 0 0 0 0 0 0 0 0
Last Time Cost: 00000009 ms
Total Time Cost: 03082852 ms
Total Distance 39: 0 0 0 0 0 6 0 0 0 7 0 0 0 7 0 0 0 0 0 0 0 0 0 0 0 0 0 0 0 0 0 0 7 0 0 0 0 0 0 0 0 0 0 0 0 0 0 0 0 0 5 0 0 7 0 0 0 0 0 0 0 0 0 0
Last Time Cost: 00196515 ms
Total Time Cost: 03279367 ms
Total Distance 38: 0 0 0 0 0 6 0 0 0 7 0 0 0 7 0 0 0 0 0 0 0 0 0 0 0 0 0 0 0 0 0 0 7 0 0 0 0 0 0 0 0 0 0 0 0 0 0 0 0 0 4 0 0 7 0 0 0 0 0 0 0 0 0 0
Last Time Cost: 00000025 ms
Total Time Cost: 03279392 ms
Total Distance 37: 0 0 0 0 0 6 0 0 0 7 0 0 0 7 0 0 0 0 0 0 0 0 0 0 0 0 0 0 0 0 0 0 7 0 0 0 0 0 0 0 0 0 0 0 0 0 0 0 0 0 3 0 0 7 0 0 0 0 0 0 0 0 0 0
Last Time Cost: 00000018 ms
Total Time Cost: 03279410 ms
Total Distance 36: 0 0 0 0 0 6 0 0 0 7 0 0 0 7 0 0 0 0 0 0 0 0 0 0 0 0 0 0 0 0 0 0 7 0 0 0 0 0 0 0 0 0 0 0 0 0 0 0 0 0 2 0 0 7 0 0 0 0 0 0 0 0 0 0
Last Time Cost: 00000013 ms
Total Time Cost: 03279423 ms
Total Distance 35: 0 0 0 0 0 6 0 0 0 7 0 0 0 7 0 0 0 0 0 0 0 0 0 0 0 0 0 0 0 0 0 0 7 0 0 0 0 0 0 0 0 0 0 0 0 0 0 0 0 0 1 0 0 7 0 0 0 0 0 0 0 0 0 0
Last Time Cost: 00000009 ms
Total Time Cost: 03279432 ms
Total Distance 34: 0 0 0 0 0 6 0 0 0 7 0 0 0 7 0 0 0 0 0 0 0 0 0 0 0 0 0 0 0 0 0 0 7 0 0 0 0 0 0 0 0 0 0 0 0 0 0 0 0 0 0 0 0 7 0 0 0 0 0 0 0 0 0 0
Last Time Cost: 00214092 ms
Total Time Cost: 03493524 ms
Total Distance 33: 0 0 0 0 0 5 0 0 0 7 0 0 0 7 0 0 0 0 0 0 0 0 0 0 0 0 0 0 0 0 0 0 7 0 0 0 0 0 0 0 0 0 0 0 0 0 0 0 0 0 0 0 0 7 0 0 0 0 0 0 0 0 0 0
Last Time Cost: 00000212 ms
Total Time Cost: 03493736 ms
Total Distance 32: 0 0 0 0 0 4 0 0 0 7 0 0 0 7 0 0 0 0 0 0 0 0 0 0 0 0 0 0 0 0 0 0 7 0 0 0 0 0 0 0 0 0 0 0 0 0 0 0 0 0 0 0 0 7 0 0 0 0 0 0 0 0 0 0
Last Time Cost: 00000026 ms
Total Time Cost: 03493762 ms
Total Distance 31: 0 0 0 0 0 3 0 0 0 7 0 0 0 7 0 0 0 0 0 0 0 0 0 0 0 0 0 0 0 0 0 0 7 0 0 0 0 0 0 0 0 0 0 0 0 0 0 0 0 0 0 0 0 7 0 0 0 0 0 0 0 0 0 0
Last Time Cost: 00000019 ms
Total Time Cost: 03493781 ms
Total Distance 30: 0 0 0 0 0 2 0 0 0 7 0 0 0 7 0 0 0 0 0 0 0 0 0 0 0 0 0 0 0 0 0 0 7 0 0 0 0 0 0 0 0 0 0 0 0 0 0 0 0 0 0 0 0 7 0 0 0 0 0 0 0 0 0 0
Last Time Cost: 00000014 ms
Total Time Cost: 03493795 ms
Total Distance 29: 0 0 0 0 0 1 0 0 0 7 0 0 0 7 0 0 0 0 0 0 0 0 0 0 0 0 0 0 0 0 0 0 7 0 0 0 0 0 0 0 0 0 0 0 0 0 0 0 0 0 0 0 0 7 0 0 0 0 0 0 0 0 0 0
Last Time Cost: 00000010 ms
Total Time Cost: 03493805 ms
Total Distance 28: 0 0 0 0 0 0 0 0 0 7 0 0 0 7 0 0 0 0 0 0 0 0 0 0 0 0 0 0 0 0 0 0 7 0 0 0 0 0 0 0 0 0 0 0 0 0 0 0 0 0 0 0 0 7 0 0 0 0 0 0 0 0 0 0
Last Time Cost: 00225012 ms
Total Time Cost: 03718817 ms
Total Distance 27: 0 0 0 0 0 0 0 0 0 7 0 0 0 7 0 0 0 0 0 0 0 0 0 0 0 0 0 0 0 0 0 0 6 0 0 0 0 0 0 0 0 0 0 0 0 0 0 0 0 0 0 0 0 7 0 0 0 0 0 0 0 0 0 0
Last Time Cost: 00000333 ms
Total Time Cost: 03719150 ms
Total Distance 26: 0 0 0 0 0 0 0 0 0 7 0 0 0 7 0 0 0 0 0 0 0 0 0 0 0 0 0 0 0 0 0 0 5 0 0 0 0 0 0 0 0 0 0 0 0 0 0 0 0 0 0 0 0 7 0 0 0 0 0 0 0 0 0 0
Last Time Cost: 00000230 ms
Total Time Cost: 03719380 ms
Total Distance 25: 0 0 0 0 0 0 0 0 0 7 0 0 0 7 0 0 0 0 0 0 0 0 0 0 0 0 0 0 0 0 0 0 4 0 0 0 0 0 0 0 0 0 0 0 0 0 0 0 0 0 0 0 0 7 0 0 0 0 0 0 0 0 0 0
Last Time Cost: 00000032 ms
Total Time Cost: 03719412 ms
Total Distance 24: 0 0 0 0 0 0 0 0 0 7 0 0 0 7 0 0 0 0 0 0 0 0 0 0 0 0 0 0 0 0 0 0 3 0 0 0 0 0 0 0 0 0 0 0 0 0 0 0 0 0 0 0 0 7 0 0 0 0 0 0 0 0 0 0
Last Time Cost: 00000018 ms
Total Time Cost: 03719430 ms
Total Distance 23: 0 0 0 0 0 0 0 0 0 7 0 0 0 7 0 0 0 0 0 0 0 0 0 0 0 0 0 0 0 0 0 0 2 0 0 0 0 0 0 0 0 0 0 0 0 0 0 0 0 0 0 0 0 7 0 0 0 0 0 0 0 0 0 0
Last Time Cost: 00000014 ms
Total Time Cost: 03719444 ms
Total Distance 22: 0 0 0 0 0 0 0 0 0 7 0 0 0 7 0 0 0 0 0 0 0 0 0 0 0 0 0 0 0 0 0 0 1 0 0 0 0 0 0 0 0 0 0 0 0 0 0 0 0 0 0 0 0 7 0 0 0 0 0 0 0 0 0 0
Last Time Cost: 00000010 ms
Total Time Cost: 03719454 ms
Total Distance 21: 0 0 0 0 0 0 0 0 0 7 0 0 0 7 0 0 0 0 0 0 0 0 0 0 0 0 0 0 0 0 0 0 0 0 0 0 0 0 0 0 0 0 0 0 0 0 0 0 0 0 0 0 0 7 0 0 0 0 0 0 0 0 0 0
Last Time Cost: 00219600 ms
Total Time Cost: 03939054 ms
Total Distance 20: 0 0 0 0 0 0 0 0 0 6 0 0 0 7 0 0 0 0 0 0 0 0 0 0 0 0 0 0 0 0 0 0 0 0 0 0 0 0 0 0 0 0 0 0 0 0 0 0 0 0 0 0 0 7 0 0 0 0 0 0 0 0 0 0
Last Time Cost: 00000703 ms
Total Time Cost: 03939757 ms
Total Distance 19: 0 0 0 0 0 0 0 0 0 5 0 0 0 7 0 0 0 0 0 0 0 0 0 0 0 0 0 0 0 0 0 0 0 0 0 0 0 0 0 0 0 0 0 0 0 0 0 0 0 0 0 0 0 7 0 0 0 0 0 0 0 0 0 0
Last Time Cost: 00000231 ms
Total Time Cost: 03939988 ms
Total Distance 18: 0 0 0 0 0 0 0 0 0 4 0 0 0 7 0 0 0 0 0 0 0 0 0 0 0 0 0 0 0 0 0 0 0 0 0 0 0 0 0 0 0 0 0 0 0 0 0 0 0 0 0 0 0 7 0 0 0 0 0 0 0 0 0 0
Last Time Cost: 00000020 ms
Total Time Cost: 03940008 ms
Total Distance 17: 0 0 0 0 0 0 0 0 0 3 0 0 0 7 0 0 0 0 0 0 0 0 0 0 0 0 0 0 0 0 0 0 0 0 0 0 0 0 0 0 0 0 0 0 0 0 0 0 0 0 0 0 0 7 0 0 0 0 0 0 0 0 0 0
Last Time Cost: 00000016 ms
Total Time Cost: 03940024 ms
Total Distance 16: 0 0 0 0 0 0 0 0 0 2 0 0 0 7 0 0 0 0 0 0 0 0 0 0 0 0 0 0 0 0 0 0 0 0 0 0 0 0 0 0 0 0 0 0 0 0 0 0 0 0 0 0 0 7 0 0 0 0 0 0 0 0 0 0
Last Time Cost: 00000012 ms
Total Time Cost: 03940036 ms
Total Distance 15: 0 0 0 0 0 0 0 0 0 1 0 0 0 7 0 0 0 0 0 0 0 0 0 0 0 0 0 0 0 0 0 0 0 0 0 0 0 0 0 0 0 0 0 0 0 0 0 0 0 0 0 0 0 7 0 0 0 0 0 0 0 0 0 0
Last Time Cost: 00000010 ms
Total Time Cost: 03940046 ms
Total Distance 14: 0 0 0 0 0 0 0 0 0 0 0 0 0 7 0 0 0 0 0 0 0 0 0 0 0 0 0 0 0 0 0 0 0 0 0 0 0 0 0 0 0 0 0 0 0 0 0 0 0 0 0 0 0 7 0 0 0 0 0 0 0 0 0 0
Last Time Cost: 00149267 ms
Total Time Cost: 04089313 ms
Total Distance 13: 0 0 0 0 0 0 0 0 0 0 0 0 0 7 0 0 0 0 0 0 0 0 0 0 0 0 0 0 0 0 0 0 0 0 0 0 0 0 0 0 0 0 0 0 0 0 0 0 0 0 0 0 0 6 0 0 0 0 0 0 0 0 0 0
Last Time Cost: 00000479 ms
Total Time Cost: 04089792 ms
Total Distance 12: 0 0 0 0 0 0 0 0 0 0 0 0 0 7 0 0 0 0 0 0 0 0 0 0 0 0 0 0 0 0 0 0 0 0 0 0 0 0 0 0 0 0 0 0 0 0 0 0 0 0 0 0 0 5 0 0 0 0 0 0 0 0 0 0
Last Time Cost: 00000236 ms
Total Time Cost: 04090028 ms
Total Distance 11: 0 0 0 0 0 0 0 0 0 0 0 0 0 7 0 0 0 0 0 0 0 0 0 0 0 0 0 0 0 0 0 0 0 0 0 0 0 0 0 0 0 0 0 0 0 0 0 0 0 0 0 0 0 4 0 0 0 0 0 0 0 0 0 0
Last Time Cost: 00000016 ms
Total Time Cost: 04090044 ms
Total Distance 10: 0 0 0 0 0 0 0 0 0 0 0 0 0 7 0 0 0 0 0 0 0 0 0 0 0 0 0 0 0 0 0 0 0 0 0 0 0 0 0 0 0 0 0 0 0 0 0 0 0 0 0 0 0 3 0 0 0 0 0 0 0 0 0 0
Last Time Cost: 00000014 ms
Total Time Cost: 04090058 ms
Total Distance 9: 0 0 0 0 0 0 0 0 0 0 0 0 0 7 0 0 0 0 0 0 0 0 0 0 0 0 0 0 0 0 0 0 0 0 0 0 0 0 0 0 0 0 0 0 0 0 0 0 0 0 0 0 0 2 0 0 0 0 0 0 0 0 0 0
Last Time Cost: 00000012 ms
Total Time Cost: 04090070 ms
Total Distance 8: 0 0 0 0 0 0 0 0 0 0 0 0 0 7 0 0 0 0 0 0 0 0 0 0 0 0 0 0 0 0 0 0 0 0 0 0 0 0 0 0 0 0 0 0 0 0 0 0 0 0 0 0 0 1 0 0 0 0 0 0 0 0 0 0
Last Time Cost: 00000011 ms
Total Time Cost: 04090081 ms
Total Distance 7: 0 0 0 0 0 0 0 0 0 0 0 0 0 7 0 0 0 0 0 0 0 0 0 0 0 0 0 0 0 0 0 0 0 0 0 0 0 0 0 0 0 0 0 0 0 0 0 0 0 0 0 0 0 0 0 0 0 0 0 0 0 0 0 0
Last Time Cost: 00092845 ms
Total Time Cost: 04182926 ms
Total Distance 6: 0 0 0 0 0 0 0 0 0 0 0 0 0 6 0 0 0 0 0 0 0 0 0 0 0 0 0 0 0 0 0 0 0 0 0 0 0 0 0 0 0 0 0 0 0 0 0 0 0 0 0 0 0 0 0 0 0 0 0 0 0 0 0 0
Last Time Cost: 00000750 ms
Total Time Cost: 04183676 ms
Total Distance 5: 0 0 0 0 0 0 0 0 0 0 0 0 0 5 0 0 0 0 0 0 0 0 0 0 0 0 0 0 0 0 0 0 0 0 0 0 0 0 0 0 0 0 0 0 0 0 0 0 0 0 0 0 0 0 0 0 0 0 0 0 0 0 0 0
Last Time Cost: 00000238 ms
Total Time Cost: 04183914 ms
Total Distance 4: 0 0 0 0 0 0 0 0 0 0 0 0 0 4 0 0 0 0 0 0 0 0 0 0 0 0 0 0 0 0 0 0 0 0 0 0 0 0 0 0 0 0 0 0 0 0 0 0 0 0 0 0 0 0 0 0 0 0 0 0 0 0 0 0
Last Time Cost: 00000002 ms
Total Time Cost: 04183916 ms
Total Distance 3: 0 0 0 0 0 0 0 0 0 0 0 0 0 3 0 0 0 0 0 0 0 0 0 0 0 0 0 0 0 0 0 0 0 0 0 0 0 0 0 0 0 0 0 0 0 0 0 0 0 0 0 0 0 0 0 0 0 0 0 0 0 0 0 0
Last Time Cost: 00000001 ms
Total Time Cost: 04183917 ms
Total Distance 2: 0 0 0 0 0 0 0 0 0 0 0 0 0 2 0 0 0 0 0 0 0 0 0 0 0 0 0 0 0 0 0 0 0 0 0 0 0 0 0 0 0 0 0 0 0 0 0 0 0 0 0 0 0 0 0 0 0 0 0 0 0 0 0 0
Last Time Cost: 00000000 ms
Total Time Cost: 04183917 ms
Total Distance 1: 0 0 0 0 0 0 0 0 0 0 0 0 0 1 0 0 0 0 0 0 0 0 0 0 0 0 0 0 0 0 0 0 0 0 0 0 0 0 0 0 0 0 0 0 0 0 0 0 0 0 0 0 0 0 0 0 0 0 0 0 0 0 0 0
Last Time Cost: 00000000 ms
Total Time Cost: 04183917 ms
Total Distance 0: 0 0 0 0 0 0 0 0 0 0 0 0 0 0 0 0 0 0 0 0 0 0 0 0 0 0 0 0 0 0 0 0 0 0 0 0 0 0 0 0 0 0 0 0 0 0 0 0 0 0 0 0 0 0 0 0 0 0 0 0 0 0 0 0
