Last Time Cost: 00000000 ms
Total Time Cost: 00000000 ms
Total Distance 188: 3 3 3 3 3 5 5 5 5 5 4 3 3 3 3 3 3 5 5 5 5 5 4 3 3 3 3 3 3 5 5 5 5 5 4 3 3 3 3 3 3 5 5 5 5 5 4 3
Last Time Cost: 00000005 ms
Total Time Cost: 00000005 ms
Total Distance 185: 3 3 3 3 3 5 5 5 5 5 3 3 3 3 3 3 2 5 5 5 5 4 4 3 3 3 3 3 3 5 5 5 5 5 4 3 3 3 3 3 3 5 5 5 5 5 4 3
Last Time Cost: 00000002 ms
Total Time Cost: 00000007 ms
Total Distance 182: 3 3 3 3 3 5 5 5 5 5 3 3 3 3 3 3 2 5 5 5 5 4 4 3 3 3 3 3 3 5 5 5 5 5 3 3 3 3 3 3 2 5 5 5 5 4 4 3
Last Time Cost: 00000002 ms
Total Time Cost: 00000009 ms
Total Distance 179: 3 3 3 3 3 5 5 5 5 5 3 3 3 3 3 3 2 5 5 5 5 4 3 3 3 3 3 3 2 5 5 5 5 4 3 3 3 3 3 3 2 5 5 5 5 4 4 3
Last Time Cost: 00000003 ms
Total Time Cost: 00000012 ms
Total Distance 176: 3 3 3 3 2 5 5 5 5 4 3 3 3 3 3 3 2 5 5 5 5 4 3 3 3 3 3 3 2 5 5 5 5 4 3 3 3 3 3 3 2 5 5 5 5 4 3 3
Last Time Cost: 00000002 ms
Total Time Cost: 00000014 ms
Total Distance 173: 3 3 3 3 2 5 5 5 5 4 3 3 3 3 3 3 2 5 5 5 4 4 3 3 3 3 2 3 2 5 5 4 5 4 3 3 3 3 3 3 2 5 5 5 5 4 3 3
Last Time Cost: 00000001 ms
Total Time Cost: 00000015 ms
Total Distance 170: 3 3 3 3 2 5 5 5 4 4 3 3 3 3 2 3 2 5 5 4 4 4 3 3 3 3 2 3 2 5 5 4 5 4 3 3 3 3 3 3 2 5 5 5 5 4 3 3
Last Time Cost: 00000001 ms
Total Time Cost: 00000016 ms
Total Distance 167: 2 3 3 3 2 4 5 5 4 4 3 3 3 3 2 3 2 5 5 4 4 4 3 3 3 3 2 3 2 5 5 4 5 4 3 3 3 3 3 3 2 5 4 5 5 4 3 3
Last Time Cost: 00000001 ms
Total Time Cost: 00000017 ms
Total Distance 164: 2 3 3 3 2 4 5 4 4 4 3 3 3 2 2 3 2 5 4 4 4 4 3 3 3 3 2 3 2 5 5 4 5 4 3 3 3 3 3 3 2 5 4 5 5 4 3 3
Last Time Cost: 00000001 ms
Total Time Cost: 00000018 ms
Total Distance 161: 2 2 3 3 2 4 4 4 4 4 3 3 3 2 2 3 2 5 4 4 4 4 3 3 3 3 2 3 2 5 5 4 5 4 3 3 3 3 3 3 2 5 4 4 5 4 3 3
Last Time Cost: 00000001 ms
Total Time Cost: 00000019 ms
Total Distance 158: 2 2 3 3 2 4 4 4 4 4 3 3 3 2 2 3 2 5 4 4 4 4 3 3 3 3 2 3 2 5 4 4 5 4 3 3 2 3 3 3 2 4 4 4 5 4 3 3
Last Time Cost: 00000001 ms
Total Time Cost: 00000020 ms
Total Distance 156: 2 2 3 3 2 4 3 4 4 4 3 3 3 2 2 3 2 5 4 4 4 4 3 3 2 3 2 3 2 5 4 4 5 4 3 3 2 3 3 3 2 4 4 4 5 4 3 3
Last Time Cost: 00000002 ms
Total Time Cost: 00000022 ms
Total Distance 154: 2 2 3 3 2 4 3 4 4 4 3 3 3 2 2 3 2 5 4 4 4 4 2 3 2 3 2 3 2 5 4 4 5 3 3 3 2 3 3 3 2 4 4 4 5 4 3 3
Last Time Cost: 00000001 ms
Total Time Cost: 00000023 ms
Total Distance 152: 2 2 3 2 2 4 3 4 4 4 3 3 3 2 2 3 2 5 4 4 4 4 2 3 2 3 2 3 2 5 4 4 5 2 3 3 2 3 3 3 2 4 4 4 5 4 3 3
Last Time Cost: 00000001 ms
Total Time Cost: 00000024 ms
Total Distance 150: 2 2 3 2 2 4 3 4 4 3 3 3 3 2 2 3 2 5 4 4 4 4 2 3 2 3 2 3 2 5 4 4 5 2 3 3 2 3 3 3 2 4 4 4 5 4 2 3
Last Time Cost: 00000001 ms
Total Time Cost: 00000025 ms
Total Distance 148: 2 2 3 2 2 4 3 4 4 2 3 3 3 2 2 3 2 5 4 4 4 4 2 3 2 3 2 2 2 5 4 4 5 2 3 3 2 3 3 3 2 4 4 4 5 4 2 3
Last Time Cost: 00000001 ms
Total Time Cost: 00000026 ms
Total Distance 146: 2 2 3 2 2 4 2 4 4 2 3 3 3 2 2 3 2 5 4 4 4 4 2 3 2 3 2 2 2 5 4 4 5 2 3 3 2 3 3 3 2 4 4 3 5 4 2 3
Last Time Cost: 00000001 ms
Total Time Cost: 00000027 ms
Total Distance 144: 2 2 3 2 2 4 2 4 4 2 3 3 3 2 2 3 2 5 4 4 4 3 2 3 2 3 2 2 2 5 4 4 5 2 3 3 2 3 3 2 2 4 4 3 5 4 2 3
Last Time Cost: 00000002 ms
Total Time Cost: 00000029 ms
Total Distance 142: 2 2 3 2 2 4 2 4 4 2 2 3 3 2 2 3 2 5 4 4 4 2 2 3 2 3 2 2 2 5 4 4 5 2 3 3 2 3 3 2 2 4 4 3 5 4 2 3
Last Time Cost: 00000001 ms
Total Time Cost: 00000030 ms
Total Distance 140: 2 2 3 2 2 4 2 4 4 2 2 3 3 2 2 3 2 5 4 4 4 2 2 2 2 3 2 2 2 5 4 4 5 2 3 3 2 3 3 2 2 3 4 3 5 4 2 3
Last Time Cost: 00000001 ms
Total Time Cost: 00000031 ms
Total Distance 138: 2 2 3 2 1 4 2 4 4 2 2 3 3 2 2 3 2 5 4 4 4 2 2 2 2 3 2 2 2 5 4 4 5 2 2 3 2 3 3 2 2 3 4 3 5 4 2 3
Last Time Cost: 00000001 ms
Total Time Cost: 00000032 ms
Total Distance 137: 2 2 3 2 0 4 2 4 4 2 2 3 3 2 2 3 2 5 4 4 4 2 2 2 2 3 2 2 2 5 4 4 5 2 2 3 2 3 3 2 2 3 4 3 5 4 2 3
Last Time Cost: 00000001 ms
Total Time Cost: 00000033 ms
Total Distance 135: 2 2 3 2 0 4 2 4 4 2 2 3 3 2 2 3 2 5 4 4 4 2 2 2 2 3 2 2 2 5 3 4 5 2 2 3 2 3 3 2 2 2 4 3 5 4 2 3
Last Time Cost: 00000001 ms
Total Time Cost: 00000034 ms
Total Distance 133: 2 2 3 2 0 4 2 4 4 2 2 3 3 2 2 3 2 5 4 4 4 2 2 2 2 3 2 2 2 5 3 4 5 1 2 3 2 3 3 2 2 2 4 3 4 4 2 3
Last Time Cost: 00000001 ms
Total Time Cost: 00000035 ms
Total Distance 132: 2 2 3 2 0 4 2 4 4 2 2 3 3 2 2 3 2 5 4 4 4 2 2 2 2 3 2 2 2 5 3 4 5 0 2 3 2 3 3 2 2 2 4 3 4 4 2 3
Last Time Cost: 00000001 ms
Total Time Cost: 00000036 ms
Total Distance 130: 2 2 3 2 0 4 2 4 4 2 2 3 3 2 1 3 2 5 4 4 4 2 2 2 2 3 2 2 2 5 3 4 5 0 2 3 2 3 3 2 2 2 4 3 3 4 2 3
Last Time Cost: 00000000 ms
Total Time Cost: 00000036 ms
Total Distance 129: 2 2 3 2 0 4 2 4 4 2 2 3 3 2 0 3 2 5 4 4 4 2 2 2 2 3 2 2 2 5 3 4 5 0 2 3 2 3 3 2 2 2 4 3 3 4 2 3
Last Time Cost: 00000001 ms
Total Time Cost: 00000037 ms
Total Distance 127: 2 2 3 2 0 4 2 4 4 2 2 3 3 2 0 3 2 5 4 3 4 2 2 2 2 3 2 2 2 5 3 4 5 0 2 3 2 2 3 2 2 2 4 3 3 4 2 3
Last Time Cost: 00000001 ms
Total Time Cost: 00000038 ms
Total Distance 125: 2 2 3 2 0 4 2 3 4 2 2 3 3 2 0 3 2 5 4 3 4 2 2 2 2 2 2 2 2 5 3 4 5 0 2 3 2 2 3 2 2 2 4 3 3 4 2 3
Last Time Cost: 00000002 ms
Total Time Cost: 00000040 ms
Total Distance 123: 2 2 3 2 0 4 2 3 4 2 2 3 3 2 0 3 2 5 3 3 4 2 2 2 2 2 2 2 2 5 3 4 5 0 2 3 1 2 3 2 2 2 4 3 3 4 2 3
Last Time Cost: 00000001 ms
Total Time Cost: 00000041 ms
Total Distance 122: 2 2 3 2 0 4 2 3 4 2 2 3 3 2 0 3 2 5 3 3 4 2 2 2 2 2 2 2 2 5 3 4 5 0 2 3 0 2 3 2 2 2 4 3 3 4 2 3
Last Time Cost: 00000001 ms
Total Time Cost: 00000042 ms
Total Distance 120: 1 2 3 2 0 4 2 3 4 2 2 3 3 2 0 3 2 5 3 3 4 2 2 2 2 2 2 2 2 5 2 4 5 0 2 3 0 2 3 2 2 2 4 3 3 4 2 3
Last Time Cost: 00000001 ms
Total Time Cost: 00000043 ms
Total Distance 119: 0 2 3 2 0 4 2 3 4 2 2 3 3 2 0 3 2 5 3 3 4 2 2 2 2 2 2 2 2 5 2 4 5 0 2 3 0 2 3 2 2 2 4 3 3 4 2 3
Last Time Cost: 00000001 ms
Total Time Cost: 00000044 ms
Total Distance 117: 0 2 3 2 0 4 2 2 4 2 2 3 3 2 0 3 2 5 2 3 4 2 2 2 2 2 2 2 2 5 2 4 5 0 2 3 0 2 3 2 2 2 4 3 3 4 2 3
Last Time Cost: 00000001 ms
Total Time Cost: 00000045 ms
Total Distance 115: 0 2 3 2 0 4 2 2 4 2 2 3 3 2 0 3 2 5 2 3 3 2 2 2 2 2 2 2 2 5 2 4 5 0 2 3 0 2 2 2 2 2 4 3 3 4 2 3
Last Time Cost: 00000002 ms
Total Time Cost: 00000047 ms
Total Distance 113: 0 1 3 2 0 4 2 2 4 2 2 3 3 2 0 3 2 5 2 3 3 2 2 2 2 2 2 2 2 5 2 3 5 0 2 3 0 2 2 2 2 2 4 3 3 4 2 3
Last Time Cost: 00000000 ms
Total Time Cost: 00000047 ms
Total Distance 112: 0 0 3 2 0 4 2 2 4 2 2 3 3 2 0 3 2 5 2 3 3 2 2 2 2 2 2 2 2 5 2 3 5 0 2 3 0 2 2 2 2 2 4 3 3 4 2 3
Last Time Cost: 00000002 ms
Total Time Cost: 00000049 ms
Total Distance 110: 0 0 3 2 0 4 2 2 4 2 2 3 3 2 0 3 2 5 2 3 2 2 2 2 2 2 2 2 2 5 2 2 5 0 2 3 0 2 2 2 2 2 4 3 3 4 2 3
Last Time Cost: 00000002 ms
Total Time Cost: 00000051 ms
Total Distance 108: 0 0 3 2 0 4 2 2 3 2 2 3 3 2 0 3 2 5 2 2 2 2 2 2 2 2 2 2 2 5 2 2 5 0 2 3 0 2 2 2 2 2 4 3 3 4 2 3
Last Time Cost: 00000002 ms
Total Time Cost: 00000053 ms
Total Distance 106: 0 0 3 2 0 4 2 2 3 2 2 3 2 2 0 3 2 5 2 2 2 2 2 2 2 2 2 2 2 5 2 2 5 0 2 3 0 2 2 2 2 2 3 3 3 4 2 3
Last Time Cost: 00000002 ms
Total Time Cost: 00000055 ms
Total Distance 104: 0 0 3 2 0 4 2 2 3 2 2 3 2 2 0 2 2 5 2 2 2 2 2 2 2 2 2 2 2 5 2 2 5 0 2 3 0 2 2 2 2 2 3 3 3 3 2 3
Last Time Cost: 00000002 ms
Total Time Cost: 00000057 ms
Total Distance 102: 0 0 3 2 0 4 2 2 2 2 2 3 2 2 0 2 2 5 2 2 2 2 2 2 2 2 1 2 2 5 2 2 5 0 2 3 0 2 2 2 2 2 3 3 3 3 2 3
Last Time Cost: 00000000 ms
Total Time Cost: 00000057 ms
Total Distance 101: 0 0 3 2 0 4 2 2 2 2 2 3 2 2 0 2 2 5 2 2 2 2 2 2 2 2 0 2 2 5 2 2 5 0 2 3 0 2 2 2 2 2 3 3 3 3 2 3
Last Time Cost: 00000002 ms
Total Time Cost: 00000059 ms
Total Distance 99: 0 0 3 2 0 3 2 2 2 2 2 3 2 2 0 2 2 5 2 2 2 2 2 2 2 2 0 2 2 5 2 2 5 0 2 2 0 2 2 2 2 2 3 3 3 3 2 3
Last Time Cost: 00000002 ms
Total Time Cost: 00000061 ms
Total Distance 97: 0 0 3 2 0 3 2 2 2 2 2 3 2 2 0 2 1 5 2 2 2 2 2 2 2 2 0 2 2 5 2 2 5 0 2 2 0 2 2 2 2 2 3 3 3 3 1 3
Last Time Cost: 00000000 ms
Total Time Cost: 00000061 ms
Total Distance 96: 0 0 3 2 0 3 2 2 2 2 2 3 2 2 0 2 0 5 2 2 2 2 2 2 2 2 0 2 2 5 2 2 5 0 2 2 0 2 2 2 2 2 3 3 3 3 1 3
Last Time Cost: 00000000 ms
Total Time Cost: 00000061 ms
Total Distance 95: 0 0 3 2 0 3 2 2 2 2 2 3 2 2 0 2 0 5 2 2 2 2 2 2 2 2 0 2 2 5 2 2 5 0 2 2 0 2 2 2 2 2 3 3 3 3 0 3
Last Time Cost: 00000002 ms
Total Time Cost: 00000063 ms
Total Distance 93: 0 0 3 2 0 3 2 2 2 2 2 3 2 2 0 2 0 5 2 2 2 2 2 2 2 2 0 2 2 4 2 2 5 0 2 2 0 2 2 2 2 2 3 3 3 3 0 2
Last Time Cost: 00000002 ms
Total Time Cost: 00000065 ms
Total Distance 91: 0 0 3 2 0 3 1 2 2 2 2 3 2 2 0 2 0 4 2 2 2 2 2 2 2 2 0 2 2 4 2 2 5 0 2 2 0 2 2 2 2 2 3 3 3 3 0 2
Last Time Cost: 00000000 ms
Total Time Cost: 00000065 ms
Total Distance 90: 0 0 3 2 0 3 0 2 2 2 2 3 2 2 0 2 0 4 2 2 2 2 2 2 2 2 0 2 2 4 2 2 5 0 2 2 0 2 2 2 2 2 3 3 3 3 0 2
Last Time Cost: 00000001 ms
Total Time Cost: 00000066 ms
Total Distance 88: 0 0 3 2 0 3 0 2 2 2 2 3 2 2 0 2 0 3 2 2 2 2 2 2 2 2 0 2 2 4 2 2 5 0 2 2 0 2 2 2 2 2 3 3 3 3 0 1
Last Time Cost: 00000000 ms
Total Time Cost: 00000066 ms
Total Distance 87: 0 0 3 2 0 3 0 2 2 2 2 3 2 2 0 2 0 3 2 2 2 2 2 2 2 2 0 2 2 4 2 2 5 0 2 2 0 2 2 2 2 2 3 3 3 3 0 0
Last Time Cost: 00000001 ms
Total Time Cost: 00000067 ms
Total Distance 85: 0 0 3 2 0 3 0 2 2 2 2 2 2 2 0 2 0 3 2 2 2 2 2 2 2 2 0 2 2 3 2 2 5 0 2 2 0 2 2 2 2 2 3 3 3 3 0 0
Last Time Cost: 00000001 ms
Total Time Cost: 00000068 ms
Total Distance 83: 0 0 2 2 0 3 0 2 2 2 2 2 2 2 0 2 0 3 2 2 2 2 2 2 2 2 0 2 2 3 2 2 4 0 2 2 0 2 2 2 2 2 3 3 3 3 0 0
Last Time Cost: 00000001 ms
Total Time Cost: 00000069 ms
Total Distance 81: 0 0 2 2 0 3 0 2 2 2 2 2 2 1 0 2 0 3 2 2 2 2 2 2 2 2 0 2 2 3 2 2 4 0 2 2 0 2 2 2 2 2 3 2 3 3 0 0
Last Time Cost: 00000000 ms
Total Time Cost: 00000069 ms
Total Distance 80: 0 0 2 2 0 3 0 2 2 2 2 2 2 0 0 2 0 3 2 2 2 2 2 2 2 2 0 2 2 3 2 2 4 0 2 2 0 2 2 2 2 2 3 2 3 3 0 0
Last Time Cost: 00000001 ms
Total Time Cost: 00000070 ms
Total Distance 78: 0 0 2 2 0 3 0 2 2 2 2 2 2 0 0 2 0 3 2 2 2 2 2 2 2 2 0 2 2 3 2 2 3 0 2 2 0 2 2 2 2 2 3 1 3 3 0 0
Last Time Cost: 00000000 ms
Total Time Cost: 00000070 ms
Total Distance 77: 0 0 2 2 0 3 0 2 2 2 2 2 2 0 0 2 0 3 2 2 2 2 2 2 2 2 0 2 2 3 2 2 3 0 2 2 0 2 2 2 2 2 3 0 3 3 0 0
Last Time Cost: 00000001 ms
Total Time Cost: 00000071 ms
Total Distance 76: 0 0 2 1 0 3 0 2 2 2 2 2 2 0 0 2 0 3 2 2 2 2 2 2 2 2 0 2 2 3 2 2 3 0 2 2 0 2 2 2 2 2 3 0 3 3 0 0
Last Time Cost: 00000000 ms
Total Time Cost: 00000071 ms
Total Distance 75: 0 0 2 0 0 3 0 2 2 2 2 2 2 0 0 2 0 3 2 2 2 2 2 2 2 2 0 2 2 3 2 2 3 0 2 2 0 2 2 2 2 2 3 0 3 3 0 0
Last Time Cost: 00000001 ms
Total Time Cost: 00000072 ms
Total Distance 74: 0 0 2 0 0 3 0 2 2 2 2 2 2 0 0 2 0 3 2 2 2 2 2 2 2 2 0 2 2 3 2 1 3 0 2 2 0 2 2 2 2 2 3 0 3 3 0 0
Last Time Cost: 00000000 ms
Total Time Cost: 00000072 ms
Total Distance 73: 0 0 2 0 0 3 0 2 2 2 2 2 2 0 0 2 0 3 2 2 2 2 2 2 2 2 0 2 2 3 2 0 3 0 2 2 0 2 2 2 2 2 3 0 3 3 0 0
Last Time Cost: 00000001 ms
Total Time Cost: 00000073 ms
Total Distance 72: 0 0 2 0 0 3 0 2 2 2 2 2 2 0 0 2 0 3 2 2 2 2 2 2 2 2 0 2 2 3 2 0 3 0 2 2 0 2 1 2 2 2 3 0 3 3 0 0
Last Time Cost: 00000000 ms
Total Time Cost: 00000073 ms
Total Distance 71: 0 0 2 0 0 3 0 2 2 2 2 2 2 0 0 2 0 3 2 2 2 2 2 2 2 2 0 2 2 3 2 0 3 0 2 2 0 2 0 2 2 2 3 0 3 3 0 0
Last Time Cost: 00000001 ms
Total Time Cost: 00000074 ms
Total Distance 70: 0 0 2 0 0 3 0 2 2 2 2 2 2 0 0 2 0 3 2 1 2 2 2 2 2 2 0 2 2 3 2 0 3 0 2 2 0 2 0 2 2 2 3 0 3 3 0 0
Last Time Cost: 00000000 ms
Total Time Cost: 00000074 ms
Total Distance 69: 0 0 2 0 0 3 0 2 2 2 2 2 2 0 0 2 0 3 2 0 2 2 2 2 2 2 0 2 2 3 2 0 3 0 2 2 0 2 0 2 2 2 3 0 3 3 0 0
Last Time Cost: 00000001 ms
Total Time Cost: 00000075 ms
Total Distance 68: 0 0 1 0 0 3 0 2 2 2 2 2 2 0 0 2 0 3 2 0 2 2 2 2 2 2 0 2 2 3 2 0 3 0 2 2 0 2 0 2 2 2 3 0 3 3 0 0
Last Time Cost: 00000000 ms
Total Time Cost: 00000075 ms
Total Distance 67: 0 0 0 0 0 3 0 2 2 2 2 2 2 0 0 2 0 3 2 0 2 2 2 2 2 2 0 2 2 3 2 0 3 0 2 2 0 2 0 2 2 2 3 0 3 3 0 0
Last Time Cost: 00000001 ms
Total Time Cost: 00000076 ms
Total Distance 66: 0 0 0 0 0 3 0 2 2 2 1 2 2 0 0 2 0 3 2 0 2 2 2 2 2 2 0 2 2 3 2 0 3 0 2 2 0 2 0 2 2 2 3 0 3 3 0 0
Last Time Cost: 00000000 ms
Total Time Cost: 00000076 ms
Total Distance 65: 0 0 0 0 0 3 0 2 2 2 0 2 2 0 0 2 0 3 2 0 2 2 2 2 2 2 0 2 2 3 2 0 3 0 2 2 0 2 0 2 2 2 3 0 3 3 0 0
Last Time Cost: 00000001 ms
Total Time Cost: 00000077 ms
Total Distance 64: 0 0 0 0 0 3 0 2 2 2 0 2 2 0 0 2 0 3 2 0 2 2 2 2 2 2 0 2 2 3 2 0 3 0 2 1 0 2 0 2 2 2 3 0 3 3 0 0
Last Time Cost: 00000000 ms
Total Time Cost: 00000077 ms
Total Distance 63: 0 0 0 0 0 3 0 2 2 2 0 2 2 0 0 2 0 3 2 0 2 2 2 2 2 2 0 2 2 3 2 0 3 0 2 0 0 2 0 2 2 2 3 0 3 3 0 0
Last Time Cost: 00000001 ms
Total Time Cost: 00000078 ms
Total Distance 61: 0 0 0 0 0 2 0 2 2 2 0 2 2 0 0 2 0 3 2 0 2 2 2 2 2 2 0 2 2 3 2 0 3 0 2 0 0 2 0 2 2 2 2 0 3 3 0 0
Last Time Cost: 00000001 ms
Total Time Cost: 00000079 ms
Total Distance 60: 0 0 0 0 0 2 0 2 2 2 0 2 2 0 0 2 0 3 2 0 2 2 2 2 2 2 0 2 2 3 2 0 3 0 2 0 0 1 0 2 2 2 2 0 3 3 0 0
Last Time Cost: 00000000 ms
Total Time Cost: 00000079 ms
Total Distance 59: 0 0 0 0 0 2 0 2 2 2 0 2 2 0 0 2 0 3 2 0 2 2 2 2 2 2 0 2 2 3 2 0 3 0 2 0 0 0 0 2 2 2 2 0 3 3 0 0
Last Time Cost: 00000001 ms
Total Time Cost: 00000080 ms
Total Distance 58: 0 0 0 0 0 2 0 2 2 2 0 2 2 0 0 1 0 3 2 0 2 2 2 2 2 2 0 2 2 3 2 0 3 0 2 0 0 0 0 2 2 2 2 0 3 3 0 0
Last Time Cost: 00000000 ms
Total Time Cost: 00000080 ms
Total Distance 57: 0 0 0 0 0 2 0 2 2 2 0 2 2 0 0 0 0 3 2 0 2 2 2 2 2 2 0 2 2 3 2 0 3 0 2 0 0 0 0 2 2 2 2 0 3 3 0 0
Last Time Cost: 00000001 ms
Total Time Cost: 00000081 ms
Total Distance 56: 0 0 0 0 0 2 0 2 2 2 0 2 1 0 0 0 0 3 2 0 2 2 2 2 2 2 0 2 2 3 2 0 3 0 2 0 0 0 0 2 2 2 2 0 3 3 0 0
Last Time Cost: 00000000 ms
Total Time Cost: 00000081 ms
Total Distance 55: 0 0 0 0 0 2 0 2 2 2 0 2 0 0 0 0 0 3 2 0 2 2 2 2 2 2 0 2 2 3 2 0 3 0 2 0 0 0 0 2 2 2 2 0 3 3 0 0
Last Time Cost: 00000001 ms
Total Time Cost: 00000082 ms
Total Distance 54: 0 0 0 0 0 2 0 2 2 2 0 2 0 0 0 0 0 3 2 0 2 2 2 2 2 2 0 1 2 3 2 0 3 0 2 0 0 0 0 2 2 2 2 0 3 3 0 0
Last Time Cost: 00000000 ms
Total Time Cost: 00000082 ms
Total Distance 53: 0 0 0 0 0 2 0 2 2 2 0 2 0 0 0 0 0 3 2 0 2 2 2 2 2 2 0 0 2 3 2 0 3 0 2 0 0 0 0 2 2 2 2 0 3 3 0 0
Last Time Cost: 00000001 ms
Total Time Cost: 00000083 ms
Total Distance 52: 0 0 0 0 0 2 0 2 2 2 0 2 0 0 0 0 0 3 1 0 2 2 2 2 2 2 0 0 2 3 2 0 3 0 2 0 0 0 0 2 2 2 2 0 3 3 0 0
Last Time Cost: 00000000 ms
Total Time Cost: 00000083 ms
Total Distance 51: 0 0 0 0 0 2 0 2 2 2 0 2 0 0 0 0 0 3 0 0 2 2 2 2 2 2 0 0 2 3 2 0 3 0 2 0 0 0 0 2 2 2 2 0 3 3 0 0
Last Time Cost: 00000001 ms
Total Time Cost: 00000084 ms
Total Distance 50: 0 0 0 0 0 2 0 2 2 2 0 2 0 0 0 0 0 3 0 0 2 2 2 2 2 2 0 0 1 3 2 0 3 0 2 0 0 0 0 2 2 2 2 0 3 3 0 0
Last Time Cost: 00000000 ms
Total Time Cost: 00000084 ms
Total Distance 49: 0 0 0 0 0 2 0 2 2 2 0 2 0 0 0 0 0 3 0 0 2 2 2 2 2 2 0 0 0 3 2 0 3 0 2 0 0 0 0 2 2 2 2 0 3 3 0 0
Last Time Cost: 00000001 ms
Total Time Cost: 00000085 ms
Total Distance 48: 0 0 0 0 0 2 0 2 2 1 0 2 0 0 0 0 0 3 0 0 2 2 2 2 2 2 0 0 0 3 2 0 3 0 2 0 0 0 0 2 2 2 2 0 3 3 0 0
Last Time Cost: 00000000 ms
Total Time Cost: 00000085 ms
Total Distance 47: 0 0 0 0 0 2 0 2 2 0 0 2 0 0 0 0 0 3 0 0 2 2 2 2 2 2 0 0 0 3 2 0 3 0 2 0 0 0 0 2 2 2 2 0 3 3 0 0
Last Time Cost: 00000001 ms
Total Time Cost: 00000086 ms
Total Distance 46: 0 0 0 0 0 2 0 2 1 0 0 2 0 0 0 0 0 3 0 0 2 2 2 2 2 2 0 0 0 3 2 0 3 0 2 0 0 0 0 2 2 2 2 0 3 3 0 0
Last Time Cost: 00000000 ms
Total Time Cost: 00000086 ms
Total Distance 45: 0 0 0 0 0 2 0 2 0 0 0 2 0 0 0 0 0 3 0 0 2 2 2 2 2 2 0 0 0 3 2 0 3 0 2 0 0 0 0 2 2 2 2 0 3 3 0 0
Last Time Cost: 00000000 ms
Total Time Cost: 00000086 ms
Total Distance 44: 0 0 0 0 0 2 0 2 0 0 0 2 0 0 0 0 0 3 0 0 1 2 2 2 2 2 0 0 0 3 2 0 3 0 2 0 0 0 0 2 2 2 2 0 3 3 0 0
Last Time Cost: 00000000 ms
Total Time Cost: 00000086 ms
Total Distance 43: 0 0 0 0 0 2 0 2 0 0 0 2 0 0 0 0 0 3 0 0 0 2 2 2 2 2 0 0 0 3 2 0 3 0 2 0 0 0 0 2 2 2 2 0 3 3 0 0
Last Time Cost: 00000001 ms
Total Time Cost: 00000087 ms
Total Distance 42: 0 0 0 0 0 2 0 2 0 0 0 2 0 0 0 0 0 3 0 0 0 2 2 2 2 1 0 0 0 3 2 0 3 0 2 0 0 0 0 2 2 2 2 0 3 3 0 0
Last Time Cost: 00000000 ms
Total Time Cost: 00000087 ms
Total Distance 41: 0 0 0 0 0 2 0 2 0 0 0 2 0 0 0 0 0 3 0 0 0 2 2 2 2 0 0 0 0 3 2 0 3 0 2 0 0 0 0 2 2 2 2 0 3 3 0 0
Last Time Cost: 00000001 ms
Total Time Cost: 00000088 ms
Total Distance 40: 0 0 0 0 0 2 0 2 0 0 0 2 0 0 0 0 0 3 0 0 0 2 2 2 1 0 0 0 0 3 2 0 3 0 2 0 0 0 0 2 2 2 2 0 3 3 0 0
Last Time Cost: 00000000 ms
Total Time Cost: 00000088 ms
Total Distance 39: 0 0 0 0 0 2 0 2 0 0 0 2 0 0 0 0 0 3 0 0 0 2 2 2 0 0 0 0 0 3 2 0 3 0 2 0 0 0 0 2 2 2 2 0 3 3 0 0
Last Time Cost: 00000001 ms
Total Time Cost: 00000089 ms
Total Distance 38: 0 0 0 0 0 2 0 2 0 0 0 1 0 0 0 0 0 3 0 0 0 2 2 2 0 0 0 0 0 3 2 0 3 0 2 0 0 0 0 2 2 2 2 0 3 3 0 0
Last Time Cost: 00000000 ms
Total Time Cost: 00000089 ms
Total Distance 37: 0 0 0 0 0 2 0 2 0 0 0 0 0 0 0 0 0 3 0 0 0 2 2 2 0 0 0 0 0 3 2 0 3 0 2 0 0 0 0 2 2 2 2 0 3 3 0 0
Last Time Cost: 00000001 ms
Total Time Cost: 00000090 ms
Total Distance 36: 0 0 0 0 0 2 0 1 0 0 0 0 0 0 0 0 0 3 0 0 0 2 2 2 0 0 0 0 0 3 2 0 3 0 2 0 0 0 0 2 2 2 2 0 3 3 0 0
Last Time Cost: 00000000 ms
Total Time Cost: 00000090 ms
Total Distance 35: 0 0 0 0 0 2 0 0 0 0 0 0 0 0 0 0 0 3 0 0 0 2 2 2 0 0 0 0 0 3 2 0 3 0 2 0 0 0 0 2 2 2 2 0 3 3 0 0
Last Time Cost: 00000001 ms
Total Time Cost: 00000091 ms
Total Distance 34: 0 0 0 0 0 2 0 0 0 0 0 0 0 0 0 0 0 3 0 0 0 2 2 2 0 0 0 0 0 3 2 0 3 0 2 0 0 0 0 2 1 2 2 0 3 3 0 0
Last Time Cost: 00000000 ms
Total Time Cost: 00000091 ms
Total Distance 33: 0 0 0 0 0 2 0 0 0 0 0 0 0 0 0 0 0 3 0 0 0 2 2 2 0 0 0 0 0 3 2 0 3 0 2 0 0 0 0 2 0 2 2 0 3 3 0 0
Last Time Cost: 00000001 ms
Total Time Cost: 00000092 ms
Total Distance 32: 0 0 0 0 0 2 0 0 0 0 0 0 0 0 0 0 0 3 0 0 0 2 1 2 0 0 0 0 0 3 2 0 3 0 2 0 0 0 0 2 0 2 2 0 3 3 0 0
Last Time Cost: 00000000 ms
Total Time Cost: 00000092 ms
Total Distance 31: 0 0 0 0 0 2 0 0 0 0 0 0 0 0 0 0 0 3 0 0 0 2 0 2 0 0 0 0 0 3 2 0 3 0 2 0 0 0 0 2 0 2 2 0 3 3 0 0
Last Time Cost: 00000001 ms
Total Time Cost: 00000093 ms
Total Distance 30: 0 0 0 0 0 2 0 0 0 0 0 0 0 0 0 0 0 3 0 0 0 2 0 2 0 0 0 0 0 3 2 0 3 0 2 0 0 0 0 2 0 1 2 0 3 3 0 0
Last Time Cost: 00000000 ms
Total Time Cost: 00000093 ms
Total Distance 29: 0 0 0 0 0 2 0 0 0 0 0 0 0 0 0 0 0 3 0 0 0 2 0 2 0 0 0 0 0 3 2 0 3 0 2 0 0 0 0 2 0 0 2 0 3 3 0 0
Last Time Cost: 00000001 ms
Total Time Cost: 00000094 ms
Total Distance 28: 0 0 0 0 0 2 0 0 0 0 0 0 0 0 0 0 0 3 0 0 0 2 0 2 0 0 0 0 0 3 2 0 3 0 1 0 0 0 0 2 0 0 2 0 3 3 0 0
Last Time Cost: 00000000 ms
Total Time Cost: 00000094 ms
Total Distance 27: 0 0 0 0 0 2 0 0 0 0 0 0 0 0 0 0 0 3 0 0 0 2 0 2 0 0 0 0 0 3 2 0 3 0 0 0 0 0 0 2 0 0 2 0 3 3 0 0
Last Time Cost: 00000001 ms
Total Time Cost: 00000095 ms
Total Distance 26: 0 0 0 0 0 2 0 0 0 0 0 0 0 0 0 0 0 3 0 0 0 2 0 2 0 0 0 0 0 3 2 0 3 0 0 0 0 0 0 2 0 0 1 0 3 3 0 0
Last Time Cost: 00000000 ms
Total Time Cost: 00000095 ms
Total Distance 25: 0 0 0 0 0 2 0 0 0 0 0 0 0 0 0 0 0 3 0 0 0 2 0 2 0 0 0 0 0 3 2 0 3 0 0 0 0 0 0 2 0 0 0 0 3 3 0 0
Last Time Cost: 00000001 ms
Total Time Cost: 00000096 ms
Total Distance 24: 0 0 0 0 0 2 0 0 0 0 0 0 0 0 0 0 0 3 0 0 0 2 0 1 0 0 0 0 0 3 2 0 3 0 0 0 0 0 0 2 0 0 0 0 3 3 0 0
Last Time Cost: 00000000 ms
Total Time Cost: 00000096 ms
Total Distance 23: 0 0 0 0 0 2 0 0 0 0 0 0 0 0 0 0 0 3 0 0 0 2 0 0 0 0 0 0 0 3 2 0 3 0 0 0 0 0 0 2 0 0 0 0 3 3 0 0
Last Time Cost: 00000001 ms
Total Time Cost: 00000097 ms
Total Distance 22: 0 0 0 0 0 1 0 0 0 0 0 0 0 0 0 0 0 3 0 0 0 2 0 0 0 0 0 0 0 3 2 0 3 0 0 0 0 0 0 2 0 0 0 0 3 3 0 0
Last Time Cost: 00000000 ms
Total Time Cost: 00000097 ms
Total Distance 21: 0 0 0 0 0 0 0 0 0 0 0 0 0 0 0 0 0 3 0 0 0 2 0 0 0 0 0 0 0 3 2 0 3 0 0 0 0 0 0 2 0 0 0 0 3 3 0 0
Last Time Cost: 00000001 ms
Total Time Cost: 00000098 ms
Total Distance 20: 0 0 0 0 0 0 0 0 0 0 0 0 0 0 0 0 0 3 0 0 0 2 0 0 0 0 0 0 0 3 1 0 3 0 0 0 0 0 0 2 0 0 0 0 3 3 0 0
Last Time Cost: 00000000 ms
Total Time Cost: 00000098 ms
Total Distance 19: 0 0 0 0 0 0 0 0 0 0 0 0 0 0 0 0 0 3 0 0 0 2 0 0 0 0 0 0 0 3 0 0 3 0 0 0 0 0 0 2 0 0 0 0 3 3 0 0
Last Time Cost: 00000000 ms
Total Time Cost: 00000098 ms
Total Distance 18: 0 0 0 0 0 0 0 0 0 0 0 0 0 0 0 0 0 3 0 0 0 2 0 0 0 0 0 0 0 3 0 0 3 0 0 0 0 0 0 1 0 0 0 0 3 3 0 0
Last Time Cost: 00000000 ms
Total Time Cost: 00000098 ms
Total Distance 17: 0 0 0 0 0 0 0 0 0 0 0 0 0 0 0 0 0 3 0 0 0 2 0 0 0 0 0 0 0 3 0 0 3 0 0 0 0 0 0 0 0 0 0 0 3 3 0 0
Last Time Cost: 00000000 ms
Total Time Cost: 00000098 ms
Total Distance 16: 0 0 0 0 0 0 0 0 0 0 0 0 0 0 0 0 0 3 0 0 0 1 0 0 0 0 0 0 0 3 0 0 3 0 0 0 0 0 0 0 0 0 0 0 3 3 0 0
Last Time Cost: 00000000 ms
Total Time Cost: 00000098 ms
Total Distance 15: 0 0 0 0 0 0 0 0 0 0 0 0 0 0 0 0 0 3 0 0 0 0 0 0 0 0 0 0 0 3 0 0 3 0 0 0 0 0 0 0 0 0 0 0 3 3 0 0
Last Time Cost: 00000000 ms
Total Time Cost: 00000098 ms
Total Distance 14: 0 0 0 0 0 0 0 0 0 0 0 0 0 0 0 0 0 3 0 0 0 0 0 0 0 0 0 0 0 3 0 0 2 0 0 0 0 0 0 0 0 0 0 0 3 3 0 0
Last Time Cost: 00000000 ms
Total Time Cost: 00000098 ms
Total Distance 13: 0 0 0 0 0 0 0 0 0 0 0 0 0 0 0 0 0 3 0 0 0 0 0 0 0 0 0 0 0 3 0 0 1 0 0 0 0 0 0 0 0 0 0 0 3 3 0 0
Last Time Cost: 00000000 ms
Total Time Cost: 00000098 ms
Total Distance 12: 0 0 0 0 0 0 0 0 0 0 0 0 0 0 0 0 0 3 0 0 0 0 0 0 0 0 0 0 0 3 0 0 0 0 0 0 0 0 0 0 0 0 0 0 3 3 0 0
Last Time Cost: 00000001 ms
Total Time Cost: 00000099 ms
Total Distance 11: 0 0 0 0 0 0 0 0 0 0 0 0 0 0 0 0 0 2 0 0 0 0 0 0 0 0 0 0 0 3 0 0 0 0 0 0 0 0 0 0 0 0 0 0 3 3 0 0
Last Time Cost: 00000000 ms
Total Time Cost: 00000099 ms
Total Distance 10: 0 0 0 0 0 0 0 0 0 0 0 0 0 0 0 0 0 1 0 0 0 0 0 0 0 0 0 0 0 3 0 0 0 0 0 0 0 0 0 0 0 0 0 0 3 3 0 0
Last Time Cost: 00000000 ms
Total Time Cost: 00000099 ms
Total Distance 9: 0 0 0 0 0 0 0 0 0 0 0 0 0 0 0 0 0 0 0 0 0 0 0 0 0 0 0 0 0 3 0 0 0 0 0 0 0 0 0 0 0 0 0 0 3 3 0 0
Last Time Cost: 00000000 ms
Total Time Cost: 00000099 ms
Total Distance 8: 0 0 0 0 0 0 0 0 0 0 0 0 0 0 0 0 0 0 0 0 0 0 0 0 0 0 0 0 0 2 0 0 0 0 0 0 0 0 0 0 0 0 0 0 3 3 0 0
Last Time Cost: 00000000 ms
Total Time Cost: 00000099 ms
Total Distance 7: 0 0 0 0 0 0 0 0 0 0 0 0 0 0 0 0 0 0 0 0 0 0 0 0 0 0 0 0 0 1 0 0 0 0 0 0 0 0 0 0 0 0 0 0 3 3 0 0
Last Time Cost: 00000000 ms
Total Time Cost: 00000099 ms
Total Distance 6: 0 0 0 0 0 0 0 0 0 0 0 0 0 0 0 0 0 0 0 0 0 0 0 0 0 0 0 0 0 0 0 0 0 0 0 0 0 0 0 0 0 0 0 0 3 3 0 0
Last Time Cost: 00000001 ms
Total Time Cost: 00000100 ms
Total Distance 5: 0 0 0 0 0 0 0 0 0 0 0 0 0 0 0 0 0 0 0 0 0 0 0 0 0 0 0 0 0 0 0 0 0 0 0 0 0 0 0 0 0 0 0 0 2 3 0 0
Last Time Cost: 00000000 ms
Total Time Cost: 00000100 ms
Total Distance 4: 0 0 0 0 0 0 0 0 0 0 0 0 0 0 0 0 0 0 0 0 0 0 0 0 0 0 0 0 0 0 0 0 0 0 0 0 0 0 0 0 0 0 0 0 1 3 0 0
Last Time Cost: 00000000 ms
Total Time Cost: 00000100 ms
Total Distance 3: 0 0 0 0 0 0 0 0 0 0 0 0 0 0 0 0 0 0 0 0 0 0 0 0 0 0 0 0 0 0 0 0 0 0 0 0 0 0 0 0 0 0 0 0 0 3 0 0
Last Time Cost: 00000000 ms
Total Time Cost: 00000100 ms
Total Distance 2: 0 0 0 0 0 0 0 0 0 0 0 0 0 0 0 0 0 0 0 0 0 0 0 0 0 0 0 0 0 0 0 0 0 0 0 0 0 0 0 0 0 0 0 0 0 2 0 0
Last Time Cost: 00000000 ms
Total Time Cost: 00000100 ms
Total Distance 1: 0 0 0 0 0 0 0 0 0 0 0 0 0 0 0 0 0 0 0 0 0 0 0 0 0 0 0 0 0 0 0 0 0 0 0 0 0 0 0 0 0 0 0 0 0 1 0 0
Last Time Cost: 00000000 ms
Total Time Cost: 00000100 ms
Total Distance 0: 0 0 0 0 0 0 0 0 0 0 0 0 0 0 0 0 0 0 0 0 0 0 0 0 0 0 0 0 0 0 0 0 0 0 0 0 0 0 0 0 0 0 0 0 0 0 0 0
