Last Time Cost: 00000000 ms
Total Time Cost: 00000000 ms
Total Distance 176: 4 4 4 4 5 4 3 3 3 3 3 4 4 4 4 4 5 4 3 3 3 3 3 4 4 4 4 4 5 4 3 3 3 3 3 4 4 4 4 4 5 4 3 3 3 3 3 4
Last Time Cost: 00000007 ms
Total Time Cost: 00000007 ms
Total Distance 173: 4 4 4 4 5 4 3 3 3 3 3 3 4 4 4 4 5 4 3 3 3 3 3 4 4 4 4 4 5 3 3 3 3 3 3 4 4 4 4 4 5 3 3 3 3 3 3 4
Last Time Cost: 00000003 ms
Total Time Cost: 00000010 ms
Total Distance 170: 4 4 4 4 5 4 3 3 3 3 3 3 4 4 4 4 5 3 3 3 3 3 3 4 4 4 4 4 5 2 3 3 3 3 3 4 4 4 4 4 5 3 3 3 3 3 3 3
Last Time Cost: 00000003 ms
Total Time Cost: 00000013 ms
Total Distance 167: 4 4 4 4 5 3 3 3 3 3 3 3 4 4 4 4 5 2 3 3 3 3 3 4 4 4 4 4 5 2 3 3 3 3 3 3 4 4 4 4 5 3 3 3 3 3 3 3
Last Time Cost: 00000003 ms
Total Time Cost: 00000016 ms
Total Distance 164: 4 4 4 4 5 2 3 3 3 3 3 3 4 4 4 4 5 2 3 3 3 3 3 3 4 4 4 4 5 2 3 3 3 3 3 3 4 4 4 4 5 2 3 3 3 3 3 3
Last Time Cost: 00000003 ms
Total Time Cost: 00000019 ms
Total Distance 162: 4 4 4 4 5 2 3 3 3 3 3 3 3 4 4 4 5 2 3 3 3 3 3 3 4 4 4 4 5 2 3 3 3 3 3 3 4 4 4 4 5 2 3 3 3 3 3 2
Last Time Cost: 00000003 ms
Total Time Cost: 00000022 ms
Total Distance 160: 4 4 4 4 5 2 3 3 3 3 3 3 2 4 4 4 5 2 3 3 3 3 3 3 4 4 4 4 5 2 3 3 3 3 3 3 4 4 4 4 5 2 2 3 3 3 3 2
Last Time Cost: 00000003 ms
Total Time Cost: 00000025 ms
Total Distance 158: 4 4 4 4 5 2 3 3 3 3 3 3 1 4 4 4 5 2 3 3 3 3 3 3 4 4 4 4 5 2 3 3 3 3 3 3 4 3 4 4 5 2 2 3 3 3 3 2
Last Time Cost: 00000001 ms
Total Time Cost: 00000026 ms
Total Distance 157: 4 4 4 4 5 2 3 3 3 3 3 3 0 4 4 4 5 2 3 3 3 3 3 3 4 4 4 4 5 2 3 3 3 3 3 3 4 3 4 4 5 2 2 3 3 3 3 2
Last Time Cost: 00000004 ms
Total Time Cost: 00000030 ms
Total Distance 155: 4 4 4 4 5 2 3 3 3 3 3 3 0 4 4 4 5 2 3 3 2 3 3 3 4 4 4 4 5 2 3 3 3 3 3 3 4 3 3 4 5 2 2 3 3 3 3 2
Last Time Cost: 00000004 ms
Total Time Cost: 00000034 ms
Total Distance 153: 4 4 4 4 5 2 2 3 3 3 3 3 0 4 4 4 5 2 3 3 2 3 3 3 3 4 4 4 5 2 3 3 3 3 3 3 4 3 3 4 5 2 2 3 3 3 3 2
Last Time Cost: 00000004 ms
Total Time Cost: 00000038 ms
Total Distance 151: 4 4 4 3 5 2 2 3 3 3 3 3 0 4 4 4 5 2 3 3 2 3 3 3 3 4 4 4 5 2 3 3 3 2 3 3 4 3 3 4 5 2 2 3 3 3 3 2
Last Time Cost: 00000004 ms
Total Time Cost: 00000042 ms
Total Distance 149: 4 4 4 3 5 2 2 3 3 3 3 3 0 4 4 4 5 2 3 3 2 2 3 3 3 4 4 4 5 2 3 3 3 2 3 3 4 3 3 3 5 2 2 3 3 3 3 2
Last Time Cost: 00000005 ms
Total Time Cost: 00000047 ms
Total Distance 147: 4 4 4 3 5 2 2 2 3 3 3 3 0 4 4 4 5 2 3 3 2 2 3 3 3 3 4 4 5 2 3 3 3 2 3 3 4 3 3 3 5 2 2 3 3 3 3 2
Last Time Cost: 00000005 ms
Total Time Cost: 00000052 ms
Total Distance 145: 4 4 4 3 5 2 2 2 3 3 3 3 0 4 3 4 5 2 3 3 2 2 3 3 3 3 4 4 5 2 3 3 3 2 3 3 4 3 3 3 5 2 2 3 2 3 3 2
Last Time Cost: 00000005 ms
Total Time Cost: 00000057 ms
Total Distance 143: 4 4 4 3 5 2 2 2 2 3 3 3 0 4 3 4 5 2 3 3 2 2 3 3 3 3 3 4 5 2 3 3 3 2 3 3 4 3 3 3 5 2 2 3 2 3 3 2
Last Time Cost: 00000005 ms
Total Time Cost: 00000062 ms
Total Distance 141: 4 3 4 3 5 2 2 2 2 3 3 3 0 4 3 4 5 2 3 3 2 2 3 3 3 3 3 4 5 2 3 3 3 2 3 3 4 3 2 3 5 2 2 3 2 3 3 2
Last Time Cost: 00000006 ms
Total Time Cost: 00000068 ms
Total Distance 139: 4 3 4 3 5 2 2 2 2 2 3 3 0 4 3 4 5 2 3 3 2 2 3 3 3 3 3 3 5 2 3 3 3 2 3 3 4 3 2 3 5 2 2 3 2 3 3 2
Last Time Cost: 00000006 ms
Total Time Cost: 00000074 ms
Total Distance 137: 4 3 4 3 5 2 2 2 2 2 3 3 0 4 3 4 5 2 2 3 2 2 3 3 3 3 3 3 5 2 3 3 3 2 3 3 3 3 2 3 5 2 2 3 2 3 3 2
Last Time Cost: 00000006 ms
Total Time Cost: 00000080 ms
Total Distance 135: 3 3 4 3 5 2 2 2 2 2 3 3 0 4 3 4 5 2 2 3 2 2 3 3 3 3 3 3 5 2 2 3 3 2 3 3 3 3 2 3 5 2 2 3 2 3 3 2
Last Time Cost: 00000007 ms
Total Time Cost: 00000087 ms
Total Distance 133: 3 3 4 3 5 2 2 2 2 2 3 3 0 4 3 4 5 2 2 2 2 2 3 3 3 3 3 3 5 2 2 3 3 2 3 3 3 2 2 3 5 2 2 3 2 3 3 2
Last Time Cost: 00000007 ms
Total Time Cost: 00000094 ms
Total Distance 131: 3 3 3 3 5 2 2 2 2 2 3 3 0 4 3 4 5 2 2 2 2 2 3 3 3 3 3 3 5 2 2 3 3 2 3 3 3 2 2 2 5 2 2 3 2 3 3 2
Last Time Cost: 00000008 ms
Total Time Cost: 00000102 ms
Total Distance 129: 3 3 3 3 5 2 2 2 2 2 3 3 0 3 3 4 5 2 2 2 2 2 3 3 3 3 3 3 5 2 2 3 3 2 3 3 2 2 2 2 5 2 2 3 2 3 3 2
Last Time Cost: 00000008 ms
Total Time Cost: 00000110 ms
Total Distance 127: 3 3 3 3 5 2 2 2 2 2 3 3 0 2 3 4 5 2 2 2 2 2 3 3 3 3 3 3 5 2 2 3 3 2 3 3 2 2 2 2 5 2 2 2 2 3 3 2
Last Time Cost: 00000008 ms
Total Time Cost: 00000118 ms
Total Distance 125: 3 3 3 3 5 2 2 2 2 2 3 3 0 2 3 3 5 2 2 2 2 2 3 3 3 3 3 3 5 2 2 3 3 2 3 3 2 2 2 2 5 2 2 2 2 2 3 2
Last Time Cost: 00000009 ms
Total Time Cost: 00000127 ms
Total Distance 123: 3 3 3 2 5 2 2 2 2 2 3 3 0 2 3 3 5 2 2 2 2 2 3 3 3 3 3 3 4 2 2 3 3 2 3 3 2 2 2 2 5 2 2 2 2 2 3 2
Last Time Cost: 00000008 ms
Total Time Cost: 00000135 ms
Total Distance 121: 3 3 3 2 5 2 2 2 2 2 2 3 0 2 3 3 5 2 2 2 2 2 3 3 3 3 3 3 3 2 2 3 3 2 3 3 2 2 2 2 5 2 2 2 2 2 3 2
Last Time Cost: 00000007 ms
Total Time Cost: 00000142 ms
Total Distance 119: 3 3 3 2 5 2 2 2 2 2 2 3 0 2 3 3 5 2 2 2 2 2 2 3 3 3 3 3 3 2 2 3 3 2 3 3 2 2 2 2 4 2 2 2 2 2 3 2
Last Time Cost: 00000006 ms
Total Time Cost: 00000148 ms
Total Distance 117: 3 3 3 2 5 2 2 2 2 2 2 3 0 2 3 3 4 2 2 2 2 2 2 3 3 3 3 3 3 2 2 3 3 2 3 3 2 2 2 2 4 2 2 2 2 2 2 2
Last Time Cost: 00000004 ms
Total Time Cost: 00000152 ms
Total Distance 115: 3 3 3 2 4 2 2 2 2 2 2 3 0 2 3 3 4 2 2 2 2 2 2 3 3 3 3 3 3 2 2 3 3 2 2 3 2 2 2 2 4 2 2 2 2 2 2 2
Last Time Cost: 00000002 ms
Total Time Cost: 00000154 ms
Total Distance 114: 3 3 3 2 4 2 2 2 1 2 2 3 0 2 3 3 4 2 2 2 2 2 2 3 3 3 3 3 3 2 2 3 3 2 2 3 2 2 2 2 4 2 2 2 2 2 2 2
Last Time Cost: 00000001 ms
Total Time Cost: 00000155 ms
Total Distance 113: 3 3 3 2 4 2 2 2 0 2 2 3 0 2 3 3 4 2 2 2 2 2 2 3 3 3 3 3 3 2 2 3 3 2 2 3 2 2 2 2 4 2 2 2 2 2 2 2
Last Time Cost: 00000002 ms
Total Time Cost: 00000157 ms
Total Distance 112: 3 3 3 2 4 2 2 2 0 2 2 3 0 2 3 3 4 2 2 2 2 2 1 3 3 3 3 3 3 2 2 3 3 2 2 3 2 2 2 2 4 2 2 2 2 2 2 2
Last Time Cost: 00000001 ms
Total Time Cost: 00000158 ms
Total Distance 111: 3 3 3 2 4 2 2 2 0 2 2 3 0 2 3 3 4 2 2 2 2 2 0 3 3 3 3 3 3 2 2 3 3 2 2 3 2 2 2 2 4 2 2 2 2 2 2 2
Last Time Cost: 00000003 ms
Total Time Cost: 00000161 ms
Total Distance 110: 3 3 3 2 4 2 2 2 0 2 2 3 0 1 3 3 4 2 2 2 2 2 0 3 3 3 3 3 3 2 2 3 3 2 2 3 2 2 2 2 4 2 2 2 2 2 2 2
Last Time Cost: 00000000 ms
Total Time Cost: 00000161 ms
Total Distance 109: 3 3 3 2 4 2 2 2 0 2 2 3 0 0 3 3 4 2 2 2 2 2 0 3 3 3 3 3 3 2 2 3 3 2 2 3 2 2 2 2 4 2 2 2 2 2 2 2
Last Time Cost: 00000002 ms
Total Time Cost: 00000163 ms
Total Distance 108: 3 3 3 2 4 2 2 2 0 2 2 3 0 0 3 3 4 2 2 2 2 2 0 3 3 3 3 3 3 2 2 3 3 2 2 3 2 2 1 2 4 2 2 2 2 2 2 2
Last Time Cost: 00000001 ms
Total Time Cost: 00000164 ms
Total Distance 107: 3 3 3 2 4 2 2 2 0 2 2 3 0 0 3 3 4 2 2 2 2 2 0 3 3 3 3 3 3 2 2 3 3 2 2 3 2 2 0 2 4 2 2 2 2 2 2 2
Last Time Cost: 00000003 ms
Total Time Cost: 00000167 ms
Total Distance 105: 3 3 3 2 4 2 2 2 0 1 2 3 0 0 3 3 4 2 2 2 2 2 0 3 3 3 3 2 3 2 2 3 3 2 2 3 2 2 0 2 4 2 2 2 2 2 2 2
Last Time Cost: 00000001 ms
Total Time Cost: 00000168 ms
Total Distance 104: 3 3 3 2 4 2 2 2 0 0 2 3 0 0 3 3 4 2 2 2 2 2 0 3 3 3 3 2 3 2 2 3 3 2 2 3 2 2 0 2 4 2 2 2 2 2 2 2
Last Time Cost: 00000002 ms
Total Time Cost: 00000170 ms
Total Distance 103: 3 3 3 2 4 2 2 2 0 0 1 3 0 0 3 3 4 2 2 2 2 2 0 3 3 3 3 2 3 2 2 3 3 2 2 3 2 2 0 2 4 2 2 2 2 2 2 2
Last Time Cost: 00000000 ms
Total Time Cost: 00000170 ms
Total Distance 102: 3 3 3 2 4 2 2 2 0 0 0 3 0 0 3 3 4 2 2 2 2 2 0 3 3 3 3 2 3 2 2 3 3 2 2 3 2 2 0 2 4 2 2 2 2 2 2 2
Last Time Cost: 00000002 ms
Total Time Cost: 00000172 ms
Total Distance 101: 3 3 3 2 4 2 2 1 0 0 0 3 0 0 3 3 4 2 2 2 2 2 0 3 3 3 3 2 3 2 2 3 3 2 2 3 2 2 0 2 4 2 2 2 2 2 2 2
Last Time Cost: 00000001 ms
Total Time Cost: 00000173 ms
Total Distance 100: 3 3 3 2 4 2 2 0 0 0 0 3 0 0 3 3 4 2 2 2 2 2 0 3 3 3 3 2 3 2 2 3 3 2 2 3 2 2 0 2 4 2 2 2 2 2 2 2
Last Time Cost: 00000003 ms
Total Time Cost: 00000176 ms
Total Distance 99: 3 3 3 2 4 2 2 0 0 0 0 3 0 0 3 3 4 2 2 2 2 2 0 3 3 3 3 2 3 2 2 3 3 2 2 3 1 2 0 2 4 2 2 2 2 2 2 2
Last Time Cost: 00000001 ms
Total Time Cost: 00000177 ms
Total Distance 98: 3 3 3 2 4 2 2 0 0 0 0 3 0 0 3 3 4 2 2 2 2 2 0 3 3 3 3 2 3 2 2 3 3 2 2 3 0 2 0 2 4 2 2 2 2 2 2 2
Last Time Cost: 00000003 ms
Total Time Cost: 00000180 ms
Total Distance 97: 3 3 3 2 4 2 2 0 0 0 0 3 0 0 3 3 4 2 2 2 2 2 0 3 3 3 3 2 3 2 1 3 3 2 2 3 0 2 0 2 4 2 2 2 2 2 2 2
Last Time Cost: 00000001 ms
Total Time Cost: 00000181 ms
Total Distance 96: 3 3 3 2 4 2 2 0 0 0 0 3 0 0 3 3 4 2 2 2 2 2 0 3 3 3 3 2 3 2 0 3 3 2 2 3 0 2 0 2 4 2 2 2 2 2 2 2
Last Time Cost: 00000003 ms
Total Time Cost: 00000184 ms
Total Distance 95: 3 3 3 1 4 2 2 0 0 0 0 3 0 0 3 3 4 2 2 2 2 2 0 3 3 3 3 2 3 2 0 3 3 2 2 3 0 2 0 2 4 2 2 2 2 2 2 2
Last Time Cost: 00000001 ms
Total Time Cost: 00000185 ms
Total Distance 94: 3 3 3 0 4 2 2 0 0 0 0 3 0 0 3 3 4 2 2 2 2 2 0 3 3 3 3 2 3 2 0 3 3 2 2 3 0 2 0 2 4 2 2 2 2 2 2 2
Last Time Cost: 00000003 ms
Total Time Cost: 00000188 ms
Total Distance 93: 3 3 3 0 4 1 2 0 0 0 0 3 0 0 3 3 4 2 2 2 2 2 0 3 3 3 3 2 3 2 0 3 3 2 2 3 0 2 0 2 4 2 2 2 2 2 2 2
Last Time Cost: 00000001 ms
Total Time Cost: 00000189 ms
Total Distance 92: 3 3 3 0 4 0 2 0 0 0 0 3 0 0 3 3 4 2 2 2 2 2 0 3 3 3 3 2 3 2 0 3 3 2 2 3 0 2 0 2 4 2 2 2 2 2 2 2
Last Time Cost: 00000003 ms
Total Time Cost: 00000192 ms
Total Distance 90: 3 3 3 0 4 0 2 0 0 0 0 3 0 0 3 3 4 2 2 2 2 2 0 3 3 3 3 2 2 2 0 3 3 2 2 2 0 2 0 2 4 2 2 2 2 2 2 2
Last Time Cost: 00000003 ms
Total Time Cost: 00000195 ms
Total Distance 89: 3 3 3 0 4 0 2 0 0 0 0 3 0 0 3 3 4 2 2 2 2 2 0 3 3 3 3 2 2 2 0 3 3 2 2 1 0 2 0 2 4 2 2 2 2 2 2 2
Last Time Cost: 00000001 ms
Total Time Cost: 00000196 ms
Total Distance 88: 3 3 3 0 4 0 2 0 0 0 0 3 0 0 3 3 4 2 2 2 2 2 0 3 3 3 3 2 2 2 0 3 3 2 2 0 0 2 0 2 4 2 2 2 2 2 2 2
Last Time Cost: 00000003 ms
Total Time Cost: 00000199 ms
Total Distance 86: 3 3 3 0 4 0 2 0 0 0 0 3 0 0 3 3 3 2 2 2 2 2 0 3 3 3 3 2 2 2 0 3 3 2 2 0 0 2 0 2 4 1 2 2 2 2 2 2
Last Time Cost: 00000000 ms
Total Time Cost: 00000199 ms
Total Distance 85: 3 3 3 0 4 0 2 0 0 0 0 3 0 0 3 3 3 2 2 2 2 2 0 3 3 3 3 2 2 2 0 3 3 2 2 0 0 2 0 2 4 0 2 2 2 2 2 2
Last Time Cost: 00000003 ms
Total Time Cost: 00000202 ms
Total Distance 83: 3 3 3 0 4 0 2 0 0 0 0 3 0 0 3 3 2 2 2 2 2 2 0 2 3 3 3 2 2 2 0 3 3 2 2 0 0 2 0 2 4 0 2 2 2 2 2 2
Last Time Cost: 00000003 ms
Total Time Cost: 00000205 ms
Total Distance 82: 3 3 3 0 4 0 2 0 0 0 0 3 0 0 3 3 2 2 2 2 1 2 0 2 3 3 3 2 2 2 0 3 3 2 2 0 0 2 0 2 4 0 2 2 2 2 2 2
Last Time Cost: 00000001 ms
Total Time Cost: 00000206 ms
Total Distance 81: 3 3 3 0 4 0 2 0 0 0 0 3 0 0 3 3 2 2 2 2 0 2 0 2 3 3 3 2 2 2 0 3 3 2 2 0 0 2 0 2 4 0 2 2 2 2 2 2
Last Time Cost: 00000004 ms
Total Time Cost: 00000210 ms
Total Distance 80: 3 3 3 0 4 0 2 0 0 0 0 3 0 0 3 3 2 2 2 2 0 2 0 2 3 3 3 2 2 1 0 3 3 2 2 0 0 2 0 2 4 0 2 2 2 2 2 2
Last Time Cost: 00000001 ms
Total Time Cost: 00000211 ms
Total Distance 79: 3 3 3 0 4 0 2 0 0 0 0 3 0 0 3 3 2 2 2 2 0 2 0 2 3 3 3 2 2 0 0 3 3 2 2 0 0 2 0 2 4 0 2 2 2 2 2 2
Last Time Cost: 00000005 ms
Total Time Cost: 00000216 ms
Total Distance 77: 3 3 3 0 3 0 2 0 0 0 0 3 0 0 3 3 2 2 2 2 0 2 0 1 3 3 3 2 2 0 0 3 3 2 2 0 0 2 0 2 4 0 2 2 2 2 2 2
Last Time Cost: 00000001 ms
Total Time Cost: 00000217 ms
Total Distance 76: 3 3 3 0 3 0 2 0 0 0 0 3 0 0 3 3 2 2 2 2 0 2 0 0 3 3 3 2 2 0 0 3 3 2 2 0 0 2 0 2 4 0 2 2 2 2 2 2
Last Time Cost: 00000004 ms
Total Time Cost: 00000221 ms
Total Distance 74: 3 3 3 0 2 0 2 0 0 0 0 2 0 0 3 3 2 2 2 2 0 2 0 0 3 3 3 2 2 0 0 3 3 2 2 0 0 2 0 2 4 0 2 2 2 2 2 2
Last Time Cost: 00000004 ms
Total Time Cost: 00000225 ms
Total Distance 73: 3 3 3 0 2 0 2 0 0 0 0 1 0 0 3 3 2 2 2 2 0 2 0 0 3 3 3 2 2 0 0 3 3 2 2 0 0 2 0 2 4 0 2 2 2 2 2 2
Last Time Cost: 00000001 ms
Total Time Cost: 00000226 ms
Total Distance 72: 3 3 3 0 2 0 2 0 0 0 0 0 0 0 3 3 2 2 2 2 0 2 0 0 3 3 3 2 2 0 0 3 3 2 2 0 0 2 0 2 4 0 2 2 2 2 2 2
Last Time Cost: 00000004 ms
Total Time Cost: 00000230 ms
Total Distance 71: 3 3 3 0 2 0 2 0 0 0 0 0 0 0 3 3 2 2 2 2 0 2 0 0 3 3 3 2 2 0 0 3 3 2 2 0 0 2 0 1 4 0 2 2 2 2 2 2
Last Time Cost: 00000001 ms
Total Time Cost: 00000231 ms
Total Distance 70: 3 3 3 0 2 0 2 0 0 0 0 0 0 0 3 3 2 2 2 2 0 2 0 0 3 3 3 2 2 0 0 3 3 2 2 0 0 2 0 0 4 0 2 2 2 2 2 2
Last Time Cost: 00000004 ms
Total Time Cost: 00000235 ms
Total Distance 69: 3 3 3 0 2 0 2 0 0 0 0 0 0 0 3 3 2 2 2 2 0 2 0 0 3 3 3 2 1 0 0 3 3 2 2 0 0 2 0 0 4 0 2 2 2 2 2 2
Last Time Cost: 00000000 ms
Total Time Cost: 00000235 ms
Total Distance 68: 3 3 3 0 2 0 2 0 0 0 0 0 0 0 3 3 2 2 2 2 0 2 0 0 3 3 3 2 0 0 0 3 3 2 2 0 0 2 0 0 4 0 2 2 2 2 2 2
Last Time Cost: 00000005 ms
Total Time Cost: 00000240 ms
Total Distance 67: 3 3 3 0 2 0 2 0 0 0 0 0 0 0 3 3 2 1 2 2 0 2 0 0 3 3 3 2 0 0 0 3 3 2 2 0 0 2 0 0 4 0 2 2 2 2 2 2
Last Time Cost: 00000001 ms
Total Time Cost: 00000241 ms
Total Distance 66: 3 3 3 0 2 0 2 0 0 0 0 0 0 0 3 3 2 0 2 2 0 2 0 0 3 3 3 2 0 0 0 3 3 2 2 0 0 2 0 0 4 0 2 2 2 2 2 2
Last Time Cost: 00000005 ms
Total Time Cost: 00000246 ms
Total Distance 64: 3 3 3 0 2 0 2 0 0 0 0 0 0 0 3 3 2 0 2 2 0 2 0 0 2 3 3 2 0 0 0 3 3 2 2 0 0 2 0 0 3 0 2 2 2 2 2 2
Last Time Cost: 00000004 ms
Total Time Cost: 00000250 ms
Total Distance 63: 3 3 3 0 2 0 2 0 0 0 0 0 0 0 3 3 2 0 2 2 0 2 0 0 2 3 3 1 0 0 0 3 3 2 2 0 0 2 0 0 3 0 2 2 2 2 2 2
Last Time Cost: 00000000 ms
Total Time Cost: 00000250 ms
Total Distance 62: 3 3 3 0 2 0 2 0 0 0 0 0 0 0 3 3 2 0 2 2 0 2 0 0 2 3 3 0 0 0 0 3 3 2 2 0 0 2 0 0 3 0 2 2 2 2 2 2
Last Time Cost: 00000004 ms
Total Time Cost: 00000254 ms
Total Distance 61: 3 3 3 0 2 0 2 0 0 0 0 0 0 0 3 3 2 0 2 2 0 2 0 0 2 3 3 0 0 0 0 3 3 2 2 0 0 2 0 0 3 0 1 2 2 2 2 2
Last Time Cost: 00000000 ms
Total Time Cost: 00000254 ms
Total Distance 60: 3 3 3 0 2 0 2 0 0 0 0 0 0 0 3 3 2 0 2 2 0 2 0 0 2 3 3 0 0 0 0 3 3 2 2 0 0 2 0 0 3 0 0 2 2 2 2 2
Last Time Cost: 00000004 ms
Total Time Cost: 00000258 ms
Total Distance 59: 3 3 3 0 2 0 2 0 0 0 0 0 0 0 3 3 2 0 2 2 0 2 0 0 2 3 3 0 0 0 0 3 3 2 2 0 0 2 0 0 3 0 0 1 2 2 2 2
Last Time Cost: 00000000 ms
Total Time Cost: 00000258 ms
Total Distance 58: 3 3 3 0 2 0 2 0 0 0 0 0 0 0 3 3 2 0 2 2 0 2 0 0 2 3 3 0 0 0 0 3 3 2 2 0 0 2 0 0 3 0 0 0 2 2 2 2
Last Time Cost: 00000005 ms
Total Time Cost: 00000263 ms
Total Distance 57: 3 3 3 0 2 0 2 0 0 0 0 0 0 0 3 3 2 0 2 1 0 2 0 0 2 3 3 0 0 0 0 3 3 2 2 0 0 2 0 0 3 0 0 0 2 2 2 2
Last Time Cost: 00000000 ms
Total Time Cost: 00000263 ms
Total Distance 56: 3 3 3 0 2 0 2 0 0 0 0 0 0 0 3 3 2 0 2 0 0 2 0 0 2 3 3 0 0 0 0 3 3 2 2 0 0 2 0 0 3 0 0 0 2 2 2 2
Last Time Cost: 00000005 ms
Total Time Cost: 00000268 ms
Total Distance 54: 2 3 3 0 2 0 2 0 0 0 0 0 0 0 3 3 2 0 2 0 0 2 0 0 2 2 3 0 0 0 0 3 3 2 2 0 0 2 0 0 3 0 0 0 2 2 2 2
Last Time Cost: 00000005 ms
Total Time Cost: 00000273 ms
Total Distance 53: 2 3 3 0 2 0 2 0 0 0 0 0 0 0 3 3 2 0 2 0 0 2 0 0 2 2 3 0 0 0 0 3 3 2 2 0 0 1 0 0 3 0 0 0 2 2 2 2
Last Time Cost: 00000000 ms
Total Time Cost: 00000273 ms
Total Distance 52: 2 3 3 0 2 0 2 0 0 0 0 0 0 0 3 3 2 0 2 0 0 2 0 0 2 2 3 0 0 0 0 3 3 2 2 0 0 0 0 0 3 0 0 0 2 2 2 2
Last Time Cost: 00000005 ms
Total Time Cost: 00000278 ms
Total Distance 51: 2 3 3 0 2 0 2 0 0 0 0 0 0 0 3 3 2 0 2 0 0 2 0 0 2 2 3 0 0 0 0 3 3 2 2 0 0 0 0 0 3 0 0 0 2 2 2 1
Last Time Cost: 00000000 ms
Total Time Cost: 00000278 ms
Total Distance 50: 2 3 3 0 2 0 2 0 0 0 0 0 0 0 3 3 2 0 2 0 0 2 0 0 2 2 3 0 0 0 0 3 3 2 2 0 0 0 0 0 3 0 0 0 2 2 2 0
Last Time Cost: 00000005 ms
Total Time Cost: 00000283 ms
Total Distance 49: 2 3 3 0 2 0 2 0 0 0 0 0 0 0 3 3 1 0 2 0 0 2 0 0 2 2 3 0 0 0 0 3 3 2 2 0 0 0 0 0 3 0 0 0 2 2 2 0
Last Time Cost: 00000000 ms
Total Time Cost: 00000283 ms
Total Distance 48: 2 3 3 0 2 0 2 0 0 0 0 0 0 0 3 3 0 0 2 0 0 2 0 0 2 2 3 0 0 0 0 3 3 2 2 0 0 0 0 0 3 0 0 0 2 2 2 0
Last Time Cost: 00000005 ms
Total Time Cost: 00000288 ms
Total Distance 47: 2 3 3 0 2 0 2 0 0 0 0 0 0 0 3 3 0 0 2 0 0 1 0 0 2 2 3 0 0 0 0 3 3 2 2 0 0 0 0 0 3 0 0 0 2 2 2 0
Last Time Cost: 00000000 ms
Total Time Cost: 00000288 ms
Total Distance 46: 2 3 3 0 2 0 2 0 0 0 0 0 0 0 3 3 0 0 2 0 0 0 0 0 2 2 3 0 0 0 0 3 3 2 2 0 0 0 0 0 3 0 0 0 2 2 2 0
Last Time Cost: 00000005 ms
Total Time Cost: 00000293 ms
Total Distance 45: 2 3 3 0 2 0 2 0 0 0 0 0 0 0 3 3 0 0 2 0 0 0 0 0 1 2 3 0 0 0 0 3 3 2 2 0 0 0 0 0 3 0 0 0 2 2 2 0
Last Time Cost: 00000000 ms
Total Time Cost: 00000293 ms
Total Distance 44: 2 3 3 0 2 0 2 0 0 0 0 0 0 0 3 3 0 0 2 0 0 0 0 0 0 2 3 0 0 0 0 3 3 2 2 0 0 0 0 0 3 0 0 0 2 2 2 0
Last Time Cost: 00000005 ms
Total Time Cost: 00000298 ms
Total Distance 43: 2 3 3 0 2 0 2 0 0 0 0 0 0 0 3 3 0 0 1 0 0 0 0 0 0 2 3 0 0 0 0 3 3 2 2 0 0 0 0 0 3 0 0 0 2 2 2 0
Last Time Cost: 00000000 ms
Total Time Cost: 00000298 ms
Total Distance 42: 2 3 3 0 2 0 2 0 0 0 0 0 0 0 3 3 0 0 0 0 0 0 0 0 0 2 3 0 0 0 0 3 3 2 2 0 0 0 0 0 3 0 0 0 2 2 2 0
Last Time Cost: 00000005 ms
Total Time Cost: 00000303 ms
Total Distance 41: 2 3 3 0 2 0 2 0 0 0 0 0 0 0 3 3 0 0 0 0 0 0 0 0 0 2 3 0 0 0 0 3 3 1 2 0 0 0 0 0 3 0 0 0 2 2 2 0
Last Time Cost: 00000000 ms
Total Time Cost: 00000303 ms
Total Distance 40: 2 3 3 0 2 0 2 0 0 0 0 0 0 0 3 3 0 0 0 0 0 0 0 0 0 2 3 0 0 0 0 3 3 0 2 0 0 0 0 0 3 0 0 0 2 2 2 0
Last Time Cost: 00000005 ms
Total Time Cost: 00000308 ms
Total Distance 39: 2 3 3 0 2 0 1 0 0 0 0 0 0 0 3 3 0 0 0 0 0 0 0 0 0 2 3 0 0 0 0 3 3 0 2 0 0 0 0 0 3 0 0 0 2 2 2 0
Last Time Cost: 00000000 ms
Total Time Cost: 00000308 ms
Total Distance 38: 2 3 3 0 2 0 0 0 0 0 0 0 0 0 3 3 0 0 0 0 0 0 0 0 0 2 3 0 0 0 0 3 3 0 2 0 0 0 0 0 3 0 0 0 2 2 2 0
Last Time Cost: 00000005 ms
Total Time Cost: 00000313 ms
Total Distance 37: 2 3 3 0 2 0 0 0 0 0 0 0 0 0 3 3 0 0 0 0 0 0 0 0 0 2 3 0 0 0 0 3 3 0 2 0 0 0 0 0 3 0 0 0 2 2 1 0
Last Time Cost: 00000000 ms
Total Time Cost: 00000313 ms
Total Distance 36: 2 3 3 0 2 0 0 0 0 0 0 0 0 0 3 3 0 0 0 0 0 0 0 0 0 2 3 0 0 0 0 3 3 0 2 0 0 0 0 0 3 0 0 0 2 2 0 0
Last Time Cost: 00000006 ms
Total Time Cost: 00000319 ms
Total Distance 35: 2 3 3 0 2 0 0 0 0 0 0 0 0 0 3 3 0 0 0 0 0 0 0 0 0 2 3 0 0 0 0 3 3 0 2 0 0 0 0 0 3 0 0 0 2 1 0 0
Last Time Cost: 00000000 ms
Total Time Cost: 00000319 ms
Total Distance 34: 2 3 3 0 2 0 0 0 0 0 0 0 0 0 3 3 0 0 0 0 0 0 0 0 0 2 3 0 0 0 0 3 3 0 2 0 0 0 0 0 3 0 0 0 2 0 0 0
Last Time Cost: 00000006 ms
Total Time Cost: 00000325 ms
Total Distance 33: 1 3 3 0 2 0 0 0 0 0 0 0 0 0 3 3 0 0 0 0 0 0 0 0 0 2 3 0 0 0 0 3 3 0 2 0 0 0 0 0 3 0 0 0 2 0 0 0
Last Time Cost: 00000000 ms
Total Time Cost: 00000325 ms
Total Distance 32: 0 3 3 0 2 0 0 0 0 0 0 0 0 0 3 3 0 0 0 0 0 0 0 0 0 2 3 0 0 0 0 3 3 0 2 0 0 0 0 0 3 0 0 0 2 0 0 0
Last Time Cost: 00000006 ms
Total Time Cost: 00000331 ms
Total Distance 31: 0 3 3 0 2 0 0 0 0 0 0 0 0 0 3 3 0 0 0 0 0 0 0 0 0 1 3 0 0 0 0 3 3 0 2 0 0 0 0 0 3 0 0 0 2 0 0 0
Last Time Cost: 00000000 ms
Total Time Cost: 00000331 ms
Total Distance 30: 0 3 3 0 2 0 0 0 0 0 0 0 0 0 3 3 0 0 0 0 0 0 0 0 0 0 3 0 0 0 0 3 3 0 2 0 0 0 0 0 3 0 0 0 2 0 0 0
Last Time Cost: 00000006 ms
Total Time Cost: 00000337 ms
Total Distance 29: 0 3 3 0 2 0 0 0 0 0 0 0 0 0 3 3 0 0 0 0 0 0 0 0 0 0 3 0 0 0 0 3 3 0 2 0 0 0 0 0 3 0 0 0 1 0 0 0
Last Time Cost: 00000000 ms
Total Time Cost: 00000337 ms
Total Distance 28: 0 3 3 0 2 0 0 0 0 0 0 0 0 0 3 3 0 0 0 0 0 0 0 0 0 0 3 0 0 0 0 3 3 0 2 0 0 0 0 0 3 0 0 0 0 0 0 0
Last Time Cost: 00000006 ms
Total Time Cost: 00000343 ms
Total Distance 27: 0 3 3 0 2 0 0 0 0 0 0 0 0 0 3 3 0 0 0 0 0 0 0 0 0 0 3 0 0 0 0 3 3 0 1 0 0 0 0 0 3 0 0 0 0 0 0 0
Last Time Cost: 00000000 ms
Total Time Cost: 00000343 ms
Total Distance 26: 0 3 3 0 2 0 0 0 0 0 0 0 0 0 3 3 0 0 0 0 0 0 0 0 0 0 3 0 0 0 0 3 3 0 0 0 0 0 0 0 3 0 0 0 0 0 0 0
Last Time Cost: 00000006 ms
Total Time Cost: 00000349 ms
Total Distance 25: 0 3 3 0 1 0 0 0 0 0 0 0 0 0 3 3 0 0 0 0 0 0 0 0 0 0 3 0 0 0 0 3 3 0 0 0 0 0 0 0 3 0 0 0 0 0 0 0
Last Time Cost: 00000000 ms
Total Time Cost: 00000349 ms
Total Distance 24: 0 3 3 0 0 0 0 0 0 0 0 0 0 0 3 3 0 0 0 0 0 0 0 0 0 0 3 0 0 0 0 3 3 0 0 0 0 0 0 0 3 0 0 0 0 0 0 0
Last Time Cost: 00000007 ms
Total Time Cost: 00000356 ms
Total Distance 23: 0 3 3 0 0 0 0 0 0 0 0 0 0 0 3 3 0 0 0 0 0 0 0 0 0 0 3 0 0 0 0 3 2 0 0 0 0 0 0 0 3 0 0 0 0 0 0 0
Last Time Cost: 00000001 ms
Total Time Cost: 00000357 ms
Total Distance 22: 0 3 3 0 0 0 0 0 0 0 0 0 0 0 3 3 0 0 0 0 0 0 0 0 0 0 3 0 0 0 0 3 1 0 0 0 0 0 0 0 3 0 0 0 0 0 0 0
Last Time Cost: 00000000 ms
Total Time Cost: 00000357 ms
Total Distance 21: 0 3 3 0 0 0 0 0 0 0 0 0 0 0 3 3 0 0 0 0 0 0 0 0 0 0 3 0 0 0 0 3 0 0 0 0 0 0 0 0 3 0 0 0 0 0 0 0
Last Time Cost: 00000007 ms
Total Time Cost: 00000364 ms
Total Distance 20: 0 3 3 0 0 0 0 0 0 0 0 0 0 0 3 3 0 0 0 0 0 0 0 0 0 0 3 0 0 0 0 3 0 0 0 0 0 0 0 0 2 0 0 0 0 0 0 0
Last Time Cost: 00000001 ms
Total Time Cost: 00000365 ms
Total Distance 19: 0 3 3 0 0 0 0 0 0 0 0 0 0 0 3 3 0 0 0 0 0 0 0 0 0 0 3 0 0 0 0 3 0 0 0 0 0 0 0 0 1 0 0 0 0 0 0 0
Last Time Cost: 00000000 ms
Total Time Cost: 00000365 ms
Total Distance 18: 0 3 3 0 0 0 0 0 0 0 0 0 0 0 3 3 0 0 0 0 0 0 0 0 0 0 3 0 0 0 0 3 0 0 0 0 0 0 0 0 0 0 0 0 0 0 0 0
Last Time Cost: 00000007 ms
Total Time Cost: 00000372 ms
Total Distance 17: 0 3 3 0 0 0 0 0 0 0 0 0 0 0 3 3 0 0 0 0 0 0 0 0 0 0 2 0 0 0 0 3 0 0 0 0 0 0 0 0 0 0 0 0 0 0 0 0
Last Time Cost: 00000001 ms
Total Time Cost: 00000373 ms
Total Distance 16: 0 3 3 0 0 0 0 0 0 0 0 0 0 0 3 3 0 0 0 0 0 0 0 0 0 0 1 0 0 0 0 3 0 0 0 0 0 0 0 0 0 0 0 0 0 0 0 0
Last Time Cost: 00000000 ms
Total Time Cost: 00000373 ms
Total Distance 15: 0 3 3 0 0 0 0 0 0 0 0 0 0 0 3 3 0 0 0 0 0 0 0 0 0 0 0 0 0 0 0 3 0 0 0 0 0 0 0 0 0 0 0 0 0 0 0 0
Last Time Cost: 00000007 ms
Total Time Cost: 00000380 ms
Total Distance 14: 0 3 2 0 0 0 0 0 0 0 0 0 0 0 3 3 0 0 0 0 0 0 0 0 0 0 0 0 0 0 0 3 0 0 0 0 0 0 0 0 0 0 0 0 0 0 0 0
Last Time Cost: 00000001 ms
Total Time Cost: 00000381 ms
Total Distance 13: 0 3 1 0 0 0 0 0 0 0 0 0 0 0 3 3 0 0 0 0 0 0 0 0 0 0 0 0 0 0 0 3 0 0 0 0 0 0 0 0 0 0 0 0 0 0 0 0
Last Time Cost: 00000000 ms
Total Time Cost: 00000381 ms
Total Distance 12: 0 3 0 0 0 0 0 0 0 0 0 0 0 0 3 3 0 0 0 0 0 0 0 0 0 0 0 0 0 0 0 3 0 0 0 0 0 0 0 0 0 0 0 0 0 0 0 0
Last Time Cost: 00000007 ms
Total Time Cost: 00000388 ms
Total Distance 11: 0 2 0 0 0 0 0 0 0 0 0 0 0 0 3 3 0 0 0 0 0 0 0 0 0 0 0 0 0 0 0 3 0 0 0 0 0 0 0 0 0 0 0 0 0 0 0 0
Last Time Cost: 00000001 ms
Total Time Cost: 00000389 ms
Total Distance 10: 0 1 0 0 0 0 0 0 0 0 0 0 0 0 3 3 0 0 0 0 0 0 0 0 0 0 0 0 0 0 0 3 0 0 0 0 0 0 0 0 0 0 0 0 0 0 0 0
Last Time Cost: 00000000 ms
Total Time Cost: 00000389 ms
Total Distance 9: 0 0 0 0 0 0 0 0 0 0 0 0 0 0 3 3 0 0 0 0 0 0 0 0 0 0 0 0 0 0 0 3 0 0 0 0 0 0 0 0 0 0 0 0 0 0 0 0
Last Time Cost: 00000006 ms
Total Time Cost: 00000395 ms
Total Distance 8: 0 0 0 0 0 0 0 0 0 0 0 0 0 0 2 3 0 0 0 0 0 0 0 0 0 0 0 0 0 0 0 3 0 0 0 0 0 0 0 0 0 0 0 0 0 0 0 0
Last Time Cost: 00000001 ms
Total Time Cost: 00000396 ms
Total Distance 7: 0 0 0 0 0 0 0 0 0 0 0 0 0 0 1 3 0 0 0 0 0 0 0 0 0 0 0 0 0 0 0 3 0 0 0 0 0 0 0 0 0 0 0 0 0 0 0 0
Last Time Cost: 00000000 ms
Total Time Cost: 00000396 ms
Total Distance 6: 0 0 0 0 0 0 0 0 0 0 0 0 0 0 0 3 0 0 0 0 0 0 0 0 0 0 0 0 0 0 0 3 0 0 0 0 0 0 0 0 0 0 0 0 0 0 0 0
Last Time Cost: 00000006 ms
Total Time Cost: 00000402 ms
Total Distance 5: 0 0 0 0 0 0 0 0 0 0 0 0 0 0 0 2 0 0 0 0 0 0 0 0 0 0 0 0 0 0 0 3 0 0 0 0 0 0 0 0 0 0 0 0 0 0 0 0
Last Time Cost: 00000001 ms
Total Time Cost: 00000403 ms
Total Distance 4: 0 0 0 0 0 0 0 0 0 0 0 0 0 0 0 1 0 0 0 0 0 0 0 0 0 0 0 0 0 0 0 3 0 0 0 0 0 0 0 0 0 0 0 0 0 0 0 0
Last Time Cost: 00000000 ms
Total Time Cost: 00000403 ms
Total Distance 3: 0 0 0 0 0 0 0 0 0 0 0 0 0 0 0 0 0 0 0 0 0 0 0 0 0 0 0 0 0 0 0 3 0 0 0 0 0 0 0 0 0 0 0 0 0 0 0 0
Last Time Cost: 00000006 ms
Total Time Cost: 00000409 ms
Total Distance 2: 0 0 0 0 0 0 0 0 0 0 0 0 0 0 0 0 0 0 0 0 0 0 0 0 0 0 0 0 0 0 0 2 0 0 0 0 0 0 0 0 0 0 0 0 0 0 0 0
Last Time Cost: 00000001 ms
Total Time Cost: 00000410 ms
Total Distance 1: 0 0 0 0 0 0 0 0 0 0 0 0 0 0 0 0 0 0 0 0 0 0 0 0 0 0 0 0 0 0 0 1 0 0 0 0 0 0 0 0 0 0 0 0 0 0 0 0
Last Time Cost: 00000000 ms
Total Time Cost: 00000410 ms
Total Distance 0: 0 0 0 0 0 0 0 0 0 0 0 0 0 0 0 0 0 0 0 0 0 0 0 0 0 0 0 0 0 0 0 0 0 0 0 0 0 0 0 0 0 0 0 0 0 0 0 0
