Last Time Cost: 00000000 ms
Total Time Cost: 00000000 ms
Total Distance 540: 18 16 16 18 16 14 14 16 14 18 20 16 14 18 20 16 18 18 18 20 18 16 16 18 16 14 14 16 18 18 18 20
Last Time Cost: 00008837 ms
Total Time Cost: 00008837 ms
Total Distance 525: 17 16 15 18 16 13 14 15 14 17 20 16 14 17 19 16 17 18 17 20 18 16 16 17 15 14 14 16 17 17 17 19
Last Time Cost: 00012080 ms
Total Time Cost: 00020917 ms
Total Distance 510: 17 16 15 17 15 13 14 15 14 16 19 16 14 16 19 16 16 17 16 19 17 16 15 17 15 13 14 15 16 17 16 19
Last Time Cost: 00014637 ms
Total Time Cost: 00035554 ms
Total Distance 495: 16 16 14 16 14 13 14 14 13 15 18 16 13 16 19 16 16 16 16 19 16 16 15 16 15 13 13 15 16 16 16 18
Last Time Cost: 00013289 ms
Total Time Cost: 00048843 ms
Total Distance 480: 15 16 14 15 14 13 13 14 12 15 18 16 12 15 18 16 16 15 16 18 15 16 14 15 14 13 13 14 16 15 16 18
Last Time Cost: 00011909 ms
Total Time Cost: 00060752 ms
Total Distance 466: 15 15 13 14 13 13 13 13 12 14 17 16 12 14 18 15 15 15 16 18 15 16 14 14 14 12 13 14 16 15 15 17
Last Time Cost: 00014638 ms
Total Time Cost: 00075390 ms
Total Distance 452: 15 15 13 13 13 12 13 13 12 13 17 15 12 13 17 15 15 15 15 17 15 15 13 13 13 12 13 13 15 15 15 17
Last Time Cost: 00016168 ms
Total Time Cost: 00091558 ms
Total Distance 438: 14 14 12 13 12 12 12 13 11 12 16 15 12 13 17 15 14 15 15 16 15 15 12 13 12 12 13 13 15 14 14 17
Last Time Cost: 00013348 ms
Total Time Cost: 00104906 ms
Total Distance 424: 14 14 11 13 11 12 12 13 11 12 16 15 11 12 16 15 14 14 14 16 14 14 11 13 11 12 12 13 14 14 14 16
Last Time Cost: 00007978 ms
Total Time Cost: 00112884 ms
Total Distance 412: 13 14 11 13 11 12 12 13 10 11 16 14 11 12 15 15 13 14 14 16 14 13 11 12 11 12 11 13 14 13 13 15
Last Time Cost: 00008330 ms
Total Time Cost: 00121214 ms
Total Distance 400: 13 13 11 12 11 12 11 13 10 11 15 14 10 11 15 14 13 13 13 15 13 13 11 12 11 12 11 13 13 13 13 15
Last Time Cost: 00008710 ms
Total Time Cost: 00129924 ms
Total Distance 389: 13 12 10 12 11 11 11 12 10 11 15 13 10 11 15 13 13 13 12 14 13 12 11 12 11 12 10 13 12 13 13 15
Last Time Cost: 00008442 ms
Total Time Cost: 00138366 ms
Total Distance 378: 13 11 10 12 11 11 10 12 10 11 15 12 10 11 15 12 12 13 12 14 13 11 10 12 11 11 10 12 12 13 12 14
Last Time Cost: 00007190 ms
Total Time Cost: 00145556 ms
Total Distance 368: 13 11 10 11 11 11 10 12 10 10 14 12 10 11 15 12 12 12 11 13 12 11 10 12 11 10 10 11 11 13 12 14
Last Time Cost: 00005912 ms
Total Time Cost: 00151468 ms
Total Distance 358: 12 11 10 11 11 10 10 11 10 10 14 12 10 10 14 12 11 12 11 13 12 11 10 11 11 10 10 11 11 12 11 13
Last Time Cost: 00003408 ms
Total Time Cost: 00154876 ms
Total Distance 348: 11 11 10 11 11 10 9 11 10 10 14 12 9 10 13 12 11 11 11 12 11 11 9 11 11 10 10 10 11 11 11 13
Last Time Cost: 00003322 ms
Total Time Cost: 00158198 ms
Total Distance 338: 10 11 9 11 11 10 9 10 9 10 13 12 9 10 13 12 11 10 11 12 10 11 9 11 11 10 9 10 11 10 11 12
Last Time Cost: 00002680 ms
Total Time Cost: 00160878 ms
Total Distance 329: 10 11 9 10 11 10 9 10 9 9 13 12 9 10 12 12 11 10 10 11 10 11 9 10 10 10 9 9 10 10 11 12
Last Time Cost: 00002069 ms
Total Time Cost: 00162947 ms
Total Distance 320: 10 10 9 9 10 10 9 10 9 9 12 12 9 9 12 11 10 10 10 11 10 11 9 10 10 9 9 9 10 10 10 12
Last Time Cost: 00001204 ms
Total Time Cost: 00164151 ms
Total Distance 311: 10 10 8 9 9 10 9 10 9 9 12 12 8 9 11 11 10 10 9 11 10 10 9 10 9 9 9 9 9 10 10 11
Last Time Cost: 00001179 ms
Total Time Cost: 00165330 ms
Total Distance 303: 9 10 8 9 9 10 9 10 9 9 12 11 8 9 10 11 9 10 9 11 10 10 9 9 9 9 9 9 9 9 9 10
Last Time Cost: 00001031 ms
Total Time Cost: 00166361 ms
Total Distance 295: 9 9 8 9 9 10 9 10 9 9 11 11 7 8 10 10 9 9 9 11 9 10 9 9 9 9 9 9 8 9 9 10
Last Time Cost: 00000888 ms
Total Time Cost: 00167249 ms
Total Distance 288: 9 9 8 9 9 10 9 9 8 8 11 10 7 8 10 10 9 9 9 10 9 10 9 9 9 8 9 9 8 8 9 10
Last Time Cost: 00000612 ms
Total Time Cost: 00167861 ms
Total Distance 281: 8 9 8 9 9 10 8 9 8 8 10 10 7 8 10 10 9 9 9 9 9 10 8 9 9 8 9 9 8 7 8 10
Last Time Cost: 00000424 ms
Total Time Cost: 00168285 ms
Total Distance 275: 8 9 7 9 9 9 8 9 8 8 10 9 7 8 10 10 9 9 8 9 9 9 8 9 9 8 9 9 7 7 8 10
Last Time Cost: 00000435 ms
Total Time Cost: 00168720 ms
Total Distance 269: 8 8 7 9 9 9 8 9 8 8 10 9 7 8 10 9 8 9 8 9 9 9 7 9 9 7 9 9 7 7 7 10
Last Time Cost: 00000440 ms
Total Time Cost: 00169160 ms
Total Distance 264: 8 7 7 9 9 9 8 9 8 8 9 9 7 8 10 9 8 8 8 9 8 9 7 9 9 7 9 9 7 7 7 9
Last Time Cost: 00000431 ms
Total Time Cost: 00169591 ms
Total Distance 259: 8 7 7 9 9 9 8 9 7 8 8 9 6 8 10 9 8 7 8 9 7 9 7 9 9 7 9 9 7 7 7 9
Last Time Cost: 00000437 ms
Total Time Cost: 00170028 ms
Total Distance 255: 8 7 7 9 9 8 8 9 7 7 8 9 6 8 9 9 8 7 8 9 7 9 7 8 9 7 9 9 7 7 7 9
Last Time Cost: 00000394 ms
Total Time Cost: 00170422 ms
Total Distance 251: 8 7 7 9 9 8 8 9 7 7 8 9 6 8 9 9 8 7 8 8 7 9 6 8 8 7 9 8 7 7 7 9
Last Time Cost: 00000333 ms
Total Time Cost: 00170755 ms
Total Distance 247: 8 7 7 8 9 7 8 9 7 7 8 9 6 8 9 9 8 7 8 8 7 9 6 7 8 7 9 7 7 7 7 9
Last Time Cost: 00000339 ms
Total Time Cost: 00171094 ms
Total Distance 243: 7 7 7 8 9 7 8 9 7 7 8 8 6 8 8 9 8 7 8 8 7 9 6 7 8 7 9 7 7 6 7 9
Last Time Cost: 00000299 ms
Total Time Cost: 00171393 ms
Total Distance 239: 7 7 7 8 9 6 8 9 6 7 8 8 6 8 8 9 8 7 8 8 7 9 6 7 7 7 8 7 7 6 7 9
Last Time Cost: 00000286 ms
Total Time Cost: 00171679 ms
Total Distance 236: 7 6 7 8 9 6 8 9 6 7 8 8 6 8 8 9 8 7 8 8 7 8 6 7 7 7 8 7 7 6 7 8
Last Time Cost: 00000221 ms
Total Time Cost: 00171900 ms
Total Distance 233: 7 6 7 8 8 6 8 9 6 7 8 8 6 8 8 8 8 7 8 8 6 8 6 7 7 7 8 7 7 6 7 8
Last Time Cost: 00000138 ms
Total Time Cost: 00172038 ms
Total Distance 230: 7 6 7 8 8 6 8 9 6 7 8 8 6 7 8 7 7 7 8 8 6 8 6 7 7 7 8 7 7 6 7 8
Last Time Cost: 00000148 ms
Total Time Cost: 00172186 ms
Total Distance 227: 7 6 7 8 8 6 8 9 6 7 8 8 6 7 8 7 7 7 7 8 6 7 6 7 7 7 8 6 7 6 7 8
Last Time Cost: 00000151 ms
Total Time Cost: 00172337 ms
Total Distance 224: 7 6 6 8 8 6 8 8 6 6 8 8 6 7 8 7 7 7 7 8 6 7 6 7 7 7 8 6 7 6 7 8
Last Time Cost: 00000096 ms
Total Time Cost: 00172433 ms
Total Distance 221: 7 6 6 8 8 6 7 8 6 6 8 8 5 7 7 7 7 7 7 8 6 7 6 7 7 7 8 6 7 6 7 8
Last Time Cost: 00000103 ms
Total Time Cost: 00172536 ms
Total Distance 218: 7 6 6 7 7 6 7 8 6 5 8 8 5 7 7 7 7 7 7 8 6 7 6 7 7 7 8 6 7 6 7 8
Last Time Cost: 00000101 ms
Total Time Cost: 00172637 ms
Total Distance 215: 6 6 6 7 7 6 7 8 6 5 8 8 5 7 7 7 6 7 7 8 6 7 6 7 7 7 8 6 7 6 7 7
Last Time Cost: 00000099 ms
Total Time Cost: 00172736 ms
Total Distance 212: 6 6 6 7 7 6 7 7 5 5 8 8 5 7 7 7 6 7 7 7 6 7 6 7 7 7 8 6 7 6 7 7
Last Time Cost: 00000107 ms
Total Time Cost: 00172843 ms
Total Distance 209: 6 6 6 7 7 6 7 7 5 5 7 8 5 7 7 7 6 7 7 7 5 7 6 7 7 7 8 6 6 6 7 7
Last Time Cost: 00000109 ms
Total Time Cost: 00172952 ms
Total Distance 206: 6 6 6 7 7 6 7 7 5 5 7 8 5 7 7 7 6 6 7 7 5 7 5 7 7 7 7 6 6 6 7 7
Last Time Cost: 00000138 ms
Total Time Cost: 00173090 ms
Total Distance 203: 6 6 6 7 7 6 7 7 5 5 7 8 4 7 6 7 6 6 7 7 5 7 5 7 7 6 7 6 6 6 7 7
Last Time Cost: 00000104 ms
Total Time Cost: 00173194 ms
Total Distance 200: 5 6 5 7 7 6 7 7 5 5 7 8 4 7 6 7 6 6 7 7 5 7 5 7 7 6 6 6 6 6 7 7
Last Time Cost: 00000108 ms
Total Time Cost: 00173302 ms
Total Distance 197: 4 6 5 7 7 6 7 7 5 5 7 8 4 7 6 7 6 6 7 7 5 7 5 7 7 6 6 6 6 5 6 7
Last Time Cost: 00000107 ms
Total Time Cost: 00173409 ms
Total Distance 195: 4 6 5 7 7 6 7 7 5 5 7 7 4 7 6 7 6 6 7 7 5 6 5 7 7 6 6 6 6 5 6 7
Last Time Cost: 00000104 ms
Total Time Cost: 00173513 ms
Total Distance 193: 4 6 5 7 7 6 7 7 5 5 7 7 4 7 6 7 6 6 6 7 5 6 5 7 6 6 6 6 6 5 6 7
Last Time Cost: 00000091 ms
Total Time Cost: 00173604 ms
Total Distance 191: 4 6 5 7 7 6 7 7 5 5 6 7 4 7 6 7 6 6 6 7 5 6 5 7 6 6 6 6 6 5 6 6
Last Time Cost: 00000080 ms
Total Time Cost: 00173684 ms
Total Distance 189: 4 6 5 7 6 6 7 7 5 5 6 7 4 7 6 7 6 6 6 6 5 6 5 7 6 6 6 6 6 5 6 6
Last Time Cost: 00000070 ms
Total Time Cost: 00173754 ms
Total Distance 186: 4 6 5 6 5 6 7 7 5 5 6 7 4 7 6 7 6 6 6 6 5 6 5 7 6 5 6 6 6 5 6 6
Last Time Cost: 00000066 ms
Total Time Cost: 00173820 ms
Total Distance 184: 4 6 5 6 5 6 6 7 5 5 6 7 4 7 6 6 6 6 6 6 5 6 5 7 6 5 6 6 6 5 6 6
Last Time Cost: 00000052 ms
Total Time Cost: 00173872 ms
Total Distance 182: 4 6 5 6 5 6 6 6 5 5 6 7 4 6 6 6 6 6 6 6 5 6 5 7 6 5 6 6 6 5 6 6
Last Time Cost: 00000035 ms
Total Time Cost: 00173907 ms
Total Distance 180: 4 6 5 6 5 6 5 6 5 5 6 6 4 6 6 6 6 6 6 6 5 6 5 7 6 5 6 6 6 5 6 6
Last Time Cost: 00000029 ms
Total Time Cost: 00173936 ms
Total Distance 177: 4 6 5 6 5 6 4 6 5 5 6 6 4 6 6 6 6 6 6 6 5 5 4 7 6 5 6 6 6 5 6 6
Last Time Cost: 00000025 ms
Total Time Cost: 00173961 ms
Total Distance 175: 4 6 5 6 5 6 4 5 5 5 6 6 4 6 6 6 6 6 6 6 5 5 4 6 6 5 6 6 6 5 6 6
Last Time Cost: 00000013 ms
Total Time Cost: 00173974 ms
Total Distance 173: 4 6 5 6 5 6 4 5 5 5 6 6 4 6 6 6 6 6 6 6 5 5 4 6 5 5 5 6 6 5 6 6
Last Time Cost: 00000013 ms
Total Time Cost: 00173987 ms
Total Distance 171: 4 6 5 6 5 6 4 5 5 5 6 6 4 5 6 6 6 6 6 6 5 5 4 6 5 5 5 6 5 5 6 6
Last Time Cost: 00000014 ms
Total Time Cost: 00174001 ms
Total Distance 169: 4 5 5 6 5 6 4 5 5 5 6 6 4 5 6 5 6 6 6 6 5 5 4 6 5 5 5 6 5 5 6 6
Last Time Cost: 00000013 ms
Total Time Cost: 00174014 ms
Total Distance 167: 4 5 5 6 5 6 4 5 5 5 6 6 4 5 6 5 6 6 6 6 5 5 4 6 5 5 5 5 5 5 5 6
Last Time Cost: 00000014 ms
Total Time Cost: 00174028 ms
Total Distance 165: 4 5 5 6 5 5 4 5 5 5 5 6 4 5 6 5 6 6 6 6 5 5 4 6 5 5 5 5 5 5 5 6
Last Time Cost: 00000014 ms
Total Time Cost: 00174042 ms
Total Distance 163: 4 5 5 6 5 5 4 5 5 5 5 6 4 5 6 5 6 5 6 6 4 5 4 6 5 5 5 5 5 5 5 6
Last Time Cost: 00000013 ms
Total Time Cost: 00174055 ms
Total Distance 161: 4 5 5 6 5 5 4 5 4 5 5 6 4 5 6 5 6 5 6 5 4 5 4 6 5 5 5 5 5 5 5 6
Last Time Cost: 00000014 ms
Total Time Cost: 00174069 ms
Total Distance 159: 4 5 5 5 5 5 4 5 4 5 5 6 4 5 6 5 6 5 6 5 4 5 4 6 5 4 5 5 5 5 5 6
Last Time Cost: 00000013 ms
Total Time Cost: 00174082 ms
Total Distance 157: 4 5 5 5 5 5 4 5 4 5 5 6 4 5 6 5 6 5 6 5 4 4 4 6 5 4 5 5 5 5 5 5
Last Time Cost: 00000013 ms
Total Time Cost: 00174095 ms
Total Distance 155: 4 5 5 5 5 5 4 5 4 5 5 6 4 5 6 5 6 5 6 5 4 4 4 6 4 4 4 5 5 5 5 5
Last Time Cost: 00000014 ms
Total Time Cost: 00174109 ms
Total Distance 153: 4 5 5 5 4 5 4 5 4 5 5 6 4 5 6 5 6 5 6 5 4 4 4 6 4 4 4 5 5 5 4 5
Last Time Cost: 00000012 ms
Total Time Cost: 00174121 ms
Total Distance 152: 4 5 5 5 4 5 4 5 4 5 5 6 4 5 5 5 6 5 6 5 4 4 4 6 4 4 4 5 5 5 4 5
Last Time Cost: 00000013 ms
Total Time Cost: 00174134 ms
Total Distance 151: 4 5 5 5 4 5 4 5 4 5 5 6 4 5 5 5 6 5 5 5 4 4 4 6 4 4 4 5 5 5 4 5
Last Time Cost: 00000012 ms
Total Time Cost: 00174146 ms
Total Distance 150: 4 5 5 5 4 5 4 5 4 5 5 6 4 5 5 5 5 5 5 5 4 4 4 6 4 4 4 5 5 5 4 5
Last Time Cost: 00000013 ms
Total Time Cost: 00174159 ms
Total Distance 148: 4 5 5 5 4 5 4 5 4 5 5 6 4 4 5 4 5 5 5 5 4 4 4 6 4 4 4 5 5 5 4 5
Last Time Cost: 00000014 ms
Total Time Cost: 00174173 ms
Total Distance 147: 4 5 5 5 4 5 4 5 4 5 5 5 4 4 5 4 5 5 5 5 4 4 4 6 4 4 4 5 5 5 4 5
Last Time Cost: 00000016 ms
Total Time Cost: 00174189 ms
Total Distance 146: 4 5 5 5 4 5 4 5 4 5 5 5 4 4 5 4 5 5 5 5 4 4 4 5 4 4 4 5 5 5 4 5
Last Time Cost: 00000015 ms
Total Time Cost: 00174204 ms
Total Distance 145: 4 5 5 5 4 5 4 5 4 5 5 5 4 4 5 4 5 5 5 5 4 4 4 5 4 4 4 5 5 4 4 5
Last Time Cost: 00000012 ms
Total Time Cost: 00174216 ms
Total Distance 144: 4 5 5 5 4 5 4 5 4 5 5 5 4 4 5 4 5 5 5 5 4 4 4 5 4 4 4 4 5 4 4 5
Last Time Cost: 00000011 ms
Total Time Cost: 00174227 ms
Total Distance 143: 4 5 5 5 4 5 4 5 4 5 5 5 4 4 4 4 5 5 5 5 4 4 4 5 4 4 4 4 5 4 4 5
Last Time Cost: 00000011 ms
Total Time Cost: 00174238 ms
Total Distance 142: 4 5 5 5 4 5 4 5 4 5 5 4 4 4 4 4 5 5 5 5 4 4 4 5 4 4 4 4 5 4 4 5
Last Time Cost: 00000011 ms
Total Time Cost: 00174249 ms
Total Distance 141: 4 5 5 5 4 5 4 4 4 5 5 4 4 4 4 4 5 5 5 5 4 4 4 5 4 4 4 4 5 4 4 5
Last Time Cost: 00000011 ms
Total Time Cost: 00174260 ms
Total Distance 140: 4 5 5 5 4 5 4 4 4 5 5 4 4 4 4 4 5 4 5 5 4 4 4 5 4 4 4 4 5 4 4 5
Last Time Cost: 00000011 ms
Total Time Cost: 00174271 ms
Total Distance 139: 4 5 5 5 4 5 4 4 4 5 5 4 4 4 4 4 5 4 5 5 4 4 4 5 4 4 4 4 5 4 4 4
Last Time Cost: 00000009 ms
Total Time Cost: 00174280 ms
Total Distance 138: 4 4 5 5 4 5 4 4 4 5 5 4 4 4 4 4 5 4 5 5 4 4 4 5 4 4 4 4 5 4 4 4
Last Time Cost: 00000009 ms
Total Time Cost: 00174289 ms
Total Distance 137: 4 4 5 5 4 4 4 4 4 5 5 4 4 4 4 4 5 4 5 5 4 4 4 5 4 4 4 4 5 4 4 4
Last Time Cost: 00000009 ms
Total Time Cost: 00174298 ms
Total Distance 136: 4 4 5 5 4 4 4 4 4 5 4 4 4 4 4 4 5 4 5 5 4 4 4 5 4 4 4 4 5 4 4 4
Last Time Cost: 00000008 ms
Total Time Cost: 00174306 ms
Total Distance 135: 4 4 5 4 4 4 4 4 4 5 4 4 4 4 4 4 5 4 5 5 4 4 4 5 4 4 4 4 5 4 4 4
Last Time Cost: 00000008 ms
Total Time Cost: 00174314 ms
Total Distance 134: 4 4 4 4 4 4 4 4 4 5 4 4 4 4 4 4 5 4 5 5 4 4 4 5 4 4 4 4 5 4 4 4
Last Time Cost: 00000007 ms
Total Time Cost: 00174321 ms
Total Distance 133: 4 4 4 4 4 4 4 4 4 4 4 4 4 4 4 4 5 4 5 5 4 4 4 5 4 4 4 4 5 4 4 4
Last Time Cost: 00000006 ms
Total Time Cost: 00174327 ms
Total Distance 132: 4 4 4 4 4 4 4 4 4 4 4 4 4 4 4 4 5 4 5 5 4 4 4 5 4 4 4 4 4 4 4 4
Last Time Cost: 00000006 ms
Total Time Cost: 00174333 ms
Total Distance 131: 4 4 4 4 4 4 4 4 4 4 4 4 4 4 4 4 4 4 5 5 4 4 4 5 4 4 4 4 4 4 4 4
Last Time Cost: 00000005 ms
Total Time Cost: 00174338 ms
Total Distance 130: 4 4 4 4 4 4 4 4 4 4 4 4 4 4 4 4 4 4 5 5 4 4 4 4 4 4 4 4 4 4 4 4
Last Time Cost: 00000005 ms
Total Time Cost: 00174343 ms
Total Distance 129: 4 4 4 4 4 4 4 4 4 4 4 4 4 4 4 4 4 4 4 5 4 4 4 4 4 4 4 4 4 4 4 4
Last Time Cost: 00000013 ms
Total Time Cost: 00174356 ms
Total Distance 128: 4 4 4 4 4 4 4 4 4 4 4 4 4 4 4 4 4 4 4 4 4 4 4 4 4 4 4 4 4 4 4 4
Last Time Cost: 00000006 ms
Total Time Cost: 00174362 ms
Total Distance 127: 4 4 4 4 4 4 4 4 4 4 4 4 4 4 4 4 4 4 4 4 4 4 3 4 4 4 4 4 4 4 4 4
Last Time Cost: 00000002 ms
Total Time Cost: 00174364 ms
Total Distance 126: 4 4 4 4 4 4 4 3 4 4 4 4 4 4 4 4 4 4 4 4 4 4 3 4 4 4 4 4 4 4 4 4
Last Time Cost: 00000002 ms
Total Time Cost: 00174366 ms
Total Distance 125: 4 4 3 4 4 4 4 3 4 4 4 4 4 4 4 4 4 4 4 4 4 4 3 4 4 4 4 4 4 4 4 4
Last Time Cost: 00000002 ms
Total Time Cost: 00174368 ms
Total Distance 124: 4 4 3 4 4 4 4 3 4 4 4 4 4 4 4 4 4 4 4 4 4 4 3 4 4 4 4 4 3 4 4 4
Last Time Cost: 00000002 ms
Total Time Cost: 00174370 ms
Total Distance 123: 4 4 3 4 4 4 3 3 4 4 4 4 4 4 4 4 4 4 4 4 4 4 3 4 4 4 4 4 3 4 4 4
Last Time Cost: 00000002 ms
Total Time Cost: 00174372 ms
Total Distance 122: 4 4 3 4 3 4 3 3 4 4 4 4 4 4 4 4 4 4 4 4 4 4 3 4 4 4 4 4 3 4 4 4
Last Time Cost: 00000002 ms
Total Time Cost: 00174374 ms
Total Distance 121: 4 4 3 4 3 4 3 3 4 4 4 4 3 4 4 4 4 4 4 4 4 4 3 4 4 4 4 4 3 4 4 4
Last Time Cost: 00000002 ms
Total Time Cost: 00174376 ms
Total Distance 120: 4 4 3 4 3 4 3 3 4 4 4 4 3 4 4 4 3 4 4 4 4 4 3 4 4 4 4 4 3 4 4 4
Last Time Cost: 00000002 ms
Total Time Cost: 00174378 ms
Total Distance 119: 3 4 3 4 3 4 3 3 4 4 4 4 3 4 4 4 3 4 4 4 4 4 3 4 4 4 4 4 3 4 4 4
Last Time Cost: 00000004 ms
Total Time Cost: 00174382 ms
Total Distance 118: 3 4 3 4 3 4 3 3 4 4 3 4 3 4 4 4 3 4 4 4 4 4 3 4 4 4 4 4 3 4 4 4
Last Time Cost: 00000002 ms
Total Time Cost: 00174384 ms
Total Distance 117: 3 4 3 4 3 4 3 3 4 4 3 4 3 4 4 4 3 4 4 4 4 4 3 4 4 3 4 4 3 4 4 4
Last Time Cost: 00000002 ms
Total Time Cost: 00174386 ms
Total Distance 116: 3 4 3 4 3 4 3 3 3 4 3 4 3 4 4 4 3 4 4 4 4 4 3 4 4 3 4 4 3 4 4 4
Last Time Cost: 00000002 ms
Total Time Cost: 00174388 ms
Total Distance 115: 3 4 3 3 3 4 3 3 3 4 3 4 3 4 4 4 3 4 4 4 4 4 3 4 4 3 4 4 3 4 4 4
Last Time Cost: 00000002 ms
Total Time Cost: 00174390 ms
Total Distance 114: 3 4 3 3 3 4 3 3 3 4 3 4 3 4 4 4 3 4 4 4 4 4 3 4 4 3 3 4 3 4 4 4
Last Time Cost: 00000002 ms
Total Time Cost: 00174392 ms
Total Distance 113: 3 4 3 3 3 4 3 3 3 3 3 4 3 4 4 4 3 4 4 4 4 4 3 4 4 3 3 4 3 4 4 4
Last Time Cost: 00000002 ms
Total Time Cost: 00174394 ms
Total Distance 112: 3 3 3 3 3 4 3 3 3 3 3 4 3 4 4 4 3 4 4 4 4 4 3 4 4 3 3 4 3 4 4 4
Last Time Cost: 00000002 ms
Total Time Cost: 00174396 ms
Total Distance 111: 3 3 3 3 3 4 3 3 3 3 3 4 3 4 4 3 3 4 4 4 4 4 3 4 4 3 3 4 3 4 4 4
Last Time Cost: 00000002 ms
Total Time Cost: 00174398 ms
Total Distance 110: 3 3 3 3 3 4 3 3 3 3 3 4 3 4 4 3 3 4 4 4 4 4 3 4 4 3 3 4 3 3 4 4
Last Time Cost: 00000002 ms
Total Time Cost: 00174400 ms
Total Distance 109: 3 3 3 3 3 4 3 3 3 3 3 4 3 4 4 3 3 3 4 4 4 4 3 4 4 3 3 4 3 3 4 4
Last Time Cost: 00000002 ms
Total Time Cost: 00174402 ms
Total Distance 108: 3 3 3 3 3 4 3 3 3 3 3 4 3 4 4 3 3 3 4 4 3 4 3 4 4 3 3 4 3 3 4 4
Last Time Cost: 00000004 ms
Total Time Cost: 00174406 ms
Total Distance 107: 3 3 3 3 3 4 3 3 3 3 3 4 3 4 3 3 3 3 4 4 3 4 3 4 4 3 3 4 3 3 4 4
Last Time Cost: 00000003 ms
Total Time Cost: 00174409 ms
Total Distance 106: 3 3 3 3 3 4 3 3 3 3 3 4 3 4 3 3 3 3 4 4 3 4 3 4 4 3 3 3 3 3 4 4
Last Time Cost: 00000003 ms
Total Time Cost: 00174412 ms
Total Distance 105: 3 3 3 3 3 4 3 3 3 3 3 4 3 4 3 3 3 3 4 4 3 4 3 3 4 3 3 3 3 3 4 4
Last Time Cost: 00000003 ms
Total Time Cost: 00174415 ms
Total Distance 104: 3 3 3 3 3 4 3 3 3 3 3 4 3 4 3 3 3 3 3 4 3 4 3 3 4 3 3 3 3 3 4 4
Last Time Cost: 00000003 ms
Total Time Cost: 00174418 ms
Total Distance 103: 3 3 3 3 3 4 3 3 3 3 3 4 3 4 3 3 3 3 3 4 3 4 3 3 3 3 3 3 3 3 4 4
Last Time Cost: 00000003 ms
Total Time Cost: 00174421 ms
Total Distance 102: 3 3 3 3 3 4 3 3 3 3 3 4 3 4 3 3 3 3 3 4 3 3 3 3 3 3 3 3 3 3 4 4
Last Time Cost: 00000003 ms
Total Time Cost: 00174424 ms
Total Distance 101: 3 3 3 3 3 3 3 3 3 3 3 4 3 4 3 3 3 3 3 4 3 3 3 3 3 3 3 3 3 3 4 4
Last Time Cost: 00000003 ms
Total Time Cost: 00174427 ms
Total Distance 100: 3 3 3 3 3 3 3 3 3 3 3 3 3 4 3 3 3 3 3 4 3 3 3 3 3 3 3 3 3 3 4 4
Last Time Cost: 00000003 ms
Total Time Cost: 00174430 ms
Total Distance 99: 3 3 3 3 3 3 3 3 3 3 3 3 3 4 3 3 3 3 3 4 3 3 3 3 3 3 3 3 3 3 3 4
Last Time Cost: 00000003 ms
Total Time Cost: 00174433 ms
Total Distance 98: 3 3 3 3 3 3 3 3 3 3 3 3 3 3 3 3 3 3 3 4 3 3 3 3 3 3 3 3 3 3 3 4
Last Time Cost: 00000002 ms
Total Time Cost: 00174435 ms
Total Distance 97: 3 3 3 3 3 3 3 3 3 3 3 3 3 3 3 3 3 3 3 4 3 3 3 3 3 3 3 3 3 3 3 3
Last Time Cost: 00000002 ms
Total Time Cost: 00174437 ms
Total Distance 96: 3 3 3 3 3 3 3 3 3 3 3 3 3 3 3 3 3 3 3 3 3 3 3 3 3 3 3 3 3 3 3 3
Last Time Cost: 00000002 ms
Total Time Cost: 00174439 ms
Total Distance 95: 3 3 3 3 2 3 3 3 3 3 3 3 3 3 3 3 3 3 3 3 3 3 3 3 3 3 3 3 3 3 3 3
Last Time Cost: 00000002 ms
Total Time Cost: 00174441 ms
Total Distance 94: 3 3 3 3 2 3 3 3 3 3 3 3 3 3 3 3 3 3 3 3 3 3 3 3 3 3 3 3 3 3 3 2
Last Time Cost: 00000004 ms
Total Time Cost: 00174445 ms
Total Distance 93: 3 3 3 3 2 3 3 3 3 3 3 3 3 3 3 3 3 3 3 3 3 3 3 3 3 3 2 3 3 3 3 2
Last Time Cost: 00000003 ms
Total Time Cost: 00174448 ms
Total Distance 92: 3 3 3 3 2 3 3 3 3 3 3 3 3 3 3 3 3 3 3 3 3 3 2 3 3 3 2 3 3 3 3 2
Last Time Cost: 00000003 ms
Total Time Cost: 00174451 ms
Total Distance 91: 3 3 3 3 2 3 3 3 3 3 3 3 3 3 3 3 3 3 3 3 2 3 2 3 3 3 2 3 3 3 3 2
Last Time Cost: 00000002 ms
Total Time Cost: 00174453 ms
Total Distance 90: 3 3 3 3 2 3 3 3 2 3 3 3 3 3 3 3 3 3 3 3 2 3 2 3 3 3 2 3 3 3 3 2
Last Time Cost: 00000002 ms
Total Time Cost: 00174455 ms
Total Distance 89: 3 3 3 3 2 2 3 3 2 3 3 3 3 3 3 3 3 3 3 3 2 3 2 3 3 3 2 3 3 3 3 2
Last Time Cost: 00000002 ms
Total Time Cost: 00174457 ms
Total Distance 88: 3 3 3 3 2 2 3 3 2 3 3 3 3 3 3 3 3 3 3 3 2 3 2 3 3 3 2 3 3 3 2 2
Last Time Cost: 00000002 ms
Total Time Cost: 00174459 ms
Total Distance 87: 3 3 3 3 2 2 3 3 2 3 3 3 3 3 3 3 2 3 3 3 2 3 2 3 3 3 2 3 3 3 2 2
Last Time Cost: 00000002 ms
Total Time Cost: 00174461 ms
Total Distance 86: 3 3 3 3 2 2 2 3 2 3 3 3 3 3 3 3 2 3 3 3 2 3 2 3 3 3 2 3 3 3 2 2
Last Time Cost: 00000002 ms
Total Time Cost: 00174463 ms
Total Distance 85: 3 3 3 3 2 2 2 3 2 3 3 3 3 3 3 3 2 3 3 3 2 2 2 3 3 3 2 3 3 3 2 2
Last Time Cost: 00000002 ms
Total Time Cost: 00174465 ms
Total Distance 84: 3 3 3 3 2 2 2 3 2 3 3 3 3 3 3 3 2 3 2 3 2 2 2 3 3 3 2 3 3 3 2 2
Last Time Cost: 00000002 ms
Total Time Cost: 00174467 ms
Total Distance 83: 3 3 3 3 2 2 2 3 2 3 3 3 3 3 3 3 2 3 2 3 2 2 2 3 3 3 2 3 2 3 2 2
Last Time Cost: 00000002 ms
Total Time Cost: 00174469 ms
Total Distance 82: 3 3 3 3 2 2 2 3 2 3 3 2 3 3 3 3 2 3 2 3 2 2 2 3 3 3 2 3 2 3 2 2
Last Time Cost: 00000002 ms
Total Time Cost: 00174471 ms
Total Distance 81: 3 2 3 3 2 2 2 3 2 3 3 2 3 3 3 3 2 3 2 3 2 2 2 3 3 3 2 3 2 3 2 2
Last Time Cost: 00000002 ms
Total Time Cost: 00174473 ms
Total Distance 80: 3 2 3 3 2 2 2 3 2 3 2 2 3 3 3 3 2 3 2 3 2 2 2 3 3 3 2 3 2 3 2 2
Last Time Cost: 00000002 ms
Total Time Cost: 00174475 ms
Total Distance 79: 3 2 3 3 2 2 2 3 2 3 2 2 3 3 3 3 2 3 2 3 2 2 2 3 2 3 2 3 2 3 2 2
Last Time Cost: 00000002 ms
Total Time Cost: 00174477 ms
Total Distance 78: 3 2 2 3 2 2 2 3 2 3 2 2 3 3 3 3 2 3 2 3 2 2 2 3 2 3 2 3 2 3 2 2
Last Time Cost: 00000002 ms
Total Time Cost: 00174479 ms
Total Distance 77: 3 2 2 3 2 2 2 2 2 3 2 2 3 3 3 3 2 3 2 3 2 2 2 3 2 3 2 3 2 3 2 2
Last Time Cost: 00000002 ms
Total Time Cost: 00174481 ms
Total Distance 76: 3 2 2 3 2 2 2 2 2 3 2 2 3 3 3 3 2 3 2 3 2 2 2 2 2 3 2 3 2 3 2 2
Last Time Cost: 00000002 ms
Total Time Cost: 00174483 ms
Total Distance 75: 3 2 2 3 2 2 2 2 2 3 2 2 3 3 3 3 2 3 2 3 2 2 2 2 2 3 2 3 2 2 2 2
Last Time Cost: 00000001 ms
Total Time Cost: 00174484 ms
Total Distance 74: 3 2 2 3 2 2 2 2 2 3 2 2 3 2 3 3 2 3 2 3 2 2 2 2 2 3 2 3 2 2 2 2
Last Time Cost: 00000002 ms
Total Time Cost: 00174486 ms
Total Distance 73: 2 2 2 3 2 2 2 2 2 3 2 2 3 2 3 3 2 3 2 3 2 2 2 2 2 3 2 3 2 2 2 2
Last Time Cost: 00000002 ms
Total Time Cost: 00174488 ms
Total Distance 72: 2 2 2 3 2 2 2 2 2 3 2 2 3 2 3 2 2 3 2 3 2 2 2 2 2 3 2 3 2 2 2 2
Last Time Cost: 00000002 ms
Total Time Cost: 00174490 ms
Total Distance 71: 2 2 2 2 2 2 2 2 2 3 2 2 3 2 3 2 2 3 2 3 2 2 2 2 2 3 2 3 2 2 2 2
Last Time Cost: 00000002 ms
Total Time Cost: 00174492 ms
Total Distance 70: 2 2 2 2 2 2 2 2 2 3 2 2 3 2 3 2 2 3 2 3 2 2 2 2 2 2 2 3 2 2 2 2
Last Time Cost: 00000003 ms
Total Time Cost: 00174495 ms
Total Distance 69: 2 2 2 2 2 2 2 2 2 3 2 2 3 2 3 2 2 2 2 3 2 2 2 2 2 2 2 3 2 2 2 2
Last Time Cost: 00000004 ms
Total Time Cost: 00174499 ms
Total Distance 68: 2 2 2 2 2 2 2 2 2 2 2 2 3 2 3 2 2 2 2 3 2 2 2 2 2 2 2 3 2 2 2 2
Last Time Cost: 00000004 ms
Total Time Cost: 00174503 ms
Total Distance 67: 2 2 2 2 2 2 2 2 2 2 2 2 3 2 3 2 2 2 2 2 2 2 2 2 2 2 2 3 2 2 2 2
Last Time Cost: 00000003 ms
Total Time Cost: 00174506 ms
Total Distance 66: 2 2 2 2 2 2 2 2 2 2 2 2 2 2 3 2 2 2 2 2 2 2 2 2 2 2 2 3 2 2 2 2
Last Time Cost: 00000003 ms
Total Time Cost: 00174509 ms
Total Distance 65: 2 2 2 2 2 2 2 2 2 2 2 2 2 2 3 2 2 2 2 2 2 2 2 2 2 2 2 2 2 2 2 2
Last Time Cost: 00000002 ms
Total Time Cost: 00174511 ms
Total Distance 64: 2 2 2 2 2 2 2 2 2 2 2 2 2 2 2 2 2 2 2 2 2 2 2 2 2 2 2 2 2 2 2 2
Last Time Cost: 00000002 ms
Total Time Cost: 00174513 ms
Total Distance 63: 2 2 2 2 2 2 2 2 2 2 2 2 2 2 2 2 2 2 1 2 2 2 2 2 2 2 2 2 2 2 2 2
Last Time Cost: 00000001 ms
Total Time Cost: 00174514 ms
Total Distance 62: 2 2 2 2 2 2 2 2 2 2 2 2 2 2 2 2 2 2 0 2 2 2 2 2 2 2 2 2 2 2 2 2
Last Time Cost: 00000001 ms
Total Time Cost: 00174515 ms
Total Distance 61: 2 1 2 2 2 2 2 2 2 2 2 2 2 2 2 2 2 2 0 2 2 2 2 2 2 2 2 2 2 2 2 2
Last Time Cost: 00000001 ms
Total Time Cost: 00174516 ms
Total Distance 60: 2 0 2 2 2 2 2 2 2 2 2 2 2 2 2 2 2 2 0 2 2 2 2 2 2 2 2 2 2 2 2 2
Last Time Cost: 00000001 ms
Total Time Cost: 00174517 ms
Total Distance 59: 2 0 2 2 2 2 2 2 2 2 2 2 2 2 2 2 2 2 0 2 2 2 1 2 2 2 2 2 2 2 2 2
Last Time Cost: 00000000 ms
Total Time Cost: 00174517 ms
Total Distance 58: 2 0 2 2 2 2 2 2 2 2 2 2 2 2 2 2 2 2 0 2 2 2 0 2 2 2 2 2 2 2 2 2
Last Time Cost: 00000002 ms
Total Time Cost: 00174519 ms
Total Distance 57: 2 0 2 2 2 2 2 2 2 2 2 2 2 2 2 2 2 2 0 1 2 2 0 2 2 2 2 2 2 2 2 2
Last Time Cost: 00000000 ms
Total Time Cost: 00174519 ms
Total Distance 56: 2 0 2 2 2 2 2 2 2 2 2 2 2 2 2 2 2 2 0 0 2 2 0 2 2 2 2 2 2 2 2 2
Last Time Cost: 00000001 ms
Total Time Cost: 00174520 ms
Total Distance 55: 2 0 2 2 2 2 2 2 2 2 2 2 2 2 2 2 2 2 0 0 2 2 0 2 2 2 2 1 2 2 2 2
Last Time Cost: 00000000 ms
Total Time Cost: 00174520 ms
Total Distance 54: 2 0 2 2 2 2 2 2 2 2 2 2 2 2 2 2 2 2 0 0 2 2 0 2 2 2 2 0 2 2 2 2
Last Time Cost: 00000001 ms
Total Time Cost: 00174521 ms
Total Distance 53: 2 0 2 2 2 2 2 2 2 2 2 2 2 2 2 2 2 2 0 0 2 2 0 2 2 2 1 0 2 2 2 2
Last Time Cost: 00000000 ms
Total Time Cost: 00174521 ms
Total Distance 52: 2 0 2 2 2 2 2 2 2 2 2 2 2 2 2 2 2 2 0 0 2 2 0 2 2 2 0 0 2 2 2 2
Last Time Cost: 00000001 ms
Total Time Cost: 00174522 ms
Total Distance 51: 2 0 2 2 2 2 2 2 1 2 2 2 2 2 2 2 2 2 0 0 2 2 0 2 2 2 0 0 2 2 2 2
Last Time Cost: 00000000 ms
Total Time Cost: 00174522 ms
Total Distance 50: 2 0 2 2 2 2 2 2 0 2 2 2 2 2 2 2 2 2 0 0 2 2 0 2 2 2 0 0 2 2 2 2
Last Time Cost: 00000001 ms
Total Time Cost: 00174523 ms
Total Distance 49: 2 0 2 2 2 2 2 2 0 2 2 2 2 2 2 2 2 2 0 0 2 2 0 2 2 2 0 0 2 2 2 1
Last Time Cost: 00000001 ms
Total Time Cost: 00174524 ms
Total Distance 48: 2 0 2 2 2 2 2 2 0 2 2 2 2 2 2 2 2 2 0 0 2 2 0 2 2 2 0 0 2 2 2 0
Last Time Cost: 00000001 ms
Total Time Cost: 00174525 ms
Total Distance 47: 2 0 2 2 2 2 2 2 0 2 2 1 2 2 2 2 2 2 0 0 2 2 0 2 2 2 0 0 2 2 2 0
Last Time Cost: 00000000 ms
Total Time Cost: 00174525 ms
Total Distance 46: 2 0 2 2 2 2 2 2 0 2 2 0 2 2 2 2 2 2 0 0 2 2 0 2 2 2 0 0 2 2 2 0
Last Time Cost: 00000001 ms
Total Time Cost: 00174526 ms
Total Distance 45: 2 0 2 2 2 2 2 2 0 2 2 0 2 2 2 2 2 2 0 0 2 1 0 2 2 2 0 0 2 2 2 0
Last Time Cost: 00000000 ms
Total Time Cost: 00174526 ms
Total Distance 44: 2 0 2 2 2 2 2 2 0 2 2 0 2 2 2 2 2 2 0 0 2 0 0 2 2 2 0 0 2 2 2 0
Last Time Cost: 00000001 ms
Total Time Cost: 00174527 ms
Total Distance 43: 2 0 2 2 1 2 2 2 0 2 2 0 2 2 2 2 2 2 0 0 2 0 0 2 2 2 0 0 2 2 2 0
Last Time Cost: 00000000 ms
Total Time Cost: 00174527 ms
Total Distance 42: 2 0 2 2 0 2 2 2 0 2 2 0 2 2 2 2 2 2 0 0 2 0 0 2 2 2 0 0 2 2 2 0
Last Time Cost: 00000003 ms
Total Time Cost: 00174530 ms
Total Distance 41: 2 0 2 2 0 2 2 2 0 2 2 0 2 2 2 2 2 2 0 0 2 0 0 2 2 2 0 0 2 2 1 0
Last Time Cost: 00000000 ms
Total Time Cost: 00174530 ms
Total Distance 40: 2 0 2 2 0 2 2 2 0 2 2 0 2 2 2 2 2 2 0 0 2 0 0 2 2 2 0 0 2 2 0 0
Last Time Cost: 00000003 ms
Total Time Cost: 00174533 ms
Total Distance 39: 2 0 2 2 0 2 2 2 0 2 2 0 2 2 2 1 2 2 0 0 2 0 0 2 2 2 0 0 2 2 0 0
Last Time Cost: 00000000 ms
Total Time Cost: 00174533 ms
Total Distance 38: 2 0 2 2 0 2 2 2 0 2 2 0 2 2 2 0 2 2 0 0 2 0 0 2 2 2 0 0 2 2 0 0
Last Time Cost: 00000003 ms
Total Time Cost: 00174536 ms
Total Distance 37: 2 0 2 2 0 2 2 2 0 2 2 0 2 2 2 0 2 2 0 0 2 0 0 2 2 2 0 0 1 2 0 0
Last Time Cost: 00000000 ms
Total Time Cost: 00174536 ms
Total Distance 36: 2 0 2 2 0 2 2 2 0 2 2 0 2 2 2 0 2 2 0 0 2 0 0 2 2 2 0 0 0 2 0 0
Last Time Cost: 00000002 ms
Total Time Cost: 00174538 ms
Total Distance 35: 2 0 2 2 0 2 2 2 0 2 2 0 2 2 2 0 2 2 0 0 2 0 0 1 2 2 0 0 0 2 0 0
Last Time Cost: 00000000 ms
Total Time Cost: 00174538 ms
Total Distance 34: 2 0 2 2 0 2 2 2 0 2 2 0 2 2 2 0 2 2 0 0 2 0 0 0 2 2 0 0 0 2 0 0
Last Time Cost: 00000002 ms
Total Time Cost: 00174540 ms
Total Distance 33: 2 0 2 2 0 2 1 2 0 2 2 0 2 2 2 0 2 2 0 0 2 0 0 0 2 2 0 0 0 2 0 0
Last Time Cost: 00000000 ms
Total Time Cost: 00174540 ms
Total Distance 32: 2 0 2 2 0 2 0 2 0 2 2 0 2 2 2 0 2 2 0 0 2 0 0 0 2 2 0 0 0 2 0 0
Last Time Cost: 00000002 ms
Total Time Cost: 00174542 ms
Total Distance 31: 2 0 2 2 0 2 0 2 0 2 2 0 2 2 2 0 2 1 0 0 2 0 0 0 2 2 0 0 0 2 0 0
Last Time Cost: 00000000 ms
Total Time Cost: 00174542 ms
Total Distance 30: 2 0 2 2 0 2 0 2 0 2 2 0 2 2 2 0 2 0 0 0 2 0 0 0 2 2 0 0 0 2 0 0
Last Time Cost: 00000002 ms
Total Time Cost: 00174544 ms
Total Distance 29: 2 0 2 2 0 2 0 2 0 2 2 0 2 2 2 0 2 0 0 0 1 0 0 0 2 2 0 0 0 2 0 0
Last Time Cost: 00000000 ms
Total Time Cost: 00174544 ms
Total Distance 28: 2 0 2 2 0 2 0 2 0 2 2 0 2 2 2 0 2 0 0 0 0 0 0 0 2 2 0 0 0 2 0 0
Last Time Cost: 00000002 ms
Total Time Cost: 00174546 ms
Total Distance 27: 1 0 2 2 0 2 0 2 0 2 2 0 2 2 2 0 2 0 0 0 0 0 0 0 2 2 0 0 0 2 0 0
Last Time Cost: 00000000 ms
Total Time Cost: 00174546 ms
Total Distance 26: 0 0 2 2 0 2 0 2 0 2 2 0 2 2 2 0 2 0 0 0 0 0 0 0 2 2 0 0 0 2 0 0
Last Time Cost: 00000002 ms
Total Time Cost: 00174548 ms
Total Distance 25: 0 0 2 2 0 2 0 2 0 2 2 0 2 1 2 0 2 0 0 0 0 0 0 0 2 2 0 0 0 2 0 0
Last Time Cost: 00000000 ms
Total Time Cost: 00174548 ms
Total Distance 24: 0 0 2 2 0 2 0 2 0 2 2 0 2 0 2 0 2 0 0 0 0 0 0 0 2 2 0 0 0 2 0 0
Last Time Cost: 00000002 ms
Total Time Cost: 00174550 ms
Total Distance 23: 0 0 2 1 0 2 0 2 0 2 2 0 2 0 2 0 2 0 0 0 0 0 0 0 2 2 0 0 0 2 0 0
Last Time Cost: 00000000 ms
Total Time Cost: 00174550 ms
Total Distance 22: 0 0 2 0 0 2 0 2 0 2 2 0 2 0 2 0 2 0 0 0 0 0 0 0 2 2 0 0 0 2 0 0
Last Time Cost: 00000002 ms
Total Time Cost: 00174552 ms
Total Distance 21: 0 0 2 0 0 2 0 1 0 2 2 0 2 0 2 0 2 0 0 0 0 0 0 0 2 2 0 0 0 2 0 0
Last Time Cost: 00000000 ms
Total Time Cost: 00174552 ms
Total Distance 20: 0 0 2 0 0 2 0 0 0 2 2 0 2 0 2 0 2 0 0 0 0 0 0 0 2 2 0 0 0 2 0 0
Last Time Cost: 00000002 ms
Total Time Cost: 00174554 ms
Total Distance 19: 0 0 2 0 0 2 0 0 0 2 1 0 2 0 2 0 2 0 0 0 0 0 0 0 2 2 0 0 0 2 0 0
Last Time Cost: 00000000 ms
Total Time Cost: 00174554 ms
Total Distance 18: 0 0 2 0 0 2 0 0 0 2 0 0 2 0 2 0 2 0 0 0 0 0 0 0 2 2 0 0 0 2 0 0
Last Time Cost: 00000001 ms
Total Time Cost: 00174555 ms
Total Distance 17: 0 0 2 0 0 2 0 0 0 2 0 0 2 0 2 0 2 0 0 0 0 0 0 0 2 2 0 0 0 1 0 0
Last Time Cost: 00000000 ms
Total Time Cost: 00174555 ms
Total Distance 16: 0 0 2 0 0 2 0 0 0 2 0 0 2 0 2 0 2 0 0 0 0 0 0 0 2 2 0 0 0 0 0 0
Last Time Cost: 00000001 ms
Total Time Cost: 00174556 ms
Total Distance 15: 0 0 2 0 0 2 0 0 0 2 0 0 2 0 1 0 2 0 0 0 0 0 0 0 2 2 0 0 0 0 0 0
Last Time Cost: 00000000 ms
Total Time Cost: 00174556 ms
Total Distance 14: 0 0 2 0 0 2 0 0 0 2 0 0 2 0 0 0 2 0 0 0 0 0 0 0 2 2 0 0 0 0 0 0
Last Time Cost: 00000001 ms
Total Time Cost: 00174557 ms
Total Distance 13: 0 0 1 0 0 2 0 0 0 2 0 0 2 0 0 0 2 0 0 0 0 0 0 0 2 2 0 0 0 0 0 0
Last Time Cost: 00000000 ms
Total Time Cost: 00174557 ms
Total Distance 12: 0 0 0 0 0 2 0 0 0 2 0 0 2 0 0 0 2 0 0 0 0 0 0 0 2 2 0 0 0 0 0 0
Last Time Cost: 00000001 ms
Total Time Cost: 00174558 ms
Total Distance 11: 0 0 0 0 0 2 0 0 0 1 0 0 2 0 0 0 2 0 0 0 0 0 0 0 2 2 0 0 0 0 0 0
Last Time Cost: 00000000 ms
Total Time Cost: 00174558 ms
Total Distance 10: 0 0 0 0 0 2 0 0 0 0 0 0 2 0 0 0 2 0 0 0 0 0 0 0 2 2 0 0 0 0 0 0
Last Time Cost: 00000001 ms
Total Time Cost: 00174559 ms
Total Distance 9: 0 0 0 0 0 1 0 0 0 0 0 0 2 0 0 0 2 0 0 0 0 0 0 0 2 2 0 0 0 0 0 0
Last Time Cost: 00000000 ms
Total Time Cost: 00174559 ms
Total Distance 8: 0 0 0 0 0 0 0 0 0 0 0 0 2 0 0 0 2 0 0 0 0 0 0 0 2 2 0 0 0 0 0 0
Last Time Cost: 00000001 ms
Total Time Cost: 00174560 ms
Total Distance 7: 0 0 0 0 0 0 0 0 0 0 0 0 2 0 0 0 1 0 0 0 0 0 0 0 2 2 0 0 0 0 0 0
Last Time Cost: 00000000 ms
Total Time Cost: 00174560 ms
Total Distance 6: 0 0 0 0 0 0 0 0 0 0 0 0 2 0 0 0 0 0 0 0 0 0 0 0 2 2 0 0 0 0 0 0
Last Time Cost: 00000001 ms
Total Time Cost: 00174561 ms
Total Distance 5: 0 0 0 0 0 0 0 0 0 0 0 0 2 0 0 0 0 0 0 0 0 0 0 0 2 1 0 0 0 0 0 0
Last Time Cost: 00000000 ms
Total Time Cost: 00174561 ms
Total Distance 4: 0 0 0 0 0 0 0 0 0 0 0 0 2 0 0 0 0 0 0 0 0 0 0 0 2 0 0 0 0 0 0 0
Last Time Cost: 00000001 ms
Total Time Cost: 00174562 ms
Total Distance 3: 0 0 0 0 0 0 0 0 0 0 0 0 1 0 0 0 0 0 0 0 0 0 0 0 2 0 0 0 0 0 0 0
Last Time Cost: 00000000 ms
Total Time Cost: 00174562 ms
Total Distance 2: 0 0 0 0 0 0 0 0 0 0 0 0 0 0 0 0 0 0 0 0 0 0 0 0 2 0 0 0 0 0 0 0
Last Time Cost: 00000000 ms
Total Time Cost: 00174562 ms
Total Distance 1: 0 0 0 0 0 0 0 0 0 0 0 0 0 0 0 0 0 0 0 0 0 0 0 0 1 0 0 0 0 0 0 0
Last Time Cost: 00000000 ms
Total Time Cost: 00174562 ms
Total Distance 0: 0 0 0 0 0 0 0 0 0 0 0 0 0 0 0 0 0 0 0 0 0 0 0 0 0 0 0 0 0 0 0 0
