Last Time Cost: 00000000 ms
Total Time Cost: 00000000 ms
Total Distance 536: 16 16 18 17 16 16 18 17 16 16 18 17 16 16 18 17 16 16 18 17 16 16 18 17 16 16 18 17 16 16 18 17
Last Time Cost: 00006279 ms
Total Time Cost: 00006279 ms
Total Distance 524: 16 15 17 17 15 16 18 17 16 16 17 16 16 16 17 17 16 15 17 17 15 16 18 17 16 16 17 16 16 16 17 17
Last Time Cost: 00007978 ms
Total Time Cost: 00014257 ms
Total Distance 512: 15 15 17 17 15 15 17 17 16 16 16 16 16 16 16 16 15 15 17 17 15 15 17 17 16 16 16 16 16 16 16 16
Last Time Cost: 00008481 ms
Total Time Cost: 00022738 ms
Total Distance 500: 15 15 16 17 15 15 16 16 15 16 16 16 16 15 15 16 15 15 16 17 15 15 16 16 15 16 16 16 16 15 15 16
Last Time Cost: 00007863 ms
Total Time Cost: 00030601 ms
Total Distance 488: 15 15 15 16 15 15 15 16 15 15 15 16 15 15 15 16 15 15 15 16 15 15 15 16 15 15 15 16 15 15 15 16
Last Time Cost: 00008597 ms
Total Time Cost: 00039198 ms
Total Distance 477: 15 14 14 16 15 15 15 15 15 14 14 15 15 15 15 15 14 15 15 16 15 15 14 15 15 15 15 16 15 14 15 16
Last Time Cost: 00009389 ms
Total Time Cost: 00048587 ms
Total Distance 466: 15 14 14 15 15 14 14 14 15 14 14 14 15 14 14 15 14 14 15 16 15 15 14 15 15 15 14 15 14 14 15 16
Last Time Cost: 00008803 ms
Total Time Cost: 00057390 ms
Total Distance 455: 15 14 14 15 15 13 14 14 14 14 14 14 15 14 13 14 14 13 14 15 15 15 14 14 15 14 13 15 14 14 15 15
Last Time Cost: 00008881 ms
Total Time Cost: 00066271 ms
Total Distance 444: 15 14 13 14 14 13 14 14 14 13 14 14 15 14 13 14 14 13 14 14 15 14 13 14 15 14 13 14 14 13 14 14
Last Time Cost: 00007517 ms
Total Time Cost: 00073788 ms
Total Distance 433: 14 13 13 13 14 13 14 13 14 13 14 14 14 14 13 14 14 13 14 14 15 13 12 14 14 14 12 14 14 12 13 14
Last Time Cost: 00006780 ms
Total Time Cost: 00080568 ms
Total Distance 422: 13 13 12 13 14 12 13 13 14 13 14 14 14 13 12 14 14 13 14 14 14 13 12 14 13 13 12 13 14 12 13 13
Last Time Cost: 00006295 ms
Total Time Cost: 00086863 ms
Total Distance 411: 12 13 12 13 14 12 13 13 14 13 14 13 13 12 12 13 14 12 13 14 13 13 11 14 13 12 11 13 14 12 13 13
Last Time Cost: 00006858 ms
Total Time Cost: 00093721 ms
Total Distance 400: 12 12 11 13 14 12 13 13 14 12 13 13 12 12 11 13 14 12 13 13 12 12 11 13 12 12 11 13 14 12 13 13
Last Time Cost: 00006382 ms
Total Time Cost: 00100103 ms
Total Distance 390: 12 12 11 13 13 11 13 13 13 12 12 13 12 12 11 12 13 12 12 13 12 12 11 12 12 12 11 13 13 11 13 13
Last Time Cost: 00005781 ms
Total Time Cost: 00105884 ms
Total Distance 380: 12 12 11 12 12 11 12 13 12 11 12 13 12 12 11 12 12 11 12 13 12 12 11 12 12 12 11 12 12 11 12 13
Last Time Cost: 00003884 ms
Total Time Cost: 00109768 ms
Total Distance 370: 12 11 11 12 12 11 11 13 12 11 11 13 12 11 11 12 12 10 12 12 12 12 11 11 12 12 11 11 12 10 12 12
Last Time Cost: 00003471 ms
Total Time Cost: 00113239 ms
Total Distance 360: 12 11 11 11 12 10 11 12 12 10 11 12 12 11 11 11 12 10 11 12 12 11 11 11 12 11 11 11 12 10 11 12
Last Time Cost: 00002506 ms
Total Time Cost: 00115745 ms
Total Distance 355: 12 10 10 11 12 10 11 12 12 10 10 12 12 11 10 11 12 10 11 12 11 11 11 11 12 11 11 11 12 10 11 12
Last Time Cost: 00002533 ms
Total Time Cost: 00118278 ms
Total Distance 349: 12 10 10 11 12 10 11 12 12 9 10 12 11 11 10 11 12 10 10 12 11 11 10 11 12 10 10 11 12 10 11 12
Last Time Cost: 00002638 ms
Total Time Cost: 00120916 ms
Total Distance 344: 12 10 10 10 11 10 11 11 12 9 10 12 11 11 10 11 12 10 10 12 11 11 10 11 12 10 10 11 11 10 10 12
Last Time Cost: 00002763 ms
Total Time Cost: 00123679 ms
Total Distance 339: 11 10 10 10 11 9 10 11 12 9 10 12 11 11 9 11 12 10 10 12 11 11 10 11 12 10 10 11 11 10 10 11
Last Time Cost: 00002976 ms
Total Time Cost: 00126655 ms
Total Distance 333: 11 10 10 10 11 8 10 11 12 9 10 12 11 11 9 10 11 10 10 12 10 10 10 11 11 10 10 11 11 10 10 11
Last Time Cost: 00002878 ms
Total Time Cost: 00129533 ms
Total Distance 328: 11 10 10 9 10 8 10 11 12 9 10 12 11 11 9 10 11 10 10 12 10 10 10 11 11 10 10 10 11 10 9 10
Last Time Cost: 00002912 ms
Total Time Cost: 00132445 ms
Total Distance 322: 11 10 10 9 10 7 10 11 12 9 10 12 11 11 9 10 11 10 9 11 10 10 10 11 11 9 9 10 11 10 9 9
Last Time Cost: 00003292 ms
Total Time Cost: 00135737 ms
Total Distance 317: 10 10 10 9 10 7 10 11 12 9 10 11 10 11 9 10 11 10 9 11 10 10 9 11 11 8 9 10 11 10 9 9
Last Time Cost: 00003162 ms
Total Time Cost: 00138899 ms
Total Distance 312: 10 10 10 9 10 6 10 11 11 9 10 11 10 11 9 10 10 10 9 11 10 10 9 10 11 8 9 10 10 10 9 9
Last Time Cost: 00002647 ms
Total Time Cost: 00141546 ms
Total Distance 306: 10 10 10 9 10 6 10 11 10 9 10 11 10 10 8 10 10 10 8 11 10 10 9 9 11 8 9 10 10 9 9 9
Last Time Cost: 00002227 ms
Total Time Cost: 00143773 ms
Total Distance 300: 9 10 10 9 10 6 10 11 10 9 10 11 10 10 8 10 10 10 8 11 10 9 8 9 10 8 8 10 10 9 8 9
Last Time Cost: 00002080 ms
Total Time Cost: 00145853 ms
Total Distance 295: 9 10 10 9 10 6 10 11 10 9 9 11 10 9 8 10 10 10 8 10 10 9 8 8 10 8 8 9 10 9 8 9
Last Time Cost: 00001929 ms
Total Time Cost: 00147782 ms
Total Distance 290: 9 9 9 9 10 6 10 11 10 9 9 10 10 9 8 10 10 10 7 10 9 9 8 8 10 8 8 9 10 9 8 9
Last Time Cost: 00001704 ms
Total Time Cost: 00149486 ms
Total Distance 285: 9 9 9 9 9 6 10 10 10 8 9 10 10 9 8 10 10 10 7 10 9 9 8 8 9 7 8 9 10 9 8 9
Last Time Cost: 00001193 ms
Total Time Cost: 00150679 ms
Total Distance 280: 9 9 9 9 9 6 10 10 9 8 9 10 9 8 8 10 10 10 7 10 9 9 8 7 9 7 8 9 10 8 8 9
Last Time Cost: 00001195 ms
Total Time Cost: 00151874 ms
Total Distance 275: 9 8 9 9 9 6 10 10 9 7 9 10 9 8 8 9 9 10 7 10 9 9 8 7 9 7 8 8 10 8 8 9
Last Time Cost: 00001172 ms
Total Time Cost: 00153046 ms
Total Distance 270: 9 7 8 9 9 6 10 10 9 6 9 10 9 8 8 8 8 10 7 10 9 9 8 7 9 7 8 8 10 8 8 9
Last Time Cost: 00001121 ms
Total Time Cost: 00154167 ms
Total Distance 264: 9 7 8 8 9 6 10 10 9 6 9 10 9 7 8 8 8 9 7 10 9 9 8 7 9 7 7 7 9 8 8 9
Last Time Cost: 00001124 ms
Total Time Cost: 00155291 ms
Total Distance 260: 9 7 8 8 9 6 9 10 9 6 9 10 9 7 7 8 8 9 7 9 8 9 8 7 9 7 7 7 9 8 8 9
Last Time Cost: 00001089 ms
Total Time Cost: 00156380 ms
Total Distance 255: 9 7 8 7 9 6 9 10 9 6 8 9 9 7 7 8 8 9 6 9 8 8 8 7 9 7 7 7 9 8 8 9
Last Time Cost: 00001011 ms
Total Time Cost: 00157391 ms
Total Distance 251: 9 7 8 7 9 6 9 10 9 6 8 9 9 7 7 7 8 9 6 9 8 7 7 7 8 7 7 7 9 8 8 9
Last Time Cost: 00001043 ms
Total Time Cost: 00158434 ms
Total Distance 247: 9 7 8 7 9 6 8 9 9 6 8 9 9 7 7 7 8 9 6 9 8 7 6 7 8 7 7 7 9 7 8 9
Last Time Cost: 00000979 ms
Total Time Cost: 00159413 ms
Total Distance 243: 9 7 8 7 9 6 8 9 8 6 8 9 8 7 7 7 8 9 6 9 7 7 6 7 8 6 7 7 9 7 8 9
Last Time Cost: 00000854 ms
Total Time Cost: 00160267 ms
Total Distance 238: 9 7 7 7 8 6 8 9 8 5 8 9 8 7 7 7 7 9 6 9 7 7 6 7 8 6 7 6 9 7 8 9
Last Time Cost: 00000835 ms
Total Time Cost: 00161102 ms
Total Distance 234: 9 7 7 7 8 6 8 9 8 5 8 8 8 7 7 7 7 9 6 9 7 6 5 7 8 6 7 6 9 7 7 9
Last Time Cost: 00000814 ms
Total Time Cost: 00161916 ms
Total Distance 231: 8 7 7 7 8 6 8 9 8 5 8 8 8 7 7 7 7 8 6 9 7 6 5 7 8 6 7 6 9 7 7 8
Last Time Cost: 00000531 ms
Total Time Cost: 00162447 ms
Total Distance 227: 8 6 7 7 7 6 8 9 8 5 8 8 8 7 6 7 7 8 6 9 7 6 5 7 8 6 7 6 9 7 6 8
Last Time Cost: 00000575 ms
Total Time Cost: 00163022 ms
Total Distance 222: 8 6 7 7 7 6 7 8 8 5 8 8 8 7 6 7 7 7 6 9 7 6 5 7 8 6 6 5 9 7 6 8
Last Time Cost: 00000470 ms
Total Time Cost: 00163492 ms
Total Distance 219: 7 6 7 7 7 6 7 8 7 5 7 8 8 7 6 7 7 7 6 9 7 6 5 7 8 6 6 5 9 7 6 8
Last Time Cost: 00000496 ms
Total Time Cost: 00163988 ms
Total Distance 216: 7 6 7 7 7 6 7 8 7 5 7 8 8 7 6 7 6 7 6 9 7 6 5 7 7 6 6 5 8 7 6 8
Last Time Cost: 00000361 ms
Total Time Cost: 00164349 ms
Total Distance 213: 7 6 7 7 7 6 7 8 7 5 6 8 8 7 6 7 6 7 6 8 7 6 5 7 7 6 6 5 7 7 6 8
Last Time Cost: 00000174 ms
Total Time Cost: 00164523 ms
Total Distance 210: 7 6 7 6 7 6 7 7 7 5 6 8 8 7 6 6 6 7 6 8 7 6 5 7 7 6 6 5 7 7 6 8
Last Time Cost: 00000166 ms
Total Time Cost: 00164689 ms
Total Distance 207: 7 6 7 6 7 6 7 7 6 5 6 8 8 6 6 6 6 7 6 8 7 6 5 6 7 6 6 5 7 7 6 8
Last Time Cost: 00000149 ms
Total Time Cost: 00164838 ms
Total Distance 204: 7 6 7 6 7 6 7 7 6 5 6 7 8 6 6 6 6 7 6 8 7 6 4 6 7 6 6 5 7 6 6 8
Last Time Cost: 00000145 ms
Total Time Cost: 00164983 ms
Total Distance 201: 7 6 7 6 6 6 7 7 6 5 6 7 8 6 5 6 6 6 6 8 7 6 4 6 7 6 6 5 7 6 6 8
Last Time Cost: 00000137 ms
Total Time Cost: 00165120 ms
Total Distance 198: 7 6 7 6 6 6 7 7 6 5 6 7 8 6 5 6 5 6 6 8 7 6 4 6 7 6 6 4 7 6 6 7
Last Time Cost: 00000137 ms
Total Time Cost: 00165257 ms
Total Distance 196: 7 6 6 6 6 6 7 7 6 5 6 7 7 6 5 6 5 6 6 8 7 6 4 6 7 6 6 4 7 6 6 7
Last Time Cost: 00000129 ms
Total Time Cost: 00165386 ms
Total Distance 194: 7 5 6 6 6 6 7 7 6 5 6 7 7 6 5 6 5 6 6 7 7 6 4 6 7 6 6 4 7 6 6 7
Last Time Cost: 00000127 ms
Total Time Cost: 00165513 ms
Total Distance 192: 7 5 6 6 6 6 6 7 6 5 6 7 7 6 5 6 5 6 6 7 7 6 4 6 7 6 6 4 6 6 6 7
Last Time Cost: 00000110 ms
Total Time Cost: 00165623 ms
Total Distance 190: 6 5 6 6 6 6 6 7 6 5 6 6 7 6 5 6 5 6 6 7 7 6 4 6 7 6 6 4 6 6 6 7
Last Time Cost: 00000091 ms
Total Time Cost: 00165714 ms
Total Distance 188: 6 5 6 6 6 6 6 7 6 5 6 6 6 6 5 6 5 6 6 7 6 6 4 6 7 6 6 4 6 6 6 7
Last Time Cost: 00000072 ms
Total Time Cost: 00165786 ms
Total Distance 186: 6 5 6 6 6 6 6 7 6 5 6 6 6 6 5 6 5 6 6 7 6 6 4 6 7 6 6 4 6 6 5 6
Last Time Cost: 00000060 ms
Total Time Cost: 00165846 ms
Total Distance 184: 6 5 6 6 6 6 5 7 6 5 6 6 6 6 5 6 5 6 6 7 6 6 4 6 7 6 6 4 5 6 5 6
Last Time Cost: 00000063 ms
Total Time Cost: 00165909 ms
Total Distance 182: 6 5 6 6 6 6 5 6 6 5 6 6 5 6 5 6 5 6 6 7 6 6 4 6 7 6 6 4 5 6 5 6
Last Time Cost: 00000048 ms
Total Time Cost: 00165957 ms
Total Distance 179: 6 5 5 6 6 6 5 6 6 5 6 5 5 6 5 6 5 6 5 7 6 6 4 6 7 6 6 4 5 6 5 6
Last Time Cost: 00000050 ms
Total Time Cost: 00166007 ms
Total Distance 177: 6 5 5 6 6 6 5 6 6 4 6 5 5 6 5 6 5 6 5 7 6 6 4 6 6 6 6 4 5 6 5 6
Last Time Cost: 00000037 ms
Total Time Cost: 00166044 ms
Total Distance 175: 6 5 5 6 6 6 5 6 6 4 6 5 5 6 5 6 5 6 5 7 6 6 4 6 6 5 5 4 5 6 5 6
Last Time Cost: 00000037 ms
Total Time Cost: 00166081 ms
Total Distance 173: 6 5 5 5 6 6 5 5 6 4 6 5 5 6 5 6 5 6 5 7 6 6 4 6 6 5 5 4 5 6 5 6
Last Time Cost: 00000042 ms
Total Time Cost: 00166123 ms
Total Distance 171: 6 5 5 5 6 6 5 5 5 4 5 5 5 6 5 6 5 6 5 7 6 6 4 6 6 5 5 4 5 6 5 6
Last Time Cost: 00000042 ms
Total Time Cost: 00166165 ms
Total Distance 169: 6 5 5 5 6 6 5 5 5 4 5 5 5 6 5 5 5 6 5 7 6 5 4 6 6 5 5 4 5 6 5 6
Last Time Cost: 00000045 ms
Total Time Cost: 00166210 ms
Total Distance 167: 5 5 5 5 6 6 5 5 5 4 5 5 5 6 5 5 5 6 5 7 6 5 4 6 6 4 5 4 5 6 5 6
Last Time Cost: 00000044 ms
Total Time Cost: 00166254 ms
Total Distance 164: 5 5 4 5 6 6 5 5 5 4 5 5 5 6 4 5 5 5 5 7 6 5 4 6 6 4 5 4 5 6 5 6
Last Time Cost: 00000045 ms
Total Time Cost: 00166299 ms
Total Distance 162: 5 5 4 5 6 6 5 5 5 4 5 5 5 5 4 4 5 5 5 7 6 5 4 6 6 4 5 4 5 6 5 6
Last Time Cost: 00000046 ms
Total Time Cost: 00166345 ms
Total Distance 160: 5 4 4 5 6 6 5 5 5 4 4 5 5 5 4 4 5 5 5 7 6 5 4 6 6 4 5 4 5 6 5 6
Last Time Cost: 00000048 ms
Total Time Cost: 00166393 ms
Total Distance 158: 5 4 4 5 6 6 5 5 5 3 4 5 5 5 4 4 5 5 5 7 6 5 4 6 5 4 5 4 5 6 5 6
Last Time Cost: 00000050 ms
Total Time Cost: 00166443 ms
Total Distance 156: 4 4 4 5 6 6 5 5 5 3 4 5 5 5 4 4 5 5 5 7 6 5 3 6 5 4 5 4 5 6 5 6
Last Time Cost: 00000049 ms
Total Time Cost: 00166492 ms
Total Distance 155: 4 4 4 5 6 6 5 5 5 3 4 5 5 5 4 4 5 5 5 6 6 5 3 6 5 4 5 4 5 6 5 6
Last Time Cost: 00000025 ms
Total Time Cost: 00166517 ms
Total Distance 154: 4 4 4 5 6 6 5 5 5 3 4 5 5 5 4 4 5 5 5 6 6 5 3 6 5 4 5 4 5 5 5 6
Last Time Cost: 00000022 ms
Total Time Cost: 00166539 ms
Total Distance 153: 4 4 4 5 5 6 5 5 5 3 4 5 5 5 4 4 5 5 5 6 6 5 3 6 5 4 5 4 5 5 5 6
Last Time Cost: 00000021 ms
Total Time Cost: 00166560 ms
Total Distance 152: 4 4 4 5 5 5 5 5 5 3 4 5 5 5 4 4 5 5 5 6 6 5 3 6 5 4 5 4 5 5 5 6
Last Time Cost: 00000020 ms
Total Time Cost: 00166580 ms
Total Distance 151: 4 4 4 5 5 5 5 5 5 3 4 5 5 5 4 4 5 5 5 6 6 5 3 6 5 4 5 4 5 5 5 5
Last Time Cost: 00000020 ms
Total Time Cost: 00166600 ms
Total Distance 150: 4 4 4 5 5 5 5 5 5 3 4 5 5 5 4 4 5 5 5 6 6 5 3 5 5 4 5 4 5 5 5 5
Last Time Cost: 00000021 ms
Total Time Cost: 00166621 ms
Total Distance 149: 4 4 4 5 5 5 5 5 5 3 4 5 5 5 4 4 5 5 5 6 5 5 3 5 5 4 5 4 5 5 5 5
Last Time Cost: 00000022 ms
Total Time Cost: 00166643 ms
Total Distance 148: 4 4 4 5 5 5 5 5 5 3 4 5 5 5 4 4 5 5 5 5 5 5 3 5 5 4 5 4 5 5 5 5
Last Time Cost: 00000020 ms
Total Time Cost: 00166663 ms
Total Distance 147: 4 4 4 4 5 5 5 5 5 3 4 5 5 5 4 4 5 5 5 5 5 5 3 5 5 4 5 4 5 5 5 5
Last Time Cost: 00000020 ms
Total Time Cost: 00166683 ms
Total Distance 146: 4 4 4 4 5 5 5 5 5 3 4 5 5 5 4 4 5 5 5 5 5 5 3 5 5 4 5 4 5 5 5 4
Last Time Cost: 00000021 ms
Total Time Cost: 00166704 ms
Total Distance 145: 4 4 4 4 5 5 5 4 5 3 4 5 5 5 4 4 5 5 5 5 5 5 3 5 5 4 5 4 5 5 5 4
Last Time Cost: 00000027 ms
Total Time Cost: 00166731 ms
Total Distance 144: 4 4 4 4 5 5 5 4 5 3 4 5 5 5 4 4 5 5 5 5 4 5 3 5 5 4 5 4 5 5 5 4
Last Time Cost: 00000026 ms
Total Time Cost: 00166757 ms
Total Distance 143: 4 4 4 4 5 5 5 4 5 3 4 5 5 5 4 4 5 5 5 5 4 5 3 5 5 4 5 4 5 4 5 4
Last Time Cost: 00000023 ms
Total Time Cost: 00166780 ms
Total Distance 142: 4 4 4 4 5 5 5 4 5 3 4 5 5 5 4 4 5 4 5 5 4 5 3 5 5 4 5 4 5 4 5 4
Last Time Cost: 00000022 ms
Total Time Cost: 00166802 ms
Total Distance 141: 4 4 4 4 5 5 5 4 5 3 4 5 5 5 4 4 5 4 5 5 4 5 3 5 5 4 5 4 5 4 4 4
Last Time Cost: 00000017 ms
Total Time Cost: 00166819 ms
Total Distance 140: 4 4 4 4 5 4 5 4 5 3 4 5 5 5 4 4 5 4 5 5 4 5 3 5 5 4 5 4 5 4 4 4
Last Time Cost: 00000016 ms
Total Time Cost: 00166835 ms
Total Distance 139: 4 4 4 4 5 4 5 4 5 3 4 5 5 5 4 4 5 4 4 5 4 5 3 5 5 4 5 4 5 4 4 4
Last Time Cost: 00000017 ms
Total Time Cost: 00166852 ms
Total Distance 138: 4 4 4 4 5 4 5 4 5 3 4 5 5 5 4 4 5 4 4 4 4 5 3 5 5 4 5 4 5 4 4 4
Last Time Cost: 00000017 ms
Total Time Cost: 00166869 ms
Total Distance 137: 4 4 4 4 5 4 5 4 5 3 4 5 5 5 4 4 5 4 4 4 4 5 3 5 5 4 4 4 5 4 4 4
Last Time Cost: 00000016 ms
Total Time Cost: 00166885 ms
Total Distance 136: 4 4 4 4 4 4 5 4 5 3 4 5 5 5 4 4 5 4 4 4 4 5 3 5 5 4 4 4 5 4 4 4
Last Time Cost: 00000015 ms
Total Time Cost: 00166900 ms
Total Distance 135: 4 4 4 4 4 4 5 4 4 3 4 5 5 5 4 4 5 4 4 4 4 5 3 5 5 4 4 4 5 4 4 4
Last Time Cost: 00000014 ms
Total Time Cost: 00166914 ms
Total Distance 134: 4 4 4 4 4 4 5 4 4 3 4 4 5 5 4 4 5 4 4 4 4 5 3 5 5 4 4 4 5 4 4 4
Last Time Cost: 00000013 ms
Total Time Cost: 00166927 ms
Total Distance 133: 4 4 4 4 4 4 5 4 4 3 4 4 4 5 4 4 5 4 4 4 4 5 3 5 5 4 4 4 5 4 4 4
Last Time Cost: 00000012 ms
Total Time Cost: 00166939 ms
Total Distance 132: 4 4 4 4 4 4 5 4 4 3 4 4 4 5 4 4 5 4 4 4 4 5 3 4 5 4 4 4 5 4 4 4
Last Time Cost: 00000017 ms
Total Time Cost: 00166956 ms
Total Distance 131: 4 4 4 4 4 4 5 4 4 3 4 4 4 4 4 4 5 4 4 4 4 5 3 4 5 4 4 4 5 4 4 4
Last Time Cost: 00000019 ms
Total Time Cost: 00166975 ms
Total Distance 130: 4 4 4 4 4 4 5 4 4 3 4 4 4 4 4 4 5 4 4 4 4 5 3 4 5 4 4 4 4 4 4 4
Last Time Cost: 00000011 ms
Total Time Cost: 00166986 ms
Total Distance 129: 4 4 4 4 4 4 5 4 4 3 4 4 4 4 4 4 5 4 4 4 4 5 3 4 4 4 4 4 4 4 4 4
Last Time Cost: 00000007 ms
Total Time Cost: 00166993 ms
Total Distance 128: 4 4 4 4 4 4 4 4 4 3 4 4 4 4 4 4 5 4 4 4 4 5 3 4 4 4 4 4 4 4 4 4
Last Time Cost: 00000006 ms
Total Time Cost: 00166999 ms
Total Distance 127: 4 4 4 4 4 4 4 4 4 3 4 4 4 4 4 4 5 4 4 4 4 4 3 4 4 4 4 4 4 4 4 4
Last Time Cost: 00000005 ms
Total Time Cost: 00167004 ms
Total Distance 126: 4 4 4 4 4 4 4 4 4 3 4 4 4 4 4 4 4 4 4 4 4 4 3 4 4 4 4 4 4 4 4 4
Last Time Cost: 00000003 ms
Total Time Cost: 00167007 ms
Total Distance 125: 4 4 3 4 4 4 4 4 4 3 4 4 4 4 4 4 4 4 4 4 4 4 3 4 4 4 4 4 4 4 4 4
Last Time Cost: 00000002 ms
Total Time Cost: 00167009 ms
Total Distance 124: 4 4 3 4 4 4 4 4 4 3 4 4 4 4 4 4 4 4 3 4 4 4 3 4 4 4 4 4 4 4 4 4
Last Time Cost: 00000002 ms
Total Time Cost: 00167011 ms
Total Distance 123: 4 4 3 4 4 4 4 3 4 3 4 4 4 4 4 4 4 4 3 4 4 4 3 4 4 4 4 4 4 4 4 4
Last Time Cost: 00000002 ms
Total Time Cost: 00167013 ms
Total Distance 122: 4 4 3 4 4 4 4 3 4 3 4 4 4 4 4 4 4 4 3 4 4 4 3 4 4 4 3 4 4 4 4 4
Last Time Cost: 00000002 ms
Total Time Cost: 00167015 ms
Total Distance 121: 4 4 3 4 4 4 4 3 4 3 4 4 4 4 4 4 3 4 3 4 4 4 3 4 4 4 3 4 4 4 4 4
Last Time Cost: 00000002 ms
Total Time Cost: 00167017 ms
Total Distance 120: 4 4 3 4 4 4 4 3 4 3 4 4 4 4 3 4 3 4 3 4 4 4 3 4 4 4 3 4 4 4 4 4
Last Time Cost: 00000002 ms
Total Time Cost: 00167019 ms
Total Distance 119: 4 4 3 4 4 4 4 3 4 3 4 4 4 4 3 3 3 4 3 4 4 4 3 4 4 4 3 4 4 4 4 4
Last Time Cost: 00000003 ms
Total Time Cost: 00167022 ms
Total Distance 118: 4 4 3 4 4 4 4 3 4 3 4 4 4 3 3 3 3 4 3 4 4 4 3 4 4 4 3 4 4 4 4 4
Last Time Cost: 00000002 ms
Total Time Cost: 00167024 ms
Total Distance 117: 4 3 3 4 4 4 4 3 4 3 4 4 4 3 3 3 3 4 3 4 4 4 3 4 4 4 3 4 4 4 4 4
Last Time Cost: 00000002 ms
Total Time Cost: 00167026 ms
Total Distance 116: 4 3 3 4 4 4 4 3 4 3 4 4 4 3 3 3 3 4 3 4 4 4 3 4 4 4 3 4 4 4 3 4
Last Time Cost: 00000002 ms
Total Time Cost: 00167028 ms
Total Distance 115: 4 3 3 4 4 4 4 3 4 3 4 4 4 3 3 3 3 3 3 4 4 4 3 4 4 4 3 4 4 4 3 4
Last Time Cost: 00000002 ms
Total Time Cost: 00167030 ms
Total Distance 114: 4 3 3 3 4 4 4 3 4 3 4 4 4 3 3 3 3 3 3 4 4 4 3 4 4 4 3 4 4 4 3 4
Last Time Cost: 00000002 ms
Total Time Cost: 00167032 ms
Total Distance 113: 4 3 3 3 4 4 4 3 4 3 4 4 4 3 3 3 3 3 3 4 4 3 3 4 4 4 3 4 4 4 3 4
Last Time Cost: 00000002 ms
Total Time Cost: 00167034 ms
Total Distance 112: 4 3 3 3 4 4 4 3 4 3 4 4 3 3 3 3 3 3 3 4 4 3 3 4 4 4 3 4 4 4 3 4
Last Time Cost: 00000002 ms
Total Time Cost: 00167036 ms
Total Distance 111: 4 3 3 3 4 4 4 3 4 3 4 4 3 3 3 3 3 3 3 4 4 3 3 4 4 3 3 4 4 4 3 4
Last Time Cost: 00000002 ms
Total Time Cost: 00167038 ms
Total Distance 110: 4 3 3 3 4 3 4 3 4 3 4 4 3 3 3 3 3 3 3 4 4 3 3 4 4 3 3 4 4 4 3 4
Last Time Cost: 00000003 ms
Total Time Cost: 00167041 ms
Total Distance 109: 4 3 3 3 4 3 4 3 4 3 4 4 3 3 3 3 3 3 3 3 4 3 3 4 4 3 3 4 4 4 3 4
Last Time Cost: 00000002 ms
Total Time Cost: 00167043 ms
Total Distance 108: 4 3 3 3 4 3 4 3 4 3 4 4 3 3 3 3 3 3 3 3 3 3 3 4 4 3 3 4 4 4 3 4
Last Time Cost: 00000002 ms
Total Time Cost: 00167045 ms
Total Distance 107: 4 3 3 3 4 3 4 3 4 3 3 4 3 3 3 3 3 3 3 3 3 3 3 4 4 3 3 4 4 4 3 4
Last Time Cost: 00000002 ms
Total Time Cost: 00167047 ms
Total Distance 106: 3 3 3 3 4 3 4 3 4 3 3 4 3 3 3 3 3 3 3 3 3 3 3 4 4 3 3 4 4 4 3 4
Last Time Cost: 00000002 ms
Total Time Cost: 00167049 ms
Total Distance 105: 3 3 3 3 4 3 4 3 4 3 3 4 3 3 3 3 3 3 3 3 3 3 3 3 4 3 3 4 4 4 3 4
Last Time Cost: 00000002 ms
Total Time Cost: 00167051 ms
Total Distance 104: 3 3 3 3 4 3 4 3 4 3 3 4 3 3 3 3 3 3 3 3 3 3 3 3 4 3 3 4 4 4 3 3
Last Time Cost: 00000003 ms
Total Time Cost: 00167054 ms
Total Distance 103: 3 3 3 3 3 3 4 3 4 3 3 4 3 3 3 3 3 3 3 3 3 3 3 3 4 3 3 4 4 4 3 3
Last Time Cost: 00000002 ms
Total Time Cost: 00167056 ms
Total Distance 102: 3 3 3 3 3 3 4 3 4 3 3 4 3 3 3 3 3 3 3 3 3 3 3 3 4 3 3 4 3 4 3 3
Last Time Cost: 00000002 ms
Total Time Cost: 00167058 ms
Total Distance 101: 3 3 3 3 3 3 4 3 4 3 3 4 3 3 3 3 3 3 3 3 3 3 3 3 3 3 3 4 3 4 3 3
Last Time Cost: 00000003 ms
Total Time Cost: 00167061 ms
Total Distance 100: 3 3 3 3 3 3 4 3 4 3 3 3 3 3 3 3 3 3 3 3 3 3 3 3 3 3 3 4 3 4 3 3
Last Time Cost: 00000002 ms
Total Time Cost: 00167063 ms
Total Distance 99: 3 3 3 3 3 3 4 3 3 3 3 3 3 3 3 3 3 3 3 3 3 3 3 3 3 3 3 4 3 4 3 3
Last Time Cost: 00000003 ms
Total Time Cost: 00167066 ms
Total Distance 98: 3 3 3 3 3 3 3 3 3 3 3 3 3 3 3 3 3 3 3 3 3 3 3 3 3 3 3 4 3 4 3 3
Last Time Cost: 00000002 ms
Total Time Cost: 00167068 ms
Total Distance 97: 3 3 3 3 3 3 3 3 3 3 3 3 3 3 3 3 3 3 3 3 3 3 3 3 3 3 3 3 3 4 3 3
Last Time Cost: 00000003 ms
Total Time Cost: 00167071 ms
Total Distance 96: 3 3 3 3 3 3 3 3 3 3 3 3 3 3 3 3 3 3 3 3 3 3 3 3 3 3 3 3 3 3 3 3
Last Time Cost: 00000003 ms
Total Time Cost: 00167074 ms
Total Distance 95: 3 3 3 3 3 3 3 3 3 3 3 2 3 3 3 3 3 3 3 3 3 3 3 3 3 3 3 3 3 3 3 3
Last Time Cost: 00000002 ms
Total Time Cost: 00167076 ms
Total Distance 94: 3 3 3 3 3 3 3 3 3 3 3 2 3 3 3 3 3 3 3 3 3 3 3 3 3 3 3 2 3 3 3 3
Last Time Cost: 00000002 ms
Total Time Cost: 00167078 ms
Total Distance 93: 3 3 3 3 3 3 3 3 3 3 3 2 3 3 3 3 3 3 2 3 3 3 3 3 3 3 3 2 3 3 3 3
Last Time Cost: 00000002 ms
Total Time Cost: 00167080 ms
Total Distance 92: 3 3 3 3 3 3 3 3 3 3 3 2 3 3 3 3 3 3 2 3 3 3 3 3 2 3 3 2 3 3 3 3
Last Time Cost: 00000002 ms
Total Time Cost: 00167082 ms
Total Distance 91: 3 3 3 3 3 3 3 3 3 3 3 2 3 3 3 3 3 3 2 3 3 3 2 3 2 3 3 2 3 3 3 3
Last Time Cost: 00000002 ms
Total Time Cost: 00167084 ms
Total Distance 90: 2 3 3 3 3 3 3 3 3 3 3 2 3 3 3 3 3 3 2 3 3 3 2 3 2 3 3 2 3 3 3 3
Last Time Cost: 00000002 ms
Total Time Cost: 00167086 ms
Total Distance 89: 2 3 3 3 3 2 3 3 3 3 3 2 3 3 3 3 3 3 2 3 3 3 2 3 2 3 3 2 3 3 3 3
Last Time Cost: 00000002 ms
Total Time Cost: 00167088 ms
Total Distance 88: 2 3 3 3 3 2 3 3 3 3 3 2 3 3 3 3 3 3 2 3 2 3 2 3 2 3 3 2 3 3 3 3
Last Time Cost: 00000002 ms
Total Time Cost: 00167090 ms
Total Distance 87: 2 3 3 3 3 2 3 3 3 3 3 2 3 2 3 3 3 3 2 3 2 3 2 3 2 3 3 2 3 3 3 3
Last Time Cost: 00000002 ms
Total Time Cost: 00167092 ms
Total Distance 86: 2 3 3 3 3 2 2 3 3 3 3 2 3 2 3 3 3 3 2 3 2 3 2 3 2 3 3 2 3 3 3 3
Last Time Cost: 00000002 ms
Total Time Cost: 00167094 ms
Total Distance 85: 2 3 3 3 3 2 2 3 3 3 3 2 2 2 3 3 3 3 2 3 2 3 2 3 2 3 3 2 3 3 3 3
Last Time Cost: 00000002 ms
Total Time Cost: 00167096 ms
Total Distance 84: 2 3 3 3 2 2 2 3 3 3 3 2 2 2 3 3 3 3 2 3 2 3 2 3 2 3 3 2 3 3 3 3
Last Time Cost: 00000002 ms
Total Time Cost: 00167098 ms
Total Distance 83: 2 3 2 3 2 2 2 3 3 3 3 2 2 2 3 3 3 3 2 3 2 3 2 3 2 3 3 2 3 3 3 3
Last Time Cost: 00000002 ms
Total Time Cost: 00167100 ms
Total Distance 82: 2 3 2 3 2 2 2 3 3 3 3 2 2 2 3 3 3 3 2 3 2 3 2 3 2 3 3 2 3 3 2 3
Last Time Cost: 00000002 ms
Total Time Cost: 00167102 ms
Total Distance 81: 2 3 2 3 2 2 2 3 3 3 3 2 2 2 2 3 3 3 2 3 2 3 2 3 2 3 3 2 3 3 2 3
Last Time Cost: 00000007 ms
Total Time Cost: 00167109 ms
Total Distance 80: 2 3 2 3 2 2 2 3 3 2 3 2 2 2 2 3 3 3 2 3 2 3 2 3 2 3 3 2 3 3 2 3
Last Time Cost: 00000005 ms
Total Time Cost: 00167114 ms
Total Distance 79: 2 3 2 3 2 2 2 3 3 2 3 2 2 2 2 3 3 2 2 3 2 3 2 3 2 3 3 2 3 3 2 3
Last Time Cost: 00000002 ms
Total Time Cost: 00167116 ms
Total Distance 78: 2 3 2 2 2 2 2 3 3 2 3 2 2 2 2 3 3 2 2 3 2 3 2 3 2 3 3 2 3 3 2 3
Last Time Cost: 00000002 ms
Total Time Cost: 00167118 ms
Total Distance 77: 2 3 2 2 2 2 2 3 3 2 3 2 2 2 2 3 3 2 2 3 2 3 2 3 2 3 3 2 3 3 2 2
Last Time Cost: 00000002 ms
Total Time Cost: 00167120 ms
Total Distance 76: 2 3 2 2 2 2 2 3 3 2 3 2 2 2 2 3 3 2 2 3 2 3 2 2 2 3 3 2 3 3 2 2
Last Time Cost: 00000002 ms
Total Time Cost: 00167122 ms
Total Distance 75: 2 3 2 2 2 2 2 3 3 2 3 2 2 2 2 3 3 2 2 3 2 3 2 2 2 3 2 2 3 3 2 2
Last Time Cost: 00000002 ms
Total Time Cost: 00167124 ms
Total Distance 74: 2 3 2 2 2 2 2 3 3 2 3 2 2 2 2 3 3 2 2 3 2 3 2 2 2 3 2 2 2 3 2 2
Last Time Cost: 00000002 ms
Total Time Cost: 00167126 ms
Total Distance 73: 2 2 2 2 2 2 2 3 3 2 3 2 2 2 2 3 3 2 2 3 2 3 2 2 2 3 2 2 2 3 2 2
Last Time Cost: 00000002 ms
Total Time Cost: 00167128 ms
Total Distance 72: 2 2 2 2 2 2 2 3 3 2 2 2 2 2 2 3 3 2 2 3 2 3 2 2 2 3 2 2 2 3 2 2
Last Time Cost: 00000002 ms
Total Time Cost: 00167130 ms
Total Distance 71: 2 2 2 2 2 2 2 3 2 2 2 2 2 2 2 3 3 2 2 3 2 3 2 2 2 3 2 2 2 3 2 2
Last Time Cost: 00000002 ms
Total Time Cost: 00167132 ms
Total Distance 70: 2 2 2 2 2 2 2 3 2 2 2 2 2 2 2 3 3 2 2 3 2 2 2 2 2 3 2 2 2 3 2 2
Last Time Cost: 00000002 ms
Total Time Cost: 00167134 ms
Total Distance 69: 2 2 2 2 2 2 2 3 2 2 2 2 2 2 2 3 3 2 2 2 2 2 2 2 2 3 2 2 2 3 2 2
Last Time Cost: 00000002 ms
Total Time Cost: 00167136 ms
Total Distance 68: 2 2 2 2 2 2 2 2 2 2 2 2 2 2 2 3 3 2 2 2 2 2 2 2 2 3 2 2 2 3 2 2
Last Time Cost: 00000002 ms
Total Time Cost: 00167138 ms
Total Distance 67: 2 2 2 2 2 2 2 2 2 2 2 2 2 2 2 3 3 2 2 2 2 2 2 2 2 2 2 2 2 3 2 2
Last Time Cost: 00000001 ms
Total Time Cost: 00167139 ms
Total Distance 66: 2 2 2 2 2 2 2 2 2 2 2 2 2 2 2 3 3 2 2 2 2 2 2 2 2 2 2 2 2 2 2 2
Last Time Cost: 00000001 ms
Total Time Cost: 00167140 ms
Total Distance 65: 2 2 2 2 2 2 2 2 2 2 2 2 2 2 2 3 2 2 2 2 2 2 2 2 2 2 2 2 2 2 2 2
Last Time Cost: 00000002 ms
Total Time Cost: 00167142 ms
Total Distance 64: 2 2 2 2 2 2 2 2 2 2 2 2 2 2 2 2 2 2 2 2 2 2 2 2 2 2 2 2 2 2 2 2
Last Time Cost: 00000002 ms
Total Time Cost: 00167144 ms
Total Distance 63: 2 2 2 2 2 2 2 2 2 2 2 2 2 2 2 2 2 2 2 2 2 2 2 2 1 2 2 2 2 2 2 2
Last Time Cost: 00000000 ms
Total Time Cost: 00167144 ms
Total Distance 62: 2 2 2 2 2 2 2 2 2 2 2 2 2 2 2 2 2 2 2 2 2 2 2 2 0 2 2 2 2 2 2 2
Last Time Cost: 00000002 ms
Total Time Cost: 00167146 ms
Total Distance 61: 2 2 2 2 2 2 2 2 2 2 1 2 2 2 2 2 2 2 2 2 2 2 2 2 0 2 2 2 2 2 2 2
Last Time Cost: 00000000 ms
Total Time Cost: 00167146 ms
Total Distance 60: 2 2 2 2 2 2 2 2 2 2 0 2 2 2 2 2 2 2 2 2 2 2 2 2 0 2 2 2 2 2 2 2
Last Time Cost: 00000004 ms
Total Time Cost: 00167150 ms
Total Distance 59: 2 2 2 2 2 2 2 2 2 2 0 2 2 2 2 2 2 2 2 2 2 2 2 2 0 2 2 1 2 2 2 2
Last Time Cost: 00000000 ms
Total Time Cost: 00167150 ms
Total Distance 58: 2 2 2 2 2 2 2 2 2 2 0 2 2 2 2 2 2 2 2 2 2 2 2 2 0 2 2 0 2 2 2 2
Last Time Cost: 00000004 ms
Total Time Cost: 00167154 ms
Total Distance 57: 2 2 2 2 2 2 2 2 2 2 0 2 2 2 2 2 1 2 2 2 2 2 2 2 0 2 2 0 2 2 2 2
Last Time Cost: 00000000 ms
Total Time Cost: 00167154 ms
Total Distance 56: 2 2 2 2 2 2 2 2 2 2 0 2 2 2 2 2 0 2 2 2 2 2 2 2 0 2 2 0 2 2 2 2
Last Time Cost: 00000003 ms
Total Time Cost: 00167157 ms
Total Distance 55: 2 2 2 2 2 2 2 2 2 2 0 2 2 2 2 2 0 2 2 2 2 2 2 2 0 2 2 0 2 2 1 2
Last Time Cost: 00000000 ms
Total Time Cost: 00167157 ms
Total Distance 54: 2 2 2 2 2 2 2 2 2 2 0 2 2 2 2 2 0 2 2 2 2 2 2 2 0 2 2 0 2 2 0 2
Last Time Cost: 00000003 ms
Total Time Cost: 00167160 ms
Total Distance 53: 2 2 1 2 2 2 2 2 2 2 0 2 2 2 2 2 0 2 2 2 2 2 2 2 0 2 2 0 2 2 0 2
Last Time Cost: 00000000 ms
Total Time Cost: 00167160 ms
Total Distance 52: 2 2 0 2 2 2 2 2 2 2 0 2 2 2 2 2 0 2 2 2 2 2 2 2 0 2 2 0 2 2 0 2
Last Time Cost: 00000003 ms
Total Time Cost: 00167163 ms
Total Distance 51: 2 2 0 2 2 2 2 2 2 2 0 1 2 2 2 2 0 2 2 2 2 2 2 2 0 2 2 0 2 2 0 2
Last Time Cost: 00000000 ms
Total Time Cost: 00167163 ms
Total Distance 50: 2 2 0 2 2 2 2 2 2 2 0 0 2 2 2 2 0 2 2 2 2 2 2 2 0 2 2 0 2 2 0 2
Last Time Cost: 00000003 ms
Total Time Cost: 00167166 ms
Total Distance 49: 2 2 0 2 2 2 2 2 2 2 0 0 2 2 1 2 0 2 2 2 2 2 2 2 0 2 2 0 2 2 0 2
Last Time Cost: 00000000 ms
Total Time Cost: 00167166 ms
Total Distance 48: 2 2 0 2 2 2 2 2 2 2 0 0 2 2 0 2 0 2 2 2 2 2 2 2 0 2 2 0 2 2 0 2
Last Time Cost: 00000002 ms
Total Time Cost: 00167168 ms
Total Distance 47: 2 2 0 2 2 2 2 2 2 2 0 0 2 2 0 2 0 1 2 2 2 2 2 2 0 2 2 0 2 2 0 2
Last Time Cost: 00000000 ms
Total Time Cost: 00167168 ms
Total Distance 46: 2 2 0 2 2 2 2 2 2 2 0 0 2 2 0 2 0 0 2 2 2 2 2 2 0 2 2 0 2 2 0 2
Last Time Cost: 00000003 ms
Total Time Cost: 00167171 ms
Total Distance 45: 2 2 0 2 2 2 2 2 2 2 0 0 2 1 0 2 0 0 2 2 2 2 2 2 0 2 2 0 2 2 0 2
Last Time Cost: 00000000 ms
Total Time Cost: 00167171 ms
Total Distance 44: 2 2 0 2 2 2 2 2 2 2 0 0 2 0 0 2 0 0 2 2 2 2 2 2 0 2 2 0 2 2 0 2
Last Time Cost: 00000002 ms
Total Time Cost: 00167173 ms
Total Distance 43: 2 2 0 2 2 2 2 1 2 2 0 0 2 0 0 2 0 0 2 2 2 2 2 2 0 2 2 0 2 2 0 2
Last Time Cost: 00000000 ms
Total Time Cost: 00167173 ms
Total Distance 42: 2 2 0 2 2 2 2 0 2 2 0 0 2 0 0 2 0 0 2 2 2 2 2 2 0 2 2 0 2 2 0 2
Last Time Cost: 00000002 ms
Total Time Cost: 00167175 ms
Total Distance 41: 2 2 0 2 2 2 2 0 2 2 0 0 2 0 0 2 0 0 2 2 2 2 2 2 0 2 2 0 2 1 0 2
Last Time Cost: 00000000 ms
Total Time Cost: 00167175 ms
Total Distance 40: 2 2 0 2 2 2 2 0 2 2 0 0 2 0 0 2 0 0 2 2 2 2 2 2 0 2 2 0 2 0 0 2
Last Time Cost: 00000002 ms
Total Time Cost: 00167177 ms
Total Distance 39: 2 2 0 1 2 2 2 0 2 2 0 0 2 0 0 2 0 0 2 2 2 2 2 2 0 2 2 0 2 0 0 2
Last Time Cost: 00000000 ms
Total Time Cost: 00167177 ms
Total Distance 38: 2 2 0 0 2 2 2 0 2 2 0 0 2 0 0 2 0 0 2 2 2 2 2 2 0 2 2 0 2 0 0 2
Last Time Cost: 00000002 ms
Total Time Cost: 00167179 ms
Total Distance 37: 2 2 0 0 2 2 2 0 2 2 0 0 2 0 0 2 0 0 2 2 2 1 2 2 0 2 2 0 2 0 0 2
Last Time Cost: 00000000 ms
Total Time Cost: 00167179 ms
Total Distance 36: 2 2 0 0 2 2 2 0 2 2 0 0 2 0 0 2 0 0 2 2 2 0 2 2 0 2 2 0 2 0 0 2
Last Time Cost: 00000002 ms
Total Time Cost: 00167181 ms
Total Distance 35: 2 2 0 0 2 2 2 0 1 2 0 0 2 0 0 2 0 0 2 2 2 0 2 2 0 2 2 0 2 0 0 2
Last Time Cost: 00000000 ms
Total Time Cost: 00167181 ms
Total Distance 34: 2 2 0 0 2 2 2 0 0 2 0 0 2 0 0 2 0 0 2 2 2 0 2 2 0 2 2 0 2 0 0 2
Last Time Cost: 00000002 ms
Total Time Cost: 00167183 ms
Total Distance 33: 2 2 0 0 2 2 2 0 0 2 0 0 2 0 0 2 0 0 2 2 2 0 2 2 0 2 1 0 2 0 0 2
Last Time Cost: 00000000 ms
Total Time Cost: 00167183 ms
Total Distance 32: 2 2 0 0 2 2 2 0 0 2 0 0 2 0 0 2 0 0 2 2 2 0 2 2 0 2 0 0 2 0 0 2
Last Time Cost: 00000002 ms
Total Time Cost: 00167185 ms
Total Distance 31: 2 2 0 0 1 2 2 0 0 2 0 0 2 0 0 2 0 0 2 2 2 0 2 2 0 2 0 0 2 0 0 2
Last Time Cost: 00000000 ms
Total Time Cost: 00167185 ms
Total Distance 30: 2 2 0 0 0 2 2 0 0 2 0 0 2 0 0 2 0 0 2 2 2 0 2 2 0 2 0 0 2 0 0 2
Last Time Cost: 00000003 ms
Total Time Cost: 00167188 ms
Total Distance 29: 2 2 0 0 0 2 2 0 0 2 0 0 2 0 0 1 0 0 2 2 2 0 2 2 0 2 0 0 2 0 0 2
Last Time Cost: 00000000 ms
Total Time Cost: 00167188 ms
Total Distance 28: 2 2 0 0 0 2 2 0 0 2 0 0 2 0 0 0 0 0 2 2 2 0 2 2 0 2 0 0 2 0 0 2
Last Time Cost: 00000003 ms
Total Time Cost: 00167191 ms
Total Distance 27: 2 2 0 0 0 2 1 0 0 2 0 0 2 0 0 0 0 0 2 2 2 0 2 2 0 2 0 0 2 0 0 2
Last Time Cost: 00000000 ms
Total Time Cost: 00167191 ms
Total Distance 26: 2 2 0 0 0 2 0 0 0 2 0 0 2 0 0 0 0 0 2 2 2 0 2 2 0 2 0 0 2 0 0 2
Last Time Cost: 00000002 ms
Total Time Cost: 00167193 ms
Total Distance 25: 1 2 0 0 0 2 0 0 0 2 0 0 2 0 0 0 0 0 2 2 2 0 2 2 0 2 0 0 2 0 0 2
Last Time Cost: 00000000 ms
Total Time Cost: 00167193 ms
Total Distance 24: 0 2 0 0 0 2 0 0 0 2 0 0 2 0 0 0 0 0 2 2 2 0 2 2 0 2 0 0 2 0 0 2
Last Time Cost: 00000002 ms
Total Time Cost: 00167195 ms
Total Distance 23: 0 2 0 0 0 2 0 0 0 1 0 0 2 0 0 0 0 0 2 2 2 0 2 2 0 2 0 0 2 0 0 2
Last Time Cost: 00000000 ms
Total Time Cost: 00167195 ms
Total Distance 22: 0 2 0 0 0 2 0 0 0 0 0 0 2 0 0 0 0 0 2 2 2 0 2 2 0 2 0 0 2 0 0 2
Last Time Cost: 00000002 ms
Total Time Cost: 00167197 ms
Total Distance 21: 0 2 0 0 0 2 0 0 0 0 0 0 2 0 0 0 0 0 2 2 2 0 2 2 0 1 0 0 2 0 0 2
Last Time Cost: 00000000 ms
Total Time Cost: 00167197 ms
Total Distance 20: 0 2 0 0 0 2 0 0 0 0 0 0 2 0 0 0 0 0 2 2 2 0 2 2 0 0 0 0 2 0 0 2
Last Time Cost: 00000002 ms
Total Time Cost: 00167199 ms
Total Distance 19: 0 2 0 0 0 2 0 0 0 0 0 0 2 0 0 0 0 0 2 1 2 0 2 2 0 0 0 0 2 0 0 2
Last Time Cost: 00000000 ms
Total Time Cost: 00167199 ms
Total Distance 18: 0 2 0 0 0 2 0 0 0 0 0 0 2 0 0 0 0 0 2 0 2 0 2 2 0 0 0 0 2 0 0 2
Last Time Cost: 00000003 ms
Total Time Cost: 00167202 ms
Total Distance 17: 0 2 0 0 0 2 0 0 0 0 0 0 2 0 0 0 0 0 2 0 2 0 1 2 0 0 0 0 2 0 0 2
Last Time Cost: 00000000 ms
Total Time Cost: 00167202 ms
Total Distance 16: 0 2 0 0 0 2 0 0 0 0 0 0 2 0 0 0 0 0 2 0 2 0 0 2 0 0 0 0 2 0 0 2
Last Time Cost: 00000002 ms
Total Time Cost: 00167204 ms
Total Distance 15: 0 2 0 0 0 1 0 0 0 0 0 0 2 0 0 0 0 0 2 0 2 0 0 2 0 0 0 0 2 0 0 2
Last Time Cost: 00000000 ms
Total Time Cost: 00167204 ms
Total Distance 14: 0 2 0 0 0 0 0 0 0 0 0 0 2 0 0 0 0 0 2 0 2 0 0 2 0 0 0 0 2 0 0 2
Last Time Cost: 00000002 ms
Total Time Cost: 00167206 ms
Total Distance 13: 0 2 0 0 0 0 0 0 0 0 0 0 2 0 0 0 0 0 2 0 2 0 0 2 0 0 0 0 1 0 0 2
Last Time Cost: 00000000 ms
Total Time Cost: 00167206 ms
Total Distance 12: 0 2 0 0 0 0 0 0 0 0 0 0 2 0 0 0 0 0 2 0 2 0 0 2 0 0 0 0 0 0 0 2
Last Time Cost: 00000001 ms
Total Time Cost: 00167207 ms
Total Distance 11: 0 2 0 0 0 0 0 0 0 0 0 0 2 0 0 0 0 0 2 0 2 0 0 1 0 0 0 0 0 0 0 2
Last Time Cost: 00000000 ms
Total Time Cost: 00167207 ms
Total Distance 10: 0 2 0 0 0 0 0 0 0 0 0 0 2 0 0 0 0 0 2 0 2 0 0 0 0 0 0 0 0 0 0 2
Last Time Cost: 00000001 ms
Total Time Cost: 00167208 ms
Total Distance 9: 0 2 0 0 0 0 0 0 0 0 0 0 2 0 0 0 0 0 1 0 2 0 0 0 0 0 0 0 0 0 0 2
Last Time Cost: 00000000 ms
Total Time Cost: 00167208 ms
Total Distance 8: 0 2 0 0 0 0 0 0 0 0 0 0 2 0 0 0 0 0 0 0 2 0 0 0 0 0 0 0 0 0 0 2
Last Time Cost: 00000001 ms
Total Time Cost: 00167209 ms
Total Distance 7: 0 2 0 0 0 0 0 0 0 0 0 0 2 0 0 0 0 0 0 0 1 0 0 0 0 0 0 0 0 0 0 2
Last Time Cost: 00000000 ms
Total Time Cost: 00167209 ms
Total Distance 6: 0 2 0 0 0 0 0 0 0 0 0 0 2 0 0 0 0 0 0 0 0 0 0 0 0 0 0 0 0 0 0 2
Last Time Cost: 00000001 ms
Total Time Cost: 00167210 ms
Total Distance 5: 0 2 0 0 0 0 0 0 0 0 0 0 1 0 0 0 0 0 0 0 0 0 0 0 0 0 0 0 0 0 0 2
Last Time Cost: 00000000 ms
Total Time Cost: 00167210 ms
Total Distance 4: 0 2 0 0 0 0 0 0 0 0 0 0 0 0 0 0 0 0 0 0 0 0 0 0 0 0 0 0 0 0 0 2
Last Time Cost: 00000001 ms
Total Time Cost: 00167211 ms
Total Distance 3: 0 2 0 0 0 0 0 0 0 0 0 0 0 0 0 0 0 0 0 0 0 0 0 0 0 0 0 0 0 0 0 1
Last Time Cost: 00000000 ms
Total Time Cost: 00167211 ms
Total Distance 2: 0 2 0 0 0 0 0 0 0 0 0 0 0 0 0 0 0 0 0 0 0 0 0 0 0 0 0 0 0 0 0 0
Last Time Cost: 00000001 ms
Total Time Cost: 00167212 ms
Total Distance 1: 0 1 0 0 0 0 0 0 0 0 0 0 0 0 0 0 0 0 0 0 0 0 0 0 0 0 0 0 0 0 0 0
Last Time Cost: 00000000 ms
Total Time Cost: 00167212 ms
Total Distance 0: 0 0 0 0 0 0 0 0 0 0 0 0 0 0 0 0 0 0 0 0 0 0 0 0 0 0 0 0 0 0 0 0
