Last Time Cost: 00000000 ms
Total Time Cost: 00000000 ms
Total Distance 512: 14 18 16 16 14 18 16 16 14 18 16 16 14 18 16 16 14 18 16 16 14 18 16 16 14 18 16 16 14 18 16 16
Last Time Cost: 00004228 ms
Total Time Cost: 00004228 ms
Total Distance 500: 13 17 16 16 13 17 16 16 14 17 16 16 14 17 16 16 14 17 15 15 14 17 15 15 14 18 16 16 14 18 16 16
Last Time Cost: 00005380 ms
Total Time Cost: 00009608 ms
Total Distance 488: 13 16 15 15 13 16 15 15 14 17 16 16 14 17 16 16 13 16 15 15 13 16 15 15 14 17 16 16 14 17 16 16
Last Time Cost: 00005690 ms
Total Time Cost: 00015298 ms
Total Distance 476: 13 15 15 15 13 15 15 15 13 16 16 16 13 16 16 16 13 16 15 15 13 16 15 15 14 16 15 15 14 16 15 15
Last Time Cost: 00005165 ms
Total Time Cost: 00020463 ms
Total Distance 464: 13 15 15 15 13 15 15 15 13 15 15 15 13 15 15 15 13 15 15 15 13 15 15 15 13 15 15 15 13 15 15 15
Last Time Cost: 00006827 ms
Total Time Cost: 00027290 ms
Total Distance 453: 13 14 15 15 12 14 15 15 13 15 15 15 13 15 14 14 13 15 14 15 13 14 15 15 13 15 15 14 12 14 15 14
Last Time Cost: 00006465 ms
Total Time Cost: 00033755 ms
Total Distance 442: 13 14 14 14 12 14 15 15 12 14 15 15 13 14 14 14 12 14 14 14 13 14 15 14 13 14 15 14 12 14 14 14
Last Time Cost: 00005063 ms
Total Time Cost: 00038818 ms
Total Distance 431: 13 14 14 14 12 14 14 14 12 13 15 15 12 13 14 14 12 14 14 13 12 13 15 13 13 14 14 14 12 13 14 14
Last Time Cost: 00004780 ms
Total Time Cost: 00043598 ms
Total Distance 420: 12 13 14 14 12 13 14 14 12 13 14 14 12 13 14 14 12 13 14 13 12 13 14 13 12 13 14 13 12 13 14 13
Last Time Cost: 00003740 ms
Total Time Cost: 00047338 ms
Total Distance 409: 12 13 14 13 11 12 14 13 12 13 13 14 12 12 14 14 12 13 14 13 12 13 13 12 12 12 14 13 11 12 14 13
Last Time Cost: 00003876 ms
Total Time Cost: 00051214 ms
Total Distance 398: 12 12 14 13 11 12 13 13 11 12 13 13 12 12 14 13 11 12 14 13 12 12 13 12 12 12 13 12 11 12 14 13
Last Time Cost: 00003705 ms
Total Time Cost: 00054919 ms
Total Distance 387: 11 11 14 12 11 12 13 12 11 11 13 13 12 12 13 13 11 12 13 12 12 12 13 12 11 11 13 12 11 11 14 13
Last Time Cost: 00003851 ms
Total Time Cost: 00058770 ms
Total Distance 376: 11 11 13 12 11 11 13 12 11 11 13 12 11 11 13 12 11 11 13 12 11 11 13 12 11 11 13 12 11 11 13 12
Last Time Cost: 00003574 ms
Total Time Cost: 00062344 ms
Total Distance 366: 11 10 13 12 10 11 12 12 11 11 13 11 11 11 12 12 11 11 12 12 11 11 13 11 10 11 12 12 11 10 13 12
Last Time Cost: 00002846 ms
Total Time Cost: 00065190 ms
Total Distance 356: 11 10 12 12 10 11 12 11 10 11 12 11 11 10 12 12 11 10 12 12 10 11 12 11 10 11 12 11 11 10 12 12
Last Time Cost: 00001591 ms
Total Time Cost: 00066781 ms
Total Distance 346: 10 10 11 12 10 10 12 11 10 11 11 11 11 10 12 11 11 10 12 11 10 11 11 11 10 10 12 11 10 10 11 12
Last Time Cost: 00001521 ms
Total Time Cost: 00068302 ms
Total Distance 336: 10 10 11 11 10 10 11 11 10 10 11 11 10 10 11 11 10 10 11 11 10 10 11 11 10 10 11 11 10 10 11 11
Last Time Cost: 00001386 ms
Total Time Cost: 00069688 ms
Total Distance 331: 10 10 11 11 10 10 11 10 10 10 11 11 10 10 11 11 10 10 11 11 10 10 10 10 10 9 11 11 9 10 11 11
Last Time Cost: 00001358 ms
Total Time Cost: 00071046 ms
Total Distance 325: 10 10 11 11 10 9 11 10 10 9 11 11 9 9 11 11 10 10 11 11 10 10 10 10 10 9 10 11 9 10 11 10
Last Time Cost: 00001393 ms
Total Time Cost: 00072439 ms
Total Distance 318: 10 10 11 11 10 9 11 9 9 9 10 11 9 8 11 11 10 9 11 11 10 10 9 10 10 9 10 10 9 10 11 10
Last Time Cost: 00001427 ms
Total Time Cost: 00073866 ms
Total Distance 312: 10 10 10 10 10 9 10 8 9 9 10 11 9 8 11 11 9 9 11 11 9 10 9 10 10 9 10 10 9 10 11 10
Last Time Cost: 00001235 ms
Total Time Cost: 00075101 ms
Total Distance 306: 10 9 10 10 10 9 10 8 9 9 10 10 9 8 11 11 9 9 10 11 9 10 9 9 9 9 10 10 9 9 11 10
Last Time Cost: 00001099 ms
Total Time Cost: 00076200 ms
Total Distance 300: 10 9 9 9 10 9 10 8 8 9 10 10 9 7 11 11 9 9 10 10 9 10 9 9 9 8 10 10 9 9 11 10
Last Time Cost: 00001082 ms
Total Time Cost: 00077282 ms
Total Distance 294: 10 9 8 9 10 8 10 8 8 9 10 10 9 7 11 11 9 9 10 9 9 10 9 9 9 7 10 10 8 9 10 10
Last Time Cost: 00000950 ms
Total Time Cost: 00078232 ms
Total Distance 288: 10 8 8 8 10 8 10 7 8 9 10 10 9 7 11 11 9 9 10 8 9 10 9 9 9 6 10 10 8 8 10 10
Last Time Cost: 00001031 ms
Total Time Cost: 00079263 ms
Total Distance 282: 10 8 8 8 10 8 10 7 8 9 10 9 9 7 10 10 9 9 10 8 9 10 9 9 8 5 10 10 8 7 10 10
Last Time Cost: 00000588 ms
Total Time Cost: 00079851 ms
Total Distance 277: 10 8 8 8 10 7 10 7 8 9 10 9 9 7 9 10 9 9 9 8 9 10 9 9 8 5 10 9 8 7 10 9
Last Time Cost: 00000625 ms
Total Time Cost: 00080476 ms
Total Distance 272: 10 8 8 8 10 7 9 7 8 8 10 9 9 7 9 10 8 9 9 8 9 9 9 9 8 5 10 8 8 7 10 9
Last Time Cost: 00000579 ms
Total Time Cost: 00081055 ms
Total Distance 267: 9 8 8 8 10 7 9 7 8 8 10 9 9 7 9 10 8 9 8 7 9 9 8 8 8 5 10 8 8 7 10 9
Last Time Cost: 00000550 ms
Total Time Cost: 00081605 ms
Total Distance 262: 9 8 7 8 10 7 9 7 8 8 10 9 8 6 9 10 8 8 8 7 9 9 8 8 8 5 10 8 8 7 10 8
Last Time Cost: 00000525 ms
Total Time Cost: 00082130 ms
Total Distance 256: 9 8 7 8 10 7 9 6 8 7 10 9 8 5 9 10 8 8 8 6 9 8 8 7 8 5 10 8 8 7 10 8
Last Time Cost: 00000557 ms
Total Time Cost: 00082687 ms
Total Distance 252: 9 8 7 8 9 7 9 6 8 7 10 8 8 5 8 10 8 8 8 6 9 8 8 7 8 5 10 8 8 7 9 8
Last Time Cost: 00000508 ms
Total Time Cost: 00083195 ms
Total Distance 248: 9 8 7 8 9 7 8 6 8 7 10 8 8 5 8 9 8 8 7 6 9 8 8 7 8 5 10 7 8 7 9 8
Last Time Cost: 00000483 ms
Total Time Cost: 00083678 ms
Total Distance 244: 9 8 7 8 8 7 8 6 8 7 10 8 8 5 8 9 8 8 7 6 9 7 8 7 8 5 9 7 8 6 9 8
Last Time Cost: 00000448 ms
Total Time Cost: 00084126 ms
Total Distance 240: 8 7 7 8 8 7 8 6 8 7 9 8 8 5 8 9 8 8 7 6 9 7 7 7 8 5 9 7 8 6 9 8
Last Time Cost: 00000396 ms
Total Time Cost: 00084522 ms
Total Distance 236: 8 7 7 8 8 7 8 6 8 7 9 7 8 5 7 9 8 8 7 6 9 7 7 7 8 5 9 7 8 6 8 7
Last Time Cost: 00000369 ms
Total Time Cost: 00084891 ms
Total Distance 232: 8 7 7 8 7 7 8 6 8 7 8 7 8 5 7 9 8 8 7 6 9 7 7 7 8 5 8 7 7 6 8 7
Last Time Cost: 00000255 ms
Total Time Cost: 00085146 ms
Total Distance 228: 8 7 7 8 7 7 7 6 8 6 8 7 7 5 7 9 8 8 7 6 9 7 7 6 8 5 8 7 7 6 8 7
Last Time Cost: 00000268 ms
Total Time Cost: 00085414 ms
Total Distance 225: 8 7 7 8 7 7 7 6 8 6 8 7 7 5 7 9 7 8 7 6 8 7 7 6 8 5 8 7 7 6 7 7
Last Time Cost: 00000201 ms
Total Time Cost: 00085615 ms
Total Distance 222: 8 7 7 8 7 7 7 6 8 6 8 7 7 5 7 9 7 8 7 6 7 7 7 6 8 5 7 7 7 6 7 6
Last Time Cost: 00000207 ms
Total Time Cost: 00085822 ms
Total Distance 218: 8 7 6 8 7 7 7 6 8 6 8 7 6 5 7 9 7 8 7 6 7 6 7 6 8 5 7 7 7 6 7 5
Last Time Cost: 00000212 ms
Total Time Cost: 00086034 ms
Total Distance 215: 7 7 6 8 7 6 7 6 8 6 8 7 6 5 7 9 7 7 7 6 7 6 7 6 8 5 7 7 7 6 7 5
Last Time Cost: 00000229 ms
Total Time Cost: 00086263 ms
Total Distance 212: 7 7 6 7 7 6 7 6 8 6 7 7 6 5 7 9 7 7 7 6 7 6 7 6 8 5 7 7 7 6 6 5
Last Time Cost: 00000243 ms
Total Time Cost: 00086506 ms
Total Distance 209: 7 7 6 7 7 6 7 6 8 6 7 7 6 5 7 9 7 7 6 6 7 6 7 6 7 5 7 7 7 5 6 5
Last Time Cost: 00000254 ms
Total Time Cost: 00086760 ms
Total Distance 206: 7 7 6 7 7 6 7 6 8 6 7 7 6 5 7 9 7 7 6 6 7 6 6 6 6 4 7 7 7 5 6 5
Last Time Cost: 00000262 ms
Total Time Cost: 00087022 ms
Total Distance 203: 6 7 6 7 7 6 7 6 8 6 7 6 6 5 7 9 7 7 6 6 6 6 6 6 6 4 7 7 7 5 6 5
Last Time Cost: 00000260 ms
Total Time Cost: 00087282 ms
Total Distance 200: 6 7 6 7 7 6 7 6 7 6 7 6 5 5 7 9 7 7 6 5 6 6 6 6 6 4 7 7 7 5 6 5
Last Time Cost: 00000285 ms
Total Time Cost: 00087567 ms
Total Distance 197: 6 7 6 7 7 6 7 5 7 6 7 6 5 4 7 9 7 7 6 5 6 6 5 6 6 4 7 7 7 5 6 5
Last Time Cost: 00000305 ms
Total Time Cost: 00087872 ms
Total Distance 194: 6 7 6 7 7 6 7 5 7 6 7 6 5 4 6 9 7 7 6 5 6 6 5 6 6 3 7 7 7 4 6 5
Last Time Cost: 00000313 ms
Total Time Cost: 00088185 ms
Total Distance 192: 6 6 6 7 7 6 7 5 7 6 7 6 5 4 6 8 7 7 6 5 6 6 5 6 6 3 7 7 7 4 6 5
Last Time Cost: 00000107 ms
Total Time Cost: 00088292 ms
Total Distance 188: 6 5 6 7 6 6 7 5 7 6 7 6 5 4 6 8 6 7 6 5 6 5 5 6 6 3 7 7 7 4 6 5
Last Time Cost: 00000098 ms
Total Time Cost: 00088390 ms
Total Distance 185: 6 5 6 7 6 6 7 5 7 6 6 6 5 4 6 7 6 7 6 5 6 5 5 6 6 3 7 7 6 4 6 5
Last Time Cost: 00000078 ms
Total Time Cost: 00088468 ms
Total Distance 183: 6 5 6 7 6 6 7 5 7 6 6 6 5 4 6 7 6 6 6 5 6 5 5 6 6 3 7 6 6 4 6 5
Last Time Cost: 00000062 ms
Total Time Cost: 00088530 ms
Total Distance 181: 6 5 6 7 5 6 7 5 7 6 6 6 5 4 6 6 6 6 6 5 6 5 5 6 6 3 7 6 6 4 6 5
Last Time Cost: 00000056 ms
Total Time Cost: 00088586 ms
Total Distance 179: 6 5 6 7 5 6 7 5 7 6 6 6 5 4 5 6 6 6 6 5 6 5 5 6 6 3 6 6 6 4 6 5
Last Time Cost: 00000047 ms
Total Time Cost: 00088633 ms
Total Distance 177: 5 5 6 7 5 6 7 5 7 6 6 6 5 4 5 6 6 5 6 5 6 5 5 6 6 3 6 6 6 4 6 5
Last Time Cost: 00000049 ms
Total Time Cost: 00088682 ms
Total Distance 175: 5 5 6 7 5 6 7 5 7 6 6 6 5 4 5 5 5 5 6 5 6 5 5 6 6 3 6 6 6 4 6 5
Last Time Cost: 00000053 ms
Total Time Cost: 00088735 ms
Total Distance 173: 5 5 6 7 5 6 7 5 6 6 6 6 5 4 5 5 5 5 6 5 6 5 4 6 6 3 6 6 6 4 6 5
Last Time Cost: 00000039 ms
Total Time Cost: 00088774 ms
Total Distance 170: 5 5 6 6 5 6 7 5 6 6 6 6 5 4 5 5 5 5 5 5 6 5 4 6 5 3 6 6 6 4 6 5
Last Time Cost: 00000028 ms
Total Time Cost: 00088802 ms
Total Distance 168: 5 5 6 5 5 6 7 5 5 6 6 6 5 4 5 5 5 5 5 5 6 5 4 6 5 3 6 6 6 4 6 5
Last Time Cost: 00000028 ms
Total Time Cost: 00088830 ms
Total Distance 166: 5 5 6 5 5 6 7 5 5 6 5 6 5 4 5 5 5 5 5 5 6 5 4 6 5 3 6 6 5 4 6 5
Last Time Cost: 00000028 ms
Total Time Cost: 00088858 ms
Total Distance 164: 5 5 6 5 5 5 7 5 5 6 5 6 5 4 5 5 5 5 5 5 6 5 4 6 5 3 6 6 5 4 5 5
Last Time Cost: 00000029 ms
Total Time Cost: 00088887 ms
Total Distance 162: 5 5 6 5 4 5 6 5 5 6 5 6 5 4 5 5 5 5 5 5 6 5 4 6 5 3 6 6 5 4 5 5
Last Time Cost: 00000015 ms
Total Time Cost: 00088902 ms
Total Distance 160: 5 5 6 5 4 5 6 5 5 5 5 6 5 4 5 5 5 5 5 5 6 5 4 5 5 3 6 6 5 4 5 5
Last Time Cost: 00000016 ms
Total Time Cost: 00088918 ms
Total Distance 158: 5 5 5 5 4 5 6 5 5 5 5 6 4 4 5 5 5 5 5 5 6 5 4 5 5 3 6 6 5 4 5 5
Last Time Cost: 00000015 ms
Total Time Cost: 00088933 ms
Total Distance 156: 5 5 5 5 4 5 6 5 5 5 5 5 4 4 5 5 5 5 5 5 6 5 4 5 5 3 6 6 5 4 5 4
Last Time Cost: 00000014 ms
Total Time Cost: 00088947 ms
Total Distance 154: 4 5 5 5 4 5 6 5 5 5 5 5 4 4 5 5 5 5 5 5 5 5 4 5 5 3 6 6 5 4 5 4
Last Time Cost: 00000016 ms
Total Time Cost: 00088963 ms
Total Distance 152: 4 5 5 4 4 5 6 5 4 5 5 5 4 4 5 5 5 5 5 5 5 5 4 5 5 3 6 6 5 4 5 4
Last Time Cost: 00000015 ms
Total Time Cost: 00088978 ms
Total Distance 150: 4 5 5 4 4 5 6 5 4 5 5 5 4 4 5 5 5 5 4 5 5 5 4 5 4 3 6 6 5 4 5 4
Last Time Cost: 00000015 ms
Total Time Cost: 00088993 ms
Total Distance 148: 4 5 5 4 4 5 6 4 4 5 5 5 4 4 5 5 4 5 4 5 5 5 4 5 4 3 6 6 5 4 5 4
Last Time Cost: 00000016 ms
Total Time Cost: 00089009 ms
Total Distance 146: 4 5 5 4 4 5 6 4 4 4 5 5 4 4 5 5 4 5 4 5 5 5 4 4 4 3 6 6 5 4 5 4
Last Time Cost: 00000012 ms
Total Time Cost: 00089021 ms
Total Distance 144: 4 5 5 4 4 5 6 3 4 4 5 5 4 4 5 5 4 5 4 5 5 5 4 4 3 3 6 6 5 4 5 4
Last Time Cost: 00000012 ms
Total Time Cost: 00089033 ms
Total Distance 143: 4 5 5 4 4 5 6 3 4 4 5 5 4 4 5 5 4 5 4 5 5 5 4 4 3 3 6 5 5 4 5 4
Last Time Cost: 00000012 ms
Total Time Cost: 00089045 ms
Total Distance 142: 4 5 5 4 4 5 5 3 4 4 5 5 4 4 5 5 4 5 4 5 5 5 4 4 3 3 6 5 5 4 5 4
Last Time Cost: 00000013 ms
Total Time Cost: 00089058 ms
Total Distance 141: 4 5 5 4 4 5 5 3 4 4 5 5 4 4 5 5 4 5 4 5 5 5 4 4 3 3 5 5 5 4 5 4
Last Time Cost: 00000012 ms
Total Time Cost: 00089070 ms
Total Distance 140: 4 5 5 4 4 5 5 3 4 4 5 5 4 4 5 5 4 4 4 5 5 5 4 4 3 3 5 5 5 4 5 4
Last Time Cost: 00000011 ms
Total Time Cost: 00089081 ms
Total Distance 138: 4 5 5 4 4 5 5 3 4 4 5 4 4 4 5 5 4 4 4 5 5 5 4 4 3 3 5 4 5 4 5 4
Last Time Cost: 00000011 ms
Total Time Cost: 00089092 ms
Total Distance 137: 4 5 5 4 4 5 5 3 4 4 5 4 4 4 5 5 4 4 4 5 5 5 4 4 3 3 4 4 5 4 5 4
Last Time Cost: 00000010 ms
Total Time Cost: 00089102 ms
Total Distance 136: 4 5 5 4 4 4 5 3 4 4 5 4 4 4 5 5 4 4 4 5 5 5 4 4 3 3 4 4 5 4 5 4
Last Time Cost: 00000010 ms
Total Time Cost: 00089112 ms
Total Distance 135: 4 4 5 4 4 4 5 3 4 4 5 4 4 4 5 5 4 4 4 5 5 5 4 4 3 3 4 4 5 4 5 4
Last Time Cost: 00000009 ms
Total Time Cost: 00089121 ms
Total Distance 134: 4 4 5 4 4 4 5 3 4 4 5 4 4 4 5 5 4 4 4 5 4 5 4 4 3 3 4 4 5 4 5 4
Last Time Cost: 00000009 ms
Total Time Cost: 00089130 ms
Total Distance 133: 4 4 5 4 4 4 5 3 4 4 4 4 4 4 5 5 4 4 4 5 4 5 4 4 3 3 4 4 5 4 5 4
Last Time Cost: 00000009 ms
Total Time Cost: 00089139 ms
Total Distance 132: 4 4 5 4 4 4 5 3 4 4 4 4 4 4 5 5 4 4 4 5 4 5 4 4 3 3 4 4 5 4 4 4
Last Time Cost: 00000008 ms
Total Time Cost: 00089147 ms
Total Distance 131: 4 4 5 4 4 4 5 3 4 4 4 4 4 4 5 5 4 4 4 5 4 4 4 4 3 3 4 4 5 4 4 4
Last Time Cost: 00000008 ms
Total Time Cost: 00089155 ms
Total Distance 130: 4 4 5 4 4 4 5 3 4 4 4 4 4 4 5 5 4 4 4 4 4 4 4 4 3 3 4 4 5 4 4 4
Last Time Cost: 00000014 ms
Total Time Cost: 00089169 ms
Total Distance 129: 4 4 5 4 4 4 5 3 4 4 4 4 4 4 4 5 4 4 4 4 4 4 4 4 3 3 4 4 5 4 4 4
Last Time Cost: 00000007 ms
Total Time Cost: 00089176 ms
Total Distance 128: 4 4 5 4 4 4 5 3 4 4 4 4 4 4 4 5 4 4 4 4 4 4 4 4 3 3 4 4 4 4 4 4
Last Time Cost: 00000005 ms
Total Time Cost: 00089181 ms
Total Distance 127: 4 4 4 4 4 4 5 3 4 4 4 4 4 4 4 5 4 4 4 4 4 4 4 4 3 3 4 4 4 4 4 4
Last Time Cost: 00000004 ms
Total Time Cost: 00089185 ms
Total Distance 126: 4 4 4 4 4 4 4 3 4 4 4 4 4 4 4 5 4 4 4 4 4 4 4 4 3 3 4 4 4 4 4 4
Last Time Cost: 00000004 ms
Total Time Cost: 00089189 ms
Total Distance 125: 4 4 4 4 4 4 4 3 4 4 4 4 4 4 4 4 4 4 4 4 4 4 4 4 3 3 4 4 4 4 4 4
Last Time Cost: 00000002 ms
Total Time Cost: 00089191 ms
Total Distance 124: 4 3 4 4 4 4 4 3 4 4 4 4 4 4 4 4 4 4 4 4 4 4 4 4 3 3 4 4 4 4 4 4
Last Time Cost: 00000002 ms
Total Time Cost: 00089193 ms
Total Distance 123: 4 3 4 4 4 4 4 3 4 4 4 4 4 4 4 4 3 4 4 4 4 4 4 4 3 3 4 4 4 4 4 4
Last Time Cost: 00000002 ms
Total Time Cost: 00089195 ms
Total Distance 122: 4 3 3 4 4 4 4 3 4 4 4 4 4 4 4 4 3 4 4 4 4 4 4 4 3 3 4 4 4 4 4 4
Last Time Cost: 00000002 ms
Total Time Cost: 00089197 ms
Total Distance 121: 4 3 3 4 4 4 4 3 4 4 4 4 4 4 4 4 3 4 4 4 4 3 4 4 3 3 4 4 4 4 4 4
Last Time Cost: 00000002 ms
Total Time Cost: 00089199 ms
Total Distance 120: 4 3 3 4 4 4 4 3 4 4 4 3 4 4 4 4 3 4 4 4 4 3 4 4 3 3 4 4 4 4 4 4
Last Time Cost: 00000002 ms
Total Time Cost: 00089201 ms
Total Distance 119: 4 3 3 4 4 4 4 3 4 4 3 3 4 4 4 4 3 4 4 4 4 3 4 4 3 3 4 4 4 4 4 4
Last Time Cost: 00000002 ms
Total Time Cost: 00089203 ms
Total Distance 118: 4 3 3 4 4 4 4 3 4 4 3 3 4 4 4 4 3 4 4 4 4 3 4 4 3 3 4 4 4 3 4 4
Last Time Cost: 00000002 ms
Total Time Cost: 00089205 ms
Total Distance 117: 4 3 3 4 4 4 4 3 4 3 3 3 4 4 4 4 3 4 4 4 4 3 4 4 3 3 4 4 4 3 4 4
Last Time Cost: 00000003 ms
Total Time Cost: 00089208 ms
Total Distance 116: 3 3 3 4 4 4 4 3 4 3 3 3 4 4 4 4 3 4 4 4 4 3 4 4 3 3 4 4 4 3 4 4
Last Time Cost: 00000003 ms
Total Time Cost: 00089211 ms
Total Distance 115: 3 3 3 4 4 4 4 3 4 3 3 3 4 3 4 4 3 4 4 4 4 3 4 4 3 3 4 4 4 3 4 4
Last Time Cost: 00000003 ms
Total Time Cost: 00089214 ms
Total Distance 114: 3 3 3 4 4 3 4 3 4 3 3 3 4 3 4 4 3 4 4 4 4 3 4 4 3 3 4 4 4 3 4 4
Last Time Cost: 00000002 ms
Total Time Cost: 00089216 ms
Total Distance 113: 3 3 3 4 4 3 3 3 4 3 3 3 4 3 4 4 3 4 4 4 4 3 4 4 3 3 4 4 4 3 4 4
Last Time Cost: 00000002 ms
Total Time Cost: 00089218 ms
Total Distance 112: 3 3 3 4 4 3 3 3 4 3 3 3 4 3 4 4 3 4 4 4 4 3 3 4 3 3 4 4 4 3 4 4
Last Time Cost: 00000002 ms
Total Time Cost: 00089220 ms
Total Distance 111: 3 3 3 4 4 3 3 3 4 3 3 3 4 3 4 4 3 4 4 4 4 3 3 4 3 3 4 4 4 3 4 3
Last Time Cost: 00000002 ms
Total Time Cost: 00089222 ms
Total Distance 110: 3 3 3 4 4 3 3 3 3 3 3 3 4 3 4 4 3 4 4 4 4 3 3 4 3 3 4 4 4 3 4 3
Last Time Cost: 00000002 ms
Total Time Cost: 00089224 ms
Total Distance 109: 3 3 3 4 4 3 3 3 3 3 3 3 4 3 4 4 3 4 4 3 4 3 3 4 3 3 4 4 4 3 4 3
Last Time Cost: 00000003 ms
Total Time Cost: 00089227 ms
Total Distance 108: 3 3 3 4 4 3 3 3 3 3 3 3 3 3 4 4 3 4 4 3 4 3 3 4 3 3 4 4 4 3 4 3
Last Time Cost: 00000003 ms
Total Time Cost: 00089230 ms
Total Distance 107: 3 3 3 4 3 3 3 3 3 3 3 3 3 3 4 4 3 4 4 3 4 3 3 4 3 3 4 4 4 3 4 3
Last Time Cost: 00000002 ms
Total Time Cost: 00089232 ms
Total Distance 106: 3 3 3 3 3 3 3 3 3 3 3 3 3 3 4 4 3 4 4 3 4 3 3 4 3 3 4 4 4 3 4 3
Last Time Cost: 00000002 ms
Total Time Cost: 00089234 ms
Total Distance 105: 3 3 3 3 3 3 3 3 3 3 3 3 3 3 4 3 3 4 4 3 4 3 3 4 3 3 4 4 4 3 4 3
Last Time Cost: 00000003 ms
Total Time Cost: 00089237 ms
Total Distance 104: 3 3 3 3 3 3 3 3 3 3 3 3 3 3 4 3 3 4 4 3 4 3 3 4 3 3 3 4 4 3 4 3
Last Time Cost: 00000003 ms
Total Time Cost: 00089240 ms
Total Distance 103: 3 3 3 3 3 3 3 3 3 3 3 3 3 3 4 3 3 4 4 3 4 3 3 4 3 3 3 4 3 3 4 3
Last Time Cost: 00000003 ms
Total Time Cost: 00089243 ms
Total Distance 102: 3 3 3 3 3 3 3 3 3 3 3 3 3 3 4 3 3 4 4 3 4 3 3 4 3 3 3 4 3 3 3 3
Last Time Cost: 00000003 ms
Total Time Cost: 00089246 ms
Total Distance 101: 3 3 3 3 3 3 3 3 3 3 3 3 3 3 4 3 3 4 3 3 4 3 3 4 3 3 3 4 3 3 3 3
Last Time Cost: 00000003 ms
Total Time Cost: 00089249 ms
Total Distance 100: 3 3 3 3 3 3 3 3 3 3 3 3 3 3 4 3 3 4 3 3 3 3 3 4 3 3 3 4 3 3 3 3
Last Time Cost: 00000002 ms
Total Time Cost: 00089251 ms
Total Distance 99: 3 3 3 3 3 3 3 3 3 3 3 3 3 3 4 3 3 4 3 3 3 3 3 4 3 3 3 3 3 3 3 3
Last Time Cost: 00000002 ms
Total Time Cost: 00089253 ms
Total Distance 98: 3 3 3 3 3 3 3 3 3 3 3 3 3 3 4 3 3 4 3 3 3 3 3 3 3 3 3 3 3 3 3 3
Last Time Cost: 00000002 ms
Total Time Cost: 00089255 ms
Total Distance 97: 3 3 3 3 3 3 3 3 3 3 3 3 3 3 4 3 3 3 3 3 3 3 3 3 3 3 3 3 3 3 3 3
Last Time Cost: 00000002 ms
Total Time Cost: 00089257 ms
Total Distance 96: 3 3 3 3 3 3 3 3 3 3 3 3 3 3 3 3 3 3 3 3 3 3 3 3 3 3 3 3 3 3 3 3
Last Time Cost: 00000002 ms
Total Time Cost: 00089259 ms
Total Distance 95: 3 3 3 3 3 3 3 3 3 3 3 3 3 3 3 3 3 3 3 3 3 3 3 3 3 3 2 3 3 3 3 3
Last Time Cost: 00000002 ms
Total Time Cost: 00089261 ms
Total Distance 94: 3 3 3 3 3 3 3 3 3 3 3 3 2 3 3 3 3 3 3 3 3 3 3 3 3 3 2 3 3 3 3 3
Last Time Cost: 00000003 ms
Total Time Cost: 00089264 ms
Total Distance 93: 3 3 3 3 3 3 3 3 3 3 3 3 2 3 3 2 3 3 3 3 3 3 3 3 3 3 2 3 3 3 3 3
Last Time Cost: 00000002 ms
Total Time Cost: 00089266 ms
Total Distance 92: 3 3 3 3 3 3 3 3 3 2 3 3 2 3 3 2 3 3 3 3 3 3 3 3 3 3 2 3 3 3 3 3
Last Time Cost: 00000002 ms
Total Time Cost: 00089268 ms
Total Distance 91: 3 3 3 3 3 3 3 3 3 2 3 3 2 3 3 2 3 3 3 3 3 3 3 3 3 3 2 3 3 3 3 2
Last Time Cost: 00000002 ms
Total Time Cost: 00089270 ms
Total Distance 90: 3 3 3 3 3 3 3 2 3 2 3 3 2 3 3 2 3 3 3 3 3 3 3 3 3 3 2 3 3 3 3 2
Last Time Cost: 00000002 ms
Total Time Cost: 00089272 ms
Total Distance 89: 3 3 3 3 3 3 3 2 3 2 3 3 2 3 3 2 3 3 3 3 3 3 2 3 3 3 2 3 3 3 3 2
Last Time Cost: 00000002 ms
Total Time Cost: 00089274 ms
Total Distance 88: 3 3 3 3 3 3 3 2 3 2 3 3 2 3 3 2 3 2 3 3 3 3 2 3 3 3 2 3 3 3 3 2
Last Time Cost: 00000002 ms
Total Time Cost: 00089276 ms
Total Distance 87: 3 3 3 3 3 3 3 2 3 2 3 3 2 3 3 2 3 2 3 3 3 3 2 3 2 3 2 3 3 3 3 2
Last Time Cost: 00000002 ms
Total Time Cost: 00089278 ms
Total Distance 86: 3 3 3 3 3 3 3 2 3 2 3 3 2 3 3 2 3 2 3 3 3 3 2 3 2 3 2 3 3 2 3 2
Last Time Cost: 00000002 ms
Total Time Cost: 00089280 ms
Total Distance 85: 3 2 3 3 3 3 3 2 3 2 3 3 2 3 3 2 3 2 3 3 3 3 2 3 2 3 2 3 3 2 3 2
Last Time Cost: 00000002 ms
Total Time Cost: 00089282 ms
Total Distance 84: 3 2 3 3 3 3 2 2 3 2 3 3 2 3 3 2 3 2 3 3 3 3 2 3 2 3 2 3 3 2 3 2
Last Time Cost: 00000002 ms
Total Time Cost: 00089284 ms
Total Distance 83: 3 2 3 3 3 3 2 2 3 2 3 3 2 2 3 2 3 2 3 3 3 3 2 3 2 3 2 3 3 2 3 2
Last Time Cost: 00000002 ms
Total Time Cost: 00089286 ms
Total Distance 82: 3 2 3 3 3 3 2 2 3 2 2 3 2 2 3 2 3 2 3 3 3 3 2 3 2 3 2 3 3 2 3 2
Last Time Cost: 00000002 ms
Total Time Cost: 00089288 ms
Total Distance 81: 2 2 3 3 3 3 2 2 3 2 2 3 2 2 3 2 3 2 3 3 3 3 2 3 2 3 2 3 3 2 3 2
Last Time Cost: 00000002 ms
Total Time Cost: 00089290 ms
Total Distance 80: 2 2 3 3 3 3 2 2 2 2 2 3 2 2 3 2 3 2 3 3 3 3 2 3 2 3 2 3 3 2 3 2
Last Time Cost: 00000002 ms
Total Time Cost: 00089292 ms
Total Distance 79: 2 2 2 3 3 3 2 2 2 2 2 3 2 2 3 2 3 2 3 3 3 3 2 3 2 3 2 3 3 2 3 2
Last Time Cost: 00000003 ms
Total Time Cost: 00089295 ms
Total Distance 78: 2 2 2 3 3 2 2 2 2 2 2 3 2 2 3 2 3 2 3 3 3 3 2 3 2 3 2 3 3 2 3 2
Last Time Cost: 00000006 ms
Total Time Cost: 00089301 ms
Total Distance 77: 2 2 2 3 2 2 2 2 2 2 2 3 2 2 3 2 3 2 3 3 3 3 2 3 2 3 2 3 3 2 3 2
Last Time Cost: 00000006 ms
Total Time Cost: 00089307 ms
Total Distance 76: 2 2 2 3 2 2 2 2 2 2 2 3 2 2 3 2 3 2 3 3 3 3 2 3 2 3 2 3 3 2 2 2
Last Time Cost: 00000002 ms
Total Time Cost: 00089309 ms
Total Distance 75: 2 2 2 3 2 2 2 2 2 2 2 3 2 2 3 2 3 2 3 3 3 3 2 3 2 2 2 3 3 2 2 2
Last Time Cost: 00000002 ms
Total Time Cost: 00089311 ms
Total Distance 74: 2 2 2 3 2 2 2 2 2 2 2 3 2 2 2 2 3 2 3 3 3 3 2 3 2 2 2 3 3 2 2 2
Last Time Cost: 00000002 ms
Total Time Cost: 00089313 ms
Total Distance 73: 2 2 2 3 2 2 2 2 2 2 2 3 2 2 2 2 3 2 3 2 3 3 2 3 2 2 2 3 3 2 2 2
Last Time Cost: 00000002 ms
Total Time Cost: 00089315 ms
Total Distance 72: 2 2 2 3 2 2 2 2 2 2 2 3 2 2 2 2 3 2 3 2 3 2 2 3 2 2 2 3 3 2 2 2
Last Time Cost: 00000001 ms
Total Time Cost: 00089316 ms
Total Distance 71: 2 2 2 3 2 2 2 2 2 2 2 2 2 2 2 2 3 2 3 2 3 2 2 3 2 2 2 3 3 2 2 2
Last Time Cost: 00000002 ms
Total Time Cost: 00089318 ms
Total Distance 70: 2 2 2 3 2 2 2 2 2 2 2 2 2 2 2 2 2 2 3 2 3 2 2 3 2 2 2 3 3 2 2 2
Last Time Cost: 00000001 ms
Total Time Cost: 00089319 ms
Total Distance 69: 2 2 2 3 2 2 2 2 2 2 2 2 2 2 2 2 2 2 3 2 2 2 2 3 2 2 2 3 3 2 2 2
Last Time Cost: 00000001 ms
Total Time Cost: 00089320 ms
Total Distance 68: 2 2 2 2 2 2 2 2 2 2 2 2 2 2 2 2 2 2 3 2 2 2 2 3 2 2 2 3 3 2 2 2
Last Time Cost: 00000002 ms
Total Time Cost: 00089322 ms
Total Distance 67: 2 2 2 2 2 2 2 2 2 2 2 2 2 2 2 2 2 2 3 2 2 2 2 3 2 2 2 3 2 2 2 2
Last Time Cost: 00000001 ms
Total Time Cost: 00089323 ms
Total Distance 66: 2 2 2 2 2 2 2 2 2 2 2 2 2 2 2 2 2 2 2 2 2 2 2 3 2 2 2 3 2 2 2 2
Last Time Cost: 00000001 ms
Total Time Cost: 00089324 ms
Total Distance 65: 2 2 2 2 2 2 2 2 2 2 2 2 2 2 2 2 2 2 2 2 2 2 2 2 2 2 2 3 2 2 2 2
Last Time Cost: 00000002 ms
Total Time Cost: 00089326 ms
Total Distance 64: 2 2 2 2 2 2 2 2 2 2 2 2 2 2 2 2 2 2 2 2 2 2 2 2 2 2 2 2 2 2 2 2
Last Time Cost: 00000001 ms
Total Time Cost: 00089327 ms
Total Distance 63: 2 2 2 2 2 2 2 2 2 2 2 2 1 2 2 2 2 2 2 2 2 2 2 2 2 2 2 2 2 2 2 2
Last Time Cost: 00000000 ms
Total Time Cost: 00089327 ms
Total Distance 62: 2 2 2 2 2 2 2 2 2 2 2 2 0 2 2 2 2 2 2 2 2 2 2 2 2 2 2 2 2 2 2 2
Last Time Cost: 00000002 ms
Total Time Cost: 00089329 ms
Total Distance 61: 2 2 2 2 2 2 2 2 2 2 2 2 0 2 2 1 2 2 2 2 2 2 2 2 2 2 2 2 2 2 2 2
Last Time Cost: 00000000 ms
Total Time Cost: 00089329 ms
Total Distance 60: 2 2 2 2 2 2 2 2 2 2 2 2 0 2 2 0 2 2 2 2 2 2 2 2 2 2 2 2 2 2 2 2
Last Time Cost: 00000001 ms
Total Time Cost: 00089330 ms
Total Distance 59: 2 2 2 1 2 2 2 2 2 2 2 2 0 2 2 0 2 2 2 2 2 2 2 2 2 2 2 2 2 2 2 2
Last Time Cost: 00000000 ms
Total Time Cost: 00089330 ms
Total Distance 58: 2 2 2 0 2 2 2 2 2 2 2 2 0 2 2 0 2 2 2 2 2 2 2 2 2 2 2 2 2 2 2 2
Last Time Cost: 00000002 ms
Total Time Cost: 00089332 ms
Total Distance 57: 2 2 2 0 2 2 2 2 2 2 2 2 0 2 2 0 2 2 2 2 2 2 2 2 2 2 2 2 1 2 2 2
Last Time Cost: 00000000 ms
Total Time Cost: 00089332 ms
Total Distance 56: 2 2 2 0 2 2 2 2 2 2 2 2 0 2 2 0 2 2 2 2 2 2 2 2 2 2 2 2 0 2 2 2
Last Time Cost: 00000002 ms
Total Time Cost: 00089334 ms
Total Distance 55: 2 2 2 0 2 2 2 2 2 2 2 2 0 1 2 0 2 2 2 2 2 2 2 2 2 2 2 2 0 2 2 2
Last Time Cost: 00000000 ms
Total Time Cost: 00089334 ms
Total Distance 54: 2 2 2 0 2 2 2 2 2 2 2 2 0 0 2 0 2 2 2 2 2 2 2 2 2 2 2 2 0 2 2 2
Last Time Cost: 00000001 ms
Total Time Cost: 00089335 ms
Total Distance 53: 2 2 2 0 2 2 2 2 2 2 2 1 0 0 2 0 2 2 2 2 2 2 2 2 2 2 2 2 0 2 2 2
Last Time Cost: 00000000 ms
Total Time Cost: 00089335 ms
Total Distance 52: 2 2 2 0 2 2 2 2 2 2 2 0 0 0 2 0 2 2 2 2 2 2 2 2 2 2 2 2 0 2 2 2
Last Time Cost: 00000001 ms
Total Time Cost: 00089336 ms
Total Distance 51: 2 2 2 0 2 2 2 2 1 2 2 0 0 0 2 0 2 2 2 2 2 2 2 2 2 2 2 2 0 2 2 2
Last Time Cost: 00000001 ms
Total Time Cost: 00089337 ms
Total Distance 50: 2 2 2 0 2 2 2 2 0 2 2 0 0 0 2 0 2 2 2 2 2 2 2 2 2 2 2 2 0 2 2 2
Last Time Cost: 00000001 ms
Total Time Cost: 00089338 ms
Total Distance 49: 2 2 2 0 2 2 2 2 0 2 2 0 0 0 2 0 1 2 2 2 2 2 2 2 2 2 2 2 0 2 2 2
Last Time Cost: 00000000 ms
Total Time Cost: 00089338 ms
Total Distance 48: 2 2 2 0 2 2 2 2 0 2 2 0 0 0 2 0 0 2 2 2 2 2 2 2 2 2 2 2 0 2 2 2
Last Time Cost: 00000001 ms
Total Time Cost: 00089339 ms
Total Distance 47: 1 2 2 0 2 2 2 2 0 2 2 0 0 0 2 0 0 2 2 2 2 2 2 2 2 2 2 2 0 2 2 2
Last Time Cost: 00000000 ms
Total Time Cost: 00089339 ms
Total Distance 46: 0 2 2 0 2 2 2 2 0 2 2 0 0 0 2 0 0 2 2 2 2 2 2 2 2 2 2 2 0 2 2 2
Last Time Cost: 00000003 ms
Total Time Cost: 00089342 ms
Total Distance 45: 0 2 1 0 2 2 2 2 0 2 2 0 0 0 2 0 0 2 2 2 2 2 2 2 2 2 2 2 0 2 2 2
Last Time Cost: 00000000 ms
Total Time Cost: 00089342 ms
Total Distance 44: 0 2 0 0 2 2 2 2 0 2 2 0 0 0 2 0 0 2 2 2 2 2 2 2 2 2 2 2 0 2 2 2
Last Time Cost: 00000001 ms
Total Time Cost: 00089343 ms
Total Distance 43: 0 2 0 0 2 2 2 2 0 2 2 0 0 0 2 0 0 2 2 2 2 2 2 1 2 2 2 2 0 2 2 2
Last Time Cost: 00000001 ms
Total Time Cost: 00089344 ms
Total Distance 42: 0 2 0 0 2 2 2 2 0 2 2 0 0 0 2 0 0 2 2 2 2 2 2 0 2 2 2 2 0 2 2 2
Last Time Cost: 00000001 ms
Total Time Cost: 00089345 ms
Total Distance 41: 0 2 0 0 2 2 1 2 0 2 2 0 0 0 2 0 0 2 2 2 2 2 2 0 2 2 2 2 0 2 2 2
Last Time Cost: 00000000 ms
Total Time Cost: 00089345 ms
Total Distance 40: 0 2 0 0 2 2 0 2 0 2 2 0 0 0 2 0 0 2 2 2 2 2 2 0 2 2 2 2 0 2 2 2
Last Time Cost: 00000002 ms
Total Time Cost: 00089347 ms
Total Distance 39: 0 2 0 0 2 2 0 2 0 2 2 0 0 0 2 0 0 2 2 2 1 2 2 0 2 2 2 2 0 2 2 2
Last Time Cost: 00000000 ms
Total Time Cost: 00089347 ms
Total Distance 38: 0 2 0 0 2 2 0 2 0 2 2 0 0 0 2 0 0 2 2 2 0 2 2 0 2 2 2 2 0 2 2 2
Last Time Cost: 00000001 ms
Total Time Cost: 00089348 ms
Total Distance 37: 0 2 0 0 2 2 0 2 0 2 2 0 0 0 2 0 0 2 2 1 0 2 2 0 2 2 2 2 0 2 2 2
Last Time Cost: 00000000 ms
Total Time Cost: 00089348 ms
Total Distance 36: 0 2 0 0 2 2 0 2 0 2 2 0 0 0 2 0 0 2 2 0 0 2 2 0 2 2 2 2 0 2 2 2
Last Time Cost: 00000001 ms
Total Time Cost: 00089349 ms
Total Distance 35: 0 2 0 0 2 2 0 2 0 2 2 0 0 0 2 0 0 2 2 0 0 2 2 0 2 2 2 2 0 2 1 2
Last Time Cost: 00000000 ms
Total Time Cost: 00089349 ms
Total Distance 34: 0 2 0 0 2 2 0 2 0 2 2 0 0 0 2 0 0 2 2 0 0 2 2 0 2 2 2 2 0 2 0 2
Last Time Cost: 00000002 ms
Total Time Cost: 00089351 ms
Total Distance 33: 0 2 0 0 2 2 0 2 0 2 2 0 0 0 2 0 0 2 2 0 0 2 2 0 2 2 1 2 0 2 0 2
Last Time Cost: 00000000 ms
Total Time Cost: 00089351 ms
Total Distance 32: 0 2 0 0 2 2 0 2 0 2 2 0 0 0 2 0 0 2 2 0 0 2 2 0 2 2 0 2 0 2 0 2
Last Time Cost: 00000003 ms
Total Time Cost: 00089354 ms
Total Distance 31: 0 2 0 0 2 2 0 1 0 2 2 0 0 0 2 0 0 2 2 0 0 2 2 0 2 2 0 2 0 2 0 2
Last Time Cost: 00000000 ms
Total Time Cost: 00089354 ms
Total Distance 30: 0 2 0 0 2 2 0 0 0 2 2 0 0 0 2 0 0 2 2 0 0 2 2 0 2 2 0 2 0 2 0 2
Last Time Cost: 00000003 ms
Total Time Cost: 00089357 ms
Total Distance 29: 0 2 0 0 2 2 0 0 0 2 2 0 0 0 2 0 0 2 2 0 0 2 2 0 1 2 0 2 0 2 0 2
Last Time Cost: 00000000 ms
Total Time Cost: 00089357 ms
Total Distance 28: 0 2 0 0 2 2 0 0 0 2 2 0 0 0 2 0 0 2 2 0 0 2 2 0 0 2 0 2 0 2 0 2
Last Time Cost: 00000003 ms
Total Time Cost: 00089360 ms
Total Distance 27: 0 2 0 0 2 1 0 0 0 2 2 0 0 0 2 0 0 2 2 0 0 2 2 0 0 2 0 2 0 2 0 2
Last Time Cost: 00000000 ms
Total Time Cost: 00089360 ms
Total Distance 26: 0 2 0 0 2 0 0 0 0 2 2 0 0 0 2 0 0 2 2 0 0 2 2 0 0 2 0 2 0 2 0 2
Last Time Cost: 00000002 ms
Total Time Cost: 00089362 ms
Total Distance 25: 0 2 0 0 2 0 0 0 0 2 2 0 0 0 2 0 0 2 2 0 0 2 2 0 0 2 0 2 0 2 0 1
Last Time Cost: 00000000 ms
Total Time Cost: 00089362 ms
Total Distance 24: 0 2 0 0 2 0 0 0 0 2 2 0 0 0 2 0 0 2 2 0 0 2 2 0 0 2 0 2 0 2 0 0
Last Time Cost: 00000002 ms
Total Time Cost: 00089364 ms
Total Distance 23: 0 2 0 0 2 0 0 0 0 2 2 0 0 0 2 0 0 2 2 0 0 2 2 0 0 2 0 1 0 2 0 0
Last Time Cost: 00000000 ms
Total Time Cost: 00089364 ms
Total Distance 22: 0 2 0 0 2 0 0 0 0 2 2 0 0 0 2 0 0 2 2 0 0 2 2 0 0 2 0 0 0 2 0 0
Last Time Cost: 00000002 ms
Total Time Cost: 00089366 ms
Total Distance 21: 0 2 0 0 2 0 0 0 0 2 2 0 0 0 2 0 0 1 2 0 0 2 2 0 0 2 0 0 0 2 0 0
Last Time Cost: 00000000 ms
Total Time Cost: 00089366 ms
Total Distance 20: 0 2 0 0 2 0 0 0 0 2 2 0 0 0 2 0 0 0 2 0 0 2 2 0 0 2 0 0 0 2 0 0
Last Time Cost: 00000002 ms
Total Time Cost: 00089368 ms
Total Distance 19: 0 2 0 0 2 0 0 0 0 2 2 0 0 0 2 0 0 0 2 0 0 2 2 0 0 1 0 0 0 2 0 0
Last Time Cost: 00000000 ms
Total Time Cost: 00089368 ms
Total Distance 18: 0 2 0 0 2 0 0 0 0 2 2 0 0 0 2 0 0 0 2 0 0 2 2 0 0 0 0 0 0 2 0 0
Last Time Cost: 00000002 ms
Total Time Cost: 00089370 ms
Total Distance 17: 0 2 0 0 2 0 0 0 0 1 2 0 0 0 2 0 0 0 2 0 0 2 2 0 0 0 0 0 0 2 0 0
Last Time Cost: 00000000 ms
Total Time Cost: 00089370 ms
Total Distance 16: 0 2 0 0 2 0 0 0 0 0 2 0 0 0 2 0 0 0 2 0 0 2 2 0 0 0 0 0 0 2 0 0
Last Time Cost: 00000002 ms
Total Time Cost: 00089372 ms
Total Distance 15: 0 2 0 0 2 0 0 0 0 0 1 0 0 0 2 0 0 0 2 0 0 2 2 0 0 0 0 0 0 2 0 0
Last Time Cost: 00000000 ms
Total Time Cost: 00089372 ms
Total Distance 14: 0 2 0 0 2 0 0 0 0 0 0 0 0 0 2 0 0 0 2 0 0 2 2 0 0 0 0 0 0 2 0 0
Last Time Cost: 00000001 ms
Total Time Cost: 00089373 ms
Total Distance 13: 0 2 0 0 2 0 0 0 0 0 0 0 0 0 2 0 0 0 1 0 0 2 2 0 0 0 0 0 0 2 0 0
Last Time Cost: 00000000 ms
Total Time Cost: 00089373 ms
Total Distance 12: 0 2 0 0 2 0 0 0 0 0 0 0 0 0 2 0 0 0 0 0 0 2 2 0 0 0 0 0 0 2 0 0
Last Time Cost: 00000001 ms
Total Time Cost: 00089374 ms
Total Distance 11: 0 2 0 0 2 0 0 0 0 0 0 0 0 0 2 0 0 0 0 0 0 2 2 0 0 0 0 0 0 1 0 0
Last Time Cost: 00000000 ms
Total Time Cost: 00089374 ms
Total Distance 10: 0 2 0 0 2 0 0 0 0 0 0 0 0 0 2 0 0 0 0 0 0 2 2 0 0 0 0 0 0 0 0 0
Last Time Cost: 00000001 ms
Total Time Cost: 00089375 ms
Total Distance 9: 0 2 0 0 1 0 0 0 0 0 0 0 0 0 2 0 0 0 0 0 0 2 2 0 0 0 0 0 0 0 0 0
Last Time Cost: 00000000 ms
Total Time Cost: 00089375 ms
Total Distance 8: 0 2 0 0 0 0 0 0 0 0 0 0 0 0 2 0 0 0 0 0 0 2 2 0 0 0 0 0 0 0 0 0
Last Time Cost: 00000001 ms
Total Time Cost: 00089376 ms
Total Distance 7: 0 2 0 0 0 0 0 0 0 0 0 0 0 0 2 0 0 0 0 0 0 2 1 0 0 0 0 0 0 0 0 0
Last Time Cost: 00000000 ms
Total Time Cost: 00089376 ms
Total Distance 6: 0 2 0 0 0 0 0 0 0 0 0 0 0 0 2 0 0 0 0 0 0 2 0 0 0 0 0 0 0 0 0 0
Last Time Cost: 00000001 ms
Total Time Cost: 00089377 ms
Total Distance 5: 0 2 0 0 0 0 0 0 0 0 0 0 0 0 2 0 0 0 0 0 0 1 0 0 0 0 0 0 0 0 0 0
Last Time Cost: 00000000 ms
Total Time Cost: 00089377 ms
Total Distance 4: 0 2 0 0 0 0 0 0 0 0 0 0 0 0 2 0 0 0 0 0 0 0 0 0 0 0 0 0 0 0 0 0
Last Time Cost: 00000001 ms
Total Time Cost: 00089378 ms
Total Distance 3: 0 2 0 0 0 0 0 0 0 0 0 0 0 0 1 0 0 0 0 0 0 0 0 0 0 0 0 0 0 0 0 0
Last Time Cost: 00000000 ms
Total Time Cost: 00089378 ms
Total Distance 2: 0 2 0 0 0 0 0 0 0 0 0 0 0 0 0 0 0 0 0 0 0 0 0 0 0 0 0 0 0 0 0 0
Last Time Cost: 00000001 ms
Total Time Cost: 00089379 ms
Total Distance 1: 0 1 0 0 0 0 0 0 0 0 0 0 0 0 0 0 0 0 0 0 0 0 0 0 0 0 0 0 0 0 0 0
Last Time Cost: 00000000 ms
Total Time Cost: 00089379 ms
Total Distance 0: 0 0 0 0 0 0 0 0 0 0 0 0 0 0 0 0 0 0 0 0 0 0 0 0 0 0 0 0 0 0 0 0
