Last Time Cost: 00000000 ms
Total Time Cost: 00000000 ms
Total Distance 182: 8 8 8 8 8 8 6 6 6 6 6 6 7 7 7 7 7 7 7 7 7 7 7 7 7 7
Last Time Cost: 00000011 ms
Total Time Cost: 00000011 ms
Total Distance 174: 8 8 8 8 7 8 5 6 5 6 5 6 7 7 6 6 7 7 7 7 7 7 6 6 7 7
Last Time Cost: 00000009 ms
Total Time Cost: 00000020 ms
Total Distance 167: 7 8 8 7 6 7 5 6 5 6 5 6 6 6 6 6 7 7 7 7 7 7 6 6 6 7
Last Time Cost: 00000007 ms
Total Time Cost: 00000027 ms
Total Distance 162: 7 8 7 7 6 7 5 6 5 6 5 5 6 6 5 5 7 7 7 7 6 7 6 6 6 7
Last Time Cost: 00000006 ms
Total Time Cost: 00000033 ms
Total Distance 157: 7 8 7 6 6 7 5 6 5 5 5 5 6 6 5 5 7 7 7 6 6 7 5 6 6 6
Last Time Cost: 00000006 ms
Total Time Cost: 00000039 ms
Total Distance 152: 6 7 7 6 6 7 4 6 5 5 5 5 6 6 4 5 7 7 6 6 6 7 5 6 6 6
Last Time Cost: 00000005 ms
Total Time Cost: 00000044 ms
Total Distance 148: 5 7 6 6 6 7 4 6 5 5 5 5 6 6 4 5 7 6 6 6 6 7 5 5 6 6
Last Time Cost: 00000005 ms
Total Time Cost: 00000049 ms
Total Distance 144: 5 7 6 6 6 6 4 6 5 5 5 5 5 6 4 5 7 6 6 5 5 7 5 5 6 6
Last Time Cost: 00000005 ms
Total Time Cost: 00000054 ms
Total Distance 140: 5 7 6 6 6 6 4 6 5 5 5 5 5 5 4 5 6 5 6 5 5 7 5 5 6 5
Last Time Cost: 00000004 ms
Total Time Cost: 00000058 ms
Total Distance 136: 4 6 6 6 6 6 4 6 5 5 5 5 5 5 4 5 6 5 6 5 5 6 5 4 6 5
Last Time Cost: 00000002 ms
Total Time Cost: 00000060 ms
Total Distance 132: 4 6 6 5 6 5 4 6 5 5 5 5 5 4 4 5 6 5 6 5 4 6 5 4 6 5
Last Time Cost: 00000003 ms
Total Time Cost: 00000063 ms
Total Distance 128: 3 6 6 4 5 5 4 6 5 5 5 5 5 4 4 5 6 5 6 5 4 6 5 4 5 5
Last Time Cost: 00000002 ms
Total Time Cost: 00000065 ms
Total Distance 124: 3 6 6 4 5 5 4 6 5 4 5 5 5 4 4 5 6 4 6 4 4 5 5 4 5 5
Last Time Cost: 00000002 ms
Total Time Cost: 00000067 ms
Total Distance 121: 3 6 6 4 5 5 4 5 5 4 5 5 5 4 4 5 5 4 6 4 4 5 5 4 5 4
Last Time Cost: 00000003 ms
Total Time Cost: 00000070 ms
Total Distance 118: 3 6 6 4 5 5 3 5 5 4 5 5 5 4 4 4 5 4 6 4 4 5 4 4 5 4
Last Time Cost: 00000002 ms
Total Time Cost: 00000072 ms
Total Distance 115: 3 6 6 4 5 4 3 5 4 4 5 5 4 4 4 4 5 4 6 4 4 5 4 4 5 4
Last Time Cost: 00000002 ms
Total Time Cost: 00000074 ms
Total Distance 112: 3 5 6 4 5 4 3 5 4 4 5 5 4 3 4 4 5 4 6 4 4 5 4 4 4 4
Last Time Cost: 00000003 ms
Total Time Cost: 00000077 ms
Total Distance 109: 3 5 6 4 5 4 3 5 3 4 5 5 4 3 4 4 5 3 6 3 4 5 4 4 4 4
Last Time Cost: 00000002 ms
Total Time Cost: 00000079 ms
Total Distance 106: 3 5 6 4 5 3 3 5 3 4 5 5 4 2 4 4 5 3 6 3 3 5 4 4 4 4
Last Time Cost: 00000003 ms
Total Time Cost: 00000082 ms
Total Distance 104: 3 5 5 4 5 3 3 5 3 4 5 5 4 2 4 4 5 3 5 3 3 5 4 4 4 4
Last Time Cost: 00000002 ms
Total Time Cost: 00000084 ms
Total Distance 102: 3 5 5 4 5 3 3 5 3 4 4 5 4 2 4 4 5 3 5 3 3 4 4 4 4 4
Last Time Cost: 00000002 ms
Total Time Cost: 00000086 ms
Total Distance 100: 3 5 4 4 5 3 3 4 3 4 4 5 4 2 4 4 5 3 5 3 3 4 4 4 4 4
Last Time Cost: 00000002 ms
Total Time Cost: 00000088 ms
Total Distance 98: 3 5 4 4 5 3 3 4 3 4 4 4 4 2 4 4 4 3 5 3 3 4 4 4 4 4
Last Time Cost: 00000002 ms
Total Time Cost: 00000090 ms
Total Distance 96: 3 5 4 4 4 3 3 4 3 4 4 4 4 2 4 4 4 3 5 3 3 4 4 4 3 4
Last Time Cost: 00000001 ms
Total Time Cost: 00000091 ms
Total Distance 94: 3 4 4 4 4 3 3 4 3 4 4 4 4 2 4 4 4 3 5 3 3 4 4 3 3 4
Last Time Cost: 00000001 ms
Total Time Cost: 00000092 ms
Total Distance 92: 3 4 4 4 4 3 3 4 3 4 4 4 3 2 4 4 4 3 4 3 3 4 4 3 3 4
Last Time Cost: 00000001 ms
Total Time Cost: 00000093 ms
Total Distance 90: 3 4 4 4 4 3 3 3 3 3 4 4 3 2 4 4 4 3 4 3 3 4 4 3 3 4
Last Time Cost: 00000001 ms
Total Time Cost: 00000094 ms
Total Distance 88: 3 4 4 4 4 3 3 3 3 3 4 4 3 2 3 3 4 3 4 3 3 4 4 3 3 4
Last Time Cost: 00000001 ms
Total Time Cost: 00000095 ms
Total Distance 86: 3 4 4 4 4 3 3 3 3 3 4 4 3 2 3 3 3 3 4 3 3 4 4 3 3 3
Last Time Cost: 00000001 ms
Total Time Cost: 00000096 ms
Total Distance 84: 3 4 3 4 4 3 3 3 3 3 3 4 3 2 3 3 3 3 4 3 3 4 4 3 3 3
Last Time Cost: 00000001 ms
Total Time Cost: 00000097 ms
Total Distance 82: 3 4 3 4 3 3 3 3 3 3 3 4 3 2 3 3 3 3 4 3 3 4 4 3 2 3
Last Time Cost: 00000001 ms
Total Time Cost: 00000098 ms
Total Distance 80: 3 4 3 4 3 3 3 3 3 3 3 4 3 2 3 3 3 3 4 3 3 3 4 2 2 3
Last Time Cost: 00000001 ms
Total Time Cost: 00000099 ms
Total Distance 78: 3 4 3 4 3 3 3 3 3 3 3 4 3 2 3 3 3 3 3 2 3 3 4 2 2 3
Last Time Cost: 00000001 ms
Total Time Cost: 00000100 ms
Total Distance 76: 2 3 3 4 3 3 3 3 3 3 3 4 3 2 3 3 3 3 3 2 3 3 4 2 2 3
Last Time Cost: 00000001 ms
Total Time Cost: 00000101 ms
Total Distance 74: 2 3 3 4 3 3 3 3 2 3 3 4 2 2 3 3 3 3 3 2 3 3 4 2 2 3
Last Time Cost: 00000001 ms
Total Time Cost: 00000102 ms
Total Distance 72: 2 3 3 4 3 3 3 3 2 3 3 4 2 2 3 3 2 3 3 2 3 3 4 2 2 2
Last Time Cost: 00000001 ms
Total Time Cost: 00000103 ms
Total Distance 71: 2 3 3 4 3 3 3 3 2 3 3 3 2 2 3 3 2 3 3 2 3 3 4 2 2 2
Last Time Cost: 00000001 ms
Total Time Cost: 00000104 ms
Total Distance 69: 2 3 3 4 3 3 2 3 2 3 3 3 2 2 2 3 2 3 3 2 3 3 4 2 2 2
Last Time Cost: 00000001 ms
Total Time Cost: 00000105 ms
Total Distance 68: 2 3 3 3 3 3 2 3 2 3 3 3 2 2 2 3 2 3 3 2 3 3 4 2 2 2
Last Time Cost: 00000001 ms
Total Time Cost: 00000106 ms
Total Distance 67: 2 3 3 3 3 3 2 3 2 3 3 3 2 2 2 3 2 3 3 2 3 3 3 2 2 2
Last Time Cost: 00000001 ms
Total Time Cost: 00000107 ms
Total Distance 66: 2 2 3 3 3 3 2 3 2 3 3 3 2 2 2 3 2 3 3 2 3 3 3 2 2 2
Last Time Cost: 00000001 ms
Total Time Cost: 00000108 ms
Total Distance 65: 2 2 3 3 3 3 2 3 2 3 3 3 2 2 2 3 2 3 3 2 2 3 3 2 2 2
Last Time Cost: 00000001 ms
Total Time Cost: 00000109 ms
Total Distance 64: 2 2 3 3 3 2 2 3 2 3 3 3 2 2 2 3 2 3 3 2 2 3 3 2 2 2
Last Time Cost: 00000001 ms
Total Time Cost: 00000110 ms
Total Distance 63: 2 2 3 3 3 2 2 2 2 3 3 3 2 2 2 3 2 3 3 2 2 3 3 2 2 2
Last Time Cost: 00000001 ms
Total Time Cost: 00000111 ms
Total Distance 61: 2 2 3 3 3 2 2 2 2 2 3 3 2 2 2 3 2 2 3 2 2 3 3 2 2 2
Last Time Cost: 00000001 ms
Total Time Cost: 00000112 ms
Total Distance 60: 2 2 3 3 3 2 2 2 2 2 3 3 2 2 2 3 2 2 3 2 2 3 2 2 2 2
Last Time Cost: 00000001 ms
Total Time Cost: 00000113 ms
Total Distance 59: 2 2 3 3 3 2 2 2 2 2 2 3 2 2 2 3 2 2 3 2 2 3 2 2 2 2
Last Time Cost: 00000001 ms
Total Time Cost: 00000114 ms
Total Distance 58: 2 2 3 3 3 2 2 2 2 2 2 2 2 2 2 3 2 2 3 2 2 3 2 2 2 2
Last Time Cost: 00000001 ms
Total Time Cost: 00000115 ms
Total Distance 57: 2 2 3 2 3 2 2 2 2 2 2 2 2 2 2 3 2 2 3 2 2 3 2 2 2 2
Last Time Cost: 00000001 ms
Total Time Cost: 00000116 ms
Total Distance 56: 2 2 3 2 2 2 2 2 2 2 2 2 2 2 2 3 2 2 3 2 2 3 2 2 2 2
Last Time Cost: 00000001 ms
Total Time Cost: 00000117 ms
Total Distance 55: 2 2 2 2 2 2 2 2 2 2 2 2 2 2 2 3 2 2 3 2 2 3 2 2 2 2
Last Time Cost: 00000001 ms
Total Time Cost: 00000118 ms
Total Distance 54: 2 2 2 2 2 2 2 2 2 2 2 2 2 2 2 3 2 2 2 2 2 3 2 2 2 2
Last Time Cost: 00000001 ms
Total Time Cost: 00000119 ms
Total Distance 53: 2 2 2 2 2 2 2 2 2 2 2 2 2 2 2 2 2 2 2 2 2 3 2 2 2 2
Last Time Cost: 00000001 ms
Total Time Cost: 00000120 ms
Total Distance 52: 2 2 2 2 2 2 2 2 2 2 2 2 2 2 2 2 2 2 2 2 2 2 2 2 2 2
Last Time Cost: 00000001 ms
Total Time Cost: 00000121 ms
Total Distance 51: 1 2 2 2 2 2 2 2 2 2 2 2 2 2 2 2 2 2 2 2 2 2 2 2 2 2
Last Time Cost: 00000000 ms
Total Time Cost: 00000121 ms
Total Distance 50: 0 2 2 2 2 2 2 2 2 2 2 2 2 2 2 2 2 2 2 2 2 2 2 2 2 2
Last Time Cost: 00000001 ms
Total Time Cost: 00000122 ms
Total Distance 49: 0 2 2 2 2 2 2 2 2 2 2 2 2 2 1 2 2 2 2 2 2 2 2 2 2 2
Last Time Cost: 00000000 ms
Total Time Cost: 00000122 ms
Total Distance 48: 0 2 2 2 2 2 2 2 2 2 2 2 2 2 0 2 2 2 2 2 2 2 2 2 2 2
Last Time Cost: 00000001 ms
Total Time Cost: 00000123 ms
Total Distance 47: 0 2 2 2 2 2 2 2 2 2 1 2 2 2 0 2 2 2 2 2 2 2 2 2 2 2
Last Time Cost: 00000000 ms
Total Time Cost: 00000123 ms
Total Distance 46: 0 2 2 2 2 2 2 2 2 2 0 2 2 2 0 2 2 2 2 2 2 2 2 2 2 2
Last Time Cost: 00000001 ms
Total Time Cost: 00000124 ms
Total Distance 45: 0 2 2 2 2 2 2 2 2 2 0 2 2 2 0 2 2 2 2 2 2 2 2 2 2 1
Last Time Cost: 00000000 ms
Total Time Cost: 00000124 ms
Total Distance 44: 0 2 2 2 2 2 2 2 2 2 0 2 2 2 0 2 2 2 2 2 2 2 2 2 2 0
Last Time Cost: 00000001 ms
Total Time Cost: 00000125 ms
Total Distance 43: 0 2 2 2 2 2 2 2 2 2 0 2 1 2 0 2 2 2 2 2 2 2 2 2 2 0
Last Time Cost: 00000000 ms
Total Time Cost: 00000125 ms
Total Distance 42: 0 2 2 2 2 2 2 2 2 2 0 2 0 2 0 2 2 2 2 2 2 2 2 2 2 0
Last Time Cost: 00000001 ms
Total Time Cost: 00000126 ms
Total Distance 41: 0 2 2 2 2 2 2 2 2 1 0 2 0 2 0 2 2 2 2 2 2 2 2 2 2 0
Last Time Cost: 00000000 ms
Total Time Cost: 00000126 ms
Total Distance 40: 0 2 2 2 2 2 2 2 2 0 0 2 0 2 0 2 2 2 2 2 2 2 2 2 2 0
Last Time Cost: 00000001 ms
Total Time Cost: 00000127 ms
Total Distance 39: 0 2 2 2 2 2 2 2 2 0 0 1 0 2 0 2 2 2 2 2 2 2 2 2 2 0
Last Time Cost: 00000000 ms
Total Time Cost: 00000127 ms
Total Distance 38: 0 2 2 2 2 2 2 2 2 0 0 0 0 2 0 2 2 2 2 2 2 2 2 2 2 0
Last Time Cost: 00000001 ms
Total Time Cost: 00000128 ms
Total Distance 37: 0 2 2 2 2 2 2 2 2 0 0 0 0 2 0 2 2 2 2 1 2 2 2 2 2 0
Last Time Cost: 00000000 ms
Total Time Cost: 00000128 ms
Total Distance 36: 0 2 2 2 2 2 2 2 2 0 0 0 0 2 0 2 2 2 2 0 2 2 2 2 2 0
Last Time Cost: 00000001 ms
Total Time Cost: 00000129 ms
Total Distance 35: 0 2 2 2 2 2 2 2 2 0 0 0 0 1 0 2 2 2 2 0 2 2 2 2 2 0
Last Time Cost: 00000000 ms
Total Time Cost: 00000129 ms
Total Distance 34: 0 2 2 2 2 2 2 2 2 0 0 0 0 0 0 2 2 2 2 0 2 2 2 2 2 0
Last Time Cost: 00000000 ms
Total Time Cost: 00000129 ms
Total Distance 33: 0 2 2 2 2 2 2 2 2 0 0 0 0 0 0 2 2 2 1 0 2 2 2 2 2 0
Last Time Cost: 00000000 ms
Total Time Cost: 00000129 ms
Total Distance 32: 0 2 2 2 2 2 2 2 2 0 0 0 0 0 0 2 2 2 0 0 2 2 2 2 2 0
Last Time Cost: 00000000 ms
Total Time Cost: 00000129 ms
Total Distance 31: 0 2 2 2 2 2 2 2 1 0 0 0 0 0 0 2 2 2 0 0 2 2 2 2 2 0
Last Time Cost: 00000000 ms
Total Time Cost: 00000129 ms
Total Distance 30: 0 2 2 2 2 2 2 2 0 0 0 0 0 0 0 2 2 2 0 0 2 2 2 2 2 0
Last Time Cost: 00000001 ms
Total Time Cost: 00000130 ms
Total Distance 29: 0 2 2 2 2 2 2 2 0 0 0 0 0 0 0 1 2 2 0 0 2 2 2 2 2 0
Last Time Cost: 00000000 ms
Total Time Cost: 00000130 ms
Total Distance 28: 0 2 2 2 2 2 2 2 0 0 0 0 0 0 0 0 2 2 0 0 2 2 2 2 2 0
Last Time Cost: 00000001 ms
Total Time Cost: 00000131 ms
Total Distance 27: 0 1 2 2 2 2 2 2 0 0 0 0 0 0 0 0 2 2 0 0 2 2 2 2 2 0
Last Time Cost: 00000000 ms
Total Time Cost: 00000131 ms
Total Distance 26: 0 0 2 2 2 2 2 2 0 0 0 0 0 0 0 0 2 2 0 0 2 2 2 2 2 0
Last Time Cost: 00000001 ms
Total Time Cost: 00000132 ms
Total Distance 25: 0 0 2 2 2 2 2 2 0 0 0 0 0 0 0 0 2 2 0 0 2 2 1 2 2 0
Last Time Cost: 00000000 ms
Total Time Cost: 00000132 ms
Total Distance 24: 0 0 2 2 2 2 2 2 0 0 0 0 0 0 0 0 2 2 0 0 2 2 0 2 2 0
Last Time Cost: 00000001 ms
Total Time Cost: 00000133 ms
Total Distance 23: 0 0 2 2 2 2 2 2 0 0 0 0 0 0 0 0 2 2 0 0 2 2 0 1 2 0
Last Time Cost: 00000000 ms
Total Time Cost: 00000133 ms
Total Distance 22: 0 0 2 2 2 2 2 2 0 0 0 0 0 0 0 0 2 2 0 0 2 2 0 0 2 0
Last Time Cost: 00000000 ms
Total Time Cost: 00000133 ms
Total Distance 21: 0 0 2 2 2 2 2 2 0 0 0 0 0 0 0 0 2 2 0 0 2 2 0 0 1 0
Last Time Cost: 00000000 ms
Total Time Cost: 00000133 ms
Total Distance 20: 0 0 2 2 2 2 2 2 0 0 0 0 0 0 0 0 2 2 0 0 2 2 0 0 0 0
Last Time Cost: 00000000 ms
Total Time Cost: 00000133 ms
Total Distance 19: 0 0 2 2 2 2 1 2 0 0 0 0 0 0 0 0 2 2 0 0 2 2 0 0 0 0
Last Time Cost: 00000000 ms
Total Time Cost: 00000133 ms
Total Distance 18: 0 0 2 2 2 2 0 2 0 0 0 0 0 0 0 0 2 2 0 0 2 2 0 0 0 0
Last Time Cost: 00000001 ms
Total Time Cost: 00000134 ms
Total Distance 17: 0 0 2 2 2 2 0 2 0 0 0 0 0 0 0 0 2 1 0 0 2 2 0 0 0 0
Last Time Cost: 00000000 ms
Total Time Cost: 00000134 ms
Total Distance 16: 0 0 2 2 2 2 0 2 0 0 0 0 0 0 0 0 2 0 0 0 2 2 0 0 0 0
Last Time Cost: 00000000 ms
Total Time Cost: 00000134 ms
Total Distance 15: 0 0 2 2 2 2 0 1 0 0 0 0 0 0 0 0 2 0 0 0 2 2 0 0 0 0
Last Time Cost: 00000000 ms
Total Time Cost: 00000134 ms
Total Distance 14: 0 0 2 2 2 2 0 0 0 0 0 0 0 0 0 0 2 0 0 0 2 2 0 0 0 0
Last Time Cost: 00000001 ms
Total Time Cost: 00000135 ms
Total Distance 13: 0 0 2 2 2 2 0 0 0 0 0 0 0 0 0 0 2 0 0 0 1 2 0 0 0 0
Last Time Cost: 00000000 ms
Total Time Cost: 00000135 ms
Total Distance 12: 0 0 2 2 2 2 0 0 0 0 0 0 0 0 0 0 2 0 0 0 0 2 0 0 0 0
Last Time Cost: 00000000 ms
Total Time Cost: 00000135 ms
Total Distance 11: 0 0 2 2 2 2 0 0 0 0 0 0 0 0 0 0 1 0 0 0 0 2 0 0 0 0
Last Time Cost: 00000000 ms
Total Time Cost: 00000135 ms
Total Distance 10: 0 0 2 2 2 2 0 0 0 0 0 0 0 0 0 0 0 0 0 0 0 2 0 0 0 0
Last Time Cost: 00000000 ms
Total Time Cost: 00000135 ms
Total Distance 9: 0 0 2 2 2 2 0 0 0 0 0 0 0 0 0 0 0 0 0 0 0 1 0 0 0 0
Last Time Cost: 00000000 ms
Total Time Cost: 00000135 ms
Total Distance 8: 0 0 2 2 2 2 0 0 0 0 0 0 0 0 0 0 0 0 0 0 0 0 0 0 0 0
Last Time Cost: 00000000 ms
Total Time Cost: 00000135 ms
Total Distance 7: 0 0 2 2 1 2 0 0 0 0 0 0 0 0 0 0 0 0 0 0 0 0 0 0 0 0
Last Time Cost: 00000000 ms
Total Time Cost: 00000135 ms
Total Distance 6: 0 0 2 2 0 2 0 0 0 0 0 0 0 0 0 0 0 0 0 0 0 0 0 0 0 0
Last Time Cost: 00000000 ms
Total Time Cost: 00000135 ms
Total Distance 5: 0 0 1 2 0 2 0 0 0 0 0 0 0 0 0 0 0 0 0 0 0 0 0 0 0 0
Last Time Cost: 00000000 ms
Total Time Cost: 00000135 ms
Total Distance 4: 0 0 0 2 0 2 0 0 0 0 0 0 0 0 0 0 0 0 0 0 0 0 0 0 0 0
Last Time Cost: 00000000 ms
Total Time Cost: 00000135 ms
Total Distance 3: 0 0 0 1 0 2 0 0 0 0 0 0 0 0 0 0 0 0 0 0 0 0 0 0 0 0
Last Time Cost: 00000000 ms
Total Time Cost: 00000135 ms
Total Distance 2: 0 0 0 0 0 2 0 0 0 0 0 0 0 0 0 0 0 0 0 0 0 0 0 0 0 0
Last Time Cost: 00000001 ms
Total Time Cost: 00000136 ms
Total Distance 1: 0 0 0 0 0 1 0 0 0 0 0 0 0 0 0 0 0 0 0 0 0 0 0 0 0 0
Last Time Cost: 00000000 ms
Total Time Cost: 00000136 ms
Total Distance 0: 0 0 0 0 0 0 0 0 0 0 0 0 0 0 0 0 0 0 0 0 0 0 0 0 0 0
