Last Time Cost: 00000000 ms
Total Time Cost: 00000000 ms
Total Distance 216: 10 10 10 10 10 10 8 8 8 8 8 8 9 9 9 9 9 9 9 9 9 9 9 9
Last Time Cost: 00000022 ms
Total Time Cost: 00000022 ms
Total Distance 205: 9 9 9 9 10 9 8 8 8 8 8 8 9 8 8 9 8 9 8 9 8 9 8 9
Last Time Cost: 00000018 ms
Total Time Cost: 00000040 ms
Total Distance 195: 9 8 9 9 10 9 8 7 8 7 8 8 9 7 7 9 7 8 8 8 7 9 7 9
Last Time Cost: 00000018 ms
Total Time Cost: 00000058 ms
Total Distance 187: 9 7 9 8 10 9 8 7 7 7 8 8 8 7 7 8 7 7 7 8 7 8 7 9
Last Time Cost: 00000017 ms
Total Time Cost: 00000075 ms
Total Distance 179: 8 6 8 7 10 9 8 7 7 7 8 8 8 7 7 8 6 7 6 8 6 8 6 9
Last Time Cost: 00000017 ms
Total Time Cost: 00000092 ms
Total Distance 173: 7 5 8 7 9 8 8 7 7 7 8 8 8 7 7 7 6 7 6 7 6 8 6 9
Last Time Cost: 00000016 ms
Total Time Cost: 00000108 ms
Total Distance 167: 7 5 7 7 9 7 7 7 7 6 8 8 8 7 7 7 6 7 6 7 5 7 6 9
Last Time Cost: 00000017 ms
Total Time Cost: 00000125 ms
Total Distance 161: 7 5 7 7 9 7 7 6 7 5 7 7 8 6 6 7 6 7 6 7 5 7 6 9
Last Time Cost: 00000020 ms
Total Time Cost: 00000145 ms
Total Distance 155: 6 5 7 6 8 7 7 6 7 5 7 7 7 6 5 7 6 7 6 7 4 7 6 9
Last Time Cost: 00000016 ms
Total Time Cost: 00000161 ms
Total Distance 150: 6 5 6 6 8 7 7 6 7 5 7 6 6 6 5 7 5 7 6 7 4 7 6 8
Last Time Cost: 00000010 ms
Total Time Cost: 00000171 ms
Total Distance 146: 6 5 6 6 8 7 7 6 6 5 7 6 6 6 5 6 5 6 6 7 4 6 6 8
Last Time Cost: 00000009 ms
Total Time Cost: 00000180 ms
Total Distance 142: 5 5 6 6 8 6 7 6 5 5 6 6 6 6 5 6 5 6 6 7 4 6 6 8
Last Time Cost: 00000008 ms
Total Time Cost: 00000188 ms
Total Distance 138: 5 5 6 6 7 6 7 6 4 5 6 6 6 5 4 6 5 6 6 7 4 6 6 8
Last Time Cost: 00000008 ms
Total Time Cost: 00000196 ms
Total Distance 134: 5 5 5 5 7 6 7 6 4 5 6 6 6 5 4 6 5 6 6 7 3 5 6 8
Last Time Cost: 00000009 ms
Total Time Cost: 00000205 ms
Total Distance 130: 5 5 5 5 7 6 7 5 4 4 6 6 6 4 3 6 5 6 6 7 3 5 6 8
Last Time Cost: 00000011 ms
Total Time Cost: 00000216 ms
Total Distance 127: 5 5 5 5 6 6 7 5 4 4 6 6 6 4 3 6 5 6 6 7 3 4 6 7
Last Time Cost: 00000008 ms
Total Time Cost: 00000224 ms
Total Distance 124: 5 5 5 5 6 6 6 4 4 4 6 5 6 4 3 6 5 6 6 7 3 4 6 7
Last Time Cost: 00000007 ms
Total Time Cost: 00000231 ms
Total Distance 121: 5 5 5 5 6 6 6 4 4 4 6 5 6 4 3 5 5 5 6 7 3 4 5 7
Last Time Cost: 00000008 ms
Total Time Cost: 00000239 ms
Total Distance 118: 4 5 5 5 6 5 6 4 4 4 6 5 6 4 3 5 5 5 6 6 3 4 5 7
Last Time Cost: 00000006 ms
Total Time Cost: 00000245 ms
Total Distance 115: 4 5 4 5 6 5 6 4 4 4 6 5 6 4 3 5 4 5 6 6 3 4 5 6
Last Time Cost: 00000003 ms
Total Time Cost: 00000248 ms
Total Distance 112: 4 5 4 4 5 5 6 4 4 4 6 5 6 4 2 5 4 5 6 6 3 4 5 6
Last Time Cost: 00000004 ms
Total Time Cost: 00000252 ms
Total Distance 109: 4 4 4 4 5 5 6 4 4 4 6 5 6 4 2 5 3 5 6 6 3 4 4 6
Last Time Cost: 00000004 ms
Total Time Cost: 00000256 ms
Total Distance 106: 4 4 4 4 5 5 6 4 4 4 6 5 6 4 2 5 2 5 5 6 2 4 4 6
Last Time Cost: 00000003 ms
Total Time Cost: 00000259 ms
Total Distance 103: 4 4 4 4 5 5 6 4 4 3 6 5 6 3 1 5 2 5 5 6 2 4 4 6
Last Time Cost: 00000000 ms
Total Time Cost: 00000259 ms
Total Distance 102: 4 4 4 4 5 5 6 4 4 3 6 5 6 3 0 5 2 5 5 6 2 4 4 6
Last Time Cost: 00000004 ms
Total Time Cost: 00000263 ms
Total Distance 100: 4 4 4 4 5 5 6 4 4 3 5 5 6 3 0 5 2 5 5 5 2 4 4 6
Last Time Cost: 00000004 ms
Total Time Cost: 00000267 ms
Total Distance 98: 4 4 4 4 5 5 6 4 4 3 5 5 6 3 0 5 2 5 4 5 2 4 4 5
Last Time Cost: 00000004 ms
Total Time Cost: 00000271 ms
Total Distance 96: 4 4 4 4 5 5 5 4 4 3 5 4 6 3 0 5 2 5 4 5 2 4 4 5
Last Time Cost: 00000004 ms
Total Time Cost: 00000275 ms
Total Distance 94: 4 4 4 4 5 5 5 4 4 3 5 4 6 3 0 4 2 4 4 5 2 4 4 5
Last Time Cost: 00000003 ms
Total Time Cost: 00000278 ms
Total Distance 92: 4 4 4 3 5 5 5 4 4 3 5 4 5 3 0 4 2 4 4 5 2 4 4 5
Last Time Cost: 00000003 ms
Total Time Cost: 00000281 ms
Total Distance 90: 4 4 4 3 5 5 4 4 4 3 5 4 5 3 0 4 2 4 4 4 2 4 4 5
Last Time Cost: 00000003 ms
Total Time Cost: 00000284 ms
Total Distance 88: 4 4 4 3 5 4 4 4 4 3 4 4 5 3 0 4 2 4 4 4 2 4 4 5
Last Time Cost: 00000002 ms
Total Time Cost: 00000286 ms
Total Distance 86: 4 4 4 3 5 4 4 4 4 3 4 4 5 3 0 4 2 4 3 4 2 4 4 4
Last Time Cost: 00000002 ms
Total Time Cost: 00000288 ms
Total Distance 84: 4 4 4 3 4 4 4 4 4 3 3 4 5 3 0 4 2 4 3 4 2 4 4 4
Last Time Cost: 00000005 ms
Total Time Cost: 00000293 ms
Total Distance 82: 4 4 4 3 4 3 4 4 4 3 3 4 5 3 0 4 2 4 3 4 2 3 4 4
Last Time Cost: 00000004 ms
Total Time Cost: 00000297 ms
Total Distance 80: 4 3 4 3 4 3 4 3 4 3 3 4 5 3 0 4 2 4 3 4 2 3 4 4
Last Time Cost: 00000001 ms
Total Time Cost: 00000298 ms
Total Distance 78: 4 3 4 3 4 3 4 3 4 3 3 4 5 3 0 3 2 3 3 4 2 3 4 4
Last Time Cost: 00000001 ms
Total Time Cost: 00000299 ms
Total Distance 76: 4 3 4 3 4 3 4 3 3 3 3 3 5 3 0 3 2 3 3 4 2 3 4 4
Last Time Cost: 00000002 ms
Total Time Cost: 00000301 ms
Total Distance 74: 4 3 3 2 4 3 4 3 3 3 3 3 5 3 0 3 2 3 3 4 2 3 4 4
Last Time Cost: 00000001 ms
Total Time Cost: 00000302 ms
Total Distance 72: 4 3 2 2 4 3 4 3 3 3 3 3 5 2 0 3 2 3 3 4 2 3 4 4
Last Time Cost: 00000002 ms
Total Time Cost: 00000304 ms
Total Distance 70: 4 3 2 2 4 3 4 3 3 3 3 3 5 2 0 3 2 3 3 4 2 3 3 3
Last Time Cost: 00000002 ms
Total Time Cost: 00000306 ms
Total Distance 69: 4 3 2 2 4 3 4 3 3 3 3 3 4 2 0 3 2 3 3 4 2 3 3 3
Last Time Cost: 00000001 ms
Total Time Cost: 00000307 ms
Total Distance 68: 4 3 2 2 4 3 4 3 3 3 3 3 3 2 0 3 2 3 3 4 2 3 3 3
Last Time Cost: 00000001 ms
Total Time Cost: 00000308 ms
Total Distance 66: 4 3 2 2 4 3 4 3 3 3 3 3 2 2 0 3 2 3 3 4 1 3 3 3
Last Time Cost: 00000000 ms
Total Time Cost: 00000308 ms
Total Distance 65: 4 3 2 2 4 3 4 3 3 3 3 3 2 2 0 3 2 3 3 4 0 3 3 3
Last Time Cost: 00000001 ms
Total Time Cost: 00000309 ms
Total Distance 64: 3 3 2 2 4 3 4 3 3 3 3 3 2 2 0 3 2 3 3 4 0 3 3 3
Last Time Cost: 00000001 ms
Total Time Cost: 00000310 ms
Total Distance 63: 3 3 2 2 3 3 4 3 3 3 3 3 2 2 0 3 2 3 3 4 0 3 3 3
Last Time Cost: 00000001 ms
Total Time Cost: 00000311 ms
Total Distance 62: 3 3 2 2 3 3 4 3 3 3 3 3 2 2 0 3 2 3 3 3 0 3 3 3
Last Time Cost: 00000001 ms
Total Time Cost: 00000312 ms
Total Distance 61: 3 3 2 2 3 3 3 3 3 3 3 3 2 2 0 3 2 3 3 3 0 3 3 3
Last Time Cost: 00000001 ms
Total Time Cost: 00000313 ms
Total Distance 60: 3 3 2 2 3 3 3 3 3 3 3 2 2 2 0 3 2 3 3 3 0 3 3 3
Last Time Cost: 00000001 ms
Total Time Cost: 00000314 ms
Total Distance 59: 3 3 2 2 3 3 3 3 2 3 3 2 2 2 0 3 2 3 3 3 0 3 3 3
Last Time Cost: 00000001 ms
Total Time Cost: 00000315 ms
Total Distance 58: 3 3 2 2 3 3 3 3 2 3 3 2 2 2 0 3 2 3 3 2 0 3 3 3
Last Time Cost: 00000001 ms
Total Time Cost: 00000316 ms
Total Distance 57: 3 2 2 2 3 3 3 3 2 3 3 2 2 2 0 3 2 3 3 2 0 3 3 3
Last Time Cost: 00000001 ms
Total Time Cost: 00000317 ms
Total Distance 56: 3 2 2 2 3 2 3 3 2 3 3 2 2 2 0 3 2 3 3 2 0 3 3 3
Last Time Cost: 00000001 ms
Total Time Cost: 00000318 ms
Total Distance 55: 3 2 2 2 2 2 3 3 2 3 3 2 2 2 0 3 2 3 3 2 0 3 3 3
Last Time Cost: 00000001 ms
Total Time Cost: 00000319 ms
Total Distance 54: 3 2 2 2 2 2 3 3 2 3 3 2 2 2 0 3 2 2 3 2 0 3 3 3
Last Time Cost: 00000001 ms
Total Time Cost: 00000320 ms
Total Distance 53: 3 2 2 2 2 2 3 3 2 3 3 2 2 2 0 3 2 2 3 2 0 3 3 2
Last Time Cost: 00000001 ms
Total Time Cost: 00000321 ms
Total Distance 52: 3 2 2 2 2 2 3 3 2 3 2 2 2 2 0 3 2 2 3 2 0 3 3 2
Last Time Cost: 00000001 ms
Total Time Cost: 00000322 ms
Total Distance 51: 3 2 2 2 2 2 3 3 2 3 2 2 2 2 0 3 2 2 3 2 0 3 2 2
Last Time Cost: 00000001 ms
Total Time Cost: 00000323 ms
Total Distance 50: 3 2 2 2 2 2 2 3 2 3 2 2 2 2 0 3 2 2 3 2 0 3 2 2
Last Time Cost: 00000001 ms
Total Time Cost: 00000324 ms
Total Distance 49: 2 2 2 2 2 2 2 3 2 3 2 2 2 2 0 3 2 2 3 2 0 3 2 2
Last Time Cost: 00000001 ms
Total Time Cost: 00000325 ms
Total Distance 48: 2 2 2 2 2 2 2 2 2 3 2 2 2 2 0 3 2 2 3 2 0 3 2 2
Last Time Cost: 00000001 ms
Total Time Cost: 00000326 ms
Total Distance 47: 2 2 2 2 2 2 2 2 2 2 2 2 2 2 0 3 2 2 3 2 0 3 2 2
Last Time Cost: 00000001 ms
Total Time Cost: 00000327 ms
Total Distance 46: 2 2 2 2 2 2 2 2 2 2 2 2 2 2 0 2 2 2 3 2 0 3 2 2
Last Time Cost: 00000001 ms
Total Time Cost: 00000328 ms
Total Distance 45: 2 2 2 2 2 2 2 2 2 2 2 2 2 2 0 2 2 2 2 2 0 3 2 2
Last Time Cost: 00000001 ms
Total Time Cost: 00000329 ms
Total Distance 44: 2 2 2 2 2 2 2 2 2 2 2 2 2 2 0 2 2 2 2 2 0 2 2 2
Last Time Cost: 00000001 ms
Total Time Cost: 00000330 ms
Total Distance 43: 1 2 2 2 2 2 2 2 2 2 2 2 2 2 0 2 2 2 2 2 0 2 2 2
Last Time Cost: 00000000 ms
Total Time Cost: 00000330 ms
Total Distance 42: 0 2 2 2 2 2 2 2 2 2 2 2 2 2 0 2 2 2 2 2 0 2 2 2
Last Time Cost: 00000001 ms
Total Time Cost: 00000331 ms
Total Distance 41: 0 2 2 2 2 2 2 2 2 2 2 2 2 2 0 2 2 2 2 1 0 2 2 2
Last Time Cost: 00000000 ms
Total Time Cost: 00000331 ms
Total Distance 40: 0 2 2 2 2 2 2 2 2 2 2 2 2 2 0 2 2 2 2 0 0 2 2 2
Last Time Cost: 00000001 ms
Total Time Cost: 00000332 ms
Total Distance 39: 0 2 2 2 2 2 2 1 2 2 2 2 2 2 0 2 2 2 2 0 0 2 2 2
Last Time Cost: 00000000 ms
Total Time Cost: 00000332 ms
Total Distance 38: 0 2 2 2 2 2 2 0 2 2 2 2 2 2 0 2 2 2 2 0 0 2 2 2
Last Time Cost: 00000001 ms
Total Time Cost: 00000333 ms
Total Distance 37: 0 2 2 2 2 2 2 0 1 2 2 2 2 2 0 2 2 2 2 0 0 2 2 2
Last Time Cost: 00000000 ms
Total Time Cost: 00000333 ms
Total Distance 36: 0 2 2 2 2 2 2 0 0 2 2 2 2 2 0 2 2 2 2 0 0 2 2 2
Last Time Cost: 00000001 ms
Total Time Cost: 00000334 ms
Total Distance 35: 0 2 2 2 2 2 2 0 0 2 1 2 2 2 0 2 2 2 2 0 0 2 2 2
Last Time Cost: 00000000 ms
Total Time Cost: 00000334 ms
Total Distance 34: 0 2 2 2 2 2 2 0 0 2 0 2 2 2 0 2 2 2 2 0 0 2 2 2
Last Time Cost: 00000001 ms
Total Time Cost: 00000335 ms
Total Distance 33: 0 2 2 2 2 2 2 0 0 2 0 2 2 1 0 2 2 2 2 0 0 2 2 2
Last Time Cost: 00000000 ms
Total Time Cost: 00000335 ms
Total Distance 32: 0 2 2 2 2 2 2 0 0 2 0 2 2 0 0 2 2 2 2 0 0 2 2 2
Last Time Cost: 00000001 ms
Total Time Cost: 00000336 ms
Total Distance 31: 0 2 2 1 2 2 2 0 0 2 0 2 2 0 0 2 2 2 2 0 0 2 2 2
Last Time Cost: 00000000 ms
Total Time Cost: 00000336 ms
Total Distance 30: 0 2 2 0 2 2 2 0 0 2 0 2 2 0 0 2 2 2 2 0 0 2 2 2
Last Time Cost: 00000001 ms
Total Time Cost: 00000337 ms
Total Distance 29: 0 2 2 0 2 2 2 0 0 2 0 2 2 0 0 2 2 2 2 0 0 2 2 1
Last Time Cost: 00000000 ms
Total Time Cost: 00000337 ms
Total Distance 28: 0 2 2 0 2 2 2 0 0 2 0 2 2 0 0 2 2 2 2 0 0 2 2 0
Last Time Cost: 00000001 ms
Total Time Cost: 00000338 ms
Total Distance 27: 0 2 2 0 2 1 2 0 0 2 0 2 2 0 0 2 2 2 2 0 0 2 2 0
Last Time Cost: 00000000 ms
Total Time Cost: 00000338 ms
Total Distance 26: 0 2 2 0 2 0 2 0 0 2 0 2 2 0 0 2 2 2 2 0 0 2 2 0
Last Time Cost: 00000001 ms
Total Time Cost: 00000339 ms
Total Distance 25: 0 2 1 0 2 0 2 0 0 2 0 2 2 0 0 2 2 2 2 0 0 2 2 0
Last Time Cost: 00000000 ms
Total Time Cost: 00000339 ms
Total Distance 24: 0 2 0 0 2 0 2 0 0 2 0 2 2 0 0 2 2 2 2 0 0 2 2 0
Last Time Cost: 00000001 ms
Total Time Cost: 00000340 ms
Total Distance 23: 0 2 0 0 2 0 2 0 0 2 0 2 2 0 0 2 2 2 1 0 0 2 2 0
Last Time Cost: 00000000 ms
Total Time Cost: 00000340 ms
Total Distance 22: 0 2 0 0 2 0 2 0 0 2 0 2 2 0 0 2 2 2 0 0 0 2 2 0
Last Time Cost: 00000001 ms
Total Time Cost: 00000341 ms
Total Distance 21: 0 2 0 0 2 0 2 0 0 2 0 2 1 0 0 2 2 2 0 0 0 2 2 0
Last Time Cost: 00000000 ms
Total Time Cost: 00000341 ms
Total Distance 20: 0 2 0 0 2 0 2 0 0 2 0 2 0 0 0 2 2 2 0 0 0 2 2 0
Last Time Cost: 00000001 ms
Total Time Cost: 00000342 ms
Total Distance 19: 0 2 0 0 2 0 2 0 0 2 0 2 0 0 0 2 1 2 0 0 0 2 2 0
Last Time Cost: 00000000 ms
Total Time Cost: 00000342 ms
Total Distance 18: 0 2 0 0 2 0 2 0 0 2 0 2 0 0 0 2 0 2 0 0 0 2 2 0
Last Time Cost: 00000001 ms
Total Time Cost: 00000343 ms
Total Distance 17: 0 2 0 0 2 0 2 0 0 1 0 2 0 0 0 2 0 2 0 0 0 2 2 0
Last Time Cost: 00000001 ms
Total Time Cost: 00000344 ms
Total Distance 16: 0 2 0 0 2 0 2 0 0 0 0 2 0 0 0 2 0 2 0 0 0 2 2 0
Last Time Cost: 00000001 ms
Total Time Cost: 00000345 ms
Total Distance 15: 0 2 0 0 1 0 2 0 0 0 0 2 0 0 0 2 0 2 0 0 0 2 2 0
Last Time Cost: 00000000 ms
Total Time Cost: 00000345 ms
Total Distance 14: 0 2 0 0 0 0 2 0 0 0 0 2 0 0 0 2 0 2 0 0 0 2 2 0
Last Time Cost: 00000001 ms
Total Time Cost: 00000346 ms
Total Distance 13: 0 2 0 0 0 0 2 0 0 0 0 1 0 0 0 2 0 2 0 0 0 2 2 0
Last Time Cost: 00000000 ms
Total Time Cost: 00000346 ms
Total Distance 12: 0 2 0 0 0 0 2 0 0 0 0 0 0 0 0 2 0 2 0 0 0 2 2 0
Last Time Cost: 00000000 ms
Total Time Cost: 00000346 ms
Total Distance 11: 0 2 0 0 0 0 1 0 0 0 0 0 0 0 0 2 0 2 0 0 0 2 2 0
Last Time Cost: 00000000 ms
Total Time Cost: 00000346 ms
Total Distance 10: 0 2 0 0 0 0 0 0 0 0 0 0 0 0 0 2 0 2 0 0 0 2 2 0
Last Time Cost: 00000000 ms
Total Time Cost: 00000346 ms
Total Distance 9: 0 2 0 0 0 0 0 0 0 0 0 0 0 0 0 2 0 1 0 0 0 2 2 0
Last Time Cost: 00000000 ms
Total Time Cost: 00000346 ms
Total Distance 8: 0 2 0 0 0 0 0 0 0 0 0 0 0 0 0 2 0 0 0 0 0 2 2 0
Last Time Cost: 00000000 ms
Total Time Cost: 00000346 ms
Total Distance 7: 0 2 0 0 0 0 0 0 0 0 0 0 0 0 0 2 0 0 0 0 0 2 1 0
Last Time Cost: 00000000 ms
Total Time Cost: 00000346 ms
Total Distance 6: 0 2 0 0 0 0 0 0 0 0 0 0 0 0 0 2 0 0 0 0 0 2 0 0
Last Time Cost: 00000000 ms
Total Time Cost: 00000346 ms
Total Distance 5: 0 1 0 0 0 0 0 0 0 0 0 0 0 0 0 2 0 0 0 0 0 2 0 0
Last Time Cost: 00000000 ms
Total Time Cost: 00000346 ms
Total Distance 4: 0 0 0 0 0 0 0 0 0 0 0 0 0 0 0 2 0 0 0 0 0 2 0 0
Last Time Cost: 00000001 ms
Total Time Cost: 00000347 ms
Total Distance 3: 0 0 0 0 0 0 0 0 0 0 0 0 0 0 0 1 0 0 0 0 0 2 0 0
Last Time Cost: 00000000 ms
Total Time Cost: 00000347 ms
Total Distance 2: 0 0 0 0 0 0 0 0 0 0 0 0 0 0 0 0 0 0 0 0 0 2 0 0
Last Time Cost: 00000000 ms
Total Time Cost: 00000347 ms
Total Distance 1: 0 0 0 0 0 0 0 0 0 0 0 0 0 0 0 0 0 0 0 0 0 1 0 0
Last Time Cost: 00000000 ms
Total Time Cost: 00000347 ms
Total Distance 0: 0 0 0 0 0 0 0 0 0 0 0 0 0 0 0 0 0 0 0 0 0 0 0 0
