Last Time Cost: 00000000 ms
Total Time Cost: 00000000 ms
Total Distance 208: 9 9 9 9 9 9 7 7 7 7 7 7 8 8 8 8 8 8 8 8 8 8 8 8 8 8
Last Time Cost: 00000017 ms
Total Time Cost: 00000017 ms
Total Distance 200: 9 8 9 8 9 8 7 7 7 7 7 7 8 8 8 8 8 8 7 8 7 7 8 7 8 7
Last Time Cost: 00000013 ms
Total Time Cost: 00000030 ms
Total Distance 192: 8 8 9 8 8 8 7 7 6 7 7 7 8 7 7 8 8 8 6 7 6 7 8 7 8 7
Last Time Cost: 00000012 ms
Total Time Cost: 00000042 ms
Total Distance 185: 8 7 9 7 8 8 7 6 6 7 7 6 8 6 7 8 7 8 6 7 6 7 7 7 8 7
Last Time Cost: 00000013 ms
Total Time Cost: 00000055 ms
Total Distance 178: 8 7 9 6 8 8 6 6 6 7 7 6 8 6 7 8 6 7 6 7 5 7 7 6 7 7
Last Time Cost: 00000015 ms
Total Time Cost: 00000070 ms
Total Distance 172: 8 7 9 5 8 8 6 6 6 7 7 5 8 6 7 8 5 7 6 6 5 7 7 5 6 7
Last Time Cost: 00000017 ms
Total Time Cost: 00000087 ms
Total Distance 167: 7 7 9 5 7 8 6 6 5 7 7 5 8 6 7 7 5 7 6 5 5 7 7 5 6 7
Last Time Cost: 00000017 ms
Total Time Cost: 00000104 ms
Total Distance 162: 7 6 9 5 7 8 5 6 5 6 7 5 8 6 6 7 5 7 6 5 5 7 6 5 6 7
Last Time Cost: 00000017 ms
Total Time Cost: 00000121 ms
Total Distance 157: 7 6 9 5 6 8 5 5 4 6 7 5 8 6 6 6 5 7 6 4 5 7 6 5 6 7
Last Time Cost: 00000018 ms
Total Time Cost: 00000139 ms
Total Distance 153: 7 5 9 5 6 8 5 5 4 6 7 5 8 6 6 6 5 7 5 4 5 6 6 5 6 6
Last Time Cost: 00000020 ms
Total Time Cost: 00000159 ms
Total Distance 149: 6 5 9 5 6 8 5 5 4 5 6 5 8 6 6 6 5 7 4 4 5 6 6 5 6 6
Last Time Cost: 00000021 ms
Total Time Cost: 00000180 ms
Total Distance 145: 6 5 9 4 6 8 5 5 4 5 6 4 7 6 6 5 5 7 4 4 5 6 6 5 6 6
Last Time Cost: 00000025 ms
Total Time Cost: 00000205 ms
Total Distance 141: 6 5 9 4 5 8 5 5 3 5 6 4 7 6 5 5 5 7 4 4 4 6 6 5 6 6
Last Time Cost: 00000028 ms
Total Time Cost: 00000233 ms
Total Distance 137: 6 5 8 4 5 8 5 4 3 5 6 4 7 6 5 5 5 7 4 4 4 6 5 5 5 6
Last Time Cost: 00000014 ms
Total Time Cost: 00000247 ms
Total Distance 133: 6 5 8 3 5 8 5 4 3 5 6 4 7 6 5 5 4 7 4 4 4 6 5 4 4 6
Last Time Cost: 00000020 ms
Total Time Cost: 00000267 ms
Total Distance 130: 6 5 7 3 5 8 5 4 3 5 6 4 7 5 5 5 4 6 4 4 4 6 5 4 4 6
Last Time Cost: 00000014 ms
Total Time Cost: 00000281 ms
Total Distance 127: 6 5 6 3 5 8 5 4 3 5 6 4 7 5 5 5 4 5 4 4 4 6 5 4 4 5
Last Time Cost: 00000012 ms
Total Time Cost: 00000293 ms
Total Distance 124: 5 5 5 3 5 8 5 4 3 5 6 4 7 5 5 5 4 5 4 4 4 6 4 4 4 5
Last Time Cost: 00000012 ms
Total Time Cost: 00000305 ms
Total Distance 121: 5 4 5 3 5 8 5 4 3 5 6 4 7 5 5 5 4 5 4 4 3 5 4 4 4 5
Last Time Cost: 00000014 ms
Total Time Cost: 00000319 ms
Total Distance 119: 5 4 5 3 5 7 5 4 3 5 6 4 6 5 5 5 4 5 4 4 3 5 4 4 4 5
Last Time Cost: 00000008 ms
Total Time Cost: 00000327 ms
Total Distance 117: 5 4 5 3 5 6 5 4 3 5 6 4 5 5 5 5 4 5 4 4 3 5 4 4 4 5
Last Time Cost: 00000004 ms
Total Time Cost: 00000331 ms
Total Distance 115: 5 4 5 3 5 6 5 4 3 5 5 4 5 5 5 5 4 5 4 4 3 5 4 4 4 4
Last Time Cost: 00000004 ms
Total Time Cost: 00000335 ms
Total Distance 113: 5 4 5 3 5 5 5 4 3 5 5 4 4 5 5 5 4 5 4 4 3 5 4 4 4 4
Last Time Cost: 00000004 ms
Total Time Cost: 00000339 ms
Total Distance 111: 5 4 5 3 5 5 4 4 3 4 5 4 4 5 5 5 4 5 4 4 3 5 4 4 4 4
Last Time Cost: 00000003 ms
Total Time Cost: 00000342 ms
Total Distance 109: 5 4 4 3 5 5 4 4 3 4 5 4 4 5 5 5 4 4 4 4 3 5 4 4 4 4
Last Time Cost: 00000003 ms
Total Time Cost: 00000345 ms
Total Distance 107: 5 4 4 3 4 5 4 4 3 4 5 4 4 5 4 5 4 4 4 4 3 5 4 4 4 4
Last Time Cost: 00000003 ms
Total Time Cost: 00000348 ms
Total Distance 105: 4 4 4 3 4 5 4 4 3 4 4 4 4 5 4 5 4 4 4 4 3 5 4 4 4 4
Last Time Cost: 00000002 ms
Total Time Cost: 00000350 ms
Total Distance 103: 4 3 4 3 4 5 4 4 3 4 4 4 4 4 4 5 4 4 4 4 3 5 4 4 4 4
Last Time Cost: 00000002 ms
Total Time Cost: 00000352 ms
Total Distance 101: 4 3 4 3 4 4 4 3 3 4 4 4 4 4 4 5 4 4 4 4 3 5 4 4 4 4
Last Time Cost: 00000002 ms
Total Time Cost: 00000354 ms
Total Distance 99: 4 3 4 3 4 4 4 3 3 4 4 4 4 4 4 4 4 4 4 3 3 5 4 4 4 4
Last Time Cost: 00000001 ms
Total Time Cost: 00000355 ms
Total Distance 97: 4 3 4 3 4 4 4 3 3 4 4 4 4 4 4 4 3 4 4 3 3 4 4 4 4 4
Last Time Cost: 00000001 ms
Total Time Cost: 00000356 ms
Total Distance 95: 3 3 4 3 4 4 4 3 3 4 4 4 4 4 4 4 3 4 3 3 3 4 4 4 4 4
Last Time Cost: 00000001 ms
Total Time Cost: 00000357 ms
Total Distance 93: 3 3 4 3 4 4 4 3 3 4 4 4 3 4 4 3 3 4 3 3 3 4 4 4 4 4
Last Time Cost: 00000001 ms
Total Time Cost: 00000358 ms
Total Distance 91: 3 3 3 3 4 4 4 3 3 4 4 4 3 4 4 3 3 4 3 3 3 4 3 4 4 4
Last Time Cost: 00000001 ms
Total Time Cost: 00000359 ms
Total Distance 89: 3 3 3 3 4 4 3 3 3 4 4 3 3 4 4 3 3 4 3 3 3 4 3 4 4 4
Last Time Cost: 00000001 ms
Total Time Cost: 00000360 ms
Total Distance 87: 3 3 3 3 4 4 3 3 3 4 4 3 3 4 4 3 2 4 3 3 3 4 3 3 4 4
Last Time Cost: 00000001 ms
Total Time Cost: 00000361 ms
Total Distance 85: 3 3 3 3 4 4 3 3 3 4 4 3 3 4 4 3 2 4 2 3 3 4 3 3 4 3
Last Time Cost: 00000001 ms
Total Time Cost: 00000362 ms
Total Distance 83: 3 3 3 3 4 4 3 2 3 4 4 3 3 4 4 3 2 4 2 3 3 4 3 3 3 3
Last Time Cost: 00000001 ms
Total Time Cost: 00000363 ms
Total Distance 81: 3 3 3 3 4 4 3 2 3 4 4 3 3 4 4 3 2 4 2 3 2 3 3 3 3 3
Last Time Cost: 00000001 ms
Total Time Cost: 00000364 ms
Total Distance 79: 3 3 3 2 4 4 3 2 3 4 4 3 3 4 4 3 2 4 2 3 2 3 3 2 3 3
Last Time Cost: 00000001 ms
Total Time Cost: 00000365 ms
Total Distance 78: 3 3 3 2 4 3 3 2 3 4 4 3 3 4 4 3 2 4 2 3 2 3 3 2 3 3
Last Time Cost: 00000001 ms
Total Time Cost: 00000366 ms
Total Distance 77: 3 3 3 2 4 3 3 2 3 4 3 3 3 4 4 3 2 4 2 3 2 3 3 2 3 3
Last Time Cost: 00000001 ms
Total Time Cost: 00000367 ms
Total Distance 76: 3 3 3 2 4 3 3 2 3 4 3 3 3 3 4 3 2 4 2 3 2 3 3 2 3 3
Last Time Cost: 00000001 ms
Total Time Cost: 00000368 ms
Total Distance 75: 3 3 3 2 4 3 3 2 3 4 3 3 3 3 3 3 2 4 2 3 2 3 3 2 3 3
Last Time Cost: 00000001 ms
Total Time Cost: 00000369 ms
Total Distance 74: 3 3 3 2 3 3 3 2 3 4 3 3 3 3 3 3 2 4 2 3 2 3 3 2 3 3
Last Time Cost: 00000001 ms
Total Time Cost: 00000370 ms
Total Distance 73: 3 3 3 2 3 3 3 2 3 4 3 3 3 3 3 3 2 3 2 3 2 3 3 2 3 3
Last Time Cost: 00000001 ms
Total Time Cost: 00000371 ms
Total Distance 72: 3 3 3 2 3 3 3 2 3 3 3 3 3 3 3 3 2 3 2 3 2 3 3 2 3 3
Last Time Cost: 00000001 ms
Total Time Cost: 00000372 ms
Total Distance 71: 3 3 3 2 3 3 2 2 3 3 3 3 3 3 3 3 2 3 2 3 2 3 3 2 3 3
Last Time Cost: 00000001 ms
Total Time Cost: 00000373 ms
Total Distance 70: 2 3 3 2 3 3 2 2 3 3 3 3 3 3 3 3 2 3 2 3 2 3 3 2 3 3
Last Time Cost: 00000001 ms
Total Time Cost: 00000374 ms
Total Distance 69: 2 3 3 2 3 3 2 2 3 3 3 2 3 3 3 3 2 3 2 3 2 3 3 2 3 3
Last Time Cost: 00000001 ms
Total Time Cost: 00000375 ms
Total Distance 68: 2 3 3 2 3 3 2 2 3 3 3 2 3 3 3 3 2 3 2 2 2 3 3 2 3 3
Last Time Cost: 00000001 ms
Total Time Cost: 00000376 ms
Total Distance 67: 2 3 3 2 3 3 2 2 3 3 3 2 3 3 3 3 2 2 2 2 2 3 3 2 3 3
Last Time Cost: 00000001 ms
Total Time Cost: 00000377 ms
Total Distance 66: 2 3 2 2 3 3 2 2 3 3 3 2 3 3 3 3 2 2 2 2 2 3 3 2 3 3
Last Time Cost: 00000001 ms
Total Time Cost: 00000378 ms
Total Distance 65: 2 3 2 2 3 3 2 2 3 3 3 2 3 3 3 3 2 2 2 2 2 3 3 2 3 2
Last Time Cost: 00000001 ms
Total Time Cost: 00000379 ms
Total Distance 64: 2 3 2 2 3 3 2 2 3 3 3 2 3 3 3 3 2 2 2 2 2 3 2 2 3 2
Last Time Cost: 00000001 ms
Total Time Cost: 00000380 ms
Total Distance 63: 2 3 2 2 3 3 2 2 2 3 3 2 3 3 3 3 2 2 2 2 2 3 2 2 3 2
Last Time Cost: 00000001 ms
Total Time Cost: 00000381 ms
Total Distance 62: 2 3 2 2 3 2 2 2 2 3 3 2 3 3 3 3 2 2 2 2 2 3 2 2 3 2
Last Time Cost: 00000001 ms
Total Time Cost: 00000382 ms
Total Distance 61: 2 3 2 2 3 2 2 2 2 3 3 2 3 2 3 3 2 2 2 2 2 3 2 2 3 2
Last Time Cost: 00000001 ms
Total Time Cost: 00000383 ms
Total Distance 60: 2 3 2 2 3 2 2 2 2 3 2 2 3 2 3 3 2 2 2 2 2 3 2 2 3 2
Last Time Cost: 00000001 ms
Total Time Cost: 00000384 ms
Total Distance 59: 2 3 2 2 3 2 2 2 2 3 2 2 3 2 3 2 2 2 2 2 2 3 2 2 3 2
Last Time Cost: 00000001 ms
Total Time Cost: 00000385 ms
Total Distance 58: 2 3 2 2 3 2 2 2 2 3 2 2 3 2 3 2 2 2 2 2 2 2 2 2 3 2
Last Time Cost: 00000001 ms
Total Time Cost: 00000386 ms
Total Distance 57: 2 3 2 2 3 2 2 2 2 3 2 2 3 2 3 2 2 2 2 2 2 2 2 2 2 2
Last Time Cost: 00000001 ms
Total Time Cost: 00000387 ms
Total Distance 56: 2 3 2 2 3 2 2 2 2 2 2 2 3 2 3 2 2 2 2 2 2 2 2 2 2 2
Last Time Cost: 00000001 ms
Total Time Cost: 00000388 ms
Total Distance 55: 2 3 2 2 3 2 2 2 2 2 2 2 2 2 3 2 2 2 2 2 2 2 2 2 2 2
Last Time Cost: 00000001 ms
Total Time Cost: 00000389 ms
Total Distance 54: 2 3 2 2 2 2 2 2 2 2 2 2 2 2 3 2 2 2 2 2 2 2 2 2 2 2
Last Time Cost: 00000001 ms
Total Time Cost: 00000390 ms
Total Distance 53: 2 2 2 2 2 2 2 2 2 2 2 2 2 2 3 2 2 2 2 2 2 2 2 2 2 2
Last Time Cost: 00000001 ms
Total Time Cost: 00000391 ms
Total Distance 52: 2 2 2 2 2 2 2 2 2 2 2 2 2 2 2 2 2 2 2 2 2 2 2 2 2 2
Last Time Cost: 00000001 ms
Total Time Cost: 00000392 ms
Total Distance 51: 2 2 2 1 2 2 2 2 2 2 2 2 2 2 2 2 2 2 2 2 2 2 2 2 2 2
Last Time Cost: 00000000 ms
Total Time Cost: 00000392 ms
Total Distance 50: 2 2 2 0 2 2 2 2 2 2 2 2 2 2 2 2 2 2 2 2 2 2 2 2 2 2
Last Time Cost: 00000001 ms
Total Time Cost: 00000393 ms
Total Distance 49: 2 2 2 0 2 1 2 2 2 2 2 2 2 2 2 2 2 2 2 2 2 2 2 2 2 2
Last Time Cost: 00000000 ms
Total Time Cost: 00000393 ms
Total Distance 48: 2 2 2 0 2 0 2 2 2 2 2 2 2 2 2 2 2 2 2 2 2 2 2 2 2 2
Last Time Cost: 00000001 ms
Total Time Cost: 00000394 ms
Total Distance 47: 2 2 2 0 2 0 2 2 2 2 2 2 2 2 2 2 2 2 2 1 2 2 2 2 2 2
Last Time Cost: 00000000 ms
Total Time Cost: 00000394 ms
Total Distance 46: 2 2 2 0 2 0 2 2 2 2 2 2 2 2 2 2 2 2 2 0 2 2 2 2 2 2
Last Time Cost: 00000001 ms
Total Time Cost: 00000395 ms
Total Distance 45: 2 2 2 0 2 0 2 2 2 2 2 2 2 2 2 2 2 2 1 0 2 2 2 2 2 2
Last Time Cost: 00000000 ms
Total Time Cost: 00000395 ms
Total Distance 44: 2 2 2 0 2 0 2 2 2 2 2 2 2 2 2 2 2 2 0 0 2 2 2 2 2 2
Last Time Cost: 00000001 ms
Total Time Cost: 00000396 ms
Total Distance 43: 2 2 2 0 2 0 2 2 2 2 2 2 2 2 2 2 2 1 0 0 2 2 2 2 2 2
Last Time Cost: 00000001 ms
Total Time Cost: 00000397 ms
Total Distance 42: 2 2 2 0 2 0 2 2 2 2 2 2 2 2 2 2 2 0 0 0 2 2 2 2 2 2
Last Time Cost: 00000002 ms
Total Time Cost: 00000399 ms
Total Distance 41: 2 2 1 0 2 0 2 2 2 2 2 2 2 2 2 2 2 0 0 0 2 2 2 2 2 2
Last Time Cost: 00000001 ms
Total Time Cost: 00000400 ms
Total Distance 40: 2 2 0 0 2 0 2 2 2 2 2 2 2 2 2 2 2 0 0 0 2 2 2 2 2 2
Last Time Cost: 00000002 ms
Total Time Cost: 00000402 ms
Total Distance 39: 2 2 0 0 2 0 2 2 2 2 2 2 2 2 2 2 2 0 0 0 2 2 1 2 2 2
Last Time Cost: 00000001 ms
Total Time Cost: 00000403 ms
Total Distance 38: 2 2 0 0 2 0 2 2 2 2 2 2 2 2 2 2 2 0 0 0 2 2 0 2 2 2
Last Time Cost: 00000001 ms
Total Time Cost: 00000404 ms
Total Distance 37: 2 2 0 0 2 0 2 2 2 2 2 1 2 2 2 2 2 0 0 0 2 2 0 2 2 2
Last Time Cost: 00000000 ms
Total Time Cost: 00000404 ms
Total Distance 36: 2 2 0 0 2 0 2 2 2 2 2 0 2 2 2 2 2 0 0 0 2 2 0 2 2 2
Last Time Cost: 00000001 ms
Total Time Cost: 00000405 ms
Total Distance 35: 2 2 0 0 2 0 2 2 2 2 2 0 2 2 2 2 2 0 0 0 2 2 0 2 1 2
Last Time Cost: 00000000 ms
Total Time Cost: 00000405 ms
Total Distance 34: 2 2 0 0 2 0 2 2 2 2 2 0 2 2 2 2 2 0 0 0 2 2 0 2 0 2
Last Time Cost: 00000001 ms
Total Time Cost: 00000406 ms
Total Distance 33: 2 2 0 0 2 0 2 2 2 2 2 0 2 2 2 2 2 0 0 0 2 2 0 1 0 2
Last Time Cost: 00000000 ms
Total Time Cost: 00000406 ms
Total Distance 32: 2 2 0 0 2 0 2 2 2 2 2 0 2 2 2 2 2 0 0 0 2 2 0 0 0 2
Last Time Cost: 00000001 ms
Total Time Cost: 00000407 ms
Total Distance 31: 2 2 0 0 2 0 2 2 2 2 2 0 2 2 2 2 2 0 0 0 2 2 0 0 0 1
Last Time Cost: 00000000 ms
Total Time Cost: 00000407 ms
Total Distance 30: 2 2 0 0 2 0 2 2 2 2 2 0 2 2 2 2 2 0 0 0 2 2 0 0 0 0
Last Time Cost: 00000001 ms
Total Time Cost: 00000408 ms
Total Distance 29: 2 2 0 0 2 0 2 2 2 2 1 0 2 2 2 2 2 0 0 0 2 2 0 0 0 0
Last Time Cost: 00000000 ms
Total Time Cost: 00000408 ms
Total Distance 28: 2 2 0 0 2 0 2 2 2 2 0 0 2 2 2 2 2 0 0 0 2 2 0 0 0 0
Last Time Cost: 00000001 ms
Total Time Cost: 00000409 ms
Total Distance 27: 2 2 0 0 2 0 2 2 2 2 0 0 2 2 2 2 1 0 0 0 2 2 0 0 0 0
Last Time Cost: 00000000 ms
Total Time Cost: 00000409 ms
Total Distance 26: 2 2 0 0 2 0 2 2 2 2 0 0 2 2 2 2 0 0 0 0 2 2 0 0 0 0
Last Time Cost: 00000001 ms
Total Time Cost: 00000410 ms
Total Distance 25: 2 2 0 0 2 0 2 2 2 2 0 0 2 2 2 1 0 0 0 0 2 2 0 0 0 0
Last Time Cost: 00000000 ms
Total Time Cost: 00000410 ms
Total Distance 24: 2 2 0 0 2 0 2 2 2 2 0 0 2 2 2 0 0 0 0 0 2 2 0 0 0 0
Last Time Cost: 00000001 ms
Total Time Cost: 00000411 ms
Total Distance 23: 2 2 0 0 2 0 2 1 2 2 0 0 2 2 2 0 0 0 0 0 2 2 0 0 0 0
Last Time Cost: 00000000 ms
Total Time Cost: 00000411 ms
Total Distance 22: 2 2 0 0 2 0 2 0 2 2 0 0 2 2 2 0 0 0 0 0 2 2 0 0 0 0
Last Time Cost: 00000001 ms
Total Time Cost: 00000412 ms
Total Distance 21: 2 2 0 0 2 0 2 0 2 2 0 0 2 2 2 0 0 0 0 0 2 1 0 0 0 0
Last Time Cost: 00000000 ms
Total Time Cost: 00000412 ms
Total Distance 20: 2 2 0 0 2 0 2 0 2 2 0 0 2 2 2 0 0 0 0 0 2 0 0 0 0 0
Last Time Cost: 00000001 ms
Total Time Cost: 00000413 ms
Total Distance 19: 2 2 0 0 2 0 2 0 1 2 0 0 2 2 2 0 0 0 0 0 2 0 0 0 0 0
Last Time Cost: 00000000 ms
Total Time Cost: 00000413 ms
Total Distance 18: 2 2 0 0 2 0 2 0 0 2 0 0 2 2 2 0 0 0 0 0 2 0 0 0 0 0
Last Time Cost: 00000001 ms
Total Time Cost: 00000414 ms
Total Distance 17: 1 2 0 0 2 0 2 0 0 2 0 0 2 2 2 0 0 0 0 0 2 0 0 0 0 0
Last Time Cost: 00000000 ms
Total Time Cost: 00000414 ms
Total Distance 16: 0 2 0 0 2 0 2 0 0 2 0 0 2 2 2 0 0 0 0 0 2 0 0 0 0 0
Last Time Cost: 00000001 ms
Total Time Cost: 00000415 ms
Total Distance 15: 0 1 0 0 2 0 2 0 0 2 0 0 2 2 2 0 0 0 0 0 2 0 0 0 0 0
Last Time Cost: 00000000 ms
Total Time Cost: 00000415 ms
Total Distance 14: 0 0 0 0 2 0 2 0 0 2 0 0 2 2 2 0 0 0 0 0 2 0 0 0 0 0
Last Time Cost: 00000001 ms
Total Time Cost: 00000416 ms
Total Distance 13: 0 0 0 0 2 0 2 0 0 2 0 0 2 2 2 0 0 0 0 0 1 0 0 0 0 0
Last Time Cost: 00000000 ms
Total Time Cost: 00000416 ms
Total Distance 12: 0 0 0 0 2 0 2 0 0 2 0 0 2 2 2 0 0 0 0 0 0 0 0 0 0 0
Last Time Cost: 00000001 ms
Total Time Cost: 00000417 ms
Total Distance 11: 0 0 0 0 2 0 1 0 0 2 0 0 2 2 2 0 0 0 0 0 0 0 0 0 0 0
Last Time Cost: 00000000 ms
Total Time Cost: 00000417 ms
Total Distance 10: 0 0 0 0 2 0 0 0 0 2 0 0 2 2 2 0 0 0 0 0 0 0 0 0 0 0
Last Time Cost: 00000001 ms
Total Time Cost: 00000418 ms
Total Distance 9: 0 0 0 0 1 0 0 0 0 2 0 0 2 2 2 0 0 0 0 0 0 0 0 0 0 0
Last Time Cost: 00000000 ms
Total Time Cost: 00000418 ms
Total Distance 8: 0 0 0 0 0 0 0 0 0 2 0 0 2 2 2 0 0 0 0 0 0 0 0 0 0 0
Last Time Cost: 00000000 ms
Total Time Cost: 00000418 ms
Total Distance 7: 0 0 0 0 0 0 0 0 0 2 0 0 1 2 2 0 0 0 0 0 0 0 0 0 0 0
Last Time Cost: 00000000 ms
Total Time Cost: 00000418 ms
Total Distance 6: 0 0 0 0 0 0 0 0 0 2 0 0 0 2 2 0 0 0 0 0 0 0 0 0 0 0
Last Time Cost: 00000000 ms
Total Time Cost: 00000418 ms
Total Distance 5: 0 0 0 0 0 0 0 0 0 2 0 0 0 2 1 0 0 0 0 0 0 0 0 0 0 0
Last Time Cost: 00000000 ms
Total Time Cost: 00000418 ms
Total Distance 4: 0 0 0 0 0 0 0 0 0 2 0 0 0 2 0 0 0 0 0 0 0 0 0 0 0 0
Last Time Cost: 00000001 ms
Total Time Cost: 00000419 ms
Total Distance 3: 0 0 0 0 0 0 0 0 0 1 0 0 0 2 0 0 0 0 0 0 0 0 0 0 0 0
Last Time Cost: 00000000 ms
Total Time Cost: 00000419 ms
Total Distance 2: 0 0 0 0 0 0 0 0 0 0 0 0 0 2 0 0 0 0 0 0 0 0 0 0 0 0
Last Time Cost: 00000000 ms
Total Time Cost: 00000419 ms
Total Distance 1: 0 0 0 0 0 0 0 0 0 0 0 0 0 1 0 0 0 0 0 0 0 0 0 0 0 0
Last Time Cost: 00000000 ms
Total Time Cost: 00000419 ms
Total Distance 0: 0 0 0 0 0 0 0 0 0 0 0 0 0 0 0 0 0 0 0 0 0 0 0 0 0 0
