Last Time Cost: 00000000 ms
Total Time Cost: 00000000 ms
Total Distance 264: 12 12 12 12 12 12 10 10 10 10 10 10 11 11 11 11 11 11 11 11 11 11 11 11
Last Time Cost: 00000109 ms
Total Time Cost: 00000109 ms
Total Distance 252: 12 12 12 12 11 11 9 9 10 10 9 10 10 11 10 11 10 10 10 11 11 10 11 10
Last Time Cost: 00000085 ms
Total Time Cost: 00000194 ms
Total Distance 241: 11 11 11 11 11 10 9 9 10 9 9 10 10 11 10 11 9 10 9 10 11 9 10 10
Last Time Cost: 00000099 ms
Total Time Cost: 00000293 ms
Total Distance 232: 11 10 11 10 11 10 8 9 10 9 9 9 10 10 9 11 9 10 9 10 10 8 10 9
Last Time Cost: 00000086 ms
Total Time Cost: 00000379 ms
Total Distance 223: 11 9 11 9 11 9 7 9 10 8 9 9 9 10 9 10 9 10 9 10 10 7 10 8
Last Time Cost: 00000097 ms
Total Time Cost: 00000476 ms
Total Distance 215: 10 9 10 9 11 9 7 9 9 8 9 8 9 10 9 9 9 10 9 9 9 7 9 8
Last Time Cost: 00000078 ms
Total Time Cost: 00000554 ms
Total Distance 207: 10 8 9 9 11 9 7 9 8 7 9 8 9 10 8 9 8 9 9 9 9 7 9 7
Last Time Cost: 00000085 ms
Total Time Cost: 00000639 ms
Total Distance 199: 10 8 9 9 10 8 6 9 8 7 8 8 9 10 7 9 7 9 8 9 9 7 9 6
Last Time Cost: 00000070 ms
Total Time Cost: 00000709 ms
Total Distance 192: 10 8 9 9 9 8 6 8 8 7 7 8 9 9 7 9 7 8 8 9 8 7 8 6
Last Time Cost: 00000066 ms
Total Time Cost: 00000775 ms
Total Distance 186: 9 8 8 9 9 8 6 8 8 7 7 7 9 9 7 8 7 8 8 8 8 7 7 6
Last Time Cost: 00000056 ms
Total Time Cost: 00000831 ms
Total Distance 180: 8 8 8 9 9 8 6 8 8 7 7 7 8 8 7 7 7 8 7 8 8 6 7 6
Last Time Cost: 00000037 ms
Total Time Cost: 00000868 ms
Total Distance 174: 8 8 8 9 8 7 6 8 8 7 6 6 8 8 7 7 7 7 7 8 7 6 7 6
Last Time Cost: 00000036 ms
Total Time Cost: 00000904 ms
Total Distance 168: 8 8 7 8 8 6 6 8 8 6 6 6 8 8 7 7 7 7 6 8 7 6 6 6
Last Time Cost: 00000025 ms
Total Time Cost: 00000929 ms
Total Distance 163: 8 8 7 8 7 6 6 7 7 6 6 6 8 7 7 7 7 6 6 8 7 6 6 6
Last Time Cost: 00000026 ms
Total Time Cost: 00000955 ms
Total Distance 158: 8 8 7 8 6 6 6 6 7 6 6 6 8 6 7 7 7 5 6 8 6 6 6 6
Last Time Cost: 00000025 ms
Total Time Cost: 00000980 ms
Total Distance 153: 8 7 7 7 6 6 5 6 7 6 6 6 8 6 7 7 7 5 6 8 6 5 6 5
Last Time Cost: 00000028 ms
Total Time Cost: 00001008 ms
Total Distance 149: 8 7 6 6 6 6 5 6 6 6 6 6 8 6 7 7 7 5 6 7 6 5 6 5
Last Time Cost: 00000025 ms
Total Time Cost: 00001033 ms
Total Distance 145: 7 7 6 6 6 6 5 6 6 6 6 6 8 5 7 6 7 5 5 7 6 5 6 5
Last Time Cost: 00000022 ms
Total Time Cost: 00001055 ms
Total Distance 142: 7 6 6 6 6 6 5 6 6 6 6 6 7 5 7 6 6 5 5 7 6 5 6 5
Last Time Cost: 00000016 ms
Total Time Cost: 00001071 ms
Total Distance 139: 7 6 5 6 6 6 5 6 5 6 6 6 7 5 6 6 6 5 5 7 6 5 6 5
Last Time Cost: 00000015 ms
Total Time Cost: 00001086 ms
Total Distance 136: 7 6 5 6 6 6 5 6 5 6 6 6 7 5 6 6 6 5 5 6 5 5 5 5
Last Time Cost: 00000014 ms
Total Time Cost: 00001100 ms
Total Distance 133: 7 6 5 6 6 5 5 6 5 6 5 5 7 5 6 6 6 5 5 6 5 5 5 5
Last Time Cost: 00000014 ms
Total Time Cost: 00001114 ms
Total Distance 130: 6 6 5 6 6 5 5 6 5 6 5 5 7 5 6 6 5 5 5 6 5 4 5 5
Last Time Cost: 00000012 ms
Total Time Cost: 00001126 ms
Total Distance 127: 6 5 5 6 5 5 4 6 5 6 5 5 7 5 6 6 5 5 5 6 5 4 5 5
Last Time Cost: 00000013 ms
Total Time Cost: 00001139 ms
Total Distance 124: 6 5 5 5 5 5 4 6 5 6 4 5 7 5 6 6 5 5 5 5 5 4 5 5
Last Time Cost: 00000012 ms
Total Time Cost: 00001151 ms
Total Distance 121: 6 5 4 5 5 5 4 6 4 5 4 5 7 5 6 6 5 5 5 5 5 4 5 5
Last Time Cost: 00000013 ms
Total Time Cost: 00001164 ms
Total Distance 118: 6 5 4 5 5 5 3 6 4 5 4 5 6 5 6 6 5 5 5 5 5 3 5 5
Last Time Cost: 00000008 ms
Total Time Cost: 00001172 ms
Total Distance 115: 6 5 4 5 4 5 3 6 4 5 4 5 6 5 6 6 5 4 5 5 4 3 5 5
Last Time Cost: 00000006 ms
Total Time Cost: 00001178 ms
Total Distance 113: 5 5 4 5 4 5 3 6 4 5 4 5 6 5 6 5 5 4 5 5 4 3 5 5
Last Time Cost: 00000007 ms
Total Time Cost: 00001185 ms
Total Distance 111: 5 5 4 5 4 5 3 5 4 5 4 5 5 5 6 5 5 4 5 5 4 3 5 5
Last Time Cost: 00000007 ms
Total Time Cost: 00001192 ms
Total Distance 109: 5 5 4 5 4 5 3 5 4 5 4 5 5 5 5 5 5 4 5 5 4 3 5 4
Last Time Cost: 00000011 ms
Total Time Cost: 00001203 ms
Total Distance 107: 5 5 4 5 4 5 3 5 4 5 4 5 5 4 5 5 5 4 4 5 4 3 5 4
Last Time Cost: 00000005 ms
Total Time Cost: 00001208 ms
Total Distance 105: 5 4 4 5 4 5 3 5 4 5 4 5 5 4 5 5 4 4 4 5 4 3 5 4
Last Time Cost: 00000005 ms
Total Time Cost: 00001213 ms
Total Distance 103: 4 4 4 5 4 5 3 5 4 4 4 5 5 4 5 5 4 4 4 5 4 3 5 4
Last Time Cost: 00000005 ms
Total Time Cost: 00001218 ms
Total Distance 101: 4 4 4 4 4 5 3 4 4 4 4 5 5 4 5 5 4 4 4 5 4 3 5 4
Last Time Cost: 00000004 ms
Total Time Cost: 00001222 ms
Total Distance 99: 4 4 4 4 4 5 3 4 4 4 4 5 5 4 5 5 4 3 4 5 4 3 4 4
Last Time Cost: 00000004 ms
Total Time Cost: 00001226 ms
Total Distance 97: 4 4 4 4 4 5 3 4 4 4 3 5 5 4 5 5 4 3 4 4 4 3 4 4
Last Time Cost: 00000004 ms
Total Time Cost: 00001230 ms
Total Distance 95: 4 4 4 4 4 5 3 4 4 4 3 4 5 4 5 5 4 3 4 4 3 3 4 4
Last Time Cost: 00000003 ms
Total Time Cost: 00001233 ms
Total Distance 93: 4 4 4 4 4 5 3 3 4 4 3 4 5 4 5 5 4 3 4 3 3 3 4 4
Last Time Cost: 00000003 ms
Total Time Cost: 00001236 ms
Total Distance 91: 4 4 4 4 4 5 3 3 4 4 3 4 5 4 5 4 4 3 4 3 3 3 4 3
Last Time Cost: 00000003 ms
Total Time Cost: 00001239 ms
Total Distance 89: 4 4 4 4 4 5 2 3 4 4 3 3 5 4 5 4 4 3 4 3 3 3 4 3
Last Time Cost: 00000003 ms
Total Time Cost: 00001242 ms
Total Distance 88: 4 4 4 4 4 5 2 3 4 4 3 3 4 4 5 4 4 3 4 3 3 3 4 3
Last Time Cost: 00000003 ms
Total Time Cost: 00001245 ms
Total Distance 87: 4 4 4 4 4 4 2 3 4 4 3 3 4 4 5 4 4 3 4 3 3 3 4 3
Last Time Cost: 00000002 ms
Total Time Cost: 00001247 ms
Total Distance 86: 4 4 4 4 4 4 2 3 4 4 3 3 4 4 4 4 4 3 4 3 3 3 4 3
Last Time Cost: 00000001 ms
Total Time Cost: 00001248 ms
Total Distance 85: 4 4 4 4 4 4 2 3 3 4 3 3 4 4 4 4 4 3 4 3 3 3 4 3
Last Time Cost: 00000001 ms
Total Time Cost: 00001249 ms
Total Distance 84: 4 4 4 3 4 4 2 3 3 4 3 3 4 4 4 4 4 3 4 3 3 3 4 3
Last Time Cost: 00000001 ms
Total Time Cost: 00001250 ms
Total Distance 83: 4 4 4 3 4 4 2 3 3 4 3 3 4 4 4 4 4 3 3 3 3 3 4 3
Last Time Cost: 00000001 ms
Total Time Cost: 00001251 ms
Total Distance 82: 4 3 4 3 4 4 2 3 3 4 3 3 4 4 4 4 4 3 3 3 3 3 4 3
Last Time Cost: 00000001 ms
Total Time Cost: 00001252 ms
Total Distance 81: 4 3 4 3 4 4 2 3 3 4 3 3 4 4 4 4 3 3 3 3 3 3 4 3
Last Time Cost: 00000001 ms
Total Time Cost: 00001253 ms
Total Distance 80: 4 3 4 3 4 4 2 3 3 4 3 3 4 3 4 4 3 3 3 3 3 3 4 3
Last Time Cost: 00000002 ms
Total Time Cost: 00001255 ms
Total Distance 79: 4 3 4 3 4 4 2 3 3 4 3 3 4 3 4 3 3 3 3 3 3 3 4 3
Last Time Cost: 00000001 ms
Total Time Cost: 00001256 ms
Total Distance 78: 4 3 3 3 4 4 2 3 3 4 3 3 4 3 4 3 3 3 3 3 3 3 4 3
Last Time Cost: 00000001 ms
Total Time Cost: 00001257 ms
Total Distance 77: 4 3 3 3 4 4 2 3 3 4 3 3 4 3 4 3 3 3 3 3 3 3 3 3
Last Time Cost: 00000001 ms
Total Time Cost: 00001258 ms
Total Distance 76: 4 3 3 3 4 3 2 3 3 4 3 3 4 3 4 3 3 3 3 3 3 3 3 3
Last Time Cost: 00000001 ms
Total Time Cost: 00001259 ms
Total Distance 75: 4 3 3 3 4 3 2 3 3 3 3 3 4 3 4 3 3 3 3 3 3 3 3 3
Last Time Cost: 00000001 ms
Total Time Cost: 00001260 ms
Total Distance 74: 4 3 3 3 4 3 2 3 3 3 3 3 3 3 4 3 3 3 3 3 3 3 3 3
Last Time Cost: 00000001 ms
Total Time Cost: 00001261 ms
Total Distance 73: 3 3 3 3 4 3 2 3 3 3 3 3 3 3 4 3 3 3 3 3 3 3 3 3
Last Time Cost: 00000001 ms
Total Time Cost: 00001262 ms
Total Distance 72: 3 3 3 3 4 3 2 3 3 3 3 3 3 3 3 3 3 3 3 3 3 3 3 3
Last Time Cost: 00000001 ms
Total Time Cost: 00001263 ms
Total Distance 71: 3 3 3 3 3 3 2 3 3 3 3 3 3 3 3 3 3 3 3 3 3 3 3 3
Last Time Cost: 00000001 ms
Total Time Cost: 00001264 ms
Total Distance 70: 3 3 3 3 3 3 2 3 3 3 3 2 3 3 3 3 3 3 3 3 3 3 3 3
Last Time Cost: 00000002 ms
Total Time Cost: 00001266 ms
Total Distance 69: 3 3 3 3 3 3 2 3 3 3 2 2 3 3 3 3 3 3 3 3 3 3 3 3
Last Time Cost: 00000001 ms
Total Time Cost: 00001267 ms
Total Distance 68: 3 3 3 3 3 3 2 3 3 3 2 2 3 3 3 2 3 3 3 3 3 3 3 3
Last Time Cost: 00000001 ms
Total Time Cost: 00001268 ms
Total Distance 67: 3 3 3 3 3 3 2 3 3 3 2 2 3 3 2 2 3 3 3 3 3 3 3 3
Last Time Cost: 00000001 ms
Total Time Cost: 00001269 ms
Total Distance 66: 3 2 3 3 3 3 2 3 3 3 2 2 3 3 2 2 3 3 3 3 3 3 3 3
Last Time Cost: 00000001 ms
Total Time Cost: 00001270 ms
Total Distance 65: 3 2 3 3 3 3 2 3 3 3 2 2 3 3 2 2 3 3 3 2 3 3 3 3
Last Time Cost: 00000001 ms
Total Time Cost: 00001271 ms
Total Distance 64: 3 2 3 3 3 3 2 3 3 3 2 2 2 3 2 2 3 3 3 2 3 3 3 3
Last Time Cost: 00000001 ms
Total Time Cost: 00001272 ms
Total Distance 63: 3 2 3 3 3 3 2 3 3 3 2 2 2 3 2 2 3 3 3 2 3 3 2 3
Last Time Cost: 00000001 ms
Total Time Cost: 00001273 ms
Total Distance 62: 3 2 3 3 3 3 2 3 3 2 2 2 2 3 2 2 3 3 3 2 3 3 2 3
Last Time Cost: 00000001 ms
Total Time Cost: 00001274 ms
Total Distance 61: 3 2 2 3 3 3 2 3 3 2 2 2 2 3 2 2 3 3 3 2 3 3 2 3
Last Time Cost: 00000002 ms
Total Time Cost: 00001276 ms
Total Distance 60: 3 2 2 3 3 3 2 2 3 2 2 2 2 3 2 2 3 3 3 2 3 3 2 3
Last Time Cost: 00000001 ms
Total Time Cost: 00001277 ms
Total Distance 59: 3 2 2 3 3 3 2 2 3 2 2 2 2 3 2 2 2 3 3 2 3 3 2 3
Last Time Cost: 00000001 ms
Total Time Cost: 00001278 ms
Total Distance 58: 3 2 2 3 3 3 2 2 3 2 2 2 2 2 2 2 2 3 3 2 3 3 2 3
Last Time Cost: 00000001 ms
Total Time Cost: 00001279 ms
Total Distance 57: 3 2 2 3 3 3 2 2 3 2 2 2 2 2 2 2 2 3 3 2 3 3 2 2
Last Time Cost: 00000001 ms
Total Time Cost: 00001280 ms
Total Distance 56: 3 2 2 3 3 3 2 2 3 2 2 2 2 2 2 2 2 3 2 2 3 3 2 2
Last Time Cost: 00000001 ms
Total Time Cost: 00001281 ms
Total Distance 55: 3 2 2 3 3 3 2 2 2 2 2 2 2 2 2 2 2 3 2 2 3 3 2 2
Last Time Cost: 00000001 ms
Total Time Cost: 00001282 ms
Total Distance 54: 3 2 2 3 3 3 2 2 2 2 2 2 2 2 2 2 2 2 2 2 3 3 2 2
Last Time Cost: 00000001 ms
Total Time Cost: 00001283 ms
Total Distance 53: 3 2 2 3 3 2 2 2 2 2 2 2 2 2 2 2 2 2 2 2 3 3 2 2
Last Time Cost: 00000001 ms
Total Time Cost: 00001284 ms
Total Distance 52: 2 2 2 3 3 2 2 2 2 2 2 2 2 2 2 2 2 2 2 2 3 3 2 2
Last Time Cost: 00000002 ms
Total Time Cost: 00001286 ms
Total Distance 51: 2 2 2 3 3 2 2 2 2 2 2 2 2 2 2 2 2 2 2 2 3 2 2 2
Last Time Cost: 00000001 ms
Total Time Cost: 00001287 ms
Total Distance 50: 2 2 2 2 3 2 2 2 2 2 2 2 2 2 2 2 2 2 2 2 3 2 2 2
Last Time Cost: 00000001 ms
Total Time Cost: 00001288 ms
Total Distance 49: 2 2 2 2 3 2 2 2 2 2 2 2 2 2 2 2 2 2 2 2 2 2 2 2
Last Time Cost: 00000001 ms
Total Time Cost: 00001289 ms
Total Distance 48: 2 2 2 2 2 2 2 2 2 2 2 2 2 2 2 2 2 2 2 2 2 2 2 2
Last Time Cost: 00000001 ms
Total Time Cost: 00001290 ms
Total Distance 47: 2 2 2 2 2 2 2 2 2 2 2 2 2 2 2 2 2 2 2 2 1 2 2 2
Last Time Cost: 00000000 ms
Total Time Cost: 00001290 ms
Total Distance 46: 2 2 2 2 2 2 2 2 2 2 2 2 2 2 2 2 2 2 2 2 0 2 2 2
Last Time Cost: 00000001 ms
Total Time Cost: 00001291 ms
Total Distance 45: 2 2 2 2 2 2 2 2 2 2 2 2 2 2 2 1 2 2 2 2 0 2 2 2
Last Time Cost: 00000000 ms
Total Time Cost: 00001291 ms
Total Distance 44: 2 2 2 2 2 2 2 2 2 2 2 2 2 2 2 0 2 2 2 2 0 2 2 2
Last Time Cost: 00000001 ms
Total Time Cost: 00001292 ms
Total Distance 43: 2 2 2 2 2 2 2 2 2 2 2 2 2 1 2 0 2 2 2 2 0 2 2 2
Last Time Cost: 00000000 ms
Total Time Cost: 00001292 ms
Total Distance 42: 2 2 2 2 2 2 2 2 2 2 2 2 2 0 2 0 2 2 2 2 0 2 2 2
Last Time Cost: 00000001 ms
Total Time Cost: 00001293 ms
Total Distance 41: 2 2 2 2 2 2 1 2 2 2 2 2 2 0 2 0 2 2 2 2 0 2 2 2
Last Time Cost: 00000000 ms
Total Time Cost: 00001293 ms
Total Distance 40: 2 2 2 2 2 2 0 2 2 2 2 2 2 0 2 0 2 2 2 2 0 2 2 2
Last Time Cost: 00000001 ms
Total Time Cost: 00001294 ms
Total Distance 39: 2 2 2 2 2 2 0 2 2 2 1 2 2 0 2 0 2 2 2 2 0 2 2 2
Last Time Cost: 00000000 ms
Total Time Cost: 00001294 ms
Total Distance 38: 2 2 2 2 2 2 0 2 2 2 0 2 2 0 2 0 2 2 2 2 0 2 2 2
Last Time Cost: 00000001 ms
Total Time Cost: 00001295 ms
Total Distance 37: 2 2 2 2 1 2 0 2 2 2 0 2 2 0 2 0 2 2 2 2 0 2 2 2
Last Time Cost: 00000000 ms
Total Time Cost: 00001295 ms
Total Distance 36: 2 2 2 2 0 2 0 2 2 2 0 2 2 0 2 0 2 2 2 2 0 2 2 2
Last Time Cost: 00000001 ms
Total Time Cost: 00001296 ms
Total Distance 35: 2 2 2 2 0 2 0 2 2 2 0 2 2 0 1 0 2 2 2 2 0 2 2 2
Last Time Cost: 00000000 ms
Total Time Cost: 00001296 ms
Total Distance 34: 2 2 2 2 0 2 0 2 2 2 0 2 2 0 0 0 2 2 2 2 0 2 2 2
Last Time Cost: 00000001 ms
Total Time Cost: 00001297 ms
Total Distance 33: 2 2 2 2 0 2 0 2 2 2 0 1 2 0 0 0 2 2 2 2 0 2 2 2
Last Time Cost: 00000000 ms
Total Time Cost: 00001297 ms
Total Distance 32: 2 2 2 2 0 2 0 2 2 2 0 0 2 0 0 0 2 2 2 2 0 2 2 2
Last Time Cost: 00000001 ms
Total Time Cost: 00001298 ms
Total Distance 31: 2 2 2 2 0 2 0 1 2 2 0 0 2 0 0 0 2 2 2 2 0 2 2 2
Last Time Cost: 00000000 ms
Total Time Cost: 00001298 ms
Total Distance 30: 2 2 2 2 0 2 0 0 2 2 0 0 2 0 0 0 2 2 2 2 0 2 2 2
Last Time Cost: 00000001 ms
Total Time Cost: 00001299 ms
Total Distance 29: 2 2 2 2 0 2 0 0 2 2 0 0 2 0 0 0 2 2 2 2 0 2 2 1
Last Time Cost: 00000000 ms
Total Time Cost: 00001299 ms
Total Distance 28: 2 2 2 2 0 2 0 0 2 2 0 0 2 0 0 0 2 2 2 2 0 2 2 0
Last Time Cost: 00000001 ms
Total Time Cost: 00001300 ms
Total Distance 27: 2 2 2 2 0 2 0 0 1 2 0 0 2 0 0 0 2 2 2 2 0 2 2 0
Last Time Cost: 00000000 ms
Total Time Cost: 00001300 ms
Total Distance 26: 2 2 2 2 0 2 0 0 0 2 0 0 2 0 0 0 2 2 2 2 0 2 2 0
Last Time Cost: 00000001 ms
Total Time Cost: 00001301 ms
Total Distance 25: 2 2 2 2 0 2 0 0 0 2 0 0 2 0 0 0 1 2 2 2 0 2 2 0
Last Time Cost: 00000000 ms
Total Time Cost: 00001301 ms
Total Distance 24: 2 2 2 2 0 2 0 0 0 2 0 0 2 0 0 0 0 2 2 2 0 2 2 0
Last Time Cost: 00000001 ms
Total Time Cost: 00001302 ms
Total Distance 23: 2 2 2 2 0 2 0 0 0 2 0 0 2 0 0 0 0 2 1 2 0 2 2 0
Last Time Cost: 00000000 ms
Total Time Cost: 00001302 ms
Total Distance 22: 2 2 2 2 0 2 0 0 0 2 0 0 2 0 0 0 0 2 0 2 0 2 2 0
Last Time Cost: 00000001 ms
Total Time Cost: 00001303 ms
Total Distance 21: 2 2 2 2 0 2 0 0 0 2 0 0 2 0 0 0 0 2 0 2 0 2 1 0
Last Time Cost: 00000000 ms
Total Time Cost: 00001303 ms
Total Distance 20: 2 2 2 2 0 2 0 0 0 2 0 0 2 0 0 0 0 2 0 2 0 2 0 0
Last Time Cost: 00000001 ms
Total Time Cost: 00001304 ms
Total Distance 19: 2 2 2 2 0 2 0 0 0 2 0 0 2 0 0 0 0 2 0 1 0 2 0 0
Last Time Cost: 00000000 ms
Total Time Cost: 00001304 ms
Total Distance 18: 2 2 2 2 0 2 0 0 0 2 0 0 2 0 0 0 0 2 0 0 0 2 0 0
Last Time Cost: 00000001 ms
Total Time Cost: 00001305 ms
Total Distance 17: 1 2 2 2 0 2 0 0 0 2 0 0 2 0 0 0 0 2 0 0 0 2 0 0
Last Time Cost: 00000000 ms
Total Time Cost: 00001305 ms
Total Distance 16: 0 2 2 2 0 2 0 0 0 2 0 0 2 0 0 0 0 2 0 0 0 2 0 0
Last Time Cost: 00000001 ms
Total Time Cost: 00001306 ms
Total Distance 15: 0 2 2 2 0 2 0 0 0 2 0 0 2 0 0 0 0 2 0 0 0 1 0 0
Last Time Cost: 00000000 ms
Total Time Cost: 00001306 ms
Total Distance 14: 0 2 2 2 0 2 0 0 0 2 0 0 2 0 0 0 0 2 0 0 0 0 0 0
Last Time Cost: 00000001 ms
Total Time Cost: 00001307 ms
Total Distance 13: 0 2 2 1 0 2 0 0 0 2 0 0 2 0 0 0 0 2 0 0 0 0 0 0
Last Time Cost: 00000001 ms
Total Time Cost: 00001308 ms
Total Distance 12: 0 2 2 0 0 2 0 0 0 2 0 0 2 0 0 0 0 2 0 0 0 0 0 0
Last Time Cost: 00000001 ms
Total Time Cost: 00001309 ms
Total Distance 11: 0 2 2 0 0 2 0 0 0 2 0 0 1 0 0 0 0 2 0 0 0 0 0 0
Last Time Cost: 00000000 ms
Total Time Cost: 00001309 ms
Total Distance 10: 0 2 2 0 0 2 0 0 0 2 0 0 0 0 0 0 0 2 0 0 0 0 0 0
Last Time Cost: 00000001 ms
Total Time Cost: 00001310 ms
Total Distance 9: 0 2 2 0 0 2 0 0 0 1 0 0 0 0 0 0 0 2 0 0 0 0 0 0
Last Time Cost: 00000001 ms
Total Time Cost: 00001311 ms
Total Distance 8: 0 2 2 0 0 2 0 0 0 0 0 0 0 0 0 0 0 2 0 0 0 0 0 0
Last Time Cost: 00000001 ms
Total Time Cost: 00001312 ms
Total Distance 7: 0 2 2 0 0 1 0 0 0 0 0 0 0 0 0 0 0 2 0 0 0 0 0 0
Last Time Cost: 00000001 ms
Total Time Cost: 00001313 ms
Total Distance 6: 0 2 2 0 0 0 0 0 0 0 0 0 0 0 0 0 0 2 0 0 0 0 0 0
Last Time Cost: 00000002 ms
Total Time Cost: 00001315 ms
Total Distance 5: 0 2 1 0 0 0 0 0 0 0 0 0 0 0 0 0 0 2 0 0 0 0 0 0
Last Time Cost: 00000001 ms
Total Time Cost: 00001316 ms
Total Distance 4: 0 2 0 0 0 0 0 0 0 0 0 0 0 0 0 0 0 2 0 0 0 0 0 0
Last Time Cost: 00000002 ms
Total Time Cost: 00001318 ms
Total Distance 3: 0 2 0 0 0 0 0 0 0 0 0 0 0 0 0 0 0 1 0 0 0 0 0 0
Last Time Cost: 00000000 ms
Total Time Cost: 00001318 ms
Total Distance 2: 0 2 0 0 0 0 0 0 0 0 0 0 0 0 0 0 0 0 0 0 0 0 0 0
Last Time Cost: 00000000 ms
Total Time Cost: 00001318 ms
Total Distance 1: 0 1 0 0 0 0 0 0 0 0 0 0 0 0 0 0 0 0 0 0 0 0 0 0
Last Time Cost: 00000000 ms
Total Time Cost: 00001318 ms
Total Distance 0: 0 0 0 0 0 0 0 0 0 0 0 0 0 0 0 0 0 0 0 0 0 0 0 0
