Last Time Cost: 00000000 ms
Total Time Cost: 00000000 ms
Total Distance 126: 8 8 8 8 6 6 6 6 7 7 7 7 7 7 7 7 7 7
Last Time Cost: 00000005 ms
Total Time Cost: 00000005 ms
Total Distance 118: 8 8 7 7 6 6 6 6 7 6 6 6 6 6 6 7 7 7
Last Time Cost: 00000005 ms
Total Time Cost: 00000010 ms
Total Distance 110: 7 8 6 6 6 6 6 5 7 5 5 6 5 5 6 7 7 7
Last Time Cost: 00000004 ms
Total Time Cost: 00000014 ms
Total Distance 104: 7 7 6 5 6 6 6 5 6 5 5 6 5 5 5 6 7 6
Last Time Cost: 00000001 ms
Total Time Cost: 00000015 ms
Total Distance 98: 7 6 6 5 6 6 5 4 6 5 4 6 4 5 5 5 7 6
Last Time Cost: 00000001 ms
Total Time Cost: 00000016 ms
Total Distance 92: 7 6 5 4 6 6 5 4 6 4 3 6 3 4 5 5 7 6
Last Time Cost: 00000001 ms
Total Time Cost: 00000017 ms
Total Distance 87: 6 6 4 4 5 6 4 4 6 4 3 6 3 3 5 5 7 6
Last Time Cost: 00000002 ms
Total Time Cost: 00000019 ms
Total Distance 83: 5 5 4 4 5 6 4 4 6 4 3 5 3 3 5 5 7 5
Last Time Cost: 00000002 ms
Total Time Cost: 00000021 ms
Total Distance 79: 5 4 4 4 5 6 4 4 6 4 3 4 3 2 5 5 6 5
Last Time Cost: 00000001 ms
Total Time Cost: 00000022 ms
Total Distance 75: 5 3 4 3 5 6 4 4 5 4 3 4 3 2 4 5 6 5
Last Time Cost: 00000001 ms
Total Time Cost: 00000023 ms
Total Distance 72: 5 3 4 3 5 5 4 4 5 4 3 4 3 2 4 4 5 5
Last Time Cost: 00000001 ms
Total Time Cost: 00000024 ms
Total Distance 69: 4 3 4 3 5 5 4 4 5 4 3 3 3 2 4 4 5 4
Last Time Cost: 00000001 ms
Total Time Cost: 00000025 ms
Total Distance 66: 4 3 4 3 4 5 3 4 5 4 3 3 2 2 4 4 5 4
Last Time Cost: 00000001 ms
Total Time Cost: 00000026 ms
Total Distance 63: 4 3 4 2 4 4 3 4 5 3 3 3 2 2 4 4 5 4
Last Time Cost: 00000001 ms
Total Time Cost: 00000027 ms
Total Distance 61: 4 3 4 2 4 4 3 4 4 3 3 3 2 2 4 4 4 4
Last Time Cost: 00000001 ms
Total Time Cost: 00000028 ms
Total Distance 59: 4 3 4 2 4 4 3 4 3 3 3 3 2 2 4 4 4 3
Last Time Cost: 00000001 ms
Total Time Cost: 00000029 ms
Total Distance 56: 3 3 4 2 4 3 3 4 3 3 3 3 2 2 4 4 3 3
Last Time Cost: 00000001 ms
Total Time Cost: 00000030 ms
Total Distance 54: 3 3 4 2 4 3 3 3 3 3 3 3 2 2 4 3 3 3
Last Time Cost: 00000001 ms
Total Time Cost: 00000031 ms
Total Distance 52: 3 3 3 2 3 3 3 3 3 3 3 3 2 2 4 3 3 3
Last Time Cost: 00000001 ms
Total Time Cost: 00000032 ms
Total Distance 50: 3 2 3 2 3 3 3 3 3 3 3 3 2 2 3 3 3 3
Last Time Cost: 00000000 ms
Total Time Cost: 00000032 ms
Total Distance 48: 2 2 3 2 3 3 3 3 3 3 3 3 2 2 3 3 3 2
Last Time Cost: 00000000 ms
Total Time Cost: 00000032 ms
Total Distance 46: 2 2 3 2 3 2 3 2 3 3 3 3 2 2 3 3 3 2
Last Time Cost: 00000000 ms
Total Time Cost: 00000032 ms
Total Distance 44: 2 2 2 2 3 2 3 2 3 3 2 3 2 2 3 3 3 2
Last Time Cost: 00000000 ms
Total Time Cost: 00000032 ms
Total Distance 42: 2 2 2 2 3 2 3 2 2 3 2 3 2 2 3 2 3 2
Last Time Cost: 00000000 ms
Total Time Cost: 00000032 ms
Total Distance 40: 2 2 2 2 3 2 2 2 2 3 2 3 1 2 3 2 3 2
Last Time Cost: 00000000 ms
Total Time Cost: 00000032 ms
Total Distance 39: 2 2 2 2 3 2 2 2 2 3 2 3 0 2 3 2 3 2
Last Time Cost: 00000000 ms
Total Time Cost: 00000032 ms
Total Distance 37: 2 2 2 1 3 2 2 2 2 2 2 3 0 2 3 2 3 2
Last Time Cost: 00000000 ms
Total Time Cost: 00000032 ms
Total Distance 36: 2 2 2 0 3 2 2 2 2 2 2 3 0 2 3 2 3 2
Last Time Cost: 00000000 ms
Total Time Cost: 00000032 ms
Total Distance 34: 1 2 2 0 3 2 2 2 2 2 2 3 0 2 3 2 2 2
Last Time Cost: 00000000 ms
Total Time Cost: 00000032 ms
Total Distance 33: 0 2 2 0 3 2 2 2 2 2 2 3 0 2 3 2 2 2
Last Time Cost: 00000000 ms
Total Time Cost: 00000032 ms
Total Distance 32: 0 2 2 0 3 2 2 2 2 2 2 2 0 2 3 2 2 2
Last Time Cost: 00000001 ms
Total Time Cost: 00000033 ms
Total Distance 31: 0 2 2 0 3 2 2 2 2 2 2 2 0 2 2 2 2 2
Last Time Cost: 00000000 ms
Total Time Cost: 00000033 ms
Total Distance 30: 0 2 2 0 2 2 2 2 2 2 2 2 0 2 2 2 2 2
Last Time Cost: 00000000 ms
Total Time Cost: 00000033 ms
Total Distance 29: 0 2 2 0 2 2 2 2 2 2 2 2 0 2 1 2 2 2
Last Time Cost: 00000000 ms
Total Time Cost: 00000033 ms
Total Distance 28: 0 2 2 0 2 2 2 2 2 2 2 2 0 2 0 2 2 2
Last Time Cost: 00000000 ms
Total Time Cost: 00000033 ms
Total Distance 27: 0 2 2 0 2 1 2 2 2 2 2 2 0 2 0 2 2 2
Last Time Cost: 00000000 ms
Total Time Cost: 00000033 ms
Total Distance 26: 0 2 2 0 2 0 2 2 2 2 2 2 0 2 0 2 2 2
Last Time Cost: 00000000 ms
Total Time Cost: 00000033 ms
Total Distance 25: 0 2 2 0 2 0 2 2 2 2 2 2 0 2 0 2 1 2
Last Time Cost: 00000000 ms
Total Time Cost: 00000033 ms
Total Distance 24: 0 2 2 0 2 0 2 2 2 2 2 2 0 2 0 2 0 2
Last Time Cost: 00000000 ms
Total Time Cost: 00000033 ms
Total Distance 23: 0 2 2 0 2 0 2 2 2 1 2 2 0 2 0 2 0 2
Last Time Cost: 00000000 ms
Total Time Cost: 00000033 ms
Total Distance 22: 0 2 2 0 2 0 2 2 2 0 2 2 0 2 0 2 0 2
Last Time Cost: 00000000 ms
Total Time Cost: 00000033 ms
Total Distance 21: 0 2 1 0 2 0 2 2 2 0 2 2 0 2 0 2 0 2
Last Time Cost: 00000000 ms
Total Time Cost: 00000033 ms
Total Distance 20: 0 2 0 0 2 0 2 2 2 0 2 2 0 2 0 2 0 2
Last Time Cost: 00000000 ms
Total Time Cost: 00000033 ms
Total Distance 19: 0 2 0 0 2 0 1 2 2 0 2 2 0 2 0 2 0 2
Last Time Cost: 00000000 ms
Total Time Cost: 00000033 ms
Total Distance 18: 0 2 0 0 2 0 0 2 2 0 2 2 0 2 0 2 0 2
Last Time Cost: 00000000 ms
Total Time Cost: 00000033 ms
Total Distance 17: 0 2 0 0 1 0 0 2 2 0 2 2 0 2 0 2 0 2
Last Time Cost: 00000000 ms
Total Time Cost: 00000033 ms
Total Distance 16: 0 2 0 0 0 0 0 2 2 0 2 2 0 2 0 2 0 2
Last Time Cost: 00000000 ms
Total Time Cost: 00000033 ms
Total Distance 15: 0 2 0 0 0 0 0 2 2 0 1 2 0 2 0 2 0 2
Last Time Cost: 00000000 ms
Total Time Cost: 00000033 ms
Total Distance 14: 0 2 0 0 0 0 0 2 2 0 0 2 0 2 0 2 0 2
Last Time Cost: 00000000 ms
Total Time Cost: 00000033 ms
Total Distance 13: 0 2 0 0 0 0 0 2 2 0 0 2 0 2 0 2 0 1
Last Time Cost: 00000000 ms
Total Time Cost: 00000033 ms
Total Distance 12: 0 2 0 0 0 0 0 2 2 0 0 2 0 2 0 2 0 0
Last Time Cost: 00000000 ms
Total Time Cost: 00000033 ms
Total Distance 11: 0 2 0 0 0 0 0 2 2 0 0 2 0 1 0 2 0 0
Last Time Cost: 00000000 ms
Total Time Cost: 00000033 ms
Total Distance 10: 0 2 0 0 0 0 0 2 2 0 0 2 0 0 0 2 0 0
Last Time Cost: 00000000 ms
Total Time Cost: 00000033 ms
Total Distance 9: 0 2 0 0 0 0 0 2 2 0 0 2 0 0 0 1 0 0
Last Time Cost: 00000000 ms
Total Time Cost: 00000033 ms
Total Distance 8: 0 2 0 0 0 0 0 2 2 0 0 2 0 0 0 0 0 0
Last Time Cost: 00000000 ms
Total Time Cost: 00000033 ms
Total Distance 7: 0 2 0 0 0 0 0 1 2 0 0 2 0 0 0 0 0 0
Last Time Cost: 00000000 ms
Total Time Cost: 00000033 ms
Total Distance 6: 0 2 0 0 0 0 0 0 2 0 0 2 0 0 0 0 0 0
Last Time Cost: 00000000 ms
Total Time Cost: 00000033 ms
Total Distance 5: 0 2 0 0 0 0 0 0 2 0 0 1 0 0 0 0 0 0
Last Time Cost: 00000000 ms
Total Time Cost: 00000033 ms
Total Distance 4: 0 2 0 0 0 0 0 0 2 0 0 0 0 0 0 0 0 0
Last Time Cost: 00000000 ms
Total Time Cost: 00000033 ms
Total Distance 3: 0 1 0 0 0 0 0 0 2 0 0 0 0 0 0 0 0 0
Last Time Cost: 00000000 ms
Total Time Cost: 00000033 ms
Total Distance 2: 0 0 0 0 0 0 0 0 2 0 0 0 0 0 0 0 0 0
Last Time Cost: 00000000 ms
Total Time Cost: 00000033 ms
Total Distance 1: 0 0 0 0 0 0 0 0 1 0 0 0 0 0 0 0 0 0
Last Time Cost: 00000000 ms
Total Time Cost: 00000033 ms
Total Distance 0: 0 0 0 0 0 0 0 0 0 0 0 0 0 0 0 0 0 0
