Last Time Cost: 00000000 ms
Total Time Cost: 00000000 ms
Total Distance 240: 11 11 11 11 11 11 9 9 9 9 9 9 10 10 10 10 10 10 10 10 10 10 10 10
Last Time Cost: 00000058 ms
Total Time Cost: 00000058 ms
Total Distance 230: 10 10 10 11 11 10 9 9 9 9 8 8 10 9 9 10 9 10 9 10 10 10 10 10
Last Time Cost: 00000051 ms
Total Time Cost: 00000109 ms
Total Distance 220: 10 9 9 11 11 10 8 8 8 8 8 8 9 9 8 9 9 10 9 10 9 10 10 10
Last Time Cost: 00000056 ms
Total Time Cost: 00000165 ms
Total Distance 212: 9 8 8 10 11 9 8 8 8 8 8 8 9 9 8 9 8 9 9 10 9 9 10 10
Last Time Cost: 00000044 ms
Total Time Cost: 00000209 ms
Total Distance 204: 9 8 8 9 10 8 8 8 7 8 8 8 9 8 8 8 8 9 8 10 9 9 10 9
Last Time Cost: 00000040 ms
Total Time Cost: 00000249 ms
Total Distance 196: 9 8 8 9 9 8 8 7 7 8 8 8 8 8 7 8 8 8 7 9 9 9 9 9
Last Time Cost: 00000035 ms
Total Time Cost: 00000284 ms
Total Distance 188: 8 8 8 9 9 8 8 7 6 7 8 7 8 7 7 8 7 7 7 9 9 8 9 9
Last Time Cost: 00000036 ms
Total Time Cost: 00000320 ms
Total Distance 181: 7 8 8 9 8 7 8 7 6 7 7 7 8 7 6 8 7 7 7 9 9 7 8 9
Last Time Cost: 00000034 ms
Total Time Cost: 00000354 ms
Total Distance 174: 7 8 8 9 8 7 8 7 6 6 6 7 8 7 6 7 6 6 7 9 9 7 7 8
Last Time Cost: 00000035 ms
Total Time Cost: 00000389 ms
Total Distance 168: 7 8 7 8 7 6 8 6 6 6 6 7 7 7 6 7 6 6 7 9 9 7 7 8
Last Time Cost: 00000034 ms
Total Time Cost: 00000423 ms
Total Distance 162: 6 8 6 8 7 6 8 6 6 6 5 7 7 6 5 7 6 6 6 9 9 7 7 8
Last Time Cost: 00000036 ms
Total Time Cost: 00000459 ms
Total Distance 156: 5 8 6 8 7 6 8 6 5 5 5 6 7 6 5 7 5 6 6 9 9 6 7 8
Last Time Cost: 00000039 ms
Total Time Cost: 00000498 ms
Total Distance 151: 5 8 6 8 7 6 8 6 5 4 5 6 7 6 5 7 4 5 6 9 9 6 6 7
Last Time Cost: 00000048 ms
Total Time Cost: 00000546 ms
Total Distance 147: 5 8 6 8 7 6 7 6 5 4 5 6 7 6 5 7 4 5 6 8 8 6 5 7
Last Time Cost: 00000021 ms
Total Time Cost: 00000567 ms
Total Distance 143: 5 7 6 8 7 6 6 5 5 4 5 6 7 6 5 7 4 5 6 8 7 6 5 7
Last Time Cost: 00000023 ms
Total Time Cost: 00000590 ms
Total Distance 139: 5 7 5 7 6 5 6 5 5 4 5 6 7 6 5 7 4 5 6 8 7 6 5 7
Last Time Cost: 00000018 ms
Total Time Cost: 00000608 ms
Total Distance 135: 5 7 5 7 6 5 6 5 5 3 5 6 7 6 5 7 3 4 6 8 7 6 5 6
Last Time Cost: 00000023 ms
Total Time Cost: 00000631 ms
Total Distance 132: 5 7 5 7 6 5 6 5 5 3 5 6 7 6 5 6 3 4 6 7 7 6 5 5
Last Time Cost: 00000017 ms
Total Time Cost: 00000648 ms
Total Distance 129: 4 6 5 6 6 5 6 5 5 3 5 6 7 6 5 6 3 4 6 7 7 6 5 5
Last Time Cost: 00000013 ms
Total Time Cost: 00000661 ms
Total Distance 126: 4 6 5 6 5 5 6 5 5 3 5 6 6 6 5 6 3 4 5 7 7 6 5 5
Last Time Cost: 00000013 ms
Total Time Cost: 00000674 ms
Total Distance 123: 4 5 5 6 5 5 5 5 5 3 5 6 6 6 5 6 3 4 5 7 6 6 5 5
Last Time Cost: 00000010 ms
Total Time Cost: 00000684 ms
Total Distance 119: 4 5 5 6 5 5 5 4 5 3 5 6 6 6 5 5 3 4 5 6 6 6 4 5
Last Time Cost: 00000005 ms
Total Time Cost: 00000689 ms
Total Distance 116: 4 5 5 6 5 5 5 4 5 3 5 6 6 6 5 4 3 4 5 5 6 6 4 4
Last Time Cost: 00000005 ms
Total Time Cost: 00000694 ms
Total Distance 113: 4 4 4 6 5 5 5 4 5 3 5 6 6 6 5 4 3 4 5 5 5 6 4 4
Last Time Cost: 00000005 ms
Total Time Cost: 00000699 ms
Total Distance 110: 4 4 4 6 5 5 5 4 5 3 4 6 6 5 5 4 3 4 4 5 5 6 4 4
Last Time Cost: 00000005 ms
Total Time Cost: 00000704 ms
Total Distance 107: 4 4 4 6 4 5 5 4 5 3 4 6 6 5 4 4 3 4 4 5 5 5 4 4
Last Time Cost: 00000004 ms
Total Time Cost: 00000708 ms
Total Distance 104: 4 4 4 6 4 5 5 4 4 2 4 6 5 5 4 4 3 4 4 5 5 5 4 4
Last Time Cost: 00000004 ms
Total Time Cost: 00000712 ms
Total Distance 101: 4 4 4 6 4 5 4 4 4 2 4 5 5 5 4 4 3 4 4 5 5 5 4 3
Last Time Cost: 00000004 ms
Total Time Cost: 00000716 ms
Total Distance 98: 4 4 4 6 4 5 4 4 4 2 4 5 5 5 4 3 3 4 4 4 5 5 3 3
Last Time Cost: 00000003 ms
Total Time Cost: 00000719 ms
Total Distance 95: 4 4 3 6 3 5 4 4 3 2 4 5 5 5 4 3 3 4 4 4 5 5 3 3
Last Time Cost: 00000005 ms
Total Time Cost: 00000724 ms
Total Distance 93: 4 4 3 5 3 5 4 4 3 2 4 5 5 5 4 3 3 4 4 4 5 4 3 3
Last Time Cost: 00000004 ms
Total Time Cost: 00000728 ms
Total Distance 91: 4 4 3 4 3 5 4 4 3 2 4 5 4 5 4 3 3 4 4 4 5 4 3 3
Last Time Cost: 00000009 ms
Total Time Cost: 00000737 ms
Total Distance 89: 4 4 3 4 3 4 4 3 3 2 4 5 4 5 4 3 3 4 4 4 5 4 3 3
Last Time Cost: 00000004 ms
Total Time Cost: 00000741 ms
Total Distance 87: 4 3 3 4 3 4 4 3 3 2 4 5 4 4 4 3 3 4 4 4 5 4 3 3
Last Time Cost: 00000003 ms
Total Time Cost: 00000744 ms
Total Distance 85: 4 3 3 4 3 4 4 3 3 2 4 5 3 4 4 3 3 4 4 4 4 4 3 3
Last Time Cost: 00000002 ms
Total Time Cost: 00000746 ms
Total Distance 83: 3 3 3 4 3 4 4 3 3 2 4 5 3 4 3 3 3 4 4 4 4 4 3 3
Last Time Cost: 00000002 ms
Total Time Cost: 00000748 ms
Total Distance 81: 3 3 3 4 3 4 4 3 3 2 3 5 3 4 3 3 3 4 3 4 4 4 3 3
Last Time Cost: 00000002 ms
Total Time Cost: 00000750 ms
Total Distance 79: 3 3 3 4 3 4 4 3 3 2 3 5 3 4 3 3 3 4 3 3 4 4 2 3
Last Time Cost: 00000002 ms
Total Time Cost: 00000752 ms
Total Distance 77: 3 3 3 4 3 4 4 3 3 2 3 5 3 4 3 3 2 4 3 3 4 3 2 3
Last Time Cost: 00000002 ms
Total Time Cost: 00000754 ms
Total Distance 75: 2 3 3 4 3 4 4 3 3 2 3 5 3 4 2 3 2 4 3 3 4 3 2 3
Last Time Cost: 00000002 ms
Total Time Cost: 00000756 ms
Total Distance 73: 2 3 3 4 3 3 4 3 3 2 3 5 3 4 2 3 2 4 3 3 4 3 1 3
Last Time Cost: 00000000 ms
Total Time Cost: 00000756 ms
Total Distance 72: 2 3 3 4 3 3 4 3 3 2 3 5 3 4 2 3 2 4 3 3 4 3 0 3
Last Time Cost: 00000002 ms
Total Time Cost: 00000758 ms
Total Distance 70: 2 3 3 4 3 3 4 3 3 2 3 5 3 4 2 3 1 3 3 3 4 3 0 3
Last Time Cost: 00000000 ms
Total Time Cost: 00000758 ms
Total Distance 69: 2 3 3 4 3 3 4 3 3 2 3 5 3 4 2 3 0 3 3 3 4 3 0 3
Last Time Cost: 00000002 ms
Total Time Cost: 00000760 ms
Total Distance 67: 2 3 3 4 3 3 4 3 2 1 3 5 3 4 2 3 0 3 3 3 4 3 0 3
Last Time Cost: 00000001 ms
Total Time Cost: 00000761 ms
Total Distance 65: 2 3 3 4 3 3 4 3 2 0 3 4 3 4 2 3 0 3 3 3 4 3 0 3
Last Time Cost: 00000001 ms
Total Time Cost: 00000762 ms
Total Distance 64: 2 3 3 4 3 3 3 3 2 0 3 4 3 4 2 3 0 3 3 3 4 3 0 3
Last Time Cost: 00000001 ms
Total Time Cost: 00000763 ms
Total Distance 63: 2 3 3 4 3 3 3 3 2 0 3 4 3 3 2 3 0 3 3 3 4 3 0 3
Last Time Cost: 00000001 ms
Total Time Cost: 00000764 ms
Total Distance 62: 2 3 3 3 3 3 3 3 2 0 3 4 3 3 2 3 0 3 3 3 4 3 0 3
Last Time Cost: 00000001 ms
Total Time Cost: 00000765 ms
Total Distance 60: 2 3 3 2 3 3 3 3 2 0 3 4 3 3 2 3 0 3 3 3 4 2 0 3
Last Time Cost: 00000002 ms
Total Time Cost: 00000767 ms
Total Distance 59: 2 3 3 2 3 3 3 3 2 0 3 4 3 3 2 3 0 3 3 3 3 2 0 3
Last Time Cost: 00000001 ms
Total Time Cost: 00000768 ms
Total Distance 58: 2 3 3 2 3 3 3 3 2 0 3 4 3 3 2 3 0 3 3 3 2 2 0 3
Last Time Cost: 00000001 ms
Total Time Cost: 00000769 ms
Total Distance 57: 2 2 3 2 3 3 3 3 2 0 3 4 3 3 2 3 0 3 3 3 2 2 0 3
Last Time Cost: 00000002 ms
Total Time Cost: 00000771 ms
Total Distance 56: 2 2 3 2 3 2 3 3 2 0 3 4 3 3 2 3 0 3 3 3 2 2 0 3
Last Time Cost: 00000001 ms
Total Time Cost: 00000772 ms
Total Distance 55: 2 2 3 2 3 2 3 3 2 0 3 4 3 3 2 3 0 3 2 3 2 2 0 3
Last Time Cost: 00000001 ms
Total Time Cost: 00000773 ms
Total Distance 54: 2 2 3 2 2 2 3 3 2 0 3 4 3 3 2 3 0 3 2 3 2 2 0 3
Last Time Cost: 00000001 ms
Total Time Cost: 00000774 ms
Total Distance 53: 2 2 3 2 2 2 3 3 2 0 3 4 2 3 2 3 0 3 2 3 2 2 0 3
Last Time Cost: 00000001 ms
Total Time Cost: 00000775 ms
Total Distance 52: 2 2 3 2 2 2 3 3 2 0 3 4 2 2 2 3 0 3 2 3 2 2 0 3
Last Time Cost: 00000001 ms
Total Time Cost: 00000776 ms
Total Distance 51: 2 2 3 2 2 2 2 3 2 0 3 4 2 2 2 3 0 3 2 3 2 2 0 3
Last Time Cost: 00000001 ms
Total Time Cost: 00000777 ms
Total Distance 50: 2 2 3 2 2 2 2 3 2 0 3 4 2 2 2 2 0 3 2 3 2 2 0 3
Last Time Cost: 00000001 ms
Total Time Cost: 00000778 ms
Total Distance 49: 2 2 3 2 2 2 2 3 2 0 2 4 2 2 2 2 0 3 2 3 2 2 0 3
Last Time Cost: 00000001 ms
Total Time Cost: 00000779 ms
Total Distance 48: 2 2 3 2 2 2 2 3 2 0 2 4 2 2 2 2 0 2 2 3 2 2 0 3
Last Time Cost: 00000001 ms
Total Time Cost: 00000780 ms
Total Distance 47: 2 2 3 2 2 2 2 3 2 0 2 4 2 2 2 2 0 2 2 2 2 2 0 3
Last Time Cost: 00000001 ms
Total Time Cost: 00000781 ms
Total Distance 46: 2 2 3 2 2 2 2 2 2 0 2 4 2 2 2 2 0 2 2 2 2 2 0 3
Last Time Cost: 00000001 ms
Total Time Cost: 00000782 ms
Total Distance 45: 2 2 3 2 2 2 2 2 2 0 2 4 2 2 2 2 0 2 2 2 2 2 0 2
Last Time Cost: 00000001 ms
Total Time Cost: 00000783 ms
Total Distance 44: 2 2 2 2 2 2 2 2 2 0 2 4 2 2 2 2 0 2 2 2 2 2 0 2
Last Time Cost: 00000001 ms
Total Time Cost: 00000784 ms
Total Distance 43: 2 2 2 2 2 2 2 2 2 0 2 4 2 2 2 2 0 2 2 2 1 2 0 2
Last Time Cost: 00000000 ms
Total Time Cost: 00000784 ms
Total Distance 42: 2 2 2 2 2 2 2 2 2 0 2 4 2 2 2 2 0 2 2 2 0 2 0 2
Last Time Cost: 00000001 ms
Total Time Cost: 00000785 ms
Total Distance 41: 2 2 2 2 2 2 2 2 2 0 2 4 2 1 2 2 0 2 2 2 0 2 0 2
Last Time Cost: 00000000 ms
Total Time Cost: 00000785 ms
Total Distance 40: 2 2 2 2 2 2 2 2 2 0 2 4 2 0 2 2 0 2 2 2 0 2 0 2
Last Time Cost: 00000001 ms
Total Time Cost: 00000786 ms
Total Distance 39: 2 2 2 2 2 2 2 2 2 0 2 4 2 0 2 2 0 2 2 2 0 1 0 2
Last Time Cost: 00000000 ms
Total Time Cost: 00000786 ms
Total Distance 38: 2 2 2 2 2 2 2 2 2 0 2 4 2 0 2 2 0 2 2 2 0 0 0 2
Last Time Cost: 00000001 ms
Total Time Cost: 00000787 ms
Total Distance 37: 2 2 2 2 2 2 1 2 2 0 2 4 2 0 2 2 0 2 2 2 0 0 0 2
Last Time Cost: 00000000 ms
Total Time Cost: 00000787 ms
Total Distance 36: 2 2 2 2 2 2 0 2 2 0 2 4 2 0 2 2 0 2 2 2 0 0 0 2
Last Time Cost: 00000001 ms
Total Time Cost: 00000788 ms
Total Distance 35: 2 1 2 2 2 2 0 2 2 0 2 4 2 0 2 2 0 2 2 2 0 0 0 2
Last Time Cost: 00000000 ms
Total Time Cost: 00000788 ms
Total Distance 34: 2 0 2 2 2 2 0 2 2 0 2 4 2 0 2 2 0 2 2 2 0 0 0 2
Last Time Cost: 00000001 ms
Total Time Cost: 00000789 ms
Total Distance 33: 2 0 2 1 2 2 0 2 2 0 2 4 2 0 2 2 0 2 2 2 0 0 0 2
Last Time Cost: 00000000 ms
Total Time Cost: 00000789 ms
Total Distance 32: 2 0 2 0 2 2 0 2 2 0 2 4 2 0 2 2 0 2 2 2 0 0 0 2
Last Time Cost: 00000002 ms
Total Time Cost: 00000791 ms
Total Distance 31: 2 0 2 0 2 2 0 2 2 0 2 4 2 0 1 2 0 2 2 2 0 0 0 2
Last Time Cost: 00000000 ms
Total Time Cost: 00000791 ms
Total Distance 30: 2 0 2 0 2 2 0 2 2 0 2 4 2 0 0 2 0 2 2 2 0 0 0 2
Last Time Cost: 00000001 ms
Total Time Cost: 00000792 ms
Total Distance 29: 2 0 2 0 2 2 0 2 2 0 2 4 2 0 0 2 0 2 1 2 0 0 0 2
Last Time Cost: 00000000 ms
Total Time Cost: 00000792 ms
Total Distance 28: 2 0 2 0 2 2 0 2 2 0 2 4 2 0 0 2 0 2 0 2 0 0 0 2
Last Time Cost: 00000001 ms
Total Time Cost: 00000793 ms
Total Distance 27: 2 0 1 0 2 2 0 2 2 0 2 4 2 0 0 2 0 2 0 2 0 0 0 2
Last Time Cost: 00000000 ms
Total Time Cost: 00000793 ms
Total Distance 26: 2 0 0 0 2 2 0 2 2 0 2 4 2 0 0 2 0 2 0 2 0 0 0 2
Last Time Cost: 00000001 ms
Total Time Cost: 00000794 ms
Total Distance 25: 2 0 0 0 2 1 0 2 2 0 2 4 2 0 0 2 0 2 0 2 0 0 0 2
Last Time Cost: 00000000 ms
Total Time Cost: 00000794 ms
Total Distance 24: 2 0 0 0 2 0 0 2 2 0 2 4 2 0 0 2 0 2 0 2 0 0 0 2
Last Time Cost: 00000001 ms
Total Time Cost: 00000795 ms
Total Distance 23: 2 0 0 0 2 0 0 2 2 0 1 4 2 0 0 2 0 2 0 2 0 0 0 2
Last Time Cost: 00000000 ms
Total Time Cost: 00000795 ms
Total Distance 22: 2 0 0 0 2 0 0 2 2 0 0 4 2 0 0 2 0 2 0 2 0 0 0 2
Last Time Cost: 00000001 ms
Total Time Cost: 00000796 ms
Total Distance 21: 1 0 0 0 2 0 0 2 2 0 0 4 2 0 0 2 0 2 0 2 0 0 0 2
Last Time Cost: 00000000 ms
Total Time Cost: 00000796 ms
Total Distance 20: 0 0 0 0 2 0 0 2 2 0 0 4 2 0 0 2 0 2 0 2 0 0 0 2
Last Time Cost: 00000001 ms
Total Time Cost: 00000797 ms
Total Distance 19: 0 0 0 0 2 0 0 2 1 0 0 4 2 0 0 2 0 2 0 2 0 0 0 2
Last Time Cost: 00000000 ms
Total Time Cost: 00000797 ms
Total Distance 18: 0 0 0 0 2 0 0 2 0 0 0 4 2 0 0 2 0 2 0 2 0 0 0 2
Last Time Cost: 00000001 ms
Total Time Cost: 00000798 ms
Total Distance 17: 0 0 0 0 2 0 0 2 0 0 0 4 2 0 0 1 0 2 0 2 0 0 0 2
Last Time Cost: 00000000 ms
Total Time Cost: 00000798 ms
Total Distance 16: 0 0 0 0 2 0 0 2 0 0 0 4 2 0 0 0 0 2 0 2 0 0 0 2
Last Time Cost: 00000001 ms
Total Time Cost: 00000799 ms
Total Distance 15: 0 0 0 0 2 0 0 2 0 0 0 4 1 0 0 0 0 2 0 2 0 0 0 2
Last Time Cost: 00000000 ms
Total Time Cost: 00000799 ms
Total Distance 14: 0 0 0 0 2 0 0 2 0 0 0 4 0 0 0 0 0 2 0 2 0 0 0 2
Last Time Cost: 00000001 ms
Total Time Cost: 00000800 ms
Total Distance 13: 0 0 0 0 1 0 0 2 0 0 0 4 0 0 0 0 0 2 0 2 0 0 0 2
Last Time Cost: 00000000 ms
Total Time Cost: 00000800 ms
Total Distance 12: 0 0 0 0 0 0 0 2 0 0 0 4 0 0 0 0 0 2 0 2 0 0 0 2
Last Time Cost: 00000001 ms
Total Time Cost: 00000801 ms
Total Distance 11: 0 0 0 0 0 0 0 2 0 0 0 4 0 0 0 0 0 1 0 2 0 0 0 2
Last Time Cost: 00000000 ms
Total Time Cost: 00000801 ms
Total Distance 10: 0 0 0 0 0 0 0 2 0 0 0 4 0 0 0 0 0 0 0 2 0 0 0 2
Last Time Cost: 00000001 ms
Total Time Cost: 00000802 ms
Total Distance 9: 0 0 0 0 0 0 0 2 0 0 0 4 0 0 0 0 0 0 0 2 0 0 0 1
Last Time Cost: 00000000 ms
Total Time Cost: 00000802 ms
Total Distance 8: 0 0 0 0 0 0 0 2 0 0 0 4 0 0 0 0 0 0 0 2 0 0 0 0
Last Time Cost: 00000001 ms
Total Time Cost: 00000803 ms
Total Distance 7: 0 0 0 0 0 0 0 1 0 0 0 4 0 0 0 0 0 0 0 2 0 0 0 0
Last Time Cost: 00000000 ms
Total Time Cost: 00000803 ms
Total Distance 6: 0 0 0 0 0 0 0 0 0 0 0 4 0 0 0 0 0 0 0 2 0 0 0 0
Last Time Cost: 00000001 ms
Total Time Cost: 00000804 ms
Total Distance 5: 0 0 0 0 0 0 0 0 0 0 0 4 0 0 0 0 0 0 0 1 0 0 0 0
Last Time Cost: 00000000 ms
Total Time Cost: 00000804 ms
Total Distance 4: 0 0 0 0 0 0 0 0 0 0 0 4 0 0 0 0 0 0 0 0 0 0 0 0
Last Time Cost: 00000001 ms
Total Time Cost: 00000805 ms
Total Distance 4: 0 0 0 0 0 0 0 0 0 0 0 4 0 0 0 0 0 0 0 0 0 0 0 0
Last Time Cost: 00000001 ms
Total Time Cost: 00000806 ms
Total Distance 4: 0 0 0 0 0 0 0 0 0 0 0 4 0 0 0 0 0 0 0 0 0 0 0 0
Last Time Cost: 00000001 ms
Total Time Cost: 00000807 ms
Total Distance 4: 0 0 0 0 0 0 0 0 0 0 0 4 0 0 0 0 0 0 0 0 0 0 0 0
Last Time Cost: 00000001 ms
Total Time Cost: 00000808 ms
Total Distance 4: 0 0 0 0 0 0 0 0 0 0 0 4 0 0 0 0 0 0 0 0 0 0 0 0
Last Time Cost: 00000001 ms
Total Time Cost: 00000809 ms
Total Distance 4: 0 0 0 0 0 0 0 0 0 0 0 4 0 0 0 0 0 0 0 0 0 0 0 0
Last Time Cost: 00000001 ms
Total Time Cost: 00000810 ms
Total Distance 4: 0 0 0 0 0 0 0 0 0 0 0 4 0 0 0 0 0 0 0 0 0 0 0 0
Last Time Cost: 00000001 ms
Total Time Cost: 00000811 ms
Total Distance 4: 0 0 0 0 0 0 0 0 0 0 0 4 0 0 0 0 0 0 0 0 0 0 0 0
Last Time Cost: 00000001 ms
Total Time Cost: 00000812 ms
Total Distance 4: 0 0 0 0 0 0 0 0 0 0 0 4 0 0 0 0 0 0 0 0 0 0 0 0
Last Time Cost: 00000001 ms
Total Time Cost: 00000813 ms
Total Distance 4: 0 0 0 0 0 0 0 0 0 0 0 4 0 0 0 0 0 0 0 0 0 0 0 0
Last Time Cost: 00000001 ms
Total Time Cost: 00000814 ms
Total Distance 4: 0 0 0 0 0 0 0 0 0 0 0 4 0 0 0 0 0 0 0 0 0 0 0 0
Last Time Cost: 00000001 ms
Total Time Cost: 00000815 ms
Total Distance 4: 0 0 0 0 0 0 0 0 0 0 0 4 0 0 0 0 0 0 0 0 0 0 0 0
Last Time Cost: 00000001 ms
Total Time Cost: 00000816 ms
Total Distance 4: 0 0 0 0 0 0 0 0 0 0 0 4 0 0 0 0 0 0 0 0 0 0 0 0
Last Time Cost: 00000001 ms
Total Time Cost: 00000817 ms
Total Distance 4: 0 0 0 0 0 0 0 0 0 0 0 4 0 0 0 0 0 0 0 0 0 0 0 0
Last Time Cost: 00000001 ms
Total Time Cost: 00000818 ms
Total Distance 4: 0 0 0 0 0 0 0 0 0 0 0 4 0 0 0 0 0 0 0 0 0 0 0 0
Last Time Cost: 00000001 ms
Total Time Cost: 00000819 ms
Total Distance 4: 0 0 0 0 0 0 0 0 0 0 0 4 0 0 0 0 0 0 0 0 0 0 0 0
Last Time Cost: 00000001 ms
Total Time Cost: 00000820 ms
Total Distance 4: 0 0 0 0 0 0 0 0 0 0 0 4 0 0 0 0 0 0 0 0 0 0 0 0
Last Time Cost: 00000001 ms
Total Time Cost: 00000821 ms
Total Distance 4: 0 0 0 0 0 0 0 0 0 0 0 4 0 0 0 0 0 0 0 0 0 0 0 0
Last Time Cost: 00000001 ms
Total Time Cost: 00000822 ms
Total Distance 4: 0 0 0 0 0 0 0 0 0 0 0 4 0 0 0 0 0 0 0 0 0 0 0 0
Last Time Cost: 00000001 ms
Total Time Cost: 00000823 ms
Total Distance 4: 0 0 0 0 0 0 0 0 0 0 0 4 0 0 0 0 0 0 0 0 0 0 0 0
Last Time Cost: 00000001 ms
Total Time Cost: 00000824 ms
Total Distance 4: 0 0 0 0 0 0 0 0 0 0 0 4 0 0 0 0 0 0 0 0 0 0 0 0
Last Time Cost: 00000001 ms
Total Time Cost: 00000825 ms
Total Distance 4: 0 0 0 0 0 0 0 0 0 0 0 4 0 0 0 0 0 0 0 0 0 0 0 0
Last Time Cost: 00000001 ms
Total Time Cost: 00000826 ms
Total Distance 4: 0 0 0 0 0 0 0 0 0 0 0 4 0 0 0 0 0 0 0 0 0 0 0 0
Last Time Cost: 00000001 ms
Total Time Cost: 00000827 ms
Total Distance 4: 0 0 0 0 0 0 0 0 0 0 0 4 0 0 0 0 0 0 0 0 0 0 0 0
Last Time Cost: 00000001 ms
Total Time Cost: 00000828 ms
Total Distance 4: 0 0 0 0 0 0 0 0 0 0 0 4 0 0 0 0 0 0 0 0 0 0 0 0
Last Time Cost: 00000001 ms
Total Time Cost: 00000829 ms
Total Distance 4: 0 0 0 0 0 0 0 0 0 0 0 4 0 0 0 0 0 0 0 0 0 0 0 0
Last Time Cost: 00000001 ms
Total Time Cost: 00000830 ms
Total Distance 4: 0 0 0 0 0 0 0 0 0 0 0 4 0 0 0 0 0 0 0 0 0 0 0 0
Last Time Cost: 00000001 ms
Total Time Cost: 00000831 ms
Total Distance 4: 0 0 0 0 0 0 0 0 0 0 0 4 0 0 0 0 0 0 0 0 0 0 0 0
Last Time Cost: 00000001 ms
Total Time Cost: 00000832 ms
Total Distance 4: 0 0 0 0 0 0 0 0 0 0 0 4 0 0 0 0 0 0 0 0 0 0 0 0
Last Time Cost: 00000001 ms
Total Time Cost: 00000833 ms
Total Distance 4: 0 0 0 0 0 0 0 0 0 0 0 4 0 0 0 0 0 0 0 0 0 0 0 0
Last Time Cost: 00000001 ms
Total Time Cost: 00000834 ms
Total Distance 4: 0 0 0 0 0 0 0 0 0 0 0 4 0 0 0 0 0 0 0 0 0 0 0 0
Last Time Cost: 00000001 ms
Total Time Cost: 00000835 ms
Total Distance 4: 0 0 0 0 0 0 0 0 0 0 0 4 0 0 0 0 0 0 0 0 0 0 0 0
Last Time Cost: 00000001 ms
Total Time Cost: 00000836 ms
Total Distance 4: 0 0 0 0 0 0 0 0 0 0 0 4 0 0 0 0 0 0 0 0 0 0 0 0
Last Time Cost: 00000002 ms
Total Time Cost: 00000838 ms
Total Distance 4: 0 0 0 0 0 0 0 0 0 0 0 4 0 0 0 0 0 0 0 0 0 0 0 0
Last Time Cost: 00000002 ms
Total Time Cost: 00000840 ms
Total Distance 4: 0 0 0 0 0 0 0 0 0 0 0 4 0 0 0 0 0 0 0 0 0 0 0 0
Last Time Cost: 00000003 ms
Total Time Cost: 00000843 ms
Total Distance 4: 0 0 0 0 0 0 0 0 0 0 0 4 0 0 0 0 0 0 0 0 0 0 0 0
Last Time Cost: 00000002 ms
Total Time Cost: 00000845 ms
Total Distance 4: 0 0 0 0 0 0 0 0 0 0 0 4 0 0 0 0 0 0 0 0 0 0 0 0
Last Time Cost: 00000003 ms
Total Time Cost: 00000848 ms
Total Distance 4: 0 0 0 0 0 0 0 0 0 0 0 4 0 0 0 0 0 0 0 0 0 0 0 0
Last Time Cost: 00000001 ms
Total Time Cost: 00000849 ms
Total Distance 4: 0 0 0 0 0 0 0 0 0 0 0 4 0 0 0 0 0 0 0 0 0 0 0 0
Last Time Cost: 00000001 ms
Total Time Cost: 00000850 ms
Total Distance 4: 0 0 0 0 0 0 0 0 0 0 0 4 0 0 0 0 0 0 0 0 0 0 0 0
Last Time Cost: 00000001 ms
Total Time Cost: 00000851 ms
Total Distance 4: 0 0 0 0 0 0 0 0 0 0 0 4 0 0 0 0 0 0 0 0 0 0 0 0
Last Time Cost: 00000001 ms
Total Time Cost: 00000852 ms
Total Distance 4: 0 0 0 0 0 0 0 0 0 0 0 4 0 0 0 0 0 0 0 0 0 0 0 0
Last Time Cost: 00000001 ms
Total Time Cost: 00000853 ms
Total Distance 4: 0 0 0 0 0 0 0 0 0 0 0 4 0 0 0 0 0 0 0 0 0 0 0 0
Last Time Cost: 00000001 ms
Total Time Cost: 00000854 ms
Total Distance 4: 0 0 0 0 0 0 0 0 0 0 0 4 0 0 0 0 0 0 0 0 0 0 0 0
Last Time Cost: 00000001 ms
Total Time Cost: 00000855 ms
Total Distance 4: 0 0 0 0 0 0 0 0 0 0 0 4 0 0 0 0 0 0 0 0 0 0 0 0
Last Time Cost: 00000001 ms
Total Time Cost: 00000856 ms
Total Distance 4: 0 0 0 0 0 0 0 0 0 0 0 4 0 0 0 0 0 0 0 0 0 0 0 0
Last Time Cost: 00000001 ms
Total Time Cost: 00000857 ms
Total Distance 4: 0 0 0 0 0 0 0 0 0 0 0 4 0 0 0 0 0 0 0 0 0 0 0 0
Last Time Cost: 00000001 ms
Total Time Cost: 00000858 ms
Total Distance 4: 0 0 0 0 0 0 0 0 0 0 0 4 0 0 0 0 0 0 0 0 0 0 0 0
Last Time Cost: 00000001 ms
Total Time Cost: 00000859 ms
Total Distance 4: 0 0 0 0 0 0 0 0 0 0 0 4 0 0 0 0 0 0 0 0 0 0 0 0
Last Time Cost: 00000001 ms
Total Time Cost: 00000860 ms
Total Distance 4: 0 0 0 0 0 0 0 0 0 0 0 4 0 0 0 0 0 0 0 0 0 0 0 0
Last Time Cost: 00000001 ms
Total Time Cost: 00000861 ms
Total Distance 4: 0 0 0 0 0 0 0 0 0 0 0 4 0 0 0 0 0 0 0 0 0 0 0 0
Last Time Cost: 00000001 ms
Total Time Cost: 00000862 ms
Total Distance 4: 0 0 0 0 0 0 0 0 0 0 0 4 0 0 0 0 0 0 0 0 0 0 0 0
Last Time Cost: 00000002 ms
Total Time Cost: 00000864 ms
Total Distance 4: 0 0 0 0 0 0 0 0 0 0 0 4 0 0 0 0 0 0 0 0 0 0 0 0
Last Time Cost: 00000001 ms
Total Time Cost: 00000865 ms
Total Distance 4: 0 0 0 0 0 0 0 0 0 0 0 4 0 0 0 0 0 0 0 0 0 0 0 0
Last Time Cost: 00000001 ms
Total Time Cost: 00000866 ms
Total Distance 4: 0 0 0 0 0 0 0 0 0 0 0 4 0 0 0 0 0 0 0 0 0 0 0 0
Last Time Cost: 00000001 ms
Total Time Cost: 00000867 ms
Total Distance 4: 0 0 0 0 0 0 0 0 0 0 0 4 0 0 0 0 0 0 0 0 0 0 0 0
Last Time Cost: 00000001 ms
Total Time Cost: 00000868 ms
Total Distance 4: 0 0 0 0 0 0 0 0 0 0 0 4 0 0 0 0 0 0 0 0 0 0 0 0
Last Time Cost: 00000001 ms
Total Time Cost: 00000869 ms
Total Distance 4: 0 0 0 0 0 0 0 0 0 0 0 4 0 0 0 0 0 0 0 0 0 0 0 0
Last Time Cost: 00000001 ms
Total Time Cost: 00000870 ms
Total Distance 4: 0 0 0 0 0 0 0 0 0 0 0 4 0 0 0 0 0 0 0 0 0 0 0 0
Last Time Cost: 00000001 ms
Total Time Cost: 00000871 ms
Total Distance 4: 0 0 0 0 0 0 0 0 0 0 0 4 0 0 0 0 0 0 0 0 0 0 0 0
Last Time Cost: 00000001 ms
Total Time Cost: 00000872 ms
Total Distance 4: 0 0 0 0 0 0 0 0 0 0 0 4 0 0 0 0 0 0 0 0 0 0 0 0
Last Time Cost: 00000001 ms
Total Time Cost: 00000873 ms
Total Distance 4: 0 0 0 0 0 0 0 0 0 0 0 4 0 0 0 0 0 0 0 0 0 0 0 0
Last Time Cost: 00000002 ms
Total Time Cost: 00000875 ms
Total Distance 4: 0 0 0 0 0 0 0 0 0 0 0 4 0 0 0 0 0 0 0 0 0 0 0 0
Last Time Cost: 00000001 ms
Total Time Cost: 00000876 ms
Total Distance 4: 0 0 0 0 0 0 0 0 0 0 0 4 0 0 0 0 0 0 0 0 0 0 0 0
Last Time Cost: 00000001 ms
Total Time Cost: 00000877 ms
Total Distance 4: 0 0 0 0 0 0 0 0 0 0 0 4 0 0 0 0 0 0 0 0 0 0 0 0
Last Time Cost: 00000001 ms
Total Time Cost: 00000878 ms
Total Distance 4: 0 0 0 0 0 0 0 0 0 0 0 4 0 0 0 0 0 0 0 0 0 0 0 0
Last Time Cost: 00000001 ms
Total Time Cost: 00000879 ms
Total Distance 3: 0 0 0 0 0 0 0 0 0 0 0 3 0 0 0 0 0 0 0 0 0 0 0 0
Last Time Cost: 00000001 ms
Total Time Cost: 00000880 ms
Total Distance 2: 0 0 0 0 0 0 0 0 0 0 0 2 0 0 0 0 0 0 0 0 0 0 0 0
Last Time Cost: 00000001 ms
Total Time Cost: 00000881 ms
Total Distance 1: 0 0 0 0 0 0 0 0 0 0 0 1 0 0 0 0 0 0 0 0 0 0 0 0
Last Time Cost: 00000000 ms
Total Time Cost: 00000881 ms
Total Distance 0: 0 0 0 0 0 0 0 0 0 0 0 0 0 0 0 0 0 0 0 0 0 0 0 0
