Last Time Cost: 00000000 ms
Total Time Cost: 00000000 ms
Total Distance 144: 9 9 9 9 7 7 7 7 8 8 8 8 8 8 8 8 8 8
Last Time Cost: 00000005 ms
Total Time Cost: 00000005 ms
Total Distance 133: 8 8 9 8 7 7 6 6 8 7 7 7 7 8 7 8 7 8
Last Time Cost: 00000002 ms
Total Time Cost: 00000007 ms
Total Distance 125: 8 7 8 7 6 7 6 6 7 7 7 7 7 7 6 8 7 7
Last Time Cost: 00000003 ms
Total Time Cost: 00000010 ms
Total Distance 118: 7 7 8 6 6 7 5 6 7 7 7 6 7 7 5 7 7 6
Last Time Cost: 00000004 ms
Total Time Cost: 00000014 ms
Total Distance 111: 6 6 8 6 6 7 5 6 7 7 6 5 6 7 4 7 6 6
Last Time Cost: 00000005 ms
Total Time Cost: 00000019 ms
Total Distance 105: 6 5 7 6 5 7 5 5 7 6 6 5 6 7 4 6 6 6
Last Time Cost: 00000002 ms
Total Time Cost: 00000021 ms
Total Distance 100: 5 5 7 6 5 6 5 5 6 6 6 5 5 7 4 6 5 6
Last Time Cost: 00000002 ms
Total Time Cost: 00000023 ms
Total Distance 95: 5 4 7 5 4 6 5 5 5 6 6 5 5 7 4 6 5 5
Last Time Cost: 00000001 ms
Total Time Cost: 00000024 ms
Total Distance 91: 5 4 6 4 4 6 5 5 5 6 6 4 5 6 4 6 5 5
Last Time Cost: 00000001 ms
Total Time Cost: 00000025 ms
Total Distance 87: 5 3 6 4 4 6 5 5 5 5 5 4 5 5 4 6 5 5
Last Time Cost: 00000002 ms
Total Time Cost: 00000027 ms
Total Distance 83: 4 3 6 4 4 5 5 4 5 5 5 4 5 5 4 6 4 5
Last Time Cost: 00000001 ms
Total Time Cost: 00000028 ms
Total Distance 79: 4 3 6 4 4 5 4 4 5 5 4 4 4 5 4 6 3 5
Last Time Cost: 00000001 ms
Total Time Cost: 00000029 ms
Total Distance 75: 4 3 6 4 3 4 4 4 4 5 4 4 4 5 4 6 3 4
Last Time Cost: 00000001 ms
Total Time Cost: 00000030 ms
Total Distance 72: 4 3 5 3 3 4 4 4 4 5 4 4 4 4 4 6 3 4
Last Time Cost: 00000001 ms
Total Time Cost: 00000031 ms
Total Distance 69: 4 3 4 3 3 4 4 4 4 5 3 4 4 4 3 6 3 4
Last Time Cost: 00000001 ms
Total Time Cost: 00000032 ms
Total Distance 66: 4 3 4 3 2 4 4 3 4 4 3 4 4 4 3 6 3 4
Last Time Cost: 00000001 ms
Total Time Cost: 00000033 ms
Total Distance 63: 4 3 3 3 2 4 3 3 4 4 3 4 4 4 2 6 3 4
Last Time Cost: 00000001 ms
Total Time Cost: 00000034 ms
Total Distance 60: 3 3 3 3 2 3 3 3 4 4 3 4 4 4 2 6 2 4
Last Time Cost: 00000001 ms
Total Time Cost: 00000035 ms
Total Distance 58: 3 3 3 3 2 3 3 3 4 3 3 4 4 4 2 5 2 4
Last Time Cost: 00000001 ms
Total Time Cost: 00000036 ms
Total Distance 56: 3 3 3 3 2 3 3 3 4 3 3 4 3 4 2 4 2 4
Last Time Cost: 00000001 ms
Total Time Cost: 00000037 ms
Total Distance 54: 3 3 3 3 2 3 3 3 3 3 3 4 3 4 2 4 2 3
Last Time Cost: 00000001 ms
Total Time Cost: 00000038 ms
Total Distance 52: 3 3 3 3 2 3 3 3 3 3 3 3 3 3 2 4 2 3
Last Time Cost: 00000001 ms
Total Time Cost: 00000039 ms
Total Distance 50: 3 3 2 3 2 3 3 3 3 3 3 3 3 2 2 4 2 3
Last Time Cost: 00000001 ms
Total Time Cost: 00000040 ms
Total Distance 48: 3 3 2 3 2 3 2 3 3 3 2 3 3 2 2 4 2 3
Last Time Cost: 00000001 ms
Total Time Cost: 00000041 ms
Total Distance 46: 3 3 2 3 2 3 2 3 2 3 2 3 3 2 2 4 2 2
Last Time Cost: 00000001 ms
Total Time Cost: 00000042 ms
Total Distance 44: 3 2 2 3 2 3 2 3 2 3 1 3 3 2 2 4 2 2
Last Time Cost: 00000000 ms
Total Time Cost: 00000042 ms
Total Distance 43: 3 2 2 3 2 3 2 3 2 3 0 3 3 2 2 4 2 2
Last Time Cost: 00000001 ms
Total Time Cost: 00000043 ms
Total Distance 42: 3 2 2 3 2 3 2 3 2 3 0 3 3 2 2 3 2 2
Last Time Cost: 00000000 ms
Total Time Cost: 00000043 ms
Total Distance 41: 3 2 2 3 2 3 2 3 2 3 0 2 3 2 2 3 2 2
Last Time Cost: 00000000 ms
Total Time Cost: 00000043 ms
Total Distance 40: 3 2 2 3 2 3 2 3 2 3 0 2 3 2 2 2 2 2
Last Time Cost: 00000000 ms
Total Time Cost: 00000043 ms
Total Distance 39: 2 2 2 3 2 3 2 3 2 3 0 2 3 2 2 2 2 2
Last Time Cost: 00000000 ms
Total Time Cost: 00000043 ms
Total Distance 38: 2 2 2 3 2 3 2 3 2 3 0 2 2 2 2 2 2 2
Last Time Cost: 00000000 ms
Total Time Cost: 00000043 ms
Total Distance 36: 2 2 2 3 2 3 2 2 2 3 0 2 2 2 2 2 1 2
Last Time Cost: 00000000 ms
Total Time Cost: 00000043 ms
Total Distance 35: 2 2 2 3 2 3 2 2 2 3 0 2 2 2 2 2 0 2
Last Time Cost: 00000000 ms
Total Time Cost: 00000043 ms
Total Distance 34: 2 2 2 2 2 3 2 2 2 3 0 2 2 2 2 2 0 2
Last Time Cost: 00000000 ms
Total Time Cost: 00000043 ms
Total Distance 33: 2 2 2 2 2 3 2 2 2 2 0 2 2 2 2 2 0 2
Last Time Cost: 00000000 ms
Total Time Cost: 00000043 ms
Total Distance 32: 2 2 2 2 2 2 2 2 2 2 0 2 2 2 2 2 0 2
Last Time Cost: 00000001 ms
Total Time Cost: 00000044 ms
Total Distance 31: 2 2 2 2 2 2 2 2 2 2 0 2 2 1 2 2 0 2
Last Time Cost: 00000000 ms
Total Time Cost: 00000044 ms
Total Distance 30: 2 2 2 2 2 2 2 2 2 2 0 2 2 0 2 2 0 2
Last Time Cost: 00000000 ms
Total Time Cost: 00000044 ms
Total Distance 29: 2 2 2 2 2 2 2 2 2 2 0 2 1 0 2 2 0 2
Last Time Cost: 00000000 ms
Total Time Cost: 00000044 ms
Total Distance 28: 2 2 2 2 2 2 2 2 2 2 0 2 0 0 2 2 0 2
Last Time Cost: 00000000 ms
Total Time Cost: 00000044 ms
Total Distance 27: 2 2 2 2 2 2 2 1 2 2 0 2 0 0 2 2 0 2
Last Time Cost: 00000000 ms
Total Time Cost: 00000044 ms
Total Distance 26: 2 2 2 2 2 2 2 0 2 2 0 2 0 0 2 2 0 2
Last Time Cost: 00000000 ms
Total Time Cost: 00000044 ms
Total Distance 25: 2 2 1 2 2 2 2 0 2 2 0 2 0 0 2 2 0 2
Last Time Cost: 00000000 ms
Total Time Cost: 00000044 ms
Total Distance 24: 2 2 0 2 2 2 2 0 2 2 0 2 0 0 2 2 0 2
Last Time Cost: 00000001 ms
Total Time Cost: 00000045 ms
Total Distance 23: 2 2 0 2 1 2 2 0 2 2 0 2 0 0 2 2 0 2
Last Time Cost: 00000000 ms
Total Time Cost: 00000045 ms
Total Distance 22: 2 2 0 2 0 2 2 0 2 2 0 2 0 0 2 2 0 2
Last Time Cost: 00000000 ms
Total Time Cost: 00000045 ms
Total Distance 21: 1 2 0 2 0 2 2 0 2 2 0 2 0 0 2 2 0 2
Last Time Cost: 00000000 ms
Total Time Cost: 00000045 ms
Total Distance 20: 0 2 0 2 0 2 2 0 2 2 0 2 0 0 2 2 0 2
Last Time Cost: 00000000 ms
Total Time Cost: 00000045 ms
Total Distance 19: 0 2 0 2 0 2 2 0 2 2 0 2 0 0 1 2 0 2
Last Time Cost: 00000000 ms
Total Time Cost: 00000045 ms
Total Distance 18: 0 2 0 2 0 2 2 0 2 2 0 2 0 0 0 2 0 2
Last Time Cost: 00000000 ms
Total Time Cost: 00000045 ms
Total Distance 17: 0 2 0 2 0 2 2 0 2 2 0 1 0 0 0 2 0 2
Last Time Cost: 00000000 ms
Total Time Cost: 00000045 ms
Total Distance 16: 0 2 0 2 0 2 2 0 2 2 0 0 0 0 0 2 0 2
Last Time Cost: 00000000 ms
Total Time Cost: 00000045 ms
Total Distance 15: 0 1 0 2 0 2 2 0 2 2 0 0 0 0 0 2 0 2
Last Time Cost: 00000000 ms
Total Time Cost: 00000045 ms
Total Distance 14: 0 0 0 2 0 2 2 0 2 2 0 0 0 0 0 2 0 2
Last Time Cost: 00000000 ms
Total Time Cost: 00000045 ms
Total Distance 13: 0 0 0 2 0 1 2 0 2 2 0 0 0 0 0 2 0 2
Last Time Cost: 00000000 ms
Total Time Cost: 00000045 ms
Total Distance 12: 0 0 0 2 0 0 2 0 2 2 0 0 0 0 0 2 0 2
Last Time Cost: 00000000 ms
Total Time Cost: 00000045 ms
Total Distance 11: 0 0 0 1 0 0 2 0 2 2 0 0 0 0 0 2 0 2
Last Time Cost: 00000000 ms
Total Time Cost: 00000045 ms
Total Distance 10: 0 0 0 0 0 0 2 0 2 2 0 0 0 0 0 2 0 2
Last Time Cost: 00000000 ms
Total Time Cost: 00000045 ms
Total Distance 9: 0 0 0 0 0 0 1 0 2 2 0 0 0 0 0 2 0 2
Last Time Cost: 00000000 ms
Total Time Cost: 00000045 ms
Total Distance 8: 0 0 0 0 0 0 0 0 2 2 0 0 0 0 0 2 0 2
Last Time Cost: 00000000 ms
Total Time Cost: 00000045 ms
Total Distance 7: 0 0 0 0 0 0 0 0 2 2 0 0 0 0 0 2 0 1
Last Time Cost: 00000000 ms
Total Time Cost: 00000045 ms
Total Distance 6: 0 0 0 0 0 0 0 0 2 2 0 0 0 0 0 2 0 0
Last Time Cost: 00000000 ms
Total Time Cost: 00000045 ms
Total Distance 5: 0 0 0 0 0 0 0 0 1 2 0 0 0 0 0 2 0 0
Last Time Cost: 00000000 ms
Total Time Cost: 00000045 ms
Total Distance 4: 0 0 0 0 0 0 0 0 0 2 0 0 0 0 0 2 0 0
Last Time Cost: 00000000 ms
Total Time Cost: 00000045 ms
Total Distance 3: 0 0 0 0 0 0 0 0 0 2 0 0 0 0 0 1 0 0
Last Time Cost: 00000000 ms
Total Time Cost: 00000045 ms
Total Distance 2: 0 0 0 0 0 0 0 0 0 2 0 0 0 0 0 0 0 0
Last Time Cost: 00000000 ms
Total Time Cost: 00000045 ms
Total Distance 1: 0 0 0 0 0 0 0 0 0 1 0 0 0 0 0 0 0 0
Last Time Cost: 00000000 ms
Total Time Cost: 00000045 ms
Total Distance 0: 0 0 0 0 0 0 0 0 0 0 0 0 0 0 0 0 0 0
