Last Time Cost: 00000000 ms
Total Time Cost: 00000000 ms
Total Distance 168: 8 8 8 8 8 8 6 6 6 6 6 6 7 7 7 7 7 7 7 7 7 7 7 7
Last Time Cost: 00000008 ms
Total Time Cost: 00000008 ms
Total Distance 161: 8 8 8 7 8 8 5 6 6 6 6 5 7 7 7 6 7 7 6 7 7 6 7 6
Last Time Cost: 00000006 ms
Total Time Cost: 00000014 ms
Total Distance 155: 7 7 7 6 8 8 5 6 6 5 6 5 7 7 7 6 7 6 6 7 7 6 7 6
Last Time Cost: 00000005 ms
Total Time Cost: 00000019 ms
Total Distance 150: 7 7 7 6 8 7 5 6 6 5 6 5 7 7 6 6 6 6 6 6 6 6 7 6
Last Time Cost: 00000004 ms
Total Time Cost: 00000023 ms
Total Distance 145: 7 6 7 6 8 7 5 6 6 5 6 5 6 6 6 6 6 6 6 6 5 6 6 6
Last Time Cost: 00000004 ms
Total Time Cost: 00000027 ms
Total Distance 140: 7 6 7 6 7 7 5 5 6 4 6 5 6 6 6 6 6 6 5 6 5 5 6 6
Last Time Cost: 00000003 ms
Total Time Cost: 00000030 ms
Total Distance 136: 6 6 6 6 7 7 5 5 6 4 5 5 6 6 6 5 6 6 5 6 5 5 6 6
Last Time Cost: 00000002 ms
Total Time Cost: 00000032 ms
Total Distance 132: 6 6 6 6 7 6 5 5 6 4 5 5 6 6 5 5 6 6 5 5 4 5 6 6
Last Time Cost: 00000003 ms
Total Time Cost: 00000035 ms
Total Distance 128: 6 6 6 6 7 6 5 5 6 4 4 5 5 6 5 5 5 5 5 5 4 5 6 6
Last Time Cost: 00000002 ms
Total Time Cost: 00000037 ms
Total Distance 124: 5 6 6 6 6 6 5 5 6 3 4 5 5 6 5 5 5 5 4 5 4 5 6 6
Last Time Cost: 00000002 ms
Total Time Cost: 00000039 ms
Total Distance 120: 5 6 6 5 6 6 4 5 5 3 4 5 5 6 5 5 5 5 4 4 4 5 6 6
Last Time Cost: 00000002 ms
Total Time Cost: 00000041 ms
Total Distance 116: 4 6 6 5 6 6 4 5 5 3 4 5 4 6 5 4 5 5 4 4 4 5 6 5
Last Time Cost: 00000002 ms
Total Time Cost: 00000043 ms
Total Distance 113: 4 6 5 5 5 6 4 5 5 3 4 5 4 6 5 4 5 5 4 4 4 5 5 5
Last Time Cost: 00000002 ms
Total Time Cost: 00000045 ms
Total Distance 110: 4 5 5 5 5 6 4 5 5 3 4 5 3 5 5 4 5 5 4 4 4 5 5 5
Last Time Cost: 00000002 ms
Total Time Cost: 00000047 ms
Total Distance 107: 4 4 4 5 5 6 4 5 5 3 4 5 3 5 5 4 5 4 4 4 4 5 5 5
Last Time Cost: 00000002 ms
Total Time Cost: 00000049 ms
Total Distance 104: 4 4 4 5 5 5 4 5 5 3 4 5 3 4 5 4 5 4 3 4 4 5 5 5
Last Time Cost: 00000002 ms
Total Time Cost: 00000051 ms
Total Distance 101: 4 4 4 4 5 5 4 5 5 3 4 4 3 4 5 4 5 4 3 4 4 5 5 4
Last Time Cost: 00000001 ms
Total Time Cost: 00000052 ms
Total Distance 99: 4 4 4 4 5 5 4 4 5 3 4 4 3 4 5 4 5 4 3 4 4 4 5 4
Last Time Cost: 00000001 ms
Total Time Cost: 00000053 ms
Total Distance 97: 4 4 4 4 5 4 4 4 4 3 4 4 3 4 5 4 5 4 3 4 4 4 5 4
Last Time Cost: 00000001 ms
Total Time Cost: 00000054 ms
Total Distance 95: 4 4 4 4 5 4 4 4 4 3 3 4 3 4 5 4 4 4 3 4 4 4 5 4
Last Time Cost: 00000001 ms
Total Time Cost: 00000055 ms
Total Distance 93: 4 4 4 4 4 4 4 4 4 3 3 4 3 4 5 4 4 3 3 4 4 4 5 4
Last Time Cost: 00000001 ms
Total Time Cost: 00000056 ms
Total Distance 91: 4 4 4 4 4 4 4 4 4 3 3 4 3 4 4 4 4 3 3 4 3 4 5 4
Last Time Cost: 00000001 ms
Total Time Cost: 00000057 ms
Total Distance 89: 4 4 4 4 4 4 4 4 4 3 3 4 3 4 4 4 4 3 3 4 3 3 4 4
Last Time Cost: 00000001 ms
Total Time Cost: 00000058 ms
Total Distance 87: 4 3 4 3 4 4 4 4 4 3 3 4 3 4 4 4 4 3 3 4 3 3 4 4
Last Time Cost: 00000001 ms
Total Time Cost: 00000059 ms
Total Distance 85: 3 3 4 3 4 4 4 4 4 3 3 4 3 4 4 3 4 3 3 4 3 3 4 4
Last Time Cost: 00000001 ms
Total Time Cost: 00000060 ms
Total Distance 83: 3 3 4 3 4 4 4 3 4 3 3 3 3 4 4 3 4 3 3 4 3 3 4 4
Last Time Cost: 00000001 ms
Total Time Cost: 00000061 ms
Total Distance 80: 3 3 4 3 4 4 4 3 4 3 3 2 3 4 4 3 4 3 3 3 3 3 4 3
Last Time Cost: 00000001 ms
Total Time Cost: 00000062 ms
Total Distance 78: 3 3 3 3 4 4 4 3 4 3 3 2 3 4 4 3 4 3 3 3 3 3 3 3
Last Time Cost: 00000001 ms
Total Time Cost: 00000063 ms
Total Distance 76: 3 3 3 3 4 4 3 3 3 3 3 2 3 4 4 3 4 3 3 3 3 3 3 3
Last Time Cost: 00000001 ms
Total Time Cost: 00000064 ms
Total Distance 74: 3 3 3 3 3 4 3 3 3 3 3 2 3 4 4 3 4 2 3 3 3 3 3 3
Last Time Cost: 00000001 ms
Total Time Cost: 00000065 ms
Total Distance 72: 3 3 3 3 3 4 3 3 3 3 2 2 3 4 4 3 3 2 3 3 3 3 3 3
Last Time Cost: 00000001 ms
Total Time Cost: 00000066 ms
Total Distance 70: 3 3 3 3 3 4 3 3 3 3 2 2 3 3 4 3 3 2 2 3 3 3 3 3
Last Time Cost: 00000001 ms
Total Time Cost: 00000067 ms
Total Distance 68: 2 3 3 3 3 4 3 3 3 2 2 2 3 3 4 3 3 2 2 3 3 3 3 3
Last Time Cost: 00000001 ms
Total Time Cost: 00000068 ms
Total Distance 66: 2 2 3 3 3 4 2 3 3 2 2 2 3 3 4 3 3 2 2 3 3 3 3 3
Last Time Cost: 00000001 ms
Total Time Cost: 00000069 ms
Total Distance 65: 2 2 3 3 3 4 2 3 3 2 2 2 3 3 3 3 3 2 2 3 3 3 3 3
Last Time Cost: 00000001 ms
Total Time Cost: 00000070 ms
Total Distance 64: 2 2 3 3 3 3 2 3 3 2 2 2 3 3 3 3 3 2 2 3 3 3 3 3
Last Time Cost: 00000001 ms
Total Time Cost: 00000071 ms
Total Distance 63: 2 2 3 3 3 3 2 3 2 2 2 2 3 3 3 3 3 2 2 3 3 3 3 3
Last Time Cost: 00000001 ms
Total Time Cost: 00000072 ms
Total Distance 62: 2 2 3 3 3 3 2 3 2 2 2 2 3 3 3 3 3 2 2 3 3 3 3 2
Last Time Cost: 00000001 ms
Total Time Cost: 00000073 ms
Total Distance 61: 2 2 3 3 3 2 2 3 2 2 2 2 3 3 3 3 3 2 2 3 3 3 3 2
Last Time Cost: 00000001 ms
Total Time Cost: 00000074 ms
Total Distance 60: 2 2 3 3 2 2 2 3 2 2 2 2 3 3 3 3 3 2 2 3 3 3 3 2
Last Time Cost: 00000001 ms
Total Time Cost: 00000075 ms
Total Distance 59: 2 2 3 3 2 2 2 3 2 2 2 2 3 2 3 3 3 2 2 3 3 3 3 2
Last Time Cost: 00000001 ms
Total Time Cost: 00000076 ms
Total Distance 58: 2 2 3 3 2 2 2 3 2 2 2 2 3 2 3 3 3 2 2 3 3 2 3 2
Last Time Cost: 00000001 ms
Total Time Cost: 00000077 ms
Total Distance 57: 2 2 3 2 2 2 2 3 2 2 2 2 3 2 3 3 3 2 2 3 3 2 3 2
Last Time Cost: 00000001 ms
Total Time Cost: 00000078 ms
Total Distance 56: 2 2 3 2 2 2 2 3 2 2 2 2 3 2 3 3 2 2 2 3 3 2 3 2
Last Time Cost: 00000001 ms
Total Time Cost: 00000079 ms
Total Distance 55: 2 2 3 2 2 2 2 2 2 2 2 2 3 2 3 3 2 2 2 3 3 2 3 2
Last Time Cost: 00000001 ms
Total Time Cost: 00000080 ms
Total Distance 54: 2 2 3 2 2 2 2 2 2 2 2 2 3 2 3 3 2 2 2 3 3 2 2 2
Last Time Cost: 00000001 ms
Total Time Cost: 00000081 ms
Total Distance 53: 2 2 3 2 2 2 2 2 2 2 2 2 3 2 3 2 2 2 2 3 3 2 2 2
Last Time Cost: 00000001 ms
Total Time Cost: 00000082 ms
Total Distance 52: 2 2 3 2 2 2 2 2 2 2 2 2 2 2 3 2 2 2 2 3 3 2 2 2
Last Time Cost: 00000001 ms
Total Time Cost: 00000083 ms
Total Distance 51: 2 2 3 2 2 2 2 2 2 2 2 2 2 2 3 2 2 2 2 2 3 2 2 2
Last Time Cost: 00000001 ms
Total Time Cost: 00000084 ms
Total Distance 50: 2 2 3 2 2 2 2 2 2 2 2 2 2 2 2 2 2 2 2 2 3 2 2 2
Last Time Cost: 00000001 ms
Total Time Cost: 00000085 ms
Total Distance 49: 2 2 3 2 2 2 2 2 2 2 2 2 2 2 2 2 2 2 2 2 2 2 2 2
Last Time Cost: 00000001 ms
Total Time Cost: 00000086 ms
Total Distance 48: 2 2 2 2 2 2 2 2 2 2 2 2 2 2 2 2 2 2 2 2 2 2 2 2
Last Time Cost: 00000001 ms
Total Time Cost: 00000087 ms
Total Distance 47: 2 2 2 2 1 2 2 2 2 2 2 2 2 2 2 2 2 2 2 2 2 2 2 2
Last Time Cost: 00000000 ms
Total Time Cost: 00000087 ms
Total Distance 46: 2 2 2 2 0 2 2 2 2 2 2 2 2 2 2 2 2 2 2 2 2 2 2 2
Last Time Cost: 00000001 ms
Total Time Cost: 00000088 ms
Total Distance 45: 2 2 2 2 0 2 2 2 2 2 2 2 2 2 2 1 2 2 2 2 2 2 2 2
Last Time Cost: 00000000 ms
Total Time Cost: 00000088 ms
Total Distance 44: 2 2 2 2 0 2 2 2 2 2 2 2 2 2 2 0 2 2 2 2 2 2 2 2
Last Time Cost: 00000001 ms
Total Time Cost: 00000089 ms
Total Distance 43: 2 2 2 2 0 2 2 2 2 1 2 2 2 2 2 0 2 2 2 2 2 2 2 2
Last Time Cost: 00000000 ms
Total Time Cost: 00000089 ms
Total Distance 42: 2 2 2 2 0 2 2 2 2 0 2 2 2 2 2 0 2 2 2 2 2 2 2 2
Last Time Cost: 00000001 ms
Total Time Cost: 00000090 ms
Total Distance 41: 2 2 2 2 0 2 2 2 1 0 2 2 2 2 2 0 2 2 2 2 2 2 2 2
Last Time Cost: 00000000 ms
Total Time Cost: 00000090 ms
Total Distance 40: 2 2 2 2 0 2 2 2 0 0 2 2 2 2 2 0 2 2 2 2 2 2 2 2
Last Time Cost: 00000001 ms
Total Time Cost: 00000091 ms
Total Distance 39: 2 2 2 2 0 2 2 2 0 0 2 2 2 1 2 0 2 2 2 2 2 2 2 2
Last Time Cost: 00000000 ms
Total Time Cost: 00000091 ms
Total Distance 38: 2 2 2 2 0 2 2 2 0 0 2 2 2 0 2 0 2 2 2 2 2 2 2 2
Last Time Cost: 00000001 ms
Total Time Cost: 00000092 ms
Total Distance 37: 2 2 2 2 0 2 1 2 0 0 2 2 2 0 2 0 2 2 2 2 2 2 2 2
Last Time Cost: 00000000 ms
Total Time Cost: 00000092 ms
Total Distance 36: 2 2 2 2 0 2 0 2 0 0 2 2 2 0 2 0 2 2 2 2 2 2 2 2
Last Time Cost: 00000001 ms
Total Time Cost: 00000093 ms
Total Distance 35: 2 1 2 2 0 2 0 2 0 0 2 2 2 0 2 0 2 2 2 2 2 2 2 2
Last Time Cost: 00000000 ms
Total Time Cost: 00000093 ms
Total Distance 34: 2 0 2 2 0 2 0 2 0 0 2 2 2 0 2 0 2 2 2 2 2 2 2 2
Last Time Cost: 00000001 ms
Total Time Cost: 00000094 ms
Total Distance 33: 2 0 2 2 0 2 0 1 0 0 2 2 2 0 2 0 2 2 2 2 2 2 2 2
Last Time Cost: 00000000 ms
Total Time Cost: 00000094 ms
Total Distance 32: 2 0 2 2 0 2 0 0 0 0 2 2 2 0 2 0 2 2 2 2 2 2 2 2
Last Time Cost: 00000001 ms
Total Time Cost: 00000095 ms
Total Distance 31: 2 0 2 2 0 1 0 0 0 0 2 2 2 0 2 0 2 2 2 2 2 2 2 2
Last Time Cost: 00000000 ms
Total Time Cost: 00000095 ms
Total Distance 30: 2 0 2 2 0 0 0 0 0 0 2 2 2 0 2 0 2 2 2 2 2 2 2 2
Last Time Cost: 00000001 ms
Total Time Cost: 00000096 ms
Total Distance 29: 2 0 2 1 0 0 0 0 0 0 2 2 2 0 2 0 2 2 2 2 2 2 2 2
Last Time Cost: 00000000 ms
Total Time Cost: 00000096 ms
Total Distance 28: 2 0 2 0 0 0 0 0 0 0 2 2 2 0 2 0 2 2 2 2 2 2 2 2
Last Time Cost: 00000001 ms
Total Time Cost: 00000097 ms
Total Distance 27: 2 0 2 0 0 0 0 0 0 0 2 2 2 0 2 0 2 2 1 2 2 2 2 2
Last Time Cost: 00000000 ms
Total Time Cost: 00000097 ms
Total Distance 26: 2 0 2 0 0 0 0 0 0 0 2 2 2 0 2 0 2 2 0 2 2 2 2 2
Last Time Cost: 00000001 ms
Total Time Cost: 00000098 ms
Total Distance 25: 2 0 2 0 0 0 0 0 0 0 2 2 2 0 2 0 2 2 0 2 2 1 2 2
Last Time Cost: 00000000 ms
Total Time Cost: 00000098 ms
Total Distance 24: 2 0 2 0 0 0 0 0 0 0 2 2 2 0 2 0 2 2 0 2 2 0 2 2
Last Time Cost: 00000000 ms
Total Time Cost: 00000098 ms
Total Distance 23: 2 0 2 0 0 0 0 0 0 0 2 1 2 0 2 0 2 2 0 2 2 0 2 2
Last Time Cost: 00000000 ms
Total Time Cost: 00000098 ms
Total Distance 22: 2 0 2 0 0 0 0 0 0 0 2 0 2 0 2 0 2 2 0 2 2 0 2 2
Last Time Cost: 00000001 ms
Total Time Cost: 00000099 ms
Total Distance 21: 2 0 2 0 0 0 0 0 0 0 2 0 2 0 2 0 2 2 0 2 2 0 1 2
Last Time Cost: 00000000 ms
Total Time Cost: 00000099 ms
Total Distance 20: 2 0 2 0 0 0 0 0 0 0 2 0 2 0 2 0 2 2 0 2 2 0 0 2
Last Time Cost: 00000001 ms
Total Time Cost: 00000100 ms
Total Distance 19: 2 0 2 0 0 0 0 0 0 0 2 0 2 0 2 0 2 1 0 2 2 0 0 2
Last Time Cost: 00000000 ms
Total Time Cost: 00000100 ms
Total Distance 18: 2 0 2 0 0 0 0 0 0 0 2 0 2 0 2 0 2 0 0 2 2 0 0 2
Last Time Cost: 00000001 ms
Total Time Cost: 00000101 ms
Total Distance 17: 2 0 2 0 0 0 0 0 0 0 2 0 2 0 1 0 2 0 0 2 2 0 0 2
Last Time Cost: 00000000 ms
Total Time Cost: 00000101 ms
Total Distance 16: 2 0 2 0 0 0 0 0 0 0 2 0 2 0 0 0 2 0 0 2 2 0 0 2
Last Time Cost: 00000001 ms
Total Time Cost: 00000102 ms
Total Distance 15: 2 0 1 0 0 0 0 0 0 0 2 0 2 0 0 0 2 0 0 2 2 0 0 2
Last Time Cost: 00000000 ms
Total Time Cost: 00000102 ms
Total Distance 14: 2 0 0 0 0 0 0 0 0 0 2 0 2 0 0 0 2 0 0 2 2 0 0 2
Last Time Cost: 00000000 ms
Total Time Cost: 00000102 ms
Total Distance 13: 2 0 0 0 0 0 0 0 0 0 2 0 2 0 0 0 1 0 0 2 2 0 0 2
Last Time Cost: 00000000 ms
Total Time Cost: 00000102 ms
Total Distance 12: 2 0 0 0 0 0 0 0 0 0 2 0 2 0 0 0 0 0 0 2 2 0 0 2
Last Time Cost: 00000000 ms
Total Time Cost: 00000102 ms
Total Distance 11: 2 0 0 0 0 0 0 0 0 0 2 0 2 0 0 0 0 0 0 2 2 0 0 1
Last Time Cost: 00000000 ms
Total Time Cost: 00000102 ms
Total Distance 10: 2 0 0 0 0 0 0 0 0 0 2 0 2 0 0 0 0 0 0 2 2 0 0 0
Last Time Cost: 00000000 ms
Total Time Cost: 00000102 ms
Total Distance 9: 2 0 0 0 0 0 0 0 0 0 2 0 2 0 0 0 0 0 0 2 1 0 0 0
Last Time Cost: 00000000 ms
Total Time Cost: 00000102 ms
Total Distance 8: 2 0 0 0 0 0 0 0 0 0 2 0 2 0 0 0 0 0 0 2 0 0 0 0
Last Time Cost: 00000000 ms
Total Time Cost: 00000102 ms
Total Distance 7: 2 0 0 0 0 0 0 0 0 0 2 0 1 0 0 0 0 0 0 2 0 0 0 0
Last Time Cost: 00000000 ms
Total Time Cost: 00000102 ms
Total Distance 6: 2 0 0 0 0 0 0 0 0 0 2 0 0 0 0 0 0 0 0 2 0 0 0 0
Last Time Cost: 00000000 ms
Total Time Cost: 00000102 ms
Total Distance 5: 2 0 0 0 0 0 0 0 0 0 1 0 0 0 0 0 0 0 0 2 0 0 0 0
Last Time Cost: 00000000 ms
Total Time Cost: 00000102 ms
Total Distance 4: 2 0 0 0 0 0 0 0 0 0 0 0 0 0 0 0 0 0 0 2 0 0 0 0
Last Time Cost: 00000000 ms
Total Time Cost: 00000102 ms
Total Distance 3: 2 0 0 0 0 0 0 0 0 0 0 0 0 0 0 0 0 0 0 1 0 0 0 0
Last Time Cost: 00000000 ms
Total Time Cost: 00000102 ms
Total Distance 2: 2 0 0 0 0 0 0 0 0 0 0 0 0 0 0 0 0 0 0 0 0 0 0 0
Last Time Cost: 00000000 ms
Total Time Cost: 00000102 ms
Total Distance 1: 1 0 0 0 0 0 0 0 0 0 0 0 0 0 0 0 0 0 0 0 0 0 0 0
Last Time Cost: 00000000 ms
Total Time Cost: 00000102 ms
Total Distance 0: 0 0 0 0 0 0 0 0 0 0 0 0 0 0 0 0 0 0 0 0 0 0 0 0
