Last Time Cost: 00000000 ms
Total Time Cost: 00000000 ms
Total Distance 176: 9 9 9 9 9 7 7 7 7 7 8 8 8 8 8 8 8 8 8 8 8 8
Last Time Cost: 00000009 ms
Total Time Cost: 00000009 ms
Total Distance 165: 8 9 9 8 8 7 7 6 7 7 7 7 8 7 8 8 7 7 7 8 7 8
Last Time Cost: 00000006 ms
Total Time Cost: 00000015 ms
Total Distance 156: 8 9 9 8 7 7 7 5 7 7 6 6 8 6 8 8 6 6 6 8 6 8
Last Time Cost: 00000008 ms
Total Time Cost: 00000023 ms
Total Distance 148: 8 9 9 8 7 6 7 5 6 7 5 6 8 6 7 7 5 5 6 7 6 8
Last Time Cost: 00000009 ms
Total Time Cost: 00000032 ms
Total Distance 143: 8 8 8 8 7 6 6 5 6 7 5 6 8 6 6 7 5 5 6 6 6 8
Last Time Cost: 00000006 ms
Total Time Cost: 00000038 ms
Total Distance 138: 8 7 8 7 7 6 6 5 6 7 5 6 7 5 6 6 5 5 6 6 6 8
Last Time Cost: 00000006 ms
Total Time Cost: 00000044 ms
Total Distance 133: 8 6 8 7 7 6 6 5 5 7 4 6 6 5 6 6 5 5 6 6 6 7
Last Time Cost: 00000005 ms
Total Time Cost: 00000049 ms
Total Distance 128: 7 6 8 7 6 6 6 4 5 7 4 5 6 5 6 6 5 5 6 5 6 7
Last Time Cost: 00000005 ms
Total Time Cost: 00000054 ms
Total Distance 124: 7 6 7 6 6 6 6 4 5 6 4 5 6 5 6 6 5 5 6 5 6 6
Last Time Cost: 00000003 ms
Total Time Cost: 00000057 ms
Total Distance 120: 7 6 7 6 5 6 5 4 5 6 4 5 6 5 6 5 5 5 6 5 6 5
Last Time Cost: 00000003 ms
Total Time Cost: 00000060 ms
Total Distance 116: 7 5 6 5 5 6 5 4 5 6 4 5 6 5 6 5 4 5 6 5 6 5
Last Time Cost: 00000003 ms
Total Time Cost: 00000063 ms
Total Distance 112: 7 5 6 5 5 6 4 3 5 6 4 5 6 4 6 5 4 5 6 5 5 5
Last Time Cost: 00000003 ms
Total Time Cost: 00000066 ms
Total Distance 108: 7 5 6 5 5 6 4 3 5 6 3 5 6 4 5 5 4 4 5 5 5 5
Last Time Cost: 00000004 ms
Total Time Cost: 00000070 ms
Total Distance 105: 7 5 5 4 5 6 4 3 5 5 3 5 6 4 5 5 4 4 5 5 5 5
Last Time Cost: 00000004 ms
Total Time Cost: 00000074 ms
Total Distance 102: 7 4 5 4 5 6 4 3 5 5 3 5 5 4 5 4 4 4 5 5 5 5
Last Time Cost: 00000003 ms
Total Time Cost: 00000077 ms
Total Distance 99: 7 3 5 4 5 6 4 3 5 5 3 5 4 4 5 4 4 4 5 5 5 4
Last Time Cost: 00000003 ms
Total Time Cost: 00000080 ms
Total Distance 97: 6 3 5 4 5 5 4 3 5 5 3 5 4 4 5 4 4 4 5 5 5 4
Last Time Cost: 00000003 ms
Total Time Cost: 00000083 ms
Total Distance 95: 5 3 5 4 4 5 4 3 5 5 3 5 4 4 5 4 4 4 5 5 5 4
Last Time Cost: 00000003 ms
Total Time Cost: 00000086 ms
Total Distance 93: 5 3 5 4 4 4 4 3 4 5 3 5 4 4 5 4 4 4 5 5 5 4
Last Time Cost: 00000002 ms
Total Time Cost: 00000088 ms
Total Distance 91: 5 3 5 4 4 4 4 3 4 5 3 5 4 4 5 4 4 4 5 4 4 4
Last Time Cost: 00000002 ms
Total Time Cost: 00000090 ms
Total Distance 89: 5 3 5 4 4 4 4 3 4 5 3 4 4 4 4 4 4 4 5 4 4 4
Last Time Cost: 00000001 ms
Total Time Cost: 00000091 ms
Total Distance 87: 5 3 5 4 4 4 4 3 4 4 3 4 4 4 4 4 4 4 4 4 4 4
Last Time Cost: 00000001 ms
Total Time Cost: 00000092 ms
Total Distance 85: 4 3 5 4 4 4 4 3 4 4 3 3 4 4 4 4 4 4 4 4 4 4
Last Time Cost: 00000001 ms
Total Time Cost: 00000093 ms
Total Distance 83: 4 3 4 3 4 4 4 3 4 4 3 3 4 4 4 4 4 4 4 4 4 4
Last Time Cost: 00000002 ms
Total Time Cost: 00000095 ms
Total Distance 81: 4 3 4 3 4 4 3 3 4 4 3 3 4 4 4 4 4 4 4 3 4 4
Last Time Cost: 00000001 ms
Total Time Cost: 00000096 ms
Total Distance 79: 4 3 4 3 3 4 3 3 4 4 3 3 4 4 4 4 3 4 4 3 4 4
Last Time Cost: 00000001 ms
Total Time Cost: 00000097 ms
Total Distance 77: 4 3 4 3 3 4 3 3 4 4 3 3 4 4 3 4 3 3 4 3 4 4
Last Time Cost: 00000001 ms
Total Time Cost: 00000098 ms
Total Distance 75: 4 3 4 3 3 3 3 3 4 4 3 3 4 4 3 4 3 3 4 3 3 4
Last Time Cost: 00000001 ms
Total Time Cost: 00000099 ms
Total Distance 73: 4 3 4 3 3 3 3 3 4 4 3 3 3 4 3 4 3 3 3 3 3 4
Last Time Cost: 00000001 ms
Total Time Cost: 00000100 ms
Total Distance 71: 4 3 4 3 3 3 3 3 3 4 2 3 3 4 3 4 3 3 3 3 3 4
Last Time Cost: 00000001 ms
Total Time Cost: 00000101 ms
Total Distance 69: 4 2 3 3 3 3 3 3 3 4 2 3 3 4 3 4 3 3 3 3 3 4
Last Time Cost: 00000001 ms
Total Time Cost: 00000102 ms
Total Distance 67: 4 2 3 3 3 3 2 3 3 4 2 3 3 4 3 3 3 3 3 3 3 4
Last Time Cost: 00000001 ms
Total Time Cost: 00000103 ms
Total Distance 65: 4 2 3 3 3 2 2 3 3 4 2 3 3 4 3 3 3 3 3 2 3 4
Last Time Cost: 00000001 ms
Total Time Cost: 00000104 ms
Total Distance 64: 4 2 3 3 3 2 2 3 3 3 2 3 3 4 3 3 3 3 3 2 3 4
Last Time Cost: 00000001 ms
Total Time Cost: 00000105 ms
Total Distance 63: 3 2 3 3 3 2 2 3 3 3 2 3 3 4 3 3 3 3 3 2 3 4
Last Time Cost: 00000001 ms
Total Time Cost: 00000106 ms
Total Distance 62: 3 2 3 3 3 2 2 3 3 3 2 3 3 4 3 3 3 3 3 2 3 3
Last Time Cost: 00000002 ms
Total Time Cost: 00000108 ms
Total Distance 61: 3 2 3 3 3 2 2 3 3 3 2 3 3 3 3 3 3 3 3 2 3 3
Last Time Cost: 00000001 ms
Total Time Cost: 00000109 ms
Total Distance 60: 3 2 3 3 3 2 2 3 3 3 2 2 3 3 3 3 3 3 3 2 3 3
Last Time Cost: 00000001 ms
Total Time Cost: 00000110 ms
Total Distance 59: 3 2 3 3 3 2 2 2 3 3 2 2 3 3 3 3 3 3 3 2 3 3
Last Time Cost: 00000001 ms
Total Time Cost: 00000111 ms
Total Distance 57: 3 2 3 3 3 2 2 2 3 3 1 2 3 3 3 3 3 2 3 2 3 3
Last Time Cost: 00000000 ms
Total Time Cost: 00000111 ms
Total Distance 56: 3 2 3 3 3 2 2 2 3 3 0 2 3 3 3 3 3 2 3 2 3 3
Last Time Cost: 00000001 ms
Total Time Cost: 00000112 ms
Total Distance 55: 3 2 3 2 3 2 2 2 3 3 0 2 3 3 3 3 3 2 3 2 3 3
Last Time Cost: 00000001 ms
Total Time Cost: 00000113 ms
Total Distance 54: 3 2 3 2 3 2 2 2 3 2 0 2 3 3 3 3 3 2 3 2 3 3
Last Time Cost: 00000001 ms
Total Time Cost: 00000114 ms
Total Distance 52: 2 2 3 2 3 2 2 2 2 2 0 2 3 3 3 3 3 2 3 2 3 3
Last Time Cost: 00000001 ms
Total Time Cost: 00000115 ms
Total Distance 51: 2 2 3 2 3 2 2 2 2 2 0 2 2 3 3 3 3 2 3 2 3 3
Last Time Cost: 00000001 ms
Total Time Cost: 00000116 ms
Total Distance 50: 2 2 3 2 3 2 2 2 2 2 0 2 2 3 3 3 3 2 3 2 2 3
Last Time Cost: 00000001 ms
Total Time Cost: 00000117 ms
Total Distance 49: 2 2 3 2 3 2 2 2 2 2 0 2 2 2 3 3 3 2 3 2 2 3
Last Time Cost: 00000001 ms
Total Time Cost: 00000118 ms
Total Distance 48: 2 2 3 2 3 2 2 2 2 2 0 2 2 2 3 3 3 2 2 2 2 3
Last Time Cost: 00000001 ms
Total Time Cost: 00000119 ms
Total Distance 47: 2 2 3 2 3 2 2 2 2 2 0 2 2 2 3 3 2 2 2 2 2 3
Last Time Cost: 00000001 ms
Total Time Cost: 00000120 ms
Total Distance 46: 2 2 3 2 3 2 2 2 2 2 0 2 2 2 3 2 2 2 2 2 2 3
Last Time Cost: 00000001 ms
Total Time Cost: 00000121 ms
Total Distance 45: 2 2 3 2 3 2 2 2 2 2 0 2 2 2 2 2 2 2 2 2 2 3
Last Time Cost: 00000001 ms
Total Time Cost: 00000122 ms
Total Distance 44: 2 2 3 2 3 2 2 2 2 2 0 2 2 2 2 2 2 2 2 2 2 2
Last Time Cost: 00000001 ms
Total Time Cost: 00000123 ms
Total Distance 43: 2 2 2 2 3 2 2 2 2 2 0 2 2 2 2 2 2 2 2 2 2 2
Last Time Cost: 00000001 ms
Total Time Cost: 00000124 ms
Total Distance 42: 2 2 2 2 2 2 2 2 2 2 0 2 2 2 2 2 2 2 2 2 2 2
Last Time Cost: 00000001 ms
Total Time Cost: 00000125 ms
Total Distance 41: 2 2 2 2 2 2 2 2 1 2 0 2 2 2 2 2 2 2 2 2 2 2
Last Time Cost: 00000000 ms
Total Time Cost: 00000125 ms
Total Distance 40: 2 2 2 2 2 2 2 2 0 2 0 2 2 2 2 2 2 2 2 2 2 2
Last Time Cost: 00000001 ms
Total Time Cost: 00000126 ms
Total Distance 39: 2 2 2 2 2 2 2 2 0 2 0 2 1 2 2 2 2 2 2 2 2 2
Last Time Cost: 00000000 ms
Total Time Cost: 00000126 ms
Total Distance 38: 2 2 2 2 2 2 2 2 0 2 0 2 0 2 2 2 2 2 2 2 2 2
Last Time Cost: 00000001 ms
Total Time Cost: 00000127 ms
Total Distance 37: 2 2 2 2 2 2 2 2 0 2 0 2 0 2 2 2 2 2 2 2 2 1
Last Time Cost: 00000000 ms
Total Time Cost: 00000127 ms
Total Distance 36: 2 2 2 2 2 2 2 2 0 2 0 2 0 2 2 2 2 2 2 2 2 0
Last Time Cost: 00000001 ms
Total Time Cost: 00000128 ms
Total Distance 35: 2 2 2 2 2 2 2 2 0 2 0 2 0 1 2 2 2 2 2 2 2 0
Last Time Cost: 00000000 ms
Total Time Cost: 00000128 ms
Total Distance 34: 2 2 2 2 2 2 2 2 0 2 0 2 0 0 2 2 2 2 2 2 2 0
Last Time Cost: 00000001 ms
Total Time Cost: 00000129 ms
Total Distance 33: 2 2 2 1 2 2 2 2 0 2 0 2 0 0 2 2 2 2 2 2 2 0
Last Time Cost: 00000000 ms
Total Time Cost: 00000129 ms
Total Distance 32: 2 2 2 0 2 2 2 2 0 2 0 2 0 0 2 2 2 2 2 2 2 0
Last Time Cost: 00000001 ms
Total Time Cost: 00000130 ms
Total Distance 31: 2 2 2 0 2 2 2 2 0 2 0 2 0 0 1 2 2 2 2 2 2 0
Last Time Cost: 00000000 ms
Total Time Cost: 00000130 ms
Total Distance 30: 2 2 2 0 2 2 2 2 0 2 0 2 0 0 0 2 2 2 2 2 2 0
Last Time Cost: 00000001 ms
Total Time Cost: 00000131 ms
Total Distance 29: 2 2 1 0 2 2 2 2 0 2 0 2 0 0 0 2 2 2 2 2 2 0
Last Time Cost: 00000000 ms
Total Time Cost: 00000131 ms
Total Distance 28: 2 2 0 0 2 2 2 2 0 2 0 2 0 0 0 2 2 2 2 2 2 0
Last Time Cost: 00000001 ms
Total Time Cost: 00000132 ms
Total Distance 27: 2 2 0 0 2 2 2 2 0 2 0 2 0 0 0 2 1 2 2 2 2 0
Last Time Cost: 00000000 ms
Total Time Cost: 00000132 ms
Total Distance 26: 2 2 0 0 2 2 2 2 0 2 0 2 0 0 0 2 0 2 2 2 2 0
Last Time Cost: 00000000 ms
Total Time Cost: 00000132 ms
Total Distance 25: 1 2 0 0 2 2 2 2 0 2 0 2 0 0 0 2 0 2 2 2 2 0
Last Time Cost: 00000000 ms
Total Time Cost: 00000132 ms
Total Distance 24: 0 2 0 0 2 2 2 2 0 2 0 2 0 0 0 2 0 2 2 2 2 0
Last Time Cost: 00000001 ms
Total Time Cost: 00000133 ms
Total Distance 23: 0 2 0 0 2 2 2 2 0 2 0 2 0 0 0 2 0 2 2 1 2 0
Last Time Cost: 00000000 ms
Total Time Cost: 00000133 ms
Total Distance 22: 0 2 0 0 2 2 2 2 0 2 0 2 0 0 0 2 0 2 2 0 2 0
Last Time Cost: 00000000 ms
Total Time Cost: 00000133 ms
Total Distance 21: 0 1 0 0 2 2 2 2 0 2 0 2 0 0 0 2 0 2 2 0 2 0
Last Time Cost: 00000000 ms
Total Time Cost: 00000133 ms
Total Distance 20: 0 0 0 0 2 2 2 2 0 2 0 2 0 0 0 2 0 2 2 0 2 0
Last Time Cost: 00000000 ms
Total Time Cost: 00000133 ms
Total Distance 19: 0 0 0 0 2 2 2 2 0 2 0 1 0 0 0 2 0 2 2 0 2 0
Last Time Cost: 00000000 ms
Total Time Cost: 00000133 ms
Total Distance 18: 0 0 0 0 2 2 2 2 0 2 0 0 0 0 0 2 0 2 2 0 2 0
Last Time Cost: 00000001 ms
Total Time Cost: 00000134 ms
Total Distance 17: 0 0 0 0 2 2 2 1 0 2 0 0 0 0 0 2 0 2 2 0 2 0
Last Time Cost: 00000000 ms
Total Time Cost: 00000134 ms
Total Distance 16: 0 0 0 0 2 2 2 0 0 2 0 0 0 0 0 2 0 2 2 0 2 0
Last Time Cost: 00000001 ms
Total Time Cost: 00000135 ms
Total Distance 15: 0 0 0 0 2 2 2 0 0 2 0 0 0 0 0 2 0 2 2 0 1 0
Last Time Cost: 00000000 ms
Total Time Cost: 00000135 ms
Total Distance 14: 0 0 0 0 2 2 2 0 0 2 0 0 0 0 0 2 0 2 2 0 0 0
Last Time Cost: 00000000 ms
Total Time Cost: 00000135 ms
Total Distance 13: 0 0 0 0 2 2 2 0 0 2 0 0 0 0 0 1 0 2 2 0 0 0
Last Time Cost: 00000000 ms
Total Time Cost: 00000135 ms
Total Distance 12: 0 0 0 0 2 2 2 0 0 2 0 0 0 0 0 0 0 2 2 0 0 0
Last Time Cost: 00000001 ms
Total Time Cost: 00000136 ms
Total Distance 11: 0 0 0 0 2 1 2 0 0 2 0 0 0 0 0 0 0 2 2 0 0 0
Last Time Cost: 00000000 ms
Total Time Cost: 00000136 ms
Total Distance 10: 0 0 0 0 2 0 2 0 0 2 0 0 0 0 0 0 0 2 2 0 0 0
Last Time Cost: 00000000 ms
Total Time Cost: 00000136 ms
Total Distance 9: 0 0 0 0 2 0 2 0 0 1 0 0 0 0 0 0 0 2 2 0 0 0
Last Time Cost: 00000000 ms
Total Time Cost: 00000136 ms
Total Distance 8: 0 0 0 0 2 0 2 0 0 0 0 0 0 0 0 0 0 2 2 0 0 0
Last Time Cost: 00000001 ms
Total Time Cost: 00000137 ms
Total Distance 7: 0 0 0 0 2 0 2 0 0 0 0 0 0 0 0 0 0 2 1 0 0 0
Last Time Cost: 00000000 ms
Total Time Cost: 00000137 ms
Total Distance 6: 0 0 0 0 2 0 2 0 0 0 0 0 0 0 0 0 0 2 0 0 0 0
Last Time Cost: 00000001 ms
Total Time Cost: 00000138 ms
Total Distance 5: 0 0 0 0 2 0 2 0 0 0 0 0 0 0 0 0 0 1 0 0 0 0
Last Time Cost: 00000000 ms
Total Time Cost: 00000138 ms
Total Distance 4: 0 0 0 0 2 0 2 0 0 0 0 0 0 0 0 0 0 0 0 0 0 0
Last Time Cost: 00000000 ms
Total Time Cost: 00000138 ms
Total Distance 3: 0 0 0 0 2 0 1 0 0 0 0 0 0 0 0 0 0 0 0 0 0 0
Last Time Cost: 00000000 ms
Total Time Cost: 00000138 ms
Total Distance 2: 0 0 0 0 2 0 0 0 0 0 0 0 0 0 0 0 0 0 0 0 0 0
Last Time Cost: 00000001 ms
Total Time Cost: 00000139 ms
Total Distance 1: 0 0 0 0 1 0 0 0 0 0 0 0 0 0 0 0 0 0 0 0 0 0
Last Time Cost: 00000000 ms
Total Time Cost: 00000139 ms
Total Distance 0: 0 0 0 0 0 0 0 0 0 0 0 0 0 0 0 0 0 0 0 0 0 0
