Last Time Cost: 00000000 ms
Total Time Cost: 00000000 ms
Total Distance 112: 8 8 8 8 6 6 6 6 7 7 7 7 7 7 7 7
Last Time Cost: 00000005 ms
Total Time Cost: 00000005 ms
Total Distance 102: 8 7 7 7 6 6 5 6 6 6 6 6 6 7 7 6
Last Time Cost: 00000005 ms
Total Time Cost: 00000010 ms
Total Distance 94: 7 6 6 7 5 6 5 6 6 6 5 6 5 6 6 6
Last Time Cost: 00000004 ms
Total Time Cost: 00000014 ms
Total Distance 87: 7 5 6 6 5 6 4 6 5 5 5 6 4 6 6 5
Last Time Cost: 00000001 ms
Total Time Cost: 00000015 ms
Total Distance 82: 6 5 6 6 4 6 4 5 5 4 5 6 4 5 6 5
Last Time Cost: 00000001 ms
Total Time Cost: 00000016 ms
Total Distance 77: 5 4 5 6 4 5 4 5 5 3 5 6 4 5 6 5
Last Time Cost: 00000001 ms
Total Time Cost: 00000017 ms
Total Distance 72: 5 3 4 6 3 5 4 5 5 3 5 6 4 4 5 5
Last Time Cost: 00000001 ms
Total Time Cost: 00000018 ms
Total Distance 68: 5 3 4 5 3 5 4 4 4 3 5 6 4 4 4 5
Last Time Cost: 00000001 ms
Total Time Cost: 00000019 ms
Total Distance 64: 5 3 4 5 3 4 4 4 4 3 4 5 4 4 4 4
Last Time Cost: 00000000 ms
Total Time Cost: 00000019 ms
Total Distance 61: 5 3 4 4 3 4 3 4 3 3 4 5 4 4 4 4
Last Time Cost: 00000000 ms
Total Time Cost: 00000019 ms
Total Distance 57: 5 2 4 4 2 4 3 3 3 3 4 5 4 3 4 4
Last Time Cost: 00000001 ms
Total Time Cost: 00000020 ms
Total Distance 54: 4 1 3 4 2 4 3 3 3 3 4 5 4 3 4 4
Last Time Cost: 00000000 ms
Total Time Cost: 00000020 ms
Total Distance 53: 4 0 3 4 2 4 3 3 3 3 4 5 4 3 4 4
Last Time Cost: 00000000 ms
Total Time Cost: 00000020 ms
Total Distance 50: 4 0 3 3 2 4 3 3 2 3 4 5 4 3 3 4
Last Time Cost: 00000000 ms
Total Time Cost: 00000020 ms
Total Distance 48: 4 0 3 3 2 4 3 3 2 3 3 4 4 3 3 4
Last Time Cost: 00000000 ms
Total Time Cost: 00000020 ms
Total Distance 46: 4 0 3 3 2 4 3 3 2 3 3 4 3 3 3 3
Last Time Cost: 00000000 ms
Total Time Cost: 00000020 ms
Total Distance 44: 4 0 3 3 2 4 3 3 2 3 2 3 3 3 3 3
Last Time Cost: 00000001 ms
Total Time Cost: 00000021 ms
Total Distance 42: 4 0 3 3 2 3 3 3 2 2 2 3 3 3 3 3
Last Time Cost: 00000000 ms
Total Time Cost: 00000021 ms
Total Distance 40: 4 0 3 3 2 3 3 3 2 2 2 3 2 2 3 3
Last Time Cost: 00000000 ms
Total Time Cost: 00000021 ms
Total Distance 39: 3 0 3 3 2 3 3 3 2 2 2 3 2 2 3 3
Last Time Cost: 00000000 ms
Total Time Cost: 00000021 ms
Total Distance 38: 3 0 3 2 2 3 3 3 2 2 2 3 2 2 3 3
Last Time Cost: 00000000 ms
Total Time Cost: 00000021 ms
Total Distance 37: 3 0 3 2 2 3 2 3 2 2 2 3 2 2 3 3
Last Time Cost: 00000001 ms
Total Time Cost: 00000022 ms
Total Distance 36: 3 0 3 2 2 2 2 3 2 2 2 3 2 2 3 3
Last Time Cost: 00000000 ms
Total Time Cost: 00000022 ms
Total Distance 35: 3 0 3 2 2 2 2 3 2 2 2 3 2 2 3 2
Last Time Cost: 00000001 ms
Total Time Cost: 00000023 ms
Total Distance 34: 3 0 3 2 2 2 2 2 2 2 2 3 2 2 3 2
Last Time Cost: 00000001 ms
Total Time Cost: 00000024 ms
Total Distance 33: 3 0 3 2 2 2 2 2 2 2 2 3 2 2 2 2
Last Time Cost: 00000000 ms
Total Time Cost: 00000024 ms
Total Distance 32: 3 0 2 2 2 2 2 2 2 2 2 3 2 2 2 2
Last Time Cost: 00000000 ms
Total Time Cost: 00000024 ms
Total Distance 31: 2 0 2 2 2 2 2 2 2 2 2 3 2 2 2 2
Last Time Cost: 00000001 ms
Total Time Cost: 00000025 ms
Total Distance 30: 2 0 2 2 2 2 2 2 2 2 2 2 2 2 2 2
Last Time Cost: 00000000 ms
Total Time Cost: 00000025 ms
Total Distance 29: 2 0 2 2 2 2 2 2 2 1 2 2 2 2 2 2
Last Time Cost: 00000000 ms
Total Time Cost: 00000025 ms
Total Distance 28: 2 0 2 2 2 2 2 2 2 0 2 2 2 2 2 2
Last Time Cost: 00000000 ms
Total Time Cost: 00000025 ms
Total Distance 27: 2 0 2 2 1 2 2 2 2 0 2 2 2 2 2 2
Last Time Cost: 00000000 ms
Total Time Cost: 00000025 ms
Total Distance 26: 2 0 2 2 0 2 2 2 2 0 2 2 2 2 2 2
Last Time Cost: 00000000 ms
Total Time Cost: 00000025 ms
Total Distance 25: 2 0 2 2 0 2 2 2 2 0 2 2 2 2 2 1
Last Time Cost: 00000000 ms
Total Time Cost: 00000025 ms
Total Distance 24: 2 0 2 2 0 2 2 2 2 0 2 2 2 2 2 0
Last Time Cost: 00000000 ms
Total Time Cost: 00000025 ms
Total Distance 23: 2 0 2 2 0 2 2 2 2 0 2 2 2 1 2 0
Last Time Cost: 00000000 ms
Total Time Cost: 00000025 ms
Total Distance 22: 2 0 2 2 0 2 2 2 2 0 2 2 2 0 2 0
Last Time Cost: 00000000 ms
Total Time Cost: 00000025 ms
Total Distance 21: 1 0 2 2 0 2 2 2 2 0 2 2 2 0 2 0
Last Time Cost: 00000000 ms
Total Time Cost: 00000025 ms
Total Distance 20: 0 0 2 2 0 2 2 2 2 0 2 2 2 0 2 0
Last Time Cost: 00000000 ms
Total Time Cost: 00000025 ms
Total Distance 19: 0 0 2 2 0 2 2 2 2 0 2 2 1 0 2 0
Last Time Cost: 00000000 ms
Total Time Cost: 00000025 ms
Total Distance 18: 0 0 2 2 0 2 2 2 2 0 2 2 0 0 2 0
Last Time Cost: 00000000 ms
Total Time Cost: 00000025 ms
Total Distance 17: 0 0 2 2 0 2 1 2 2 0 2 2 0 0 2 0
Last Time Cost: 00000000 ms
Total Time Cost: 00000025 ms
Total Distance 16: 0 0 2 2 0 2 0 2 2 0 2 2 0 0 2 0
Last Time Cost: 00000000 ms
Total Time Cost: 00000025 ms
Total Distance 15: 0 0 2 2 0 2 0 2 2 0 2 2 0 0 1 0
Last Time Cost: 00000000 ms
Total Time Cost: 00000025 ms
Total Distance 14: 0 0 2 2 0 2 0 2 2 0 2 2 0 0 0 0
Last Time Cost: 00000000 ms
Total Time Cost: 00000025 ms
Total Distance 13: 0 0 2 2 0 2 0 1 2 0 2 2 0 0 0 0
Last Time Cost: 00000000 ms
Total Time Cost: 00000025 ms
Total Distance 12: 0 0 2 2 0 2 0 0 2 0 2 2 0 0 0 0
Last Time Cost: 00000000 ms
Total Time Cost: 00000025 ms
Total Distance 11: 0 0 2 2 0 2 0 0 2 0 1 2 0 0 0 0
Last Time Cost: 00000000 ms
Total Time Cost: 00000025 ms
Total Distance 10: 0 0 2 2 0 2 0 0 2 0 0 2 0 0 0 0
Last Time Cost: 00000001 ms
Total Time Cost: 00000026 ms
Total Distance 9: 0 0 2 1 0 2 0 0 2 0 0 2 0 0 0 0
Last Time Cost: 00000000 ms
Total Time Cost: 00000026 ms
Total Distance 8: 0 0 2 0 0 2 0 0 2 0 0 2 0 0 0 0
Last Time Cost: 00000000 ms
Total Time Cost: 00000026 ms
Total Distance 7: 0 0 2 0 0 2 0 0 2 0 0 1 0 0 0 0
Last Time Cost: 00000000 ms
Total Time Cost: 00000026 ms
Total Distance 6: 0 0 2 0 0 2 0 0 2 0 0 0 0 0 0 0
Last Time Cost: 00000000 ms
Total Time Cost: 00000026 ms
Total Distance 5: 0 0 2 0 0 2 0 0 1 0 0 0 0 0 0 0
Last Time Cost: 00000000 ms
Total Time Cost: 00000026 ms
Total Distance 4: 0 0 2 0 0 2 0 0 0 0 0 0 0 0 0 0
Last Time Cost: 00000000 ms
Total Time Cost: 00000026 ms
Total Distance 3: 0 0 2 0 0 1 0 0 0 0 0 0 0 0 0 0
Last Time Cost: 00000000 ms
Total Time Cost: 00000026 ms
Total Distance 2: 0 0 2 0 0 0 0 0 0 0 0 0 0 0 0 0
Last Time Cost: 00000000 ms
Total Time Cost: 00000026 ms
Total Distance 1: 0 0 1 0 0 0 0 0 0 0 0 0 0 0 0 0
Last Time Cost: 00000000 ms
Total Time Cost: 00000026 ms
Total Distance 0: 0 0 0 0 0 0 0 0 0 0 0 0 0 0 0 0
