Last Time Cost: 00000000 ms
Total Time Cost: 00000000 ms
Total Distance 312: 13 13 13 13 13 13 11 11 11 11 11 11 12 12 12 12 12 12 12 12 12 12 12 12 12 12
Last Time Cost: 00000361 ms
Total Time Cost: 00000361 ms
Total Distance 300: 12 12 13 12 12 12 10 11 10 11 11 11 12 12 11 12 11 11 11 11 12 12 12 12 12 12
Last Time Cost: 00000312 ms
Total Time Cost: 00000673 ms
Total Distance 288: 12 11 13 12 11 12 10 11 10 11 11 10 11 12 11 11 10 10 10 11 11 12 12 11 11 11
Last Time Cost: 00000363 ms
Total Time Cost: 00001036 ms
Total Distance 276: 12 10 12 12 10 11 9 11 10 10 11 10 10 11 10 11 9 10 10 10 11 12 12 11 11 10
Last Time Cost: 00000276 ms
Total Time Cost: 00001312 ms
Total Distance 265: 12 9 11 11 10 11 8 11 10 10 11 10 9 11 9 10 9 10 10 10 10 11 11 11 11 9
Last Time Cost: 00000301 ms
Total Time Cost: 00001613 ms
Total Distance 256: 12 9 10 11 10 10 7 11 10 10 10 9 9 10 9 9 9 10 10 10 10 10 11 11 11 8
Last Time Cost: 00000262 ms
Total Time Cost: 00001875 ms
Total Distance 248: 12 9 10 10 9 10 7 10 10 10 9 9 9 9 8 9 9 10 10 10 10 10 10 11 10 8
Last Time Cost: 00000228 ms
Total Time Cost: 00002103 ms
Total Distance 240: 11 9 9 10 9 10 7 9 10 10 8 9 9 9 8 8 9 9 10 9 9 10 10 11 10 8
Last Time Cost: 00000233 ms
Total Time Cost: 00002336 ms
Total Distance 232: 11 8 8 10 9 9 7 9 10 10 8 9 8 8 7 8 9 9 10 8 9 10 10 11 10 7
Last Time Cost: 00000248 ms
Total Time Cost: 00002584 ms
Total Distance 225: 10 8 8 10 8 9 7 9 9 10 8 8 8 8 7 8 9 9 10 8 9 9 9 10 10 7
Last Time Cost: 00000162 ms
Total Time Cost: 00002746 ms
Total Distance 218: 10 8 8 9 8 8 7 8 9 9 8 8 8 8 7 8 8 9 10 8 9 8 9 9 10 7
Last Time Cost: 00000149 ms
Total Time Cost: 00002895 ms
Total Distance 211: 10 7 8 9 8 8 7 8 9 9 8 8 8 8 7 7 7 9 9 8 8 8 9 9 9 6
Last Time Cost: 00000168 ms
Total Time Cost: 00003063 ms
Total Distance 204: 9 7 8 9 7 8 6 8 9 9 8 8 8 8 7 7 6 8 8 7 8 8 9 9 9 6
Last Time Cost: 00000151 ms
Total Time Cost: 00003214 ms
Total Distance 197: 9 6 8 8 7 8 6 8 9 8 7 8 7 8 7 7 6 8 8 7 7 8 9 8 9 6
Last Time Cost: 00000124 ms
Total Time Cost: 00003338 ms
Total Distance 192: 9 6 8 8 7 8 6 7 9 8 6 8 7 7 7 7 6 8 8 7 7 8 8 8 8 6
Last Time Cost: 00000106 ms
Total Time Cost: 00003444 ms
Total Distance 187: 9 6 8 8 7 7 6 7 9 8 5 7 7 6 7 7 6 8 8 7 7 7 8 8 8 6
Last Time Cost: 00000108 ms
Total Time Cost: 00003552 ms
Total Distance 182: 9 5 7 8 7 7 6 7 9 8 5 7 6 6 6 7 6 8 8 7 7 7 8 8 8 5
Last Time Cost: 00000124 ms
Total Time Cost: 00003676 ms
Total Distance 178: 9 5 7 8 7 6 6 7 9 7 5 7 6 6 6 7 6 8 8 6 7 7 8 8 7 5
Last Time Cost: 00000132 ms
Total Time Cost: 00003808 ms
Total Distance 174: 8 5 7 8 6 6 6 7 9 7 5 7 6 5 6 7 6 8 8 5 7 7 8 8 7 5
Last Time Cost: 00000114 ms
Total Time Cost: 00003922 ms
Total Distance 170: 8 5 7 7 6 5 6 7 9 7 5 7 6 5 6 7 6 7 8 5 7 6 8 8 7 5
Last Time Cost: 00000129 ms
Total Time Cost: 00004051 ms
Total Distance 166: 8 4 7 7 6 5 6 7 9 7 5 7 5 5 6 7 6 7 7 5 7 6 8 7 7 5
Last Time Cost: 00000135 ms
Total Time Cost: 00004186 ms
Total Distance 162: 8 4 7 6 6 5 5 7 9 7 5 7 5 5 6 6 6 7 7 5 6 6 8 7 7 5
Last Time Cost: 00000158 ms
Total Time Cost: 00004344 ms
Total Distance 158: 8 4 7 6 6 5 5 7 9 7 5 7 5 5 6 5 5 7 6 5 6 6 8 7 7 4
Last Time Cost: 00000180 ms
Total Time Cost: 00004524 ms
Total Distance 155: 8 4 7 6 6 5 5 7 8 7 5 7 5 5 6 5 5 7 6 5 6 6 7 6 7 4
Last Time Cost: 00000082 ms
Total Time Cost: 00004606 ms
Total Distance 151: 8 4 6 6 6 5 5 7 8 7 5 7 5 5 6 4 5 7 6 4 5 6 7 6 7 4
Last Time Cost: 00000082 ms
Total Time Cost: 00004688 ms
Total Distance 148: 7 4 5 6 6 5 5 7 7 7 5 7 5 5 6 4 5 7 6 4 5 6 7 6 7 4
Last Time Cost: 00000086 ms
Total Time Cost: 00004774 ms
Total Distance 145: 6 4 5 6 6 5 5 6 7 7 5 7 5 5 6 4 5 6 6 4 5 6 7 6 7 4
Last Time Cost: 00000062 ms
Total Time Cost: 00004836 ms
Total Distance 142: 6 4 5 6 6 5 5 6 6 7 5 7 5 5 5 4 5 6 6 4 5 6 7 6 6 4
Last Time Cost: 00000044 ms
Total Time Cost: 00004880 ms
Total Distance 139: 6 4 5 6 6 5 5 6 6 7 5 6 5 5 5 4 5 6 6 4 5 6 6 5 6 4
Last Time Cost: 00000024 ms
Total Time Cost: 00004904 ms
Total Distance 136: 6 4 5 6 6 5 5 6 6 7 4 6 5 4 5 4 5 6 6 4 5 6 6 5 5 4
Last Time Cost: 00000027 ms
Total Time Cost: 00004931 ms
Total Distance 133: 6 4 5 5 6 5 5 5 6 7 4 6 5 4 5 4 5 5 6 4 5 6 6 5 5 4
Last Time Cost: 00000029 ms
Total Time Cost: 00004960 ms
Total Distance 130: 6 4 5 5 6 5 5 5 6 7 4 6 4 4 4 4 5 5 6 4 5 6 6 5 5 3
Last Time Cost: 00000030 ms
Total Time Cost: 00004990 ms
Total Distance 128: 6 4 5 5 6 5 5 5 5 6 4 6 4 4 4 4 5 5 6 4 5 6 6 5 5 3
Last Time Cost: 00000013 ms
Total Time Cost: 00005003 ms
Total Distance 126: 6 4 5 5 6 5 5 5 5 6 4 5 4 4 4 4 5 5 6 4 5 5 6 5 5 3
Last Time Cost: 00000013 ms
Total Time Cost: 00005016 ms
Total Distance 124: 6 4 5 5 5 5 5 5 5 5 4 5 4 4 4 4 5 5 6 4 5 5 6 5 5 3
Last Time Cost: 00000012 ms
Total Time Cost: 00005028 ms
Total Distance 122: 5 4 5 5 5 5 5 5 5 5 4 5 4 4 4 4 5 5 6 4 5 5 5 5 5 3
Last Time Cost: 00000013 ms
Total Time Cost: 00005041 ms
Total Distance 120: 5 4 5 5 5 5 5 5 5 5 4 4 4 4 4 4 5 5 6 4 5 5 5 4 5 3
Last Time Cost: 00000012 ms
Total Time Cost: 00005053 ms
Total Distance 118: 5 4 5 5 5 5 4 5 5 5 4 4 4 4 4 4 4 5 6 4 5 5 5 4 5 3
Last Time Cost: 00000011 ms
Total Time Cost: 00005064 ms
Total Distance 116: 5 4 5 5 5 5 4 5 5 5 4 4 3 4 4 4 4 5 5 4 5 5 5 4 5 3
Last Time Cost: 00000012 ms
Total Time Cost: 00005076 ms
Total Distance 114: 5 4 5 5 5 4 4 5 5 5 4 4 3 4 4 4 4 5 5 4 5 5 5 4 4 3
Last Time Cost: 00000011 ms
Total Time Cost: 00005087 ms
Total Distance 112: 5 4 5 5 5 4 4 4 5 5 4 4 3 4 4 4 4 4 5 4 5 5 5 4 4 3
Last Time Cost: 00000010 ms
Total Time Cost: 00005097 ms
Total Distance 110: 5 4 4 5 5 4 4 4 5 5 4 4 3 4 4 3 4 4 5 4 5 5 5 4 4 3
Last Time Cost: 00000009 ms
Total Time Cost: 00005106 ms
Total Distance 108: 5 4 4 5 5 4 4 4 5 5 4 4 3 4 3 3 4 4 4 4 5 5 5 4 4 3
Last Time Cost: 00000009 ms
Total Time Cost: 00005115 ms
Total Distance 106: 5 3 4 5 5 4 4 4 4 5 4 4 3 4 3 3 4 4 4 4 5 5 5 4 4 3
Last Time Cost: 00000008 ms
Total Time Cost: 00005123 ms
Total Distance 104: 5 3 4 5 5 4 4 4 4 5 3 4 3 4 3 3 4 4 4 4 4 5 5 4 4 3
Last Time Cost: 00000007 ms
Total Time Cost: 00005130 ms
Total Distance 102: 5 3 4 5 4 4 4 4 4 5 3 4 3 4 3 3 4 4 4 3 4 5 5 4 4 3
Last Time Cost: 00000007 ms
Total Time Cost: 00005137 ms
Total Distance 100: 5 3 4 5 4 4 4 4 4 5 3 4 3 4 3 3 4 3 4 3 4 4 5 4 4 3
Last Time Cost: 00000012 ms
Total Time Cost: 00005149 ms
Total Distance 98: 5 3 4 5 4 4 3 4 4 5 3 4 3 4 3 3 4 3 4 3 3 4 5 4 4 3
Last Time Cost: 00000007 ms
Total Time Cost: 00005156 ms
Total Distance 96: 5 3 4 5 4 4 3 4 4 5 3 4 3 4 3 3 3 3 3 3 3 4 5 4 4 3
Last Time Cost: 00000006 ms
Total Time Cost: 00005162 ms
Total Distance 94: 5 3 4 4 4 4 3 4 4 5 3 4 3 4 2 3 3 3 3 3 3 4 5 4 4 3
Last Time Cost: 00000005 ms
Total Time Cost: 00005167 ms
Total Distance 92: 5 3 4 4 4 4 3 4 4 5 3 3 3 4 2 3 3 3 3 3 3 4 5 3 4 3
Last Time Cost: 00000005 ms
Total Time Cost: 00005172 ms
Total Distance 91: 5 3 4 4 4 4 3 4 4 5 3 3 3 4 2 3 3 3 3 3 3 4 4 3 4 3
Last Time Cost: 00000004 ms
Total Time Cost: 00005176 ms
Total Distance 90: 5 3 4 4 4 4 3 4 4 4 3 3 3 4 2 3 3 3 3 3 3 4 4 3 4 3
Last Time Cost: 00000003 ms
Total Time Cost: 00005179 ms
Total Distance 89: 4 3 4 4 4 4 3 4 4 4 3 3 3 4 2 3 3 3 3 3 3 4 4 3 4 3
Last Time Cost: 00000002 ms
Total Time Cost: 00005181 ms
Total Distance 88: 3 3 4 4 4 4 3 4 4 4 3 3 3 4 2 3 3 3 3 3 3 4 4 3 4 3
Last Time Cost: 00000002 ms
Total Time Cost: 00005183 ms
Total Distance 87: 3 3 4 4 4 3 3 4 4 4 3 3 3 4 2 3 3 3 3 3 3 4 4 3 4 3
Last Time Cost: 00000001 ms
Total Time Cost: 00005184 ms
Total Distance 86: 3 3 4 4 4 3 3 4 3 4 3 3 3 4 2 3 3 3 3 3 3 4 4 3 4 3
Last Time Cost: 00000002 ms
Total Time Cost: 00005186 ms
Total Distance 85: 3 3 4 4 4 3 3 4 3 4 3 3 3 4 2 3 3 3 3 3 3 4 4 3 3 3
Last Time Cost: 00000002 ms
Total Time Cost: 00005188 ms
Total Distance 84: 3 3 4 4 3 3 3 4 3 4 3 3 3 4 2 3 3 3 3 3 3 4 4 3 3 3
Last Time Cost: 00000002 ms
Total Time Cost: 00005190 ms
Total Distance 83: 3 3 4 4 3 3 3 4 3 4 3 3 3 4 2 3 3 3 3 3 3 3 4 3 3 3
Last Time Cost: 00000002 ms
Total Time Cost: 00005192 ms
Total Distance 82: 3 3 4 4 3 3 3 4 3 3 3 3 3 4 2 3 3 3 3 3 3 3 4 3 3 3
Last Time Cost: 00000002 ms
Total Time Cost: 00005194 ms
Total Distance 81: 3 3 4 4 3 3 3 4 3 3 3 3 3 4 2 3 3 3 3 3 3 3 3 3 3 3
Last Time Cost: 00000002 ms
Total Time Cost: 00005196 ms
Total Distance 80: 3 3 4 4 3 3 3 4 3 3 3 3 3 3 2 3 3 3 3 3 3 3 3 3 3 3
Last Time Cost: 00000002 ms
Total Time Cost: 00005198 ms
Total Distance 79: 3 3 4 4 3 3 3 3 3 3 3 3 3 3 2 3 3 3 3 3 3 3 3 3 3 3
Last Time Cost: 00000002 ms
Total Time Cost: 00005200 ms
Total Distance 78: 3 3 4 3 3 3 3 3 3 3 3 3 3 3 2 3 3 3 3 3 3 3 3 3 3 3
Last Time Cost: 00000002 ms
Total Time Cost: 00005202 ms
Total Distance 77: 3 3 3 3 3 3 3 3 3 3 3 3 3 3 2 3 3 3 3 3 3 3 3 3 3 3
Last Time Cost: 00000002 ms
Total Time Cost: 00005204 ms
Total Distance 76: 3 2 3 3 3 3 3 3 3 3 3 3 3 3 2 3 3 3 3 3 3 3 3 3 3 3
Last Time Cost: 00000002 ms
Total Time Cost: 00005206 ms
Total Distance 75: 3 2 3 3 3 3 3 3 3 3 2 3 3 3 2 3 3 3 3 3 3 3 3 3 3 3
Last Time Cost: 00000002 ms
Total Time Cost: 00005208 ms
Total Distance 74: 3 2 3 3 3 3 3 3 3 3 2 3 3 3 2 3 3 3 3 3 3 3 3 2 3 3
Last Time Cost: 00000002 ms
Total Time Cost: 00005210 ms
Total Distance 73: 3 2 3 3 2 3 3 3 3 3 2 3 3 3 2 3 3 3 3 3 3 3 3 2 3 3
Last Time Cost: 00000002 ms
Total Time Cost: 00005212 ms
Total Distance 72: 3 2 3 3 2 3 3 2 3 3 2 3 3 3 2 3 3 3 3 3 3 3 3 2 3 3
Last Time Cost: 00000002 ms
Total Time Cost: 00005214 ms
Total Distance 71: 3 2 3 3 2 3 2 2 3 3 2 3 3 3 2 3 3 3 3 3 3 3 3 2 3 3
Last Time Cost: 00000002 ms
Total Time Cost: 00005216 ms
Total Distance 70: 3 2 3 3 2 3 2 2 3 3 2 3 3 3 2 3 3 3 2 3 3 3 3 2 3 3
Last Time Cost: 00000002 ms
Total Time Cost: 00005218 ms
Total Distance 69: 3 2 3 3 2 2 2 2 3 3 2 3 3 3 2 3 3 3 2 3 3 3 3 2 3 3
Last Time Cost: 00000002 ms
Total Time Cost: 00005220 ms
Total Distance 68: 3 2 3 3 2 2 2 2 3 3 2 3 3 3 2 3 3 3 2 3 3 3 3 2 2 3
Last Time Cost: 00000002 ms
Total Time Cost: 00005222 ms
Total Distance 67: 3 2 3 3 2 2 2 2 2 3 2 3 3 3 2 3 3 3 2 3 3 3 3 2 2 3
Last Time Cost: 00000002 ms
Total Time Cost: 00005224 ms
Total Distance 66: 3 2 3 3 2 2 2 2 2 3 2 3 3 3 2 3 3 3 2 3 3 2 3 2 2 3
Last Time Cost: 00000002 ms
Total Time Cost: 00005226 ms
Total Distance 65: 3 2 3 3 2 2 2 2 2 2 2 3 3 3 2 3 3 3 2 3 3 2 3 2 2 3
Last Time Cost: 00000002 ms
Total Time Cost: 00005228 ms
Total Distance 64: 3 2 3 3 2 2 2 2 2 2 2 2 3 3 2 3 3 3 2 3 3 2 3 2 2 3
Last Time Cost: 00000002 ms
Total Time Cost: 00005230 ms
Total Distance 63: 3 2 3 3 2 2 2 2 2 2 2 2 3 3 2 3 3 3 2 3 3 2 3 2 2 2
Last Time Cost: 00000002 ms
Total Time Cost: 00005232 ms
Total Distance 62: 3 2 3 3 2 2 2 2 2 2 2 2 2 3 2 3 3 3 2 3 3 2 3 2 2 2
Last Time Cost: 00000002 ms
Total Time Cost: 00005234 ms
Total Distance 61: 3 2 3 3 2 2 2 2 2 2 2 2 2 3 2 3 3 3 2 3 2 2 3 2 2 2
Last Time Cost: 00000002 ms
Total Time Cost: 00005236 ms
Total Distance 60: 3 2 3 3 2 2 2 2 2 2 2 2 2 3 2 3 2 3 2 3 2 2 3 2 2 2
Last Time Cost: 00000002 ms
Total Time Cost: 00005238 ms
Total Distance 59: 3 2 3 3 2 2 2 2 2 2 2 2 2 3 2 2 2 3 2 3 2 2 3 2 2 2
Last Time Cost: 00000002 ms
Total Time Cost: 00005240 ms
Total Distance 58: 3 2 3 3 2 2 2 2 2 2 2 2 2 2 2 2 2 3 2 3 2 2 3 2 2 2
Last Time Cost: 00000002 ms
Total Time Cost: 00005242 ms
Total Distance 57: 3 2 3 3 2 2 2 2 2 2 2 2 2 2 2 2 2 3 2 2 2 2 3 2 2 2
Last Time Cost: 00000002 ms
Total Time Cost: 00005244 ms
Total Distance 56: 3 2 3 3 2 2 2 2 2 2 2 2 2 2 2 2 2 3 2 2 2 2 2 2 2 2
Last Time Cost: 00000002 ms
Total Time Cost: 00005246 ms
Total Distance 55: 2 2 3 3 2 2 2 2 2 2 2 2 2 2 2 2 2 3 2 2 2 2 2 2 2 2
Last Time Cost: 00000002 ms
Total Time Cost: 00005248 ms
Total Distance 54: 2 2 3 2 2 2 2 2 2 2 2 2 2 2 2 2 2 3 2 2 2 2 2 2 2 2
Last Time Cost: 00000002 ms
Total Time Cost: 00005250 ms
Total Distance 53: 2 2 3 2 2 2 2 2 2 2 2 2 2 2 2 2 2 2 2 2 2 2 2 2 2 2
Last Time Cost: 00000002 ms
Total Time Cost: 00005252 ms
Total Distance 52: 2 2 2 2 2 2 2 2 2 2 2 2 2 2 2 2 2 2 2 2 2 2 2 2 2 2
Last Time Cost: 00000002 ms
Total Time Cost: 00005254 ms
Total Distance 51: 2 2 2 1 2 2 2 2 2 2 2 2 2 2 2 2 2 2 2 2 2 2 2 2 2 2
Last Time Cost: 00000000 ms
Total Time Cost: 00005254 ms
Total Distance 50: 2 2 2 0 2 2 2 2 2 2 2 2 2 2 2 2 2 2 2 2 2 2 2 2 2 2
Last Time Cost: 00000002 ms
Total Time Cost: 00005256 ms
Total Distance 49: 2 2 2 0 2 1 2 2 2 2 2 2 2 2 2 2 2 2 2 2 2 2 2 2 2 2
Last Time Cost: 00000000 ms
Total Time Cost: 00005256 ms
Total Distance 48: 2 2 2 0 2 0 2 2 2 2 2 2 2 2 2 2 2 2 2 2 2 2 2 2 2 2
Last Time Cost: 00000002 ms
Total Time Cost: 00005258 ms
Total Distance 47: 2 2 2 0 2 0 2 2 2 1 2 2 2 2 2 2 2 2 2 2 2 2 2 2 2 2
Last Time Cost: 00000000 ms
Total Time Cost: 00005258 ms
Total Distance 46: 2 2 2 0 2 0 2 2 2 0 2 2 2 2 2 2 2 2 2 2 2 2 2 2 2 2
Last Time Cost: 00000002 ms
Total Time Cost: 00005260 ms
Total Distance 45: 2 2 2 0 2 0 2 2 2 0 1 2 2 2 2 2 2 2 2 2 2 2 2 2 2 2
Last Time Cost: 00000000 ms
Total Time Cost: 00005260 ms
Total Distance 44: 2 2 2 0 2 0 2 2 2 0 0 2 2 2 2 2 2 2 2 2 2 2 2 2 2 2
Last Time Cost: 00000002 ms
Total Time Cost: 00005262 ms
Total Distance 43: 2 2 2 0 2 0 2 2 2 0 0 2 1 2 2 2 2 2 2 2 2 2 2 2 2 2
Last Time Cost: 00000000 ms
Total Time Cost: 00005262 ms
Total Distance 42: 2 2 2 0 2 0 2 2 2 0 0 2 0 2 2 2 2 2 2 2 2 2 2 2 2 2
Last Time Cost: 00000001 ms
Total Time Cost: 00005263 ms
Total Distance 41: 2 2 2 0 2 0 2 2 2 0 0 2 0 2 2 2 2 2 2 2 2 2 2 2 2 1
Last Time Cost: 00000000 ms
Total Time Cost: 00005263 ms
Total Distance 40: 2 2 2 0 2 0 2 2 2 0 0 2 0 2 2 2 2 2 2 2 2 2 2 2 2 0
Last Time Cost: 00000002 ms
Total Time Cost: 00005265 ms
Total Distance 39: 2 2 2 0 2 0 2 2 2 0 0 2 0 2 2 2 1 2 2 2 2 2 2 2 2 0
Last Time Cost: 00000000 ms
Total Time Cost: 00005265 ms
Total Distance 38: 2 2 2 0 2 0 2 2 2 0 0 2 0 2 2 2 0 2 2 2 2 2 2 2 2 0
Last Time Cost: 00000001 ms
Total Time Cost: 00005266 ms
Total Distance 37: 2 2 2 0 2 0 2 2 2 0 0 2 0 2 2 2 0 2 2 2 2 2 2 2 1 0
Last Time Cost: 00000000 ms
Total Time Cost: 00005266 ms
Total Distance 36: 2 2 2 0 2 0 2 2 2 0 0 2 0 2 2 2 0 2 2 2 2 2 2 2 0 0
Last Time Cost: 00000001 ms
Total Time Cost: 00005267 ms
Total Distance 35: 2 2 2 0 2 0 2 2 1 0 0 2 0 2 2 2 0 2 2 2 2 2 2 2 0 0
Last Time Cost: 00000000 ms
Total Time Cost: 00005267 ms
Total Distance 34: 2 2 2 0 2 0 2 2 0 0 0 2 0 2 2 2 0 2 2 2 2 2 2 2 0 0
Last Time Cost: 00000001 ms
Total Time Cost: 00005268 ms
Total Distance 33: 2 2 2 0 2 0 2 2 0 0 0 2 0 2 2 2 0 2 2 2 2 2 1 2 0 0
Last Time Cost: 00000000 ms
Total Time Cost: 00005268 ms
Total Distance 32: 2 2 2 0 2 0 2 2 0 0 0 2 0 2 2 2 0 2 2 2 2 2 0 2 0 0
Last Time Cost: 00000001 ms
Total Time Cost: 00005269 ms
Total Distance 31: 2 2 2 0 2 0 2 2 0 0 0 2 0 2 2 2 0 2 2 2 2 2 0 1 0 0
Last Time Cost: 00000001 ms
Total Time Cost: 00005270 ms
Total Distance 30: 2 2 2 0 2 0 2 2 0 0 0 2 0 2 2 2 0 2 2 2 2 2 0 0 0 0
Last Time Cost: 00000001 ms
Total Time Cost: 00005271 ms
Total Distance 29: 2 1 2 0 2 0 2 2 0 0 0 2 0 2 2 2 0 2 2 2 2 2 0 0 0 0
Last Time Cost: 00000000 ms
Total Time Cost: 00005271 ms
Total Distance 28: 2 0 2 0 2 0 2 2 0 0 0 2 0 2 2 2 0 2 2 2 2 2 0 0 0 0
Last Time Cost: 00000001 ms
Total Time Cost: 00005272 ms
Total Distance 27: 2 0 2 0 2 0 2 2 0 0 0 2 0 2 2 1 0 2 2 2 2 2 0 0 0 0
Last Time Cost: 00000000 ms
Total Time Cost: 00005272 ms
Total Distance 26: 2 0 2 0 2 0 2 2 0 0 0 2 0 2 2 0 0 2 2 2 2 2 0 0 0 0
Last Time Cost: 00000001 ms
Total Time Cost: 00005273 ms
Total Distance 25: 1 0 2 0 2 0 2 2 0 0 0 2 0 2 2 0 0 2 2 2 2 2 0 0 0 0
Last Time Cost: 00000000 ms
Total Time Cost: 00005273 ms
Total Distance 24: 0 0 2 0 2 0 2 2 0 0 0 2 0 2 2 0 0 2 2 2 2 2 0 0 0 0
Last Time Cost: 00000001 ms
Total Time Cost: 00005274 ms
Total Distance 23: 0 0 2 0 1 0 2 2 0 0 0 2 0 2 2 0 0 2 2 2 2 2 0 0 0 0
Last Time Cost: 00000000 ms
Total Time Cost: 00005274 ms
Total Distance 22: 0 0 2 0 0 0 2 2 0 0 0 2 0 2 2 0 0 2 2 2 2 2 0 0 0 0
Last Time Cost: 00000001 ms
Total Time Cost: 00005275 ms
Total Distance 21: 0 0 2 0 0 0 2 2 0 0 0 2 0 2 2 0 0 2 2 2 2 1 0 0 0 0
Last Time Cost: 00000000 ms
Total Time Cost: 00005275 ms
Total Distance 20: 0 0 2 0 0 0 2 2 0 0 0 2 0 2 2 0 0 2 2 2 2 0 0 0 0 0
Last Time Cost: 00000001 ms
Total Time Cost: 00005276 ms
Total Distance 19: 0 0 2 0 0 0 2 2 0 0 0 2 0 1 2 0 0 2 2 2 2 0 0 0 0 0
Last Time Cost: 00000001 ms
Total Time Cost: 00005277 ms
Total Distance 18: 0 0 2 0 0 0 2 2 0 0 0 2 0 0 2 0 0 2 2 2 2 0 0 0 0 0
Last Time Cost: 00000001 ms
Total Time Cost: 00005278 ms
Total Distance 17: 0 0 2 0 0 0 1 2 0 0 0 2 0 0 2 0 0 2 2 2 2 0 0 0 0 0
Last Time Cost: 00000001 ms
Total Time Cost: 00005279 ms
Total Distance 16: 0 0 2 0 0 0 0 2 0 0 0 2 0 0 2 0 0 2 2 2 2 0 0 0 0 0
Last Time Cost: 00000001 ms
Total Time Cost: 00005280 ms
Total Distance 15: 0 0 2 0 0 0 0 2 0 0 0 2 0 0 2 0 0 1 2 2 2 0 0 0 0 0
Last Time Cost: 00000001 ms
Total Time Cost: 00005281 ms
Total Distance 14: 0 0 2 0 0 0 0 2 0 0 0 2 0 0 2 0 0 0 2 2 2 0 0 0 0 0
Last Time Cost: 00000002 ms
Total Time Cost: 00005283 ms
Total Distance 13: 0 0 2 0 0 0 0 2 0 0 0 1 0 0 2 0 0 0 2 2 2 0 0 0 0 0
Last Time Cost: 00000002 ms
Total Time Cost: 00005285 ms
Total Distance 12: 0 0 2 0 0 0 0 2 0 0 0 0 0 0 2 0 0 0 2 2 2 0 0 0 0 0
Last Time Cost: 00000001 ms
Total Time Cost: 00005286 ms
Total Distance 11: 0 0 2 0 0 0 0 1 0 0 0 0 0 0 2 0 0 0 2 2 2 0 0 0 0 0
Last Time Cost: 00000001 ms
Total Time Cost: 00005287 ms
Total Distance 10: 0 0 2 0 0 0 0 0 0 0 0 0 0 0 2 0 0 0 2 2 2 0 0 0 0 0
Last Time Cost: 00000001 ms
Total Time Cost: 00005288 ms
Total Distance 9: 0 0 2 0 0 0 0 0 0 0 0 0 0 0 2 0 0 0 1 2 2 0 0 0 0 0
Last Time Cost: 00000000 ms
Total Time Cost: 00005288 ms
Total Distance 8: 0 0 2 0 0 0 0 0 0 0 0 0 0 0 2 0 0 0 0 2 2 0 0 0 0 0
Last Time Cost: 00000001 ms
Total Time Cost: 00005289 ms
Total Distance 7: 0 0 2 0 0 0 0 0 0 0 0 0 0 0 1 0 0 0 0 2 2 0 0 0 0 0
Last Time Cost: 00000000 ms
Total Time Cost: 00005289 ms
Total Distance 6: 0 0 2 0 0 0 0 0 0 0 0 0 0 0 0 0 0 0 0 2 2 0 0 0 0 0
Last Time Cost: 00000001 ms
Total Time Cost: 00005290 ms
Total Distance 5: 0 0 2 0 0 0 0 0 0 0 0 0 0 0 0 0 0 0 0 2 1 0 0 0 0 0
Last Time Cost: 00000000 ms
Total Time Cost: 00005290 ms
Total Distance 4: 0 0 2 0 0 0 0 0 0 0 0 0 0 0 0 0 0 0 0 2 0 0 0 0 0 0
Last Time Cost: 00000000 ms
Total Time Cost: 00005290 ms
Total Distance 3: 0 0 2 0 0 0 0 0 0 0 0 0 0 0 0 0 0 0 0 1 0 0 0 0 0 0
Last Time Cost: 00000000 ms
Total Time Cost: 00005290 ms
Total Distance 2: 0 0 2 0 0 0 0 0 0 0 0 0 0 0 0 0 0 0 0 0 0 0 0 0 0 0
Last Time Cost: 00000000 ms
Total Time Cost: 00005290 ms
Total Distance 1: 0 0 1 0 0 0 0 0 0 0 0 0 0 0 0 0 0 0 0 0 0 0 0 0 0 0
Last Time Cost: 00000000 ms
Total Time Cost: 00005290 ms
Total Distance 0: 0 0 0 0 0 0 0 0 0 0 0 0 0 0 0 0 0 0 0 0 0 0 0 0 0 0
