Last Time Cost: 00000000 ms
Total Time Cost: 00000000 ms
Total Distance 256: 5 5 5 5 5 5 6 6 6 6 6 4 5 5 5 5 5 5 6 6 6 6 6 4 5 5 5 5 5 5 6 6 6 6 6 4 5 5 5 5 5 5 6 6 6 6 6 4
Last Time Cost: 00000004 ms
Total Time Cost: 00000004 ms
Total Distance 251: 5 5 5 5 4 5 6 6 6 6 6 4 5 5 5 5 4 5 6 6 6 6 6 3 5 5 5 5 5 5 6 6 6 6 5 4 5 5 5 5 5 4 6 6 6 6 6 4
Last Time Cost: 00000003 ms
Total Time Cost: 00000007 ms
Total Distance 247: 5 5 5 5 4 5 5 6 6 6 6 4 5 5 5 5 4 5 6 6 6 6 6 2 4 5 5 5 5 5 6 6 6 6 5 4 5 5 5 5 5 3 6 6 6 6 6 4
Last Time Cost: 00000002 ms
Total Time Cost: 00000009 ms
Total Distance 245: 5 5 5 5 4 5 5 6 6 6 6 4 5 5 5 5 4 5 6 6 6 6 6 1 4 5 5 5 5 5 6 6 6 6 5 4 5 5 5 5 5 2 6 6 6 6 6 4
Last Time Cost: 00000001 ms
Total Time Cost: 00000010 ms
Total Distance 244: 5 5 5 5 4 5 5 6 6 6 6 4 5 5 5 5 4 5 6 6 6 6 6 0 4 5 5 5 5 5 6 6 6 6 5 4 5 5 5 5 5 2 6 6 6 6 6 4
Last Time Cost: 00000003 ms
Total Time Cost: 00000013 ms
Total Distance 240: 5 5 5 5 4 5 5 6 6 6 6 4 5 5 5 5 4 5 6 6 6 6 6 0 3 5 5 5 5 4 6 6 6 6 5 4 4 5 5 5 5 1 6 6 6 6 6 4
Last Time Cost: 00000001 ms
Total Time Cost: 00000014 ms
Total Distance 239: 5 5 5 5 4 5 5 6 6 6 6 4 5 5 5 5 4 5 6 6 6 6 6 0 3 5 5 5 5 4 6 6 6 6 5 4 4 5 5 5 5 0 6 6 6 6 6 4
Last Time Cost: 00000004 ms
Total Time Cost: 00000018 ms
Total Distance 235: 5 5 5 5 4 5 4 6 6 6 6 4 5 5 5 5 4 5 5 6 6 6 6 0 2 5 5 5 5 4 6 6 6 6 5 4 3 5 5 5 5 0 6 6 6 6 6 4
Last Time Cost: 00000004 ms
Total Time Cost: 00000022 ms
Total Distance 233: 5 5 5 5 4 5 4 6 6 6 6 4 5 5 5 5 4 5 5 6 6 6 6 0 1 5 5 5 5 4 6 6 6 6 5 4 2 5 5 5 5 0 6 6 6 6 6 4
Last Time Cost: 00000002 ms
Total Time Cost: 00000024 ms
Total Distance 231: 5 5 5 5 4 5 3 6 6 6 6 4 5 5 5 5 4 5 5 6 6 6 6 0 0 5 5 5 5 4 6 6 6 6 5 4 2 5 5 5 5 0 6 6 6 6 6 4
Last Time Cost: 00000002 ms
Total Time Cost: 00000026 ms
Total Distance 227: 5 5 5 5 4 5 3 6 6 6 6 3 5 5 5 5 4 5 4 6 6 6 6 0 0 5 5 5 5 3 6 6 6 6 5 4 1 5 5 5 5 0 6 6 6 6 6 4
Last Time Cost: 00000002 ms
Total Time Cost: 00000028 ms
Total Distance 225: 5 5 5 5 4 5 3 6 6 6 6 3 5 5 5 5 4 5 3 6 6 6 6 0 0 5 5 5 5 3 6 6 6 6 5 4 0 5 5 5 5 0 6 6 6 6 6 4
Last Time Cost: 00000004 ms
Total Time Cost: 00000032 ms
Total Distance 220: 5 5 5 5 3 5 3 6 6 6 6 2 5 5 5 5 3 5 3 6 6 6 6 0 0 5 5 5 5 2 6 6 6 6 5 4 0 5 5 5 5 0 6 6 6 6 5 4
Last Time Cost: 00000004 ms
Total Time Cost: 00000036 ms
Total Distance 218: 5 5 5 5 3 5 3 6 6 6 6 1 5 5 5 5 3 5 3 6 6 6 6 0 0 5 5 5 5 1 6 6 6 6 5 4 0 5 5 5 5 0 6 6 6 6 5 4
Last Time Cost: 00000003 ms
Total Time Cost: 00000039 ms
Total Distance 215: 5 5 5 5 3 5 3 6 6 6 6 0 5 5 5 5 3 5 3 6 6 6 6 0 0 5 5 5 5 1 6 6 6 6 4 4 0 5 5 5 5 0 6 6 6 6 4 4
Last Time Cost: 00000002 ms
Total Time Cost: 00000041 ms
Total Distance 214: 5 5 5 5 3 5 3 6 6 6 6 0 5 5 5 5 3 5 3 6 6 6 6 0 0 5 5 5 5 0 6 6 6 6 4 4 0 5 5 5 5 0 6 6 6 6 4 4
Last Time Cost: 00000005 ms
Total Time Cost: 00000046 ms
Total Distance 209: 5 5 5 5 2 5 3 6 6 6 6 0 5 5 5 5 3 5 3 6 6 5 6 0 0 5 5 4 5 0 6 6 6 6 3 4 0 5 5 4 5 0 6 6 6 6 4 4
Last Time Cost: 00000004 ms
Total Time Cost: 00000050 ms
Total Distance 207: 5 5 5 5 1 5 3 6 6 6 6 0 5 5 5 5 2 5 3 6 6 5 6 0 0 5 5 4 5 0 6 6 6 6 3 4 0 5 5 4 5 0 6 6 6 6 4 4
Last Time Cost: 00000002 ms
Total Time Cost: 00000052 ms
Total Distance 206: 5 5 5 5 0 5 3 6 6 6 6 0 5 5 5 5 2 5 3 6 6 5 6 0 0 5 5 4 5 0 6 6 6 6 3 4 0 5 5 4 5 0 6 6 6 6 4 4
Last Time Cost: 00000003 ms
Total Time Cost: 00000055 ms
Total Distance 201: 5 5 5 5 0 5 3 6 6 5 6 0 5 5 5 5 1 5 3 6 6 5 6 0 0 5 5 3 5 0 6 6 6 6 3 4 0 5 5 3 5 0 6 6 6 6 3 4
Last Time Cost: 00000003 ms
Total Time Cost: 00000058 ms
Total Distance 200: 5 5 5 5 0 5 3 6 6 5 6 0 5 5 5 5 0 5 3 6 6 5 6 0 0 5 5 3 5 0 6 6 6 6 3 4 0 5 5 3 5 0 6 6 6 6 3 4
Last Time Cost: 00000006 ms
Total Time Cost: 00000064 ms
Total Distance 195: 5 5 4 5 0 5 3 6 6 5 6 0 5 5 4 5 0 5 3 6 6 4 6 0 0 5 5 3 5 0 6 6 5 6 3 4 0 5 5 2 5 0 6 6 6 6 3 4
Last Time Cost: 00000004 ms
Total Time Cost: 00000068 ms
Total Distance 193: 5 5 4 5 0 5 3 6 6 5 6 0 5 5 4 5 0 5 3 6 6 4 6 0 0 5 5 2 5 0 6 6 5 6 3 4 0 5 5 1 5 0 6 6 6 6 3 4
Last Time Cost: 00000004 ms
Total Time Cost: 00000072 ms
Total Distance 191: 5 5 4 5 0 5 3 6 6 5 6 0 5 5 4 5 0 5 3 6 6 3 6 0 0 5 5 2 5 0 6 6 5 6 3 4 0 5 5 0 5 0 6 6 6 6 3 4
Last Time Cost: 00000003 ms
Total Time Cost: 00000075 ms
Total Distance 186: 5 5 3 5 0 5 3 6 6 4 6 0 5 5 3 5 0 5 3 6 6 3 6 0 0 5 5 1 5 0 6 6 5 6 3 4 0 5 5 0 5 0 6 6 5 6 3 4
Last Time Cost: 00000003 ms
Total Time Cost: 00000078 ms
Total Distance 184: 5 5 3 5 0 5 3 6 6 3 6 0 5 5 3 5 0 5 3 6 6 3 6 0 0 5 5 0 5 0 6 6 5 6 3 4 0 5 5 0 5 0 6 6 5 6 3 4
Last Time Cost: 00000006 ms
Total Time Cost: 00000084 ms
Total Distance 179: 5 5 2 5 0 5 3 6 6 3 6 0 5 5 3 5 0 5 3 5 6 3 6 0 0 4 5 0 5 0 6 6 4 6 3 4 0 4 5 0 5 0 6 6 5 6 3 4
Last Time Cost: 00000004 ms
Total Time Cost: 00000088 ms
Total Distance 177: 5 5 1 5 0 5 3 6 6 3 6 0 5 5 2 5 0 5 3 5 6 3 6 0 0 4 5 0 5 0 6 6 4 6 3 4 0 4 5 0 5 0 6 6 5 6 3 4
Last Time Cost: 00000004 ms
Total Time Cost: 00000092 ms
Total Distance 175: 5 5 0 5 0 5 3 6 6 3 6 0 5 5 2 5 0 5 3 5 6 3 6 0 0 4 5 0 5 0 6 6 3 6 3 4 0 4 5 0 5 0 6 6 5 6 3 4
Last Time Cost: 00000005 ms
Total Time Cost: 00000097 ms
Total Distance 170: 5 5 0 5 0 5 3 5 6 3 6 0 5 5 1 5 0 5 3 5 6 3 6 0 0 3 5 0 5 0 6 6 3 6 3 4 0 3 5 0 5 0 6 6 4 6 3 4
Last Time Cost: 00000003 ms
Total Time Cost: 00000100 ms
Total Distance 168: 5 5 0 5 0 5 3 5 6 3 6 0 5 5 0 5 0 5 3 5 6 3 6 0 0 3 5 0 5 0 6 6 3 6 3 4 0 3 5 0 5 0 6 6 3 6 3 4
Last Time Cost: 00000006 ms
Total Time Cost: 00000106 ms
Total Distance 163: 4 5 0 5 0 5 3 4 6 3 6 0 4 5 0 5 0 5 3 5 6 3 6 0 0 2 5 0 5 0 6 6 3 6 3 4 0 3 5 0 5 0 5 6 3 6 3 4
Last Time Cost: 00000006 ms
Total Time Cost: 00000112 ms
Total Distance 161: 4 5 0 5 0 5 3 4 6 3 6 0 4 5 0 5 0 5 3 5 6 3 6 0 0 1 5 0 5 0 6 6 3 6 3 4 0 2 5 0 5 0 5 6 3 6 3 4
Last Time Cost: 00000005 ms
Total Time Cost: 00000117 ms
Total Distance 159: 4 5 0 5 0 5 3 3 6 3 6 0 4 5 0 5 0 5 3 5 6 3 6 0 0 0 5 0 5 0 6 6 3 6 3 4 0 2 5 0 5 0 5 6 3 6 3 4
Last Time Cost: 00000005 ms
Total Time Cost: 00000122 ms
Total Distance 154: 3 5 0 5 0 5 3 3 6 3 6 0 3 5 0 5 0 5 3 4 6 3 6 0 0 0 5 0 5 0 5 6 3 6 3 4 0 1 5 0 5 0 5 6 3 6 3 4
Last Time Cost: 00000005 ms
Total Time Cost: 00000127 ms
Total Distance 152: 3 5 0 5 0 5 3 3 6 3 6 0 3 5 0 5 0 5 3 3 6 3 6 0 0 0 5 0 5 0 5 6 3 6 3 4 0 0 5 0 5 0 5 6 3 6 3 4
Last Time Cost: 00000005 ms
Total Time Cost: 00000132 ms
Total Distance 148: 3 4 0 5 0 5 2 3 6 3 6 0 3 4 0 5 0 5 2 3 6 3 6 0 0 0 5 0 5 0 5 6 3 6 3 4 0 0 5 0 5 0 5 6 3 6 3 4
Last Time Cost: 00000005 ms
Total Time Cost: 00000137 ms
Total Distance 146: 3 3 0 5 0 5 1 3 6 3 6 0 3 4 0 5 0 5 2 3 6 3 6 0 0 0 5 0 5 0 5 6 3 6 3 4 0 0 5 0 5 0 5 6 3 6 3 4
Last Time Cost: 00000005 ms
Total Time Cost: 00000142 ms
Total Distance 145: 3 3 0 5 0 5 0 3 6 3 6 0 3 4 0 5 0 5 2 3 6 3 6 0 0 0 5 0 5 0 5 6 3 6 3 4 0 0 5 0 5 0 5 6 3 6 3 4
Last Time Cost: 00000006 ms
Total Time Cost: 00000148 ms
Total Distance 143: 3 3 0 5 0 5 0 3 6 3 6 0 3 3 0 5 0 5 1 3 6 3 6 0 0 0 5 0 5 0 5 6 3 6 3 4 0 0 5 0 5 0 5 6 3 6 3 4
Last Time Cost: 00000005 ms
Total Time Cost: 00000153 ms
Total Distance 142: 3 3 0 5 0 5 0 3 6 3 6 0 3 3 0 5 0 5 0 3 6 3 6 0 0 0 5 0 5 0 5 6 3 6 3 4 0 0 5 0 5 0 5 6 3 6 3 4
Last Time Cost: 00000006 ms
Total Time Cost: 00000159 ms
Total Distance 138: 3 3 0 5 0 4 0 3 6 3 6 0 2 3 0 5 0 5 0 3 6 3 6 0 0 0 5 0 5 0 5 6 3 6 3 3 0 0 5 0 5 0 4 6 3 6 3 4
Last Time Cost: 00000005 ms
Total Time Cost: 00000164 ms
Total Distance 136: 2 3 0 5 0 4 0 3 6 3 6 0 1 3 0 5 0 5 0 3 6 3 6 0 0 0 5 0 5 0 5 6 3 6 3 3 0 0 5 0 5 0 4 6 3 6 3 4
Last Time Cost: 00000005 ms
Total Time Cost: 00000169 ms
Total Distance 134: 2 3 0 5 0 4 0 3 6 3 6 0 0 3 0 5 0 5 0 3 6 3 6 0 0 0 5 0 5 0 5 6 3 6 3 3 0 0 5 0 5 0 3 6 3 6 3 4
Last Time Cost: 00000006 ms
Total Time Cost: 00000175 ms
Total Distance 130: 1 3 0 5 0 4 0 3 6 3 6 0 0 3 0 5 0 4 0 3 6 3 6 0 0 0 5 0 5 0 4 6 3 6 3 3 0 0 5 0 5 0 3 6 3 6 3 3
Last Time Cost: 00000006 ms
Total Time Cost: 00000181 ms
Total Distance 128: 0 3 0 5 0 4 0 3 6 3 6 0 0 3 0 5 0 4 0 3 6 3 6 0 0 0 5 0 5 0 3 6 3 6 3 3 0 0 5 0 5 0 3 6 3 6 3 3
Last Time Cost: 00000006 ms
Total Time Cost: 00000187 ms
Total Distance 123: 0 3 0 5 0 3 0 3 6 3 6 0 0 3 0 5 0 4 0 3 6 3 5 0 0 0 5 0 4 0 3 6 3 6 3 2 0 0 5 0 4 0 3 6 3 6 3 3
Last Time Cost: 00000006 ms
Total Time Cost: 00000193 ms
Total Distance 121: 0 3 0 5 0 2 0 3 6 3 6 0 0 3 0 5 0 4 0 3 6 3 5 0 0 0 5 0 4 0 3 6 3 6 3 1 0 0 5 0 4 0 3 6 3 6 3 3
Last Time Cost: 00000006 ms
Total Time Cost: 00000199 ms
Total Distance 120: 0 3 0 5 0 2 0 3 6 3 6 0 0 3 0 5 0 4 0 3 6 3 5 0 0 0 5 0 4 0 3 6 3 6 3 0 0 0 5 0 4 0 3 6 3 6 3 3
Last Time Cost: 00000007 ms
Total Time Cost: 00000206 ms
Total Distance 118: 0 3 0 5 0 1 0 3 6 3 6 0 0 3 0 5 0 3 0 3 6 3 5 0 0 0 5 0 4 0 3 6 3 6 3 0 0 0 5 0 4 0 3 6 3 6 3 3
Last Time Cost: 00000006 ms
Total Time Cost: 00000212 ms
Total Distance 117: 0 3 0 5 0 0 0 3 6 3 6 0 0 3 0 5 0 3 0 3 6 3 5 0 0 0 5 0 4 0 3 6 3 6 3 0 0 0 5 0 4 0 3 6 3 6 3 3
Last Time Cost: 00000008 ms
Total Time Cost: 00000220 ms
Total Distance 112: 0 3 0 5 0 0 0 3 6 3 5 0 0 3 0 5 0 2 0 3 6 3 5 0 0 0 5 0 3 0 3 6 3 6 3 0 0 0 5 0 3 0 3 6 3 6 3 2
Last Time Cost: 00000007 ms
Total Time Cost: 00000227 ms
Total Distance 110: 0 3 0 5 0 0 0 3 6 3 5 0 0 3 0 5 0 1 0 3 6 3 5 0 0 0 5 0 3 0 3 6 3 6 3 0 0 0 5 0 3 0 3 6 3 6 3 1
Last Time Cost: 00000008 ms
Total Time Cost: 00000235 ms
Total Distance 109: 0 3 0 5 0 0 0 3 6 3 5 0 0 3 0 5 0 0 0 3 6 3 5 0 0 0 5 0 3 0 3 6 3 6 3 0 0 0 5 0 3 0 3 6 3 6 3 1
Last Time Cost: 00000008 ms
Total Time Cost: 00000243 ms
Total Distance 106: 0 3 0 5 0 0 0 3 6 3 4 0 0 3 0 5 0 0 0 3 6 3 4 0 0 0 5 0 3 0 3 6 3 6 3 0 0 0 5 0 3 0 3 6 3 6 3 0
Last Time Cost: 00000008 ms
Total Time Cost: 00000251 ms
Total Distance 101: 0 3 0 4 0 0 0 3 6 3 3 0 0 3 0 4 0 0 0 3 6 3 4 0 0 0 5 0 2 0 3 6 3 6 3 0 0 0 5 0 3 0 3 6 3 5 3 0
Last Time Cost: 00000008 ms
Total Time Cost: 00000259 ms
Total Distance 99: 0 3 0 4 0 0 0 3 6 3 3 0 0 3 0 4 0 0 0 3 6 3 4 0 0 0 5 0 1 0 3 6 3 6 3 0 0 0 5 0 2 0 3 6 3 5 3 0
Last Time Cost: 00000009 ms
Total Time Cost: 00000268 ms
Total Distance 98: 0 3 0 4 0 0 0 3 6 3 3 0 0 3 0 4 0 0 0 3 6 3 4 0 0 0 5 0 0 0 3 6 3 6 3 0 0 0 5 0 2 0 3 6 3 5 3 0
Last Time Cost: 00000009 ms
Total Time Cost: 00000277 ms
Total Distance 93: 0 3 0 3 0 0 0 3 6 3 3 0 0 3 0 3 0 0 0 3 6 3 3 0 0 0 5 0 0 0 3 6 3 5 3 0 0 0 5 0 1 0 3 6 3 5 3 0
Last Time Cost: 00000009 ms
Total Time Cost: 00000286 ms
Total Distance 92: 0 3 0 3 0 0 0 3 6 3 3 0 0 3 0 3 0 0 0 3 6 3 3 0 0 0 5 0 0 0 3 6 3 5 3 0 0 0 5 0 0 0 3 6 3 5 3 0
Last Time Cost: 00000011 ms
Total Time Cost: 00000297 ms
Total Distance 87: 0 3 0 2 0 0 0 3 6 3 3 0 0 3 0 3 0 0 0 3 5 3 3 0 0 0 4 0 0 0 3 6 3 4 3 0 0 0 4 0 0 0 3 6 3 5 3 0
Last Time Cost: 00000010 ms
Total Time Cost: 00000307 ms
Total Distance 85: 0 3 0 1 0 0 0 3 6 3 3 0 0 3 0 2 0 0 0 3 5 3 3 0 0 0 4 0 0 0 3 6 3 4 3 0 0 0 4 0 0 0 3 6 3 5 3 0
Last Time Cost: 00000010 ms
Total Time Cost: 00000317 ms
Total Distance 83: 0 3 0 0 0 0 0 3 6 3 3 0 0 3 0 2 0 0 0 3 5 3 3 0 0 0 4 0 0 0 3 6 3 3 3 0 0 0 4 0 0 0 3 6 3 5 3 0
Last Time Cost: 00000010 ms
Total Time Cost: 00000327 ms
Total Distance 78: 0 3 0 0 0 0 0 3 5 3 3 0 0 3 0 1 0 0 0 3 5 3 3 0 0 0 3 0 0 0 3 6 3 3 3 0 0 0 3 0 0 0 3 6 3 4 3 0
Last Time Cost: 00000010 ms
Total Time Cost: 00000337 ms
Total Distance 76: 0 3 0 0 0 0 0 3 5 3 3 0 0 3 0 0 0 0 0 3 5 3 3 0 0 0 3 0 0 0 3 6 3 3 3 0 0 0 3 0 0 0 3 6 3 3 3 0
Last Time Cost: 00000012 ms
Total Time Cost: 00000349 ms
Total Distance 72: 0 2 0 0 0 0 0 3 5 3 3 0 0 2 0 0 0 0 0 3 5 3 3 0 0 0 3 0 0 0 3 5 3 3 3 0 0 0 3 0 0 0 3 5 3 3 3 0
Last Time Cost: 00000001 ms
Total Time Cost: 00000350 ms
Total Distance 70: 0 1 0 0 0 0 0 3 5 3 3 0 0 2 0 0 0 0 0 3 5 3 3 0 0 0 3 0 0 0 3 4 3 3 3 0 0 0 3 0 0 0 3 5 3 3 3 0
Last Time Cost: 00000000 ms
Total Time Cost: 00000350 ms
Total Distance 66: 0 0 0 0 0 0 0 3 5 3 3 0 0 1 0 0 0 0 0 3 5 3 3 0 0 0 3 0 0 0 3 3 3 3 3 0 0 0 3 0 0 0 3 4 3 3 3 0
Last Time Cost: 00000001 ms
Total Time Cost: 00000351 ms
Total Distance 64: 0 0 0 0 0 0 0 3 5 3 3 0 0 0 0 0 0 0 0 3 5 3 3 0 0 0 3 0 0 0 3 3 3 3 3 0 0 0 3 0 0 0 3 3 3 3 3 0
Last Time Cost: 00000002 ms
Total Time Cost: 00000353 ms
Total Distance 62: 0 0 0 0 0 0 0 3 5 3 3 0 0 0 0 0 0 0 0 3 5 3 3 0 0 0 3 0 0 0 3 2 3 3 3 0 0 0 3 0 0 0 3 2 3 3 3 0
Last Time Cost: 00000001 ms
Total Time Cost: 00000354 ms
Total Distance 61: 0 0 0 0 0 0 0 3 5 3 3 0 0 0 0 0 0 0 0 3 5 3 3 0 0 0 3 0 0 0 3 2 3 3 3 0 0 0 3 0 0 0 3 1 3 3 3 0
Last Time Cost: 00000000 ms
Total Time Cost: 00000354 ms
Total Distance 60: 0 0 0 0 0 0 0 3 5 3 3 0 0 0 0 0 0 0 0 3 5 3 3 0 0 0 3 0 0 0 3 2 3 3 3 0 0 0 3 0 0 0 3 0 3 3 3 0
Last Time Cost: 00000001 ms
Total Time Cost: 00000355 ms
Total Distance 59: 0 0 0 0 0 0 0 3 5 3 3 0 0 0 0 0 0 0 0 3 5 3 3 0 0 0 3 0 0 0 3 1 3 3 3 0 0 0 3 0 0 0 3 0 3 3 3 0
Last Time Cost: 00000001 ms
Total Time Cost: 00000356 ms
Total Distance 58: 0 0 0 0 0 0 0 3 5 3 3 0 0 0 0 0 0 0 0 3 5 3 3 0 0 0 3 0 0 0 3 0 3 3 3 0 0 0 3 0 0 0 3 0 3 3 3 0
Last Time Cost: 00000002 ms
Total Time Cost: 00000358 ms
Total Distance 56: 0 0 0 0 0 0 0 3 5 3 3 0 0 0 0 0 0 0 0 3 5 3 3 0 0 0 2 0 0 0 3 0 3 3 3 0 0 0 2 0 0 0 3 0 3 3 3 0
Last Time Cost: 00000001 ms
Total Time Cost: 00000359 ms
Total Distance 54: 0 0 0 0 0 0 0 3 4 3 3 0 0 0 0 0 0 0 0 3 5 3 3 0 0 0 1 0 0 0 3 0 3 3 3 0 0 0 2 0 0 0 3 0 3 3 3 0
Last Time Cost: 00000000 ms
Total Time Cost: 00000359 ms
Total Distance 52: 0 0 0 0 0 0 0 3 3 3 3 0 0 0 0 0 0 0 0 3 5 3 3 0 0 0 0 0 0 0 3 0 3 3 3 0 0 0 2 0 0 0 3 0 3 3 3 0
Last Time Cost: 00000001 ms
Total Time Cost: 00000360 ms
Total Distance 50: 0 0 0 0 0 0 0 3 3 3 3 0 0 0 0 0 0 0 0 3 4 3 3 0 0 0 0 0 0 0 3 0 3 3 3 0 0 0 1 0 0 0 3 0 3 3 3 0
Last Time Cost: 00000000 ms
Total Time Cost: 00000360 ms
Total Distance 48: 0 0 0 0 0 0 0 3 3 3 3 0 0 0 0 0 0 0 0 3 3 3 3 0 0 0 0 0 0 0 3 0 3 3 3 0 0 0 0 0 0 0 3 0 3 3 3 0
Last Time Cost: 00000003 ms
Total Time Cost: 00000363 ms
Total Distance 46: 0 0 0 0 0 0 0 3 3 3 3 0 0 0 0 0 0 0 0 3 3 3 3 0 0 0 0 0 0 0 3 0 3 2 3 0 0 0 0 0 0 0 3 0 3 2 3 0
Last Time Cost: 00000000 ms
Total Time Cost: 00000363 ms
Total Distance 45: 0 0 0 0 0 0 0 3 3 3 3 0 0 0 0 0 0 0 0 3 3 3 3 0 0 0 0 0 0 0 3 0 3 2 3 0 0 0 0 0 0 0 3 0 3 1 3 0
Last Time Cost: 00000000 ms
Total Time Cost: 00000363 ms
Total Distance 44: 0 0 0 0 0 0 0 3 3 3 3 0 0 0 0 0 0 0 0 3 3 3 3 0 0 0 0 0 0 0 3 0 3 2 3 0 0 0 0 0 0 0 3 0 3 0 3 0
Last Time Cost: 00000000 ms
Total Time Cost: 00000363 ms
Total Distance 43: 0 0 0 0 0 0 0 3 3 3 3 0 0 0 0 0 0 0 0 3 3 3 3 0 0 0 0 0 0 0 3 0 3 1 3 0 0 0 0 0 0 0 3 0 3 0 3 0
Last Time Cost: 00000000 ms
Total Time Cost: 00000363 ms
Total Distance 42: 0 0 0 0 0 0 0 3 3 3 3 0 0 0 0 0 0 0 0 3 3 3 3 0 0 0 0 0 0 0 3 0 3 0 3 0 0 0 0 0 0 0 3 0 3 0 3 0
Last Time Cost: 00000002 ms
Total Time Cost: 00000365 ms
Total Distance 40: 0 0 0 0 0 0 0 3 3 3 3 0 0 0 0 0 0 0 0 3 3 3 3 0 0 0 0 0 0 0 3 0 2 0 3 0 0 0 0 0 0 0 3 0 2 0 3 0
Last Time Cost: 00000000 ms
Total Time Cost: 00000365 ms
Total Distance 39: 0 0 0 0 0 0 0 3 3 3 3 0 0 0 0 0 0 0 0 3 3 3 3 0 0 0 0 0 0 0 3 0 2 0 3 0 0 0 0 0 0 0 3 0 1 0 3 0
Last Time Cost: 00000000 ms
Total Time Cost: 00000365 ms
Total Distance 38: 0 0 0 0 0 0 0 3 3 3 3 0 0 0 0 0 0 0 0 3 3 3 3 0 0 0 0 0 0 0 3 0 2 0 3 0 0 0 0 0 0 0 3 0 0 0 3 0
Last Time Cost: 00000000 ms
Total Time Cost: 00000365 ms
Total Distance 37: 0 0 0 0 0 0 0 3 3 3 3 0 0 0 0 0 0 0 0 3 3 3 3 0 0 0 0 0 0 0 3 0 1 0 3 0 0 0 0 0 0 0 3 0 0 0 3 0
Last Time Cost: 00000000 ms
Total Time Cost: 00000365 ms
Total Distance 36: 0 0 0 0 0 0 0 3 3 3 3 0 0 0 0 0 0 0 0 3 3 3 3 0 0 0 0 0 0 0 3 0 0 0 3 0 0 0 0 0 0 0 3 0 0 0 3 0
Last Time Cost: 00000002 ms
Total Time Cost: 00000367 ms
Total Distance 34: 0 0 0 0 0 0 0 3 3 3 2 0 0 0 0 0 0 0 0 3 3 3 2 0 0 0 0 0 0 0 3 0 0 0 3 0 0 0 0 0 0 0 3 0 0 0 3 0
Last Time Cost: 00000000 ms
Total Time Cost: 00000367 ms
Total Distance 33: 0 0 0 0 0 0 0 3 3 3 1 0 0 0 0 0 0 0 0 3 3 3 2 0 0 0 0 0 0 0 3 0 0 0 3 0 0 0 0 0 0 0 3 0 0 0 3 0
Last Time Cost: 00000000 ms
Total Time Cost: 00000367 ms
Total Distance 32: 0 0 0 0 0 0 0 3 3 3 0 0 0 0 0 0 0 0 0 3 3 3 2 0 0 0 0 0 0 0 3 0 0 0 3 0 0 0 0 0 0 0 3 0 0 0 3 0
Last Time Cost: 00000001 ms
Total Time Cost: 00000368 ms
Total Distance 31: 0 0 0 0 0 0 0 3 3 3 0 0 0 0 0 0 0 0 0 3 3 3 1 0 0 0 0 0 0 0 3 0 0 0 3 0 0 0 0 0 0 0 3 0 0 0 3 0
Last Time Cost: 00000000 ms
Total Time Cost: 00000368 ms
Total Distance 30: 0 0 0 0 0 0 0 3 3 3 0 0 0 0 0 0 0 0 0 3 3 3 0 0 0 0 0 0 0 0 3 0 0 0 3 0 0 0 0 0 0 0 3 0 0 0 3 0
Last Time Cost: 00000001 ms
Total Time Cost: 00000369 ms
Total Distance 28: 0 0 0 0 0 0 0 2 3 3 0 0 0 0 0 0 0 0 0 2 3 3 0 0 0 0 0 0 0 0 3 0 0 0 3 0 0 0 0 0 0 0 3 0 0 0 3 0
Last Time Cost: 00000000 ms
Total Time Cost: 00000369 ms
Total Distance 27: 0 0 0 0 0 0 0 2 3 3 0 0 0 0 0 0 0 0 0 1 3 3 0 0 0 0 0 0 0 0 3 0 0 0 3 0 0 0 0 0 0 0 3 0 0 0 3 0
Last Time Cost: 00000000 ms
Total Time Cost: 00000369 ms
Total Distance 26: 0 0 0 0 0 0 0 2 3 3 0 0 0 0 0 0 0 0 0 0 3 3 0 0 0 0 0 0 0 0 3 0 0 0 3 0 0 0 0 0 0 0 3 0 0 0 3 0
Last Time Cost: 00000000 ms
Total Time Cost: 00000369 ms
Total Distance 25: 0 0 0 0 0 0 0 1 3 3 0 0 0 0 0 0 0 0 0 0 3 3 0 0 0 0 0 0 0 0 3 0 0 0 3 0 0 0 0 0 0 0 3 0 0 0 3 0
Last Time Cost: 00000000 ms
Total Time Cost: 00000369 ms
Total Distance 24: 0 0 0 0 0 0 0 0 3 3 0 0 0 0 0 0 0 0 0 0 3 3 0 0 0 0 0 0 0 0 3 0 0 0 3 0 0 0 0 0 0 0 3 0 0 0 3 0
Last Time Cost: 00000001 ms
Total Time Cost: 00000370 ms
Total Distance 22: 0 0 0 0 0 0 0 0 3 2 0 0 0 0 0 0 0 0 0 0 3 2 0 0 0 0 0 0 0 0 3 0 0 0 3 0 0 0 0 0 0 0 3 0 0 0 3 0
Last Time Cost: 00000000 ms
Total Time Cost: 00000370 ms
Total Distance 21: 0 0 0 0 0 0 0 0 3 1 0 0 0 0 0 0 0 0 0 0 3 2 0 0 0 0 0 0 0 0 3 0 0 0 3 0 0 0 0 0 0 0 3 0 0 0 3 0
Last Time Cost: 00000000 ms
Total Time Cost: 00000370 ms
Total Distance 20: 0 0 0 0 0 0 0 0 3 0 0 0 0 0 0 0 0 0 0 0 3 2 0 0 0 0 0 0 0 0 3 0 0 0 3 0 0 0 0 0 0 0 3 0 0 0 3 0
Last Time Cost: 00000000 ms
Total Time Cost: 00000370 ms
Total Distance 19: 0 0 0 0 0 0 0 0 3 0 0 0 0 0 0 0 0 0 0 0 3 1 0 0 0 0 0 0 0 0 3 0 0 0 3 0 0 0 0 0 0 0 3 0 0 0 3 0
Last Time Cost: 00000000 ms
Total Time Cost: 00000370 ms
Total Distance 18: 0 0 0 0 0 0 0 0 3 0 0 0 0 0 0 0 0 0 0 0 3 0 0 0 0 0 0 0 0 0 3 0 0 0 3 0 0 0 0 0 0 0 3 0 0 0 3 0
Last Time Cost: 00000001 ms
Total Time Cost: 00000371 ms
Total Distance 16: 0 0 0 0 0 0 0 0 3 0 0 0 0 0 0 0 0 0 0 0 3 0 0 0 0 0 0 0 0 0 2 0 0 0 3 0 0 0 0 0 0 0 2 0 0 0 3 0
Last Time Cost: 00000000 ms
Total Time Cost: 00000371 ms
Total Distance 15: 0 0 0 0 0 0 0 0 3 0 0 0 0 0 0 0 0 0 0 0 3 0 0 0 0 0 0 0 0 0 1 0 0 0 3 0 0 0 0 0 0 0 2 0 0 0 3 0
Last Time Cost: 00000000 ms
Total Time Cost: 00000371 ms
Total Distance 14: 0 0 0 0 0 0 0 0 3 0 0 0 0 0 0 0 0 0 0 0 3 0 0 0 0 0 0 0 0 0 0 0 0 0 3 0 0 0 0 0 0 0 2 0 0 0 3 0
Last Time Cost: 00000000 ms
Total Time Cost: 00000371 ms
Total Distance 13: 0 0 0 0 0 0 0 0 3 0 0 0 0 0 0 0 0 0 0 0 3 0 0 0 0 0 0 0 0 0 0 0 0 0 3 0 0 0 0 0 0 0 1 0 0 0 3 0
Last Time Cost: 00000000 ms
Total Time Cost: 00000371 ms
Total Distance 12: 0 0 0 0 0 0 0 0 3 0 0 0 0 0 0 0 0 0 0 0 3 0 0 0 0 0 0 0 0 0 0 0 0 0 3 0 0 0 0 0 0 0 0 0 0 0 3 0
Last Time Cost: 00000001 ms
Total Time Cost: 00000372 ms
Total Distance 10: 0 0 0 0 0 0 0 0 2 0 0 0 0 0 0 0 0 0 0 0 2 0 0 0 0 0 0 0 0 0 0 0 0 0 3 0 0 0 0 0 0 0 0 0 0 0 3 0
Last Time Cost: 00000000 ms
Total Time Cost: 00000372 ms
Total Distance 9: 0 0 0 0 0 0 0 0 1 0 0 0 0 0 0 0 0 0 0 0 2 0 0 0 0 0 0 0 0 0 0 0 0 0 3 0 0 0 0 0 0 0 0 0 0 0 3 0
Last Time Cost: 00000000 ms
Total Time Cost: 00000372 ms
Total Distance 8: 0 0 0 0 0 0 0 0 0 0 0 0 0 0 0 0 0 0 0 0 2 0 0 0 0 0 0 0 0 0 0 0 0 0 3 0 0 0 0 0 0 0 0 0 0 0 3 0
Last Time Cost: 00000000 ms
Total Time Cost: 00000372 ms
Total Distance 7: 0 0 0 0 0 0 0 0 0 0 0 0 0 0 0 0 0 0 0 0 1 0 0 0 0 0 0 0 0 0 0 0 0 0 3 0 0 0 0 0 0 0 0 0 0 0 3 0
Last Time Cost: 00000000 ms
Total Time Cost: 00000372 ms
Total Distance 6: 0 0 0 0 0 0 0 0 0 0 0 0 0 0 0 0 0 0 0 0 0 0 0 0 0 0 0 0 0 0 0 0 0 0 3 0 0 0 0 0 0 0 0 0 0 0 3 0
Last Time Cost: 00000001 ms
Total Time Cost: 00000373 ms
Total Distance 4: 0 0 0 0 0 0 0 0 0 0 0 0 0 0 0 0 0 0 0 0 0 0 0 0 0 0 0 0 0 0 0 0 0 0 2 0 0 0 0 0 0 0 0 0 0 0 2 0
Last Time Cost: 00000001 ms
Total Time Cost: 00000374 ms
Total Distance 3: 0 0 0 0 0 0 0 0 0 0 0 0 0 0 0 0 0 0 0 0 0 0 0 0 0 0 0 0 0 0 0 0 0 0 1 0 0 0 0 0 0 0 0 0 0 0 2 0
Last Time Cost: 00000000 ms
Total Time Cost: 00000374 ms
Total Distance 2: 0 0 0 0 0 0 0 0 0 0 0 0 0 0 0 0 0 0 0 0 0 0 0 0 0 0 0 0 0 0 0 0 0 0 0 0 0 0 0 0 0 0 0 0 0 0 2 0
Last Time Cost: 00000000 ms
Total Time Cost: 00000374 ms
Total Distance 1: 0 0 0 0 0 0 0 0 0 0 0 0 0 0 0 0 0 0 0 0 0 0 0 0 0 0 0 0 0 0 0 0 0 0 0 0 0 0 0 0 0 0 0 0 0 0 1 0
Last Time Cost: 00000000 ms
Total Time Cost: 00000374 ms
Total Distance 0: 0 0 0 0 0 0 0 0 0 0 0 0 0 0 0 0 0 0 0 0 0 0 0 0 0 0 0 0 0 0 0 0 0 0 0 0 0 0 0 0 0 0 0 0 0 0 0 0
