Last Time Cost: 00000000 ms
Total Time Cost: 00000000 ms
Total Distance 488: 13 18 16 14 13 18 16 14 13 18 16 14 13 18 16 14 13 18 16 14 13 18 16 14 13 18 16 14 13 18 16 14
Last Time Cost: 00008569 ms
Total Time Cost: 00008569 ms
Total Distance 476: 13 17 16 14 12 17 16 14 12 17 16 13 13 18 15 13 13 18 16 14 13 18 16 13 13 18 15 14 13 17 15 14
Last Time Cost: 00008022 ms
Total Time Cost: 00016591 ms
Total Distance 464: 13 17 15 13 11 16 16 13 11 16 16 13 13 17 15 13 13 17 15 14 13 18 15 13 13 18 15 13 13 17 15 14
Last Time Cost: 00010054 ms
Total Time Cost: 00026645 ms
Total Distance 452: 13 16 14 13 11 15 15 13 10 16 15 13 12 17 14 13 13 16 15 14 13 17 15 13 13 18 15 12 13 17 15 13
Last Time Cost: 00012649 ms
Total Time Cost: 00039294 ms
Total Distance 443: 13 15 14 12 11 14 14 13 9 16 15 13 12 17 13 13 13 16 15 13 13 16 15 13 13 18 15 12 13 17 15 12
Last Time Cost: 00016896 ms
Total Time Cost: 00056190 ms
Total Distance 435: 13 14 13 12 11 13 14 13 8 16 15 13 12 17 12 13 13 16 15 13 13 15 15 13 13 18 15 11 13 17 15 11
Last Time Cost: 00021910 ms
Total Time Cost: 00078100 ms
Total Distance 427: 13 13 13 12 11 13 14 13 7 15 15 13 12 17 11 12 13 16 15 13 13 15 15 12 13 18 15 11 13 16 14 11
Last Time Cost: 00028467 ms
Total Time Cost: 00106567 ms
Total Distance 419: 13 13 12 11 11 12 14 13 6 15 15 13 12 17 11 11 13 16 15 13 13 15 14 12 13 17 15 11 13 15 14 11
Last Time Cost: 00009724 ms
Total Time Cost: 00116291 ms
Total Distance 412: 13 13 11 11 10 12 14 12 5 14 15 13 12 16 11 11 13 15 15 13 13 15 14 12 13 17 15 11 13 15 14 11
Last Time Cost: 00012027 ms
Total Time Cost: 00128318 ms
Total Distance 405: 13 13 11 11 10 12 14 11 4 14 15 13 12 15 11 11 13 14 15 13 13 15 14 11 13 17 14 11 13 15 13 11
Last Time Cost: 00015168 ms
Total Time Cost: 00143486 ms
Total Distance 399: 13 12 11 11 10 11 14 11 3 14 15 13 12 15 10 11 13 14 15 13 13 14 14 11 13 17 14 11 13 15 13 10
Last Time Cost: 00018296 ms
Total Time Cost: 00161782 ms
Total Distance 395: 13 12 11 11 10 11 14 11 2 14 15 13 12 15 10 11 13 14 14 13 13 14 14 10 13 17 14 11 13 15 12 10
Last Time Cost: 00022252 ms
Total Time Cost: 00184034 ms
Total Distance 393: 13 12 11 11 10 10 14 11 1 14 15 13 12 15 10 11 13 14 14 13 13 14 14 10 13 17 14 11 13 15 12 10
Last Time Cost: 00027293 ms
Total Time Cost: 00211327 ms
Total Distance 392: 13 12 11 11 10 10 14 11 0 14 15 13 12 15 10 11 13 14 14 13 13 14 14 10 13 17 14 11 13 15 12 10
Last Time Cost: 00039867 ms
Total Time Cost: 00251194 ms
Total Distance 380: 12 12 10 11 9 10 13 11 0 13 14 13 12 14 9 11 13 14 14 12 13 14 14 9 13 16 14 11 13 14 12 10
Last Time Cost: 00041304 ms
Total Time Cost: 00292498 ms
Total Distance 369: 11 12 10 10 9 10 12 11 0 12 14 13 11 13 9 11 13 14 14 12 13 13 14 8 13 16 13 11 13 13 11 10
Last Time Cost: 00048859 ms
Total Time Cost: 00341357 ms
Total Distance 360: 11 11 9 10 9 10 12 10 0 12 14 13 10 13 9 11 13 13 14 12 13 13 14 7 12 16 12 11 13 12 11 10
Last Time Cost: 00058413 ms
Total Time Cost: 00399770 ms
Total Distance 352: 10 11 8 10 9 10 11 10 0 11 14 13 10 12 8 11 13 13 14 12 13 13 14 6 12 16 12 11 13 11 11 10
Last Time Cost: 00068929 ms
Total Time Cost: 00468699 ms
Total Distance 346: 9 11 8 10 9 10 10 10 0 10 14 13 10 11 8 11 13 13 14 12 13 13 14 5 12 16 12 11 13 10 11 10
Last Time Cost: 00081933 ms
Total Time Cost: 00550632 ms
Total Distance 340: 9 11 8 10 9 10 9 10 0 10 14 13 10 11 8 11 12 12 13 12 13 13 14 4 12 16 12 11 13 10 11 9
Last Time Cost: 00097237 ms
Total Time Cost: 00647869 ms
Total Distance 336: 8 11 8 10 9 10 8 10 0 10 14 13 10 11 8 11 12 12 13 12 13 13 13 3 12 16 12 11 13 10 11 9
Last Time Cost: 00114208 ms
Total Time Cost: 00762077 ms
Total Distance 332: 8 10 8 10 9 10 8 9 0 10 14 13 10 11 8 11 12 12 13 12 13 13 13 2 12 16 11 11 13 10 11 9
Last Time Cost: 00135145 ms
Total Time Cost: 00897222 ms
Total Distance 329: 8 9 8 10 9 10 8 9 0 10 14 13 10 11 8 11 12 12 13 12 13 13 13 1 12 16 11 11 13 9 11 9
Last Time Cost: 00157679 ms
Total Time Cost: 01054901 ms
Total Distance 327: 8 9 8 10 9 10 8 9 0 10 14 13 10 11 8 11 12 12 13 12 12 13 13 0 12 16 11 11 13 9 11 9
Last Time Cost: 00190058 ms
Total Time Cost: 01244959 ms
Total Distance 315: 7 8 8 10 9 9 8 9 0 10 13 12 9 10 8 10 12 12 13 11 12 13 13 0 12 15 10 11 13 9 10 9
Last Time Cost: 00033257 ms
Total Time Cost: 01278216 ms
Total Distance 307: 6 8 8 10 9 9 8 8 0 10 13 11 9 10 8 10 11 11 13 11 12 12 12 0 12 15 10 11 13 9 10 8
Last Time Cost: 00037717 ms
Total Time Cost: 01315933 ms
Total Distance 303: 5 8 8 10 9 9 8 8 0 10 12 10 9 10 8 10 11 11 13 11 12 12 12 0 12 14 10 11 13 9 10 8
Last Time Cost: 00042232 ms
Total Time Cost: 01358165 ms
Total Distance 299: 4 8 8 10 9 9 8 8 0 9 12 10 9 9 8 10 11 11 13 11 12 12 12 0 11 14 10 11 13 9 10 8
Last Time Cost: 00048143 ms
Total Time Cost: 01406308 ms
Total Distance 296: 3 8 8 10 9 9 7 8 0 9 12 10 9 9 8 10 11 10 13 11 12 12 12 0 11 14 10 11 13 9 10 8
Last Time Cost: 00054193 ms
Total Time Cost: 01460501 ms
Total Distance 292: 2 8 8 10 9 9 7 8 0 9 12 10 9 9 8 10 10 9 13 11 12 12 11 0 11 14 10 11 13 9 10 8
Last Time Cost: 00060468 ms
Total Time Cost: 01520969 ms
Total Distance 288: 1 8 8 10 9 9 7 8 0 9 12 10 9 8 8 10 10 9 13 11 12 12 11 0 10 14 10 11 12 9 10 8
Last Time Cost: 00068352 ms
Total Time Cost: 01589321 ms
Total Distance 287: 0 8 8 10 9 9 7 8 0 9 12 10 9 8 8 10 10 9 13 11 12 12 11 0 10 14 10 11 12 9 10 8
Last Time Cost: 00077609 ms
Total Time Cost: 01666930 ms
Total Distance 279: 0 8 7 10 8 9 6 8 0 9 12 10 9 7 8 9 10 9 12 11 12 11 11 0 9 14 10 11 12 9 10 8
Last Time Cost: 00087995 ms
Total Time Cost: 01754925 ms
Total Distance 272: 0 8 7 10 7 9 5 8 0 9 12 9 9 7 8 9 10 9 11 11 12 11 10 0 9 13 10 11 12 8 10 8
Last Time Cost: 00010895 ms
Total Time Cost: 01765820 ms
Total Distance 267: 0 8 6 10 7 9 4 8 0 9 12 9 9 6 8 8 10 9 11 11 12 11 10 0 8 13 10 11 12 8 10 8
Last Time Cost: 00011798 ms
Total Time Cost: 01777618 ms
Total Distance 263: 0 8 6 10 7 9 3 8 0 9 12 8 9 6 8 8 10 9 10 11 12 11 10 0 8 12 10 11 12 8 10 8
Last Time Cost: 00012974 ms
Total Time Cost: 01790592 ms
Total Distance 259: 0 8 6 10 7 9 2 8 0 9 12 8 9 6 8 8 10 9 9 11 12 11 10 0 8 11 10 10 12 8 10 8
Last Time Cost: 00014183 ms
Total Time Cost: 01804775 ms
Total Distance 257: 0 8 6 10 7 9 1 8 0 9 12 8 9 6 8 8 10 9 9 11 12 10 10 0 8 11 10 10 12 8 10 8
Last Time Cost: 00015443 ms
Total Time Cost: 01820218 ms
Total Distance 255: 0 8 6 10 7 9 0 8 0 9 11 8 9 6 8 8 10 9 9 11 12 10 10 0 8 11 10 10 12 8 10 8
Last Time Cost: 00017285 ms
Total Time Cost: 01837503 ms
Total Distance 248: 0 8 6 10 7 9 0 7 0 9 10 8 8 5 8 8 9 9 9 10 12 10 10 0 8 11 10 10 11 8 10 8
Last Time Cost: 00018884 ms
Total Time Cost: 01856387 ms
Total Distance 243: 0 8 6 9 7 9 0 6 0 9 10 8 8 4 8 8 9 9 9 10 12 10 10 0 8 11 10 10 10 7 10 8
Last Time Cost: 00020476 ms
Total Time Cost: 01876863 ms
Total Distance 241: 0 8 5 9 7 9 0 6 0 9 10 8 8 3 8 8 9 9 9 10 12 10 10 0 8 11 10 10 10 7 10 8
Last Time Cost: 00022234 ms
Total Time Cost: 01899097 ms
Total Distance 239: 0 8 5 9 7 9 0 6 0 9 10 8 8 2 8 8 9 9 9 10 12 10 10 0 8 11 10 10 10 6 10 8
Last Time Cost: 00024258 ms
Total Time Cost: 01923355 ms
Total Distance 237: 0 8 5 9 7 9 0 6 0 9 10 8 8 1 8 7 9 9 9 10 12 10 10 0 8 11 10 10 10 6 10 8
Last Time Cost: 00026547 ms
Total Time Cost: 01949902 ms
Total Distance 234: 0 8 5 9 7 9 0 6 0 9 10 8 8 0 8 7 9 9 9 10 12 10 10 0 8 10 10 10 10 6 9 8
Last Time Cost: 00028956 ms
Total Time Cost: 01978858 ms
Total Distance 230: 0 8 4 9 7 9 0 6 0 9 10 8 8 0 8 7 9 9 8 10 12 9 10 0 8 10 10 10 10 6 9 7
Last Time Cost: 00031510 ms
Total Time Cost: 02010368 ms
Total Distance 227: 0 8 3 9 6 9 0 6 0 8 10 8 8 0 8 7 9 9 8 10 12 9 10 0 8 10 10 10 10 6 9 7
Last Time Cost: 00033927 ms
Total Time Cost: 02044295 ms
Total Distance 225: 0 8 2 9 6 9 0 6 0 8 10 8 8 0 8 7 9 9 8 10 12 9 10 0 8 10 10 10 10 5 9 7
Last Time Cost: 00036817 ms
Total Time Cost: 02081112 ms
Total Distance 223: 0 8 1 9 6 9 0 6 0 8 10 8 8 0 8 7 9 9 8 10 12 9 10 0 7 10 10 10 10 5 9 7
Last Time Cost: 00039785 ms
Total Time Cost: 02120897 ms
Total Distance 222: 0 8 0 9 6 9 0 6 0 8 10 8 8 0 8 7 9 9 8 10 12 9 10 0 7 10 10 10 10 5 9 7
Last Time Cost: 00042972 ms
Total Time Cost: 02163869 ms
Total Distance 215: 0 8 0 9 6 9 0 6 0 8 10 8 8 0 7 7 9 9 7 10 11 8 10 0 7 10 9 10 9 4 9 7
Last Time Cost: 00003394 ms
Total Time Cost: 02167263 ms
Total Distance 211: 0 8 0 9 6 9 0 6 0 8 10 8 8 0 7 7 8 9 7 10 10 8 10 0 7 10 9 10 9 3 9 6
Last Time Cost: 00003519 ms
Total Time Cost: 02170782 ms
Total Distance 207: 0 8 0 9 6 9 0 6 0 8 10 8 8 0 7 7 7 9 7 10 9 8 10 0 7 10 9 9 9 2 9 6
Last Time Cost: 00003777 ms
Total Time Cost: 02174559 ms
Total Distance 203: 0 8 0 9 6 9 0 6 0 8 10 8 8 0 7 7 6 9 7 10 9 8 10 0 7 10 8 9 8 1 9 6
Last Time Cost: 00003990 ms
Total Time Cost: 02178549 ms
Total Distance 202: 0 8 0 9 6 9 0 6 0 8 10 8 8 0 7 7 6 9 7 10 9 8 10 0 7 10 8 9 8 0 9 6
Last Time Cost: 00004412 ms
Total Time Cost: 02182961 ms
Total Distance 196: 0 8 0 9 5 9 0 6 0 7 10 8 7 0 6 7 6 8 7 10 9 7 10 0 7 10 8 9 8 0 9 6
Last Time Cost: 00004541 ms
Total Time Cost: 02187502 ms
Total Distance 192: 0 8 0 9 4 9 0 5 0 7 10 7 7 0 6 7 6 8 7 10 9 7 10 0 7 10 7 9 8 0 9 6
Last Time Cost: 00004846 ms
Total Time Cost: 02192348 ms
Total Distance 187: 0 8 0 8 3 9 0 5 0 7 9 6 7 0 6 7 6 8 7 10 9 7 10 0 7 9 7 9 8 0 9 6
Last Time Cost: 00005104 ms
Total Time Cost: 02197452 ms
Total Distance 184: 0 8 0 8 2 9 0 5 0 7 9 6 7 0 6 7 6 8 7 10 9 7 10 0 7 8 6 9 8 0 9 6
Last Time Cost: 00005384 ms
Total Time Cost: 02202836 ms
Total Distance 180: 0 8 0 7 1 9 0 5 0 7 9 6 7 0 6 7 6 7 7 10 9 6 10 0 7 8 6 9 8 0 9 6
Last Time Cost: 00005777 ms
Total Time Cost: 02208613 ms
Total Distance 178: 0 8 0 7 0 9 0 5 0 7 9 6 7 0 6 7 6 7 7 10 9 6 9 0 7 8 6 9 8 0 9 6
Last Time Cost: 00006051 ms
Total Time Cost: 02214664 ms
Total Distance 175: 0 8 0 7 0 9 0 4 0 7 9 6 7 0 6 7 6 6 7 10 9 5 9 0 7 8 6 9 8 0 9 6
Last Time Cost: 00006405 ms
Total Time Cost: 02221069 ms
Total Distance 172: 0 8 0 7 0 9 0 3 0 7 9 6 7 0 6 7 6 6 7 10 8 5 8 0 7 8 6 9 8 0 9 6
Last Time Cost: 00006788 ms
Total Time Cost: 02227857 ms
Total Distance 171: 0 8 0 7 0 9 0 2 0 7 9 6 7 0 6 7 6 6 7 10 8 5 8 0 7 8 6 9 8 0 9 6
Last Time Cost: 00007185 ms
Total Time Cost: 02235042 ms
Total Distance 170: 0 8 0 7 0 9 0 1 0 7 9 6 7 0 6 7 6 6 7 10 8 5 8 0 7 8 6 9 8 0 9 6
Last Time Cost: 00007553 ms
Total Time Cost: 02242595 ms
Total Distance 169: 0 8 0 7 0 9 0 0 0 7 9 6 7 0 6 7 6 6 7 10 8 5 8 0 7 8 6 9 8 0 9 6
Last Time Cost: 00008037 ms
Total Time Cost: 02250632 ms
Total Distance 166: 0 8 0 7 0 9 0 0 0 7 9 6 7 0 6 7 6 6 7 10 8 4 8 0 6 8 6 9 7 0 9 6
Last Time Cost: 00008465 ms
Total Time Cost: 02259097 ms
Total Distance 163: 0 8 0 7 0 9 0 0 0 7 9 6 7 0 6 7 6 5 7 9 8 3 8 0 6 8 6 9 7 0 9 6
Last Time Cost: 00000430 ms
Total Time Cost: 02259527 ms
Total Distance 161: 0 8 0 7 0 9 0 0 0 7 9 6 7 0 6 7 6 5 7 9 8 2 8 0 6 8 6 9 6 0 9 6
Last Time Cost: 00000416 ms
Total Time Cost: 02259943 ms
Total Distance 160: 0 8 0 7 0 9 0 0 0 7 9 6 7 0 6 7 6 5 7 9 8 1 8 0 6 8 6 9 6 0 9 6
Last Time Cost: 00000444 ms
Total Time Cost: 02260387 ms
Total Distance 159: 0 8 0 7 0 9 0 0 0 7 9 6 7 0 6 7 6 5 7 9 8 0 8 0 6 8 6 9 6 0 9 6
Last Time Cost: 00000465 ms
Total Time Cost: 02260852 ms
Total Distance 156: 0 8 0 7 0 8 0 0 0 6 9 6 7 0 6 7 6 4 7 9 8 0 8 0 6 8 6 9 6 0 9 6
Last Time Cost: 00000494 ms
Total Time Cost: 02261346 ms
Total Distance 152: 0 8 0 7 0 8 0 0 0 6 8 6 7 0 6 7 5 3 7 8 8 0 8 0 6 8 6 9 6 0 9 6
Last Time Cost: 00000501 ms
Total Time Cost: 02261847 ms
Total Distance 149: 0 8 0 7 0 8 0 0 0 6 8 6 7 0 6 7 5 2 7 8 8 0 8 0 6 8 6 8 6 0 8 6
Last Time Cost: 00000518 ms
Total Time Cost: 02262365 ms
Total Distance 148: 0 8 0 7 0 8 0 0 0 6 8 6 7 0 6 7 5 1 7 8 8 0 8 0 6 8 6 8 6 0 8 6
Last Time Cost: 00000542 ms
Total Time Cost: 02262907 ms
Total Distance 147: 0 8 0 7 0 8 0 0 0 6 8 6 7 0 6 7 5 0 7 8 8 0 8 0 6 8 6 8 6 0 8 6
Last Time Cost: 00000572 ms
Total Time Cost: 02263479 ms
Total Distance 144: 0 8 0 7 0 8 0 0 0 6 8 6 7 0 6 7 4 0 7 8 7 0 8 0 6 7 6 8 6 0 8 6
Last Time Cost: 00000613 ms
Total Time Cost: 02264092 ms
Total Distance 142: 0 8 0 7 0 8 0 0 0 6 8 5 7 0 6 7 3 0 7 8 7 0 8 0 6 7 6 8 6 0 8 6
Last Time Cost: 00000630 ms
Total Time Cost: 02264722 ms
Total Distance 141: 0 8 0 7 0 8 0 0 0 6 8 5 7 0 6 7 2 0 7 8 7 0 8 0 6 7 6 8 6 0 8 6
Last Time Cost: 00000646 ms
Total Time Cost: 02265368 ms
Total Distance 140: 0 8 0 7 0 8 0 0 0 6 8 5 7 0 6 7 1 0 7 8 7 0 8 0 6 7 6 8 6 0 8 6
Last Time Cost: 00000684 ms
Total Time Cost: 02266052 ms
Total Distance 139: 0 8 0 7 0 8 0 0 0 6 8 5 7 0 6 7 0 0 7 8 7 0 8 0 6 7 6 8 6 0 8 6
Last Time Cost: 00000721 ms
Total Time Cost: 02266773 ms
Total Distance 136: 0 8 0 7 0 8 0 0 0 6 7 4 7 0 6 7 0 0 7 8 7 0 7 0 6 7 6 8 6 0 8 6
Last Time Cost: 00000744 ms
Total Time Cost: 02267517 ms
Total Distance 133: 0 8 0 7 0 8 0 0 0 6 7 3 7 0 6 6 0 0 7 8 7 0 7 0 6 7 6 8 6 0 7 6
Last Time Cost: 00000763 ms
Total Time Cost: 02268280 ms
Total Distance 131: 0 8 0 7 0 8 0 0 0 6 7 2 6 0 6 6 0 0 7 8 7 0 7 0 6 7 6 8 6 0 7 6
Last Time Cost: 00000772 ms
Total Time Cost: 02269052 ms
Total Distance 130: 0 8 0 7 0 8 0 0 0 6 7 1 6 0 6 6 0 0 7 8 7 0 7 0 6 7 6 8 6 0 7 6
Last Time Cost: 00000828 ms
Total Time Cost: 02269880 ms
Total Distance 129: 0 8 0 7 0 8 0 0 0 6 7 0 6 0 6 6 0 0 7 8 7 0 7 0 6 7 6 8 6 0 7 6
Last Time Cost: 00000932 ms
Total Time Cost: 02270812 ms
Total Distance 123: 0 7 0 7 0 8 0 0 0 6 7 0 6 0 6 6 0 0 6 8 7 0 7 0 5 7 5 7 5 0 7 6
Last Time Cost: 00000926 ms
Total Time Cost: 02271738 ms
Total Distance 120: 0 7 0 7 0 7 0 0 0 6 7 0 6 0 6 6 0 0 5 8 7 0 7 0 5 7 4 7 5 0 7 6
Last Time Cost: 00000942 ms
Total Time Cost: 02272680 ms
Total Distance 118: 0 7 0 7 0 7 0 0 0 6 7 0 6 0 6 6 0 0 5 8 7 0 7 0 5 7 3 6 5 0 7 6
Last Time Cost: 00000958 ms
Total Time Cost: 02273638 ms
Total Distance 115: 0 7 0 7 0 7 0 0 0 6 7 0 6 0 6 6 0 0 5 8 7 0 7 0 5 6 2 5 5 0 7 6
Last Time Cost: 00000979 ms
Total Time Cost: 02274617 ms
Total Distance 113: 0 7 0 6 0 7 0 0 0 6 7 0 6 0 6 6 0 0 5 8 7 0 7 0 5 6 1 5 5 0 7 6
Last Time Cost: 00001023 ms
Total Time Cost: 02275640 ms
Total Distance 111: 0 7 0 6 0 6 0 0 0 6 7 0 6 0 6 6 0 0 5 8 7 0 7 0 5 6 0 5 5 0 7 6
Last Time Cost: 00001078 ms
Total Time Cost: 02276718 ms
Total Distance 107: 0 7 0 6 0 6 0 0 0 6 7 0 6 0 6 6 0 0 4 7 7 0 6 0 5 6 0 5 4 0 7 6
Last Time Cost: 00000034 ms
Total Time Cost: 02276752 ms
Total Distance 105: 0 7 0 6 0 6 0 0 0 6 7 0 6 0 6 6 0 0 3 7 7 0 6 0 5 6 0 5 4 0 7 5
Last Time Cost: 00000033 ms
Total Time Cost: 02276785 ms
Total Distance 103: 0 7 0 6 0 6 0 0 0 6 7 0 6 0 6 6 0 0 2 6 7 0 6 0 5 6 0 5 4 0 7 5
Last Time Cost: 00000041 ms
Total Time Cost: 02276826 ms
Total Distance 102: 0 7 0 6 0 6 0 0 0 6 7 0 6 0 6 6 0 0 1 6 7 0 6 0 5 6 0 5 4 0 7 5
Last Time Cost: 00000040 ms
Total Time Cost: 02276866 ms
Total Distance 101: 0 7 0 6 0 6 0 0 0 6 7 0 6 0 6 6 0 0 0 6 7 0 6 0 5 6 0 5 4 0 7 5
Last Time Cost: 00000042 ms
Total Time Cost: 02276908 ms
Total Distance 100: 0 7 0 6 0 6 0 0 0 6 7 0 6 0 6 6 0 0 0 6 7 0 6 0 5 6 0 5 3 0 7 5
Last Time Cost: 00000041 ms
Total Time Cost: 02276949 ms
Total Distance 99: 0 7 0 6 0 6 0 0 0 6 7 0 6 0 6 6 0 0 0 6 7 0 6 0 5 6 0 5 2 0 7 5
Last Time Cost: 00000037 ms
Total Time Cost: 02276986 ms
Total Distance 98: 0 7 0 6 0 6 0 0 0 6 7 0 6 0 6 6 0 0 0 6 7 0 6 0 5 6 0 5 1 0 7 5
Last Time Cost: 00000038 ms
Total Time Cost: 02277024 ms
Total Distance 97: 0 7 0 6 0 6 0 0 0 6 7 0 6 0 6 6 0 0 0 6 7 0 6 0 5 6 0 5 0 0 7 5
Last Time Cost: 00000049 ms
Total Time Cost: 02277073 ms
Total Distance 95: 0 7 0 6 0 6 0 0 0 6 7 0 6 0 6 6 0 0 0 6 7 0 5 0 4 6 0 5 0 0 7 5
Last Time Cost: 00000041 ms
Total Time Cost: 02277114 ms
Total Distance 93: 0 7 0 6 0 6 0 0 0 5 7 0 6 0 6 6 0 0 0 6 7 0 5 0 3 6 0 5 0 0 7 5
Last Time Cost: 00000037 ms
Total Time Cost: 02277151 ms
Total Distance 91: 0 7 0 6 0 6 0 0 0 5 7 0 6 0 6 6 0 0 0 6 6 0 5 0 2 6 0 5 0 0 7 5
Last Time Cost: 00000040 ms
Total Time Cost: 02277191 ms
Total Distance 90: 0 7 0 6 0 6 0 0 0 5 7 0 6 0 6 6 0 0 0 6 6 0 5 0 1 6 0 5 0 0 7 5
Last Time Cost: 00000039 ms
Total Time Cost: 02277230 ms
Total Distance 89: 0 7 0 6 0 6 0 0 0 5 7 0 6 0 6 6 0 0 0 6 6 0 5 0 0 6 0 5 0 0 7 5
Last Time Cost: 00000058 ms
Total Time Cost: 02277288 ms
Total Distance 85: 0 7 0 6 0 6 0 0 0 4 6 0 6 0 5 6 0 0 0 6 6 0 5 0 0 6 0 4 0 0 7 5
Last Time Cost: 00000046 ms
Total Time Cost: 02277334 ms
Total Distance 83: 0 7 0 6 0 6 0 0 0 3 6 0 6 0 5 5 0 0 0 6 6 0 5 0 0 6 0 4 0 0 7 5
Last Time Cost: 00000044 ms
Total Time Cost: 02277378 ms
Total Distance 80: 0 6 0 6 0 6 0 0 0 2 6 0 6 0 5 5 0 0 0 6 6 0 5 0 0 6 0 4 0 0 6 5
Last Time Cost: 00000044 ms
Total Time Cost: 02277422 ms
Total Distance 78: 0 6 0 6 0 6 0 0 0 1 6 0 6 0 5 5 0 0 0 6 5 0 5 0 0 6 0 4 0 0 6 5
Last Time Cost: 00000047 ms
Total Time Cost: 02277469 ms
Total Distance 77: 0 6 0 6 0 6 0 0 0 0 6 0 6 0 5 5 0 0 0 6 5 0 5 0 0 6 0 4 0 0 6 5
Last Time Cost: 00000050 ms
Total Time Cost: 02277519 ms
Total Distance 75: 0 6 0 6 0 5 0 0 0 0 6 0 6 0 5 5 0 0 0 6 5 0 5 0 0 6 0 3 0 0 6 5
Last Time Cost: 00000050 ms
Total Time Cost: 02277569 ms
Total Distance 73: 0 6 0 6 0 5 0 0 0 0 6 0 6 0 5 5 0 0 0 6 5 0 5 0 0 5 0 2 0 0 6 5
Last Time Cost: 00000049 ms
Total Time Cost: 02277618 ms
Total Distance 72: 0 6 0 6 0 5 0 0 0 0 6 0 6 0 5 5 0 0 0 6 5 0 5 0 0 5 0 1 0 0 6 5
Last Time Cost: 00000047 ms
Total Time Cost: 02277665 ms
Total Distance 71: 0 6 0 6 0 5 0 0 0 0 6 0 6 0 5 5 0 0 0 6 5 0 5 0 0 5 0 0 0 0 6 5
Last Time Cost: 00000070 ms
Total Time Cost: 02277735 ms
Total Distance 68: 0 6 0 5 0 5 0 0 0 0 5 0 6 0 5 4 0 0 0 6 5 0 5 0 0 5 0 0 0 0 6 5
Last Time Cost: 00000051 ms
Total Time Cost: 02277786 ms
Total Distance 66: 0 6 0 5 0 5 0 0 0 0 5 0 6 0 5 3 0 0 0 6 4 0 5 0 0 5 0 0 0 0 6 5
Last Time Cost: 00000052 ms
Total Time Cost: 02277838 ms
Total Distance 65: 0 6 0 5 0 5 0 0 0 0 5 0 6 0 5 2 0 0 0 6 4 0 5 0 0 5 0 0 0 0 6 5
Last Time Cost: 00000052 ms
Total Time Cost: 02277890 ms
Total Distance 64: 0 6 0 5 0 5 0 0 0 0 5 0 6 0 5 1 0 0 0 6 4 0 5 0 0 5 0 0 0 0 6 5
Last Time Cost: 00000055 ms
Total Time Cost: 02277945 ms
Total Distance 63: 0 6 0 5 0 5 0 0 0 0 5 0 6 0 5 0 0 0 0 6 4 0 5 0 0 5 0 0 0 0 6 5
Last Time Cost: 00000057 ms
Total Time Cost: 02278002 ms
Total Distance 62: 0 6 0 5 0 5 0 0 0 0 5 0 6 0 5 0 0 0 0 6 3 0 5 0 0 5 0 0 0 0 6 5
Last Time Cost: 00000059 ms
Total Time Cost: 02278061 ms
Total Distance 61: 0 6 0 5 0 5 0 0 0 0 5 0 6 0 5 0 0 0 0 6 2 0 5 0 0 5 0 0 0 0 6 5
Last Time Cost: 00000058 ms
Total Time Cost: 02278119 ms
Total Distance 60: 0 6 0 5 0 5 0 0 0 0 5 0 6 0 5 0 0 0 0 6 1 0 5 0 0 5 0 0 0 0 6 5
Last Time Cost: 00000062 ms
Total Time Cost: 02278181 ms
Total Distance 59: 0 6 0 5 0 5 0 0 0 0 5 0 6 0 5 0 0 0 0 6 0 0 5 0 0 5 0 0 0 0 6 5
Last Time Cost: 00000084 ms
Total Time Cost: 02278265 ms
Total Distance 57: 0 6 0 4 0 5 0 0 0 0 4 0 6 0 5 0 0 0 0 6 0 0 5 0 0 5 0 0 0 0 6 5
Last Time Cost: 00000066 ms
Total Time Cost: 02278331 ms
Total Distance 55: 0 6 0 3 0 5 0 0 0 0 4 0 5 0 5 0 0 0 0 6 0 0 5 0 0 5 0 0 0 0 6 5
Last Time Cost: 00000068 ms
Total Time Cost: 02278399 ms
Total Distance 54: 0 6 0 2 0 5 0 0 0 0 4 0 5 0 5 0 0 0 0 6 0 0 5 0 0 5 0 0 0 0 6 5
Last Time Cost: 00000062 ms
Total Time Cost: 02278461 ms
Total Distance 53: 0 6 0 1 0 5 0 0 0 0 4 0 5 0 5 0 0 0 0 6 0 0 5 0 0 5 0 0 0 0 6 5
Last Time Cost: 00000074 ms
Total Time Cost: 02278535 ms
Total Distance 52: 0 6 0 0 0 5 0 0 0 0 4 0 5 0 5 0 0 0 0 6 0 0 5 0 0 5 0 0 0 0 6 5
Last Time Cost: 00000066 ms
Total Time Cost: 02278601 ms
Total Distance 51: 0 6 0 0 0 5 0 0 0 0 3 0 5 0 5 0 0 0 0 6 0 0 5 0 0 5 0 0 0 0 6 5
Last Time Cost: 00000068 ms
Total Time Cost: 02278669 ms
Total Distance 50: 0 6 0 0 0 5 0 0 0 0 2 0 5 0 5 0 0 0 0 6 0 0 5 0 0 5 0 0 0 0 6 5
Last Time Cost: 00000071 ms
Total Time Cost: 02278740 ms
Total Distance 49: 0 6 0 0 0 5 0 0 0 0 1 0 5 0 5 0 0 0 0 6 0 0 5 0 0 5 0 0 0 0 6 5
Last Time Cost: 00000069 ms
Total Time Cost: 02278809 ms
Total Distance 48: 0 6 0 0 0 5 0 0 0 0 0 0 5 0 5 0 0 0 0 6 0 0 5 0 0 5 0 0 0 0 6 5
Last Time Cost: 00000096 ms
Total Time Cost: 02278905 ms
Total Distance 46: 0 6 0 0 0 5 0 0 0 0 0 0 4 0 5 0 0 0 0 5 0 0 5 0 0 5 0 0 0 0 6 5
Last Time Cost: 00000072 ms
Total Time Cost: 02278977 ms
Total Distance 45: 0 6 0 0 0 5 0 0 0 0 0 0 3 0 5 0 0 0 0 5 0 0 5 0 0 5 0 0 0 0 6 5
Last Time Cost: 00000074 ms
Total Time Cost: 02279051 ms
Total Distance 44: 0 6 0 0 0 5 0 0 0 0 0 0 2 0 5 0 0 0 0 5 0 0 5 0 0 5 0 0 0 0 6 5
Last Time Cost: 00000078 ms
Total Time Cost: 02279129 ms
Total Distance 43: 0 6 0 0 0 5 0 0 0 0 0 0 1 0 5 0 0 0 0 5 0 0 5 0 0 5 0 0 0 0 6 5
Last Time Cost: 00000082 ms
Total Time Cost: 02279211 ms
Total Distance 42: 0 6 0 0 0 5 0 0 0 0 0 0 0 0 5 0 0 0 0 5 0 0 5 0 0 5 0 0 0 0 6 5
Last Time Cost: 00000109 ms
Total Time Cost: 02279320 ms
Total Distance 40: 0 6 0 0 0 5 0 0 0 0 0 0 0 0 5 0 0 0 0 4 0 0 5 0 0 4 0 0 0 0 6 5
Last Time Cost: 00000080 ms
Total Time Cost: 02279400 ms
Total Distance 38: 0 6 0 0 0 5 0 0 0 0 0 0 0 0 5 0 0 0 0 3 0 0 5 0 0 4 0 0 0 0 5 5
Last Time Cost: 00000091 ms
Total Time Cost: 02279491 ms
Total Distance 37: 0 6 0 0 0 5 0 0 0 0 0 0 0 0 5 0 0 0 0 2 0 0 5 0 0 4 0 0 0 0 5 5
Last Time Cost: 00000087 ms
Total Time Cost: 02279578 ms
Total Distance 36: 0 6 0 0 0 5 0 0 0 0 0 0 0 0 5 0 0 0 0 1 0 0 5 0 0 4 0 0 0 0 5 5
Last Time Cost: 00000090 ms
Total Time Cost: 02279668 ms
Total Distance 35: 0 6 0 0 0 5 0 0 0 0 0 0 0 0 5 0 0 0 0 0 0 0 5 0 0 4 0 0 0 0 5 5
Last Time Cost: 00000096 ms
Total Time Cost: 02279764 ms
Total Distance 34: 0 6 0 0 0 5 0 0 0 0 0 0 0 0 5 0 0 0 0 0 0 0 5 0 0 3 0 0 0 0 5 5
Last Time Cost: 00000097 ms
Total Time Cost: 02279861 ms
Total Distance 33: 0 6 0 0 0 5 0 0 0 0 0 0 0 0 5 0 0 0 0 0 0 0 5 0 0 2 0 0 0 0 5 5
Last Time Cost: 00000097 ms
Total Time Cost: 02279958 ms
Total Distance 32: 0 6 0 0 0 5 0 0 0 0 0 0 0 0 5 0 0 0 0 0 0 0 5 0 0 1 0 0 0 0 5 5
Last Time Cost: 00000100 ms
Total Time Cost: 02280058 ms
Total Distance 31: 0 6 0 0 0 5 0 0 0 0 0 0 0 0 5 0 0 0 0 0 0 0 5 0 0 0 0 0 0 0 5 5
Last Time Cost: 00000131 ms
Total Time Cost: 02280189 ms
Total Distance 29: 0 6 0 0 0 4 0 0 0 0 0 0 0 0 4 0 0 0 0 0 0 0 5 0 0 0 0 0 0 0 5 5
Last Time Cost: 00000098 ms
Total Time Cost: 02280287 ms
Total Distance 28: 0 6 0 0 0 4 0 0 0 0 0 0 0 0 3 0 0 0 0 0 0 0 5 0 0 0 0 0 0 0 5 5
Last Time Cost: 00000098 ms
Total Time Cost: 02280385 ms
Total Distance 27: 0 6 0 0 0 4 0 0 0 0 0 0 0 0 2 0 0 0 0 0 0 0 5 0 0 0 0 0 0 0 5 5
Last Time Cost: 00000102 ms
Total Time Cost: 02280487 ms
Total Distance 26: 0 6 0 0 0 4 0 0 0 0 0 0 0 0 1 0 0 0 0 0 0 0 5 0 0 0 0 0 0 0 5 5
Last Time Cost: 00000102 ms
Total Time Cost: 02280589 ms
Total Distance 25: 0 6 0 0 0 4 0 0 0 0 0 0 0 0 0 0 0 0 0 0 0 0 5 0 0 0 0 0 0 0 5 5
Last Time Cost: 00000108 ms
Total Time Cost: 02280697 ms
Total Distance 23: 0 6 0 0 0 3 0 0 0 0 0 0 0 0 0 0 0 0 0 0 0 0 5 0 0 0 0 0 0 0 4 5
Last Time Cost: 00000109 ms
Total Time Cost: 02280806 ms
Total Distance 22: 0 6 0 0 0 2 0 0 0 0 0 0 0 0 0 0 0 0 0 0 0 0 5 0 0 0 0 0 0 0 4 5
Last Time Cost: 00000104 ms
Total Time Cost: 02280910 ms
Total Distance 20: 0 5 0 0 0 1 0 0 0 0 0 0 0 0 0 0 0 0 0 0 0 0 5 0 0 0 0 0 0 0 4 5
Last Time Cost: 00000005 ms
Total Time Cost: 02280915 ms
Total Distance 19: 0 5 0 0 0 0 0 0 0 0 0 0 0 0 0 0 0 0 0 0 0 0 5 0 0 0 0 0 0 0 4 5
Last Time Cost: 00000005 ms
Total Time Cost: 02280920 ms
Total Distance 18: 0 5 0 0 0 0 0 0 0 0 0 0 0 0 0 0 0 0 0 0 0 0 5 0 0 0 0 0 0 0 3 5
Last Time Cost: 00000004 ms
Total Time Cost: 02280924 ms
Total Distance 17: 0 5 0 0 0 0 0 0 0 0 0 0 0 0 0 0 0 0 0 0 0 0 5 0 0 0 0 0 0 0 2 5
Last Time Cost: 00000005 ms
Total Time Cost: 02280929 ms
Total Distance 16: 0 5 0 0 0 0 0 0 0 0 0 0 0 0 0 0 0 0 0 0 0 0 5 0 0 0 0 0 0 0 1 5
Last Time Cost: 00000002 ms
Total Time Cost: 02280931 ms
Total Distance 15: 0 5 0 0 0 0 0 0 0 0 0 0 0 0 0 0 0 0 0 0 0 0 5 0 0 0 0 0 0 0 0 5
Last Time Cost: 00000030 ms
Total Time Cost: 02280961 ms
Total Distance 14: 0 5 0 0 0 0 0 0 0 0 0 0 0 0 0 0 0 0 0 0 0 0 4 0 0 0 0 0 0 0 0 5
Last Time Cost: 00000004 ms
Total Time Cost: 02280965 ms
Total Distance 13: 0 5 0 0 0 0 0 0 0 0 0 0 0 0 0 0 0 0 0 0 0 0 3 0 0 0 0 0 0 0 0 5
Last Time Cost: 00000003 ms
Total Time Cost: 02280968 ms
Total Distance 12: 0 5 0 0 0 0 0 0 0 0 0 0 0 0 0 0 0 0 0 0 0 0 2 0 0 0 0 0 0 0 0 5
Last Time Cost: 00000003 ms
Total Time Cost: 02280971 ms
Total Distance 10: 0 5 0 0 0 0 0 0 0 0 0 0 0 0 0 0 0 0 0 0 0 0 1 0 0 0 0 0 0 0 0 4
Last Time Cost: 00000002 ms
Total Time Cost: 02280973 ms
Total Distance 9: 0 5 0 0 0 0 0 0 0 0 0 0 0 0 0 0 0 0 0 0 0 0 0 0 0 0 0 0 0 0 0 4
Last Time Cost: 00000003 ms
Total Time Cost: 02280976 ms
Total Distance 7: 0 4 0 0 0 0 0 0 0 0 0 0 0 0 0 0 0 0 0 0 0 0 0 0 0 0 0 0 0 0 0 3
Last Time Cost: 00000003 ms
Total Time Cost: 02280979 ms
Total Distance 6: 0 4 0 0 0 0 0 0 0 0 0 0 0 0 0 0 0 0 0 0 0 0 0 0 0 0 0 0 0 0 0 2
Last Time Cost: 00000003 ms
Total Time Cost: 02280982 ms
Total Distance 5: 0 4 0 0 0 0 0 0 0 0 0 0 0 0 0 0 0 0 0 0 0 0 0 0 0 0 0 0 0 0 0 1
Last Time Cost: 00000002 ms
Total Time Cost: 02280984 ms
Total Distance 4: 0 4 0 0 0 0 0 0 0 0 0 0 0 0 0 0 0 0 0 0 0 0 0 0 0 0 0 0 0 0 0 0
Last Time Cost: 00000003 ms
Total Time Cost: 02280987 ms
Total Distance 3: 0 3 0 0 0 0 0 0 0 0 0 0 0 0 0 0 0 0 0 0 0 0 0 0 0 0 0 0 0 0 0 0
Last Time Cost: 00000001 ms
Total Time Cost: 02280988 ms
Total Distance 2: 0 2 0 0 0 0 0 0 0 0 0 0 0 0 0 0 0 0 0 0 0 0 0 0 0 0 0 0 0 0 0 0
Last Time Cost: 00000001 ms
Total Time Cost: 02280989 ms
Total Distance 1: 0 1 0 0 0 0 0 0 0 0 0 0 0 0 0 0 0 0 0 0 0 0 0 0 0 0 0 0 0 0 0 0
Last Time Cost: 00000000 ms
Total Time Cost: 02280989 ms
Total Distance 0: 0 0 0 0 0 0 0 0 0 0 0 0 0 0 0 0 0 0 0 0 0 0 0 0 0 0 0 0 0 0 0 0
