Last Time Cost: 00000000 ms
Total Time Cost: 00000000 ms
Total Distance 536: 16 16 18 17 16 16 18 17 16 16 18 17 16 16 18 17 16 16 18 17 16 16 18 17 16 16 18 17 16 16 18 17
Last Time Cost: 00011172 ms
Total Time Cost: 00011172 ms
Total Distance 524: 16 16 18 16 16 16 17 17 16 15 18 17 15 16 18 16 15 16 17 16 15 15 18 17 16 15 18 17 16 15 18 17
Last Time Cost: 00012483 ms
Total Time Cost: 00023655 ms
Total Distance 512: 16 15 18 16 16 15 17 17 15 14 18 17 14 16 17 15 14 16 17 15 15 14 18 17 16 15 17 17 16 15 18 16
Last Time Cost: 00013565 ms
Total Time Cost: 00037220 ms
Total Distance 500: 15 15 18 16 16 14 16 17 15 14 17 17 14 16 16 15 13 16 17 15 14 13 18 17 15 14 16 17 16 15 18 15
Last Time Cost: 00014824 ms
Total Time Cost: 00052044 ms
Total Distance 488: 15 14 18 16 16 14 16 16 15 14 16 16 14 16 16 15 12 16 17 14 14 12 18 17 14 14 15 16 16 14 17 15
Last Time Cost: 00018287 ms
Total Time Cost: 00070331 ms
Total Distance 476: 15 14 17 16 16 14 16 15 14 14 16 15 14 15 16 15 11 15 17 14 13 12 17 16 14 13 15 16 16 13 17 15
Last Time Cost: 00007035 ms
Total Time Cost: 00077366 ms
Total Distance 465: 15 14 17 16 15 14 16 15 13 13 16 14 14 15 16 14 10 15 16 14 13 11 16 16 14 13 15 16 16 12 16 15
Last Time Cost: 00008333 ms
Total Time Cost: 00085699 ms
Total Distance 454: 15 13 16 16 14 14 15 15 13 12 15 14 14 15 16 14 9 15 16 14 13 11 16 16 14 13 15 15 15 11 16 14
Last Time Cost: 00010176 ms
Total Time Cost: 00095875 ms
Total Distance 443: 15 13 16 16 14 13 14 15 12 12 14 14 14 14 15 14 8 14 16 13 13 11 16 15 14 13 15 15 14 11 16 14
Last Time Cost: 00012424 ms
Total Time Cost: 00108299 ms
Total Distance 436: 15 13 16 15 14 13 13 15 12 11 14 14 13 14 15 14 7 14 15 13 13 11 16 15 14 12 15 15 14 11 16 14
Last Time Cost: 00015273 ms
Total Time Cost: 00123572 ms
Total Distance 430: 15 13 16 15 14 12 13 15 12 11 14 14 13 14 14 14 6 14 15 13 13 10 16 15 14 12 14 15 14 11 16 13
Last Time Cost: 00018505 ms
Total Time Cost: 00142077 ms
Total Distance 424: 15 13 16 15 14 11 12 15 12 11 14 14 12 14 14 14 5 14 15 13 13 10 16 15 14 11 13 15 14 11 16 13
Last Time Cost: 00022536 ms
Total Time Cost: 00164613 ms
Total Distance 418: 15 13 16 15 14 11 12 15 12 10 14 14 12 14 14 13 4 14 15 13 13 9 15 15 14 11 13 15 14 11 15 13
Last Time Cost: 00027483 ms
Total Time Cost: 00192096 ms
Total Distance 413: 15 13 16 15 14 11 12 15 12 10 14 14 12 14 14 13 3 14 15 13 13 8 15 15 14 11 12 14 14 11 14 13
Last Time Cost: 00033377 ms
Total Time Cost: 00225473 ms
Total Distance 408: 15 13 16 15 14 11 12 15 11 10 14 14 12 13 14 13 2 13 15 13 13 8 15 14 14 11 12 14 14 11 14 13
Last Time Cost: 00040066 ms
Total Time Cost: 00265539 ms
Total Distance 402: 15 13 15 15 14 11 11 15 11 10 13 14 12 13 14 13 1 13 15 13 13 8 15 14 14 11 12 14 13 10 14 13
Last Time Cost: 00008685 ms
Total Time Cost: 00274224 ms
Total Distance 397: 15 13 15 15 14 11 11 14 11 10 12 13 12 13 14 13 0 13 15 13 13 8 15 14 14 11 12 14 13 9 14 13
Last Time Cost: 00011125 ms
Total Time Cost: 00285349 ms
Total Distance 386: 15 12 14 15 14 11 11 14 11 9 11 13 11 13 13 13 0 13 15 12 12 7 15 13 13 11 12 14 13 9 14 13
Last Time Cost: 00012542 ms
Total Time Cost: 00297891 ms
Total Distance 376: 15 11 14 15 14 11 11 14 10 9 11 13 10 12 13 13 0 13 15 12 11 6 14 13 13 11 12 14 13 8 13 12
Last Time Cost: 00014221 ms
Total Time Cost: 00312112 ms
Total Distance 366: 14 11 13 14 14 10 11 14 10 8 11 13 10 12 13 13 0 13 15 12 11 5 14 13 13 10 12 14 12 8 12 11
Last Time Cost: 00016186 ms
Total Time Cost: 00328298 ms
Total Distance 360: 14 11 13 14 13 10 11 14 10 8 11 13 10 12 13 12 0 12 15 12 11 4 14 13 13 10 12 14 11 7 12 11
Last Time Cost: 00018651 ms
Total Time Cost: 00346949 ms
Total Distance 356: 14 10 13 14 13 10 11 14 10 8 11 13 9 12 13 12 0 12 15 12 10 3 14 13 13 10 12 14 11 7 12 11
Last Time Cost: 00021319 ms
Total Time Cost: 00368268 ms
Total Distance 351: 14 10 13 14 13 10 11 14 10 8 11 13 9 12 13 12 0 12 15 11 10 2 13 13 12 10 12 14 11 7 11 11
Last Time Cost: 00024592 ms
Total Time Cost: 00392860 ms
Total Distance 347: 14 10 13 13 13 9 11 14 10 8 11 13 9 12 13 12 0 12 15 11 10 1 13 13 12 10 12 14 10 7 11 11
Last Time Cost: 00028095 ms
Total Time Cost: 00420955 ms
Total Distance 345: 14 10 13 13 13 9 11 14 10 8 11 13 9 12 13 12 0 12 15 11 10 0 13 13 11 10 12 14 10 7 11 11
Last Time Cost: 00033982 ms
Total Time Cost: 00454937 ms
Total Distance 333: 13 9 13 13 12 9 10 13 10 7 11 13 9 11 13 12 0 12 14 11 10 0 13 12 10 10 12 13 10 6 11 11
Last Time Cost: 00037713 ms
Total Time Cost: 00492650 ms
Total Distance 325: 13 8 13 13 11 9 10 12 10 7 11 13 9 10 13 12 0 12 14 11 10 0 13 11 9 10 12 12 10 5 11 11
Last Time Cost: 00042415 ms
Total Time Cost: 00535065 ms
Total Distance 320: 13 8 13 13 11 9 10 11 10 7 11 13 9 10 12 12 0 12 14 11 10 0 13 10 9 10 12 11 10 4 11 11
Last Time Cost: 00047605 ms
Total Time Cost: 00582670 ms
Total Distance 314: 13 8 12 13 10 9 10 11 10 7 11 13 9 10 12 11 0 12 13 11 10 0 13 10 9 10 12 10 10 3 11 11
Last Time Cost: 00006391 ms
Total Time Cost: 00589061 ms
Total Distance 310: 12 8 12 13 10 9 10 11 10 7 11 12 9 10 12 11 0 12 12 11 10 0 13 10 9 10 12 10 10 2 11 11
Last Time Cost: 00006958 ms
Total Time Cost: 00596019 ms
Total Distance 308: 12 8 12 13 9 9 10 11 10 7 11 12 9 10 12 11 0 12 12 11 10 0 13 10 9 10 12 10 10 1 11 11
Last Time Cost: 00007801 ms
Total Time Cost: 00603820 ms
Total Distance 306: 12 8 12 13 9 9 10 11 10 7 11 12 9 10 12 11 0 12 12 11 10 0 12 10 9 10 12 10 10 0 11 11
Last Time Cost: 00009592 ms
Total Time Cost: 00613412 ms
Total Distance 298: 12 8 11 13 9 9 10 11 10 6 10 11 9 10 12 11 0 12 11 11 10 0 11 10 9 10 11 10 10 0 11 10
Last Time Cost: 00009632 ms
Total Time Cost: 00623044 ms
Total Distance 293: 12 7 11 13 9 9 10 11 10 5 9 11 9 10 12 11 0 12 11 11 10 0 11 10 8 10 11 10 10 0 10 10
Last Time Cost: 00010551 ms
Total Time Cost: 00633595 ms
Total Distance 288: 12 7 11 13 9 8 10 11 10 4 9 11 9 9 12 11 0 12 11 10 10 0 10 10 8 10 11 10 10 0 10 10
Last Time Cost: 00011496 ms
Total Time Cost: 00645091 ms
Total Distance 283: 12 7 11 12 9 8 9 11 10 3 8 11 9 9 12 11 0 12 11 10 10 0 10 10 8 10 11 10 10 0 10 9
Last Time Cost: 00012741 ms
Total Time Cost: 00657832 ms
Total Distance 280: 12 6 11 12 9 8 9 11 10 2 8 11 9 9 12 11 0 12 11 10 10 0 10 10 7 10 11 10 10 0 10 9
Last Time Cost: 00013999 ms
Total Time Cost: 00671831 ms
Total Distance 278: 12 6 11 12 9 8 8 11 10 1 8 11 9 9 12 11 0 12 11 10 10 0 10 10 7 10 11 10 10 0 10 9
Last Time Cost: 00015228 ms
Total Time Cost: 00687059 ms
Total Distance 277: 12 6 11 12 9 8 8 11 10 0 8 11 9 9 12 11 0 12 11 10 10 0 10 10 7 10 11 10 10 0 10 9
Last Time Cost: 00016950 ms
Total Time Cost: 00704009 ms
Total Distance 265: 11 5 11 12 8 8 8 11 10 0 8 10 8 8 11 11 0 11 10 10 9 0 10 10 7 10 10 10 10 0 9 9
Last Time Cost: 00018584 ms
Total Time Cost: 00722593 ms
Total Distance 259: 10 4 11 12 7 8 8 11 10 0 8 9 8 8 11 11 0 11 9 10 9 0 10 10 7 10 9 10 10 0 9 9
Last Time Cost: 00020300 ms
Total Time Cost: 00742893 ms
Total Distance 255: 10 3 11 12 7 8 8 11 9 0 8 9 8 7 11 11 0 11 9 10 9 0 10 10 7 10 8 10 10 0 9 9
Last Time Cost: 00022107 ms
Total Time Cost: 00765000 ms
Total Distance 252: 10 2 11 11 7 8 8 11 9 0 8 9 8 7 11 11 0 11 9 9 9 0 10 10 7 10 8 10 10 0 9 9
Last Time Cost: 00001897 ms
Total Time Cost: 00766897 ms
Total Distance 250: 10 1 11 11 7 8 8 11 9 0 8 9 8 7 10 11 0 11 9 9 9 0 10 10 7 10 8 10 10 0 9 9
Last Time Cost: 00002006 ms
Total Time Cost: 00768903 ms
Total Distance 249: 10 0 11 11 7 8 8 11 9 0 8 9 8 7 10 11 0 11 9 9 9 0 10 10 7 10 8 10 10 0 9 9
Last Time Cost: 00002953 ms
Total Time Cost: 00771856 ms
Total Distance 239: 9 0 11 11 7 8 7 11 9 0 8 8 8 6 10 10 0 11 8 9 8 0 10 10 7 9 8 9 10 0 9 8
Last Time Cost: 00002426 ms
Total Time Cost: 00774282 ms
Total Distance 234: 9 0 11 11 7 8 7 11 9 0 8 8 8 5 10 10 0 11 8 9 8 0 9 10 7 9 8 8 9 0 8 8
Last Time Cost: 00002570 ms
Total Time Cost: 00776852 ms
Total Distance 231: 9 0 11 11 7 8 7 11 9 0 8 8 8 4 10 10 0 11 7 9 8 0 9 10 7 8 8 8 9 0 8 8
Last Time Cost: 00002704 ms
Total Time Cost: 00779556 ms
Total Distance 228: 8 0 11 11 7 8 7 11 9 0 8 8 8 3 10 10 0 11 6 9 8 0 9 10 7 8 8 8 9 0 8 8
Last Time Cost: 00002887 ms
Total Time Cost: 00782443 ms
Total Distance 225: 8 0 11 11 7 8 7 11 9 0 8 8 7 2 10 10 0 11 6 9 7 0 9 10 7 8 8 8 9 0 8 8
Last Time Cost: 00003054 ms
Total Time Cost: 00785497 ms
Total Distance 222: 8 0 10 11 7 8 7 11 9 0 8 8 7 1 10 10 0 11 6 9 7 0 9 10 7 8 8 7 9 0 8 8
Last Time Cost: 00003263 ms
Total Time Cost: 00788760 ms
Total Distance 218: 8 0 10 11 7 8 7 10 9 0 8 8 7 0 9 10 0 11 6 9 7 0 9 10 7 8 8 7 8 0 8 8
Last Time Cost: 00003519 ms
Total Time Cost: 00792279 ms
Total Distance 211: 8 0 10 10 6 8 7 10 9 0 8 8 7 0 8 10 0 10 5 9 6 0 9 10 7 8 8 7 7 0 8 8
Last Time Cost: 00003692 ms
Total Time Cost: 00795971 ms
Total Distance 205: 8 0 10 10 6 8 7 9 9 0 7 8 7 0 8 10 0 9 4 9 6 0 9 9 7 8 8 6 7 0 8 8
Last Time Cost: 00003883 ms
Total Time Cost: 00799854 ms
Total Distance 200: 7 0 9 10 6 8 6 9 9 0 7 8 7 0 8 10 0 8 3 9 6 0 9 9 7 8 8 6 7 0 8 8
Last Time Cost: 00004196 ms
Total Time Cost: 00804050 ms
Total Distance 198: 7 0 9 10 6 8 6 9 9 0 7 8 7 0 8 10 0 8 2 9 5 0 9 9 7 8 8 6 7 0 8 8
Last Time Cost: 00004447 ms
Total Time Cost: 00808497 ms
Total Distance 196: 6 0 9 10 6 8 6 9 9 0 7 8 7 0 8 10 0 8 1 9 5 0 9 9 7 8 8 6 7 0 8 8
Last Time Cost: 00004748 ms
Total Time Cost: 00813245 ms
Total Distance 195: 6 0 9 10 6 8 6 9 9 0 7 8 7 0 8 10 0 8 0 9 5 0 9 9 7 8 8 6 7 0 8 8
Last Time Cost: 00005054 ms
Total Time Cost: 00818299 ms
Total Distance 190: 6 0 9 9 6 8 6 9 9 0 7 8 7 0 8 9 0 7 0 9 4 0 9 8 7 8 8 6 7 0 8 8
Last Time Cost: 00000280 ms
Total Time Cost: 00818579 ms
Total Distance 186: 6 0 9 9 6 8 6 8 9 0 7 8 7 0 8 8 0 7 0 9 3 0 9 7 7 8 8 6 7 0 8 8
Last Time Cost: 00000283 ms
Total Time Cost: 00818862 ms
Total Distance 183: 6 0 9 9 6 8 6 8 8 0 7 8 7 0 8 7 0 7 0 9 2 0 9 7 7 8 8 6 7 0 8 8
Last Time Cost: 00000299 ms
Total Time Cost: 00819161 ms
Total Distance 182: 6 0 9 9 6 8 6 8 8 0 7 8 7 0 8 7 0 7 0 9 1 0 9 7 7 8 8 6 7 0 8 8
Last Time Cost: 00000307 ms
Total Time Cost: 00819468 ms
Total Distance 180: 6 0 9 9 6 8 6 8 8 0 7 7 7 0 8 7 0 7 0 9 0 0 9 7 7 8 8 6 7 0 8 8
Last Time Cost: 00000553 ms
Total Time Cost: 00820021 ms
Total Distance 173: 6 0 8 8 6 8 6 8 8 0 6 7 7 0 8 7 0 7 0 8 0 0 9 6 6 8 8 5 7 0 8 8
Last Time Cost: 00000347 ms
Total Time Cost: 00820368 ms
Total Distance 170: 6 0 8 8 6 8 6 7 8 0 6 7 7 0 8 7 0 6 0 8 0 0 9 6 6 8 8 4 7 0 8 8
Last Time Cost: 00000359 ms
Total Time Cost: 00820727 ms
Total Distance 167: 6 0 8 8 6 7 6 7 8 0 6 7 7 0 8 7 0 6 0 7 0 0 9 6 6 8 8 3 7 0 8 8
Last Time Cost: 00000377 ms
Total Time Cost: 00821104 ms
Total Distance 165: 6 0 8 8 6 7 6 6 8 0 6 7 7 0 8 7 0 6 0 7 0 0 9 6 6 8 8 2 7 0 8 8
Last Time Cost: 00000385 ms
Total Time Cost: 00821489 ms
Total Distance 163: 6 0 7 8 6 7 6 6 8 0 6 7 7 0 8 7 0 6 0 7 0 0 9 6 6 8 8 1 7 0 8 8
Last Time Cost: 00000395 ms
Total Time Cost: 00821884 ms
Total Distance 162: 6 0 7 8 6 7 6 6 8 0 6 7 7 0 8 7 0 6 0 7 0 0 9 6 6 8 8 0 7 0 8 8
Last Time Cost: 00000602 ms
Total Time Cost: 00822486 ms
Total Distance 156: 6 0 7 7 6 7 5 6 8 0 6 7 7 0 8 6 0 6 0 7 0 0 9 6 6 8 8 0 6 0 7 7
Last Time Cost: 00000450 ms
Total Time Cost: 00822936 ms
Total Distance 154: 6 0 7 7 6 7 4 6 8 0 6 7 7 0 8 6 0 6 0 7 0 0 9 6 6 7 8 0 6 0 7 7
Last Time Cost: 00000459 ms
Total Time Cost: 00823395 ms
Total Distance 152: 5 0 7 7 6 7 3 6 8 0 6 7 7 0 8 6 0 6 0 7 0 0 9 6 6 7 8 0 6 0 7 7
Last Time Cost: 00000482 ms
Total Time Cost: 00823877 ms
Total Distance 150: 5 0 7 7 6 7 2 6 8 0 6 7 7 0 7 6 0 6 0 7 0 0 9 6 6 7 8 0 6 0 7 7
Last Time Cost: 00000494 ms
Total Time Cost: 00824371 ms
Total Distance 149: 5 0 7 7 6 7 1 6 8 0 6 7 7 0 7 6 0 6 0 7 0 0 9 6 6 7 8 0 6 0 7 7
Last Time Cost: 00000515 ms
Total Time Cost: 00824886 ms
Total Distance 148: 5 0 7 7 6 7 0 6 8 0 6 7 7 0 7 6 0 6 0 7 0 0 9 6 6 7 8 0 6 0 7 7
Last Time Cost: 00000550 ms
Total Time Cost: 00825436 ms
Total Distance 145: 4 0 7 7 6 7 0 5 8 0 6 7 7 0 7 6 0 6 0 7 0 0 8 6 6 7 8 0 6 0 7 7
Last Time Cost: 00000564 ms
Total Time Cost: 00826000 ms
Total Distance 143: 3 0 7 7 6 7 0 5 7 0 6 7 7 0 7 6 0 6 0 7 0 0 8 6 6 7 8 0 6 0 7 7
Last Time Cost: 00000579 ms
Total Time Cost: 00826579 ms
Total Distance 142: 2 0 7 7 6 7 0 5 7 0 6 7 7 0 7 6 0 6 0 7 0 0 8 6 6 7 8 0 6 0 7 7
Last Time Cost: 00000599 ms
Total Time Cost: 00827178 ms
Total Distance 140: 1 0 7 7 6 7 0 5 7 0 6 7 7 0 7 6 0 6 0 7 0 0 8 6 6 7 7 0 6 0 7 7
Last Time Cost: 00000634 ms
Total Time Cost: 00827812 ms
Total Distance 139: 0 0 7 7 6 7 0 5 7 0 6 7 7 0 7 6 0 6 0 7 0 0 8 6 6 7 7 0 6 0 7 7
Last Time Cost: 00000656 ms
Total Time Cost: 00828468 ms
Total Distance 136: 0 0 7 6 6 7 0 4 7 0 6 7 7 0 7 6 0 6 0 7 0 0 8 5 6 7 7 0 6 0 7 7
Last Time Cost: 00000696 ms
Total Time Cost: 00829164 ms
Total Distance 134: 0 0 7 6 6 7 0 3 7 0 6 7 7 0 7 6 0 5 0 7 0 0 8 5 6 7 7 0 6 0 7 7
Last Time Cost: 00000705 ms
Total Time Cost: 00829869 ms
Total Distance 131: 0 0 7 6 6 7 0 2 6 0 6 7 7 0 6 6 0 5 0 7 0 0 8 5 6 7 7 0 6 0 7 7
Last Time Cost: 00000731 ms
Total Time Cost: 00830600 ms
Total Distance 129: 0 0 7 6 6 7 0 1 6 0 6 7 7 0 6 6 0 5 0 7 0 0 7 5 6 7 7 0 6 0 7 7
Last Time Cost: 00000025 ms
Total Time Cost: 00830625 ms
Total Distance 128: 0 0 7 6 6 7 0 0 6 0 6 7 7 0 6 6 0 5 0 7 0 0 7 5 6 7 7 0 6 0 7 7
Last Time Cost: 00000039 ms
Total Time Cost: 00830664 ms
Total Distance 124: 0 0 7 5 6 7 0 0 6 0 6 7 6 0 6 6 0 4 0 7 0 0 7 4 6 7 7 0 6 0 7 7
Last Time Cost: 00000029 ms
Total Time Cost: 00830693 ms
Total Distance 121: 0 0 6 5 6 7 0 0 6 0 6 7 5 0 6 6 0 4 0 7 0 0 7 3 6 7 7 0 6 0 7 7
Last Time Cost: 00000027 ms
Total Time Cost: 00830720 ms
Total Distance 119: 0 0 6 5 6 6 0 0 6 0 6 7 5 0 6 6 0 4 0 7 0 0 7 2 6 7 7 0 6 0 7 7
Last Time Cost: 00000029 ms
Total Time Cost: 00830749 ms
Total Distance 118: 0 0 6 5 6 6 0 0 6 0 6 7 5 0 6 6 0 4 0 7 0 0 7 1 6 7 7 0 6 0 7 7
Last Time Cost: 00000029 ms
Total Time Cost: 00830778 ms
Total Distance 117: 0 0 6 5 6 6 0 0 6 0 6 7 5 0 6 6 0 4 0 7 0 0 7 0 6 7 7 0 6 0 7 7
Last Time Cost: 00000029 ms
Total Time Cost: 00830807 ms
Total Distance 114: 0 0 6 5 6 6 0 0 6 0 6 7 5 0 5 6 0 3 0 7 0 0 7 0 6 7 7 0 6 0 7 6
Last Time Cost: 00000031 ms
Total Time Cost: 00830838 ms
Total Distance 112: 0 0 6 5 6 6 0 0 6 0 6 7 5 0 4 6 0 2 0 7 0 0 7 0 6 7 7 0 6 0 7 6
Last Time Cost: 00000030 ms
Total Time Cost: 00830868 ms
Total Distance 110: 0 0 6 5 6 6 0 0 6 0 6 7 5 0 4 6 0 1 0 7 0 0 7 0 6 7 6 0 6 0 7 6
Last Time Cost: 00000029 ms
Total Time Cost: 00830897 ms
Total Distance 109: 0 0 6 5 6 6 0 0 6 0 6 7 5 0 4 6 0 0 0 7 0 0 7 0 6 7 6 0 6 0 7 6
Last Time Cost: 00000032 ms
Total Time Cost: 00830929 ms
Total Distance 107: 0 0 5 5 6 6 0 0 6 0 6 7 5 0 3 6 0 0 0 7 0 0 7 0 6 7 6 0 6 0 7 6
Last Time Cost: 00000033 ms
Total Time Cost: 00830962 ms
Total Distance 106: 0 0 5 5 6 6 0 0 6 0 6 7 5 0 2 6 0 0 0 7 0 0 7 0 6 7 6 0 6 0 7 6
Last Time Cost: 00000034 ms
Total Time Cost: 00830996 ms
Total Distance 105: 0 0 5 5 6 6 0 0 6 0 6 7 5 0 1 6 0 0 0 7 0 0 7 0 6 7 6 0 6 0 7 6
Last Time Cost: 00000033 ms
Total Time Cost: 00831029 ms
Total Distance 104: 0 0 5 5 6 6 0 0 6 0 6 7 5 0 0 6 0 0 0 7 0 0 7 0 6 7 6 0 6 0 7 6
Last Time Cost: 00000046 ms
Total Time Cost: 00831075 ms
Total Distance 101: 0 0 5 4 6 6 0 0 6 0 5 6 5 0 0 6 0 0 0 7 0 0 7 0 6 7 6 0 6 0 7 6
Last Time Cost: 00000035 ms
Total Time Cost: 00831110 ms
Total Distance 99: 0 0 5 3 6 6 0 0 6 0 5 5 5 0 0 6 0 0 0 7 0 0 7 0 6 7 6 0 6 0 7 6
Last Time Cost: 00000037 ms
Total Time Cost: 00831147 ms
Total Distance 98: 0 0 5 2 6 6 0 0 6 0 5 5 5 0 0 6 0 0 0 7 0 0 7 0 6 7 6 0 6 0 7 6
Last Time Cost: 00000037 ms
Total Time Cost: 00831184 ms
Total Distance 97: 0 0 5 1 6 6 0 0 6 0 5 5 5 0 0 6 0 0 0 7 0 0 7 0 6 7 6 0 6 0 7 6
Last Time Cost: 00000037 ms
Total Time Cost: 00831221 ms
Total Distance 96: 0 0 5 0 6 6 0 0 6 0 5 5 5 0 0 6 0 0 0 7 0 0 7 0 6 7 6 0 6 0 7 6
Last Time Cost: 00000058 ms
Total Time Cost: 00831279 ms
Total Distance 93: 0 0 4 0 6 6 0 0 6 0 5 5 4 0 0 6 0 0 0 6 0 0 7 0 6 7 6 0 6 0 7 6
Last Time Cost: 00000042 ms
Total Time Cost: 00831321 ms
Total Distance 91: 0 0 3 0 6 6 0 0 6 0 5 5 4 0 0 6 0 0 0 6 0 0 6 0 6 7 6 0 6 0 7 6
Last Time Cost: 00000043 ms
Total Time Cost: 00831364 ms
Total Distance 89: 0 0 2 0 6 6 0 0 6 0 5 5 4 0 0 6 0 0 0 6 0 0 6 0 6 7 6 0 6 0 6 6
Last Time Cost: 00000042 ms
Total Time Cost: 00831406 ms
Total Distance 87: 0 0 1 0 6 6 0 0 5 0 5 5 4 0 0 6 0 0 0 6 0 0 6 0 6 7 6 0 6 0 6 6
Last Time Cost: 00000040 ms
Total Time Cost: 00831446 ms
Total Distance 86: 0 0 0 0 6 6 0 0 5 0 5 5 4 0 0 6 0 0 0 6 0 0 6 0 6 7 6 0 6 0 6 6
Last Time Cost: 00000046 ms
Total Time Cost: 00831492 ms
Total Distance 84: 0 0 0 0 6 6 0 0 5 0 5 5 3 0 0 6 0 0 0 6 0 0 5 0 6 7 6 0 6 0 6 6
Last Time Cost: 00000044 ms
Total Time Cost: 00831536 ms
Total Distance 82: 0 0 0 0 6 6 0 0 5 0 5 5 2 0 0 6 0 0 0 6 0 0 5 0 6 6 6 0 6 0 6 6
Last Time Cost: 00000044 ms
Total Time Cost: 00831580 ms
Total Distance 81: 0 0 0 0 6 6 0 0 5 0 5 5 1 0 0 6 0 0 0 6 0 0 5 0 6 6 6 0 6 0 6 6
Last Time Cost: 00000046 ms
Total Time Cost: 00831626 ms
Total Distance 80: 0 0 0 0 6 6 0 0 5 0 5 5 0 0 0 6 0 0 0 6 0 0 5 0 6 6 6 0 6 0 6 6
Last Time Cost: 00000059 ms
Total Time Cost: 00831685 ms
Total Distance 77: 0 0 0 0 6 6 0 0 5 0 4 5 0 0 0 6 0 0 0 6 0 0 5 0 6 6 6 0 6 0 5 5
Last Time Cost: 00000051 ms
Total Time Cost: 00831736 ms
Total Distance 75: 0 0 0 0 6 6 0 0 5 0 3 5 0 0 0 6 0 0 0 6 0 0 5 0 6 6 6 0 5 0 5 5
Last Time Cost: 00000049 ms
Total Time Cost: 00831785 ms
Total Distance 73: 0 0 0 0 5 6 0 0 5 0 2 5 0 0 0 6 0 0 0 6 0 0 5 0 6 6 6 0 5 0 5 5
Last Time Cost: 00000050 ms
Total Time Cost: 00831835 ms
Total Distance 72: 0 0 0 0 5 6 0 0 5 0 1 5 0 0 0 6 0 0 0 6 0 0 5 0 6 6 6 0 5 0 5 5
Last Time Cost: 00000051 ms
Total Time Cost: 00831886 ms
Total Distance 71: 0 0 0 0 5 6 0 0 5 0 0 5 0 0 0 6 0 0 0 6 0 0 5 0 6 6 6 0 5 0 5 5
Last Time Cost: 00000072 ms
Total Time Cost: 00831958 ms
Total Distance 68: 0 0 0 0 5 6 0 0 4 0 0 5 0 0 0 6 0 0 0 6 0 0 4 0 6 5 6 0 5 0 5 5
Last Time Cost: 00000054 ms
Total Time Cost: 00832012 ms
Total Distance 66: 0 0 0 0 5 6 0 0 4 0 0 5 0 0 0 6 0 0 0 6 0 0 3 0 6 4 6 0 5 0 5 5
Last Time Cost: 00000055 ms
Total Time Cost: 00832067 ms
Total Distance 65: 0 0 0 0 5 6 0 0 4 0 0 5 0 0 0 6 0 0 0 6 0 0 2 0 6 4 6 0 5 0 5 5
Last Time Cost: 00000055 ms
Total Time Cost: 00832122 ms
Total Distance 63: 0 0 0 0 5 6 0 0 4 0 0 5 0 0 0 6 0 0 0 5 0 0 1 0 6 4 6 0 5 0 5 5
Last Time Cost: 00000055 ms
Total Time Cost: 00832177 ms
Total Distance 62: 0 0 0 0 5 6 0 0 4 0 0 5 0 0 0 6 0 0 0 5 0 0 0 0 6 4 6 0 5 0 5 5
Last Time Cost: 00000059 ms
Total Time Cost: 00832236 ms
Total Distance 60: 0 0 0 0 5 6 0 0 3 0 0 5 0 0 0 5 0 0 0 5 0 0 0 0 6 4 6 0 5 0 5 5
Last Time Cost: 00000058 ms
Total Time Cost: 00832294 ms
Total Distance 59: 0 0 0 0 5 6 0 0 2 0 0 5 0 0 0 5 0 0 0 5 0 0 0 0 6 4 6 0 5 0 5 5
Last Time Cost: 00000061 ms
Total Time Cost: 00832355 ms
Total Distance 58: 0 0 0 0 5 6 0 0 1 0 0 5 0 0 0 5 0 0 0 5 0 0 0 0 6 4 6 0 5 0 5 5
Last Time Cost: 00000060 ms
Total Time Cost: 00832415 ms
Total Distance 57: 0 0 0 0 5 6 0 0 0 0 0 5 0 0 0 5 0 0 0 5 0 0 0 0 6 4 6 0 5 0 5 5
Last Time Cost: 00000064 ms
Total Time Cost: 00832479 ms
Total Distance 56: 0 0 0 0 5 6 0 0 0 0 0 5 0 0 0 5 0 0 0 5 0 0 0 0 6 3 6 0 5 0 5 5
Last Time Cost: 00000065 ms
Total Time Cost: 00832544 ms
Total Distance 54: 0 0 0 0 5 6 0 0 0 0 0 4 0 0 0 5 0 0 0 5 0 0 0 0 6 2 6 0 5 0 5 5
Last Time Cost: 00000065 ms
Total Time Cost: 00832609 ms
Total Distance 52: 0 0 0 0 5 6 0 0 0 0 0 3 0 0 0 5 0 0 0 5 0 0 0 0 6 1 6 0 5 0 5 5
Last Time Cost: 00000069 ms
Total Time Cost: 00832678 ms
Total Distance 51: 0 0 0 0 5 6 0 0 0 0 0 3 0 0 0 5 0 0 0 5 0 0 0 0 6 0 6 0 5 0 5 5
Last Time Cost: 00000071 ms
Total Time Cost: 00832749 ms
Total Distance 49: 0 0 0 0 5 6 0 0 0 0 0 2 0 0 0 4 0 0 0 5 0 0 0 0 6 0 6 0 5 0 5 5
Last Time Cost: 00000069 ms
Total Time Cost: 00832818 ms
Total Distance 48: 0 0 0 0 5 6 0 0 0 0 0 1 0 0 0 4 0 0 0 5 0 0 0 0 6 0 6 0 5 0 5 5
Last Time Cost: 00000070 ms
Total Time Cost: 00832888 ms
Total Distance 47: 0 0 0 0 5 6 0 0 0 0 0 0 0 0 0 4 0 0 0 5 0 0 0 0 6 0 6 0 5 0 5 5
Last Time Cost: 00000074 ms
Total Time Cost: 00832962 ms
Total Distance 46: 0 0 0 0 5 6 0 0 0 0 0 0 0 0 0 3 0 0 0 5 0 0 0 0 6 0 6 0 5 0 5 5
Last Time Cost: 00000075 ms
Total Time Cost: 00833037 ms
Total Distance 45: 0 0 0 0 5 6 0 0 0 0 0 0 0 0 0 2 0 0 0 5 0 0 0 0 6 0 6 0 5 0 5 5
Last Time Cost: 00000074 ms
Total Time Cost: 00833111 ms
Total Distance 44: 0 0 0 0 5 6 0 0 0 0 0 0 0 0 0 1 0 0 0 5 0 0 0 0 6 0 6 0 5 0 5 5
Last Time Cost: 00000076 ms
Total Time Cost: 00833187 ms
Total Distance 43: 0 0 0 0 5 6 0 0 0 0 0 0 0 0 0 0 0 0 0 5 0 0 0 0 6 0 6 0 5 0 5 5
Last Time Cost: 00000104 ms
Total Time Cost: 00833291 ms
Total Distance 40: 0 0 0 0 5 5 0 0 0 0 0 0 0 0 0 0 0 0 0 4 0 0 0 0 6 0 5 0 5 0 5 5
Last Time Cost: 00000080 ms
Total Time Cost: 00833371 ms
Total Distance 37: 0 0 0 0 5 4 0 0 0 0 0 0 0 0 0 0 0 0 0 3 0 0 0 0 5 0 5 0 5 0 5 5
Last Time Cost: 00000004 ms
Total Time Cost: 00833375 ms
Total Distance 36: 0 0 0 0 5 4 0 0 0 0 0 0 0 0 0 0 0 0 0 2 0 0 0 0 5 0 5 0 5 0 5 5
Last Time Cost: 00000004 ms
Total Time Cost: 00833379 ms
Total Distance 35: 0 0 0 0 5 4 0 0 0 0 0 0 0 0 0 0 0 0 0 1 0 0 0 0 5 0 5 0 5 0 5 5
Last Time Cost: 00000002 ms
Total Time Cost: 00833381 ms
Total Distance 34: 0 0 0 0 5 4 0 0 0 0 0 0 0 0 0 0 0 0 0 0 0 0 0 0 5 0 5 0 5 0 5 5
Last Time Cost: 00000003 ms
Total Time Cost: 00833384 ms
Total Distance 33: 0 0 0 0 5 3 0 0 0 0 0 0 0 0 0 0 0 0 0 0 0 0 0 0 5 0 5 0 5 0 5 5
Last Time Cost: 00000003 ms
Total Time Cost: 00833387 ms
Total Distance 32: 0 0 0 0 5 2 0 0 0 0 0 0 0 0 0 0 0 0 0 0 0 0 0 0 5 0 5 0 5 0 5 5
Last Time Cost: 00000003 ms
Total Time Cost: 00833390 ms
Total Distance 31: 0 0 0 0 5 1 0 0 0 0 0 0 0 0 0 0 0 0 0 0 0 0 0 0 5 0 5 0 5 0 5 5
Last Time Cost: 00000001 ms
Total Time Cost: 00833391 ms
Total Distance 30: 0 0 0 0 5 0 0 0 0 0 0 0 0 0 0 0 0 0 0 0 0 0 0 0 5 0 5 0 5 0 5 5
Last Time Cost: 00000040 ms
Total Time Cost: 00833431 ms
Total Distance 28: 0 0 0 0 5 0 0 0 0 0 0 0 0 0 0 0 0 0 0 0 0 0 0 0 5 0 5 0 5 0 4 4
Last Time Cost: 00000003 ms
Total Time Cost: 00833434 ms
Total Distance 27: 0 0 0 0 5 0 0 0 0 0 0 0 0 0 0 0 0 0 0 0 0 0 0 0 5 0 5 0 5 0 3 4
Last Time Cost: 00000003 ms
Total Time Cost: 00833437 ms
Total Distance 26: 0 0 0 0 5 0 0 0 0 0 0 0 0 0 0 0 0 0 0 0 0 0 0 0 5 0 5 0 5 0 2 4
Last Time Cost: 00000010 ms
Total Time Cost: 00833447 ms
Total Distance 25: 0 0 0 0 5 0 0 0 0 0 0 0 0 0 0 0 0 0 0 0 0 0 0 0 5 0 5 0 5 0 1 4
Last Time Cost: 00000002 ms
Total Time Cost: 00833449 ms
Total Distance 24: 0 0 0 0 5 0 0 0 0 0 0 0 0 0 0 0 0 0 0 0 0 0 0 0 5 0 5 0 5 0 0 4
Last Time Cost: 00000002 ms
Total Time Cost: 00833451 ms
Total Distance 23: 0 0 0 0 5 0 0 0 0 0 0 0 0 0 0 0 0 0 0 0 0 0 0 0 5 0 5 0 5 0 0 3
Last Time Cost: 00000003 ms
Total Time Cost: 00833454 ms
Total Distance 22: 0 0 0 0 5 0 0 0 0 0 0 0 0 0 0 0 0 0 0 0 0 0 0 0 5 0 5 0 5 0 0 2
Last Time Cost: 00000003 ms
Total Time Cost: 00833457 ms
Total Distance 21: 0 0 0 0 5 0 0 0 0 0 0 0 0 0 0 0 0 0 0 0 0 0 0 0 5 0 5 0 5 0 0 1
Last Time Cost: 00000001 ms
Total Time Cost: 00833458 ms
Total Distance 20: 0 0 0 0 5 0 0 0 0 0 0 0 0 0 0 0 0 0 0 0 0 0 0 0 5 0 5 0 5 0 0 0
Last Time Cost: 00000035 ms
Total Time Cost: 00833493 ms
Total Distance 18: 0 0 0 0 5 0 0 0 0 0 0 0 0 0 0 0 0 0 0 0 0 0 0 0 4 0 4 0 5 0 0 0
Last Time Cost: 00000002 ms
Total Time Cost: 00833495 ms
Total Distance 17: 0 0 0 0 5 0 0 0 0 0 0 0 0 0 0 0 0 0 0 0 0 0 0 0 4 0 3 0 5 0 0 0
Last Time Cost: 00000003 ms
Total Time Cost: 00833498 ms
Total Distance 16: 0 0 0 0 5 0 0 0 0 0 0 0 0 0 0 0 0 0 0 0 0 0 0 0 4 0 2 0 5 0 0 0
Last Time Cost: 00000003 ms
Total Time Cost: 00833501 ms
Total Distance 15: 0 0 0 0 5 0 0 0 0 0 0 0 0 0 0 0 0 0 0 0 0 0 0 0 4 0 1 0 5 0 0 0
Last Time Cost: 00000002 ms
Total Time Cost: 00833503 ms
Total Distance 14: 0 0 0 0 5 0 0 0 0 0 0 0 0 0 0 0 0 0 0 0 0 0 0 0 4 0 0 0 5 0 0 0
Last Time Cost: 00000003 ms
Total Time Cost: 00833506 ms
Total Distance 13: 0 0 0 0 5 0 0 0 0 0 0 0 0 0 0 0 0 0 0 0 0 0 0 0 3 0 0 0 5 0 0 0
Last Time Cost: 00000003 ms
Total Time Cost: 00833509 ms
Total Distance 12: 0 0 0 0 5 0 0 0 0 0 0 0 0 0 0 0 0 0 0 0 0 0 0 0 2 0 0 0 5 0 0 0
Last Time Cost: 00000002 ms
Total Time Cost: 00833511 ms
Total Distance 11: 0 0 0 0 5 0 0 0 0 0 0 0 0 0 0 0 0 0 0 0 0 0 0 0 1 0 0 0 5 0 0 0
Last Time Cost: 00000002 ms
Total Time Cost: 00833513 ms
Total Distance 10: 0 0 0 0 5 0 0 0 0 0 0 0 0 0 0 0 0 0 0 0 0 0 0 0 0 0 0 0 5 0 0 0
Last Time Cost: 00000026 ms
Total Time Cost: 00833539 ms
Total Distance 9: 0 0 0 0 5 0 0 0 0 0 0 0 0 0 0 0 0 0 0 0 0 0 0 0 0 0 0 0 4 0 0 0
Last Time Cost: 00000003 ms
Total Time Cost: 00833542 ms
Total Distance 8: 0 0 0 0 5 0 0 0 0 0 0 0 0 0 0 0 0 0 0 0 0 0 0 0 0 0 0 0 3 0 0 0
Last Time Cost: 00000003 ms
Total Time Cost: 00833545 ms
Total Distance 7: 0 0 0 0 5 0 0 0 0 0 0 0 0 0 0 0 0 0 0 0 0 0 0 0 0 0 0 0 2 0 0 0
Last Time Cost: 00000003 ms
Total Time Cost: 00833548 ms
Total Distance 6: 0 0 0 0 5 0 0 0 0 0 0 0 0 0 0 0 0 0 0 0 0 0 0 0 0 0 0 0 1 0 0 0
Last Time Cost: 00000002 ms
Total Time Cost: 00833550 ms
Total Distance 5: 0 0 0 0 5 0 0 0 0 0 0 0 0 0 0 0 0 0 0 0 0 0 0 0 0 0 0 0 0 0 0 0
Last Time Cost: 00000016 ms
Total Time Cost: 00833566 ms
Total Distance 4: 0 0 0 0 4 0 0 0 0 0 0 0 0 0 0 0 0 0 0 0 0 0 0 0 0 0 0 0 0 0 0 0
Last Time Cost: 00000003 ms
Total Time Cost: 00833569 ms
Total Distance 3: 0 0 0 0 3 0 0 0 0 0 0 0 0 0 0 0 0 0 0 0 0 0 0 0 0 0 0 0 0 0 0 0
Last Time Cost: 00000001 ms
Total Time Cost: 00833570 ms
Total Distance 2: 0 0 0 0 2 0 0 0 0 0 0 0 0 0 0 0 0 0 0 0 0 0 0 0 0 0 0 0 0 0 0 0
Last Time Cost: 00000001 ms
Total Time Cost: 00833571 ms
Total Distance 1: 0 0 0 0 1 0 0 0 0 0 0 0 0 0 0 0 0 0 0 0 0 0 0 0 0 0 0 0 0 0 0 0
Last Time Cost: 00000000 ms
Total Time Cost: 00833571 ms
Total Distance 0: 0 0 0 0 0 0 0 0 0 0 0 0 0 0 0 0 0 0 0 0 0 0 0 0 0 0 0 0 0 0 0 0
