30234939 0
30234940 1116
30234940 1116
30234940 1116
30234941 1116
30234941 1116
30234941 1116
30234942 1154
30234942 1166
30234942 1178
30234943 1190
30234943 1204
30234943 1222
30234944 1222
30234944 1244
30234944 1270
30234945 1270
30234945 1300
30234945 1162
30234946 1170
30234946 1170
30234946 1176
30234947 1184
30234947 1184
30234947 1194
30234948 1204
30234948 1204
30234948 1214
30234949 1214
30234949 1228
30234949 1228
30234950 1244
30234950 1260
30234950 1278
30234951 1300
30234951 1322
30234951 1322
30234952 1348
30234952 1152
30234952 1156
30234953 1160
30234953 1164
30234953 1166
30234954 1170
30234954 1170
30234954 1176
30234954 1180
30234955 1180
30234955 1186
30234955 1196
30234956 1214
30234956 1236
30234956 1262
30234957 1132
30234957 1120
30234957 1120
30234958 1118
