30123619 0
30123619 1236
30123619 1236
30123620 1236
30123620 1272
30123620 1272
30123621 1272
30123621 1272
30123621 1318
30123622 1318
30123622 1318
30123622 1318
30123623 1370
30123623 1370
30123623 1370
30123624 1370
30123624 1370
30123624 1436
30123625 1436
30123625 1436
30123625 1518
30123626 1518
30123626 1518
30123626 1518
30123627 1244
30123627 1244
30123627 1244
30123628 1244
30123628 1270
30123628 1270
30123629 1270
30123629 1270
30123629 1270
30123630 1270
30123630 1300
30123630 1300
30123631 1300
30123631 1300
30123631 1334
30123632 1334
30123632 1334
30123632 1334
30123633 1376
30123633 1376
30123633 1376
30123634 1376
30123634 1376
30123634 1422
30123635 1422
30123635 1422
30123635 1422
30123636 1422
30123636 1478
30123636 1478
30123637 1478
30123637 1478
30123637 1478
30123638 1542
30123638 1542
30123638 1542
30123639 1542
30123639 1542
30123639 1542
30123640 1614
30123640 1614
30123640 1614
30123641 1694
30123641 1694
30123641 1694
30123642 1228
30123642 1228
30123642 1244
30123643 1244
30123643 1244
30123643 1260
30123644 1260
30123644 1260
30123644 1278
30123645 1278
30123645 1278
30123645 1300
30123646 1322
30123646 1322
30123646 1150
30123647 1152
30123647 1154
30123647 1156
30123647 1164
30123648 1166
30123648 1170
30123648 1180
30123649 1190
30123649 1126
30123649 1128
30123650 1130
30123650 1130
30123650 1132
30123651 1134
30123651 1140
30123651 1148
30123652 1122
30123652 1118
