30012601 0
30012601 1120
30012601 1128
30012602 1132
30012602 1136
30012602 1140
30012603 1144
30012603 1148
30012603 1152
30012604 1154
30012604 1158
30012604 1162
30012605 1166
30012605 1168
30012605 1172
30012606 1176
30012606 1182
30012606 1122
30012607 1122
30012607 1122
30012607 1122
30012608 1122
30012608 1124
30012608 1124
30012609 1124
30012609 1124
30012609 1126
30012610 1126
30012610 1126
30012610 1128
30012611 1132
30012611 1134
30012611 1136
30012611 1140
30012612 1142
30012612 1144
30012612 1146
30012613 1150
