30074222 0
30074222 1300
30074222 1300
30074223 1300
30074223 1300
30074223 1300
30074224 1300
30074224 1300
30074224 1300
30074225 1300
30074225 1300
30074225 1322
30074226 1322
30074226 1322
30074226 1322
30074227 1322
30074227 1322
30074227 1322
30074228 1322
30074228 1322
30074228 1322
30074229 1322
30074229 1348
30074229 1348
30074230 1348
30074230 1348
30074230 1348
30074231 1348
30074231 1348
30074231 1348
30074232 1348
30074232 1348
30074232 1348
30074233 1374
30074233 1374
30074233 1374
30074234 1374
30074234 1374
30074234 1374
30074235 1374
30074235 1374
30074235 1374
30074236 1374
30074236 1374
30074236 1374
30074237 1402
30074237 1402
30074237 1402
30074238 1402
30074238 1402
30074238 1402
30074239 1402
30074239 1402
30074239 1402
30074240 1402
30074240 1402
30074240 1402
30074241 1434
30074241 1434
30074241 1434
30074242 1434
30074242 1434
30074242 1434
30074243 1434
30074243 1434
30074243 1434
30074244 1434
30074244 1434
30074244 1434
30074245 1434
30074245 1470
30074245 1470
30074246 1470
30074246 1470
30074246 1470
30074247 1470
30074247 1470
30074247 1470
30074248 1470
30074248 1470
30074248 1470
30074248 1470
30074249 1470
30074249 1470
30074249 1508
30074250 1508
30074250 1508
30074250 1508
30074251 1508
30074251 1508
30074251 1508
30074252 1508
30074252 1508
30074252 1508
30074253 1508
30074253 1508
30074253 1508
30074254 1508
30074254 1548
30074254 1548
30074255 1548
30074255 1548
30074255 1548
30074256 1548
30074256 1548
30074256 1548
30074257 1548
30074257 1548
30074257 1548
30074258 1548
30074258 1548
30074258 1548
30074259 1594
30074259 1594
30074259 1594
30074300 1594
30074300 1594
30074300 1594
30074301 1594
30074301 1594
30074301 1594
30074302 1594
30074302 1594
30074302 1594
30074303 1594
30074303 1594
30074303 1594
30074304 1646
30074304 1646
30074304 1646
30074305 1646
30074305 1646
30074305 1646
30074306 1646
30074306 1646
30074306 1646
30074307 1646
30074307 1646
30074307 1646
30074308 1646
30074308 1700
30074308 1700
30074309 1700
30074309 1700
30074309 1700
30074310 1700
30074310 1700
30074310 1700
30074311 1700
30074311 1700
30074311 1700
30074312 1700
30074312 1700
30074312 1700
30074313 1760
30074313 1760
30074313 1760
30074314 1760
30074314 1760
30074314 1760
30074315 1760
30074315 1760
30074315 1760
30074316 1760
30074316 1760
30074316 1760
30074317 1760
30074317 1760
30074317 1760
30074318 1760
30074318 1822
30074318 1822
30074319 1822
30074319 1822
30074319 1822
30074320 1822
30074320 1822
30074320 1822
30074321 1822
30074321 1822
30074321 1822
30074322 1822
30074322 1822
30074322 1822
30074323 1822
30074323 1822
30074323 1822
30074323 1890
30074324 1890
30074324 1890
30074324 1890
30074325 1890
30074325 1890
30074325 1890
30074326 1890
30074326 1890
30074326 1890
30074327 1890
30074327 1890
30074327 1890
30074328 1890
30074328 1890
30074328 1890
30074329 1890
30074329 1962
30074329 1962
30074330 1962
30074330 1962
30074330 1962
30074331 1962
30074331 1962
30074331 1962
30074332 1962
30074332 1962
30074332 1962
30074333 1962
30074333 1962
30074333 1962
30074334 1962
30074334 1962
30074334 1962
30074335 1962
30074335 2044
30074335 2044
30074336 2044
30074336 2044
30074336 2044
30074337 2044
30074337 2044
30074337 2044
30074338 2044
30074338 2044
30074338 2044
30074339 2044
30074339 2044
30074339 2044
30074340 2044
30074340 2044
30074340 2044
30074341 2044
30074341 2130
30074341 2130
30074342 2130
30074342 2130
30074342 2130
30074343 2130
30074343 2130
30074343 2130
30074344 2130
30074344 2130
30074344 2130
30074345 2130
30074345 2130
30074345 2130
30074346 2130
30074346 2130
30074346 2130
30074347 2130
30074347 2130
30074347 1316
30074348 2224
30074348 2224
30074348 2224
30074349 2224
30074349 2224
30074349 2224
30074350 2224
30074350 2224
30074350 2224
30074351 2224
30074351 2224
30074351 2224
30074352 2224
30074352 2224
30074352 2224
30074353 2224
30074353 2224
30074353 2224
30074354 2224
30074354 1228
30074354 1228
30074354 1228
30074355 1228
30074355 1228
30074355 1228
30074356 1228
30074356 1228
30074356 1228
30074357 1228
30074357 1228
30074357 1228
30074358 1228
30074358 1228
30074358 1228
30074359 1228
30074359 1236
30074359 1236
30074400 1236
30074400 1236
30074400 1236
30074401 1236
30074401 1236
30074401 1236
30074402 1236
30074402 1236
30074402 1236
30074403 1236
30074403 1236
30074403 1236
30074404 1236
30074404 1236
30074404 1236
30074405 1236
30074405 1236
30074405 1246
30074406 1246
30074406 1246
30074406 1246
30074407 1246
30074407 1246
30074407 1246
30074408 1246
30074408 1246
30074408 1246
30074409 1246
30074409 1246
30074409 1246
30074410 1246
30074410 1246
30074410 1246
30074411 1246
30074411 1246
30074411 1246
30074412 1246
30074412 1254
30074412 1254
30074413 1254
30074413 1254
30074413 1254
30074414 1254
30074414 1254
30074414 1254
30074415 1254
30074415 1254
30074415 1254
30074416 1254
30074416 1254
30074416 1254
30074417 1254
30074417 1254
30074417 1262
30074418 1262
30074418 1262
30074418 1262
30074419 1262
30074419 1262
30074419 1262
30074420 1262
30074420 1262
30074420 1262
30074421 1262
30074421 1262
30074421 1262
30074422 1262
30074422 1262
30074422 1262
30074423 1262
30074423 1262
30074423 1272
30074424 1272
30074424 1272
30074424 1272
30074425 1272
30074425 1272
30074425 1272
30074426 1272
30074426 1272
30074426 1272
30074427 1272
30074427 1272
30074427 1272
30074427 1272
30074428 1272
30074428 1272
30074428 1272
30074429 1272
30074429 1272
30074429 1284
30074430 1284
30074430 1284
30074430 1284
30074431 1284
30074431 1284
30074431 1284
30074432 1284
30074432 1284
30074432 1284
30074433 1284
30074433 1284
30074433 1284
30074434 1284
30074434 1284
30074434 1284
30074435 1284
30074435 1284
30074435 1284
30074436 1284
30074436 1294
30074436 1294
30074437 1294
30074437 1294
30074437 1294
30074438 1294
30074438 1294
30074438 1294
30074439 1294
30074439 1294
30074439 1294
30074440 1294
30074440 1294
30074440 1294
30074441 1294
30074441 1294
30074441 1294
30074442 1294
30074442 1294
30074442 1294
30074443 1294
30074443 1294
30074443 1304
30074444 1304
30074444 1304
30074444 1304
30074445 1304
30074445 1304
30074445 1304
30074446 1304
30074446 1304
30074446 1304
30074447 1304
30074447 1304
30074447 1304
30074448 1304
30074448 1304
30074448 1304
30074449 1304
30074449 1304
30074449 1304
30074450 1318
30074450 1318
30074450 1318
30074451 1318
30074451 1318
30074451 1318
30074452 1318
30074452 1318
30074452 1318
30074453 1318
30074453 1318
30074453 1318
30074454 1318
30074454 1318
30074454 1318
30074455 1318
30074455 1318
30074455 1318
30074456 1318
30074456 1318
30074456 1330
30074457 1330
30074457 1330
30074457 1330
30074458 1330
30074458 1330
30074458 1330
30074459 1330
30074459 1330
30074459 1330
30074500 1330
30074500 1330
30074500 1330
30074501 1330
30074501 1330
30074501 1330
30074501 1330
30074502 1330
30074502 1330
30074502 1330
30074503 1330
30074503 1330
30074503 1344
30074504 1344
30074504 1344
30074504 1344
30074505 1344
30074505 1344
30074505 1344
30074506 1344
30074506 1344
30074506 1344
30074507 1344
30074507 1344
30074507 1344
30074508 1344
30074508 1344
30074508 1344
30074509 1344
30074509 1344
30074509 1344
30074510 1344
30074510 1344
30074510 1344
30074511 1344
30074511 1358
30074511 1358
30074512 1358
30074512 1358
30074512 1358
30074513 1358
30074513 1358
30074513 1358
30074514 1358
30074514 1358
30074514 1358
30074515 1358
30074515 1358
30074515 1358
30074516 1358
30074516 1358
30074516 1358
30074517 1358
30074517 1358
30074517 1358
30074518 1358
30074518 1358
30074518 1358
30074519 1358
30074519 1372
30074519 1372
30074520 1372
30074520 1372
30074520 1372
30074521 1372
30074521 1372
30074521 1372
30074522 1372
30074522 1372
30074522 1372
30074523 1372
30074523 1372
30074523 1372
30074524 1372
30074524 1372
30074524 1372
30074525 1372
30074525 1388
30074525 1388
30074526 1388
30074526 1388
30074526 1388
30074527 1388
30074527 1388
30074527 1388
30074528 1388
30074528 1388
30074528 1388
30074529 1388
30074529 1388
30074529 1388
30074530 1388
30074530 1388
30074530 1388
30074531 1388
30074531 1388
30074531 1404
30074532 1404
30074532 1404
30074532 1404
30074533 1404
30074533 1404
30074533 1404
30074534 1404
30074534 1404
30074534 1404
30074535 1404
30074535 1404
30074535 1404
30074535 1404
30074536 1404
30074536 1404
30074536 1404
30074537 1404
30074537 1404
30074537 1404
30074538 1404
30074538 1420
30074538 1420
30074539 1420
30074539 1420
30074539 1420
30074540 1420
30074540 1420
30074540 1420
30074541 1420
30074541 1420
30074541 1420
30074542 1420
30074542 1420
30074542 1420
30074543 1420
30074543 1420
30074543 1420
30074544 1420
30074544 1420
30074544 1420
30074545 1420
30074545 1420
30074545 1420
30074546 1438
30074546 1438
30074546 1438
30074547 1438
30074547 1438
30074547 1438
30074548 1438
30074548 1438
30074548 1438
30074549 1438
30074549 1438
30074549 1438
30074550 1438
30074550 1438
30074550 1438
30074551 1438
30074551 1438
30074551 1438
30074552 1438
30074552 1438
30074552 1438
30074553 1438
30074553 1438
30074553 1438
30074554 1458
30074554 1458
30074554 1458
30074555 1458
30074555 1458
30074555 1458
30074556 1458
30074556 1458
30074556 1458
30074557 1458
30074557 1458
30074557 1458
30074558 1458
30074558 1458
30074558 1458
30074559 1458
30074559 1458
30074559 1458
30074600 1458
30074600 1458
30074600 1458
30074601 1458
30074601 1458
30074601 1458
30074602 1458
30074602 1458
30074602 1458
30074603 1476
30074603 1476
30074603 1476
30074604 1476
30074604 1476
30074604 1476
30074605 1476
30074605 1476
30074605 1476
30074606 1476
30074606 1476
30074606 1476
30074607 1476
30074607 1476
30074607 1476
30074608 1476
30074608 1476
30074608 1476
30074609 1476
30074609 1476
30074609 1476
30074610 1476
30074610 1476
30074610 1476
30074610 1476
30074611 1476
30074611 1476
30074611 1476
30074612 1476
30074612 1498
30074612 1498
30074613 1498
30074613 1498
30074613 1498
30074614 1498
30074614 1498
30074614 1498
30074615 1498
30074615 1498
30074615 1498
30074616 1498
30074616 1498
30074616 1498
30074617 1498
30074617 1498
30074617 1498
30074618 1498
30074618 1498
30074618 1498
30074619 1498
30074619 1498
30074619 1498
30074620 1498
30074620 1498
30074620 1498
30074621 1498
30074621 1498
30074621 1498
30074622 1498
30074622 1498
30074622 1518
30074623 1518
30074623 1518
30074623 1518
30074624 1518
30074624 1518
30074624 1518
30074625 1518
30074625 1518
30074625 1518
30074626 1518
30074626 1518
30074626 1518
30074627 1518
30074627 1518
30074627 1518
30074628 1518
30074628 1518
30074628 1518
30074629 1518
30074629 1518
30074629 1518
30074630 1518
30074630 1518
30074630 1518
30074631 1518
30074631 1518
30074631 1518
30074632 1518
30074632 1518
30074632 1518
30074633 1518
30074633 1518
30074633 1542
30074634 1542
30074634 1542
30074634 1542
30074635 1542
30074635 1542
30074635 1542
30074636 1542
30074636 1542
30074636 1542
30074637 1542
30074637 1542
30074637 1542
30074638 1542
30074638 1542
30074638 1542
30074639 1542
30074639 1542
30074639 1542
30074640 1542
30074640 1542
30074640 1542
30074641 1542
30074641 1542
30074641 1542
30074642 1542
30074642 1542
30074642 1542
30074643 1542
30074643 1542
30074643 1542
30074644 1542
30074644 1542
30074644 1542
30074645 1984
30074645 1564
30074645 1564
30074645 1564
30074646 1564
30074646 1564
30074646 1564
30074647 1564
30074647 1564
30074647 1564
30074648 1564
30074648 1564
30074648 1564
30074649 1564
30074649 1564
30074649 1564
30074650 1564
30074650 1564
30074650 1564
30074651 1564
30074651 1564
30074651 1564
30074652 1564
30074652 1564
30074652 1564
30074653 1564
30074653 1564
30074653 1564
30074654 1564
30074654 1564
30074654 1564
30074655 1564
30074655 1564
30074655 1564
30074656 1564
30074656 1564
30074656 1564
30074657 1590
30074657 1590
30074657 1590
30074658 1590
30074658 1590
30074658 1590
30074659 1590
30074659 1590
30074659 1590
30074700 1590
30074700 1590
30074700 1590
30074701 1590
30074701 1590
30074701 1590
30074702 1590
30074702 1590
30074702 1590
30074703 1590
30074703 1590
30074703 1590
30074704 1590
30074704 1590
30074704 1590
30074705 1590
30074705 1590
30074705 1590
30074706 1590
30074706 1590
30074706 1590
30074707 1590
30074707 1590
30074707 1590
30074708 1590
30074708 1590
30074708 1590
30074709 1590
30074709 1590
30074709 1590
30074710 1614
30074710 1614
30074710 1614
30074711 1614
30074711 1614
30074711 1614
30074712 1614
30074712 1614
30074712 1614
30074713 1614
30074713 1614
30074713 1614
30074714 1614
30074714 1614
30074714 1614
30074715 1614
30074715 1614
30074715 1614
30074716 1614
30074716 1614
30074716 1614
30074717 1614
30074717 1614
30074717 1614
30074718 1614
30074718 1614
30074718 1614
30074719 1614
30074719 1614
30074719 1614
30074720 1614
30074720 1614
30074720 1614
30074720 1614
30074721 1614
30074721 1614
30074721 1614
30074722 1614
30074722 1614
30074722 1614
30074723 1614
30074723 1614
30074723 1640
30074724 1640
30074724 1640
30074724 1640
30074725 1640
30074725 1640
30074725 1640
30074726 1640
30074726 1640
30074726 1640
30074727 1640
30074727 1640
30074727 1640
30074728 1640
30074728 1640
30074728 1640
30074729 1640
30074729 1640
30074729 1640
30074730 1640
30074730 1640
30074730 1640
30074731 1640
30074731 1640
30074731 1640
30074732 1640
30074732 1640
30074732 1640
30074733 1640
30074733 1640
30074733 1640
30074734 1640
30074734 1640
30074734 1640
30074735 1640
30074735 1640
30074735 1640
30074736 1640
30074736 1640
30074736 1640
30074737 1640
30074737 1640
30074737 1640
30074738 1640
30074738 1120
30074738 1668
30074739 1668
30074739 1668
30074739 1668
30074740 1668
30074740 1668
30074740 1668
30074741 1668
30074741 1668
30074741 1668
30074742 1668
30074742 1668
30074742 1668
30074743 1668
30074743 1668
30074743 1668
30074744 1668
30074744 1668
30074744 1668
30074745 1668
30074745 1668
30074745 1668
30074746 1668
30074746 1668
30074746 1668
30074747 1668
30074747 1668
30074747 1668
30074748 1668
30074748 1668
30074748 1668
30074749 1668
30074749 1668
30074749 1668
30074750 1668
30074750 1668
30074750 1668
30074751 1668
30074751 1668
30074751 1668
30074752 1668
30074752 1668
30074752 1668
30074752 1668
30074753 1668
30074753 1696
30074753 1696
30074754 1696
30074754 1696
30074754 1696
30074755 1696
30074755 1696
30074755 1696
30074756 1696
30074756 1696
30074756 1696
30074757 1696
30074757 1696
30074757 1696
30074758 1696
30074758 1696
30074758 1696
30074759 1696
30074759 1696
30074759 1696
30074800 1696
30074800 1696
30074800 1696
30074801 1696
30074801 1696
30074801 1696
30074802 1696
30074802 1696
30074802 1696
30074803 1696
30074803 1696
30074803 1696
30074804 1696
30074804 1696
30074804 1696
30074805 1696
30074805 1696
30074805 1696
30074806 1696
30074806 1696
30074806 1696
30074807 1696
30074807 1696
30074807 1696
30074808 1696
30074808 1696
30074808 1696
30074809 1696
30074809 1696
30074809 1726
30074810 1726
30074810 1726
30074810 1726
30074811 1726
30074811 1726
30074811 1726
30074812 1726
30074812 1726
30074812 1726
30074813 1726
30074813 1726
30074813 1726
30074814 1726
30074814 1726
30074814 1726
30074815 1726
30074815 1726
30074815 1726
30074816 1726
30074816 1726
30074816 1726
30074817 1726
30074817 1726
30074817 1726
30074818 1726
30074818 1726
30074818 1726
30074819 1726
30074819 1726
30074819 1726
30074820 1726
30074820 1726
30074820 1726
30074821 1726
30074821 1726
30074821 1726
30074822 1726
30074822 1726
30074822 1726
30074823 1726
30074823 1726
30074823 1726
30074824 1726
30074824 1726
30074824 1726
30074825 1726
30074825 1726
30074825 1726
30074826 1726
30074826 1758
30074826 1758
30074827 1758
30074827 1758
30074827 1758
30074827 1758
30074828 1758
30074828 1758
30074828 1758
30074829 1758
30074829 1758
30074829 1758
30074830 1758
30074830 1758
30074830 1758
30074831 1758
30074831 1758
30074831 1758
30074832 1758
30074832 1758
30074832 1758
30074833 1758
30074833 1758
30074833 1758
30074834 1758
30074834 1758
30074834 1758
30074835 1758
30074835 1758
30074835 1758
30074836 1758
30074836 1758
30074836 1758
30074837 1758
30074837 1758
30074837 1758
30074838 1758
30074838 1758
30074838 1758
30074839 1758
30074839 1758
30074839 1758
30074840 1758
30074840 1758
30074840 1758
30074841 1758
30074841 1758
30074841 1758
30074842 1758
30074842 1758
30074842 1758
30074843 1790
30074843 1790
30074843 1790
30074844 1790
30074844 1790
30074844 1790
30074845 1790
30074845 1790
30074845 1790
30074846 1790
30074846 1790
30074846 1790
30074847 1790
30074847 1790
30074847 1790
30074848 1790
30074848 1790
30074848 1790
30074849 1790
30074849 1790
30074849 1790
30074850 1790
30074850 1790
30074850 1790
30074851 1790
30074851 1790
30074851 1790
30074852 1790
30074852 1790
30074852 1790
30074853 1790
30074853 1790
30074853 1790
30074854 1790
30074854 1790
30074854 1790
30074855 1790
30074855 1790
30074855 1790
30074856 1790
30074856 1790
30074856 1790
30074857 1790
30074857 1790
30074857 1790
30074858 1790
30074858 1790
30074858 1790
30074859 1790
30074859 1790
30074859 1790
30074900 1790
30074900 1790
30074900 1790
30074900 1790
30074901 1822
30074901 1822
30074901 1822
30074902 1822
30074902 1822
30074902 1822
30074903 1822
30074903 1822
30074903 1822
30074904 1822
30074904 1822
30074904 1822
30074905 1822
30074905 1822
30074905 1822
30074906 1822
30074906 1822
30074906 1822
30074907 1822
30074907 1822
30074907 1822
30074908 1822
30074908 1822
30074908 1822
30074909 1822
30074909 1822
30074909 1822
30074910 1822
30074910 1822
30074910 1822
30074911 1822
30074911 1822
30074911 1822
30074912 1822
30074912 1822
30074912 1822
30074913 1822
30074913 1822
30074913 1822
30074914 1822
30074914 1822
30074914 1822
30074915 1822
30074915 1822
30074915 1822
30074916 1822
30074916 1822
30074916 1822
30074917 1822
30074917 1822
30074917 1822
30074918 1822
30074918 1822
30074918 1822
30074919 1822
30074919 1858
30074919 1858
30074920 1858
30074920 1858
30074920 1858
30074921 1858
30074921 1858
30074921 1858
30074922 1858
30074922 1858
30074922 1858
30074923 1858
30074923 1858
30074923 1858
30074924 1858
30074924 1858
30074924 1858
30074925 1858
30074925 1858
30074925 1858
30074926 1858
30074926 1858
30074926 1858
30074927 1858
30074927 1858
30074927 1858
30074928 1858
30074928 1858
30074928 1858
30074929 1858
30074929 1858
30074929 1858
30074930 1858
30074930 1858
30074930 1858
30074931 1858
30074931 1858
30074931 1858
30074932 1858
30074932 1858
30074932 1858
30074932 1858
30074933 1858
30074933 1858
30074933 1858
30074934 1858
30074934 1858
30074934 1858
30074935 1858
30074935 1858
30074935 1858
30074936 1858
30074936 1858
30074936 1858
30074937 1858
30074937 1858
30074937 1858
30074938 1896
30074938 1896
30074938 1896
30074939 1896
30074939 1896
30074939 1896
30074940 1896
30074940 1896
30074940 1896
30074941 1896
30074941 1896
30074941 1896
30074942 1896
30074942 1896
30074942 1896
30074943 1896
30074943 1896
30074943 1896
30074944 1896
30074944 1896
30074944 1896
30074945 1896
30074945 1896
30074945 1896
30074946 1896
30074946 1896
30074946 1896
30074947 1896
30074947 1896
30074947 1896
30074948 1896
30074948 1896
30074948 1896
30074949 1896
30074949 1896
30074949 1896
30074950 1896
30074950 1896
30074950 1896
30074951 1896
30074951 1896
30074951 1896
30074952 1896
30074952 1896
30074952 1896
30074953 1896
30074953 1896
30074953 1896
30074954 1896
30074954 1896
30074954 1896
30074955 1896
30074955 1896
30074955 1896
30074956 1896
30074956 1896
30074956 1896
30074957 1896
30074957 1896
30074957 1932
30074958 1932
30074958 1932
30074958 1932
30074959 1932
30074959 1932
30074959 1932
30075000 1932
30075000 1932
30075000 1932
30075001 1932
30075001 1932
30075001 1932
30075002 1932
30075002 1932
30075002 1932
30075003 1932
30075003 1932
30075003 1932
30075004 1932
30075004 1932
30075004 1932
30075005 1932
30075005 1932
30075005 1932
30075006 1932
30075006 1932
30075006 1932
30075007 1932
30075007 1932
30075007 1932
30075007 1932
30075008 1932
30075008 1932
30075008 1932
30075009 1932
30075009 1932
30075009 1932
30075010 1932
30075010 1932
30075010 1932
30075011 1932
30075011 1932
30075011 1932
30075012 1932
30075012 1932
30075012 1932
30075013 1932
30075013 1932
30075013 1932
30075014 1932
30075014 1932
30075014 1932
30075015 1932
30075015 1932
30075015 1932
30075016 1932
30075016 1932
30075016 1932
30075017 1932
30075017 1932
30075017 1932
30075018 1932
30075018 1932
30075018 1972
30075019 1972
30075019 1972
30075019 1972
30075020 1972
30075020 1972
30075020 1972
30075021 1972
30075021 1972
30075021 1972
30075022 1972
30075022 1972
30075022 1972
30075023 1972
30075023 1972
30075023 1972
30075024 1972
30075024 1972
30075024 1972
30075025 1972
30075025 1972
30075025 1972
30075026 1972
30075026 1972
30075026 1972
30075027 1972
30075027 1972
30075027 1972
30075028 1972
30075028 1972
30075028 1972
30075029 1972
30075029 1972
30075029 1972
30075030 1972
30075030 1972
30075030 1972
30075031 1972
30075031 1972
30075031 1972
30075032 1972
30075032 1972
30075032 1972
30075033 1972
30075033 1972
30075033 1972
30075034 1972
30075034 1972
30075034 1972
30075035 1972
30075035 1972
30075035 1972
30075036 1972
30075036 1972
30075036 1972
30075037 1972
30075037 1972
30075037 1972
30075038 1972
30075038 1972
30075038 1972
30075039 1972
30075039 1972
30075039 1972
30075040 1972
30075040 1972
30075040 1972
30075041 1972
30075041 2014
30075041 2014
30075042 2014
30075042 2014
30075042 2014
30075043 2014
30075043 2014
30075043 2014
30075043 2014
30075044 2014
30075044 2014
30075044 2014
30075045 2014
30075045 2014
30075045 2014
30075046 2014
30075046 2014
30075046 2014
30075047 2014
30075047 2014
30075047 2014
30075048 2014
30075048 2014
30075048 2014
30075049 2014
30075049 2014
30075049 2014
30075050 2014
30075050 2014
30075050 2014
30075051 2014
30075051 2014
30075051 2014
30075052 2014
30075052 2014
30075052 2014
30075053 2014
30075053 2014
30075053 2014
30075054 2014
30075054 2014
30075054 2014
30075055 2014
30075055 2014
30075055 2014
30075056 2014
30075056 2014
30075056 2014
30075057 2014
30075057 2014
30075057 2014
30075058 2014
30075058 2014
30075058 2014
30075059 2014
30075059 2014
30075059 2014
30075100 2014
30075100 2014
30075100 2014
30075101 2014
30075101 2014
30075101 2014
30075102 2014
30075102 2014
30075102 2014
30075103 2014
30075103 2014
30075103 2014
30075104 2014
30075104 2014
30075104 2014
30075105 2014
30075105 2056
30075105 2056
30075106 2056
30075106 2056
30075106 2056
30075107 2056
30075107 2056
30075107 2056
30075108 2056
30075108 2056
30075108 2056
30075109 2056
30075109 2056
30075109 2056
30075110 2056
30075110 2056
30075110 2056
30075111 2056
30075111 2056
30075111 2056
30075112 2056
30075112 2056
30075112 2056
30075113 2056
30075113 2056
30075113 2056
30075114 2056
30075114 2056
30075114 2056
30075115 2056
30075115 2056
30075115 2056
30075116 2056
30075116 2056
30075116 2056
30075117 2056
30075117 2056
30075117 2056
30075117 2056
30075118 2056
30075118 2056
30075118 2056
30075119 2056
30075119 2056
30075119 2056
30075120 2056
30075120 2056
30075120 2056
30075121 2056
30075121 2056
30075121 2056
30075122 2056
30075122 2056
30075122 2056
30075123 2056
30075123 2056
30075123 2056
30075124 2056
30075124 2056
30075124 2056
30075125 2056
30075125 2056
30075125 2056
30075126 2056
30075126 2056
30075126 2056
30075127 2056
30075127 2056
30075127 2056
30075128 2056
30075128 2056
30075128 2056
30075129 2056
30075129 2056
30075129 2056
30075130 2056
30075130 2056
30075130 2056
30075131 2056
30075131 2100
30075131 2100
30075132 2100
30075132 2100
30075132 2100
30075133 2100
30075133 2100
30075133 2100
30075134 2100
30075134 2100
30075134 2100
30075135 2100
30075135 2100
30075135 2100
30075136 2100
30075136 2100
30075136 2100
30075137 2100
30075137 2100
30075137 2100
30075138 2100
30075138 2100
30075138 2100
30075139 2100
30075139 2100
30075139 2100
30075140 2100
30075140 2100
30075140 2100
30075141 2100
30075141 2100
30075141 2100
30075142 2100
30075142 2100
30075142 2100
30075143 2100
30075143 2100
30075143 2100
30075144 2100
30075144 2100
30075144 2100
30075145 2100
30075145 2100
30075145 2100
30075146 2100
30075146 2100
30075146 2100
30075147 2100
30075147 2100
30075147 2100
30075148 2100
30075148 2100
30075148 2100
30075149 2100
30075149 2100
30075149 2100
30075149 2100
30075150 2100
30075150 2100
30075150 2100
30075151 2100
30075151 2100
30075151 2100
30075152 2100
30075152 2100
30075152 2100
30075153 2100
30075153 2100
30075153 2100
30075154 2100
30075154 2100
30075154 2100
30075155 2100
30075155 2100
30075155 2100
30075156 2100
30075156 2100
30075156 2100
30075157 2100
30075157 2100
30075157 2100
30075158 2100
30075158 2100
30075158 2100
30075159 2144
30075159 2144
30075159 2144
30075200 2144
30075200 2144
30075200 2144
30075201 2144
30075201 2144
30075201 2144
30075202 2144
30075202 2144
30075202 2144
30075203 2144
30075203 2144
30075203 2144
30075204 2144
30075204 2144
30075204 2144
30075205 2144
30075205 2144
30075205 2144
30075206 2144
30075206 2144
30075206 2144
30075207 2144
30075207 2144
30075207 2144
30075208 2144
30075208 2144
30075208 2144
30075209 2144
30075209 2144
30075209 2144
30075210 2144
30075210 2144
30075210 2144
30075211 2144
30075211 2144
30075211 2144
30075212 2144
30075212 2144
30075212 2144
30075213 2144
30075213 2144
30075213 2144
30075214 2144
30075214 2144
30075214 2144
30075215 2144
30075215 2144
30075215 2144
30075216 2144
30075216 2144
30075216 2144
30075217 2144
30075217 2144
30075217 2144
30075218 2144
30075218 2144
30075218 2144
30075219 2144
30075219 2144
30075219 2144
30075220 2144
30075220 2144
30075220 2144
30075221 2144
30075221 2144
30075221 2144
30075221 2144
30075222 2144
30075222 2144
30075222 2144
30075223 2144
30075223 2144
30075223 2144
30075224 2144
30075224 2144
30075224 2144
30075225 2144
30075225 2144
30075225 2144
30075226 2144
30075226 2144
30075226 2144
30075227 2144
30075227 2144
30075227 2144
30075228 2144
30075228 2144
30075228 2192
30075229 2192
30075229 2192
30075229 2192
30075230 2192
30075230 2192
30075230 2192
30075231 2192
30075231 2192
30075231 2192
30075232 2192
30075232 2192
30075232 2192
30075233 2192
30075233 2192
30075233 2192
30075234 2192
30075234 2192
30075234 2192
30075235 2192
30075235 2192
30075235 2192
30075236 2192
30075236 2192
30075236 2192
30075237 2192
30075237 2192
30075237 2192
30075238 2192
30075238 2192
30075238 2192
30075239 2192
30075239 2192
30075239 2192
30075240 2192
30075240 2192
30075240 2192
30075241 2192
30075241 2192
30075241 2192
30075242 2192
30075242 2192
30075242 2192
30075243 2192
30075243 2192
30075243 2192
30075244 2192
30075244 2192
30075244 2192
30075245 2192
30075245 2192
30075245 2192
30075246 2192
30075246 2192
30075246 2192
30075247 2192
30075247 2192
30075247 2192
30075248 2192
30075248 2192
30075248 2192
30075249 2192
30075249 2192
30075249 2192
30075250 2192
30075250 2192
30075250 2192
30075251 2192
30075251 2192
30075251 2192
30075252 2192
30075252 2192
30075252 2192
30075252 2192
30075253 2192
30075253 2192
30075253 2192
30075254 2192
30075254 2192
30075254 2192
30075255 2192
30075255 2192
30075255 2192
30075256 2192
30075256 2192
30075256 2192
30075257 2192
30075257 2192
30075257 2192
30075258 2192
30075258 2192
30075258 2192
30075259 2192
30075259 2192
30075259 2192
30075300 2192
30075300 2242
30075300 2242
30075301 2242
30075301 2242
30075301 2242
30075302 2242
30075302 2242
30075302 2242
30075303 2242
30075303 2242
30075303 2242
30075304 2242
30075304 2242
30075304 2242
30075305 2242
30075305 2242
30075305 2242
30075306 2242
30075306 2242
30075306 2242
30075307 2242
30075307 2242
30075307 2242
30075308 2242
30075308 2242
30075308 2242
30075309 2242
30075309 2242
30075309 2242
30075310 2242
30075310 2242
30075310 2242
30075311 2242
30075311 2242
30075311 2242
30075312 2242
30075312 2242
30075312 2242
30075313 2242
30075313 2242
30075313 2242
30075314 2242
30075314 2242
30075314 2242
30075315 2242
30075315 2242
30075315 2242
30075316 2242
30075316 2242
30075316 2242
30075317 2242
30075317 2242
30075317 2242
30075318 2242
30075318 2242
30075318 2242
30075319 2242
30075319 2242
30075319 2242
30075320 2242
30075320 2242
30075320 2242
30075321 2242
30075321 2242
30075321 2242
30075321 2242
30075322 2242
30075322 2242
30075322 2242
30075323 2242
30075323 2242
30075323 2242
30075324 2242
30075324 2242
30075324 2242
30075325 2242
30075325 2242
30075325 2242
30075326 2242
30075326 2242
30075326 2242
30075327 2242
30075327 2242
30075327 2242
30075328 2242
30075328 2242
30075328 2242
30075329 2242
30075329 2242
30075329 2242
30075330 2242
30075330 2242
30075330 2242
30075331 2242
30075331 2242
30075331 2242
30075332 2242
30075332 2242
30075332 2242
30075333 2242
30075333 2242
30075333 2242
30075334 2242
30075334 2242
30075334 2242
30075335 3416
30075335 2294
30075335 2294
30075336 2294
30075336 2294
30075336 2294
30075337 2294
30075337 2294
30075337 2294
30075338 2294
30075338 2294
30075338 2294
30075339 2294
30075339 2294
30075339 2294
30075340 2294
30075340 2294
30075340 2294
30075341 2294
30075341 2294
30075341 2294
30075342 2294
30075342 2294
30075342 2294
30075343 2294
30075343 2294
30075343 2294
30075344 2294
30075344 2294
30075344 2294
30075345 2294
30075345 2294
30075345 2294
30075346 2294
30075346 2294
30075346 2294
30075347 2294
30075347 2294
30075347 2294
30075348 2294
30075348 2294
30075348 2294
30075349 2294
30075349 2294
30075349 2294
30075350 2294
30075350 2294
30075350 2294
30075351 2294
30075351 2294
30075351 2294
30075352 2294
30075352 2294
30075352 2294
30075352 2294
30075353 2294
30075353 2294
30075353 2294
30075354 2294
30075354 2294
30075354 2294
30075355 2294
30075355 2294
30075355 2294
30075356 2294
30075356 2294
30075356 2294
30075357 2294
30075357 2294
30075357 2294
30075358 2294
30075358 2294
30075358 2294
30075359 2294
30075359 2294
30075359 2294
30075400 2294
30075400 2294
30075400 2294
30075401 2294
30075401 2294
30075401 2294
30075402 2294
30075402 2294
30075402 2294
30075403 2294
30075403 2294
30075403 2294
30075404 2294
30075404 2294
30075404 2294
30075405 2294
30075405 2294
30075405 2294
30075406 2294
30075406 2294
30075406 2294
30075407 2294
30075407 2294
30075407 2294
30075408 2294
30075408 2294
30075408 2294
30075409 2294
30075409 2294
30075409 2294
30075410 2294
30075410 2294
30075410 2294
30075411 2294
30075411 2294
30075411 2294
30075412 2294
30075412 2294
30075412 2294
30075413 2294
30075413 2294
30075413 2294
30075414 2294
30075414 2294
30075414 3518
30075415 2346
30075415 2346
30075415 2346
30075416 2346
30075416 2346
30075416 2346
30075417 2346
30075417 2346
30075417 2346
30075418 2346
30075418 2346
30075418 2346
30075419 2346
30075419 2346
30075419 2346
30075420 2346
30075420 2346
30075420 2346
30075421 2346
30075421 2346
30075421 2346
30075422 2346
30075422 2346
30075422 2346
30075423 2346
30075423 2346
30075423 2346
30075423 2346
30075424 2346
30075424 2346
30075424 2346
30075425 2346
30075425 2346
30075425 2346
30075426 2346
30075426 2346
30075426 2346
30075427 2346
30075427 2346
30075427 2346
30075428 2346
30075428 2346
30075428 2346
30075429 2346
30075429 2346
30075429 2346
30075430 2346
30075430 2346
30075430 2346
30075431 2346
30075431 2346
30075431 2346
30075432 2346
30075432 2346
30075432 2346
30075433 2346
30075433 2346
30075433 2346
30075434 2346
30075434 2346
30075434 2346
30075435 2346
30075435 2346
30075435 2346
30075436 2346
30075436 2346
30075436 2346
30075437 2346
30075437 2346
30075437 2346
30075438 2346
30075438 2346
30075438 2346
30075439 2346
30075439 2346
30075439 2346
30075440 2346
30075440 2346
30075440 2346
30075441 2346
30075441 2346
30075441 2346
30075442 2346
30075442 2346
30075442 2346
30075443 2346
30075443 2346
30075443 2346
30075444 2346
30075444 2346
30075444 2346
30075445 2346
30075445 2346
30075445 2346
30075446 2346
30075446 2346
30075446 2346
30075447 2346
30075447 2346
30075447 2346
30075448 2346
30075448 2346
30075448 2346
30075449 2346
30075449 2346
30075449 2346
30075450 2346
30075450 2346
30075450 2346
30075451 2346
30075451 2346
30075451 2346
30075452 2346
30075452 2346
30075452 2346
30075453 2346
30075453 2346
30075453 2346
30075454 2346
30075454 2346
30075454 2346
30075455 2346
30075455 2346
30075455 2346
30075456 2346
30075456 2346
30075456 2400
30075456 2400
30075457 2400
30075457 2400
30075457 2400
30075458 2400
30075458 2400
30075458 2400
30075459 2400
30075459 2400
30075459 2400
30075500 2400
30075500 2400
30075500 2400
30075501 2400
30075501 2400
30075501 2400
30075502 2400
30075502 2400
30075502 2400
30075503 2400
30075503 2400
30075503 2400
30075504 1178
30075504 1178
30075504 1178
30075505 1178
30075505 1178
30075505 1178
30075506 1178
30075506 1178
30075506 1178
30075507 1178
30075507 1178
30075507 1178
30075508 1178
30075508 1178
30075508 1178
30075509 1178
30075509 1178
30075509 1182
30075510 1182
30075510 1182
30075510 1182
30075511 1182
30075511 1182
30075511 1182
30075512 1182
30075512 1182
30075512 1182
30075513 1182
30075513 1182
30075513 1182
30075514 1182
30075514 1182
30075514 1182
30075515 1182
30075515 1182
30075515 1182
30075516 1184
30075516 1184
30075516 1184
30075517 1184
30075517 1184
30075517 1184
30075518 1184
30075518 1184
30075518 1184
30075519 1184
30075519 1184
30075519 1184
30075520 1184
30075520 1184
30075520 1184
30075521 1184
30075521 1184
30075521 1184
30075522 1184
30075522 1184
30075522 1186
30075523 1186
30075523 1186
30075523 1186
30075524 1186
30075524 1186
30075524 1186
30075525 1186
30075525 1186
30075525 1186
30075526 1186
30075526 1186
30075526 1186
30075527 1186
30075527 1186
30075527 1186
30075528 1186
30075528 1186
30075528 1186
30075528 1186
30075529 1186
30075529 1188
30075529 1188
30075530 1188
30075530 1188
30075530 1188
30075531 1188
30075531 1188
30075531 1188
30075532 1188
30075532 1188
30075532 1188
30075533 1188
30075533 1188
30075533 1188
30075534 1188
30075534 1188
30075534 1188
30075535 1188
30075535 1188
30075535 1188
30075536 1188
30075536 1188
30075536 1188
30075537 1190
30075537 1190
30075537 1190
30075538 1190
30075538 1190
30075538 1190
30075539 1190
30075539 1190
30075539 1190
30075540 1190
30075540 1190
30075540 1190
30075541 1190
30075541 1190
30075541 1190
30075542 1190
30075542 1190
30075542 1190
30075543 1190
30075543 1190
30075543 1190
30075544 1190
30075544 1190
30075544 1192
30075545 1192
30075545 1192
30075545 1192
30075546 1192
30075546 1192
30075546 1192
30075547 1192
30075547 1192
30075547 1192
30075548 1192
30075548 1192
30075548 1192
30075549 1192
30075549 1192
30075549 1192
30075550 1192
30075550 1192
30075550 1192
30075551 1192
30075551 1192
30075551 1192
30075552 1192
30075552 1192
30075552 1192
30075553 1194
30075553 1194
30075553 1194
30075554 1194
30075554 1194
30075554 1194
30075555 1194
30075555 1194
30075555 1194
30075556 1194
30075556 1194
30075556 1194
30075557 1194
30075557 1194
30075557 1194
30075558 1194
30075558 1194
30075558 1194
30075559 1194
30075559 1194
30075559 1194
30075600 1194
30075600 1194
30075600 1194
30075601 1194
30075601 1194
30075601 1194
30075601 1196
30075602 1196
30075602 1196
30075602 1196
30075603 1196
30075603 1196
30075603 1196
30075604 1196
30075604 1196
30075604 1196
30075605 1196
30075605 1196
30075605 1196
30075606 1196
30075606 1196
30075606 1196
30075607 1196
30075607 1196
30075607 1196
30075608 1196
30075608 1196
30075608 1196
30075609 1196
30075609 1196
30075609 1196
30075610 1196
30075610 1196
30075610 1200
30075611 1200
30075611 1200
30075611 1200
30075612 1200
30075612 1200
30075612 1200
30075613 1200
30075613 1200
30075613 1200
30075614 1200
30075614 1200
30075614 1200
30075615 1200
30075615 1200
30075615 1200
30075616 1200
30075616 1200
30075616 1200
30075617 1200
30075617 1200
30075617 1200
30075618 1200
30075618 1200
30075618 1200
30075619 1200
30075619 1200
30075619 1200
30075620 1200
30075620 1202
30075620 1202
30075621 1202
30075621 1202
30075621 1202
30075622 1202
30075622 1202
30075622 1202
30075623 1202
30075623 1202
30075623 1202
30075624 1202
30075624 1202
30075624 1202
30075625 1202
30075625 1202
30075625 1202
30075626 1202
30075626 1202
30075626 1202
30075627 1202
30075627 1202
30075627 1202
30075628 1202
30075628 1202
30075628 1202
30075629 1202
30075629 1202
30075629 1202
30075630 1202
30075630 1202
30075630 1204
30075631 1204
30075631 1204
30075631 1204
30075631 1204
30075632 1204
30075632 1204
30075632 1204
30075633 1204
30075633 1204
30075633 1204
30075634 1204
30075634 1204
30075634 1204
30075635 1204
30075635 1204
30075635 1204
30075636 1204
30075636 1204
30075636 1204
30075637 1204
30075637 1204
30075637 1204
30075638 1204
30075638 1204
30075638 1204
30075639 1204
30075639 1204
30075639 1204
30075640 1204
30075640 1204
30075640 1204
30075641 1204
30075641 1206
30075641 1206
30075642 1206
30075642 1206
30075642 1206
30075643 1206
30075643 1206
30075643 1206
30075644 1206
30075644 1206
30075644 1206
30075645 1206
30075645 1206
30075645 1206
30075646 1206
30075646 1206
30075646 1206
30075647 1206
30075647 1206
30075647 1206
30075648 1206
30075648 1206
30075648 1206
30075649 1206
30075649 1206
30075649 1206
30075650 1206
30075650 1206
30075650 1206
30075651 1206
30075651 1206
30075651 1206
30075652 1206
30075652 1206
30075652 1210
30075653 1210
30075653 1210
30075653 1210
30075654 1210
30075654 1210
30075654 1210
30075655 1210
30075655 1210
30075655 1210
30075656 1210
30075656 1210
30075656 1210
30075657 1210
30075657 1210
30075657 1210
30075658 1210
30075658 1210
30075658 1210
30075659 1210
30075659 1210
30075659 1210
30075700 1210
30075700 1210
30075700 1210
30075701 1210
30075701 1210
30075701 1210
30075702 1210
30075702 1210
30075702 1210
30075703 1210
30075703 1210
30075703 1210
30075703 1210
30075704 1210
30075704 1212
30075704 1212
30075705 1212
30075705 1212
30075705 1212
30075706 1212
30075706 1212
30075706 1212
30075707 1212
30075707 1212
30075707 1212
30075708 1212
30075708 1212
30075708 1212
30075709 1212
30075709 1212
30075709 1212
30075710 1212
30075710 1212
30075710 1212
30075711 1212
30075711 1212
30075711 1212
30075712 1212
30075712 1212
30075712 1212
30075713 1212
30075713 1212
30075713 1212
30075714 1212
30075714 1212
30075714 1212
30075715 1212
30075715 1212
30075715 1212
30075716 1212
30075716 1212
30075716 1212
30075717 1216
30075717 1216
30075717 1216
30075718 1216
30075718 1216
30075718 1216
30075719 1216
30075719 1216
30075719 1216
30075720 1216
30075720 1216
30075720 1216
30075721 1216
30075721 1216
30075721 1216
30075722 1216
30075722 1216
30075722 1216
30075723 1216
30075723 1216
30075723 1216
30075724 1216
30075724 1216
30075724 1216
30075725 1216
30075725 1216
30075725 1216
30075726 1216
30075726 1216
30075726 1216
30075727 1216
30075727 1216
30075727 1216
30075728 1216
30075728 1216
30075728 1216
30075729 1216
30075729 1216
30075729 1216
30075730 1218
30075730 1218
30075730 1218
30075731 1218
30075731 1218
30075731 1218
30075732 1218
30075732 1218
30075732 1218
30075733 1218
30075733 1218
30075733 1218
30075733 1218
30075734 1218
30075734 1218
30075734 1218
30075735 1218
30075735 1218
30075735 1218
30075736 1218
30075736 1218
30075736 1218
30075737 1218
30075737 1218
30075737 1218
30075738 1218
30075738 1218
30075738 1218
30075739 1218
30075739 1218
30075739 1218
30075740 1218
30075740 1218
30075740 1218
30075741 1218
30075741 1218
30075741 1218
30075742 1218
30075742 1218
30075742 1218
30075743 1218
30075743 1218
30075743 1220
30075744 1220
30075744 1220
30075744 1220
30075745 1220
30075745 1220
30075745 1220
30075746 1220
30075746 1220
30075746 1220
30075747 1220
30075747 1220
30075747 1220
30075748 1220
30075748 1220
30075748 1220
30075749 1220
30075749 1220
30075749 1220
30075750 1220
30075750 1220
30075750 1220
30075751 1220
30075751 1220
30075751 1220
30075752 1220
30075752 1220
30075752 1220
30075753 1220
30075753 1220
30075753 1220
30075754 1220
30075754 1220
30075754 1220
30075755 1220
30075755 1220
30075755 1220
30075756 1220
30075756 1220
30075756 1220
30075757 1220
30075757 1220
30075757 1220
30075758 1220
30075758 1220
30075758 1220
30075759 1224
30075759 1224
30075759 1224
30075800 1224
30075800 1224
30075800 1224
30075801 1224
30075801 1224
30075801 1224
30075802 1224
30075802 1224
30075802 1224
30075803 1224
30075803 1224
30075803 1224
30075803 1224
30075804 1224
30075804 1224
30075804 1224
30075805 1224
30075805 1224
30075805 1224
30075806 1224
30075806 1224
30075806 1224
30075807 1224
30075807 1224
30075807 1224
30075808 1224
30075808 1224
30075808 1224
30075809 1224
30075809 1224
30075809 1224
30075810 1224
30075810 1224
30075810 1224
30075811 1224
30075811 1224
30075811 1224
30075812 1224
30075812 1224
30075812 1224
30075813 1224
30075813 1224
30075813 1224
30075814 1224
30075814 1228
30075814 1228
30075815 1228
30075815 1228
30075815 1228
30075816 1228
30075816 1228
30075816 1228
30075817 1228
30075817 1228
30075817 1228
30075818 1228
30075818 1228
30075818 1228
30075819 1228
30075819 1228
30075819 1228
30075820 1228
30075820 1228
30075820 1228
30075821 1228
30075821 1228
30075821 1228
30075822 1228
30075822 1228
30075822 1228
30075823 1228
30075823 1228
30075823 1228
30075824 1228
30075824 1228
30075824 1228
30075825 1228
30075825 1228
30075825 1228
30075826 1228
30075826 1228
30075826 1228
30075827 1228
30075827 1228
30075827 1228
30075828 1228
30075828 1228
30075828 1228
30075829 1228
30075829 1228
30075829 1228
30075830 1228
30075830 1228
30075830 1230
30075831 1230
30075831 1230
30075831 1230
30075832 1230
30075832 1230
30075832 1230
30075833 1230
30075833 1230
30075833 1230
30075834 1230
30075834 1230
30075834 1230
30075834 1230
30075835 1230
30075835 1230
30075835 1230
30075836 1230
30075836 1230
30075836 1230
30075837 1230
30075837 1230
30075837 1230
30075838 1230
30075838 1230
30075838 1230
30075839 1230
30075839 1230
30075839 1230
30075840 1230
30075840 1230
30075840 1230
30075841 1230
30075841 1230
30075841 1230
30075842 1230
30075842 1230
30075842 1230
30075843 1230
30075843 1230
30075843 1230
30075844 1230
30075844 1230
30075844 1230
30075845 1230
30075845 1230
30075845 1230
30075846 1230
30075846 1230
30075846 1230
30075847 1230
30075847 1230
30075847 1230
30075848 1234
30075848 1234
30075848 1234
30075849 1234
30075849 1234
30075849 1234
30075850 1234
30075850 1234
30075850 1234
30075851 1234
30075851 1234
30075851 1234
30075852 1234
30075852 1234
30075852 1234
30075853 1234
30075853 1234
30075853 1234
30075854 1234
30075854 1234
30075854 1234
30075855 1234
30075855 1234
30075855 1234
30075856 1234
30075856 1234
30075856 1234
30075857 1234
30075857 1234
30075857 1234
30075858 1234
30075858 1234
30075858 1234
30075859 1234
30075859 1234
30075859 1234
30075900 1234
30075900 1234
30075900 1234
30075901 1234
30075901 1234
30075901 1234
30075902 1234
30075902 1234
30075902 1234
30075903 1234
30075903 1234
30075903 1234
30075904 1234
30075904 1234
30075904 1234
30075905 1234
30075905 1234
30075905 1236
30075905 1236
30075906 1236
30075906 1236
30075906 1236
30075907 1236
30075907 1236
30075907 1236
30075908 1236
30075908 1236
30075908 1236
30075909 1236
30075909 1236
30075909 1236
30075910 1236
30075910 1236
30075910 1236
30075911 1236
30075911 1236
30075911 1236
30075912 1236
30075912 1236
30075912 1236
30075913 1236
30075913 1236
30075913 1236
30075914 1236
30075914 1236
30075914 1236
30075915 1236
30075915 1236
30075915 1236
30075916 1236
30075916 1236
30075916 1236
30075917 1236
30075917 1236
30075917 1236
30075918 1236
30075918 1236
30075918 1236
30075919 1236
30075919 1236
30075919 1236
30075920 1236
30075920 1236
30075920 1236
30075921 1236
30075921 1236
30075921 1236
30075922 1236
30075922 1236
30075922 1236
30075923 1236
30075923 1236
30075923 1236
30075924 1236
30075924 1236
30075924 1240
30075925 1240
30075925 1240
30075925 1240
30075926 1240
30075926 1240
30075926 1240
30075927 1240
30075927 1240
30075927 1240
30075928 1240
30075928 1240
30075928 1240
30075929 1240
30075929 1240
30075929 1240
30075930 1240
30075930 1240
30075930 1240
30075931 1240
30075931 1240
30075931 1240
30075932 1240
30075932 1240
30075932 1240
30075933 1240
30075933 1240
30075933 1244
30075934 1244
30075934 1244
30075934 1244
30075935 1244
30075935 1244
30075935 1244
30075936 1244
30075936 1244
30075936 1244
30075937 1244
30075937 1244
30075937 1244
30075938 1244
30075938 1244
30075938 1244
30075939 1244
30075939 1244
30075939 1244
30075939 1244
30075940 1244
30075940 1244
30075940 1244
30075941 1244
30075941 1244
30075941 1244
30075942 1244
30075942 1244
30075942 1244
30075943 1246
30075943 1246
30075943 1246
30075944 1246
30075944 1246
30075944 1246
30075945 1246
30075945 1246
30075945 1246
30075946 1246
30075946 1246
30075946 1246
30075947 1246
30075947 1246
30075947 1246
30075948 1246
30075948 1246
30075948 1246
30075949 1246
30075949 1246
30075949 1246
30075950 1246
30075950 1246
30075950 1246
30075951 1246
30075951 1246
30075951 1246
30075952 1246
30075952 1246
30075952 1246
30075953 1250
30075953 1250
30075953 1250
30075954 1250
30075954 1250
30075954 1250
30075955 1250
30075955 1250
30075955 1250
30075956 1250
30075956 1250
30075956 1250
30075957 1250
30075957 1250
30075957 1250
30075958 1250
30075958 1250
30075958 1250
30075959 1250
30075959 1250
30075959 1250
30080000 1250
30080000 1250
30080000 1250
30080001 1250
30080001 1250
30080001 1250
30080002 1250
30080002 1250
30080002 1250
30080003 1250
30080003 1254
30080003 1254
30080004 1254
30080004 1254
30080004 1254
30080005 1254
30080005 1254
30080005 1254
30080006 1254
30080006 1254
30080006 1254
30080007 1254
30080007 1254
30080007 1254
30080008 1254
30080008 1254
30080008 1254
30080009 1254
30080009 1254
30080009 1258
30080010 1258
30080010 1258
30080010 1258
30080011 1258
30080011 1258
30080011 1258
30080011 1258
30080012 1258
30080012 1258
30080012 1258
30080013 1258
30080013 1258
30080013 1258
30080014 1258
30080014 1258
30080014 1258
30080015 1258
30080015 1258
30080015 1258
30080016 1262
30080016 1262
30080016 1262
30080017 1262
30080017 1262
30080017 1262
30080018 1262
30080018 1262
30080018 1262
30080019 1262
30080019 1262
30080019 1262
30080020 1262
30080020 1262
30080020 1262
30080021 1262
30080021 1262
30080021 1262
30080022 1262
30080022 1262
30080022 1266
30080023 1266
30080023 1266
30080023 1266
30080024 1266
30080024 1266
30080024 1266
30080025 1266
30080025 1266
30080025 1266
30080026 1266
30080026 1266
30080026 1266
30080027 1266
30080027 1266
30080027 1266
30080028 1266
30080028 1266
30080028 1266
30080029 1266
30080029 1266
30080029 1272
30080030 1272
30080030 1272
30080030 1272
30080031 1272
30080031 1272
30080031 1272
30080032 1272
30080032 1272
30080032 1272
30080033 1272
30080033 1272
30080033 1272
30080034 1272
30080034 1272
30080034 1272
30080035 1272
30080035 1272
30080035 1272
30080036 1272
30080036 1272
30080036 1428
30080037 1276
30080037 1276
30080037 1276
30080038 1276
30080038 1276
30080038 1276
30080039 1276
30080039 1276
30080039 1276
30080040 1276
30080040 1276
30080040 1276
30080041 1276
30080041 1276
30080041 1276
30080042 1276
30080042 1276
30080042 1276
30080043 1276
30080043 1276
30080043 1276
30080043 1276
30080044 1280
30080044 1280
30080044 1280
30080045 1280
30080045 1280
30080045 1280
30080046 1280
30080046 1280
30080046 1280
30080047 1280
30080047 1280
30080047 1280
30080048 1280
30080048 1280
30080048 1280
30080049 1280
30080049 1280
30080049 1280
30080050 1280
30080050 1280
30080050 1280
30080051 1280
30080051 1280
30080051 1284
30080052 1284
30080052 1284
30080052 1284
30080053 1284
30080053 1284
30080053 1284
30080054 1284
30080054 1284
30080054 1284
30080055 1284
30080055 1284
30080055 1284
30080056 1284
30080056 1284
30080056 1284
30080057 1284
30080057 1284
30080057 1284
30080058 1284
30080058 1284
30080058 1284
30080059 1284
30080059 1284
30080059 1288
30080100 1288
30080100 1288
30080100 1288
30080101 1288
30080101 1288
30080101 1288
30080102 1288
30080102 1288
30080102 1288
30080103 1288
30080103 1288
30080103 1288
30080104 1288
30080104 1288
30080104 1288
30080105 1288
30080105 1288
30080105 1288
30080106 1288
30080106 1288
30080106 1288
30080107 1288
30080107 1288
30080107 1288
30080108 1292
30080108 1292
30080108 1292
30080109 1292
30080109 1292
30080109 1292
30080110 1292
30080110 1292
30080110 1292
30080111 1292
30080111 1292
30080111 1292
30080112 1292
30080112 1292
30080112 1292
30080113 1292
30080113 1292
30080113 1292
30080114 1292
30080114 1292
30080114 1292
30080115 1292
30080115 1292
30080115 1292
30080116 1292
30080116 1292
30080116 1296
30080116 1296
30080117 1296
30080117 1296
30080117 1296
30080118 1296
30080118 1296
30080118 1296
30080119 1296
30080119 1296
30080119 1296
30080120 1296
30080120 1296
30080120 1296
30080121 1296
30080121 1296
30080121 1296
30080122 1296
30080122 1296
30080122 1296
30080123 1296
30080123 1296
30080123 1296
30080124 1296
30080124 1296
30080124 1296
30080125 1296
30080125 1302
30080125 1302
30080126 1302
30080126 1302
30080126 1302
30080127 1302
30080127 1302
30080127 1302
30080128 1302
30080128 1302
30080128 1302
30080129 1302
30080129 1302
30080129 1302
30080130 1302
30080130 1302
30080130 1302
30080131 1302
30080131 1302
30080131 1302
30080132 1302
30080132 1302
30080132 1302
30080133 1302
30080133 1302
30080133 1302
30080134 1302
30080134 1310
30080134 1310
30080135 1310
30080135 1310
30080135 1310
30080136 1310
30080136 1310
30080136 1310
30080137 1310
30080137 1310
30080137 1310
30080138 1310
30080138 1310
30080138 1310
30080139 1310
30080139 1310
30080139 1310
30080140 1310
30080140 1310
30080140 1310
30080141 1310
30080141 1310
30080141 1310
30080142 1310
30080142 1310
30080142 1310
30080143 1310
30080143 1310
30080143 1310
30080144 1320
30080144 1320
30080144 1320
30080145 1320
30080145 1320
30080145 1320
30080146 1320
30080146 1320
30080146 1320
30080147 1320
30080147 1320
30080147 1320
30080148 1320
30080148 1320
30080148 1320
30080149 1320
30080149 1320
30080149 1320
30080149 1320
30080150 1320
30080150 1320
30080150 1320
30080151 1320
30080151 1320
30080151 1320
30080152 1320
30080152 1320
30080152 1320
30080153 1320
30080153 1320
30080153 1320
30080154 1320
30080154 1330
30080154 1330
30080155 1330
30080155 1330
30080155 1330
30080156 1330
30080156 1330
30080156 1330
30080157 1330
30080157 1330
30080157 1330
30080158 1330
30080158 1330
30080158 1330
30080159 1330
30080159 1330
30080159 1330
30080200 1330
30080200 1330
30080200 1330
30080201 1330
30080201 1330
30080201 1330
30080202 1330
30080202 1330
30080202 1330
30080203 1330
30080203 1330
30080203 1330
30080204 1330
30080204 1330
30080204 1330
30080205 1330
30080205 1330
30080205 1342
30080206 1342
30080206 1342
30080206 1342
30080207 1342
30080207 1342
30080207 1342
30080208 1342
30080208 1342
30080208 1342
30080209 1342
30080209 1342
30080209 1342
30080210 1342
30080210 1342
30080210 1342
30080211 1342
30080211 1342
30080211 1342
30080212 1342
30080212 1342
30080212 1342
30080213 1342
30080213 1342
30080213 1342
30080214 1342
30080214 1342
30080214 1342
30080215 1342
30080215 1342
30080215 1342
30080216 1342
30080216 1342
30080216 1342
30080217 1342
30080217 1342
30080217 1342
30080218 1342
30080218 1346
30080218 1346
30080219 1346
30080219 1124
30080219 1124
30080220 1124
30080220 1124
30080220 1124
30080220 1126
30080221 1126
30080221 1126
30080221 1126
30080222 1126
30080222 1126
30080222 1126
30080223 1126
30080223 1126
30080223 1126
30080224 1126
30080224 1128
30080224 1128
30080225 1128
30080225 1128
30080225 1128
30080226 1128
30080226 1128
30080226 1128
30080227 1128
30080227 1128
30080227 1128
30080228 1128
30080228 1128
30080228 1130
30080229 1130
30080229 1130
30080229 1130
30080230 1130
30080230 1130
30080230 1130
30080231 1130
30080231 1130
30080231 1130
30080232 1130
30080232 1130
30080232 1130
30080233 1130
30080233 1132
30080233 1132
30080234 1132
30080234 1132
30080234 1132
30080235 1132
30080235 1132
30080235 1134
30080236 1134
30080236 1134
30080236 1134
30080237 1134
30080237 1134
30080237 1134
30080238 1134
30080238 1134
30080238 1134
30080239 1134
30080239 1134
30080239 1134
30080240 1134
30080240 1134
30080240 1136
30080241 1136
30080241 1136
30080241 1136
30080242 1136
30080242 1136
30080242 1136
30080243 1136
30080243 1136
30080243 1136
30080244 1136
30080244 1136
30080244 1136
30080245 1136
30080245 1136
30080245 1136
30080246 1136
30080246 1136
30080246 1136
30080247 1136
30080247 1136
30080247 1136
30080248 1136
30080248 1136
30080248 1136
30080249 1136
30080249 1136
30080249 1136
30080250 1138
30080250 1138
30080250 1138
30080250 1138
30080251 1138
30080251 1138
30080251 1138
30080252 1138
30080252 1138
30080252 1138
30080253 1138
30080253 1138
30080253 1138
30080254 1138
30080254 1138
30080254 1138
30080255 1138
30080255 1138
30080255 1138
30080256 1138
30080256 1138
30080256 1138
30080257 1138
30080257 1138
30080257 1138
30080258 1138
30080258 1138
30080258 1138
30080259 1138
30080259 1138
30080259 1138
30080300 1138
30080300 1138
30080300 1138
30080301 1138
30080301 1138
30080301 1138
30080302 1138
30080302 1138
30080302 1138
30080303 1140
30080303 1140
30080303 1140
30080304 1140
30080304 1140
30080304 1140
30080305 1140
30080305 1140
30080305 1140
30080306 1140
30080306 1140
30080306 1140
30080307 1140
30080307 1140
30080307 1140
30080308 1140
30080308 1140
30080308 1140
30080309 1140
30080309 1140
30080309 1140
30080310 1140
30080310 1140
30080310 1140
30080311 1140
30080311 1140
30080311 1140
30080312 1140
30080312 1140
30080312 1140
30080313 1140
30080313 1140
30080313 1140
30080314 1140
30080314 1142
30080314 1142
30080315 1142
30080315 1142
30080315 1142
30080316 1142
30080316 1142
30080316 1142
30080317 1142
30080317 1142
30080317 1142
30080318 1142
30080318 1142
30080318 1142
30080318 1142
30080319 1142
30080319 1142
30080319 1142
30080320 1142
30080320 1142
30080320 1142
30080321 1142
30080321 1142
30080321 1142
30080322 1142
30080322 1142
30080322 1142
30080323 1142
30080323 1142
30080323 1142
30080324 1142
30080324 1142
30080324 1142
30080325 1142
30080325 1142
30080325 1142
30080326 1142
30080326 1142
30080326 1142
30080327 1142
30080327 1144
30080327 1144
30080328 1144
30080328 1144
30080328 1144
30080329 1144
30080329 1144
30080329 1144
30080330 1144
30080330 1144
30080330 1144
30080331 1144
30080331 1144
30080331 1144
30080332 1144
30080332 1144
30080332 1144
30080333 1144
30080333 1144
30080333 1144
30080334 1144
30080334 1144
30080334 1144
30080335 1144
30080335 1144
30080335 1144
30080336 1144
30080336 1144
30080336 1144
30080337 1144
30080337 1144
30080337 1144
30080338 1144
30080338 1144
30080338 1144
30080339 1144
30080339 1144
30080339 1144
30080340 1144
30080340 1144
30080340 1144
30080341 1144
30080341 1144
30080341 1144
30080342 1144
30080342 1144
30080342 1144
30080343 1144
30080343 1144
30080343 1144
30080344 1144
30080344 1144
30080344 1144
30080345 1146
30080345 1146
30080345 1146
30080346 1146
30080346 1146
30080346 1146
30080347 1146
30080347 1146
30080347 1146
30080348 1146
30080348 1146
30080348 1146
30080349 1146
30080349 1146
30080349 1146
30080350 1146
30080350 1146
30080350 1146
30080350 1146
30080351 1146
30080351 1146
30080351 1146
30080352 1146
30080352 1146
30080352 1146
30080353 1146
30080353 1146
30080353 1146
30080354 1146
30080354 1146
30080354 1148
30080355 1148
30080355 1148
30080355 1148
30080356 1148
30080356 1148
30080356 1148
30080357 1148
30080357 1148
30080357 1148
30080358 1148
30080358 1148
30080358 1148
30080359 1148
30080359 1148
30080359 1148
30080400 1148
30080400 1148
30080400 1148
30080401 1148
30080401 1148
30080401 1148
30080402 1148
30080402 1148
30080402 1148
30080403 1148
30080403 1148
30080403 1148
30080404 1148
30080404 1148
30080404 1148
30080405 1148
30080405 1148
30080405 1148
30080406 1148
30080406 1148
30080406 1148
30080407 1148
30080407 1148
30080407 1148
30080408 1148
30080408 1148
30080408 1148
30080409 1148
30080409 1148
30080409 1148
30080410 1148
30080410 1148
30080410 1148
30080411 1148
30080411 1148
30080411 1148
30080412 1148
30080412 1148
30080412 1148
30080413 1148
30080413 1148
30080413 1148
30080414 1148
30080414 1148
30080414 1148
30080415 1148
30080415 1148
30080415 1148
30080416 1148
30080416 1148
30080416 1148
30080417 1148
30080417 1148
30080417 1148
30080418 1148
30080418 1148
30080418 1148
30080419 1148
30080419 1148
30080419 1148
30080420 1148
30080420 1148
30080420 1148
30080421 1148
30080421 1148
30080421 1150
30080422 1150
30080422 1150
30080422 1150
30080422 1150
30080423 1150
30080423 1150
30080423 1150
30080424 1150
30080424 1150
30080424 1150
30080425 1150
30080425 1150
30080425 1150
30080426 1150
30080426 1150
30080426 1150
30080427 1150
30080427 1150
30080427 1150
30080428 1150
30080428 1150
30080428 1150
30080429 1150
30080429 1150
30080429 1150
30080430 1150
30080430 1150
30080430 1150
30080431 1150
30080431 1150
30080431 1150
30080432 1150
30080432 1150
30080432 1150
30080433 1150
30080433 1150
30080433 1150
30080434 1150
30080434 1150
30080434 1150
30080435 1150
30080435 1150
30080435 1150
30080436 1150
30080436 1150
30080436 1150
30080437 1152
30080437 1152
30080437 1152
30080438 1152
30080438 1152
30080438 1152
30080439 1152
30080439 1152
30080439 1152
30080440 1152
30080440 1152
30080440 1152
30080441 1152
30080441 1152
30080441 1152
30080442 1152
30080442 1152
30080442 1152
30080443 1152
30080443 1152
30080443 1152
30080444 1152
30080444 1152
30080444 1152
30080445 1152
30080445 1152
30080445 1152
30080446 1152
30080446 1152
30080446 1152
30080447 1152
30080447 1152
30080447 1152
30080448 1152
30080448 1152
30080448 1152
30080449 1152
30080449 1152
30080449 1152
30080450 1152
30080450 1152
30080450 1152
30080451 1152
30080451 1152
30080451 1152
30080452 1152
30080452 1152
30080452 1152
30080453 1152
30080453 1152
30080453 1152
30080453 1152
30080454 1152
30080454 1154
30080454 1154
30080455 1154
30080455 1154
30080455 1154
30080456 1154
30080456 1154
30080456 1154
30080457 1154
30080457 1154
30080457 1154
30080458 1154
30080458 1154
30080458 1154
30080459 1154
30080459 1154
30080459 1154
30080500 1154
30080500 1154
30080500 1154
30080501 1154
30080501 1154
30080501 1154
30080502 1154
30080502 1154
30080502 1154
30080503 1154
30080503 1154
30080503 1154
30080504 1154
30080504 1154
30080504 1154
30080505 1154
30080505 1154
30080505 1154
30080506 1154
30080506 1154
30080506 1154
30080507 1154
30080507 1154
30080507 1154
30080508 1154
30080508 1154
30080508 1154
30080509 1154
30080509 1154
30080509 1154
30080510 1154
30080510 1154
30080510 1154
30080511 1154
30080511 1154
30080511 1154
30080512 1154
30080512 1154
30080512 1154
30080513 1154
30080513 1154
30080513 1156
30080514 1156
30080514 1156
30080514 1156
30080515 1156
30080515 1156
30080515 1156
30080516 1156
30080516 1156
30080516 1156
30080517 1156
30080517 1156
30080517 1156
30080518 1156
30080518 1156
30080518 1156
30080519 1156
30080519 1156
30080519 1156
30080520 1156
30080520 1156
30080520 1156
30080521 1156
30080521 1156
30080521 1156
30080522 1156
30080522 1156
30080522 1156
30080522 1156
30080523 1156
30080523 1156
30080523 1156
30080524 1156
30080524 1156
30080524 1156
30080525 1156
30080525 1156
30080525 1156
30080526 1156
30080526 1156
30080526 1156
30080527 1156
30080527 1156
30080527 1156
30080528 1156
30080528 1156
30080528 1156
30080529 1156
30080529 1156
30080529 1156
30080530 1156
30080530 1156
30080530 1156
30080531 1156
30080531 1156
30080531 1156
30080532 1156
30080532 1156
30080532 1156
30080533 1156
30080533 1156
30080533 1156
30080534 1156
30080534 1156
30080534 1156
30080535 1156
30080535 1156
30080535 1158
30080536 1158
30080536 1158
30080536 1158
30080537 1158
30080537 1158
30080537 1158
30080538 1158
30080538 1158
30080538 1158
30080539 1158
30080539 1158
30080539 1158
30080540 1158
30080540 1158
30080540 1158
30080541 1158
30080541 1158
30080541 1158
30080542 1158
30080542 1158
30080542 1158
30080543 1158
30080543 1158
30080543 1158
30080544 1158
30080544 1158
30080544 1158
30080545 1158
30080545 1158
30080545 1158
30080546 1158
30080546 1158
30080546 1158
30080547 1158
30080547 1158
30080547 1158
30080548 1158
30080548 1158
30080548 1158
30080549 1158
30080549 1158
30080549 1158
30080550 1158
30080550 1158
30080550 1158
30080551 1158
30080551 1158
30080551 1158
30080551 1158
30080552 1158
30080552 1158
30080552 1158
30080553 1158
30080553 1158
30080553 1158
30080554 1158
30080554 1158
30080554 1158
30080555 1158
30080555 1158
30080555 1158
30080556 1158
30080556 1158
30080556 1158
30080557 1158
30080557 1158
30080557 1158
30080558 1158
30080558 1158
30080558 1158
30080559 1158
30080559 1158
30080559 1158
30080600 1158
30080600 1158
30080600 1158
30080601 1158
30080601 1158
30080601 1158
30080602 1158
30080602 1158
30080602 1158
30080603 1158
30080603 1158
30080603 1158
30080604 1158
30080604 1158
30080604 1158
30080605 1158
30080605 1158
30080605 1158
30080606 1158
30080606 1158
30080606 1158
30080607 1158
30080607 1158
30080607 1158
30080608 1158
30080608 1158
30080608 1158
30080609 1158
30080609 1158
30080609 1158
30080610 1158
30080610 1158
30080610 1158
30080611 1158
30080611 1158
30080611 1158
30080612 1158
30080612 1158
30080612 1158
30080613 1158
30080613 1158
30080613 1158
30080614 1158
30080614 1158
30080614 1158
30080615 1158
30080615 1158
30080615 1158
30080616 1158
30080616 1158
30080616 1158
30080617 1158
30080617 1158
30080617 1158
30080618 1158
30080618 1158
30080618 1158
30080619 1158
30080619 1158
30080619 1158
30080620 1158
30080620 1158
30080620 1158
30080620 1158
30080621 1158
30080621 1158
30080621 1158
30080622 1158
30080622 1160
30080622 1160
30080623 1160
30080623 1160
30080623 1160
30080624 1160
30080624 1160
30080624 1160
30080625 1160
30080625 1160
30080625 1160
30080626 1160
30080626 1160
30080626 1160
30080627 1160
30080627 1160
30080627 1160
30080628 1160
30080628 1160
30080628 1160
30080629 1160
30080629 1160
30080629 1160
30080630 1160
30080630 1160
30080630 1160
30080631 1160
30080631 1160
30080631 1160
30080632 1160
30080632 1160
30080632 1160
30080633 1160
30080633 1160
30080633 1160
30080634 1160
30080634 1160
30080634 1160
30080635 1160
30080635 1160
30080635 1160
30080636 1160
30080636 1160
30080636 1160
30080637 1160
30080637 1160
30080637 1160
30080638 1160
30080638 1160
30080638 1160
30080639 1160
30080639 1160
30080639 1160
30080640 1160
30080640 1160
30080640 1160
30080641 1160
30080641 1160
30080641 1160
30080642 1160
30080642 1160
30080642 1160
30080643 1160
30080643 1160
30080643 1160
30080644 1160
30080644 1160
30080644 1160
30080645 1160
30080645 1160
30080645 1160
30080646 1160
30080646 1160
30080646 1160
30080647 1160
30080647 1160
30080647 1160
30080648 1160
30080648 1160
30080648 1160
30080648 1160
30080649 1160
30080649 1160
30080649 1160
30080650 1160
30080650 1160
30080650 1160
30080651 1160
30080651 1160
30080651 1162
30080652 1162
30080652 1162
30080652 1162
30080653 1162
30080653 1162
30080653 1162
30080654 1162
30080654 1162
30080654 1162
30080655 1162
30080655 1162
30080655 1162
30080656 1162
30080656 1162
30080656 1162
30080657 1162
30080657 1162
30080657 1162
30080658 1162
30080658 1162
30080658 1162
30080659 1162
30080659 1162
30080659 1162
30080700 1162
30080700 1162
30080700 1162
30080701 1162
30080701 1162
30080701 1162
30080702 1162
30080702 1162
30080702 1162
30080703 1162
30080703 1162
30080703 1162
30080704 1162
30080704 1162
30080704 1162
30080705 1162
30080705 1162
30080705 1162
30080706 1162
30080706 1162
30080706 1162
30080707 1162
30080707 1162
30080707 1162
30080708 1162
30080708 1162
30080708 1162
30080709 1162
30080709 1162
30080709 1162
30080710 1162
30080710 1162
30080710 1162
30080711 1162
30080711 1162
30080711 1162
30080712 1162
30080712 1162
30080712 1162
30080713 1162
30080713 1162
30080713 1162
30080714 1162
30080714 1162
30080714 1162
30080715 1162
30080715 1162
30080715 1162
30080716 1162
30080716 1162
30080716 1162
30080717 1162
30080717 1162
30080717 1162
30080718 1162
30080718 1162
30080718 1162
30080719 1162
30080719 1162
30080719 1162
30080719 1162
30080720 1162
30080720 1162
30080720 1162
30080721 1162
30080721 1162
30080721 1162
30080722 1162
30080722 1162
30080722 1162
30080723 1162
30080723 1162
30080723 1164
30080724 1164
30080724 1164
30080724 1164
30080725 1164
30080725 1164
30080725 1164
30080726 1164
30080726 1164
30080726 1164
30080727 1164
30080727 1164
30080727 1164
30080728 1164
30080728 1164
30080728 1164
30080729 1164
30080729 1164
30080729 1164
30080730 1164
30080730 1164
30080730 1164
30080731 1164
30080731 1164
30080731 1164
30080732 1164
30080732 1164
30080732 1164
30080733 1164
30080733 1164
30080733 1164
30080734 1164
30080734 1164
30080734 1164
30080735 1164
30080735 1164
30080735 1164
30080736 1164
30080736 1164
30080736 1164
30080737 1164
30080737 1164
30080737 1164
30080738 1164
30080738 1164
30080738 1164
30080739 1164
30080739 1164
30080739 1164
30080740 1164
30080740 1164
30080740 1164
30080741 1164
30080741 1164
30080741 1164
30080742 1164
30080742 1164
30080742 1164
30080743 1164
30080743 1164
30080743 1164
30080744 1164
30080744 1164
30080744 1164
30080745 1164
30080745 1164
30080745 1164
30080746 1164
30080746 1164
30080746 1164
30080747 1164
30080747 1164
30080747 1164
30080748 1164
30080748 1164
30080748 1164
30080749 1164
30080749 1164
30080749 1164
30080750 1164
30080750 1164
30080750 1164
30080750 1164
30080751 1164
30080751 1164
30080751 1164
30080752 1164
30080752 1164
30080752 1164
30080753 1164
30080753 1164
30080753 1164
30080754 1164
30080754 1164
30080754 1164
30080755 1164
30080755 1164
30080755 1164
30080756 1164
30080756 1164
30080756 1164
30080757 1164
30080757 1164
30080757 1164
30080758 1164
30080758 1164
30080758 1164
30080759 1164
30080759 1164
30080759 1166
30080800 1166
30080800 1166
30080800 1166
30080801 1166
30080801 1166
30080801 1166
30080802 1166
30080802 1166
30080802 1166
30080803 1166
30080803 1166
30080803 1166
30080804 1166
30080804 1166
30080804 1166
30080805 1166
30080805 1166
30080805 1166
30080806 1166
30080806 1166
30080806 1166
30080807 1166
30080807 1166
30080807 1166
30080808 1166
30080808 1166
30080808 1166
30080809 1166
30080809 1166
30080809 1166
30080810 1166
30080810 1166
30080810 1166
30080811 1166
30080811 1166
30080811 1166
30080812 1166
30080812 1166
30080812 1166
30080813 1166
30080813 1166
30080813 1166
30080814 1166
30080814 1166
30080814 1166
30080815 1166
30080815 1166
30080815 1166
30080816 1166
30080816 1166
30080816 1166
30080817 1166
30080817 1166
30080817 1166
30080818 1166
30080818 1166
30080818 1166
30080819 1166
30080819 1166
30080819 1166
30080820 1166
30080820 1166
30080820 1166
30080820 1166
30080821 1166
30080821 1166
30080821 1166
30080822 1166
30080822 1166
30080822 1166
30080823 1166
30080823 1166
30080823 1166
30080824 1166
30080824 1166
30080824 1166
30080825 1166
30080825 1166
30080825 1166
30080826 1166
30080826 1166
30080826 1166
30080827 1166
30080827 1166
30080827 1166
30080828 1166
30080828 1166
30080828 1166
30080829 1166
30080829 1166
30080829 1166
30080830 1166
30080830 1166
30080830 1166
30080831 1166
30080831 1166
30080831 1166
30080832 1166
30080832 1166
30080832 1166
30080833 1166
30080833 1166
30080833 1166
30080834 1166
30080834 1166
30080834 1166
30080835 1166
30080835 1166
30080835 1166
30080836 1166
30080836 1166
30080836 1166
30080837 1166
30080837 1166
30080837 1166
30080838 1166
30080838 1166
30080838 1166
30080839 1166
30080839 1166
30080839 1120
30080840 1168
30080840 1168
30080840 1168
30080841 1168
30080841 1168
30080841 1168
30080842 1168
30080842 1168
30080842 1168
30080843 1168
30080843 1168
30080843 1168
30080844 1168
30080844 1168
30080844 1168
30080845 1168
30080845 1168
30080845 1168
30080846 1168
30080846 1168
30080846 1168
30080847 1168
30080847 1168
30080847 1168
30080848 1168
30080848 1168
30080848 1168
30080849 1168
30080849 1168
30080849 1168
30080850 1168
30080850 1168
30080850 1168
30080851 1168
30080851 1168
30080851 1168
30080852 1168
30080852 1168
30080852 1168
30080852 1168
30080853 1168
30080853 1168
30080853 1168
30080854 1168
30080854 1168
30080854 1168
30080855 1168
30080855 1168
30080855 1168
30080856 1168
30080856 1168
30080856 1168
30080857 1168
30080857 1168
30080857 1168
30080858 1168
30080858 1168
30080858 1168
30080859 1168
30080859 1168
30080859 1168
30080900 1168
30080900 1168
30080900 1168
30080901 1168
30080901 1168
30080901 1168
30080902 1168
30080902 1168
30080902 1168
30080903 1168
30080903 1168
30080903 1168
30080904 1168
30080904 1168
30080904 1168
30080905 1168
30080905 1168
30080905 1168
30080906 1168
30080906 1168
30080906 1168
30080907 1168
30080907 1168
30080907 1168
30080908 1168
30080908 1168
30080908 1168
30080909 1168
30080909 1168
30080909 1168
30080910 1168
30080910 1168
30080910 1168
30080911 1168
30080911 1168
30080911 1168
30080912 1168
30080912 1168
30080912 1168
30080913 1168
30080913 1168
30080913 1168
30080914 1168
30080914 1168
30080914 1168
30080915 1168
30080915 1168
30080915 1168
30080916 1168
30080916 1168
30080916 1168
30080917 1168
30080917 1168
30080917 1168
30080918 1168
30080918 1168
30080918 1168
30080919 1168
30080919 1168
30080919 1168
30080920 1168
30080920 1168
30080920 1168
30080921 1168
30080921 1168
30080921 1168
30080922 1168
30080922 1168
30080922 1170
30080923 1170
30080923 1170
30080923 1170
30080924 1170
30080924 1170
30080924 1170
30080924 1170
30080925 1170
30080925 1170
30080925 1170
30080926 1170
30080926 1170
30080926 1170
30080927 1170
30080927 1170
30080927 1170
30080928 1170
30080928 1170
30080928 1170
30080929 1170
30080929 1170
30080929 1170
30080930 1170
30080930 1170
30080930 1170
30080931 1170
30080931 1170
30080931 1170
30080932 1170
30080932 1170
30080932 1170
30080933 1170
30080933 1170
30080933 1170
30080934 1170
30080934 1170
30080934 1170
30080935 1170
30080935 1170
30080935 1170
30080936 1170
30080936 1170
30080936 1170
30080937 1170
30080937 1170
30080937 1170
30080938 1170
30080938 1170
30080938 1170
30080939 1170
30080939 1170
30080939 1170
30080940 1170
30080940 1170
30080940 1170
30080941 1170
30080941 1170
30080941 1170
30080942 1170
30080942 1170
30080942 1170
30080943 1170
30080943 1170
30080943 1170
30080944 1170
30080944 1170
30080944 1170
30080945 1170
30080945 1170
30080945 1170
30080946 1170
30080946 1170
30080946 1170
30080947 1170
30080947 1170
30080947 1170
30080948 1170
30080948 1170
30080948 1170
30080949 1170
30080949 1170
30080949 1170
30080950 1170
30080950 1170
30080950 1170
30080951 1170
30080951 1170
30080951 1170
30080952 1170
30080952 1170
30080952 1170
30080953 1170
30080953 1170
30080953 1170
30080954 1170
30080954 1170
30080954 1170
30080955 1170
30080955 1170
30080955 1170
30080955 1170
30080956 1170
30080956 1170
30080956 1170
30080957 1170
30080957 1170
30080957 1170
30080958 1170
30080958 1170
30080958 1170
30080959 1170
30080959 1170
30080959 1170
30081000 1170
30081000 1170
30081000 1170
30081001 1170
30081001 1170
30081001 1170
30081002 1170
30081002 1170
30081002 1170
30081003 1170
30081003 1170
30081003 1170
30081004 1170
30081004 1170
30081004 1170
30081005 1170
30081005 1170
30081005 1170
30081006 1170
30081006 1170
30081006 1170
30081007 1170
30081007 1170
30081007 1170
30081008 1170
30081008 1170
30081008 1170
30081009 1170
30081009 1170
30081009 1170
30081010 1170
30081010 1170
30081010 1170
30081011 1170
30081011 1170
30081011 1174
30081012 1174
30081012 1174
30081012 1174
30081013 1174
30081013 1174
30081013 1174
30081014 1174
30081014 1174
30081014 1174
30081015 1174
30081015 1174
30081015 1174
30081016 1174
30081016 1174
30081016 1174
30081017 1174
30081017 1174
30081017 1174
30081018 1174
30081018 1174
30081018 1174
30081019 1174
30081019 1174
30081019 1174
30081020 1174
30081020 1174
30081020 1174
30081021 1174
30081021 1174
30081021 1174
30081022 1174
30081022 1174
30081022 1174
30081023 1174
30081023 1174
30081023 1174
30081024 1174
30081024 1174
30081024 1174
30081025 1174
30081025 1174
30081025 1174
30081025 1174
30081026 1174
30081026 1174
30081026 1174
30081027 1174
30081027 1174
30081027 1174
30081028 1174
30081028 1174
30081028 1174
30081029 1174
30081029 1174
30081029 1174
30081030 1174
30081030 1174
30081030 1174
30081031 1174
30081031 1174
30081031 1174
30081032 1174
30081032 1174
30081032 1174
30081033 1174
30081033 1174
30081033 1174
30081034 1174
30081034 1174
30081034 1174
30081035 1174
30081035 1174
30081035 1174
30081036 1174
30081036 1174
30081036 1174
30081037 1174
30081037 1174
30081037 1174
30081038 1174
30081038 1174
30081038 1174
30081039 1174
30081039 1174
30081039 1174
30081040 1174
30081040 1174
30081040 1174
30081041 1174
30081041 1174
30081041 1174
30081042 1174
30081042 1174
30081042 1174
30081043 1174
30081043 1174
30081043 1174
30081044 1174
30081044 1174
30081044 1174
30081045 1174
30081045 1174
30081045 1174
30081046 1174
30081046 1174
30081046 1174
30081047 1174
30081047 1174
30081047 1174
30081048 1174
30081048 1174
30081048 1174
30081049 1174
30081049 1174
30081049 1174
30081050 1174
30081050 1174
30081050 1174
30081051 1174
30081051 1174
30081051 1174
30081052 1174
30081052 1174
30081052 1174
30081053 1174
30081053 1174
30081053 1174
30081053 1174
30081054 1174
30081054 1174
30081054 1174
30081055 1174
30081055 1174
30081055 1174
30081056 1174
30081056 1174
30081056 1174
30081057 1174
30081057 1174
30081057 1174
30081058 1174
30081058 1174
30081058 1174
30081059 1174
30081059 1174
30081059 1174
30081100 1174
30081100 1174
30081100 1174
30081101 1174
30081101 1174
30081101 1174
30081102 1174
30081102 1174
30081102 1174
30081103 1174
30081103 1174
30081103 1174
30081104 1174
30081104 1174
30081104 1174
30081105 1174
30081105 1174
30081105 1174
30081106 1174
30081106 1174
30081106 1174
30081107 1174
30081107 1174
30081107 1174
30081108 1174
30081108 1174
30081108 1176
30081109 1176
30081109 1176
30081109 1176
30081110 1176
30081110 1176
30081110 1176
30081111 1176
30081111 1176
30081111 1176
30081112 1176
30081112 1176
30081112 1176
30081113 1176
30081113 1176
30081113 1176
30081114 1176
30081114 1176
30081114 1176
30081115 1176
30081115 1176
30081115 1176
30081116 1176
30081116 1176
30081116 1176
30081117 1176
30081117 1176
30081117 1176
30081118 1176
30081118 1176
30081118 1176
30081119 1176
30081119 1176
30081119 1176
30081120 1176
30081120 1176
30081120 1176
30081121 1176
30081121 1176
30081121 1176
30081122 1176
30081122 1176
30081122 1176
30081122 1176
30081123 1176
30081123 1176
30081123 1176
30081124 1176
30081124 1176
30081124 1176
30081125 1176
30081125 1176
30081125 1176
30081126 1176
30081126 1176
30081126 1176
30081127 1176
30081127 1176
30081127 1176
30081128 1176
30081128 1176
30081128 1176
30081129 1176
30081129 1176
30081129 1176
30081130 1176
30081130 1176
30081130 1176
30081131 1176
30081131 1176
30081131 1176
30081132 1176
30081132 1176
30081132 1176
30081133 1176
30081133 1176
30081133 1176
30081134 1176
30081134 1176
30081134 1176
30081135 1176
30081135 1176
30081135 1176
30081136 1176
30081136 1176
30081136 1176
30081137 1176
30081137 1176
30081137 1176
30081138 1176
30081138 1176
30081138 1176
30081139 1176
30081139 1176
30081139 1176
30081140 1176
30081140 1176
30081140 1176
30081141 1176
30081141 1176
30081141 1176
30081142 1176
30081142 1176
30081142 1176
30081143 1176
30081143 1176
30081143 1176
30081144 1176
30081144 1176
30081144 1176
30081145 1176
30081145 1176
30081145 1176
30081146 1176
30081146 1176
30081146 1176
30081147 1176
30081147 1176
30081147 1176
30081148 1176
30081148 1176
30081148 1176
30081149 1176
30081149 1176
30081149 1176
30081149 1176
30081150 1176
30081150 1176
30081150 1176
30081151 1176
30081151 1176
30081151 1176
30081152 1176
30081152 1176
30081152 1176
30081153 1176
30081153 1176
30081153 1176
30081154 1176
30081154 1176
30081154 1176
30081155 1176
30081155 1176
30081155 1176
30081156 1176
30081156 1176
30081156 1176
30081157 1176
30081157 1176
30081157 1176
30081158 1176
30081158 1176
30081158 1176
30081159 1176
30081159 1176
30081159 1176
30081200 1176
30081200 1176
30081200 1176
30081201 1176
30081201 1176
30081201 1176
30081202 1176
30081202 1176
30081202 1176
30081203 1176
30081203 1176
30081203 1176
30081204 1176
30081204 1176
30081204 1176
30081205 1176
30081205 1176
30081205 1176
30081206 1176
30081206 1176
30081206 1176
30081207 1176
30081207 1176
30081207 1176
30081208 1176
30081208 1176
30081208 1176
30081209 1176
30081209 1176
30081209 1176
30081210 1176
30081210 1176
30081210 1176
30081211 1176
30081211 1176
30081211 1176
30081212 1176
30081212 1176
30081212 1178
30081213 1178
30081213 1178
30081213 1178
30081214 1178
30081214 1178
30081214 1178
30081215 1178
30081215 1178
30081215 1178
30081216 1178
30081216 1178
30081216 1178
30081217 1178
30081217 1178
30081217 1178
30081218 1178
30081218 1178
30081218 1178
30081218 1178
30081219 1178
30081219 1178
30081219 1178
30081220 1178
30081220 1178
30081220 1178
30081221 1178
30081221 1178
30081221 1178
30081222 1178
30081222 1178
30081222 1178
30081223 1178
30081223 1178
30081223 1178
30081224 1178
30081224 1178
30081224 1178
30081225 1178
30081225 1178
30081225 1178
30081226 1178
30081226 1178
30081226 1178
30081227 1178
30081227 1178
30081227 1178
30081228 1178
30081228 1178
30081228 1178
30081229 1178
30081229 1178
30081229 1178
30081230 1178
30081230 1178
30081230 1178
30081231 1178
30081231 1178
30081231 1178
30081232 1178
30081232 1178
30081232 1178
30081233 1178
30081233 1178
30081233 1178
30081234 1178
30081234 1178
30081234 1178
30081235 1178
30081235 1178
30081235 1178
30081236 1178
30081236 1178
30081236 1178
30081237 1178
30081237 1178
30081237 1178
30081238 1178
30081238 1178
30081238 1178
30081239 1178
30081239 1178
30081239 1178
30081240 1178
30081240 1178
30081240 1178
30081241 1178
30081241 1178
30081241 1178
30081242 1178
30081242 1178
30081242 1178
30081243 1178
30081243 1178
30081243 1178
30081244 1178
30081244 1178
30081244 1178
30081245 1178
30081245 1178
30081245 1178
30081246 1178
30081246 1178
30081246 1178
30081247 1178
30081247 1178
30081247 1178
30081247 1178
30081248 1178
30081248 1178
30081248 1178
30081249 1178
30081249 1178
30081249 1178
30081250 1178
30081250 1178
30081250 1178
30081251 1178
30081251 1178
30081251 1178
30081252 1178
30081252 1178
30081252 1178
30081253 1178
30081253 1178
30081253 1178
30081254 1178
30081254 1178
30081254 1178
30081255 1178
30081255 1178
30081255 1178
30081256 1178
30081256 1178
30081256 1178
30081257 1178
30081257 1178
30081257 1178
30081258 1178
30081258 1178
30081258 1178
30081259 1178
30081259 1178
30081259 1178
30081300 1178
30081300 1178
30081300 1178
30081301 1178
30081301 1178
30081301 1178
30081302 1178
30081302 1178
30081302 1178
30081303 1178
30081303 1178
30081303 1178
30081304 1178
30081304 1178
30081304 1178
30081305 1178
30081305 1178
30081305 1178
30081306 1178
30081306 1178
30081306 1178
30081307 1178
30081307 1178
30081307 1178
30081308 1178
30081308 1178
30081308 1178
30081309 1178
30081309 1178
30081309 1178
30081310 1178
30081310 1178
30081310 1178
30081311 1178
30081311 1178
30081311 1178
30081312 1178
30081312 1178
30081312 1178
30081313 1178
30081313 1178
30081313 1178
30081314 1178
30081314 1178
30081314 1178
30081315 1178
30081315 1178
30081315 1178
30081316 1178
30081316 1178
30081316 1178
30081317 1178
30081317 1178
30081317 1178
30081318 1178
30081318 1178
30081318 1178
30081318 1178
30081319 1178
30081319 1178
30081319 1178
30081320 1178
30081320 1178
30081320 1178
30081321 1178
30081321 1178
30081321 1178
30081322 1178
30081322 1178
30081322 1178
30081323 1178
30081323 1178
30081323 1178
30081324 1178
30081324 1178
30081324 1178
30081325 1178
30081325 1178
30081325 1182
30081326 1182
30081326 1182
30081326 1182
30081327 1182
30081327 1182
30081327 1182
30081328 1182
30081328 1182
30081328 1182
30081329 1182
30081329 1182
30081329 1182
30081330 1182
30081330 1182
30081330 1182
30081331 1182
30081331 1182
30081331 1182
30081332 1182
30081332 1182
30081332 1182
30081333 1182
30081333 1182
30081333 1182
30081334 1182
30081334 1182
30081334 1182
30081335 1182
30081335 1182
30081335 1182
30081336 1182
30081336 1182
30081336 1182
30081337 1182
30081337 1182
30081337 1182
30081338 1182
30081338 1182
30081338 1182
30081339 1182
30081339 1182
30081339 1182
30081340 1182
30081340 1182
30081340 1182
30081341 1182
30081341 1182
30081341 1182
30081342 1182
30081342 1182
30081342 1182
30081343 1182
30081343 1182
30081343 1182
30081344 1182
30081344 1182
30081344 1182
30081345 1182
30081345 1182
30081345 1182
30081346 1182
30081346 1182
30081346 1182
30081347 1182
30081347 1182
30081347 1182
30081347 1182
30081348 1182
30081348 1182
30081348 1182
30081349 1182
30081349 1182
30081349 1182
30081350 1182
30081350 1182
30081350 1182
30081351 1182
30081351 1182
30081351 1182
30081352 1182
30081352 1182
30081352 1182
30081353 1182
30081353 1182
30081353 1182
30081354 1182
30081354 1182
30081354 1182
30081355 1182
30081355 1182
30081355 1182
30081356 1182
30081356 1182
30081356 1182
30081357 1182
30081357 1182
30081357 1182
30081358 1182
30081358 1182
30081358 1182
30081359 1182
30081359 1182
30081359 1182
30081400 1182
30081400 1182
30081400 1182
30081401 1182
30081401 1182
30081401 1182
30081402 1182
30081402 1182
30081402 1182
30081403 1182
30081403 1182
30081403 1182
30081404 1182
30081404 1182
30081404 1182
30081405 1182
30081405 1182
30081405 1182
30081406 1182
30081406 1182
30081406 1182
30081407 1182
30081407 1182
30081407 1182
30081408 1182
30081408 1182
30081408 1182
30081409 1182
30081409 1182
30081409 1182
30081410 1182
30081410 1182
30081410 1182
30081411 1182
30081411 1182
30081411 1182
30081412 1182
30081412 1182
30081412 1182
30081413 1182
30081413 1182
30081413 1182
30081414 1182
30081414 1182
30081414 1182
30081415 1182
30081415 1182
30081415 1182
30081415 1182
30081416 1182
30081416 1182
30081416 1182
30081417 1182
30081417 1182
30081417 1182
30081418 1182
30081418 1182
30081418 1182
30081419 1182
30081419 1182
30081419 1182
30081420 1182
30081420 1182
30081420 1182
30081421 1182
30081421 1182
30081421 1182
30081422 1182
30081422 1182
30081422 1182
30081423 1182
30081423 1182
30081423 1182
30081424 1182
30081424 1182
30081424 1182
30081425 1182
30081425 1182
30081425 1182
30081426 1182
30081426 1182
30081426 1182
30081427 1182
30081427 1182
30081427 1182
30081428 1182
30081428 1182
30081428 1182
30081429 1182
30081429 1182
30081429 1182
30081430 1182
30081430 1182
30081430 1182
30081431 1182
30081431 1182
30081431 1182
30081432 1182
30081432 1182
30081432 1182
30081433 1182
30081433 1182
30081433 1182
30081434 1182
30081434 1182
30081434 1182
30081435 1182
30081435 1182
30081435 1182
30081436 1182
30081436 1182
30081436 1182
30081437 1182
30081437 1182
30081437 1182
30081438 1182
30081438 1182
30081438 1182
30081439 1182
30081439 1182
30081439 1182
30081440 1182
30081440 1182
30081440 1182
30081441 1182
30081441 1182
30081441 1182
30081442 1182
30081442 1182
30081442 1182
30081443 1182
30081443 1182
30081443 1182
30081443 1182
30081444 1182
30081444 1182
30081444 1182
30081445 1182
30081445 1182
30081445 1182
30081446 1182
30081446 1182
30081446 1182
30081447 1182
30081447 1184
30081447 1184
30081448 1184
30081448 1184
30081448 1184
30081449 1184
30081449 1184
30081449 1184
30081450 1184
30081450 1184
30081450 1184
30081451 1184
30081451 1184
30081451 1184
30081452 1184
30081452 1184
30081452 1184
30081453 1184
30081453 1184
30081453 1184
30081454 1184
30081454 1184
30081454 1184
30081455 1184
30081455 1184
30081455 1184
30081456 1184
30081456 1184
30081456 1184
30081457 1184
30081457 1184
30081457 1184
30081458 1184
30081458 1184
30081458 1184
30081459 1184
30081459 1184
30081459 1184
30081500 1184
30081500 1184
30081500 1184
30081501 1184
30081501 1184
30081501 1184
30081502 1184
30081502 1184
30081502 1184
30081503 1184
30081503 1184
30081503 1184
30081504 1184
30081504 1184
30081504 1184
30081505 1184
30081505 1184
30081505 1184
30081506 1184
30081506 1184
30081506 1184
30081507 1184
30081507 1184
30081507 1184
30081508 1184
30081508 1184
30081508 1184
30081509 1184
30081509 1184
30081509 1184
30081510 1184
30081510 1184
30081510 1184
30081511 1184
30081511 1184
30081511 1184
30081512 1184
30081512 1184
30081512 1184
30081513 1184
30081513 1184
30081513 1184
30081513 1184
30081514 1184
30081514 1184
30081514 1184
30081515 1184
30081515 1184
30081515 1184
30081516 1184
30081516 1184
30081516 1184
30081517 1184
30081517 1184
30081517 1184
30081518 1184
30081518 1184
30081518 1184
30081519 1184
30081519 1184
30081519 1184
30081520 1184
30081520 1184
30081520 1184
30081521 1184
30081521 1184
30081521 1184
30081522 1184
30081522 1184
30081522 1184
30081523 1184
30081523 1184
30081523 1184
30081524 1184
30081524 1184
30081524 1184
30081525 1184
30081525 1184
30081525 1184
30081526 1184
30081526 1184
30081526 1184
30081527 1184
30081527 1184
30081527 1184
30081528 1184
30081528 1184
30081528 1184
30081529 1184
30081529 1184
30081529 1184
30081530 1184
30081530 1184
30081530 1184
30081531 1184
30081531 1184
30081531 1184
30081532 1184
30081532 1184
30081532 1184
30081533 1184
30081533 1184
30081533 1184
30081534 1184
30081534 1184
30081534 1184
30081535 1184
30081535 1184
30081535 1184
30081536 1184
30081536 1184
30081536 1184
30081537 1184
30081537 1184
30081537 1184
30081538 1184
30081538 1184
30081538 1184
30081539 1184
30081539 1184
30081539 1184
30081540 1184
30081540 1184
30081540 1184
30081541 1184
30081541 1184
30081541 1184
30081542 1184
30081542 1184
30081542 1184
30081543 1184
30081543 1184
30081543 1184
30081544 1184
30081544 1184
30081544 1184
30081545 1184
30081545 1184
30081545 1184
30081546 1184
30081546 1184
30081546 1184
30081546 1184
30081547 1184
30081547 1184
30081547 1184
30081548 1184
30081548 1184
30081548 1184
30081549 1184
30081549 1184
30081549 1184
30081550 1184
30081550 1184
30081550 1184
30081551 1184
30081551 1184
30081551 1184
30081552 1184
30081552 1184
30081552 1184
30081553 1184
30081553 1184
30081553 1184
30081554 1184
30081554 1184
30081554 1184
30081555 1184
30081555 1184
30081555 1184
30081556 1184
30081556 1184
30081556 1184
30081557 1184
30081557 1184
30081557 1184
30081558 1184
30081558 1184
30081558 1184
30081559 1184
30081559 1184
30081559 1184
30081600 1184
30081600 1184
30081600 1184
30081601 1184
30081601 1184
30081601 1184
30081602 1184
30081602 1184
30081602 1184
30081603 1184
30081603 1184
30081603 1184
30081604 1184
30081604 1184
30081604 1184
30081605 1184
30081605 1184
30081605 1184
30081606 1184
30081606 1184
30081606 1184
30081607 1184
30081607 1184
30081607 1184
30081608 1184
30081608 1184
30081608 1184
30081609 1184
30081609 1184
30081609 1184
30081610 1184
30081610 1184
30081610 1184
30081611 1184
30081611 1184
30081611 1184
30081612 1184
30081612 1184
30081612 1184
30081613 1184
30081613 1184
30081613 1184
30081614 1184
30081614 1184
30081614 1184
30081615 1184
30081615 1184
30081615 1184
30081616 1184
30081616 1184
30081616 1184
30081616 1184
30081617 1184
30081617 1184
30081617 1184
30081618 1184
30081618 1184
30081618 1184
30081619 1184
30081619 1184
30081619 1184
30081620 1184
30081620 1184
30081620 1184
30081621 1184
30081621 1184
30081621 1188
30081622 1188
30081622 1188
30081622 1188
30081623 1188
30081623 1188
30081623 1188
30081624 1188
30081624 1188
30081624 1188
30081625 1188
30081625 1188
30081625 1188
30081626 1188
30081626 1188
30081626 1188
30081627 1188
30081627 1188
30081627 1188
30081628 1188
30081628 1188
30081628 1188
30081629 1188
30081629 1188
30081629 1188
30081630 1188
30081630 1188
30081630 1188
30081631 1188
30081631 1188
30081631 1188
30081632 1188
30081632 1188
30081632 1188
30081633 1188
30081633 1188
30081633 1188
30081634 1188
30081634 1188
30081634 1188
30081635 1188
30081635 1188
30081635 1188
30081636 1188
30081636 1188
30081636 1188
30081637 1188
30081637 1188
30081637 1188
30081638 1188
30081638 1188
30081638 1188
30081639 1188
30081639 1188
30081639 1188
30081640 1188
30081640 1188
30081640 1188
30081641 1188
30081641 1188
30081641 1188
30081642 1188
30081642 1188
30081642 1188
30081643 1188
30081643 1188
30081643 1188
30081644 1188
30081644 1188
30081644 1188
30081645 1188
30081645 1188
30081645 1188
30081646 1188
30081646 1188
30081646 1188
30081647 1188
30081647 1188
30081647 1188
30081647 1188
30081648 1188
30081648 1188
30081648 1188
30081649 1188
30081649 1188
30081649 1188
30081650 1188
30081650 1188
30081650 1188
30081651 1188
30081651 1188
30081651 1188
30081652 1188
30081652 1188
30081652 1188
30081653 1188
30081653 1188
30081653 1188
30081654 1188
30081654 1188
30081654 1188
30081655 1188
30081655 1188
30081655 1188
30081656 1188
30081656 1188
30081656 1188
30081657 1188
30081657 1188
30081657 1188
30081658 1188
30081658 1188
30081658 1188
30081659 1188
30081659 1188
30081659 1188
30081700 1188
30081700 1188
30081700 1188
30081701 1188
30081701 1188
30081701 1188
30081702 1188
30081702 1188
30081702 1188
30081703 1188
30081703 1188
30081703 1188
30081704 1188
30081704 1188
30081704 1188
30081705 1188
30081705 1188
30081705 1188
30081706 1188
30081706 1188
30081706 1188
30081707 1188
30081707 1188
30081707 1188
30081708 1188
30081708 1188
30081708 1188
30081709 1188
30081709 1188
30081709 1188
30081710 1188
30081710 1188
30081710 1188
30081711 1188
30081711 1188
30081711 1188
30081712 1188
30081712 1188
30081712 1188
30081713 1188
30081713 1188
30081713 1188
30081714 1188
30081714 1188
30081714 1188
30081715 1188
30081715 1188
30081715 1188
30081716 1188
30081716 1188
30081716 1188
30081717 1188
30081717 1188
30081717 1188
30081717 1188
30081718 1188
30081718 1188
30081718 1188
30081719 1188
30081719 1188
30081719 1188
30081720 1188
30081720 1188
30081720 1188
30081721 1188
30081721 1188
30081721 1188
30081722 1188
30081722 1188
30081722 1188
30081723 1188
30081723 1188
30081723 1188
30081724 1188
30081724 1188
30081724 1188
30081725 1188
30081725 1188
30081725 1188
30081726 1188
30081726 1188
30081726 1188
30081727 1188
30081727 1188
30081727 1188
30081728 1188
30081728 1188
30081728 1188
30081729 1188
30081729 1188
30081729 1188
30081730 1188
30081730 1188
30081730 1188
30081731 1188
30081731 1188
30081731 1188
30081732 1188
30081732 1188
30081732 1188
30081733 1188
30081733 1188
30081733 1188
30081734 1188
30081734 1188
30081734 1188
30081735 1188
30081735 1188
30081735 1188
30081736 1188
30081736 1188
30081736 1188
30081737 1188
30081737 1188
30081737 1188
30081738 1188
30081738 1188
30081738 1188
30081739 1188
30081739 1188
30081739 1188
30081740 1188
30081740 1188
30081740 1188
30081741 1188
30081741 1188
30081741 1188
30081742 1188
30081742 1188
30081742 1188
30081743 1188
30081743 1188
30081743 1188
30081744 1188
30081744 1188
30081744 1188
30081745 1188
30081745 1188
30081745 1188
30081746 1188
30081746 1188
30081746 1188
30081747 1188
30081747 1188
30081747 1188
30081748 1188
30081748 1188
30081748 1188
30081749 1188
30081749 1188
30081749 1188
30081749 1188
30081750 1188
30081750 1188
30081750 1188
30081751 1188
30081751 1188
30081751 1188
30081752 1188
30081752 1188
30081752 1188
30081753 1188
30081753 1188
30081753 1188
30081754 1188
30081754 1188
30081754 1188
30081755 1188
30081755 1188
30081755 1188
30081756 1188
30081756 1188
30081756 1188
30081757 1188
30081757 1188
30081757 1188
30081758 1188
30081758 1188
30081758 1188
30081759 1188
30081759 1188
30081759 1188
30081800 1188
30081800 1188
30081800 1188
30081801 1188
30081801 1188
30081801 1188
30081802 1188
30081802 1188
30081802 1188
30081803 1120
