30045441 0
30045441 1166
30045441 1166
30045442 1170
30045442 1170
30045442 1170
30045443 1176
30045443 1176
30045443 1176
30045444 1180
30045444 1180
30045444 1180
30045445 1186
30045445 1186
30045445 1186
30045446 1190
30045446 1190
30045446 1190
30045447 1134
30045447 1196
30045447 1196
30045448 1196
30045448 1200
30045448 1200
30045449 1200
30045449 1208
30045449 1208
30045450 1208
30045450 1208
30045450 1214
30045451 1214
30045451 1214
30045451 1214
30045452 1222
30045452 1222
30045452 1222
30045453 1222
30045453 1228
30045453 1228
30045454 1228
30045454 1228
30045454 1236
30045455 1236
30045455 1236
30045455 1236
30045456 1246
30045456 1246
30045456 1246
30045457 1120
30045457 1254
30045457 1254
30045458 1254
30045458 1262
30045458 1262
30045459 1262
30045459 1262
30045459 1272
30045500 1272
30045500 1272
30045500 1272
30045501 1284
30045501 1284
30045501 1284
30045502 1284
30045502 1284
30045502 1294
30045503 1294
30045503 1294
30045503 1294
30045504 1304
30045504 1304
30045504 1304
30045505 1304
30045505 1304
30045505 1318
30045505 1318
30045506 1318
30045506 1318
30045506 1318
30045507 1330
30045507 1330
30045507 1330
30045508 1330
30045508 1330
30045508 1344
30045509 1344
30045509 1344
30045509 1344
30045510 1344
30045510 1358
30045510 1358
30045511 1358
30045511 1358
30045511 1358
30045512 1358
30045512 1372
30045512 1372
30045513 1372
30045513 1372
30045513 1372
30045514 1136
30045514 1136
30045514 1136
30045515 1136
30045515 1136
30045515 1138
30045516 1138
30045516 1138
30045516 1138
30045517 1138
30045517 1138
30045517 1138
30045518 1138
30045518 1138
30045518 1138
30045519 1138
30045519 1138
30045519 1138
30045520 1138
30045520 1138
30045520 1138
30045521 1140
30045521 1140
30045521 1140
30045522 1140
30045522 1140
30045522 1140
30045523 1140
30045523 1140
30045523 1140
30045524 1140
30045524 1140
30045524 1140
30045525 1140
30045525 1142
30045525 1142
30045526 1142
30045526 1142
30045526 1142
30045527 1142
30045527 1142
30045527 1142
30045528 1142
30045528 1142
30045528 1142
30045529 1142
30045529 1142
30045529 1144
30045530 1144
30045530 1144
30045530 1144
30045531 1144
30045531 1144
30045531 1144
30045532 1144
30045532 1144
30045532 1144
30045533 1144
30045533 1144
30045533 1144
30045534 1144
30045534 1144
30045534 1146
30045535 1146
30045535 1146
30045535 1146
30045536 1146
30045536 1146
30045536 1146
30045537 1146
30045537 1146
30045537 1146
30045538 1146
30045538 1146
30045538 1146
30045538 1146
30045539 1148
30045539 1148
30045539 1148
30045540 1148
30045540 1148
30045540 1148
30045541 1148
30045541 1148
30045541 1148
30045542 1148
30045542 1148
30045542 1148
30045543 1148
30045543 1148
30045543 1150
30045544 1150
30045544 1150
30045544 1150
30045545 1150
30045545 1150
30045545 1150
30045546 1150
30045546 1150
30045546 1150
30045547 1150
30045547 1150
30045547 1150
30045548 1150
30045548 1152
30045548 1152
30045549 1152
30045549 1152
30045549 1152
30045550 1152
30045550 1152
30045550 1154
30045551 1154
30045551 1154
30045551 1154
30045552 1154
30045552 1154
30045552 1154
30045553 1154
30045553 1154
30045553 1154
30045554 1154
30045554 1154
30045554 1156
30045555 1158
30045555 1158
30045555 1158
30045556 1160
30045556 1160
30045556 1162
30045557 1162
30045557 1164
30045557 1164
30045558 1166
30045558 1166
30045558 1166
30045559 1168
30045559 1168
30045559 1170
30045600 1170
30045600 1170
30045600 1172
30045601 1172
30045601 1174
30045601 1174
30045602 1176
30045602 1176
30045602 1176
30045603 1178
30045603 1178
30045603 1182
30045604 1182
30045604 1182
30045604 1184
30045605 1184
30045605 1186
30045605 1186
30045606 1186
30045606 1188
30045606 1188
30045607 1188
30045607 1190
30045607 1190
30045608 1190
30045608 1192
30045608 1192
30045609 1192
30045609 1194
30045609 1194
30045610 1194
30045610 1194
30045610 1196
30045611 1196
30045611 1196
30045611 1200
30045612 1200
30045612 1200
30045612 1202
30045613 1202
30045613 1202
30045613 1202
30045614 1204
30045614 1204
30045614 1204
30045615 1206
30045615 1206
30045615 1206
30045615 1206
30045616 1210
30045616 1210
30045616 1210
30045617 1210
30045617 1212
30045617 1212
30045618 1212
30045618 1212
30045618 1216
30045619 1216
30045619 1216
30045619 1216
30045620 1218
30045620 1218
30045620 1218
30045621 1218
30045621 1220
30045621 1220
30045622 1220
30045622 1220
30045622 1224
30045623 1224
30045623 1224
30045623 1224
30045624 1228
30045624 1228
30045624 1228
30045625 1228
30045625 1230
30045625 1230
30045626 1230
30045626 1230
30045626 1230
30045627 1234
30045627 1234
30045627 1234
30045628 1234
30045628 1236
30045628 1236
30045629 1236
30045629 1236
30045629 1236
30045630 1240
30045630 1240
30045630 1240
30045631 1240
30045631 1240
30045631 1244
30045632 1244
30045632 1244
30045632 1244
30045633 1120
30045633 1246
30045633 1246
30045634 1246
30045634 1246
30045634 1250
30045635 1250
30045635 1250
30045635 1250
30045636 1250
30045636 1254
30045636 1254
30045637 1254
30045637 1254
30045637 1254
30045638 1258
30045638 1258
30045638 1258
30045639 1258
30045639 1258
30045639 1262
30045640 1262
30045640 1262
30045640 1262
30045641 1266
30045641 1266
30045641 1266
30045642 1266
30045642 1266
30045642 1272
30045643 1272
30045643 1272
30045643 1272
30045644 1276
30045644 1276
30045644 1276
30045645 1276
30045645 1436
30045645 1280
30045646 1280
30045646 1280
30045646 1280
30045647 1284
30045647 1284
30045647 1284
30045648 1284
30045648 1288
30045648 1288
30045648 1288
30045649 1292
30045649 1292
30045649 1292
30045650 1296
30045650 1296
30045650 1296
30045651 1296
30045651 1302
30045651 1302
30045652 1302
30045652 1306
30045652 1306
30045653 1310
30045653 1310
30045653 1310
30045654 1316
30045654 1316
30045654 1320
30045655 1320
30045655 1320
30045655 1124
30045656 1124
30045656 1124
30045656 1124
30045657 1124
30045657 1124
30045657 1124
30045658 1124
30045658 1126
30045658 1126
30045659 1126
30045659 1126
30045659 1126
30045700 1126
30045700 1126
30045700 1126
30045701 1128
30045701 1128
30045701 1128
30045702 1128
30045702 1128
30045702 1128
30045703 1128
30045703 1128
30045703 1128
30045704 1128
30045704 1130
30045704 1130
30045705 1130
30045705 1130
30045705 1130
30045706 1130
30045706 1130
30045706 1130
30045707 1132
30045707 1132
30045707 1132
30045708 1134
30045708 1134
30045708 1134
30045709 1134
30045709 1134
30045709 1134
30045710 1134
30045710 1134
30045710 1134
30045711 1134
30045711 1134
30045711 1134
30045712 1134
30045712 1134
30045712 1136
30045713 1136
30045713 1136
30045713 1136
30045714 1136
30045714 1136
30045714 1136
30045715 1136
30045715 1136
30045715 1138
30045716 1138
30045716 1138
30045716 1138
30045717 1138
30045717 1138
30045717 1138
30045718 1138
30045718 1138
30045718 1138
30045719 1138
30045719 1138
30045719 1138
30045720 1138
30045720 1138
30045720 1138
30045721 1138
30045721 1138
30045721 1140
30045722 1140
30045722 1140
30045722 1140
30045722 1140
30045723 1140
30045723 1140
30045723 1140
30045724 1140
30045724 1140
30045724 1140
30045725 1140
30045725 1140
30045725 1140
30045726 1140
30045726 1142
30045726 1142
30045727 1142
30045727 1142
30045727 1142
30045728 1142
30045728 1142
30045728 1142
30045729 1142
30045729 1142
30045729 1142
30045730 1142
30045730 1142
30045730 1142
30045731 1142
30045731 1142
30045731 1142
30045732 1142
30045732 1144
30045732 1144
30045733 1144
30045733 1144
30045733 1144
30045734 1144
30045734 1144
30045734 1144
30045735 1144
30045735 1144
30045735 1144
30045736 1144
30045736 1144
30045736 1144
30045737 1144
30045737 1144
30045737 1144
30045738 1144
30045738 1144
30045738 1144
30045739 1144
30045739 1146
30045739 1146
30045740 1146
30045740 1146
30045740 1146
30045741 1146
30045741 1146
30045741 1146
30045742 1146
30045742 1146
30045742 1146
30045743 1146
30045743 1146
30045743 1146
30045744 1146
30045744 1146
30045744 1146
30045745 1146
30045745 1146
30045745 1146
30045746 1146
30045746 1146
30045746 1146
30045747 1146
30045747 1146
30045747 1148
30045748 1148
30045748 1148
30045748 1148
30045749 1148
30045749 1148
30045749 1148
30045750 1148
30045750 1148
30045750 1148
30045751 1148
30045751 1148
30045751 1148
30045752 1148
30045752 1150
30045752 1150
30045753 1150
30045753 1150
30045753 1150
30045754 1150
30045754 1150
30045754 1150
30045755 1150
30045755 1150
30045755 1150
30045756 1150
30045756 1150
30045756 1150
30045756 1150
30045757 1150
30045757 1150
30045757 1150
30045758 1150
30045758 1150
30045758 1150
30045759 1150
30045759 1150
30045759 1150
30045800 1150
30045800 1150
30045800 1150
30045801 1150
30045801 1150
30045801 1150
30045802 1150
30045802 1150
30045802 1150
30045803 1150
30045803 1152
30045803 1152
30045804 1152
30045804 1152
30045804 1152
30045805 1152
30045805 1152
30045805 1152
30045806 1152
30045806 1152
30045806 1152
30045807 1152
30045807 1152
30045807 1152
30045808 1152
30045808 1152
30045808 1152
30045809 1152
30045809 1152
30045809 1152
30045810 1152
30045810 1152
30045810 1152
30045811 1152
30045811 1152
30045811 1152
30045812 1152
30045812 1152
30045812 1152
30045813 1152
30045813 1152
30045813 1152
30045814 1152
30045814 1152
30045814 1152
30045815 1152
30045815 1152
30045815 1152
30045816 1152
30045816 1152
30045816 1152
30045817 1154
30045817 1154
30045817 1154
30045818 1154
30045818 1154
30045818 1154
30045819 1154
30045819 1154
30045819 1154
30045820 1154
30045820 1154
30045820 1154
30045821 1154
30045821 1154
30045821 1154
30045822 1154
30045822 1154
30045822 1154
30045823 1154
30045823 1154
30045823 1154
30045824 1156
30045824 1156
30045824 1156
30045825 1156
30045825 1156
30045825 1156
30045826 1156
30045826 1156
30045826 1156
30045827 1156
30045827 1156
30045827 1156
30045828 1156
30045828 1156
30045828 1156
30045829 1156
30045829 1156
30045829 1156
30045829 1156
30045830 1156
30045830 1156
30045830 1156
30045831 1156
30045831 1156
30045831 1158
30045832 1158
30045832 1158
30045832 1158
30045833 1158
30045833 1158
30045833 1158
30045834 1158
30045834 1158
30045834 1158
30045835 1158
30045835 1158
30045835 1158
30045836 1158
30045836 1158
30045836 1158
30045837 1158
30045837 1158
30045837 1158
30045838 1158
30045838 1158
30045838 1158
30045839 1158
30045839 1158
30045839 1158
30045840 1158
30045840 1158
30045840 1158
30045841 1158
30045841 1158
30045841 1158
30045842 1158
30045842 1158
30045842 1158
30045843 1158
30045843 1158
30045843 1158
30045844 1158
30045844 1158
30045844 1158
30045845 1158
30045845 1158
30045845 1158
30045846 1158
30045846 1158
30045846 1158
30045847 1158
30045847 1158
30045847 1158
30045848 1158
30045848 1158
30045848 1158
30045849 1158
30045849 1158
30045849 1158
30045850 1158
30045850 1158
30045850 1158
30045851 1158
30045851 1158
30045851 1158
30045852 1158
30045852 1158
30045852 1158
30045853 1158
30045853 1158
30045853 1158
30045854 1158
30045854 1158
30045854 1158
30045855 1158
30045855 1158
30045855 1158
30045856 1158
30045856 1158
30045856 1158
30045857 1158
30045857 1158
30045857 1158
30045858 1158
30045858 1158
30045858 1160
30045859 1160
30045859 1160
30045859 1160
30045900 1160
30045900 1160
30045900 1160
30045901 1160
30045901 1160
30045901 1160
30045902 1160
30045902 1160
30045902 1160
30045903 1160
30045903 1160
30045903 1160
30045903 1160
30045904 1160
30045904 1160
30045904 1160
30045905 1160
30045905 1160
30045905 1160
30045906 1160
30045906 1160
30045906 1160
30045907 1160
30045907 1160
30045907 1160
30045908 1160
30045908 1160
30045908 1162
30045909 1162
30045909 1162
30045909 1162
30045910 1162
30045910 1162
30045910 1162
30045911 1162
30045911 1162
30045911 1162
30045912 1162
30045912 1162
30045912 1162
30045913 1162
30045913 1162
30045913 1162
30045914 1162
30045914 1162
30045914 1162
30045915 1162
30045915 1162
30045915 1162
30045916 1162
30045916 1162
30045916 1162
30045917 1162
30045917 1162
30045917 1162
30045918 1162
30045918 1162
30045918 1162
30045919 1162
30045919 1162
30045919 1162
30045920 1162
30045920 1162
30045920 1162
30045921 1164
30045921 1164
30045921 1164
30045922 1164
30045922 1164
30045922 1164
30045923 1164
30045923 1164
30045923 1164
30045924 1164
30045924 1164
30045924 1164
30045925 1164
30045925 1164
30045925 1164
30045926 1164
30045926 1164
30045926 1164
30045927 1164
30045927 1164
30045927 1164
30045928 1164
30045928 1164
30045928 1164
30045929 1164
30045929 1164
30045929 1164
30045930 1164
30045930 1164
30045930 1164
30045931 1164
30045931 1164
30045931 1164
30045932 1164
30045932 1164
30045932 1164
30045933 1166
30045933 1166
30045933 1166
30045934 1166
30045934 1166
30045934 1166
30045934 1166
30045935 1166
30045935 1166
30045935 1166
30045936 1166
30045936 1166
30045936 1166
30045937 1166
30045937 1166
30045937 1166
30045938 1166
30045938 1166
30045938 1166
30045939 1166
30045939 1166
30045939 1166
30045940 1166
30045940 1166
30045940 1166
30045941 1166
30045941 1166
30045941 1166
30045942 1166
30045942 1166
30045942 1166
30045943 1166
30045943 1166
30045943 1166
30045944 1166
30045944 1166
30045944 1166
30045945 1166
30045945 1166
30045945 1166
30045946 1166
30045946 1168
30045946 1168
30045947 1168
30045947 1168
30045947 1168
30045948 1168
30045948 1168
30045948 1168
30045949 1168
30045949 1168
30045949 1168
30045950 1168
30045950 1168
30045950 1168
30045951 1168
30045951 1168
30045951 1168
30045952 1168
30045952 1168
30045952 1168
30045953 1168
30045953 1168
30045953 1168
30045954 1168
30045954 1168
30045954 1168
30045955 1168
30045955 1168
30045955 1168
30045956 1168
30045956 1168
30045956 1168
30045957 1168
30045957 1168
30045957 1168
30045958 1168
30045958 1168
30045958 1168
30045959 1168
30045959 1168
30045959 1168
30050000 1168
30050000 1168
30050000 1168
30050001 1168
30050001 1168
30050001 1168
30050002 1168
30050002 1168
30050002 1168
30050003 1168
30050003 1168
30050003 1168
30050004 1168
30050004 1170
30050004 1170
30050004 1170
30050005 1170
30050005 1170
30050005 1170
30050006 1170
30050006 1170
30050006 1170
30050007 1170
30050007 1170
30050007 1170
30050008 1170
30050008 1170
30050008 1170
30050009 1170
30050009 1170
30050009 1170
30050010 1170
30050010 1170
30050010 1170
30050011 1170
30050011 1170
30050011 1170
30050012 1170
30050012 1170
30050012 1170
30050013 1170
30050013 1170
30050013 1170
30050014 1170
30050014 1170
30050014 1170
30050015 1170
30050015 1170
30050015 1170
30050016 1170
30050016 1170
30050016 1170
30050017 1170
30050017 1170
30050017 1170
30050018 1170
30050018 1170
30050018 1170
30050019 1170
30050019 1170
30050019 1170
30050020 1170
30050020 1170
30050020 1170
30050021 1170
30050021 1170
30050021 1170
30050022 1170
30050022 1170
30050022 1172
30050023 1172
30050023 1172
30050023 1172
30050024 1172
30050024 1172
30050024 1172
30050025 1172
30050025 1172
30050025 1172
30050026 1172
30050026 1172
30050026 1172
30050027 1172
30050027 1172
30050027 1172
30050028 1172
30050028 1172
30050028 1172
30050029 1172
30050029 1172
30050029 1172
30050030 1172
30050030 1172
30050030 1172
30050031 1172
30050031 1172
30050031 1172
30050032 1172
30050032 1172
30050032 1172
30050033 1172
30050033 1172
30050033 1172
30050033 1172
30050034 1172
30050034 1172
30050034 1172
30050035 1172
30050035 1172
30050035 1172
30050036 1172
30050036 1172
30050036 1172
30050037 1172
30050037 1172
30050037 1172
30050038 1172
30050038 1172
30050038 1172
30050039 1172
30050039 1172
30050039 1172
30050040 1172
30050040 1172
30050040 1172
30050041 1172
30050041 1172
30050041 1172
30050042 1172
30050042 1172
30050042 1172
30050043 1172
30050043 1172
30050043 1174
30050044 1174
30050044 1174
30050044 1174
30050045 1174
30050045 1174
30050045 1174
30050046 1174
30050046 1174
30050046 1174
30050047 1174
30050047 1174
30050047 1174
30050048 1174
30050048 1174
30050048 1174
30050049 1174
30050049 1174
30050049 1174
30050050 1174
30050050 1174
30050050 1174
30050051 1174
30050051 1174
30050051 1174
30050052 1174
30050052 1174
30050052 1174
30050053 1174
30050053 1174
30050053 1174
30050054 1174
30050054 1174
30050054 1174
30050055 1174
30050055 1174
30050055 1174
30050056 1174
30050056 1174
30050056 1174
30050057 1174
30050057 1174
30050057 1174
30050058 1174
30050058 1174
30050058 1174
30050059 1174
30050059 1174
30050059 1174
30050100 1174
30050100 1174
30050100 1174
30050101 1174
30050101 1174
30050101 1174
30050102 1174
30050102 1174
30050102 1174
30050103 1174
30050103 1174
30050103 1174
30050104 1174
30050104 1174
30050104 1176
30050105 1176
30050105 1176
30050105 1176
30050105 1176
30050106 1176
30050106 1176
30050106 1176
30050107 1176
30050107 1176
30050107 1176
30050108 1176
30050108 1176
30050108 1176
30050109 1176
30050109 1176
30050109 1176
30050110 1176
30050110 1176
30050110 1176
30050111 1176
30050111 1176
30050111 1176
30050112 1176
30050112 1176
30050112 1176
30050113 1176
30050113 1176
30050113 1176
30050114 1176
30050114 1176
30050114 1176
30050115 1176
30050115 1176
30050115 1176
30050116 1176
30050116 1176
30050116 1176
30050117 1176
30050117 1176
30050117 1176
30050118 1176
30050118 1176
30050118 1176
30050119 1176
30050119 1176
30050119 1176
30050120 1176
30050120 1176
30050120 1176
30050121 1176
30050121 1176
30050121 1176
30050122 1176
30050122 1176
30050122 1176
30050123 1176
30050123 1176
30050123 1176
30050124 1176
30050124 1176
30050124 1176
30050125 1176
30050125 1176
30050125 1176
30050126 1176
30050126 1176
30050126 1176
30050127 1180
30050127 1180
30050127 1180
30050128 1180
30050128 1180
30050128 1180
30050129 1180
30050129 1180
30050129 1180
30050130 1180
30050130 1180
30050130 1180
30050131 1180
30050131 1180
30050131 1180
30050132 1180
30050132 1180
30050132 1180
30050133 1180
30050133 1180
30050133 1180
30050134 1180
30050134 1180
30050134 1180
30050135 1180
30050135 1180
30050135 1180
30050136 1180
30050136 1180
30050136 1180
30050136 1180
30050137 1180
30050137 1180
30050137 1180
30050138 1180
30050138 1180
30050138 1180
30050139 1180
30050139 1180
30050139 1180
30050140 1180
30050140 1180
30050140 1180
30050141 1180
30050141 1180
30050141 1180
30050142 1180
30050142 1180
30050142 1180
30050143 1180
30050143 1180
30050143 1180
30050144 1180
30050144 1180
30050144 1180
30050145 1180
30050145 1180
30050145 1180
30050146 1180
30050146 1180
30050146 1180
30050147 1180
30050147 1180
30050147 1180
30050148 1180
30050148 1180
30050148 1180
30050149 1180
30050149 1180
30050149 1180
30050150 1180
30050150 1180
30050150 1180
30050151 1180
30050151 1180
30050151 1180
30050152 1180
30050152 1180
30050152 1180
30050153 1182
30050153 1182
30050153 1182
30050154 1182
30050154 1182
30050154 1182
30050155 1182
30050155 1182
30050155 1182
30050156 1182
30050156 1182
30050156 1182
30050157 1182
30050157 1182
30050157 1182
30050158 1182
30050158 1182
30050158 1182
30050159 1182
30050159 1182
30050159 1182
30050200 1182
30050200 1182
30050200 1182
30050201 1182
30050201 1182
30050201 1182
30050202 1182
30050202 1182
30050202 1182
30050203 1182
30050203 1182
30050203 1182
30050204 1182
30050204 1182
30050204 1182
30050205 1182
30050205 1182
30050205 1182
30050206 1182
30050206 1182
30050206 1182
30050207 1182
30050207 1182
30050207 1182
30050208 1182
30050208 1182
30050208 1182
30050208 1182
30050209 1182
30050209 1182
30050209 1182
30050210 1182
30050210 1182
30050210 1182
30050211 1182
30050211 1182
30050211 1182
30050212 1182
30050212 1182
30050212 1182
30050213 1182
30050213 1182
30050213 1182
30050214 1182
30050214 1182
30050214 1182
30050215 1182
30050215 1182
30050215 1182
30050216 1182
30050216 1182
30050216 1182
30050217 1182
30050217 1182
30050217 1182
30050218 1182
30050218 1182
30050218 1182
30050219 1182
30050219 1182
30050219 1182
30050220 1182
30050220 1182
30050220 1182
30050221 1182
30050221 1182
30050221 1182
30050222 1182
30050222 1184
30050222 1184
30050223 1184
30050223 1184
30050223 1184
30050224 1184
30050224 1184
30050224 1184
30050225 1184
30050225 1184
30050225 1184
30050226 1184
30050226 1184
30050226 1184
30050227 1184
30050227 1184
30050227 1184
30050228 1184
30050228 1184
30050228 1184
30050229 1184
30050229 1184
30050229 1184
30050230 1184
30050230 1184
30050230 1184
30050231 1184
30050231 1184
30050231 1184
30050232 1184
30050232 1184
30050232 1184
30050233 1184
30050233 1184
30050233 1184
30050234 1184
30050234 1184
30050234 1184
30050235 1184
30050235 1184
30050235 1184
30050236 1184
30050236 1184
30050236 1184
30050237 1184
30050237 1184
30050237 1184
30050237 1184
30050238 1184
30050238 1184
30050238 1184
30050239 1184
30050239 1184
30050239 1184
30050240 1184
30050240 1184
30050240 1184
30050241 1184
30050241 1184
30050241 1184
30050242 1184
30050242 1184
30050242 1184
30050243 1184
30050243 1184
30050243 1184
30050244 1184
30050244 1184
30050244 1184
30050245 1184
30050245 1184
30050245 1184
30050246 1184
30050246 1184
30050246 1184
30050247 1184
30050247 1184
30050247 1184
30050248 1184
30050248 1184
30050248 1184
30050249 1184
30050249 1184
30050249 1188
30050250 1188
30050250 1188
30050250 1188
30050251 1188
30050251 1188
30050251 1188
30050252 1188
30050252 1188
30050252 1188
30050253 1188
30050253 1188
30050253 1188
30050254 1188
30050254 1188
30050254 1188
30050255 1188
30050255 1188
30050255 1188
30050256 1188
30050256 1188
30050256 1188
30050257 1188
30050257 1188
30050257 1188
30050258 1188
30050258 1188
30050258 1188
30050259 1188
30050259 1188
30050259 1188
30050300 1188
30050300 1188
30050300 1188
30050301 1188
30050301 1188
30050301 1188
30050302 1188
30050302 1188
30050302 1188
30050303 1188
30050303 1188
30050303 1188
30050304 1188
30050304 1188
30050304 1188
30050305 1188
30050305 1188
30050305 1188
30050306 1188
30050306 1188
30050306 1188
30050307 1188
30050307 1188
30050307 1188
30050307 1188
30050308 1188
30050308 1188
30050308 1188
30050309 1188
30050309 1188
30050309 1188
30050310 1188
30050310 1188
30050310 1188
30050311 1188
30050311 1188
30050311 1188
30050312 1188
30050312 1188
30050312 1188
30050313 1188
30050313 1188
30050313 1188
30050314 1188
30050314 1188
30050314 1188
30050315 1188
30050315 1188
30050315 1188
30050316 1188
30050316 1188
30050316 1188
30050317 1188
30050317 1188
30050317 1188
30050318 1188
30050318 1188
30050318 1188
30050319 1188
30050319 1188
30050319 1188
30050320 1192
30050320 1192
30050320 1192
30050321 1192
30050321 1192
30050321 1192
30050322 1192
30050322 1192
30050322 1192
30050323 1192
30050323 1192
30050323 1192
30050324 1192
30050324 1192
30050324 1192
30050325 1192
30050325 1192
30050325 1192
30050326 1192
30050326 1192
30050326 1192
30050327 1192
30050327 1192
30050327 1192
30050328 1192
30050328 1192
30050328 1192
30050329 1192
30050329 1192
30050329 1192
30050330 1192
30050330 1192
30050330 1192
30050331 1192
30050331 1192
30050331 1192
30050332 1192
30050332 1192
30050332 1192
30050333 1192
30050333 1192
30050333 1192
30050334 1192
30050334 1192
30050334 1192
30050335 1192
30050335 1192
30050335 1192
30050336 1192
30050336 1192
30050336 1192
30050337 1192
30050337 1192
30050337 1192
30050338 1192
30050338 1192
30050338 1192
30050339 1192
30050339 1192
30050339 1192
30050340 1192
30050340 1192
30050340 1192
30050340 1192
30050341 1192
30050341 1192
30050341 1192
30050342 1192
30050342 1192
30050342 1192
30050343 1192
30050343 1192
30050343 1192
30050344 1192
30050344 1192
30050344 1192
30050345 1192
30050345 1192
30050345 1192
30050346 1192
30050346 1192
30050346 1192
30050347 1192
30050347 1192
30050347 1192
30050348 1192
30050348 1192
30050348 1192
30050349 1192
30050349 1192
30050349 1192
30050350 1192
30050350 1192
30050350 1192
30050351 1192
30050351 1192
30050351 1192
30050352 1192
30050352 1192
30050352 1194
30050353 1194
30050353 1194
30050353 1194
30050354 1194
30050354 1194
30050354 1194
30050355 1194
30050355 1194
30050355 1194
30050356 1194
30050356 1194
30050356 1194
30050357 1194
30050357 1194
30050357 1194
30050358 1194
30050358 1194
30050358 1194
30050359 1194
30050359 1194
30050359 1194
30050400 1194
30050400 1194
30050400 1194
30050401 1194
30050401 1194
30050401 1194
30050402 1194
30050402 1194
30050402 1194
30050403 1194
30050403 1194
30050403 1194
30050404 1194
30050404 1194
30050404 1194
30050405 1194
30050405 1194
30050405 1194
30050406 1194
30050406 1194
30050406 1194
30050407 1194
30050407 1194
30050407 1194
30050408 1194
30050408 1194
30050408 1194
30050409 1194
30050409 1194
30050409 1194
30050410 1194
30050410 1194
30050410 1194
30050411 1194
30050411 1194
30050411 1194
30050411 1194
30050412 1194
30050412 1194
30050412 1194
30050413 1194
30050413 1194
30050413 1194
30050414 1194
30050414 1194
30050414 1194
30050415 1194
30050415 1194
30050415 1194
30050416 1194
30050416 1194
30050416 1194
30050417 1194
30050417 1194
30050417 1194
30050418 1194
30050418 1194
30050418 1194
30050419 1194
30050419 1194
30050419 1194
30050420 1194
30050420 1194
30050420 1194
30050421 1194
30050421 1194
30050421 1194
30050422 1194
30050422 1194
30050422 1194
30050423 1194
30050423 1194
30050423 1194
30050424 1194
30050424 1194
30050424 1194
30050425 1194
30050425 1194
30050425 1194
30050426 1194
30050426 1194
30050426 1194
30050427 1194
30050427 1194
30050427 1194
30050428 1194
30050428 1194
30050428 1194
30050429 1194
30050429 1194
30050429 1194
30050430 1194
30050430 1194
30050430 1194
30050431 1194
30050431 1194
30050431 1194
30050432 1194
30050432 1194
30050432 1194
30050433 1194
30050433 1194
30050433 1194
30050434 1194
30050434 1194
30050434 1196
30050435 1198
30050435 1198
30050435 1198
30050436 1198
30050436 1198
30050436 1198
30050437 1198
30050437 1198
30050437 1198
30050438 1198
30050438 1198
30050438 1198
30050439 1198
30050439 1198
30050439 1198
30050440 1198
30050440 1198
30050440 1198
30050441 1198
30050441 1198
30050441 1198
30050442 1198
30050442 1198
30050442 1198
30050443 1198
30050443 1198
30050443 1198
30050443 1198
30050444 1198
30050444 1198
30050444 1198
30050445 1198
30050445 1198
30050445 1198
30050446 1198
30050446 1198
30050446 1198
30050447 1198
30050447 1198
30050447 1198
30050448 1198
30050448 1198
30050448 1198
30050449 1198
30050449 1198
30050449 1198
30050450 1198
30050450 1198
30050450 1198
30050451 1198
30050451 1198
30050451 1198
30050452 1198
30050452 1198
30050452 1198
30050453 1198
30050453 1198
30050453 1198
30050454 1198
30050454 1198
30050454 1198
30050455 1198
30050455 1198
30050455 1198
30050456 1198
30050456 1198
30050456 1198
30050457 1198
30050457 1198
30050457 1198
30050458 1198
30050458 1198
30050458 1198
30050459 1198
30050459 1198
30050459 1198
30050500 1198
30050500 1198
30050500 1198
30050501 1198
30050501 1198
30050501 1198
30050502 1198
30050502 1198
30050502 1198
30050503 1198
30050503 1198
30050503 1198
30050504 1198
30050504 1198
30050504 1198
30050505 1198
30050505 1198
30050505 1198
30050506 1198
30050506 1198
30050506 1198
30050507 1198
30050507 1198
30050507 1198
30050508 1198
30050508 1198
30050508 1198
30050509 1198
30050509 1198
30050509 1198
30050510 1198
30050510 1198
30050510 1198
30050511 1198
30050511 1198
30050511 1198
30050512 1198
30050512 1198
30050512 0
