30052120 0
30052120 1078
30052121 1078
30052121 1078
30052121 1078
30052122 1078
30052122 1082
30052122 1082
30052123 1082
30052123 1082
30052124 1088
30052124 1088
30052124 1088
30052125 1088
30052125 1088
30052125 1092
30052126 1092
30052126 1092
30052126 1092
30052127 1092
30052127 1092
30052127 1098
30052128 1098
30052128 1098
30052128 1098
30052129 1098
30052129 1102
30052129 1102
30052130 1102
30052130 1102
30052130 1102
30052131 1102
30052131 1110
30052131 1110
30052132 1110
30052132 1110
30052132 1110
30052133 1110
30052133 1116
30052133 1116
30052134 1116
30052134 1116
30052135 1116
30052135 1124
30052135 1124
30052136 1124
30052136 1124
30052136 1124
30052137 1124
30052137 1230
30052137 1130
30052138 1130
30052138 1130
30052138 1130
30052139 1130
30052139 1138
30052140 1138
30052140 1138
30052140 1138
30052141 1138
30052141 1138
30052141 1148
30052142 1148
30052142 1148
30052142 1148
30052143 1148
30052143 1148
30052144 1156
30052144 1156
30052144 1156
30052145 1156
30052145 1156
30052145 1156
30052146 1156
30052146 1164
30052146 1164
30052147 1164
30052147 1164
30052147 1164
30052148 1164
30052148 1164
30052148 1174
30052149 1174
30052149 1174
30052149 1174
30052150 1174
30052150 1174
30052150 1174
30052151 1186
30052151 1186
30052152 1186
30052152 1186
30052152 1186
30052153 1186
30052153 1186
30052153 1186
30052154 1196
30052154 1196
30052154 1196
30052155 1196
30052155 1196
30052155 1196
30052156 1196
30052156 1196
30052156 1206
30052157 1206
30052157 1206
30052157 1206
30052158 1206
30052158 1206
30052158 1206
30052159 1220
30052159 1220
30052159 1220
30052200 1220
30052200 1220
30052201 1220
30052201 1220
30052201 1232
30052202 1232
30052202 1232
30052202 1232
30052203 1232
30052203 1232
30052203 1246
30052204 1246
30052204 1246
30052204 1246
30052205 1246
30052205 1246
30052205 1260
30052206 1260
30052206 1260
30052206 1260
30052207 1260
30052207 1260
30052207 1274
30052208 1274
30052208 1274
30052208 1274
30052209 1274
30052209 1274
30052209 1290
30052210 1290
30052210 1290
30052210 1290
30052211 1290
30052211 1290
30052211 1306
30052212 1306
30052212 1306
30052213 1306
30052213 1306
30052213 1306
30052214 1306
30052214 1322
30052214 1322
30052215 1322
30052215 1322
30052215 1322
30052216 1322
30052216 1322
30052216 1340
30052217 1340
30052217 1340
30052218 1340
30052218 1340
30052218 1340
30052219 1340
30052219 1360
30052219 1360
30052220 1360
30052220 1360
30052220 1360
30052221 1360
30052221 1360
30052221 1360
30052222 1714
30052222 1378
30052222 1378
30052223 1378
30052223 1378
30052223 1378
30052224 1378
30052224 1378
30052224 1378
30052225 1756
30052225 1400
30052226 1400
30052226 1400
30052226 1400
30052227 1400
30052227 1400
30052227 1400
30052228 1400
30052228 1400
30052228 1420
30052229 1420
30052229 1420
30052229 1420
30052230 1420
30052230 1420
30052230 1420
30052231 1420
30052231 1420
30052231 1420
30052232 1444
30052232 1444
30052232 1444
30052233 1444
30052233 1444
30052233 1444
30052234 1444
30052234 1444
30052235 1444
30052235 1444
30052235 1886
30052236 1466
30052236 1466
30052236 1466
30052237 1466
30052237 1466
30052237 1466
30052238 1466
30052238 1466
30052238 1466
30052239 1466
30052239 1466
30052239 1492
30052240 1492
30052240 1492
30052240 1492
30052241 1492
30052241 1492
30052241 1492
30052242 1492
30052242 1492
30052242 1492
30052243 1492
30052243 1492
30052243 1516
30052244 1516
30052244 1516
30052244 1516
30052245 1516
30052245 1516
30052246 1516
30052246 1516
30052246 1516
30052247 1516
30052247 1516
30052247 1516
30052248 1516
30052248 1542
30052248 1542
30052249 1542
30052249 1542
30052249 1542
30052250 1542
30052250 1542
30052250 1542
30052251 1542
30052251 1542
30052251 1542
30052252 1542
30052252 1542
30052252 1542
30052253 1570
30052253 1570
30052253 1570
30052254 1570
30052254 1570
30052255 1570
30052255 1570
30052255 1570
30052256 1570
30052256 1570
30052256 1570
30052257 1570
30052257 1570
30052257 1570
30052258 1598
30052258 1598
30052258 1598
30052259 1598
30052259 1598
30052259 1598
30052300 1598
30052300 1598
30052300 1598
30052301 1598
30052301 1598
30052302 1598
30052302 1598
30052302 1598
30052303 1598
30052303 2204
30052303 1628
30052304 1628
30052304 1628
30052304 1628
30052305 1628
30052305 1628
30052305 1628
30052306 1628
30052306 1628
30052306 1628
30052307 1628
30052307 1628
30052307 1628
30052308 1628
30052308 1660
30052308 1660
30052309 1660
30052309 1660
30052309 1660
30052310 1660
30052310 1660
30052310 1660
30052311 1660
30052311 1660
30052312 1660
30052312 1660
30052312 1692
30052313 1692
30052313 1692
30052313 1692
30052314 1692
30052314 1692
30052314 1692
30052315 1692
30052315 1692
30052315 1692
30052316 1692
30052316 1692
30052316 1692
30052317 1724
30052317 1724
30052317 1724
30052318 1724
30052318 1724
30052318 1724
30052319 1724
30052319 1724
30052320 1724
30052320 1724
30052320 1724
30052321 1724
30052321 1724
30052321 1760
30052322 1760
30052322 1760
30052322 1760
30052323 1760
30052323 1760
30052323 1760
30052324 1760
30052324 1760
30052324 1760
30052325 1760
30052325 1760
30052325 1798
30052326 1798
30052326 1798
30052326 1798
30052327 1798
30052327 1798
30052327 1798
30052328 1798
30052328 1798
30052329 1798
30052329 1798
30052329 1798
30052330 1798
30052330 1834
30052330 1834
30052331 1834
30052331 1834
30052331 1834
30052332 1834
30052332 1834
30052332 1834
30052333 1834
30052333 1834
30052333 1834
30052334 1834
30052334 1834
30052334 1834
30052335 1874
30052335 1874
30052335 1874
30052336 1874
30052336 1874
30052336 1874
30052337 1874
30052337 1874
30052337 1874
30052338 1874
30052338 1874
30052339 1874
30052339 1874
30052339 1874
30052340 1874
30052340 1916
30052340 1916
30052341 1916
30052341 1916
30052341 1916
30052342 1916
30052342 1916
30052342 1916
30052343 1916
30052343 1916
30052343 1916
30052344 1916
30052344 1066
30052344 1066
30052345 1066
30052345 1066
30052345 1066
30052346 1066
30052346 1066
30052346 1066
30052347 1066
30052347 1066
30052347 1066
30052348 1066
30052348 1066
30052348 1068
30052349 1068
30052349 1068
30052349 1068
30052350 1068
30052350 1068
30052351 1068
30052351 1068
30052351 1068
30052352 1068
30052352 1068
30052352 1068
30052353 1068
30052353 1068
30052353 1068
30052354 1068
30052354 1068
30052354 1068
30052355 1068
30052355 1068
30052355 1070
30052356 1070
30052356 1070
30052356 1070
30052357 1070
30052357 1070
30052357 1070
30052358 1070
30052358 1070
30052358 1070
30052359 1072
30052359 1072
30052359 1072
30052400 1072
30052400 1072
30052400 1072
30052401 1072
30052401 1072
30052401 1072
30052402 1072
30052402 1072
30052402 1072
30052403 1074
30052403 1074
30052403 1074
30052404 1074
30052404 1074
30052404 1074
30052405 1074
30052405 1074
30052406 1074
30052406 1074
30052406 1074
30052407 1074
30052407 1076
30052407 1076
30052408 1076
30052408 1076
30052408 1076
30052409 1076
30052409 1076
30052409 1076
30052410 1076
30052410 1076
30052410 1076
30052411 1076
30052411 1076
30052411 1078
30052412 1078
30052412 1078
30052412 1078
30052413 1078
30052413 1078
30052413 1078
30052414 1078
30052414 1078
30052414 1078
30052415 1078
30052415 1078
30052415 1078
30052416 1080
30052416 1080
30052416 1080
30052417 1080
30052417 1080
30052417 1080
30052418 1080
30052418 1080
30052418 1080
30052419 1080
30052419 1080
30052419 1080
30052420 1080
30052420 1080
30052420 1084
30052421 1084
30052421 1084
30052421 1084
30052422 1084
30052422 1084
30052422 1084
30052423 1084
30052423 1084
30052423 1084
30052424 1084
30052424 1084
30052424 1084
30052425 1084
30052425 1084
30052425 1086
30052426 1086
30052426 1086
30052426 1086
30052427 1086
30052427 1086
30052427 1086
30052428 1086
30052428 1086
30052428 1086
30052429 1086
30052429 1086
30052429 1086
30052430 1086
30052430 1086
30052430 1086
30052431 1088
30052431 1088
30052431 1088
30052432 1088
30052432 1088
30052432 1088
30052433 1088
30052433 1088
30052433 1088
30052434 1088
30052434 1088
30052435 1088
30052435 1088
30052435 1088
30052436 1088
30052436 1088
30052436 1090
30052437 1090
30052437 1090
30052437 1090
30052438 1090
30052438 1090
30052438 1090
30052439 1090
30052439 1090
30052439 1090
30052440 1090
30052440 1090
30052440 1090
30052441 1090
30052441 1090
30052441 1090
30052442 1090
30052442 1092
30052442 1092
30052443 1092
30052443 1092
30052443 1092
30052444 1092
30052444 1092
30052444 1092
30052445 1092
30052445 1092
30052445 1092
30052446 1092
30052446 1092
30052446 1092
30052447 1092
30052447 1092
30052447 1092
30052448 1092
30052448 1094
30052448 1094
30052449 1094
30052449 1094
30052450 1094
30052450 1094
30052450 1094
30052451 1094
30052451 1094
30052451 1094
30052452 1094
30052452 1094
30052452 1094
30052453 1094
30052453 1094
30052453 1094
30052454 1094
30052454 1094
30052454 1094
30052455 1096
30052455 1096
30052455 1096
30052456 1096
30052456 1096
30052456 1096
30052457 1096
30052457 1096
30052457 1096
30052458 1096
30052458 1096
30052458 1096
30052459 1096
30052459 1096
30052459 1096
30052500 1096
30052500 1096
30052501 1096
30052501 1096
30052501 1096
30052502 1098
30052502 1098
30052502 1098
30052503 1098
30052503 1098
30052503 1098
30052504 1098
30052504 1098
30052504 1098
30052505 1098
30052505 1098
30052505 1098
30052506 1098
30052506 1098
30052506 1098
30052507 1098
30052507 1098
30052507 1098
30052508 1098
30052508 1098
30052508 1098
30052509 1102
30052509 1102
30052509 1102
30052510 1102
30052510 1102
30052511 1102
30052511 1102
30052511 1102
30052512 1102
30052512 1102
30052512 1102
30052513 1102
30052513 1102
30052513 1102
30052514 1102
30052514 1102
30052514 1102
30052515 1102
30052515 1102
30052515 1102
30052516 1102
30052516 1104
30052516 1104
30052517 1104
30052517 1104
30052517 1104
30052518 1104
30052518 1104
30052518 1104
30052519 1104
30052519 1104
30052519 1104
30052520 1104
30052520 1104
30052520 1104
30052521 1104
30052521 1104
30052522 1104
30052522 1104
30052522 1104
30052523 1104
30052523 1104
30052523 1104
30052524 1104
30052524 1106
30052524 1106
30052525 1106
30052525 1106
30052525 1106
30052526 1106
30052526 1106
30052526 1106
30052527 1106
30052527 1106
30052527 1106
30052528 1106
30052528 1106
30052528 1106
30052529 1106
30052529 1106
30052529 1106
30052530 1106
30052530 1106
30052530 1106
30052531 1106
30052531 1106
30052531 1106
30052532 1106
30052532 1108
30052533 1108
30052533 1108
30052533 1108
30052534 1108
30052534 1108
30052534 1108
30052535 1108
30052535 1108
30052535 1108
30052536 1108
30052536 1108
30052536 1108
30052537 1108
30052537 1108
30052537 1108
30052538 1108
30052538 1108
30052538 1108
30052539 1108
30052539 1108
30052539 1108
30052540 1108
30052540 1108
30052540 1108
30052541 1112
30052541 1112
30052541 1112
30052542 1112
30052542 1112
30052543 1112
30052543 1112
30052543 1112
30052544 1112
30052544 1112
30052544 1112
30052545 1112
30052545 1112
30052545 1112
30052546 1112
30052546 1112
30052546 1112
30052547 1112
30052547 1112
30052547 1112
30052548 1112
30052548 1112
30052548 1112
30052549 1112
30052549 1112
30052549 1114
30052550 1114
30052550 1114
30052550 1114
30052551 1114
30052551 1114
30052551 1114
30052552 1114
30052552 1114
30052552 1114
30052553 1114
30052553 1114
30052554 1114
30052554 1114
30052554 1114
30052555 1114
30052555 1114
30052555 1114
30052556 1114
30052556 1114
30052556 1114
30052557 1114
30052557 1114
30052557 1114
30052558 1114
30052558 1114
30052558 1114
30052559 1212
30052559 1118
30052559 1118
30052600 1118
30052600 1118
30052600 1118
30052601 1118
30052601 1118
30052601 1118
30052602 1118
30052602 1118
30052602 1118
30052603 1118
30052603 1118
30052603 1118
30052604 1118
30052604 1118
30052605 1118
30052605 1118
30052605 1118
30052606 1118
30052606 1118
30052606 1118
30052607 1118
30052607 1118
30052607 1118
30052608 1118
30052608 1118
30052608 1118
30052609 1120
30052609 1120
30052609 1120
30052610 1120
30052610 1120
30052610 1120
30052611 1120
30052611 1120
30052611 1120
30052612 1120
30052612 1120
30052612 1120
30052613 1120
30052613 1120
30052613 1120
30052614 1120
30052614 1120
30052614 1120
30052615 1120
30052615 1120
30052616 1120
30052616 1120
30052616 1120
30052617 1120
30052617 1120
30052617 1120
30052618 1120
30052618 1120
30052618 1120
30052619 1122
30052619 1122
30052619 1122
30052620 1122
30052620 1122
30052621 1122
30052621 1122
30052621 1122
30052622 1122
30052622 1122
30052622 1122
30052623 1122
30052623 1122
30052623 1122
30052624 1122
30052624 1122
30052624 1122
30052625 1122
30052625 1122
30052625 1122
30052626 1122
30052626 1122
30052626 1122
30052627 1122
30052627 1122
30052627 1122
30052628 1122
30052628 1122
30052628 1122
30052629 1122
30052629 1122
30052629 1126
30052630 1126
30052630 1126
30052630 1126
30052631 1126
30052631 1126
30052631 1126
30052632 1126
30052632 1126
30052633 1126
30052633 1126
30052633 1126
30052634 1126
30052634 1126
30052634 1126
30052635 1126
30052635 1126
30052635 1126
30052636 1126
30052636 1126
30052636 1126
30052637 1126
30052637 1126
30052637 1126
30052638 1126
30052638 1126
30052638 1126
30052639 1126
30052639 1126
30052639 1126
30052640 1126
30052640 1126
30052640 1130
30052641 1130
30052641 1130
30052641 1130
30052642 1130
30052642 1130
30052643 1130
30052643 1130
30052643 1130
30052644 1130
30052644 1130
30052644 1130
30052645 1130
30052645 1130
30052645 1130
30052646 1130
30052646 1130
30052646 1130
30052647 1130
30052647 1130
30052647 1130
30052648 1130
30052648 1130
30052648 1130
30052649 1130
30052649 1130
30052649 1130
30052650 1130
30052650 1130
30052650 1130
30052651 1130
30052651 1130
30052651 1130
30052652 1130
30052652 1132
30052652 1132
30052653 1132
30052653 1132
30052653 1132
30052654 1132
30052654 1132
30052655 1132
30052655 1132
30052655 1132
30052656 1132
30052656 1132
30052656 1132
30052657 1132
30052657 1132
30052657 1132
30052658 1132
30052658 1132
30052659 1132
30052659 1132
30052659 1132
30052700 1132
30052700 1132
30052700 1132
30052701 1132
30052701 1132
30052701 1132
30052702 1132
30052702 1132
30052702 1132
30052703 1132
30052703 1132
30052703 1132
30052704 1132
30052704 1136
30052705 1136
30052705 1136
30052705 1136
30052706 1136
30052706 1136
30052706 1136
30052707 1136
30052707 1136
30052707 1136
30052708 1136
30052708 1136
30052708 1136
30052709 1136
30052709 1136
30052709 1136
30052710 1136
30052710 1136
30052710 1136
30052711 1136
30052711 1136
30052711 1136
30052712 1136
30052712 1136
30052712 1136
30052713 1136
30052713 1136
30052713 1136
30052714 1136
30052714 1136
30052714 1136
30052715 1136
30052715 1136
30052715 1136
30052716 1136
30052716 1136
30052716 1138
30052717 1138
30052717 1138
30052718 1138
30052718 1138
30052718 1138
30052719 1138
30052719 1138
30052719 1138
30052720 1138
30052720 1138
30052720 1138
30052721 1138
30052721 1138
30052721 1138
30052722 1138
30052722 1138
30052722 1138
30052723 1138
30052723 1138
30052724 1138
30052724 1138
30052724 1138
30052725 1138
30052725 1138
30052725 1138
30052726 1138
30052726 1138
30052726 1138
30052727 1138
30052727 1138
30052727 1138
30052728 1138
30052728 1138
30052728 1138
30052729 1138
30052729 1138
30052729 1138
30052730 1142
30052730 1142
30052730 1142
30052731 1142
30052731 1142
30052732 1142
30052732 1142
30052732 1142
30052733 1142
30052733 1142
30052733 1142
30052734 1142
30052734 1142
30052734 1142
30052735 1142
30052735 1142
30052735 1142
30052736 1142
30052736 1142
30052736 1142
30052737 1142
30052737 1142
30052737 1142
30052738 1142
30052738 1142
30052738 1142
30052739 1142
30052739 1142
30052739 1142
30052740 1142
30052740 1142
30052740 1142
30052741 1142
30052741 1142
30052741 1142
30052742 1142
30052742 1142
30052742 1142
30052743 1142
30052743 1142
30052743 1146
30052744 1146
30052744 1146
30052744 1146
30052745 1146
30052745 1146
30052745 1146
30052746 1146
30052746 1146
30052747 1146
30052747 1146
30052747 1146
30052748 1146
30052748 1146
30052748 1146
30052749 1146
30052749 1146
30052749 1146
30052750 1146
30052750 1146
30052751 1146
30052751 1146
30052751 1146
30052752 1146
30052752 1146
30052752 1146
30052753 1146
30052753 1146
30052753 1146
30052754 1146
30052754 1146
30052754 1146
30052755 1146
30052755 1146
30052755 1146
30052756 1146
30052756 1146
30052757 1146
30052757 1146
30052757 1146
30052758 1148
30052758 1148
30052758 1148
30052759 1148
30052759 1148
30052759 1148
30052800 1148
30052800 1148
30052800 1148
30052801 1148
30052801 1148
30052801 1148
30052802 1148
30052802 1148
30052803 1148
30052803 1148
30052803 1148
30052804 1148
30052804 1148
30052804 1148
30052805 1148
30052805 1148
30052805 1148
30052806 1148
30052806 1148
30052806 1148
30052807 1148
30052807 1148
30052807 1148
30052808 1148
30052808 1148
30052808 1148
30052809 1148
30052809 1148
30052809 1148
30052810 1148
30052810 1148
30052810 1148
30052811 1148
30052811 1148
30052811 1148
30052812 1148
30052812 1148
30052812 1152
30052813 1152
30052813 1152
30052813 1152
30052814 1152
30052814 1152
30052814 1152
30052815 1152
30052815 1152
30052815 1152
30052816 1152
30052816 1152
30052817 1152
30052817 1152
30052817 1152
30052818 1152
30052818 1152
30052818 1152
30052819 1152
30052819 1152
30052819 1152
30052820 1152
30052820 1152
30052820 1152
30052821 1152
30052821 1152
30052821 1152
30052822 1152
30052822 1152
30052822 1152
30052823 1152
30052823 1152
30052824 1152
30052824 1152
30052824 1152
30052825 1152
30052825 1152
30052825 1152
30052826 1152
30052826 1152
30052826 1152
30052827 1152
30052827 1152
30052827 1152
30052828 1156
30052828 1156
30052829 1156
30052829 1156
30052829 1156
30052830 1156
30052830 1156
30052830 1156
30052831 1156
30052831 1156
30052831 1156
30052832 1156
30052832 1156
30052832 1156
30052833 1156
30052833 1156
30052834 1156
30052834 1156
30052834 1156
30052835 1156
30052835 1156
30052835 1156
30052836 1156
30052836 1156
30052836 1156
30052837 1156
30052837 1156
30052838 1156
30052838 1156
30052838 1156
30052839 1156
30052839 1156
30052839 1156
30052840 1156
30052840 1156
30052840 1156
30052841 1156
30052841 1156
30052841 1156
30052842 1156
30052842 1156
30052843 1156
30052843 1156
30052843 1156
30052844 1156
30052844 1156
30052844 1156
30052845 1160
30052845 1160
30052845 1160
30052846 1160
30052846 1160
30052846 1160
30052847 1160
30052847 1160
30052847 1160
30052848 1160
30052848 1160
30052848 1160
30052849 1160
30052849 1160
30052849 1160
30052850 1160
30052850 1160
30052850 1160
30052851 1160
30052851 1160
30052852 1160
30052852 1160
30052852 1160
30052853 1160
30052853 1160
30052853 1160
30052854 1160
30052854 1160
30052854 1160
30052855 1160
30052855 1160
30052855 1160
30052856 1160
30052856 1160
30052856 1160
30052857 1160
30052857 1160
30052857 1160
30052858 1160
30052858 1160
30052858 1160
30052859 1160
30052859 1160
30052859 1160
30052900 1160
30052900 1160
30052900 1160
30052901 1160
30052901 1160
30052901 1160
30052902 1160
30052902 1164
30052902 1164
30052903 1164
30052903 1164
30052903 1164
30052904 1164
30052904 1164
30052905 1164
30052905 1164
30052905 1164
30052906 1164
30052906 1164
30052906 1164
30052907 1164
30052907 1164
30052907 1164
30052908 1164
30052908 1164
30052908 1164
30052909 1164
30052909 1164
30052910 1164
30052910 1164
30052910 1164
30052911 1164
30052911 1164
30052911 1164
30052912 1164
30052912 1164
30052912 1164
30052913 1164
30052913 1164
30052913 1164
30052914 1164
30052914 1164
30052914 1164
30052915 1164
30052915 1164
30052915 1164
30052916 1164
30052916 1164
30052917 1164
30052917 1164
30052917 1164
30052918 1164
30052918 1164
30052918 1164
30052919 1164
30052919 1164
30052919 1164
30052920 1164
30052920 1164
30052920 1168
30052921 1168
30052921 1168
30052921 1168
30052922 1168
30052922 1168
30052922 1168
30052923 1168
30052923 1168
30052923 1168
30052924 1168
30052924 1168
30052924 1168
30052925 1168
30052925 1168
30052926 1168
30052926 1168
30052926 1168
30052927 1168
30052927 1168
30052927 1168
30052928 1168
30052928 1168
30052928 1168
30052929 1168
30052929 1168
30052929 1168
30052930 1168
30052930 1168
30052931 1168
30052931 1168
30052931 1168
30052932 1168
30052932 1168
30052932 1168
30052933 1168
30052933 1168
30052933 1168
30052934 1168
30052934 1168
30052934 1168
30052935 1168
30052935 1168
30052935 1168
30052936 1168
30052936 1168
30052936 1168
30052937 1168
30052937 1168
30052937 1168
30052938 1168
30052938 1168
30052938 1168
30052939 1168
30052939 1168
30052939 1174
30052940 1174
30052940 1174
30052940 1174
30052941 1174
30052941 1174
30052941 1174
30052942 1174
30052942 1174
30052942 1174
30052943 1174
30052943 1174
30052943 1174
30052944 1174
30052944 1174
30052944 1174
30052945 1174
30052945 1174
30052945 1174
30052946 1174
30052946 1174
30052947 1174
30052947 1174
30052947 1174
30052948 1174
30052948 1174
30052948 1174
30052949 1174
30052949 1174
30052949 1174
30052950 1174
30052950 1174
30052950 1174
30052951 1174
30052951 1174
30052951 1174
30052952 1174
30052952 1174
30052952 1174
30052953 1174
30052953 1174
30052953 1174
30052954 1174
30052954 1174
30052954 1174
30052955 1174
30052955 1174
30052955 1174
30052956 1174
30052956 1174
30052956 1174
30052957 1174
30052957 1174
30052958 1174
30052958 1174
30052958 1174
30052959 1174
30052959 1174
30052959 1174
30053000 1178
30053000 1178
30053000 1178
30053001 1178
30053001 1178
30053001 1178
30053002 1178
30053002 1178
30053002 1178
30053003 1178
30053003 1178
30053003 1178
30053004 1178
30053004 1178
30053004 1178
30053005 1178
30053005 1178
30053006 1178
30053006 1178
30053006 1178
30053007 1178
30053007 1178
30053007 1178
30053008 1178
30053008 1178
30053008 1178
30053009 1178
30053009 1178
30053009 1178
30053010 1178
30053010 1178
30053010 1178
30053011 1178
30053011 1178
30053011 1178
30053012 1178
30053012 1178
30053013 1178
30053013 1178
30053013 1178
30053014 1178
30053014 1178
30053014 1178
30053015 1178
30053015 1178
30053015 1178
30053016 1178
30053016 1178
30053016 1178
30053017 1178
30053017 1178
30053017 1178
30053018 1178
30053018 1178
30053018 1178
30053019 1178
30053019 1178
30053020 1178
30053020 1178
30053020 1178
30053021 1182
30053021 1182
30053021 1182
30053022 1182
30053022 1182
30053022 1182
30053023 1182
30053023 1182
30053023 1182
30053024 1182
30053024 1182
30053025 1182
30053025 1182
30053025 1182
30053026 1182
30053026 1182
30053026 1182
30053027 1182
30053027 1182
30053027 1182
30053028 1182
30053028 1182
30053028 1182
30053029 1182
30053029 1182
30053029 1182
30053030 1182
30053030 1182
30053031 1182
30053031 1182
30053031 1182
30053032 1182
30053032 1182
30053032 1182
30053033 1182
30053033 1182
30053033 1182
30053034 1182
30053034 1182
30053034 1182
30053035 1182
30053035 1182
30053035 1182
30053036 1182
30053036 1182
30053036 1182
30053037 1182
30053037 1182
30053037 1182
30053038 1182
30053038 1182
30053038 1182
30053039 1182
30053039 1182
30053039 1182
30053040 1182
30053040 1182
30053040 1182
30053041 1182
30053041 1182
30053041 1182
30053042 1182
30053042 1182
30053042 1182
30053043 1186
30053043 1186
30053043 1186
30053044 1186
30053044 1186
30053045 1186
30053045 1186
30053045 1186
30053046 1186
30053046 1186
30053046 1186
30053047 1186
30053047 1186
30053047 1186
30053048 1186
30053048 1186
30053048 1186
30053049 1186
30053049 1186
30053049 1186
30053050 1186
30053050 1186
30053050 1186
30053051 1186
30053051 1186
30053051 1186
30053052 1186
30053052 1186
30053052 1186
30053053 1186
30053053 1186
30053053 1186
30053054 1186
30053054 1186
30053054 1186
30053055 1186
30053055 1186
30053055 1186
30053056 1186
30053056 1186
30053057 1186
30053057 1186
30053057 1186
30053058 1186
30053058 1186
30053058 1186
30053059 1186
30053059 1186
30053059 1186
30053100 1186
30053100 1186
30053100 1186
30053101 1186
30053101 1186
30053101 1186
30053102 1186
30053102 1186
30053102 1186
30053103 1186
30053103 1186
30053103 1186
30053104 1186
30053104 1186
30053104 1186
30053105 1186
30053105 1186
30053106 1190
30053106 1190
30053106 1190
30053107 1190
30053107 1190
30053107 1190
30053108 1190
30053108 1190
30053108 1190
30053109 1190
30053109 1190
30053109 1190
30053110 1190
30053110 1190
30053110 1190
30053111 1190
30053111 1190
30053112 1190
30053112 1190
30053112 1190
30053113 1190
30053113 1190
30053113 1190
30053114 1190
30053114 1190
30053114 1190
30053115 1190
30053115 1190
30053115 1190
30053116 1190
30053116 1190
30053116 1190
30053117 1190
30053117 1190
30053117 1190
30053118 1190
30053118 1190
30053119 1362
30053119 1194
30053119 1194
30053120 1194
30053120 1194
30053120 1194
30053121 1194
30053121 1194
30053121 1194
30053122 1194
30053122 1194
30053122 1194
30053123 1194
30053123 1194
30053123 1194
30053124 1194
30053124 1194
30053124 1194
30053125 1194
30053125 1194
30053125 1194
30053126 1194
30053126 1194
30053126 1194
30053127 1194
30053127 1194
30053127 1194
30053128 1194
30053128 1194
30053129 1194
30053129 1194
30053129 1194
30053130 1194
30053130 1194
30053130 1194
30053131 1194
30053131 1194
30053131 1194
30053132 1194
30053132 1194
30053132 1198
30053133 1198
30053133 1198
30053133 1198
30053134 1198
30053134 1198
30053134 1198
30053135 1198
30053135 1198
30053136 1198
30053136 1198
30053136 1198
30053137 1198
30053137 1198
30053137 1198
30053138 1198
30053138 1198
30053138 1198
30053139 1198
30053139 1198
30053139 1198
30053140 1198
30053140 1198
30053141 1198
30053141 1198
30053141 1198
30053142 1198
30053142 1198
30053142 1198
30053143 1198
30053143 1198
30053143 1198
30053144 1198
30053144 1198
30053144 1198
30053145 1198
30053145 1198
30053145 1198
30053146 1198
30053146 1204
30053146 1204
30053147 1204
30053147 1204
30053147 1204
30053148 1204
30053148 1204
30053148 1204
30053149 1204
30053149 1204
30053149 1204
30053150 1204
30053150 1204
30053150 1204
30053151 1204
30053151 1204
30053151 1204
30053152 1204
30053152 1204
30053153 1204
30053153 1204
30053153 1204
30053154 1204
30053154 1204
30053154 1204
30053155 1204
30053155 1204
30053155 1204
30053156 1204
30053156 1204
30053156 1204
30053157 1204
30053157 1204
30053157 1204
30053158 1204
30053158 1204
30053158 1204
30053159 1204
30053159 1204
30053159 1204
30053200 1204
30053200 1204
30053200 1208
30053201 1208
30053201 1208
30053201 1208
30053202 1208
30053202 1208
30053202 1208
30053203 1208
30053203 1208
30053203 1208
30053204 1208
30053204 1208
30053204 1208
30053205 1208
30053205 1208
30053205 1208
30053206 1208
30053206 1208
30053207 1208
30053207 1208
30053207 1208
30053208 1208
30053208 1208
30053208 1208
30053209 1208
30053209 1208
30053209 1208
30053210 1208
30053210 1208
30053210 1208
30053211 1208
30053211 1208
30053211 1208
30053212 1208
30053212 1208
30053213 1208
30053213 1208
30053213 1208
30053214 1208
30053214 1208
30053214 1208
30053215 1208
30053215 1212
30053215 1212
30053216 1212
30053216 1212
30053216 1212
30053217 1212
30053217 1212
30053217 1212
30053218 1212
30053218 1212
30053219 1212
30053219 1212
30053219 1212
30053220 1212
30053220 1212
30053220 1212
30053221 1212
30053221 1212
30053221 1212
30053222 1212
30053222 1212
30053222 1212
30053223 1212
30053223 1212
30053223 1212
30053224 1212
30053224 1212
30053224 1212
30053225 1212
30053225 1212
30053225 1212
30053226 1212
30053226 1212
30053226 1212
30053227 1212
30053227 1212
30053227 1212
30053228 1212
30053228 1212
30053229 1212
30053229 1212
30053229 1212
30053230 1218
30053230 1218
30053230 1218
30053231 1218
30053231 1218
30053231 1218
30053232 1218
30053232 1218
30053232 1218
30053233 1218
30053233 1218
30053233 1218
30053234 1218
30053234 1218
30053235 1218
30053235 1218
30053235 1218
30053236 1218
30053236 1218
30053236 1218
30053237 1218
30053237 1218
30053237 1218
30053238 1218
30053238 1218
30053238 1218
30053239 1218
30053239 1218
30053239 1218
30053240 1218
30053240 1218
30053241 1218
30053241 1218
30053241 1218
30053242 1218
30053242 1218
30053242 1218
30053243 1218
30053243 1218
30053244 1218
30053244 1218
30053244 1222
30053245 1222
30053245 1222
30053245 1222
30053246 1222
30053246 1222
30053246 1222
30053247 1222
30053247 1222
30053247 1222
30053248 1222
30053248 1222
30053248 1222
30053249 1222
30053249 1222
30053250 1222
30053250 1222
30053250 1222
30053251 1222
30053251 1222
30053251 1222
30053252 1222
30053252 1222
30053252 1222
30053253 1222
30053253 1222
30053253 1222
30053254 1222
30053254 1222
30053254 1222
30053255 1222
30053255 1222
30053256 1222
30053256 1222
30053256 1222
30053257 1222
30053257 1222
30053257 1222
30053258 1222
30053258 1222
30053258 1222
30053259 1222
30053259 1222
30053259 1228
30053300 1228
30053300 1228
30053300 1228
30053301 1228
30053301 1228
30053301 1228
30053302 1228
30053302 1228
30053302 1228
30053303 1228
30053303 1228
30053304 1228
30053304 1228
30053304 1228
30053305 1228
30053305 1228
30053305 1228
30053306 1228
30053306 1228
30053306 1228
30053307 1228
30053307 1228
30053307 1228
30053308 1228
30053308 1228
30053308 1228
30053309 1228
30053309 1228
30053309 1228
30053310 1228
30053310 1228
30053310 1228
30053311 1228
30053311 1228
30053312 1228
30053312 1228
30053312 1228
30053313 1228
30053313 1228
30053313 1228
30053314 1228
30053314 1228
30053314 1022
30053315 1232
30053315 1232
30053315 1232
30053316 1232
30053316 1232
30053316 1232
30053317 1232
30053317 1232
30053317 1232
30053318 1232
30053318 1232
30053319 1232
30053319 1232
30053319 1232
30053320 1232
30053320 1232
30053320 1232
30053321 1232
30053321 1232
30053321 1232
30053322 1232
30053322 1232
30053322 1232
30053323 1232
30053323 1232
30053323 1232
30053324 1232
30053324 1232
30053324 1232
30053325 1232
30053325 1232
30053325 1232
30053326 1232
30053326 1232
30053326 1232
30053327 1232
30053327 1232
30053327 1232
30053328 1232
30053328 1232
30053328 1232
30053329 1232
30053329 1232
30053329 1232
30053330 1238
30053330 1238
30053330 1238
30053331 1238
30053331 1238
30053331 1238
30053332 1238
30053332 1238
30053332 1238
30053333 1238
30053333 1238
30053333 1238
30053334 1238
30053334 1238
30053334 1238
30053335 1238
30053335 1238
30053336 1238
30053336 1238
30053336 1238
30053337 1238
30053337 1238
30053337 1238
30053338 1238
30053338 1238
30053338 1238
30053339 1238
30053339 1238
30053339 1238
30053340 1238
30053340 1238
30053340 1238
30053341 1238
30053341 1238
30053341 1238
30053342 1238
30053342 1238
30053342 1238
30053343 1238
30053343 1238
30053343 1238
30053344 1238
30053344 1238
30053344 1238
30053345 1238
30053345 1244
30053345 1244
30053346 1244
30053346 1244
30053347 1244
30053347 1244
30053347 1244
30053348 1244
30053348 1244
30053348 1244
30053349 1244
30053349 1244
30053349 1244
30053350 1244
30053350 1244
30053350 1244
30053351 1244
30053351 1244
30053351 1244
30053352 1244
30053352 1244
30053352 1244
30053353 1244
30053353 1244
30053354 1244
30053354 1244
30053354 1244
30053355 1244
30053355 1244
30053355 1244
30053356 1244
30053356 1244
30053356 1244
30053357 1244
30053357 1244
30053357 1244
30053358 1244
30053358 1244
30053358 1244
30053359 1244
30053359 1244
30053359 1244
30053400 1244
30053400 1244
30053401 1244
30053401 1248
30053401 1248
30053402 1248
30053402 1248
30053402 1248
30053403 1248
30053403 1248
30053403 1248
30053404 1248
30053404 1248
30053404 1248
30053405 1248
30053405 1248
30053405 1248
30053406 1248
30053406 1248
30053406 1248
30053407 1248
30053407 1248
30053407 1248
30053408 1248
30053408 1248
30053409 1248
30053409 1248
30053409 1248
30053410 1248
30053410 1248
30053410 1248
30053411 1248
30053411 1248
30053411 1248
30053412 1248
30053412 1248
30053412 1248
30053413 1248
30053413 1248
30053413 1248
30053414 1248
30053414 1248
30053414 1248
30053415 1248
30053415 1248
30053415 1248
30053416 1248
30053416 1248
30053416 1248
30053417 1248
30053417 1254
30053417 1254
30053418 1026
30053418 1026
30053418 1026
30053419 1026
30053419 1026
30053420 1028
30053420 1028
30053420 1028
30053421 1028
30053421 1028
30053421 1028
30053422 1028
30053422 1028
30053422 1028
30053423 1028
30053423 1030
30053423 1030
30053424 1030
30053424 1030
30053425 1030
30053425 1030
30053425 1030
30053426 1030
30053426 1030
30053426 1030
30053427 1030
30053427 1030
30053427 1030
30053428 1030
30053428 1032
30053428 1032
30053429 1032
30053429 1032
30053429 1032
30053430 1032
30053430 1032
30053430 1032
30053431 1032
30053431 1032
30053432 1032
30053432 1032
30053432 1032
30053433 1034
30053433 1034
30053433 1034
30053434 1034
30053434 1034
30053434 1036
30053435 1036
30053435 1036
30053435 1036
30053436 1036
30053436 1036
30053436 1036
30053437 1036
30053437 1036
30053437 1036
30053438 1036
30053438 1036
30053438 1036
30053439 1036
30053439 1036
30053439 1036
30053440 1036
30053440 1036
30053440 1036
30053441 1036
30053441 1036
30053442 1036
30053442 1036
30053442 1036
30053443 1038
30053443 1038
30053443 1038
30053444 1038
30053444 1038
30053444 1038
30053445 1038
30053445 1038
30053445 1038
30053446 1038
30053446 1038
30053446 1038
30053447 1038
30053447 1038
30053447 1038
30053448 1038
30053448 1038
30053448 1040
30053449 1040
30053449 1040
30053449 1040
30053450 1040
30053450 1040
30053451 1040
30053451 1040
30053451 1040
30053452 1040
30053452 1040
30053452 1040
30053453 1040
30053453 1040
30053453 1040
30053454 1040
30053454 1040
30053454 1040
30053455 1040
30053455 1042
30053455 1042
30053456 1042
30053456 1042
30053456 1042
30053457 1042
30053457 1042
30053457 1042
30053458 1042
30053458 1042
30053458 1042
30053459 1042
30053459 1042
30053500 1042
30053500 1042
30053500 1042
30053501 1042
30053501 1042
30053501 1042
30053502 1042
30053502 1042
30053502 1042
30053503 1042
30053503 1042
30053503 1042
30053504 1042
30053504 1042
30053504 1042
30053505 1042
30053505 1042
30053505 1042
30053506 1042
30053506 1042
30053506 1042
30053507 1042
30053507 1042
30053507 1042
30053508 1042
30053508 1042
30053508 1044
30053509 1044
30053509 1044
30053509 1044
30053510 1044
30053510 1044
30053511 1044
30053511 1044
30053511 1044
30053512 1044
30053512 1044
30053512 1044
30053513 1044
30053513 1044
30053513 1044
30053514 1044
30053514 1044
30053514 1044
30053515 1044
30053515 1044
30053515 1044
30053516 1044
30053516 1044
30053516 1044
30053517 1044
30053517 1044
30053517 1044
30053518 1044
30053518 1044
30053518 1044
30053519 1044
30053519 1044
30053519 1044
30053520 1046
30053520 1046
30053521 1046
30053521 1046
30053521 1046
30053522 1046
30053522 1046
30053522 1046
30053523 1046
30053523 1046
30053523 1046
30053524 1046
30053524 1046
30053524 1046
30053525 1046
30053525 1046
30053526 1046
30053526 1046
30053526 1046
30053527 1046
30053527 1046
30053527 1046
30053528 1046
30053528 1046
30053528 1046
30053529 1046
30053529 1046
30053529 1046
30053530 1046
30053530 1046
30053531 1046
30053531 1046
30053531 1046
30053532 1046
30053532 1048
30053532 1048
30053533 1048
30053533 1048
30053533 1048
30053534 1048
30053534 1048
30053534 1048
30053535 1048
30053535 1048
30053535 1048
30053536 1048
30053536 1048
30053537 1048
30053537 1048
30053537 1048
30053538 1048
30053538 1048
30053538 1048
30053539 1048
30053539 1048
30053539 1048
30053540 1048
30053540 1048
30053540 1048
30053541 1048
30053541 1048
30053541 1048
30053542 1048
30053542 1048
30053542 1048
30053543 1048
30053543 1048
30053543 1048
30053544 1048
30053544 1048
30053544 1048
30053545 1048
30053545 1048
30053545 1048
30053546 1048
30053546 1048
30053547 1048
30053547 1048
30053547 1048
30053548 1050
30053548 1050
30053548 1050
30053549 1050
30053549 1050
30053549 1050
30053550 1050
30053550 1050
30053550 1050
30053551 1050
30053551 1050
30053551 1050
30053552 1050
30053552 1050
30053552 1050
30053553 1050
30053553 1050
30053553 1050
30053554 1050
30053554 1050
30053554 1050
30053555 1050
30053555 1050
30053555 1050
30053556 1050
30053556 1050
30053557 1050
30053557 1050
30053557 1050
30053558 1050
30053558 1050
30053558 1050
30053559 1050
30053559 1050
30053559 1050
30053600 1050
30053600 1050
30053600 1050
30053601 1050
30053601 1050
30053601 1050
30053602 1050
30053602 1050
30053602 1050
30053603 1050
30053603 1050
30053603 1050
30053604 1050
30053604 1050
30053605 1050
30053605 1050
30053605 1050
30053606 1052
30053606 1052
30053606 1052
30053607 1052
30053607 1052
30053607 1052
30053608 1052
30053608 1052
30053608 1052
30053609 1052
30053609 1052
30053609 1052
30053610 1052
30053610 1052
30053610 1052
30053611 1052
30053611 1052
30053611 1052
30053612 1052
30053612 1052
30053612 1052
30053613 1052
30053613 1052
30053613 1052
30053614 1052
30053614 1052
30053614 1052
30053615 1052
30053615 1052
30053616 1054
30053616 1054
30053616 1054
30053617 1054
30053617 1054
30053617 1054
30053618 1054
30053618 1054
30053618 1054
30053619 1054
30053619 1054
30053619 1054
30053620 1054
30053620 1054
30053620 1054
30053621 1054
30053621 1054
30053622 1054
30053622 1054
30053622 1054
30053623 1054
30053623 1054
30053623 1054
30053624 1054
30053624 1054
30053624 1054
30053625 1054
30053625 1054
30053625 1054
30053626 1054
30053626 1054
30053627 1054
30053627 1054
30053627 1054
30053628 1054
30053628 1054
30053628 1054
30053629 1054
30053629 1056
30053629 1056
30053630 1056
30053630 1056
30053630 1058
30053631 1058
30053631 1058
30053632 1058
30053632 1058
30053632 1058
30053633 1058
30053633 1058
30053633 1060
30053634 1060
30053634 1060
30053634 1060
30053635 1062
30053635 1062
30053635 1062
30053636 1062
30053636 1062
30053636 1064
30053637 1064
30053637 1064
30053637 1064
30053638 1064
30053638 1066
30053638 1066
30053639 1066
30053639 1066
30053639 1066
30053640 1068
30053640 1068
30053641 1068
30053641 1068
30053641 1068
30053642 1070
30053642 1070
30053642 1070
30053643 1070
30053643 1070
30053643 1070
30053644 1072
30053644 1072
30053644 1072
30053645 1072
30053645 1072
30053645 1074
30053646 1074
30053646 1074
30053646 1074
30053647 1074
30053647 1074
30053647 1076
30053648 1076
30053648 1076
30053648 1076
30053649 1076
30053649 1076
30053650 1078
30053650 1078
30053650 1078
30053651 1078
30053651 1078
30053651 1078
30053652 1080
30053652 1080
30053652 1080
30053653 1080
30053653 1080
30053653 1080
30053654 1080
30053654 1082
30053654 1082
30053655 1082
30053655 1082
30053656 1082
30053656 1082
30053656 1086
30053657 1086
30053657 1086
30053657 1086
30053658 1086
30053658 1086
30053658 1086
30053659 1088
30053659 1088
30053659 1088
30053700 1088
30053700 1088
30053700 1088
30053701 1088
30053701 1088
30053701 1090
30053702 1090
30053702 1090
30053702 1090
30053703 1090
30053703 1090
30053703 1090
30053704 1020
30053704 1094
30053704 1094
30053705 1094
30053705 1094
30053705 1094
30053706 1094
30053706 1094
30053706 1094
30053707 1096
30053707 1096
30053707 1096
30053708 1096
30053708 1096
30053709 1096
30053709 1096
30053709 1098
30053710 1100
30053710 1100
30053710 1100
30053711 1100
30053711 1100
30053711 1100
30053712 1100
30053712 1104
30053712 1104
30053713 1104
30053713 1104
30053713 1104
30053714 1104
30053714 1104
30053714 1104
30053715 1108
30053715 1108
30053715 1108
30053716 1108
30053716 1108
30053716 1108
30053717 1108
30053717 1112
30053717 1112
30053718 1112
30053718 1112
30053719 1112
30053719 1112
30053719 1112
30053720 1116
30053720 1116
30053720 1116
30053721 1022
