30014732 0
30014733 1132
30014733 1138
30014734 1144
30014734 1150
30014734 1154
30014735 1160
30014735 1166
30014735 1176
30014736 1186
30014736 1196
30014736 1214
30014737 1236
30014737 1254
30014737 1414
30014738 1284
30014738 1304
30014738 1318
30014739 1344
30014739 1358
30014739 1372
30014739 1138
30014740 1144
30014740 1148
30014740 1152
30014741 1156
30014741 1158
30014741 1162
30014742 1166
30014742 1168
30014742 1172
30014743 1176
30014743 1184
30014743 1190
30014744 1122
30014744 1124
30014744 1126
30014745 1130
30014745 1134
30014745 1136
30014746 1140
30014746 1142
30014746 1146
30014747 1146
