30120459 0
30120459 1790
30120459 1790
30120500 1790
30120500 1790
30120500 1790
30120501 1790
30120501 1790
30120501 1790
30120502 1790
30120502 1790
30120502 1790
30120503 1790
30120503 1790
30120503 1790
30120504 1790
30120504 1790
30120504 1790
30120505 1790
30120505 1790
30120505 1790
30120506 1790
30120506 1790
30120506 1790
30120507 1790
30120507 1790
30120507 1790
30120508 1790
30120508 1790
30120508 1790
30120509 1790
30120509 1790
30120509 1790
30120510 1790
30120510 1790
30120510 1790
30120511 1790
30120511 1790
30120511 1790
30120512 1790
30120512 1790
30120512 1790
30120513 1790
30120513 1790
30120513 1790
30120514 1790
30120514 1790
30120514 1790
30120515 1790
30120515 1790
30120515 1900
30120516 1900
30120516 1900
30120516 1900
30120517 1900
30120517 1900
30120517 1900
30120518 1900
30120518 1900
30120518 1900
30120519 1900
30120519 1900
30120519 1900
30120520 1900
30120520 1900
30120520 1900
30120521 1900
30120521 1900
30120521 1900
30120522 1900
30120522 1900
30120522 1900
30120522 1900
30120523 1900
30120523 1900
30120523 1900
30120524 1900
30120524 1900
30120524 1900
30120525 1900
30120525 1900
30120525 1900
30120526 1900
30120526 1900
30120526 1900
30120527 1900
30120527 1900
30120527 1900
30120528 1900
30120528 1900
30120528 1900
30120529 1900
30120529 1900
30120529 1900
30120530 1900
30120530 1900
30120530 1900
30120531 1900
30120531 1900
30120531 1900
30120532 2024
30120532 2024
30120532 2024
30120533 2024
30120533 2024
30120533 2024
30120534 2024
30120534 2024
30120534 2024
30120535 2024
30120535 2024
30120535 2024
30120536 2024
30120536 2024
30120536 2024
30120537 2024
30120537 2024
30120537 2024
30120538 2024
30120538 2024
30120538 2024
30120539 2024
30120539 2024
30120539 2024
30120540 2024
30120540 2024
30120540 2024
30120541 2024
30120541 2024
30120541 2024
30120542 2024
30120542 2024
30120542 2024
30120543 2024
30120543 2024
30120543 2024
30120544 2024
30120544 2024
30120544 2024
30120545 2024
30120545 2024
30120545 2024
30120546 2024
30120546 2024
30120546 2024
30120547 2024
30120547 2024
30120547 2024
30120548 2024
30120548 2024
30120548 2024
30120549 2024
30120549 2024
30120549 2024
30120550 2024
30120550 2162
30120550 2162
30120551 2162
30120551 2162
30120551 2162
30120552 2162
30120552 2162
30120552 2162
30120553 2162
30120553 2162
30120553 2162
30120554 2162
30120554 2162
30120554 2162
30120555 2162
30120555 2162
30120555 2162
30120556 2162
30120556 2162
30120556 2162
30120557 2162
30120557 2162
30120557 2162
30120558 2162
30120558 2162
30120558 2162
30120559 2162
30120559 2162
30120559 2162
30120600 2162
30120600 2162
30120600 2162
30120601 2162
30120601 2162
30120601 2162
30120602 2162
30120602 2162
30120602 2162
30120603 2162
30120603 2162
30120603 2162
30120603 2162
30120604 2162
30120604 2162
30120604 2162
30120605 2162
30120605 2162
30120605 2162
30120606 2162
30120606 2162
30120606 2162
30120607 2162
30120607 2162
30120607 2162
30120608 2162
30120608 2162
30120608 2162
30120609 2162
30120609 2162
30120609 2162
30120610 2322
30120610 2322
30120610 2322
30120611 2322
30120611 2322
30120611 2322
30120612 2322
30120612 2322
30120612 2322
30120613 2322
30120613 2322
30120613 2322
30120614 2322
30120614 2322
30120614 2322
30120615 2322
30120615 2322
30120615 2322
30120616 2322
30120616 2322
30120616 2322
30120617 2322
30120617 2322
30120617 2322
30120618 2322
30120618 2322
30120618 2322
30120619 2322
30120619 2322
30120619 2322
30120620 2322
30120620 2322
30120620 2322
30120621 2322
30120621 2322
30120621 2322
30120622 2322
30120622 2322
30120622 2322
30120623 2322
30120623 2322
30120623 2322
30120624 2322
30120624 2322
30120624 2322
30120625 2322
30120625 2322
30120625 2322
30120626 2322
30120626 2322
30120626 2322
30120627 2322
30120627 2322
30120627 2322
30120628 2322
30120628 2322
30120628 2322
30120629 2322
30120629 2322
30120629 2322
30120630 2322
30120630 2322
30120630 2322
30120631 2322
30120631 2322
30120631 2500
30120632 2500
30120632 2500
30120632 2500
30120633 2500
30120633 2500
30120633 2500
30120634 2500
30120634 2500
30120634 2500
30120635 2500
30120635 2500
30120635 2500
30120636 2500
30120636 2500
30120636 2500
30120637 2500
30120637 2500
30120637 2500
30120638 2500
30120638 2500
30120638 2500
30120639 2500
30120639 2500
30120639 2500
30120640 2500
30120640 2500
30120640 2500
30120641 2500
30120641 2500
30120641 2500
30120642 2500
30120642 2500
30120642 2500
30120643 2500
30120643 2500
30120643 2500
30120644 2500
30120644 2500
30120644 2500
30120645 2500
30120645 2500
30120645 2500
30120645 2500
30120646 2500
30120646 2500
30120646 2500
30120647 2500
30120647 2500
30120647 2500
30120648 2500
30120648 2500
30120648 2500
30120649 2500
30120649 2500
30120649 2500
30120650 2500
30120650 2500
30120650 2500
30120651 2500
30120651 2500
30120651 2500
30120652 2500
30120652 2500
30120652 2500
30120653 2500
30120653 2500
30120653 2500
30120654 2500
30120654 4052
30120654 2700
30120655 2700
30120655 2700
30120655 2700
30120656 2700
30120656 2700
30120656 2700
30120657 2700
30120657 2700
30120657 2700
30120658 2700
30120658 2700
30120658 2700
30120659 2700
30120659 2700
30120659 2700
30120700 2700
30120700 2700
30120700 2700
30120701 2700
30120701 2700
30120701 2700
30120702 2700
30120702 2700
30120702 2700
30120703 2700
30120703 2700
30120703 2700
30120704 2700
30120704 2700
30120704 2700
30120705 2700
30120705 2700
30120705 2700
30120706 2700
30120706 2700
30120706 2700
30120707 2700
30120707 2700
30120707 2700
30120708 2700
30120708 2700
30120708 2700
30120709 2700
30120709 2700
30120709 2700
30120710 2700
30120710 2700
30120710 2700
30120711 2700
30120711 2700
30120711 2700
30120712 2700
30120712 2700
30120712 2700
30120713 2700
30120713 2700
30120713 2700
30120714 2700
30120714 2700
30120714 2700
30120715 2700
30120715 2700
30120715 2700
30120716 2700
30120716 2700
30120716 1374
30120717 1374
30120717 1374
30120717 1374
30120718 1374
30120718 1374
30120718 1374
30120719 1374
30120719 1374
30120719 1374
30120720 1374
30120720 1374
30120720 1374
30120721 1374
30120721 1374
30120721 1374
30120722 1374
30120722 1374
30120722 1374
30120723 1374
30120723 1374
30120723 1374
30120724 1374
30120724 1374
30120724 1374
30120725 1374
30120725 1374
30120725 1374
30120726 1374
30120726 1374
30120726 1374
30120726 1374
30120727 1374
30120727 1374
30120727 1374
30120728 1374
30120728 1374
30120728 1374
30120729 1374
30120729 1374
30120729 1374
30120730 1374
30120730 1374
30120730 1374
30120731 1374
30120731 1374
30120731 1374
30120732 1374
30120732 1374
30120732 1374
30120733 1374
30120733 1374
30120733 1374
30120734 1374
30120734 1374
30120734 1374
30120735 1374
30120735 1374
30120735 1374
30120736 1374
30120736 1374
30120736 1374
30120737 1374
30120737 1374
30120737 1374
30120738 1374
30120738 1402
30120738 1402
30120739 1402
30120739 1402
30120739 1402
30120740 1402
30120740 1402
30120740 1402
30120741 1402
30120741 1402
30120741 1402
30120742 1402
30120742 1402
30120742 1402
30120743 1402
30120743 1402
30120743 1402
30120744 1402
30120744 1402
30120744 1402
30120745 1402
30120745 1402
30120745 1402
30120746 1402
30120746 1402
30120746 1402
30120747 1402
30120747 1402
30120747 1402
30120748 1402
30120748 1402
30120748 1402
30120749 1402
30120749 1402
30120749 1402
30120750 1402
30120750 1402
30120750 1402
30120751 1402
30120751 1402
30120751 1402
30120752 1402
30120752 1402
30120752 1402
30120753 1402
30120753 1402
30120753 1402
30120754 1402
30120754 1402
30120754 1402
30120755 1402
30120755 1402
30120755 1402
30120756 1402
30120756 1402
30120756 1402
30120757 1402
30120757 1402
30120757 1402
30120758 1402
30120758 1402
30120758 1402
30120759 1402
30120759 1402
30120759 1402
30120800 1402
30120800 1434
30120800 1434
30120801 1434
30120801 1434
30120801 1434
30120802 1434
30120802 1434
30120802 1434
30120803 1434
30120803 1434
30120803 1434
30120804 1434
30120804 1434
30120804 1434
30120805 1434
30120805 1434
30120805 1434
30120806 1434
30120806 1434
30120806 1434
30120807 1434
30120807 1434
30120807 1434
30120808 1434
30120808 1434
30120808 1434
30120808 1434
30120809 1434
30120809 1434
30120809 1434
30120810 1434
30120810 1434
30120810 1434
30120811 1434
30120811 1434
30120811 1434
30120812 1434
30120812 1434
30120812 1434
30120813 1434
30120813 1434
30120813 1434
30120814 1434
30120814 1434
30120814 1434
30120815 1434
30120815 1434
30120815 1434
30120816 1434
30120816 1434
30120816 1434
30120817 1434
30120817 1434
30120817 1434
30120818 1434
30120818 1434
30120818 1434
30120819 1434
30120819 1434
30120819 1434
30120820 1434
30120820 1434
30120820 1434
30120821 1434
30120821 1434
30120821 1434
30120822 1470
30120822 1470
30120822 1470
30120823 1470
30120823 1470
30120823 1470
30120824 1470
30120824 1470
30120824 1470
30120825 1470
30120825 1470
30120825 1470
30120826 1470
30120826 1470
30120826 1470
30120827 1470
30120827 1470
30120827 1470
30120828 1470
30120828 1470
30120828 1470
30120829 1470
30120829 1470
30120829 1470
30120830 1470
30120830 1470
30120830 1470
30120831 1470
30120831 1470
30120831 1470
30120832 1470
30120832 1470
30120832 1470
30120833 1470
30120833 1470
30120833 1470
30120834 1470
30120834 1470
30120834 1470
30120835 1470
30120835 1470
30120835 1470
30120836 1470
30120836 1470
30120836 1470
30120837 1470
30120837 1470
30120837 1470
30120838 1470
30120838 1470
30120838 1470
30120839 1470
30120839 1470
30120839 1470
30120840 1470
30120840 1470
30120840 1470
30120841 1470
30120841 1470
30120841 1470
30120842 1470
30120842 1470
30120842 1470
30120843 1470
30120843 1470
30120843 1470
30120844 1470
30120844 1470
30120844 1470
30120845 1508
30120845 1508
30120845 1508
30120846 1508
30120846 1508
30120846 1508
30120847 1508
30120847 1508
30120847 1508
30120848 1508
30120848 1508
30120848 1508
30120849 1508
30120849 1508
30120849 1508
30120850 1508
30120850 1508
30120850 1508
30120851 1508
30120851 1508
30120851 1508
30120852 1508
30120852 1508
30120852 1508
30120852 1508
30120853 1508
30120853 1508
30120853 1508
30120854 1508
30120854 1508
30120854 1508
30120855 1508
30120855 1508
30120855 1508
30120856 1508
30120856 1508
30120856 1508
30120857 1508
30120857 1508
30120857 1508
30120858 1508
30120858 1508
30120858 1508
30120859 1508
30120859 1508
30120859 1508
30120900 1508
30120900 1508
30120900 1508
30120901 1508
30120901 1508
30120901 1508
30120902 1508
30120902 1508
30120902 1508
30120903 1508
30120903 1508
30120903 1508
30120904 1508
30120904 1508
30120904 1508
30120905 1508
30120905 1508
30120905 1508
30120906 1508
30120906 1508
30120906 1508
30120907 1508
30120907 1508
30120907 1508
30120908 1548
30120908 1548
30120908 1548
30120909 1548
30120909 1548
30120909 1548
30120910 1548
30120910 1548
30120910 1548
30120911 1548
30120911 1548
30120911 1548
30120912 1548
30120912 1548
30120912 1548
30120913 1548
30120913 1548
30120913 1548
30120914 1548
30120914 1548
30120914 1548
30120915 1548
30120915 1548
30120915 1548
30120916 1548
30120916 1548
30120916 1548
30120917 1548
30120917 1548
30120917 1548
30120918 1548
30120918 1548
30120918 1548
30120919 1548
30120919 1548
30120919 1548
30120920 1548
30120920 1548
30120920 1548
30120921 1548
30120921 1548
30120921 1548
30120922 1548
30120922 1548
30120922 1548
30120923 1548
30120923 1548
30120923 1548
30120924 1548
30120924 1548
30120924 1548
30120925 1548
30120925 1548
30120925 1548
30120926 1548
30120926 1548
30120926 1548
30120927 1548
30120927 1548
30120927 1548
30120928 1548
30120928 1548
30120928 1548
30120929 1548
30120929 1548
30120929 1548
30120930 1548
30120930 1548
30120930 1548
30120931 1548
30120931 1548
30120931 1548
30120932 1548
30120932 1548
30120932 1548
30120933 1548
30120933 1548
30120933 1548
30120934 1594
30120934 1594
30120934 1594
30120934 1594
30120935 1594
30120935 1594
30120935 1594
30120936 1594
30120936 1594
30120936 1594
30120937 1594
30120937 1594
30120937 1594
30120938 1594
30120938 1594
30120938 1594
30120939 1594
30120939 1594
30120939 1594
30120940 1594
30120940 1594
30120940 1594
30120941 1594
30120941 1594
30120941 1594
30120942 1594
30120942 1594
30120942 1594
30120943 1594
30120943 1594
30120943 1594
30120944 1594
30120944 1594
30120944 1594
30120945 1594
30120945 1594
30120945 1594
30120946 1594
30120946 1594
30120946 1594
30120947 1594
30120947 1594
30120947 1594
30120948 1594
30120948 1594
30120948 1594
30120949 1594
30120949 1594
30120949 1594
30120950 1594
30120950 1594
30120950 1594
30120951 1594
30120951 1594
30120951 1594
30120952 1594
30120952 1594
30120952 1594
30120953 1594
30120953 1594
30120953 1594
30120954 1594
30120954 1594
30120954 1594
30120955 1594
30120955 1594
30120955 1594
30120956 1594
30120956 1594
30120956 1594
30120957 1594
30120957 1594
30120957 1594
30120958 1594
30120958 1594
30120958 1594
30120959 1594
30120959 1594
30120959 1594
30121000 1594
30121000 1646
30121000 1646
30121001 1646
30121001 1646
30121001 1646
30121002 1646
30121002 1646
30121002 1646
30121003 1646
30121003 1646
30121003 1646
30121004 1646
30121004 1646
30121004 1646
30121005 1646
30121005 1646
30121005 1646
30121006 1646
30121006 1646
30121006 1646
30121007 1646
30121007 1646
30121007 1646
30121008 1646
30121008 1646
30121008 1646
30121009 1646
30121009 1646
30121009 1646
30121010 1646
30121010 1646
30121010 1646
30121011 1646
30121011 1646
30121011 1646
30121012 1646
30121012 1646
30121012 1646
30121013 1646
30121013 1646
30121013 1646
30121014 1646
30121014 1646
30121014 1646
30121015 1646
30121015 1646
30121015 1646
30121016 1646
30121016 1646
30121016 1646
30121017 1646
30121017 1646
30121017 1646
30121017 1646
30121018 1646
30121018 1646
30121018 1646
30121019 1646
30121019 1646
30121019 1646
30121020 1646
30121020 1646
30121020 1646
30121021 1646
30121021 1646
30121021 1646
30121022 1646
30121022 1646
30121022 1646
30121023 1646
30121023 1646
30121023 1646
30121024 1646
30121024 1646
30121024 1646
30121025 1646
30121025 1646
30121025 1646
30121026 1646
30121026 1646
30121026 1646
30121027 1646
30121027 1646
30121027 1646
30121028 1646
30121028 1646
30121028 1646
30121029 1646
30121029 1646
30121029 1700
30121030 1700
30121030 1700
30121030 1700
30121031 1700
30121031 1700
30121031 1700
30121032 1700
30121032 1700
30121032 1700
30121033 1700
30121033 1700
30121033 1700
30121034 1700
30121034 1700
30121034 1700
30121035 1700
30121035 1700
30121035 1700
30121036 1700
30121036 1700
30121036 1700
30121037 1700
30121037 1700
30121037 1700
30121038 1700
30121038 1700
30121038 1700
30121039 1700
30121039 1700
30121039 1700
30121040 1700
30121040 1700
30121040 1700
30121041 1700
30121041 1700
30121041 1700
30121042 1700
30121042 1700
30121042 1700
30121043 1700
30121043 1700
30121043 1700
30121044 1700
30121044 1700
30121044 1700
30121045 1700
30121045 1700
30121045 1700
30121046 1700
30121046 1700
30121046 1700
30121047 1700
30121047 1700
30121047 1700
30121048 1700
30121048 1700
30121048 1700
30121049 1700
30121049 1700
30121049 1700
30121050 1700
30121050 1700
30121050 1700
30121051 1700
30121051 1700
30121051 1700
30121052 1700
30121052 1700
30121052 1700
30121053 1700
30121053 1700
30121053 1700
30121054 1700
30121054 1700
30121054 1700
30121055 1700
30121055 1700
30121055 1700
30121056 1700
30121056 1700
30121056 1700
30121057 1700
30121057 1700
30121057 1700
30121058 1700
30121058 1700
30121058 1700
30121059 1760
30121059 1760
30121059 1760
30121100 1760
30121100 1760
30121100 1760
30121100 1760
30121101 1760
30121101 1760
30121101 1760
30121102 1760
30121102 1760
30121102 1760
30121103 1760
30121103 1760
30121103 1760
30121104 1760
30121104 1760
30121104 1760
30121105 1760
30121105 1760
30121105 1760
30121106 1760
30121106 1760
30121106 1760
30121107 1760
30121107 1760
30121107 1760
30121108 1760
30121108 1760
30121108 1760
30121109 1760
30121109 1760
30121109 1760
30121110 1760
30121110 1760
30121110 1760
30121111 1760
30121111 1760
30121111 1760
30121112 1760
30121112 1760
30121112 1760
30121113 1760
30121113 1760
30121113 1760
30121114 1760
30121114 1760
30121114 1760
30121115 1760
30121115 1760
30121115 1760
30121116 1760
30121116 1760
30121116 1760
30121117 1760
30121117 1760
30121117 1760
30121118 1760
30121118 1760
30121118 1760
30121119 1760
30121119 1760
30121119 1760
30121120 1760
30121120 1760
30121120 1760
30121121 1760
30121121 1822
30121121 1822
30121122 1822
30121122 1822
30121122 1822
30121123 1822
30121123 1822
30121123 1822
30121124 1822
30121124 1822
30121124 1822
30121125 1822
30121125 1822
30121125 1822
30121126 1822
30121126 1822
30121126 1822
30121127 1822
30121127 1822
30121127 1822
30121128 1822
30121128 1822
30121128 1822
30121129 1822
30121129 1822
30121129 1822
30121130 1822
30121130 1822
30121130 1822
30121131 1822
30121131 1822
30121131 1822
30121132 1822
30121132 1822
30121132 1822
30121133 1822
30121133 1822
30121133 1822
30121134 1822
30121134 1822
30121134 1822
30121135 1822
30121135 1822
30121135 1822
30121136 1822
30121136 1822
30121136 1822
30121137 1822
30121137 1822
30121137 1822
30121138 1822
30121138 1822
30121138 1822
30121139 1822
30121139 1822
30121139 1822
30121140 1822
30121140 1822
30121140 1890
30121141 1890
30121141 1890
30121141 1890
30121142 1890
30121142 1890
30121142 1890
30121143 1890
30121143 1890
30121143 1890
30121144 1890
30121144 1890
30121144 1890
30121144 1890
30121145 1890
30121145 1890
30121145 1890
30121146 1890
30121146 1890
30121146 1890
30121147 1890
30121147 1890
30121147 1890
30121148 1890
30121148 1890
30121148 1890
30121149 1890
30121149 1890
30121149 1890
30121150 1890
30121150 1890
30121150 1890
30121151 1890
30121151 1890
30121151 1890
30121152 1890
30121152 1890
30121152 1890
30121153 1890
30121153 1890
30121153 1890
30121154 1890
30121154 1890
30121154 1890
30121155 1890
30121155 1890
30121155 1890
30121156 1890
30121156 1890
30121156 1890
30121157 1890
30121157 1890
30121157 1890
30121158 1890
30121158 1890
30121158 1890
30121159 1890
30121159 1890
30121159 1890
30121200 1890
30121200 1890
30121200 1890
30121201 1962
30121201 1962
30121201 1962
30121202 1962
30121202 1962
30121202 1962
30121203 1962
30121203 1962
30121203 1962
30121204 1962
30121204 1962
30121204 1962
30121205 1962
30121205 1962
30121205 1962
30121206 1962
30121206 1962
30121206 1962
30121207 1962
30121207 1962
30121207 1962
30121208 1962
30121208 1962
30121208 1962
30121209 1962
30121209 1962
30121209 1962
30121210 1962
30121210 1962
30121210 1962
30121211 1962
30121211 1962
30121211 1962
30121212 1962
30121212 1962
30121212 1962
30121213 1962
30121213 1962
30121213 1962
30121214 1962
30121214 1962
30121214 1962
30121215 1962
30121215 1962
30121215 1962
30121216 1962
30121216 1962
30121216 1962
30121217 1962
30121217 1962
30121217 1962
30121218 1962
30121218 1962
30121218 1962
30121219 1962
30121219 1962
30121219 1962
30121220 1962
30121220 1962
30121220 1962
30121221 1962
30121221 1962
30121221 1962
30121222 1962
30121222 1962
30121222 1962
30121223 1962
30121223 2044
30121223 2044
30121223 2044
30121224 2044
30121224 2044
30121224 2044
30121225 2044
30121225 2044
30121225 2044
30121226 2044
30121226 2044
30121226 2044
30121227 2044
30121227 2044
30121227 2044
30121228 2044
30121228 2044
30121228 2044
30121229 2044
30121229 2044
30121229 2044
30121230 2044
30121230 2044
30121230 2044
30121231 2044
30121231 2044
30121231 2044
30121232 2044
30121232 2044
30121232 2044
30121233 2044
30121233 2044
30121233 2044
30121234 2044
30121234 2044
30121234 2044
30121235 2044
30121235 2044
30121235 2044
30121236 2044
30121236 2044
30121236 2044
30121237 2044
30121237 2044
30121237 2044
30121238 2044
30121238 2044
30121238 2044
30121239 2044
30121239 2044
30121239 2044
30121240 2044
30121240 2044
30121240 2044
30121241 2044
30121241 2044
30121241 2044
30121242 2044
30121242 2044
30121242 2044
30121243 2044
30121243 2044
30121243 2044
30121244 2044
30121244 2044
30121244 2044
30121245 2044
30121245 2044
30121245 2044
30121246 2044
30121246 2044
30121246 2044
30121247 3046
30121247 2130
30121247 2130
30121248 2130
30121248 2130
30121248 2130
30121249 2130
30121249 2130
30121249 2130
30121250 2130
30121250 2130
30121250 2130
30121251 2130
30121251 2130
30121251 2130
30121252 2130
30121252 2130
30121252 2130
30121253 2130
30121253 2130
30121253 2130
30121254 2130
30121254 2130
30121254 2130
30121255 2130
30121255 2130
30121255 2130
30121256 2130
30121256 2130
30121256 2130
30121257 2130
30121257 2130
30121257 2130
30121258 2130
30121258 2130
30121258 2130
30121259 2130
30121259 2130
30121259 2130
30121300 2130
30121300 2130
30121300 2130
30121301 2130
30121301 2130
30121301 2130
30121302 2130
30121302 2130
30121302 2130
30121303 2130
30121303 2130
30121303 2130
30121304 2130
30121304 2130
30121304 2130
30121305 2130
30121305 2130
30121305 2130
30121305 2130
30121306 2130
30121306 2130
30121306 2130
30121307 2130
30121307 2130
30121307 2130
30121308 2130
30121308 2130
30121308 2130
30121309 2130
30121309 2130
30121309 2130
30121310 2130
30121310 2130
30121310 2130
30121311 2130
30121311 2130
30121311 2130
30121312 2130
30121312 2224
30121312 2224
30121313 2224
30121313 2224
30121313 2224
30121314 2224
30121314 2224
30121314 2224
30121315 2224
30121315 2224
30121315 2224
30121316 2224
30121316 2224
30121316 2224
30121317 2224
30121317 2224
30121317 2224
30121318 2224
30121318 2224
30121318 2224
30121319 2224
30121319 2224
30121319 2224
30121320 2224
30121320 2224
30121320 2224
30121321 2224
30121321 2224
30121321 2224
30121322 2224
30121322 2224
30121322 2224
30121323 2224
30121323 2224
30121323 2224
30121324 2224
30121324 2224
30121324 2224
30121325 2224
30121325 2224
30121325 2224
30121326 2224
30121326 2224
30121326 2224
30121327 2224
30121327 2224
30121327 2224
30121328 2224
30121328 2224
30121328 2224
30121329 2322
30121329 2322
30121329 2322
30121330 2322
30121330 2322
30121330 2322
30121331 2322
30121331 2322
30121331 2322
30121332 2322
30121332 2322
30121332 2322
30121333 2322
30121333 2322
30121333 2322
30121334 2322
30121334 2322
30121334 2322
30121335 2322
30121335 2322
30121335 2322
30121336 2322
30121336 2322
30121336 2322
30121337 2322
30121337 2322
30121337 2322
30121338 2322
30121338 2322
30121338 2322
30121339 2322
30121339 2322
30121339 2322
30121340 2322
30121340 2322
30121340 2322
30121341 2322
30121341 2322
30121341 2322
30121342 2322
30121342 2322
30121342 2322
30121343 2322
30121343 2322
30121343 2322
30121344 2322
30121344 2322
30121344 2322
30121345 2322
30121345 2322
30121345 2322
30121345 2322
30121346 2430
30121346 2430
30121346 2430
30121347 2430
30121347 2430
30121347 2430
30121348 2430
30121348 2430
30121348 2430
30121349 2430
30121349 2430
30121349 2430
30121350 2430
30121350 2430
30121350 2430
30121351 2430
30121351 2430
30121351 2430
30121352 2430
30121352 2430
30121352 2430
30121353 2430
30121353 2430
30121353 2430
30121354 2430
30121354 2430
30121354 2430
30121355 2430
30121355 2430
30121355 2430
30121356 2430
30121356 2430
30121356 2430
30121357 2430
30121357 2430
30121357 2430
30121358 2430
30121358 2430
30121358 2430
30121359 2430
30121359 2430
30121359 2430
30121400 2430
30121400 2430
30121400 2430
30121401 2430
30121401 2430
30121401 2430
30121402 2430
30121402 2430
30121402 2430
30121403 3846
30121403 2546
30121403 2546
30121404 2546
30121404 2546
30121404 2546
30121405 2546
30121405 2546
30121405 2546
30121406 2546
30121406 2546
30121406 2546
30121407 2546
30121407 2546
30121407 2546
30121408 2546
30121408 2546
30121408 2546
30121409 2546
30121409 2546
30121409 2546
30121410 2546
30121410 2546
30121410 2546
30121411 2546
30121411 2546
30121411 2546
30121412 2546
30121412 2546
30121412 2546
30121413 2546
30121413 2546
30121413 2546
30121414 2546
30121414 2546
30121414 2546
30121415 2546
30121415 2546
30121415 2546
30121416 2546
30121416 2546
30121416 2546
30121417 2546
30121417 2546
30121417 2546
30121418 2546
30121418 2668
30121418 2668
30121419 2668
30121419 2668
30121419 2668
30121420 2668
30121420 2668
30121420 2668
30121421 2668
30121421 2668
30121421 2668
30121422 2668
30121422 2668
30121422 2668
30121423 2668
30121423 2668
30121423 2668
30121424 2668
30121424 2668
30121424 2668
30121425 2668
30121425 2668
30121425 2668
30121426 2668
30121426 2668
30121426 2668
30121427 2668
30121427 2668
30121427 2668
30121428 2668
30121428 2668
30121428 2668
30121429 2668
30121429 2668
30121429 2668
30121429 2668
30121430 2668
30121430 2668
30121430 2668
30121431 2668
30121431 2668
30121431 2668
30121432 2668
30121432 2800
30121432 2800
30121433 2800
30121433 2800
30121433 2800
30121434 2800
30121434 2800
30121434 2800
30121435 2800
30121435 2800
30121435 2800
30121436 2800
30121436 2800
30121436 2800
30121437 2800
30121437 2800
30121437 2800
30121438 2800
30121438 2800
30121438 2800
30121439 2800
30121439 2800
30121439 2800
30121440 2800
30121440 2800
30121440 2800
30121441 2800
30121441 2800
30121441 2800
30121442 2800
30121442 2800
30121442 2800
30121443 2800
30121443 2800
30121443 2800
30121444 2800
30121444 2800
30121444 2800
30121445 2800
30121445 2800
30121445 2800
30121446 2800
30121446 2800
30121446 2800
30121447 2800
30121447 2800
30121447 2800
30121448 2940
30121448 2940
30121448 2940
30121449 2940
30121449 2940
30121449 2940
30121450 2940
30121450 2940
30121450 2940
30121451 2940
30121451 2940
30121451 2940
30121452 2940
30121452 2940
30121452 2940
30121453 2940
30121453 2940
30121453 2940
30121454 2940
30121454 2940
30121454 2940
30121455 2940
30121455 2940
30121455 2940
30121456 2940
30121456 2940
30121456 2940
30121457 2940
30121457 2940
30121457 2940
30121458 2940
30121458 2940
30121458 2940
30121459 2940
30121459 2940
30121459 2940
30121500 2940
30121500 2940
30121500 2940
30121501 2940
30121501 2940
30121501 2940
30121502 2940
30121502 3094
30121502 3094
30121503 3094
30121503 3094
30121503 3094
30121504 3094
30121504 3094
30121504 3094
30121505 3094
30121505 3094
30121505 3094
30121505 3094
30121506 3094
30121506 3094
30121506 3094
30121507 3094
30121507 3094
30121507 3094
30121508 3094
30121508 3094
30121508 3094
30121509 3094
30121509 3094
30121509 3094
30121510 3094
30121510 3094
30121510 3094
30121511 3094
30121511 3094
30121511 3094
30121512 3094
30121512 3094
30121512 3094
30121513 3094
30121513 3094
30121513 3094
30121514 3094
30121514 3094
30121514 3094
30121515 3094
30121515 3094
30121515 3094
30121516 3094
30121516 3094
30121516 3094
30121517 3094
30121517 3094
30121517 3254
30121518 3254
30121518 3254
30121518 3254
30121519 3254
30121519 3254
30121519 3254
30121520 3254
30121520 3254
30121520 3254
30121521 3254
30121521 3254
30121521 3254
30121522 3254
30121522 3254
30121522 3254
30121523 3254
30121523 3254
30121523 3254
30121524 3254
30121524 3254
30121524 3254
30121525 3254
30121525 3254
30121525 3254
30121526 3254
30121526 3254
30121526 3254
30121527 3254
30121527 3254
30121527 3254
30121528 3254
30121528 3254
30121528 3254
30121529 3254
30121529 3254
30121529 3254
30121530 3254
30121530 3254
30121530 3254
30121531 3254
30121531 3254
30121531 3254
30121532 3254
30121532 3254
30121532 3254
30121533 3254
30121533 3254
30121533 3254
30121534 3254
30121534 3254
30121534 3254
30121535 3426
30121535 3426
30121535 3426
30121536 3426
30121536 3426
30121536 3426
30121537 3426
30121537 3426
30121537 3426
30121538 3426
30121538 3426
30121538 3426
30121539 3426
30121539 3426
30121539 3426
30121540 3426
30121540 3426
30121540 3426
30121541 3426
30121541 3426
30121541 3426
30121542 3426
30121542 3426
30121542 3426
30121543 3426
30121543 3426
30121543 3426
30121543 3426
30121544 3426
30121544 3426
30121544 3426
30121545 3426
30121545 3426
30121545 3426
30121546 3426
30121546 3426
30121546 3426
30121547 3426
30121547 3426
30121547 3426
30121548 3426
30121548 3426
30121548 3426
30121549 3426
30121549 3426
30121549 3426
30121550 3426
30121550 3426
30121550 3426
30121551 3426
30121551 3426
30121551 3426
30121552 3426
30121552 3426
30121552 3426
30121553 3426
30121553 3612
30121553 3612
30121554 3612
30121554 3612
30121554 3612
30121555 3612
30121555 3612
30121555 3612
30121556 3612
30121556 3612
30121556 3612
30121557 3612
30121557 3612
30121557 3612
30121558 3612
30121558 3612
30121558 3612
30121559 3612
30121559 3612
30121559 3612
30121600 3612
30121600 3612
30121600 3612
30121601 3612
30121601 3612
30121601 3612
30121602 3612
30121602 3612
30121602 3612
30121603 3612
30121603 3612
30121603 3612
30121604 3612
30121604 3612
30121604 3612
30121605 3612
30121605 3612
30121605 3612
30121606 3612
30121606 3612
30121606 3612
30121607 3612
30121607 3612
30121607 3612
30121608 3612
30121608 3612
30121608 3612
30121609 3612
30121609 3612
30121609 3612
30121610 3612
30121610 3612
30121610 3612
30121611 3612
30121611 3612
30121611 6286
30121612 3808
30121612 3808
30121612 3808
30121613 3808
30121613 3808
30121613 3808
30121614 3808
30121614 3808
30121614 3808
30121615 3808
30121615 3808
30121615 3808
30121616 3808
30121616 3808
30121616 3808
30121617 3808
30121617 3808
30121617 3808
30121618 3808
30121618 3808
30121618 3808
30121619 3808
30121619 3808
30121619 3808
30121620 3808
30121620 3808
30121620 3808
30121621 3808
30121621 3808
30121621 3808
30121621 3808
30121622 3808
30121622 3808
30121622 3808
30121623 3808
30121623 3808
30121623 3808
30121624 3808
30121624 3808
30121624 3808
30121625 3808
30121625 3808
30121625 3808
30121626 3808
30121626 3808
30121626 3808
30121627 3808
30121627 3808
30121627 3808
30121628 3808
30121628 3808
30121628 3808
30121629 4016
30121629 4016
30121629 4016
30121630 4016
30121630 4016
30121630 4016
30121631 4016
30121631 4016
30121631 4016
30121632 4016
30121632 4016
30121632 4016
30121633 4016
30121633 4016
30121633 4016
30121634 4016
30121634 4016
30121634 4016
30121635 4016
30121635 4016
30121635 4016
30121636 4016
30121636 4016
30121636 4016
30121637 4016
30121637 4016
30121637 4016
30121638 4016
30121638 4016
30121638 4016
30121639 4016
30121639 4016
30121639 4016
30121640 4016
30121640 4016
30121640 4016
30121641 4016
30121641 4016
30121641 4016
30121642 4016
30121642 4016
30121642 4016
30121643 4016
30121643 4016
30121643 4016
30121644 4016
30121644 4016
30121644 4016
30121645 4016
30121645 4016
30121645 4016
30121646 4016
30121646 4016
30121646 4016
30121647 4016
30121647 4016
30121647 4016
30121648 4016
30121648 4016
30121648 7120
30121649 4238
30121649 4238
30121649 4238
30121650 4238
30121650 4238
30121650 4238
30121651 4238
30121651 4238
30121651 4238
30121652 4238
30121652 4238
30121652 4238
30121653 4238
30121653 4238
30121653 4238
30121654 4238
30121654 4238
30121654 4238
30121655 4238
30121655 4238
30121655 4238
30121656 4238
30121656 4238
30121656 4238
30121657 4238
30121657 4238
30121657 4238
30121658 4238
30121658 4238
30121658 4238
30121659 4238
30121659 4238
30121659 4238
30121700 4238
30121700 4238
30121700 4238
30121701 4238
30121701 4238
30121701 4238
30121701 4238
30121702 4238
30121702 4238
30121702 4238
30121703 4238
30121703 4238
30121703 4238
30121704 4238
30121704 4238
30121704 4238
30121705 4238
30121705 4238
30121705 4238
30121706 4238
30121706 4238
30121706 4238
30121707 4238
30121707 4238
30121707 4238
30121708 4238
30121708 4238
30121708 4238
30121709 4238
30121709 4238
30121709 4238
30121710 4238
30121710 4238
30121710 4238
30121711 7576
30121711 4474
30121711 4474
30121712 4474
30121712 4474
30121712 4474
30121713 4474
30121713 4474
30121713 4474
30121714 4474
30121714 4474
30121714 4474
30121715 4474
30121715 4474
30121715 4474
30121716 4474
30121716 4474
30121716 4474
30121717 4474
30121717 4474
30121717 4474
30121718 4474
30121718 4474
30121718 4474
30121719 4474
30121719 4474
30121719 4474
30121720 4474
30121720 4474
30121720 4474
30121721 4474
30121721 4474
30121721 4474
30121722 4474
30121722 4474
30121722 4474
30121723 4474
30121723 4474
30121723 4474
30121724 4474
30121724 4474
30121724 4474
30121725 4474
30121725 4474
30121725 4474
30121726 4474
30121726 4474
30121726 4474
30121727 4474
30121727 4474
30121727 4474
30121728 4474
30121728 4474
30121728 4474
30121729 4474
30121729 4474
30121729 4474
30121730 4474
30121730 4474
30121730 4474
30121731 4474
30121731 4474
30121731 4474
30121732 4474
30121732 4474
30121732 4474
30121733 4474
30121733 4474
30121733 4474
30121734 4474
30121734 4474
30121734 4474
30121735 4474
30121735 4474
30121735 4474
30121736 8064
30121736 4726
30121736 4726
30121737 4726
30121737 4726
30121737 4726
30121738 4726
30121738 4726
30121738 4726
30121739 4726
30121739 4726
30121739 4726
30121740 4726
30121740 4726
30121740 4726
30121741 4726
30121741 4726
30121741 4726
30121742 4726
30121742 4726
30121742 4726
30121743 4726
30121743 4726
30121743 4726
30121743 4726
30121744 4726
30121744 4726
30121744 4726
30121745 4726
30121745 4726
30121745 4726
30121746 4726
30121746 4726
30121746 4726
30121747 4726
30121747 4726
30121747 4726
30121748 4726
30121748 4726
30121748 4726
30121749 4726
30121749 4726
30121749 4726
30121750 4726
30121750 4726
30121750 4726
30121751 4726
30121751 4726
30121751 4726
30121752 4726
30121752 4726
30121752 4726
30121753 4726
30121753 4726
30121753 4726
30121754 4726
30121754 4726
30121754 4726
30121755 4726
30121755 4726
30121755 4726
30121756 4726
30121756 4726
30121756 4726
30121757 4726
30121757 4726
30121757 4726
30121758 4726
30121758 4726
30121758 4726
30121759 4726
30121759 4726
30121759 4726
30121800 4726
30121800 4726
30121800 4726
30121801 4726
30121801 4726
30121801 4726
30121802 4726
30121802 4726
30121802 4992
30121803 4992
30121803 4992
30121803 4992
30121804 4992
30121804 4992
30121804 4992
30121805 4992
30121805 4992
30121805 4992
30121806 4992
30121806 4992
30121806 4992
30121807 4992
30121807 4992
30121807 4992
30121808 4992
30121808 4992
30121808 4992
30121809 4992
30121809 4992
30121809 4992
30121810 4992
30121810 4992
30121810 4992
30121811 4992
30121811 4992
30121811 4992
30121812 4992
30121812 4992
30121812 4992
30121813 4992
30121813 4992
30121813 4992
30121814 4992
30121814 4992
30121814 4992
30121815 4992
30121815 4992
30121815 4992
30121816 4992
30121816 4992
30121816 4992
30121817 4992
30121817 4992
30121817 4992
30121818 4992
30121818 4992
30121818 4992
30121819 4992
30121819 4992
30121819 4992
30121820 4992
30121820 4992
30121820 4992
30121821 4992
30121821 4992
30121821 4992
30121822 4992
30121822 4992
30121822 4992
30121823 4992
30121823 4992
30121823 4992
30121823 4992
30121824 4992
30121824 4992
30121824 4992
30121825 4992
30121825 4992
30121825 4992
30121826 4992
30121826 4992
30121826 4992
30121827 4992
30121827 4992
30121827 4992
30121828 4992
30121828 4992
30121828 4992
30121829 4992
30121829 4992
30121829 4992
30121830 4992
30121830 4992
30121830 4992
30121831 4992
30121831 4992
30121831 1420
30121832 1420
30121832 1420
30121832 1420
30121833 1420
30121833 1420
30121833 1420
30121834 1420
30121834 1420
30121834 1420
30121835 1420
30121835 1420
30121835 1420
30121836 1420
30121836 1420
30121836 1420
30121837 1420
30121837 1420
30121837 1420
30121838 1420
30121838 1420
30121838 1420
30121839 1420
30121839 1420
30121839 1420
30121840 1420
30121840 1420
30121840 1420
30121841 1420
30121841 1420
30121841 1420
30121842 1420
30121842 1420
30121842 1420
30121843 1420
30121843 1420
30121843 1420
30121844 1420
30121844 1420
30121844 1420
30121845 1420
30121845 1420
30121845 1420
30121846 1420
30121846 1420
30121846 1420
30121847 1420
30121847 1420
30121847 1420
30121848 1420
30121848 1420
30121848 1420
30121849 1420
30121849 1420
30121849 1420
30121850 1420
30121850 1420
30121850 1420
30121851 1420
30121851 1420
30121851 1420
30121852 1420
30121852 1420
30121852 1420
30121853 1420
30121853 1420
30121853 1420
30121854 1420
30121854 1420
30121854 1420
30121855 1420
30121855 1420
30121855 1420
30121856 1420
30121856 1420
30121856 1420
30121857 1420
30121857 1420
30121857 1420
30121858 1420
30121858 1420
30121858 1420
30121859 1420
30121859 1420
30121859 1420
30121900 1438
30121900 1438
30121900 1438
30121901 1438
30121901 1438
30121901 1438
30121902 1438
30121902 1438
30121902 1438
30121903 1438
30121903 1438
30121903 1438
30121903 1438
30121904 1438
30121904 1438
30121904 1438
30121905 1438
30121905 1438
30121905 1438
30121906 1438
30121906 1438
30121906 1438
30121907 1438
30121907 1438
30121907 1438
30121908 1438
30121908 1438
30121908 1438
30121909 1438
30121909 1438
30121909 1438
30121910 1438
30121910 1438
30121910 1438
30121911 1438
30121911 1438
30121911 1438
30121912 1438
30121912 1438
30121912 1438
30121913 1438
30121913 1438
30121913 1438
30121914 1438
30121914 1438
30121914 1438
30121915 1438
30121915 1438
30121915 1438
30121916 1438
30121916 1438
30121916 1438
30121917 1438
30121917 1438
30121917 1438
30121918 1438
30121918 1438
30121918 1438
30121919 1438
30121919 1438
30121919 1438
30121920 1438
30121920 1438
30121920 1438
30121921 1438
30121921 1438
30121921 1438
30121922 1438
30121922 1438
30121922 1438
30121923 1438
30121923 1438
30121923 1438
30121924 1438
30121924 1438
30121924 1438
30121925 1438
30121925 1438
30121925 1438
30121926 1438
30121926 1438
30121926 1438
30121927 1438
30121927 1438
30121927 1438
30121928 1438
30121928 1438
30121928 1438
30121929 1438
30121929 1438
30121929 1438
30121930 1458
30121930 1458
30121930 1458
30121931 1458
30121931 1458
30121931 1458
30121932 1458
30121932 1458
30121932 1458
30121933 1458
30121933 1458
30121933 1458
30121934 1458
30121934 1458
30121934 1458
30121935 1458
30121935 1458
30121935 1458
30121936 1458
30121936 1458
30121936 1458
30121937 1458
30121937 1458
30121937 1458
30121938 1458
30121938 1458
30121938 1458
30121939 1458
30121939 1458
30121939 1458
30121940 1458
30121940 1458
30121940 1458
30121941 1458
30121941 1458
30121941 1458
30121942 1458
30121942 1458
30121942 1458
30121943 1458
30121943 1458
30121943 1458
30121944 1458
30121944 1458
30121944 1458
30121945 1458
30121945 1458
30121945 1458
30121945 1458
30121946 1458
30121946 1458
30121946 1458
30121947 1458
30121947 1458
30121947 1458
30121948 1458
30121948 1458
30121948 1458
30121949 1458
30121949 1458
30121949 1458
30121950 1458
30121950 1458
30121950 1458
30121951 1458
30121951 1458
30121951 1458
30121952 1458
30121952 1458
30121952 1458
30121953 1458
30121953 1458
30121953 1458
30121954 1458
30121954 1458
30121954 1458
30121955 1458
30121955 1458
30121955 1458
30121956 1458
30121956 1458
30121956 1458
30121957 1812
30121957 1476
30121957 1476
30121958 1476
30121958 1476
30121958 1476
30121959 1476
30121959 1476
30121959 1476
30122000 1476
30122000 1476
30122000 1476
30122001 1476
30122001 1476
30122001 1476
30122002 1476
30122002 1476
30122002 1476
30122003 1476
30122003 1476
30122003 1476
30122004 1476
30122004 1476
30122004 1476
30122005 1476
30122005 1476
30122005 1476
30122006 1476
30122006 1476
30122006 1476
30122007 1476
30122007 1476
30122007 1476
30122008 1476
30122008 1476
30122008 1476
30122009 1476
30122009 1476
30122009 1476
30122010 1476
30122010 1476
30122010 1476
30122011 1476
30122011 1476
30122011 1476
30122012 1476
30122012 1476
30122012 1476
30122013 1476
30122013 1476
30122013 1476
30122014 1476
30122014 1476
30122014 1476
30122015 1476
30122015 1476
30122015 1476
30122016 1476
30122016 1476
30122016 1476
30122017 1476
30122017 1476
30122017 1476
30122018 1476
30122018 1476
30122018 1476
30122019 1476
30122019 1476
30122019 1476
30122020 1476
30122020 1854
30122020 1498
30122021 1498
30122021 1498
30122021 1498
30122022 1498
30122022 1498
30122022 1498
30122023 1498
30122023 1498
30122023 1498
30122024 1498
30122024 1498
30122024 1498
30122025 1498
30122025 1498
30122025 1498
30122026 1498
30122026 1498
30122026 1498
30122026 1498
30122027 1498
30122027 1498
30122027 1498
30122028 1498
30122028 1498
30122028 1498
30122029 1498
30122029 1498
30122029 1498
30122030 1498
30122030 1498
30122030 1498
30122031 1498
30122031 1498
30122031 1498
30122032 1498
30122032 1498
30122032 1498
30122033 1498
30122033 1498
30122033 1498
30122034 1498
30122034 1498
30122034 1498
30122035 1498
30122035 1498
30122035 1498
30122036 1498
30122036 1498
30122036 1498
30122037 1498
30122037 1498
30122037 1498
30122038 1498
30122038 1498
30122038 1498
30122039 1498
30122039 1498
30122039 1498
30122040 1498
30122040 1498
30122040 1498
30122041 1498
30122041 1498
30122041 1498
30122042 1498
30122042 1498
30122042 1498
30122043 1498
30122043 1498
30122043 1498
30122044 1498
30122044 1498
30122044 1498
30122045 1498
30122045 1498
30122045 1498
30122046 1518
30122046 1518
30122046 1518
30122047 1518
30122047 1518
30122047 1518
30122048 1518
30122048 1518
30122048 1518
30122049 1518
30122049 1518
30122049 1518
30122050 1518
30122050 1518
30122050 1518
30122051 1518
30122051 1518
30122051 1518
30122052 1518
30122052 1518
30122052 1518
30122053 1518
30122053 1518
30122053 1518
30122054 1518
30122054 1518
30122054 1518
30122055 1518
30122055 1518
30122055 1518
30122056 1518
30122056 1518
30122056 1518
30122057 1518
30122057 1518
30122057 1518
30122058 1518
30122058 1518
30122058 1518
30122059 1518
30122059 1518
30122059 1518
30122100 1518
30122100 1518
30122100 1518
30122101 1518
30122101 1518
30122101 1518
30122102 1518
30122102 1518
30122102 1518
30122103 1518
30122103 1518
30122103 1518
30122104 1518
30122104 1518
30122104 1518
30122104 1518
30122105 1518
30122105 1518
30122105 1518
30122106 1518
30122106 1518
30122106 1518
30122107 1518
30122107 1518
30122107 1518
30122108 1518
30122108 1518
30122108 1518
30122109 1518
30122109 1518
30122109 1518
30122110 1518
30122110 1518
30122110 1518
30122111 1518
30122111 1518
30122111 1518
30122112 1518
30122112 1518
30122112 1518
30122113 1144
30122113 1542
30122113 1542
30122114 1542
30122114 1542
30122114 1542
30122115 1542
30122115 1542
30122115 1542
30122116 1542
30122116 1542
30122116 1542
30122117 1542
30122117 1542
30122117 1542
30122118 1542
30122118 1542
30122118 1542
30122119 1542
30122119 1542
30122119 1542
30122120 1542
30122120 1542
30122120 1542
30122121 1542
30122121 1542
30122121 1542
30122122 1542
30122122 1542
30122122 1542
30122123 1542
30122123 1542
30122123 1542
30122124 1542
30122124 1542
30122124 1542
30122125 1542
30122125 1542
30122125 1542
30122126 1542
30122126 1542
30122126 1542
30122127 1542
30122127 1542
30122127 1542
30122128 1542
30122128 1542
30122128 1542
30122129 1542
30122129 1542
30122129 1542
30122130 1542
30122130 1542
30122130 1542
30122131 1542
30122131 1542
30122131 1542
30122132 1542
30122132 1542
30122132 1542
30122133 1542
30122133 1542
30122133 1542
30122134 1542
30122134 1542
30122134 1542
30122135 1542
30122135 1542
30122135 1542
30122136 1542
30122136 1542
30122136 1542
30122137 1542
30122137 1542
30122137 1542
30122138 1542
30122138 1542
30122138 1542
30122139 1542
30122139 1542
30122139 1542
30122140 1542
30122140 1542
30122140 1542
30122141 1542
30122141 1542
30122141 1542
30122142 1542
30122142 1542
30122142 1542
30122143 1542
30122143 1542
30122143 1542
30122143 1564
30122144 1564
30122144 1564
30122144 1564
30122145 1564
30122145 1564
30122145 1564
30122146 1564
30122146 1564
30122146 1564
30122147 1564
30122147 1564
30122147 1564
30122148 1564
30122148 1564
30122148 1564
30122149 1564
30122149 1564
30122149 1564
30122150 1564
30122150 1564
30122150 1564
30122151 1564
30122151 1564
30122151 1564
30122152 1564
30122152 1564
30122152 1564
30122153 1564
30122153 1564
30122153 1564
30122154 1564
30122154 1564
30122154 1564
30122155 1564
30122155 1564
30122155 1564
30122156 1564
30122156 1564
30122156 1564
30122157 1564
30122157 1564
30122157 1564
30122158 1564
30122158 1564
30122158 1564
30122159 1564
30122159 1564
30122159 1564
30122200 1564
30122200 1564
30122200 1564
30122201 1564
30122201 1564
30122201 1564
30122202 1564
30122202 1564
30122202 1564
30122203 1564
30122203 1564
30122203 1564
30122204 1564
30122204 1564
30122204 1564
30122205 1564
30122205 1564
30122205 1564
30122206 1564
30122206 1564
30122206 1564
30122207 1564
30122207 1564
30122207 1564
30122208 1564
30122208 1564
30122208 1564
30122209 1564
30122209 1564
30122209 1564
30122210 1564
30122210 1564
30122210 1564
30122211 1564
30122211 1564
30122211 1564
30122212 1564
30122212 1564
30122212 1564
30122213 1564
30122213 1564
30122213 1564
30122214 1564
30122214 1564
30122214 1564
30122215 1564
30122215 1564
30122215 1564
30122216 1564
30122216 2034
30122216 1590
30122217 1590
30122217 1590
30122217 1590
30122218 1590
30122218 1590
30122218 1590
30122219 1590
30122219 1590
30122219 1590
30122220 1590
30122220 1590
30122220 1590
30122221 1590
30122221 1590
30122221 1590
30122222 1590
30122222 1590
30122222 1590
30122223 1590
30122223 1590
30122223 1590
30122224 1590
30122224 1590
30122224 1590
30122224 1590
30122225 1590
30122225 1590
30122225 1590
30122226 1590
30122226 1590
30122226 1590
30122227 1590
30122227 1590
30122227 1590
30122228 1590
30122228 1590
30122228 1590
30122229 1590
30122229 1590
30122229 1590
30122230 1590
30122230 1590
30122230 1590
30122231 1590
30122231 1590
30122231 1590
30122232 1590
30122232 1590
30122232 1590
30122233 1590
30122233 1590
30122233 1590
30122234 1590
30122234 1590
30122234 1590
30122235 1590
30122235 1590
30122235 1590
30122236 1590
30122236 1590
30122236 1590
30122237 1590
30122237 1590
30122237 1590
30122238 1590
30122238 1590
30122238 1590
30122239 1590
30122239 1590
30122239 1590
30122240 1590
30122240 1590
30122240 1590
30122241 1590
30122241 1590
30122241 1590
30122242 1590
30122242 1590
30122242 1590
30122243 1590
30122243 1590
30122243 1590
30122244 1590
30122244 1590
30122244 1590
30122245 1590
30122245 1590
30122245 1590
30122246 1590
30122246 1590
30122246 1590
30122247 1590
30122247 1590
30122247 1590
30122248 1590
30122248 1590
30122248 1590
30122249 1590
30122249 1590
30122249 1590
30122250 1590
30122250 1590
30122250 1614
30122251 1614
30122251 1614
30122251 1614
30122252 1614
30122252 1614
30122252 1614
30122253 1614
30122253 1614
30122253 1614
30122254 1614
30122254 1614
30122254 1614
30122255 1614
30122255 1614
30122255 1614
30122256 1614
30122256 1614
30122256 1614
30122257 1614
30122257 1614
30122257 1614
30122258 1614
30122258 1614
30122258 1614
30122259 1614
30122259 1614
30122259 1614
30122300 1614
30122300 1614
30122300 1614
30122301 1614
30122301 1614
30122301 1614
30122302 1614
30122302 1614
30122302 1614
30122303 1614
30122303 1614
30122303 1614
30122304 1614
30122304 1614
30122304 1614
30122304 1614
30122305 1614
30122305 1614
30122305 1614
30122306 1614
30122306 1614
30122306 1614
30122307 1614
30122307 1614
30122307 1614
30122308 1614
30122308 1614
30122308 1614
30122309 1614
30122309 1614
30122309 1614
30122310 1614
30122310 1614
30122310 1614
30122311 1614
30122311 1614
30122311 1614
30122312 1614
30122312 1614
30122312 1614
30122313 1614
30122313 1614
30122313 1614
30122314 1614
30122314 1614
30122314 1614
30122315 1614
30122315 1614
30122315 1614
30122316 1614
30122316 1614
30122316 1614
30122317 1614
30122317 1614
30122317 1614
30122318 1614
30122318 1614
30122318 1614
30122319 1614
30122319 1614
30122319 1614
30122320 1614
30122320 1614
30122320 1614
30122321 1614
30122321 1614
30122321 1614
30122322 1614
30122322 1614
30122322 1614
30122323 1614
30122323 1614
30122323 1614
30122324 1614
30122324 1614
30122324 1614
30122325 1614
30122325 1614
30122325 1614
30122326 1614
30122326 1614
30122326 1614
30122327 1614
30122327 1614
30122327 1640
30122328 1640
30122328 1640
30122328 1640
30122329 1640
30122329 1640
30122329 1640
30122330 1640
30122330 1640
30122330 1640
30122331 1640
30122331 1640
30122331 1640
30122332 1640
30122332 1640
30122332 1640
30122333 1640
30122333 1640
30122333 1640
30122334 1640
30122334 1640
30122334 1640
30122335 1640
30122335 1640
30122335 1640
30122336 1640
30122336 1640
30122336 1640
30122337 1640
30122337 1640
30122337 1640
30122338 1640
30122338 1640
30122338 1640
30122339 1640
30122339 1640
30122339 1640
30122340 1640
30122340 1640
30122340 1640
30122341 1640
30122341 1640
30122341 1640
30122342 1640
30122342 1640
30122342 1640
30122343 1640
30122343 1640
30122343 1640
30122344 1640
30122344 1640
30122344 1640
30122344 1640
30122345 1640
30122345 1640
30122345 1640
30122346 1640
30122346 1640
30122346 1640
30122347 1640
30122347 1640
30122347 1640
30122348 1640
30122348 1640
30122348 1640
30122349 1640
30122349 1640
30122349 1640
30122350 1640
30122350 1640
30122350 1640
30122351 1640
30122351 1640
30122351 1640
30122352 1640
30122352 1640
30122352 1640
30122353 1640
30122353 1640
30122353 1640
30122354 1640
30122354 1640
30122354 1640
30122355 1640
30122355 1640
30122355 1640
30122356 1640
30122356 1640
30122356 1640
30122357 1640
30122357 1640
30122357 1640
30122358 1640
30122358 1640
30122358 1640
30122359 1640
30122359 1640
30122359 1640
30122400 1640
30122400 1640
30122400 1640
30122401 1640
30122401 1640
30122401 1640
30122402 1640
30122402 1640
30122402 1640
30122403 1640
30122403 1640
30122403 1640
30122404 1640
30122404 1640
30122404 1640
30122405 1640
30122405 1640
30122405 1640
30122406 1640
30122406 1640
30122406 1640
30122407 2188
30122407 1668
30122407 1668
30122408 1668
30122408 1668
30122408 1668
30122409 1668
30122409 1668
30122409 1668
30122410 1668
30122410 1668
30122410 1668
30122411 1668
30122411 1668
30122411 1668
30122412 1668
30122412 1668
30122412 1668
30122413 1668
30122413 1668
30122413 1668
30122414 1668
30122414 1668
30122414 1668
30122415 1668
30122415 1668
30122415 1668
30122416 1668
30122416 1668
30122416 1668
30122417 1668
30122417 1668
30122417 1668
30122418 1668
30122418 1668
30122418 1668
30122419 1668
30122419 1668
30122419 1668
30122420 1668
30122420 1668
30122420 1668
30122421 1668
30122421 1668
30122421 1668
30122421 1668
30122422 1668
30122422 1668
30122422 1668
30122423 1668
30122423 1668
30122423 1668
30122424 1668
30122424 1668
30122424 1668
30122425 1668
30122425 1668
30122425 1668
30122426 1668
30122426 1668
30122426 1668
30122427 1668
30122427 1668
30122427 1668
30122428 1668
30122428 1668
30122428 1668
30122429 1668
30122429 1668
30122429 1668
30122430 1668
30122430 1668
30122430 1668
30122431 1668
30122431 1668
30122431 1668
30122432 1668
30122432 1668
30122432 1668
30122433 1668
30122433 1668
30122433 1668
30122434 1668
30122434 1668
30122434 1668
30122435 1668
30122435 1668
30122435 1668
30122436 1668
30122436 1668
30122436 1668
30122437 1668
30122437 1668
30122437 1668
30122438 1668
30122438 1668
30122438 1668
30122439 1668
30122439 1668
30122439 1668
30122440 1668
30122440 1668
30122440 1668
30122441 1668
30122441 1668
30122441 1668
30122442 1668
30122442 1668
30122442 1668
30122443 1668
30122443 1668
30122443 1668
30122444 1668
30122444 1668
30122444 1668
30122445 1668
30122445 1668
30122445 1668
30122446 1668
30122446 1668
30122446 1668
30122447 1668
30122447 1668
30122447 1668
30122448 1668
30122448 1668
30122448 1668
30122449 1668
30122449 1668
30122449 1668
30122450 1668
30122450 1668
30122450 1668
30122451 1668
30122451 1696
30122451 1696
30122452 1696
30122452 1696
30122452 1696
30122453 1696
30122453 1696
30122453 1696
30122454 1696
30122454 1696
30122454 1696
30122455 1696
30122455 1696
30122455 1696
30122456 1696
30122456 1696
30122456 1696
30122457 1696
30122457 1696
30122457 1696
30122458 1696
30122458 1696
30122458 1696
30122459 1696
30122459 1696
30122459 1696
30122500 1696
30122500 1696
30122500 1696
30122500 1696
30122501 1696
30122501 1696
30122501 1696
30122502 1696
30122502 1696
30122502 1696
30122503 1696
30122503 1696
30122503 1696
30122504 1696
30122504 1696
30122504 1696
30122505 1696
30122505 1696
30122505 1696
30122506 1696
30122506 1696
30122506 1696
30122507 1696
30122507 1696
30122507 1696
30122508 1696
30122508 1696
30122508 1696
30122509 1696
30122509 1696
30122509 1696
30122510 1696
30122510 1696
30122510 1696
30122511 1696
30122511 1696
30122511 1696
30122512 1696
30122512 1696
30122512 1696
30122513 1696
30122513 1696
30122513 1696
30122514 1696
30122514 1696
30122514 1696
30122515 1696
30122515 1696
30122515 1696
30122516 1696
30122516 1696
30122516 1696
30122517 1696
30122517 1696
30122517 1696
30122518 1696
30122518 1696
30122518 1696
30122519 1696
30122519 1696
30122519 1696
30122520 1696
30122520 1696
30122520 1696
30122521 1696
30122521 1696
30122521 1696
30122522 1696
30122522 1696
30122522 1696
30122523 1696
30122523 1696
30122523 1696
30122524 1726
30122524 1726
30122524 1726
30122525 1726
30122525 1726
30122525 1726
30122526 1726
30122526 1726
30122526 1726
30122527 1726
30122527 1726
30122527 1726
30122528 1726
30122528 1726
30122528 1726
30122529 1726
30122529 1726
30122529 1726
30122530 1726
30122530 1726
30122530 1726
30122531 1726
30122531 1726
30122531 1726
30122532 1726
30122532 1726
30122532 1726
30122533 1726
30122533 1726
30122533 1726
30122534 1726
30122534 1726
30122534 1726
30122535 1726
30122535 1726
30122535 1726
30122536 1726
30122536 1726
30122536 1726
30122537 1726
30122537 1726
30122537 1726
30122538 1726
30122538 1726
30122538 1726
30122539 1726
30122539 1726
30122539 1726
30122539 1726
30122540 1726
30122540 1726
30122540 1726
30122541 1726
30122541 1726
30122541 1726
30122542 1726
30122542 1726
30122542 1726
30122543 1726
30122543 1726
30122543 1726
30122544 1726
30122544 1726
30122544 1726
30122545 1726
30122545 1726
30122545 1726
30122546 1726
30122546 1726
30122546 1726
30122547 1726
30122547 1726
30122547 1726
30122548 1726
30122548 1726
30122548 1726
30122549 1726
30122549 1726
30122549 1726
30122550 1726
30122550 1726
30122550 1726
30122551 1726
30122551 1726
30122551 1726
30122552 1726
30122552 1726
30122552 1726
30122553 1726
30122553 1726
30122553 1726
30122554 1726
30122554 1726
30122554 1726
30122555 1726
30122555 1726
30122555 1726
30122556 1726
30122556 1726
30122556 1726
30122557 1726
30122557 1726
30122557 1726
30122558 1758
30122558 1758
30122558 1758
30122559 1758
30122559 1758
30122559 1758
30122600 1758
30122600 1758
30122600 1758
30122601 1758
30122601 1758
30122601 1758
30122602 1758
30122602 1758
30122602 1758
30122603 1758
30122603 1758
30122603 1758
30122604 1758
30122604 1758
30122604 1758
30122605 1758
30122605 1758
30122605 1758
30122606 1758
30122606 1758
30122606 1758
30122607 1758
30122607 1758
30122607 1758
30122608 1758
30122608 1758
30122608 1758
30122609 1758
30122609 1758
30122609 1758
30122610 1758
30122610 1758
30122610 1758
30122611 1758
30122611 1758
30122611 1758
30122612 1758
30122612 1758
30122612 1758
30122613 1758
30122613 1758
30122613 1758
30122614 1758
30122614 1758
30122614 1758
30122615 1758
30122615 1758
30122615 1758
30122616 1758
30122616 1758
30122616 1758
30122617 1758
30122617 1758
30122617 1758
30122618 1758
30122618 1758
30122618 1758
30122618 1758
30122619 1758
30122619 1758
30122619 1758
30122620 1758
30122620 1758
30122620 1758
30122621 1758
30122621 1758
30122621 1758
30122622 1758
30122622 1758
30122622 1758
30122623 1758
30122623 1758
30122623 1758
30122624 1758
30122624 1758
30122624 1758
30122625 1758
30122625 1758
30122625 1758
30122626 1758
30122626 1758
30122626 1758
30122627 1758
30122627 1758
30122627 1758
30122628 1758
30122628 1758
30122628 1758
30122629 1758
30122629 1758
30122629 1758
30122630 1758
30122630 1758
30122630 1758
30122631 1758
30122631 1758
30122631 1758
30122632 1758
30122632 1758
30122632 1758
30122633 1758
30122633 1758
30122633 1758
30122634 1790
30122634 1790
30122634 1790
30122635 1790
30122635 1790
30122635 1790
30122636 1790
30122636 1790
30122636 1790
30122637 1790
30122637 1790
30122637 1790
30122638 1790
30122638 1790
30122638 1790
30122639 1790
30122639 1790
30122639 1790
30122640 1790
30122640 1790
30122640 1790
30122641 1790
30122641 1790
30122641 1790
30122642 1790
30122642 1790
30122642 1790
30122643 1790
30122643 1790
30122643 1790
30122644 1790
30122644 1790
30122644 1790
30122645 1790
30122645 1790
30122645 1790
30122646 1790
30122646 1790
30122646 1790
30122647 1790
30122647 1790
30122647 1790
30122648 1790
30122648 1790
30122648 1790
30122649 1790
30122649 1790
30122649 1790
30122650 1790
30122650 1790
30122650 1790
30122651 1790
30122651 1790
30122651 1790
30122652 1790
30122652 1790
30122652 1790
30122652 1790
30122653 1790
30122653 1790
30122653 1790
30122654 1790
30122654 1790
30122654 1790
30122655 1790
30122655 1790
30122655 1790
30122656 1790
30122656 1790
30122656 1790
30122657 1790
30122657 1790
30122657 1790
30122658 1790
30122658 1790
30122658 1790
30122659 1790
30122659 1790
30122659 1790
30122700 1790
30122700 1790
30122700 1790
30122701 1790
30122701 1790
30122701 1790
30122702 1790
30122702 1790
30122702 1790
30122703 1790
30122703 1790
30122703 1790
30122704 1790
30122704 1790
30122704 1790
30122705 1790
30122705 1790
30122705 1790
30122706 1790
30122706 1790
30122706 1790
30122707 1790
30122707 1790
30122707 1790
30122708 1790
30122708 1790
30122708 1790
30122709 1790
30122709 1790
30122709 1790
30122710 1790
30122710 1790
30122710 1790
30122711 1822
30122711 1822
30122711 1822
30122712 1822
30122712 1822
30122712 1822
30122713 1822
30122713 1822
30122713 1822
30122714 1822
30122714 1822
30122714 1822
30122715 1822
30122715 1822
30122715 1822
30122716 1822
30122716 1822
30122716 1822
30122717 1822
30122717 1822
30122717 1822
30122718 1822
30122718 1822
30122718 1822
30122719 1822
30122719 1822
30122719 1822
30122720 1822
30122720 1822
30122720 1822
30122721 1822
30122721 1822
30122721 1822
30122722 1822
30122722 1822
30122722 1822
30122723 1822
30122723 1822
30122723 1822
30122724 1822
30122724 1822
30122724 1822
30122725 1822
30122725 1822
30122725 1822
30122726 1822
30122726 1822
30122726 1822
30122727 1822
30122727 1822
30122727 1822
30122728 1822
30122728 1822
30122728 1822
30122729 1822
30122729 1822
30122729 1822
30122729 1822
30122730 1822
30122730 1822
30122730 1822
30122731 1822
30122731 1822
30122731 1822
30122732 1822
30122732 1822
30122732 1822
30122733 1822
30122733 1822
30122733 1822
30122734 1822
30122734 1822
30122734 1822
30122735 1822
30122735 1822
30122735 1822
30122736 1822
30122736 1822
30122736 1822
30122737 1822
30122737 1822
30122737 1822
30122738 1822
30122738 1822
30122738 1822
30122739 1822
30122739 1822
30122739 1822
30122740 1822
30122740 1822
30122740 1822
30122741 1822
30122741 1822
30122741 1822
30122742 1822
30122742 1822
30122742 1822
30122743 1822
30122743 1822
30122743 1822
30122744 1822
30122744 1822
30122744 1822
30122745 1822
30122745 1822
30122745 1822
30122746 1822
30122746 1822
30122746 1822
30122747 1822
30122747 1822
30122747 1822
30122748 1822
30122748 1822
30122748 1822
30122749 1822
30122749 1822
30122749 1822
30122750 1822
30122750 1822
30122750 1822
30122751 1858
30122751 1858
30122751 1858
30122752 1858
30122752 1858
30122752 1858
30122753 1858
30122753 1858
30122753 1858
30122754 1858
30122754 1858
30122754 1858
30122755 1858
30122755 1858
30122755 1858
30122756 1858
30122756 1858
30122756 1858
30122757 1858
30122757 1858
30122757 1858
30122758 1858
30122758 1858
30122758 1858
30122759 1858
30122759 1858
30122759 1858
30122800 1858
30122800 1858
30122800 1858
30122801 1858
30122801 1858
30122801 1858
30122802 1858
30122802 1858
30122802 1858
30122803 1858
30122803 1858
30122803 1858
30122804 1858
30122804 1858
30122804 1858
30122805 1858
30122805 1858
30122805 1858
30122806 1858
30122806 1858
30122806 1858
30122807 1858
30122807 1858
30122807 1858
30122807 1858
30122808 1858
30122808 1858
30122808 1858
30122809 1858
30122809 1858
30122809 1858
30122810 1858
30122810 1858
30122810 1858
30122811 1858
30122811 1858
30122811 1858
30122812 1858
30122812 1858
30122812 1858
30122813 1858
30122813 1858
30122813 1858
30122814 1858
30122814 1858
30122814 1858
30122815 1858
30122815 1858
30122815 1858
30122816 1858
30122816 1858
30122816 1858
30122817 1858
30122817 1858
30122817 1858
30122818 1858
30122818 1858
30122818 1858
30122819 1858
30122819 1858
30122819 1858
30122820 1858
30122820 1858
30122820 1858
30122821 1858
30122821 1858
30122821 1858
30122822 1858
30122822 1858
30122822 1858
30122823 1858
30122823 1858
30122823 1858
30122824 1858
30122824 1858
30122824 1858
30122825 1858
30122825 1858
30122825 1858
30122826 1858
30122826 1858
30122826 1858
30122827 1858
30122827 1858
30122827 1858
30122828 1858
30122828 1858
30122828 1858
30122829 1858
30122829 1858
30122829 1858
30122830 1858
30122830 1858
30122830 1858
30122831 1858
30122831 1858
30122831 1858
30122832 1858
30122832 1858
30122832 1858
30122833 1858
30122833 1858
30122833 1896
30122834 1896
30122834 1896
30122834 1896
30122835 1896
30122835 1896
30122835 1896
30122836 1896
30122836 1896
30122836 1896
30122837 1896
30122837 1896
30122837 1896
30122838 1896
30122838 1896
30122838 1896
30122839 1896
30122839 1896
30122839 1896
30122840 1896
30122840 1896
30122840 1896
30122841 1896
30122841 1896
30122841 1896
30122842 1896
30122842 1896
30122842 1896
30122843 1896
30122843 1896
30122843 1896
30122844 1896
30122844 1896
30122844 1896
30122845 1896
30122845 1896
30122845 1896
30122845 1896
30122846 1896
30122846 1896
30122846 1896
30122847 1896
30122847 1896
30122847 1896
30122848 1896
30122848 1896
30122848 1896
30122849 1896
30122849 1896
30122849 1896
30122850 1896
30122850 1896
30122850 1896
30122851 1896
30122851 1896
30122851 1896
30122852 1896
30122852 1896
30122852 1896
30122853 1896
30122853 1896
30122853 1896
30122854 1896
30122854 1896
30122854 1896
30122855 1896
30122855 1896
30122855 1896
30122856 1896
30122856 1896
30122856 1896
30122857 1896
30122857 1896
30122857 1896
30122858 1896
30122858 1896
30122858 1896
30122859 1896
30122859 1896
30122859 1896
30122900 1896
30122900 1896
30122900 1896
30122901 1896
30122901 1896
30122901 1896
30122902 1896
30122902 1896
30122902 1896
30122903 1896
30122903 1896
30122903 1896
30122904 1896
30122904 1896
30122904 1896
30122905 1896
30122905 1896
30122905 1896
30122906 1896
30122906 1896
30122906 1896
30122907 1896
30122907 1896
30122907 1896
30122908 1896
30122908 1896
30122908 1896
30122909 1896
30122909 1896
30122909 1896
30122910 1896
30122910 1896
30122910 1896
30122911 1896
30122911 1896
30122911 1896
30122912 1896
30122912 1896
30122912 1896
30122913 1896
30122913 1896
30122913 1896
30122914 1896
30122914 1896
30122914 1896
30122915 1896
30122915 1896
30122915 1896
30122916 1896
30122916 1896
30122916 1896
30122917 1896
30122917 1896
30122917 1932
30122918 1932
30122918 1932
30122918 1932
30122919 1932
30122919 1932
30122919 1932
30122920 1932
30122920 1932
30122920 1932
30122921 1932
30122921 1932
30122921 1932
30122922 1932
30122922 1932
30122922 1932
30122923 1932
30122923 1932
30122923 1932
30122924 1932
30122924 1932
30122924 1932
30122925 1932
30122925 1932
30122925 1932
30122925 1932
30122926 1932
30122926 1932
30122926 1932
30122927 1932
30122927 1932
30122927 1932
30122928 1932
30122928 1932
30122928 1932
30122929 1932
30122929 1932
30122929 1932
30122930 1932
30122930 1932
30122930 1932
30122931 1932
30122931 1932
30122931 1932
30122932 1932
30122932 1932
30122932 1932
30122933 1932
30122933 1932
30122933 1932
30122934 1932
30122934 1932
30122934 1932
30122935 1932
30122935 1932
30122935 1932
30122936 1932
30122936 1932
30122936 1932
30122937 1932
30122937 1932
30122937 1932
30122938 1932
30122938 1932
30122938 1932
30122939 1932
30122939 1932
30122939 1932
30122940 1932
30122940 1932
30122940 1932
30122941 1932
30122941 1932
30122941 1932
30122942 1932
30122942 1932
30122942 1932
30122943 1932
30122943 1932
30122943 1932
30122944 1932
30122944 1932
30122944 1932
30122945 1932
30122945 1932
30122945 1932
30122946 1932
30122946 1932
30122946 1932
30122947 1932
30122947 1932
30122947 1932
30122948 1932
30122948 1932
30122948 1932
30122949 1932
30122949 1932
30122949 1932
30122950 1932
30122950 1932
30122950 1932
30122951 1932
30122951 1932
30122951 1932
30122952 1932
30122952 1932
30122952 1932
30122953 1932
30122953 1932
30122953 1932
30122954 1932
30122954 1932
30122954 1932
30122955 1932
30122955 1932
30122955 1932
30122956 1932
30122956 1932
30122956 1932
30122957 1932
30122957 1932
30122957 1932
30122958 1932
30122958 1932
30122958 1932
30122959 1932
30122959 1932
30122959 1932
30123000 1932
30123000 1932
30123000 1932
30123001 1932
30123001 1932
30123001 1932
30123002 1932
30123002 1972
30123002 1972
30123003 1972
30123003 1972
30123003 1972
30123003 1972
30123004 1972
30123004 1972
30123004 1972
30123005 1972
30123005 1972
30123005 1972
30123006 1972
30123006 1972
30123006 1972
30123007 1972
30123007 1972
30123007 1972
30123008 1972
30123008 1972
30123008 1972
30123009 1972
30123009 1972
30123009 1972
30123010 1972
30123010 1972
30123010 1972
30123011 1972
30123011 1972
30123011 1972
30123012 1972
30123012 1972
30123012 1972
30123013 1972
30123013 1972
30123013 1972
30123014 1972
30123014 1972
30123014 1972
30123015 1972
30123015 1972
30123015 1972
30123016 1972
30123016 1972
30123016 1972
30123017 1972
30123017 1972
30123017 1972
30123018 1972
30123018 1972
30123018 1972
30123019 1972
30123019 1972
30123019 1972
30123020 1972
30123020 1972
30123020 1972
30123021 1972
30123021 1972
30123021 1972
30123022 1972
30123022 1972
30123022 1972
30123023 1972
30123023 1972
30123023 1972
30123024 1972
30123024 1972
30123024 1972
30123025 1972
30123025 1972
30123025 1972
30123026 1972
30123026 1972
30123026 1972
30123027 1972
30123027 1972
30123027 1972
30123028 1972
30123028 1972
30123028 1972
30123029 1972
30123029 1972
30123029 1972
30123030 1972
30123030 1972
30123030 1972
30123031 1972
30123031 1972
30123031 1972
30123032 1972
30123032 1972
30123032 1972
30123033 1972
30123033 1972
30123033 1972
30123034 1972
30123034 1972
30123034 1972
30123035 1972
30123035 1972
30123035 1972
30123036 1972
30123036 1972
30123036 1972
30123037 1972
30123037 1972
30123037 1972
30123038 1972
30123038 1972
30123038 1972
30123039 1972
30123039 1972
30123039 1972
30123040 1972
30123040 1972
30123040 1972
30123041 1972
30123041 1972
30123041 1972
30123042 1972
30123042 1972
30123042 1972
30123043 1972
30123043 1972
30123043 1972
30123043 1972
30123044 1972
30123044 1972
30123044 1972
30123045 1972
30123045 1972
30123045 1972
30123046 1972
30123046 1972
30123046 1972
30123047 1972
30123047 1972
30123047 1972
30123048 1972
30123048 2866
30123048 2014
30123049 2014
30123049 2014
30123049 2014
30123050 2014
30123050 2014
30123050 2014
30123051 2014
30123051 2014
30123051 2014
30123052 2014
30123052 2014
30123052 2014
30123053 2014
30123053 2014
30123053 2014
30123054 2014
30123054 2014
30123054 2014
30123055 2014
30123055 2014
30123055 2014
30123056 2014
30123056 2014
30123056 2014
30123057 2014
30123057 2014
30123057 2014
30123058 2014
30123058 2014
30123058 2014
30123059 2014
30123059 2014
30123059 2014
30123100 2014
30123100 2014
30123100 2014
30123101 2014
30123101 2014
30123101 2014
30123102 2014
30123102 2014
30123102 2014
30123103 2014
30123103 2014
30123103 2014
30123104 2014
30123104 2014
30123104 2014
30123105 2014
30123105 2014
30123105 2014
30123106 2014
30123106 2014
30123106 2014
30123107 2014
30123107 2014
30123107 2014
30123108 2014
30123108 2014
30123108 2014
30123109 2014
30123109 2014
30123109 2014
30123110 2014
30123110 2014
30123110 2014
30123111 2014
30123111 2014
30123111 2014
30123112 2014
30123112 2014
30123112 2014
30123113 2014
30123113 2014
30123113 2014
30123114 2014
30123114 2014
30123114 2014
30123115 2014
30123115 2014
30123115 2014
30123116 2014
30123116 2014
30123116 2014
30123117 2014
30123117 2014
30123117 2014
30123118 2014
30123118 2014
30123118 2014
30123119 2014
30123119 2014
30123119 2014
30123120 2014
30123120 2014
30123120 2014
30123121 2014
30123121 2014
30123121 2014
30123121 2014
30123122 2014
30123122 2014
30123122 2014
30123123 2014
30123123 2014
30123123 2014
30123124 2014
30123124 2014
30123124 2014
30123125 2014
30123125 2014
30123125 2014
30123126 2014
30123126 2014
30123126 2014
30123127 2014
30123127 2014
30123127 2014
30123128 2014
30123128 2014
30123128 2014
30123129 2014
30123129 2014
30123129 2014
30123130 2014
30123130 2014
30123130 2014
30123131 2014
30123131 2014
30123131 2014
30123132 2014
30123132 2014
30123132 2014
30123133 2014
30123133 2014
30123133 2014
30123134 2014
30123134 2014
30123134 2014
30123135 2014
30123135 2014
30123135 2014
30123136 2014
30123136 2056
30123136 2056
30123137 2056
30123137 2056
30123137 2056
30123138 2056
30123138 2056
30123138 2056
30123139 2056
30123139 2056
30123139 2056
30123140 2056
30123140 2056
30123140 2056
30123141 2056
30123141 2056
30123141 2056
30123142 2056
30123142 2056
30123142 2056
30123143 2056
30123143 2056
30123143 2056
30123144 2056
30123144 2056
30123144 2056
30123145 2056
30123145 2056
30123145 2056
30123146 2056
30123146 2056
30123146 2056
30123147 2056
30123147 2056
30123147 2056
30123148 2056
30123148 2056
30123148 2056
30123149 2056
30123149 2056
30123149 2056
30123150 2056
30123150 2056
30123150 2056
30123151 2056
30123151 2056
30123151 2056
30123152 2056
30123152 2056
30123152 2056
30123153 2056
30123153 2056
30123153 2056
30123154 2056
30123154 2056
30123154 2056
30123155 2056
30123155 2056
30123155 2056
30123156 2056
30123156 2056
30123156 2056
30123157 2056
30123157 2056
30123157 2056
30123158 2056
30123158 2056
30123158 2056
30123159 2056
30123159 2056
30123159 2056
30123200 2056
30123200 2056
30123200 2056
30123200 2056
30123201 2056
30123201 2056
30123201 2056
30123202 2056
30123202 2056
30123202 2056
30123203 2056
30123203 2056
30123203 2056
30123204 2056
30123204 2056
30123204 2056
30123205 2056
30123205 2056
30123205 2056
30123206 2056
30123206 2056
30123206 2056
30123207 2056
30123207 2056
30123207 2056
30123208 2056
30123208 2056
30123208 2056
30123209 2056
30123209 2056
30123209 2056
30123210 2056
30123210 2056
30123210 2056
30123211 2056
30123211 2056
30123211 2056
30123212 2056
30123212 2056
30123212 2056
30123213 2056
30123213 2056
30123213 2056
30123214 2056
30123214 2056
30123214 2056
30123215 2056
30123215 2056
30123215 2056
30123216 2056
30123216 2056
30123216 2056
30123217 2056
30123217 2056
30123217 2056
30123218 2056
30123218 2056
30123218 2056
30123219 2056
30123219 2056
30123219 2056
30123220 2056
30123220 2056
30123220 2056
30123221 2056
30123221 2056
30123221 2056
30123222 2056
30123222 2056
30123222 2056
30123223 2056
30123223 2056
30123223 2056
30123224 2056
30123224 2056
30123224 2100
30123225 2100
30123225 2100
30123225 2100
30123226 2100
30123226 2100
30123226 2100
30123227 2100
30123227 2100
30123227 2100
30123228 2100
30123228 2100
30123228 2100
30123229 2100
30123229 2100
30123229 2100
30123230 2100
30123230 2100
30123230 2100
30123231 1166
30123231 1166
30123231 1166
30123232 1166
30123232 1166
30123232 1166
30123233 1166
30123233 1166
30123233 1166
30123234 1166
30123234 1166
30123234 1166
30123235 1166
30123235 1166
30123235 1166
30123236 1168
30123236 1168
30123236 1168
30123237 1168
30123237 1168
30123237 1168
30123238 1168
30123238 1168
30123238 1168
30123239 1168
30123239 1168
30123239 1168
30123239 1168
30123240 1170
30123240 1170
30123240 1170
30123241 1170
30123241 1170
30123241 1170
30123242 1170
30123242 1172
30123242 1172
30123243 1172
30123243 1172
30123243 1172
30123244 1172
30123244 1174
30123244 1174
30123245 1174
30123245 1174
30123245 1174
30123246 1174
30123246 1174
30123246 1120
30123247 1176
30123247 1176
30123247 1176
30123248 1176
30123248 1176
30123248 1176
30123249 1176
30123249 1178
30123249 1178
30123250 1178
30123250 1178
30123250 1178
30123251 1178
30123251 1178
30123251 1178
30123252 1182
30123252 1182
30123252 1182
30123253 1182
30123253 1182
30123253 1182
30123254 1182
30123254 1182
30123254 1184
30123255 1184
30123255 1184
30123255 1184
30123256 1184
30123256 1184
30123256 1184
30123257 1184
30123257 1186
30123257 1186
30123258 1186
30123258 1186
30123258 1186
30123259 1186
30123259 1186
30123259 1186
30123300 1186
30123300 1186
30123300 1188
30123301 1188
30123301 1188
30123301 1188
30123302 1188
30123302 1188
30123302 1188
30123303 1188
30123303 1188
30123303 1190
30123304 1190
30123304 1190
30123304 1190
30123305 1190
30123305 1190
30123305 1190
30123306 1190
30123306 1190
30123306 1190
30123307 1192
30123307 1192
30123307 1192
30123308 1192
30123308 1192
30123308 1192
30123309 1192
30123309 1192
30123309 1192
30123310 1192
30123310 1192
30123310 1194
30123311 1194
30123311 1194
30123311 1194
30123312 1194
30123312 1194
30123312 1194
30123313 1194
30123313 1194
30123313 1194
30123314 1194
30123314 1196
30123314 1196
30123315 1196
30123315 1196
30123315 1196
30123316 1196
30123316 1196
30123316 1196
30123317 1196
30123317 1196
30123317 1196
30123317 1200
30123318 1200
30123318 1200
30123318 1200
30123319 1200
30123319 1200
30123319 1200
30123320 1200
30123320 1200
30123320 1200
30123321 1200
30123321 1200
30123321 1202
30123322 1202
30123322 1202
30123322 1202
30123323 1202
30123323 1202
30123323 1202
30123324 1202
30123324 1202
30123324 1202
30123325 1202
30123325 1202
30123325 1202
30123326 1204
30123326 1204
30123326 1204
30123327 1204
30123327 1204
30123327 1204
30123328 1204
30123328 1204
30123328 1204
30123329 1204
30123329 1204
30123329 1204
30123330 1204
30123330 1206
30123330 1206
30123331 1206
30123331 1206
30123331 1206
30123332 1206
30123332 1206
30123332 1206
30123333 1206
30123333 1206
30123333 1206
30123334 1206
30123334 1206
30123334 1206
30123335 1210
30123335 1210
30123335 1210
30123336 1210
30123336 1210
30123336 1210
30123337 1210
30123337 1210
30123337 1210
30123338 1210
30123338 1210
30123338 1210
30123339 1210
30123339 1210
30123339 1210
30123340 1212
30123340 1212
30123340 1212
30123341 1212
30123341 1212
30123341 1212
30123342 1212
30123342 1212
30123342 1212
30123343 1212
30123343 1212
30123343 1212
30123344 1212
30123344 1212
30123344 1212
30123345 1216
30123345 1216
30123345 1216
30123346 1216
30123346 1216
30123346 1216
30123347 1216
30123347 1216
30123347 1216
30123348 1216
30123348 1216
30123348 1216
30123349 1216
30123349 1216
30123349 1216
30123350 1216
30123350 1218
30123350 1218
30123351 1218
30123351 1218
30123351 1218
30123352 1218
30123352 1218
30123352 1218
30123353 1218
30123353 1218
30123353 1218
30123354 1218
30123354 1218
30123354 1218
30123355 1218
30123355 1218
30123355 1220
30123356 1220
30123356 1220
30123356 1220
30123356 1220
30123357 1220
30123357 1220
30123357 1220
30123358 1220
30123358 1220
30123358 1220
30123359 1220
30123359 1220
30123359 1220
30123400 1220
30123400 1220
30123400 1220
30123401 1224
30123401 1224
30123401 1224
30123402 1224
30123402 1224
30123402 1224
30123403 1224
30123403 1224
30123403 1224
30123404 1224
30123404 1224
30123404 1224
30123405 1224
30123405 1224
30123405 1224
30123406 1224
30123406 1224
30123406 1224
30123407 1224
30123407 1228
30123407 1228
30123408 1228
30123408 1228
30123408 1228
30123409 1228
30123409 1230
30123409 1230
30123410 1230
30123410 1230
30123410 1230
30123411 1230
30123411 1234
30123411 1234
30123412 1234
30123412 1234
30123412 1234
30123413 1234
30123413 1234
30123413 1236
30123414 1236
30123414 1236
30123414 1236
30123415 1236
30123415 1236
30123415 1240
30123416 1240
30123416 1240
30123416 1240
30123417 1240
30123417 1240
30123417 1240
30123418 1244
30123418 1244
30123418 1244
30123419 1244
30123419 1244
30123419 1244
30123420 1372
30123420 1246
30123420 1246
30123421 1246
30123421 1246
30123421 1246
30123422 1246
30123422 1246
30123422 1250
30123423 1250
30123423 1250
30123423 1250
30123424 1250
30123424 1250
30123424 1250
30123425 1254
30123425 1254
30123425 1254
30123426 1254
30123426 1254
30123426 1254
30123427 1254
30123427 1258
30123427 1258
30123428 1258
30123428 1258
30123428 1258
30123429 1258
30123429 1258
30123429 1258
30123430 1262
30123430 1262
30123430 1262
30123431 1262
30123431 1262
30123431 1262
30123432 1262
30123432 1266
30123432 1266
30123433 1266
30123433 1266
30123433 1266
30123434 1266
30123434 1266
30123434 1266
30123435 1272
30123435 1272
30123435 1272
30123436 1272
30123436 1272
30123436 1272
30123437 1272
30123437 1272
30123437 1276
30123438 1276
30123438 1276
30123438 1276
30123439 1276
30123439 1276
30123439 1276
30123439 1280
30123440 1280
30123440 1280
30123440 1280
30123441 1280
30123441 1280
30123441 1280
30123442 1280
30123442 1280
30123442 1284
30123443 1284
30123443 1284
30123443 1284
30123444 1284
30123444 1284
30123444 1284
30123445 1284
30123445 1288
30123445 1288
30123446 1288
30123446 1288
30123446 1288
30123447 1288
30123447 1288
30123447 1288
30123448 1288
30123448 1292
30123448 1292
30123449 1292
30123449 1292
30123449 1292
30123450 1292
30123450 1292
30123450 1292
30123451 1296
30123451 1296
30123451 1296
30123452 1296
30123452 1296
30123452 1296
30123453 1296
30123453 1296
30123453 1296
30123454 1302
30123454 1302
30123454 1302
30123455 1302
30123455 1302
30123455 1302
30123456 1302
30123456 1302
30123456 1302
30123457 1306
30123457 1306
30123457 1306
30123458 1306
30123458 1306
30123458 1306
30123459 1306
30123459 1306
30123459 1310
30123500 1310
30123500 1310
30123500 1310
30123501 1310
30123501 1310
30123501 1316
30123502 1316
30123502 1316
30123502 1316
30123503 1316
30123503 1316
30123503 1316
30123504 1320
30123504 1320
30123504 1320
30123505 1320
30123505 1320
30123505 1320
30123506 1124
30123506 1124
30123506 1124
30123507 1124
30123507 1124
30123507 1124
30123508 1124
30123508 1124
30123508 1124
30123509 1124
30123509 1124
30123509 1124
30123510 1124
30123510 1124
30123510 1124
30123511 1124
30123511 1124
30123511 1124
30123512 1124
30123512 1124
30123512 1126
30123513 1126
30123513 1126
30123513 1126
30123514 1126
30123514 1126
30123514 1126
30123515 1126
30123515 1126
30123515 1126
30123516 1126
30123516 1126
30123516 1126
30123517 1126
30123517 1126
30123517 1126
30123518 1126
30123518 1126
30123518 1126
30123519 1126
30123519 1126
30123519 1126
30123519 1126
30123520 1126
30123520 1126
30123520 1126
30123521 1126
30123521 1126
30123521 1126
30123522 1126
30123522 1128
30123522 1128
30123523 1128
30123523 1128
30123523 1128
30123524 1128
30123524 1128
30123524 1128
30123525 1128
30123525 1128
30123525 1128
30123526 1128
30123526 1128
30123526 1128
30123527 1128
30123527 1128
30123527 1128
30123528 1128
30123528 1128
30123528 1128
30123529 1128
30123529 1128
30123529 1128
30123530 1128
30123530 1128
30123530 1128
30123531 1128
30123531 1128
30123531 1128
30123532 1130
30123532 1130
30123532 1130
30123533 1130
30123533 1130
30123533 1130
30123534 1130
30123534 1130
30123534 1130
30123535 1130
30123535 1130
30123535 1130
30123536 1130
30123536 1130
30123536 1130
30123537 1130
30123537 1130
30123537 1130
30123538 1130
30123538 1130
30123538 1130
30123539 1130
30123539 1130
30123539 1130
30123540 1130
30123540 1130
30123540 1130
30123541 1130
30123541 1130
30123541 1130
30123542 1130
30123542 1130
30123542 1130
30123543 1130
30123543 1130
30123543 1130
30123544 1130
30123544 1134
30123544 1134
30123545 1134
30123545 1134
30123545 1136
30123546 1136
30123546 1136
30123546 1136
30123547 1138
30123547 1138
30123547 1138
30123548 1140
30123548 1140
30123548 1140
30123549 1140
30123549 1142
30123549 1142
30123550 1142
30123550 1142
30123550 1144
30123551 1144
30123551 1144
30123551 1144
30123552 1144
30123552 1144
30123552 1146
30123553 1146
30123553 1148
30123553 1148
30123554 1148
30123554 1148
30123554 1148
30123555 1148
30123555 1148
30123555 1150
30123556 1150
30123556 1150
30123556 1150
30123556 1152
30123557 1152
30123557 1152
30123557 1152
30123558 1154
30123558 1154
30123558 1154
30123559 1154
30123559 1154
30123559 1154
30123600 1154
30123600 1154
30123600 1156
30123601 1156
30123601 1156
30123601 1156
30123602 1156
30123602 1158
30123602 1158
30123603 1158
30123603 1158
30123603 1160
30123604 1160
30123604 1160
30123604 1160
30123605 1160
30123605 1204
30123605 1162
30123606 1162
30123606 1162
30123606 1162
30123607 1162
30123607 1164
30123607 1164
30123608 1164
30123608 1164
30123608 1164
30123609 1164
30123609 1164
30123609 1164
30123610 1164
30123610 1164
30123610 1166
30123611 1166
30123611 1166
30123611 1166
30123612 1166
30123612 1168
30123612 1168
30123613 1168
30123613 1168
30123613 1168
30123614 1172
30123614 1172
30123614 1172
30123615 1172
30123615 1172
30123615 1174
30123616 1174
30123616 1174
30123616 1174
30123617 1176
30123617 1176
30123617 1176
30123618 1236
30123618 1180
30123618 1120
