Last Time Cost: 00000000 ms
Total Time Cost: 00000000 ms
Total Distance 630: 16 16 16 16 16 16 16 16 16 16 14 14 14 14 14 14 14 14 14 14 15 15 15 15 15 15 15 15 15 15 15 15 15 15 15 15 15 15 15 15 15 15
Last Time Cost: 00027141 ms
Total Time Cost: 00027141 ms
Total Distance 615: 15 16 16 16 15 15 15 16 16 15 14 14 13 13 13 13 14 14 14 14 15 15 15 14 15 14 15 15 15 15 14 14 15 14 15 15 15 14 15 15 15 15
Last Time Cost: 00029926 ms
Total Time Cost: 00057067 ms
Total Distance 601: 15 15 15 15 15 14 15 16 16 15 14 13 13 13 12 12 14 13 14 14 15 15 14 14 15 14 15 15 14 14 14 13 15 14 15 15 15 14 15 14 15 14
Last Time Cost: 00030962 ms
Total Time Cost: 00088029 ms
Total Distance 588: 14 14 15 15 14 14 15 16 15 15 14 13 12 13 12 11 13 13 14 13 15 15 14 14 15 14 14 14 14 13 14 13 15 14 14 15 14 14 15 14 15 14
Last Time Cost: 00027532 ms
Total Time Cost: 00115561 ms
Total Distance 576: 14 13 15 15 14 14 15 16 15 15 14 13 12 13 12 11 12 12 14 12 14 14 13 14 15 14 14 14 14 13 13 12 14 14 14 14 14 14 15 13 15 14
Last Time Cost: 00026518 ms
Total Time Cost: 00142079 ms
Total Distance 566: 13 13 15 15 14 14 14 16 15 14 14 13 12 12 11 11 12 12 14 12 14 14 13 13 15 13 14 14 14 13 12 11 14 13 14 14 14 14 15 13 15 14
Last Time Cost: 00028234 ms
Total Time Cost: 00170313 ms
Total Distance 556: 12 13 15 14 14 14 13 16 15 13 14 13 12 12 10 11 12 12 14 12 14 14 12 13 15 13 14 14 13 13 12 11 14 13 14 14 14 13 15 12 14 14
Last Time Cost: 00029086 ms
Total Time Cost: 00199399 ms
Total Distance 546: 12 13 15 14 14 13 13 16 14 12 13 13 12 11 10 11 12 12 13 11 14 14 12 13 15 13 14 14 12 13 12 11 14 13 14 14 14 13 15 12 13 13
Last Time Cost: 00030150 ms
Total Time Cost: 00229549 ms
Total Distance 536: 12 13 15 14 13 13 13 16 13 11 13 13 11 11 10 11 12 12 12 11 13 14 12 13 15 13 14 13 11 13 12 11 14 13 13 14 14 12 15 12 13 13
Last Time Cost: 00034972 ms
Total Time Cost: 00264521 ms
Total Distance 526: 12 13 14 14 13 12 13 16 13 11 13 12 11 11 10 11 12 12 12 10 13 14 12 13 15 13 13 12 11 13 12 11 13 13 12 14 13 12 15 11 13 13
Last Time Cost: 00034185 ms
Total Time Cost: 00298706 ms
Total Distance 516: 12 13 14 14 12 12 13 15 12 11 13 11 11 11 10 11 12 12 12 10 12 13 12 12 14 12 13 11 11 13 12 11 13 13 12 14 13 12 15 11 13 13
Last Time Cost: 00029266 ms
Total Time Cost: 00327972 ms
Total Distance 506: 12 13 14 14 12 12 13 14 12 11 12 10 11 11 10 11 12 12 12 10 12 13 12 12 13 11 12 11 10 13 12 11 12 13 12 13 13 12 14 11 13 13
Last Time Cost: 00018434 ms
Total Time Cost: 00346406 ms
Total Distance 497: 12 12 13 13 12 12 13 14 12 11 12 9 11 11 9 10 12 11 12 10 12 13 12 12 13 11 12 11 10 12 12 11 12 13 12 13 13 12 14 10 13 13
Last Time Cost: 00018481 ms
Total Time Cost: 00364887 ms
Total Distance 489: 12 12 13 13 11 12 12 14 12 11 12 9 11 11 9 10 12 10 12 10 12 13 12 12 12 11 12 10 10 12 12 11 12 12 12 13 13 12 14 9 13 12
Last Time Cost: 00017119 ms
Total Time Cost: 00382006 ms
Total Distance 481: 11 12 13 12 11 12 12 14 12 11 12 9 11 11 9 9 12 10 12 10 11 13 11 12 12 11 12 10 10 11 12 10 12 12 12 13 13 12 13 9 13 12
Last Time Cost: 00017058 ms
Total Time Cost: 00399064 ms
Total Distance 474: 11 12 13 12 11 12 12 14 11 11 11 9 11 10 9 9 12 10 12 9 11 13 11 12 12 11 12 10 9 11 12 10 12 12 12 13 13 12 13 9 12 11
Last Time Cost: 00018091 ms
Total Time Cost: 00417155 ms
Total Distance 467: 11 12 12 12 11 12 12 13 11 11 11 9 11 9 9 9 12 10 12 9 11 13 10 12 12 11 12 10 9 11 11 10 12 12 11 13 13 11 13 9 12 11
Last Time Cost: 00017832 ms
Total Time Cost: 00434987 ms
Total Distance 461: 11 12 12 12 11 12 12 13 11 10 11 9 11 8 8 9 12 10 12 9 11 13 10 12 12 10 12 10 9 11 11 9 12 12 11 13 13 11 12 9 12 11
Last Time Cost: 00017618 ms
Total Time Cost: 00452605 ms
Total Distance 455: 11 11 12 12 11 12 12 13 11 10 11 9 11 8 8 9 12 10 12 8 11 12 9 12 12 10 12 10 9 11 10 8 12 12 11 13 13 11 12 9 12 11
Last Time Cost: 00017102 ms
Total Time Cost: 00469707 ms
Total Distance 449: 11 10 12 12 11 12 12 13 11 10 11 9 10 8 8 9 12 10 12 7 11 12 9 12 12 10 12 9 9 11 10 8 12 12 10 13 12 11 12 9 12 11
Last Time Cost: 00015699 ms
Total Time Cost: 00485406 ms
Total Distance 443: 11 10 11 12 11 11 12 13 11 10 11 9 10 8 8 9 12 10 12 6 11 12 9 12 12 10 12 8 9 11 10 8 12 12 9 13 11 11 12 9 12 11
Last Time Cost: 00017564 ms
Total Time Cost: 00502970 ms
Total Distance 437: 11 10 11 12 11 11 12 12 11 10 10 8 10 8 8 9 12 10 12 6 11 12 9 12 12 10 11 8 8 11 10 8 12 12 9 12 11 11 12 9 12 11
Last Time Cost: 00011413 ms
Total Time Cost: 00514383 ms
Total Distance 431: 11 10 11 12 11 11 12 12 10 10 10 8 10 8 8 9 12 10 12 6 10 11 9 12 12 10 10 8 8 11 10 8 12 12 8 11 11 11 12 9 12 11
Last Time Cost: 00011419 ms
Total Time Cost: 00525802 ms
Total Distance 425: 11 10 10 11 11 11 12 12 10 10 10 8 10 8 8 9 12 9 11 6 9 11 9 12 12 10 10 8 8 11 10 8 11 12 8 11 11 11 12 9 12 11
Last Time Cost: 00012213 ms
Total Time Cost: 00538015 ms
Total Distance 420: 11 10 10 11 11 11 12 12 10 9 10 8 10 7 7 9 12 9 11 6 9 11 9 12 11 10 10 8 8 11 10 7 11 12 8 11 11 11 12 9 12 11
Last Time Cost: 00013919 ms
Total Time Cost: 00551934 ms
Total Distance 415: 11 10 10 11 11 11 12 12 10 9 9 8 10 7 7 9 12 9 11 6 9 11 9 12 11 10 10 8 7 11 10 7 10 12 7 11 11 11 12 9 12 10
Last Time Cost: 00014364 ms
Total Time Cost: 00566298 ms
Total Distance 410: 10 10 10 10 11 11 12 11 10 8 9 8 10 7 7 9 12 9 11 6 9 11 9 12 11 10 10 8 7 11 10 7 10 12 7 11 11 11 12 8 12 10
Last Time Cost: 00014348 ms
Total Time Cost: 00580646 ms
Total Distance 405: 10 10 10 9 11 10 12 11 10 8 9 8 10 7 7 9 12 9 10 6 8 11 9 12 11 10 10 8 7 11 10 7 10 12 7 11 11 11 12 8 11 10
Last Time Cost: 00014962 ms
Total Time Cost: 00595608 ms
Total Distance 399: 10 10 10 9 10 10 12 11 10 8 9 8 9 7 7 9 12 9 10 6 8 10 9 12 10 10 10 8 7 11 10 7 10 12 7 11 11 11 11 8 10 10
Last Time Cost: 00012594 ms
Total Time Cost: 00608202 ms
Total Distance 394: 9 10 10 9 10 10 12 11 10 8 9 8 9 7 7 9 11 9 9 6 7 10 9 12 10 10 10 8 7 11 10 7 10 12 7 11 10 11 11 8 10 10
Last Time Cost: 00012380 ms
Total Time Cost: 00620582 ms
Total Distance 389: 9 10 10 9 9 10 12 11 9 8 9 8 9 7 7 8 10 9 9 6 7 10 9 12 10 10 10 8 7 10 10 7 10 12 7 11 10 11 11 8 10 10
Last Time Cost: 00010848 ms
Total Time Cost: 00631430 ms
Total Distance 384: 9 10 10 9 8 10 12 11 9 8 9 8 8 7 7 8 10 9 8 6 7 9 9 12 10 10 10 8 7 10 10 7 10 12 7 11 10 11 11 8 9 10
Last Time Cost: 00011922 ms
Total Time Cost: 00643352 ms
Total Distance 379: 9 10 10 9 8 10 12 10 9 8 9 8 8 7 7 8 10 9 8 6 7 9 9 11 10 10 10 8 6 10 10 7 10 11 7 11 9 11 11 8 9 10
Last Time Cost: 00011159 ms
Total Time Cost: 00654511 ms
Total Distance 375: 9 10 10 9 7 10 12 10 8 8 9 8 8 7 7 8 10 9 8 6 6 9 9 11 10 10 10 7 6 10 10 7 10 11 7 11 9 11 11 8 9 10
Last Time Cost: 00012489 ms
Total Time Cost: 00667000 ms
Total Distance 370: 9 10 10 9 7 10 12 10 8 8 9 8 8 7 7 7 10 9 8 6 6 9 9 10 10 9 10 7 6 10 10 7 10 11 7 11 9 11 10 8 9 9
Last Time Cost: 00010249 ms
Total Time Cost: 00677249 ms
Total Distance 365: 9 10 9 9 7 10 12 9 8 8 9 8 8 6 7 7 10 9 8 6 6 9 8 10 10 9 10 7 6 10 10 7 10 11 7 11 9 10 10 8 9 9
Last Time Cost: 00009235 ms
Total Time Cost: 00686484 ms
Total Distance 361: 9 10 9 9 7 9 12 9 8 8 9 8 7 6 7 7 10 9 8 5 6 9 8 10 10 9 10 6 6 10 10 7 10 11 7 11 9 10 10 8 9 9
Last Time Cost: 00010117 ms
Total Time Cost: 00696601 ms
Total Distance 357: 9 10 9 9 7 9 12 9 7 8 9 7 6 6 7 7 10 9 8 5 6 9 8 10 10 9 9 6 6 10 10 7 10 11 7 11 9 10 10 8 9 9
Last Time Cost: 00010974 ms
Total Time Cost: 00707575 ms
Total Distance 353: 9 9 9 9 7 9 12 9 7 8 9 7 6 6 7 7 10 9 8 5 6 9 8 10 10 9 9 6 6 10 10 7 10 11 6 11 9 10 10 7 9 8
Last Time Cost: 00011892 ms
Total Time Cost: 00719467 ms
Total Distance 349: 9 8 8 9 7 9 12 9 7 8 9 7 6 6 7 7 10 9 8 5 6 8 8 10 10 9 9 6 6 10 10 7 10 11 6 11 9 10 10 6 9 8
Last Time Cost: 00012848 ms
Total Time Cost: 00732315 ms
Total Distance 345: 9 8 8 9 7 9 12 9 7 8 9 7 6 6 7 7 10 9 8 5 6 8 8 10 9 9 9 5 6 10 10 7 10 10 6 11 9 10 10 6 9 7
Last Time Cost: 00011497 ms
Total Time Cost: 00743812 ms
Total Distance 341: 9 7 8 9 7 9 11 9 7 8 9 7 6 6 7 7 10 9 8 5 6 8 8 10 9 9 9 5 6 10 10 7 10 10 6 11 9 10 10 5 9 6
Last Time Cost: 00010482 ms
Total Time Cost: 00754294 ms
Total Distance 337: 9 7 8 9 7 9 10 9 7 8 9 7 6 6 7 7 10 9 8 4 6 8 8 10 9 8 9 5 6 10 10 7 10 10 6 11 8 10 10 5 9 6
Last Time Cost: 00007681 ms
Total Time Cost: 00761975 ms
Total Distance 333: 9 7 8 9 7 8 10 9 7 8 9 7 6 6 7 7 9 9 8 4 6 8 8 10 8 8 9 5 6 10 10 7 10 10 6 11 8 9 10 5 9 6
Last Time Cost: 00007650 ms
Total Time Cost: 00769625 ms
Total Distance 330: 9 7 8 9 7 8 10 9 6 8 9 7 6 6 7 7 9 9 8 4 5 8 8 10 8 8 9 5 6 10 10 7 10 10 5 11 8 9 10 5 9 6
Last Time Cost: 00008521 ms
Total Time Cost: 00778146 ms
Total Distance 326: 9 7 8 9 7 8 10 8 6 8 9 6 6 6 7 7 9 9 8 4 5 8 8 10 7 8 9 5 6 10 10 7 10 10 5 10 8 9 10 5 9 6
Last Time Cost: 00004744 ms
Total Time Cost: 00782890 ms
Total Distance 322: 9 7 8 9 7 8 9 8 6 8 9 6 6 6 7 7 9 9 8 4 5 8 8 9 7 7 9 5 6 10 10 7 10 10 5 10 8 8 10 5 9 6
Last Time Cost: 00004649 ms
Total Time Cost: 00787539 ms
Total Distance 319: 9 7 7 9 7 8 9 8 5 8 9 5 6 6 7 7 9 9 8 4 5 8 8 9 7 7 9 5 6 10 10 7 10 10 5 10 8 8 10 5 9 6
Last Time Cost: 00005016 ms
Total Time Cost: 00792555 ms
Total Distance 316: 9 7 7 9 7 8 9 8 5 8 9 4 6 6 7 7 9 9 8 4 5 8 8 8 7 7 9 5 6 10 10 7 10 10 5 10 8 8 10 4 9 6
Last Time Cost: 00005040 ms
Total Time Cost: 00797595 ms
Total Distance 312: 9 7 7 9 7 8 9 8 5 8 9 4 6 6 7 7 8 8 8 4 5 8 8 8 7 7 9 5 6 10 10 7 9 10 5 9 8 8 10 4 9 6
Last Time Cost: 00004553 ms
Total Time Cost: 00802148 ms
Total Distance 308: 8 7 7 9 7 8 9 8 5 8 9 4 6 6 7 6 8 8 8 4 5 8 8 8 7 7 9 5 6 9 10 6 9 10 5 9 8 8 10 4 9 6
Last Time Cost: 00004383 ms
Total Time Cost: 00806531 ms
Total Distance 305: 8 7 7 9 7 8 9 8 4 8 9 4 6 6 7 6 7 8 8 4 5 8 8 8 7 6 9 5 6 9 10 6 9 10 5 9 8 8 10 4 9 6
Last Time Cost: 00004623 ms
Total Time Cost: 00811154 ms
Total Distance 302: 8 6 7 9 7 8 9 8 4 8 9 4 6 6 7 6 7 8 8 4 4 7 8 8 7 6 9 5 6 9 10 6 9 10 5 9 8 8 10 4 9 6
Last Time Cost: 00004951 ms
Total Time Cost: 00816105 ms
Total Distance 299: 8 6 7 9 7 8 9 8 3 8 8 4 6 6 7 6 6 8 8 4 4 7 8 8 7 6 9 5 6 9 10 6 9 10 5 9 8 8 10 4 9 6
Last Time Cost: 00004865 ms
Total Time Cost: 00820970 ms
Total Distance 296: 7 6 7 9 7 8 9 8 3 8 8 4 6 6 7 6 6 8 8 4 3 7 8 8 7 6 9 5 6 8 10 6 9 10 5 9 8 8 10 4 9 6
Last Time Cost: 00004779 ms
Total Time Cost: 00825749 ms
Total Distance 293: 7 5 7 9 7 8 9 8 3 8 8 4 6 6 7 5 6 8 8 4 3 7 8 8 7 6 9 5 6 8 10 6 9 10 5 9 8 8 10 4 9 5
Last Time Cost: 00005056 ms
Total Time Cost: 00830805 ms
Total Distance 290: 7 5 7 9 6 8 9 8 3 8 8 4 5 6 7 5 6 8 8 4 3 7 8 7 7 6 9 5 6 8 10 6 9 10 5 9 8 8 10 4 9 5
Last Time Cost: 00005546 ms
Total Time Cost: 00836351 ms
Total Distance 287: 7 5 7 9 6 7 9 8 3 8 8 4 4 6 7 5 6 8 8 4 3 7 8 7 7 6 9 5 6 8 9 6 9 10 5 9 8 8 10 4 9 5
Last Time Cost: 00005583 ms
Total Time Cost: 00841934 ms
Total Distance 284: 7 5 7 9 6 6 9 8 3 8 8 4 4 6 7 5 6 8 8 4 3 7 8 7 6 6 9 5 6 8 9 6 9 10 5 8 8 8 10 4 9 5
Last Time Cost: 00005323 ms
Total Time Cost: 00847257 ms
Total Distance 281: 7 5 7 9 6 6 9 8 3 8 8 4 4 6 7 5 6 7 8 4 3 7 7 7 6 6 9 5 6 7 9 6 9 10 5 8 8 8 10 4 9 5
Last Time Cost: 00005860 ms
Total Time Cost: 00853117 ms
Total Distance 278: 7 5 7 9 6 6 9 8 3 8 7 4 4 6 7 5 6 6 8 4 3 7 7 7 6 6 9 5 6 7 9 6 9 10 5 8 7 8 10 4 9 5
Last Time Cost: 00006225 ms
Total Time Cost: 00859342 ms
Total Distance 275: 7 5 7 9 6 6 9 8 3 8 7 4 4 5 7 5 6 6 8 4 3 7 7 7 6 6 8 5 6 7 9 6 8 10 5 8 7 8 10 4 9 5
Last Time Cost: 00005221 ms
Total Time Cost: 00864563 ms
Total Distance 272: 7 5 7 9 6 6 8 8 3 8 7 4 4 5 7 5 6 6 8 4 3 7 7 7 5 6 8 5 6 7 9 6 8 9 5 8 7 8 10 4 9 5
Last Time Cost: 00004503 ms
Total Time Cost: 00869066 ms
Total Distance 269: 7 5 7 9 6 6 8 8 3 8 7 4 4 5 6 5 6 6 8 4 3 7 7 7 5 6 8 5 6 7 9 6 8 8 5 8 7 7 10 4 9 5
Last Time Cost: 00004023 ms
Total Time Cost: 00873089 ms
Total Distance 266: 7 5 7 9 6 6 8 8 3 8 7 4 4 5 6 5 6 6 8 4 3 7 7 7 5 6 8 5 6 7 9 6 7 8 5 8 6 7 9 4 9 5
Last Time Cost: 00003810 ms
Total Time Cost: 00876899 ms
Total Distance 264: 7 5 7 9 6 6 8 8 3 8 7 4 4 5 6 4 6 6 8 4 3 7 7 7 5 6 8 5 6 7 9 6 7 8 5 8 6 7 9 4 9 4
Last Time Cost: 00004055 ms
Total Time Cost: 00880954 ms
Total Distance 262: 7 5 7 9 6 6 8 8 3 8 7 4 4 5 6 4 6 5 8 4 3 7 7 7 5 6 8 5 6 7 9 6 7 8 5 8 6 7 9 4 9 3
Last Time Cost: 00004332 ms
Total Time Cost: 00885286 ms
Total Distance 260: 7 5 7 9 6 6 8 8 3 8 7 4 3 5 6 4 6 5 8 4 3 6 7 7 5 6 8 5 6 7 9 6 7 8 5 8 6 7 9 4 9 3
Last Time Cost: 00004504 ms
Total Time Cost: 00889790 ms
Total Distance 258: 7 5 7 9 6 6 8 8 3 8 7 4 3 5 6 4 6 5 8 4 3 6 7 7 5 6 8 4 5 7 9 6 7 8 5 8 6 7 9 4 9 3
Last Time Cost: 00004824 ms
Total Time Cost: 00894614 ms
Total Distance 256: 7 5 7 9 6 6 8 8 3 8 7 4 3 5 6 4 5 5 8 4 3 6 7 7 5 6 8 4 5 7 9 6 7 8 4 8 6 7 9 4 9 3
Last Time Cost: 00005103 ms
Total Time Cost: 00899717 ms
Total Distance 254: 7 5 7 9 6 6 8 8 3 8 7 4 3 5 6 4 5 5 8 4 3 6 7 7 5 5 8 4 4 7 9 6 7 8 4 8 6 7 9 4 9 3
Last Time Cost: 00005414 ms
Total Time Cost: 00905131 ms
Total Distance 252: 7 5 7 9 6 6 8 8 3 8 7 4 3 5 6 4 5 5 8 4 3 6 6 7 5 5 8 4 3 7 9 6 7 8 4 8 6 7 9 4 9 3
Last Time Cost: 00005753 ms
Total Time Cost: 00910884 ms
Total Distance 250: 7 5 7 9 6 6 8 8 3 8 7 4 3 5 6 4 5 5 7 4 3 6 6 7 5 5 8 4 3 7 9 6 7 8 4 8 6 7 9 4 9 2
Last Time Cost: 00006176 ms
Total Time Cost: 00917060 ms
Total Distance 247: 7 5 7 9 6 6 8 7 3 8 7 4 3 5 6 4 5 5 7 4 3 6 6 7 5 5 8 4 3 7 9 6 7 8 4 8 6 6 9 4 8 2
Last Time Cost: 00005480 ms
Total Time Cost: 00922540 ms
Total Distance 244: 7 5 7 9 6 6 8 7 3 7 7 4 3 5 6 4 4 5 7 4 3 6 6 7 5 5 8 4 3 7 9 6 7 8 4 7 6 6 9 4 8 2
Last Time Cost: 00005692 ms
Total Time Cost: 00928232 ms
Total Distance 242: 7 5 7 9 6 6 8 7 3 7 7 4 3 5 6 4 4 5 7 4 3 6 6 7 5 5 8 4 3 7 9 6 7 8 4 7 6 6 8 4 8 1
Last Time Cost: 00000005 ms
Total Time Cost: 00928237 ms
Total Distance 241: 7 5 7 9 6 6 8 7 3 7 7 4 3 5 6 4 4 5 7 4 3 6 6 7 5 5 8 4 3 7 9 6 7 8 4 7 6 6 8 4 8 0
Last Time Cost: 00004769 ms
Total Time Cost: 00933006 ms
Total Distance 239: 7 5 7 9 6 6 8 7 3 7 7 4 3 5 6 4 4 5 7 3 3 6 6 7 5 5 8 4 3 7 9 6 7 8 4 7 6 6 8 4 7 0
Last Time Cost: 00005204 ms
Total Time Cost: 00938210 ms
Total Distance 237: 7 4 7 9 6 6 8 7 3 7 7 4 3 5 6 4 4 5 7 3 3 6 6 7 5 5 8 4 3 6 9 6 7 8 4 7 6 6 8 4 7 0
Last Time Cost: 00005670 ms
Total Time Cost: 00943880 ms
Total Distance 235: 7 3 7 9 6 6 8 7 3 7 6 4 3 5 6 4 4 5 7 3 3 6 6 7 5 5 8 4 3 6 9 6 7 8 4 7 6 6 8 4 7 0
Last Time Cost: 00005786 ms
Total Time Cost: 00949666 ms
Total Distance 233: 7 3 7 9 6 6 8 7 3 7 6 4 2 5 6 4 4 5 7 3 3 6 6 7 5 5 8 4 3 6 8 6 7 8 4 7 6 6 8 4 7 0
Last Time Cost: 00003549 ms
Total Time Cost: 00953215 ms
Total Distance 231: 7 3 7 9 6 6 8 7 3 7 6 4 1 5 6 4 4 5 7 3 3 6 6 7 5 5 7 4 3 6 8 6 7 8 4 7 6 6 8 4 7 0
Last Time Cost: 00000005 ms
Total Time Cost: 00953220 ms
Total Distance 230: 7 3 7 9 6 6 8 7 3 7 6 4 0 5 6 4 4 5 7 3 3 6 6 7 5 5 7 4 3 6 8 6 7 8 4 7 6 6 8 4 7 0
Last Time Cost: 00003998 ms
Total Time Cost: 00957218 ms
Total Distance 228: 7 3 7 9 6 6 8 7 3 7 6 4 0 5 6 3 4 5 7 3 3 6 6 7 5 5 6 4 3 6 8 6 7 8 4 7 6 6 8 4 7 0
Last Time Cost: 00004117 ms
Total Time Cost: 00961335 ms
Total Distance 226: 7 3 7 9 6 6 7 7 3 7 6 4 0 5 6 2 4 5 7 3 3 6 6 7 5 5 6 4 3 6 8 6 7 8 4 7 6 6 8 4 7 0
Last Time Cost: 00004335 ms
Total Time Cost: 00965670 ms
Total Distance 224: 7 3 7 9 6 6 7 7 3 7 6 4 0 5 6 2 4 5 7 3 3 6 5 7 5 5 6 4 3 6 8 6 7 8 4 7 6 5 8 4 7 0
Last Time Cost: 00004703 ms
Total Time Cost: 00970373 ms
Total Distance 222: 6 3 7 9 6 6 7 7 3 7 6 4 0 5 6 2 4 5 7 3 3 6 5 7 5 5 6 4 3 5 8 6 7 8 4 7 6 5 8 4 7 0
Last Time Cost: 00005174 ms
Total Time Cost: 00975547 ms
Total Distance 220: 5 3 7 9 6 6 7 7 3 7 5 4 0 5 6 2 4 5 7 3 3 6 5 7 5 5 6 4 3 5 8 6 7 8 4 7 6 5 8 4 7 0
Last Time Cost: 00004855 ms
Total Time Cost: 00980402 ms
Total Distance 218: 5 3 7 9 6 6 7 7 3 7 5 4 0 5 5 2 4 5 7 3 3 6 5 7 5 5 6 4 3 5 8 6 7 8 4 6 6 5 8 4 7 0
Last Time Cost: 00005486 ms
Total Time Cost: 00985888 ms
Total Distance 216: 5 3 7 9 6 6 7 7 3 6 5 4 0 5 4 2 4 5 7 3 3 6 5 7 5 5 6 4 3 5 8 6 7 8 4 6 6 5 8 4 7 0
Last Time Cost: 00005844 ms
Total Time Cost: 00991732 ms
Total Distance 214: 5 3 7 9 6 6 7 7 3 6 5 4 0 5 4 2 4 5 7 3 3 6 5 7 5 5 6 4 3 5 7 6 7 8 4 6 6 5 8 3 7 0
Last Time Cost: 00005744 ms
Total Time Cost: 00997476 ms
Total Distance 212: 5 3 7 9 6 6 7 7 3 6 5 4 0 5 4 2 4 5 7 3 3 6 5 7 5 4 6 4 3 5 7 6 7 8 4 6 6 5 7 3 7 0
Last Time Cost: 00005995 ms
Total Time Cost: 01003471 ms
Total Distance 210: 5 3 7 9 6 6 7 7 3 6 5 4 0 4 4 2 4 5 7 3 3 6 5 7 5 4 6 4 3 5 7 6 7 8 4 6 6 5 6 3 7 0
Last Time Cost: 00006376 ms
Total Time Cost: 01009847 ms
Total Distance 208: 5 3 7 9 6 5 7 7 3 6 5 4 0 4 4 2 4 5 7 3 3 6 5 7 5 4 6 4 3 5 7 5 7 8 4 6 6 5 6 3 7 0
Last Time Cost: 00006732 ms
Total Time Cost: 01016579 ms
Total Distance 206: 5 3 7 9 6 5 7 6 3 5 5 4 0 4 4 2 4 5 7 3 3 6 5 7 5 4 6 4 3 5 7 5 7 8 4 6 6 5 6 3 7 0
Last Time Cost: 00006825 ms
Total Time Cost: 01023404 ms
Total Distance 204: 5 3 6 9 6 5 7 6 3 5 5 4 0 4 4 2 4 5 7 3 3 5 5 7 5 4 6 4 3 5 7 5 7 8 4 6 6 5 6 3 7 0
Last Time Cost: 00007330 ms
Total Time Cost: 01030734 ms
Total Distance 201: 5 3 6 8 6 5 7 6 3 5 5 4 0 4 4 2 4 5 7 3 3 5 5 6 5 4 6 4 3 5 7 5 7 7 4 6 6 5 6 3 7 0
Last Time Cost: 00000866 ms
Total Time Cost: 01031600 ms
Total Distance 199: 5 3 6 8 6 5 6 6 3 5 5 4 0 4 4 2 4 5 7 3 3 5 5 6 5 4 5 4 3 5 7 5 7 7 4 6 6 5 6 3 7 0
Last Time Cost: 00000792 ms
Total Time Cost: 01032392 ms
Total Distance 197: 5 3 6 8 6 5 6 6 3 5 5 4 0 4 4 2 4 5 7 3 3 5 5 6 5 4 5 4 3 5 7 5 7 7 4 6 5 5 6 3 6 0
Last Time Cost: 00000712 ms
Total Time Cost: 01033104 ms
Total Distance 195: 5 3 6 8 6 5 6 6 3 5 5 4 0 4 4 2 4 5 6 3 3 5 5 6 5 4 5 4 3 5 7 5 7 7 4 6 4 5 6 3 6 0
Last Time Cost: 00000650 ms
Total Time Cost: 01033754 ms
Total Distance 193: 5 3 6 8 6 5 6 6 3 5 5 4 0 4 4 2 4 5 6 3 3 5 5 6 5 4 5 4 3 5 7 4 7 7 4 6 4 5 5 3 6 0
Last Time Cost: 00000669 ms
Total Time Cost: 01034423 ms
Total Distance 191: 5 3 5 8 6 5 6 6 3 5 5 4 0 4 4 2 4 5 5 3 3 5 5 6 5 4 5 4 3 5 7 4 7 7 4 6 4 5 5 3 6 0
Last Time Cost: 00000714 ms
Total Time Cost: 01035137 ms
Total Distance 189: 5 3 5 8 6 5 6 6 3 5 5 4 0 4 4 2 4 5 4 3 3 5 5 6 5 4 5 4 3 5 7 4 7 7 4 6 4 5 5 3 5 0
Last Time Cost: 00000742 ms
Total Time Cost: 01035879 ms
Total Distance 187: 5 3 4 7 6 5 6 6 3 5 5 4 0 4 4 2 4 5 4 3 3 5 5 6 5 4 5 4 3 5 7 4 7 7 4 6 4 5 5 3 5 0
Last Time Cost: 00000577 ms
Total Time Cost: 01036456 ms
Total Distance 185: 5 3 4 7 6 5 6 5 3 5 5 4 0 4 4 2 4 5 4 3 3 5 5 6 5 4 5 4 3 5 7 4 7 6 4 6 4 5 5 3 5 0
Last Time Cost: 00000453 ms
Total Time Cost: 01036909 ms
Total Distance 183: 5 3 4 6 6 5 6 5 3 5 5 4 0 4 4 2 4 5 4 3 3 5 5 5 5 4 5 4 3 5 7 4 7 6 4 6 4 5 5 3 5 0
Last Time Cost: 00000331 ms
Total Time Cost: 01037240 ms
Total Distance 181: 5 3 4 5 6 5 6 5 3 5 5 4 0 4 4 2 4 5 4 3 3 5 5 5 5 4 5 4 3 5 7 4 6 6 4 6 4 5 5 3 5 0
Last Time Cost: 00000193 ms
Total Time Cost: 01037433 ms
Total Distance 179: 5 3 4 5 6 5 5 5 3 5 5 4 0 4 4 2 4 5 4 3 3 5 5 5 5 4 5 4 3 5 6 4 6 6 4 6 4 5 5 3 5 0
Last Time Cost: 00000052 ms
Total Time Cost: 01037485 ms
Total Distance 178: 5 3 4 5 6 5 5 5 3 5 5 4 0 4 4 1 4 5 4 3 3 5 5 5 5 4 5 4 3 5 6 4 6 6 4 6 4 5 5 3 5 0
Last Time Cost: 00000001 ms
Total Time Cost: 01037486 ms
Total Distance 177: 5 3 4 5 6 5 5 5 3 5 5 4 0 4 4 0 4 5 4 3 3 5 5 5 5 4 5 4 3 5 6 4 6 6 4 6 4 5 5 3 5 0
Last Time Cost: 00000053 ms
Total Time Cost: 01037539 ms
Total Distance 176: 5 3 4 5 6 5 5 5 3 5 5 4 0 4 4 0 4 5 4 3 3 5 5 5 5 4 5 4 3 5 6 4 6 6 4 6 4 5 5 2 5 0
Last Time Cost: 00000001 ms
Total Time Cost: 01037540 ms
Total Distance 175: 5 3 4 5 6 5 5 5 3 5 5 4 0 4 4 0 4 5 4 3 3 5 5 5 5 4 5 4 3 5 6 4 6 6 4 6 4 5 5 1 5 0
Last Time Cost: 00000001 ms
Total Time Cost: 01037541 ms
Total Distance 174: 5 3 4 5 6 5 5 5 3 5 5 4 0 4 4 0 4 5 4 3 3 5 5 5 5 4 5 4 3 5 6 4 6 6 4 6 4 5 5 0 5 0
Last Time Cost: 00000061 ms
Total Time Cost: 01037602 ms
Total Distance 173: 5 3 4 5 6 5 5 5 2 5 5 4 0 4 4 0 4 5 4 3 3 5 5 5 5 4 5 4 3 5 6 4 6 6 4 6 4 5 5 0 5 0
Last Time Cost: 00000001 ms
Total Time Cost: 01037603 ms
Total Distance 172: 5 3 4 5 6 5 5 5 1 5 5 4 0 4 4 0 4 5 4 3 3 5 5 5 5 4 5 4 3 5 6 4 6 6 4 6 4 5 5 0 5 0
Last Time Cost: 00000001 ms
Total Time Cost: 01037604 ms
Total Distance 171: 5 3 4 5 6 5 5 5 0 5 5 4 0 4 4 0 4 5 4 3 3 5 5 5 5 4 5 4 3 5 6 4 6 6 4 6 4 5 5 0 5 0
Last Time Cost: 00000068 ms
Total Time Cost: 01037672 ms
Total Distance 170: 5 3 4 5 6 5 5 5 0 5 5 4 0 4 4 0 4 5 4 3 3 5 5 5 5 4 5 4 2 5 6 4 6 6 4 6 4 5 5 0 5 0
Last Time Cost: 00000001 ms
Total Time Cost: 01037673 ms
Total Distance 169: 5 3 4 5 6 5 5 5 0 5 5 4 0 4 4 0 4 5 4 3 3 5 5 5 5 4 5 4 1 5 6 4 6 6 4 6 4 5 5 0 5 0
Last Time Cost: 00000001 ms
Total Time Cost: 01037674 ms
Total Distance 168: 5 3 4 5 6 5 5 5 0 5 5 4 0 4 4 0 4 5 4 3 3 5 5 5 5 4 5 4 0 5 6 4 6 6 4 6 4 5 5 0 5 0
Last Time Cost: 00000072 ms
Total Time Cost: 01037746 ms
Total Distance 167: 5 3 4 5 6 5 5 5 0 5 5 4 0 4 4 0 4 5 4 3 2 5 5 5 5 4 5 4 0 5 6 4 6 6 4 6 4 5 5 0 5 0
Last Time Cost: 00000001 ms
Total Time Cost: 01037747 ms
Total Distance 166: 5 3 4 5 6 5 5 5 0 5 5 4 0 4 4 0 4 5 4 3 1 5 5 5 5 4 5 4 0 5 6 4 6 6 4 6 4 5 5 0 5 0
Last Time Cost: 00000001 ms
Total Time Cost: 01037748 ms
Total Distance 165: 5 3 4 5 6 5 5 5 0 5 5 4 0 4 4 0 4 5 4 3 0 5 5 5 5 4 5 4 0 5 6 4 6 6 4 6 4 5 5 0 5 0
Last Time Cost: 00000077 ms
Total Time Cost: 01037825 ms
Total Distance 164: 5 2 4 5 6 5 5 5 0 5 5 4 0 4 4 0 4 5 4 3 0 5 5 5 5 4 5 4 0 5 6 4 6 6 4 6 4 5 5 0 5 0
Last Time Cost: 00000001 ms
Total Time Cost: 01037826 ms
Total Distance 163: 5 1 4 5 6 5 5 5 0 5 5 4 0 4 4 0 4 5 4 3 0 5 5 5 5 4 5 4 0 5 6 4 6 6 4 6 4 5 5 0 5 0
Last Time Cost: 00000002 ms
Total Time Cost: 01037828 ms
Total Distance 162: 5 0 4 5 6 5 5 5 0 5 5 4 0 4 4 0 4 5 4 3 0 5 5 5 5 4 5 4 0 5 6 4 6 6 4 6 4 5 5 0 5 0
Last Time Cost: 00000086 ms
Total Time Cost: 01037914 ms
Total Distance 161: 5 0 4 5 6 5 5 5 0 5 5 4 0 4 4 0 4 5 4 2 0 5 5 5 5 4 5 4 0 5 6 4 6 6 4 6 4 5 5 0 5 0
Last Time Cost: 00000001 ms
Total Time Cost: 01037915 ms
Total Distance 160: 5 0 4 5 6 5 5 5 0 5 5 4 0 4 4 0 4 5 4 1 0 5 5 5 5 4 5 4 0 5 6 4 6 6 4 6 4 5 5 0 5 0
Last Time Cost: 00000001 ms
Total Time Cost: 01037916 ms
Total Distance 159: 5 0 4 5 6 5 5 5 0 5 5 4 0 4 4 0 4 5 4 0 0 5 5 5 5 4 5 4 0 5 6 4 6 6 4 6 4 5 5 0 5 0
Last Time Cost: 00000094 ms
Total Time Cost: 01038010 ms
Total Distance 158: 5 0 4 5 6 5 5 5 0 5 5 4 0 4 4 0 4 5 4 0 0 5 5 5 5 3 5 4 0 5 6 4 6 6 4 6 4 5 5 0 5 0
Last Time Cost: 00000001 ms
Total Time Cost: 01038011 ms
Total Distance 157: 5 0 4 5 6 5 5 5 0 5 5 4 0 4 4 0 4 5 4 0 0 5 5 5 5 2 5 4 0 5 6 4 6 6 4 6 4 5 5 0 5 0
Last Time Cost: 00000001 ms
Total Time Cost: 01038012 ms
Total Distance 156: 5 0 4 5 6 5 5 5 0 5 5 4 0 4 4 0 4 5 4 0 0 5 5 5 5 1 5 4 0 5 6 4 6 6 4 6 4 5 5 0 5 0
Last Time Cost: 00000001 ms
Total Time Cost: 01038013 ms
Total Distance 155: 5 0 4 5 6 5 5 5 0 5 5 4 0 4 4 0 4 5 4 0 0 5 5 5 5 0 5 4 0 5 6 4 6 6 4 6 4 5 5 0 5 0
Last Time Cost: 00000104 ms
Total Time Cost: 01038117 ms
Total Distance 154: 5 0 4 5 6 5 5 5 0 5 5 4 0 4 4 0 4 5 4 0 0 5 5 5 5 0 5 3 0 5 6 4 6 6 4 6 4 5 5 0 5 0
Last Time Cost: 00000001 ms
Total Time Cost: 01038118 ms
Total Distance 153: 5 0 4 5 6 5 5 5 0 5 5 4 0 4 4 0 4 5 4 0 0 5 5 5 5 0 5 2 0 5 6 4 6 6 4 6 4 5 5 0 5 0
Last Time Cost: 00000001 ms
Total Time Cost: 01038119 ms
Total Distance 152: 5 0 4 5 6 5 5 5 0 5 5 4 0 4 4 0 4 5 4 0 0 5 5 5 5 0 5 1 0 5 6 4 6 6 4 6 4 5 5 0 5 0
Last Time Cost: 00000001 ms
Total Time Cost: 01038120 ms
Total Distance 151: 5 0 4 5 6 5 5 5 0 5 5 4 0 4 4 0 4 5 4 0 0 5 5 5 5 0 5 0 0 5 6 4 6 6 4 6 4 5 5 0 5 0
Last Time Cost: 00000114 ms
Total Time Cost: 01038234 ms
Total Distance 150: 5 0 4 5 6 5 5 5 0 5 5 4 0 3 4 0 4 5 4 0 0 5 5 5 5 0 5 0 0 5 6 4 6 6 4 6 4 5 5 0 5 0
Last Time Cost: 00000001 ms
Total Time Cost: 01038235 ms
Total Distance 149: 5 0 4 5 6 5 5 5 0 5 5 4 0 2 4 0 4 5 4 0 0 5 5 5 5 0 5 0 0 5 6 4 6 6 4 6 4 5 5 0 5 0
Last Time Cost: 00000001 ms
Total Time Cost: 01038236 ms
Total Distance 148: 5 0 4 5 6 5 5 5 0 5 5 4 0 1 4 0 4 5 4 0 0 5 5 5 5 0 5 0 0 5 6 4 6 6 4 6 4 5 5 0 5 0
Last Time Cost: 00000001 ms
Total Time Cost: 01038237 ms
Total Distance 147: 5 0 4 5 6 5 5 5 0 5 5 4 0 0 4 0 4 5 4 0 0 5 5 5 5 0 5 0 0 5 6 4 6 6 4 6 4 5 5 0 5 0
Last Time Cost: 00000136 ms
Total Time Cost: 01038373 ms
Total Distance 146: 5 0 4 5 6 5 5 5 0 5 5 4 0 0 4 0 4 5 4 0 0 5 5 5 5 0 5 0 0 5 6 3 6 6 4 6 4 5 5 0 5 0
Last Time Cost: 00000001 ms
Total Time Cost: 01038374 ms
Total Distance 145: 5 0 4 5 6 5 5 5 0 5 5 4 0 0 4 0 4 5 4 0 0 5 5 5 5 0 5 0 0 5 6 2 6 6 4 6 4 5 5 0 5 0
Last Time Cost: 00000001 ms
Total Time Cost: 01038375 ms
Total Distance 144: 5 0 4 5 6 5 5 5 0 5 5 4 0 0 4 0 4 5 4 0 0 5 5 5 5 0 5 0 0 5 6 1 6 6 4 6 4 5 5 0 5 0
Last Time Cost: 00000001 ms
Total Time Cost: 01038376 ms
Total Distance 143: 5 0 4 5 6 5 5 5 0 5 5 4 0 0 4 0 4 5 4 0 0 5 5 5 5 0 5 0 0 5 6 0 6 6 4 6 4 5 5 0 5 0
Last Time Cost: 00000149 ms
Total Time Cost: 01038525 ms
Total Distance 141: 5 0 4 5 6 5 5 5 0 5 5 4 0 0 4 0 4 5 4 0 0 5 5 5 4 0 5 0 0 5 6 0 6 6 4 5 4 5 5 0 5 0
Last Time Cost: 00000146 ms
Total Time Cost: 01038671 ms
Total Distance 140: 5 0 4 5 6 5 5 5 0 5 5 4 0 0 3 0 4 5 4 0 0 5 5 5 4 0 5 0 0 5 6 0 6 6 4 5 4 5 5 0 5 0
Last Time Cost: 00000001 ms
Total Time Cost: 01038672 ms
Total Distance 139: 5 0 4 5 6 5 5 5 0 5 5 4 0 0 2 0 4 5 4 0 0 5 5 5 4 0 5 0 0 5 6 0 6 6 4 5 4 5 5 0 5 0
Last Time Cost: 00000001 ms
Total Time Cost: 01038673 ms
Total Distance 138: 5 0 4 5 6 5 5 5 0 5 5 4 0 0 1 0 4 5 4 0 0 5 5 5 4 0 5 0 0 5 6 0 6 6 4 5 4 5 5 0 5 0
Last Time Cost: 00000001 ms
Total Time Cost: 01038674 ms
Total Distance 137: 5 0 4 5 6 5 5 5 0 5 5 4 0 0 0 0 4 5 4 0 0 5 5 5 4 0 5 0 0 5 6 0 6 6 4 5 4 5 5 0 5 0
Last Time Cost: 00000167 ms
Total Time Cost: 01038841 ms
Total Distance 136: 5 0 4 5 6 5 5 5 0 5 5 4 0 0 0 0 4 5 3 0 0 5 5 5 4 0 5 0 0 5 6 0 6 6 4 5 4 5 5 0 5 0
Last Time Cost: 00000001 ms
Total Time Cost: 01038842 ms
Total Distance 135: 5 0 4 5 6 5 5 5 0 5 5 4 0 0 0 0 4 5 2 0 0 5 5 5 4 0 5 0 0 5 6 0 6 6 4 5 4 5 5 0 5 0
Last Time Cost: 00000001 ms
Total Time Cost: 01038843 ms
Total Distance 134: 5 0 4 5 6 5 5 5 0 5 5 4 0 0 0 0 4 5 1 0 0 5 5 5 4 0 5 0 0 5 6 0 6 6 4 5 4 5 5 0 5 0
Last Time Cost: 00000001 ms
Total Time Cost: 01038844 ms
Total Distance 133: 5 0 4 5 6 5 5 5 0 5 5 4 0 0 0 0 4 5 0 0 0 5 5 5 4 0 5 0 0 5 6 0 6 6 4 5 4 5 5 0 5 0
Last Time Cost: 00000190 ms
Total Time Cost: 01039034 ms
Total Distance 132: 5 0 4 5 6 5 5 5 0 5 5 3 0 0 0 0 4 5 0 0 0 5 5 5 4 0 5 0 0 5 6 0 6 6 4 5 4 5 5 0 5 0
Last Time Cost: 00000001 ms
Total Time Cost: 01039035 ms
Total Distance 131: 5 0 4 5 6 5 5 5 0 5 5 2 0 0 0 0 4 5 0 0 0 5 5 5 4 0 5 0 0 5 6 0 6 6 4 5 4 5 5 0 5 0
Last Time Cost: 00000001 ms
Total Time Cost: 01039036 ms
Total Distance 130: 5 0 4 5 6 5 5 5 0 5 5 1 0 0 0 0 4 5 0 0 0 5 5 5 4 0 5 0 0 5 6 0 6 6 4 5 4 5 5 0 5 0
Last Time Cost: 00000001 ms
Total Time Cost: 01039037 ms
Total Distance 129: 5 0 4 5 6 5 5 5 0 5 5 0 0 0 0 0 4 5 0 0 0 5 5 5 4 0 5 0 0 5 6 0 6 6 4 5 4 5 5 0 5 0
Last Time Cost: 00000208 ms
Total Time Cost: 01039245 ms
Total Distance 128: 5 0 3 5 6 5 5 5 0 5 5 0 0 0 0 0 4 5 0 0 0 5 5 5 4 0 5 0 0 5 6 0 6 6 4 5 4 5 5 0 5 0
Last Time Cost: 00000002 ms
Total Time Cost: 01039247 ms
Total Distance 127: 5 0 2 5 6 5 5 5 0 5 5 0 0 0 0 0 4 5 0 0 0 5 5 5 4 0 5 0 0 5 6 0 6 6 4 5 4 5 5 0 5 0
Last Time Cost: 00000001 ms
Total Time Cost: 01039248 ms
Total Distance 126: 5 0 1 5 6 5 5 5 0 5 5 0 0 0 0 0 4 5 0 0 0 5 5 5 4 0 5 0 0 5 6 0 6 6 4 5 4 5 5 0 5 0
Last Time Cost: 00000001 ms
Total Time Cost: 01039249 ms
Total Distance 125: 5 0 0 5 6 5 5 5 0 5 5 0 0 0 0 0 4 5 0 0 0 5 5 5 4 0 5 0 0 5 6 0 6 6 4 5 4 5 5 0 5 0
Last Time Cost: 00000230 ms
Total Time Cost: 01039479 ms
Total Distance 124: 5 0 0 5 6 5 5 5 0 5 5 0 0 0 0 0 4 5 0 0 0 5 5 5 4 0 5 0 0 5 6 0 6 6 4 5 3 5 5 0 5 0
Last Time Cost: 00000002 ms
Total Time Cost: 01039481 ms
Total Distance 123: 5 0 0 5 6 5 5 5 0 5 5 0 0 0 0 0 4 5 0 0 0 5 5 5 4 0 5 0 0 5 6 0 6 6 4 5 2 5 5 0 5 0
Last Time Cost: 00000002 ms
Total Time Cost: 01039483 ms
Total Distance 122: 5 0 0 5 6 5 5 5 0 5 5 0 0 0 0 0 4 5 0 0 0 5 5 5 4 0 5 0 0 5 6 0 6 6 4 5 1 5 5 0 5 0
Last Time Cost: 00000001 ms
Total Time Cost: 01039484 ms
Total Distance 121: 5 0 0 5 6 5 5 5 0 5 5 0 0 0 0 0 4 5 0 0 0 5 5 5 4 0 5 0 0 5 6 0 6 6 4 5 0 5 5 0 5 0
Last Time Cost: 00000261 ms
Total Time Cost: 01039745 ms
Total Distance 120: 5 0 0 5 6 5 5 5 0 5 5 0 0 0 0 0 4 5 0 0 0 5 5 5 3 0 5 0 0 5 6 0 6 6 4 5 0 5 5 0 5 0
Last Time Cost: 00000002 ms
Total Time Cost: 01039747 ms
Total Distance 119: 5 0 0 5 6 5 5 5 0 5 5 0 0 0 0 0 4 5 0 0 0 5 5 5 2 0 5 0 0 5 6 0 6 6 4 5 0 5 5 0 5 0
Last Time Cost: 00000002 ms
Total Time Cost: 01039749 ms
Total Distance 118: 5 0 0 5 6 5 5 5 0 5 5 0 0 0 0 0 4 5 0 0 0 5 5 5 1 0 5 0 0 5 6 0 6 6 4 5 0 5 5 0 5 0
Last Time Cost: 00000001 ms
Total Time Cost: 01039750 ms
Total Distance 117: 5 0 0 5 6 5 5 5 0 5 5 0 0 0 0 0 4 5 0 0 0 5 5 5 0 0 5 0 0 5 6 0 6 6 4 5 0 5 5 0 5 0
Last Time Cost: 00000281 ms
Total Time Cost: 01040031 ms
Total Distance 116: 5 0 0 5 6 5 5 5 0 5 5 0 0 0 0 0 3 5 0 0 0 5 5 5 0 0 5 0 0 5 6 0 6 6 4 5 0 5 5 0 5 0
Last Time Cost: 00000002 ms
Total Time Cost: 01040033 ms
Total Distance 115: 5 0 0 5 6 5 5 5 0 5 5 0 0 0 0 0 2 5 0 0 0 5 5 5 0 0 5 0 0 5 6 0 6 6 4 5 0 5 5 0 5 0
Last Time Cost: 00000002 ms
Total Time Cost: 01040035 ms
Total Distance 114: 5 0 0 5 6 5 5 5 0 5 5 0 0 0 0 0 1 5 0 0 0 5 5 5 0 0 5 0 0 5 6 0 6 6 4 5 0 5 5 0 5 0
Last Time Cost: 00000001 ms
Total Time Cost: 01040036 ms
Total Distance 113: 5 0 0 5 6 5 5 5 0 5 5 0 0 0 0 0 0 5 0 0 0 5 5 5 0 0 5 0 0 5 6 0 6 6 4 5 0 5 5 0 5 0
Last Time Cost: 00000311 ms
Total Time Cost: 01040347 ms
Total Distance 112: 5 0 0 5 6 5 5 5 0 5 5 0 0 0 0 0 0 5 0 0 0 5 5 5 0 0 5 0 0 5 6 0 6 6 3 5 0 5 5 0 5 0
Last Time Cost: 00000001 ms
Total Time Cost: 01040348 ms
Total Distance 111: 5 0 0 5 6 5 5 5 0 5 5 0 0 0 0 0 0 5 0 0 0 5 5 5 0 0 5 0 0 5 6 0 6 6 2 5 0 5 5 0 5 0
Last Time Cost: 00000002 ms
Total Time Cost: 01040350 ms
Total Distance 110: 5 0 0 5 6 5 5 5 0 5 5 0 0 0 0 0 0 5 0 0 0 5 5 5 0 0 5 0 0 5 6 0 6 6 1 5 0 5 5 0 5 0
Last Time Cost: 00000001 ms
Total Time Cost: 01040351 ms
Total Distance 109: 5 0 0 5 6 5 5 5 0 5 5 0 0 0 0 0 0 5 0 0 0 5 5 5 0 0 5 0 0 5 6 0 6 6 0 5 0 5 5 0 5 0
Last Time Cost: 00000339 ms
Total Time Cost: 01040690 ms
Total Distance 108: 4 0 0 5 6 5 5 5 0 5 5 0 0 0 0 0 0 5 0 0 0 5 5 5 0 0 5 0 0 5 6 0 6 6 0 5 0 5 5 0 5 0
Last Time Cost: 00000002 ms
Total Time Cost: 01040692 ms
Total Distance 107: 3 0 0 5 6 5 5 5 0 5 5 0 0 0 0 0 0 5 0 0 0 5 5 5 0 0 5 0 0 5 6 0 6 6 0 5 0 5 5 0 5 0
Last Time Cost: 00000001 ms
Total Time Cost: 01040693 ms
Total Distance 106: 2 0 0 5 6 5 5 5 0 5 5 0 0 0 0 0 0 5 0 0 0 5 5 5 0 0 5 0 0 5 6 0 6 6 0 5 0 5 5 0 5 0
Last Time Cost: 00000001 ms
Total Time Cost: 01040694 ms
Total Distance 105: 1 0 0 5 6 5 5 5 0 5 5 0 0 0 0 0 0 5 0 0 0 5 5 5 0 0 5 0 0 5 6 0 6 6 0 5 0 5 5 0 5 0
Last Time Cost: 00000001 ms
Total Time Cost: 01040695 ms
Total Distance 104: 0 0 0 5 6 5 5 5 0 5 5 0 0 0 0 0 0 5 0 0 0 5 5 5 0 0 5 0 0 5 6 0 6 6 0 5 0 5 5 0 5 0
Last Time Cost: 00000366 ms
Total Time Cost: 01041061 ms
Total Distance 103: 0 0 0 5 6 5 5 5 0 5 5 0 0 0 0 0 0 5 0 0 0 5 5 5 0 0 5 0 0 5 6 0 6 6 0 4 0 5 5 0 5 0
Last Time Cost: 00000002 ms
Total Time Cost: 01041063 ms
Total Distance 102: 0 0 0 5 6 5 5 5 0 5 5 0 0 0 0 0 0 5 0 0 0 5 5 5 0 0 5 0 0 5 6 0 6 6 0 3 0 5 5 0 5 0
Last Time Cost: 00000002 ms
Total Time Cost: 01041065 ms
Total Distance 101: 0 0 0 5 6 5 5 5 0 5 5 0 0 0 0 0 0 5 0 0 0 5 5 5 0 0 5 0 0 5 6 0 6 6 0 2 0 5 5 0 5 0
Last Time Cost: 00000002 ms
Total Time Cost: 01041067 ms
Total Distance 100: 0 0 0 5 6 5 5 5 0 5 5 0 0 0 0 0 0 5 0 0 0 5 5 5 0 0 5 0 0 5 6 0 6 6 0 1 0 5 5 0 5 0
Last Time Cost: 00000001 ms
Total Time Cost: 01041068 ms
Total Distance 99: 0 0 0 5 6 5 5 5 0 5 5 0 0 0 0 0 0 5 0 0 0 5 5 5 0 0 5 0 0 5 6 0 6 6 0 0 0 5 5 0 5 0
Last Time Cost: 00000404 ms
Total Time Cost: 01041472 ms
Total Distance 98: 0 0 0 5 6 5 5 5 0 5 4 0 0 0 0 0 0 5 0 0 0 5 5 5 0 0 5 0 0 5 6 0 6 6 0 0 0 5 5 0 5 0
Last Time Cost: 00000002 ms
Total Time Cost: 01041474 ms
Total Distance 97: 0 0 0 5 6 5 5 5 0 5 3 0 0 0 0 0 0 5 0 0 0 5 5 5 0 0 5 0 0 5 6 0 6 6 0 0 0 5 5 0 5 0
Last Time Cost: 00000002 ms
Total Time Cost: 01041476 ms
Total Distance 96: 0 0 0 5 6 5 5 5 0 5 2 0 0 0 0 0 0 5 0 0 0 5 5 5 0 0 5 0 0 5 6 0 6 6 0 0 0 5 5 0 5 0
Last Time Cost: 00000002 ms
Total Time Cost: 01041478 ms
Total Distance 95: 0 0 0 5 6 5 5 5 0 5 1 0 0 0 0 0 0 5 0 0 0 5 5 5 0 0 5 0 0 5 6 0 6 6 0 0 0 5 5 0 5 0
Last Time Cost: 00000001 ms
Total Time Cost: 01041479 ms
Total Distance 94: 0 0 0 5 6 5 5 5 0 5 0 0 0 0 0 0 0 5 0 0 0 5 5 5 0 0 5 0 0 5 6 0 6 6 0 0 0 5 5 0 5 0
Last Time Cost: 00000436 ms
Total Time Cost: 01041915 ms
Total Distance 93: 0 0 0 5 6 5 5 5 0 5 0 0 0 0 0 0 0 5 0 0 0 5 5 5 0 0 5 0 0 5 6 0 6 6 0 0 0 4 5 0 5 0
Last Time Cost: 00000002 ms
Total Time Cost: 01041917 ms
Total Distance 92: 0 0 0 5 6 5 5 5 0 5 0 0 0 0 0 0 0 5 0 0 0 5 5 5 0 0 5 0 0 5 6 0 6 6 0 0 0 3 5 0 5 0
Last Time Cost: 00000002 ms
Total Time Cost: 01041919 ms
Total Distance 91: 0 0 0 5 6 5 5 5 0 5 0 0 0 0 0 0 0 5 0 0 0 5 5 5 0 0 5 0 0 5 6 0 6 6 0 0 0 2 5 0 5 0
Last Time Cost: 00000002 ms
Total Time Cost: 01041921 ms
Total Distance 90: 0 0 0 5 6 5 5 5 0 5 0 0 0 0 0 0 0 5 0 0 0 5 5 5 0 0 5 0 0 5 6 0 6 6 0 0 0 1 5 0 5 0
Last Time Cost: 00000001 ms
Total Time Cost: 01041922 ms
Total Distance 89: 0 0 0 5 6 5 5 5 0 5 0 0 0 0 0 0 0 5 0 0 0 5 5 5 0 0 5 0 0 5 6 0 6 6 0 0 0 0 5 0 5 0
Last Time Cost: 00000474 ms
Total Time Cost: 01042396 ms
Total Distance 88: 0 0 0 4 6 5 5 5 0 5 0 0 0 0 0 0 0 5 0 0 0 5 5 5 0 0 5 0 0 5 6 0 6 6 0 0 0 0 5 0 5 0
Last Time Cost: 00000002 ms
Total Time Cost: 01042398 ms
Total Distance 87: 0 0 0 3 6 5 5 5 0 5 0 0 0 0 0 0 0 5 0 0 0 5 5 5 0 0 5 0 0 5 6 0 6 6 0 0 0 0 5 0 5 0
Last Time Cost: 00000002 ms
Total Time Cost: 01042400 ms
Total Distance 86: 0 0 0 2 6 5 5 5 0 5 0 0 0 0 0 0 0 5 0 0 0 5 5 5 0 0 5 0 0 5 6 0 6 6 0 0 0 0 5 0 5 0
Last Time Cost: 00000002 ms
Total Time Cost: 01042402 ms
Total Distance 85: 0 0 0 1 6 5 5 5 0 5 0 0 0 0 0 0 0 5 0 0 0 5 5 5 0 0 5 0 0 5 6 0 6 6 0 0 0 0 5 0 5 0
Last Time Cost: 00000001 ms
Total Time Cost: 01042403 ms
Total Distance 84: 0 0 0 0 6 5 5 5 0 5 0 0 0 0 0 0 0 5 0 0 0 5 5 5 0 0 5 0 0 5 6 0 6 6 0 0 0 0 5 0 5 0
Last Time Cost: 00000524 ms
Total Time Cost: 01042927 ms
Total Distance 82: 0 0 0 0 5 5 5 5 0 5 0 0 0 0 0 0 0 5 0 0 0 5 5 5 0 0 5 0 0 5 5 0 6 6 0 0 0 0 5 0 5 0
Last Time Cost: 00000405 ms
Total Time Cost: 01043332 ms
Total Distance 81: 0 0 0 0 5 4 5 5 0 5 0 0 0 0 0 0 0 5 0 0 0 5 5 5 0 0 5 0 0 5 5 0 6 6 0 0 0 0 5 0 5 0
Last Time Cost: 00000002 ms
Total Time Cost: 01043334 ms
Total Distance 80: 0 0 0 0 5 3 5 5 0 5 0 0 0 0 0 0 0 5 0 0 0 5 5 5 0 0 5 0 0 5 5 0 6 6 0 0 0 0 5 0 5 0
Last Time Cost: 00000002 ms
Total Time Cost: 01043336 ms
Total Distance 79: 0 0 0 0 5 2 5 5 0 5 0 0 0 0 0 0 0 5 0 0 0 5 5 5 0 0 5 0 0 5 5 0 6 6 0 0 0 0 5 0 5 0
Last Time Cost: 00000002 ms
Total Time Cost: 01043338 ms
Total Distance 78: 0 0 0 0 5 1 5 5 0 5 0 0 0 0 0 0 0 5 0 0 0 5 5 5 0 0 5 0 0 5 5 0 6 6 0 0 0 0 5 0 5 0
Last Time Cost: 00000002 ms
Total Time Cost: 01043340 ms
Total Distance 77: 0 0 0 0 5 0 5 5 0 5 0 0 0 0 0 0 0 5 0 0 0 5 5 5 0 0 5 0 0 5 5 0 6 6 0 0 0 0 5 0 5 0
Last Time Cost: 00000412 ms
Total Time Cost: 01043752 ms
Total Distance 76: 0 0 0 0 4 0 5 5 0 5 0 0 0 0 0 0 0 5 0 0 0 5 5 5 0 0 5 0 0 5 5 0 6 6 0 0 0 0 5 0 5 0
Last Time Cost: 00000002 ms
Total Time Cost: 01043754 ms
Total Distance 75: 0 0 0 0 3 0 5 5 0 5 0 0 0 0 0 0 0 5 0 0 0 5 5 5 0 0 5 0 0 5 5 0 6 6 0 0 0 0 5 0 5 0
Last Time Cost: 00000002 ms
Total Time Cost: 01043756 ms
Total Distance 74: 0 0 0 0 2 0 5 5 0 5 0 0 0 0 0 0 0 5 0 0 0 5 5 5 0 0 5 0 0 5 5 0 6 6 0 0 0 0 5 0 5 0
Last Time Cost: 00000002 ms
Total Time Cost: 01043758 ms
Total Distance 73: 0 0 0 0 1 0 5 5 0 5 0 0 0 0 0 0 0 5 0 0 0 5 5 5 0 0 5 0 0 5 5 0 6 6 0 0 0 0 5 0 5 0
Last Time Cost: 00000002 ms
Total Time Cost: 01043760 ms
Total Distance 72: 0 0 0 0 0 0 5 5 0 5 0 0 0 0 0 0 0 5 0 0 0 5 5 5 0 0 5 0 0 5 5 0 6 6 0 0 0 0 5 0 5 0
Last Time Cost: 00000448 ms
Total Time Cost: 01044208 ms
Total Distance 71: 0 0 0 0 0 0 5 5 0 5 0 0 0 0 0 0 0 5 0 0 0 5 4 5 0 0 5 0 0 5 5 0 6 6 0 0 0 0 5 0 5 0
Last Time Cost: 00000002 ms
Total Time Cost: 01044210 ms
Total Distance 70: 0 0 0 0 0 0 5 5 0 5 0 0 0 0 0 0 0 5 0 0 0 5 3 5 0 0 5 0 0 5 5 0 6 6 0 0 0 0 5 0 5 0
Last Time Cost: 00000002 ms
Total Time Cost: 01044212 ms
Total Distance 69: 0 0 0 0 0 0 5 5 0 5 0 0 0 0 0 0 0 5 0 0 0 5 2 5 0 0 5 0 0 5 5 0 6 6 0 0 0 0 5 0 5 0
Last Time Cost: 00000002 ms
Total Time Cost: 01044214 ms
Total Distance 68: 0 0 0 0 0 0 5 5 0 5 0 0 0 0 0 0 0 5 0 0 0 5 1 5 0 0 5 0 0 5 5 0 6 6 0 0 0 0 5 0 5 0
Last Time Cost: 00000002 ms
Total Time Cost: 01044216 ms
Total Distance 67: 0 0 0 0 0 0 5 5 0 5 0 0 0 0 0 0 0 5 0 0 0 5 0 5 0 0 5 0 0 5 5 0 6 6 0 0 0 0 5 0 5 0
Last Time Cost: 00000459 ms
Total Time Cost: 01044675 ms
Total Distance 65: 0 0 0 0 0 0 5 5 0 5 0 0 0 0 0 0 0 4 0 0 0 5 0 5 0 0 5 0 0 5 5 0 5 6 0 0 0 0 5 0 5 0
Last Time Cost: 00000356 ms
Total Time Cost: 01045031 ms
Total Distance 64: 0 0 0 0 0 0 5 5 0 5 0 0 0 0 0 0 0 3 0 0 0 5 0 5 0 0 5 0 0 5 5 0 5 6 0 0 0 0 5 0 5 0
Last Time Cost: 00000002 ms
Total Time Cost: 01045033 ms
Total Distance 63: 0 0 0 0 0 0 5 5 0 5 0 0 0 0 0 0 0 2 0 0 0 5 0 5 0 0 5 0 0 5 5 0 5 6 0 0 0 0 5 0 5 0
Last Time Cost: 00000002 ms
Total Time Cost: 01045035 ms
Total Distance 62: 0 0 0 0 0 0 5 5 0 5 0 0 0 0 0 0 0 1 0 0 0 5 0 5 0 0 5 0 0 5 5 0 5 6 0 0 0 0 5 0 5 0
Last Time Cost: 00000002 ms
Total Time Cost: 01045037 ms
Total Distance 61: 0 0 0 0 0 0 5 5 0 5 0 0 0 0 0 0 0 0 0 0 0 5 0 5 0 0 5 0 0 5 5 0 5 6 0 0 0 0 5 0 5 0
Last Time Cost: 00000395 ms
Total Time Cost: 01045432 ms
Total Distance 60: 0 0 0 0 0 0 5 5 0 5 0 0 0 0 0 0 0 0 0 0 0 5 0 4 0 0 5 0 0 5 5 0 5 6 0 0 0 0 5 0 5 0
Last Time Cost: 00000002 ms
Total Time Cost: 01045434 ms
Total Distance 59: 0 0 0 0 0 0 5 5 0 5 0 0 0 0 0 0 0 0 0 0 0 5 0 3 0 0 5 0 0 5 5 0 5 6 0 0 0 0 5 0 5 0
Last Time Cost: 00000002 ms
Total Time Cost: 01045436 ms
Total Distance 58: 0 0 0 0 0 0 5 5 0 5 0 0 0 0 0 0 0 0 0 0 0 5 0 2 0 0 5 0 0 5 5 0 5 6 0 0 0 0 5 0 5 0
Last Time Cost: 00000002 ms
Total Time Cost: 01045438 ms
Total Distance 57: 0 0 0 0 0 0 5 5 0 5 0 0 0 0 0 0 0 0 0 0 0 5 0 1 0 0 5 0 0 5 5 0 5 6 0 0 0 0 5 0 5 0
Last Time Cost: 00000002 ms
Total Time Cost: 01045440 ms
Total Distance 56: 0 0 0 0 0 0 5 5 0 5 0 0 0 0 0 0 0 0 0 0 0 5 0 0 0 0 5 0 0 5 5 0 5 6 0 0 0 0 5 0 5 0
Last Time Cost: 00000410 ms
Total Time Cost: 01045850 ms
Total Distance 55: 0 0 0 0 0 0 5 5 0 5 0 0 0 0 0 0 0 0 0 0 0 5 0 0 0 0 5 0 0 5 5 0 5 6 0 0 0 0 5 0 4 0
Last Time Cost: 00000002 ms
Total Time Cost: 01045852 ms
Total Distance 54: 0 0 0 0 0 0 5 5 0 5 0 0 0 0 0 0 0 0 0 0 0 5 0 0 0 0 5 0 0 5 5 0 5 6 0 0 0 0 5 0 3 0
Last Time Cost: 00000002 ms
Total Time Cost: 01045854 ms
Total Distance 53: 0 0 0 0 0 0 5 5 0 5 0 0 0 0 0 0 0 0 0 0 0 5 0 0 0 0 5 0 0 5 5 0 5 6 0 0 0 0 5 0 2 0
Last Time Cost: 00000002 ms
Total Time Cost: 01045856 ms
Total Distance 52: 0 0 0 0 0 0 5 5 0 5 0 0 0 0 0 0 0 0 0 0 0 5 0 0 0 0 5 0 0 5 5 0 5 6 0 0 0 0 5 0 1 0
Last Time Cost: 00000002 ms
Total Time Cost: 01045858 ms
Total Distance 51: 0 0 0 0 0 0 5 5 0 5 0 0 0 0 0 0 0 0 0 0 0 5 0 0 0 0 5 0 0 5 5 0 5 6 0 0 0 0 5 0 0 0
Last Time Cost: 00000412 ms
Total Time Cost: 01046270 ms
Total Distance 50: 0 0 0 0 0 0 5 4 0 5 0 0 0 0 0 0 0 0 0 0 0 5 0 0 0 0 5 0 0 5 5 0 5 6 0 0 0 0 5 0 0 0
Last Time Cost: 00000002 ms
Total Time Cost: 01046272 ms
Total Distance 49: 0 0 0 0 0 0 5 3 0 5 0 0 0 0 0 0 0 0 0 0 0 5 0 0 0 0 5 0 0 5 5 0 5 6 0 0 0 0 5 0 0 0
Last Time Cost: 00000003 ms
Total Time Cost: 01046275 ms
Total Distance 48: 0 0 0 0 0 0 5 2 0 5 0 0 0 0 0 0 0 0 0 0 0 5 0 0 0 0 5 0 0 5 5 0 5 6 0 0 0 0 5 0 0 0
Last Time Cost: 00000002 ms
Total Time Cost: 01046277 ms
Total Distance 47: 0 0 0 0 0 0 5 1 0 5 0 0 0 0 0 0 0 0 0 0 0 5 0 0 0 0 5 0 0 5 5 0 5 6 0 0 0 0 5 0 0 0
Last Time Cost: 00000002 ms
Total Time Cost: 01046279 ms
Total Distance 46: 0 0 0 0 0 0 5 0 0 5 0 0 0 0 0 0 0 0 0 0 0 5 0 0 0 0 5 0 0 5 5 0 5 6 0 0 0 0 5 0 0 0
Last Time Cost: 00000419 ms
Total Time Cost: 01046698 ms
Total Distance 44: 0 0 0 0 0 0 5 0 0 5 0 0 0 0 0 0 0 0 0 0 0 5 0 0 0 0 5 0 0 5 4 0 5 5 0 0 0 0 5 0 0 0
Last Time Cost: 00000265 ms
Total Time Cost: 01046963 ms
Total Distance 43: 0 0 0 0 0 0 5 0 0 5 0 0 0 0 0 0 0 0 0 0 0 5 0 0 0 0 5 0 0 5 3 0 5 5 0 0 0 0 5 0 0 0
Last Time Cost: 00000000 ms
Total Time Cost: 01046963 ms
Total Distance 42: 0 0 0 0 0 0 5 0 0 5 0 0 0 0 0 0 0 0 0 0 0 5 0 0 0 0 5 0 0 5 2 0 5 5 0 0 0 0 5 0 0 0
Last Time Cost: 00000000 ms
Total Time Cost: 01046963 ms
Total Distance 41: 0 0 0 0 0 0 5 0 0 5 0 0 0 0 0 0 0 0 0 0 0 5 0 0 0 0 5 0 0 5 1 0 5 5 0 0 0 0 5 0 0 0
Last Time Cost: 00000000 ms
Total Time Cost: 01046963 ms
Total Distance 40: 0 0 0 0 0 0 5 0 0 5 0 0 0 0 0 0 0 0 0 0 0 5 0 0 0 0 5 0 0 5 0 0 5 5 0 0 0 0 5 0 0 0
Last Time Cost: 00000279 ms
Total Time Cost: 01047242 ms
Total Distance 39: 0 0 0 0 0 0 5 0 0 5 0 0 0 0 0 0 0 0 0 0 0 5 0 0 0 0 5 0 0 5 0 0 4 5 0 0 0 0 5 0 0 0
Last Time Cost: 00000001 ms
Total Time Cost: 01047243 ms
Total Distance 38: 0 0 0 0 0 0 5 0 0 5 0 0 0 0 0 0 0 0 0 0 0 5 0 0 0 0 5 0 0 5 0 0 3 5 0 0 0 0 5 0 0 0
Last Time Cost: 00000000 ms
Total Time Cost: 01047243 ms
Total Distance 37: 0 0 0 0 0 0 5 0 0 5 0 0 0 0 0 0 0 0 0 0 0 5 0 0 0 0 5 0 0 5 0 0 2 5 0 0 0 0 5 0 0 0
Last Time Cost: 00000000 ms
Total Time Cost: 01047243 ms
Total Distance 36: 0 0 0 0 0 0 5 0 0 5 0 0 0 0 0 0 0 0 0 0 0 5 0 0 0 0 5 0 0 5 0 0 1 5 0 0 0 0 5 0 0 0
Last Time Cost: 00000000 ms
Total Time Cost: 01047243 ms
Total Distance 35: 0 0 0 0 0 0 5 0 0 5 0 0 0 0 0 0 0 0 0 0 0 5 0 0 0 0 5 0 0 5 0 0 0 5 0 0 0 0 5 0 0 0
Last Time Cost: 00000265 ms
Total Time Cost: 01047508 ms
Total Distance 34: 0 0 0 0 0 0 5 0 0 5 0 0 0 0 0 0 0 0 0 0 0 5 0 0 0 0 5 0 0 5 0 0 0 4 0 0 0 0 5 0 0 0
Last Time Cost: 00000001 ms
Total Time Cost: 01047509 ms
Total Distance 33: 0 0 0 0 0 0 5 0 0 5 0 0 0 0 0 0 0 0 0 0 0 5 0 0 0 0 5 0 0 5 0 0 0 3 0 0 0 0 5 0 0 0
Last Time Cost: 00000000 ms
Total Time Cost: 01047509 ms
Total Distance 32: 0 0 0 0 0 0 5 0 0 5 0 0 0 0 0 0 0 0 0 0 0 5 0 0 0 0 5 0 0 5 0 0 0 2 0 0 0 0 5 0 0 0
Last Time Cost: 00000000 ms
Total Time Cost: 01047509 ms
Total Distance 31: 0 0 0 0 0 0 5 0 0 5 0 0 0 0 0 0 0 0 0 0 0 5 0 0 0 0 5 0 0 5 0 0 0 1 0 0 0 0 5 0 0 0
Last Time Cost: 00000000 ms
Total Time Cost: 01047509 ms
Total Distance 30: 0 0 0 0 0 0 5 0 0 5 0 0 0 0 0 0 0 0 0 0 0 5 0 0 0 0 5 0 0 5 0 0 0 0 0 0 0 0 5 0 0 0
Last Time Cost: 00000247 ms
Total Time Cost: 01047756 ms
Total Distance 29: 0 0 0 0 0 0 5 0 0 5 0 0 0 0 0 0 0 0 0 0 0 5 0 0 0 0 5 0 0 5 0 0 0 0 0 0 0 0 4 0 0 0
Last Time Cost: 00000001 ms
Total Time Cost: 01047757 ms
Total Distance 28: 0 0 0 0 0 0 5 0 0 5 0 0 0 0 0 0 0 0 0 0 0 5 0 0 0 0 5 0 0 5 0 0 0 0 0 0 0 0 3 0 0 0
Last Time Cost: 00000000 ms
Total Time Cost: 01047757 ms
Total Distance 27: 0 0 0 0 0 0 5 0 0 5 0 0 0 0 0 0 0 0 0 0 0 5 0 0 0 0 5 0 0 5 0 0 0 0 0 0 0 0 2 0 0 0
Last Time Cost: 00000000 ms
Total Time Cost: 01047757 ms
Total Distance 26: 0 0 0 0 0 0 5 0 0 5 0 0 0 0 0 0 0 0 0 0 0 5 0 0 0 0 5 0 0 5 0 0 0 0 0 0 0 0 1 0 0 0
Last Time Cost: 00000000 ms
Total Time Cost: 01047757 ms
Total Distance 25: 0 0 0 0 0 0 5 0 0 5 0 0 0 0 0 0 0 0 0 0 0 5 0 0 0 0 5 0 0 5 0 0 0 0 0 0 0 0 0 0 0 0
Last Time Cost: 00000225 ms
Total Time Cost: 01047982 ms
Total Distance 24: 0 0 0 0 0 0 5 0 0 5 0 0 0 0 0 0 0 0 0 0 0 4 0 0 0 0 5 0 0 5 0 0 0 0 0 0 0 0 0 0 0 0
Last Time Cost: 00000001 ms
Total Time Cost: 01047983 ms
Total Distance 23: 0 0 0 0 0 0 5 0 0 5 0 0 0 0 0 0 0 0 0 0 0 3 0 0 0 0 5 0 0 5 0 0 0 0 0 0 0 0 0 0 0 0
Last Time Cost: 00000000 ms
Total Time Cost: 01047983 ms
Total Distance 22: 0 0 0 0 0 0 5 0 0 5 0 0 0 0 0 0 0 0 0 0 0 2 0 0 0 0 5 0 0 5 0 0 0 0 0 0 0 0 0 0 0 0
Last Time Cost: 00000000 ms
Total Time Cost: 01047983 ms
Total Distance 21: 0 0 0 0 0 0 5 0 0 5 0 0 0 0 0 0 0 0 0 0 0 1 0 0 0 0 5 0 0 5 0 0 0 0 0 0 0 0 0 0 0 0
Last Time Cost: 00000000 ms
Total Time Cost: 01047983 ms
Total Distance 20: 0 0 0 0 0 0 5 0 0 5 0 0 0 0 0 0 0 0 0 0 0 0 0 0 0 0 5 0 0 5 0 0 0 0 0 0 0 0 0 0 0 0
Last Time Cost: 00000188 ms
Total Time Cost: 01048171 ms
Total Distance 19: 0 0 0 0 0 0 5 0 0 5 0 0 0 0 0 0 0 0 0 0 0 0 0 0 0 0 4 0 0 5 0 0 0 0 0 0 0 0 0 0 0 0
Last Time Cost: 00000001 ms
Total Time Cost: 01048172 ms
Total Distance 18: 0 0 0 0 0 0 5 0 0 5 0 0 0 0 0 0 0 0 0 0 0 0 0 0 0 0 3 0 0 5 0 0 0 0 0 0 0 0 0 0 0 0
Last Time Cost: 00000000 ms
Total Time Cost: 01048172 ms
Total Distance 17: 0 0 0 0 0 0 5 0 0 5 0 0 0 0 0 0 0 0 0 0 0 0 0 0 0 0 2 0 0 5 0 0 0 0 0 0 0 0 0 0 0 0
Last Time Cost: 00000000 ms
Total Time Cost: 01048172 ms
Total Distance 16: 0 0 0 0 0 0 5 0 0 5 0 0 0 0 0 0 0 0 0 0 0 0 0 0 0 0 1 0 0 5 0 0 0 0 0 0 0 0 0 0 0 0
Last Time Cost: 00000000 ms
Total Time Cost: 01048172 ms
Total Distance 15: 0 0 0 0 0 0 5 0 0 5 0 0 0 0 0 0 0 0 0 0 0 0 0 0 0 0 0 0 0 5 0 0 0 0 0 0 0 0 0 0 0 0
Last Time Cost: 00000153 ms
Total Time Cost: 01048325 ms
Total Distance 14: 0 0 0 0 0 0 5 0 0 5 0 0 0 0 0 0 0 0 0 0 0 0 0 0 0 0 0 0 0 4 0 0 0 0 0 0 0 0 0 0 0 0
Last Time Cost: 00000001 ms
Total Time Cost: 01048326 ms
Total Distance 13: 0 0 0 0 0 0 5 0 0 5 0 0 0 0 0 0 0 0 0 0 0 0 0 0 0 0 0 0 0 3 0 0 0 0 0 0 0 0 0 0 0 0
Last Time Cost: 00000000 ms
Total Time Cost: 01048326 ms
Total Distance 12: 0 0 0 0 0 0 5 0 0 5 0 0 0 0 0 0 0 0 0 0 0 0 0 0 0 0 0 0 0 2 0 0 0 0 0 0 0 0 0 0 0 0
Last Time Cost: 00000000 ms
Total Time Cost: 01048326 ms
Total Distance 11: 0 0 0 0 0 0 5 0 0 5 0 0 0 0 0 0 0 0 0 0 0 0 0 0 0 0 0 0 0 1 0 0 0 0 0 0 0 0 0 0 0 0
Last Time Cost: 00000000 ms
Total Time Cost: 01048326 ms
Total Distance 10: 0 0 0 0 0 0 5 0 0 5 0 0 0 0 0 0 0 0 0 0 0 0 0 0 0 0 0 0 0 0 0 0 0 0 0 0 0 0 0 0 0 0
Last Time Cost: 00000107 ms
Total Time Cost: 01048433 ms
Total Distance 9: 0 0 0 0 0 0 5 0 0 4 0 0 0 0 0 0 0 0 0 0 0 0 0 0 0 0 0 0 0 0 0 0 0 0 0 0 0 0 0 0 0 0
Last Time Cost: 00000001 ms
Total Time Cost: 01048434 ms
Total Distance 8: 0 0 0 0 0 0 5 0 0 3 0 0 0 0 0 0 0 0 0 0 0 0 0 0 0 0 0 0 0 0 0 0 0 0 0 0 0 0 0 0 0 0
Last Time Cost: 00000000 ms
Total Time Cost: 01048434 ms
Total Distance 7: 0 0 0 0 0 0 5 0 0 2 0 0 0 0 0 0 0 0 0 0 0 0 0 0 0 0 0 0 0 0 0 0 0 0 0 0 0 0 0 0 0 0
Last Time Cost: 00000000 ms
Total Time Cost: 01048434 ms
Total Distance 6: 0 0 0 0 0 0 5 0 0 1 0 0 0 0 0 0 0 0 0 0 0 0 0 0 0 0 0 0 0 0 0 0 0 0 0 0 0 0 0 0 0 0
Last Time Cost: 00000000 ms
Total Time Cost: 01048434 ms
Total Distance 5: 0 0 0 0 0 0 5 0 0 0 0 0 0 0 0 0 0 0 0 0 0 0 0 0 0 0 0 0 0 0 0 0 0 0 0 0 0 0 0 0 0 0
Last Time Cost: 00000057 ms
Total Time Cost: 01048491 ms
Total Distance 4: 0 0 0 0 0 0 4 0 0 0 0 0 0 0 0 0 0 0 0 0 0 0 0 0 0 0 0 0 0 0 0 0 0 0 0 0 0 0 0 0 0 0
Last Time Cost: 00000001 ms
Total Time Cost: 01048492 ms
Total Distance 3: 0 0 0 0 0 0 3 0 0 0 0 0 0 0 0 0 0 0 0 0 0 0 0 0 0 0 0 0 0 0 0 0 0 0 0 0 0 0 0 0 0 0
Last Time Cost: 00000000 ms
Total Time Cost: 01048492 ms
Total Distance 2: 0 0 0 0 0 0 2 0 0 0 0 0 0 0 0 0 0 0 0 0 0 0 0 0 0 0 0 0 0 0 0 0 0 0 0 0 0 0 0 0 0 0
Last Time Cost: 00000000 ms
Total Time Cost: 01048492 ms
Total Distance 1: 0 0 0 0 0 0 1 0 0 0 0 0 0 0 0 0 0 0 0 0 0 0 0 0 0 0 0 0 0 0 0 0 0 0 0 0 0 0 0 0 0 0
Last Time Cost: 00000000 ms
Total Time Cost: 01048492 ms
Total Distance 0: 0 0 0 0 0 0 0 0 0 0 0 0 0 0 0 0 0 0 0 0 0 0 0 0 0 0 0 0 0 0 0 0 0 0 0 0 0 0 0 0 0 0
