Last Time Cost: 00000000 ms
Total Time Cost: 00000000 ms
Total Distance 506: 12 12 12 12 12 12 12 12 12 12 12 10 10 10 10 10 10 10 10 10 10 10 11 11 11 11 11 11 11 11 11 11 11 11 11 11 11 11 11 11 11 11 11 11 11 11
Last Time Cost: 00001225 ms
Total Time Cost: 00001225 ms
Total Distance 498: 12 11 12 12 12 12 12 12 12 12 12 9 10 10 10 9 10 9 10 10 10 10 11 11 10 11 10 11 11 11 11 11 11 11 11 11 10 11 11 10 11 11 11 11 11 11
Last Time Cost: 00001309 ms
Total Time Cost: 00002534 ms
Total Distance 490: 11 11 12 11 12 12 12 12 12 11 12 8 10 10 10 9 9 9 10 10 10 10 11 11 10 11 10 11 11 11 11 11 11 11 11 11 10 11 11 9 11 11 10 11 10 11
Last Time Cost: 00001426 ms
Total Time Cost: 00003960 ms
Total Distance 482: 11 11 11 11 12 12 11 12 12 10 12 8 10 9 10 9 9 9 10 10 10 10 10 10 10 11 10 11 11 11 11 11 11 11 10 11 10 11 10 9 11 11 10 11 10 11
Last Time Cost: 00001398 ms
Total Time Cost: 00005358 ms
Total Distance 475: 10 11 11 11 12 12 11 12 12 10 12 8 10 8 10 9 9 9 10 10 10 9 9 10 9 11 10 10 11 11 11 11 11 11 10 11 10 11 10 9 11 10 10 11 10 11
Last Time Cost: 00001473 ms
Total Time Cost: 00006831 ms
Total Distance 468: 10 11 11 11 11 12 11 12 12 10 12 8 10 8 10 9 9 8 10 10 9 9 9 10 9 11 10 9 11 11 11 11 10 11 10 11 9 11 9 9 11 10 10 11 10 11
Last Time Cost: 00001649 ms
Total Time Cost: 00008480 ms
Total Distance 461: 10 11 11 10 11 11 11 12 12 9 12 8 10 8 10 9 9 8 10 9 9 9 9 10 9 11 10 9 10 11 10 11 10 11 10 11 9 11 9 9 11 10 9 11 10 11
Last Time Cost: 00001677 ms
Total Time Cost: 00010157 ms
Total Distance 455: 10 11 11 10 11 11 11 12 12 9 11 8 10 8 10 9 8 8 10 9 8 9 9 10 9 11 10 9 9 11 10 11 10 10 10 11 9 11 9 8 11 10 9 11 10 11
Last Time Cost: 00001791 ms
Total Time Cost: 00011948 ms
Total Distance 449: 9 11 11 10 11 11 11 11 12 9 11 8 10 8 9 9 8 8 9 9 7 9 9 10 9 11 10 9 9 11 10 11 10 10 10 11 9 11 9 8 11 10 8 11 10 11
Last Time Cost: 00002025 ms
Total Time Cost: 00013973 ms
Total Distance 443: 9 11 11 10 11 11 11 11 12 9 11 8 10 8 9 9 8 7 8 8 7 9 9 10 9 11 10 9 9 11 10 10 10 10 10 10 9 11 9 8 10 10 8 11 10 11
Last Time Cost: 00001949 ms
Total Time Cost: 00015922 ms
Total Distance 437: 9 11 11 10 11 11 11 11 12 9 11 8 10 8 9 9 8 7 8 8 7 9 9 10 9 11 10 9 9 11 10 10 9 9 10 10 8 10 8 8 10 10 8 10 10 11
Last Time Cost: 00001924 ms
Total Time Cost: 00017846 ms
Total Distance 431: 9 11 11 10 11 11 10 11 12 9 11 8 10 8 9 9 8 7 8 8 7 9 9 10 9 11 9 9 9 11 10 10 9 8 10 10 7 9 8 8 10 9 8 10 10 11
Last Time Cost: 00002015 ms
Total Time Cost: 00019861 ms
Total Distance 425: 9 11 11 10 11 11 10 11 12 9 11 8 10 8 9 9 8 7 8 8 7 9 8 10 8 11 9 9 9 11 9 10 9 8 10 10 7 9 8 8 10 9 8 9 9 10
Last Time Cost: 00002127 ms
Total Time Cost: 00021988 ms
Total Distance 419: 9 11 11 10 11 11 10 10 12 9 11 8 10 8 9 9 8 7 8 8 7 9 8 10 8 11 9 9 8 10 8 10 9 7 10 10 7 9 8 8 10 9 8 8 9 10
Last Time Cost: 00001978 ms
Total Time Cost: 00023966 ms
Total Distance 413: 8 11 10 9 11 10 10 10 12 9 11 8 10 8 9 9 8 7 8 8 7 9 8 10 8 10 9 9 8 10 7 10 9 7 10 10 7 9 8 8 10 9 8 8 9 10
Last Time Cost: 00001567 ms
Total Time Cost: 00025533 ms
Total Distance 408: 8 11 10 9 10 10 10 10 12 9 11 8 10 8 9 9 8 6 8 8 7 9 8 10 8 10 9 9 8 10 7 10 8 7 10 10 6 9 7 8 10 9 8 8 9 10
Last Time Cost: 00001481 ms
Total Time Cost: 00027014 ms
Total Distance 403: 8 11 10 9 9 10 10 10 12 9 11 8 10 8 9 8 8 6 8 8 7 9 8 10 8 10 9 8 8 10 7 10 8 7 10 10 5 9 7 8 10 9 8 8 9 9
Last Time Cost: 00001615 ms
Total Time Cost: 00028629 ms
Total Distance 398: 8 11 10 9 9 10 10 9 12 9 11 7 9 8 9 8 8 6 8 8 7 9 8 10 7 10 9 8 8 10 7 10 7 7 10 10 5 9 7 8 10 9 8 8 9 9
Last Time Cost: 00001787 ms
Total Time Cost: 00030416 ms
Total Distance 393: 8 10 10 9 9 10 10 9 12 9 11 7 9 8 9 8 8 6 8 8 7 9 7 10 7 10 9 8 8 10 7 9 6 7 10 9 5 9 7 8 10 9 8 8 9 9
Last Time Cost: 00001619 ms
Total Time Cost: 00032035 ms
Total Distance 388: 8 10 9 9 9 10 9 9 12 8 11 7 9 7 9 8 8 6 8 8 7 9 7 10 7 10 9 8 8 10 7 9 6 7 9 9 5 9 7 8 10 9 8 8 9 9
Last Time Cost: 00001770 ms
Total Time Cost: 00033805 ms
Total Distance 384: 8 10 9 9 9 10 9 9 12 8 11 7 9 7 9 8 7 6 8 8 6 9 7 10 7 10 9 8 7 10 7 9 6 6 9 9 5 9 7 8 10 9 8 8 9 9
Last Time Cost: 00001998 ms
Total Time Cost: 00035803 ms
Total Distance 380: 8 10 9 8 9 10 9 9 12 7 11 6 9 7 9 8 6 6 8 8 6 9 7 10 7 10 9 8 7 10 7 9 6 6 9 9 5 9 7 8 10 9 8 8 9 9
Last Time Cost: 00002194 ms
Total Time Cost: 00037997 ms
Total Distance 376: 8 9 9 8 9 10 9 9 12 7 11 5 9 7 9 8 6 5 8 8 6 9 7 10 7 10 8 8 7 10 7 9 6 6 9 9 5 9 7 8 10 9 8 8 9 9
Last Time Cost: 00002397 ms
Total Time Cost: 00040394 ms
Total Distance 371: 8 9 8 8 9 10 9 9 11 7 11 5 9 7 8 8 6 5 8 8 6 9 7 10 7 10 8 8 7 10 7 9 6 6 9 9 5 9 7 8 10 8 8 8 8 9
Last Time Cost: 00002259 ms
Total Time Cost: 00042653 ms
Total Distance 367: 8 9 8 8 9 10 9 9 11 7 11 5 9 6 8 8 6 5 8 8 6 8 7 10 6 10 8 7 7 10 7 9 6 6 9 9 5 9 7 8 10 8 8 8 8 9
Last Time Cost: 00002455 ms
Total Time Cost: 00045108 ms
Total Distance 363: 8 9 8 7 9 10 9 9 11 7 11 5 9 6 8 8 6 5 8 7 6 8 7 10 6 10 8 7 6 10 7 9 6 6 9 9 5 9 7 8 10 8 7 8 8 9
Last Time Cost: 00002707 ms
Total Time Cost: 00047815 ms
Total Distance 359: 7 9 8 7 9 10 9 9 11 7 11 5 9 6 7 8 6 5 8 7 6 8 7 10 6 10 8 7 5 10 7 9 6 6 9 9 5 9 7 8 10 8 7 8 8 8
Last Time Cost: 00002942 ms
Total Time Cost: 00050757 ms
Total Distance 355: 7 9 8 7 9 10 8 9 11 7 11 5 9 6 7 8 6 4 8 7 6 7 7 10 6 10 8 7 5 9 7 9 6 6 9 9 5 9 7 8 10 8 7 8 8 8
Last Time Cost: 00003148 ms
Total Time Cost: 00053905 ms
Total Distance 351: 7 9 8 7 9 10 8 9 11 7 11 5 9 6 6 8 6 4 8 7 5 7 7 10 6 10 8 7 5 9 7 9 6 6 9 9 5 8 7 8 9 8 7 8 8 8
Last Time Cost: 00003360 ms
Total Time Cost: 00057265 ms
Total Distance 347: 7 9 7 7 8 10 8 9 11 7 11 5 9 6 6 8 6 4 8 7 5 7 7 10 6 9 8 7 5 9 6 9 6 6 9 9 5 8 7 8 9 8 7 8 8 8
Last Time Cost: 00003657 ms
Total Time Cost: 00060922 ms
Total Distance 343: 7 9 7 7 8 10 8 9 11 7 11 5 8 6 6 7 6 4 8 7 5 7 7 10 6 9 7 7 5 8 6 9 6 6 9 9 5 8 7 8 9 8 7 8 8 8
Last Time Cost: 00003909 ms
Total Time Cost: 00064831 ms
Total Distance 339: 7 8 7 7 8 10 7 9 11 7 11 5 8 6 6 7 6 4 8 7 5 7 7 10 6 8 7 7 5 8 6 9 6 6 9 9 5 8 7 8 9 8 7 8 7 8
Last Time Cost: 00004074 ms
Total Time Cost: 00068905 ms
Total Distance 335: 7 8 7 7 8 10 7 9 11 7 10 5 8 6 6 7 6 4 7 7 5 7 7 10 6 8 7 7 5 8 6 8 6 6 9 9 5 8 7 8 8 8 7 8 7 8
Last Time Cost: 00002629 ms
Total Time Cost: 00071534 ms
Total Distance 332: 7 8 7 7 8 10 7 9 11 7 10 5 8 6 6 7 6 4 7 7 5 7 7 10 6 8 7 7 5 8 6 8 5 6 9 9 4 8 6 8 8 8 7 8 7 8
Last Time Cost: 00002836 ms
Total Time Cost: 00074370 ms
Total Distance 329: 7 8 7 7 8 10 7 9 11 7 10 4 8 6 6 7 6 4 6 7 5 7 7 10 6 8 7 7 5 8 6 8 5 6 9 9 4 8 5 8 8 8 7 8 7 8
Last Time Cost: 00003083 ms
Total Time Cost: 00077453 ms
Total Distance 326: 7 8 7 7 8 10 7 9 11 7 10 4 7 6 6 7 5 4 6 7 5 7 7 10 6 8 7 7 4 8 6 8 5 6 9 9 4 8 5 8 8 8 7 8 7 8
Last Time Cost: 00003367 ms
Total Time Cost: 00080820 ms
Total Distance 323: 7 8 7 7 8 10 7 8 11 7 10 4 7 6 6 7 5 4 6 7 5 7 7 10 5 8 7 7 4 8 6 8 4 6 9 9 4 8 5 8 8 8 7 8 7 8
Last Time Cost: 00003545 ms
Total Time Cost: 00084365 ms
Total Distance 320: 6 8 7 7 8 10 7 8 11 7 10 4 7 6 6 7 5 4 6 7 5 7 7 10 5 8 7 7 4 8 6 8 4 6 9 9 4 8 5 8 8 8 6 8 6 8
Last Time Cost: 00003835 ms
Total Time Cost: 00088200 ms
Total Distance 317: 6 8 7 7 8 10 7 7 11 7 10 4 7 6 6 7 5 4 6 7 5 7 7 10 5 7 7 7 3 8 6 8 4 6 9 9 4 8 5 8 8 8 6 8 6 8
Last Time Cost: 00004206 ms
Total Time Cost: 00092406 ms
Total Distance 313: 6 8 7 7 8 9 7 7 11 7 9 4 7 6 6 7 5 4 6 7 5 7 7 10 5 7 6 7 3 8 6 8 4 6 9 9 4 8 5 8 8 8 5 8 6 8
Last Time Cost: 00004478 ms
Total Time Cost: 00096884 ms
Total Distance 310: 6 8 7 7 8 9 7 7 11 7 9 4 7 6 6 7 5 4 6 6 5 7 7 10 5 7 6 7 3 8 6 8 4 6 9 9 4 8 5 8 8 8 4 8 6 7
Last Time Cost: 00004919 ms
Total Time Cost: 00101803 ms
Total Distance 307: 6 8 7 7 7 9 7 7 11 7 9 4 7 6 6 6 5 4 6 6 5 7 7 10 5 7 6 7 3 8 6 8 4 6 9 9 4 8 5 8 8 8 4 8 6 6
Last Time Cost: 00005378 ms
Total Time Cost: 00107181 ms
Total Distance 304: 5 8 7 7 7 9 7 7 11 7 9 4 7 6 6 6 5 4 6 6 5 7 7 9 5 7 6 7 3 8 6 8 4 6 9 9 4 8 5 8 8 8 4 8 5 6
Last Time Cost: 00005785 ms
Total Time Cost: 00112966 ms
Total Distance 301: 5 8 7 7 7 9 7 7 11 7 9 4 7 6 6 6 4 4 6 6 5 7 7 9 5 7 6 7 3 8 6 8 4 6 9 9 4 8 5 8 7 8 4 7 5 6
Last Time Cost: 00006243 ms
Total Time Cost: 00119209 ms
Total Distance 298: 5 8 7 7 7 9 7 7 11 7 8 4 7 5 6 6 4 4 6 6 5 7 7 9 5 7 6 6 3 8 6 8 4 6 9 9 4 8 5 8 7 8 4 7 5 6
Last Time Cost: 00006517 ms
Total Time Cost: 00125726 ms
Total Distance 295: 5 8 7 7 7 9 7 7 11 7 8 4 7 5 6 6 4 4 6 6 5 6 7 8 5 6 6 6 3 8 6 8 4 6 9 9 4 8 5 8 7 8 4 7 5 6
Last Time Cost: 00006840 ms
Total Time Cost: 00132566 ms
Total Distance 292: 5 8 7 7 7 9 7 7 11 7 8 4 7 5 6 6 4 4 6 6 5 6 6 8 5 6 6 6 3 8 6 7 4 6 9 8 4 8 5 8 7 8 4 7 5 6
Last Time Cost: 00007256 ms
Total Time Cost: 00139822 ms
Total Distance 289: 5 8 6 7 7 9 7 7 10 7 8 4 7 5 6 6 4 4 6 6 5 6 6 8 5 6 6 6 3 8 6 7 4 6 9 8 4 7 5 8 7 8 4 7 5 6
Last Time Cost: 00001264 ms
Total Time Cost: 00141086 ms
Total Distance 287: 5 8 6 7 7 9 7 7 10 7 8 4 7 5 6 6 4 3 6 6 5 6 6 8 5 6 6 6 3 8 6 7 4 6 9 8 4 7 5 8 7 8 4 7 4 6
Last Time Cost: 00001357 ms
Total Time Cost: 00142443 ms
Total Distance 284: 5 7 6 7 7 9 7 7 10 7 8 4 7 5 6 6 4 3 6 6 5 6 6 8 5 6 6 6 3 8 6 6 4 6 9 7 4 7 5 8 7 8 4 7 4 6
Last Time Cost: 00001428 ms
Total Time Cost: 00143871 ms
Total Distance 281: 5 7 6 7 7 8 6 7 10 7 8 4 7 5 6 6 4 3 6 6 5 6 6 8 5 6 6 6 3 8 6 6 4 6 9 7 4 7 5 8 7 8 4 6 4 6
Last Time Cost: 00001145 ms
Total Time Cost: 00145016 ms
Total Distance 279: 5 7 6 7 7 8 6 7 10 7 8 4 7 5 6 6 4 3 6 6 5 6 6 8 5 6 6 6 3 8 6 6 3 6 9 7 4 6 5 8 7 8 4 6 4 6
Last Time Cost: 00001197 ms
Total Time Cost: 00146213 ms
Total Distance 277: 5 7 6 7 7 8 6 7 10 7 8 4 7 5 6 6 4 3 6 6 4 5 6 8 5 6 6 6 3 8 6 6 3 6 9 7 4 6 5 8 7 8 4 6 4 6
Last Time Cost: 00001294 ms
Total Time Cost: 00147507 ms
Total Distance 275: 5 7 6 7 7 8 6 7 10 7 8 4 7 5 6 6 4 3 6 6 3 5 6 8 5 6 6 6 3 8 6 6 3 6 9 7 4 5 5 8 7 8 4 6 4 6
Last Time Cost: 00001413 ms
Total Time Cost: 00148920 ms
Total Distance 273: 5 7 6 7 7 8 6 7 10 7 8 4 7 5 6 6 4 3 5 6 3 5 6 8 5 6 6 6 3 8 6 6 3 6 9 7 4 5 4 8 7 8 4 6 4 6
Last Time Cost: 00001478 ms
Total Time Cost: 00150398 ms
Total Distance 271: 5 7 6 7 7 8 6 7 10 7 8 4 7 5 6 6 4 3 4 6 3 5 6 8 5 6 6 6 3 8 6 6 3 6 9 7 4 5 3 8 7 8 4 6 4 6
Last Time Cost: 00001564 ms
Total Time Cost: 00151962 ms
Total Distance 269: 5 7 6 7 7 8 6 6 10 7 8 4 7 5 6 6 4 3 4 6 3 5 6 8 5 6 6 6 3 8 6 6 3 6 9 7 3 5 3 8 7 8 4 6 4 6
Last Time Cost: 00001673 ms
Total Time Cost: 00153635 ms
Total Distance 267: 5 7 6 7 7 8 6 6 10 6 8 3 7 5 6 6 4 3 4 6 3 5 6 8 5 6 6 6 3 8 6 6 3 6 9 7 3 5 3 8 7 8 4 6 4 6
Last Time Cost: 00001776 ms
Total Time Cost: 00155411 ms
Total Distance 265: 4 7 6 7 7 8 6 6 10 6 8 3 7 5 5 6 4 3 4 6 3 5 6 8 5 6 6 6 3 8 6 6 3 6 9 7 3 5 3 8 7 8 4 6 4 6
Last Time Cost: 00001878 ms
Total Time Cost: 00157289 ms
Total Distance 263: 4 7 6 7 7 8 6 6 10 6 8 3 7 5 4 6 4 3 4 6 3 5 5 8 5 6 6 6 3 8 6 6 3 6 9 7 3 5 3 8 7 8 4 6 4 6
Last Time Cost: 00002006 ms
Total Time Cost: 00159295 ms
Total Distance 260: 4 7 6 7 7 8 6 6 9 6 7 3 7 5 4 6 4 3 4 6 3 5 5 8 5 6 6 6 3 8 6 6 3 6 8 7 3 5 3 8 7 8 4 6 4 6
Last Time Cost: 00001057 ms
Total Time Cost: 00160352 ms
Total Distance 258: 4 7 6 7 7 8 6 6 9 6 7 3 7 5 4 6 4 3 4 6 3 4 5 8 5 5 6 6 3 8 6 6 3 6 8 7 3 5 3 8 7 8 4 6 4 6
Last Time Cost: 00001118 ms
Total Time Cost: 00161470 ms
Total Distance 256: 4 7 6 7 7 8 6 6 9 6 7 3 7 5 4 6 4 3 4 6 3 4 4 8 5 5 6 6 3 8 6 5 3 6 8 7 3 5 3 8 7 8 4 6 4 6
Last Time Cost: 00001176 ms
Total Time Cost: 00162646 ms
Total Distance 254: 4 7 6 7 6 8 6 6 9 6 7 3 7 5 4 6 4 3 4 6 3 4 3 8 5 5 6 6 3 8 6 5 3 6 8 7 3 5 3 8 7 8 4 6 4 6
Last Time Cost: 00001220 ms
Total Time Cost: 00163866 ms
Total Distance 252: 4 7 6 7 5 8 6 6 9 6 7 3 7 5 4 6 4 3 4 6 3 4 3 8 5 4 6 6 3 8 6 5 3 6 8 7 3 5 3 8 7 8 4 6 4 6
Last Time Cost: 00001287 ms
Total Time Cost: 00165153 ms
Total Distance 249: 4 6 6 7 5 8 6 6 8 6 7 3 7 5 4 6 4 3 4 6 3 4 3 8 5 4 6 6 3 8 6 5 3 6 8 7 3 4 3 8 7 8 4 6 4 6
Last Time Cost: 00000411 ms
Total Time Cost: 00165564 ms
Total Distance 247: 4 6 6 7 4 8 6 6 8 6 7 3 7 5 4 6 4 3 4 6 3 4 3 8 5 3 6 6 3 8 6 5 3 6 8 7 3 4 3 8 7 8 4 6 4 6
Last Time Cost: 00000434 ms
Total Time Cost: 00165998 ms
Total Distance 245: 4 6 6 7 4 8 6 6 8 6 7 3 7 5 4 6 4 3 4 6 3 4 3 8 5 3 6 6 3 8 6 5 3 6 8 7 3 4 3 8 7 8 4 5 4 5
Last Time Cost: 00000440 ms
Total Time Cost: 00166438 ms
Total Distance 243: 4 6 6 7 4 8 6 5 8 6 7 3 7 5 4 6 4 3 4 6 3 4 3 8 4 3 6 6 3 8 6 5 3 6 8 7 3 4 3 8 7 8 4 5 4 5
Last Time Cost: 00000480 ms
Total Time Cost: 00166918 ms
Total Distance 241: 4 5 6 7 4 8 6 5 8 6 7 3 7 5 4 6 4 3 4 6 3 4 3 8 3 3 6 6 3 8 6 5 3 6 8 7 3 4 3 8 7 8 4 5 4 5
Last Time Cost: 00000483 ms
Total Time Cost: 00167401 ms
Total Distance 239: 4 4 6 7 4 8 6 5 8 6 7 3 7 5 4 5 4 3 4 6 3 4 3 8 3 3 6 6 3 8 6 5 3 6 8 7 3 4 3 8 7 8 4 5 4 5
Last Time Cost: 00000511 ms
Total Time Cost: 00167912 ms
Total Distance 237: 4 3 6 7 4 8 6 5 8 6 7 3 7 5 4 5 4 3 4 6 3 4 3 8 3 3 6 6 3 8 6 5 3 6 8 6 3 4 3 8 7 8 4 5 4 5
Last Time Cost: 00000488 ms
Total Time Cost: 00168400 ms
Total Distance 235: 4 2 6 7 4 8 6 5 7 6 7 3 7 5 4 5 4 3 4 6 3 4 3 8 3 3 6 6 3 8 6 5 3 6 8 6 3 4 3 8 7 8 4 5 4 5
Last Time Cost: 00000511 ms
Total Time Cost: 00168911 ms
Total Distance 233: 4 2 6 7 4 8 6 4 7 6 7 3 7 5 4 5 4 3 4 6 3 4 3 8 3 3 6 6 3 8 6 5 3 6 8 5 3 4 3 8 7 8 4 5 4 5
Last Time Cost: 00000539 ms
Total Time Cost: 00169450 ms
Total Distance 230: 4 2 6 7 4 8 6 4 7 6 7 3 6 5 4 5 4 3 4 6 3 4 3 8 3 3 5 6 3 7 6 5 3 6 8 5 3 4 3 8 7 8 4 5 4 5
Last Time Cost: 00000518 ms
Total Time Cost: 00169968 ms
Total Distance 228: 4 2 5 7 4 8 6 4 7 6 7 3 6 5 4 5 4 3 4 6 3 4 3 8 3 3 5 6 3 7 6 5 3 6 8 4 3 4 3 8 7 8 4 5 4 5
Last Time Cost: 00000526 ms
Total Time Cost: 00170494 ms
Total Distance 226: 4 2 5 7 4 8 6 4 7 5 7 3 6 5 4 5 4 3 4 6 3 4 3 8 3 3 5 5 3 7 6 5 3 6 8 4 3 4 3 8 7 8 4 5 4 5
Last Time Cost: 00000552 ms
Total Time Cost: 00171046 ms
Total Distance 224: 3 2 5 7 4 8 6 4 7 5 7 3 6 5 4 5 4 3 4 6 3 4 3 7 3 3 5 5 3 7 6 5 3 6 8 4 3 4 3 8 7 8 4 5 4 5
Last Time Cost: 00000568 ms
Total Time Cost: 00171614 ms
Total Distance 222: 2 2 5 7 4 8 6 4 7 5 7 3 6 5 4 5 4 3 4 6 3 4 3 6 3 3 5 5 3 7 6 5 3 6 8 4 3 4 3 8 7 8 4 5 4 5
Last Time Cost: 00000540 ms
Total Time Cost: 00172154 ms
Total Distance 220: 2 2 5 7 4 8 6 4 7 4 7 3 6 5 4 5 4 3 4 6 3 4 3 5 3 3 5 5 3 7 6 5 3 6 8 4 3 4 3 8 7 8 4 5 4 5
Last Time Cost: 00000562 ms
Total Time Cost: 00172716 ms
Total Distance 218: 2 2 5 7 4 8 6 4 7 4 6 3 6 4 4 5 4 3 4 6 3 4 3 5 3 3 5 5 3 7 6 5 3 6 8 4 3 4 3 8 7 8 4 5 4 5
Last Time Cost: 00000545 ms
Total Time Cost: 00173261 ms
Total Distance 216: 2 2 5 7 4 8 6 4 7 4 5 3 6 4 4 5 4 3 4 6 3 4 3 5 3 3 4 5 3 7 6 5 3 6 8 4 3 4 3 8 7 8 4 5 4 5
Last Time Cost: 00000554 ms
Total Time Cost: 00173815 ms
Total Distance 214: 2 2 5 6 4 8 6 4 7 4 5 3 6 4 4 5 4 3 4 6 3 4 3 5 3 3 4 4 3 7 6 5 3 6 8 4 3 4 3 8 7 8 4 5 4 5
Last Time Cost: 00000519 ms
Total Time Cost: 00174334 ms
Total Distance 212: 2 2 5 6 4 7 6 4 7 4 5 3 6 4 4 5 4 3 4 6 3 4 3 5 3 3 4 3 3 7 6 5 3 6 8 4 3 4 3 8 7 8 4 5 4 5
Last Time Cost: 00000527 ms
Total Time Cost: 00174861 ms
Total Distance 210: 2 2 5 6 4 7 6 4 6 4 5 3 5 4 4 5 4 3 4 6 3 4 3 5 3 3 4 3 3 7 6 5 3 6 8 4 3 4 3 8 7 8 4 5 4 5
Last Time Cost: 00000492 ms
Total Time Cost: 00175353 ms
Total Distance 208: 2 2 5 6 4 7 6 4 6 4 5 3 4 4 4 5 4 3 4 6 3 4 3 5 3 3 4 3 3 6 6 5 3 6 8 4 3 4 3 8 7 8 4 5 4 5
Last Time Cost: 00000452 ms
Total Time Cost: 00175805 ms
Total Distance 206: 2 2 5 6 4 7 6 4 6 4 5 3 4 4 4 5 4 3 4 6 3 4 3 4 3 3 4 3 3 6 6 5 3 6 8 4 3 4 3 7 7 8 4 5 4 5
Last Time Cost: 00000430 ms
Total Time Cost: 00176235 ms
Total Distance 204: 2 2 5 6 4 7 6 4 6 4 5 3 4 4 4 5 4 3 4 6 3 4 3 4 3 3 4 3 3 6 6 4 3 6 8 4 3 4 3 7 6 8 4 5 4 5
Last Time Cost: 00000383 ms
Total Time Cost: 00176618 ms
Total Distance 202: 2 2 5 6 4 7 6 4 6 4 5 3 4 4 4 5 4 3 4 5 3 4 3 4 3 3 4 3 3 6 6 4 3 6 8 4 3 4 3 6 6 8 4 5 4 5
Last Time Cost: 00000314 ms
Total Time Cost: 00176932 ms
Total Distance 200: 2 2 5 5 4 7 6 4 6 4 5 3 4 4 4 5 4 3 4 5 3 4 3 4 3 3 4 3 3 6 6 4 3 6 8 4 3 4 3 6 6 7 4 5 4 5
Last Time Cost: 00000302 ms
Total Time Cost: 00177234 ms
Total Distance 198: 2 2 5 5 4 7 6 4 6 4 5 3 4 4 4 5 4 3 4 5 3 4 3 4 3 3 4 3 3 5 6 4 3 5 8 4 3 4 3 6 6 7 4 5 4 5
Last Time Cost: 00000321 ms
Total Time Cost: 00177555 ms
Total Distance 196: 2 2 5 5 4 7 6 4 6 4 5 3 4 4 4 5 4 3 4 5 3 4 3 4 3 3 4 3 3 5 6 4 3 4 8 4 3 4 3 6 6 6 4 5 4 5
Last Time Cost: 00000253 ms
Total Time Cost: 00177808 ms
Total Distance 194: 2 2 5 5 4 7 6 4 6 4 5 3 4 4 4 5 4 3 4 5 3 4 3 4 3 3 4 3 3 5 5 4 3 4 7 4 3 4 3 6 6 6 4 5 4 5
Last Time Cost: 00000199 ms
Total Time Cost: 00178007 ms
Total Distance 193: 1 2 5 5 4 7 6 4 6 4 5 3 4 4 4 5 4 3 4 5 3 4 3 4 3 3 4 3 3 5 5 4 3 4 7 4 3 4 3 6 6 6 4 5 4 5
Last Time Cost: 00000001 ms
Total Time Cost: 00178008 ms
Total Distance 192: 0 2 5 5 4 7 6 4 6 4 5 3 4 4 4 5 4 3 4 5 3 4 3 4 3 3 4 3 3 5 5 4 3 4 7 4 3 4 3 6 6 6 4 5 4 5
Last Time Cost: 00000211 ms
Total Time Cost: 00178219 ms
Total Distance 191: 0 1 5 5 4 7 6 4 6 4 5 3 4 4 4 5 4 3 4 5 3 4 3 4 3 3 4 3 3 5 5 4 3 4 7 4 3 4 3 6 6 6 4 5 4 5
Last Time Cost: 00000001 ms
Total Time Cost: 00178220 ms
Total Distance 190: 0 0 5 5 4 7 6 4 6 4 5 3 4 4 4 5 4 3 4 5 3 4 3 4 3 3 4 3 3 5 5 4 3 4 7 4 3 4 3 6 6 6 4 5 4 5
Last Time Cost: 00000226 ms
Total Time Cost: 00178446 ms
Total Distance 189: 0 0 5 5 4 7 6 4 6 4 5 3 4 4 4 5 4 3 4 5 2 4 3 4 3 3 4 3 3 5 5 4 3 4 7 4 3 4 3 6 6 6 4 5 4 5
Last Time Cost: 00000002 ms
Total Time Cost: 00178448 ms
Total Distance 188: 0 0 5 5 4 7 6 4 6 4 5 3 4 4 4 5 4 3 4 5 1 4 3 4 3 3 4 3 3 5 5 4 3 4 7 4 3 4 3 6 6 6 4 5 4 5
Last Time Cost: 00000001 ms
Total Time Cost: 00178449 ms
Total Distance 187: 0 0 5 5 4 7 6 4 6 4 5 3 4 4 4 5 4 3 4 5 0 4 3 4 3 3 4 3 3 5 5 4 3 4 7 4 3 4 3 6 6 6 4 5 4 5
Last Time Cost: 00000252 ms
Total Time Cost: 00178701 ms
Total Distance 186: 0 0 5 5 4 7 6 4 6 4 5 3 4 4 4 5 4 2 4 5 0 4 3 4 3 3 4 3 3 5 5 4 3 4 7 4 3 4 3 6 6 6 4 5 4 5
Last Time Cost: 00000001 ms
Total Time Cost: 00178702 ms
Total Distance 185: 0 0 5 5 4 7 6 4 6 4 5 3 4 4 4 5 4 1 4 5 0 4 3 4 3 3 4 3 3 5 5 4 3 4 7 4 3 4 3 6 6 6 4 5 4 5
Last Time Cost: 00000001 ms
Total Time Cost: 00178703 ms
Total Distance 184: 0 0 5 5 4 7 6 4 6 4 5 3 4 4 4 5 4 0 4 5 0 4 3 4 3 3 4 3 3 5 5 4 3 4 7 4 3 4 3 6 6 6 4 5 4 5
Last Time Cost: 00000283 ms
Total Time Cost: 00178986 ms
Total Distance 183: 0 0 5 5 4 7 6 4 6 4 5 3 4 4 4 5 4 0 4 5 0 4 2 4 3 3 4 3 3 5 5 4 3 4 7 4 3 4 3 6 6 6 4 5 4 5
Last Time Cost: 00000001 ms
Total Time Cost: 00178987 ms
Total Distance 182: 0 0 5 5 4 7 6 4 6 4 5 3 4 4 4 5 4 0 4 5 0 4 1 4 3 3 4 3 3 5 5 4 3 4 7 4 3 4 3 6 6 6 4 5 4 5
Last Time Cost: 00000001 ms
Total Time Cost: 00178988 ms
Total Distance 181: 0 0 5 5 4 7 6 4 6 4 5 3 4 4 4 5 4 0 4 5 0 4 0 4 3 3 4 3 3 5 5 4 3 4 7 4 3 4 3 6 6 6 4 5 4 5
Last Time Cost: 00000326 ms
Total Time Cost: 00179314 ms
Total Distance 180: 0 0 5 5 4 7 6 4 6 4 5 3 4 4 4 5 4 0 4 5 0 4 0 4 3 3 4 3 3 5 5 4 2 4 7 4 3 4 3 6 6 6 4 5 4 5
Last Time Cost: 00000001 ms
Total Time Cost: 00179315 ms
Total Distance 179: 0 0 5 5 4 7 6 4 6 4 5 3 4 4 4 5 4 0 4 5 0 4 0 4 3 3 4 3 3 5 5 4 1 4 7 4 3 4 3 6 6 6 4 5 4 5
Last Time Cost: 00000001 ms
Total Time Cost: 00179316 ms
Total Distance 178: 0 0 5 5 4 7 6 4 6 4 5 3 4 4 4 5 4 0 4 5 0 4 0 4 3 3 4 3 3 5 5 4 0 4 7 4 3 4 3 6 6 6 4 5 4 5
Last Time Cost: 00000366 ms
Total Time Cost: 00179682 ms
Total Distance 177: 0 0 5 5 4 7 6 4 6 4 5 3 4 4 4 5 4 0 4 5 0 4 0 4 3 2 4 3 3 5 5 4 0 4 7 4 3 4 3 6 6 6 4 5 4 5
Last Time Cost: 00000002 ms
Total Time Cost: 00179684 ms
Total Distance 176: 0 0 5 5 4 7 6 4 6 4 5 3 4 4 4 5 4 0 4 5 0 4 0 4 3 1 4 3 3 5 5 4 0 4 7 4 3 4 3 6 6 6 4 5 4 5
Last Time Cost: 00000001 ms
Total Time Cost: 00179685 ms
Total Distance 175: 0 0 5 5 4 7 6 4 6 4 5 3 4 4 4 5 4 0 4 5 0 4 0 4 3 0 4 3 3 5 5 4 0 4 7 4 3 4 3 6 6 6 4 5 4 5
Last Time Cost: 00000399 ms
Total Time Cost: 00180084 ms
Total Distance 174: 0 0 5 5 4 7 6 4 6 4 5 2 4 4 4 5 4 0 4 5 0 4 0 4 3 0 4 3 3 5 5 4 0 4 7 4 3 4 3 6 6 6 4 5 4 5
Last Time Cost: 00000001 ms
Total Time Cost: 00180085 ms
Total Distance 173: 0 0 5 5 4 7 6 4 6 4 5 1 4 4 4 5 4 0 4 5 0 4 0 4 3 0 4 3 3 5 5 4 0 4 7 4 3 4 3 6 6 6 4 5 4 5
Last Time Cost: 00000001 ms
Total Time Cost: 00180086 ms
Total Distance 172: 0 0 5 5 4 7 6 4 6 4 5 0 4 4 4 5 4 0 4 5 0 4 0 4 3 0 4 3 3 5 5 4 0 4 7 4 3 4 3 6 6 6 4 5 4 5
Last Time Cost: 00000440 ms
Total Time Cost: 00180526 ms
Total Distance 171: 0 0 5 5 4 7 6 4 6 4 5 0 4 4 4 5 4 0 4 5 0 4 0 4 3 0 4 3 3 5 5 4 0 4 7 4 3 4 2 6 6 6 4 5 4 5
Last Time Cost: 00000001 ms
Total Time Cost: 00180527 ms
Total Distance 170: 0 0 5 5 4 7 6 4 6 4 5 0 4 4 4 5 4 0 4 5 0 4 0 4 3 0 4 3 3 5 5 4 0 4 7 4 3 4 1 6 6 6 4 5 4 5
Last Time Cost: 00000001 ms
Total Time Cost: 00180528 ms
Total Distance 169: 0 0 5 5 4 7 6 4 6 4 5 0 4 4 4 5 4 0 4 5 0 4 0 4 3 0 4 3 3 5 5 4 0 4 7 4 3 4 0 6 6 6 4 5 4 5
Last Time Cost: 00000490 ms
Total Time Cost: 00181018 ms
Total Distance 168: 0 0 5 5 4 7 6 4 6 4 5 0 4 4 4 5 4 0 4 5 0 4 0 4 3 0 4 3 2 5 5 4 0 4 7 4 3 4 0 6 6 6 4 5 4 5
Last Time Cost: 00000001 ms
Total Time Cost: 00181019 ms
Total Distance 167: 0 0 5 5 4 7 6 4 6 4 5 0 4 4 4 5 4 0 4 5 0 4 0 4 3 0 4 3 1 5 5 4 0 4 7 4 3 4 0 6 6 6 4 5 4 5
Last Time Cost: 00000001 ms
Total Time Cost: 00181020 ms
Total Distance 166: 0 0 5 5 4 7 6 4 6 4 5 0 4 4 4 5 4 0 4 5 0 4 0 4 3 0 4 3 0 5 5 4 0 4 7 4 3 4 0 6 6 6 4 5 4 5
Last Time Cost: 00000541 ms
Total Time Cost: 00181561 ms
Total Distance 165: 0 0 5 5 4 7 6 4 6 4 5 0 4 4 4 5 4 0 4 5 0 4 0 4 3 0 4 3 0 5 5 4 0 4 7 4 2 4 0 6 6 6 4 5 4 5
Last Time Cost: 00000001 ms
Total Time Cost: 00181562 ms
Total Distance 164: 0 0 5 5 4 7 6 4 6 4 5 0 4 4 4 5 4 0 4 5 0 4 0 4 3 0 4 3 0 5 5 4 0 4 7 4 1 4 0 6 6 6 4 5 4 5
Last Time Cost: 00000001 ms
Total Time Cost: 00181563 ms
Total Distance 163: 0 0 5 5 4 7 6 4 6 4 5 0 4 4 4 5 4 0 4 5 0 4 0 4 3 0 4 3 0 5 5 4 0 4 7 4 0 4 0 6 6 6 4 5 4 5
Last Time Cost: 00000602 ms
Total Time Cost: 00182165 ms
Total Distance 162: 0 0 5 5 4 7 6 4 6 4 5 0 4 4 4 5 4 0 4 5 0 4 0 4 3 0 4 2 0 5 5 4 0 4 7 4 0 4 0 6 6 6 4 5 4 5
Last Time Cost: 00000002 ms
Total Time Cost: 00182167 ms
Total Distance 161: 0 0 5 5 4 7 6 4 6 4 5 0 4 4 4 5 4 0 4 5 0 4 0 4 3 0 4 1 0 5 5 4 0 4 7 4 0 4 0 6 6 6 4 5 4 5
Last Time Cost: 00000001 ms
Total Time Cost: 00182168 ms
Total Distance 160: 0 0 5 5 4 7 6 4 6 4 5 0 4 4 4 5 4 0 4 5 0 4 0 4 3 0 4 0 0 5 5 4 0 4 7 4 0 4 0 6 6 6 4 5 4 5
Last Time Cost: 00000700 ms
Total Time Cost: 00182868 ms
Total Distance 159: 0 0 5 5 4 7 6 4 6 4 5 0 4 4 4 5 4 0 4 5 0 4 0 4 2 0 4 0 0 5 5 4 0 4 7 4 0 4 0 6 6 6 4 5 4 5
Last Time Cost: 00000002 ms
Total Time Cost: 00182870 ms
Total Distance 158: 0 0 5 5 4 7 6 4 6 4 5 0 4 4 4 5 4 0 4 5 0 4 0 4 1 0 4 0 0 5 5 4 0 4 7 4 0 4 0 6 6 6 4 5 4 5
Last Time Cost: 00000001 ms
Total Time Cost: 00182871 ms
Total Distance 157: 0 0 5 5 4 7 6 4 6 4 5 0 4 4 4 5 4 0 4 5 0 4 0 4 0 0 4 0 0 5 5 4 0 4 7 4 0 4 0 6 6 6 4 5 4 5
Last Time Cost: 00000766 ms
Total Time Cost: 00183637 ms
Total Distance 156: 0 0 5 5 4 7 6 4 6 4 5 0 4 4 4 5 4 0 4 5 0 3 0 4 0 0 4 0 0 5 5 4 0 4 7 4 0 4 0 6 6 6 4 5 4 5
Last Time Cost: 00000002 ms
Total Time Cost: 00183639 ms
Total Distance 155: 0 0 5 5 4 7 6 4 6 4 5 0 4 4 4 5 4 0 4 5 0 2 0 4 0 0 4 0 0 5 5 4 0 4 7 4 0 4 0 6 6 6 4 5 4 5
Last Time Cost: 00000001 ms
Total Time Cost: 00183640 ms
Total Distance 154: 0 0 5 5 4 7 6 4 6 4 5 0 4 4 4 5 4 0 4 5 0 1 0 4 0 0 4 0 0 5 5 4 0 4 7 4 0 4 0 6 6 6 4 5 4 5
Last Time Cost: 00000001 ms
Total Time Cost: 00183641 ms
Total Distance 153: 0 0 5 5 4 7 6 4 6 4 5 0 4 4 4 5 4 0 4 5 0 0 0 4 0 0 4 0 0 5 5 4 0 4 7 4 0 4 0 6 6 6 4 5 4 5
Last Time Cost: 00000866 ms
Total Time Cost: 00184507 ms
Total Distance 152: 0 0 5 5 4 7 6 4 6 4 5 0 4 4 4 5 4 0 4 5 0 0 0 3 0 0 4 0 0 5 5 4 0 4 7 4 0 4 0 6 6 6 4 5 4 5
Last Time Cost: 00000002 ms
Total Time Cost: 00184509 ms
Total Distance 151: 0 0 5 5 4 7 6 4 6 4 5 0 4 4 4 5 4 0 4 5 0 0 0 2 0 0 4 0 0 5 5 4 0 4 7 4 0 4 0 6 6 6 4 5 4 5
Last Time Cost: 00000001 ms
Total Time Cost: 00184510 ms
Total Distance 150: 0 0 5 5 4 7 6 4 6 4 5 0 4 4 4 5 4 0 4 5 0 0 0 1 0 0 4 0 0 5 5 4 0 4 7 4 0 4 0 6 6 6 4 5 4 5
Last Time Cost: 00000001 ms
Total Time Cost: 00184511 ms
Total Distance 149: 0 0 5 5 4 7 6 4 6 4 5 0 4 4 4 5 4 0 4 5 0 0 0 0 0 0 4 0 0 5 5 4 0 4 7 4 0 4 0 6 6 6 4 5 4 5
Last Time Cost: 00001000 ms
Total Time Cost: 00185511 ms
Total Distance 148: 0 0 5 5 4 7 6 4 6 4 5 0 4 4 4 5 4 0 4 5 0 0 0 0 0 0 3 0 0 5 5 4 0 4 7 4 0 4 0 6 6 6 4 5 4 5
Last Time Cost: 00000002 ms
Total Time Cost: 00185513 ms
Total Distance 147: 0 0 5 5 4 7 6 4 6 4 5 0 4 4 4 5 4 0 4 5 0 0 0 0 0 0 2 0 0 5 5 4 0 4 7 4 0 4 0 6 6 6 4 5 4 5
Last Time Cost: 00000002 ms
Total Time Cost: 00185515 ms
Total Distance 146: 0 0 5 5 4 7 6 4 6 4 5 0 4 4 4 5 4 0 4 5 0 0 0 0 0 0 1 0 0 5 5 4 0 4 7 4 0 4 0 6 6 6 4 5 4 5
Last Time Cost: 00000001 ms
Total Time Cost: 00185516 ms
Total Distance 145: 0 0 5 5 4 7 6 4 6 4 5 0 4 4 4 5 4 0 4 5 0 0 0 0 0 0 0 0 0 5 5 4 0 4 7 4 0 4 0 6 6 6 4 5 4 5
Last Time Cost: 00001155 ms
Total Time Cost: 00186671 ms
Total Distance 143: 0 0 5 4 4 6 6 4 6 4 5 0 4 4 4 5 4 0 4 5 0 0 0 0 0 0 0 0 0 5 5 4 0 4 7 4 0 4 0 6 6 6 4 5 4 5
Last Time Cost: 00000642 ms
Total Time Cost: 00187313 ms
Total Distance 141: 0 0 5 4 4 5 6 4 6 4 5 0 4 4 4 5 4 0 4 5 0 0 0 0 0 0 0 0 0 5 5 4 0 4 7 4 0 4 0 6 6 6 4 5 4 4
Last Time Cost: 00000654 ms
Total Time Cost: 00187967 ms
Total Distance 140: 0 0 5 4 4 5 6 3 6 4 5 0 4 4 4 5 4 0 4 5 0 0 0 0 0 0 0 0 0 5 5 4 0 4 7 4 0 4 0 6 6 6 4 5 4 4
Last Time Cost: 00000002 ms
Total Time Cost: 00187969 ms
Total Distance 139: 0 0 5 4 4 5 6 2 6 4 5 0 4 4 4 5 4 0 4 5 0 0 0 0 0 0 0 0 0 5 5 4 0 4 7 4 0 4 0 6 6 6 4 5 4 4
Last Time Cost: 00000002 ms
Total Time Cost: 00187971 ms
Total Distance 138: 0 0 5 4 4 5 6 1 6 4 5 0 4 4 4 5 4 0 4 5 0 0 0 0 0 0 0 0 0 5 5 4 0 4 7 4 0 4 0 6 6 6 4 5 4 4
Last Time Cost: 00000001 ms
Total Time Cost: 00187972 ms
Total Distance 137: 0 0 5 4 4 5 6 0 6 4 5 0 4 4 4 5 4 0 4 5 0 0 0 0 0 0 0 0 0 5 5 4 0 4 7 4 0 4 0 6 6 6 4 5 4 4
Last Time Cost: 00000791 ms
Total Time Cost: 00188763 ms
Total Distance 136: 0 0 5 4 4 5 6 0 6 4 5 0 4 4 4 5 3 0 4 5 0 0 0 0 0 0 0 0 0 5 5 4 0 4 7 4 0 4 0 6 6 6 4 5 4 4
Last Time Cost: 00000004 ms
Total Time Cost: 00188767 ms
Total Distance 134: 0 0 5 4 4 5 6 0 6 4 5 0 4 4 4 5 2 0 4 5 0 0 0 0 0 0 0 0 0 5 5 4 0 4 7 4 0 4 0 6 5 6 4 5 4 4
Last Time Cost: 00000892 ms
Total Time Cost: 00189659 ms
Total Distance 133: 0 0 5 4 4 5 6 0 6 4 5 0 4 4 4 5 1 0 4 5 0 0 0 0 0 0 0 0 0 5 5 4 0 4 7 4 0 4 0 6 5 6 4 5 4 4
Last Time Cost: 00000001 ms
Total Time Cost: 00189660 ms
Total Distance 132: 0 0 5 4 4 5 6 0 6 4 5 0 4 4 4 5 0 0 4 5 0 0 0 0 0 0 0 0 0 5 5 4 0 4 7 4 0 4 0 6 5 6 4 5 4 4
Last Time Cost: 00000979 ms
Total Time Cost: 00190639 ms
Total Distance 131: 0 0 5 4 4 5 6 0 6 4 5 0 4 4 4 5 0 0 4 5 0 0 0 0 0 0 0 0 0 5 5 4 0 4 7 4 0 4 0 6 5 6 4 5 4 3
Last Time Cost: 00000002 ms
Total Time Cost: 00190641 ms
Total Distance 130: 0 0 5 4 4 5 6 0 6 4 5 0 4 4 4 5 0 0 4 5 0 0 0 0 0 0 0 0 0 5 5 4 0 4 7 4 0 4 0 6 5 6 4 5 4 2
Last Time Cost: 00000002 ms
Total Time Cost: 00190643 ms
Total Distance 129: 0 0 5 4 4 5 6 0 6 4 5 0 4 4 4 5 0 0 4 5 0 0 0 0 0 0 0 0 0 5 5 4 0 4 7 4 0 4 0 6 5 6 4 5 4 1
Last Time Cost: 00000001 ms
Total Time Cost: 00190644 ms
Total Distance 128: 0 0 5 4 4 5 6 0 6 4 5 0 4 4 4 5 0 0 4 5 0 0 0 0 0 0 0 0 0 5 5 4 0 4 7 4 0 4 0 6 5 6 4 5 4 0
Last Time Cost: 00001085 ms
Total Time Cost: 00191729 ms
Total Distance 127: 0 0 5 3 4 5 6 0 6 4 5 0 4 4 4 5 0 0 4 5 0 0 0 0 0 0 0 0 0 5 5 4 0 4 7 4 0 4 0 6 5 6 4 5 4 0
Last Time Cost: 00000002 ms
Total Time Cost: 00191731 ms
Total Distance 126: 0 0 5 2 4 5 6 0 6 4 5 0 4 4 4 5 0 0 4 5 0 0 0 0 0 0 0 0 0 5 5 4 0 4 7 4 0 4 0 6 5 6 4 5 4 0
Last Time Cost: 00000002 ms
Total Time Cost: 00191733 ms
Total Distance 125: 0 0 5 1 4 5 6 0 6 4 5 0 4 4 4 5 0 0 4 5 0 0 0 0 0 0 0 0 0 5 5 4 0 4 7 4 0 4 0 6 5 6 4 5 4 0
Last Time Cost: 00000001 ms
Total Time Cost: 00191734 ms
Total Distance 124: 0 0 5 0 4 5 6 0 6 4 5 0 4 4 4 5 0 0 4 5 0 0 0 0 0 0 0 0 0 5 5 4 0 4 7 4 0 4 0 6 5 6 4 5 4 0
Last Time Cost: 00001298 ms
Total Time Cost: 00193032 ms
Total Distance 122: 0 0 5 0 4 5 6 0 6 4 5 0 4 4 4 5 0 0 4 5 0 0 0 0 0 0 0 0 0 5 5 3 0 4 7 4 0 4 0 5 5 6 4 5 4 0
Last Time Cost: 00001371 ms
Total Time Cost: 00194403 ms
Total Distance 121: 0 0 5 0 4 5 6 0 6 4 5 0 4 4 4 5 0 0 4 5 0 0 0 0 0 0 0 0 0 5 5 2 0 4 7 4 0 4 0 5 5 6 4 5 4 0
Last Time Cost: 00000002 ms
Total Time Cost: 00194405 ms
Total Distance 120: 0 0 5 0 4 5 6 0 6 4 5 0 4 4 4 5 0 0 4 5 0 0 0 0 0 0 0 0 0 5 5 1 0 4 7 4 0 4 0 5 5 6 4 5 4 0
Last Time Cost: 00000001 ms
Total Time Cost: 00194406 ms
Total Distance 119: 0 0 5 0 4 5 6 0 6 4 5 0 4 4 4 5 0 0 4 5 0 0 0 0 0 0 0 0 0 5 5 0 0 4 7 4 0 4 0 5 5 6 4 5 4 0
Last Time Cost: 00001442 ms
Total Time Cost: 00195848 ms
Total Distance 118: 0 0 5 0 4 5 6 0 6 4 5 0 4 4 4 5 0 0 4 5 0 0 0 0 0 0 0 0 0 5 5 0 0 4 7 4 0 4 0 5 5 6 3 5 4 0
Last Time Cost: 00000002 ms
Total Time Cost: 00195850 ms
Total Distance 117: 0 0 5 0 4 5 6 0 6 4 5 0 4 4 4 5 0 0 4 5 0 0 0 0 0 0 0 0 0 5 5 0 0 4 7 4 0 4 0 5 5 6 2 5 4 0
Last Time Cost: 00000002 ms
Total Time Cost: 00195852 ms
Total Distance 116: 0 0 5 0 4 5 6 0 6 4 5 0 4 4 4 5 0 0 4 5 0 0 0 0 0 0 0 0 0 5 5 0 0 4 7 4 0 4 0 5 5 6 1 5 4 0
Last Time Cost: 00000001 ms
Total Time Cost: 00195853 ms
Total Distance 115: 0 0 5 0 4 5 6 0 6 4 5 0 4 4 4 5 0 0 4 5 0 0 0 0 0 0 0 0 0 5 5 0 0 4 7 4 0 4 0 5 5 6 0 5 4 0
Last Time Cost: 00001702 ms
Total Time Cost: 00197555 ms
Total Distance 113: 0 0 5 0 4 5 5 0 6 4 5 0 4 4 4 4 0 0 4 5 0 0 0 0 0 0 0 0 0 5 5 0 0 4 7 4 0 4 0 5 5 6 0 5 4 0
Last Time Cost: 00001756 ms
Total Time Cost: 00199311 ms
Total Distance 112: 0 0 5 0 4 5 5 0 6 4 5 0 3 4 4 4 0 0 4 5 0 0 0 0 0 0 0 0 0 5 5 0 0 4 7 4 0 4 0 5 5 6 0 5 4 0
Last Time Cost: 00000002 ms
Total Time Cost: 00199313 ms
Total Distance 111: 0 0 5 0 4 5 5 0 6 4 5 0 2 4 4 4 0 0 4 5 0 0 0 0 0 0 0 0 0 5 5 0 0 4 7 4 0 4 0 5 5 6 0 5 4 0
Last Time Cost: 00000002 ms
Total Time Cost: 00199315 ms
Total Distance 110: 0 0 5 0 4 5 5 0 6 4 5 0 1 4 4 4 0 0 4 5 0 0 0 0 0 0 0 0 0 5 5 0 0 4 7 4 0 4 0 5 5 6 0 5 4 0
Last Time Cost: 00000001 ms
Total Time Cost: 00199316 ms
Total Distance 109: 0 0 5 0 4 5 5 0 6 4 5 0 0 4 4 4 0 0 4 5 0 0 0 0 0 0 0 0 0 5 5 0 0 4 7 4 0 4 0 5 5 6 0 5 4 0
Last Time Cost: 00002032 ms
Total Time Cost: 00201348 ms
Total Distance 107: 0 0 5 0 4 5 5 0 6 4 5 0 0 4 4 4 0 0 4 5 0 0 0 0 0 0 0 0 0 4 5 0 0 4 7 4 0 4 0 5 5 5 0 5 4 0
Last Time Cost: 00002077 ms
Total Time Cost: 00203425 ms
Total Distance 106: 0 0 5 0 4 5 5 0 6 4 5 0 0 4 4 4 0 0 4 5 0 0 0 0 0 0 0 0 0 4 5 0 0 4 7 4 0 4 0 5 5 5 0 5 3 0
Last Time Cost: 00000002 ms
Total Time Cost: 00203427 ms
Total Distance 105: 0 0 5 0 4 5 5 0 6 4 5 0 0 4 4 4 0 0 4 5 0 0 0 0 0 0 0 0 0 4 5 0 0 4 7 4 0 4 0 5 5 5 0 5 2 0
Last Time Cost: 00000002 ms
Total Time Cost: 00203429 ms
Total Distance 104: 0 0 5 0 4 5 5 0 6 4 5 0 0 4 4 4 0 0 4 5 0 0 0 0 0 0 0 0 0 4 5 0 0 4 7 4 0 4 0 5 5 5 0 5 1 0
Last Time Cost: 00000001 ms
Total Time Cost: 00203430 ms
Total Distance 103: 0 0 5 0 4 5 5 0 6 4 5 0 0 4 4 4 0 0 4 5 0 0 0 0 0 0 0 0 0 4 5 0 0 4 7 4 0 4 0 5 5 5 0 5 0 0
Last Time Cost: 00002544 ms
Total Time Cost: 00205974 ms
Total Distance 102: 0 0 5 0 4 5 5 0 6 4 5 0 0 4 4 3 0 0 4 5 0 0 0 0 0 0 0 0 0 4 5 0 0 4 7 4 0 4 0 5 5 5 0 5 0 0
Last Time Cost: 00000002 ms
Total Time Cost: 00205976 ms
Total Distance 101: 0 0 5 0 4 5 5 0 6 4 5 0 0 4 4 2 0 0 4 5 0 0 0 0 0 0 0 0 0 4 5 0 0 4 7 4 0 4 0 5 5 5 0 5 0 0
Last Time Cost: 00000002 ms
Total Time Cost: 00205978 ms
Total Distance 100: 0 0 5 0 4 5 5 0 6 4 5 0 0 4 4 1 0 0 4 5 0 0 0 0 0 0 0 0 0 4 5 0 0 4 7 4 0 4 0 5 5 5 0 5 0 0
Last Time Cost: 00000001 ms
Total Time Cost: 00205979 ms
Total Distance 99: 0 0 5 0 4 5 5 0 6 4 5 0 0 4 4 0 0 0 4 5 0 0 0 0 0 0 0 0 0 4 5 0 0 4 7 4 0 4 0 5 5 5 0 5 0 0
Last Time Cost: 00003151 ms
Total Time Cost: 00209130 ms
Total Distance 98: 0 0 5 0 4 5 5 0 6 4 5 0 0 3 4 0 0 0 4 5 0 0 0 0 0 0 0 0 0 4 5 0 0 4 7 4 0 4 0 5 5 5 0 5 0 0
Last Time Cost: 00000002 ms
Total Time Cost: 00209132 ms
Total Distance 97: 0 0 5 0 4 5 5 0 6 4 5 0 0 2 4 0 0 0 4 5 0 0 0 0 0 0 0 0 0 4 5 0 0 4 7 4 0 4 0 5 5 5 0 5 0 0
Last Time Cost: 00000002 ms
Total Time Cost: 00209134 ms
Total Distance 96: 0 0 5 0 4 5 5 0 6 4 5 0 0 1 4 0 0 0 4 5 0 0 0 0 0 0 0 0 0 4 5 0 0 4 7 4 0 4 0 5 5 5 0 5 0 0
Last Time Cost: 00000001 ms
Total Time Cost: 00209135 ms
Total Distance 95: 0 0 5 0 4 5 5 0 6 4 5 0 0 0 4 0 0 0 4 5 0 0 0 0 0 0 0 0 0 4 5 0 0 4 7 4 0 4 0 5 5 5 0 5 0 0
Last Time Cost: 00003376 ms
Total Time Cost: 00212511 ms
Total Distance 94: 0 0 5 0 4 5 5 0 6 4 5 0 0 0 4 0 0 0 4 5 0 0 0 0 0 0 0 0 0 4 5 0 0 3 7 4 0 4 0 5 5 5 0 5 0 0
Last Time Cost: 00000002 ms
Total Time Cost: 00212513 ms
Total Distance 93: 0 0 5 0 4 5 5 0 6 4 5 0 0 0 4 0 0 0 4 5 0 0 0 0 0 0 0 0 0 4 5 0 0 2 7 4 0 4 0 5 5 5 0 5 0 0
Last Time Cost: 00000002 ms
Total Time Cost: 00212515 ms
Total Distance 92: 0 0 5 0 4 5 5 0 6 4 5 0 0 0 4 0 0 0 4 5 0 0 0 0 0 0 0 0 0 4 5 0 0 1 7 4 0 4 0 5 5 5 0 5 0 0
Last Time Cost: 00000001 ms
Total Time Cost: 00212516 ms
Total Distance 91: 0 0 5 0 4 5 5 0 6 4 5 0 0 0 4 0 0 0 4 5 0 0 0 0 0 0 0 0 0 4 5 0 0 0 7 4 0 4 0 5 5 5 0 5 0 0
Last Time Cost: 00003849 ms
Total Time Cost: 00216365 ms
Total Distance 90: 0 0 5 0 4 5 5 0 6 4 5 0 0 0 4 0 0 0 4 5 0 0 0 0 0 0 0 0 0 4 5 0 0 0 7 3 0 4 0 5 5 5 0 5 0 0
Last Time Cost: 00000002 ms
Total Time Cost: 00216367 ms
Total Distance 89: 0 0 5 0 4 5 5 0 6 4 5 0 0 0 4 0 0 0 4 5 0 0 0 0 0 0 0 0 0 4 5 0 0 0 7 2 0 4 0 5 5 5 0 5 0 0
Last Time Cost: 00000002 ms
Total Time Cost: 00216369 ms
Total Distance 88: 0 0 5 0 4 5 5 0 6 4 5 0 0 0 4 0 0 0 4 5 0 0 0 0 0 0 0 0 0 4 5 0 0 0 7 1 0 4 0 5 5 5 0 5 0 0
Last Time Cost: 00000001 ms
Total Time Cost: 00216370 ms
Total Distance 87: 0 0 5 0 4 5 5 0 6 4 5 0 0 0 4 0 0 0 4 5 0 0 0 0 0 0 0 0 0 4 5 0 0 0 7 0 0 4 0 5 5 5 0 5 0 0
Last Time Cost: 00004063 ms
Total Time Cost: 00220433 ms
Total Distance 86: 0 0 5 0 4 5 5 0 6 4 5 0 0 0 3 0 0 0 4 5 0 0 0 0 0 0 0 0 0 4 5 0 0 0 7 0 0 4 0 5 5 5 0 5 0 0
Last Time Cost: 00000003 ms
Total Time Cost: 00220436 ms
Total Distance 85: 0 0 5 0 4 5 5 0 6 4 5 0 0 0 2 0 0 0 4 5 0 0 0 0 0 0 0 0 0 4 5 0 0 0 7 0 0 4 0 5 5 5 0 5 0 0
Last Time Cost: 00000002 ms
Total Time Cost: 00220438 ms
Total Distance 84: 0 0 5 0 4 5 5 0 6 4 5 0 0 0 1 0 0 0 4 5 0 0 0 0 0 0 0 0 0 4 5 0 0 0 7 0 0 4 0 5 5 5 0 5 0 0
Last Time Cost: 00000002 ms
Total Time Cost: 00220440 ms
Total Distance 83: 0 0 5 0 4 5 5 0 6 4 5 0 0 0 0 0 0 0 4 5 0 0 0 0 0 0 0 0 0 4 5 0 0 0 7 0 0 4 0 5 5 5 0 5 0 0
Last Time Cost: 00004588 ms
Total Time Cost: 00225028 ms
Total Distance 81: 0 0 4 0 4 5 5 0 6 4 5 0 0 0 0 0 0 0 4 5 0 0 0 0 0 0 0 0 0 4 5 0 0 0 7 0 0 4 0 5 4 5 0 5 0 0
Last Time Cost: 00004919 ms
Total Time Cost: 00229947 ms
Total Distance 80: 0 0 4 0 4 5 5 0 6 4 5 0 0 0 0 0 0 0 4 5 0 0 0 0 0 0 0 0 0 4 5 0 0 0 7 0 0 4 0 5 3 5 0 5 0 0
Last Time Cost: 00000002 ms
Total Time Cost: 00229949 ms
Total Distance 79: 0 0 4 0 4 5 5 0 6 4 5 0 0 0 0 0 0 0 4 5 0 0 0 0 0 0 0 0 0 4 5 0 0 0 7 0 0 4 0 5 2 5 0 5 0 0
Last Time Cost: 00000002 ms
Total Time Cost: 00229951 ms
Total Distance 78: 0 0 4 0 4 5 5 0 6 4 5 0 0 0 0 0 0 0 4 5 0 0 0 0 0 0 0 0 0 4 5 0 0 0 7 0 0 4 0 5 1 5 0 5 0 0
Last Time Cost: 00000002 ms
Total Time Cost: 00229953 ms
Total Distance 77: 0 0 4 0 4 5 5 0 6 4 5 0 0 0 0 0 0 0 4 5 0 0 0 0 0 0 0 0 0 4 5 0 0 0 7 0 0 4 0 5 0 5 0 5 0 0
Last Time Cost: 00005439 ms
Total Time Cost: 00235392 ms
Total Distance 76: 0 0 3 0 4 5 5 0 6 4 5 0 0 0 0 0 0 0 4 5 0 0 0 0 0 0 0 0 0 4 5 0 0 0 7 0 0 4 0 5 0 5 0 5 0 0
Last Time Cost: 00000002 ms
Total Time Cost: 00235394 ms
Total Distance 75: 0 0 2 0 4 5 5 0 6 4 5 0 0 0 0 0 0 0 4 5 0 0 0 0 0 0 0 0 0 4 5 0 0 0 7 0 0 4 0 5 0 5 0 5 0 0
Last Time Cost: 00000002 ms
Total Time Cost: 00235396 ms
Total Distance 74: 0 0 1 0 4 5 5 0 6 4 5 0 0 0 0 0 0 0 4 5 0 0 0 0 0 0 0 0 0 4 5 0 0 0 7 0 0 4 0 5 0 5 0 5 0 0
Last Time Cost: 00000002 ms
Total Time Cost: 00235398 ms
Total Distance 73: 0 0 0 0 4 5 5 0 6 4 5 0 0 0 0 0 0 0 4 5 0 0 0 0 0 0 0 0 0 4 5 0 0 0 7 0 0 4 0 5 0 5 0 5 0 0
Last Time Cost: 00006193 ms
Total Time Cost: 00241591 ms
Total Distance 72: 0 0 0 0 4 5 5 0 6 4 5 0 0 0 0 0 0 0 4 5 0 0 0 0 0 0 0 0 0 4 5 0 0 0 7 0 0 3 0 5 0 5 0 5 0 0
Last Time Cost: 00000002 ms
Total Time Cost: 00241593 ms
Total Distance 71: 0 0 0 0 4 5 5 0 6 4 5 0 0 0 0 0 0 0 4 5 0 0 0 0 0 0 0 0 0 4 5 0 0 0 7 0 0 2 0 5 0 5 0 5 0 0
Last Time Cost: 00000002 ms
Total Time Cost: 00241595 ms
Total Distance 70: 0 0 0 0 4 5 5 0 6 4 5 0 0 0 0 0 0 0 4 5 0 0 0 0 0 0 0 0 0 4 5 0 0 0 7 0 0 1 0 5 0 5 0 5 0 0
Last Time Cost: 00000002 ms
Total Time Cost: 00241597 ms
Total Distance 69: 0 0 0 0 4 5 5 0 6 4 5 0 0 0 0 0 0 0 4 5 0 0 0 0 0 0 0 0 0 4 5 0 0 0 7 0 0 0 0 5 0 5 0 5 0 0
Last Time Cost: 00006032 ms
Total Time Cost: 00247629 ms
Total Distance 68: 0 0 0 0 3 5 5 0 6 4 5 0 0 0 0 0 0 0 4 5 0 0 0 0 0 0 0 0 0 4 5 0 0 0 7 0 0 0 0 5 0 5 0 5 0 0
Last Time Cost: 00000002 ms
Total Time Cost: 00247631 ms
Total Distance 67: 0 0 0 0 2 5 5 0 6 4 5 0 0 0 0 0 0 0 4 5 0 0 0 0 0 0 0 0 0 4 5 0 0 0 7 0 0 0 0 5 0 5 0 5 0 0
Last Time Cost: 00000002 ms
Total Time Cost: 00247633 ms
Total Distance 66: 0 0 0 0 1 5 5 0 6 4 5 0 0 0 0 0 0 0 4 5 0 0 0 0 0 0 0 0 0 4 5 0 0 0 7 0 0 0 0 5 0 5 0 5 0 0
Last Time Cost: 00000002 ms
Total Time Cost: 00247635 ms
Total Distance 65: 0 0 0 0 0 5 5 0 6 4 5 0 0 0 0 0 0 0 4 5 0 0 0 0 0 0 0 0 0 4 5 0 0 0 7 0 0 0 0 5 0 5 0 5 0 0
Last Time Cost: 00006924 ms
Total Time Cost: 00254559 ms
Total Distance 64: 0 0 0 0 0 5 5 0 6 4 5 0 0 0 0 0 0 0 4 5 0 0 0 0 0 0 0 0 0 3 5 0 0 0 7 0 0 0 0 5 0 5 0 5 0 0
Last Time Cost: 00000003 ms
Total Time Cost: 00254562 ms
Total Distance 63: 0 0 0 0 0 5 5 0 6 4 5 0 0 0 0 0 0 0 4 5 0 0 0 0 0 0 0 0 0 2 5 0 0 0 7 0 0 0 0 5 0 5 0 5 0 0
Last Time Cost: 00000002 ms
Total Time Cost: 00254564 ms
Total Distance 62: 0 0 0 0 0 5 5 0 6 4 5 0 0 0 0 0 0 0 4 5 0 0 0 0 0 0 0 0 0 1 5 0 0 0 7 0 0 0 0 5 0 5 0 5 0 0
Last Time Cost: 00000002 ms
Total Time Cost: 00254566 ms
Total Distance 61: 0 0 0 0 0 5 5 0 6 4 5 0 0 0 0 0 0 0 4 5 0 0 0 0 0 0 0 0 0 0 5 0 0 0 7 0 0 0 0 5 0 5 0 5 0 0
Last Time Cost: 00008372 ms
Total Time Cost: 00262938 ms
Total Distance 60: 0 0 0 0 0 5 5 0 6 3 5 0 0 0 0 0 0 0 4 5 0 0 0 0 0 0 0 0 0 0 5 0 0 0 7 0 0 0 0 5 0 5 0 5 0 0
Last Time Cost: 00000003 ms
Total Time Cost: 00262941 ms
Total Distance 59: 0 0 0 0 0 5 5 0 6 2 5 0 0 0 0 0 0 0 4 5 0 0 0 0 0 0 0 0 0 0 5 0 0 0 7 0 0 0 0 5 0 5 0 5 0 0
Last Time Cost: 00000002 ms
Total Time Cost: 00262943 ms
Total Distance 58: 0 0 0 0 0 5 5 0 6 1 5 0 0 0 0 0 0 0 4 5 0 0 0 0 0 0 0 0 0 0 5 0 0 0 7 0 0 0 0 5 0 5 0 5 0 0
Last Time Cost: 00000002 ms
Total Time Cost: 00262945 ms
Total Distance 57: 0 0 0 0 0 5 5 0 6 0 5 0 0 0 0 0 0 0 4 5 0 0 0 0 0 0 0 0 0 0 5 0 0 0 7 0 0 0 0 5 0 5 0 5 0 0
Last Time Cost: 00010090 ms
Total Time Cost: 00273035 ms
Total Distance 56: 0 0 0 0 0 5 5 0 6 0 5 0 0 0 0 0 0 0 3 5 0 0 0 0 0 0 0 0 0 0 5 0 0 0 7 0 0 0 0 5 0 5 0 5 0 0
Last Time Cost: 00000003 ms
Total Time Cost: 00273038 ms
Total Distance 55: 0 0 0 0 0 5 5 0 6 0 5 0 0 0 0 0 0 0 2 5 0 0 0 0 0 0 0 0 0 0 5 0 0 0 7 0 0 0 0 5 0 5 0 5 0 0
Last Time Cost: 00000002 ms
Total Time Cost: 00273040 ms
Total Distance 54: 0 0 0 0 0 5 5 0 6 0 5 0 0 0 0 0 0 0 1 5 0 0 0 0 0 0 0 0 0 0 5 0 0 0 7 0 0 0 0 5 0 5 0 5 0 0
Last Time Cost: 00000002 ms
Total Time Cost: 00273042 ms
Total Distance 53: 0 0 0 0 0 5 5 0 6 0 5 0 0 0 0 0 0 0 0 5 0 0 0 0 0 0 0 0 0 0 5 0 0 0 7 0 0 0 0 5 0 5 0 5 0 0
Last Time Cost: 00010178 ms
Total Time Cost: 00283220 ms
Total Distance 52: 0 0 0 0 0 5 5 0 6 0 5 0 0 0 0 0 0 0 0 5 0 0 0 0 0 0 0 0 0 0 5 0 0 0 7 0 0 0 0 5 0 5 0 4 0 0
Last Time Cost: 00000003 ms
Total Time Cost: 00283223 ms
Total Distance 51: 0 0 0 0 0 5 5 0 6 0 5 0 0 0 0 0 0 0 0 5 0 0 0 0 0 0 0 0 0 0 5 0 0 0 7 0 0 0 0 5 0 5 0 3 0 0
Last Time Cost: 00000003 ms
Total Time Cost: 00283226 ms
Total Distance 50: 0 0 0 0 0 5 5 0 6 0 5 0 0 0 0 0 0 0 0 5 0 0 0 0 0 0 0 0 0 0 5 0 0 0 7 0 0 0 0 5 0 5 0 2 0 0
Last Time Cost: 00000002 ms
Total Time Cost: 00283228 ms
Total Distance 49: 0 0 0 0 0 5 5 0 6 0 5 0 0 0 0 0 0 0 0 5 0 0 0 0 0 0 0 0 0 0 5 0 0 0 7 0 0 0 0 5 0 5 0 1 0 0
Last Time Cost: 00000002 ms
Total Time Cost: 00283230 ms
Total Distance 48: 0 0 0 0 0 5 5 0 6 0 5 0 0 0 0 0 0 0 0 5 0 0 0 0 0 0 0 0 0 0 5 0 0 0 7 0 0 0 0 5 0 5 0 0 0 0
Last Time Cost: 00011441 ms
Total Time Cost: 00294671 ms
Total Distance 47: 0 0 0 0 0 5 5 0 6 0 5 0 0 0 0 0 0 0 0 5 0 0 0 0 0 0 0 0 0 0 5 0 0 0 7 0 0 0 0 5 0 4 0 0 0 0
Last Time Cost: 00000003 ms
Total Time Cost: 00294674 ms
Total Distance 46: 0 0 0 0 0 5 5 0 6 0 5 0 0 0 0 0 0 0 0 5 0 0 0 0 0 0 0 0 0 0 5 0 0 0 7 0 0 0 0 5 0 3 0 0 0 0
Last Time Cost: 00000003 ms
Total Time Cost: 00294677 ms
Total Distance 45: 0 0 0 0 0 5 5 0 6 0 5 0 0 0 0 0 0 0 0 5 0 0 0 0 0 0 0 0 0 0 5 0 0 0 7 0 0 0 0 5 0 2 0 0 0 0
Last Time Cost: 00000002 ms
Total Time Cost: 00294679 ms
Total Distance 44: 0 0 0 0 0 5 5 0 6 0 5 0 0 0 0 0 0 0 0 5 0 0 0 0 0 0 0 0 0 0 5 0 0 0 7 0 0 0 0 5 0 1 0 0 0 0
Last Time Cost: 00000002 ms
Total Time Cost: 00294681 ms
Total Distance 43: 0 0 0 0 0 5 5 0 6 0 5 0 0 0 0 0 0 0 0 5 0 0 0 0 0 0 0 0 0 0 5 0 0 0 7 0 0 0 0 5 0 0 0 0 0 0
Last Time Cost: 00013418 ms
Total Time Cost: 00308099 ms
Total Distance 42: 0 0 0 0 0 5 5 0 6 0 5 0 0 0 0 0 0 0 0 5 0 0 0 0 0 0 0 0 0 0 4 0 0 0 7 0 0 0 0 5 0 0 0 0 0 0
Last Time Cost: 00000003 ms
Total Time Cost: 00308102 ms
Total Distance 41: 0 0 0 0 0 5 5 0 6 0 5 0 0 0 0 0 0 0 0 5 0 0 0 0 0 0 0 0 0 0 3 0 0 0 7 0 0 0 0 5 0 0 0 0 0 0
Last Time Cost: 00000003 ms
Total Time Cost: 00308105 ms
Total Distance 40: 0 0 0 0 0 5 5 0 6 0 5 0 0 0 0 0 0 0 0 5 0 0 0 0 0 0 0 0 0 0 2 0 0 0 7 0 0 0 0 5 0 0 0 0 0 0
Last Time Cost: 00000003 ms
Total Time Cost: 00308108 ms
Total Distance 39: 0 0 0 0 0 5 5 0 6 0 5 0 0 0 0 0 0 0 0 5 0 0 0 0 0 0 0 0 0 0 1 0 0 0 7 0 0 0 0 5 0 0 0 0 0 0
Last Time Cost: 00000002 ms
Total Time Cost: 00308110 ms
Total Distance 38: 0 0 0 0 0 5 5 0 6 0 5 0 0 0 0 0 0 0 0 5 0 0 0 0 0 0 0 0 0 0 0 0 0 0 7 0 0 0 0 5 0 0 0 0 0 0
Last Time Cost: 00013441 ms
Total Time Cost: 00321551 ms
Total Distance 37: 0 0 0 0 0 5 5 0 6 0 5 0 0 0 0 0 0 0 0 5 0 0 0 0 0 0 0 0 0 0 0 0 0 0 7 0 0 0 0 4 0 0 0 0 0 0
Last Time Cost: 00000004 ms
Total Time Cost: 00321555 ms
Total Distance 36: 0 0 0 0 0 5 5 0 6 0 5 0 0 0 0 0 0 0 0 5 0 0 0 0 0 0 0 0 0 0 0 0 0 0 7 0 0 0 0 3 0 0 0 0 0 0
Last Time Cost: 00000003 ms
Total Time Cost: 00321558 ms
Total Distance 35: 0 0 0 0 0 5 5 0 6 0 5 0 0 0 0 0 0 0 0 5 0 0 0 0 0 0 0 0 0 0 0 0 0 0 7 0 0 0 0 2 0 0 0 0 0 0
Last Time Cost: 00000003 ms
Total Time Cost: 00321561 ms
Total Distance 34: 0 0 0 0 0 5 5 0 6 0 5 0 0 0 0 0 0 0 0 5 0 0 0 0 0 0 0 0 0 0 0 0 0 0 7 0 0 0 0 1 0 0 0 0 0 0
Last Time Cost: 00000002 ms
Total Time Cost: 00321563 ms
Total Distance 33: 0 0 0 0 0 5 5 0 6 0 5 0 0 0 0 0 0 0 0 5 0 0 0 0 0 0 0 0 0 0 0 0 0 0 7 0 0 0 0 0 0 0 0 0 0 0
Last Time Cost: 00015097 ms
Total Time Cost: 00336660 ms
Total Distance 32: 0 0 0 0 0 4 5 0 6 0 5 0 0 0 0 0 0 0 0 5 0 0 0 0 0 0 0 0 0 0 0 0 0 0 7 0 0 0 0 0 0 0 0 0 0 0
Last Time Cost: 00000004 ms
Total Time Cost: 00336664 ms
Total Distance 31: 0 0 0 0 0 3 5 0 6 0 5 0 0 0 0 0 0 0 0 5 0 0 0 0 0 0 0 0 0 0 0 0 0 0 7 0 0 0 0 0 0 0 0 0 0 0
Last Time Cost: 00000003 ms
Total Time Cost: 00336667 ms
Total Distance 30: 0 0 0 0 0 2 5 0 6 0 5 0 0 0 0 0 0 0 0 5 0 0 0 0 0 0 0 0 0 0 0 0 0 0 7 0 0 0 0 0 0 0 0 0 0 0
Last Time Cost: 00000003 ms
Total Time Cost: 00336670 ms
Total Distance 29: 0 0 0 0 0 1 5 0 6 0 5 0 0 0 0 0 0 0 0 5 0 0 0 0 0 0 0 0 0 0 0 0 0 0 7 0 0 0 0 0 0 0 0 0 0 0
Last Time Cost: 00000002 ms
Total Time Cost: 00336672 ms
Total Distance 28: 0 0 0 0 0 0 5 0 6 0 5 0 0 0 0 0 0 0 0 5 0 0 0 0 0 0 0 0 0 0 0 0 0 0 7 0 0 0 0 0 0 0 0 0 0 0
Last Time Cost: 00017999 ms
Total Time Cost: 00354671 ms
Total Distance 27: 0 0 0 0 0 0 5 0 6 0 4 0 0 0 0 0 0 0 0 5 0 0 0 0 0 0 0 0 0 0 0 0 0 0 7 0 0 0 0 0 0 0 0 0 0 0
Last Time Cost: 00000004 ms
Total Time Cost: 00354675 ms
Total Distance 26: 0 0 0 0 0 0 5 0 6 0 3 0 0 0 0 0 0 0 0 5 0 0 0 0 0 0 0 0 0 0 0 0 0 0 7 0 0 0 0 0 0 0 0 0 0 0
Last Time Cost: 00000003 ms
Total Time Cost: 00354678 ms
Total Distance 25: 0 0 0 0 0 0 5 0 6 0 2 0 0 0 0 0 0 0 0 5 0 0 0 0 0 0 0 0 0 0 0 0 0 0 7 0 0 0 0 0 0 0 0 0 0 0
Last Time Cost: 00000003 ms
Total Time Cost: 00354681 ms
Total Distance 24: 0 0 0 0 0 0 5 0 6 0 1 0 0 0 0 0 0 0 0 5 0 0 0 0 0 0 0 0 0 0 0 0 0 0 7 0 0 0 0 0 0 0 0 0 0 0
Last Time Cost: 00000002 ms
Total Time Cost: 00354683 ms
Total Distance 23: 0 0 0 0 0 0 5 0 6 0 0 0 0 0 0 0 0 0 0 5 0 0 0 0 0 0 0 0 0 0 0 0 0 0 7 0 0 0 0 0 0 0 0 0 0 0
Last Time Cost: 00018082 ms
Total Time Cost: 00372765 ms
Total Distance 22: 0 0 0 0 0 0 4 0 6 0 0 0 0 0 0 0 0 0 0 5 0 0 0 0 0 0 0 0 0 0 0 0 0 0 7 0 0 0 0 0 0 0 0 0 0 0
Last Time Cost: 00000004 ms
Total Time Cost: 00372769 ms
Total Distance 21: 0 0 0 0 0 0 3 0 6 0 0 0 0 0 0 0 0 0 0 5 0 0 0 0 0 0 0 0 0 0 0 0 0 0 7 0 0 0 0 0 0 0 0 0 0 0
Last Time Cost: 00000003 ms
Total Time Cost: 00372772 ms
Total Distance 20: 0 0 0 0 0 0 2 0 6 0 0 0 0 0 0 0 0 0 0 5 0 0 0 0 0 0 0 0 0 0 0 0 0 0 7 0 0 0 0 0 0 0 0 0 0 0
Last Time Cost: 00000003 ms
Total Time Cost: 00372775 ms
Total Distance 19: 0 0 0 0 0 0 1 0 6 0 0 0 0 0 0 0 0 0 0 5 0 0 0 0 0 0 0 0 0 0 0 0 0 0 7 0 0 0 0 0 0 0 0 0 0 0
Last Time Cost: 00000002 ms
Total Time Cost: 00372777 ms
Total Distance 18: 0 0 0 0 0 0 0 0 6 0 0 0 0 0 0 0 0 0 0 5 0 0 0 0 0 0 0 0 0 0 0 0 0 0 7 0 0 0 0 0 0 0 0 0 0 0
Last Time Cost: 00022099 ms
Total Time Cost: 00394876 ms
Total Distance 17: 0 0 0 0 0 0 0 0 6 0 0 0 0 0 0 0 0 0 0 4 0 0 0 0 0 0 0 0 0 0 0 0 0 0 7 0 0 0 0 0 0 0 0 0 0 0
Last Time Cost: 00000005 ms
Total Time Cost: 00394881 ms
Total Distance 16: 0 0 0 0 0 0 0 0 6 0 0 0 0 0 0 0 0 0 0 3 0 0 0 0 0 0 0 0 0 0 0 0 0 0 7 0 0 0 0 0 0 0 0 0 0 0
Last Time Cost: 00000004 ms
Total Time Cost: 00394885 ms
Total Distance 15: 0 0 0 0 0 0 0 0 6 0 0 0 0 0 0 0 0 0 0 2 0 0 0 0 0 0 0 0 0 0 0 0 0 0 7 0 0 0 0 0 0 0 0 0 0 0
Last Time Cost: 00000003 ms
Total Time Cost: 00394888 ms
Total Distance 14: 0 0 0 0 0 0 0 0 6 0 0 0 0 0 0 0 0 0 0 1 0 0 0 0 0 0 0 0 0 0 0 0 0 0 7 0 0 0 0 0 0 0 0 0 0 0
Last Time Cost: 00000003 ms
Total Time Cost: 00394891 ms
Total Distance 13: 0 0 0 0 0 0 0 0 6 0 0 0 0 0 0 0 0 0 0 0 0 0 0 0 0 0 0 0 0 0 0 0 0 0 7 0 0 0 0 0 0 0 0 0 0 0
Last Time Cost: 00021308 ms
Total Time Cost: 00416199 ms
Total Distance 12: 0 0 0 0 0 0 0 0 5 0 0 0 0 0 0 0 0 0 0 0 0 0 0 0 0 0 0 0 0 0 0 0 0 0 7 0 0 0 0 0 0 0 0 0 0 0
Last Time Cost: 00000045 ms
Total Time Cost: 00416244 ms
Total Distance 11: 0 0 0 0 0 0 0 0 4 0 0 0 0 0 0 0 0 0 0 0 0 0 0 0 0 0 0 0 0 0 0 0 0 0 7 0 0 0 0 0 0 0 0 0 0 0
Last Time Cost: 00000004 ms
Total Time Cost: 00416248 ms
Total Distance 10: 0 0 0 0 0 0 0 0 3 0 0 0 0 0 0 0 0 0 0 0 0 0 0 0 0 0 0 0 0 0 0 0 0 0 7 0 0 0 0 0 0 0 0 0 0 0
Last Time Cost: 00000004 ms
Total Time Cost: 00416252 ms
Total Distance 9: 0 0 0 0 0 0 0 0 2 0 0 0 0 0 0 0 0 0 0 0 0 0 0 0 0 0 0 0 0 0 0 0 0 0 7 0 0 0 0 0 0 0 0 0 0 0
Last Time Cost: 00000003 ms
Total Time Cost: 00416255 ms
Total Distance 8: 0 0 0 0 0 0 0 0 1 0 0 0 0 0 0 0 0 0 0 0 0 0 0 0 0 0 0 0 0 0 0 0 0 0 7 0 0 0 0 0 0 0 0 0 0 0
Last Time Cost: 00000003 ms
Total Time Cost: 00416258 ms
Total Distance 7: 0 0 0 0 0 0 0 0 0 0 0 0 0 0 0 0 0 0 0 0 0 0 0 0 0 0 0 0 0 0 0 0 0 0 7 0 0 0 0 0 0 0 0 0 0 0
Last Time Cost: 00024433 ms
Total Time Cost: 00440691 ms
Total Distance 6: 0 0 0 0 0 0 0 0 0 0 0 0 0 0 0 0 0 0 0 0 0 0 0 0 0 0 0 0 0 0 0 0 0 0 6 0 0 0 0 0 0 0 0 0 0 0
Last Time Cost: 00000213 ms
Total Time Cost: 00440904 ms
Total Distance 5: 0 0 0 0 0 0 0 0 0 0 0 0 0 0 0 0 0 0 0 0 0 0 0 0 0 0 0 0 0 0 0 0 0 0 5 0 0 0 0 0 0 0 0 0 0 0
Last Time Cost: 00000046 ms
Total Time Cost: 00440950 ms
Total Distance 4: 0 0 0 0 0 0 0 0 0 0 0 0 0 0 0 0 0 0 0 0 0 0 0 0 0 0 0 0 0 0 0 0 0 0 4 0 0 0 0 0 0 0 0 0 0 0
Last Time Cost: 00000001 ms
Total Time Cost: 00440951 ms
Total Distance 3: 0 0 0 0 0 0 0 0 0 0 0 0 0 0 0 0 0 0 0 0 0 0 0 0 0 0 0 0 0 0 0 0 0 0 3 0 0 0 0 0 0 0 0 0 0 0
Last Time Cost: 00000000 ms
Total Time Cost: 00440951 ms
Total Distance 2: 0 0 0 0 0 0 0 0 0 0 0 0 0 0 0 0 0 0 0 0 0 0 0 0 0 0 0 0 0 0 0 0 0 0 2 0 0 0 0 0 0 0 0 0 0 0
Last Time Cost: 00000000 ms
Total Time Cost: 00440951 ms
Total Distance 1: 0 0 0 0 0 0 0 0 0 0 0 0 0 0 0 0 0 0 0 0 0 0 0 0 0 0 0 0 0 0 0 0 0 0 1 0 0 0 0 0 0 0 0 0 0 0
Last Time Cost: 00000000 ms
Total Time Cost: 00440951 ms
Total Distance 0: 0 0 0 0 0 0 0 0 0 0 0 0 0 0 0 0 0 0 0 0 0 0 0 0 0 0 0 0 0 0 0 0 0 0 0 0 0 0 0 0 0 0 0 0 0 0
