Last Time Cost: 00000000 ms
Total Time Cost: 00000000 ms
Total Distance 414: 10 10 10 10 10 10 10 10 10 10 10 8 8 8 8 8 8 8 8 8 8 8 9 9 9 9 9 9 9 9 9 9 9 9 9 9 9 9 9 9 9 9 9 9 9 9
Last Time Cost: 00000129 ms
Total Time Cost: 00000129 ms
Total Distance 407: 10 10 10 10 9 10 10 10 10 9 10 8 7 8 8 8 7 7 8 8 8 8 9 9 9 9 9 9 9 9 9 9 9 9 9 9 9 9 8 9 9 9 9 9 9 8
Last Time Cost: 00000135 ms
Total Time Cost: 00000264 ms
Total Distance 400: 9 10 10 10 8 10 10 10 10 9 10 8 7 8 8 8 7 7 8 8 8 8 9 9 8 9 9 8 9 9 8 9 9 9 9 9 9 9 7 9 9 8 9 9 9 8
Last Time Cost: 00000133 ms
Total Time Cost: 00000397 ms
Total Distance 393: 9 10 10 10 8 10 10 10 10 9 10 8 7 8 8 8 7 7 8 8 8 8 9 9 7 9 9 8 9 9 7 9 8 9 9 9 9 9 7 9 8 7 8 8 9 8
Last Time Cost: 00000138 ms
Total Time Cost: 00000535 ms
Total Distance 387: 9 10 10 10 7 10 10 10 10 9 10 8 7 8 8 8 7 7 7 7 8 8 8 9 7 9 9 8 9 9 7 9 8 9 9 9 9 9 7 8 8 7 8 8 9 7
Last Time Cost: 00000146 ms
Total Time Cost: 00000681 ms
Total Distance 381: 9 10 10 10 7 9 10 10 10 9 10 8 7 8 8 8 6 6 6 7 8 8 8 9 7 9 9 8 9 8 7 9 8 9 8 9 9 9 7 8 8 7 8 8 9 7
Last Time Cost: 00000154 ms
Total Time Cost: 00000835 ms
Total Distance 375: 9 9 10 10 7 9 10 10 9 9 10 8 7 8 8 8 6 6 5 7 7 7 8 9 7 9 9 8 9 7 7 9 8 9 8 9 9 9 7 8 8 7 8 8 9 7
Last Time Cost: 00000168 ms
Total Time Cost: 00001003 ms
Total Distance 369: 8 9 10 10 7 9 9 10 8 9 10 8 7 8 8 8 6 6 5 7 7 7 7 8 7 9 9 8 9 7 6 9 8 9 8 9 9 9 7 8 8 7 8 8 9 7
Last Time Cost: 00000168 ms
Total Time Cost: 00001171 ms
Total Distance 363: 8 9 9 9 7 9 9 10 8 8 10 8 7 7 8 8 6 6 5 7 7 7 7 8 7 9 9 8 9 7 6 8 8 9 8 9 9 9 7 8 7 7 8 8 9 7
Last Time Cost: 00000168 ms
Total Time Cost: 00001339 ms
Total Distance 358: 8 9 9 8 7 9 8 10 8 8 10 8 7 7 8 8 6 6 5 7 7 7 7 8 7 9 9 8 9 7 6 8 8 9 7 8 9 9 6 8 7 7 8 8 9 7
Last Time Cost: 00000155 ms
Total Time Cost: 00001494 ms
Total Distance 353: 8 9 9 8 7 9 8 10 8 7 10 8 7 7 8 8 6 6 5 7 7 7 7 8 7 9 9 8 9 7 6 8 8 8 7 8 9 8 6 8 7 7 7 7 9 7
Last Time Cost: 00000149 ms
Total Time Cost: 00001643 ms
Total Distance 348: 8 9 9 8 7 9 7 9 8 7 10 8 7 6 8 8 6 6 5 7 7 7 7 8 7 9 9 8 9 7 6 8 8 8 7 7 8 8 6 8 7 7 7 7 9 7
Last Time Cost: 00000149 ms
Total Time Cost: 00001792 ms
Total Distance 344: 8 9 9 8 7 9 7 9 8 7 10 8 7 6 8 8 6 6 5 6 7 7 7 8 6 9 9 7 9 7 6 8 8 8 7 7 7 8 6 8 7 7 7 7 9 7
Last Time Cost: 00000165 ms
Total Time Cost: 00001957 ms
Total Distance 340: 8 9 9 8 7 9 7 9 8 7 10 8 7 6 8 8 6 6 5 6 7 6 7 8 6 9 9 7 9 7 6 7 8 8 7 7 7 8 6 8 7 7 6 7 8 7
Last Time Cost: 00000165 ms
Total Time Cost: 00002122 ms
Total Distance 336: 8 9 9 8 7 9 7 9 8 7 10 8 7 6 8 8 6 6 5 6 7 6 7 8 6 9 9 7 8 7 6 7 8 8 7 7 7 7 6 8 6 7 5 7 8 7
Last Time Cost: 00000166 ms
Total Time Cost: 00002288 ms
Total Distance 332: 8 9 9 7 7 8 7 9 8 7 10 8 7 5 8 8 6 6 5 6 7 6 7 8 6 9 9 7 8 7 6 7 8 8 7 7 7 7 6 7 6 7 5 7 8 7
Last Time Cost: 00000164 ms
Total Time Cost: 00002452 ms
Total Distance 328: 8 9 9 7 6 8 7 9 8 6 10 8 7 5 8 8 6 6 5 6 7 6 7 8 6 9 8 7 8 7 6 7 8 8 7 7 7 7 5 7 6 7 5 7 8 7
Last Time Cost: 00000159 ms
Total Time Cost: 00002611 ms
Total Distance 324: 8 8 9 7 6 7 7 9 8 6 10 8 7 5 8 8 6 6 5 6 7 6 6 8 6 9 8 7 8 7 6 7 8 8 7 7 7 7 4 7 6 7 5 7 8 7
Last Time Cost: 00000151 ms
Total Time Cost: 00002762 ms
Total Distance 320: 7 8 9 7 6 6 7 9 8 6 10 8 7 5 8 8 6 6 5 6 7 6 6 7 6 9 8 7 8 7 6 7 8 8 7 7 7 7 4 7 6 7 5 6 8 7
Last Time Cost: 00000165 ms
Total Time Cost: 00002927 ms
Total Distance 316: 7 7 9 7 6 6 7 9 8 6 10 8 6 5 8 7 6 6 5 6 7 6 6 7 6 9 8 7 8 7 6 7 8 8 7 7 7 7 4 7 6 7 5 6 7 7
Last Time Cost: 00000177 ms
Total Time Cost: 00003104 ms
Total Distance 312: 7 7 9 7 6 6 7 8 8 6 10 8 5 5 8 7 6 6 5 6 7 6 5 7 6 8 8 7 8 7 6 7 8 8 7 7 7 7 4 7 6 7 5 6 7 7
Last Time Cost: 00000131 ms
Total Time Cost: 00003235 ms
Total Distance 308: 7 6 8 7 6 6 7 8 8 6 10 8 5 5 8 7 6 6 5 6 7 6 5 7 6 8 8 7 8 7 6 7 8 8 7 7 7 7 4 6 6 7 5 6 7 6
Last Time Cost: 00000103 ms
Total Time Cost: 00003338 ms
Total Distance 304: 7 5 8 7 6 6 7 7 8 6 10 8 5 5 7 7 6 6 5 6 7 6 5 7 6 8 8 7 8 7 6 7 7 8 7 7 7 7 4 6 6 7 5 6 7 6
Last Time Cost: 00000116 ms
Total Time Cost: 00003454 ms
Total Distance 301: 7 5 8 7 6 6 7 7 8 5 10 8 5 5 7 7 6 6 5 6 7 6 5 7 6 8 7 7 8 7 6 7 7 8 7 7 7 7 3 6 6 7 5 6 7 6
Last Time Cost: 00000122 ms
Total Time Cost: 00003576 ms
Total Distance 298: 7 5 8 6 6 6 7 7 8 4 10 8 5 5 7 7 6 6 5 6 7 6 5 7 6 8 7 7 8 7 6 7 7 8 7 7 7 7 3 6 5 7 5 6 7 6
Last Time Cost: 00000131 ms
Total Time Cost: 00003707 ms
Total Distance 295: 7 5 8 6 6 6 7 7 8 4 10 8 5 5 7 7 6 6 5 6 7 6 5 7 5 8 7 7 8 7 5 7 7 8 7 7 7 7 3 6 5 6 5 6 7 6
Last Time Cost: 00000140 ms
Total Time Cost: 00003847 ms
Total Distance 292: 7 5 8 6 6 5 6 7 8 4 10 8 5 5 7 7 6 6 5 6 7 6 5 7 5 8 7 7 8 7 4 7 7 8 7 7 7 7 3 6 5 6 5 6 7 6
Last Time Cost: 00000147 ms
Total Time Cost: 00003994 ms
Total Distance 289: 7 5 8 6 6 5 5 7 7 4 10 8 5 5 7 7 6 6 5 6 7 6 5 7 5 8 7 7 8 7 3 7 7 8 7 7 7 7 3 6 5 6 5 6 7 6
Last Time Cost: 00000162 ms
Total Time Cost: 00004156 ms
Total Distance 286: 7 5 8 6 6 5 4 7 7 4 10 8 5 5 7 7 6 6 5 6 7 6 5 7 5 8 7 7 8 7 3 7 7 8 7 7 6 7 3 6 5 6 4 6 7 6
Last Time Cost: 00000179 ms
Total Time Cost: 00004335 ms
Total Distance 283: 7 5 8 6 6 5 4 7 7 4 10 8 5 5 7 7 6 6 4 6 7 6 5 6 5 8 6 7 8 7 3 7 7 8 7 7 6 7 3 6 5 6 4 6 7 6
Last Time Cost: 00000181 ms
Total Time Cost: 00004516 ms
Total Distance 280: 6 5 8 6 6 5 4 7 6 4 10 8 5 5 7 7 6 6 4 6 7 6 5 6 4 8 6 7 8 7 3 7 7 8 7 7 6 7 3 6 5 6 4 6 7 6
Last Time Cost: 00000183 ms
Total Time Cost: 00004699 ms
Total Distance 277: 6 5 8 6 6 5 4 7 6 4 10 8 5 5 7 7 6 6 3 6 6 6 5 6 4 8 6 7 8 7 3 7 7 8 7 7 6 7 3 6 5 5 4 6 7 6
Last Time Cost: 00000198 ms
Total Time Cost: 00004897 ms
Total Distance 274: 6 5 8 6 6 5 4 7 6 4 10 8 5 5 7 6 6 6 3 6 6 6 5 6 4 8 6 7 8 6 3 7 7 8 7 7 6 7 3 6 5 5 4 6 7 5
Last Time Cost: 00000208 ms
Total Time Cost: 00005105 ms
Total Distance 271: 6 5 8 6 6 5 4 6 6 4 10 8 5 5 7 6 6 6 3 6 6 6 5 6 4 7 6 7 8 6 3 7 7 8 7 7 6 7 3 6 4 5 4 6 7 5
Last Time Cost: 00000219 ms
Total Time Cost: 00005324 ms
Total Distance 268: 6 5 8 6 6 5 4 5 6 4 10 8 5 5 6 6 6 6 3 6 6 6 5 6 4 7 6 7 8 6 3 7 6 8 7 7 6 7 3 6 4 5 4 6 7 5
Last Time Cost: 00000224 ms
Total Time Cost: 00005548 ms
Total Distance 265: 6 5 7 6 6 5 4 5 6 4 10 8 5 5 6 5 6 6 3 6 6 6 5 6 4 7 6 7 8 6 3 7 6 8 6 7 6 7 3 6 4 5 4 6 7 5
Last Time Cost: 00000227 ms
Total Time Cost: 00005775 ms
Total Distance 262: 6 5 7 6 6 5 4 5 6 4 10 7 5 5 6 5 6 5 3 6 6 6 5 6 4 7 6 6 8 6 3 7 6 8 6 7 6 7 3 6 4 5 4 6 7 5
Last Time Cost: 00000231 ms
Total Time Cost: 00006006 ms
Total Distance 259: 6 5 7 6 6 5 4 5 6 4 10 6 5 5 6 5 6 5 3 6 6 6 5 6 4 7 6 6 8 6 3 7 6 8 5 7 6 6 3 6 4 5 4 6 7 5
Last Time Cost: 00000242 ms
Total Time Cost: 00006248 ms
Total Distance 256: 6 5 7 6 6 5 4 5 6 4 10 6 5 5 6 5 6 5 3 6 6 6 5 6 4 6 5 6 8 6 3 7 6 7 5 7 6 6 3 6 4 5 4 6 7 5
Last Time Cost: 00000265 ms
Total Time Cost: 00006513 ms
Total Distance 253: 6 5 7 6 6 5 4 5 6 4 9 6 5 4 6 5 6 5 3 6 6 6 5 6 4 6 5 6 8 6 3 7 6 7 5 7 5 6 3 6 4 5 4 6 7 5
Last Time Cost: 00000222 ms
Total Time Cost: 00006735 ms
Total Distance 250: 6 5 7 6 6 5 4 5 6 4 8 6 5 4 6 5 6 5 3 6 6 6 5 6 4 6 5 6 8 6 3 7 5 6 5 7 5 6 3 6 4 5 4 6 7 5
Last Time Cost: 00000054 ms
Total Time Cost: 00006789 ms
Total Distance 248: 6 5 7 6 6 5 4 5 6 4 8 6 5 4 6 5 5 5 3 6 6 6 5 6 4 6 5 6 8 6 2 7 5 6 5 7 5 6 3 6 4 5 4 6 7 5
Last Time Cost: 00000058 ms
Total Time Cost: 00006847 ms
Total Distance 246: 6 5 7 6 6 5 4 5 6 4 8 6 5 4 6 5 5 5 3 6 6 6 5 6 4 6 5 6 8 6 1 7 5 6 5 7 5 6 3 6 4 5 4 6 6 5
Last Time Cost: 00000002 ms
Total Time Cost: 00006849 ms
Total Distance 245: 6 5 7 6 6 5 4 5 6 4 8 6 5 4 6 5 5 5 3 6 6 6 5 6 4 6 5 6 8 6 0 7 5 6 5 7 5 6 3 6 4 5 4 6 6 5
Last Time Cost: 00000056 ms
Total Time Cost: 00006905 ms
Total Distance 243: 6 5 7 6 6 5 4 5 5 4 8 6 5 3 6 5 5 5 3 6 6 6 5 6 4 6 5 6 8 6 0 7 5 6 5 7 5 6 3 6 4 5 4 6 6 5
Last Time Cost: 00000060 ms
Total Time Cost: 00006965 ms
Total Distance 241: 6 5 7 6 6 5 4 5 5 4 8 6 5 3 6 5 4 5 3 6 6 6 5 6 4 6 5 6 8 6 0 7 5 6 5 7 5 6 3 6 4 5 4 6 6 4
Last Time Cost: 00000063 ms
Total Time Cost: 00007028 ms
Total Distance 239: 6 5 7 6 6 5 4 5 5 4 8 6 5 3 6 4 4 5 3 6 6 6 5 6 4 6 4 6 8 6 0 7 5 6 5 7 5 6 3 6 4 5 4 6 6 4
Last Time Cost: 00000066 ms
Total Time Cost: 00007094 ms
Total Distance 237: 6 4 7 6 6 5 4 5 5 4 8 6 5 3 6 3 4 5 3 6 6 6 5 6 4 6 4 6 8 6 0 7 5 6 5 7 5 6 3 6 4 5 4 6 6 4
Last Time Cost: 00000071 ms
Total Time Cost: 00007165 ms
Total Distance 235: 6 3 7 6 6 5 4 5 5 4 8 6 5 3 6 3 4 5 3 6 6 6 5 6 4 6 4 6 8 6 0 7 5 6 5 7 5 6 3 5 4 5 4 6 6 4
Last Time Cost: 00000076 ms
Total Time Cost: 00007241 ms
Total Distance 233: 6 2 7 6 6 5 4 5 5 4 8 6 5 3 6 3 4 5 3 6 6 6 5 6 4 6 4 6 8 5 0 7 5 6 5 7 5 6 3 5 4 5 4 6 6 4
Last Time Cost: 00000080 ms
Total Time Cost: 00007321 ms
Total Distance 231: 6 2 7 6 6 5 4 5 5 4 8 6 5 3 6 3 3 5 3 6 6 6 5 6 4 6 4 6 8 4 0 7 5 6 5 7 5 6 3 5 4 5 4 6 6 4
Last Time Cost: 00000085 ms
Total Time Cost: 00007406 ms
Total Distance 229: 6 2 7 6 6 5 4 5 5 4 8 6 5 3 6 3 3 5 3 6 6 6 5 6 3 6 4 6 8 4 0 7 5 6 5 7 5 6 3 5 4 5 4 5 6 4
Last Time Cost: 00000089 ms
Total Time Cost: 00007495 ms
Total Distance 227: 6 2 7 6 6 5 4 5 5 4 8 6 5 3 6 3 3 5 3 5 6 6 5 6 2 6 4 6 8 4 0 7 5 6 5 7 5 6 3 5 4 5 4 5 6 4
Last Time Cost: 00000093 ms
Total Time Cost: 00007588 ms
Total Distance 225: 6 2 7 6 6 5 4 5 5 4 8 6 5 3 6 3 3 5 3 5 6 6 5 6 2 6 4 6 8 4 0 7 5 6 5 7 5 5 3 5 4 5 3 5 6 4
Last Time Cost: 00000097 ms
Total Time Cost: 00007685 ms
Total Distance 223: 6 2 7 6 6 4 4 5 5 4 8 6 5 3 6 3 3 5 3 5 6 6 5 6 2 6 4 6 8 4 0 7 5 6 5 7 5 5 3 5 4 5 3 4 6 4
Last Time Cost: 00000102 ms
Total Time Cost: 00007787 ms
Total Distance 221: 6 2 7 6 6 4 4 5 5 4 8 6 5 3 6 3 3 5 3 5 6 6 5 6 2 6 4 6 8 4 0 7 5 5 5 7 5 5 3 5 4 5 3 3 6 4
Last Time Cost: 00000107 ms
Total Time Cost: 00007894 ms
Total Distance 219: 6 2 7 6 6 4 4 5 5 4 8 6 5 3 6 3 3 5 3 5 6 6 5 6 2 6 4 5 8 4 0 7 5 5 5 7 5 5 3 5 4 5 3 2 6 4
Last Time Cost: 00000112 ms
Total Time Cost: 00008006 ms
Total Distance 217: 6 2 7 6 6 4 4 5 4 4 8 6 5 3 6 3 3 5 3 5 6 6 5 6 2 6 4 5 8 4 0 7 5 5 5 7 5 5 3 4 4 5 3 2 6 4
Last Time Cost: 00000118 ms
Total Time Cost: 00008124 ms
Total Distance 215: 6 2 7 6 6 4 4 5 3 4 8 6 5 3 6 3 3 5 3 5 6 6 5 6 2 6 4 5 8 4 0 7 5 5 5 7 5 5 3 4 4 5 3 2 5 4
Last Time Cost: 00000123 ms
Total Time Cost: 00008247 ms
Total Distance 213: 6 2 7 6 6 4 4 5 3 4 8 6 5 3 6 3 3 5 3 5 6 6 5 6 2 6 4 5 8 4 0 7 5 4 5 7 5 4 3 4 4 5 3 2 5 4
Last Time Cost: 00000130 ms
Total Time Cost: 00008377 ms
Total Distance 211: 6 2 7 6 6 4 4 5 3 4 8 6 5 3 6 3 3 4 3 5 6 6 5 6 2 6 4 4 8 4 0 7 5 4 5 7 5 4 3 4 4 5 3 2 5 4
Last Time Cost: 00000138 ms
Total Time Cost: 00008515 ms
Total Distance 209: 6 2 7 5 6 4 4 5 3 4 8 6 5 3 6 3 3 4 3 5 6 6 5 6 2 6 4 4 8 4 0 7 5 4 5 7 5 4 3 4 3 5 3 2 5 4
Last Time Cost: 00000142 ms
Total Time Cost: 00008657 ms
Total Distance 207: 6 2 7 5 6 4 4 5 3 4 8 6 4 3 6 3 3 4 3 5 6 6 5 6 2 6 4 4 8 4 0 7 4 4 5 7 5 4 3 4 3 5 3 2 5 4
Last Time Cost: 00000148 ms
Total Time Cost: 00008805 ms
Total Distance 205: 5 2 7 5 6 4 4 5 3 4 8 6 4 3 6 3 3 4 3 5 6 6 5 6 2 6 4 4 8 4 0 7 4 4 5 7 5 4 3 4 3 4 3 2 5 4
Last Time Cost: 00000155 ms
Total Time Cost: 00008960 ms
Total Distance 203: 4 2 7 5 6 4 4 5 3 4 8 6 4 3 6 3 3 4 3 5 6 6 5 6 2 6 4 4 8 4 0 7 4 4 5 7 5 4 3 4 3 3 3 2 5 4
Last Time Cost: 00000163 ms
Total Time Cost: 00009123 ms
Total Distance 201: 3 2 7 5 6 4 4 5 3 4 8 6 4 3 6 3 3 4 3 5 6 6 5 5 2 6 4 4 8 4 0 7 4 4 5 7 5 4 3 4 3 3 3 2 5 4
Last Time Cost: 00000171 ms
Total Time Cost: 00009294 ms
Total Distance 199: 3 2 7 5 6 4 4 5 3 4 8 5 4 3 6 3 3 4 3 5 6 6 5 5 2 6 4 4 8 4 0 7 4 4 5 7 4 4 3 4 3 3 3 2 5 4
Last Time Cost: 00000176 ms
Total Time Cost: 00009470 ms
Total Distance 197: 3 2 7 5 6 4 4 4 3 4 8 5 4 3 6 3 3 4 3 5 6 6 5 5 2 5 4 4 8 4 0 7 4 4 5 7 4 4 3 4 3 3 3 2 5 4
Last Time Cost: 00000188 ms
Total Time Cost: 00009658 ms
Total Distance 195: 3 2 7 5 6 4 4 4 3 4 8 5 4 2 6 3 3 4 3 5 6 6 5 5 2 5 4 4 7 4 0 7 4 4 5 7 4 4 3 4 3 3 3 2 5 4
Last Time Cost: 00000184 ms
Total Time Cost: 00009842 ms
Total Distance 193: 3 2 7 5 6 4 4 4 3 4 8 5 4 2 6 3 3 4 3 5 6 6 5 5 2 5 3 4 6 4 0 7 4 4 5 7 4 4 3 4 3 3 3 2 5 4
Last Time Cost: 00000157 ms
Total Time Cost: 00009999 ms
Total Distance 191: 3 2 7 5 6 4 4 4 3 4 8 4 4 2 6 3 3 4 3 5 6 6 5 5 2 5 3 4 6 4 0 7 4 4 5 6 4 4 3 4 3 3 3 2 5 4
Last Time Cost: 00000129 ms
Total Time Cost: 00010128 ms
Total Distance 189: 3 2 7 5 6 4 4 4 3 4 8 4 4 2 6 3 3 4 3 5 6 6 5 5 2 5 3 4 6 4 0 7 4 4 4 5 4 4 3 4 3 3 3 2 5 4
Last Time Cost: 00000137 ms
Total Time Cost: 00010265 ms
Total Distance 187: 3 2 7 5 5 4 4 4 3 4 8 4 4 2 6 3 3 4 3 5 6 6 5 5 2 5 3 4 6 4 0 7 4 4 4 4 4 4 3 4 3 3 3 2 5 4
Last Time Cost: 00000145 ms
Total Time Cost: 00010410 ms
Total Distance 185: 3 2 6 5 5 4 4 4 3 4 8 4 4 2 6 3 3 4 3 5 6 6 5 5 2 5 3 4 6 4 0 7 4 4 3 4 4 4 3 4 3 3 3 2 5 4
Last Time Cost: 00000111 ms
Total Time Cost: 00010521 ms
Total Distance 183: 3 2 6 5 5 4 4 4 3 4 8 4 4 2 6 3 3 4 3 4 6 6 5 5 2 5 3 4 6 4 0 7 4 4 3 4 4 4 3 4 3 3 3 2 5 3
Last Time Cost: 00000117 ms
Total Time Cost: 00010638 ms
Total Distance 181: 3 2 6 5 5 4 4 4 3 4 8 4 4 2 6 3 3 4 3 4 6 6 4 5 2 4 3 4 6 4 0 7 4 4 3 4 4 4 3 4 3 3 3 2 5 3
Last Time Cost: 00000121 ms
Total Time Cost: 00010759 ms
Total Distance 179: 3 2 6 5 4 4 4 4 3 4 8 4 4 2 6 3 3 4 3 4 6 6 4 5 2 4 3 4 6 4 0 7 4 4 3 4 4 4 2 4 3 3 3 2 5 3
Last Time Cost: 00000126 ms
Total Time Cost: 00010885 ms
Total Distance 177: 3 2 6 5 3 4 4 4 3 4 8 4 4 2 5 3 3 4 3 4 6 6 4 5 2 4 3 4 6 4 0 7 4 4 3 4 4 4 2 4 3 3 3 2 5 3
Last Time Cost: 00000128 ms
Total Time Cost: 00011013 ms
Total Distance 175: 3 2 6 5 3 4 4 4 3 4 8 4 4 2 5 3 3 4 3 4 6 6 4 4 2 4 3 4 6 4 0 6 4 4 3 4 4 4 2 4 3 3 3 2 5 3
Last Time Cost: 00000081 ms
Total Time Cost: 00011094 ms
Total Distance 173: 3 2 6 5 3 4 4 4 3 4 7 4 4 2 5 3 3 4 3 4 6 6 4 4 2 4 3 4 6 4 0 6 4 4 3 4 3 4 2 4 3 3 3 2 5 3
Last Time Cost: 00000066 ms
Total Time Cost: 00011160 ms
Total Distance 171: 3 2 6 5 3 4 4 4 3 4 6 4 4 2 5 3 3 4 3 4 6 6 4 4 2 4 3 4 6 4 0 6 4 4 3 4 3 3 2 4 3 3 3 2 5 3
Last Time Cost: 00000013 ms
Total Time Cost: 00011173 ms
Total Distance 169: 3 2 6 5 3 4 4 4 3 4 6 4 4 2 4 3 3 4 3 4 6 5 4 4 2 4 3 4 6 4 0 6 4 4 3 4 3 3 2 4 3 3 3 2 5 3
Last Time Cost: 00000012 ms
Total Time Cost: 00011185 ms
Total Distance 167: 3 2 6 5 3 4 4 4 3 4 5 4 4 2 4 3 3 4 3 4 5 5 4 4 2 4 3 4 6 4 0 6 4 4 3 4 3 3 2 4 3 3 3 2 5 3
Last Time Cost: 00000011 ms
Total Time Cost: 00011196 ms
Total Distance 166: 3 2 6 5 3 4 4 4 3 4 5 4 4 2 4 3 3 4 3 4 5 5 4 4 1 4 3 4 6 4 0 6 4 4 3 4 3 3 2 4 3 3 3 2 5 3
Last Time Cost: 00000001 ms
Total Time Cost: 00011197 ms
Total Distance 165: 3 2 6 5 3 4 4 4 3 4 5 4 4 2 4 3 3 4 3 4 5 5 4 4 0 4 3 4 6 4 0 6 4 4 3 4 3 3 2 4 3 3 3 2 5 3
Last Time Cost: 00000012 ms
Total Time Cost: 00011209 ms
Total Distance 164: 3 2 6 5 3 4 4 4 3 4 5 4 4 2 4 3 3 4 3 4 5 5 4 4 0 4 3 4 6 4 0 6 4 4 3 4 3 3 2 4 3 3 3 1 5 3
Last Time Cost: 00000001 ms
Total Time Cost: 00011210 ms
Total Distance 163: 3 2 6 5 3 4 4 4 3 4 5 4 4 2 4 3 3 4 3 4 5 5 4 4 0 4 3 4 6 4 0 6 4 4 3 4 3 3 2 4 3 3 3 0 5 3
Last Time Cost: 00000013 ms
Total Time Cost: 00011223 ms
Total Distance 162: 3 1 6 5 3 4 4 4 3 4 5 4 4 2 4 3 3 4 3 4 5 5 4 4 0 4 3 4 6 4 0 6 4 4 3 4 3 3 2 4 3 3 3 0 5 3
Last Time Cost: 00000001 ms
Total Time Cost: 00011224 ms
Total Distance 161: 3 0 6 5 3 4 4 4 3 4 5 4 4 2 4 3 3 4 3 4 5 5 4 4 0 4 3 4 6 4 0 6 4 4 3 4 3 3 2 4 3 3 3 0 5 3
Last Time Cost: 00000013 ms
Total Time Cost: 00011237 ms
Total Distance 160: 3 0 6 5 3 4 4 4 3 4 5 4 4 1 4 3 3 4 3 4 5 5 4 4 0 4 3 4 6 4 0 6 4 4 3 4 3 3 2 4 3 3 3 0 5 3
Last Time Cost: 00000001 ms
Total Time Cost: 00011238 ms
Total Distance 159: 3 0 6 5 3 4 4 4 3 4 5 4 4 0 4 3 3 4 3 4 5 5 4 4 0 4 3 4 6 4 0 6 4 4 3 4 3 3 2 4 3 3 3 0 5 3
Last Time Cost: 00000014 ms
Total Time Cost: 00011252 ms
Total Distance 158: 3 0 6 5 3 4 4 4 3 4 5 4 4 0 4 3 3 4 3 4 5 5 4 4 0 4 3 4 6 4 0 6 4 4 3 4 3 3 1 4 3 3 3 0 5 3
Last Time Cost: 00000001 ms
Total Time Cost: 00011253 ms
Total Distance 157: 3 0 6 5 3 4 4 4 3 4 5 4 4 0 4 3 3 4 3 4 5 5 4 4 0 4 3 4 6 4 0 6 4 4 3 4 3 3 0 4 3 3 3 0 5 3
Last Time Cost: 00000015 ms
Total Time Cost: 00011268 ms
Total Distance 156: 3 0 6 5 3 4 4 4 3 4 5 4 4 0 4 3 3 4 3 4 5 5 4 4 0 4 3 4 6 4 0 6 4 4 3 4 3 3 0 4 3 3 2 0 5 3
Last Time Cost: 00000001 ms
Total Time Cost: 00011269 ms
Total Distance 155: 3 0 6 5 3 4 4 4 3 4 5 4 4 0 4 3 3 4 3 4 5 5 4 4 0 4 3 4 6 4 0 6 4 4 3 4 3 3 0 4 3 3 1 0 5 3
Last Time Cost: 00000001 ms
Total Time Cost: 00011270 ms
Total Distance 154: 3 0 6 5 3 4 4 4 3 4 5 4 4 0 4 3 3 4 3 4 5 5 4 4 0 4 3 4 6 4 0 6 4 4 3 4 3 3 0 4 3 3 0 0 5 3
Last Time Cost: 00000016 ms
Total Time Cost: 00011286 ms
Total Distance 153: 3 0 6 5 3 4 4 4 3 4 5 4 4 0 4 3 2 4 3 4 5 5 4 4 0 4 3 4 6 4 0 6 4 4 3 4 3 3 0 4 3 3 0 0 5 3
Last Time Cost: 00000001 ms
Total Time Cost: 00011287 ms
Total Distance 152: 3 0 6 5 3 4 4 4 3 4 5 4 4 0 4 3 1 4 3 4 5 5 4 4 0 4 3 4 6 4 0 6 4 4 3 4 3 3 0 4 3 3 0 0 5 3
Last Time Cost: 00000001 ms
Total Time Cost: 00011288 ms
Total Distance 151: 3 0 6 5 3 4 4 4 3 4 5 4 4 0 4 3 0 4 3 4 5 5 4 4 0 4 3 4 6 4 0 6 4 4 3 4 3 3 0 4 3 3 0 0 5 3
Last Time Cost: 00000018 ms
Total Time Cost: 00011306 ms
Total Distance 149: 3 0 6 5 3 4 4 4 3 4 5 4 4 0 4 3 0 4 3 4 5 4 4 4 0 4 3 4 6 3 0 6 4 4 3 4 3 3 0 4 3 3 0 0 5 3
Last Time Cost: 00000016 ms
Total Time Cost: 00011322 ms
Total Distance 148: 3 0 6 5 3 4 4 4 3 4 5 4 4 0 4 3 0 4 3 4 5 4 4 4 0 4 3 4 6 3 0 6 4 4 3 4 3 2 0 4 3 3 0 0 5 3
Last Time Cost: 00000001 ms
Total Time Cost: 00011323 ms
Total Distance 147: 3 0 6 5 3 4 4 4 3 4 5 4 4 0 4 3 0 4 3 4 5 4 4 4 0 4 3 4 6 3 0 6 4 4 3 4 3 1 0 4 3 3 0 0 5 3
Last Time Cost: 00000001 ms
Total Time Cost: 00011324 ms
Total Distance 146: 3 0 6 5 3 4 4 4 3 4 5 4 4 0 4 3 0 4 3 4 5 4 4 4 0 4 3 4 6 3 0 6 4 4 3 4 3 0 0 4 3 3 0 0 5 3
Last Time Cost: 00000018 ms
Total Time Cost: 00011342 ms
Total Distance 145: 2 0 6 5 3 4 4 4 3 4 5 4 4 0 4 3 0 4 3 4 5 4 4 4 0 4 3 4 6 3 0 6 4 4 3 4 3 0 0 4 3 3 0 0 5 3
Last Time Cost: 00000001 ms
Total Time Cost: 00011343 ms
Total Distance 144: 1 0 6 5 3 4 4 4 3 4 5 4 4 0 4 3 0 4 3 4 5 4 4 4 0 4 3 4 6 3 0 6 4 4 3 4 3 0 0 4 3 3 0 0 5 3
Last Time Cost: 00000001 ms
Total Time Cost: 00011344 ms
Total Distance 143: 0 0 6 5 3 4 4 4 3 4 5 4 4 0 4 3 0 4 3 4 5 4 4 4 0 4 3 4 6 3 0 6 4 4 3 4 3 0 0 4 3 3 0 0 5 3
Last Time Cost: 00000019 ms
Total Time Cost: 00011363 ms
Total Distance 142: 0 0 6 5 3 4 4 4 3 4 5 4 4 0 4 3 0 4 3 4 5 4 4 4 0 4 3 4 6 3 0 6 4 4 3 4 2 0 0 4 3 3 0 0 5 3
Last Time Cost: 00000001 ms
Total Time Cost: 00011364 ms
Total Distance 141: 0 0 6 5 3 4 4 4 3 4 5 4 4 0 4 3 0 4 3 4 5 4 4 4 0 4 3 4 6 3 0 6 4 4 3 4 1 0 0 4 3 3 0 0 5 3
Last Time Cost: 00000001 ms
Total Time Cost: 00011365 ms
Total Distance 140: 0 0 6 5 3 4 4 4 3 4 5 4 4 0 4 3 0 4 3 4 5 4 4 4 0 4 3 4 6 3 0 6 4 4 3 4 0 0 0 4 3 3 0 0 5 3
Last Time Cost: 00000020 ms
Total Time Cost: 00011385 ms
Total Distance 139: 0 0 6 5 2 4 4 4 3 4 5 4 4 0 4 3 0 4 3 4 5 4 4 4 0 4 3 4 6 3 0 6 4 4 3 4 0 0 0 4 3 3 0 0 5 3
Last Time Cost: 00000001 ms
Total Time Cost: 00011386 ms
Total Distance 138: 0 0 6 5 1 4 4 4 3 4 5 4 4 0 4 3 0 4 3 4 5 4 4 4 0 4 3 4 6 3 0 6 4 4 3 4 0 0 0 4 3 3 0 0 5 3
Last Time Cost: 00000001 ms
Total Time Cost: 00011387 ms
Total Distance 137: 0 0 6 5 0 4 4 4 3 4 5 4 4 0 4 3 0 4 3 4 5 4 4 4 0 4 3 4 6 3 0 6 4 4 3 4 0 0 0 4 3 3 0 0 5 3
Last Time Cost: 00000022 ms
Total Time Cost: 00011409 ms
Total Distance 136: 0 0 6 5 0 4 4 4 3 4 5 4 4 0 4 2 0 4 3 4 5 4 4 4 0 4 3 4 6 3 0 6 4 4 3 4 0 0 0 4 3 3 0 0 5 3
Last Time Cost: 00000002 ms
Total Time Cost: 00011411 ms
Total Distance 135: 0 0 6 5 0 4 4 4 3 4 5 4 4 0 4 1 0 4 3 4 5 4 4 4 0 4 3 4 6 3 0 6 4 4 3 4 0 0 0 4 3 3 0 0 5 3
Last Time Cost: 00000001 ms
Total Time Cost: 00011412 ms
Total Distance 134: 0 0 6 5 0 4 4 4 3 4 5 4 4 0 4 0 0 4 3 4 5 4 4 4 0 4 3 4 6 3 0 6 4 4 3 4 0 0 0 4 3 3 0 0 5 3
Last Time Cost: 00000024 ms
Total Time Cost: 00011436 ms
Total Distance 132: 0 0 6 4 0 4 4 4 3 4 5 4 4 0 4 0 0 4 3 4 5 4 4 4 0 4 3 4 6 3 0 6 4 4 3 4 0 0 0 4 2 3 0 0 5 3
Last Time Cost: 00000022 ms
Total Time Cost: 00011458 ms
Total Distance 131: 0 0 6 4 0 4 4 4 3 4 5 4 4 0 4 0 0 4 3 4 5 4 4 4 0 4 3 4 6 3 0 6 4 4 3 4 0 0 0 4 1 3 0 0 5 3
Last Time Cost: 00000001 ms
Total Time Cost: 00011459 ms
Total Distance 130: 0 0 6 4 0 4 4 4 3 4 5 4 4 0 4 0 0 4 3 4 5 4 4 4 0 4 3 4 6 3 0 6 4 4 3 4 0 0 0 4 0 3 0 0 5 3
Last Time Cost: 00000023 ms
Total Time Cost: 00011482 ms
Total Distance 129: 0 0 6 4 0 4 4 4 3 4 5 4 4 0 4 0 0 4 3 4 5 4 4 4 0 4 2 4 6 3 0 6 4 4 3 4 0 0 0 4 0 3 0 0 5 3
Last Time Cost: 00000001 ms
Total Time Cost: 00011483 ms
Total Distance 128: 0 0 6 4 0 4 4 4 3 4 5 4 4 0 4 0 0 4 3 4 5 4 4 4 0 4 1 4 6 3 0 6 4 4 3 4 0 0 0 4 0 3 0 0 5 3
Last Time Cost: 00000001 ms
Total Time Cost: 00011484 ms
Total Distance 127: 0 0 6 4 0 4 4 4 3 4 5 4 4 0 4 0 0 4 3 4 5 4 4 4 0 4 0 4 6 3 0 6 4 4 3 4 0 0 0 4 0 3 0 0 5 3
Last Time Cost: 00000025 ms
Total Time Cost: 00011509 ms
Total Distance 126: 0 0 6 4 0 4 4 4 3 4 5 4 4 0 4 0 0 4 3 4 5 4 4 4 0 4 0 4 6 2 0 6 4 4 3 4 0 0 0 4 0 3 0 0 5 3
Last Time Cost: 00000001 ms
Total Time Cost: 00011510 ms
Total Distance 125: 0 0 6 4 0 4 4 4 3 4 5 4 4 0 4 0 0 4 3 4 5 4 4 4 0 4 0 4 6 1 0 6 4 4 3 4 0 0 0 4 0 3 0 0 5 3
Last Time Cost: 00000001 ms
Total Time Cost: 00011511 ms
Total Distance 124: 0 0 6 4 0 4 4 4 3 4 5 4 4 0 4 0 0 4 3 4 5 4 4 4 0 4 0 4 6 0 0 6 4 4 3 4 0 0 0 4 0 3 0 0 5 3
Last Time Cost: 00000027 ms
Total Time Cost: 00011538 ms
Total Distance 123: 0 0 6 4 0 4 4 4 3 4 5 4 4 0 4 0 0 4 3 4 5 4 4 4 0 4 0 4 6 0 0 6 4 4 3 4 0 0 0 4 0 2 0 0 5 3
Last Time Cost: 00000001 ms
Total Time Cost: 00011539 ms
Total Distance 122: 0 0 6 4 0 4 4 4 3 4 5 4 4 0 4 0 0 4 3 4 5 4 4 4 0 4 0 4 6 0 0 6 4 4 3 4 0 0 0 4 0 1 0 0 5 3
Last Time Cost: 00000001 ms
Total Time Cost: 00011540 ms
Total Distance 121: 0 0 6 4 0 4 4 4 3 4 5 4 4 0 4 0 0 4 3 4 5 4 4 4 0 4 0 4 6 0 0 6 4 4 3 4 0 0 0 4 0 0 0 0 5 3
Last Time Cost: 00000030 ms
Total Time Cost: 00011570 ms
Total Distance 120: 0 0 6 4 0 4 4 4 3 4 5 4 4 0 4 0 0 4 3 4 5 4 4 4 0 4 0 4 6 0 0 6 4 4 2 4 0 0 0 4 0 0 0 0 5 3
Last Time Cost: 00000001 ms
Total Time Cost: 00011571 ms
Total Distance 119: 0 0 6 4 0 4 4 4 3 4 5 4 4 0 4 0 0 4 3 4 5 4 4 4 0 4 0 4 6 0 0 6 4 4 1 4 0 0 0 4 0 0 0 0 5 3
Last Time Cost: 00000001 ms
Total Time Cost: 00011572 ms
Total Distance 118: 0 0 6 4 0 4 4 4 3 4 5 4 4 0 4 0 0 4 3 4 5 4 4 4 0 4 0 4 6 0 0 6 4 4 0 4 0 0 0 4 0 0 0 0 5 3
Last Time Cost: 00000031 ms
Total Time Cost: 00011603 ms
Total Distance 116: 0 0 5 4 0 4 4 4 3 4 5 4 3 0 4 0 0 4 3 4 5 4 4 4 0 4 0 4 6 0 0 6 4 4 0 4 0 0 0 4 0 0 0 0 5 3
Last Time Cost: 00000031 ms
Total Time Cost: 00011634 ms
Total Distance 115: 0 0 5 4 0 4 4 4 3 4 5 4 2 0 4 0 0 4 3 4 5 4 4 4 0 4 0 4 6 0 0 6 4 4 0 4 0 0 0 4 0 0 0 0 5 3
Last Time Cost: 00000001 ms
Total Time Cost: 00011635 ms
Total Distance 114: 0 0 5 4 0 4 4 4 3 4 5 4 1 0 4 0 0 4 3 4 5 4 4 4 0 4 0 4 6 0 0 6 4 4 0 4 0 0 0 4 0 0 0 0 5 3
Last Time Cost: 00000001 ms
Total Time Cost: 00011636 ms
Total Distance 113: 0 0 5 4 0 4 4 4 3 4 5 4 0 0 4 0 0 4 3 4 5 4 4 4 0 4 0 4 6 0 0 6 4 4 0 4 0 0 0 4 0 0 0 0 5 3
Last Time Cost: 00000033 ms
Total Time Cost: 00011669 ms
Total Distance 112: 0 0 5 4 0 4 4 4 2 4 5 4 0 0 4 0 0 4 3 4 5 4 4 4 0 4 0 4 6 0 0 6 4 4 0 4 0 0 0 4 0 0 0 0 5 3
Last Time Cost: 00000001 ms
Total Time Cost: 00011670 ms
Total Distance 111: 0 0 5 4 0 4 4 4 1 4 5 4 0 0 4 0 0 4 3 4 5 4 4 4 0 4 0 4 6 0 0 6 4 4 0 4 0 0 0 4 0 0 0 0 5 3
Last Time Cost: 00000001 ms
Total Time Cost: 00011671 ms
Total Distance 110: 0 0 5 4 0 4 4 4 0 4 5 4 0 0 4 0 0 4 3 4 5 4 4 4 0 4 0 4 6 0 0 6 4 4 0 4 0 0 0 4 0 0 0 0 5 3
Last Time Cost: 00000036 ms
Total Time Cost: 00011707 ms
Total Distance 109: 0 0 5 4 0 4 4 4 0 4 5 4 0 0 4 0 0 4 3 4 5 4 4 4 0 4 0 4 6 0 0 6 4 4 0 4 0 0 0 4 0 0 0 0 5 2
Last Time Cost: 00000001 ms
Total Time Cost: 00011708 ms
Total Distance 108: 0 0 5 4 0 4 4 4 0 4 5 4 0 0 4 0 0 4 3 4 5 4 4 4 0 4 0 4 6 0 0 6 4 4 0 4 0 0 0 4 0 0 0 0 5 1
Last Time Cost: 00000001 ms
Total Time Cost: 00011709 ms
Total Distance 107: 0 0 5 4 0 4 4 4 0 4 5 4 0 0 4 0 0 4 3 4 5 4 4 4 0 4 0 4 6 0 0 6 4 4 0 4 0 0 0 4 0 0 0 0 5 0
Last Time Cost: 00000039 ms
Total Time Cost: 00011748 ms
Total Distance 106: 0 0 5 4 0 4 4 4 0 4 5 4 0 0 4 0 0 4 2 4 5 4 4 4 0 4 0 4 6 0 0 6 4 4 0 4 0 0 0 4 0 0 0 0 5 0
Last Time Cost: 00000001 ms
Total Time Cost: 00011749 ms
Total Distance 105: 0 0 5 4 0 4 4 4 0 4 5 4 0 0 4 0 0 4 1 4 5 4 4 4 0 4 0 4 6 0 0 6 4 4 0 4 0 0 0 4 0 0 0 0 5 0
Last Time Cost: 00000001 ms
Total Time Cost: 00011750 ms
Total Distance 104: 0 0 5 4 0 4 4 4 0 4 5 4 0 0 4 0 0 4 0 4 5 4 4 4 0 4 0 4 6 0 0 6 4 4 0 4 0 0 0 4 0 0 0 0 5 0
Last Time Cost: 00000042 ms
Total Time Cost: 00011792 ms
Total Distance 103: 0 0 5 3 0 4 4 4 0 4 5 4 0 0 4 0 0 4 0 4 5 4 4 4 0 4 0 4 6 0 0 6 4 4 0 4 0 0 0 4 0 0 0 0 5 0
Last Time Cost: 00000001 ms
Total Time Cost: 00011793 ms
Total Distance 102: 0 0 5 2 0 4 4 4 0 4 5 4 0 0 4 0 0 4 0 4 5 4 4 4 0 4 0 4 6 0 0 6 4 4 0 4 0 0 0 4 0 0 0 0 5 0
Last Time Cost: 00000001 ms
Total Time Cost: 00011794 ms
Total Distance 101: 0 0 5 1 0 4 4 4 0 4 5 4 0 0 4 0 0 4 0 4 5 4 4 4 0 4 0 4 6 0 0 6 4 4 0 4 0 0 0 4 0 0 0 0 5 0
Last Time Cost: 00000001 ms
Total Time Cost: 00011795 ms
Total Distance 100: 0 0 5 0 0 4 4 4 0 4 5 4 0 0 4 0 0 4 0 4 5 4 4 4 0 4 0 4 6 0 0 6 4 4 0 4 0 0 0 4 0 0 0 0 5 0
Last Time Cost: 00000045 ms
Total Time Cost: 00011840 ms
Total Distance 99: 0 0 5 0 0 4 4 4 0 3 5 4 0 0 4 0 0 4 0 4 5 4 4 4 0 4 0 4 6 0 0 6 4 4 0 4 0 0 0 4 0 0 0 0 5 0
Last Time Cost: 00000001 ms
Total Time Cost: 00011841 ms
Total Distance 98: 0 0 5 0 0 4 4 4 0 2 5 4 0 0 4 0 0 4 0 4 5 4 4 4 0 4 0 4 6 0 0 6 4 4 0 4 0 0 0 4 0 0 0 0 5 0
Last Time Cost: 00000001 ms
Total Time Cost: 00011842 ms
Total Distance 97: 0 0 5 0 0 4 4 4 0 1 5 4 0 0 4 0 0 4 0 4 5 4 4 4 0 4 0 4 6 0 0 6 4 4 0 4 0 0 0 4 0 0 0 0 5 0
Last Time Cost: 00000001 ms
Total Time Cost: 00011843 ms
Total Distance 96: 0 0 5 0 0 4 4 4 0 0 5 4 0 0 4 0 0 4 0 4 5 4 4 4 0 4 0 4 6 0 0 6 4 4 0 4 0 0 0 4 0 0 0 0 5 0
Last Time Cost: 00000051 ms
Total Time Cost: 00011894 ms
Total Distance 95: 0 0 5 0 0 4 4 4 0 0 5 4 0 0 4 0 0 4 0 4 5 4 4 4 0 3 0 4 6 0 0 6 4 4 0 4 0 0 0 4 0 0 0 0 5 0
Last Time Cost: 00000001 ms
Total Time Cost: 00011895 ms
Total Distance 94: 0 0 5 0 0 4 4 4 0 0 5 4 0 0 4 0 0 4 0 4 5 4 4 4 0 2 0 4 6 0 0 6 4 4 0 4 0 0 0 4 0 0 0 0 5 0
Last Time Cost: 00000001 ms
Total Time Cost: 00011896 ms
Total Distance 93: 0 0 5 0 0 4 4 4 0 0 5 4 0 0 4 0 0 4 0 4 5 4 4 4 0 1 0 4 6 0 0 6 4 4 0 4 0 0 0 4 0 0 0 0 5 0
Last Time Cost: 00000001 ms
Total Time Cost: 00011897 ms
Total Distance 92: 0 0 5 0 0 4 4 4 0 0 5 4 0 0 4 0 0 4 0 4 5 4 4 4 0 0 0 4 6 0 0 6 4 4 0 4 0 0 0 4 0 0 0 0 5 0
Last Time Cost: 00000058 ms
Total Time Cost: 00011955 ms
Total Distance 91: 0 0 5 0 0 4 4 4 0 0 5 4 0 0 4 0 0 4 0 4 5 4 4 3 0 0 0 4 6 0 0 6 4 4 0 4 0 0 0 4 0 0 0 0 5 0
Last Time Cost: 00000001 ms
Total Time Cost: 00011956 ms
Total Distance 90: 0 0 5 0 0 4 4 4 0 0 5 4 0 0 4 0 0 4 0 4 5 4 4 2 0 0 0 4 6 0 0 6 4 4 0 4 0 0 0 4 0 0 0 0 5 0
Last Time Cost: 00000001 ms
Total Time Cost: 00011957 ms
Total Distance 89: 0 0 5 0 0 4 4 4 0 0 5 4 0 0 4 0 0 4 0 4 5 4 4 1 0 0 0 4 6 0 0 6 4 4 0 4 0 0 0 4 0 0 0 0 5 0
Last Time Cost: 00000001 ms
Total Time Cost: 00011958 ms
Total Distance 88: 0 0 5 0 0 4 4 4 0 0 5 4 0 0 4 0 0 4 0 4 5 4 4 0 0 0 0 4 6 0 0 6 4 4 0 4 0 0 0 4 0 0 0 0 5 0
Last Time Cost: 00000064 ms
Total Time Cost: 00012022 ms
Total Distance 87: 0 0 5 0 0 4 4 4 0 0 5 4 0 0 4 0 0 4 0 4 5 4 4 0 0 0 0 4 6 0 0 6 3 4 0 4 0 0 0 4 0 0 0 0 5 0
Last Time Cost: 00000001 ms
Total Time Cost: 00012023 ms
Total Distance 86: 0 0 5 0 0 4 4 4 0 0 5 4 0 0 4 0 0 4 0 4 5 4 4 0 0 0 0 4 6 0 0 6 2 4 0 4 0 0 0 4 0 0 0 0 5 0
Last Time Cost: 00000001 ms
Total Time Cost: 00012024 ms
Total Distance 85: 0 0 5 0 0 4 4 4 0 0 5 4 0 0 4 0 0 4 0 4 5 4 4 0 0 0 0 4 6 0 0 6 1 4 0 4 0 0 0 4 0 0 0 0 5 0
Last Time Cost: 00000001 ms
Total Time Cost: 00012025 ms
Total Distance 84: 0 0 5 0 0 4 4 4 0 0 5 4 0 0 4 0 0 4 0 4 5 4 4 0 0 0 0 4 6 0 0 6 0 4 0 4 0 0 0 4 0 0 0 0 5 0
Last Time Cost: 00000069 ms
Total Time Cost: 00012094 ms
Total Distance 83: 0 0 5 0 0 4 4 4 0 0 5 4 0 0 4 0 0 4 0 4 5 4 3 0 0 0 0 4 6 0 0 6 0 4 0 4 0 0 0 4 0 0 0 0 5 0
Last Time Cost: 00000001 ms
Total Time Cost: 00012095 ms
Total Distance 82: 0 0 5 0 0 4 4 4 0 0 5 4 0 0 4 0 0 4 0 4 5 4 2 0 0 0 0 4 6 0 0 6 0 4 0 4 0 0 0 4 0 0 0 0 5 0
Last Time Cost: 00000001 ms
Total Time Cost: 00012096 ms
Total Distance 81: 0 0 5 0 0 4 4 4 0 0 5 4 0 0 4 0 0 4 0 4 5 4 1 0 0 0 0 4 6 0 0 6 0 4 0 4 0 0 0 4 0 0 0 0 5 0
Last Time Cost: 00000001 ms
Total Time Cost: 00012097 ms
Total Distance 80: 0 0 5 0 0 4 4 4 0 0 5 4 0 0 4 0 0 4 0 4 5 4 0 0 0 0 0 4 6 0 0 6 0 4 0 4 0 0 0 4 0 0 0 0 5 0
Last Time Cost: 00000076 ms
Total Time Cost: 00012173 ms
Total Distance 79: 0 0 5 0 0 4 4 4 0 0 5 3 0 0 4 0 0 4 0 4 5 4 0 0 0 0 0 4 6 0 0 6 0 4 0 4 0 0 0 4 0 0 0 0 5 0
Last Time Cost: 00000001 ms
Total Time Cost: 00012174 ms
Total Distance 78: 0 0 5 0 0 4 4 4 0 0 5 2 0 0 4 0 0 4 0 4 5 4 0 0 0 0 0 4 6 0 0 6 0 4 0 4 0 0 0 4 0 0 0 0 5 0
Last Time Cost: 00000001 ms
Total Time Cost: 00012175 ms
Total Distance 77: 0 0 5 0 0 4 4 4 0 0 5 1 0 0 4 0 0 4 0 4 5 4 0 0 0 0 0 4 6 0 0 6 0 4 0 4 0 0 0 4 0 0 0 0 5 0
Last Time Cost: 00000001 ms
Total Time Cost: 00012176 ms
Total Distance 76: 0 0 5 0 0 4 4 4 0 0 5 0 0 0 4 0 0 4 0 4 5 4 0 0 0 0 0 4 6 0 0 6 0 4 0 4 0 0 0 4 0 0 0 0 5 0
Last Time Cost: 00000084 ms
Total Time Cost: 00012260 ms
Total Distance 75: 0 0 5 0 0 4 4 3 0 0 5 0 0 0 4 0 0 4 0 4 5 4 0 0 0 0 0 4 6 0 0 6 0 4 0 4 0 0 0 4 0 0 0 0 5 0
Last Time Cost: 00000001 ms
Total Time Cost: 00012261 ms
Total Distance 74: 0 0 5 0 0 4 4 2 0 0 5 0 0 0 4 0 0 4 0 4 5 4 0 0 0 0 0 4 6 0 0 6 0 4 0 4 0 0 0 4 0 0 0 0 5 0
Last Time Cost: 00000001 ms
Total Time Cost: 00012262 ms
Total Distance 73: 0 0 5 0 0 4 4 1 0 0 5 0 0 0 4 0 0 4 0 4 5 4 0 0 0 0 0 4 6 0 0 6 0 4 0 4 0 0 0 4 0 0 0 0 5 0
Last Time Cost: 00000001 ms
Total Time Cost: 00012263 ms
Total Distance 72: 0 0 5 0 0 4 4 0 0 0 5 0 0 0 4 0 0 4 0 4 5 4 0 0 0 0 0 4 6 0 0 6 0 4 0 4 0 0 0 4 0 0 0 0 5 0
Last Time Cost: 00000091 ms
Total Time Cost: 00012354 ms
Total Distance 71: 0 0 5 0 0 4 4 0 0 0 5 0 0 0 4 0 0 4 0 3 5 4 0 0 0 0 0 4 6 0 0 6 0 4 0 4 0 0 0 4 0 0 0 0 5 0
Last Time Cost: 00000001 ms
Total Time Cost: 00012355 ms
Total Distance 69: 0 0 5 0 0 4 4 0 0 0 5 0 0 0 4 0 0 4 0 2 5 4 0 0 0 0 0 4 6 0 0 5 0 4 0 4 0 0 0 4 0 0 0 0 5 0
Last Time Cost: 00000072 ms
Total Time Cost: 00012427 ms
Total Distance 67: 0 0 5 0 0 4 4 0 0 0 5 0 0 0 4 0 0 4 0 2 5 4 0 0 0 0 0 4 6 0 0 4 0 3 0 4 0 0 0 4 0 0 0 0 5 0
Last Time Cost: 00000064 ms
Total Time Cost: 00012491 ms
Total Distance 66: 0 0 5 0 0 4 4 0 0 0 5 0 0 0 4 0 0 4 0 1 5 4 0 0 0 0 0 4 6 0 0 4 0 3 0 4 0 0 0 4 0 0 0 0 5 0
Last Time Cost: 00000001 ms
Total Time Cost: 00012492 ms
Total Distance 65: 0 0 5 0 0 4 4 0 0 0 5 0 0 0 4 0 0 4 0 0 5 4 0 0 0 0 0 4 6 0 0 4 0 3 0 4 0 0 0 4 0 0 0 0 5 0
Last Time Cost: 00000066 ms
Total Time Cost: 00012558 ms
Total Distance 64: 0 0 5 0 0 4 4 0 0 0 5 0 0 0 4 0 0 4 0 0 5 4 0 0 0 0 0 4 6 0 0 4 0 2 0 4 0 0 0 4 0 0 0 0 5 0
Last Time Cost: 00000001 ms
Total Time Cost: 00012559 ms
Total Distance 63: 0 0 5 0 0 4 4 0 0 0 5 0 0 0 4 0 0 4 0 0 5 4 0 0 0 0 0 4 6 0 0 4 0 1 0 4 0 0 0 4 0 0 0 0 5 0
Last Time Cost: 00000001 ms
Total Time Cost: 00012560 ms
Total Distance 62: 0 0 5 0 0 4 4 0 0 0 5 0 0 0 4 0 0 4 0 0 5 4 0 0 0 0 0 4 6 0 0 4 0 0 0 4 0 0 0 4 0 0 0 0 5 0
Last Time Cost: 00000070 ms
Total Time Cost: 00012630 ms
Total Distance 61: 0 0 5 0 0 3 4 0 0 0 5 0 0 0 4 0 0 4 0 0 5 4 0 0 0 0 0 4 6 0 0 4 0 0 0 4 0 0 0 4 0 0 0 0 5 0
Last Time Cost: 00000002 ms
Total Time Cost: 00012632 ms
Total Distance 60: 0 0 5 0 0 2 4 0 0 0 5 0 0 0 4 0 0 4 0 0 5 4 0 0 0 0 0 4 6 0 0 4 0 0 0 4 0 0 0 4 0 0 0 0 5 0
Last Time Cost: 00000002 ms
Total Time Cost: 00012634 ms
Total Distance 59: 0 0 5 0 0 1 4 0 0 0 5 0 0 0 4 0 0 4 0 0 5 4 0 0 0 0 0 4 6 0 0 4 0 0 0 4 0 0 0 4 0 0 0 0 5 0
Last Time Cost: 00000001 ms
Total Time Cost: 00012635 ms
Total Distance 58: 0 0 5 0 0 0 4 0 0 0 5 0 0 0 4 0 0 4 0 0 5 4 0 0 0 0 0 4 6 0 0 4 0 0 0 4 0 0 0 4 0 0 0 0 5 0
Last Time Cost: 00000075 ms
Total Time Cost: 00012710 ms
Total Distance 57: 0 0 5 0 0 0 4 0 0 0 5 0 0 0 4 0 0 4 0 0 5 4 0 0 0 0 0 4 6 0 0 3 0 0 0 4 0 0 0 4 0 0 0 0 5 0
Last Time Cost: 00000002 ms
Total Time Cost: 00012712 ms
Total Distance 56: 0 0 5 0 0 0 4 0 0 0 5 0 0 0 4 0 0 4 0 0 5 4 0 0 0 0 0 4 6 0 0 2 0 0 0 4 0 0 0 4 0 0 0 0 5 0
Last Time Cost: 00000002 ms
Total Time Cost: 00012714 ms
Total Distance 55: 0 0 5 0 0 0 4 0 0 0 5 0 0 0 4 0 0 4 0 0 5 4 0 0 0 0 0 4 6 0 0 1 0 0 0 4 0 0 0 4 0 0 0 0 5 0
Last Time Cost: 00000001 ms
Total Time Cost: 00012715 ms
Total Distance 54: 0 0 5 0 0 0 4 0 0 0 5 0 0 0 4 0 0 4 0 0 5 4 0 0 0 0 0 4 6 0 0 0 0 0 0 4 0 0 0 4 0 0 0 0 5 0
Last Time Cost: 00000083 ms
Total Time Cost: 00012798 ms
Total Distance 53: 0 0 5 0 0 0 4 0 0 0 5 0 0 0 4 0 0 4 0 0 5 4 0 0 0 0 0 3 6 0 0 0 0 0 0 4 0 0 0 4 0 0 0 0 5 0
Last Time Cost: 00000002 ms
Total Time Cost: 00012800 ms
Total Distance 52: 0 0 5 0 0 0 4 0 0 0 5 0 0 0 4 0 0 4 0 0 5 4 0 0 0 0 0 2 6 0 0 0 0 0 0 4 0 0 0 4 0 0 0 0 5 0
Last Time Cost: 00000002 ms
Total Time Cost: 00012802 ms
Total Distance 51: 0 0 5 0 0 0 4 0 0 0 5 0 0 0 4 0 0 4 0 0 5 4 0 0 0 0 0 1 6 0 0 0 0 0 0 4 0 0 0 4 0 0 0 0 5 0
Last Time Cost: 00000001 ms
Total Time Cost: 00012803 ms
Total Distance 50: 0 0 5 0 0 0 4 0 0 0 5 0 0 0 4 0 0 4 0 0 5 4 0 0 0 0 0 0 6 0 0 0 0 0 0 4 0 0 0 4 0 0 0 0 5 0
Last Time Cost: 00000086 ms
Total Time Cost: 00012889 ms
Total Distance 49: 0 0 5 0 0 0 4 0 0 0 5 0 0 0 3 0 0 4 0 0 5 4 0 0 0 0 0 0 6 0 0 0 0 0 0 4 0 0 0 4 0 0 0 0 5 0
Last Time Cost: 00000002 ms
Total Time Cost: 00012891 ms
Total Distance 48: 0 0 5 0 0 0 4 0 0 0 5 0 0 0 2 0 0 4 0 0 5 4 0 0 0 0 0 0 6 0 0 0 0 0 0 4 0 0 0 4 0 0 0 0 5 0
Last Time Cost: 00000002 ms
Total Time Cost: 00012893 ms
Total Distance 47: 0 0 5 0 0 0 4 0 0 0 5 0 0 0 1 0 0 4 0 0 5 4 0 0 0 0 0 0 6 0 0 0 0 0 0 4 0 0 0 4 0 0 0 0 5 0
Last Time Cost: 00000001 ms
Total Time Cost: 00012894 ms
Total Distance 46: 0 0 5 0 0 0 4 0 0 0 5 0 0 0 0 0 0 4 0 0 5 4 0 0 0 0 0 0 6 0 0 0 0 0 0 4 0 0 0 4 0 0 0 0 5 0
Last Time Cost: 00000096 ms
Total Time Cost: 00012990 ms
Total Distance 45: 0 0 5 0 0 0 4 0 0 0 5 0 0 0 0 0 0 4 0 0 5 4 0 0 0 0 0 0 6 0 0 0 0 0 0 3 0 0 0 4 0 0 0 0 5 0
Last Time Cost: 00000002 ms
Total Time Cost: 00012992 ms
Total Distance 44: 0 0 5 0 0 0 4 0 0 0 5 0 0 0 0 0 0 4 0 0 5 4 0 0 0 0 0 0 6 0 0 0 0 0 0 2 0 0 0 4 0 0 0 0 5 0
Last Time Cost: 00000002 ms
Total Time Cost: 00012994 ms
Total Distance 43: 0 0 5 0 0 0 4 0 0 0 5 0 0 0 0 0 0 4 0 0 5 4 0 0 0 0 0 0 6 0 0 0 0 0 0 1 0 0 0 4 0 0 0 0 5 0
Last Time Cost: 00000001 ms
Total Time Cost: 00012995 ms
Total Distance 42: 0 0 5 0 0 0 4 0 0 0 5 0 0 0 0 0 0 4 0 0 5 4 0 0 0 0 0 0 6 0 0 0 0 0 0 0 0 0 0 4 0 0 0 0 5 0
Last Time Cost: 00000107 ms
Total Time Cost: 00013102 ms
Total Distance 41: 0 0 5 0 0 0 4 0 0 0 5 0 0 0 0 0 0 3 0 0 5 4 0 0 0 0 0 0 6 0 0 0 0 0 0 0 0 0 0 4 0 0 0 0 5 0
Last Time Cost: 00000002 ms
Total Time Cost: 00013104 ms
Total Distance 40: 0 0 5 0 0 0 4 0 0 0 5 0 0 0 0 0 0 2 0 0 5 4 0 0 0 0 0 0 6 0 0 0 0 0 0 0 0 0 0 4 0 0 0 0 5 0
Last Time Cost: 00000002 ms
Total Time Cost: 00013106 ms
Total Distance 39: 0 0 5 0 0 0 4 0 0 0 5 0 0 0 0 0 0 1 0 0 5 4 0 0 0 0 0 0 6 0 0 0 0 0 0 0 0 0 0 4 0 0 0 0 5 0
Last Time Cost: 00000001 ms
Total Time Cost: 00013107 ms
Total Distance 38: 0 0 5 0 0 0 4 0 0 0 5 0 0 0 0 0 0 0 0 0 5 4 0 0 0 0 0 0 6 0 0 0 0 0 0 0 0 0 0 4 0 0 0 0 5 0
Last Time Cost: 00000110 ms
Total Time Cost: 00013217 ms
Total Distance 37: 0 0 5 0 0 0 4 0 0 0 5 0 0 0 0 0 0 0 0 0 5 4 0 0 0 0 0 0 6 0 0 0 0 0 0 0 0 0 0 3 0 0 0 0 5 0
Last Time Cost: 00000002 ms
Total Time Cost: 00013219 ms
Total Distance 36: 0 0 5 0 0 0 4 0 0 0 5 0 0 0 0 0 0 0 0 0 5 4 0 0 0 0 0 0 6 0 0 0 0 0 0 0 0 0 0 2 0 0 0 0 5 0
Last Time Cost: 00000002 ms
Total Time Cost: 00013221 ms
Total Distance 35: 0 0 5 0 0 0 4 0 0 0 5 0 0 0 0 0 0 0 0 0 5 4 0 0 0 0 0 0 6 0 0 0 0 0 0 0 0 0 0 1 0 0 0 0 5 0
Last Time Cost: 00000002 ms
Total Time Cost: 00013223 ms
Total Distance 34: 0 0 5 0 0 0 4 0 0 0 5 0 0 0 0 0 0 0 0 0 5 4 0 0 0 0 0 0 6 0 0 0 0 0 0 0 0 0 0 0 0 0 0 0 5 0
Last Time Cost: 00000116 ms
Total Time Cost: 00013339 ms
Total Distance 33: 0 0 5 0 0 0 3 0 0 0 5 0 0 0 0 0 0 0 0 0 5 4 0 0 0 0 0 0 6 0 0 0 0 0 0 0 0 0 0 0 0 0 0 0 5 0
Last Time Cost: 00000002 ms
Total Time Cost: 00013341 ms
Total Distance 32: 0 0 5 0 0 0 2 0 0 0 5 0 0 0 0 0 0 0 0 0 5 4 0 0 0 0 0 0 6 0 0 0 0 0 0 0 0 0 0 0 0 0 0 0 5 0
Last Time Cost: 00000002 ms
Total Time Cost: 00013343 ms
Total Distance 31: 0 0 5 0 0 0 1 0 0 0 5 0 0 0 0 0 0 0 0 0 5 4 0 0 0 0 0 0 6 0 0 0 0 0 0 0 0 0 0 0 0 0 0 0 5 0
Last Time Cost: 00000002 ms
Total Time Cost: 00013345 ms
Total Distance 30: 0 0 5 0 0 0 0 0 0 0 5 0 0 0 0 0 0 0 0 0 5 4 0 0 0 0 0 0 6 0 0 0 0 0 0 0 0 0 0 0 0 0 0 0 5 0
Last Time Cost: 00000127 ms
Total Time Cost: 00013472 ms
Total Distance 29: 0 0 5 0 0 0 0 0 0 0 5 0 0 0 0 0 0 0 0 0 5 3 0 0 0 0 0 0 6 0 0 0 0 0 0 0 0 0 0 0 0 0 0 0 5 0
Last Time Cost: 00000002 ms
Total Time Cost: 00013474 ms
Total Distance 28: 0 0 5 0 0 0 0 0 0 0 5 0 0 0 0 0 0 0 0 0 5 2 0 0 0 0 0 0 6 0 0 0 0 0 0 0 0 0 0 0 0 0 0 0 5 0
Last Time Cost: 00000002 ms
Total Time Cost: 00013476 ms
Total Distance 27: 0 0 5 0 0 0 0 0 0 0 5 0 0 0 0 0 0 0 0 0 5 1 0 0 0 0 0 0 6 0 0 0 0 0 0 0 0 0 0 0 0 0 0 0 5 0
Last Time Cost: 00000002 ms
Total Time Cost: 00013478 ms
Total Distance 26: 0 0 5 0 0 0 0 0 0 0 5 0 0 0 0 0 0 0 0 0 5 0 0 0 0 0 0 0 6 0 0 0 0 0 0 0 0 0 0 0 0 0 0 0 5 0
Last Time Cost: 00000143 ms
Total Time Cost: 00013621 ms
Total Distance 25: 0 0 5 0 0 0 0 0 0 0 5 0 0 0 0 0 0 0 0 0 5 0 0 0 0 0 0 0 6 0 0 0 0 0 0 0 0 0 0 0 0 0 0 0 4 0
Last Time Cost: 00000002 ms
Total Time Cost: 00013623 ms
Total Distance 24: 0 0 5 0 0 0 0 0 0 0 5 0 0 0 0 0 0 0 0 0 5 0 0 0 0 0 0 0 6 0 0 0 0 0 0 0 0 0 0 0 0 0 0 0 3 0
Last Time Cost: 00000002 ms
Total Time Cost: 00013625 ms
Total Distance 23: 0 0 5 0 0 0 0 0 0 0 5 0 0 0 0 0 0 0 0 0 5 0 0 0 0 0 0 0 6 0 0 0 0 0 0 0 0 0 0 0 0 0 0 0 2 0
Last Time Cost: 00000002 ms
Total Time Cost: 00013627 ms
Total Distance 22: 0 0 5 0 0 0 0 0 0 0 5 0 0 0 0 0 0 0 0 0 5 0 0 0 0 0 0 0 6 0 0 0 0 0 0 0 0 0 0 0 0 0 0 0 1 0
Last Time Cost: 00000002 ms
Total Time Cost: 00013629 ms
Total Distance 21: 0 0 5 0 0 0 0 0 0 0 5 0 0 0 0 0 0 0 0 0 5 0 0 0 0 0 0 0 6 0 0 0 0 0 0 0 0 0 0 0 0 0 0 0 0 0
Last Time Cost: 00000133 ms
Total Time Cost: 00013762 ms
Total Distance 20: 0 0 5 0 0 0 0 0 0 0 5 0 0 0 0 0 0 0 0 0 4 0 0 0 0 0 0 0 6 0 0 0 0 0 0 0 0 0 0 0 0 0 0 0 0 0
Last Time Cost: 00000002 ms
Total Time Cost: 00013764 ms
Total Distance 19: 0 0 5 0 0 0 0 0 0 0 5 0 0 0 0 0 0 0 0 0 3 0 0 0 0 0 0 0 6 0 0 0 0 0 0 0 0 0 0 0 0 0 0 0 0 0
Last Time Cost: 00000002 ms
Total Time Cost: 00013766 ms
Total Distance 18: 0 0 5 0 0 0 0 0 0 0 5 0 0 0 0 0 0 0 0 0 2 0 0 0 0 0 0 0 6 0 0 0 0 0 0 0 0 0 0 0 0 0 0 0 0 0
Last Time Cost: 00000002 ms
Total Time Cost: 00013768 ms
Total Distance 17: 0 0 5 0 0 0 0 0 0 0 5 0 0 0 0 0 0 0 0 0 1 0 0 0 0 0 0 0 6 0 0 0 0 0 0 0 0 0 0 0 0 0 0 0 0 0
Last Time Cost: 00000002 ms
Total Time Cost: 00013770 ms
Total Distance 16: 0 0 5 0 0 0 0 0 0 0 5 0 0 0 0 0 0 0 0 0 0 0 0 0 0 0 0 0 6 0 0 0 0 0 0 0 0 0 0 0 0 0 0 0 0 0
Last Time Cost: 00000111 ms
Total Time Cost: 00013881 ms
Total Distance 15: 0 0 4 0 0 0 0 0 0 0 5 0 0 0 0 0 0 0 0 0 0 0 0 0 0 0 0 0 6 0 0 0 0 0 0 0 0 0 0 0 0 0 0 0 0 0
Last Time Cost: 00000002 ms
Total Time Cost: 00013883 ms
Total Distance 14: 0 0 3 0 0 0 0 0 0 0 5 0 0 0 0 0 0 0 0 0 0 0 0 0 0 0 0 0 6 0 0 0 0 0 0 0 0 0 0 0 0 0 0 0 0 0
Last Time Cost: 00000002 ms
Total Time Cost: 00013885 ms
Total Distance 13: 0 0 2 0 0 0 0 0 0 0 5 0 0 0 0 0 0 0 0 0 0 0 0 0 0 0 0 0 6 0 0 0 0 0 0 0 0 0 0 0 0 0 0 0 0 0
Last Time Cost: 00000002 ms
Total Time Cost: 00013887 ms
Total Distance 12: 0 0 1 0 0 0 0 0 0 0 5 0 0 0 0 0 0 0 0 0 0 0 0 0 0 0 0 0 6 0 0 0 0 0 0 0 0 0 0 0 0 0 0 0 0 0
Last Time Cost: 00000002 ms
Total Time Cost: 00013889 ms
Total Distance 11: 0 0 0 0 0 0 0 0 0 0 5 0 0 0 0 0 0 0 0 0 0 0 0 0 0 0 0 0 6 0 0 0 0 0 0 0 0 0 0 0 0 0 0 0 0 0
Last Time Cost: 00000099 ms
Total Time Cost: 00013988 ms
Total Distance 10: 0 0 0 0 0 0 0 0 0 0 4 0 0 0 0 0 0 0 0 0 0 0 0 0 0 0 0 0 6 0 0 0 0 0 0 0 0 0 0 0 0 0 0 0 0 0
Last Time Cost: 00000002 ms
Total Time Cost: 00013990 ms
Total Distance 9: 0 0 0 0 0 0 0 0 0 0 3 0 0 0 0 0 0 0 0 0 0 0 0 0 0 0 0 0 6 0 0 0 0 0 0 0 0 0 0 0 0 0 0 0 0 0
Last Time Cost: 00000002 ms
Total Time Cost: 00013992 ms
Total Distance 8: 0 0 0 0 0 0 0 0 0 0 2 0 0 0 0 0 0 0 0 0 0 0 0 0 0 0 0 0 6 0 0 0 0 0 0 0 0 0 0 0 0 0 0 0 0 0
Last Time Cost: 00000003 ms
Total Time Cost: 00013995 ms
Total Distance 7: 0 0 0 0 0 0 0 0 0 0 1 0 0 0 0 0 0 0 0 0 0 0 0 0 0 0 0 0 6 0 0 0 0 0 0 0 0 0 0 0 0 0 0 0 0 0
Last Time Cost: 00000002 ms
Total Time Cost: 00013997 ms
Total Distance 6: 0 0 0 0 0 0 0 0 0 0 0 0 0 0 0 0 0 0 0 0 0 0 0 0 0 0 0 0 6 0 0 0 0 0 0 0 0 0 0 0 0 0 0 0 0 0
Last Time Cost: 00000076 ms
Total Time Cost: 00014073 ms
Total Distance 5: 0 0 0 0 0 0 0 0 0 0 0 0 0 0 0 0 0 0 0 0 0 0 0 0 0 0 0 0 5 0 0 0 0 0 0 0 0 0 0 0 0 0 0 0 0 0
Last Time Cost: 00000029 ms
Total Time Cost: 00014102 ms
Total Distance 4: 0 0 0 0 0 0 0 0 0 0 0 0 0 0 0 0 0 0 0 0 0 0 0 0 0 0 0 0 4 0 0 0 0 0 0 0 0 0 0 0 0 0 0 0 0 0
Last Time Cost: 00000000 ms
Total Time Cost: 00014102 ms
Total Distance 3: 0 0 0 0 0 0 0 0 0 0 0 0 0 0 0 0 0 0 0 0 0 0 0 0 0 0 0 0 3 0 0 0 0 0 0 0 0 0 0 0 0 0 0 0 0 0
Last Time Cost: 00000000 ms
Total Time Cost: 00014102 ms
Total Distance 2: 0 0 0 0 0 0 0 0 0 0 0 0 0 0 0 0 0 0 0 0 0 0 0 0 0 0 0 0 2 0 0 0 0 0 0 0 0 0 0 0 0 0 0 0 0 0
Last Time Cost: 00000000 ms
Total Time Cost: 00014102 ms
Total Distance 1: 0 0 0 0 0 0 0 0 0 0 0 0 0 0 0 0 0 0 0 0 0 0 0 0 0 0 0 0 1 0 0 0 0 0 0 0 0 0 0 0 0 0 0 0 0 0
Last Time Cost: 00000000 ms
Total Time Cost: 00014102 ms
Total Distance 0: 0 0 0 0 0 0 0 0 0 0 0 0 0 0 0 0 0 0 0 0 0 0 0 0 0 0 0 0 0 0 0 0 0 0 0 0 0 0 0 0 0 0 0 0 0 0
