Last Time Cost: 00000000 ms
Total Time Cost: 00000000 ms
Total Distance 594: 12 12 12 12 12 12 12 12 12 12 12 12 12 10 10 10 10 10 10 10 10 10 10 10 10 10 11 11 11 11 11 11 11 11 11 11 11 11 11 11 11 11 11 11 11 11 11 11 11 11 11 11 11 11
Last Time Cost: 00004809 ms
Total Time Cost: 00004809 ms
Total Distance 585: 12 12 12 12 12 12 12 12 12 12 12 12 11 9 10 10 10 10 10 10 10 9 9 10 10 10 11 11 11 11 10 11 11 11 11 11 11 11 11 11 11 11 11 11 11 10 10 10 11 11 11 10 11 11
Last Time Cost: 00004948 ms
Total Time Cost: 00009757 ms
Total Distance 577: 12 12 12 12 12 12 11 12 12 12 12 12 11 9 10 10 10 9 10 10 10 9 9 10 10 10 11 11 10 11 10 10 10 11 11 11 11 11 10 11 10 11 11 11 11 10 9 10 11 11 11 10 11 11
Last Time Cost: 00004985 ms
Total Time Cost: 00014742 ms
Total Distance 569: 12 12 12 11 11 12 10 11 12 12 12 12 11 9 10 10 10 9 9 9 10 9 9 10 10 10 11 11 10 11 9 10 10 11 11 11 11 11 10 11 10 11 11 11 11 10 9 10 11 11 11 9 11 11
Last Time Cost: 00005504 ms
Total Time Cost: 00020246 ms
Total Distance 562: 12 12 12 11 11 12 10 11 12 12 12 12 10 9 10 10 10 9 9 9 10 9 8 10 10 9 11 11 10 11 9 10 10 11 11 11 11 11 10 11 10 10 10 11 11 10 9 10 11 11 10 9 10 11
Last Time Cost: 00005477 ms
Total Time Cost: 00025723 ms
Total Distance 555: 12 12 12 11 10 12 10 11 12 12 12 12 9 9 10 10 9 9 9 9 10 9 8 10 10 9 11 11 10 11 9 10 10 10 11 11 11 11 10 11 9 10 10 11 10 10 9 10 11 11 9 9 10 11
Last Time Cost: 00005594 ms
Total Time Cost: 00031317 ms
Total Distance 548: 12 12 11 11 10 12 10 11 12 12 12 12 9 9 10 10 9 9 8 9 10 9 8 10 10 9 11 11 10 11 9 10 10 10 10 11 11 11 10 10 9 10 9 11 9 10 9 10 11 10 9 9 10 11
Last Time Cost: 00005575 ms
Total Time Cost: 00036892 ms
Total Distance 542: 12 12 11 11 10 12 9 11 12 12 12 12 9 9 10 9 9 8 8 9 10 9 8 9 10 9 10 11 10 11 9 10 10 10 10 11 11 11 10 10 8 10 9 11 9 10 9 10 11 10 9 9 10 11
Last Time Cost: 00006007 ms
Total Time Cost: 00042899 ms
Total Distance 536: 12 12 11 11 10 12 8 11 12 12 12 12 9 9 10 9 9 7 8 9 10 9 8 9 10 9 10 11 9 11 9 9 9 10 10 11 11 11 9 10 8 10 9 11 9 10 9 10 11 10 9 9 10 11
Last Time Cost: 00006744 ms
Total Time Cost: 00049643 ms
Total Distance 530: 12 12 11 11 10 12 8 11 12 12 11 12 9 9 10 9 9 7 8 9 10 9 8 8 10 9 9 11 8 10 9 9 9 10 10 11 11 11 9 10 8 10 9 11 8 10 9 10 11 10 9 9 10 11
Last Time Cost: 00007123 ms
Total Time Cost: 00056766 ms
Total Distance 524: 12 12 11 11 10 12 8 10 12 12 11 12 9 9 10 9 9 7 8 9 10 9 8 8 10 8 9 11 8 10 9 9 9 9 10 10 11 11 9 10 8 10 9 11 8 10 9 10 10 10 8 9 10 11
Last Time Cost: 00006907 ms
Total Time Cost: 00063673 ms
Total Distance 518: 12 12 10 11 10 12 8 10 12 11 11 12 9 9 10 9 9 7 8 9 10 9 8 8 9 8 9 11 8 10 9 9 9 9 10 9 11 11 9 10 8 10 9 11 8 10 8 10 10 9 8 9 10 11
Last Time Cost: 00007175 ms
Total Time Cost: 00070848 ms
Total Distance 512: 12 12 9 11 10 12 8 10 11 11 11 12 9 9 10 9 9 7 8 9 10 9 8 8 8 8 9 11 8 10 9 9 8 9 10 9 11 11 9 10 8 10 9 10 8 10 8 10 9 9 8 9 10 11
Last Time Cost: 00007598 ms
Total Time Cost: 00078446 ms
Total Distance 506: 12 12 9 11 10 12 8 10 11 10 11 12 9 9 10 9 9 7 8 9 10 9 7 8 8 8 9 11 8 10 9 9 8 9 10 9 10 10 9 10 8 10 9 10 8 9 8 10 8 9 8 9 10 11
Last Time Cost: 00006824 ms
Total Time Cost: 00085270 ms
Total Distance 500: 12 12 9 11 10 11 8 10 11 9 11 12 9 9 9 9 9 7 8 9 9 9 7 8 8 8 9 11 8 10 8 8 8 9 10 9 10 10 9 10 8 10 9 10 8 9 8 10 8 9 8 9 10 11
Last Time Cost: 00007428 ms
Total Time Cost: 00092698 ms
Total Distance 495: 12 12 9 11 10 11 8 10 11 9 11 12 8 9 9 9 9 7 8 9 9 8 7 8 8 8 9 11 8 10 7 8 8 9 10 9 10 10 9 10 8 10 9 10 8 9 7 10 8 9 8 8 10 11
Last Time Cost: 00008090 ms
Total Time Cost: 00100788 ms
Total Distance 489: 11 11 9 11 10 11 8 10 11 9 11 12 8 9 8 9 9 6 8 8 9 8 7 8 8 8 9 11 8 10 7 8 8 9 10 9 10 10 9 10 8 10 9 10 8 9 7 10 8 9 8 8 9 11
Last Time Cost: 00008606 ms
Total Time Cost: 00109394 ms
Total Distance 484: 11 11 9 11 10 11 8 10 11 9 11 12 8 9 8 9 8 6 8 8 9 8 7 8 8 8 9 11 8 10 7 8 8 9 10 9 10 10 9 10 7 9 8 10 8 9 7 10 7 9 8 8 9 11
Last Time Cost: 00009385 ms
Total Time Cost: 00118779 ms
Total Distance 479: 11 11 9 11 10 11 8 10 11 9 11 12 8 9 7 9 8 6 8 8 9 8 6 8 8 8 9 11 8 10 7 8 8 9 10 9 10 9 9 10 7 9 8 9 8 9 7 9 7 9 8 8 9 11
Last Time Cost: 00010357 ms
Total Time Cost: 00129136 ms
Total Distance 474: 11 11 8 10 10 11 8 10 11 9 11 12 8 9 7 8 8 6 8 8 9 8 6 8 8 8 9 11 8 10 7 8 8 9 10 9 10 9 9 10 7 9 8 9 8 9 6 8 7 9 8 8 9 11
Last Time Cost: 00010305 ms
Total Time Cost: 00139441 ms
Total Distance 469: 11 11 8 10 10 11 8 9 11 9 11 12 8 9 7 8 8 6 8 8 9 8 6 8 8 8 9 11 8 10 7 8 8 8 10 8 10 9 9 9 7 9 8 9 8 9 6 8 7 9 7 8 9 11
Last Time Cost: 00011292 ms
Total Time Cost: 00150733 ms
Total Distance 464: 10 11 8 10 10 11 8 9 11 9 10 12 8 9 7 8 7 6 8 8 9 8 6 8 8 8 9 11 8 10 7 8 8 8 10 8 10 9 9 9 7 8 8 9 8 8 6 8 7 9 7 8 9 11
Last Time Cost: 00009998 ms
Total Time Cost: 00160731 ms
Total Distance 459: 10 10 8 10 10 10 8 9 11 9 10 12 8 8 7 8 7 6 8 8 9 8 6 8 8 8 8 11 8 10 7 8 8 8 10 8 10 9 9 9 7 8 8 9 8 8 6 8 7 9 7 8 9 10
Last Time Cost: 00006877 ms
Total Time Cost: 00167608 ms
Total Distance 455: 10 10 8 10 10 10 8 9 11 9 10 12 8 8 7 8 7 6 8 8 8 7 6 7 8 8 8 11 8 10 7 8 8 8 10 8 10 9 9 9 7 8 8 9 8 8 6 7 7 9 7 8 9 10
Last Time Cost: 00007702 ms
Total Time Cost: 00175310 ms
Total Distance 451: 10 10 8 10 10 10 8 9 11 9 10 12 8 8 7 8 6 6 8 8 8 7 6 7 8 8 8 11 8 10 7 8 8 8 10 8 10 9 9 9 6 7 8 9 8 7 6 7 7 9 7 8 9 10
Last Time Cost: 00008461 ms
Total Time Cost: 00183771 ms
Total Distance 447: 10 10 8 10 10 10 7 9 11 9 10 12 8 8 7 8 6 6 7 8 8 7 6 7 8 8 8 11 8 9 7 8 8 8 10 8 10 9 9 9 6 7 8 9 8 7 6 7 6 9 7 8 9 10
Last Time Cost: 00009363 ms
Total Time Cost: 00193134 ms
Total Distance 443: 10 10 8 10 9 10 6 8 11 9 10 12 8 8 7 8 6 6 7 8 8 7 6 7 8 8 8 11 8 9 6 8 8 8 10 8 10 9 9 9 6 7 8 9 8 7 6 7 6 9 7 8 9 10
Last Time Cost: 00010145 ms
Total Time Cost: 00203279 ms
Total Distance 439: 10 10 7 10 9 10 6 8 11 9 10 12 8 8 7 8 6 6 7 8 8 7 6 7 7 8 8 11 8 8 6 8 8 8 10 8 10 9 9 9 6 7 8 9 7 7 6 7 6 9 7 8 9 10
Last Time Cost: 00010924 ms
Total Time Cost: 00214203 ms
Total Distance 435: 10 10 7 10 9 10 6 8 11 9 9 12 8 8 7 8 6 6 7 8 8 7 6 6 7 8 8 11 8 7 6 8 8 8 10 8 10 9 9 9 6 7 8 9 6 7 6 7 6 9 7 8 9 10
Last Time Cost: 00011921 ms
Total Time Cost: 00226124 ms
Total Distance 431: 10 10 7 10 9 10 6 8 11 9 9 12 8 8 7 8 6 6 6 8 8 7 6 6 7 8 7 11 8 7 6 8 8 8 9 8 10 8 9 9 6 7 8 9 6 7 6 7 6 9 7 8 9 10
Last Time Cost: 00012662 ms
Total Time Cost: 00238786 ms
Total Distance 427: 10 10 7 10 9 9 6 8 11 9 9 12 8 8 7 8 6 6 6 8 8 7 6 6 7 8 7 11 8 7 6 8 8 8 9 8 10 8 9 9 6 6 7 9 6 7 6 7 6 9 7 8 8 10
Last Time Cost: 00013629 ms
Total Time Cost: 00252415 ms
Total Distance 423: 10 10 7 10 9 9 5 8 11 9 9 12 8 8 7 8 6 6 6 8 8 7 6 6 7 7 7 11 7 7 6 7 8 8 9 8 10 8 9 9 6 6 7 9 6 7 6 7 6 9 7 8 8 10
Last Time Cost: 00014761 ms
Total Time Cost: 00267176 ms
Total Distance 419: 9 10 7 10 9 9 5 8 11 9 9 12 8 8 7 8 6 6 6 8 8 7 6 6 7 7 7 11 7 6 6 7 8 8 9 8 10 8 8 9 6 6 7 8 6 7 6 7 6 9 7 8 8 10
Last Time Cost: 00015999 ms
Total Time Cost: 00283175 ms
Total Distance 415: 9 10 7 10 9 9 5 8 11 9 9 12 8 8 7 8 6 6 6 8 7 7 6 6 7 7 7 10 7 6 6 7 8 8 9 8 10 8 8 9 6 6 7 7 6 7 6 6 6 9 7 8 8 10
Last Time Cost: 00011615 ms
Total Time Cost: 00294790 ms
Total Distance 411: 9 10 7 10 9 9 5 8 11 9 9 12 8 8 7 8 6 6 6 8 7 7 6 6 6 7 7 10 7 6 6 7 8 8 9 7 10 8 8 9 6 6 7 7 6 7 6 6 6 8 7 8 8 9
Last Time Cost: 00012468 ms
Total Time Cost: 00307258 ms
Total Distance 407: 9 10 7 10 8 9 5 8 10 9 9 11 8 8 7 8 6 6 6 8 7 7 6 6 6 7 7 10 7 6 6 7 8 8 9 7 10 8 8 8 6 6 7 7 6 7 6 6 6 8 7 8 8 9
Last Time Cost: 00007884 ms
Total Time Cost: 00315142 ms
Total Distance 403: 9 10 7 10 8 9 5 7 9 9 9 11 8 8 7 8 6 6 6 8 7 6 6 6 6 7 7 10 7 6 6 7 8 8 9 7 10 8 8 8 6 6 7 7 6 7 6 6 6 8 7 7 8 9
Last Time Cost: 00008452 ms
Total Time Cost: 00323594 ms
Total Distance 400: 9 10 7 10 8 9 5 7 9 9 9 11 8 8 7 8 6 6 6 8 7 6 6 5 6 7 6 10 7 6 6 7 8 8 9 7 10 8 8 8 5 6 7 7 6 7 6 6 6 8 7 7 8 9
Last Time Cost: 00009124 ms
Total Time Cost: 00332718 ms
Total Distance 397: 9 10 6 10 8 9 5 7 9 9 9 11 8 8 7 8 6 6 6 8 7 6 6 5 6 7 6 10 7 6 6 7 8 8 9 7 10 8 8 8 5 6 6 7 5 7 6 6 6 8 7 7 8 9
Last Time Cost: 00009837 ms
Total Time Cost: 00342555 ms
Total Distance 394: 9 10 6 10 8 9 5 7 9 9 8 11 8 8 7 8 6 6 6 8 7 6 6 4 6 7 6 10 7 5 6 7 8 8 9 7 10 8 8 8 5 6 6 7 5 7 6 6 6 8 7 7 8 9
Last Time Cost: 00010315 ms
Total Time Cost: 00352870 ms
Total Distance 391: 9 10 6 10 8 9 5 7 9 9 8 11 7 8 7 8 6 6 6 8 7 6 6 4 6 7 6 10 7 5 6 7 8 8 9 7 10 8 8 8 5 6 6 7 4 7 6 6 6 8 6 7 8 9
Last Time Cost: 00011006 ms
Total Time Cost: 00363876 ms
Total Distance 388: 9 10 6 10 8 9 5 7 9 9 8 11 7 8 7 8 6 6 6 8 6 6 6 4 6 7 6 10 7 5 6 7 8 8 9 7 10 8 7 8 5 5 6 7 4 7 6 6 6 8 6 7 8 9
Last Time Cost: 00011941 ms
Total Time Cost: 00375817 ms
Total Distance 385: 9 10 6 10 8 9 5 7 9 8 8 11 7 8 7 8 6 6 6 8 6 6 6 4 6 7 6 10 7 4 6 7 8 8 9 7 10 8 7 8 5 5 6 7 4 6 6 6 6 8 6 7 8 9
Last Time Cost: 00012481 ms
Total Time Cost: 00388298 ms
Total Distance 382: 9 10 6 10 8 9 5 7 9 8 8 11 7 8 7 8 6 6 6 8 6 6 6 4 6 6 6 10 7 4 6 7 8 8 9 7 10 8 7 8 5 5 5 7 4 6 6 6 6 8 6 7 7 9
Last Time Cost: 00013420 ms
Total Time Cost: 00401718 ms
Total Distance 379: 9 10 6 10 8 9 5 7 9 8 8 11 7 8 6 8 6 6 6 7 6 6 6 4 6 6 6 10 7 4 6 7 8 8 9 7 10 8 7 8 5 5 5 7 4 6 6 6 6 8 6 7 6 9
Last Time Cost: 00014355 ms
Total Time Cost: 00416073 ms
Total Distance 376: 9 10 6 10 8 8 5 7 9 8 8 11 7 8 6 8 6 6 6 7 6 6 6 4 6 6 6 10 7 4 5 6 8 8 9 7 10 8 7 8 5 5 5 7 4 6 6 6 6 8 6 7 6 9
Last Time Cost: 00015296 ms
Total Time Cost: 00431369 ms
Total Distance 373: 9 10 6 10 8 7 5 7 9 8 8 11 7 8 6 8 6 6 6 7 6 6 6 4 6 6 6 10 7 4 4 5 8 8 9 7 10 8 7 8 5 5 5 7 4 6 6 6 6 8 6 7 6 9
Last Time Cost: 00016332 ms
Total Time Cost: 00447701 ms
Total Distance 370: 9 10 6 10 8 7 5 7 9 8 8 11 7 8 6 8 6 6 6 7 6 6 6 4 6 6 6 10 7 4 3 5 8 8 9 7 9 8 7 8 5 5 5 7 4 6 5 6 6 8 6 7 6 9
Last Time Cost: 00017337 ms
Total Time Cost: 00465038 ms
Total Distance 367: 9 10 6 10 8 7 5 7 9 8 8 11 7 8 6 8 6 6 6 7 5 6 6 4 6 6 6 9 7 4 3 5 8 8 9 7 9 8 7 8 5 5 5 7 4 6 5 5 6 8 6 7 6 9
Last Time Cost: 00017979 ms
Total Time Cost: 00483017 ms
Total Distance 364: 9 10 6 10 7 7 5 7 8 8 8 11 7 8 6 8 6 6 6 7 5 5 6 4 6 6 6 9 7 4 3 5 8 8 9 7 9 8 7 8 5 5 5 7 4 6 5 5 6 8 6 7 6 9
Last Time Cost: 00018821 ms
Total Time Cost: 00501838 ms
Total Distance 361: 9 10 5 10 7 7 5 7 8 8 7 11 7 8 6 8 6 6 6 7 5 5 6 4 6 6 6 8 7 4 3 5 8 8 9 7 9 8 7 8 5 5 5 7 4 6 5 5 6 8 6 7 6 9
Last Time Cost: 00019475 ms
Total Time Cost: 00521313 ms
Total Distance 358: 8 10 5 10 7 7 5 7 8 8 7 11 7 8 6 8 6 6 6 6 5 5 6 4 6 6 6 8 7 4 3 5 8 8 9 6 9 8 7 8 5 5 5 7 4 6 5 5 6 8 6 7 6 9
Last Time Cost: 00020141 ms
Total Time Cost: 00541454 ms
Total Distance 355: 8 9 5 10 7 7 5 7 8 8 7 11 7 8 6 8 6 6 6 6 5 5 6 4 6 6 5 8 7 4 3 5 8 8 9 6 9 8 7 8 5 5 5 7 4 6 5 5 6 8 6 7 6 8
Last Time Cost: 00020831 ms
Total Time Cost: 00562285 ms
Total Distance 352: 8 9 5 10 7 7 5 7 8 8 7 11 7 8 6 8 6 6 6 6 5 5 6 4 5 6 5 8 7 4 3 5 8 8 9 6 9 8 7 8 5 5 5 7 4 6 5 5 6 7 6 7 6 7
Last Time Cost: 00022347 ms
Total Time Cost: 00584632 ms
Total Distance 349: 8 8 5 10 6 7 5 7 8 8 7 11 7 8 6 8 6 6 6 6 5 5 6 4 5 6 5 8 7 4 3 5 8 8 9 6 9 8 7 7 5 5 5 7 4 6 5 5 6 7 6 7 6 7
Last Time Cost: 00023047 ms
Total Time Cost: 00607679 ms
Total Distance 347: 8 8 5 10 6 7 4 7 8 8 7 11 7 8 6 8 6 6 6 6 5 5 6 4 5 6 5 8 7 3 3 5 8 8 9 6 9 8 7 7 5 5 5 7 4 6 5 5 6 7 6 7 6 7
Last Time Cost: 00024639 ms
Total Time Cost: 00632318 ms
Total Distance 345: 8 8 4 10 6 7 4 7 8 8 7 11 7 8 6 8 6 6 6 6 5 5 6 4 5 6 5 8 7 3 3 5 8 8 9 6 9 8 7 7 5 5 5 7 3 6 5 5 6 7 6 7 6 7
Last Time Cost: 00026349 ms
Total Time Cost: 00658667 ms
Total Distance 343: 8 8 3 10 6 7 4 7 8 8 7 11 7 8 6 8 6 6 6 6 5 5 6 4 5 6 5 8 7 3 3 5 8 8 9 6 9 8 7 7 5 5 5 7 3 6 4 5 6 7 6 7 6 7
Last Time Cost: 00028136 ms
Total Time Cost: 00686803 ms
Total Distance 341: 8 8 3 10 6 7 4 7 8 8 7 11 7 8 6 8 6 6 6 6 5 5 6 3 5 6 5 8 7 3 3 5 8 8 9 6 9 8 7 7 4 5 5 7 3 6 4 5 6 7 6 7 6 7
Last Time Cost: 00029995 ms
Total Time Cost: 00716798 ms
Total Distance 339: 8 8 3 10 6 7 4 7 8 8 6 11 7 8 6 8 6 6 6 6 5 5 6 2 5 6 5 8 7 3 3 5 8 8 9 6 9 8 7 7 4 5 5 7 3 6 4 5 6 7 6 7 6 7
Last Time Cost: 00032576 ms
Total Time Cost: 00749374 ms
Total Distance 337: 8 8 3 10 6 7 4 7 8 8 6 11 7 8 6 8 6 6 6 6 5 5 5 2 5 6 5 8 7 3 3 5 8 8 9 6 9 8 7 7 4 5 5 7 3 6 3 5 6 7 6 7 6 7
Last Time Cost: 00034935 ms
Total Time Cost: 00784309 ms
Total Distance 335: 8 8 3 10 6 7 4 7 8 8 6 11 7 8 5 8 6 6 6 6 5 5 5 2 5 6 5 8 7 3 3 4 8 8 9 6 9 8 7 7 4 5 5 7 3 6 3 5 6 7 6 7 6 7
Last Time Cost: 00037334 ms
Total Time Cost: 00821643 ms
Total Distance 333: 8 8 3 10 6 7 4 7 8 8 6 11 7 8 5 8 6 6 6 6 5 5 4 2 5 6 5 8 7 3 3 4 8 8 9 6 9 8 7 7 4 5 5 7 3 6 3 5 6 7 5 7 6 7
Last Time Cost: 00040110 ms
Total Time Cost: 00861753 ms
Total Distance 331: 8 8 3 10 5 7 4 7 8 8 6 11 7 8 5 8 6 6 6 6 5 5 4 2 5 6 4 8 7 3 3 4 8 8 9 6 9 8 7 7 4 5 5 7 3 6 3 5 6 7 5 7 6 7
Last Time Cost: 00042489 ms
Total Time Cost: 00904242 ms
Total Distance 329: 8 8 3 10 4 7 4 7 8 8 6 11 7 8 5 8 6 6 6 6 5 4 4 2 5 6 4 8 7 3 3 4 8 8 9 6 9 8 7 7 4 5 5 7 3 6 3 5 6 7 5 7 6 7
Last Time Cost: 00045573 ms
Total Time Cost: 00949815 ms
Total Distance 327: 8 8 3 10 4 7 4 7 8 8 6 11 7 8 5 8 5 6 6 6 5 4 4 2 5 6 4 8 7 3 3 4 8 8 9 6 9 8 7 7 4 5 5 7 3 5 3 5 6 7 5 7 6 7
Last Time Cost: 00048734 ms
Total Time Cost: 00998549 ms
Total Distance 325: 8 8 3 10 4 7 4 7 8 8 6 11 7 8 5 8 4 6 6 6 5 4 4 2 5 6 4 8 7 3 3 4 8 8 9 6 9 8 7 7 4 5 5 7 3 4 3 5 6 7 5 7 6 7
Last Time Cost: 00052085 ms
Total Time Cost: 01050634 ms
Total Distance 323: 8 8 3 10 4 7 4 7 8 8 6 11 7 8 5 8 4 6 5 6 5 4 4 2 5 5 4 8 7 3 3 4 8 8 9 6 9 8 7 7 4 5 5 7 3 4 3 5 6 7 5 7 6 7
Last Time Cost: 00055186 ms
Total Time Cost: 01105820 ms
Total Distance 321: 8 8 3 10 4 7 4 7 8 8 6 11 7 8 5 8 3 6 5 6 5 4 4 2 5 5 4 8 7 3 3 4 8 7 9 6 9 8 7 7 4 5 5 7 3 4 3 5 6 7 5 7 6 7
Last Time Cost: 00058354 ms
Total Time Cost: 01164174 ms
Total Distance 319: 8 8 3 10 4 7 4 7 8 7 6 11 7 8 5 8 3 6 5 6 5 4 4 2 5 5 4 8 7 3 3 4 8 7 9 6 9 8 7 7 4 5 5 7 3 3 3 5 6 7 5 7 6 7
Last Time Cost: 00062155 ms
Total Time Cost: 01226329 ms
Total Distance 317: 8 8 3 10 4 7 3 7 8 7 6 11 7 8 5 8 3 6 5 6 5 4 4 2 5 5 4 8 7 3 3 4 8 7 9 6 9 8 7 7 4 5 5 7 3 3 3 5 5 7 5 7 6 7
Last Time Cost: 00064758 ms
Total Time Cost: 01291087 ms
Total Distance 315: 8 8 3 10 4 7 2 7 8 7 6 11 7 8 5 8 3 6 5 6 5 4 4 2 5 5 4 8 7 3 3 4 7 7 9 6 9 8 7 7 4 5 5 7 3 3 3 5 5 7 5 7 6 7
Last Time Cost: 00069309 ms
Total Time Cost: 01360396 ms
Total Distance 313: 8 8 3 10 4 7 2 7 8 7 6 11 7 8 5 8 3 6 5 6 5 4 3 2 5 5 4 8 7 3 3 4 7 7 9 6 9 7 7 7 4 5 5 7 3 3 3 5 5 7 5 7 6 7
Last Time Cost: 00072959 ms
Total Time Cost: 01433355 ms
Total Distance 311: 8 8 3 10 4 7 2 7 8 7 6 11 6 8 5 8 3 6 5 6 5 4 3 2 5 5 4 8 7 3 3 4 7 7 9 6 9 7 7 7 4 5 5 7 3 3 3 5 5 7 4 7 6 7
Last Time Cost: 00076398 ms
Total Time Cost: 01509753 ms
Total Distance 309: 8 8 3 10 4 7 2 7 8 7 6 11 5 8 5 8 3 6 5 6 5 4 3 2 5 5 4 8 7 3 3 4 7 7 9 6 9 7 7 7 4 5 5 7 3 3 3 5 5 7 3 7 6 7
Last Time Cost: 00080460 ms
Total Time Cost: 01590213 ms
Total Distance 307: 8 8 3 10 4 7 2 7 8 7 6 11 5 8 5 8 3 6 5 6 5 4 3 2 5 5 4 8 7 3 3 4 6 7 9 6 9 7 7 7 4 5 5 7 3 3 3 5 4 7 3 7 6 7
Last Time Cost: 00086897 ms
Total Time Cost: 01677110 ms
Total Distance 305: 8 8 3 10 4 7 2 7 8 7 6 11 5 8 5 8 3 6 5 6 5 4 3 2 4 5 4 8 7 3 3 4 6 7 9 6 9 7 7 7 4 5 5 7 3 3 3 5 4 6 3 7 6 7
Last Time Cost: 00092302 ms
Total Time Cost: 01769412 ms
Total Distance 302: 8 8 3 10 4 7 2 7 8 7 6 10 5 8 5 7 3 6 5 6 5 4 3 2 4 5 4 8 7 3 3 4 6 7 9 6 9 7 7 7 4 5 5 7 3 3 3 5 4 6 3 6 6 7
Last Time Cost: 00014841 ms
Total Time Cost: 01784253 ms
Total Distance 300: 8 8 3 10 4 7 2 7 8 7 6 10 5 8 5 6 3 6 5 6 5 4 3 2 4 5 4 8 7 3 3 4 6 7 9 6 9 7 7 7 4 5 5 7 3 3 3 4 4 6 3 6 6 7
Last Time Cost: 00016264 ms
Total Time Cost: 01800517 ms
Total Distance 298: 8 8 3 10 4 7 2 7 8 7 6 10 5 8 5 6 3 5 5 6 5 4 3 2 4 5 4 8 7 3 3 4 6 7 9 6 9 7 7 7 4 5 5 7 3 3 3 4 4 6 3 5 6 7
Last Time Cost: 00016795 ms
Total Time Cost: 01817312 ms
Total Distance 295: 8 8 3 10 4 7 2 7 8 7 6 9 5 8 5 6 3 5 5 6 5 4 3 2 4 5 4 7 7 3 3 4 6 7 9 6 9 7 7 7 4 5 5 7 3 3 3 4 4 5 3 5 6 7
Last Time Cost: 00017153 ms
Total Time Cost: 01834465 ms
Total Distance 293: 8 7 3 10 4 7 2 7 8 7 6 9 5 8 5 6 3 5 5 6 5 4 3 2 3 5 4 7 7 3 3 4 6 7 9 6 9 7 7 7 4 5 5 7 3 3 3 4 4 5 3 5 6 7
Last Time Cost: 00017753 ms
Total Time Cost: 01852218 ms
Total Distance 291: 8 7 3 10 4 7 2 7 8 7 6 9 5 8 5 6 3 5 5 6 5 4 3 2 3 5 4 7 7 3 3 4 6 7 9 6 9 7 6 7 4 4 5 7 3 3 3 4 4 5 3 5 6 7
Last Time Cost: 00018583 ms
Total Time Cost: 01870801 ms
Total Distance 289: 8 7 3 10 4 7 2 7 8 7 5 9 5 8 5 6 3 5 5 6 5 4 3 2 3 5 4 6 7 3 3 4 6 7 9 6 9 7 6 7 4 4 5 7 3 3 3 4 4 5 3 5 6 7
Last Time Cost: 00019207 ms
Total Time Cost: 01890008 ms
Total Distance 287: 8 7 3 10 4 7 2 7 8 7 5 9 5 8 5 6 3 5 5 6 5 4 3 2 3 5 4 6 7 3 3 4 6 7 9 6 8 7 6 7 4 4 5 7 3 3 3 4 3 5 3 5 6 7
Last Time Cost: 00016599 ms
Total Time Cost: 01906607 ms
Total Distance 285: 8 7 3 9 4 7 2 7 8 7 5 9 5 8 5 6 3 5 5 6 5 4 3 2 3 5 4 6 7 3 3 4 6 7 9 6 8 7 6 7 4 4 5 7 3 3 2 4 3 5 3 5 6 7
Last Time Cost: 00015851 ms
Total Time Cost: 01922458 ms
Total Distance 283: 8 7 3 8 4 7 2 7 8 7 5 9 5 8 5 6 3 5 5 6 5 4 3 2 3 5 4 6 7 3 3 4 6 7 9 6 8 7 6 7 4 4 5 7 3 3 1 4 3 5 3 5 6 7
Last Time Cost: 00000011 ms
Total Time Cost: 01922469 ms
Total Distance 282: 8 7 3 8 4 7 2 7 8 7 5 9 5 8 5 6 3 5 5 6 5 4 3 2 3 5 4 6 7 3 3 4 6 7 9 6 8 7 6 7 4 4 5 7 3 3 0 4 3 5 3 5 6 7
Last Time Cost: 00012327 ms
Total Time Cost: 01934796 ms
Total Distance 280: 8 7 3 8 4 7 2 7 8 6 5 9 5 8 5 6 3 5 5 6 4 4 3 2 3 5 4 6 7 3 3 4 6 7 9 6 8 7 6 7 4 4 5 7 3 3 0 4 3 5 3 5 6 7
Last Time Cost: 00013827 ms
Total Time Cost: 01948623 ms
Total Distance 278: 8 7 3 7 4 7 2 7 8 6 5 9 5 8 5 6 3 5 5 6 4 4 3 2 3 5 4 6 7 3 3 3 6 7 9 6 8 7 6 7 4 4 5 7 3 3 0 4 3 5 3 5 6 7
Last Time Cost: 00015593 ms
Total Time Cost: 01964216 ms
Total Distance 276: 8 7 3 7 4 7 2 7 8 6 5 9 5 8 5 6 3 5 5 6 4 4 3 2 3 4 4 6 7 3 3 3 6 7 9 6 8 7 6 7 4 4 5 7 3 3 0 4 3 5 3 5 5 7
Last Time Cost: 00016738 ms
Total Time Cost: 01980954 ms
Total Distance 274: 8 6 3 7 4 7 2 7 8 6 5 9 5 8 5 6 3 5 5 6 4 4 3 2 3 4 4 6 7 3 3 3 6 7 9 6 8 7 6 7 4 4 5 7 3 3 0 4 3 5 3 5 4 7
Last Time Cost: 00016628 ms
Total Time Cost: 01997582 ms
Total Distance 272: 8 6 3 6 4 7 2 7 8 6 5 9 4 8 5 6 3 5 5 6 4 4 3 2 3 4 4 6 7 3 3 3 6 7 9 6 8 7 6 7 4 4 5 7 3 3 0 4 3 5 3 5 4 7
Last Time Cost: 00018811 ms
Total Time Cost: 02016393 ms
Total Distance 270: 8 6 3 5 4 7 2 7 8 6 5 9 4 8 5 6 3 5 5 6 4 4 3 2 3 4 4 6 7 3 3 3 6 7 9 6 8 7 6 7 4 4 5 7 3 3 0 4 3 5 3 4 4 7
Last Time Cost: 00019329 ms
Total Time Cost: 02035722 ms
Total Distance 268: 8 6 3 5 4 7 2 7 8 6 5 9 4 8 5 6 3 5 5 6 4 4 3 2 3 4 4 6 7 3 3 3 6 6 9 6 8 7 6 7 4 4 4 7 3 3 0 4 3 5 3 4 4 7
Last Time Cost: 00019789 ms
Total Time Cost: 02055511 ms
Total Distance 266: 8 6 2 5 4 7 2 7 8 6 5 9 4 8 5 6 3 5 5 6 4 4 3 2 3 4 4 6 7 3 3 3 6 6 8 6 8 7 6 7 4 4 4 7 3 3 0 4 3 5 3 4 4 7
Last Time Cost: 00007967 ms
Total Time Cost: 02063478 ms
Total Distance 264: 8 5 2 5 4 7 2 7 8 6 5 9 4 8 5 5 3 5 5 6 4 4 3 2 3 4 4 6 7 3 3 3 6 6 8 6 8 7 6 7 4 4 4 7 3 3 0 4 3 5 3 4 4 7
Last Time Cost: 00008242 ms
Total Time Cost: 02071720 ms
Total Distance 262: 8 5 2 5 4 7 2 7 8 6 5 9 4 8 4 5 3 5 5 6 4 4 3 2 3 4 4 6 7 3 3 3 6 6 8 6 8 7 6 7 4 4 4 6 3 3 0 4 3 5 3 4 4 7
Last Time Cost: 00008514 ms
Total Time Cost: 02080234 ms
Total Distance 260: 8 5 2 5 4 7 2 7 8 6 5 9 4 8 4 5 3 5 5 6 4 4 3 2 3 4 4 6 7 3 3 3 6 6 8 6 8 7 5 7 4 4 4 5 3 3 0 4 3 5 3 4 4 7
Last Time Cost: 00008989 ms
Total Time Cost: 02089223 ms
Total Distance 258: 8 5 2 5 4 7 2 7 7 6 5 9 4 8 4 5 3 5 5 6 4 4 3 2 3 4 4 6 7 3 3 3 6 6 8 6 8 7 5 7 4 4 4 4 3 3 0 4 3 5 3 4 4 7
Last Time Cost: 00009285 ms
Total Time Cost: 02098508 ms
Total Distance 256: 8 5 2 4 4 7 2 7 7 6 5 9 4 8 4 5 3 5 5 6 4 4 3 2 3 4 4 6 7 3 3 3 6 6 7 6 8 7 5 7 4 4 4 4 3 3 0 4 3 5 3 4 4 7
Last Time Cost: 00009488 ms
Total Time Cost: 02107996 ms
Total Distance 254: 8 5 2 4 4 7 2 6 7 6 5 9 4 8 4 5 3 5 5 6 4 4 3 2 3 4 4 6 7 3 3 2 6 6 7 6 8 7 5 7 4 4 4 4 3 3 0 4 3 5 3 4 4 7
Last Time Cost: 00009717 ms
Total Time Cost: 02117713 ms
Total Distance 252: 8 5 2 4 4 7 2 6 6 6 5 9 4 8 4 5 3 5 5 6 4 4 3 2 3 4 4 5 7 3 3 2 6 6 7 6 8 7 5 7 4 4 4 4 3 3 0 4 3 5 3 4 4 7
Last Time Cost: 00009929 ms
Total Time Cost: 02127642 ms
Total Distance 250: 8 5 2 4 4 7 2 6 5 5 5 9 4 8 4 5 3 5 5 6 4 4 3 2 3 4 4 5 7 3 3 2 6 6 7 6 8 7 5 7 4 4 4 4 3 3 0 4 3 5 3 4 4 7
Last Time Cost: 00010301 ms
Total Time Cost: 02137943 ms
Total Distance 248: 8 5 2 4 4 7 2 5 5 5 5 9 4 8 4 5 3 5 5 6 4 4 3 2 3 4 4 5 7 3 3 2 6 6 7 6 8 7 5 7 4 4 4 4 3 3 0 4 3 5 3 4 4 6
Last Time Cost: 00010506 ms
Total Time Cost: 02148449 ms
Total Distance 246: 8 5 2 4 4 7 2 4 5 5 5 9 4 8 4 5 3 5 5 6 4 4 3 2 3 4 4 5 7 3 3 2 6 6 6 6 8 7 5 7 4 4 4 4 3 3 0 4 3 5 3 4 4 6
Last Time Cost: 00010744 ms
Total Time Cost: 02159193 ms
Total Distance 244: 8 5 2 4 4 7 2 4 5 5 5 9 4 8 4 5 3 5 5 6 4 4 3 2 3 4 4 5 7 3 3 2 6 6 5 6 8 6 5 7 4 4 4 4 3 3 0 4 3 5 3 4 4 6
Last Time Cost: 00010940 ms
Total Time Cost: 02170133 ms
Total Distance 242: 8 5 2 4 4 7 2 4 5 5 5 9 4 8 4 5 3 5 5 6 4 4 3 2 3 4 4 5 6 3 3 2 6 6 5 6 8 5 5 7 4 4 4 4 3 3 0 4 3 5 3 4 4 6
Last Time Cost: 00011157 ms
Total Time Cost: 02181290 ms
Total Distance 240: 8 5 2 4 4 6 2 4 5 5 5 9 4 8 4 5 3 5 5 6 4 4 3 2 3 4 4 5 5 3 3 2 6 6 5 6 8 5 5 7 4 4 4 4 3 3 0 4 3 5 3 4 4 6
Last Time Cost: 00011386 ms
Total Time Cost: 02192676 ms
Total Distance 238: 8 5 2 4 4 6 2 4 5 5 5 9 4 8 4 5 3 5 5 6 4 4 3 2 3 4 4 5 5 3 3 2 6 6 5 6 7 4 5 7 4 4 4 4 3 3 0 4 3 5 3 4 4 6
Last Time Cost: 00011683 ms
Total Time Cost: 02204359 ms
Total Distance 236: 8 5 2 4 4 6 2 4 5 5 5 9 4 7 4 5 3 5 5 6 4 4 3 2 3 4 4 5 5 3 3 2 6 5 5 6 7 4 5 7 4 4 4 4 3 3 0 4 3 5 3 4 4 6
Last Time Cost: 00012011 ms
Total Time Cost: 02216370 ms
Total Distance 234: 8 5 2 4 4 6 2 4 5 5 5 9 4 7 4 5 3 5 5 6 4 4 3 2 3 4 4 5 5 3 3 2 6 5 5 6 6 4 5 6 4 4 4 4 3 3 0 4 3 5 3 4 4 6
Last Time Cost: 00012025 ms
Total Time Cost: 02228395 ms
Total Distance 233: 8 5 1 4 4 6 2 4 5 5 5 9 4 7 4 5 3 5 5 6 4 4 3 2 3 4 4 5 5 3 3 2 6 5 5 6 6 4 5 6 4 4 4 4 3 3 0 4 3 5 3 4 4 6
Last Time Cost: 00000018 ms
Total Time Cost: 02228413 ms
Total Distance 232: 8 5 0 4 4 6 2 4 5 5 5 9 4 7 4 5 3 5 5 6 4 4 3 2 3 4 4 5 5 3 3 2 6 5 5 6 6 4 5 6 4 4 4 4 3 3 0 4 3 5 3 4 4 6
Last Time Cost: 00013091 ms
Total Time Cost: 02241504 ms
Total Distance 231: 8 5 0 4 4 6 1 4 5 5 5 9 4 7 4 5 3 5 5 6 4 4 3 2 3 4 4 5 5 3 3 2 6 5 5 6 6 4 5 6 4 4 4 4 3 3 0 4 3 5 3 4 4 6
Last Time Cost: 00000018 ms
Total Time Cost: 02241522 ms
Total Distance 230: 8 5 0 4 4 6 0 4 5 5 5 9 4 7 4 5 3 5 5 6 4 4 3 2 3 4 4 5 5 3 3 2 6 5 5 6 6 4 5 6 4 4 4 4 3 3 0 4 3 5 3 4 4 6
Last Time Cost: 00014206 ms
Total Time Cost: 02255728 ms
Total Distance 229: 8 5 0 4 4 6 0 4 5 5 5 9 4 7 4 5 3 5 5 6 4 4 3 1 3 4 4 5 5 3 3 2 6 5 5 6 6 4 5 6 4 4 4 4 3 3 0 4 3 5 3 4 4 6
Last Time Cost: 00000019 ms
Total Time Cost: 02255747 ms
Total Distance 228: 8 5 0 4 4 6 0 4 5 5 5 9 4 7 4 5 3 5 5 6 4 4 3 0 3 4 4 5 5 3 3 2 6 5 5 6 6 4 5 6 4 4 4 4 3 3 0 4 3 5 3 4 4 6
Last Time Cost: 00015534 ms
Total Time Cost: 02271281 ms
Total Distance 227: 8 5 0 4 4 6 0 4 5 5 5 9 4 7 4 5 3 5 5 6 4 4 3 0 3 4 4 5 5 3 3 1 6 5 5 6 6 4 5 6 4 4 4 4 3 3 0 4 3 5 3 4 4 6
Last Time Cost: 00000020 ms
Total Time Cost: 02271301 ms
Total Distance 226: 8 5 0 4 4 6 0 4 5 5 5 9 4 7 4 5 3 5 5 6 4 4 3 0 3 4 4 5 5 3 3 0 6 5 5 6 6 4 5 6 4 4 4 4 3 3 0 4 3 5 3 4 4 6
Last Time Cost: 00016940 ms
Total Time Cost: 02288241 ms
Total Distance 225: 8 5 0 4 4 6 0 4 5 5 5 9 4 7 4 5 3 5 5 6 4 4 3 0 3 4 4 5 5 2 3 0 6 5 5 6 6 4 5 6 4 4 4 4 3 3 0 4 3 5 3 4 4 6
Last Time Cost: 00000025 ms
Total Time Cost: 02288266 ms
Total Distance 224: 8 5 0 4 4 6 0 4 5 5 5 9 4 7 4 5 3 5 5 6 4 4 3 0 3 4 4 5 5 1 3 0 6 5 5 6 6 4 5 6 4 4 4 4 3 3 0 4 3 5 3 4 4 6
Last Time Cost: 00000021 ms
Total Time Cost: 02288287 ms
Total Distance 223: 8 5 0 4 4 6 0 4 5 5 5 9 4 7 4 5 3 5 5 6 4 4 3 0 3 4 4 5 5 0 3 0 6 5 5 6 6 4 5 6 4 4 4 4 3 3 0 4 3 5 3 4 4 6
Last Time Cost: 00018949 ms
Total Time Cost: 02307236 ms
Total Distance 222: 8 5 0 4 4 6 0 4 5 5 5 9 4 7 4 5 3 5 5 6 4 4 3 0 3 4 4 5 5 0 3 0 6 5 5 6 6 4 5 6 4 4 4 4 2 3 0 4 3 5 3 4 4 6
Last Time Cost: 00000027 ms
Total Time Cost: 02307263 ms
Total Distance 221: 8 5 0 4 4 6 0 4 5 5 5 9 4 7 4 5 3 5 5 6 4 4 3 0 3 4 4 5 5 0 3 0 6 5 5 6 6 4 5 6 4 4 4 4 1 3 0 4 3 5 3 4 4 6
Last Time Cost: 00000023 ms
Total Time Cost: 02307286 ms
Total Distance 220: 8 5 0 4 4 6 0 4 5 5 5 9 4 7 4 5 3 5 5 6 4 4 3 0 3 4 4 5 5 0 3 0 6 5 5 6 6 4 5 6 4 4 4 4 0 3 0 4 3 5 3 4 4 6
Last Time Cost: 00022660 ms
Total Time Cost: 02329946 ms
Total Distance 218: 8 5 0 4 4 6 0 4 5 5 5 8 4 7 4 5 3 5 5 6 4 4 3 0 3 4 4 4 5 0 3 0 6 5 5 6 6 4 5 6 4 4 4 4 0 3 0 4 3 5 3 4 4 6
Last Time Cost: 00001462 ms
Total Time Cost: 02331408 ms
Total Distance 217: 8 5 0 4 4 6 0 4 5 5 5 8 4 7 4 5 3 5 5 6 4 4 3 0 3 4 4 4 5 0 2 0 6 5 5 6 6 4 5 6 4 4 4 4 0 3 0 4 3 5 3 4 4 6
Last Time Cost: 00000026 ms
Total Time Cost: 02331434 ms
Total Distance 216: 8 5 0 4 4 6 0 4 5 5 5 8 4 7 4 5 3 5 5 6 4 4 3 0 3 4 4 4 5 0 1 0 6 5 5 6 6 4 5 6 4 4 4 4 0 3 0 4 3 5 3 4 4 6
Last Time Cost: 00000024 ms
Total Time Cost: 02331458 ms
Total Distance 215: 8 5 0 4 4 6 0 4 5 5 5 8 4 7 4 5 3 5 5 6 4 4 3 0 3 4 4 4 5 0 0 0 6 5 5 6 6 4 5 6 4 4 4 4 0 3 0 4 3 5 3 4 4 6
Last Time Cost: 00001650 ms
Total Time Cost: 02333108 ms
Total Distance 214: 8 5 0 4 4 6 0 4 5 5 5 8 4 7 4 5 3 5 5 6 4 4 3 0 3 4 4 4 5 0 0 0 6 5 5 6 6 4 5 6 4 4 4 4 0 3 0 4 3 5 2 4 4 6
Last Time Cost: 00000027 ms
Total Time Cost: 02333135 ms
Total Distance 213: 8 5 0 4 4 6 0 4 5 5 5 8 4 7 4 5 3 5 5 6 4 4 3 0 3 4 4 4 5 0 0 0 6 5 5 6 6 4 5 6 4 4 4 4 0 3 0 4 3 5 1 4 4 6
Last Time Cost: 00000025 ms
Total Time Cost: 02333160 ms
Total Distance 212: 8 5 0 4 4 6 0 4 5 5 5 8 4 7 4 5 3 5 5 6 4 4 3 0 3 4 4 4 5 0 0 0 6 5 5 6 6 4 5 6 4 4 4 4 0 3 0 4 3 5 0 4 4 6
Last Time Cost: 00001909 ms
Total Time Cost: 02335069 ms
Total Distance 211: 8 5 0 4 4 6 0 4 5 5 5 8 4 7 4 5 2 5 5 6 4 4 3 0 3 4 4 4 5 0 0 0 6 5 5 6 6 4 5 6 4 4 4 4 0 3 0 4 3 5 0 4 4 6
Last Time Cost: 00000029 ms
Total Time Cost: 02335098 ms
Total Distance 210: 8 5 0 4 4 6 0 4 5 5 5 8 4 7 4 5 1 5 5 6 4 4 3 0 3 4 4 4 5 0 0 0 6 5 5 6 6 4 5 6 4 4 4 4 0 3 0 4 3 5 0 4 4 6
Last Time Cost: 00000027 ms
Total Time Cost: 02335125 ms
Total Distance 209: 8 5 0 4 4 6 0 4 5 5 5 8 4 7 4 5 0 5 5 6 4 4 3 0 3 4 4 4 5 0 0 0 6 5 5 6 6 4 5 6 4 4 4 4 0 3 0 4 3 5 0 4 4 6
Last Time Cost: 00002052 ms
Total Time Cost: 02337177 ms
Total Distance 208: 8 5 0 4 4 6 0 4 5 5 5 8 4 7 4 5 0 5 5 6 4 4 3 0 3 4 4 4 5 0 0 0 6 5 5 6 6 4 5 6 4 4 4 4 0 2 0 4 3 5 0 4 4 6
Last Time Cost: 00000030 ms
Total Time Cost: 02337207 ms
Total Distance 207: 8 5 0 4 4 6 0 4 5 5 5 8 4 7 4 5 0 5 5 6 4 4 3 0 3 4 4 4 5 0 0 0 6 5 5 6 6 4 5 6 4 4 4 4 0 1 0 4 3 5 0 4 4 6
Last Time Cost: 00000028 ms
Total Time Cost: 02337235 ms
Total Distance 206: 8 5 0 4 4 6 0 4 5 5 5 8 4 7 4 5 0 5 5 6 4 4 3 0 3 4 4 4 5 0 0 0 6 5 5 6 6 4 5 6 4 4 4 4 0 0 0 4 3 5 0 4 4 6
Last Time Cost: 00002207 ms
Total Time Cost: 02339442 ms
Total Distance 205: 8 5 0 4 4 6 0 4 5 5 5 8 4 7 4 5 0 5 5 6 4 4 3 0 2 4 4 4 5 0 0 0 6 5 5 6 6 4 5 6 4 4 4 4 0 0 0 4 3 5 0 4 4 6
Last Time Cost: 00000031 ms
Total Time Cost: 02339473 ms
Total Distance 204: 8 5 0 4 4 6 0 4 5 5 5 8 4 7 4 5 0 5 5 6 4 4 3 0 1 4 4 4 5 0 0 0 6 5 5 6 6 4 5 6 4 4 4 4 0 0 0 4 3 5 0 4 4 6
Last Time Cost: 00000030 ms
Total Time Cost: 02339503 ms
Total Distance 203: 8 5 0 4 4 6 0 4 5 5 5 8 4 7 4 5 0 5 5 6 4 4 3 0 0 4 4 4 5 0 0 0 6 5 5 6 6 4 5 6 4 4 4 4 0 0 0 4 3 5 0 4 4 6
Last Time Cost: 00002461 ms
Total Time Cost: 02341964 ms
Total Distance 202: 8 5 0 4 4 6 0 4 5 5 5 8 4 7 4 5 0 5 5 6 4 4 3 0 0 4 4 4 5 0 0 0 6 5 5 6 6 4 5 6 4 4 4 4 0 0 0 4 2 5 0 4 4 6
Last Time Cost: 00000034 ms
Total Time Cost: 02341998 ms
Total Distance 201: 8 5 0 4 4 6 0 4 5 5 5 8 4 7 4 5 0 5 5 6 4 4 3 0 0 4 4 4 5 0 0 0 6 5 5 6 6 4 5 6 4 4 4 4 0 0 0 4 1 5 0 4 4 6
Last Time Cost: 00000034 ms
Total Time Cost: 02342032 ms
Total Distance 200: 8 5 0 4 4 6 0 4 5 5 5 8 4 7 4 5 0 5 5 6 4 4 3 0 0 4 4 4 5 0 0 0 6 5 5 6 6 4 5 6 4 4 4 4 0 0 0 4 0 5 0 4 4 6
Last Time Cost: 00002701 ms
Total Time Cost: 02344733 ms
Total Distance 198: 8 5 0 4 4 6 0 4 5 5 5 8 4 7 4 5 0 4 5 6 4 4 3 0 0 4 4 4 5 0 0 0 5 5 5 6 6 4 5 6 4 4 4 4 0 0 0 4 0 5 0 4 4 6
Last Time Cost: 00002709 ms
Total Time Cost: 02347442 ms
Total Distance 196: 7 5 0 4 4 6 0 4 5 5 5 8 4 7 4 5 0 4 5 6 4 4 3 0 0 4 4 4 5 0 0 0 5 5 5 5 6 4 5 6 4 4 4 4 0 0 0 4 0 5 0 4 4 6
Last Time Cost: 00002288 ms
Total Time Cost: 02349730 ms
Total Distance 195: 7 5 0 4 4 6 0 4 5 5 5 8 4 7 4 5 0 4 5 6 4 4 2 0 0 4 4 4 5 0 0 0 5 5 5 5 6 4 5 6 4 4 4 4 0 0 0 4 0 5 0 4 4 6
Last Time Cost: 00000037 ms
Total Time Cost: 02349767 ms
Total Distance 194: 7 5 0 4 4 6 0 4 5 5 5 8 4 7 4 5 0 4 5 6 4 4 1 0 0 4 4 4 5 0 0 0 5 5 5 5 6 4 5 6 4 4 4 4 0 0 0 4 0 5 0 4 4 6
Last Time Cost: 00000036 ms
Total Time Cost: 02349803 ms
Total Distance 193: 7 5 0 4 4 6 0 4 5 5 5 8 4 7 4 5 0 4 5 6 4 4 0 0 0 4 4 4 5 0 0 0 5 5 5 5 6 4 5 6 4 4 4 4 0 0 0 4 0 5 0 4 4 6
Last Time Cost: 00002503 ms
Total Time Cost: 02352306 ms
Total Distance 192: 7 5 0 4 4 6 0 3 5 5 5 8 4 7 4 5 0 4 5 6 4 4 0 0 0 4 4 4 5 0 0 0 5 5 5 5 6 4 5 6 4 4 4 4 0 0 0 4 0 5 0 4 4 6
Last Time Cost: 00000039 ms
Total Time Cost: 02352345 ms
Total Distance 191: 7 5 0 4 4 6 0 2 5 5 5 8 4 7 4 5 0 4 5 6 4 4 0 0 0 4 4 4 5 0 0 0 5 5 5 5 6 4 5 6 4 4 4 4 0 0 0 4 0 5 0 4 4 6
Last Time Cost: 00000040 ms
Total Time Cost: 02352385 ms
Total Distance 190: 7 5 0 4 4 6 0 1 5 5 5 8 4 7 4 5 0 4 5 6 4 4 0 0 0 4 4 4 5 0 0 0 5 5 5 5 6 4 5 6 4 4 4 4 0 0 0 4 0 5 0 4 4 6
Last Time Cost: 00000038 ms
Total Time Cost: 02352423 ms
Total Distance 189: 7 5 0 4 4 6 0 0 5 5 5 8 4 7 4 5 0 4 5 6 4 4 0 0 0 4 4 4 5 0 0 0 5 5 5 5 6 4 5 6 4 4 4 4 0 0 0 4 0 5 0 4 4 6
Last Time Cost: 00002801 ms
Total Time Cost: 02355224 ms
Total Distance 188: 7 5 0 4 3 6 0 0 5 5 5 8 4 7 4 5 0 4 5 6 4 4 0 0 0 4 4 4 5 0 0 0 5 5 5 5 6 4 5 6 4 4 4 4 0 0 0 4 0 5 0 4 4 6
Last Time Cost: 00000043 ms
Total Time Cost: 02355267 ms
Total Distance 187: 7 5 0 4 2 6 0 0 5 5 5 8 4 7 4 5 0 4 5 6 4 4 0 0 0 4 4 4 5 0 0 0 5 5 5 5 6 4 5 6 4 4 4 4 0 0 0 4 0 5 0 4 4 6
Last Time Cost: 00000040 ms
Total Time Cost: 02355307 ms
Total Distance 186: 7 5 0 4 1 6 0 0 5 5 5 8 4 7 4 5 0 4 5 6 4 4 0 0 0 4 4 4 5 0 0 0 5 5 5 5 6 4 5 6 4 4 4 4 0 0 0 4 0 5 0 4 4 6
Last Time Cost: 00000041 ms
Total Time Cost: 02355348 ms
Total Distance 185: 7 5 0 4 0 6 0 0 5 5 5 8 4 7 4 5 0 4 5 6 4 4 0 0 0 4 4 4 5 0 0 0 5 5 5 5 6 4 5 6 4 4 4 4 0 0 0 4 0 5 0 4 4 6
Last Time Cost: 00003161 ms
Total Time Cost: 02358509 ms
Total Distance 184: 7 5 0 4 0 6 0 0 5 5 5 8 4 7 4 5 0 4 5 6 4 4 0 0 0 4 4 4 5 0 0 0 5 5 5 5 6 4 5 6 4 3 4 4 0 0 0 4 0 5 0 4 4 6
Last Time Cost: 00000041 ms
Total Time Cost: 02358550 ms
Total Distance 183: 7 5 0 4 0 6 0 0 5 5 5 8 4 7 4 5 0 4 5 6 4 4 0 0 0 4 4 4 5 0 0 0 5 5 5 5 6 4 5 6 4 2 4 4 0 0 0 4 0 5 0 4 4 6
Last Time Cost: 00000043 ms
Total Time Cost: 02358593 ms
Total Distance 182: 7 5 0 4 0 6 0 0 5 5 5 8 4 7 4 5 0 4 5 6 4 4 0 0 0 4 4 4 5 0 0 0 5 5 5 5 6 4 5 6 4 1 4 4 0 0 0 4 0 5 0 4 4 6
Last Time Cost: 00000044 ms
Total Time Cost: 02358637 ms
Total Distance 181: 7 5 0 4 0 6 0 0 5 5 5 8 4 7 4 5 0 4 5 6 4 4 0 0 0 4 4 4 5 0 0 0 5 5 5 5 6 4 5 6 4 0 4 4 0 0 0 4 0 5 0 4 4 6
Last Time Cost: 00003440 ms
Total Time Cost: 02362077 ms
Total Distance 180: 7 5 0 4 0 6 0 0 5 5 5 8 4 7 4 5 0 4 5 6 4 4 0 0 0 4 4 4 5 0 0 0 5 5 5 5 6 4 5 6 4 0 4 4 0 0 0 3 0 5 0 4 4 6
Last Time Cost: 00000044 ms
Total Time Cost: 02362121 ms
Total Distance 179: 7 5 0 4 0 6 0 0 5 5 5 8 4 7 4 5 0 4 5 6 4 4 0 0 0 4 4 4 5 0 0 0 5 5 5 5 6 4 5 6 4 0 4 4 0 0 0 2 0 5 0 4 4 6
Last Time Cost: 00000047 ms
Total Time Cost: 02362168 ms
Total Distance 178: 7 5 0 4 0 6 0 0 5 5 5 8 4 7 4 5 0 4 5 6 4 4 0 0 0 4 4 4 5 0 0 0 5 5 5 5 6 4 5 6 4 0 4 4 0 0 0 1 0 5 0 4 4 6
Last Time Cost: 00000047 ms
Total Time Cost: 02362215 ms
Total Distance 177: 7 5 0 4 0 6 0 0 5 5 5 8 4 7 4 5 0 4 5 6 4 4 0 0 0 4 4 4 5 0 0 0 5 5 5 5 6 4 5 6 4 0 4 4 0 0 0 0 0 5 0 4 4 6
Last Time Cost: 00003839 ms
Total Time Cost: 02366054 ms
Total Distance 176: 7 5 0 4 0 6 0 0 5 5 5 8 4 7 4 5 0 4 5 6 4 4 0 0 0 4 4 4 5 0 0 0 5 5 5 5 6 4 5 6 3 0 4 4 0 0 0 0 0 5 0 4 4 6
Last Time Cost: 00000047 ms
Total Time Cost: 02366101 ms
Total Distance 175: 7 5 0 4 0 6 0 0 5 5 5 8 4 7 4 5 0 4 5 6 4 4 0 0 0 4 4 4 5 0 0 0 5 5 5 5 6 4 5 6 2 0 4 4 0 0 0 0 0 5 0 4 4 6
Last Time Cost: 00000049 ms
Total Time Cost: 02366150 ms
Total Distance 174: 7 5 0 4 0 6 0 0 5 5 5 8 4 7 4 5 0 4 5 6 4 4 0 0 0 4 4 4 5 0 0 0 5 5 5 5 6 4 5 6 1 0 4 4 0 0 0 0 0 5 0 4 4 6
Last Time Cost: 00000050 ms
Total Time Cost: 02366200 ms
Total Distance 173: 7 5 0 4 0 6 0 0 5 5 5 8 4 7 4 5 0 4 5 6 4 4 0 0 0 4 4 4 5 0 0 0 5 5 5 5 6 4 5 6 0 0 4 4 0 0 0 0 0 5 0 4 4 6
Last Time Cost: 00004368 ms
Total Time Cost: 02370568 ms
Total Distance 172: 7 5 0 4 0 6 0 0 5 5 5 8 4 7 4 5 0 4 5 6 4 3 0 0 0 4 4 4 5 0 0 0 5 5 5 5 6 4 5 6 0 0 4 4 0 0 0 0 0 5 0 4 4 6
Last Time Cost: 00000050 ms
Total Time Cost: 02370618 ms
Total Distance 171: 7 5 0 4 0 6 0 0 5 5 5 8 4 7 4 5 0 4 5 6 4 2 0 0 0 4 4 4 5 0 0 0 5 5 5 5 6 4 5 6 0 0 4 4 0 0 0 0 0 5 0 4 4 6
Last Time Cost: 00000052 ms
Total Time Cost: 02370670 ms
Total Distance 170: 7 5 0 4 0 6 0 0 5 5 5 8 4 7 4 5 0 4 5 6 4 1 0 0 0 4 4 4 5 0 0 0 5 5 5 5 6 4 5 6 0 0 4 4 0 0 0 0 0 5 0 4 4 6
Last Time Cost: 00000053 ms
Total Time Cost: 02370723 ms
Total Distance 169: 7 5 0 4 0 6 0 0 5 5 5 8 4 7 4 5 0 4 5 6 4 0 0 0 0 4 4 4 5 0 0 0 5 5 5 5 6 4 5 6 0 0 4 4 0 0 0 0 0 5 0 4 4 6
Last Time Cost: 00004758 ms
Total Time Cost: 02375481 ms
Total Distance 168: 7 5 0 4 0 6 0 0 5 5 5 8 4 7 4 5 0 4 5 6 4 0 0 0 0 4 4 4 5 0 0 0 5 5 5 5 6 4 5 6 0 0 3 4 0 0 0 0 0 5 0 4 4 6
Last Time Cost: 00000053 ms
Total Time Cost: 02375534 ms
Total Distance 167: 7 5 0 4 0 6 0 0 5 5 5 8 4 7 4 5 0 4 5 6 4 0 0 0 0 4 4 4 5 0 0 0 5 5 5 5 6 4 5 6 0 0 2 4 0 0 0 0 0 5 0 4 4 6
Last Time Cost: 00000056 ms
Total Time Cost: 02375590 ms
Total Distance 166: 7 5 0 4 0 6 0 0 5 5 5 8 4 7 4 5 0 4 5 6 4 0 0 0 0 4 4 4 5 0 0 0 5 5 5 5 6 4 5 6 0 0 1 4 0 0 0 0 0 5 0 4 4 6
Last Time Cost: 00000056 ms
Total Time Cost: 02375646 ms
Total Distance 165: 7 5 0 4 0 6 0 0 5 5 5 8 4 7 4 5 0 4 5 6 4 0 0 0 0 4 4 4 5 0 0 0 5 5 5 5 6 4 5 6 0 0 0 4 0 0 0 0 0 5 0 4 4 6
Last Time Cost: 00005220 ms
Total Time Cost: 02380866 ms
Total Distance 164: 7 5 0 4 0 6 0 0 5 5 5 8 3 7 4 5 0 4 5 6 4 0 0 0 0 4 4 4 5 0 0 0 5 5 5 5 6 4 5 6 0 0 0 4 0 0 0 0 0 5 0 4 4 6
Last Time Cost: 00000057 ms
Total Time Cost: 02380923 ms
Total Distance 163: 7 5 0 4 0 6 0 0 5 5 5 8 2 7 4 5 0 4 5 6 4 0 0 0 0 4 4 4 5 0 0 0 5 5 5 5 6 4 5 6 0 0 0 4 0 0 0 0 0 5 0 4 4 6
Last Time Cost: 00000059 ms
Total Time Cost: 02380982 ms
Total Distance 162: 7 5 0 4 0 6 0 0 5 5 5 8 1 7 4 5 0 4 5 6 4 0 0 0 0 4 4 4 5 0 0 0 5 5 5 5 6 4 5 6 0 0 0 4 0 0 0 0 0 5 0 4 4 6
Last Time Cost: 00000060 ms
Total Time Cost: 02381042 ms
Total Distance 161: 7 5 0 4 0 6 0 0 5 5 5 8 0 7 4 5 0 4 5 6 4 0 0 0 0 4 4 4 5 0 0 0 5 5 5 5 6 4 5 6 0 0 0 4 0 0 0 0 0 5 0 4 4 6
Last Time Cost: 00005839 ms
Total Time Cost: 02386881 ms
Total Distance 160: 7 5 0 4 0 6 0 0 5 5 5 8 0 7 4 5 0 4 5 6 3 0 0 0 0 4 4 4 5 0 0 0 5 5 5 5 6 4 5 6 0 0 0 4 0 0 0 0 0 5 0 4 4 6
Last Time Cost: 00000060 ms
Total Time Cost: 02386941 ms
Total Distance 159: 7 5 0 4 0 6 0 0 5 5 5 8 0 7 4 5 0 4 5 6 2 0 0 0 0 4 4 4 5 0 0 0 5 5 5 5 6 4 5 6 0 0 0 4 0 0 0 0 0 5 0 4 4 6
Last Time Cost: 00000063 ms
Total Time Cost: 02387004 ms
Total Distance 158: 7 5 0 4 0 6 0 0 5 5 5 8 0 7 4 5 0 4 5 6 1 0 0 0 0 4 4 4 5 0 0 0 5 5 5 5 6 4 5 6 0 0 0 4 0 0 0 0 0 5 0 4 4 6
Last Time Cost: 00000064 ms
Total Time Cost: 02387068 ms
Total Distance 157: 7 5 0 4 0 6 0 0 5 5 5 8 0 7 4 5 0 4 5 6 0 0 0 0 0 4 4 4 5 0 0 0 5 5 5 5 6 4 5 6 0 0 0 4 0 0 0 0 0 5 0 4 4 6
Last Time Cost: 00006568 ms
Total Time Cost: 02393636 ms
Total Distance 155: 7 5 0 4 0 6 0 0 5 5 5 8 0 6 4 5 0 4 5 6 0 0 0 0 0 4 4 4 5 0 0 0 5 5 5 5 6 4 5 6 0 0 0 4 0 0 0 0 0 5 0 4 4 5
Last Time Cost: 00004818 ms
Total Time Cost: 02398454 ms
Total Distance 154: 7 5 0 3 0 6 0 0 5 5 5 8 0 6 4 5 0 4 5 6 0 0 0 0 0 4 4 4 5 0 0 0 5 5 5 5 6 4 5 6 0 0 0 4 0 0 0 0 0 5 0 4 4 5
Last Time Cost: 00000065 ms
Total Time Cost: 02398519 ms
Total Distance 153: 7 5 0 2 0 6 0 0 5 5 5 8 0 6 4 5 0 4 5 6 0 0 0 0 0 4 4 4 5 0 0 0 5 5 5 5 6 4 5 6 0 0 0 4 0 0 0 0 0 5 0 4 4 5
Last Time Cost: 00000068 ms
Total Time Cost: 02398587 ms
Total Distance 152: 7 5 0 1 0 6 0 0 5 5 5 8 0 6 4 5 0 4 5 6 0 0 0 0 0 4 4 4 5 0 0 0 5 5 5 5 6 4 5 6 0 0 0 4 0 0 0 0 0 5 0 4 4 5
Last Time Cost: 00000069 ms
Total Time Cost: 02398656 ms
Total Distance 151: 7 5 0 0 0 6 0 0 5 5 5 8 0 6 4 5 0 4 5 6 0 0 0 0 0 4 4 4 5 0 0 0 5 5 5 5 6 4 5 6 0 0 0 4 0 0 0 0 0 5 0 4 4 5
Last Time Cost: 00005573 ms
Total Time Cost: 02404229 ms
Total Distance 150: 7 5 0 0 0 6 0 0 5 5 5 8 0 6 4 5 0 4 5 6 0 0 0 0 0 4 3 4 5 0 0 0 5 5 5 5 6 4 5 6 0 0 0 4 0 0 0 0 0 5 0 4 4 5
Last Time Cost: 00000069 ms
Total Time Cost: 02404298 ms
Total Distance 149: 7 5 0 0 0 6 0 0 5 5 5 8 0 6 4 5 0 4 5 6 0 0 0 0 0 4 2 4 5 0 0 0 5 5 5 5 6 4 5 6 0 0 0 4 0 0 0 0 0 5 0 4 4 5
Last Time Cost: 00000072 ms
Total Time Cost: 02404370 ms
Total Distance 148: 7 5 0 0 0 6 0 0 5 5 5 8 0 6 4 5 0 4 5 6 0 0 0 0 0 4 1 4 5 0 0 0 5 5 5 5 6 4 5 6 0 0 0 4 0 0 0 0 0 5 0 4 4 5
Last Time Cost: 00000073 ms
Total Time Cost: 02404443 ms
Total Distance 147: 7 5 0 0 0 6 0 0 5 5 5 8 0 6 4 5 0 4 5 6 0 0 0 0 0 4 0 4 5 0 0 0 5 5 5 5 6 4 5 6 0 0 0 4 0 0 0 0 0 5 0 4 4 5
Last Time Cost: 00005800 ms
Total Time Cost: 02410243 ms
Total Distance 146: 7 5 0 0 0 6 0 0 5 5 5 8 0 6 4 5 0 4 5 6 0 0 0 0 0 4 0 3 5 0 0 0 5 5 5 5 6 4 5 6 0 0 0 4 0 0 0 0 0 5 0 4 4 5
Last Time Cost: 00000074 ms
Total Time Cost: 02410317 ms
Total Distance 145: 7 5 0 0 0 6 0 0 5 5 5 8 0 6 4 5 0 4 5 6 0 0 0 0 0 4 0 2 5 0 0 0 5 5 5 5 6 4 5 6 0 0 0 4 0 0 0 0 0 5 0 4 4 5
Last Time Cost: 00000077 ms
Total Time Cost: 02410394 ms
Total Distance 144: 7 5 0 0 0 6 0 0 5 5 5 8 0 6 4 5 0 4 5 6 0 0 0 0 0 4 0 1 5 0 0 0 5 5 5 5 6 4 5 6 0 0 0 4 0 0 0 0 0 5 0 4 4 5
Last Time Cost: 00000077 ms
Total Time Cost: 02410471 ms
Total Distance 143: 7 5 0 0 0 6 0 0 5 5 5 8 0 6 4 5 0 4 5 6 0 0 0 0 0 4 0 0 5 0 0 0 5 5 5 5 6 4 5 6 0 0 0 4 0 0 0 0 0 5 0 4 4 5
Last Time Cost: 00006281 ms
Total Time Cost: 02416752 ms
Total Distance 142: 7 5 0 0 0 6 0 0 5 5 5 8 0 6 4 5 0 4 5 6 0 0 0 0 0 3 0 0 5 0 0 0 5 5 5 5 6 4 5 6 0 0 0 4 0 0 0 0 0 5 0 4 4 5
Last Time Cost: 00000079 ms
Total Time Cost: 02416831 ms
Total Distance 141: 7 5 0 0 0 6 0 0 5 5 5 8 0 6 4 5 0 4 5 6 0 0 0 0 0 2 0 0 5 0 0 0 5 5 5 5 6 4 5 6 0 0 0 4 0 0 0 0 0 5 0 4 4 5
Last Time Cost: 00000081 ms
Total Time Cost: 02416912 ms
Total Distance 140: 7 5 0 0 0 6 0 0 5 5 5 8 0 6 4 5 0 4 5 6 0 0 0 0 0 1 0 0 5 0 0 0 5 5 5 5 6 4 5 6 0 0 0 4 0 0 0 0 0 5 0 4 4 5
Last Time Cost: 00000084 ms
Total Time Cost: 02416996 ms
Total Distance 139: 7 5 0 0 0 6 0 0 5 5 5 8 0 6 4 5 0 4 5 6 0 0 0 0 0 0 0 0 5 0 0 0 5 5 5 5 6 4 5 6 0 0 0 4 0 0 0 0 0 5 0 4 4 5
Last Time Cost: 00006886 ms
Total Time Cost: 02423882 ms
Total Distance 138: 7 5 0 0 0 6 0 0 5 5 5 8 0 6 4 5 0 4 5 6 0 0 0 0 0 0 0 0 5 0 0 0 5 5 5 5 6 4 5 6 0 0 0 4 0 0 0 0 0 5 0 4 3 5
Last Time Cost: 00000083 ms
Total Time Cost: 02423965 ms
Total Distance 137: 7 5 0 0 0 6 0 0 5 5 5 8 0 6 4 5 0 4 5 6 0 0 0 0 0 0 0 0 5 0 0 0 5 5 5 5 6 4 5 6 0 0 0 4 0 0 0 0 0 5 0 4 2 5
Last Time Cost: 00000087 ms
Total Time Cost: 02424052 ms
Total Distance 136: 7 5 0 0 0 6 0 0 5 5 5 8 0 6 4 5 0 4 5 6 0 0 0 0 0 0 0 0 5 0 0 0 5 5 5 5 6 4 5 6 0 0 0 4 0 0 0 0 0 5 0 4 1 5
Last Time Cost: 00000088 ms
Total Time Cost: 02424140 ms
Total Distance 135: 7 5 0 0 0 6 0 0 5 5 5 8 0 6 4 5 0 4 5 6 0 0 0 0 0 0 0 0 5 0 0 0 5 5 5 5 6 4 5 6 0 0 0 4 0 0 0 0 0 5 0 4 0 5
Last Time Cost: 00007766 ms
Total Time Cost: 02431906 ms
Total Distance 134: 7 5 0 0 0 6 0 0 5 5 5 8 0 6 4 5 0 4 5 6 0 0 0 0 0 0 0 0 5 0 0 0 5 5 5 5 6 4 5 6 0 0 0 4 0 0 0 0 0 5 0 3 0 5
Last Time Cost: 00000088 ms
Total Time Cost: 02431994 ms
Total Distance 133: 7 5 0 0 0 6 0 0 5 5 5 8 0 6 4 5 0 4 5 6 0 0 0 0 0 0 0 0 5 0 0 0 5 5 5 5 6 4 5 6 0 0 0 4 0 0 0 0 0 5 0 2 0 5
Last Time Cost: 00000092 ms
Total Time Cost: 02432086 ms
Total Distance 132: 7 5 0 0 0 6 0 0 5 5 5 8 0 6 4 5 0 4 5 6 0 0 0 0 0 0 0 0 5 0 0 0 5 5 5 5 6 4 5 6 0 0 0 4 0 0 0 0 0 5 0 1 0 5
Last Time Cost: 00000093 ms
Total Time Cost: 02432179 ms
Total Distance 131: 7 5 0 0 0 6 0 0 5 5 5 8 0 6 4 5 0 4 5 6 0 0 0 0 0 0 0 0 5 0 0 0 5 5 5 5 6 4 5 6 0 0 0 4 0 0 0 0 0 5 0 0 0 5
Last Time Cost: 00009601 ms
Total Time Cost: 02441780 ms
Total Distance 130: 7 5 0 0 0 6 0 0 5 5 5 8 0 6 4 5 0 3 5 6 0 0 0 0 0 0 0 0 5 0 0 0 5 5 5 5 6 4 5 6 0 0 0 4 0 0 0 0 0 5 0 0 0 5
Last Time Cost: 00000094 ms
Total Time Cost: 02441874 ms
Total Distance 129: 7 5 0 0 0 6 0 0 5 5 5 8 0 6 4 5 0 2 5 6 0 0 0 0 0 0 0 0 5 0 0 0 5 5 5 5 6 4 5 6 0 0 0 4 0 0 0 0 0 5 0 0 0 5
Last Time Cost: 00000098 ms
Total Time Cost: 02441972 ms
Total Distance 128: 7 5 0 0 0 6 0 0 5 5 5 8 0 6 4 5 0 1 5 6 0 0 0 0 0 0 0 0 5 0 0 0 5 5 5 5 6 4 5 6 0 0 0 4 0 0 0 0 0 5 0 0 0 5
Last Time Cost: 00000099 ms
Total Time Cost: 02442071 ms
Total Distance 127: 7 5 0 0 0 6 0 0 5 5 5 8 0 6 4 5 0 0 5 6 0 0 0 0 0 0 0 0 5 0 0 0 5 5 5 5 6 4 5 6 0 0 0 4 0 0 0 0 0 5 0 0 0 5
Last Time Cost: 00010519 ms
Total Time Cost: 02452590 ms
Total Distance 126: 7 5 0 0 0 6 0 0 5 5 5 8 0 6 3 5 0 0 5 6 0 0 0 0 0 0 0 0 5 0 0 0 5 5 5 5 6 4 5 6 0 0 0 4 0 0 0 0 0 5 0 0 0 5
Last Time Cost: 00000100 ms
Total Time Cost: 02452690 ms
Total Distance 125: 7 5 0 0 0 6 0 0 5 5 5 8 0 6 2 5 0 0 5 6 0 0 0 0 0 0 0 0 5 0 0 0 5 5 5 5 6 4 5 6 0 0 0 4 0 0 0 0 0 5 0 0 0 5
Last Time Cost: 00000103 ms
Total Time Cost: 02452793 ms
Total Distance 124: 7 5 0 0 0 6 0 0 5 5 5 8 0 6 1 5 0 0 5 6 0 0 0 0 0 0 0 0 5 0 0 0 5 5 5 5 6 4 5 6 0 0 0 4 0 0 0 0 0 5 0 0 0 5
Last Time Cost: 00000105 ms
Total Time Cost: 02452898 ms
Total Distance 123: 7 5 0 0 0 6 0 0 5 5 5 8 0 6 0 5 0 0 5 6 0 0 0 0 0 0 0 0 5 0 0 0 5 5 5 5 6 4 5 6 0 0 0 4 0 0 0 0 0 5 0 0 0 5
Last Time Cost: 00010350 ms
Total Time Cost: 02463248 ms
Total Distance 122: 7 5 0 0 0 6 0 0 5 5 5 8 0 6 0 5 0 0 5 6 0 0 0 0 0 0 0 0 5 0 0 0 5 5 5 5 6 3 5 6 0 0 0 4 0 0 0 0 0 5 0 0 0 5
Last Time Cost: 00000105 ms
Total Time Cost: 02463353 ms
Total Distance 121: 7 5 0 0 0 6 0 0 5 5 5 8 0 6 0 5 0 0 5 6 0 0 0 0 0 0 0 0 5 0 0 0 5 5 5 5 6 2 5 6 0 0 0 4 0 0 0 0 0 5 0 0 0 5
Last Time Cost: 00000109 ms
Total Time Cost: 02463462 ms
Total Distance 120: 7 5 0 0 0 6 0 0 5 5 5 8 0 6 0 5 0 0 5 6 0 0 0 0 0 0 0 0 5 0 0 0 5 5 5 5 6 1 5 6 0 0 0 4 0 0 0 0 0 5 0 0 0 5
Last Time Cost: 00000111 ms
Total Time Cost: 02463573 ms
Total Distance 119: 7 5 0 0 0 6 0 0 5 5 5 8 0 6 0 5 0 0 5 6 0 0 0 0 0 0 0 0 5 0 0 0 5 5 5 5 6 0 5 6 0 0 0 4 0 0 0 0 0 5 0 0 0 5
Last Time Cost: 00011117 ms
Total Time Cost: 02474690 ms
Total Distance 118: 7 5 0 0 0 6 0 0 5 5 5 8 0 6 0 5 0 0 5 6 0 0 0 0 0 0 0 0 5 0 0 0 5 5 5 5 6 0 5 6 0 0 0 3 0 0 0 0 0 5 0 0 0 5
Last Time Cost: 00000112 ms
Total Time Cost: 02474802 ms
Total Distance 117: 7 5 0 0 0 6 0 0 5 5 5 8 0 6 0 5 0 0 5 6 0 0 0 0 0 0 0 0 5 0 0 0 5 5 5 5 6 0 5 6 0 0 0 2 0 0 0 0 0 5 0 0 0 5
Last Time Cost: 00000115 ms
Total Time Cost: 02474917 ms
Total Distance 116: 7 5 0 0 0 6 0 0 5 5 5 8 0 6 0 5 0 0 5 6 0 0 0 0 0 0 0 0 5 0 0 0 5 5 5 5 6 0 5 6 0 0 0 1 0 0 0 0 0 5 0 0 0 5
Last Time Cost: 00000117 ms
Total Time Cost: 02475034 ms
Total Distance 115: 7 5 0 0 0 6 0 0 5 5 5 8 0 6 0 5 0 0 5 6 0 0 0 0 0 0 0 0 5 0 0 0 5 5 5 5 6 0 5 6 0 0 0 0 0 0 0 0 0 5 0 0 0 5
Last Time Cost: 00013244 ms
Total Time Cost: 02488278 ms
Total Distance 114: 7 5 0 0 0 6 0 0 5 5 5 8 0 6 0 5 0 0 4 6 0 0 0 0 0 0 0 0 5 0 0 0 5 5 5 5 6 0 5 6 0 0 0 0 0 0 0 0 0 5 0 0 0 5
Last Time Cost: 00000119 ms
Total Time Cost: 02488397 ms
Total Distance 113: 7 5 0 0 0 6 0 0 5 5 5 8 0 6 0 5 0 0 3 6 0 0 0 0 0 0 0 0 5 0 0 0 5 5 5 5 6 0 5 6 0 0 0 0 0 0 0 0 0 5 0 0 0 5
Last Time Cost: 00000123 ms
Total Time Cost: 02488520 ms
Total Distance 111: 7 5 0 0 0 6 0 0 5 5 5 7 0 6 0 5 0 0 2 6 0 0 0 0 0 0 0 0 5 0 0 0 5 5 5 5 6 0 5 6 0 0 0 0 0 0 0 0 0 5 0 0 0 5
Last Time Cost: 00008646 ms
Total Time Cost: 02497166 ms
Total Distance 110: 7 5 0 0 0 6 0 0 5 5 5 7 0 6 0 5 0 0 1 6 0 0 0 0 0 0 0 0 5 0 0 0 5 5 5 5 6 0 5 6 0 0 0 0 0 0 0 0 0 5 0 0 0 5
Last Time Cost: 00000004 ms
Total Time Cost: 02497170 ms
Total Distance 109: 7 5 0 0 0 6 0 0 5 5 5 7 0 6 0 5 0 0 0 6 0 0 0 0 0 0 0 0 5 0 0 0 5 5 5 5 6 0 5 6 0 0 0 0 0 0 0 0 0 5 0 0 0 5
Last Time Cost: 00008823 ms
Total Time Cost: 02505993 ms
Total Distance 108: 7 5 0 0 0 6 0 0 5 5 5 7 0 6 0 5 0 0 0 6 0 0 0 0 0 0 0 0 5 0 0 0 5 4 5 5 6 0 5 6 0 0 0 0 0 0 0 0 0 5 0 0 0 5
Last Time Cost: 00000005 ms
Total Time Cost: 02505998 ms
Total Distance 107: 7 5 0 0 0 6 0 0 5 5 5 7 0 6 0 5 0 0 0 6 0 0 0 0 0 0 0 0 5 0 0 0 5 3 5 5 6 0 5 6 0 0 0 0 0 0 0 0 0 5 0 0 0 5
Last Time Cost: 00000004 ms
Total Time Cost: 02506002 ms
Total Distance 106: 7 5 0 0 0 6 0 0 5 5 5 7 0 6 0 5 0 0 0 6 0 0 0 0 0 0 0 0 5 0 0 0 5 2 5 5 6 0 5 6 0 0 0 0 0 0 0 0 0 5 0 0 0 5
Last Time Cost: 00000003 ms
Total Time Cost: 02506005 ms
Total Distance 105: 7 5 0 0 0 6 0 0 5 5 5 7 0 6 0 5 0 0 0 6 0 0 0 0 0 0 0 0 5 0 0 0 5 1 5 5 6 0 5 6 0 0 0 0 0 0 0 0 0 5 0 0 0 5
Last Time Cost: 00000003 ms
Total Time Cost: 02506008 ms
Total Distance 104: 7 5 0 0 0 6 0 0 5 5 5 7 0 6 0 5 0 0 0 6 0 0 0 0 0 0 0 0 5 0 0 0 5 0 5 5 6 0 5 6 0 0 0 0 0 0 0 0 0 5 0 0 0 5
Last Time Cost: 00009726 ms
Total Time Cost: 02515734 ms
Total Distance 103: 7 5 0 0 0 6 0 0 5 5 5 7 0 6 0 5 0 0 0 6 0 0 0 0 0 0 0 0 5 0 0 0 4 0 5 5 6 0 5 6 0 0 0 0 0 0 0 0 0 5 0 0 0 5
Last Time Cost: 00000005 ms
Total Time Cost: 02515739 ms
Total Distance 102: 7 5 0 0 0 6 0 0 5 5 5 7 0 6 0 5 0 0 0 6 0 0 0 0 0 0 0 0 5 0 0 0 3 0 5 5 6 0 5 6 0 0 0 0 0 0 0 0 0 5 0 0 0 5
Last Time Cost: 00000004 ms
Total Time Cost: 02515743 ms
Total Distance 101: 7 5 0 0 0 6 0 0 5 5 5 7 0 6 0 5 0 0 0 6 0 0 0 0 0 0 0 0 5 0 0 0 2 0 5 5 6 0 5 6 0 0 0 0 0 0 0 0 0 5 0 0 0 5
Last Time Cost: 00000003 ms
Total Time Cost: 02515746 ms
Total Distance 100: 7 5 0 0 0 6 0 0 5 5 5 7 0 6 0 5 0 0 0 6 0 0 0 0 0 0 0 0 5 0 0 0 1 0 5 5 6 0 5 6 0 0 0 0 0 0 0 0 0 5 0 0 0 5
Last Time Cost: 00000003 ms
Total Time Cost: 02515749 ms
Total Distance 99: 7 5 0 0 0 6 0 0 5 5 5 7 0 6 0 5 0 0 0 6 0 0 0 0 0 0 0 0 5 0 0 0 0 0 5 5 6 0 5 6 0 0 0 0 0 0 0 0 0 5 0 0 0 5
Last Time Cost: 00011192 ms
Total Time Cost: 02526941 ms
Total Distance 98: 7 5 0 0 0 6 0 0 5 4 5 7 0 6 0 5 0 0 0 6 0 0 0 0 0 0 0 0 5 0 0 0 0 0 5 5 6 0 5 6 0 0 0 0 0 0 0 0 0 5 0 0 0 5
Last Time Cost: 00000005 ms
Total Time Cost: 02526946 ms
Total Distance 97: 7 5 0 0 0 6 0 0 5 3 5 7 0 6 0 5 0 0 0 6 0 0 0 0 0 0 0 0 5 0 0 0 0 0 5 5 6 0 5 6 0 0 0 0 0 0 0 0 0 5 0 0 0 5
Last Time Cost: 00000004 ms
Total Time Cost: 02526950 ms
Total Distance 96: 7 5 0 0 0 6 0 0 5 2 5 7 0 6 0 5 0 0 0 6 0 0 0 0 0 0 0 0 5 0 0 0 0 0 5 5 6 0 5 6 0 0 0 0 0 0 0 0 0 5 0 0 0 5
Last Time Cost: 00000003 ms
Total Time Cost: 02526953 ms
Total Distance 95: 7 5 0 0 0 6 0 0 5 1 5 7 0 6 0 5 0 0 0 6 0 0 0 0 0 0 0 0 5 0 0 0 0 0 5 5 6 0 5 6 0 0 0 0 0 0 0 0 0 5 0 0 0 5
Last Time Cost: 00000003 ms
Total Time Cost: 02526956 ms
Total Distance 94: 7 5 0 0 0 6 0 0 5 0 5 7 0 6 0 5 0 0 0 6 0 0 0 0 0 0 0 0 5 0 0 0 0 0 5 5 6 0 5 6 0 0 0 0 0 0 0 0 0 5 0 0 0 5
Last Time Cost: 00012687 ms
Total Time Cost: 02539643 ms
Total Distance 93: 7 5 0 0 0 6 0 0 5 0 4 7 0 6 0 5 0 0 0 6 0 0 0 0 0 0 0 0 5 0 0 0 0 0 5 5 6 0 5 6 0 0 0 0 0 0 0 0 0 5 0 0 0 5
Last Time Cost: 00000007 ms
Total Time Cost: 02539650 ms
Total Distance 92: 7 5 0 0 0 6 0 0 5 0 3 7 0 6 0 5 0 0 0 6 0 0 0 0 0 0 0 0 5 0 0 0 0 0 5 5 6 0 5 6 0 0 0 0 0 0 0 0 0 5 0 0 0 5
Last Time Cost: 00000004 ms
Total Time Cost: 02539654 ms
Total Distance 91: 7 5 0 0 0 6 0 0 5 0 2 7 0 6 0 5 0 0 0 6 0 0 0 0 0 0 0 0 5 0 0 0 0 0 5 5 6 0 5 6 0 0 0 0 0 0 0 0 0 5 0 0 0 5
Last Time Cost: 00000004 ms
Total Time Cost: 02539658 ms
Total Distance 90: 7 5 0 0 0 6 0 0 5 0 1 7 0 6 0 5 0 0 0 6 0 0 0 0 0 0 0 0 5 0 0 0 0 0 5 5 6 0 5 6 0 0 0 0 0 0 0 0 0 5 0 0 0 5
Last Time Cost: 00000003 ms
Total Time Cost: 02539661 ms
Total Distance 89: 7 5 0 0 0 6 0 0 5 0 0 7 0 6 0 5 0 0 0 6 0 0 0 0 0 0 0 0 5 0 0 0 0 0 5 5 6 0 5 6 0 0 0 0 0 0 0 0 0 5 0 0 0 5
Last Time Cost: 00012754 ms
Total Time Cost: 02552415 ms
Total Distance 88: 7 5 0 0 0 6 0 0 5 0 0 7 0 6 0 5 0 0 0 6 0 0 0 0 0 0 0 0 5 0 0 0 0 0 5 5 6 0 5 6 0 0 0 0 0 0 0 0 0 4 0 0 0 5
Last Time Cost: 00000006 ms
Total Time Cost: 02552421 ms
Total Distance 87: 7 5 0 0 0 6 0 0 5 0 0 7 0 6 0 5 0 0 0 6 0 0 0 0 0 0 0 0 5 0 0 0 0 0 5 5 6 0 5 6 0 0 0 0 0 0 0 0 0 3 0 0 0 5
Last Time Cost: 00000005 ms
Total Time Cost: 02552426 ms
Total Distance 86: 7 5 0 0 0 6 0 0 5 0 0 7 0 6 0 5 0 0 0 6 0 0 0 0 0 0 0 0 5 0 0 0 0 0 5 5 6 0 5 6 0 0 0 0 0 0 0 0 0 2 0 0 0 5
Last Time Cost: 00000004 ms
Total Time Cost: 02552430 ms
Total Distance 85: 7 5 0 0 0 6 0 0 5 0 0 7 0 6 0 5 0 0 0 6 0 0 0 0 0 0 0 0 5 0 0 0 0 0 5 5 6 0 5 6 0 0 0 0 0 0 0 0 0 1 0 0 0 5
Last Time Cost: 00000003 ms
Total Time Cost: 02552433 ms
Total Distance 84: 7 5 0 0 0 6 0 0 5 0 0 7 0 6 0 5 0 0 0 6 0 0 0 0 0 0 0 0 5 0 0 0 0 0 5 5 6 0 5 6 0 0 0 0 0 0 0 0 0 0 0 0 0 5
Last Time Cost: 00017526 ms
Total Time Cost: 02569959 ms
Total Distance 83: 7 5 0 0 0 6 0 0 5 0 0 7 0 6 0 4 0 0 0 6 0 0 0 0 0 0 0 0 5 0 0 0 0 0 5 5 6 0 5 6 0 0 0 0 0 0 0 0 0 0 0 0 0 5
Last Time Cost: 00000006 ms
Total Time Cost: 02569965 ms
Total Distance 82: 7 5 0 0 0 6 0 0 5 0 0 7 0 6 0 3 0 0 0 6 0 0 0 0 0 0 0 0 5 0 0 0 0 0 5 5 6 0 5 6 0 0 0 0 0 0 0 0 0 0 0 0 0 5
Last Time Cost: 00000005 ms
Total Time Cost: 02569970 ms
Total Distance 81: 7 5 0 0 0 6 0 0 5 0 0 7 0 6 0 2 0 0 0 6 0 0 0 0 0 0 0 0 5 0 0 0 0 0 5 5 6 0 5 6 0 0 0 0 0 0 0 0 0 0 0 0 0 5
Last Time Cost: 00000004 ms
Total Time Cost: 02569974 ms
Total Distance 80: 7 5 0 0 0 6 0 0 5 0 0 7 0 6 0 1 0 0 0 6 0 0 0 0 0 0 0 0 5 0 0 0 0 0 5 5 6 0 5 6 0 0 0 0 0 0 0 0 0 0 0 0 0 5
Last Time Cost: 00000003 ms
Total Time Cost: 02569977 ms
Total Distance 79: 7 5 0 0 0 6 0 0 5 0 0 7 0 6 0 0 0 0 0 6 0 0 0 0 0 0 0 0 5 0 0 0 0 0 5 5 6 0 5 6 0 0 0 0 0 0 0 0 0 0 0 0 0 5
Last Time Cost: 00019513 ms
Total Time Cost: 02589490 ms
Total Distance 78: 7 4 0 0 0 6 0 0 5 0 0 7 0 6 0 0 0 0 0 6 0 0 0 0 0 0 0 0 5 0 0 0 0 0 5 5 6 0 5 6 0 0 0 0 0 0 0 0 0 0 0 0 0 5
Last Time Cost: 00000008 ms
Total Time Cost: 02589498 ms
Total Distance 77: 7 3 0 0 0 6 0 0 5 0 0 7 0 6 0 0 0 0 0 6 0 0 0 0 0 0 0 0 5 0 0 0 0 0 5 5 6 0 5 6 0 0 0 0 0 0 0 0 0 0 0 0 0 5
Last Time Cost: 00000005 ms
Total Time Cost: 02589503 ms
Total Distance 76: 7 2 0 0 0 6 0 0 5 0 0 7 0 6 0 0 0 0 0 6 0 0 0 0 0 0 0 0 5 0 0 0 0 0 5 5 6 0 5 6 0 0 0 0 0 0 0 0 0 0 0 0 0 5
Last Time Cost: 00000004 ms
Total Time Cost: 02589507 ms
Total Distance 75: 7 1 0 0 0 6 0 0 5 0 0 7 0 6 0 0 0 0 0 6 0 0 0 0 0 0 0 0 5 0 0 0 0 0 5 5 6 0 5 6 0 0 0 0 0 0 0 0 0 0 0 0 0 5
Last Time Cost: 00000003 ms
Total Time Cost: 02589510 ms
Total Distance 74: 7 0 0 0 0 6 0 0 5 0 0 7 0 6 0 0 0 0 0 6 0 0 0 0 0 0 0 0 5 0 0 0 0 0 5 5 6 0 5 6 0 0 0 0 0 0 0 0 0 0 0 0 0 5
Last Time Cost: 00021283 ms
Total Time Cost: 02610793 ms
Total Distance 73: 7 0 0 0 0 6 0 0 5 0 0 7 0 6 0 0 0 0 0 6 0 0 0 0 0 0 0 0 5 0 0 0 0 0 5 5 6 0 4 6 0 0 0 0 0 0 0 0 0 0 0 0 0 5
Last Time Cost: 00000007 ms
Total Time Cost: 02610800 ms
Total Distance 72: 7 0 0 0 0 6 0 0 5 0 0 7 0 6 0 0 0 0 0 6 0 0 0 0 0 0 0 0 5 0 0 0 0 0 5 5 6 0 3 6 0 0 0 0 0 0 0 0 0 0 0 0 0 5
Last Time Cost: 00000005 ms
Total Time Cost: 02610805 ms
Total Distance 71: 7 0 0 0 0 6 0 0 5 0 0 7 0 6 0 0 0 0 0 6 0 0 0 0 0 0 0 0 5 0 0 0 0 0 5 5 6 0 2 6 0 0 0 0 0 0 0 0 0 0 0 0 0 5
Last Time Cost: 00000004 ms
Total Time Cost: 02610809 ms
Total Distance 70: 7 0 0 0 0 6 0 0 5 0 0 7 0 6 0 0 0 0 0 6 0 0 0 0 0 0 0 0 5 0 0 0 0 0 5 5 6 0 1 6 0 0 0 0 0 0 0 0 0 0 0 0 0 5
Last Time Cost: 00000003 ms
Total Time Cost: 02610812 ms
Total Distance 69: 7 0 0 0 0 6 0 0 5 0 0 7 0 6 0 0 0 0 0 6 0 0 0 0 0 0 0 0 5 0 0 0 0 0 5 5 6 0 0 6 0 0 0 0 0 0 0 0 0 0 0 0 0 5
Last Time Cost: 00022630 ms
Total Time Cost: 02633442 ms
Total Distance 68: 7 0 0 0 0 6 0 0 5 0 0 7 0 6 0 0 0 0 0 6 0 0 0 0 0 0 0 0 5 0 0 0 0 0 5 4 6 0 0 6 0 0 0 0 0 0 0 0 0 0 0 0 0 5
Last Time Cost: 00000007 ms
Total Time Cost: 02633449 ms
Total Distance 67: 7 0 0 0 0 6 0 0 5 0 0 7 0 6 0 0 0 0 0 6 0 0 0 0 0 0 0 0 5 0 0 0 0 0 5 3 6 0 0 6 0 0 0 0 0 0 0 0 0 0 0 0 0 5
Last Time Cost: 00000006 ms
Total Time Cost: 02633455 ms
Total Distance 66: 7 0 0 0 0 6 0 0 5 0 0 7 0 6 0 0 0 0 0 6 0 0 0 0 0 0 0 0 5 0 0 0 0 0 5 2 6 0 0 6 0 0 0 0 0 0 0 0 0 0 0 0 0 5
Last Time Cost: 00000004 ms
Total Time Cost: 02633459 ms
Total Distance 65: 7 0 0 0 0 6 0 0 5 0 0 7 0 6 0 0 0 0 0 6 0 0 0 0 0 0 0 0 5 0 0 0 0 0 5 1 6 0 0 6 0 0 0 0 0 0 0 0 0 0 0 0 0 5
Last Time Cost: 00000004 ms
Total Time Cost: 02633463 ms
Total Distance 64: 7 0 0 0 0 6 0 0 5 0 0 7 0 6 0 0 0 0 0 6 0 0 0 0 0 0 0 0 5 0 0 0 0 0 5 0 6 0 0 6 0 0 0 0 0 0 0 0 0 0 0 0 0 5
Last Time Cost: 00026300 ms
Total Time Cost: 02659763 ms
Total Distance 63: 7 0 0 0 0 6 0 0 5 0 0 7 0 6 0 0 0 0 0 6 0 0 0 0 0 0 0 0 5 0 0 0 0 0 5 0 6 0 0 6 0 0 0 0 0 0 0 0 0 0 0 0 0 4
Last Time Cost: 00000007 ms
Total Time Cost: 02659770 ms
Total Distance 62: 7 0 0 0 0 6 0 0 5 0 0 7 0 6 0 0 0 0 0 6 0 0 0 0 0 0 0 0 5 0 0 0 0 0 5 0 6 0 0 6 0 0 0 0 0 0 0 0 0 0 0 0 0 3
Last Time Cost: 00000006 ms
Total Time Cost: 02659776 ms
Total Distance 61: 7 0 0 0 0 6 0 0 5 0 0 7 0 6 0 0 0 0 0 6 0 0 0 0 0 0 0 0 5 0 0 0 0 0 5 0 6 0 0 6 0 0 0 0 0 0 0 0 0 0 0 0 0 2
Last Time Cost: 00000005 ms
Total Time Cost: 02659781 ms
Total Distance 60: 7 0 0 0 0 6 0 0 5 0 0 7 0 6 0 0 0 0 0 6 0 0 0 0 0 0 0 0 5 0 0 0 0 0 5 0 6 0 0 6 0 0 0 0 0 0 0 0 0 0 0 0 0 1
Last Time Cost: 00000004 ms
Total Time Cost: 02659785 ms
Total Distance 59: 7 0 0 0 0 6 0 0 5 0 0 7 0 6 0 0 0 0 0 6 0 0 0 0 0 0 0 0 5 0 0 0 0 0 5 0 6 0 0 6 0 0 0 0 0 0 0 0 0 0 0 0 0 0
Last Time Cost: 00029752 ms
Total Time Cost: 02689537 ms
Total Distance 58: 7 0 0 0 0 6 0 0 5 0 0 7 0 6 0 0 0 0 0 6 0 0 0 0 0 0 0 0 4 0 0 0 0 0 5 0 6 0 0 6 0 0 0 0 0 0 0 0 0 0 0 0 0 0
Last Time Cost: 00000007 ms
Total Time Cost: 02689544 ms
Total Distance 57: 7 0 0 0 0 6 0 0 5 0 0 7 0 6 0 0 0 0 0 6 0 0 0 0 0 0 0 0 3 0 0 0 0 0 5 0 6 0 0 6 0 0 0 0 0 0 0 0 0 0 0 0 0 0
Last Time Cost: 00000006 ms
Total Time Cost: 02689550 ms
Total Distance 56: 7 0 0 0 0 6 0 0 5 0 0 7 0 6 0 0 0 0 0 6 0 0 0 0 0 0 0 0 2 0 0 0 0 0 5 0 6 0 0 6 0 0 0 0 0 0 0 0 0 0 0 0 0 0
Last Time Cost: 00000005 ms
Total Time Cost: 02689555 ms
Total Distance 55: 7 0 0 0 0 6 0 0 5 0 0 7 0 6 0 0 0 0 0 6 0 0 0 0 0 0 0 0 1 0 0 0 0 0 5 0 6 0 0 6 0 0 0 0 0 0 0 0 0 0 0 0 0 0
Last Time Cost: 00000004 ms
Total Time Cost: 02689559 ms
Total Distance 54: 7 0 0 0 0 6 0 0 5 0 0 7 0 6 0 0 0 0 0 6 0 0 0 0 0 0 0 0 0 0 0 0 0 0 5 0 6 0 0 6 0 0 0 0 0 0 0 0 0 0 0 0 0 0
Last Time Cost: 00032801 ms
Total Time Cost: 02722360 ms
Total Distance 52: 7 0 0 0 0 5 0 0 4 0 0 7 0 6 0 0 0 0 0 6 0 0 0 0 0 0 0 0 0 0 0 0 0 0 5 0 6 0 0 6 0 0 0 0 0 0 0 0 0 0 0 0 0 0
Last Time Cost: 00033450 ms
Total Time Cost: 02755810 ms
Total Distance 51: 7 0 0 0 0 5 0 0 3 0 0 7 0 6 0 0 0 0 0 6 0 0 0 0 0 0 0 0 0 0 0 0 0 0 5 0 6 0 0 6 0 0 0 0 0 0 0 0 0 0 0 0 0 0
Last Time Cost: 00000006 ms
Total Time Cost: 02755816 ms
Total Distance 50: 7 0 0 0 0 5 0 0 2 0 0 7 0 6 0 0 0 0 0 6 0 0 0 0 0 0 0 0 0 0 0 0 0 0 5 0 6 0 0 6 0 0 0 0 0 0 0 0 0 0 0 0 0 0
Last Time Cost: 00000005 ms
Total Time Cost: 02755821 ms
Total Distance 49: 7 0 0 0 0 5 0 0 1 0 0 7 0 6 0 0 0 0 0 6 0 0 0 0 0 0 0 0 0 0 0 0 0 0 5 0 6 0 0 6 0 0 0 0 0 0 0 0 0 0 0 0 0 0
Last Time Cost: 00000004 ms
Total Time Cost: 02755825 ms
Total Distance 48: 7 0 0 0 0 5 0 0 0 0 0 7 0 6 0 0 0 0 0 6 0 0 0 0 0 0 0 0 0 0 0 0 0 0 5 0 6 0 0 6 0 0 0 0 0 0 0 0 0 0 0 0 0 0
Last Time Cost: 00040080 ms
Total Time Cost: 02795905 ms
Total Distance 47: 7 0 0 0 0 4 0 0 0 0 0 7 0 6 0 0 0 0 0 6 0 0 0 0 0 0 0 0 0 0 0 0 0 0 5 0 6 0 0 6 0 0 0 0 0 0 0 0 0 0 0 0 0 0
Last Time Cost: 00000008 ms
Total Time Cost: 02795913 ms
Total Distance 46: 7 0 0 0 0 3 0 0 0 0 0 7 0 6 0 0 0 0 0 6 0 0 0 0 0 0 0 0 0 0 0 0 0 0 5 0 6 0 0 6 0 0 0 0 0 0 0 0 0 0 0 0 0 0
Last Time Cost: 00000007 ms
Total Time Cost: 02795920 ms
Total Distance 45: 7 0 0 0 0 2 0 0 0 0 0 7 0 6 0 0 0 0 0 6 0 0 0 0 0 0 0 0 0 0 0 0 0 0 5 0 6 0 0 6 0 0 0 0 0 0 0 0 0 0 0 0 0 0
Last Time Cost: 00000005 ms
Total Time Cost: 02795925 ms
Total Distance 44: 7 0 0 0 0 1 0 0 0 0 0 7 0 6 0 0 0 0 0 6 0 0 0 0 0 0 0 0 0 0 0 0 0 0 5 0 6 0 0 6 0 0 0 0 0 0 0 0 0 0 0 0 0 0
Last Time Cost: 00000004 ms
Total Time Cost: 02795929 ms
Total Distance 43: 7 0 0 0 0 0 0 0 0 0 0 7 0 6 0 0 0 0 0 6 0 0 0 0 0 0 0 0 0 0 0 0 0 0 5 0 6 0 0 6 0 0 0 0 0 0 0 0 0 0 0 0 0 0
Last Time Cost: 00042307 ms
Total Time Cost: 02838236 ms
Total Distance 42: 7 0 0 0 0 0 0 0 0 0 0 7 0 6 0 0 0 0 0 6 0 0 0 0 0 0 0 0 0 0 0 0 0 0 4 0 6 0 0 6 0 0 0 0 0 0 0 0 0 0 0 0 0 0
Last Time Cost: 00000008 ms
Total Time Cost: 02838244 ms
Total Distance 41: 7 0 0 0 0 0 0 0 0 0 0 7 0 6 0 0 0 0 0 6 0 0 0 0 0 0 0 0 0 0 0 0 0 0 3 0 6 0 0 6 0 0 0 0 0 0 0 0 0 0 0 0 0 0
Last Time Cost: 00000007 ms
Total Time Cost: 02838251 ms
Total Distance 40: 7 0 0 0 0 0 0 0 0 0 0 7 0 6 0 0 0 0 0 6 0 0 0 0 0 0 0 0 0 0 0 0 0 0 2 0 6 0 0 6 0 0 0 0 0 0 0 0 0 0 0 0 0 0
Last Time Cost: 00000006 ms
Total Time Cost: 02838257 ms
Total Distance 39: 7 0 0 0 0 0 0 0 0 0 0 7 0 6 0 0 0 0 0 6 0 0 0 0 0 0 0 0 0 0 0 0 0 0 1 0 6 0 0 6 0 0 0 0 0 0 0 0 0 0 0 0 0 0
Last Time Cost: 00000005 ms
Total Time Cost: 02838262 ms
Total Distance 38: 7 0 0 0 0 0 0 0 0 0 0 7 0 6 0 0 0 0 0 6 0 0 0 0 0 0 0 0 0 0 0 0 0 0 0 0 6 0 0 6 0 0 0 0 0 0 0 0 0 0 0 0 0 0
Last Time Cost: 00048849 ms
Total Time Cost: 02887111 ms
Total Distance 37: 7 0 0 0 0 0 0 0 0 0 0 7 0 6 0 0 0 0 0 6 0 0 0 0 0 0 0 0 0 0 0 0 0 0 0 0 5 0 0 6 0 0 0 0 0 0 0 0 0 0 0 0 0 0
Last Time Cost: 00000079 ms
Total Time Cost: 02887190 ms
Total Distance 36: 7 0 0 0 0 0 0 0 0 0 0 7 0 6 0 0 0 0 0 6 0 0 0 0 0 0 0 0 0 0 0 0 0 0 0 0 4 0 0 6 0 0 0 0 0 0 0 0 0 0 0 0 0 0
Last Time Cost: 00000009 ms
Total Time Cost: 02887199 ms
Total Distance 35: 7 0 0 0 0 0 0 0 0 0 0 7 0 6 0 0 0 0 0 6 0 0 0 0 0 0 0 0 0 0 0 0 0 0 0 0 3 0 0 6 0 0 0 0 0 0 0 0 0 0 0 0 0 0
Last Time Cost: 00000007 ms
Total Time Cost: 02887206 ms
Total Distance 34: 7 0 0 0 0 0 0 0 0 0 0 7 0 6 0 0 0 0 0 6 0 0 0 0 0 0 0 0 0 0 0 0 0 0 0 0 2 0 0 6 0 0 0 0 0 0 0 0 0 0 0 0 0 0
Last Time Cost: 00000006 ms
Total Time Cost: 02887212 ms
Total Distance 33: 7 0 0 0 0 0 0 0 0 0 0 7 0 6 0 0 0 0 0 6 0 0 0 0 0 0 0 0 0 0 0 0 0 0 0 0 1 0 0 6 0 0 0 0 0 0 0 0 0 0 0 0 0 0
Last Time Cost: 00000005 ms
Total Time Cost: 02887217 ms
Total Distance 32: 7 0 0 0 0 0 0 0 0 0 0 7 0 6 0 0 0 0 0 6 0 0 0 0 0 0 0 0 0 0 0 0 0 0 0 0 0 0 0 6 0 0 0 0 0 0 0 0 0 0 0 0 0 0
Last Time Cost: 00045516 ms
Total Time Cost: 02932733 ms
Total Distance 31: 7 0 0 0 0 0 0 0 0 0 0 7 0 5 0 0 0 0 0 6 0 0 0 0 0 0 0 0 0 0 0 0 0 0 0 0 0 0 0 6 0 0 0 0 0 0 0 0 0 0 0 0 0 0
Last Time Cost: 00000094 ms
Total Time Cost: 02932827 ms
Total Distance 30: 7 0 0 0 0 0 0 0 0 0 0 7 0 4 0 0 0 0 0 6 0 0 0 0 0 0 0 0 0 0 0 0 0 0 0 0 0 0 0 6 0 0 0 0 0 0 0 0 0 0 0 0 0 0
Last Time Cost: 00000009 ms
Total Time Cost: 02932836 ms
Total Distance 29: 7 0 0 0 0 0 0 0 0 0 0 7 0 3 0 0 0 0 0 6 0 0 0 0 0 0 0 0 0 0 0 0 0 0 0 0 0 0 0 6 0 0 0 0 0 0 0 0 0 0 0 0 0 0
Last Time Cost: 00000008 ms
Total Time Cost: 02932844 ms
Total Distance 28: 7 0 0 0 0 0 0 0 0 0 0 7 0 2 0 0 0 0 0 6 0 0 0 0 0 0 0 0 0 0 0 0 0 0 0 0 0 0 0 6 0 0 0 0 0 0 0 0 0 0 0 0 0 0
Last Time Cost: 00000006 ms
Total Time Cost: 02932850 ms
Total Distance 27: 7 0 0 0 0 0 0 0 0 0 0 7 0 1 0 0 0 0 0 6 0 0 0 0 0 0 0 0 0 0 0 0 0 0 0 0 0 0 0 6 0 0 0 0 0 0 0 0 0 0 0 0 0 0
Last Time Cost: 00000005 ms
Total Time Cost: 02932855 ms
Total Distance 26: 7 0 0 0 0 0 0 0 0 0 0 7 0 0 0 0 0 0 0 6 0 0 0 0 0 0 0 0 0 0 0 0 0 0 0 0 0 0 0 6 0 0 0 0 0 0 0 0 0 0 0 0 0 0
Last Time Cost: 00055160 ms
Total Time Cost: 02988015 ms
Total Distance 25: 7 0 0 0 0 0 0 0 0 0 0 7 0 0 0 0 0 0 0 6 0 0 0 0 0 0 0 0 0 0 0 0 0 0 0 0 0 0 0 5 0 0 0 0 0 0 0 0 0 0 0 0 0 0
Last Time Cost: 00000093 ms
Total Time Cost: 02988108 ms
Total Distance 24: 7 0 0 0 0 0 0 0 0 0 0 7 0 0 0 0 0 0 0 6 0 0 0 0 0 0 0 0 0 0 0 0 0 0 0 0 0 0 0 4 0 0 0 0 0 0 0 0 0 0 0 0 0 0
Last Time Cost: 00000010 ms
Total Time Cost: 02988118 ms
Total Distance 23: 7 0 0 0 0 0 0 0 0 0 0 7 0 0 0 0 0 0 0 6 0 0 0 0 0 0 0 0 0 0 0 0 0 0 0 0 0 0 0 3 0 0 0 0 0 0 0 0 0 0 0 0 0 0
Last Time Cost: 00000008 ms
Total Time Cost: 02988126 ms
Total Distance 22: 7 0 0 0 0 0 0 0 0 0 0 7 0 0 0 0 0 0 0 6 0 0 0 0 0 0 0 0 0 0 0 0 0 0 0 0 0 0 0 2 0 0 0 0 0 0 0 0 0 0 0 0 0 0
Last Time Cost: 00000006 ms
Total Time Cost: 02988132 ms
Total Distance 21: 7 0 0 0 0 0 0 0 0 0 0 7 0 0 0 0 0 0 0 6 0 0 0 0 0 0 0 0 0 0 0 0 0 0 0 0 0 0 0 1 0 0 0 0 0 0 0 0 0 0 0 0 0 0
Last Time Cost: 00000005 ms
Total Time Cost: 02988137 ms
Total Distance 20: 7 0 0 0 0 0 0 0 0 0 0 7 0 0 0 0 0 0 0 6 0 0 0 0 0 0 0 0 0 0 0 0 0 0 0 0 0 0 0 0 0 0 0 0 0 0 0 0 0 0 0 0 0 0
Last Time Cost: 00062359 ms
Total Time Cost: 03050496 ms
Total Distance 19: 7 0 0 0 0 0 0 0 0 0 0 7 0 0 0 0 0 0 0 5 0 0 0 0 0 0 0 0 0 0 0 0 0 0 0 0 0 0 0 0 0 0 0 0 0 0 0 0 0 0 0 0 0 0
Last Time Cost: 00000103 ms
Total Time Cost: 03050599 ms
Total Distance 18: 7 0 0 0 0 0 0 0 0 0 0 7 0 0 0 0 0 0 0 4 0 0 0 0 0 0 0 0 0 0 0 0 0 0 0 0 0 0 0 0 0 0 0 0 0 0 0 0 0 0 0 0 0 0
Last Time Cost: 00000010 ms
Total Time Cost: 03050609 ms
Total Distance 17: 7 0 0 0 0 0 0 0 0 0 0 7 0 0 0 0 0 0 0 3 0 0 0 0 0 0 0 0 0 0 0 0 0 0 0 0 0 0 0 0 0 0 0 0 0 0 0 0 0 0 0 0 0 0
Last Time Cost: 00000008 ms
Total Time Cost: 03050617 ms
Total Distance 16: 7 0 0 0 0 0 0 0 0 0 0 7 0 0 0 0 0 0 0 2 0 0 0 0 0 0 0 0 0 0 0 0 0 0 0 0 0 0 0 0 0 0 0 0 0 0 0 0 0 0 0 0 0 0
Last Time Cost: 00000007 ms
Total Time Cost: 03050624 ms
Total Distance 15: 7 0 0 0 0 0 0 0 0 0 0 7 0 0 0 0 0 0 0 1 0 0 0 0 0 0 0 0 0 0 0 0 0 0 0 0 0 0 0 0 0 0 0 0 0 0 0 0 0 0 0 0 0 0
Last Time Cost: 00000006 ms
Total Time Cost: 03050630 ms
Total Distance 14: 7 0 0 0 0 0 0 0 0 0 0 7 0 0 0 0 0 0 0 0 0 0 0 0 0 0 0 0 0 0 0 0 0 0 0 0 0 0 0 0 0 0 0 0 0 0 0 0 0 0 0 0 0 0
Last Time Cost: 00078620 ms
Total Time Cost: 03129250 ms
Total Distance 13: 6 0 0 0 0 0 0 0 0 0 0 7 0 0 0 0 0 0 0 0 0 0 0 0 0 0 0 0 0 0 0 0 0 0 0 0 0 0 0 0 0 0 0 0 0 0 0 0 0 0 0 0 0 0
Last Time Cost: 00000330 ms
Total Time Cost: 03129580 ms
Total Distance 12: 5 0 0 0 0 0 0 0 0 0 0 7 0 0 0 0 0 0 0 0 0 0 0 0 0 0 0 0 0 0 0 0 0 0 0 0 0 0 0 0 0 0 0 0 0 0 0 0 0 0 0 0 0 0
Last Time Cost: 00000104 ms
Total Time Cost: 03129684 ms
Total Distance 11: 4 0 0 0 0 0 0 0 0 0 0 7 0 0 0 0 0 0 0 0 0 0 0 0 0 0 0 0 0 0 0 0 0 0 0 0 0 0 0 0 0 0 0 0 0 0 0 0 0 0 0 0 0 0
Last Time Cost: 00000008 ms
Total Time Cost: 03129692 ms
Total Distance 10: 3 0 0 0 0 0 0 0 0 0 0 7 0 0 0 0 0 0 0 0 0 0 0 0 0 0 0 0 0 0 0 0 0 0 0 0 0 0 0 0 0 0 0 0 0 0 0 0 0 0 0 0 0 0
Last Time Cost: 00000007 ms
Total Time Cost: 03129699 ms
Total Distance 9: 2 0 0 0 0 0 0 0 0 0 0 7 0 0 0 0 0 0 0 0 0 0 0 0 0 0 0 0 0 0 0 0 0 0 0 0 0 0 0 0 0 0 0 0 0 0 0 0 0 0 0 0 0 0
Last Time Cost: 00000006 ms
Total Time Cost: 03129705 ms
Total Distance 8: 1 0 0 0 0 0 0 0 0 0 0 7 0 0 0 0 0 0 0 0 0 0 0 0 0 0 0 0 0 0 0 0 0 0 0 0 0 0 0 0 0 0 0 0 0 0 0 0 0 0 0 0 0 0
Last Time Cost: 00000006 ms
Total Time Cost: 03129711 ms
Total Distance 7: 0 0 0 0 0 0 0 0 0 0 0 7 0 0 0 0 0 0 0 0 0 0 0 0 0 0 0 0 0 0 0 0 0 0 0 0 0 0 0 0 0 0 0 0 0 0 0 0 0 0 0 0 0 0
Last Time Cost: 00033644 ms
Total Time Cost: 03163355 ms
Total Distance 6: 0 0 0 0 0 0 0 0 0 0 0 6 0 0 0 0 0 0 0 0 0 0 0 0 0 0 0 0 0 0 0 0 0 0 0 0 0 0 0 0 0 0 0 0 0 0 0 0 0 0 0 0 0 0
Last Time Cost: 00000242 ms
Total Time Cost: 03163597 ms
Total Distance 5: 0 0 0 0 0 0 0 0 0 0 0 5 0 0 0 0 0 0 0 0 0 0 0 0 0 0 0 0 0 0 0 0 0 0 0 0 0 0 0 0 0 0 0 0 0 0 0 0 0 0 0 0 0 0
Last Time Cost: 00000110 ms
Total Time Cost: 03163707 ms
Total Distance 4: 0 0 0 0 0 0 0 0 0 0 0 4 0 0 0 0 0 0 0 0 0 0 0 0 0 0 0 0 0 0 0 0 0 0 0 0 0 0 0 0 0 0 0 0 0 0 0 0 0 0 0 0 0 0
Last Time Cost: 00000001 ms
Total Time Cost: 03163708 ms
Total Distance 3: 0 0 0 0 0 0 0 0 0 0 0 3 0 0 0 0 0 0 0 0 0 0 0 0 0 0 0 0 0 0 0 0 0 0 0 0 0 0 0 0 0 0 0 0 0 0 0 0 0 0 0 0 0 0
Last Time Cost: 00000000 ms
Total Time Cost: 03163708 ms
Total Distance 2: 0 0 0 0 0 0 0 0 0 0 0 2 0 0 0 0 0 0 0 0 0 0 0 0 0 0 0 0 0 0 0 0 0 0 0 0 0 0 0 0 0 0 0 0 0 0 0 0 0 0 0 0 0 0
Last Time Cost: 00000000 ms
Total Time Cost: 03163708 ms
Total Distance 1: 0 0 0 0 0 0 0 0 0 0 0 1 0 0 0 0 0 0 0 0 0 0 0 0 0 0 0 0 0 0 0 0 0 0 0 0 0 0 0 0 0 0 0 0 0 0 0 0 0 0 0 0 0 0
Last Time Cost: 00000000 ms
Total Time Cost: 03163708 ms
Total Distance 0: 0 0 0 0 0 0 0 0 0 0 0 0 0 0 0 0 0 0 0 0 0 0 0 0 0 0 0 0 0 0 0 0 0 0 0 0 0 0 0 0 0 0 0 0 0 0 0 0 0 0 0 0 0 0
