Last Time Cost: 00000000 ms
Total Time Cost: 00000000 ms
Total Distance 468: 10 10 10 10 10 10 10 10 10 10 10 10 10 8 8 8 8 8 8 8 8 8 8 8 8 8 9 9 9 9 9 9 9 9 9 9 9 9 9 9 9 9 9 9 9 9 9 9 9 9 9 9
Last Time Cost: 00000308 ms
Total Time Cost: 00000308 ms
Total Distance 461: 10 10 9 10 10 10 10 9 10 10 10 10 10 8 8 8 8 8 8 8 8 8 8 8 8 8 9 8 9 9 8 9 9 9 9 9 9 9 9 9 9 8 9 9 9 9 9 9 9 8 9 8
Last Time Cost: 00000315 ms
Total Time Cost: 00000623 ms
Total Distance 455: 10 10 9 9 10 10 10 9 10 10 10 10 10 8 8 8 8 8 7 8 7 8 8 8 8 8 9 8 9 8 8 9 9 9 9 9 9 9 9 9 8 8 9 9 9 9 9 8 9 8 9 8
Last Time Cost: 00000328 ms
Total Time Cost: 00000951 ms
Total Distance 449: 10 9 9 9 10 10 10 9 10 10 10 10 10 8 8 8 8 8 7 8 6 8 8 8 8 8 9 8 9 7 8 9 9 9 9 8 9 9 9 9 8 8 8 8 9 9 9 8 9 8 9 8
Last Time Cost: 00000339 ms
Total Time Cost: 00001290 ms
Total Distance 443: 10 8 8 9 10 10 10 9 10 10 10 10 9 8 7 8 8 8 7 8 6 8 8 8 8 8 9 8 9 7 8 9 9 9 9 8 9 8 9 9 8 8 8 8 9 9 8 8 9 8 9 8
Last Time Cost: 00000329 ms
Total Time Cost: 00001619 ms
Total Distance 438: 10 8 8 9 10 10 10 9 9 10 10 10 9 8 7 8 8 7 7 8 6 8 8 8 8 8 9 7 8 7 8 9 9 9 9 8 9 8 9 9 8 8 8 8 9 9 7 8 9 8 9 8
Last Time Cost: 00000351 ms
Total Time Cost: 00001970 ms
Total Distance 433: 10 8 8 9 10 10 10 9 9 10 10 10 8 8 7 8 8 6 7 8 6 8 8 8 8 8 9 7 8 7 8 9 9 9 8 8 8 8 9 9 8 8 8 7 9 9 7 8 9 8 9 8
Last Time Cost: 00000358 ms
Total Time Cost: 00002328 ms
Total Distance 428: 10 8 8 9 10 10 10 9 9 10 10 9 7 8 7 8 8 6 7 8 6 7 8 8 8 7 9 7 8 7 8 9 9 9 7 8 8 8 9 9 8 8 8 7 9 9 7 8 9 8 9 8
Last Time Cost: 00000391 ms
Total Time Cost: 00002719 ms
Total Distance 423: 9 8 8 9 10 10 10 9 8 10 10 9 7 8 7 8 8 5 7 8 6 7 8 8 8 7 9 7 8 7 8 9 9 9 7 8 8 8 9 9 8 8 8 7 8 8 7 8 9 8 9 8
Last Time Cost: 00000373 ms
Total Time Cost: 00003092 ms
Total Distance 418: 9 8 8 9 10 10 10 9 7 10 9 9 7 7 7 8 8 5 7 8 6 7 8 8 8 7 9 7 8 7 8 9 9 8 7 8 8 8 9 9 8 8 8 7 8 8 7 7 9 8 9 8
Last Time Cost: 00000400 ms
Total Time Cost: 00003492 ms
Total Distance 413: 9 8 8 8 9 10 10 9 7 10 9 9 7 7 7 8 8 5 7 8 6 7 8 8 8 7 9 7 7 7 8 9 9 8 7 8 8 8 9 9 8 7 8 7 8 8 7 7 8 8 9 8
Last Time Cost: 00000397 ms
Total Time Cost: 00003889 ms
Total Distance 409: 9 8 8 8 9 10 10 9 7 10 9 9 6 7 7 8 8 4 7 8 6 7 8 8 8 7 9 7 7 7 8 9 9 8 6 8 7 8 9 9 8 7 8 7 8 8 7 7 8 8 9 8
Last Time Cost: 00000438 ms
Total Time Cost: 00004327 ms
Total Distance 405: 9 8 8 8 9 10 10 9 7 10 9 9 6 7 7 8 7 4 7 8 6 7 8 8 7 6 9 7 7 7 8 9 9 8 6 8 7 8 9 9 8 7 8 7 8 8 7 7 8 8 9 7
Last Time Cost: 00000468 ms
Total Time Cost: 00004795 ms
Total Distance 401: 9 8 8 8 9 10 9 9 7 10 9 9 6 7 7 8 7 4 7 8 6 7 8 8 7 5 9 7 7 7 8 9 9 7 6 8 7 8 9 9 8 7 8 7 8 8 7 6 8 8 9 7
Last Time Cost: 00000510 ms
Total Time Cost: 00005305 ms
Total Distance 397: 9 8 8 8 9 10 9 9 7 10 9 9 6 7 7 8 7 4 7 8 6 7 8 7 7 5 9 7 7 7 8 9 9 7 6 7 7 8 9 9 8 7 7 7 7 8 7 6 8 8 9 7
Last Time Cost: 00000558 ms
Total Time Cost: 00005863 ms
Total Distance 393: 9 8 7 8 9 10 9 9 7 10 9 9 6 7 7 8 7 4 7 8 6 7 8 6 7 5 9 7 7 7 8 9 9 7 6 6 7 8 9 9 8 7 6 7 7 8 7 6 8 8 9 7
Last Time Cost: 00000611 ms
Total Time Cost: 00006474 ms
Total Distance 389: 9 8 7 8 9 10 9 9 6 10 9 9 6 7 7 8 7 4 7 8 6 7 8 5 7 5 9 7 7 7 7 8 9 7 6 6 7 8 9 9 8 7 6 7 7 8 7 6 8 8 9 7
Last Time Cost: 00000625 ms
Total Time Cost: 00007099 ms
Total Distance 385: 9 8 7 8 9 10 9 9 6 10 9 9 6 7 7 8 7 4 7 7 6 7 8 5 7 5 9 7 7 7 7 7 9 7 6 6 7 7 9 9 8 7 5 7 7 8 7 6 8 8 9 7
Last Time Cost: 00000684 ms
Total Time Cost: 00007783 ms
Total Distance 381: 9 8 7 8 9 10 9 9 6 10 9 9 6 7 7 8 7 4 7 7 6 7 8 5 6 5 9 7 7 7 7 7 8 7 6 6 7 7 9 9 8 7 5 7 6 7 7 6 8 8 9 7
Last Time Cost: 00000697 ms
Total Time Cost: 00008480 ms
Total Distance 377: 8 8 7 8 9 10 9 9 6 10 9 9 6 7 7 8 6 4 7 7 6 7 8 5 6 5 9 7 7 7 7 6 8 7 6 6 7 7 9 9 8 7 5 7 6 7 7 6 7 8 9 7
Last Time Cost: 00000707 ms
Total Time Cost: 00009187 ms
Total Distance 373: 8 8 7 8 9 10 8 9 6 10 9 9 6 7 7 8 6 4 7 7 6 7 8 5 6 5 9 7 7 7 7 5 8 7 6 6 7 7 8 9 8 7 5 7 6 7 7 5 7 8 9 7
Last Time Cost: 00000654 ms
Total Time Cost: 00009841 ms
Total Distance 369: 8 7 7 8 9 10 8 9 6 10 9 8 6 7 7 8 6 4 7 7 6 7 8 5 6 5 9 7 7 7 7 5 8 7 6 5 7 7 8 9 7 7 5 7 6 7 7 5 7 8 9 7
Last Time Cost: 00000657 ms
Total Time Cost: 00010498 ms
Total Distance 365: 8 7 7 8 9 10 8 9 6 10 8 8 6 7 7 7 6 4 7 7 6 7 8 5 6 5 9 7 7 7 7 5 7 7 6 5 7 7 8 8 7 7 5 7 6 7 7 5 7 8 9 7
Last Time Cost: 00000580 ms
Total Time Cost: 00011078 ms
Total Distance 361: 8 7 7 8 9 9 8 9 6 10 8 8 6 7 7 7 6 4 7 7 6 7 8 5 6 5 8 7 7 7 7 5 7 7 6 5 7 7 7 8 7 7 5 7 6 7 7 5 7 7 9 7
Last Time Cost: 00000546 ms
Total Time Cost: 00011624 ms
Total Distance 357: 8 7 7 8 8 9 7 8 6 10 8 8 6 7 7 7 6 4 7 7 6 7 8 5 6 5 8 7 7 7 7 5 7 7 6 5 7 7 7 8 7 7 5 7 6 7 7 5 7 7 8 7
Last Time Cost: 00000333 ms
Total Time Cost: 00011957 ms
Total Distance 354: 8 7 6 8 8 9 7 8 6 10 8 8 6 7 7 7 6 4 7 7 6 7 8 5 5 5 8 7 7 7 6 5 7 7 6 5 7 7 7 8 7 7 5 7 6 7 7 5 7 7 8 7
Last Time Cost: 00000372 ms
Total Time Cost: 00012329 ms
Total Distance 351: 8 7 6 8 8 9 7 8 6 10 8 8 6 7 7 7 5 4 7 7 6 7 8 5 5 5 8 7 7 7 6 5 7 7 6 5 6 7 7 8 6 7 5 7 6 7 7 5 7 7 8 7
Last Time Cost: 00000377 ms
Total Time Cost: 00012706 ms
Total Distance 348: 8 7 6 8 8 9 7 8 6 10 8 8 6 7 7 7 5 4 6 7 6 7 8 5 5 5 8 7 7 7 6 5 7 7 5 5 6 7 7 8 6 7 5 7 6 7 7 5 6 7 8 7
Last Time Cost: 00000400 ms
Total Time Cost: 00013106 ms
Total Distance 345: 8 7 6 8 8 9 7 8 6 10 8 8 6 7 7 7 5 4 6 7 6 7 8 5 5 5 8 7 7 7 6 5 6 7 5 5 5 7 7 8 6 7 5 7 6 6 7 5 6 7 8 7
Last Time Cost: 00000418 ms
Total Time Cost: 00013524 ms
Total Distance 342: 8 7 6 8 8 9 7 8 6 10 8 8 6 6 7 7 5 4 5 6 6 7 8 5 5 5 8 7 7 7 6 5 6 7 5 5 5 7 7 8 6 7 5 7 6 6 7 5 6 7 8 7
Last Time Cost: 00000447 ms
Total Time Cost: 00013971 ms
Total Distance 338: 8 7 6 8 8 9 7 8 6 10 8 7 6 6 7 6 5 4 5 6 6 7 8 5 5 5 8 7 7 7 6 5 6 7 5 5 5 7 7 8 6 6 5 7 6 6 7 5 6 6 8 7
Last Time Cost: 00000459 ms
Total Time Cost: 00014430 ms
Total Distance 335: 8 7 6 8 8 9 7 8 6 10 8 7 6 5 6 6 5 4 5 6 6 7 8 5 5 5 8 7 6 7 6 5 6 7 5 5 5 7 7 8 6 6 5 7 6 6 7 5 6 6 8 7
Last Time Cost: 00000488 ms
Total Time Cost: 00014918 ms
Total Distance 332: 8 7 6 8 8 9 7 8 6 10 8 7 6 5 6 6 5 4 5 6 6 7 7 4 5 5 8 7 6 7 6 5 6 7 5 5 5 7 7 7 6 6 5 7 6 6 7 5 6 6 8 7
Last Time Cost: 00000505 ms
Total Time Cost: 00015423 ms
Total Distance 329: 8 6 6 7 8 9 7 8 6 10 8 7 6 5 6 5 5 4 5 6 6 7 7 4 5 5 8 7 6 7 6 5 6 7 5 5 5 7 7 7 6 6 5 7 6 6 7 5 6 6 8 7
Last Time Cost: 00000549 ms
Total Time Cost: 00015972 ms
Total Distance 326: 8 6 6 7 8 9 7 8 6 9 8 6 6 5 6 5 5 4 5 6 6 7 7 4 5 5 8 7 6 7 6 5 6 7 5 5 5 7 7 7 6 6 5 7 6 5 7 5 6 6 8 7
Last Time Cost: 00000546 ms
Total Time Cost: 00016518 ms
Total Distance 323: 8 6 6 7 8 9 7 8 6 8 7 6 6 5 6 5 5 4 5 6 6 7 7 4 5 5 8 7 6 7 6 5 6 7 5 5 5 7 6 7 6 6 5 7 6 5 7 5 6 6 8 7
Last Time Cost: 00000372 ms
Total Time Cost: 00016890 ms
Total Distance 320: 8 6 6 7 8 8 6 8 6 8 7 6 6 5 6 5 5 4 5 6 6 7 7 4 5 5 8 7 6 7 6 5 6 7 5 5 5 7 6 7 6 6 5 7 6 5 7 5 6 6 7 7
Last Time Cost: 00000179 ms
Total Time Cost: 00017069 ms
Total Distance 318: 8 6 6 7 8 8 6 8 6 8 7 6 6 5 6 5 5 4 5 6 6 7 7 4 5 5 8 7 6 7 6 5 6 7 5 5 4 7 6 7 6 6 5 7 6 4 7 5 6 6 7 7
Last Time Cost: 00000187 ms
Total Time Cost: 00017256 ms
Total Distance 316: 8 6 6 7 8 8 6 8 6 8 7 6 6 5 6 5 5 4 5 6 6 7 7 4 5 5 8 7 6 7 6 5 6 7 5 5 4 7 6 7 6 6 5 7 5 3 7 5 6 6 7 7
Last Time Cost: 00000196 ms
Total Time Cost: 00017452 ms
Total Distance 314: 8 6 6 7 8 8 6 8 6 8 7 6 6 5 6 5 5 4 5 6 6 7 7 4 5 5 8 7 6 7 6 5 6 7 5 5 4 7 6 7 6 6 5 7 4 2 7 5 6 6 7 7
Last Time Cost: 00000208 ms
Total Time Cost: 00017660 ms
Total Distance 312: 8 6 6 7 8 8 6 8 5 8 7 6 6 5 6 5 5 3 5 6 6 7 7 4 5 5 8 7 6 7 6 5 6 7 5 5 4 7 6 7 6 6 5 7 4 2 7 5 6 6 7 7
Last Time Cost: 00000219 ms
Total Time Cost: 00017879 ms
Total Distance 310: 8 6 6 7 8 8 6 8 5 8 7 6 6 5 6 5 5 3 5 6 6 7 7 4 4 4 8 7 6 7 6 5 6 7 5 5 4 7 6 7 6 6 5 7 4 2 7 5 6 6 7 7
Last Time Cost: 00000233 ms
Total Time Cost: 00018112 ms
Total Distance 308: 8 6 6 7 8 8 6 8 4 8 7 6 6 5 6 5 5 3 5 6 6 7 7 4 4 4 8 7 6 7 6 4 6 7 5 5 4 7 6 7 6 6 5 7 4 2 7 5 6 6 7 7
Last Time Cost: 00000248 ms
Total Time Cost: 00018360 ms
Total Distance 306: 8 6 6 7 8 8 6 8 3 8 7 6 6 4 6 5 5 3 5 6 6 7 7 4 4 4 8 7 6 7 6 4 6 7 5 5 4 7 6 7 6 6 5 7 4 2 7 5 6 6 7 7
Last Time Cost: 00000268 ms
Total Time Cost: 00018628 ms
Total Distance 304: 8 6 6 7 8 8 6 8 3 8 7 6 6 3 6 4 5 3 5 6 6 7 7 4 4 4 8 7 6 7 6 4 6 7 5 5 4 7 6 7 6 6 5 7 4 2 7 5 6 6 7 7
Last Time Cost: 00000292 ms
Total Time Cost: 00018920 ms
Total Distance 302: 8 6 6 7 8 8 6 8 3 7 7 6 6 3 6 4 5 3 5 6 6 7 7 4 4 4 8 7 6 7 6 4 6 7 5 5 4 7 6 7 6 6 5 7 4 1 7 5 6 6 7 7
Last Time Cost: 00000003 ms
Total Time Cost: 00018923 ms
Total Distance 301: 8 6 6 7 8 8 6 8 3 7 7 6 6 3 6 4 5 3 5 6 6 7 7 4 4 4 8 7 6 7 6 4 6 7 5 5 4 7 6 7 6 6 5 7 4 0 7 5 6 6 7 7
Last Time Cost: 00000328 ms
Total Time Cost: 00019251 ms
Total Distance 299: 8 6 6 7 8 8 6 8 3 7 7 6 6 3 6 4 5 3 4 6 6 7 7 4 4 4 8 7 6 7 6 4 6 7 5 5 4 7 6 7 6 6 5 7 4 0 7 4 6 6 7 7
Last Time Cost: 00000337 ms
Total Time Cost: 00019588 ms
Total Distance 296: 8 6 6 7 8 7 6 8 3 7 6 6 6 3 6 4 5 3 4 5 6 7 7 4 4 4 8 7 6 7 6 4 6 7 5 5 4 7 6 7 6 6 5 7 4 0 7 4 6 6 7 7
Last Time Cost: 00000330 ms
Total Time Cost: 00019918 ms
Total Distance 294: 8 6 6 7 8 7 6 8 3 7 6 6 6 3 6 4 5 3 3 4 6 7 7 4 4 4 8 7 6 7 6 4 6 7 5 5 4 7 6 7 6 6 5 7 4 0 7 4 6 6 7 7
Last Time Cost: 00000347 ms
Total Time Cost: 00020265 ms
Total Distance 292: 8 6 6 7 8 7 6 8 3 7 6 6 6 3 6 4 5 3 2 3 6 7 7 4 4 4 8 7 6 7 6 4 6 7 5 5 4 7 6 7 6 6 5 7 4 0 7 4 6 6 7 7
Last Time Cost: 00000372 ms
Total Time Cost: 00020637 ms
Total Distance 290: 8 6 6 7 8 7 6 8 3 6 6 6 6 2 6 4 5 3 2 3 6 7 7 4 4 4 8 7 6 7 6 4 6 7 5 5 4 7 6 7 6 6 5 7 4 0 7 4 6 6 7 7
Last Time Cost: 00000378 ms
Total Time Cost: 00021015 ms
Total Distance 288: 8 6 6 7 8 7 6 8 3 6 6 6 6 2 6 4 5 3 2 3 6 7 7 4 4 4 8 7 6 7 6 4 6 7 5 4 4 7 6 7 6 6 4 7 4 0 7 4 6 6 7 7
Last Time Cost: 00000395 ms
Total Time Cost: 00021410 ms
Total Distance 286: 8 6 6 7 8 7 6 8 3 6 6 6 5 2 6 4 5 3 2 3 6 7 7 4 4 4 8 7 6 7 6 4 6 7 5 4 3 7 6 7 6 6 4 7 4 0 7 4 6 6 7 7
Last Time Cost: 00000412 ms
Total Time Cost: 00021822 ms
Total Distance 284: 8 6 6 7 8 7 5 8 3 6 6 6 5 2 6 4 5 3 2 3 6 7 7 4 4 4 8 7 6 7 6 4 6 7 5 4 3 7 6 7 6 6 4 7 4 0 7 3 6 6 7 7
Last Time Cost: 00000433 ms
Total Time Cost: 00022255 ms
Total Distance 282: 8 6 6 7 8 7 5 8 3 6 6 5 5 2 6 3 5 3 2 3 6 7 7 4 4 4 8 7 6 7 6 4 6 7 5 4 3 7 6 7 6 6 4 7 4 0 7 3 6 6 7 7
Last Time Cost: 00000459 ms
Total Time Cost: 00022714 ms
Total Distance 280: 8 6 6 7 8 7 5 8 3 6 6 5 4 2 5 3 5 3 2 3 6 7 7 4 4 4 8 7 6 7 6 4 6 7 5 4 3 7 6 7 6 6 4 7 4 0 7 3 6 6 7 7
Last Time Cost: 00000475 ms
Total Time Cost: 00023189 ms
Total Distance 278: 8 5 6 7 8 7 5 8 3 6 6 5 3 2 5 3 5 3 2 3 6 7 7 4 4 4 8 7 6 7 6 4 6 7 5 4 3 7 6 7 6 6 4 7 4 0 7 3 6 6 7 7
Last Time Cost: 00000502 ms
Total Time Cost: 00023691 ms
Total Distance 276: 8 5 6 7 8 7 5 8 3 6 6 5 3 2 5 3 5 3 2 3 6 7 7 4 4 4 8 7 6 7 6 4 6 7 5 4 3 6 6 7 6 6 3 7 4 0 7 3 6 6 7 7
Last Time Cost: 00000493 ms
Total Time Cost: 00024184 ms
Total Distance 274: 8 5 6 7 8 7 5 8 3 6 6 5 3 2 4 3 5 3 2 3 6 7 7 4 4 4 8 7 5 7 6 4 6 7 5 4 3 6 6 7 6 6 3 7 4 0 7 3 6 6 7 7
Last Time Cost: 00000524 ms
Total Time Cost: 00024708 ms
Total Distance 272: 8 5 6 7 8 7 5 8 3 6 6 5 3 2 4 3 4 3 2 3 6 7 7 4 4 4 8 7 5 7 6 4 5 7 5 4 3 6 6 7 6 6 3 7 4 0 7 3 6 6 7 7
Last Time Cost: 00000542 ms
Total Time Cost: 00025250 ms
Total Distance 270: 8 5 6 7 8 7 5 8 3 6 5 5 3 2 4 3 4 3 2 3 6 7 7 4 4 4 8 7 5 7 6 4 4 7 5 4 3 6 6 7 6 6 3 7 4 0 7 3 6 6 7 7
Last Time Cost: 00000571 ms
Total Time Cost: 00025821 ms
Total Distance 267: 8 5 6 7 7 7 5 7 3 6 5 5 3 2 4 3 4 3 2 3 6 7 7 4 4 4 8 7 5 7 6 4 4 7 5 4 3 6 6 7 6 6 3 7 4 0 7 3 6 6 6 7
Last Time Cost: 00000531 ms
Total Time Cost: 00026352 ms
Total Distance 265: 8 5 6 7 7 7 5 7 3 6 5 5 3 2 3 3 4 3 2 3 6 7 7 4 4 4 8 7 5 7 6 4 4 7 5 4 3 6 6 7 6 6 3 7 4 0 7 3 6 6 6 6
Last Time Cost: 00000526 ms
Total Time Cost: 00026878 ms
Total Distance 263: 8 5 6 7 7 7 5 7 3 6 5 5 3 2 2 3 4 3 2 3 6 7 7 4 4 4 8 7 5 7 6 4 4 7 5 4 3 6 6 6 6 6 3 7 4 0 7 3 6 6 6 6
Last Time Cost: 00000515 ms
Total Time Cost: 00027393 ms
Total Distance 261: 8 4 6 7 7 7 5 7 3 6 5 5 3 2 2 3 4 3 2 3 6 7 7 4 4 4 8 7 5 7 6 4 4 7 5 4 3 6 6 6 6 6 3 7 4 0 7 3 6 5 6 6
Last Time Cost: 00000538 ms
Total Time Cost: 00027931 ms
Total Distance 259: 8 4 6 7 7 7 5 7 3 6 5 5 3 2 2 3 4 3 2 3 6 7 7 3 4 4 8 6 5 7 6 4 4 7 5 4 3 6 6 6 6 6 3 7 4 0 7 3 6 5 6 6
Last Time Cost: 00000534 ms
Total Time Cost: 00028465 ms
Total Distance 257: 7 4 6 7 7 7 5 7 3 6 5 5 3 2 2 3 4 2 2 3 6 7 7 3 4 4 8 6 5 7 6 4 4 7 5 4 3 6 6 6 6 6 3 7 4 0 7 3 6 5 6 6
Last Time Cost: 00000539 ms
Total Time Cost: 00029004 ms
Total Distance 255: 7 4 6 7 7 7 5 7 3 6 5 5 3 2 2 3 4 2 2 3 6 6 7 3 4 4 8 6 5 7 6 4 4 7 5 4 3 6 6 6 6 6 3 7 4 0 7 2 6 5 6 6
Last Time Cost: 00000531 ms
Total Time Cost: 00029535 ms
Total Distance 253: 6 4 6 7 7 7 5 7 3 6 5 5 3 2 2 3 4 2 2 3 6 6 7 3 4 4 8 6 5 7 6 4 4 7 5 4 3 6 6 6 6 6 3 7 3 0 7 2 6 5 6 6
Last Time Cost: 00000510 ms
Total Time Cost: 00030045 ms
Total Distance 251: 6 4 6 7 7 7 5 7 3 6 5 5 3 2 2 3 4 2 2 3 6 6 7 3 4 4 8 6 5 7 6 4 4 7 5 3 3 6 6 6 6 6 3 7 3 0 6 2 6 5 6 6
Last Time Cost: 00000493 ms
Total Time Cost: 00030538 ms
Total Distance 249: 6 4 6 7 7 7 5 7 3 6 5 5 3 2 2 3 4 2 2 3 6 6 7 3 4 4 8 5 5 7 6 4 4 7 5 3 3 6 6 6 6 6 3 7 3 0 5 2 6 5 6 6
Last Time Cost: 00000508 ms
Total Time Cost: 00031046 ms
Total Distance 247: 5 4 6 7 7 7 5 7 3 6 5 5 3 2 2 3 4 2 2 3 5 6 7 3 4 4 8 5 5 7 6 4 4 7 5 3 3 6 6 6 6 6 3 7 3 0 5 2 6 5 6 6
Last Time Cost: 00000530 ms
Total Time Cost: 00031576 ms
Total Distance 245: 4 4 6 7 7 7 5 7 3 6 5 5 3 2 2 3 4 2 2 3 5 6 7 3 4 4 8 5 5 7 6 4 4 7 5 3 3 6 6 6 6 6 3 7 3 0 5 2 5 5 6 6
Last Time Cost: 00000554 ms
Total Time Cost: 00032130 ms
Total Distance 243: 4 4 6 7 7 7 5 7 3 6 5 5 3 2 2 3 4 2 2 3 4 6 7 3 4 4 8 5 5 7 6 4 4 7 5 3 3 6 6 6 6 6 3 6 3 0 5 2 5 5 6 6
Last Time Cost: 00000520 ms
Total Time Cost: 00032650 ms
Total Distance 241: 4 4 6 7 7 7 5 7 3 6 5 5 3 2 2 3 4 2 2 3 4 6 7 3 4 4 8 5 5 7 5 4 4 7 5 3 3 6 5 6 6 6 3 6 3 0 5 2 5 5 6 6
Last Time Cost: 00000541 ms
Total Time Cost: 00033191 ms
Total Distance 239: 4 4 6 7 7 7 5 7 3 6 5 5 3 2 2 3 4 2 2 3 4 6 7 3 4 4 8 5 5 6 5 4 4 7 5 3 3 6 5 6 6 6 3 6 3 0 5 2 5 4 6 6
Last Time Cost: 00000509 ms
Total Time Cost: 00033700 ms
Total Distance 237: 4 4 6 7 7 7 5 7 3 6 5 5 3 2 2 3 4 2 2 3 4 6 7 3 4 4 8 5 5 5 4 4 4 7 5 3 3 6 5 6 6 6 3 6 3 0 5 2 5 4 6 6
Last Time Cost: 00000528 ms
Total Time Cost: 00034228 ms
Total Distance 235: 4 4 6 6 7 7 5 7 3 6 5 5 3 2 2 3 4 2 2 3 4 6 7 3 4 4 8 5 5 5 4 4 4 7 5 3 3 6 5 6 6 6 3 6 3 0 5 2 4 4 6 6
Last Time Cost: 00000482 ms
Total Time Cost: 00034710 ms
Total Distance 233: 4 4 6 6 7 7 5 7 3 6 5 5 3 2 2 3 4 2 2 3 4 6 7 3 4 4 7 5 5 5 4 4 4 7 5 3 3 6 5 6 6 6 3 6 3 0 5 2 4 3 6 6
Last Time Cost: 00000442 ms
Total Time Cost: 00035152 ms
Total Distance 231: 4 4 6 6 7 7 4 6 3 6 5 5 3 2 2 3 4 2 2 3 4 6 7 3 4 4 7 5 5 5 4 4 4 7 5 3 3 6 5 6 6 6 3 6 3 0 5 2 4 3 6 6
Last Time Cost: 00000395 ms
Total Time Cost: 00035547 ms
Total Distance 229: 4 4 6 6 6 7 3 6 3 6 5 5 3 2 2 3 4 2 2 3 4 6 7 3 4 4 7 5 5 5 4 4 4 7 5 3 3 6 5 6 6 6 3 6 3 0 5 2 4 3 6 6
Last Time Cost: 00000331 ms
Total Time Cost: 00035878 ms
Total Distance 227: 4 4 6 6 5 7 3 6 3 6 5 5 3 2 2 3 4 2 2 3 4 6 7 3 4 4 7 5 5 5 4 4 4 7 5 3 3 6 4 6 6 6 3 6 3 0 5 2 4 3 6 6
Last Time Cost: 00000339 ms
Total Time Cost: 00036217 ms
Total Distance 225: 4 4 6 6 5 7 3 5 3 6 5 5 3 2 2 3 4 2 2 3 4 5 7 3 4 4 7 5 5 5 4 4 4 7 5 3 3 6 4 6 6 6 3 6 3 0 5 2 4 3 6 6
Last Time Cost: 00000354 ms
Total Time Cost: 00036571 ms
Total Distance 223: 4 4 6 6 5 7 3 5 3 6 5 5 3 2 2 3 4 2 2 3 4 4 7 3 4 4 6 5 5 5 4 4 4 7 5 3 3 6 4 6 6 6 3 6 3 0 5 2 4 3 6 6
Last Time Cost: 00000280 ms
Total Time Cost: 00036851 ms
Total Distance 221: 4 4 6 5 5 7 3 5 3 6 5 5 3 2 2 3 4 2 2 3 4 4 7 3 4 4 5 5 5 5 4 4 4 7 5 3 3 6 4 6 6 6 3 6 3 0 5 2 4 3 6 6
Last Time Cost: 00000291 ms
Total Time Cost: 00037142 ms
Total Distance 219: 4 4 6 4 5 6 3 5 3 6 5 5 3 2 2 3 4 2 2 3 4 4 7 3 4 4 5 5 5 5 4 4 4 7 5 3 3 6 4 6 6 6 3 6 3 0 5 2 4 3 6 6
Last Time Cost: 00000214 ms
Total Time Cost: 00037356 ms
Total Distance 217: 4 4 6 4 5 6 3 5 3 6 5 5 3 2 2 3 4 2 2 3 4 4 7 3 4 4 5 5 5 5 4 4 4 6 5 3 3 6 4 6 6 6 3 6 3 0 5 2 4 3 6 5
Last Time Cost: 00000128 ms
Total Time Cost: 00037484 ms
Total Distance 215: 4 4 6 4 5 6 3 5 3 6 5 5 3 2 2 2 4 2 2 3 4 4 7 3 4 4 5 5 5 5 4 4 4 6 5 3 3 6 4 6 6 5 3 6 3 0 5 2 4 3 6 5
Last Time Cost: 00000133 ms
Total Time Cost: 00037617 ms
Total Distance 213: 4 4 6 4 5 6 3 5 3 6 5 5 3 2 2 2 4 2 2 3 4 4 6 3 4 4 5 5 5 5 4 4 4 6 5 3 3 5 4 6 6 5 3 6 3 0 5 2 4 3 6 5
Last Time Cost: 00000041 ms
Total Time Cost: 00037658 ms
Total Distance 211: 4 4 6 4 5 6 3 5 3 6 5 5 3 2 2 2 4 2 2 3 4 4 5 3 4 4 5 5 5 5 4 4 4 6 5 3 3 5 4 5 6 5 3 6 3 0 5 2 4 3 6 5
Last Time Cost: 00000040 ms
Total Time Cost: 00037698 ms
Total Distance 210: 4 4 6 4 5 6 3 5 3 6 5 5 3 1 2 2 4 2 2 3 4 4 5 3 4 4 5 5 5 5 4 4 4 6 5 3 3 5 4 5 6 5 3 6 3 0 5 2 4 3 6 5
Last Time Cost: 00000001 ms
Total Time Cost: 00037699 ms
Total Distance 209: 4 4 6 4 5 6 3 5 3 6 5 5 3 0 2 2 4 2 2 3 4 4 5 3 4 4 5 5 5 5 4 4 4 6 5 3 3 5 4 5 6 5 3 6 3 0 5 2 4 3 6 5
Last Time Cost: 00000042 ms
Total Time Cost: 00037741 ms
Total Distance 208: 4 4 6 4 5 6 3 5 3 6 5 5 3 0 2 2 4 2 1 3 4 4 5 3 4 4 5 5 5 5 4 4 4 6 5 3 3 5 4 5 6 5 3 6 3 0 5 2 4 3 6 5
Last Time Cost: 00000001 ms
Total Time Cost: 00037742 ms
Total Distance 207: 4 4 6 4 5 6 3 5 3 6 5 5 3 0 2 2 4 2 0 3 4 4 5 3 4 4 5 5 5 5 4 4 4 6 5 3 3 5 4 5 6 5 3 6 3 0 5 2 4 3 6 5
Last Time Cost: 00000045 ms
Total Time Cost: 00037787 ms
Total Distance 206: 4 4 6 4 5 6 3 5 3 6 5 5 3 0 2 2 4 1 0 3 4 4 5 3 4 4 5 5 5 5 4 4 4 6 5 3 3 5 4 5 6 5 3 6 3 0 5 2 4 3 6 5
Last Time Cost: 00000001 ms
Total Time Cost: 00037788 ms
Total Distance 205: 4 4 6 4 5 6 3 5 3 6 5 5 3 0 2 2 4 0 0 3 4 4 5 3 4 4 5 5 5 5 4 4 4 6 5 3 3 5 4 5 6 5 3 6 3 0 5 2 4 3 6 5
Last Time Cost: 00000049 ms
Total Time Cost: 00037837 ms
Total Distance 204: 4 4 6 4 5 6 3 5 3 6 5 5 3 0 1 2 4 0 0 3 4 4 5 3 4 4 5 5 5 5 4 4 4 6 5 3 3 5 4 5 6 5 3 6 3 0 5 2 4 3 6 5
Last Time Cost: 00000001 ms
Total Time Cost: 00037838 ms
Total Distance 203: 4 4 6 4 5 6 3 5 3 6 5 5 3 0 0 2 4 0 0 3 4 4 5 3 4 4 5 5 5 5 4 4 4 6 5 3 3 5 4 5 6 5 3 6 3 0 5 2 4 3 6 5
Last Time Cost: 00000053 ms
Total Time Cost: 00037891 ms
Total Distance 202: 4 4 6 4 5 6 3 5 3 6 5 5 3 0 0 1 4 0 0 3 4 4 5 3 4 4 5 5 5 5 4 4 4 6 5 3 3 5 4 5 6 5 3 6 3 0 5 2 4 3 6 5
Last Time Cost: 00000001 ms
Total Time Cost: 00037892 ms
Total Distance 201: 4 4 6 4 5 6 3 5 3 6 5 5 3 0 0 0 4 0 0 3 4 4 5 3 4 4 5 5 5 5 4 4 4 6 5 3 3 5 4 5 6 5 3 6 3 0 5 2 4 3 6 5
Last Time Cost: 00000056 ms
Total Time Cost: 00037948 ms
Total Distance 200: 4 4 6 4 5 6 3 5 3 6 5 5 3 0 0 0 4 0 0 3 4 4 5 3 4 4 5 5 5 5 4 4 4 6 5 3 3 5 4 5 6 5 3 6 3 0 5 1 4 3 6 5
Last Time Cost: 00000001 ms
Total Time Cost: 00037949 ms
Total Distance 199: 4 4 6 4 5 6 3 5 3 6 5 5 3 0 0 0 4 0 0 3 4 4 5 3 4 4 5 5 5 5 4 4 4 6 5 3 3 5 4 5 6 5 3 6 3 0 5 0 4 3 6 5
Last Time Cost: 00000059 ms
Total Time Cost: 00038008 ms
Total Distance 198: 4 4 6 4 5 6 3 5 3 6 5 5 3 0 0 0 4 0 0 3 4 4 5 3 4 4 5 5 5 5 4 4 4 6 5 2 3 5 4 5 6 5 3 6 3 0 5 0 4 3 6 5
Last Time Cost: 00000002 ms
Total Time Cost: 00038010 ms
Total Distance 197: 4 4 6 4 5 6 3 5 3 6 5 5 3 0 0 0 4 0 0 3 4 4 5 3 4 4 5 5 5 5 4 4 4 6 5 1 3 5 4 5 6 5 3 6 3 0 5 0 4 3 6 5
Last Time Cost: 00000001 ms
Total Time Cost: 00038011 ms
Total Distance 196: 4 4 6 4 5 6 3 5 3 6 5 5 3 0 0 0 4 0 0 3 4 4 5 3 4 4 5 5 5 5 4 4 4 6 5 0 3 5 4 5 6 5 3 6 3 0 5 0 4 3 6 5
Last Time Cost: 00000064 ms
Total Time Cost: 00038075 ms
Total Distance 195: 4 4 6 4 5 6 3 5 3 6 5 5 3 0 0 0 4 0 0 3 4 4 5 3 4 4 5 5 5 5 4 4 4 6 5 0 3 5 4 5 6 5 2 6 3 0 5 0 4 3 6 5
Last Time Cost: 00000001 ms
Total Time Cost: 00038076 ms
Total Distance 194: 4 4 6 4 5 6 3 5 3 6 5 5 3 0 0 0 4 0 0 3 4 4 5 3 4 4 5 5 5 5 4 4 4 6 5 0 3 5 4 5 6 5 1 6 3 0 5 0 4 3 6 5
Last Time Cost: 00000001 ms
Total Time Cost: 00038077 ms
Total Distance 193: 4 4 6 4 5 6 3 5 3 6 5 5 3 0 0 0 4 0 0 3 4 4 5 3 4 4 5 5 5 5 4 4 4 6 5 0 3 5 4 5 6 5 0 6 3 0 5 0 4 3 6 5
Last Time Cost: 00000069 ms
Total Time Cost: 00038146 ms
Total Distance 192: 4 4 6 4 5 6 3 5 2 6 5 5 3 0 0 0 4 0 0 3 4 4 5 3 4 4 5 5 5 5 4 4 4 6 5 0 3 5 4 5 6 5 0 6 3 0 5 0 4 3 6 5
Last Time Cost: 00000001 ms
Total Time Cost: 00038147 ms
Total Distance 191: 4 4 6 4 5 6 3 5 1 6 5 5 3 0 0 0 4 0 0 3 4 4 5 3 4 4 5 5 5 5 4 4 4 6 5 0 3 5 4 5 6 5 0 6 3 0 5 0 4 3 6 5
Last Time Cost: 00000002 ms
Total Time Cost: 00038149 ms
Total Distance 190: 4 4 6 4 5 6 3 5 0 6 5 5 3 0 0 0 4 0 0 3 4 4 5 3 4 4 5 5 5 5 4 4 4 6 5 0 3 5 4 5 6 5 0 6 3 0 5 0 4 3 6 5
Last Time Cost: 00000076 ms
Total Time Cost: 00038225 ms
Total Distance 189: 4 4 6 4 5 6 3 5 0 6 5 5 3 0 0 0 4 0 0 3 4 4 5 3 4 4 5 5 5 5 4 4 4 6 5 0 3 5 4 5 6 5 0 6 3 0 5 0 4 2 6 5
Last Time Cost: 00000001 ms
Total Time Cost: 00038226 ms
Total Distance 188: 4 4 6 4 5 6 3 5 0 6 5 5 3 0 0 0 4 0 0 3 4 4 5 3 4 4 5 5 5 5 4 4 4 6 5 0 3 5 4 5 6 5 0 6 3 0 5 0 4 1 6 5
Last Time Cost: 00000001 ms
Total Time Cost: 00038227 ms
Total Distance 187: 4 4 6 4 5 6 3 5 0 6 5 5 3 0 0 0 4 0 0 3 4 4 5 3 4 4 5 5 5 5 4 4 4 6 5 0 3 5 4 5 6 5 0 6 3 0 5 0 4 0 6 5
Last Time Cost: 00000083 ms
Total Time Cost: 00038310 ms
Total Distance 185: 4 4 5 4 5 6 3 5 0 6 5 5 3 0 0 0 4 0 0 3 4 4 5 3 4 4 5 5 5 5 4 4 4 6 5 0 3 5 4 5 6 5 0 6 3 0 4 0 4 0 6 5
Last Time Cost: 00000081 ms
Total Time Cost: 00038391 ms
Total Distance 184: 4 4 5 4 5 6 3 5 0 6 5 5 3 0 0 0 4 0 0 3 4 4 5 3 4 4 5 5 5 5 4 4 4 6 5 0 3 5 4 5 6 5 0 6 2 0 4 0 4 0 6 5
Last Time Cost: 00000001 ms
Total Time Cost: 00038392 ms
Total Distance 183: 4 4 5 4 5 6 3 5 0 6 5 5 3 0 0 0 4 0 0 3 4 4 5 3 4 4 5 5 5 5 4 4 4 6 5 0 3 5 4 5 6 5 0 6 1 0 4 0 4 0 6 5
Last Time Cost: 00000001 ms
Total Time Cost: 00038393 ms
Total Distance 182: 4 4 5 4 5 6 3 5 0 6 5 5 3 0 0 0 4 0 0 3 4 4 5 3 4 4 5 5 5 5 4 4 4 6 5 0 3 5 4 5 6 5 0 6 0 0 4 0 4 0 6 5
Last Time Cost: 00000084 ms
Total Time Cost: 00038477 ms
Total Distance 181: 4 4 5 4 5 6 3 5 0 6 5 5 3 0 0 0 4 0 0 2 4 4 5 3 4 4 5 5 5 5 4 4 4 6 5 0 3 5 4 5 6 5 0 6 0 0 4 0 4 0 6 5
Last Time Cost: 00000001 ms
Total Time Cost: 00038478 ms
Total Distance 180: 4 4 5 4 5 6 3 5 0 6 5 5 3 0 0 0 4 0 0 1 4 4 5 3 4 4 5 5 5 5 4 4 4 6 5 0 3 5 4 5 6 5 0 6 0 0 4 0 4 0 6 5
Last Time Cost: 00000002 ms
Total Time Cost: 00038480 ms
Total Distance 179: 4 4 5 4 5 6 3 5 0 6 5 5 3 0 0 0 4 0 0 0 4 4 5 3 4 4 5 5 5 5 4 4 4 6 5 0 3 5 4 5 6 5 0 6 0 0 4 0 4 0 6 5
Last Time Cost: 00000090 ms
Total Time Cost: 00038570 ms
Total Distance 178: 4 4 5 4 5 6 3 5 0 6 5 5 2 0 0 0 4 0 0 0 4 4 5 3 4 4 5 5 5 5 4 4 4 6 5 0 3 5 4 5 6 5 0 6 0 0 4 0 4 0 6 5
Last Time Cost: 00000001 ms
Total Time Cost: 00038571 ms
Total Distance 177: 4 4 5 4 5 6 3 5 0 6 5 5 1 0 0 0 4 0 0 0 4 4 5 3 4 4 5 5 5 5 4 4 4 6 5 0 3 5 4 5 6 5 0 6 0 0 4 0 4 0 6 5
Last Time Cost: 00000001 ms
Total Time Cost: 00038572 ms
Total Distance 176: 4 4 5 4 5 6 3 5 0 6 5 5 0 0 0 0 4 0 0 0 4 4 5 3 4 4 5 5 5 5 4 4 4 6 5 0 3 5 4 5 6 5 0 6 0 0 4 0 4 0 6 5
Last Time Cost: 00000094 ms
Total Time Cost: 00038666 ms
Total Distance 175: 4 4 5 4 5 6 3 5 0 6 5 5 0 0 0 0 4 0 0 0 4 4 5 3 4 4 5 5 5 5 4 4 4 6 5 0 2 5 4 5 6 5 0 6 0 0 4 0 4 0 6 5
Last Time Cost: 00000001 ms
Total Time Cost: 00038667 ms
Total Distance 174: 4 4 5 4 5 6 3 5 0 6 5 5 0 0 0 0 4 0 0 0 4 4 5 3 4 4 5 5 5 5 4 4 4 6 5 0 1 5 4 5 6 5 0 6 0 0 4 0 4 0 6 5
Last Time Cost: 00000001 ms
Total Time Cost: 00038668 ms
Total Distance 173: 4 4 5 4 5 6 3 5 0 6 5 5 0 0 0 0 4 0 0 0 4 4 5 3 4 4 5 5 5 5 4 4 4 6 5 0 0 5 4 5 6 5 0 6 0 0 4 0 4 0 6 5
Last Time Cost: 00000102 ms
Total Time Cost: 00038770 ms
Total Distance 172: 4 4 5 4 5 6 2 5 0 6 5 5 0 0 0 0 4 0 0 0 4 4 5 3 4 4 5 5 5 5 4 4 4 6 5 0 0 5 4 5 6 5 0 6 0 0 4 0 4 0 6 5
Last Time Cost: 00000001 ms
Total Time Cost: 00038771 ms
Total Distance 171: 4 4 5 4 5 6 1 5 0 6 5 5 0 0 0 0 4 0 0 0 4 4 5 3 4 4 5 5 5 5 4 4 4 6 5 0 0 5 4 5 6 5 0 6 0 0 4 0 4 0 6 5
Last Time Cost: 00000001 ms
Total Time Cost: 00038772 ms
Total Distance 170: 4 4 5 4 5 6 0 5 0 6 5 5 0 0 0 0 4 0 0 0 4 4 5 3 4 4 5 5 5 5 4 4 4 6 5 0 0 5 4 5 6 5 0 6 0 0 4 0 4 0 6 5
Last Time Cost: 00000110 ms
Total Time Cost: 00038882 ms
Total Distance 169: 4 4 5 4 5 6 0 5 0 6 5 5 0 0 0 0 4 0 0 0 4 4 5 2 4 4 5 5 5 5 4 4 4 6 5 0 0 5 4 5 6 5 0 6 0 0 4 0 4 0 6 5
Last Time Cost: 00000001 ms
Total Time Cost: 00038883 ms
Total Distance 168: 4 4 5 4 5 6 0 5 0 6 5 5 0 0 0 0 4 0 0 0 4 4 5 1 4 4 5 5 5 5 4 4 4 6 5 0 0 5 4 5 6 5 0 6 0 0 4 0 4 0 6 5
Last Time Cost: 00000001 ms
Total Time Cost: 00038884 ms
Total Distance 167: 4 4 5 4 5 6 0 5 0 6 5 5 0 0 0 0 4 0 0 0 4 4 5 0 4 4 5 5 5 5 4 4 4 6 5 0 0 5 4 5 6 5 0 6 0 0 4 0 4 0 6 5
Last Time Cost: 00000119 ms
Total Time Cost: 00039003 ms
Total Distance 166: 3 4 5 4 5 6 0 5 0 6 5 5 0 0 0 0 4 0 0 0 4 4 5 0 4 4 5 5 5 5 4 4 4 6 5 0 0 5 4 5 6 5 0 6 0 0 4 0 4 0 6 5
Last Time Cost: 00000001 ms
Total Time Cost: 00039004 ms
Total Distance 165: 2 4 5 4 5 6 0 5 0 6 5 5 0 0 0 0 4 0 0 0 4 4 5 0 4 4 5 5 5 5 4 4 4 6 5 0 0 5 4 5 6 5 0 6 0 0 4 0 4 0 6 5
Last Time Cost: 00000001 ms
Total Time Cost: 00039005 ms
Total Distance 164: 1 4 5 4 5 6 0 5 0 6 5 5 0 0 0 0 4 0 0 0 4 4 5 0 4 4 5 5 5 5 4 4 4 6 5 0 0 5 4 5 6 5 0 6 0 0 4 0 4 0 6 5
Last Time Cost: 00000001 ms
Total Time Cost: 00039006 ms
Total Distance 163: 0 4 5 4 5 6 0 5 0 6 5 5 0 0 0 0 4 0 0 0 4 4 5 0 4 4 5 5 5 5 4 4 4 6 5 0 0 5 4 5 6 5 0 6 0 0 4 0 4 0 6 5
Last Time Cost: 00000133 ms
Total Time Cost: 00039139 ms
Total Distance 162: 0 4 5 4 5 6 0 5 0 6 5 5 0 0 0 0 4 0 0 0 4 4 5 0 4 4 5 5 5 5 4 3 4 6 5 0 0 5 4 5 6 5 0 6 0 0 4 0 4 0 6 5
Last Time Cost: 00000001 ms
Total Time Cost: 00039140 ms
Total Distance 161: 0 4 5 4 5 6 0 5 0 6 5 5 0 0 0 0 4 0 0 0 4 4 5 0 4 4 5 5 5 5 4 2 4 6 5 0 0 5 4 5 6 5 0 6 0 0 4 0 4 0 6 5
Last Time Cost: 00000001 ms
Total Time Cost: 00039141 ms
Total Distance 160: 0 4 5 4 5 6 0 5 0 6 5 5 0 0 0 0 4 0 0 0 4 4 5 0 4 4 5 5 5 5 4 1 4 6 5 0 0 5 4 5 6 5 0 6 0 0 4 0 4 0 6 5
Last Time Cost: 00000001 ms
Total Time Cost: 00039142 ms
Total Distance 159: 0 4 5 4 5 6 0 5 0 6 5 5 0 0 0 0 4 0 0 0 4 4 5 0 4 4 5 5 5 5 4 0 4 6 5 0 0 5 4 5 6 5 0 6 0 0 4 0 4 0 6 5
Last Time Cost: 00000152 ms
Total Time Cost: 00039294 ms
Total Distance 158: 0 4 5 4 5 6 0 5 0 6 5 5 0 0 0 0 3 0 0 0 4 4 5 0 4 4 5 5 5 5 4 0 4 6 5 0 0 5 4 5 6 5 0 6 0 0 4 0 4 0 6 5
Last Time Cost: 00000002 ms
Total Time Cost: 00039296 ms
Total Distance 157: 0 4 5 4 5 6 0 5 0 6 5 5 0 0 0 0 2 0 0 0 4 4 5 0 4 4 5 5 5 5 4 0 4 6 5 0 0 5 4 5 6 5 0 6 0 0 4 0 4 0 6 5
Last Time Cost: 00000002 ms
Total Time Cost: 00039298 ms
Total Distance 156: 0 4 5 4 5 6 0 5 0 6 5 5 0 0 0 0 1 0 0 0 4 4 5 0 4 4 5 5 5 5 4 0 4 6 5 0 0 5 4 5 6 5 0 6 0 0 4 0 4 0 6 5
Last Time Cost: 00000001 ms
Total Time Cost: 00039299 ms
Total Distance 155: 0 4 5 4 5 6 0 5 0 6 5 5 0 0 0 0 0 0 0 0 4 4 5 0 4 4 5 5 5 5 4 0 4 6 5 0 0 5 4 5 6 5 0 6 0 0 4 0 4 0 6 5
Last Time Cost: 00000165 ms
Total Time Cost: 00039464 ms
Total Distance 154: 0 4 5 4 5 6 0 5 0 6 5 5 0 0 0 0 0 0 0 0 4 4 5 0 3 4 5 5 5 5 4 0 4 6 5 0 0 5 4 5 6 5 0 6 0 0 4 0 4 0 6 5
Last Time Cost: 00000002 ms
Total Time Cost: 00039466 ms
Total Distance 153: 0 4 5 4 5 6 0 5 0 6 5 5 0 0 0 0 0 0 0 0 4 4 5 0 2 4 5 5 5 5 4 0 4 6 5 0 0 5 4 5 6 5 0 6 0 0 4 0 4 0 6 5
Last Time Cost: 00000002 ms
Total Time Cost: 00039468 ms
Total Distance 152: 0 4 5 4 5 6 0 5 0 6 5 5 0 0 0 0 0 0 0 0 4 4 5 0 1 4 5 5 5 5 4 0 4 6 5 0 0 5 4 5 6 5 0 6 0 0 4 0 4 0 6 5
Last Time Cost: 00000001 ms
Total Time Cost: 00039469 ms
Total Distance 151: 0 4 5 4 5 6 0 5 0 6 5 5 0 0 0 0 0 0 0 0 4 4 5 0 0 4 5 5 5 5 4 0 4 6 5 0 0 5 4 5 6 5 0 6 0 0 4 0 4 0 6 5
Last Time Cost: 00000172 ms
Total Time Cost: 00039641 ms
Total Distance 150: 0 4 5 4 5 6 0 5 0 6 5 5 0 0 0 0 0 0 0 0 4 4 5 0 0 4 5 5 5 5 4 0 3 6 5 0 0 5 4 5 6 5 0 6 0 0 4 0 4 0 6 5
Last Time Cost: 00000002 ms
Total Time Cost: 00039643 ms
Total Distance 149: 0 4 5 4 5 6 0 5 0 6 5 5 0 0 0 0 0 0 0 0 4 4 5 0 0 4 5 5 5 5 4 0 2 6 5 0 0 5 4 5 6 5 0 6 0 0 4 0 4 0 6 5
Last Time Cost: 00000002 ms
Total Time Cost: 00039645 ms
Total Distance 148: 0 4 5 4 5 6 0 5 0 6 5 5 0 0 0 0 0 0 0 0 4 4 5 0 0 4 5 5 5 5 4 0 1 6 5 0 0 5 4 5 6 5 0 6 0 0 4 0 4 0 6 5
Last Time Cost: 00000001 ms
Total Time Cost: 00039646 ms
Total Distance 147: 0 4 5 4 5 6 0 5 0 6 5 5 0 0 0 0 0 0 0 0 4 4 5 0 0 4 5 5 5 5 4 0 0 6 5 0 0 5 4 5 6 5 0 6 0 0 4 0 4 0 6 5
Last Time Cost: 00000186 ms
Total Time Cost: 00039832 ms
Total Distance 145: 0 4 4 4 5 6 0 5 0 6 5 5 0 0 0 0 0 0 0 0 4 4 5 0 0 4 5 5 5 5 3 0 0 6 5 0 0 5 4 5 6 5 0 6 0 0 4 0 4 0 6 5
Last Time Cost: 00000182 ms
Total Time Cost: 00040014 ms
Total Distance 143: 0 4 4 4 5 6 0 5 0 6 4 5 0 0 0 0 0 0 0 0 4 4 5 0 0 4 5 5 5 4 3 0 0 6 5 0 0 5 4 5 6 5 0 6 0 0 4 0 4 0 6 5
Last Time Cost: 00000173 ms
Total Time Cost: 00040187 ms
Total Distance 142: 0 4 4 4 5 6 0 5 0 6 4 5 0 0 0 0 0 0 0 0 4 4 5 0 0 4 5 5 5 4 2 0 0 6 5 0 0 5 4 5 6 5 0 6 0 0 4 0 4 0 6 5
Last Time Cost: 00000002 ms
Total Time Cost: 00040189 ms
Total Distance 141: 0 4 4 4 5 6 0 5 0 6 4 5 0 0 0 0 0 0 0 0 4 4 5 0 0 4 5 5 5 4 1 0 0 6 5 0 0 5 4 5 6 5 0 6 0 0 4 0 4 0 6 5
Last Time Cost: 00000001 ms
Total Time Cost: 00040190 ms
Total Distance 140: 0 4 4 4 5 6 0 5 0 6 4 5 0 0 0 0 0 0 0 0 4 4 5 0 0 4 5 5 5 4 0 0 0 6 5 0 0 5 4 5 6 5 0 6 0 0 4 0 4 0 6 5
Last Time Cost: 00000185 ms
Total Time Cost: 00040375 ms
Total Distance 139: 0 4 4 4 5 6 0 5 0 6 4 5 0 0 0 0 0 0 0 0 4 4 5 0 0 4 5 5 5 4 0 0 0 6 5 0 0 5 4 5 6 5 0 6 0 0 3 0 4 0 6 5
Last Time Cost: 00000001 ms
Total Time Cost: 00040376 ms
Total Distance 138: 0 4 4 4 5 6 0 5 0 6 4 5 0 0 0 0 0 0 0 0 4 4 5 0 0 4 5 5 5 4 0 0 0 6 5 0 0 5 4 5 6 5 0 6 0 0 2 0 4 0 6 5
Last Time Cost: 00000001 ms
Total Time Cost: 00040377 ms
Total Distance 137: 0 4 4 4 5 6 0 5 0 6 4 5 0 0 0 0 0 0 0 0 4 4 5 0 0 4 5 5 5 4 0 0 0 6 5 0 0 5 4 5 6 5 0 6 0 0 1 0 4 0 6 5
Last Time Cost: 00000001 ms
Total Time Cost: 00040378 ms
Total Distance 136: 0 4 4 4 5 6 0 5 0 6 4 5 0 0 0 0 0 0 0 0 4 4 5 0 0 4 5 5 5 4 0 0 0 6 5 0 0 5 4 5 6 5 0 6 0 0 0 0 4 0 6 5
Last Time Cost: 00000204 ms
Total Time Cost: 00040582 ms
Total Distance 134: 0 4 3 4 5 6 0 5 0 6 4 5 0 0 0 0 0 0 0 0 4 4 5 0 0 4 5 5 5 4 0 0 0 6 4 0 0 5 4 5 6 5 0 6 0 0 0 0 4 0 6 5
Last Time Cost: 00000203 ms
Total Time Cost: 00040785 ms
Total Distance 133: 0 4 2 4 5 6 0 5 0 6 4 5 0 0 0 0 0 0 0 0 4 4 5 0 0 4 5 5 5 4 0 0 0 6 4 0 0 5 4 5 6 5 0 6 0 0 0 0 4 0 6 5
Last Time Cost: 00000002 ms
Total Time Cost: 00040787 ms
Total Distance 132: 0 4 1 4 5 6 0 5 0 6 4 5 0 0 0 0 0 0 0 0 4 4 5 0 0 4 5 5 5 4 0 0 0 6 4 0 0 5 4 5 6 5 0 6 0 0 0 0 4 0 6 5
Last Time Cost: 00000001 ms
Total Time Cost: 00040788 ms
Total Distance 131: 0 4 0 4 5 6 0 5 0 6 4 5 0 0 0 0 0 0 0 0 4 4 5 0 0 4 5 5 5 4 0 0 0 6 4 0 0 5 4 5 6 5 0 6 0 0 0 0 4 0 6 5
Last Time Cost: 00000214 ms
Total Time Cost: 00041002 ms
Total Distance 130: 0 3 0 4 5 6 0 5 0 6 4 5 0 0 0 0 0 0 0 0 4 4 5 0 0 4 5 5 5 4 0 0 0 6 4 0 0 5 4 5 6 5 0 6 0 0 0 0 4 0 6 5
Last Time Cost: 00000002 ms
Total Time Cost: 00041004 ms
Total Distance 129: 0 2 0 4 5 6 0 5 0 6 4 5 0 0 0 0 0 0 0 0 4 4 5 0 0 4 5 5 5 4 0 0 0 6 4 0 0 5 4 5 6 5 0 6 0 0 0 0 4 0 6 5
Last Time Cost: 00000002 ms
Total Time Cost: 00041006 ms
Total Distance 128: 0 1 0 4 5 6 0 5 0 6 4 5 0 0 0 0 0 0 0 0 4 4 5 0 0 4 5 5 5 4 0 0 0 6 4 0 0 5 4 5 6 5 0 6 0 0 0 0 4 0 6 5
Last Time Cost: 00000001 ms
Total Time Cost: 00041007 ms
Total Distance 127: 0 0 0 4 5 6 0 5 0 6 4 5 0 0 0 0 0 0 0 0 4 4 5 0 0 4 5 5 5 4 0 0 0 6 4 0 0 5 4 5 6 5 0 6 0 0 0 0 4 0 6 5
Last Time Cost: 00000235 ms
Total Time Cost: 00041242 ms
Total Distance 125: 0 0 0 4 5 6 0 5 0 6 4 5 0 0 0 0 0 0 0 0 4 4 5 0 0 4 5 5 5 3 0 0 0 6 4 0 0 5 4 5 5 5 0 6 0 0 0 0 4 0 6 5
Last Time Cost: 00000231 ms
Total Time Cost: 00041473 ms
Total Distance 124: 0 0 0 4 5 6 0 5 0 6 4 5 0 0 0 0 0 0 0 0 4 4 5 0 0 4 5 5 5 2 0 0 0 6 4 0 0 5 4 5 5 5 0 6 0 0 0 0 4 0 6 5
Last Time Cost: 00000002 ms
Total Time Cost: 00041475 ms
Total Distance 123: 0 0 0 4 5 6 0 5 0 6 4 5 0 0 0 0 0 0 0 0 4 4 5 0 0 4 5 5 5 1 0 0 0 6 4 0 0 5 4 5 5 5 0 6 0 0 0 0 4 0 6 5
Last Time Cost: 00000001 ms
Total Time Cost: 00041476 ms
Total Distance 122: 0 0 0 4 5 6 0 5 0 6 4 5 0 0 0 0 0 0 0 0 4 4 5 0 0 4 5 5 5 0 0 0 0 6 4 0 0 5 4 5 5 5 0 6 0 0 0 0 4 0 6 5
Last Time Cost: 00000246 ms
Total Time Cost: 00041722 ms
Total Distance 121: 0 0 0 4 5 6 0 5 0 6 4 5 0 0 0 0 0 0 0 0 4 4 5 0 0 4 5 5 5 0 0 0 0 6 4 0 0 5 4 5 5 5 0 6 0 0 0 0 3 0 6 5
Last Time Cost: 00000002 ms
Total Time Cost: 00041724 ms
Total Distance 120: 0 0 0 4 5 6 0 5 0 6 4 5 0 0 0 0 0 0 0 0 4 4 5 0 0 4 5 5 5 0 0 0 0 6 4 0 0 5 4 5 5 5 0 6 0 0 0 0 2 0 6 5
Last Time Cost: 00000002 ms
Total Time Cost: 00041726 ms
Total Distance 119: 0 0 0 4 5 6 0 5 0 6 4 5 0 0 0 0 0 0 0 0 4 4 5 0 0 4 5 5 5 0 0 0 0 6 4 0 0 5 4 5 5 5 0 6 0 0 0 0 1 0 6 5
Last Time Cost: 00000001 ms
Total Time Cost: 00041727 ms
Total Distance 118: 0 0 0 4 5 6 0 5 0 6 4 5 0 0 0 0 0 0 0 0 4 4 5 0 0 4 5 5 5 0 0 0 0 6 4 0 0 5 4 5 5 5 0 6 0 0 0 0 0 0 6 5
Last Time Cost: 00000274 ms
Total Time Cost: 00042001 ms
Total Distance 117: 0 0 0 4 5 6 0 5 0 6 4 5 0 0 0 0 0 0 0 0 4 3 5 0 0 4 5 5 5 0 0 0 0 6 4 0 0 5 4 5 5 5 0 6 0 0 0 0 0 0 6 5
Last Time Cost: 00000002 ms
Total Time Cost: 00042003 ms
Total Distance 116: 0 0 0 4 5 6 0 5 0 6 4 5 0 0 0 0 0 0 0 0 4 2 5 0 0 4 5 5 5 0 0 0 0 6 4 0 0 5 4 5 5 5 0 6 0 0 0 0 0 0 6 5
Last Time Cost: 00000002 ms
Total Time Cost: 00042005 ms
Total Distance 115: 0 0 0 4 5 6 0 5 0 6 4 5 0 0 0 0 0 0 0 0 4 1 5 0 0 4 5 5 5 0 0 0 0 6 4 0 0 5 4 5 5 5 0 6 0 0 0 0 0 0 6 5
Last Time Cost: 00000001 ms
Total Time Cost: 00042006 ms
Total Distance 114: 0 0 0 4 5 6 0 5 0 6 4 5 0 0 0 0 0 0 0 0 4 0 5 0 0 4 5 5 5 0 0 0 0 6 4 0 0 5 4 5 5 5 0 6 0 0 0 0 0 0 6 5
Last Time Cost: 00000312 ms
Total Time Cost: 00042318 ms
Total Distance 113: 0 0 0 4 5 6 0 5 0 6 4 5 0 0 0 0 0 0 0 0 4 0 5 0 0 4 5 5 5 0 0 0 0 6 4 0 0 5 3 5 5 5 0 6 0 0 0 0 0 0 6 5
Last Time Cost: 00000002 ms
Total Time Cost: 00042320 ms
Total Distance 112: 0 0 0 4 5 6 0 5 0 6 4 5 0 0 0 0 0 0 0 0 4 0 5 0 0 4 5 5 5 0 0 0 0 6 4 0 0 5 2 5 5 5 0 6 0 0 0 0 0 0 6 5
Last Time Cost: 00000002 ms
Total Time Cost: 00042322 ms
Total Distance 111: 0 0 0 4 5 6 0 5 0 6 4 5 0 0 0 0 0 0 0 0 4 0 5 0 0 4 5 5 5 0 0 0 0 6 4 0 0 5 1 5 5 5 0 6 0 0 0 0 0 0 6 5
Last Time Cost: 00000001 ms
Total Time Cost: 00042323 ms
Total Distance 110: 0 0 0 4 5 6 0 5 0 6 4 5 0 0 0 0 0 0 0 0 4 0 5 0 0 4 5 5 5 0 0 0 0 6 4 0 0 5 0 5 5 5 0 6 0 0 0 0 0 0 6 5
Last Time Cost: 00000320 ms
Total Time Cost: 00042643 ms
Total Distance 109: 0 0 0 3 5 6 0 5 0 6 4 5 0 0 0 0 0 0 0 0 4 0 5 0 0 4 5 5 5 0 0 0 0 6 4 0 0 5 0 5 5 5 0 6 0 0 0 0 0 0 6 5
Last Time Cost: 00000002 ms
Total Time Cost: 00042645 ms
Total Distance 108: 0 0 0 2 5 6 0 5 0 6 4 5 0 0 0 0 0 0 0 0 4 0 5 0 0 4 5 5 5 0 0 0 0 6 4 0 0 5 0 5 5 5 0 6 0 0 0 0 0 0 6 5
Last Time Cost: 00000002 ms
Total Time Cost: 00042647 ms
Total Distance 107: 0 0 0 1 5 6 0 5 0 6 4 5 0 0 0 0 0 0 0 0 4 0 5 0 0 4 5 5 5 0 0 0 0 6 4 0 0 5 0 5 5 5 0 6 0 0 0 0 0 0 6 5
Last Time Cost: 00000001 ms
Total Time Cost: 00042648 ms
Total Distance 106: 0 0 0 0 5 6 0 5 0 6 4 5 0 0 0 0 0 0 0 0 4 0 5 0 0 4 5 5 5 0 0 0 0 6 4 0 0 5 0 5 5 5 0 6 0 0 0 0 0 0 6 5
Last Time Cost: 00000346 ms
Total Time Cost: 00042994 ms
Total Distance 105: 0 0 0 0 5 6 0 5 0 6 4 5 0 0 0 0 0 0 0 0 4 0 5 0 0 4 5 5 5 0 0 0 0 6 3 0 0 5 0 5 5 5 0 6 0 0 0 0 0 0 6 5
Last Time Cost: 00000002 ms
Total Time Cost: 00042996 ms
Total Distance 104: 0 0 0 0 5 6 0 5 0 6 4 5 0 0 0 0 0 0 0 0 4 0 5 0 0 4 5 5 5 0 0 0 0 6 2 0 0 5 0 5 5 5 0 6 0 0 0 0 0 0 6 5
Last Time Cost: 00000002 ms
Total Time Cost: 00042998 ms
Total Distance 103: 0 0 0 0 5 6 0 5 0 6 4 5 0 0 0 0 0 0 0 0 4 0 5 0 0 4 5 5 5 0 0 0 0 6 1 0 0 5 0 5 5 5 0 6 0 0 0 0 0 0 6 5
Last Time Cost: 00000002 ms
Total Time Cost: 00043000 ms
Total Distance 102: 0 0 0 0 5 6 0 5 0 6 4 5 0 0 0 0 0 0 0 0 4 0 5 0 0 4 5 5 5 0 0 0 0 6 0 0 0 5 0 5 5 5 0 6 0 0 0 0 0 0 6 5
Last Time Cost: 00000366 ms
Total Time Cost: 00043366 ms
Total Distance 101: 0 0 0 0 5 6 0 5 0 6 3 5 0 0 0 0 0 0 0 0 4 0 5 0 0 4 5 5 5 0 0 0 0 6 0 0 0 5 0 5 5 5 0 6 0 0 0 0 0 0 6 5
Last Time Cost: 00000002 ms
Total Time Cost: 00043368 ms
Total Distance 100: 0 0 0 0 5 6 0 5 0 6 2 5 0 0 0 0 0 0 0 0 4 0 5 0 0 4 5 5 5 0 0 0 0 6 0 0 0 5 0 5 5 5 0 6 0 0 0 0 0 0 6 5
Last Time Cost: 00000002 ms
Total Time Cost: 00043370 ms
Total Distance 99: 0 0 0 0 5 6 0 5 0 6 1 5 0 0 0 0 0 0 0 0 4 0 5 0 0 4 5 5 5 0 0 0 0 6 0 0 0 5 0 5 5 5 0 6 0 0 0 0 0 0 6 5
Last Time Cost: 00000002 ms
Total Time Cost: 00043372 ms
Total Distance 98: 0 0 0 0 5 6 0 5 0 6 0 5 0 0 0 0 0 0 0 0 4 0 5 0 0 4 5 5 5 0 0 0 0 6 0 0 0 5 0 5 5 5 0 6 0 0 0 0 0 0 6 5
Last Time Cost: 00000396 ms
Total Time Cost: 00043768 ms
Total Distance 97: 0 0 0 0 5 6 0 5 0 6 0 5 0 0 0 0 0 0 0 0 4 0 5 0 0 3 5 5 5 0 0 0 0 6 0 0 0 5 0 5 5 5 0 6 0 0 0 0 0 0 6 5
Last Time Cost: 00000002 ms
Total Time Cost: 00043770 ms
Total Distance 96: 0 0 0 0 5 6 0 5 0 6 0 5 0 0 0 0 0 0 0 0 4 0 5 0 0 2 5 5 5 0 0 0 0 6 0 0 0 5 0 5 5 5 0 6 0 0 0 0 0 0 6 5
Last Time Cost: 00000002 ms
Total Time Cost: 00043772 ms
Total Distance 95: 0 0 0 0 5 6 0 5 0 6 0 5 0 0 0 0 0 0 0 0 4 0 5 0 0 1 5 5 5 0 0 0 0 6 0 0 0 5 0 5 5 5 0 6 0 0 0 0 0 0 6 5
Last Time Cost: 00000002 ms
Total Time Cost: 00043774 ms
Total Distance 94: 0 0 0 0 5 6 0 5 0 6 0 5 0 0 0 0 0 0 0 0 4 0 5 0 0 0 5 5 5 0 0 0 0 6 0 0 0 5 0 5 5 5 0 6 0 0 0 0 0 0 6 5
Last Time Cost: 00000422 ms
Total Time Cost: 00044196 ms
Total Distance 93: 0 0 0 0 5 6 0 5 0 6 0 5 0 0 0 0 0 0 0 0 3 0 5 0 0 0 5 5 5 0 0 0 0 6 0 0 0 5 0 5 5 5 0 6 0 0 0 0 0 0 6 5
Last Time Cost: 00000002 ms
Total Time Cost: 00044198 ms
Total Distance 92: 0 0 0 0 5 6 0 5 0 6 0 5 0 0 0 0 0 0 0 0 2 0 5 0 0 0 5 5 5 0 0 0 0 6 0 0 0 5 0 5 5 5 0 6 0 0 0 0 0 0 6 5
Last Time Cost: 00000002 ms
Total Time Cost: 00044200 ms
Total Distance 91: 0 0 0 0 5 6 0 5 0 6 0 5 0 0 0 0 0 0 0 0 1 0 5 0 0 0 5 5 5 0 0 0 0 6 0 0 0 5 0 5 5 5 0 6 0 0 0 0 0 0 6 5
Last Time Cost: 00000002 ms
Total Time Cost: 00044202 ms
Total Distance 90: 0 0 0 0 5 6 0 5 0 6 0 5 0 0 0 0 0 0 0 0 0 0 5 0 0 0 5 5 5 0 0 0 0 6 0 0 0 5 0 5 5 5 0 6 0 0 0 0 0 0 6 5
Last Time Cost: 00000462 ms
Total Time Cost: 00044664 ms
Total Distance 89: 0 0 0 0 5 6 0 5 0 6 0 5 0 0 0 0 0 0 0 0 0 0 5 0 0 0 5 5 5 0 0 0 0 6 0 0 0 4 0 5 5 5 0 6 0 0 0 0 0 0 6 5
Last Time Cost: 00000002 ms
Total Time Cost: 00044666 ms
Total Distance 88: 0 0 0 0 5 6 0 5 0 6 0 5 0 0 0 0 0 0 0 0 0 0 5 0 0 0 5 5 5 0 0 0 0 6 0 0 0 3 0 5 5 5 0 6 0 0 0 0 0 0 6 5
Last Time Cost: 00000002 ms
Total Time Cost: 00044668 ms
Total Distance 87: 0 0 0 0 5 6 0 5 0 6 0 5 0 0 0 0 0 0 0 0 0 0 5 0 0 0 5 5 5 0 0 0 0 6 0 0 0 2 0 5 5 5 0 6 0 0 0 0 0 0 6 5
Last Time Cost: 00000002 ms
Total Time Cost: 00044670 ms
Total Distance 86: 0 0 0 0 5 6 0 5 0 6 0 5 0 0 0 0 0 0 0 0 0 0 5 0 0 0 5 5 5 0 0 0 0 6 0 0 0 1 0 5 5 5 0 6 0 0 0 0 0 0 6 5
Last Time Cost: 00000002 ms
Total Time Cost: 00044672 ms
Total Distance 85: 0 0 0 0 5 6 0 5 0 6 0 5 0 0 0 0 0 0 0 0 0 0 5 0 0 0 5 5 5 0 0 0 0 6 0 0 0 0 0 5 5 5 0 6 0 0 0 0 0 0 6 5
Last Time Cost: 00000486 ms
Total Time Cost: 00045158 ms
Total Distance 84: 0 0 0 0 5 6 0 5 0 6 0 5 0 0 0 0 0 0 0 0 0 0 4 0 0 0 5 5 5 0 0 0 0 6 0 0 0 0 0 5 5 5 0 6 0 0 0 0 0 0 6 5
Last Time Cost: 00000002 ms
Total Time Cost: 00045160 ms
Total Distance 83: 0 0 0 0 5 6 0 5 0 6 0 5 0 0 0 0 0 0 0 0 0 0 3 0 0 0 5 5 5 0 0 0 0 6 0 0 0 0 0 5 5 5 0 6 0 0 0 0 0 0 6 5
Last Time Cost: 00000002 ms
Total Time Cost: 00045162 ms
Total Distance 82: 0 0 0 0 5 6 0 5 0 6 0 5 0 0 0 0 0 0 0 0 0 0 2 0 0 0 5 5 5 0 0 0 0 6 0 0 0 0 0 5 5 5 0 6 0 0 0 0 0 0 6 5
Last Time Cost: 00000002 ms
Total Time Cost: 00045164 ms
Total Distance 81: 0 0 0 0 5 6 0 5 0 6 0 5 0 0 0 0 0 0 0 0 0 0 1 0 0 0 5 5 5 0 0 0 0 6 0 0 0 0 0 5 5 5 0 6 0 0 0 0 0 0 6 5
Last Time Cost: 00000002 ms
Total Time Cost: 00045166 ms
Total Distance 80: 0 0 0 0 5 6 0 5 0 6 0 5 0 0 0 0 0 0 0 0 0 0 0 0 0 0 5 5 5 0 0 0 0 6 0 0 0 0 0 5 5 5 0 6 0 0 0 0 0 0 6 5
Last Time Cost: 00000522 ms
Total Time Cost: 00045688 ms
Total Distance 79: 0 0 0 0 5 6 0 5 0 6 0 5 0 0 0 0 0 0 0 0 0 0 0 0 0 0 4 5 5 0 0 0 0 6 0 0 0 0 0 5 5 5 0 6 0 0 0 0 0 0 6 5
Last Time Cost: 00000002 ms
Total Time Cost: 00045690 ms
Total Distance 78: 0 0 0 0 5 6 0 5 0 6 0 5 0 0 0 0 0 0 0 0 0 0 0 0 0 0 3 5 5 0 0 0 0 6 0 0 0 0 0 5 5 5 0 6 0 0 0 0 0 0 6 5
Last Time Cost: 00000003 ms
Total Time Cost: 00045693 ms
Total Distance 77: 0 0 0 0 5 6 0 5 0 6 0 5 0 0 0 0 0 0 0 0 0 0 0 0 0 0 2 5 5 0 0 0 0 6 0 0 0 0 0 5 5 5 0 6 0 0 0 0 0 0 6 5
Last Time Cost: 00000002 ms
Total Time Cost: 00045695 ms
Total Distance 76: 0 0 0 0 5 6 0 5 0 6 0 5 0 0 0 0 0 0 0 0 0 0 0 0 0 0 1 5 5 0 0 0 0 6 0 0 0 0 0 5 5 5 0 6 0 0 0 0 0 0 6 5
Last Time Cost: 00000002 ms
Total Time Cost: 00045697 ms
Total Distance 75: 0 0 0 0 5 6 0 5 0 6 0 5 0 0 0 0 0 0 0 0 0 0 0 0 0 0 0 5 5 0 0 0 0 6 0 0 0 0 0 5 5 5 0 6 0 0 0 0 0 0 6 5
Last Time Cost: 00000537 ms
Total Time Cost: 00046234 ms
Total Distance 74: 0 0 0 0 5 6 0 5 0 6 0 5 0 0 0 0 0 0 0 0 0 0 0 0 0 0 0 5 4 0 0 0 0 6 0 0 0 0 0 5 5 5 0 6 0 0 0 0 0 0 6 5
Last Time Cost: 00000003 ms
Total Time Cost: 00046237 ms
Total Distance 73: 0 0 0 0 5 6 0 5 0 6 0 5 0 0 0 0 0 0 0 0 0 0 0 0 0 0 0 5 3 0 0 0 0 6 0 0 0 0 0 5 5 5 0 6 0 0 0 0 0 0 6 5
Last Time Cost: 00000002 ms
Total Time Cost: 00046239 ms
Total Distance 72: 0 0 0 0 5 6 0 5 0 6 0 5 0 0 0 0 0 0 0 0 0 0 0 0 0 0 0 5 2 0 0 0 0 6 0 0 0 0 0 5 5 5 0 6 0 0 0 0 0 0 6 5
Last Time Cost: 00000002 ms
Total Time Cost: 00046241 ms
Total Distance 71: 0 0 0 0 5 6 0 5 0 6 0 5 0 0 0 0 0 0 0 0 0 0 0 0 0 0 0 5 1 0 0 0 0 6 0 0 0 0 0 5 5 5 0 6 0 0 0 0 0 0 6 5
Last Time Cost: 00000002 ms
Total Time Cost: 00046243 ms
Total Distance 70: 0 0 0 0 5 6 0 5 0 6 0 5 0 0 0 0 0 0 0 0 0 0 0 0 0 0 0 5 0 0 0 0 0 6 0 0 0 0 0 5 5 5 0 6 0 0 0 0 0 0 6 5
Last Time Cost: 00000548 ms
Total Time Cost: 00046791 ms
Total Distance 69: 0 0 0 0 5 6 0 5 0 6 0 5 0 0 0 0 0 0 0 0 0 0 0 0 0 0 0 5 0 0 0 0 0 6 0 0 0 0 0 4 5 5 0 6 0 0 0 0 0 0 6 5
Last Time Cost: 00000003 ms
Total Time Cost: 00046794 ms
Total Distance 68: 0 0 0 0 5 6 0 5 0 6 0 5 0 0 0 0 0 0 0 0 0 0 0 0 0 0 0 5 0 0 0 0 0 6 0 0 0 0 0 3 5 5 0 6 0 0 0 0 0 0 6 5
Last Time Cost: 00000002 ms
Total Time Cost: 00046796 ms
Total Distance 67: 0 0 0 0 5 6 0 5 0 6 0 5 0 0 0 0 0 0 0 0 0 0 0 0 0 0 0 5 0 0 0 0 0 6 0 0 0 0 0 2 5 5 0 6 0 0 0 0 0 0 6 5
Last Time Cost: 00000002 ms
Total Time Cost: 00046798 ms
Total Distance 66: 0 0 0 0 5 6 0 5 0 6 0 5 0 0 0 0 0 0 0 0 0 0 0 0 0 0 0 5 0 0 0 0 0 6 0 0 0 0 0 1 5 5 0 6 0 0 0 0 0 0 6 5
Last Time Cost: 00000002 ms
Total Time Cost: 00046800 ms
Total Distance 65: 0 0 0 0 5 6 0 5 0 6 0 5 0 0 0 0 0 0 0 0 0 0 0 0 0 0 0 5 0 0 0 0 0 6 0 0 0 0 0 0 5 5 0 6 0 0 0 0 0 0 6 5
Last Time Cost: 00000601 ms
Total Time Cost: 00047401 ms
Total Distance 63: 0 0 0 0 5 5 0 5 0 6 0 5 0 0 0 0 0 0 0 0 0 0 0 0 0 0 0 5 0 0 0 0 0 6 0 0 0 0 0 0 4 5 0 6 0 0 0 0 0 0 6 5
Last Time Cost: 00000522 ms
Total Time Cost: 00047923 ms
Total Distance 62: 0 0 0 0 5 5 0 5 0 6 0 5 0 0 0 0 0 0 0 0 0 0 0 0 0 0 0 5 0 0 0 0 0 6 0 0 0 0 0 0 3 5 0 6 0 0 0 0 0 0 6 5
Last Time Cost: 00000003 ms
Total Time Cost: 00047926 ms
Total Distance 61: 0 0 0 0 5 5 0 5 0 6 0 5 0 0 0 0 0 0 0 0 0 0 0 0 0 0 0 5 0 0 0 0 0 6 0 0 0 0 0 0 2 5 0 6 0 0 0 0 0 0 6 5
Last Time Cost: 00000002 ms
Total Time Cost: 00047928 ms
Total Distance 60: 0 0 0 0 5 5 0 5 0 6 0 5 0 0 0 0 0 0 0 0 0 0 0 0 0 0 0 5 0 0 0 0 0 6 0 0 0 0 0 0 1 5 0 6 0 0 0 0 0 0 6 5
Last Time Cost: 00000002 ms
Total Time Cost: 00047930 ms
Total Distance 59: 0 0 0 0 5 5 0 5 0 6 0 5 0 0 0 0 0 0 0 0 0 0 0 0 0 0 0 5 0 0 0 0 0 6 0 0 0 0 0 0 0 5 0 6 0 0 0 0 0 0 6 5
Last Time Cost: 00000563 ms
Total Time Cost: 00048493 ms
Total Distance 57: 0 0 0 0 5 5 0 5 0 5 0 5 0 0 0 0 0 0 0 0 0 0 0 0 0 0 0 5 0 0 0 0 0 6 0 0 0 0 0 0 0 5 0 5 0 0 0 0 0 0 6 5
Last Time Cost: 00000491 ms
Total Time Cost: 00048984 ms
Total Distance 56: 0 0 0 0 4 5 0 5 0 5 0 5 0 0 0 0 0 0 0 0 0 0 0 0 0 0 0 5 0 0 0 0 0 6 0 0 0 0 0 0 0 5 0 5 0 0 0 0 0 0 6 5
Last Time Cost: 00000003 ms
Total Time Cost: 00048987 ms
Total Distance 55: 0 0 0 0 3 5 0 5 0 5 0 5 0 0 0 0 0 0 0 0 0 0 0 0 0 0 0 5 0 0 0 0 0 6 0 0 0 0 0 0 0 5 0 5 0 0 0 0 0 0 6 5
Last Time Cost: 00000003 ms
Total Time Cost: 00048990 ms
Total Distance 54: 0 0 0 0 2 5 0 5 0 5 0 5 0 0 0 0 0 0 0 0 0 0 0 0 0 0 0 5 0 0 0 0 0 6 0 0 0 0 0 0 0 5 0 5 0 0 0 0 0 0 6 5
Last Time Cost: 00000003 ms
Total Time Cost: 00048993 ms
Total Distance 53: 0 0 0 0 1 5 0 5 0 5 0 5 0 0 0 0 0 0 0 0 0 0 0 0 0 0 0 5 0 0 0 0 0 6 0 0 0 0 0 0 0 5 0 5 0 0 0 0 0 0 6 5
Last Time Cost: 00000002 ms
Total Time Cost: 00048995 ms
Total Distance 52: 0 0 0 0 0 5 0 5 0 5 0 5 0 0 0 0 0 0 0 0 0 0 0 0 0 0 0 5 0 0 0 0 0 6 0 0 0 0 0 0 0 5 0 5 0 0 0 0 0 0 6 5
Last Time Cost: 00000491 ms
Total Time Cost: 00049486 ms
Total Distance 51: 0 0 0 0 0 5 0 5 0 5 0 5 0 0 0 0 0 0 0 0 0 0 0 0 0 0 0 5 0 0 0 0 0 6 0 0 0 0 0 0 0 5 0 5 0 0 0 0 0 0 6 4
Last Time Cost: 00000003 ms
Total Time Cost: 00049489 ms
Total Distance 50: 0 0 0 0 0 5 0 5 0 5 0 5 0 0 0 0 0 0 0 0 0 0 0 0 0 0 0 5 0 0 0 0 0 6 0 0 0 0 0 0 0 5 0 5 0 0 0 0 0 0 6 3
Last Time Cost: 00000003 ms
Total Time Cost: 00049492 ms
Total Distance 49: 0 0 0 0 0 5 0 5 0 5 0 5 0 0 0 0 0 0 0 0 0 0 0 0 0 0 0 5 0 0 0 0 0 6 0 0 0 0 0 0 0 5 0 5 0 0 0 0 0 0 6 2
Last Time Cost: 00000003 ms
Total Time Cost: 00049495 ms
Total Distance 48: 0 0 0 0 0 5 0 5 0 5 0 5 0 0 0 0 0 0 0 0 0 0 0 0 0 0 0 5 0 0 0 0 0 6 0 0 0 0 0 0 0 5 0 5 0 0 0 0 0 0 6 1
Last Time Cost: 00000002 ms
Total Time Cost: 00049497 ms
Total Distance 47: 0 0 0 0 0 5 0 5 0 5 0 5 0 0 0 0 0 0 0 0 0 0 0 0 0 0 0 5 0 0 0 0 0 6 0 0 0 0 0 0 0 5 0 5 0 0 0 0 0 0 6 0
Last Time Cost: 00000492 ms
Total Time Cost: 00049989 ms
Total Distance 45: 0 0 0 0 0 5 0 5 0 5 0 5 0 0 0 0 0 0 0 0 0 0 0 0 0 0 0 4 0 0 0 0 0 5 0 0 0 0 0 0 0 5 0 5 0 0 0 0 0 0 6 0
Last Time Cost: 00000385 ms
Total Time Cost: 00050374 ms
Total Distance 44: 0 0 0 0 0 5 0 5 0 5 0 5 0 0 0 0 0 0 0 0 0 0 0 0 0 0 0 3 0 0 0 0 0 5 0 0 0 0 0 0 0 5 0 5 0 0 0 0 0 0 6 0
Last Time Cost: 00000003 ms
Total Time Cost: 00050377 ms
Total Distance 43: 0 0 0 0 0 5 0 5 0 5 0 5 0 0 0 0 0 0 0 0 0 0 0 0 0 0 0 2 0 0 0 0 0 5 0 0 0 0 0 0 0 5 0 5 0 0 0 0 0 0 6 0
Last Time Cost: 00000003 ms
Total Time Cost: 00050380 ms
Total Distance 42: 0 0 0 0 0 5 0 5 0 5 0 5 0 0 0 0 0 0 0 0 0 0 0 0 0 0 0 1 0 0 0 0 0 5 0 0 0 0 0 0 0 5 0 5 0 0 0 0 0 0 6 0
Last Time Cost: 00000002 ms
Total Time Cost: 00050382 ms
Total Distance 41: 0 0 0 0 0 5 0 5 0 5 0 5 0 0 0 0 0 0 0 0 0 0 0 0 0 0 0 0 0 0 0 0 0 5 0 0 0 0 0 0 0 5 0 5 0 0 0 0 0 0 6 0
Last Time Cost: 00000410 ms
Total Time Cost: 00050792 ms
Total Distance 40: 0 0 0 0 0 5 0 5 0 5 0 5 0 0 0 0 0 0 0 0 0 0 0 0 0 0 0 0 0 0 0 0 0 5 0 0 0 0 0 0 0 4 0 5 0 0 0 0 0 0 6 0
Last Time Cost: 00000003 ms
Total Time Cost: 00050795 ms
Total Distance 39: 0 0 0 0 0 5 0 5 0 5 0 5 0 0 0 0 0 0 0 0 0 0 0 0 0 0 0 0 0 0 0 0 0 5 0 0 0 0 0 0 0 3 0 5 0 0 0 0 0 0 6 0
Last Time Cost: 00000003 ms
Total Time Cost: 00050798 ms
Total Distance 38: 0 0 0 0 0 5 0 5 0 5 0 5 0 0 0 0 0 0 0 0 0 0 0 0 0 0 0 0 0 0 0 0 0 5 0 0 0 0 0 0 0 2 0 5 0 0 0 0 0 0 6 0
Last Time Cost: 00000003 ms
Total Time Cost: 00050801 ms
Total Distance 37: 0 0 0 0 0 5 0 5 0 5 0 5 0 0 0 0 0 0 0 0 0 0 0 0 0 0 0 0 0 0 0 0 0 5 0 0 0 0 0 0 0 1 0 5 0 0 0 0 0 0 6 0
Last Time Cost: 00000003 ms
Total Time Cost: 00050804 ms
Total Distance 36: 0 0 0 0 0 5 0 5 0 5 0 5 0 0 0 0 0 0 0 0 0 0 0 0 0 0 0 0 0 0 0 0 0 5 0 0 0 0 0 0 0 0 0 5 0 0 0 0 0 0 6 0
Last Time Cost: 00000395 ms
Total Time Cost: 00051199 ms
Total Distance 35: 0 0 0 0 0 5 0 5 0 5 0 5 0 0 0 0 0 0 0 0 0 0 0 0 0 0 0 0 0 0 0 0 0 5 0 0 0 0 0 0 0 0 0 4 0 0 0 0 0 0 6 0
Last Time Cost: 00000003 ms
Total Time Cost: 00051202 ms
Total Distance 34: 0 0 0 0 0 5 0 5 0 5 0 5 0 0 0 0 0 0 0 0 0 0 0 0 0 0 0 0 0 0 0 0 0 5 0 0 0 0 0 0 0 0 0 3 0 0 0 0 0 0 6 0
Last Time Cost: 00000003 ms
Total Time Cost: 00051205 ms
Total Distance 33: 0 0 0 0 0 5 0 5 0 5 0 5 0 0 0 0 0 0 0 0 0 0 0 0 0 0 0 0 0 0 0 0 0 5 0 0 0 0 0 0 0 0 0 2 0 0 0 0 0 0 6 0
Last Time Cost: 00000003 ms
Total Time Cost: 00051208 ms
Total Distance 32: 0 0 0 0 0 5 0 5 0 5 0 5 0 0 0 0 0 0 0 0 0 0 0 0 0 0 0 0 0 0 0 0 0 5 0 0 0 0 0 0 0 0 0 1 0 0 0 0 0 0 6 0
Last Time Cost: 00000003 ms
Total Time Cost: 00051211 ms
Total Distance 31: 0 0 0 0 0 5 0 5 0 5 0 5 0 0 0 0 0 0 0 0 0 0 0 0 0 0 0 0 0 0 0 0 0 5 0 0 0 0 0 0 0 0 0 0 0 0 0 0 0 0 6 0
Last Time Cost: 00000388 ms
Total Time Cost: 00051599 ms
Total Distance 30: 0 0 0 0 0 5 0 4 0 5 0 5 0 0 0 0 0 0 0 0 0 0 0 0 0 0 0 0 0 0 0 0 0 5 0 0 0 0 0 0 0 0 0 0 0 0 0 0 0 0 6 0
Last Time Cost: 00000003 ms
Total Time Cost: 00051602 ms
Total Distance 29: 0 0 0 0 0 5 0 3 0 5 0 5 0 0 0 0 0 0 0 0 0 0 0 0 0 0 0 0 0 0 0 0 0 5 0 0 0 0 0 0 0 0 0 0 0 0 0 0 0 0 6 0
Last Time Cost: 00000003 ms
Total Time Cost: 00051605 ms
Total Distance 28: 0 0 0 0 0 5 0 2 0 5 0 5 0 0 0 0 0 0 0 0 0 0 0 0 0 0 0 0 0 0 0 0 0 5 0 0 0 0 0 0 0 0 0 0 0 0 0 0 0 0 6 0
Last Time Cost: 00000003 ms
Total Time Cost: 00051608 ms
Total Distance 27: 0 0 0 0 0 5 0 1 0 5 0 5 0 0 0 0 0 0 0 0 0 0 0 0 0 0 0 0 0 0 0 0 0 5 0 0 0 0 0 0 0 0 0 0 0 0 0 0 0 0 6 0
Last Time Cost: 00000003 ms
Total Time Cost: 00051611 ms
Total Distance 26: 0 0 0 0 0 5 0 0 0 5 0 5 0 0 0 0 0 0 0 0 0 0 0 0 0 0 0 0 0 0 0 0 0 5 0 0 0 0 0 0 0 0 0 0 0 0 0 0 0 0 6 0
Last Time Cost: 00000372 ms
Total Time Cost: 00051983 ms
Total Distance 25: 0 0 0 0 0 5 0 0 0 4 0 5 0 0 0 0 0 0 0 0 0 0 0 0 0 0 0 0 0 0 0 0 0 5 0 0 0 0 0 0 0 0 0 0 0 0 0 0 0 0 6 0
Last Time Cost: 00000003 ms
Total Time Cost: 00051986 ms
Total Distance 24: 0 0 0 0 0 5 0 0 0 3 0 5 0 0 0 0 0 0 0 0 0 0 0 0 0 0 0 0 0 0 0 0 0 5 0 0 0 0 0 0 0 0 0 0 0 0 0 0 0 0 6 0
Last Time Cost: 00000003 ms
Total Time Cost: 00051989 ms
Total Distance 23: 0 0 0 0 0 5 0 0 0 2 0 5 0 0 0 0 0 0 0 0 0 0 0 0 0 0 0 0 0 0 0 0 0 5 0 0 0 0 0 0 0 0 0 0 0 0 0 0 0 0 6 0
Last Time Cost: 00000003 ms
Total Time Cost: 00051992 ms
Total Distance 22: 0 0 0 0 0 5 0 0 0 1 0 5 0 0 0 0 0 0 0 0 0 0 0 0 0 0 0 0 0 0 0 0 0 5 0 0 0 0 0 0 0 0 0 0 0 0 0 0 0 0 6 0
Last Time Cost: 00000003 ms
Total Time Cost: 00051995 ms
Total Distance 21: 0 0 0 0 0 5 0 0 0 0 0 5 0 0 0 0 0 0 0 0 0 0 0 0 0 0 0 0 0 0 0 0 0 5 0 0 0 0 0 0 0 0 0 0 0 0 0 0 0 0 6 0
Last Time Cost: 00000360 ms
Total Time Cost: 00052355 ms
Total Distance 20: 0 0 0 0 0 5 0 0 0 0 0 4 0 0 0 0 0 0 0 0 0 0 0 0 0 0 0 0 0 0 0 0 0 5 0 0 0 0 0 0 0 0 0 0 0 0 0 0 0 0 6 0
Last Time Cost: 00000004 ms
Total Time Cost: 00052359 ms
Total Distance 19: 0 0 0 0 0 5 0 0 0 0 0 3 0 0 0 0 0 0 0 0 0 0 0 0 0 0 0 0 0 0 0 0 0 5 0 0 0 0 0 0 0 0 0 0 0 0 0 0 0 0 6 0
Last Time Cost: 00000003 ms
Total Time Cost: 00052362 ms
Total Distance 18: 0 0 0 0 0 5 0 0 0 0 0 2 0 0 0 0 0 0 0 0 0 0 0 0 0 0 0 0 0 0 0 0 0 5 0 0 0 0 0 0 0 0 0 0 0 0 0 0 0 0 6 0
Last Time Cost: 00000003 ms
Total Time Cost: 00052365 ms
Total Distance 17: 0 0 0 0 0 5 0 0 0 0 0 1 0 0 0 0 0 0 0 0 0 0 0 0 0 0 0 0 0 0 0 0 0 5 0 0 0 0 0 0 0 0 0 0 0 0 0 0 0 0 6 0
Last Time Cost: 00000003 ms
Total Time Cost: 00052368 ms
Total Distance 16: 0 0 0 0 0 5 0 0 0 0 0 0 0 0 0 0 0 0 0 0 0 0 0 0 0 0 0 0 0 0 0 0 0 5 0 0 0 0 0 0 0 0 0 0 0 0 0 0 0 0 6 0
Last Time Cost: 00000339 ms
Total Time Cost: 00052707 ms
Total Distance 15: 0 0 0 0 0 4 0 0 0 0 0 0 0 0 0 0 0 0 0 0 0 0 0 0 0 0 0 0 0 0 0 0 0 5 0 0 0 0 0 0 0 0 0 0 0 0 0 0 0 0 6 0
Last Time Cost: 00000004 ms
Total Time Cost: 00052711 ms
Total Distance 14: 0 0 0 0 0 3 0 0 0 0 0 0 0 0 0 0 0 0 0 0 0 0 0 0 0 0 0 0 0 0 0 0 0 5 0 0 0 0 0 0 0 0 0 0 0 0 0 0 0 0 6 0
Last Time Cost: 00000004 ms
Total Time Cost: 00052715 ms
Total Distance 13: 0 0 0 0 0 2 0 0 0 0 0 0 0 0 0 0 0 0 0 0 0 0 0 0 0 0 0 0 0 0 0 0 0 5 0 0 0 0 0 0 0 0 0 0 0 0 0 0 0 0 6 0
Last Time Cost: 00000004 ms
Total Time Cost: 00052719 ms
Total Distance 12: 0 0 0 0 0 1 0 0 0 0 0 0 0 0 0 0 0 0 0 0 0 0 0 0 0 0 0 0 0 0 0 0 0 5 0 0 0 0 0 0 0 0 0 0 0 0 0 0 0 0 6 0
Last Time Cost: 00000004 ms
Total Time Cost: 00052723 ms
Total Distance 11: 0 0 0 0 0 0 0 0 0 0 0 0 0 0 0 0 0 0 0 0 0 0 0 0 0 0 0 0 0 0 0 0 0 5 0 0 0 0 0 0 0 0 0 0 0 0 0 0 0 0 6 0
Last Time Cost: 00000322 ms
Total Time Cost: 00053045 ms
Total Distance 10: 0 0 0 0 0 0 0 0 0 0 0 0 0 0 0 0 0 0 0 0 0 0 0 0 0 0 0 0 0 0 0 0 0 4 0 0 0 0 0 0 0 0 0 0 0 0 0 0 0 0 6 0
Last Time Cost: 00000004 ms
Total Time Cost: 00053049 ms
Total Distance 9: 0 0 0 0 0 0 0 0 0 0 0 0 0 0 0 0 0 0 0 0 0 0 0 0 0 0 0 0 0 0 0 0 0 3 0 0 0 0 0 0 0 0 0 0 0 0 0 0 0 0 6 0
Last Time Cost: 00000004 ms
Total Time Cost: 00053053 ms
Total Distance 8: 0 0 0 0 0 0 0 0 0 0 0 0 0 0 0 0 0 0 0 0 0 0 0 0 0 0 0 0 0 0 0 0 0 2 0 0 0 0 0 0 0 0 0 0 0 0 0 0 0 0 6 0
Last Time Cost: 00000004 ms
Total Time Cost: 00053057 ms
Total Distance 7: 0 0 0 0 0 0 0 0 0 0 0 0 0 0 0 0 0 0 0 0 0 0 0 0 0 0 0 0 0 0 0 0 0 1 0 0 0 0 0 0 0 0 0 0 0 0 0 0 0 0 6 0
Last Time Cost: 00000004 ms
Total Time Cost: 00053061 ms
Total Distance 6: 0 0 0 0 0 0 0 0 0 0 0 0 0 0 0 0 0 0 0 0 0 0 0 0 0 0 0 0 0 0 0 0 0 0 0 0 0 0 0 0 0 0 0 0 0 0 0 0 0 0 6 0
Last Time Cost: 00000283 ms
Total Time Cost: 00053344 ms
Total Distance 5: 0 0 0 0 0 0 0 0 0 0 0 0 0 0 0 0 0 0 0 0 0 0 0 0 0 0 0 0 0 0 0 0 0 0 0 0 0 0 0 0 0 0 0 0 0 0 0 0 0 0 5 0
Last Time Cost: 00000059 ms
Total Time Cost: 00053403 ms
Total Distance 4: 0 0 0 0 0 0 0 0 0 0 0 0 0 0 0 0 0 0 0 0 0 0 0 0 0 0 0 0 0 0 0 0 0 0 0 0 0 0 0 0 0 0 0 0 0 0 0 0 0 0 4 0
Last Time Cost: 00000001 ms
Total Time Cost: 00053404 ms
Total Distance 3: 0 0 0 0 0 0 0 0 0 0 0 0 0 0 0 0 0 0 0 0 0 0 0 0 0 0 0 0 0 0 0 0 0 0 0 0 0 0 0 0 0 0 0 0 0 0 0 0 0 0 3 0
Last Time Cost: 00000000 ms
Total Time Cost: 00053404 ms
Total Distance 2: 0 0 0 0 0 0 0 0 0 0 0 0 0 0 0 0 0 0 0 0 0 0 0 0 0 0 0 0 0 0 0 0 0 0 0 0 0 0 0 0 0 0 0 0 0 0 0 0 0 0 2 0
Last Time Cost: 00000000 ms
Total Time Cost: 00053404 ms
Total Distance 1: 0 0 0 0 0 0 0 0 0 0 0 0 0 0 0 0 0 0 0 0 0 0 0 0 0 0 0 0 0 0 0 0 0 0 0 0 0 0 0 0 0 0 0 0 0 0 0 0 0 0 1 0
Last Time Cost: 00000000 ms
Total Time Cost: 00053404 ms
Total Distance 0: 0 0 0 0 0 0 0 0 0 0 0 0 0 0 0 0 0 0 0 0 0 0 0 0 0 0 0 0 0 0 0 0 0 0 0 0 0 0 0 0 0 0 0 0 0 0 0 0 0 0 0 0
