Last Time Cost: 00000000 ms
Total Time Cost: 00000000 ms
Total Distance 520: 14 14 14 14 14 14 14 14 14 14 12 12 12 12 12 12 12 12 12 12 13 13 13 13 13 13 13 13 13 13 13 13 13 13 13 13 13 13 13 13
Last Time Cost: 00002763 ms
Total Time Cost: 00002763 ms
Total Distance 510: 14 14 14 14 14 14 13 14 14 14 12 12 11 12 11 12 12 12 12 11 13 12 13 12 13 13 13 12 13 13 13 12 12 13 12 13 13 13 13 13
Last Time Cost: 00002911 ms
Total Time Cost: 00005674 ms
Total Distance 500: 14 13 14 14 14 14 13 14 14 13 12 11 10 12 11 12 11 11 12 11 13 12 13 12 13 13 13 12 12 13 13 11 12 13 12 13 12 13 13 12
Last Time Cost: 00003212 ms
Total Time Cost: 00008886 ms
Total Distance 490: 14 13 13 14 14 14 13 14 13 13 12 11 10 12 11 12 11 11 12 11 13 12 12 11 13 13 13 12 11 13 12 11 12 13 12 12 11 13 12 11
Last Time Cost: 00003360 ms
Total Time Cost: 00012246 ms
Total Distance 480: 14 13 13 14 13 13 13 14 12 12 12 11 10 12 11 11 11 11 12 11 13 12 12 10 13 12 12 12 11 12 12 11 12 13 12 12 11 12 12 11
Last Time Cost: 00003079 ms
Total Time Cost: 00015325 ms
Total Distance 471: 14 13 13 14 13 13 13 14 12 12 12 10 10 12 11 10 11 11 11 11 12 12 12 10 13 12 11 12 11 12 12 10 12 13 12 11 10 12 11 11
Last Time Cost: 00003362 ms
Total Time Cost: 00018687 ms
Total Distance 462: 14 13 13 14 13 13 13 14 12 11 11 10 9 12 11 10 11 11 10 11 12 12 12 10 12 12 11 12 11 12 12 10 12 13 11 11 10 11 10 10
Last Time Cost: 00003763 ms
Total Time Cost: 00022450 ms
Total Distance 453: 14 12 13 13 13 13 13 14 12 11 11 10 9 11 11 10 11 11 10 11 12 12 12 10 12 12 11 12 10 11 11 10 11 12 11 11 9 11 10 10
Last Time Cost: 00003797 ms
Total Time Cost: 00026247 ms
Total Distance 445: 14 12 13 12 13 12 13 14 12 11 11 10 9 10 11 10 10 11 10 11 12 12 12 10 12 12 10 12 10 11 10 10 11 11 11 11 9 10 10 10
Last Time Cost: 00003680 ms
Total Time Cost: 00029927 ms
Total Distance 437: 13 11 13 11 12 12 13 14 12 11 11 10 9 9 11 9 10 11 10 11 12 11 12 10 12 12 10 12 10 11 10 10 10 11 11 11 9 10 10 10
Last Time Cost: 00003637 ms
Total Time Cost: 00033564 ms
Total Distance 429: 13 11 12 10 11 11 12 14 12 11 11 10 9 9 11 8 10 11 10 11 12 11 12 10 12 12 10 12 10 11 10 10 9 10 11 11 9 10 10 10
Last Time Cost: 00002939 ms
Total Time Cost: 00036503 ms
Total Distance 422: 13 11 12 10 11 11 12 14 12 11 11 10 9 8 10 8 10 11 10 10 12 11 12 9 12 11 10 12 10 11 10 10 9 9 11 11 9 10 9 10
Last Time Cost: 00003359 ms
Total Time Cost: 00039862 ms
Total Distance 415: 13 11 12 10 11 11 12 13 12 11 11 10 8 8 9 8 10 11 10 10 12 11 12 9 11 11 10 12 10 11 10 10 8 9 11 11 9 9 8 10
Last Time Cost: 00003737 ms
Total Time Cost: 00043599 ms
Total Distance 408: 12 11 12 10 11 11 12 12 12 11 11 10 8 8 9 8 10 11 9 10 12 11 12 9 11 11 10 12 9 11 9 10 8 9 10 11 9 9 7 10
Last Time Cost: 00002469 ms
Total Time Cost: 00046068 ms
Total Distance 401: 12 11 12 10 10 11 12 12 11 10 11 10 8 8 9 8 10 11 9 9 11 11 12 9 11 11 10 12 8 11 9 10 8 9 9 11 9 9 7 10
Last Time Cost: 00002552 ms
Total Time Cost: 00048620 ms
Total Distance 395: 12 11 12 10 10 11 12 12 11 10 11 10 7 8 9 8 10 11 9 9 11 10 12 9 11 11 10 11 8 11 9 9 7 9 8 11 9 9 7 10
Last Time Cost: 00002778 ms
Total Time Cost: 00051398 ms
Total Distance 389: 12 11 12 10 10 11 12 12 11 9 11 10 6 8 9 8 10 11 9 9 10 10 12 9 11 11 10 10 8 10 9 9 7 9 8 10 9 9 7 10
Last Time Cost: 00002548 ms
Total Time Cost: 00053946 ms
Total Distance 383: 12 10 12 10 10 11 12 12 10 9 11 10 6 8 9 8 10 11 9 9 10 10 12 9 10 10 10 10 8 10 9 9 7 9 8 10 8 8 7 10
Last Time Cost: 00002262 ms
Total Time Cost: 00056208 ms
Total Distance 377: 12 10 11 10 10 10 12 12 10 9 11 10 6 8 9 8 10 11 9 9 10 10 12 9 9 10 10 9 8 10 9 9 7 9 8 10 8 7 7 9
Last Time Cost: 00002211 ms
Total Time Cost: 00058419 ms
Total Distance 372: 12 10 11 10 10 10 12 12 10 9 11 10 6 8 9 8 10 11 9 9 10 10 12 8 9 10 10 9 8 10 8 9 7 9 8 9 7 7 7 8
Last Time Cost: 00002478 ms
Total Time Cost: 00060897 ms
Total Distance 367: 12 10 11 10 10 10 12 11 10 9 10 10 6 8 9 8 10 11 9 8 10 10 12 8 9 9 9 9 8 10 8 9 7 9 8 9 7 7 7 8
Last Time Cost: 00002495 ms
Total Time Cost: 00063392 ms
Total Distance 363: 12 10 11 10 10 10 12 11 10 9 10 10 5 8 9 8 10 11 9 8 10 10 12 8 8 9 9 9 8 10 8 9 7 9 8 9 7 6 6 8
Last Time Cost: 00002817 ms
Total Time Cost: 00066209 ms
Total Distance 358: 12 10 11 10 9 10 12 11 10 8 10 10 5 8 9 7 10 11 9 8 10 10 12 8 8 8 9 9 8 9 8 9 7 9 8 9 7 6 6 8
Last Time Cost: 00003186 ms
Total Time Cost: 00069395 ms
Total Distance 353: 12 10 10 10 9 10 12 11 9 8 10 10 5 8 8 7 10 11 9 8 10 10 11 8 8 7 9 9 8 9 8 9 7 9 8 9 7 6 6 8
Last Time Cost: 00003024 ms
Total Time Cost: 00072419 ms
Total Distance 349: 12 10 10 10 9 10 12 11 9 8 10 10 5 8 7 7 10 11 9 7 10 10 11 7 8 7 9 9 8 9 8 9 7 8 8 9 7 6 6 8
Last Time Cost: 00003376 ms
Total Time Cost: 00075795 ms
Total Distance 345: 12 10 10 9 8 10 12 11 9 8 10 10 5 8 7 6 10 11 9 7 10 10 11 7 8 7 9 9 8 9 8 9 6 8 8 9 7 6 6 8
Last Time Cost: 00003767 ms
Total Time Cost: 00079562 ms
Total Distance 341: 12 9 10 9 7 10 12 11 9 8 10 10 5 8 7 5 10 11 9 7 10 10 11 7 8 7 9 9 8 9 8 9 5 8 8 9 7 6 6 8
Last Time Cost: 00004163 ms
Total Time Cost: 00083725 ms
Total Distance 337: 12 9 10 9 6 10 12 11 8 7 10 10 5 8 7 5 10 11 9 6 10 10 11 7 8 7 9 9 8 9 8 9 5 8 8 9 7 6 6 8
Last Time Cost: 00004657 ms
Total Time Cost: 00088382 ms
Total Distance 333: 12 9 10 9 6 10 12 11 8 7 10 10 5 8 7 5 10 10 9 5 10 10 11 6 8 7 9 9 8 9 8 9 5 7 8 9 7 6 6 8
Last Time Cost: 00004577 ms
Total Time Cost: 00092959 ms
Total Distance 329: 12 9 10 8 6 9 12 11 8 7 10 10 5 8 7 5 10 10 9 5 10 10 11 6 8 7 9 9 8 9 8 9 5 6 8 9 7 5 6 8
Last Time Cost: 00005014 ms
Total Time Cost: 00097973 ms
Total Distance 324: 12 9 10 8 6 9 12 11 8 6 10 10 5 8 7 5 10 9 9 5 10 10 11 6 8 7 9 9 8 9 7 9 5 6 8 9 6 5 6 7
Last Time Cost: 00005822 ms
Total Time Cost: 00103795 ms
Total Distance 319: 12 9 10 7 6 9 11 11 8 6 9 10 5 8 7 5 9 9 9 5 10 10 11 6 8 7 9 9 8 9 7 9 5 5 8 9 6 5 6 7
Last Time Cost: 00005813 ms
Total Time Cost: 00109608 ms
Total Distance 315: 12 9 10 7 6 9 11 11 8 6 8 10 5 8 7 5 9 9 9 5 10 10 11 6 8 7 9 8 8 9 7 8 5 5 7 9 6 5 6 7
Last Time Cost: 00006708 ms
Total Time Cost: 00116316 ms
Total Distance 311: 12 9 9 7 6 9 11 11 7 6 8 10 5 8 7 5 9 9 9 5 10 10 11 6 8 7 9 8 8 8 6 8 5 5 7 9 6 5 6 7
Last Time Cost: 00007336 ms
Total Time Cost: 00123652 ms
Total Distance 307: 12 9 9 7 6 9 11 11 7 6 8 10 5 8 7 5 8 9 8 5 10 9 11 6 8 7 9 8 7 8 6 8 5 5 7 9 6 5 6 7
Last Time Cost: 00008191 ms
Total Time Cost: 00131843 ms
Total Distance 303: 11 9 9 7 6 9 11 10 7 6 8 10 5 8 7 5 8 9 8 5 10 9 11 6 8 7 9 8 6 8 5 8 5 5 7 9 6 5 6 7
Last Time Cost: 00006433 ms
Total Time Cost: 00138276 ms
Total Distance 298: 10 9 9 7 6 9 10 9 7 6 8 10 5 8 7 5 8 9 8 5 9 9 11 6 8 7 9 8 6 8 5 8 5 5 7 9 6 5 5 7
Last Time Cost: 00003273 ms
Total Time Cost: 00141549 ms
Total Distance 294: 10 9 8 7 6 9 10 9 7 6 8 10 5 8 7 5 8 9 8 5 9 9 11 6 7 7 9 8 6 8 5 8 5 5 7 9 6 4 4 7
Last Time Cost: 00003416 ms
Total Time Cost: 00144965 ms
Total Distance 291: 10 9 8 7 6 9 10 9 7 6 8 10 5 7 7 5 8 9 8 4 9 9 11 6 7 7 9 8 6 8 5 8 5 5 7 9 6 3 4 7
Last Time Cost: 00003827 ms
Total Time Cost: 00148792 ms
Total Distance 288: 10 9 8 7 6 9 10 9 7 6 8 10 5 6 7 5 8 9 8 3 9 9 11 5 7 7 9 8 6 8 5 8 5 5 7 9 6 3 4 7
Last Time Cost: 00004357 ms
Total Time Cost: 00153149 ms
Total Distance 285: 10 9 8 7 6 9 10 9 7 6 8 10 5 5 7 5 8 9 8 3 9 9 11 5 7 7 9 8 6 8 5 8 4 5 7 9 5 3 4 7
Last Time Cost: 00004785 ms
Total Time Cost: 00157934 ms
Total Distance 281: 10 8 8 7 6 9 10 9 6 5 8 10 5 5 7 5 8 9 8 3 9 9 11 5 7 7 9 8 6 8 5 7 4 5 7 9 5 3 4 7
Last Time Cost: 00005146 ms
Total Time Cost: 00163080 ms
Total Distance 278: 10 8 8 7 6 8 10 9 6 5 8 10 5 5 7 5 8 9 8 3 9 9 11 5 7 7 9 8 6 8 5 7 4 4 7 9 5 2 4 7
Last Time Cost: 00005632 ms
Total Time Cost: 00168712 ms
Total Distance 275: 10 8 8 7 6 8 10 9 6 5 8 10 5 5 7 5 8 8 8 3 9 9 11 4 7 7 9 8 6 8 5 7 4 4 7 9 4 2 4 7
Last Time Cost: 00005926 ms
Total Time Cost: 00174638 ms
Total Distance 272: 10 8 7 7 6 8 10 9 6 5 8 10 5 5 7 5 8 8 8 3 9 9 11 4 6 7 9 8 6 8 5 7 4 4 7 9 4 2 4 6
Last Time Cost: 00006646 ms
Total Time Cost: 00181284 ms
Total Distance 269: 10 8 7 7 6 8 10 9 6 5 8 10 5 5 7 4 8 8 7 3 8 9 11 4 6 7 9 8 6 8 5 7 4 4 7 9 4 2 4 6
Last Time Cost: 00007042 ms
Total Time Cost: 00188326 ms
Total Distance 266: 10 8 7 7 6 8 10 9 6 5 8 10 5 5 7 4 8 8 6 3 8 8 11 4 6 7 9 8 5 8 5 7 4 4 7 9 4 2 4 6
Last Time Cost: 00007209 ms
Total Time Cost: 00195535 ms
Total Distance 263: 10 8 7 7 5 8 10 8 6 5 8 10 5 5 7 4 8 8 6 3 7 8 11 4 6 7 9 8 5 8 5 7 4 4 7 9 4 2 4 6
Last Time Cost: 00007487 ms
Total Time Cost: 00203022 ms
Total Distance 260: 9 8 7 6 5 8 10 8 6 5 8 10 5 5 7 4 8 8 6 3 7 8 11 4 6 7 9 8 5 8 5 7 4 3 7 9 4 2 4 6
Last Time Cost: 00008132 ms
Total Time Cost: 00211154 ms
Total Distance 257: 9 8 7 6 5 8 9 8 6 5 8 10 5 5 7 4 8 8 6 3 7 7 11 4 6 7 9 8 5 8 5 7 3 3 7 9 4 2 4 6
Last Time Cost: 00009019 ms
Total Time Cost: 00220173 ms
Total Distance 254: 9 8 7 6 5 8 9 8 6 5 8 10 5 5 7 4 8 8 5 3 7 7 11 4 6 7 8 8 5 7 5 7 3 3 7 9 4 2 4 6
Last Time Cost: 00009169 ms
Total Time Cost: 00229342 ms
Total Distance 251: 9 8 7 6 5 8 9 7 6 5 8 10 5 5 7 4 7 8 5 3 7 7 11 4 6 7 8 8 5 6 5 7 3 3 7 9 4 2 4 6
Last Time Cost: 00009843 ms
Total Time Cost: 00239185 ms
Total Distance 248: 9 7 7 6 5 8 9 6 6 5 8 10 5 5 7 4 6 8 5 3 7 7 11 4 6 7 8 8 5 6 5 7 3 3 7 9 4 2 4 6
Last Time Cost: 00011784 ms
Total Time Cost: 00250969 ms
Total Distance 245: 9 7 7 6 5 8 9 6 6 5 8 10 5 5 7 4 6 8 5 3 6 7 11 4 6 7 8 8 5 5 5 7 3 3 7 8 4 2 4 6
Last Time Cost: 00012449 ms
Total Time Cost: 00263418 ms
Total Distance 242: 9 7 7 6 5 7 9 6 6 5 8 10 5 4 7 4 6 8 5 3 6 7 11 4 6 7 7 8 5 5 5 7 3 3 7 8 4 2 4 6
Last Time Cost: 00013328 ms
Total Time Cost: 00276746 ms
Total Distance 239: 9 7 7 6 5 7 9 6 6 5 8 10 5 4 6 4 6 8 4 3 6 7 10 4 6 7 7 8 5 5 5 7 3 3 7 8 4 2 4 6
Last Time Cost: 00002396 ms
Total Time Cost: 00279142 ms
Total Distance 236: 9 7 7 6 5 7 9 6 6 5 7 10 5 4 6 4 6 7 4 3 6 7 10 4 6 7 7 7 5 5 5 7 3 3 7 8 4 2 4 6
Last Time Cost: 00002605 ms
Total Time Cost: 00281747 ms
Total Distance 233: 9 7 7 5 5 7 9 6 6 5 7 9 5 4 6 4 6 7 4 3 6 7 10 4 6 7 7 6 5 5 5 7 3 3 7 8 4 2 4 6
Last Time Cost: 00002346 ms
Total Time Cost: 00284093 ms
Total Distance 230: 9 7 6 5 5 7 9 6 6 5 7 9 5 4 6 4 6 7 4 3 6 7 9 4 6 7 7 6 5 5 5 7 3 3 7 7 4 2 4 6
Last Time Cost: 00002206 ms
Total Time Cost: 00286299 ms
Total Distance 227: 9 7 6 5 5 7 9 6 6 5 7 9 5 4 6 4 6 7 4 3 6 7 8 4 6 7 7 6 5 5 5 6 3 3 7 6 4 2 4 6
Last Time Cost: 00001788 ms
Total Time Cost: 00288087 ms
Total Distance 225: 9 7 6 4 5 7 9 6 6 5 7 9 5 4 6 4 6 7 4 3 6 7 8 4 6 7 7 6 5 5 5 6 3 2 7 6 4 2 4 6
Last Time Cost: 00001954 ms
Total Time Cost: 00290041 ms
Total Distance 223: 9 7 6 4 5 7 9 6 6 5 7 9 5 3 6 4 6 7 4 3 6 7 8 3 6 7 7 6 5 5 5 6 3 2 7 6 4 2 4 6
Last Time Cost: 00002062 ms
Total Time Cost: 00292103 ms
Total Distance 221: 9 7 6 4 4 7 9 6 6 5 7 9 5 3 6 4 6 7 4 3 6 7 8 3 6 7 7 6 5 5 5 6 2 2 7 6 4 2 4 6
Last Time Cost: 00002250 ms
Total Time Cost: 00294353 ms
Total Distance 219: 9 7 6 4 4 7 9 6 6 5 7 9 5 3 6 4 6 7 4 3 6 7 8 3 6 7 7 6 4 5 4 6 2 2 7 6 4 2 4 6
Last Time Cost: 00002361 ms
Total Time Cost: 00296714 ms
Total Distance 217: 9 7 6 4 4 7 9 6 6 5 7 9 5 3 6 4 6 7 4 2 6 7 8 3 6 7 6 6 4 5 4 6 2 2 7 6 4 2 4 6
Last Time Cost: 00002519 ms
Total Time Cost: 00299233 ms
Total Distance 215: 9 7 6 4 4 7 9 6 6 4 7 9 4 3 6 4 6 7 4 2 6 7 8 3 6 7 6 6 4 5 4 6 2 2 7 6 4 2 4 6
Last Time Cost: 00002675 ms
Total Time Cost: 00301908 ms
Total Distance 213: 9 7 6 4 4 7 9 6 5 3 7 9 4 3 6 4 6 7 4 2 6 7 8 3 6 7 6 6 4 5 4 6 2 2 7 6 4 2 4 6
Last Time Cost: 00002867 ms
Total Time Cost: 00304775 ms
Total Distance 211: 9 7 6 4 4 7 9 6 5 3 7 9 4 3 6 4 6 7 3 2 6 7 8 3 6 7 5 6 4 5 4 6 2 2 7 6 4 2 4 6
Last Time Cost: 00003082 ms
Total Time Cost: 00307857 ms
Total Distance 209: 9 7 5 4 4 7 9 6 5 3 7 9 4 3 6 4 6 7 3 2 6 7 8 3 6 7 5 6 4 4 4 6 2 2 7 6 4 2 4 6
Last Time Cost: 00003246 ms
Total Time Cost: 00311103 ms
Total Distance 207: 9 7 5 4 4 7 9 6 5 3 7 9 4 3 6 4 6 7 3 2 6 7 8 3 6 6 5 6 3 4 4 6 2 2 7 6 4 2 4 6
Last Time Cost: 00003470 ms
Total Time Cost: 00314573 ms
Total Distance 205: 9 7 5 4 4 7 9 6 5 3 7 9 4 3 6 4 6 7 3 2 6 7 8 3 6 5 5 6 3 4 4 6 2 2 7 6 3 2 4 6
Last Time Cost: 00003760 ms
Total Time Cost: 00318333 ms
Total Distance 203: 9 7 4 4 4 7 9 6 5 3 7 9 4 3 6 4 6 7 3 2 6 7 8 3 5 5 5 6 3 4 4 6 2 2 7 6 3 2 4 6
Last Time Cost: 00003906 ms
Total Time Cost: 00322239 ms
Total Distance 201: 9 7 4 4 4 7 9 6 5 2 7 9 4 3 6 4 6 7 3 2 6 7 8 3 5 5 5 6 3 4 4 6 2 2 7 5 3 2 4 6
Last Time Cost: 00004223 ms
Total Time Cost: 00326462 ms
Total Distance 199: 9 7 4 4 4 7 9 6 5 2 7 9 4 3 6 4 6 7 3 2 6 7 8 3 5 5 5 6 3 4 4 5 2 2 7 4 3 2 4 6
Last Time Cost: 00004467 ms
Total Time Cost: 00330929 ms
Total Distance 197: 9 7 4 4 4 7 9 6 5 2 7 9 4 3 6 4 6 7 3 2 6 7 8 3 5 5 5 6 3 4 4 4 2 2 7 4 3 2 4 5
Last Time Cost: 00004725 ms
Total Time Cost: 00335654 ms
Total Distance 195: 9 7 4 4 4 7 9 6 5 2 7 9 4 2 6 4 6 7 3 2 6 7 7 3 5 5 5 6 3 4 4 4 2 2 7 4 3 2 4 5
Last Time Cost: 00004965 ms
Total Time Cost: 00340619 ms
Total Distance 193: 9 7 4 4 4 7 9 6 5 2 7 9 4 2 6 4 6 7 3 2 6 7 6 3 5 5 5 6 3 4 4 4 2 2 7 3 3 2 4 5
Last Time Cost: 00005201 ms
Total Time Cost: 00345820 ms
Total Distance 191: 9 7 4 4 4 7 9 6 5 2 7 9 4 2 6 4 6 7 3 2 6 7 6 3 4 5 5 6 3 4 4 4 2 2 6 3 3 2 4 5
Last Time Cost: 00005534 ms
Total Time Cost: 00351354 ms
Total Distance 189: 9 7 4 4 4 7 9 6 5 2 7 9 4 2 5 4 6 7 3 2 6 7 5 3 4 5 5 6 3 4 4 4 2 2 6 3 3 2 4 5
Last Time Cost: 00006680 ms
Total Time Cost: 00358034 ms
Total Distance 187: 9 7 4 4 4 7 9 6 4 2 7 9 4 2 5 4 6 6 3 2 6 7 5 3 4 5 5 6 3 4 4 4 2 2 6 3 3 2 4 5
Last Time Cost: 00006914 ms
Total Time Cost: 00364948 ms
Total Distance 185: 9 7 4 4 4 7 9 5 4 2 7 9 4 2 5 4 6 5 3 2 6 7 5 3 4 5 5 6 3 4 4 4 2 2 6 3 3 2 4 5
Last Time Cost: 00007964 ms
Total Time Cost: 00372912 ms
Total Distance 183: 9 7 4 4 4 7 9 5 4 2 7 9 3 2 5 4 6 5 3 2 6 7 5 3 4 5 5 5 3 4 4 4 2 2 6 3 3 2 4 5
Last Time Cost: 00008564 ms
Total Time Cost: 00381476 ms
Total Distance 181: 9 7 4 4 4 7 9 5 4 2 6 9 3 2 5 4 6 5 3 2 6 7 5 3 4 5 5 5 3 4 4 4 2 2 6 3 2 2 4 5
Last Time Cost: 00009204 ms
Total Time Cost: 00390680 ms
Total Distance 179: 9 7 4 4 4 7 9 4 4 2 5 9 3 2 5 4 6 5 3 2 6 7 5 3 4 5 5 5 3 4 4 4 2 2 6 3 2 2 4 5
Last Time Cost: 00009955 ms
Total Time Cost: 00400635 ms
Total Distance 177: 9 7 4 4 4 7 9 4 4 2 5 9 3 2 5 4 6 4 3 2 5 7 5 3 4 5 5 5 3 4 4 4 2 2 6 3 2 2 4 5
Last Time Cost: 00010353 ms
Total Time Cost: 00410988 ms
Total Distance 175: 9 6 4 4 4 7 9 3 4 2 5 9 3 2 5 4 6 4 3 2 5 7 5 3 4 5 5 5 3 4 4 4 2 2 6 3 2 2 4 5
Last Time Cost: 00011135 ms
Total Time Cost: 00422123 ms
Total Distance 173: 9 6 4 4 4 6 9 3 4 2 5 9 3 2 5 4 6 4 3 2 5 7 5 3 4 5 5 4 3 4 4 4 2 2 6 3 2 2 4 5
Last Time Cost: 00011625 ms
Total Time Cost: 00433748 ms
Total Distance 171: 8 6 4 4 4 6 9 2 4 2 5 9 3 2 5 4 6 4 3 2 5 7 5 3 4 5 5 4 3 4 4 4 2 2 6 3 2 2 4 5
Last Time Cost: 00009266 ms
Total Time Cost: 00443014 ms
Total Distance 169: 7 6 3 4 4 6 9 2 4 2 5 9 3 2 5 4 6 4 3 2 5 7 5 3 4 5 5 4 3 4 4 4 2 2 6 3 2 2 4 5
Last Time Cost: 00009404 ms
Total Time Cost: 00452418 ms
Total Distance 167: 7 5 3 4 4 6 9 2 4 2 5 9 2 2 5 4 6 4 3 2 5 7 5 3 4 5 5 4 3 4 4 4 2 2 6 3 2 2 4 5
Last Time Cost: 00009664 ms
Total Time Cost: 00462082 ms
Total Distance 165: 7 5 3 4 4 6 9 2 4 2 5 8 1 2 5 4 6 4 3 2 5 7 5 3 4 5 5 4 3 4 4 4 2 2 6 3 2 2 4 5
Last Time Cost: 00000007 ms
Total Time Cost: 00462089 ms
Total Distance 164: 7 5 3 4 4 6 9 2 4 2 5 8 0 2 5 4 6 4 3 2 5 7 5 3 4 5 5 4 3 4 4 4 2 2 6 3 2 2 4 5
Last Time Cost: 00005736 ms
Total Time Cost: 00467825 ms
Total Distance 162: 6 5 3 4 4 6 9 2 4 2 5 8 0 2 5 4 6 4 3 2 5 7 5 3 4 5 5 4 3 4 4 4 2 2 6 3 2 2 3 5
Last Time Cost: 00006010 ms
Total Time Cost: 00473835 ms
Total Distance 160: 5 5 3 4 4 6 9 2 4 2 5 8 0 2 5 4 6 4 3 2 5 7 4 3 4 5 5 4 3 4 4 4 2 2 6 3 2 2 3 5
Last Time Cost: 00006754 ms
Total Time Cost: 00480589 ms
Total Distance 158: 5 5 3 4 4 6 9 2 4 2 5 7 0 2 5 4 6 4 3 2 5 7 4 3 4 5 5 4 3 4 4 4 2 2 6 3 2 2 3 4
Last Time Cost: 00006706 ms
Total Time Cost: 00487295 ms
Total Distance 156: 5 5 3 4 4 6 9 2 4 2 5 7 0 2 5 4 5 4 3 2 5 6 4 3 4 5 5 4 3 4 4 4 2 2 6 3 2 2 3 4
Last Time Cost: 00007376 ms
Total Time Cost: 00494671 ms
Total Distance 154: 5 4 3 4 4 6 8 2 4 2 5 7 0 2 5 4 5 4 3 2 5 6 4 3 4 5 5 4 3 4 4 4 2 2 6 3 2 2 3 4
Last Time Cost: 00000318 ms
Total Time Cost: 00494989 ms
Total Distance 152: 5 4 3 4 4 6 7 2 4 2 5 7 0 2 5 4 5 4 3 2 4 6 4 3 4 5 5 4 3 4 4 4 2 2 6 3 2 2 3 4
Last Time Cost: 00000216 ms
Total Time Cost: 00495205 ms
Total Distance 150: 5 4 3 4 4 6 6 2 4 2 5 7 0 2 4 4 5 4 3 2 4 6 4 3 4 5 5 4 3 4 4 4 2 2 6 3 2 2 3 4
Last Time Cost: 00000123 ms
Total Time Cost: 00495328 ms
Total Distance 148: 5 4 3 4 4 6 5 2 4 2 5 7 0 2 3 4 5 4 3 2 4 6 4 3 4 5 5 4 3 4 4 4 2 2 6 3 2 2 3 4
Last Time Cost: 00000125 ms
Total Time Cost: 00495453 ms
Total Distance 147: 5 4 3 4 4 6 5 2 4 2 5 7 0 2 3 4 5 4 3 2 4 6 4 3 4 5 5 4 3 4 4 4 2 2 6 3 2 1 3 4
Last Time Cost: 00000001 ms
Total Time Cost: 00495454 ms
Total Distance 146: 5 4 3 4 4 6 5 2 4 2 5 7 0 2 3 4 5 4 3 2 4 6 4 3 4 5 5 4 3 4 4 4 2 2 6 3 2 0 3 4
Last Time Cost: 00000134 ms
Total Time Cost: 00495588 ms
Total Distance 145: 5 4 3 4 4 6 5 2 4 2 5 7 0 2 3 4 5 4 3 2 4 6 4 3 4 5 5 4 3 4 4 4 2 1 6 3 2 0 3 4
Last Time Cost: 00000001 ms
Total Time Cost: 00495589 ms
Total Distance 144: 5 4 3 4 4 6 5 2 4 2 5 7 0 2 3 4 5 4 3 2 4 6 4 3 4 5 5 4 3 4 4 4 2 0 6 3 2 0 3 4
Last Time Cost: 00000143 ms
Total Time Cost: 00495732 ms
Total Distance 143: 5 4 3 4 4 6 5 2 4 1 5 7 0 2 3 4 5 4 3 2 4 6 4 3 4 5 5 4 3 4 4 4 2 0 6 3 2 0 3 4
Last Time Cost: 00000001 ms
Total Time Cost: 00495733 ms
Total Distance 142: 5 4 3 4 4 6 5 2 4 0 5 7 0 2 3 4 5 4 3 2 4 6 4 3 4 5 5 4 3 4 4 4 2 0 6 3 2 0 3 4
Last Time Cost: 00000159 ms
Total Time Cost: 00495892 ms
Total Distance 141: 5 4 3 4 4 6 5 2 4 0 5 7 0 2 3 4 5 4 3 1 4 6 4 3 4 5 5 4 3 4 4 4 2 0 6 3 2 0 3 4
Last Time Cost: 00000001 ms
Total Time Cost: 00495893 ms
Total Distance 140: 5 4 3 4 4 6 5 2 4 0 5 7 0 2 3 4 5 4 3 0 4 6 4 3 4 5 5 4 3 4 4 4 2 0 6 3 2 0 3 4
Last Time Cost: 00000166 ms
Total Time Cost: 00496059 ms
Total Distance 139: 5 4 3 4 4 6 5 2 4 0 5 7 0 2 3 4 5 4 3 0 4 6 4 3 4 5 5 4 3 4 4 4 1 0 6 3 2 0 3 4
Last Time Cost: 00000001 ms
Total Time Cost: 00496060 ms
Total Distance 138: 5 4 3 4 4 6 5 2 4 0 5 7 0 2 3 4 5 4 3 0 4 6 4 3 4 5 5 4 3 4 4 4 0 0 6 3 2 0 3 4
Last Time Cost: 00000180 ms
Total Time Cost: 00496240 ms
Total Distance 137: 5 4 3 4 4 6 5 2 4 0 5 7 0 2 3 4 5 4 3 0 4 6 4 3 4 5 5 4 3 4 4 4 0 0 6 3 1 0 3 4
Last Time Cost: 00000001 ms
Total Time Cost: 00496241 ms
Total Distance 136: 5 4 3 4 4 6 5 2 4 0 5 7 0 2 3 4 5 4 3 0 4 6 4 3 4 5 5 4 3 4 4 4 0 0 6 3 0 0 3 4
Last Time Cost: 00000201 ms
Total Time Cost: 00496442 ms
Total Distance 135: 5 4 3 4 4 6 5 1 4 0 5 7 0 2 3 4 5 4 3 0 4 6 4 3 4 5 5 4 3 4 4 4 0 0 6 3 0 0 3 4
Last Time Cost: 00000001 ms
Total Time Cost: 00496443 ms
Total Distance 134: 5 4 3 4 4 6 5 0 4 0 5 7 0 2 3 4 5 4 3 0 4 6 4 3 4 5 5 4 3 4 4 4 0 0 6 3 0 0 3 4
Last Time Cost: 00000218 ms
Total Time Cost: 00496661 ms
Total Distance 133: 5 4 3 4 4 6 5 0 4 0 5 7 0 1 3 4 5 4 3 0 4 6 4 3 4 5 5 4 3 4 4 4 0 0 6 3 0 0 3 4
Last Time Cost: 00000001 ms
Total Time Cost: 00496662 ms
Total Distance 132: 5 4 3 4 4 6 5 0 4 0 5 7 0 0 3 4 5 4 3 0 4 6 4 3 4 5 5 4 3 4 4 4 0 0 6 3 0 0 3 4
Last Time Cost: 00000236 ms
Total Time Cost: 00496898 ms
Total Distance 131: 5 4 3 4 4 6 5 0 4 0 5 7 0 0 3 4 5 4 3 0 4 6 4 3 4 5 5 4 3 4 4 4 0 0 6 3 0 0 2 4
Last Time Cost: 00000002 ms
Total Time Cost: 00496900 ms
Total Distance 130: 5 4 3 4 4 6 5 0 4 0 5 7 0 0 3 4 5 4 3 0 4 6 4 3 4 5 5 4 3 4 4 4 0 0 6 3 0 0 1 4
Last Time Cost: 00000001 ms
Total Time Cost: 00496901 ms
Total Distance 129: 5 4 3 4 4 6 5 0 4 0 5 7 0 0 3 4 5 4 3 0 4 6 4 3 4 5 5 4 3 4 4 4 0 0 6 3 0 0 0 4
Last Time Cost: 00000263 ms
Total Time Cost: 00497164 ms
Total Distance 128: 5 4 3 4 4 6 5 0 4 0 5 7 0 0 3 4 5 4 3 0 4 6 4 3 4 5 5 4 2 4 4 4 0 0 6 3 0 0 0 4
Last Time Cost: 00000001 ms
Total Time Cost: 00497165 ms
Total Distance 127: 5 4 3 4 4 6 5 0 4 0 5 7 0 0 3 4 5 4 3 0 4 6 4 3 4 5 5 4 1 4 4 4 0 0 6 3 0 0 0 4
Last Time Cost: 00000001 ms
Total Time Cost: 00497166 ms
Total Distance 126: 5 4 3 4 4 6 5 0 4 0 5 7 0 0 3 4 5 4 3 0 4 6 4 3 4 5 5 4 0 4 4 4 0 0 6 3 0 0 0 4
Last Time Cost: 00000318 ms
Total Time Cost: 00497484 ms
Total Distance 125: 5 4 2 4 4 6 5 0 4 0 5 7 0 0 3 4 5 4 3 0 4 6 4 3 4 5 5 4 0 4 4 4 0 0 6 3 0 0 0 4
Last Time Cost: 00000001 ms
Total Time Cost: 00497485 ms
Total Distance 124: 5 4 1 4 4 6 5 0 4 0 5 7 0 0 3 4 5 4 3 0 4 6 4 3 4 5 5 4 0 4 4 4 0 0 6 3 0 0 0 4
Last Time Cost: 00000001 ms
Total Time Cost: 00497486 ms
Total Distance 123: 5 4 0 4 4 6 5 0 4 0 5 7 0 0 3 4 5 4 3 0 4 6 4 3 4 5 5 4 0 4 4 4 0 0 6 3 0 0 0 4
Last Time Cost: 00000346 ms
Total Time Cost: 00497832 ms
Total Distance 122: 5 4 0 4 4 6 5 0 4 0 5 7 0 0 3 4 5 4 3 0 4 6 4 2 4 5 5 4 0 4 4 4 0 0 6 3 0 0 0 4
Last Time Cost: 00000001 ms
Total Time Cost: 00497833 ms
Total Distance 121: 5 4 0 4 4 6 5 0 4 0 5 7 0 0 3 4 5 4 3 0 4 6 4 1 4 5 5 4 0 4 4 4 0 0 6 3 0 0 0 4
Last Time Cost: 00000001 ms
Total Time Cost: 00497834 ms
Total Distance 120: 5 4 0 4 4 6 5 0 4 0 5 7 0 0 3 4 5 4 3 0 4 6 4 0 4 5 5 4 0 4 4 4 0 0 6 3 0 0 0 4
Last Time Cost: 00000417 ms
Total Time Cost: 00498251 ms
Total Distance 119: 5 4 0 4 4 6 5 0 4 0 5 7 0 0 2 4 5 4 3 0 4 6 4 0 4 5 5 4 0 4 4 4 0 0 6 3 0 0 0 4
Last Time Cost: 00000001 ms
Total Time Cost: 00498252 ms
Total Distance 118: 5 4 0 4 4 6 5 0 4 0 5 7 0 0 1 4 5 4 3 0 4 6 4 0 4 5 5 4 0 4 4 4 0 0 6 3 0 0 0 4
Last Time Cost: 00000001 ms
Total Time Cost: 00498253 ms
Total Distance 117: 5 4 0 4 4 6 5 0 4 0 5 7 0 0 0 4 5 4 3 0 4 6 4 0 4 5 5 4 0 4 4 4 0 0 6 3 0 0 0 4
Last Time Cost: 00000536 ms
Total Time Cost: 00498789 ms
Total Distance 116: 5 4 0 4 4 6 5 0 4 0 5 7 0 0 0 4 5 4 2 0 4 6 4 0 4 5 5 4 0 4 4 4 0 0 6 3 0 0 0 4
Last Time Cost: 00000001 ms
Total Time Cost: 00498790 ms
Total Distance 115: 5 4 0 4 4 6 5 0 4 0 5 7 0 0 0 4 5 4 1 0 4 6 4 0 4 5 5 4 0 4 4 4 0 0 6 3 0 0 0 4
Last Time Cost: 00000001 ms
Total Time Cost: 00498791 ms
Total Distance 114: 5 4 0 4 4 6 5 0 4 0 5 7 0 0 0 4 5 4 0 0 4 6 4 0 4 5 5 4 0 4 4 4 0 0 6 3 0 0 0 4
Last Time Cost: 00000631 ms
Total Time Cost: 00499422 ms
Total Distance 113: 5 4 0 4 4 6 5 0 4 0 5 7 0 0 0 4 5 4 0 0 4 6 4 0 4 5 5 4 0 4 4 4 0 0 6 2 0 0 0 4
Last Time Cost: 00000001 ms
Total Time Cost: 00499423 ms
Total Distance 112: 5 4 0 4 4 6 5 0 4 0 5 7 0 0 0 4 5 4 0 0 4 6 4 0 4 5 5 4 0 4 4 4 0 0 6 1 0 0 0 4
Last Time Cost: 00000001 ms
Total Time Cost: 00499424 ms
Total Distance 111: 5 4 0 4 4 6 5 0 4 0 5 7 0 0 0 4 5 4 0 0 4 6 4 0 4 5 5 4 0 4 4 4 0 0 6 0 0 0 0 4
Last Time Cost: 00000660 ms
Total Time Cost: 00500084 ms
Total Distance 110: 5 4 0 3 4 6 5 0 4 0 5 7 0 0 0 4 5 4 0 0 4 6 4 0 4 5 5 4 0 4 4 4 0 0 6 0 0 0 0 4
Last Time Cost: 00000001 ms
Total Time Cost: 00500085 ms
Total Distance 109: 5 4 0 2 4 6 5 0 4 0 5 7 0 0 0 4 5 4 0 0 4 6 4 0 4 5 5 4 0 4 4 4 0 0 6 0 0 0 0 4
Last Time Cost: 00000001 ms
Total Time Cost: 00500086 ms
Total Distance 108: 5 4 0 1 4 6 5 0 4 0 5 7 0 0 0 4 5 4 0 0 4 6 4 0 4 5 5 4 0 4 4 4 0 0 6 0 0 0 0 4
Last Time Cost: 00000001 ms
Total Time Cost: 00500087 ms
Total Distance 107: 5 4 0 0 4 6 5 0 4 0 5 7 0 0 0 4 5 4 0 0 4 6 4 0 4 5 5 4 0 4 4 4 0 0 6 0 0 0 0 4
Last Time Cost: 00000751 ms
Total Time Cost: 00500838 ms
Total Distance 106: 5 3 0 0 4 6 5 0 4 0 5 7 0 0 0 4 5 4 0 0 4 6 4 0 4 5 5 4 0 4 4 4 0 0 6 0 0 0 0 4
Last Time Cost: 00000001 ms
Total Time Cost: 00500839 ms
Total Distance 105: 5 2 0 0 4 6 5 0 4 0 5 7 0 0 0 4 5 4 0 0 4 6 4 0 4 5 5 4 0 4 4 4 0 0 6 0 0 0 0 4
Last Time Cost: 00000001 ms
Total Time Cost: 00500840 ms
Total Distance 104: 5 1 0 0 4 6 5 0 4 0 5 7 0 0 0 4 5 4 0 0 4 6 4 0 4 5 5 4 0 4 4 4 0 0 6 0 0 0 0 4
Last Time Cost: 00000001 ms
Total Time Cost: 00500841 ms
Total Distance 103: 5 0 0 0 4 6 5 0 4 0 5 7 0 0 0 4 5 4 0 0 4 6 4 0 4 5 5 4 0 4 4 4 0 0 6 0 0 0 0 4
Last Time Cost: 00000872 ms
Total Time Cost: 00501713 ms
Total Distance 101: 5 0 0 0 4 6 5 0 4 0 5 6 0 0 0 4 5 4 0 0 4 5 4 0 4 5 5 4 0 4 4 4 0 0 6 0 0 0 0 4
Last Time Cost: 00000083 ms
Total Time Cost: 00501796 ms
Total Distance 99: 5 0 0 0 4 6 5 0 4 0 5 5 0 0 0 4 5 4 0 0 4 4 4 0 4 5 5 4 0 4 4 4 0 0 6 0 0 0 0 4
Last Time Cost: 00000070 ms
Total Time Cost: 00501866 ms
Total Distance 98: 5 0 0 0 4 6 5 0 4 0 5 5 0 0 0 4 5 4 0 0 4 4 4 0 4 5 5 4 0 4 4 3 0 0 6 0 0 0 0 4
Last Time Cost: 00000001 ms
Total Time Cost: 00501867 ms
Total Distance 97: 5 0 0 0 4 6 5 0 4 0 5 5 0 0 0 4 5 4 0 0 4 4 4 0 4 5 5 4 0 4 4 2 0 0 6 0 0 0 0 4
Last Time Cost: 00000001 ms
Total Time Cost: 00501868 ms
Total Distance 96: 5 0 0 0 4 6 5 0 4 0 5 5 0 0 0 4 5 4 0 0 4 4 4 0 4 5 5 4 0 4 4 1 0 0 6 0 0 0 0 4
Last Time Cost: 00000001 ms
Total Time Cost: 00501869 ms
Total Distance 95: 5 0 0 0 4 6 5 0 4 0 5 5 0 0 0 4 5 4 0 0 4 4 4 0 4 5 5 4 0 4 4 0 0 0 6 0 0 0 0 4
Last Time Cost: 00000082 ms
Total Time Cost: 00501951 ms
Total Distance 94: 5 0 0 0 4 6 5 0 4 0 5 5 0 0 0 4 5 4 0 0 3 4 4 0 4 5 5 4 0 4 4 0 0 0 6 0 0 0 0 4
Last Time Cost: 00000001 ms
Total Time Cost: 00501952 ms
Total Distance 93: 5 0 0 0 4 6 5 0 4 0 5 5 0 0 0 4 5 4 0 0 2 4 4 0 4 5 5 4 0 4 4 0 0 0 6 0 0 0 0 4
Last Time Cost: 00000001 ms
Total Time Cost: 00501953 ms
Total Distance 92: 5 0 0 0 4 6 5 0 4 0 5 5 0 0 0 4 5 4 0 0 1 4 4 0 4 5 5 4 0 4 4 0 0 0 6 0 0 0 0 4
Last Time Cost: 00000001 ms
Total Time Cost: 00501954 ms
Total Distance 91: 5 0 0 0 4 6 5 0 4 0 5 5 0 0 0 4 5 4 0 0 0 4 4 0 4 5 5 4 0 4 4 0 0 0 6 0 0 0 0 4
Last Time Cost: 00000088 ms
Total Time Cost: 00502042 ms
Total Distance 89: 5 0 0 0 4 6 5 0 4 0 5 5 0 0 0 4 5 4 0 0 0 4 4 0 4 5 5 4 0 3 3 0 0 0 6 0 0 0 0 4
Last Time Cost: 00000090 ms
Total Time Cost: 00502132 ms
Total Distance 88: 5 0 0 0 4 6 5 0 4 0 5 5 0 0 0 4 5 4 0 0 0 4 4 0 4 5 5 4 0 2 3 0 0 0 6 0 0 0 0 4
Last Time Cost: 00000001 ms
Total Time Cost: 00502133 ms
Total Distance 87: 5 0 0 0 4 6 5 0 4 0 5 5 0 0 0 4 5 4 0 0 0 4 4 0 4 5 5 4 0 1 3 0 0 0 6 0 0 0 0 4
Last Time Cost: 00000001 ms
Total Time Cost: 00502134 ms
Total Distance 86: 5 0 0 0 4 6 5 0 4 0 5 5 0 0 0 4 5 4 0 0 0 4 4 0 4 5 5 4 0 0 3 0 0 0 6 0 0 0 0 4
Last Time Cost: 00000097 ms
Total Time Cost: 00502231 ms
Total Distance 85: 5 0 0 0 4 6 5 0 4 0 5 5 0 0 0 4 5 4 0 0 0 4 4 0 4 5 5 4 0 0 2 0 0 0 6 0 0 0 0 4
Last Time Cost: 00000001 ms
Total Time Cost: 00502232 ms
Total Distance 84: 5 0 0 0 4 6 5 0 4 0 5 5 0 0 0 4 5 4 0 0 0 4 4 0 4 5 5 4 0 0 1 0 0 0 6 0 0 0 0 4
Last Time Cost: 00000001 ms
Total Time Cost: 00502233 ms
Total Distance 83: 5 0 0 0 4 6 5 0 4 0 5 5 0 0 0 4 5 4 0 0 0 4 4 0 4 5 5 4 0 0 0 0 0 0 6 0 0 0 0 4
Last Time Cost: 00000106 ms
Total Time Cost: 00502339 ms
Total Distance 82: 5 0 0 0 3 6 5 0 4 0 5 5 0 0 0 4 5 4 0 0 0 4 4 0 4 5 5 4 0 0 0 0 0 0 6 0 0 0 0 4
Last Time Cost: 00000001 ms
Total Time Cost: 00502340 ms
Total Distance 81: 5 0 0 0 2 6 5 0 4 0 5 5 0 0 0 4 5 4 0 0 0 4 4 0 4 5 5 4 0 0 0 0 0 0 6 0 0 0 0 4
Last Time Cost: 00000001 ms
Total Time Cost: 00502341 ms
Total Distance 80: 5 0 0 0 1 6 5 0 4 0 5 5 0 0 0 4 5 4 0 0 0 4 4 0 4 5 5 4 0 0 0 0 0 0 6 0 0 0 0 4
Last Time Cost: 00000001 ms
Total Time Cost: 00502342 ms
Total Distance 79: 5 0 0 0 0 6 5 0 4 0 5 5 0 0 0 4 5 4 0 0 0 4 4 0 4 5 5 4 0 0 0 0 0 0 6 0 0 0 0 4
Last Time Cost: 00000116 ms
Total Time Cost: 00502458 ms
Total Distance 78: 5 0 0 0 0 6 5 0 4 0 5 5 0 0 0 4 5 4 0 0 0 3 4 0 4 5 5 4 0 0 0 0 0 0 6 0 0 0 0 4
Last Time Cost: 00000001 ms
Total Time Cost: 00502459 ms
Total Distance 77: 5 0 0 0 0 6 5 0 4 0 5 5 0 0 0 4 5 4 0 0 0 2 4 0 4 5 5 4 0 0 0 0 0 0 6 0 0 0 0 4
Last Time Cost: 00000001 ms
Total Time Cost: 00502460 ms
Total Distance 76: 5 0 0 0 0 6 5 0 4 0 5 5 0 0 0 4 5 4 0 0 0 1 4 0 4 5 5 4 0 0 0 0 0 0 6 0 0 0 0 4
Last Time Cost: 00000001 ms
Total Time Cost: 00502461 ms
Total Distance 75: 5 0 0 0 0 6 5 0 4 0 5 5 0 0 0 4 5 4 0 0 0 0 4 0 4 5 5 4 0 0 0 0 0 0 6 0 0 0 0 4
Last Time Cost: 00000125 ms
Total Time Cost: 00502586 ms
Total Distance 74: 5 0 0 0 0 6 5 0 4 0 5 5 0 0 0 3 5 4 0 0 0 0 4 0 4 5 5 4 0 0 0 0 0 0 6 0 0 0 0 4
Last Time Cost: 00000001 ms
Total Time Cost: 00502587 ms
Total Distance 73: 5 0 0 0 0 6 5 0 4 0 5 5 0 0 0 2 5 4 0 0 0 0 4 0 4 5 5 4 0 0 0 0 0 0 6 0 0 0 0 4
Last Time Cost: 00000001 ms
Total Time Cost: 00502588 ms
Total Distance 72: 5 0 0 0 0 6 5 0 4 0 5 5 0 0 0 1 5 4 0 0 0 0 4 0 4 5 5 4 0 0 0 0 0 0 6 0 0 0 0 4
Last Time Cost: 00000001 ms
Total Time Cost: 00502589 ms
Total Distance 71: 5 0 0 0 0 6 5 0 4 0 5 5 0 0 0 0 5 4 0 0 0 0 4 0 4 5 5 4 0 0 0 0 0 0 6 0 0 0 0 4
Last Time Cost: 00000135 ms
Total Time Cost: 00502724 ms
Total Distance 69: 4 0 0 0 0 6 5 0 4 0 5 5 0 0 0 0 5 4 0 0 0 0 4 0 4 4 5 4 0 0 0 0 0 0 6 0 0 0 0 4
Last Time Cost: 00000122 ms
Total Time Cost: 00502846 ms
Total Distance 68: 3 0 0 0 0 6 5 0 4 0 5 5 0 0 0 0 5 4 0 0 0 0 4 0 4 4 5 4 0 0 0 0 0 0 6 0 0 0 0 4
Last Time Cost: 00000001 ms
Total Time Cost: 00502847 ms
Total Distance 67: 2 0 0 0 0 6 5 0 4 0 5 5 0 0 0 0 5 4 0 0 0 0 4 0 4 4 5 4 0 0 0 0 0 0 6 0 0 0 0 4
Last Time Cost: 00000001 ms
Total Time Cost: 00502848 ms
Total Distance 66: 1 0 0 0 0 6 5 0 4 0 5 5 0 0 0 0 5 4 0 0 0 0 4 0 4 4 5 4 0 0 0 0 0 0 6 0 0 0 0 4
Last Time Cost: 00000001 ms
Total Time Cost: 00502849 ms
Total Distance 65: 0 0 0 0 0 6 5 0 4 0 5 5 0 0 0 0 5 4 0 0 0 0 4 0 4 4 5 4 0 0 0 0 0 0 6 0 0 0 0 4
Last Time Cost: 00000133 ms
Total Time Cost: 00502982 ms
Total Distance 64: 0 0 0 0 0 6 5 0 4 0 5 5 0 0 0 0 5 4 0 0 0 0 4 0 4 3 5 4 0 0 0 0 0 0 6 0 0 0 0 4
Last Time Cost: 00000001 ms
Total Time Cost: 00502983 ms
Total Distance 63: 0 0 0 0 0 6 5 0 4 0 5 5 0 0 0 0 5 4 0 0 0 0 4 0 4 2 5 4 0 0 0 0 0 0 6 0 0 0 0 4
Last Time Cost: 00000001 ms
Total Time Cost: 00502984 ms
Total Distance 62: 0 0 0 0 0 6 5 0 4 0 5 5 0 0 0 0 5 4 0 0 0 0 4 0 4 1 5 4 0 0 0 0 0 0 6 0 0 0 0 4
Last Time Cost: 00000001 ms
Total Time Cost: 00502985 ms
Total Distance 61: 0 0 0 0 0 6 5 0 4 0 5 5 0 0 0 0 5 4 0 0 0 0 4 0 4 0 5 4 0 0 0 0 0 0 6 0 0 0 0 4
Last Time Cost: 00000148 ms
Total Time Cost: 00503133 ms
Total Distance 60: 0 0 0 0 0 6 5 0 4 0 5 5 0 0 0 0 5 4 0 0 0 0 4 0 3 0 5 4 0 0 0 0 0 0 6 0 0 0 0 4
Last Time Cost: 00000001 ms
Total Time Cost: 00503134 ms
Total Distance 59: 0 0 0 0 0 6 5 0 4 0 5 5 0 0 0 0 5 4 0 0 0 0 4 0 2 0 5 4 0 0 0 0 0 0 6 0 0 0 0 4
Last Time Cost: 00000001 ms
Total Time Cost: 00503135 ms
Total Distance 58: 0 0 0 0 0 6 5 0 4 0 5 5 0 0 0 0 5 4 0 0 0 0 4 0 1 0 5 4 0 0 0 0 0 0 6 0 0 0 0 4
Last Time Cost: 00000002 ms
Total Time Cost: 00503137 ms
Total Distance 57: 0 0 0 0 0 6 5 0 4 0 5 5 0 0 0 0 5 4 0 0 0 0 4 0 0 0 5 4 0 0 0 0 0 0 6 0 0 0 0 4
Last Time Cost: 00000169 ms
Total Time Cost: 00503306 ms
Total Distance 56: 0 0 0 0 0 6 5 0 4 0 5 5 0 0 0 0 5 4 0 0 0 0 4 0 0 0 5 3 0 0 0 0 0 0 6 0 0 0 0 4
Last Time Cost: 00000001 ms
Total Time Cost: 00503307 ms
Total Distance 55: 0 0 0 0 0 6 5 0 4 0 5 5 0 0 0 0 5 4 0 0 0 0 4 0 0 0 5 2 0 0 0 0 0 0 6 0 0 0 0 4
Last Time Cost: 00000001 ms
Total Time Cost: 00503308 ms
Total Distance 54: 0 0 0 0 0 6 5 0 4 0 5 5 0 0 0 0 5 4 0 0 0 0 4 0 0 0 5 1 0 0 0 0 0 0 6 0 0 0 0 4
Last Time Cost: 00000001 ms
Total Time Cost: 00503309 ms
Total Distance 53: 0 0 0 0 0 6 5 0 4 0 5 5 0 0 0 0 5 4 0 0 0 0 4 0 0 0 5 0 0 0 0 0 0 0 6 0 0 0 0 4
Last Time Cost: 00000180 ms
Total Time Cost: 00503489 ms
Total Distance 52: 0 0 0 0 0 6 5 0 3 0 5 5 0 0 0 0 5 4 0 0 0 0 4 0 0 0 5 0 0 0 0 0 0 0 6 0 0 0 0 4
Last Time Cost: 00000002 ms
Total Time Cost: 00503491 ms
Total Distance 51: 0 0 0 0 0 6 5 0 2 0 5 5 0 0 0 0 5 4 0 0 0 0 4 0 0 0 5 0 0 0 0 0 0 0 6 0 0 0 0 4
Last Time Cost: 00000001 ms
Total Time Cost: 00503492 ms
Total Distance 49: 0 0 0 0 0 6 5 0 1 0 5 5 0 0 0 0 5 4 0 0 0 0 4 0 0 0 5 0 0 0 0 0 0 0 5 0 0 0 0 4
Last Time Cost: 00000001 ms
Total Time Cost: 00503493 ms
Total Distance 48: 0 0 0 0 0 6 5 0 0 0 5 5 0 0 0 0 5 4 0 0 0 0 4 0 0 0 5 0 0 0 0 0 0 0 5 0 0 0 0 4
Last Time Cost: 00000149 ms
Total Time Cost: 00503642 ms
Total Distance 47: 0 0 0 0 0 6 5 0 0 0 5 5 0 0 0 0 5 4 0 0 0 0 4 0 0 0 5 0 0 0 0 0 0 0 5 0 0 0 0 3
Last Time Cost: 00000002 ms
Total Time Cost: 00503644 ms
Total Distance 46: 0 0 0 0 0 6 5 0 0 0 5 5 0 0 0 0 5 4 0 0 0 0 4 0 0 0 5 0 0 0 0 0 0 0 5 0 0 0 0 2
Last Time Cost: 00000002 ms
Total Time Cost: 00503646 ms
Total Distance 45: 0 0 0 0 0 6 5 0 0 0 5 5 0 0 0 0 5 4 0 0 0 0 4 0 0 0 5 0 0 0 0 0 0 0 5 0 0 0 0 1
Last Time Cost: 00000001 ms
Total Time Cost: 00503647 ms
Total Distance 44: 0 0 0 0 0 6 5 0 0 0 5 5 0 0 0 0 5 4 0 0 0 0 4 0 0 0 5 0 0 0 0 0 0 0 5 0 0 0 0 0
Last Time Cost: 00000158 ms
Total Time Cost: 00503805 ms
Total Distance 43: 0 0 0 0 0 6 5 0 0 0 5 5 0 0 0 0 5 3 0 0 0 0 4 0 0 0 5 0 0 0 0 0 0 0 5 0 0 0 0 0
Last Time Cost: 00000002 ms
Total Time Cost: 00503807 ms
Total Distance 42: 0 0 0 0 0 6 5 0 0 0 5 5 0 0 0 0 5 2 0 0 0 0 4 0 0 0 5 0 0 0 0 0 0 0 5 0 0 0 0 0
Last Time Cost: 00000002 ms
Total Time Cost: 00503809 ms
Total Distance 41: 0 0 0 0 0 6 5 0 0 0 5 5 0 0 0 0 5 1 0 0 0 0 4 0 0 0 5 0 0 0 0 0 0 0 5 0 0 0 0 0
Last Time Cost: 00000001 ms
Total Time Cost: 00503810 ms
Total Distance 40: 0 0 0 0 0 6 5 0 0 0 5 5 0 0 0 0 5 0 0 0 0 0 4 0 0 0 5 0 0 0 0 0 0 0 5 0 0 0 0 0
Last Time Cost: 00000172 ms
Total Time Cost: 00503982 ms
Total Distance 39: 0 0 0 0 0 6 5 0 0 0 5 5 0 0 0 0 5 0 0 0 0 0 3 0 0 0 5 0 0 0 0 0 0 0 5 0 0 0 0 0
Last Time Cost: 00000002 ms
Total Time Cost: 00503984 ms
Total Distance 38: 0 0 0 0 0 6 5 0 0 0 5 5 0 0 0 0 5 0 0 0 0 0 2 0 0 0 5 0 0 0 0 0 0 0 5 0 0 0 0 0
Last Time Cost: 00000002 ms
Total Time Cost: 00503986 ms
Total Distance 37: 0 0 0 0 0 6 5 0 0 0 5 5 0 0 0 0 5 0 0 0 0 0 1 0 0 0 5 0 0 0 0 0 0 0 5 0 0 0 0 0
Last Time Cost: 00000001 ms
Total Time Cost: 00503987 ms
Total Distance 36: 0 0 0 0 0 6 5 0 0 0 5 5 0 0 0 0 5 0 0 0 0 0 0 0 0 0 5 0 0 0 0 0 0 0 5 0 0 0 0 0
Last Time Cost: 00000184 ms
Total Time Cost: 00504171 ms
Total Distance 35: 0 0 0 0 0 6 4 0 0 0 5 5 0 0 0 0 5 0 0 0 0 0 0 0 0 0 5 0 0 0 0 0 0 0 5 0 0 0 0 0
Last Time Cost: 00000002 ms
Total Time Cost: 00504173 ms
Total Distance 34: 0 0 0 0 0 6 3 0 0 0 5 5 0 0 0 0 5 0 0 0 0 0 0 0 0 0 5 0 0 0 0 0 0 0 5 0 0 0 0 0
Last Time Cost: 00000002 ms
Total Time Cost: 00504175 ms
Total Distance 33: 0 0 0 0 0 6 2 0 0 0 5 5 0 0 0 0 5 0 0 0 0 0 0 0 0 0 5 0 0 0 0 0 0 0 5 0 0 0 0 0
Last Time Cost: 00000002 ms
Total Time Cost: 00504177 ms
Total Distance 32: 0 0 0 0 0 6 1 0 0 0 5 5 0 0 0 0 5 0 0 0 0 0 0 0 0 0 5 0 0 0 0 0 0 0 5 0 0 0 0 0
Last Time Cost: 00000001 ms
Total Time Cost: 00504178 ms
Total Distance 31: 0 0 0 0 0 6 0 0 0 0 5 5 0 0 0 0 5 0 0 0 0 0 0 0 0 0 5 0 0 0 0 0 0 0 5 0 0 0 0 0
Last Time Cost: 00000188 ms
Total Time Cost: 00504366 ms
Total Distance 30: 0 0 0 0 0 6 0 0 0 0 5 5 0 0 0 0 5 0 0 0 0 0 0 0 0 0 5 0 0 0 0 0 0 0 4 0 0 0 0 0
Last Time Cost: 00000002 ms
Total Time Cost: 00504368 ms
Total Distance 29: 0 0 0 0 0 6 0 0 0 0 5 5 0 0 0 0 5 0 0 0 0 0 0 0 0 0 5 0 0 0 0 0 0 0 3 0 0 0 0 0
Last Time Cost: 00000002 ms
Total Time Cost: 00504370 ms
Total Distance 28: 0 0 0 0 0 6 0 0 0 0 5 5 0 0 0 0 5 0 0 0 0 0 0 0 0 0 5 0 0 0 0 0 0 0 2 0 0 0 0 0
Last Time Cost: 00000002 ms
Total Time Cost: 00504372 ms
Total Distance 27: 0 0 0 0 0 6 0 0 0 0 5 5 0 0 0 0 5 0 0 0 0 0 0 0 0 0 5 0 0 0 0 0 0 0 1 0 0 0 0 0
Last Time Cost: 00000001 ms
Total Time Cost: 00504373 ms
Total Distance 26: 0 0 0 0 0 6 0 0 0 0 5 5 0 0 0 0 5 0 0 0 0 0 0 0 0 0 5 0 0 0 0 0 0 0 0 0 0 0 0 0
Last Time Cost: 00000188 ms
Total Time Cost: 00504561 ms
Total Distance 25: 0 0 0 0 0 6 0 0 0 0 4 5 0 0 0 0 5 0 0 0 0 0 0 0 0 0 5 0 0 0 0 0 0 0 0 0 0 0 0 0
Last Time Cost: 00000002 ms
Total Time Cost: 00504563 ms
Total Distance 24: 0 0 0 0 0 6 0 0 0 0 3 5 0 0 0 0 5 0 0 0 0 0 0 0 0 0 5 0 0 0 0 0 0 0 0 0 0 0 0 0
Last Time Cost: 00000002 ms
Total Time Cost: 00504565 ms
Total Distance 23: 0 0 0 0 0 6 0 0 0 0 2 5 0 0 0 0 5 0 0 0 0 0 0 0 0 0 5 0 0 0 0 0 0 0 0 0 0 0 0 0
Last Time Cost: 00000002 ms
Total Time Cost: 00504567 ms
Total Distance 22: 0 0 0 0 0 6 0 0 0 0 1 5 0 0 0 0 5 0 0 0 0 0 0 0 0 0 5 0 0 0 0 0 0 0 0 0 0 0 0 0
Last Time Cost: 00000002 ms
Total Time Cost: 00504569 ms
Total Distance 21: 0 0 0 0 0 6 0 0 0 0 0 5 0 0 0 0 5 0 0 0 0 0 0 0 0 0 5 0 0 0 0 0 0 0 0 0 0 0 0 0
Last Time Cost: 00000184 ms
Total Time Cost: 00504753 ms
Total Distance 20: 0 0 0 0 0 6 0 0 0 0 0 5 0 0 0 0 4 0 0 0 0 0 0 0 0 0 5 0 0 0 0 0 0 0 0 0 0 0 0 0
Last Time Cost: 00000002 ms
Total Time Cost: 00504755 ms
Total Distance 19: 0 0 0 0 0 6 0 0 0 0 0 5 0 0 0 0 3 0 0 0 0 0 0 0 0 0 5 0 0 0 0 0 0 0 0 0 0 0 0 0
Last Time Cost: 00000002 ms
Total Time Cost: 00504757 ms
Total Distance 18: 0 0 0 0 0 6 0 0 0 0 0 5 0 0 0 0 2 0 0 0 0 0 0 0 0 0 5 0 0 0 0 0 0 0 0 0 0 0 0 0
Last Time Cost: 00000002 ms
Total Time Cost: 00504759 ms
Total Distance 17: 0 0 0 0 0 6 0 0 0 0 0 5 0 0 0 0 1 0 0 0 0 0 0 0 0 0 5 0 0 0 0 0 0 0 0 0 0 0 0 0
Last Time Cost: 00000002 ms
Total Time Cost: 00504761 ms
Total Distance 16: 0 0 0 0 0 6 0 0 0 0 0 5 0 0 0 0 0 0 0 0 0 0 0 0 0 0 5 0 0 0 0 0 0 0 0 0 0 0 0 0
Last Time Cost: 00000179 ms
Total Time Cost: 00504940 ms
Total Distance 15: 0 0 0 0 0 6 0 0 0 0 0 4 0 0 0 0 0 0 0 0 0 0 0 0 0 0 5 0 0 0 0 0 0 0 0 0 0 0 0 0
Last Time Cost: 00000002 ms
Total Time Cost: 00504942 ms
Total Distance 14: 0 0 0 0 0 6 0 0 0 0 0 3 0 0 0 0 0 0 0 0 0 0 0 0 0 0 5 0 0 0 0 0 0 0 0 0 0 0 0 0
Last Time Cost: 00000002 ms
Total Time Cost: 00504944 ms
Total Distance 13: 0 0 0 0 0 6 0 0 0 0 0 2 0 0 0 0 0 0 0 0 0 0 0 0 0 0 5 0 0 0 0 0 0 0 0 0 0 0 0 0
Last Time Cost: 00000002 ms
Total Time Cost: 00504946 ms
Total Distance 12: 0 0 0 0 0 6 0 0 0 0 0 1 0 0 0 0 0 0 0 0 0 0 0 0 0 0 5 0 0 0 0 0 0 0 0 0 0 0 0 0
Last Time Cost: 00000002 ms
Total Time Cost: 00504948 ms
Total Distance 11: 0 0 0 0 0 6 0 0 0 0 0 0 0 0 0 0 0 0 0 0 0 0 0 0 0 0 5 0 0 0 0 0 0 0 0 0 0 0 0 0
Last Time Cost: 00000167 ms
Total Time Cost: 00505115 ms
Total Distance 10: 0 0 0 0 0 6 0 0 0 0 0 0 0 0 0 0 0 0 0 0 0 0 0 0 0 0 4 0 0 0 0 0 0 0 0 0 0 0 0 0
Last Time Cost: 00000002 ms
Total Time Cost: 00505117 ms
Total Distance 9: 0 0 0 0 0 6 0 0 0 0 0 0 0 0 0 0 0 0 0 0 0 0 0 0 0 0 3 0 0 0 0 0 0 0 0 0 0 0 0 0
Last Time Cost: 00000002 ms
Total Time Cost: 00505119 ms
Total Distance 8: 0 0 0 0 0 6 0 0 0 0 0 0 0 0 0 0 0 0 0 0 0 0 0 0 0 0 2 0 0 0 0 0 0 0 0 0 0 0 0 0
Last Time Cost: 00000002 ms
Total Time Cost: 00505121 ms
Total Distance 7: 0 0 0 0 0 6 0 0 0 0 0 0 0 0 0 0 0 0 0 0 0 0 0 0 0 0 1 0 0 0 0 0 0 0 0 0 0 0 0 0
Last Time Cost: 00000002 ms
Total Time Cost: 00505123 ms
Total Distance 6: 0 0 0 0 0 6 0 0 0 0 0 0 0 0 0 0 0 0 0 0 0 0 0 0 0 0 0 0 0 0 0 0 0 0 0 0 0 0 0 0
Last Time Cost: 00000164 ms
Total Time Cost: 00505287 ms
Total Distance 5: 0 0 0 0 0 5 0 0 0 0 0 0 0 0 0 0 0 0 0 0 0 0 0 0 0 0 0 0 0 0 0 0 0 0 0 0 0 0 0 0
Last Time Cost: 00000030 ms
Total Time Cost: 00505317 ms
Total Distance 4: 0 0 0 0 0 4 0 0 0 0 0 0 0 0 0 0 0 0 0 0 0 0 0 0 0 0 0 0 0 0 0 0 0 0 0 0 0 0 0 0
Last Time Cost: 00000000 ms
Total Time Cost: 00505317 ms
Total Distance 3: 0 0 0 0 0 3 0 0 0 0 0 0 0 0 0 0 0 0 0 0 0 0 0 0 0 0 0 0 0 0 0 0 0 0 0 0 0 0 0 0
Last Time Cost: 00000000 ms
Total Time Cost: 00505317 ms
Total Distance 2: 0 0 0 0 0 2 0 0 0 0 0 0 0 0 0 0 0 0 0 0 0 0 0 0 0 0 0 0 0 0 0 0 0 0 0 0 0 0 0 0
Last Time Cost: 00000000 ms
Total Time Cost: 00505317 ms
Total Distance 1: 0 0 0 0 0 1 0 0 0 0 0 0 0 0 0 0 0 0 0 0 0 0 0 0 0 0 0 0 0 0 0 0 0 0 0 0 0 0 0 0
Last Time Cost: 00000000 ms
Total Time Cost: 00505317 ms
Total Distance 0: 0 0 0 0 0 0 0 0 0 0 0 0 0 0 0 0 0 0 0 0 0 0 0 0 0 0 0 0 0 0 0 0 0 0 0 0 0 0 0 0
