Last Time Cost: 00000000 ms
Total Time Cost: 00000000 ms
Total Distance 522: 10 10 10 10 10 10 10 10 10 10 10 10 10 10 8 8 8 8 8 8 8 8 8 8 8 8 8 8 9 9 9 9 9 9 9 9 9 9 9 9 9 9 9 9 9 9 9 9 9 9 9 9 9 9 9 9 9 9
Last Time Cost: 00000986 ms
Total Time Cost: 00000986 ms
Total Distance 513: 10 10 10 10 10 10 10 9 10 9 9 10 10 10 8 8 8 8 8 8 8 8 8 8 8 8 8 8 8 8 8 9 9 9 9 9 9 9 9 9 8 9 9 9 9 8 9 9 9 9 9 9 9 9 9 8 9 9
Last Time Cost: 00000954 ms
Total Time Cost: 00001940 ms
Total Distance 506: 10 9 10 10 10 10 10 9 9 9 9 10 10 10 8 8 8 8 8 8 7 8 8 8 8 8 8 8 8 8 8 8 8 9 9 9 9 9 9 9 8 9 8 9 9 8 9 9 9 9 9 9 9 9 9 8 8 9
Last Time Cost: 00000952 ms
Total Time Cost: 00002892 ms
Total Distance 499: 9 9 10 10 10 9 10 9 8 8 9 10 10 10 8 8 8 8 8 8 7 8 8 8 8 8 8 8 8 8 8 8 8 9 9 8 9 9 9 9 8 9 8 9 9 7 9 9 9 9 9 9 9 9 8 8 8 9
Last Time Cost: 00000938 ms
Total Time Cost: 00003830 ms
Total Distance 493: 9 9 10 10 10 9 10 8 7 8 9 10 10 9 8 8 8 8 8 8 7 7 8 8 8 8 8 8 8 8 8 8 8 8 9 8 9 9 9 9 8 8 8 9 9 7 9 9 9 9 9 9 9 9 8 8 8 9
Last Time Cost: 00000969 ms
Total Time Cost: 00004799 ms
Total Distance 488: 9 9 10 10 10 8 10 8 6 7 9 10 10 9 8 8 8 8 8 8 7 7 8 8 8 8 8 8 8 8 8 8 8 8 9 8 9 9 9 9 8 8 8 9 9 6 9 9 9 9 9 9 9 9 7 8 8 9
Last Time Cost: 00001036 ms
Total Time Cost: 00005835 ms
Total Distance 483: 9 9 10 10 10 8 10 8 5 7 8 10 10 9 8 8 8 8 8 8 7 7 7 8 8 8 8 8 8 8 8 8 8 8 9 8 9 9 9 8 8 8 8 9 9 6 9 9 9 9 9 9 9 9 7 8 8 8
Last Time Cost: 00001030 ms
Total Time Cost: 00006865 ms
Total Distance 478: 9 9 10 10 10 8 10 8 5 7 8 10 10 9 8 8 8 8 8 8 7 7 7 8 8 8 7 7 8 7 8 8 8 8 9 8 9 9 9 8 8 8 8 9 9 6 9 9 9 9 9 9 9 8 7 7 8 8
Last Time Cost: 00001092 ms
Total Time Cost: 00007957 ms
Total Distance 473: 9 9 10 10 10 8 9 8 5 7 8 10 10 9 8 8 8 7 8 8 7 7 7 7 8 8 7 7 7 7 8 8 7 8 9 8 9 9 9 8 8 8 8 9 9 6 9 9 9 9 9 9 9 8 7 7 8 8
Last Time Cost: 00001202 ms
Total Time Cost: 00009159 ms
Total Distance 468: 9 9 10 10 10 7 8 8 5 7 8 10 10 9 8 8 8 7 7 8 7 7 7 7 8 8 7 7 7 7 8 8 7 8 9 8 9 9 9 8 8 7 8 8 9 6 9 9 9 9 9 9 9 8 7 7 8 8
Last Time Cost: 00001215 ms
Total Time Cost: 00010374 ms
Total Distance 463: 9 9 10 10 10 7 8 8 5 7 8 9 10 9 7 8 8 7 7 8 7 7 7 7 8 7 7 7 7 7 8 8 7 8 9 8 9 8 9 8 8 7 8 8 9 6 9 8 9 9 9 9 9 8 7 7 8 8
Last Time Cost: 00001212 ms
Total Time Cost: 00011586 ms
Total Distance 459: 9 9 10 10 10 7 8 8 5 7 8 9 10 9 7 8 8 7 7 8 7 7 7 7 8 7 6 7 7 7 8 8 7 8 9 8 9 8 9 8 7 6 7 8 9 6 9 8 9 9 9 9 9 8 7 7 8 8
Last Time Cost: 00001318 ms
Total Time Cost: 00012904 ms
Total Distance 455: 9 9 10 10 10 7 8 8 5 6 7 9 10 9 7 8 8 7 7 8 7 7 7 7 8 7 6 7 6 7 8 8 7 8 9 8 9 8 9 8 6 6 7 8 9 6 9 8 9 9 9 9 9 8 7 7 8 8
Last Time Cost: 00001426 ms
Total Time Cost: 00014330 ms
Total Distance 451: 9 9 10 10 10 7 8 8 5 6 7 9 10 9 7 8 8 7 7 8 7 7 7 7 8 7 6 7 6 7 8 7 7 8 9 8 9 8 9 8 6 6 7 8 9 5 9 8 9 8 9 9 9 8 7 6 8 8
Last Time Cost: 00001480 ms
Total Time Cost: 00015810 ms
Total Distance 447: 9 9 10 10 10 6 8 8 5 6 7 9 10 9 6 8 8 7 7 8 7 7 7 7 8 7 6 7 6 7 8 6 7 8 9 8 9 8 9 8 6 6 7 8 9 5 9 8 9 7 9 9 9 8 7 6 8 8
Last Time Cost: 00001602 ms
Total Time Cost: 00017412 ms
Total Distance 443: 9 8 10 10 10 6 7 8 5 6 7 9 10 9 6 8 8 7 7 8 7 7 7 7 8 7 6 7 6 7 8 6 7 8 9 8 9 8 9 8 6 5 7 8 9 5 9 8 9 7 9 9 9 8 7 6 7 8
Last Time Cost: 00001697 ms
Total Time Cost: 00019109 ms
Total Distance 439: 9 8 10 10 10 6 6 8 5 6 7 9 10 9 6 7 8 7 7 8 7 7 7 7 8 6 6 7 6 7 7 6 7 8 9 8 9 8 9 8 6 5 7 8 9 5 9 8 9 7 9 9 9 8 7 6 7 8
Last Time Cost: 00001842 ms
Total Time Cost: 00020951 ms
Total Distance 435: 9 8 10 10 10 6 6 8 5 6 7 9 10 8 6 6 8 7 7 8 7 6 7 7 8 5 6 7 6 7 7 6 7 8 9 8 9 8 9 8 6 5 7 8 9 5 9 8 9 7 9 9 9 8 7 6 7 8
Last Time Cost: 00001900 ms
Total Time Cost: 00022851 ms
Total Distance 431: 9 8 10 10 10 6 6 8 5 6 7 9 10 8 6 6 8 7 7 8 7 6 6 7 8 5 6 6 6 7 7 6 7 8 9 8 9 8 9 8 6 5 7 8 9 5 8 8 9 7 9 9 9 8 7 6 7 7
Last Time Cost: 00001939 ms
Total Time Cost: 00024790 ms
Total Distance 427: 9 8 10 10 10 6 6 8 5 6 7 9 10 8 6 6 8 7 7 8 7 6 6 7 8 5 6 5 6 7 7 6 7 8 9 7 9 8 8 8 6 5 7 8 8 5 8 8 9 7 9 9 9 8 7 6 7 7
Last Time Cost: 00001858 ms
Total Time Cost: 00026648 ms
Total Distance 423: 9 8 10 10 10 6 6 8 5 6 7 9 10 8 6 6 8 7 7 8 7 6 5 7 8 5 6 5 6 7 7 6 7 8 9 6 8 8 8 8 6 5 7 8 8 5 8 8 8 7 9 9 9 8 7 6 7 7
Last Time Cost: 00001746 ms
Total Time Cost: 00028394 ms
Total Distance 419: 9 8 9 10 10 6 6 8 5 6 7 9 10 8 6 6 8 7 7 8 7 6 5 7 8 4 6 5 6 7 7 6 7 8 9 6 7 8 7 8 6 5 7 8 8 5 8 8 8 7 9 9 9 8 7 6 7 7
Last Time Cost: 00001814 ms
Total Time Cost: 00030208 ms
Total Distance 415: 9 8 9 10 9 6 6 8 5 6 7 9 10 8 6 6 8 7 7 8 7 5 5 7 8 4 6 5 6 7 7 6 7 8 9 6 7 8 6 8 6 5 7 8 8 5 8 7 8 7 9 9 9 8 7 6 7 7
Last Time Cost: 00001914 ms
Total Time Cost: 00032122 ms
Total Distance 411: 9 8 9 9 9 6 6 8 5 6 7 9 10 8 6 6 8 7 7 7 7 5 5 7 8 4 6 5 6 7 7 6 7 8 9 6 6 8 6 8 6 5 7 8 8 5 8 7 8 7 9 9 9 8 6 6 7 7
Last Time Cost: 00002007 ms
Total Time Cost: 00034129 ms
Total Distance 407: 8 8 9 8 9 6 6 8 5 6 7 9 10 8 6 6 8 7 7 7 7 5 5 7 8 4 6 5 6 7 7 6 7 8 9 6 6 8 6 7 6 5 7 8 8 4 8 7 8 7 9 9 9 8 6 6 7 7
Last Time Cost: 00001807 ms
Total Time Cost: 00035936 ms
Total Distance 403: 8 8 8 8 9 6 6 7 5 6 7 9 10 8 6 6 8 7 7 7 6 5 5 7 8 4 6 5 6 7 7 6 7 7 9 6 6 8 6 7 6 5 7 8 8 4 8 7 8 7 9 9 9 8 6 6 7 7
Last Time Cost: 00001731 ms
Total Time Cost: 00037667 ms
Total Distance 399: 8 7 8 8 9 6 6 7 5 6 7 9 10 8 6 6 7 7 7 7 6 5 5 7 8 4 6 5 6 7 7 6 7 7 8 6 6 8 6 7 6 5 7 8 8 4 7 7 8 7 9 9 9 8 6 6 7 7
Last Time Cost: 00001646 ms
Total Time Cost: 00039313 ms
Total Distance 396: 8 7 8 8 9 5 5 7 5 6 7 9 10 8 6 6 7 7 6 7 6 5 5 7 8 4 6 5 6 7 7 6 7 7 8 6 6 8 6 7 6 5 7 8 8 4 7 7 8 7 9 9 9 8 6 6 7 7
Last Time Cost: 00001757 ms
Total Time Cost: 00041070 ms
Total Distance 393: 8 7 8 8 9 5 5 7 5 6 6 9 10 8 6 6 7 7 6 7 6 5 5 7 8 4 6 5 6 7 7 6 7 7 8 5 6 8 6 7 5 5 7 8 8 4 7 7 8 7 9 9 9 8 6 6 7 7
Last Time Cost: 00001895 ms
Total Time Cost: 00042965 ms
Total Distance 390: 8 7 8 8 9 5 5 7 5 6 6 9 10 8 6 6 7 7 6 7 6 5 5 7 8 4 6 4 6 6 7 6 7 7 8 5 6 8 6 7 5 5 7 8 7 4 7 7 8 7 9 9 9 8 6 6 7 7
Last Time Cost: 00002056 ms
Total Time Cost: 00045021 ms
Total Distance 387: 8 7 8 8 9 5 5 7 5 6 6 9 10 8 6 6 7 7 6 7 6 5 4 7 8 4 6 4 6 6 7 6 7 6 8 5 6 7 6 7 5 5 7 8 7 4 7 7 8 7 9 9 9 8 6 6 7 7
Last Time Cost: 00002192 ms
Total Time Cost: 00047213 ms
Total Distance 384: 8 7 8 8 9 5 5 7 5 6 6 9 10 8 6 6 7 7 6 7 6 5 4 7 8 4 6 4 6 5 6 6 6 6 8 5 6 7 6 7 5 5 7 8 7 4 7 7 8 7 9 9 9 8 6 6 7 7
Last Time Cost: 00002322 ms
Total Time Cost: 00049535 ms
Total Distance 381: 7 7 8 8 9 5 5 7 5 6 6 9 10 8 6 6 7 7 6 7 6 5 4 7 8 4 6 4 6 5 6 6 6 5 8 5 6 7 6 7 5 5 7 8 7 4 7 7 8 7 9 9 9 8 6 6 6 7
Last Time Cost: 00002468 ms
Total Time Cost: 00052003 ms
Total Distance 378: 7 7 8 8 9 5 5 7 5 6 6 9 10 8 6 6 6 7 6 7 6 5 4 7 8 4 6 4 6 5 6 6 6 5 8 5 6 7 6 6 5 5 7 8 6 4 7 7 8 7 9 9 9 8 6 6 6 7
Last Time Cost: 00002599 ms
Total Time Cost: 00054602 ms
Total Distance 375: 7 7 8 8 9 5 5 7 4 6 6 9 10 8 6 6 6 7 6 6 6 5 4 7 8 4 6 4 6 5 6 6 6 5 8 5 6 7 6 6 5 5 7 8 6 4 7 7 8 7 9 9 9 8 6 6 5 7
Last Time Cost: 00002763 ms
Total Time Cost: 00057365 ms
Total Distance 372: 7 7 8 8 9 5 5 7 4 6 6 9 10 8 6 6 6 7 6 6 6 5 4 7 8 4 6 4 6 5 6 6 6 5 8 5 6 7 6 6 5 5 6 8 6 4 7 7 8 7 9 9 9 7 6 5 5 7
Last Time Cost: 00002930 ms
Total Time Cost: 00060295 ms
Total Distance 369: 7 7 8 8 9 4 5 7 4 6 6 9 10 8 6 6 6 7 6 6 6 5 4 7 8 4 6 4 6 5 6 6 6 5 8 5 6 7 6 6 5 5 6 8 6 4 6 7 8 7 8 9 9 7 6 5 5 7
Last Time Cost: 00002684 ms
Total Time Cost: 00062979 ms
Total Distance 366: 7 7 8 8 9 4 5 7 4 5 6 9 9 8 6 6 6 7 6 6 6 5 4 7 8 4 6 4 6 5 6 6 6 5 8 5 6 7 6 6 5 5 6 8 6 4 6 7 8 7 8 9 9 7 6 4 5 7
Last Time Cost: 00002736 ms
Total Time Cost: 00065715 ms
Total Distance 363: 7 7 8 7 9 4 5 7 4 5 6 9 9 8 6 6 6 6 6 6 6 5 4 7 8 4 6 4 6 5 6 5 6 5 8 5 6 7 6 6 5 5 6 8 6 4 6 7 8 7 8 9 9 7 6 4 5 7
Last Time Cost: 00002884 ms
Total Time Cost: 00068599 ms
Total Distance 360: 7 7 8 6 9 4 5 7 4 5 6 9 9 8 6 6 6 6 6 6 6 5 4 7 8 4 6 4 6 5 6 5 6 5 8 5 5 7 6 6 5 5 6 7 6 4 6 7 8 7 8 9 9 7 6 4 5 7
Last Time Cost: 00003040 ms
Total Time Cost: 00071639 ms
Total Distance 357: 7 7 8 6 9 4 5 7 4 5 6 8 9 8 5 6 6 6 6 6 6 5 4 7 8 4 6 4 6 5 6 5 6 5 8 5 5 7 6 6 5 5 6 7 6 4 6 6 8 7 8 9 9 7 6 4 5 7
Last Time Cost: 00002667 ms
Total Time Cost: 00074306 ms
Total Distance 354: 7 7 7 6 9 4 5 6 4 5 6 8 9 8 5 6 6 6 6 6 6 5 4 7 8 4 6 4 6 5 6 5 6 5 8 5 5 6 6 6 5 5 6 7 6 4 6 6 8 7 8 9 9 7 6 4 5 7
Last Time Cost: 00002787 ms
Total Time Cost: 00077093 ms
Total Distance 351: 7 7 7 6 8 4 5 6 4 5 6 8 9 8 4 6 6 6 6 6 6 5 4 7 8 4 6 4 6 5 6 5 6 5 8 5 5 6 6 6 5 5 6 7 6 4 6 6 8 7 8 9 8 7 6 4 5 7
Last Time Cost: 00001711 ms
Total Time Cost: 00078804 ms
Total Distance 348: 7 7 7 6 8 4 5 6 4 5 6 8 9 8 4 6 6 6 6 6 6 5 4 7 8 4 6 4 6 5 6 5 6 5 8 5 5 6 6 6 5 5 6 6 6 4 6 6 8 7 8 8 8 6 6 4 5 7
Last Time Cost: 00001110 ms
Total Time Cost: 00079914 ms
Total Distance 345: 7 7 7 6 8 4 5 6 4 5 6 8 9 8 4 6 6 6 6 6 6 5 4 7 8 4 6 4 6 5 6 5 6 5 7 5 5 6 6 6 5 5 6 6 6 4 6 6 7 7 8 8 7 6 6 4 5 7
Last Time Cost: 00001162 ms
Total Time Cost: 00081076 ms
Total Distance 343: 7 7 7 6 8 4 5 6 4 5 6 8 9 8 4 6 6 6 6 6 6 5 4 7 8 4 6 4 6 5 6 5 6 5 7 5 5 6 6 6 5 5 6 6 6 3 6 6 7 7 8 8 7 6 6 3 5 7
Last Time Cost: 00001245 ms
Total Time Cost: 00082321 ms
Total Distance 341: 7 7 7 6 8 4 5 6 4 5 6 8 9 8 3 6 6 6 6 6 6 5 4 7 8 4 6 4 6 5 6 4 6 5 7 5 5 6 6 6 5 5 6 6 6 3 6 6 7 7 8 8 7 6 6 3 5 7
Last Time Cost: 00001335 ms
Total Time Cost: 00083656 ms
Total Distance 339: 7 7 7 6 8 4 5 6 4 5 6 8 9 8 3 5 6 6 6 6 6 5 4 7 8 3 6 4 6 5 6 4 6 5 7 5 5 6 6 6 5 5 6 6 6 3 6 6 7 7 8 8 7 6 6 3 5 7
Last Time Cost: 00001401 ms
Total Time Cost: 00085057 ms
Total Distance 337: 7 7 7 6 8 4 5 6 4 5 6 8 9 8 2 5 6 6 6 6 6 5 4 7 8 3 6 4 6 5 6 4 6 5 7 5 5 6 6 6 5 5 6 6 6 3 6 6 6 7 8 8 7 6 6 3 5 7
Last Time Cost: 00001450 ms
Total Time Cost: 00086507 ms
Total Distance 335: 7 7 7 6 8 4 5 6 4 5 5 8 9 8 2 5 6 6 6 6 6 5 3 7 8 3 6 4 6 5 6 4 6 5 7 5 5 6 6 6 5 5 6 6 6 3 6 6 6 7 8 8 7 6 6 3 5 7
Last Time Cost: 00001533 ms
Total Time Cost: 00088040 ms
Total Distance 333: 7 7 7 6 8 4 5 6 4 5 5 8 9 8 2 5 6 6 6 6 6 5 3 7 8 3 6 4 6 5 6 4 6 5 7 4 5 6 6 6 4 5 6 6 6 3 6 6 6 7 8 8 7 6 6 3 5 7
Last Time Cost: 00001616 ms
Total Time Cost: 00089656 ms
Total Distance 331: 7 7 7 6 8 4 5 6 4 5 5 8 9 8 2 5 6 6 6 6 6 5 3 7 8 3 5 4 6 5 6 4 6 5 7 4 5 6 6 6 3 5 6 6 6 3 6 6 6 7 8 8 7 6 6 3 5 7
Last Time Cost: 00001703 ms
Total Time Cost: 00091359 ms
Total Distance 329: 7 7 7 6 8 4 5 6 4 5 5 8 9 8 2 5 6 6 6 6 6 5 3 7 8 3 5 4 6 5 6 4 6 4 7 4 5 5 6 6 3 5 6 6 6 3 6 6 6 7 8 8 7 6 6 3 5 7
Last Time Cost: 00001793 ms
Total Time Cost: 00093152 ms
Total Distance 327: 7 7 7 6 8 4 5 5 4 5 5 8 9 8 2 5 6 6 6 6 6 5 3 7 8 3 5 4 6 5 6 4 6 3 7 4 5 5 6 6 3 5 6 6 6 3 6 6 6 7 8 8 7 6 6 3 5 7
Last Time Cost: 00001889 ms
Total Time Cost: 00095041 ms
Total Distance 325: 7 7 7 6 8 4 5 4 4 5 5 8 9 8 2 5 6 6 6 6 6 5 3 7 8 3 5 4 6 5 6 4 6 3 7 4 5 4 6 6 3 5 6 6 6 3 6 6 6 7 8 8 7 6 6 3 5 7
Last Time Cost: 00001987 ms
Total Time Cost: 00097028 ms
Total Distance 323: 7 7 7 6 8 4 5 4 4 5 5 8 9 8 2 4 6 6 6 6 6 5 3 7 8 3 5 4 6 5 6 4 6 3 7 4 5 4 6 6 3 5 6 6 6 3 6 5 6 7 8 8 7 6 6 3 5 7
Last Time Cost: 00002092 ms
Total Time Cost: 00099120 ms
Total Distance 321: 7 7 7 6 8 4 5 4 4 5 5 8 9 8 2 4 6 6 6 6 6 5 3 7 8 3 5 4 6 5 6 4 6 3 7 4 5 3 6 6 3 5 6 6 6 3 6 5 6 7 8 8 6 6 6 3 5 7
Last Time Cost: 00002159 ms
Total Time Cost: 00101279 ms
Total Distance 318: 7 7 7 6 8 4 5 4 4 5 5 8 9 7 2 4 6 6 6 6 6 5 3 6 8 3 5 4 6 5 5 4 6 3 7 4 5 3 6 6 3 5 6 6 6 3 6 5 6 7 8 8 6 6 6 3 5 7
Last Time Cost: 00002212 ms
Total Time Cost: 00103491 ms
Total Distance 316: 7 7 7 6 8 4 5 4 4 5 5 8 9 7 2 4 6 6 6 6 6 5 3 6 8 3 5 4 6 5 5 4 6 3 7 4 4 3 6 6 3 5 6 6 6 3 6 5 5 7 8 8 6 6 6 3 5 7
Last Time Cost: 00002323 ms
Total Time Cost: 00105814 ms
Total Distance 314: 7 7 7 6 8 3 5 4 4 5 5 8 9 7 2 4 6 6 6 6 6 5 3 6 8 3 5 4 6 5 5 4 6 3 7 4 4 3 6 6 3 5 6 6 6 3 6 5 5 6 8 8 6 6 6 3 5 7
Last Time Cost: 00002465 ms
Total Time Cost: 00108279 ms
Total Distance 312: 7 7 7 6 8 3 4 4 4 5 5 8 9 7 2 4 6 6 6 6 6 5 3 5 8 3 5 4 6 5 5 4 6 3 7 4 4 3 6 6 3 5 6 6 6 3 6 5 5 6 8 8 6 6 6 3 5 7
Last Time Cost: 00002527 ms
Total Time Cost: 00110806 ms
Total Distance 310: 7 7 7 6 8 3 4 4 4 5 5 8 9 7 2 4 6 6 6 6 6 5 3 5 8 3 5 4 6 4 5 4 6 3 7 4 4 3 6 6 3 5 5 6 6 3 6 5 5 6 8 8 6 6 6 3 5 7
Last Time Cost: 00002662 ms
Total Time Cost: 00113468 ms
Total Distance 308: 7 7 7 6 8 3 4 4 4 5 4 8 9 7 2 4 6 6 6 6 6 5 3 5 8 3 5 4 6 4 5 4 6 3 7 4 4 3 6 6 3 5 5 6 6 3 6 5 5 5 8 8 6 6 6 3 5 7
Last Time Cost: 00002790 ms
Total Time Cost: 00116258 ms
Total Distance 306: 7 7 7 6 8 3 4 4 4 5 4 8 9 7 2 4 6 6 6 6 6 5 3 5 8 3 5 4 6 4 5 4 5 3 7 4 4 3 6 6 3 5 4 6 6 3 6 5 5 5 8 8 6 6 6 3 5 7
Last Time Cost: 00002983 ms
Total Time Cost: 00119241 ms
Total Distance 304: 7 7 7 6 8 3 4 4 4 5 4 8 9 7 2 4 6 6 6 6 6 5 3 5 8 3 5 3 6 3 5 4 5 3 7 4 4 3 6 6 3 5 4 6 6 3 6 5 5 5 8 8 6 6 6 3 5 7
Last Time Cost: 00003162 ms
Total Time Cost: 00122403 ms
Total Distance 302: 7 7 7 6 8 3 4 4 4 5 4 8 9 7 2 4 6 5 6 6 6 5 3 5 8 3 5 3 6 3 5 4 4 3 7 4 4 3 6 6 3 5 4 6 6 3 6 5 5 5 8 8 6 6 6 3 5 7
Last Time Cost: 00003337 ms
Total Time Cost: 00125740 ms
Total Distance 300: 7 7 7 6 8 3 3 4 4 5 4 8 9 7 2 4 6 5 6 6 5 5 3 5 8 3 5 3 6 3 5 4 4 3 7 4 4 3 6 6 3 5 4 6 6 3 6 5 5 5 8 8 6 6 6 3 5 7
Last Time Cost: 00003506 ms
Total Time Cost: 00129246 ms
Total Distance 298: 7 6 7 6 8 3 2 4 4 5 4 8 9 7 2 4 6 5 6 6 5 5 3 5 8 3 5 3 6 3 5 4 4 3 7 4 4 3 6 6 3 5 4 6 6 3 6 5 5 5 8 8 6 6 6 3 5 7
Last Time Cost: 00003600 ms
Total Time Cost: 00132846 ms
Total Distance 296: 7 6 7 6 8 3 2 4 4 5 4 8 9 7 2 4 6 4 6 6 5 5 3 5 8 3 5 3 6 3 5 4 4 3 7 4 4 3 6 6 3 5 4 6 5 3 6 5 5 5 8 8 6 6 6 3 5 7
Last Time Cost: 00003765 ms
Total Time Cost: 00136611 ms
Total Distance 294: 7 6 6 6 8 3 2 4 4 5 4 8 9 7 2 4 6 4 6 6 5 5 3 5 8 3 5 3 6 3 5 4 4 3 7 4 3 3 6 6 3 5 4 6 5 3 6 5 5 5 8 8 6 6 6 3 5 7
Last Time Cost: 00003867 ms
Total Time Cost: 00140478 ms
Total Distance 292: 7 6 5 6 8 3 2 4 4 5 4 8 9 7 2 4 6 4 6 6 5 5 3 5 8 3 5 3 6 3 5 4 4 3 7 4 3 3 6 6 3 5 4 6 5 3 6 4 5 5 8 8 6 6 6 3 5 7
Last Time Cost: 00004049 ms
Total Time Cost: 00144527 ms
Total Distance 290: 7 6 5 6 8 3 2 4 4 5 4 8 9 7 2 4 6 4 6 6 5 5 3 4 8 3 5 3 6 3 5 4 4 3 7 4 3 3 5 6 3 5 4 6 5 3 6 4 5 5 8 8 6 6 6 3 5 7
Last Time Cost: 00004244 ms
Total Time Cost: 00148771 ms
Total Distance 288: 7 6 5 6 8 3 2 4 4 5 4 8 9 7 2 4 6 4 6 6 5 5 3 4 8 3 5 3 6 3 5 4 4 3 7 4 2 3 5 6 3 5 4 6 5 3 6 4 5 5 7 8 6 6 6 3 5 7
Last Time Cost: 00004422 ms
Total Time Cost: 00153193 ms
Total Distance 286: 7 6 5 6 7 3 2 4 4 5 4 8 9 7 2 4 6 4 6 6 5 5 3 4 8 3 5 2 6 3 5 4 4 3 7 4 2 3 5 6 3 5 4 6 5 3 6 4 5 5 7 8 6 6 6 3 5 7
Last Time Cost: 00004607 ms
Total Time Cost: 00157800 ms
Total Distance 284: 6 6 5 6 7 3 2 4 4 5 4 8 9 7 2 4 6 4 6 6 5 5 3 4 8 3 5 2 6 3 5 4 4 3 7 4 2 3 5 6 3 5 4 6 5 3 6 4 5 5 7 8 6 6 6 3 4 7
Last Time Cost: 00004722 ms
Total Time Cost: 00162522 ms
Total Distance 282: 6 6 5 6 7 3 2 4 4 5 4 8 9 7 2 4 6 4 6 6 5 5 3 4 8 3 4 2 6 3 5 4 4 3 7 4 2 3 5 6 3 5 4 6 5 3 6 4 5 5 7 8 6 6 6 3 4 6
Last Time Cost: 00004839 ms
Total Time Cost: 00167361 ms
Total Distance 280: 6 5 5 6 7 3 2 4 4 5 4 8 9 7 2 4 6 4 6 6 5 5 3 4 8 3 4 2 6 3 5 4 4 3 7 4 2 3 5 6 3 5 4 6 5 3 5 4 5 5 7 8 6 6 6 3 4 6
Last Time Cost: 00005073 ms
Total Time Cost: 00172434 ms
Total Distance 278: 6 4 5 6 7 3 2 4 4 5 4 8 9 7 2 4 5 4 6 6 5 5 3 4 8 3 4 2 6 3 5 4 4 3 7 4 2 3 5 6 3 5 4 6 5 3 5 4 5 5 7 8 6 6 6 3 4 6
Last Time Cost: 00005341 ms
Total Time Cost: 00177775 ms
Total Distance 276: 6 4 5 6 6 3 2 4 4 5 4 8 9 7 2 4 5 4 6 6 5 5 3 4 8 3 4 2 6 3 5 4 4 3 7 4 2 3 5 6 3 5 4 6 5 3 5 4 5 4 7 8 6 6 6 3 4 6
Last Time Cost: 00005456 ms
Total Time Cost: 00183231 ms
Total Distance 274: 6 4 5 6 6 3 2 3 4 5 4 7 9 7 2 4 5 4 6 6 5 5 3 4 8 3 4 2 6 3 5 4 4 3 7 4 2 3 5 6 3 5 4 6 5 3 5 4 5 4 7 8 6 6 6 3 4 6
Last Time Cost: 00005725 ms
Total Time Cost: 00188956 ms
Total Distance 272: 6 4 5 6 6 3 2 3 4 5 4 6 9 7 2 4 5 4 6 6 5 5 3 4 8 3 3 2 6 3 5 4 4 3 7 4 2 3 5 6 3 5 4 6 5 3 5 4 5 4 7 8 6 6 6 3 4 6
Last Time Cost: 00005848 ms
Total Time Cost: 00194804 ms
Total Distance 270: 6 4 5 6 6 3 2 3 4 5 4 5 9 7 2 4 5 4 6 6 5 5 3 4 8 3 3 2 6 3 5 4 4 3 7 4 2 3 5 6 3 5 4 6 5 3 4 4 5 4 7 8 6 6 6 3 4 6
Last Time Cost: 00006116 ms
Total Time Cost: 00200920 ms
Total Distance 268: 6 4 5 6 6 3 2 3 4 5 4 4 9 7 2 4 5 4 6 6 5 5 3 4 8 3 3 2 6 3 5 4 4 3 7 4 2 3 5 6 3 5 4 6 5 3 3 4 5 4 7 8 6 6 6 3 4 6
Last Time Cost: 00006362 ms
Total Time Cost: 00207282 ms
Total Distance 266: 6 4 5 6 6 3 2 3 4 5 4 4 9 6 2 4 5 4 6 6 5 5 3 4 8 3 3 2 6 3 5 4 4 3 7 4 2 3 4 6 3 5 4 6 5 3 3 4 5 4 7 8 6 6 6 3 4 6
Last Time Cost: 00006502 ms
Total Time Cost: 00213784 ms
Total Distance 264: 6 4 5 6 6 3 2 3 4 5 4 4 9 6 2 4 5 4 6 6 5 5 3 4 8 3 3 2 6 3 5 4 3 3 7 4 2 3 4 5 3 5 4 6 5 3 3 4 5 4 7 8 6 6 6 3 4 6
Last Time Cost: 00006768 ms
Total Time Cost: 00220552 ms
Total Distance 262: 6 4 5 6 6 3 2 3 4 5 4 4 9 6 2 4 5 4 6 6 5 5 3 4 7 3 2 2 6 3 5 4 3 3 7 4 2 3 4 5 3 5 4 6 5 3 3 4 5 4 7 8 6 6 6 3 4 6
Last Time Cost: 00007070 ms
Total Time Cost: 00227622 ms
Total Distance 260: 6 4 5 6 6 3 2 3 4 5 4 4 9 5 2 4 5 4 6 6 5 4 3 4 7 3 2 2 6 3 5 4 3 3 7 4 2 3 4 5 3 5 4 6 5 3 3 4 5 4 7 8 6 6 6 3 4 6
Last Time Cost: 00007582 ms
Total Time Cost: 00235204 ms
Total Distance 258: 5 4 5 5 6 3 2 3 4 5 4 4 9 5 2 4 5 4 6 6 5 4 3 4 7 3 2 2 6 3 5 4 3 3 7 4 2 3 4 5 3 5 4 6 5 3 3 4 5 4 7 8 6 6 6 3 4 6
Last Time Cost: 00007886 ms
Total Time Cost: 00243090 ms
Total Distance 256: 5 4 5 4 6 3 2 3 4 5 4 4 9 5 2 4 5 4 6 6 5 4 3 4 7 3 2 2 6 3 5 4 3 3 7 4 2 3 4 5 3 5 4 5 5 3 3 4 5 4 7 8 6 6 6 3 4 6
Last Time Cost: 00008320 ms
Total Time Cost: 00251410 ms
Total Distance 254: 5 4 5 4 6 3 2 3 4 5 4 4 9 5 2 4 5 4 6 5 5 4 3 4 7 3 2 2 6 3 5 4 3 3 7 4 2 3 4 5 3 5 4 4 5 3 3 4 5 4 7 8 6 6 6 3 4 6
Last Time Cost: 00008619 ms
Total Time Cost: 00260029 ms
Total Distance 252: 5 4 5 4 6 3 2 3 4 5 4 4 9 5 2 4 5 4 6 5 5 4 3 4 7 3 2 2 6 3 5 4 3 3 7 4 2 3 4 5 3 5 4 4 5 3 3 4 5 4 7 7 6 6 6 3 3 6
Last Time Cost: 00008936 ms
Total Time Cost: 00268965 ms
Total Distance 250: 5 4 5 4 6 3 2 3 4 5 4 4 8 5 2 4 5 3 6 5 5 4 3 4 7 3 2 2 6 3 5 4 3 3 7 4 2 3 4 5 3 5 4 4 5 3 3 4 5 4 7 7 6 6 6 3 3 6
Last Time Cost: 00001028 ms
Total Time Cost: 00269993 ms
Total Distance 248: 5 4 5 4 6 3 2 3 4 5 4 4 7 5 2 4 5 3 6 5 5 3 3 4 7 3 2 2 6 3 5 4 3 3 7 4 2 3 4 5 3 5 4 4 5 3 3 4 5 4 7 7 6 6 6 3 3 6
Last Time Cost: 00001005 ms
Total Time Cost: 00270998 ms
Total Distance 246: 5 4 5 4 6 3 2 3 4 5 4 4 6 5 2 4 5 3 6 4 5 3 3 4 7 3 2 2 6 3 5 4 3 3 7 4 2 3 4 5 3 5 4 4 5 3 3 4 5 4 7 7 6 6 6 3 3 6
Last Time Cost: 00000852 ms
Total Time Cost: 00271850 ms
Total Distance 244: 5 4 5 4 6 3 2 3 4 5 4 4 5 5 2 4 5 3 6 4 5 3 3 4 6 3 2 2 6 3 5 4 3 3 7 4 2 3 4 5 3 5 4 4 5 3 3 4 5 4 7 7 6 6 6 3 3 6
Last Time Cost: 00000673 ms
Total Time Cost: 00272523 ms
Total Distance 243: 5 4 5 4 6 3 2 3 4 5 4 4 5 5 1 4 5 3 6 4 5 3 3 4 6 3 2 2 6 3 5 4 3 3 7 4 2 3 4 5 3 5 4 4 5 3 3 4 5 4 7 7 6 6 6 3 3 6
Last Time Cost: 00000003 ms
Total Time Cost: 00272526 ms
Total Distance 242: 5 4 5 4 6 3 2 3 4 5 4 4 5 5 0 4 5 3 6 4 5 3 3 4 6 3 2 2 6 3 5 4 3 3 7 4 2 3 4 5 3 5 4 4 5 3 3 4 5 4 7 7 6 6 6 3 3 6
Last Time Cost: 00000720 ms
Total Time Cost: 00273246 ms
Total Distance 241: 5 4 5 4 6 3 2 3 4 5 4 4 5 5 0 4 5 3 6 4 5 3 3 4 6 3 2 1 6 3 5 4 3 3 7 4 2 3 4 5 3 5 4 4 5 3 3 4 5 4 7 7 6 6 6 3 3 6
Last Time Cost: 00000004 ms
Total Time Cost: 00273250 ms
Total Distance 240: 5 4 5 4 6 3 2 3 4 5 4 4 5 5 0 4 5 3 6 4 5 3 3 4 6 3 2 0 6 3 5 4 3 3 7 4 2 3 4 5 3 5 4 4 5 3 3 4 5 4 7 7 6 6 6 3 3 6
Last Time Cost: 00000771 ms
Total Time Cost: 00274021 ms
Total Distance 239: 5 4 5 4 6 3 2 3 4 5 4 4 5 5 0 4 5 3 6 4 5 3 3 4 6 3 2 0 6 3 5 4 3 3 7 4 1 3 4 5 3 5 4 4 5 3 3 4 5 4 7 7 6 6 6 3 3 6
Last Time Cost: 00000003 ms
Total Time Cost: 00274024 ms
Total Distance 238: 5 4 5 4 6 3 2 3 4 5 4 4 5 5 0 4 5 3 6 4 5 3 3 4 6 3 2 0 6 3 5 4 3 3 7 4 0 3 4 5 3 5 4 4 5 3 3 4 5 4 7 7 6 6 6 3 3 6
Last Time Cost: 00000819 ms
Total Time Cost: 00274843 ms
Total Distance 237: 5 4 5 4 6 3 2 3 4 5 4 4 5 5 0 4 5 3 6 4 5 3 3 4 6 3 1 0 6 3 5 4 3 3 7 4 0 3 4 5 3 5 4 4 5 3 3 4 5 4 7 7 6 6 6 3 3 6
Last Time Cost: 00000005 ms
Total Time Cost: 00274848 ms
Total Distance 236: 5 4 5 4 6 3 2 3 4 5 4 4 5 5 0 4 5 3 6 4 5 3 3 4 6 3 0 0 6 3 5 4 3 3 7 4 0 3 4 5 3 5 4 4 5 3 3 4 5 4 7 7 6 6 6 3 3 6
Last Time Cost: 00000872 ms
Total Time Cost: 00275720 ms
Total Distance 235: 5 4 5 4 6 3 1 3 4 5 4 4 5 5 0 4 5 3 6 4 5 3 3 4 6 3 0 0 6 3 5 4 3 3 7 4 0 3 4 5 3 5 4 4 5 3 3 4 5 4 7 7 6 6 6 3 3 6
Last Time Cost: 00000001 ms
Total Time Cost: 00275721 ms
Total Distance 234: 5 4 5 4 6 3 0 3 4 5 4 4 5 5 0 4 5 3 6 4 5 3 3 4 6 3 0 0 6 3 5 4 3 3 7 4 0 3 4 5 3 5 4 4 5 3 3 4 5 4 7 7 6 6 6 3 3 6
Last Time Cost: 00000926 ms
Total Time Cost: 00276647 ms
Total Distance 233: 5 4 5 4 6 3 0 3 4 5 4 4 5 5 0 4 5 3 6 4 5 3 3 4 6 3 0 0 6 3 5 4 2 3 7 4 0 3 4 5 3 5 4 4 5 3 3 4 5 4 7 7 6 6 6 3 3 6
Last Time Cost: 00000005 ms
Total Time Cost: 00276652 ms
Total Distance 232: 5 4 5 4 6 3 0 3 4 5 4 4 5 5 0 4 5 3 6 4 5 3 3 4 6 3 0 0 6 3 5 4 1 3 7 4 0 3 4 5 3 5 4 4 5 3 3 4 5 4 7 7 6 6 6 3 3 6
Last Time Cost: 00000003 ms
Total Time Cost: 00276655 ms
Total Distance 231: 5 4 5 4 6 3 0 3 4 5 4 4 5 5 0 4 5 3 6 4 5 3 3 4 6 3 0 0 6 3 5 4 0 3 7 4 0 3 4 5 3 5 4 4 5 3 3 4 5 4 7 7 6 6 6 3 3 6
Last Time Cost: 00001014 ms
Total Time Cost: 00277669 ms
Total Distance 229: 5 4 5 4 6 3 0 3 4 5 4 4 5 5 0 4 5 3 6 4 4 3 3 4 6 3 0 0 6 3 5 4 0 3 7 4 0 3 4 5 3 4 4 4 5 3 3 4 5 4 7 7 6 6 6 3 3 6
Last Time Cost: 00001037 ms
Total Time Cost: 00278706 ms
Total Distance 228: 5 4 5 4 6 3 0 2 4 5 4 4 5 5 0 4 5 3 6 4 4 3 3 4 6 3 0 0 6 3 5 4 0 3 7 4 0 3 4 5 3 4 4 4 5 3 3 4 5 4 7 7 6 6 6 3 3 6
Last Time Cost: 00000004 ms
Total Time Cost: 00278710 ms
Total Distance 227: 5 4 5 4 6 3 0 1 4 5 4 4 5 5 0 4 5 3 6 4 4 3 3 4 6 3 0 0 6 3 5 4 0 3 7 4 0 3 4 5 3 4 4 4 5 3 3 4 5 4 7 7 6 6 6 3 3 6
Last Time Cost: 00000002 ms
Total Time Cost: 00278712 ms
Total Distance 226: 5 4 5 4 6 3 0 0 4 5 4 4 5 5 0 4 5 3 6 4 4 3 3 4 6 3 0 0 6 3 5 4 0 3 7 4 0 3 4 5 3 4 4 4 5 3 3 4 5 4 7 7 6 6 6 3 3 6
Last Time Cost: 00001131 ms
Total Time Cost: 00279843 ms
Total Distance 225: 5 4 5 4 6 3 0 0 4 5 4 4 5 5 0 4 5 3 6 4 4 3 3 4 6 3 0 0 6 3 5 4 0 3 7 4 0 3 4 5 3 4 4 4 5 3 3 4 5 4 7 7 6 6 6 2 3 6
Last Time Cost: 00000004 ms
Total Time Cost: 00279847 ms
Total Distance 224: 5 4 5 4 6 3 0 0 4 5 4 4 5 5 0 4 5 3 6 4 4 3 3 4 6 3 0 0 6 3 5 4 0 3 7 4 0 3 4 5 3 4 4 4 5 3 3 4 5 4 7 7 6 6 6 1 3 6
Last Time Cost: 00000002 ms
Total Time Cost: 00279849 ms
Total Distance 223: 5 4 5 4 6 3 0 0 4 5 4 4 5 5 0 4 5 3 6 4 4 3 3 4 6 3 0 0 6 3 5 4 0 3 7 4 0 3 4 5 3 4 4 4 5 3 3 4 5 4 7 7 6 6 6 0 3 6
Last Time Cost: 00001238 ms
Total Time Cost: 00281087 ms
Total Distance 222: 5 4 5 4 6 3 0 0 4 5 4 4 5 5 0 4 5 3 6 4 4 3 3 4 6 3 0 0 6 3 5 4 0 3 7 4 0 3 4 5 2 4 4 4 5 3 3 4 5 4 7 7 6 6 6 0 3 6
Last Time Cost: 00000017 ms
Total Time Cost: 00281104 ms
Total Distance 221: 5 4 5 4 6 3 0 0 4 5 4 4 5 5 0 4 5 3 6 4 4 3 3 4 6 3 0 0 6 3 5 4 0 3 7 4 0 3 4 5 1 4 4 4 5 3 3 4 5 4 7 7 6 6 6 0 3 6
Last Time Cost: 00000010 ms
Total Time Cost: 00281114 ms
Total Distance 220: 5 4 5 4 6 3 0 0 4 5 4 4 5 5 0 4 5 3 6 4 4 3 3 4 6 3 0 0 6 3 5 4 0 3 7 4 0 3 4 5 0 4 4 4 5 3 3 4 5 4 7 7 6 6 6 0 3 6
Last Time Cost: 00001352 ms
Total Time Cost: 00282466 ms
Total Distance 219: 5 4 5 4 6 3 0 0 4 5 4 4 5 5 0 4 5 3 6 4 4 3 3 4 6 2 0 0 6 3 5 4 0 3 7 4 0 3 4 5 0 4 4 4 5 3 3 4 5 4 7 7 6 6 6 0 3 6
Last Time Cost: 00000002 ms
Total Time Cost: 00282468 ms
Total Distance 218: 5 4 5 4 6 3 0 0 4 5 4 4 5 5 0 4 5 3 6 4 4 3 3 4 6 1 0 0 6 3 5 4 0 3 7 4 0 3 4 5 0 4 4 4 5 3 3 4 5 4 7 7 6 6 6 0 3 6
Last Time Cost: 00000001 ms
Total Time Cost: 00282469 ms
Total Distance 217: 5 4 5 4 6 3 0 0 4 5 4 4 5 5 0 4 5 3 6 4 4 3 3 4 6 0 0 0 6 3 5 4 0 3 7 4 0 3 4 5 0 4 4 4 5 3 3 4 5 4 7 7 6 6 6 0 3 6
Last Time Cost: 00001465 ms
Total Time Cost: 00283934 ms
Total Distance 216: 5 4 5 4 6 3 0 0 4 5 4 4 5 5 0 4 5 3 6 4 4 3 3 4 6 0 0 0 6 3 5 4 0 3 7 4 0 3 4 5 0 4 4 4 5 2 3 4 5 4 7 7 6 6 6 0 3 6
Last Time Cost: 00000002 ms
Total Time Cost: 00283936 ms
Total Distance 215: 5 4 5 4 6 3 0 0 4 5 4 4 5 5 0 4 5 3 6 4 4 3 3 4 6 0 0 0 6 3 5 4 0 3 7 4 0 3 4 5 0 4 4 4 5 1 3 4 5 4 7 7 6 6 6 0 3 6
Last Time Cost: 00000001 ms
Total Time Cost: 00283937 ms
Total Distance 214: 5 4 5 4 6 3 0 0 4 5 4 4 5 5 0 4 5 3 6 4 4 3 3 4 6 0 0 0 6 3 5 4 0 3 7 4 0 3 4 5 0 4 4 4 5 0 3 4 5 4 7 7 6 6 6 0 3 6
Last Time Cost: 00001593 ms
Total Time Cost: 00285530 ms
Total Distance 213: 5 4 5 4 6 3 0 0 4 5 4 4 5 5 0 4 5 3 6 4 4 3 2 4 6 0 0 0 6 3 5 4 0 3 7 4 0 3 4 5 0 4 4 4 5 0 3 4 5 4 7 7 6 6 6 0 3 6
Last Time Cost: 00000003 ms
Total Time Cost: 00285533 ms
Total Distance 212: 5 4 5 4 6 3 0 0 4 5 4 4 5 5 0 4 5 3 6 4 4 3 1 4 6 0 0 0 6 3 5 4 0 3 7 4 0 3 4 5 0 4 4 4 5 0 3 4 5 4 7 7 6 6 6 0 3 6
Last Time Cost: 00000001 ms
Total Time Cost: 00285534 ms
Total Distance 211: 5 4 5 4 6 3 0 0 4 5 4 4 5 5 0 4 5 3 6 4 4 3 0 4 6 0 0 0 6 3 5 4 0 3 7 4 0 3 4 5 0 4 4 4 5 0 3 4 5 4 7 7 6 6 6 0 3 6
Last Time Cost: 00001737 ms
Total Time Cost: 00287271 ms
Total Distance 210: 5 4 5 4 6 3 0 0 4 5 4 4 5 5 0 4 5 3 6 4 4 2 0 4 6 0 0 0 6 3 5 4 0 3 7 4 0 3 4 5 0 4 4 4 5 0 3 4 5 4 7 7 6 6 6 0 3 6
Last Time Cost: 00000002 ms
Total Time Cost: 00287273 ms
Total Distance 209: 5 4 5 4 6 3 0 0 4 5 4 4 5 5 0 4 5 3 6 4 4 1 0 4 6 0 0 0 6 3 5 4 0 3 7 4 0 3 4 5 0 4 4 4 5 0 3 4 5 4 7 7 6 6 6 0 3 6
Last Time Cost: 00000001 ms
Total Time Cost: 00287274 ms
Total Distance 208: 5 4 5 4 6 3 0 0 4 5 4 4 5 5 0 4 5 3 6 4 4 0 0 4 6 0 0 0 6 3 5 4 0 3 7 4 0 3 4 5 0 4 4 4 5 0 3 4 5 4 7 7 6 6 6 0 3 6
Last Time Cost: 00001932 ms
Total Time Cost: 00289206 ms
Total Distance 207: 5 4 5 4 6 3 0 0 4 5 4 4 5 5 0 4 5 3 6 4 4 0 0 4 6 0 0 0 6 3 5 4 0 3 7 4 0 3 4 5 0 4 4 4 5 0 2 4 5 4 7 7 6 6 6 0 3 6
Last Time Cost: 00000002 ms
Total Time Cost: 00289208 ms
Total Distance 206: 5 4 5 4 6 3 0 0 4 5 4 4 5 5 0 4 5 3 6 4 4 0 0 4 6 0 0 0 6 3 5 4 0 3 7 4 0 3 4 5 0 4 4 4 5 0 1 4 5 4 7 7 6 6 6 0 3 6
Last Time Cost: 00000001 ms
Total Time Cost: 00289209 ms
Total Distance 205: 5 4 5 4 6 3 0 0 4 5 4 4 5 5 0 4 5 3 6 4 4 0 0 4 6 0 0 0 6 3 5 4 0 3 7 4 0 3 4 5 0 4 4 4 5 0 0 4 5 4 7 7 6 6 6 0 3 6
Last Time Cost: 00002121 ms
Total Time Cost: 00291330 ms
Total Distance 204: 5 4 5 4 6 3 0 0 4 5 4 4 5 5 0 4 5 3 6 4 4 0 0 4 6 0 0 0 6 3 5 4 0 3 7 4 0 2 4 5 0 4 4 4 5 0 0 4 5 4 7 7 6 6 6 0 3 6
Last Time Cost: 00000002 ms
Total Time Cost: 00291332 ms
Total Distance 203: 5 4 5 4 6 3 0 0 4 5 4 4 5 5 0 4 5 3 6 4 4 0 0 4 6 0 0 0 6 3 5 4 0 3 7 4 0 1 4 5 0 4 4 4 5 0 0 4 5 4 7 7 6 6 6 0 3 6
Last Time Cost: 00000001 ms
Total Time Cost: 00291333 ms
Total Distance 202: 5 4 5 4 6 3 0 0 4 5 4 4 5 5 0 4 5 3 6 4 4 0 0 4 6 0 0 0 6 3 5 4 0 3 7 4 0 0 4 5 0 4 4 4 5 0 0 4 5 4 7 7 6 6 6 0 3 6
Last Time Cost: 00002303 ms
Total Time Cost: 00293636 ms
Total Distance 201: 5 4 5 4 6 3 0 0 4 5 4 4 5 5 0 4 5 2 6 4 4 0 0 4 6 0 0 0 6 3 5 4 0 3 7 4 0 0 4 5 0 4 4 4 5 0 0 4 5 4 7 7 6 6 6 0 3 6
Last Time Cost: 00000009 ms
Total Time Cost: 00293645 ms
Total Distance 200: 5 4 5 4 6 3 0 0 4 5 4 4 5 5 0 4 5 1 6 4 4 0 0 4 6 0 0 0 6 3 5 4 0 3 7 4 0 0 4 5 0 4 4 4 5 0 0 4 5 4 7 7 6 6 6 0 3 6
Last Time Cost: 00000002 ms
Total Time Cost: 00293647 ms
Total Distance 199: 5 4 5 4 6 3 0 0 4 5 4 4 5 5 0 4 5 0 6 4 4 0 0 4 6 0 0 0 6 3 5 4 0 3 7 4 0 0 4 5 0 4 4 4 5 0 0 4 5 4 7 7 6 6 6 0 3 6
Last Time Cost: 00002485 ms
Total Time Cost: 00296132 ms
Total Distance 198: 5 4 5 4 6 3 0 0 4 5 4 4 5 5 0 4 5 0 6 4 4 0 0 4 6 0 0 0 6 3 5 4 0 2 7 4 0 0 4 5 0 4 4 4 5 0 0 4 5 4 7 7 6 6 6 0 3 6
Last Time Cost: 00000002 ms
Total Time Cost: 00296134 ms
Total Distance 197: 5 4 5 4 6 3 0 0 4 5 4 4 5 5 0 4 5 0 6 4 4 0 0 4 6 0 0 0 6 3 5 4 0 1 7 4 0 0 4 5 0 4 4 4 5 0 0 4 5 4 7 7 6 6 6 0 3 6
Last Time Cost: 00000001 ms
Total Time Cost: 00296135 ms
Total Distance 196: 5 4 5 4 6 3 0 0 4 5 4 4 5 5 0 4 5 0 6 4 4 0 0 4 6 0 0 0 6 3 5 4 0 0 7 4 0 0 4 5 0 4 4 4 5 0 0 4 5 4 7 7 6 6 6 0 3 6
Last Time Cost: 00002725 ms
Total Time Cost: 00298860 ms
Total Distance 195: 5 4 5 4 6 3 0 0 4 5 4 4 5 5 0 4 5 0 6 4 4 0 0 4 6 0 0 0 6 2 5 4 0 0 7 4 0 0 4 5 0 4 4 4 5 0 0 4 5 4 7 7 6 6 6 0 3 6
Last Time Cost: 00000005 ms
Total Time Cost: 00298865 ms
Total Distance 194: 5 4 5 4 6 3 0 0 4 5 4 4 5 5 0 4 5 0 6 4 4 0 0 4 6 0 0 0 6 1 5 4 0 0 7 4 0 0 4 5 0 4 4 4 5 0 0 4 5 4 7 7 6 6 6 0 3 6
Last Time Cost: 00000004 ms
Total Time Cost: 00298869 ms
Total Distance 193: 5 4 5 4 6 3 0 0 4 5 4 4 5 5 0 4 5 0 6 4 4 0 0 4 6 0 0 0 6 0 5 4 0 0 7 4 0 0 4 5 0 4 4 4 5 0 0 4 5 4 7 7 6 6 6 0 3 6
Last Time Cost: 00002900 ms
Total Time Cost: 00301769 ms
Total Distance 192: 5 4 5 4 6 3 0 0 4 5 4 4 5 5 0 4 5 0 6 4 4 0 0 4 6 0 0 0 6 0 5 4 0 0 7 4 0 0 4 5 0 4 4 4 5 0 0 4 5 4 7 7 6 6 6 0 2 6
Last Time Cost: 00000003 ms
Total Time Cost: 00301772 ms
Total Distance 191: 5 4 5 4 6 3 0 0 4 5 4 4 5 5 0 4 5 0 6 4 4 0 0 4 6 0 0 0 6 0 5 4 0 0 7 4 0 0 4 5 0 4 4 4 5 0 0 4 5 4 7 7 6 6 6 0 1 6
Last Time Cost: 00000003 ms
Total Time Cost: 00301775 ms
Total Distance 190: 5 4 5 4 6 3 0 0 4 5 4 4 5 5 0 4 5 0 6 4 4 0 0 4 6 0 0 0 6 0 5 4 0 0 7 4 0 0 4 5 0 4 4 4 5 0 0 4 5 4 7 7 6 6 6 0 0 6
Last Time Cost: 00003148 ms
Total Time Cost: 00304923 ms
Total Distance 189: 5 4 5 4 6 2 0 0 4 5 4 4 5 5 0 4 5 0 6 4 4 0 0 4 6 0 0 0 6 0 5 4 0 0 7 4 0 0 4 5 0 4 4 4 5 0 0 4 5 4 7 7 6 6 6 0 0 6
Last Time Cost: 00000002 ms
Total Time Cost: 00304925 ms
Total Distance 188: 5 4 5 4 6 1 0 0 4 5 4 4 5 5 0 4 5 0 6 4 4 0 0 4 6 0 0 0 6 0 5 4 0 0 7 4 0 0 4 5 0 4 4 4 5 0 0 4 5 4 7 7 6 6 6 0 0 6
Last Time Cost: 00000001 ms
Total Time Cost: 00304926 ms
Total Distance 187: 5 4 5 4 6 0 0 0 4 5 4 4 5 5 0 4 5 0 6 4 4 0 0 4 6 0 0 0 6 0 5 4 0 0 7 4 0 0 4 5 0 4 4 4 5 0 0 4 5 4 7 7 6 6 6 0 0 6
Last Time Cost: 00003387 ms
Total Time Cost: 00308313 ms
Total Distance 186: 5 4 5 4 6 0 0 0 4 5 4 3 5 5 0 4 5 0 6 4 4 0 0 4 6 0 0 0 6 0 5 4 0 0 7 4 0 0 4 5 0 4 4 4 5 0 0 4 5 4 7 7 6 6 6 0 0 6
Last Time Cost: 00000006 ms
Total Time Cost: 00308319 ms
Total Distance 185: 5 4 5 4 6 0 0 0 4 5 4 2 5 5 0 4 5 0 6 4 4 0 0 4 6 0 0 0 6 0 5 4 0 0 7 4 0 0 4 5 0 4 4 4 5 0 0 4 5 4 7 7 6 6 6 0 0 6
Last Time Cost: 00000004 ms
Total Time Cost: 00308323 ms
Total Distance 184: 5 4 5 4 6 0 0 0 4 5 4 1 5 5 0 4 5 0 6 4 4 0 0 4 6 0 0 0 6 0 5 4 0 0 7 4 0 0 4 5 0 4 4 4 5 0 0 4 5 4 7 7 6 6 6 0 0 6
Last Time Cost: 00000002 ms
Total Time Cost: 00308325 ms
Total Distance 183: 5 4 5 4 6 0 0 0 4 5 4 0 5 5 0 4 5 0 6 4 4 0 0 4 6 0 0 0 6 0 5 4 0 0 7 4 0 0 4 5 0 4 4 4 5 0 0 4 5 4 7 7 6 6 6 0 0 6
Last Time Cost: 00003721 ms
Total Time Cost: 00312046 ms
Total Distance 182: 5 4 5 4 6 0 0 0 4 5 3 0 5 5 0 4 5 0 6 4 4 0 0 4 6 0 0 0 6 0 5 4 0 0 7 4 0 0 4 5 0 4 4 4 5 0 0 4 5 4 7 7 6 6 6 0 0 6
Last Time Cost: 00000004 ms
Total Time Cost: 00312050 ms
Total Distance 181: 5 4 5 4 6 0 0 0 4 5 2 0 5 5 0 4 5 0 6 4 4 0 0 4 6 0 0 0 6 0 5 4 0 0 7 4 0 0 4 5 0 4 4 4 5 0 0 4 5 4 7 7 6 6 6 0 0 6
Last Time Cost: 00000004 ms
Total Time Cost: 00312054 ms
Total Distance 180: 5 4 5 4 6 0 0 0 4 5 1 0 5 5 0 4 5 0 6 4 4 0 0 4 6 0 0 0 6 0 5 4 0 0 7 4 0 0 4 5 0 4 4 4 5 0 0 4 5 4 7 7 6 6 6 0 0 6
Last Time Cost: 00000003 ms
Total Time Cost: 00312057 ms
Total Distance 179: 5 4 5 4 6 0 0 0 4 5 0 0 5 5 0 4 5 0 6 4 4 0 0 4 6 0 0 0 6 0 5 4 0 0 7 4 0 0 4 5 0 4 4 4 5 0 0 4 5 4 7 7 6 6 6 0 0 6
Last Time Cost: 00004114 ms
Total Time Cost: 00316171 ms
Total Distance 178: 5 4 5 4 6 0 0 0 4 5 0 0 5 5 0 4 5 0 6 4 4 0 0 4 6 0 0 0 6 0 5 4 0 0 7 4 0 0 4 5 0 3 4 4 5 0 0 4 5 4 7 7 6 6 6 0 0 6
Last Time Cost: 00000004 ms
Total Time Cost: 00316175 ms
Total Distance 177: 5 4 5 4 6 0 0 0 4 5 0 0 5 5 0 4 5 0 6 4 4 0 0 4 6 0 0 0 6 0 5 4 0 0 7 4 0 0 4 5 0 2 4 4 5 0 0 4 5 4 7 7 6 6 6 0 0 6
Last Time Cost: 00000004 ms
Total Time Cost: 00316179 ms
Total Distance 176: 5 4 5 4 6 0 0 0 4 5 0 0 5 5 0 4 5 0 6 4 4 0 0 4 6 0 0 0 6 0 5 4 0 0 7 4 0 0 4 5 0 1 4 4 5 0 0 4 5 4 7 7 6 6 6 0 0 6
Last Time Cost: 00000005 ms
Total Time Cost: 00316184 ms
Total Distance 175: 5 4 5 4 6 0 0 0 4 5 0 0 5 5 0 4 5 0 6 4 4 0 0 4 6 0 0 0 6 0 5 4 0 0 7 4 0 0 4 5 0 0 4 4 5 0 0 4 5 4 7 7 6 6 6 0 0 6
Last Time Cost: 00004530 ms
Total Time Cost: 00320714 ms
Total Distance 174: 5 3 5 4 6 0 0 0 4 5 0 0 5 5 0 4 5 0 6 4 4 0 0 4 6 0 0 0 6 0 5 4 0 0 7 4 0 0 4 5 0 0 4 4 5 0 0 4 5 4 7 7 6 6 6 0 0 6
Last Time Cost: 00000005 ms
Total Time Cost: 00320719 ms
Total Distance 173: 5 2 5 4 6 0 0 0 4 5 0 0 5 5 0 4 5 0 6 4 4 0 0 4 6 0 0 0 6 0 5 4 0 0 7 4 0 0 4 5 0 0 4 4 5 0 0 4 5 4 7 7 6 6 6 0 0 6
Last Time Cost: 00000003 ms
Total Time Cost: 00320722 ms
Total Distance 172: 5 1 5 4 6 0 0 0 4 5 0 0 5 5 0 4 5 0 6 4 4 0 0 4 6 0 0 0 6 0 5 4 0 0 7 4 0 0 4 5 0 0 4 4 5 0 0 4 5 4 7 7 6 6 6 0 0 6
Last Time Cost: 00000002 ms
Total Time Cost: 00320724 ms
Total Distance 171: 5 0 5 4 6 0 0 0 4 5 0 0 5 5 0 4 5 0 6 4 4 0 0 4 6 0 0 0 6 0 5 4 0 0 7 4 0 0 4 5 0 0 4 4 5 0 0 4 5 4 7 7 6 6 6 0 0 6
Last Time Cost: 00004967 ms
Total Time Cost: 00325691 ms
Total Distance 170: 5 0 5 4 6 0 0 0 4 5 0 0 5 5 0 4 5 0 6 4 4 0 0 4 6 0 0 0 6 0 5 4 0 0 7 4 0 0 4 5 0 0 4 3 5 0 0 4 5 4 7 7 6 6 6 0 0 6
Last Time Cost: 00000007 ms
Total Time Cost: 00325698 ms
Total Distance 169: 5 0 5 4 6 0 0 0 4 5 0 0 5 5 0 4 5 0 6 4 4 0 0 4 6 0 0 0 6 0 5 4 0 0 7 4 0 0 4 5 0 0 4 2 5 0 0 4 5 4 7 7 6 6 6 0 0 6
Last Time Cost: 00000004 ms
Total Time Cost: 00325702 ms
Total Distance 168: 5 0 5 4 6 0 0 0 4 5 0 0 5 5 0 4 5 0 6 4 4 0 0 4 6 0 0 0 6 0 5 4 0 0 7 4 0 0 4 5 0 0 4 1 5 0 0 4 5 4 7 7 6 6 6 0 0 6
Last Time Cost: 00000003 ms
Total Time Cost: 00325705 ms
Total Distance 167: 5 0 5 4 6 0 0 0 4 5 0 0 5 5 0 4 5 0 6 4 4 0 0 4 6 0 0 0 6 0 5 4 0 0 7 4 0 0 4 5 0 0 4 0 5 0 0 4 5 4 7 7 6 6 6 0 0 6
Last Time Cost: 00005468 ms
Total Time Cost: 00331173 ms
Total Distance 166: 5 0 5 4 6 0 0 0 4 5 0 0 5 5 0 4 5 0 6 4 3 0 0 4 6 0 0 0 6 0 5 4 0 0 7 4 0 0 4 5 0 0 4 0 5 0 0 4 5 4 7 7 6 6 6 0 0 6
Last Time Cost: 00000004 ms
Total Time Cost: 00331177 ms
Total Distance 165: 5 0 5 4 6 0 0 0 4 5 0 0 5 5 0 4 5 0 6 4 2 0 0 4 6 0 0 0 6 0 5 4 0 0 7 4 0 0 4 5 0 0 4 0 5 0 0 4 5 4 7 7 6 6 6 0 0 6
Last Time Cost: 00000003 ms
Total Time Cost: 00331180 ms
Total Distance 164: 5 0 5 4 6 0 0 0 4 5 0 0 5 5 0 4 5 0 6 4 1 0 0 4 6 0 0 0 6 0 5 4 0 0 7 4 0 0 4 5 0 0 4 0 5 0 0 4 5 4 7 7 6 6 6 0 0 6
Last Time Cost: 00000002 ms
Total Time Cost: 00331182 ms
Total Distance 163: 5 0 5 4 6 0 0 0 4 5 0 0 5 5 0 4 5 0 6 4 0 0 0 4 6 0 0 0 6 0 5 4 0 0 7 4 0 0 4 5 0 0 4 0 5 0 0 4 5 4 7 7 6 6 6 0 0 6
Last Time Cost: 00005996 ms
Total Time Cost: 00337178 ms
Total Distance 162: 5 0 5 4 6 0 0 0 4 5 0 0 5 5 0 4 5 0 6 4 0 0 0 4 6 0 0 0 6 0 5 4 0 0 7 3 0 0 4 5 0 0 4 0 5 0 0 4 5 4 7 7 6 6 6 0 0 6
Last Time Cost: 00000006 ms
Total Time Cost: 00337184 ms
Total Distance 161: 5 0 5 4 6 0 0 0 4 5 0 0 5 5 0 4 5 0 6 4 0 0 0 4 6 0 0 0 6 0 5 4 0 0 7 2 0 0 4 5 0 0 4 0 5 0 0 4 5 4 7 7 6 6 6 0 0 6
Last Time Cost: 00000006 ms
Total Time Cost: 00337190 ms
Total Distance 160: 5 0 5 4 6 0 0 0 4 5 0 0 5 5 0 4 5 0 6 4 0 0 0 4 6 0 0 0 6 0 5 4 0 0 7 1 0 0 4 5 0 0 4 0 5 0 0 4 5 4 7 7 6 6 6 0 0 6
Last Time Cost: 00000003 ms
Total Time Cost: 00337193 ms
Total Distance 159: 5 0 5 4 6 0 0 0 4 5 0 0 5 5 0 4 5 0 6 4 0 0 0 4 6 0 0 0 6 0 5 4 0 0 7 0 0 0 4 5 0 0 4 0 5 0 0 4 5 4 7 7 6 6 6 0 0 6
Last Time Cost: 00006700 ms
Total Time Cost: 00343893 ms
Total Distance 158: 5 0 5 4 6 0 0 0 4 5 0 0 5 5 0 3 5 0 6 4 0 0 0 4 6 0 0 0 6 0 5 4 0 0 7 0 0 0 4 5 0 0 4 0 5 0 0 4 5 4 7 7 6 6 6 0 0 6
Last Time Cost: 00000007 ms
Total Time Cost: 00343900 ms
Total Distance 157: 5 0 5 4 6 0 0 0 4 5 0 0 5 5 0 2 5 0 6 4 0 0 0 4 6 0 0 0 6 0 5 4 0 0 7 0 0 0 4 5 0 0 4 0 5 0 0 4 5 4 7 7 6 6 6 0 0 6
Last Time Cost: 00000004 ms
Total Time Cost: 00343904 ms
Total Distance 156: 5 0 5 4 6 0 0 0 4 5 0 0 5 5 0 1 5 0 6 4 0 0 0 4 6 0 0 0 6 0 5 4 0 0 7 0 0 0 4 5 0 0 4 0 5 0 0 4 5 4 7 7 6 6 6 0 0 6
Last Time Cost: 00000003 ms
Total Time Cost: 00343907 ms
Total Distance 155: 5 0 5 4 6 0 0 0 4 5 0 0 5 5 0 0 5 0 6 4 0 0 0 4 6 0 0 0 6 0 5 4 0 0 7 0 0 0 4 5 0 0 4 0 5 0 0 4 5 4 7 7 6 6 6 0 0 6
Last Time Cost: 00007367 ms
Total Time Cost: 00351274 ms
Total Distance 154: 5 0 5 4 6 0 0 0 4 5 0 0 5 5 0 0 5 0 6 4 0 0 0 4 6 0 0 0 6 0 5 4 0 0 7 0 0 0 3 5 0 0 4 0 5 0 0 4 5 4 7 7 6 6 6 0 0 6
Last Time Cost: 00000006 ms
Total Time Cost: 00351280 ms
Total Distance 153: 5 0 5 4 6 0 0 0 4 5 0 0 5 5 0 0 5 0 6 4 0 0 0 4 6 0 0 0 6 0 5 4 0 0 7 0 0 0 2 5 0 0 4 0 5 0 0 4 5 4 7 7 6 6 6 0 0 6
Last Time Cost: 00000004 ms
Total Time Cost: 00351284 ms
Total Distance 152: 5 0 5 4 6 0 0 0 4 5 0 0 5 5 0 0 5 0 6 4 0 0 0 4 6 0 0 0 6 0 5 4 0 0 7 0 0 0 1 5 0 0 4 0 5 0 0 4 5 4 7 7 6 6 6 0 0 6
Last Time Cost: 00000003 ms
Total Time Cost: 00351287 ms
Total Distance 151: 5 0 5 4 6 0 0 0 4 5 0 0 5 5 0 0 5 0 6 4 0 0 0 4 6 0 0 0 6 0 5 4 0 0 7 0 0 0 0 5 0 0 4 0 5 0 0 4 5 4 7 7 6 6 6 0 0 6
Last Time Cost: 00008072 ms
Total Time Cost: 00359359 ms
Total Distance 150: 5 0 5 4 6 0 0 0 4 5 0 0 5 5 0 0 5 0 6 4 0 0 0 4 6 0 0 0 6 0 5 3 0 0 7 0 0 0 0 5 0 0 4 0 5 0 0 4 5 4 7 7 6 6 6 0 0 6
Last Time Cost: 00000005 ms
Total Time Cost: 00359364 ms
Total Distance 149: 5 0 5 4 6 0 0 0 4 5 0 0 5 5 0 0 5 0 6 4 0 0 0 4 6 0 0 0 6 0 5 2 0 0 7 0 0 0 0 5 0 0 4 0 5 0 0 4 5 4 7 7 6 6 6 0 0 6
Last Time Cost: 00000005 ms
Total Time Cost: 00359369 ms
Total Distance 148: 5 0 5 4 6 0 0 0 4 5 0 0 5 5 0 0 5 0 6 4 0 0 0 4 6 0 0 0 6 0 5 1 0 0 7 0 0 0 0 5 0 0 4 0 5 0 0 4 5 4 7 7 6 6 6 0 0 6
Last Time Cost: 00000004 ms
Total Time Cost: 00359373 ms
Total Distance 147: 5 0 5 4 6 0 0 0 4 5 0 0 5 5 0 0 5 0 6 4 0 0 0 4 6 0 0 0 6 0 5 0 0 0 7 0 0 0 0 5 0 0 4 0 5 0 0 4 5 4 7 7 6 6 6 0 0 6
Last Time Cost: 00008730 ms
Total Time Cost: 00368103 ms
Total Distance 146: 5 0 5 4 6 0 0 0 4 5 0 0 5 5 0 0 5 0 6 4 0 0 0 3 6 0 0 0 6 0 5 0 0 0 7 0 0 0 0 5 0 0 4 0 5 0 0 4 5 4 7 7 6 6 6 0 0 6
Last Time Cost: 00000004 ms
Total Time Cost: 00368107 ms
Total Distance 145: 5 0 5 4 6 0 0 0 4 5 0 0 5 5 0 0 5 0 6 4 0 0 0 2 6 0 0 0 6 0 5 0 0 0 7 0 0 0 0 5 0 0 4 0 5 0 0 4 5 4 7 7 6 6 6 0 0 6
Last Time Cost: 00000003 ms
Total Time Cost: 00368110 ms
Total Distance 144: 5 0 5 4 6 0 0 0 4 5 0 0 5 5 0 0 5 0 6 4 0 0 0 1 6 0 0 0 6 0 5 0 0 0 7 0 0 0 0 5 0 0 4 0 5 0 0 4 5 4 7 7 6 6 6 0 0 6
Last Time Cost: 00000003 ms
Total Time Cost: 00368113 ms
Total Distance 143: 5 0 5 4 6 0 0 0 4 5 0 0 5 5 0 0 5 0 6 4 0 0 0 0 6 0 0 0 6 0 5 0 0 0 7 0 0 0 0 5 0 0 4 0 5 0 0 4 5 4 7 7 6 6 6 0 0 6
Last Time Cost: 00009471 ms
Total Time Cost: 00377584 ms
Total Distance 142: 5 0 5 4 6 0 0 0 4 5 0 0 5 5 0 0 5 0 6 4 0 0 0 0 6 0 0 0 6 0 5 0 0 0 7 0 0 0 0 5 0 0 4 0 5 0 0 3 5 4 7 7 6 6 6 0 0 6
Last Time Cost: 00000006 ms
Total Time Cost: 00377590 ms
Total Distance 141: 5 0 5 4 6 0 0 0 4 5 0 0 5 5 0 0 5 0 6 4 0 0 0 0 6 0 0 0 6 0 5 0 0 0 7 0 0 0 0 5 0 0 4 0 5 0 0 2 5 4 7 7 6 6 6 0 0 6
Last Time Cost: 00000005 ms
Total Time Cost: 00377595 ms
Total Distance 139: 5 0 5 4 6 0 0 0 4 5 0 0 5 5 0 0 5 0 6 4 0 0 0 0 6 0 0 0 6 0 5 0 0 0 7 0 0 0 0 5 0 0 4 0 5 0 0 1 5 4 6 7 6 6 6 0 0 6
Last Time Cost: 00000004 ms
Total Time Cost: 00377599 ms
Total Distance 138: 5 0 5 4 6 0 0 0 4 5 0 0 5 5 0 0 5 0 6 4 0 0 0 0 6 0 0 0 6 0 5 0 0 0 7 0 0 0 0 5 0 0 4 0 5 0 0 0 5 4 6 7 6 6 6 0 0 6
Last Time Cost: 00007192 ms
Total Time Cost: 00384791 ms
Total Distance 136: 5 0 5 4 6 0 0 0 4 5 0 0 5 5 0 0 5 0 6 4 0 0 0 0 6 0 0 0 6 0 5 0 0 0 7 0 0 0 0 5 0 0 4 0 5 0 0 0 5 4 5 7 6 5 6 0 0 6
Last Time Cost: 00007344 ms
Total Time Cost: 00392135 ms
Total Distance 135: 5 0 5 4 6 0 0 0 4 5 0 0 5 5 0 0 5 0 6 3 0 0 0 0 6 0 0 0 6 0 5 0 0 0 7 0 0 0 0 5 0 0 4 0 5 0 0 0 5 4 5 7 6 5 6 0 0 6
Last Time Cost: 00000009 ms
Total Time Cost: 00392144 ms
Total Distance 134: 5 0 5 4 6 0 0 0 4 5 0 0 5 5 0 0 5 0 6 2 0 0 0 0 6 0 0 0 6 0 5 0 0 0 7 0 0 0 0 5 0 0 4 0 5 0 0 0 5 4 5 7 6 5 6 0 0 6
Last Time Cost: 00000007 ms
Total Time Cost: 00392151 ms
Total Distance 133: 5 0 5 4 6 0 0 0 4 5 0 0 5 5 0 0 5 0 6 1 0 0 0 0 6 0 0 0 6 0 5 0 0 0 7 0 0 0 0 5 0 0 4 0 5 0 0 0 5 4 5 7 6 5 6 0 0 6
Last Time Cost: 00000004 ms
Total Time Cost: 00392155 ms
Total Distance 132: 5 0 5 4 6 0 0 0 4 5 0 0 5 5 0 0 5 0 6 0 0 0 0 0 6 0 0 0 6 0 5 0 0 0 7 0 0 0 0 5 0 0 4 0 5 0 0 0 5 4 5 7 6 5 6 0 0 6
Last Time Cost: 00007905 ms
Total Time Cost: 00400060 ms
Total Distance 131: 5 0 5 4 6 0 0 0 4 5 0 0 5 5 0 0 5 0 6 0 0 0 0 0 6 0 0 0 6 0 5 0 0 0 7 0 0 0 0 5 0 0 4 0 5 0 0 0 5 3 5 7 6 5 6 0 0 6
Last Time Cost: 00000007 ms
Total Time Cost: 00400067 ms
Total Distance 130: 5 0 5 4 6 0 0 0 4 5 0 0 5 5 0 0 5 0 6 0 0 0 0 0 6 0 0 0 6 0 5 0 0 0 7 0 0 0 0 5 0 0 4 0 5 0 0 0 5 2 5 7 6 5 6 0 0 6
Last Time Cost: 00000005 ms
Total Time Cost: 00400072 ms
Total Distance 129: 5 0 5 4 6 0 0 0 4 5 0 0 5 5 0 0 5 0 6 0 0 0 0 0 6 0 0 0 6 0 5 0 0 0 7 0 0 0 0 5 0 0 4 0 5 0 0 0 5 1 5 7 6 5 6 0 0 6
Last Time Cost: 00000003 ms
Total Time Cost: 00400075 ms
Total Distance 128: 5 0 5 4 6 0 0 0 4 5 0 0 5 5 0 0 5 0 6 0 0 0 0 0 6 0 0 0 6 0 5 0 0 0 7 0 0 0 0 5 0 0 4 0 5 0 0 0 5 0 5 7 6 5 6 0 0 6
Last Time Cost: 00008533 ms
Total Time Cost: 00408608 ms
Total Distance 127: 5 0 5 4 6 0 0 0 4 5 0 0 5 5 0 0 5 0 6 0 0 0 0 0 6 0 0 0 6 0 5 0 0 0 7 0 0 0 0 5 0 0 3 0 5 0 0 0 5 0 5 7 6 5 6 0 0 6
Last Time Cost: 00000008 ms
Total Time Cost: 00408616 ms
Total Distance 126: 5 0 5 4 6 0 0 0 4 5 0 0 5 5 0 0 5 0 6 0 0 0 0 0 6 0 0 0 6 0 5 0 0 0 7 0 0 0 0 5 0 0 2 0 5 0 0 0 5 0 5 7 6 5 6 0 0 6
Last Time Cost: 00000005 ms
Total Time Cost: 00408621 ms
Total Distance 125: 5 0 5 4 6 0 0 0 4 5 0 0 5 5 0 0 5 0 6 0 0 0 0 0 6 0 0 0 6 0 5 0 0 0 7 0 0 0 0 5 0 0 1 0 5 0 0 0 5 0 5 7 6 5 6 0 0 6
Last Time Cost: 00000003 ms
Total Time Cost: 00408624 ms
Total Distance 124: 5 0 5 4 6 0 0 0 4 5 0 0 5 5 0 0 5 0 6 0 0 0 0 0 6 0 0 0 6 0 5 0 0 0 7 0 0 0 0 5 0 0 0 0 5 0 0 0 5 0 5 7 6 5 6 0 0 6
Last Time Cost: 00009215 ms
Total Time Cost: 00417839 ms
Total Distance 123: 5 0 5 3 6 0 0 0 4 5 0 0 5 5 0 0 5 0 6 0 0 0 0 0 6 0 0 0 6 0 5 0 0 0 7 0 0 0 0 5 0 0 0 0 5 0 0 0 5 0 5 7 6 5 6 0 0 6
Last Time Cost: 00000004 ms
Total Time Cost: 00417843 ms
Total Distance 122: 5 0 5 2 6 0 0 0 4 5 0 0 5 5 0 0 5 0 6 0 0 0 0 0 6 0 0 0 6 0 5 0 0 0 7 0 0 0 0 5 0 0 0 0 5 0 0 0 5 0 5 7 6 5 6 0 0 6
Last Time Cost: 00000003 ms
Total Time Cost: 00417846 ms
Total Distance 121: 5 0 5 1 6 0 0 0 4 5 0 0 5 5 0 0 5 0 6 0 0 0 0 0 6 0 0 0 6 0 5 0 0 0 7 0 0 0 0 5 0 0 0 0 5 0 0 0 5 0 5 7 6 5 6 0 0 6
Last Time Cost: 00000002 ms
Total Time Cost: 00417848 ms
Total Distance 120: 5 0 5 0 6 0 0 0 4 5 0 0 5 5 0 0 5 0 6 0 0 0 0 0 6 0 0 0 6 0 5 0 0 0 7 0 0 0 0 5 0 0 0 0 5 0 0 0 5 0 5 7 6 5 6 0 0 6
Last Time Cost: 00009922 ms
Total Time Cost: 00427770 ms
Total Distance 119: 5 0 5 0 6 0 0 0 3 5 0 0 5 5 0 0 5 0 6 0 0 0 0 0 6 0 0 0 6 0 5 0 0 0 7 0 0 0 0 5 0 0 0 0 5 0 0 0 5 0 5 7 6 5 6 0 0 6
Last Time Cost: 00000004 ms
Total Time Cost: 00427774 ms
Total Distance 118: 5 0 5 0 6 0 0 0 2 5 0 0 5 5 0 0 5 0 6 0 0 0 0 0 6 0 0 0 6 0 5 0 0 0 7 0 0 0 0 5 0 0 0 0 5 0 0 0 5 0 5 7 6 5 6 0 0 6
Last Time Cost: 00000003 ms
Total Time Cost: 00427777 ms
Total Distance 117: 5 0 5 0 6 0 0 0 1 5 0 0 5 5 0 0 5 0 6 0 0 0 0 0 6 0 0 0 6 0 5 0 0 0 7 0 0 0 0 5 0 0 0 0 5 0 0 0 5 0 5 7 6 5 6 0 0 6
Last Time Cost: 00000003 ms
Total Time Cost: 00427780 ms
Total Distance 116: 5 0 5 0 6 0 0 0 0 5 0 0 5 5 0 0 5 0 6 0 0 0 0 0 6 0 0 0 6 0 5 0 0 0 7 0 0 0 0 5 0 0 0 0 5 0 0 0 5 0 5 7 6 5 6 0 0 6
Last Time Cost: 00010742 ms
Total Time Cost: 00438522 ms
Total Distance 115: 4 0 5 0 6 0 0 0 0 5 0 0 5 5 0 0 5 0 6 0 0 0 0 0 6 0 0 0 6 0 5 0 0 0 7 0 0 0 0 5 0 0 0 0 5 0 0 0 5 0 5 7 6 5 6 0 0 6
Last Time Cost: 00000007 ms
Total Time Cost: 00438529 ms
Total Distance 114: 3 0 5 0 6 0 0 0 0 5 0 0 5 5 0 0 5 0 6 0 0 0 0 0 6 0 0 0 6 0 5 0 0 0 7 0 0 0 0 5 0 0 0 0 5 0 0 0 5 0 5 7 6 5 6 0 0 6
Last Time Cost: 00000005 ms
Total Time Cost: 00438534 ms
Total Distance 113: 2 0 5 0 6 0 0 0 0 5 0 0 5 5 0 0 5 0 6 0 0 0 0 0 6 0 0 0 6 0 5 0 0 0 7 0 0 0 0 5 0 0 0 0 5 0 0 0 5 0 5 7 6 5 6 0 0 6
Last Time Cost: 00000004 ms
Total Time Cost: 00438538 ms
Total Distance 112: 1 0 5 0 6 0 0 0 0 5 0 0 5 5 0 0 5 0 6 0 0 0 0 0 6 0 0 0 6 0 5 0 0 0 7 0 0 0 0 5 0 0 0 0 5 0 0 0 5 0 5 7 6 5 6 0 0 6
Last Time Cost: 00000003 ms
Total Time Cost: 00438541 ms
Total Distance 111: 0 0 5 0 6 0 0 0 0 5 0 0 5 5 0 0 5 0 6 0 0 0 0 0 6 0 0 0 6 0 5 0 0 0 7 0 0 0 0 5 0 0 0 0 5 0 0 0 5 0 5 7 6 5 6 0 0 6
Last Time Cost: 00012067 ms
Total Time Cost: 00450608 ms
Total Distance 110: 0 0 5 0 6 0 0 0 0 5 0 0 5 5 0 0 5 0 6 0 0 0 0 0 6 0 0 0 6 0 5 0 0 0 7 0 0 0 0 4 0 0 0 0 5 0 0 0 5 0 5 7 6 5 6 0 0 6
Last Time Cost: 00000008 ms
Total Time Cost: 00450616 ms
Total Distance 109: 0 0 5 0 6 0 0 0 0 5 0 0 5 5 0 0 5 0 6 0 0 0 0 0 6 0 0 0 6 0 5 0 0 0 7 0 0 0 0 3 0 0 0 0 5 0 0 0 5 0 5 7 6 5 6 0 0 6
Last Time Cost: 00000005 ms
Total Time Cost: 00450621 ms
Total Distance 108: 0 0 5 0 6 0 0 0 0 5 0 0 5 5 0 0 5 0 6 0 0 0 0 0 6 0 0 0 6 0 5 0 0 0 7 0 0 0 0 2 0 0 0 0 5 0 0 0 5 0 5 7 6 5 6 0 0 6
Last Time Cost: 00000004 ms
Total Time Cost: 00450625 ms
Total Distance 107: 0 0 5 0 6 0 0 0 0 5 0 0 5 5 0 0 5 0 6 0 0 0 0 0 6 0 0 0 6 0 5 0 0 0 7 0 0 0 0 1 0 0 0 0 5 0 0 0 5 0 5 7 6 5 6 0 0 6
Last Time Cost: 00000003 ms
Total Time Cost: 00450628 ms
Total Distance 106: 0 0 5 0 6 0 0 0 0 5 0 0 5 5 0 0 5 0 6 0 0 0 0 0 6 0 0 0 6 0 5 0 0 0 7 0 0 0 0 0 0 0 0 0 5 0 0 0 5 0 5 7 6 5 6 0 0 6
Last Time Cost: 00013470 ms
Total Time Cost: 00464098 ms
Total Distance 104: 0 0 5 0 6 0 0 0 0 4 0 0 5 5 0 0 5 0 6 0 0 0 0 0 6 0 0 0 6 0 5 0 0 0 7 0 0 0 0 0 0 0 0 0 5 0 0 0 5 0 5 7 6 5 5 0 0 6
Last Time Cost: 00013789 ms
Total Time Cost: 00477887 ms
Total Distance 103: 0 0 5 0 6 0 0 0 0 3 0 0 5 5 0 0 5 0 6 0 0 0 0 0 6 0 0 0 6 0 5 0 0 0 7 0 0 0 0 0 0 0 0 0 5 0 0 0 5 0 5 7 6 5 5 0 0 6
Last Time Cost: 00000005 ms
Total Time Cost: 00477892 ms
Total Distance 102: 0 0 5 0 6 0 0 0 0 2 0 0 5 5 0 0 5 0 6 0 0 0 0 0 6 0 0 0 6 0 5 0 0 0 7 0 0 0 0 0 0 0 0 0 5 0 0 0 5 0 5 7 6 5 5 0 0 6
Last Time Cost: 00000004 ms
Total Time Cost: 00477896 ms
Total Distance 101: 0 0 5 0 6 0 0 0 0 1 0 0 5 5 0 0 5 0 6 0 0 0 0 0 6 0 0 0 6 0 5 0 0 0 7 0 0 0 0 0 0 0 0 0 5 0 0 0 5 0 5 7 6 5 5 0 0 6
Last Time Cost: 00000003 ms
Total Time Cost: 00477899 ms
Total Distance 100: 0 0 5 0 6 0 0 0 0 0 0 0 5 5 0 0 5 0 6 0 0 0 0 0 6 0 0 0 6 0 5 0 0 0 7 0 0 0 0 0 0 0 0 0 5 0 0 0 5 0 5 7 6 5 5 0 0 6
Last Time Cost: 00015281 ms
Total Time Cost: 00493180 ms
Total Distance 99: 0 0 5 0 6 0 0 0 0 0 0 0 5 5 0 0 5 0 6 0 0 0 0 0 6 0 0 0 6 0 5 0 0 0 7 0 0 0 0 0 0 0 0 0 5 0 0 0 5 0 4 7 6 5 5 0 0 6
Last Time Cost: 00000007 ms
Total Time Cost: 00493187 ms
Total Distance 98: 0 0 5 0 6 0 0 0 0 0 0 0 5 5 0 0 5 0 6 0 0 0 0 0 6 0 0 0 6 0 5 0 0 0 7 0 0 0 0 0 0 0 0 0 5 0 0 0 5 0 3 7 6 5 5 0 0 6
Last Time Cost: 00000005 ms
Total Time Cost: 00493192 ms
Total Distance 97: 0 0 5 0 6 0 0 0 0 0 0 0 5 5 0 0 5 0 6 0 0 0 0 0 6 0 0 0 6 0 5 0 0 0 7 0 0 0 0 0 0 0 0 0 5 0 0 0 5 0 2 7 6 5 5 0 0 6
Last Time Cost: 00000004 ms
Total Time Cost: 00493196 ms
Total Distance 96: 0 0 5 0 6 0 0 0 0 0 0 0 5 5 0 0 5 0 6 0 0 0 0 0 6 0 0 0 6 0 5 0 0 0 7 0 0 0 0 0 0 0 0 0 5 0 0 0 5 0 1 7 6 5 5 0 0 6
Last Time Cost: 00000003 ms
Total Time Cost: 00493199 ms
Total Distance 95: 0 0 5 0 6 0 0 0 0 0 0 0 5 5 0 0 5 0 6 0 0 0 0 0 6 0 0 0 6 0 5 0 0 0 7 0 0 0 0 0 0 0 0 0 5 0 0 0 5 0 0 7 6 5 5 0 0 6
Last Time Cost: 00016590 ms
Total Time Cost: 00509789 ms
Total Distance 94: 0 0 5 0 6 0 0 0 0 0 0 0 5 5 0 0 5 0 6 0 0 0 0 0 6 0 0 0 6 0 4 0 0 0 7 0 0 0 0 0 0 0 0 0 5 0 0 0 5 0 0 7 6 5 5 0 0 6
Last Time Cost: 00000008 ms
Total Time Cost: 00509797 ms
Total Distance 93: 0 0 5 0 6 0 0 0 0 0 0 0 5 5 0 0 5 0 6 0 0 0 0 0 6 0 0 0 6 0 3 0 0 0 7 0 0 0 0 0 0 0 0 0 5 0 0 0 5 0 0 7 6 5 5 0 0 6
Last Time Cost: 00000008 ms
Total Time Cost: 00509805 ms
Total Distance 92: 0 0 5 0 6 0 0 0 0 0 0 0 5 5 0 0 5 0 6 0 0 0 0 0 6 0 0 0 6 0 2 0 0 0 7 0 0 0 0 0 0 0 0 0 5 0 0 0 5 0 0 7 6 5 5 0 0 6
Last Time Cost: 00000006 ms
Total Time Cost: 00509811 ms
Total Distance 91: 0 0 5 0 6 0 0 0 0 0 0 0 5 5 0 0 5 0 6 0 0 0 0 0 6 0 0 0 6 0 1 0 0 0 7 0 0 0 0 0 0 0 0 0 5 0 0 0 5 0 0 7 6 5 5 0 0 6
Last Time Cost: 00000004 ms
Total Time Cost: 00509815 ms
Total Distance 90: 0 0 5 0 6 0 0 0 0 0 0 0 5 5 0 0 5 0 6 0 0 0 0 0 6 0 0 0 6 0 0 0 0 0 7 0 0 0 0 0 0 0 0 0 5 0 0 0 5 0 0 7 6 5 5 0 0 6
Last Time Cost: 00018246 ms
Total Time Cost: 00528061 ms
Total Distance 88: 0 0 5 0 6 0 0 0 0 0 0 0 5 5 0 0 5 0 5 0 0 0 0 0 6 0 0 0 5 0 0 0 0 0 7 0 0 0 0 0 0 0 0 0 5 0 0 0 5 0 0 7 6 5 5 0 0 6
Last Time Cost: 00018132 ms
Total Time Cost: 00546193 ms
Total Distance 87: 0 0 5 0 6 0 0 0 0 0 0 0 4 5 0 0 5 0 5 0 0 0 0 0 6 0 0 0 5 0 0 0 0 0 7 0 0 0 0 0 0 0 0 0 5 0 0 0 5 0 0 7 6 5 5 0 0 6
Last Time Cost: 00000011 ms
Total Time Cost: 00546204 ms
Total Distance 86: 0 0 5 0 6 0 0 0 0 0 0 0 3 5 0 0 5 0 5 0 0 0 0 0 6 0 0 0 5 0 0 0 0 0 7 0 0 0 0 0 0 0 0 0 5 0 0 0 5 0 0 7 6 5 5 0 0 6
Last Time Cost: 00000007 ms
Total Time Cost: 00546211 ms
Total Distance 85: 0 0 5 0 6 0 0 0 0 0 0 0 2 5 0 0 5 0 5 0 0 0 0 0 6 0 0 0 5 0 0 0 0 0 7 0 0 0 0 0 0 0 0 0 5 0 0 0 5 0 0 7 6 5 5 0 0 6
Last Time Cost: 00000006 ms
Total Time Cost: 00546217 ms
Total Distance 84: 0 0 5 0 6 0 0 0 0 0 0 0 1 5 0 0 5 0 5 0 0 0 0 0 6 0 0 0 5 0 0 0 0 0 7 0 0 0 0 0 0 0 0 0 5 0 0 0 5 0 0 7 6 5 5 0 0 6
Last Time Cost: 00000006 ms
Total Time Cost: 00546223 ms
Total Distance 83: 0 0 5 0 6 0 0 0 0 0 0 0 0 5 0 0 5 0 5 0 0 0 0 0 6 0 0 0 5 0 0 0 0 0 7 0 0 0 0 0 0 0 0 0 5 0 0 0 5 0 0 7 6 5 5 0 0 6
Last Time Cost: 00020172 ms
Total Time Cost: 00566395 ms
Total Distance 82: 0 0 5 0 6 0 0 0 0 0 0 0 0 5 0 0 5 0 5 0 0 0 0 0 6 0 0 0 5 0 0 0 0 0 7 0 0 0 0 0 0 0 0 0 5 0 0 0 5 0 0 7 6 5 4 0 0 6
Last Time Cost: 00000008 ms
Total Time Cost: 00566403 ms
Total Distance 81: 0 0 5 0 6 0 0 0 0 0 0 0 0 5 0 0 5 0 5 0 0 0 0 0 6 0 0 0 5 0 0 0 0 0 7 0 0 0 0 0 0 0 0 0 5 0 0 0 5 0 0 7 6 5 3 0 0 6
Last Time Cost: 00000006 ms
Total Time Cost: 00566409 ms
Total Distance 80: 0 0 5 0 6 0 0 0 0 0 0 0 0 5 0 0 5 0 5 0 0 0 0 0 6 0 0 0 5 0 0 0 0 0 7 0 0 0 0 0 0 0 0 0 5 0 0 0 5 0 0 7 6 5 2 0 0 6
Last Time Cost: 00000005 ms
Total Time Cost: 00566414 ms
Total Distance 79: 0 0 5 0 6 0 0 0 0 0 0 0 0 5 0 0 5 0 5 0 0 0 0 0 6 0 0 0 5 0 0 0 0 0 7 0 0 0 0 0 0 0 0 0 5 0 0 0 5 0 0 7 6 5 1 0 0 6
Last Time Cost: 00000003 ms
Total Time Cost: 00566417 ms
Total Distance 78: 0 0 5 0 6 0 0 0 0 0 0 0 0 5 0 0 5 0 5 0 0 0 0 0 6 0 0 0 5 0 0 0 0 0 7 0 0 0 0 0 0 0 0 0 5 0 0 0 5 0 0 7 6 5 0 0 0 6
Last Time Cost: 00021573 ms
Total Time Cost: 00587990 ms
Total Distance 77: 0 0 5 0 6 0 0 0 0 0 0 0 0 5 0 0 5 0 4 0 0 0 0 0 6 0 0 0 5 0 0 0 0 0 7 0 0 0 0 0 0 0 0 0 5 0 0 0 5 0 0 7 6 5 0 0 0 6
Last Time Cost: 00000011 ms
Total Time Cost: 00588001 ms
Total Distance 76: 0 0 5 0 6 0 0 0 0 0 0 0 0 5 0 0 5 0 3 0 0 0 0 0 6 0 0 0 5 0 0 0 0 0 7 0 0 0 0 0 0 0 0 0 5 0 0 0 5 0 0 7 6 5 0 0 0 6
Last Time Cost: 00000007 ms
Total Time Cost: 00588008 ms
Total Distance 75: 0 0 5 0 6 0 0 0 0 0 0 0 0 5 0 0 5 0 2 0 0 0 0 0 6 0 0 0 5 0 0 0 0 0 7 0 0 0 0 0 0 0 0 0 5 0 0 0 5 0 0 7 6 5 0 0 0 6
Last Time Cost: 00000005 ms
Total Time Cost: 00588013 ms
Total Distance 74: 0 0 5 0 6 0 0 0 0 0 0 0 0 5 0 0 5 0 1 0 0 0 0 0 6 0 0 0 5 0 0 0 0 0 7 0 0 0 0 0 0 0 0 0 5 0 0 0 5 0 0 7 6 5 0 0 0 6
Last Time Cost: 00000004 ms
Total Time Cost: 00588017 ms
Total Distance 73: 0 0 5 0 6 0 0 0 0 0 0 0 0 5 0 0 5 0 0 0 0 0 0 0 6 0 0 0 5 0 0 0 0 0 7 0 0 0 0 0 0 0 0 0 5 0 0 0 5 0 0 7 6 5 0 0 0 6
Last Time Cost: 00024349 ms
Total Time Cost: 00612366 ms
Total Distance 72: 0 0 4 0 6 0 0 0 0 0 0 0 0 5 0 0 5 0 0 0 0 0 0 0 6 0 0 0 5 0 0 0 0 0 7 0 0 0 0 0 0 0 0 0 5 0 0 0 5 0 0 7 6 5 0 0 0 6
Last Time Cost: 00000009 ms
Total Time Cost: 00612375 ms
Total Distance 71: 0 0 3 0 6 0 0 0 0 0 0 0 0 5 0 0 5 0 0 0 0 0 0 0 6 0 0 0 5 0 0 0 0 0 7 0 0 0 0 0 0 0 0 0 5 0 0 0 5 0 0 7 6 5 0 0 0 6
Last Time Cost: 00000007 ms
Total Time Cost: 00612382 ms
Total Distance 70: 0 0 2 0 6 0 0 0 0 0 0 0 0 5 0 0 5 0 0 0 0 0 0 0 6 0 0 0 5 0 0 0 0 0 7 0 0 0 0 0 0 0 0 0 5 0 0 0 5 0 0 7 6 5 0 0 0 6
Last Time Cost: 00000005 ms
Total Time Cost: 00612387 ms
Total Distance 69: 0 0 1 0 6 0 0 0 0 0 0 0 0 5 0 0 5 0 0 0 0 0 0 0 6 0 0 0 5 0 0 0 0 0 7 0 0 0 0 0 0 0 0 0 5 0 0 0 5 0 0 7 6 5 0 0 0 6
Last Time Cost: 00000004 ms
Total Time Cost: 00612391 ms
Total Distance 68: 0 0 0 0 6 0 0 0 0 0 0 0 0 5 0 0 5 0 0 0 0 0 0 0 6 0 0 0 5 0 0 0 0 0 7 0 0 0 0 0 0 0 0 0 5 0 0 0 5 0 0 7 6 5 0 0 0 6
Last Time Cost: 00025350 ms
Total Time Cost: 00637741 ms
Total Distance 67: 0 0 0 0 6 0 0 0 0 0 0 0 0 5 0 0 5 0 0 0 0 0 0 0 6 0 0 0 5 0 0 0 0 0 7 0 0 0 0 0 0 0 0 0 5 0 0 0 4 0 0 7 6 5 0 0 0 6
Last Time Cost: 00000010 ms
Total Time Cost: 00637751 ms
Total Distance 66: 0 0 0 0 6 0 0 0 0 0 0 0 0 5 0 0 5 0 0 0 0 0 0 0 6 0 0 0 5 0 0 0 0 0 7 0 0 0 0 0 0 0 0 0 5 0 0 0 3 0 0 7 6 5 0 0 0 6
Last Time Cost: 00000009 ms
Total Time Cost: 00637760 ms
Total Distance 65: 0 0 0 0 6 0 0 0 0 0 0 0 0 5 0 0 5 0 0 0 0 0 0 0 6 0 0 0 5 0 0 0 0 0 7 0 0 0 0 0 0 0 0 0 5 0 0 0 2 0 0 7 6 5 0 0 0 6
Last Time Cost: 00000006 ms
Total Time Cost: 00637766 ms
Total Distance 64: 0 0 0 0 6 0 0 0 0 0 0 0 0 5 0 0 5 0 0 0 0 0 0 0 6 0 0 0 5 0 0 0 0 0 7 0 0 0 0 0 0 0 0 0 5 0 0 0 1 0 0 7 6 5 0 0 0 6
Last Time Cost: 00000004 ms
Total Time Cost: 00637770 ms
Total Distance 63: 0 0 0 0 6 0 0 0 0 0 0 0 0 5 0 0 5 0 0 0 0 0 0 0 6 0 0 0 5 0 0 0 0 0 7 0 0 0 0 0 0 0 0 0 5 0 0 0 0 0 0 7 6 5 0 0 0 6
Last Time Cost: 00027559 ms
Total Time Cost: 00665329 ms
Total Distance 62: 0 0 0 0 6 0 0 0 0 0 0 0 0 5 0 0 5 0 0 0 0 0 0 0 6 0 0 0 5 0 0 0 0 0 7 0 0 0 0 0 0 0 0 0 4 0 0 0 0 0 0 7 6 5 0 0 0 6
Last Time Cost: 00000010 ms
Total Time Cost: 00665339 ms
Total Distance 60: 0 0 0 0 6 0 0 0 0 0 0 0 0 5 0 0 5 0 0 0 0 0 0 0 6 0 0 0 5 0 0 0 0 0 7 0 0 0 0 0 0 0 0 0 3 0 0 0 0 0 0 6 6 5 0 0 0 6
Last Time Cost: 00015609 ms
Total Time Cost: 00680948 ms
Total Distance 59: 0 0 0 0 6 0 0 0 0 0 0 0 0 5 0 0 5 0 0 0 0 0 0 0 6 0 0 0 5 0 0 0 0 0 7 0 0 0 0 0 0 0 0 0 2 0 0 0 0 0 0 6 6 5 0 0 0 6
Last Time Cost: 00000008 ms
Total Time Cost: 00680956 ms
Total Distance 58: 0 0 0 0 6 0 0 0 0 0 0 0 0 5 0 0 5 0 0 0 0 0 0 0 6 0 0 0 5 0 0 0 0 0 7 0 0 0 0 0 0 0 0 0 1 0 0 0 0 0 0 6 6 5 0 0 0 6
Last Time Cost: 00000004 ms
Total Time Cost: 00680960 ms
Total Distance 57: 0 0 0 0 6 0 0 0 0 0 0 0 0 5 0 0 5 0 0 0 0 0 0 0 6 0 0 0 5 0 0 0 0 0 7 0 0 0 0 0 0 0 0 0 0 0 0 0 0 0 0 6 6 5 0 0 0 6
Last Time Cost: 00017316 ms
Total Time Cost: 00698276 ms
Total Distance 56: 0 0 0 0 6 0 0 0 0 0 0 0 0 5 0 0 5 0 0 0 0 0 0 0 6 0 0 0 5 0 0 0 0 0 7 0 0 0 0 0 0 0 0 0 0 0 0 0 0 0 0 6 6 4 0 0 0 6
Last Time Cost: 00000011 ms
Total Time Cost: 00698287 ms
Total Distance 55: 0 0 0 0 6 0 0 0 0 0 0 0 0 5 0 0 5 0 0 0 0 0 0 0 6 0 0 0 5 0 0 0 0 0 7 0 0 0 0 0 0 0 0 0 0 0 0 0 0 0 0 6 6 3 0 0 0 6
Last Time Cost: 00000006 ms
Total Time Cost: 00698293 ms
Total Distance 54: 0 0 0 0 6 0 0 0 0 0 0 0 0 5 0 0 5 0 0 0 0 0 0 0 6 0 0 0 5 0 0 0 0 0 7 0 0 0 0 0 0 0 0 0 0 0 0 0 0 0 0 6 6 2 0 0 0 6
Last Time Cost: 00000006 ms
Total Time Cost: 00698299 ms
Total Distance 53: 0 0 0 0 6 0 0 0 0 0 0 0 0 5 0 0 5 0 0 0 0 0 0 0 6 0 0 0 5 0 0 0 0 0 7 0 0 0 0 0 0 0 0 0 0 0 0 0 0 0 0 6 6 1 0 0 0 6
Last Time Cost: 00000005 ms
Total Time Cost: 00698304 ms
Total Distance 52: 0 0 0 0 6 0 0 0 0 0 0 0 0 5 0 0 5 0 0 0 0 0 0 0 6 0 0 0 5 0 0 0 0 0 7 0 0 0 0 0 0 0 0 0 0 0 0 0 0 0 0 6 6 0 0 0 0 6
Last Time Cost: 00018813 ms
Total Time Cost: 00717117 ms
Total Distance 51: 0 0 0 0 6 0 0 0 0 0 0 0 0 4 0 0 5 0 0 0 0 0 0 0 6 0 0 0 5 0 0 0 0 0 7 0 0 0 0 0 0 0 0 0 0 0 0 0 0 0 0 6 6 0 0 0 0 6
Last Time Cost: 00000008 ms
Total Time Cost: 00717125 ms
Total Distance 50: 0 0 0 0 6 0 0 0 0 0 0 0 0 3 0 0 5 0 0 0 0 0 0 0 6 0 0 0 5 0 0 0 0 0 7 0 0 0 0 0 0 0 0 0 0 0 0 0 0 0 0 6 6 0 0 0 0 6
Last Time Cost: 00000006 ms
Total Time Cost: 00717131 ms
Total Distance 49: 0 0 0 0 6 0 0 0 0 0 0 0 0 2 0 0 5 0 0 0 0 0 0 0 6 0 0 0 5 0 0 0 0 0 7 0 0 0 0 0 0 0 0 0 0 0 0 0 0 0 0 6 6 0 0 0 0 6
Last Time Cost: 00000005 ms
Total Time Cost: 00717136 ms
Total Distance 48: 0 0 0 0 6 0 0 0 0 0 0 0 0 1 0 0 5 0 0 0 0 0 0 0 6 0 0 0 5 0 0 0 0 0 7 0 0 0 0 0 0 0 0 0 0 0 0 0 0 0 0 6 6 0 0 0 0 6
Last Time Cost: 00000004 ms
Total Time Cost: 00717140 ms
Total Distance 47: 0 0 0 0 6 0 0 0 0 0 0 0 0 0 0 0 5 0 0 0 0 0 0 0 6 0 0 0 5 0 0 0 0 0 7 0 0 0 0 0 0 0 0 0 0 0 0 0 0 0 0 6 6 0 0 0 0 6
Last Time Cost: 00022883 ms
Total Time Cost: 00740023 ms
Total Distance 46: 0 0 0 0 6 0 0 0 0 0 0 0 0 0 0 0 5 0 0 0 0 0 0 0 6 0 0 0 4 0 0 0 0 0 7 0 0 0 0 0 0 0 0 0 0 0 0 0 0 0 0 6 6 0 0 0 0 6
Last Time Cost: 00000008 ms
Total Time Cost: 00740031 ms
Total Distance 45: 0 0 0 0 6 0 0 0 0 0 0 0 0 0 0 0 5 0 0 0 0 0 0 0 6 0 0 0 3 0 0 0 0 0 7 0 0 0 0 0 0 0 0 0 0 0 0 0 0 0 0 6 6 0 0 0 0 6
Last Time Cost: 00000006 ms
Total Time Cost: 00740037 ms
Total Distance 44: 0 0 0 0 6 0 0 0 0 0 0 0 0 0 0 0 5 0 0 0 0 0 0 0 6 0 0 0 2 0 0 0 0 0 7 0 0 0 0 0 0 0 0 0 0 0 0 0 0 0 0 6 6 0 0 0 0 6
Last Time Cost: 00000006 ms
Total Time Cost: 00740043 ms
Total Distance 43: 0 0 0 0 6 0 0 0 0 0 0 0 0 0 0 0 5 0 0 0 0 0 0 0 6 0 0 0 1 0 0 0 0 0 7 0 0 0 0 0 0 0 0 0 0 0 0 0 0 0 0 6 6 0 0 0 0 6
Last Time Cost: 00000005 ms
Total Time Cost: 00740048 ms
Total Distance 42: 0 0 0 0 6 0 0 0 0 0 0 0 0 0 0 0 5 0 0 0 0 0 0 0 6 0 0 0 0 0 0 0 0 0 7 0 0 0 0 0 0 0 0 0 0 0 0 0 0 0 0 6 6 0 0 0 0 6
Last Time Cost: 00023193 ms
Total Time Cost: 00763241 ms
Total Distance 41: 0 0 0 0 6 0 0 0 0 0 0 0 0 0 0 0 4 0 0 0 0 0 0 0 6 0 0 0 0 0 0 0 0 0 7 0 0 0 0 0 0 0 0 0 0 0 0 0 0 0 0 6 6 0 0 0 0 6
Last Time Cost: 00000008 ms
Total Time Cost: 00763249 ms
Total Distance 40: 0 0 0 0 6 0 0 0 0 0 0 0 0 0 0 0 3 0 0 0 0 0 0 0 6 0 0 0 0 0 0 0 0 0 7 0 0 0 0 0 0 0 0 0 0 0 0 0 0 0 0 6 6 0 0 0 0 6
Last Time Cost: 00000007 ms
Total Time Cost: 00763256 ms
Total Distance 39: 0 0 0 0 6 0 0 0 0 0 0 0 0 0 0 0 2 0 0 0 0 0 0 0 6 0 0 0 0 0 0 0 0 0 7 0 0 0 0 0 0 0 0 0 0 0 0 0 0 0 0 6 6 0 0 0 0 6
Last Time Cost: 00000006 ms
Total Time Cost: 00763262 ms
Total Distance 38: 0 0 0 0 6 0 0 0 0 0 0 0 0 0 0 0 1 0 0 0 0 0 0 0 6 0 0 0 0 0 0 0 0 0 7 0 0 0 0 0 0 0 0 0 0 0 0 0 0 0 0 6 6 0 0 0 0 6
Last Time Cost: 00000005 ms
Total Time Cost: 00763267 ms
Total Distance 37: 0 0 0 0 6 0 0 0 0 0 0 0 0 0 0 0 0 0 0 0 0 0 0 0 6 0 0 0 0 0 0 0 0 0 7 0 0 0 0 0 0 0 0 0 0 0 0 0 0 0 0 6 6 0 0 0 0 6
Last Time Cost: 00025209 ms
Total Time Cost: 00788476 ms
Total Distance 36: 0 0 0 0 6 0 0 0 0 0 0 0 0 0 0 0 0 0 0 0 0 0 0 0 6 0 0 0 0 0 0 0 0 0 7 0 0 0 0 0 0 0 0 0 0 0 0 0 0 0 0 6 6 0 0 0 0 5
Last Time Cost: 00000108 ms
Total Time Cost: 00788584 ms
Total Distance 35: 0 0 0 0 6 0 0 0 0 0 0 0 0 0 0 0 0 0 0 0 0 0 0 0 6 0 0 0 0 0 0 0 0 0 7 0 0 0 0 0 0 0 0 0 0 0 0 0 0 0 0 6 6 0 0 0 0 4
Last Time Cost: 00000008 ms
Total Time Cost: 00788592 ms
Total Distance 34: 0 0 0 0 6 0 0 0 0 0 0 0 0 0 0 0 0 0 0 0 0 0 0 0 6 0 0 0 0 0 0 0 0 0 7 0 0 0 0 0 0 0 0 0 0 0 0 0 0 0 0 6 6 0 0 0 0 3
Last Time Cost: 00000007 ms
Total Time Cost: 00788599 ms
Total Distance 33: 0 0 0 0 6 0 0 0 0 0 0 0 0 0 0 0 0 0 0 0 0 0 0 0 6 0 0 0 0 0 0 0 0 0 7 0 0 0 0 0 0 0 0 0 0 0 0 0 0 0 0 6 6 0 0 0 0 2
Last Time Cost: 00000006 ms
Total Time Cost: 00788605 ms
Total Distance 32: 0 0 0 0 6 0 0 0 0 0 0 0 0 0 0 0 0 0 0 0 0 0 0 0 6 0 0 0 0 0 0 0 0 0 7 0 0 0 0 0 0 0 0 0 0 0 0 0 0 0 0 6 6 0 0 0 0 1
Last Time Cost: 00000005 ms
Total Time Cost: 00788610 ms
Total Distance 31: 0 0 0 0 6 0 0 0 0 0 0 0 0 0 0 0 0 0 0 0 0 0 0 0 6 0 0 0 0 0 0 0 0 0 7 0 0 0 0 0 0 0 0 0 0 0 0 0 0 0 0 6 6 0 0 0 0 0
Last Time Cost: 00027694 ms
Total Time Cost: 00816304 ms
Total Distance 30: 0 0 0 0 6 0 0 0 0 0 0 0 0 0 0 0 0 0 0 0 0 0 0 0 6 0 0 0 0 0 0 0 0 0 7 0 0 0 0 0 0 0 0 0 0 0 0 0 0 0 0 6 5 0 0 0 0 0
Last Time Cost: 00000117 ms
Total Time Cost: 00816421 ms
Total Distance 29: 0 0 0 0 6 0 0 0 0 0 0 0 0 0 0 0 0 0 0 0 0 0 0 0 6 0 0 0 0 0 0 0 0 0 7 0 0 0 0 0 0 0 0 0 0 0 0 0 0 0 0 6 4 0 0 0 0 0
Last Time Cost: 00000009 ms
Total Time Cost: 00816430 ms
Total Distance 28: 0 0 0 0 6 0 0 0 0 0 0 0 0 0 0 0 0 0 0 0 0 0 0 0 6 0 0 0 0 0 0 0 0 0 7 0 0 0 0 0 0 0 0 0 0 0 0 0 0 0 0 6 3 0 0 0 0 0
Last Time Cost: 00000007 ms
Total Time Cost: 00816437 ms
Total Distance 27: 0 0 0 0 6 0 0 0 0 0 0 0 0 0 0 0 0 0 0 0 0 0 0 0 6 0 0 0 0 0 0 0 0 0 7 0 0 0 0 0 0 0 0 0 0 0 0 0 0 0 0 6 2 0 0 0 0 0
Last Time Cost: 00000006 ms
Total Time Cost: 00816443 ms
Total Distance 26: 0 0 0 0 6 0 0 0 0 0 0 0 0 0 0 0 0 0 0 0 0 0 0 0 6 0 0 0 0 0 0 0 0 0 7 0 0 0 0 0 0 0 0 0 0 0 0 0 0 0 0 6 1 0 0 0 0 0
Last Time Cost: 00000005 ms
Total Time Cost: 00816448 ms
Total Distance 25: 0 0 0 0 6 0 0 0 0 0 0 0 0 0 0 0 0 0 0 0 0 0 0 0 6 0 0 0 0 0 0 0 0 0 7 0 0 0 0 0 0 0 0 0 0 0 0 0 0 0 0 6 0 0 0 0 0 0
Last Time Cost: 00030185 ms
Total Time Cost: 00846633 ms
Total Distance 24: 0 0 0 0 6 0 0 0 0 0 0 0 0 0 0 0 0 0 0 0 0 0 0 0 6 0 0 0 0 0 0 0 0 0 7 0 0 0 0 0 0 0 0 0 0 0 0 0 0 0 0 5 0 0 0 0 0 0
Last Time Cost: 00000127 ms
Total Time Cost: 00846760 ms
Total Distance 23: 0 0 0 0 6 0 0 0 0 0 0 0 0 0 0 0 0 0 0 0 0 0 0 0 6 0 0 0 0 0 0 0 0 0 7 0 0 0 0 0 0 0 0 0 0 0 0 0 0 0 0 4 0 0 0 0 0 0
Last Time Cost: 00000012 ms
Total Time Cost: 00846772 ms
Total Distance 22: 0 0 0 0 6 0 0 0 0 0 0 0 0 0 0 0 0 0 0 0 0 0 0 0 6 0 0 0 0 0 0 0 0 0 7 0 0 0 0 0 0 0 0 0 0 0 0 0 0 0 0 3 0 0 0 0 0 0
Last Time Cost: 00000008 ms
Total Time Cost: 00846780 ms
Total Distance 21: 0 0 0 0 6 0 0 0 0 0 0 0 0 0 0 0 0 0 0 0 0 0 0 0 6 0 0 0 0 0 0 0 0 0 7 0 0 0 0 0 0 0 0 0 0 0 0 0 0 0 0 2 0 0 0 0 0 0
Last Time Cost: 00000007 ms
Total Time Cost: 00846787 ms
Total Distance 20: 0 0 0 0 6 0 0 0 0 0 0 0 0 0 0 0 0 0 0 0 0 0 0 0 6 0 0 0 0 0 0 0 0 0 7 0 0 0 0 0 0 0 0 0 0 0 0 0 0 0 0 1 0 0 0 0 0 0
Last Time Cost: 00000006 ms
Total Time Cost: 00846793 ms
Total Distance 19: 0 0 0 0 6 0 0 0 0 0 0 0 0 0 0 0 0 0 0 0 0 0 0 0 6 0 0 0 0 0 0 0 0 0 7 0 0 0 0 0 0 0 0 0 0 0 0 0 0 0 0 0 0 0 0 0 0 0
Last Time Cost: 00037608 ms
Total Time Cost: 00884401 ms
Total Distance 18: 0 0 0 0 5 0 0 0 0 0 0 0 0 0 0 0 0 0 0 0 0 0 0 0 6 0 0 0 0 0 0 0 0 0 7 0 0 0 0 0 0 0 0 0 0 0 0 0 0 0 0 0 0 0 0 0 0 0
Last Time Cost: 00000138 ms
Total Time Cost: 00884539 ms
Total Distance 17: 0 0 0 0 4 0 0 0 0 0 0 0 0 0 0 0 0 0 0 0 0 0 0 0 6 0 0 0 0 0 0 0 0 0 7 0 0 0 0 0 0 0 0 0 0 0 0 0 0 0 0 0 0 0 0 0 0 0
Last Time Cost: 00000010 ms
Total Time Cost: 00884549 ms
Total Distance 16: 0 0 0 0 3 0 0 0 0 0 0 0 0 0 0 0 0 0 0 0 0 0 0 0 6 0 0 0 0 0 0 0 0 0 7 0 0 0 0 0 0 0 0 0 0 0 0 0 0 0 0 0 0 0 0 0 0 0
Last Time Cost: 00000008 ms
Total Time Cost: 00884557 ms
Total Distance 15: 0 0 0 0 2 0 0 0 0 0 0 0 0 0 0 0 0 0 0 0 0 0 0 0 6 0 0 0 0 0 0 0 0 0 7 0 0 0 0 0 0 0 0 0 0 0 0 0 0 0 0 0 0 0 0 0 0 0
Last Time Cost: 00000007 ms
Total Time Cost: 00884564 ms
Total Distance 14: 0 0 0 0 1 0 0 0 0 0 0 0 0 0 0 0 0 0 0 0 0 0 0 0 6 0 0 0 0 0 0 0 0 0 7 0 0 0 0 0 0 0 0 0 0 0 0 0 0 0 0 0 0 0 0 0 0 0
Last Time Cost: 00000006 ms
Total Time Cost: 00884570 ms
Total Distance 13: 0 0 0 0 0 0 0 0 0 0 0 0 0 0 0 0 0 0 0 0 0 0 0 0 6 0 0 0 0 0 0 0 0 0 7 0 0 0 0 0 0 0 0 0 0 0 0 0 0 0 0 0 0 0 0 0 0 0
Last Time Cost: 00042561 ms
Total Time Cost: 00927131 ms
Total Distance 12: 0 0 0 0 0 0 0 0 0 0 0 0 0 0 0 0 0 0 0 0 0 0 0 0 5 0 0 0 0 0 0 0 0 0 7 0 0 0 0 0 0 0 0 0 0 0 0 0 0 0 0 0 0 0 0 0 0 0
Last Time Cost: 00000145 ms
Total Time Cost: 00927276 ms
Total Distance 11: 0 0 0 0 0 0 0 0 0 0 0 0 0 0 0 0 0 0 0 0 0 0 0 0 4 0 0 0 0 0 0 0 0 0 7 0 0 0 0 0 0 0 0 0 0 0 0 0 0 0 0 0 0 0 0 0 0 0
Last Time Cost: 00000011 ms
Total Time Cost: 00927287 ms
Total Distance 10: 0 0 0 0 0 0 0 0 0 0 0 0 0 0 0 0 0 0 0 0 0 0 0 0 3 0 0 0 0 0 0 0 0 0 7 0 0 0 0 0 0 0 0 0 0 0 0 0 0 0 0 0 0 0 0 0 0 0
Last Time Cost: 00000009 ms
Total Time Cost: 00927296 ms
Total Distance 9: 0 0 0 0 0 0 0 0 0 0 0 0 0 0 0 0 0 0 0 0 0 0 0 0 2 0 0 0 0 0 0 0 0 0 7 0 0 0 0 0 0 0 0 0 0 0 0 0 0 0 0 0 0 0 0 0 0 0
Last Time Cost: 00000008 ms
Total Time Cost: 00927304 ms
Total Distance 8: 0 0 0 0 0 0 0 0 0 0 0 0 0 0 0 0 0 0 0 0 0 0 0 0 1 0 0 0 0 0 0 0 0 0 7 0 0 0 0 0 0 0 0 0 0 0 0 0 0 0 0 0 0 0 0 0 0 0
Last Time Cost: 00000006 ms
Total Time Cost: 00927310 ms
Total Distance 7: 0 0 0 0 0 0 0 0 0 0 0 0 0 0 0 0 0 0 0 0 0 0 0 0 0 0 0 0 0 0 0 0 0 0 7 0 0 0 0 0 0 0 0 0 0 0 0 0 0 0 0 0 0 0 0 0 0 0
Last Time Cost: 00043664 ms
Total Time Cost: 00970974 ms
Total Distance 6: 0 0 0 0 0 0 0 0 0 0 0 0 0 0 0 0 0 0 0 0 0 0 0 0 0 0 0 0 0 0 0 0 0 0 6 0 0 0 0 0 0 0 0 0 0 0 0 0 0 0 0 0 0 0 0 0 0 0
Last Time Cost: 00000334 ms
Total Time Cost: 00971308 ms
Total Distance 5: 0 0 0 0 0 0 0 0 0 0 0 0 0 0 0 0 0 0 0 0 0 0 0 0 0 0 0 0 0 0 0 0 0 0 5 0 0 0 0 0 0 0 0 0 0 0 0 0 0 0 0 0 0 0 0 0 0 0
Last Time Cost: 00000146 ms
Total Time Cost: 00971454 ms
Total Distance 4: 0 0 0 0 0 0 0 0 0 0 0 0 0 0 0 0 0 0 0 0 0 0 0 0 0 0 0 0 0 0 0 0 0 0 4 0 0 0 0 0 0 0 0 0 0 0 0 0 0 0 0 0 0 0 0 0 0 0
Last Time Cost: 00000001 ms
Total Time Cost: 00971455 ms
Total Distance 3: 0 0 0 0 0 0 0 0 0 0 0 0 0 0 0 0 0 0 0 0 0 0 0 0 0 0 0 0 0 0 0 0 0 0 3 0 0 0 0 0 0 0 0 0 0 0 0 0 0 0 0 0 0 0 0 0 0 0
Last Time Cost: 00000001 ms
Total Time Cost: 00971456 ms
Total Distance 2: 0 0 0 0 0 0 0 0 0 0 0 0 0 0 0 0 0 0 0 0 0 0 0 0 0 0 0 0 0 0 0 0 0 0 2 0 0 0 0 0 0 0 0 0 0 0 0 0 0 0 0 0 0 0 0 0 0 0
Last Time Cost: 00000000 ms
Total Time Cost: 00971456 ms
Total Distance 1: 0 0 0 0 0 0 0 0 0 0 0 0 0 0 0 0 0 0 0 0 0 0 0 0 0 0 0 0 0 0 0 0 0 0 1 0 0 0 0 0 0 0 0 0 0 0 0 0 0 0 0 0 0 0 0 0 0 0
Last Time Cost: 00000000 ms
Total Time Cost: 00971456 ms
Total Distance 0: 0 0 0 0 0 0 0 0 0 0 0 0 0 0 0 0 0 0 0 0 0 0 0 0 0 0 0 0 0 0 0 0 0 0 0 0 0 0 0 0 0 0 0 0 0 0 0 0 0 0 0 0 0 0 0 0 0 0
