Last Time Cost: 00000000 ms
Total Time Cost: 00000000 ms
Total Distance 440: 12 12 12 12 12 12 12 12 12 12 10 10 10 10 10 10 10 10 10 10 11 11 11 11 11 11 11 11 11 11 11 11 11 11 11 11 11 11 11 11
Last Time Cost: 00000360 ms
Total Time Cost: 00000360 ms
Total Distance 431: 12 12 12 12 12 12 12 12 12 11 10 9 10 10 9 10 10 9 10 10 11 11 11 11 11 11 10 10 10 10 11 11 11 10 11 11 11 11 11 11
Last Time Cost: 00000380 ms
Total Time Cost: 00000740 ms
Total Distance 423: 11 12 12 12 12 12 12 12 12 11 10 9 10 10 9 9 10 9 10 10 10 11 11 10 11 11 9 10 10 10 11 11 11 9 11 11 10 11 11 10
Last Time Cost: 00000403 ms
Total Time Cost: 00001143 ms
Total Distance 415: 11 12 12 12 12 11 12 12 11 11 10 9 10 10 9 8 10 9 10 10 10 11 11 10 11 10 9 9 10 10 11 11 11 9 10 11 10 11 10 9
Last Time Cost: 00000417 ms
Total Time Cost: 00001560 ms
Total Distance 407: 11 12 12 12 12 11 11 12 11 11 10 9 10 10 9 8 10 9 10 10 9 11 11 10 11 10 9 9 10 9 10 10 10 9 10 11 10 10 10 8
Last Time Cost: 00000412 ms
Total Time Cost: 00001972 ms
Total Distance 399: 11 11 11 11 12 11 11 12 11 11 10 9 10 10 9 8 9 9 10 10 9 11 11 10 10 9 9 9 9 9 10 10 9 9 10 11 10 10 10 8
Last Time Cost: 00000454 ms
Total Time Cost: 00002426 ms
Total Distance 392: 10 10 11 11 12 11 11 12 11 11 9 9 10 10 9 8 9 9 10 9 9 11 11 9 10 9 9 8 9 9 10 10 9 8 10 11 10 10 10 8
Last Time Cost: 00000466 ms
Total Time Cost: 00002892 ms
Total Distance 385: 10 9 11 11 11 11 11 12 11 11 9 8 9 10 8 8 9 9 10 9 9 10 11 9 10 9 9 8 9 9 10 10 9 8 10 11 9 10 10 8
Last Time Cost: 00000496 ms
Total Time Cost: 00003388 ms
Total Distance 378: 10 9 10 10 10 11 10 11 11 11 9 8 8 10 8 8 9 9 10 9 9 10 11 9 10 9 9 8 9 9 10 10 9 8 10 11 8 10 10 8
Last Time Cost: 00000399 ms
Total Time Cost: 00003787 ms
Total Distance 372: 10 8 10 10 10 11 10 11 11 11 8 7 8 10 8 7 9 9 10 9 9 9 11 9 10 9 9 8 9 9 10 10 9 8 10 11 8 10 9 8
Last Time Cost: 00000448 ms
Total Time Cost: 00004235 ms
Total Distance 366: 10 8 10 10 10 11 10 11 11 11 8 7 7 10 8 7 9 9 10 9 9 8 10 8 10 9 8 8 8 9 10 10 9 8 10 11 8 10 9 8
Last Time Cost: 00000450 ms
Total Time Cost: 00004685 ms
Total Distance 360: 10 8 9 10 9 11 10 11 11 10 8 7 7 10 8 7 9 8 10 9 9 8 10 8 10 8 8 8 8 9 10 10 9 8 10 11 8 10 8 8
Last Time Cost: 00000442 ms
Total Time Cost: 00005127 ms
Total Distance 354: 10 8 8 10 9 10 10 11 11 10 8 7 7 10 8 7 9 8 10 9 9 8 9 8 10 8 8 8 8 9 9 10 8 8 9 11 8 10 8 8
Last Time Cost: 00000412 ms
Total Time Cost: 00005539 ms
Total Distance 348: 10 8 8 9 9 10 10 11 11 9 8 7 7 9 8 7 9 8 9 8 9 8 9 8 10 8 8 8 8 9 9 10 8 8 9 11 8 9 8 8
Last Time Cost: 00000456 ms
Total Time Cost: 00005995 ms
Total Distance 343: 10 8 8 9 9 9 10 11 11 9 8 7 7 9 7 7 9 8 9 8 9 8 9 8 10 7 8 7 8 9 9 10 8 8 9 11 8 9 7 8
Last Time Cost: 00000515 ms
Total Time Cost: 00006510 ms
Total Distance 338: 10 7 8 9 9 9 10 11 10 9 8 7 7 9 7 7 8 8 9 8 9 8 9 8 10 7 7 7 8 9 9 10 7 8 9 11 8 9 7 8
Last Time Cost: 00000470 ms
Total Time Cost: 00006980 ms
Total Distance 333: 10 7 8 9 8 9 10 11 10 8 8 7 7 8 6 7 8 8 9 8 9 8 9 8 10 7 7 7 8 9 9 10 7 8 9 10 8 9 7 8
Last Time Cost: 00000358 ms
Total Time Cost: 00007338 ms
Total Distance 328: 10 7 8 9 8 9 9 11 10 8 8 7 7 8 6 7 8 8 9 8 8 8 9 8 10 7 7 7 8 8 8 9 7 8 9 10 8 9 7 8
Last Time Cost: 00000362 ms
Total Time Cost: 00007700 ms
Total Distance 323: 10 7 8 9 8 9 9 11 10 8 8 7 7 8 6 7 7 8 8 8 8 8 9 8 10 7 7 7 7 8 8 9 7 8 9 9 7 9 7 8
Last Time Cost: 00000392 ms
Total Time Cost: 00008092 ms
Total Distance 319: 10 7 8 9 8 8 9 11 10 8 8 7 7 8 6 7 7 8 8 8 8 8 9 8 10 7 7 6 7 8 8 8 7 8 9 9 7 9 6 8
Last Time Cost: 00000413 ms
Total Time Cost: 00008505 ms
Total Distance 315: 10 7 8 8 7 8 9 11 10 8 8 7 6 8 6 7 7 8 8 8 8 8 9 8 10 7 7 6 7 8 8 7 7 8 9 9 7 9 6 8
Last Time Cost: 00000438 ms
Total Time Cost: 00008943 ms
Total Distance 311: 10 7 8 8 7 8 9 11 10 8 7 7 6 7 6 7 7 8 7 7 8 8 9 8 10 7 7 6 7 8 8 7 7 8 9 9 7 9 6 8
Last Time Cost: 00000489 ms
Total Time Cost: 00009432 ms
Total Distance 307: 10 7 8 8 7 8 9 11 10 7 6 6 6 7 6 7 7 8 7 7 7 8 9 8 10 7 7 6 7 8 8 7 7 8 9 9 7 9 6 8
Last Time Cost: 00000546 ms
Total Time Cost: 00009978 ms
Total Distance 303: 10 7 8 8 7 7 9 11 10 6 6 6 6 7 6 7 7 8 7 7 7 8 9 8 10 7 7 6 7 8 7 7 6 8 9 9 7 9 6 8
Last Time Cost: 00000612 ms
Total Time Cost: 00010590 ms
Total Distance 299: 10 7 8 8 7 7 9 11 10 6 6 6 6 6 6 7 7 8 7 6 6 8 9 8 9 7 7 6 7 8 7 7 6 8 9 9 7 9 6 8
Last Time Cost: 00000674 ms
Total Time Cost: 00011264 ms
Total Distance 295: 10 7 8 8 7 7 8 11 10 6 6 5 6 6 6 7 7 8 7 6 6 8 9 8 9 7 7 6 7 8 7 7 6 8 9 9 7 8 6 7
Last Time Cost: 00000683 ms
Total Time Cost: 00011947 ms
Total Distance 291: 10 7 7 7 7 7 8 11 10 6 6 5 6 6 6 7 7 8 7 6 6 8 9 8 8 6 7 6 7 8 7 7 6 8 9 9 7 8 6 7
Last Time Cost: 00000741 ms
Total Time Cost: 00012688 ms
Total Distance 287: 10 7 7 7 7 7 8 10 10 6 6 5 6 6 6 7 7 7 6 6 6 8 9 8 7 6 7 6 7 8 7 7 6 8 9 9 7 8 6 7
Last Time Cost: 00000300 ms
Total Time Cost: 00012988 ms
Total Distance 283: 10 7 7 7 7 7 8 10 10 6 6 5 5 6 6 7 7 7 6 6 6 8 9 8 7 6 7 6 7 7 7 7 5 8 9 8 7 8 6 7
Last Time Cost: 00000288 ms
Total Time Cost: 00013276 ms
Total Distance 279: 9 7 7 7 7 7 8 10 10 6 6 5 5 6 6 6 7 7 6 6 6 8 9 8 7 6 7 6 7 7 7 7 5 7 9 8 6 8 6 7
Last Time Cost: 00000305 ms
Total Time Cost: 00013581 ms
Total Distance 275: 9 7 7 7 7 7 7 9 10 6 6 5 5 6 6 6 7 7 6 6 6 8 9 8 6 5 7 6 7 7 7 7 5 7 9 8 6 8 6 7
Last Time Cost: 00000319 ms
Total Time Cost: 00013900 ms
Total Distance 272: 9 7 7 7 7 7 7 9 10 6 6 4 5 6 5 6 7 7 6 6 6 8 9 8 6 5 7 6 7 6 7 7 5 7 9 8 6 8 6 7
Last Time Cost: 00000347 ms
Total Time Cost: 00014247 ms
Total Distance 269: 9 7 7 7 6 7 7 9 10 6 6 4 4 6 5 6 7 7 6 6 6 8 9 8 6 5 7 6 7 6 7 7 5 7 9 8 5 8 6 7
Last Time Cost: 00000375 ms
Total Time Cost: 00014622 ms
Total Distance 266: 9 7 7 6 5 7 7 9 10 6 6 4 3 6 5 6 7 7 6 6 6 8 9 8 6 5 7 6 7 6 7 7 5 7 9 8 5 8 6 7
Last Time Cost: 00000417 ms
Total Time Cost: 00015039 ms
Total Distance 263: 9 7 7 6 5 7 7 9 10 6 6 4 3 6 5 6 7 7 5 6 6 8 9 8 6 5 7 6 6 6 7 7 5 7 9 8 4 8 6 7
Last Time Cost: 00000462 ms
Total Time Cost: 00015501 ms
Total Distance 260: 9 7 7 6 5 7 7 9 10 6 6 4 3 6 5 6 7 7 5 6 5 8 9 8 6 5 7 6 6 6 7 7 5 7 9 7 3 8 6 7
Last Time Cost: 00000500 ms
Total Time Cost: 00016001 ms
Total Distance 257: 9 6 7 6 5 7 7 9 10 6 6 4 3 6 5 6 6 7 5 6 5 8 9 8 6 5 7 6 6 6 7 7 4 7 9 7 3 8 6 7
Last Time Cost: 00000544 ms
Total Time Cost: 00016545 ms
Total Distance 254: 9 6 7 6 5 7 7 9 10 5 6 4 3 6 5 6 6 6 5 6 5 8 9 8 6 5 7 5 6 6 7 7 4 7 9 7 3 8 6 7
Last Time Cost: 00000594 ms
Total Time Cost: 00017139 ms
Total Distance 250: 9 6 7 6 5 7 7 9 9 5 6 4 3 6 5 6 6 6 5 6 5 8 9 7 6 5 7 5 5 6 6 7 4 7 9 7 3 8 6 7
Last Time Cost: 00000583 ms
Total Time Cost: 00017722 ms
Total Distance 247: 9 6 7 6 5 7 7 9 9 4 6 4 3 6 5 6 6 5 5 6 5 7 9 7 6 5 7 5 5 6 6 7 4 7 9 7 3 8 6 7
Last Time Cost: 00000632 ms
Total Time Cost: 00018354 ms
Total Distance 244: 9 6 7 6 5 6 7 9 9 4 5 4 3 6 5 6 6 5 5 6 5 7 9 7 6 5 7 5 5 6 6 6 4 7 9 7 3 8 6 7
Last Time Cost: 00000674 ms
Total Time Cost: 00019028 ms
Total Distance 241: 9 6 7 5 5 6 7 9 9 4 5 4 3 6 5 6 6 5 5 6 5 7 8 7 6 5 7 5 4 6 6 6 4 7 9 7 3 8 6 7
Last Time Cost: 00000605 ms
Total Time Cost: 00019633 ms
Total Distance 238: 9 6 7 5 5 6 7 9 9 4 5 4 3 5 4 6 6 5 5 6 5 7 8 7 6 5 7 5 4 6 6 6 4 7 8 7 3 8 6 7
Last Time Cost: 00000497 ms
Total Time Cost: 00020130 ms
Total Distance 234: 8 5 7 5 5 6 7 9 8 4 5 4 3 5 4 6 6 5 5 6 5 7 8 7 6 5 7 5 4 6 6 6 4 6 8 7 3 8 6 7
Last Time Cost: 00000241 ms
Total Time Cost: 00020371 ms
Total Distance 231: 8 5 7 5 5 6 7 9 7 4 5 4 3 4 3 6 6 5 5 6 5 7 8 7 6 5 7 5 4 6 6 6 4 6 8 7 3 8 6 7
Last Time Cost: 00000254 ms
Total Time Cost: 00020625 ms
Total Distance 228: 8 5 7 5 5 6 7 9 7 4 5 4 3 4 3 6 6 5 5 6 5 7 7 7 6 5 6 5 4 6 6 5 4 6 8 7 3 8 6 7
Last Time Cost: 00000265 ms
Total Time Cost: 00020890 ms
Total Distance 225: 8 5 7 5 5 6 7 9 6 4 5 4 3 4 3 6 6 5 5 6 5 7 6 7 6 5 6 5 4 6 6 5 4 6 7 7 3 8 6 7
Last Time Cost: 00000268 ms
Total Time Cost: 00021158 ms
Total Distance 222: 8 5 7 5 5 5 7 8 6 4 5 4 3 4 3 6 6 5 5 6 5 7 6 7 6 5 6 5 4 6 6 5 4 6 7 7 3 8 5 7
Last Time Cost: 00000093 ms
Total Time Cost: 00021251 ms
Total Distance 219: 7 5 7 5 5 5 7 8 6 4 5 4 3 4 3 6 6 5 5 6 5 7 6 7 6 5 6 5 4 6 6 5 4 6 7 6 3 7 5 7
Last Time Cost: 00000081 ms
Total Time Cost: 00021332 ms
Total Distance 217: 7 5 7 4 5 5 7 8 6 4 5 4 2 4 3 6 6 5 5 6 5 7 6 7 6 5 6 5 4 6 6 5 4 6 7 6 3 7 5 7
Last Time Cost: 00000086 ms
Total Time Cost: 00021418 ms
Total Distance 215: 7 5 7 4 5 5 7 8 6 4 4 3 2 4 3 6 6 5 5 6 5 7 6 7 6 5 6 5 4 6 6 5 4 6 7 6 3 7 5 7
Last Time Cost: 00000091 ms
Total Time Cost: 00021509 ms
Total Distance 213: 7 5 7 4 5 5 7 8 6 3 4 3 2 4 3 6 6 4 5 6 5 7 6 7 6 5 6 5 4 6 6 5 4 6 7 6 3 7 5 7
Last Time Cost: 00000096 ms
Total Time Cost: 00021605 ms
Total Distance 211: 7 5 6 4 5 5 7 8 6 3 4 3 2 4 2 6 6 4 5 6 5 7 6 7 6 5 6 5 4 6 6 5 4 6 7 6 3 7 5 7
Last Time Cost: 00000093 ms
Total Time Cost: 00021698 ms
Total Distance 209: 7 5 6 4 5 5 7 8 6 3 4 3 2 3 2 6 6 4 5 6 5 7 6 7 6 5 6 5 4 5 6 5 4 6 7 6 3 7 5 7
Last Time Cost: 00000099 ms
Total Time Cost: 00021797 ms
Total Distance 207: 7 5 6 4 5 5 7 8 6 3 4 3 2 3 2 6 6 3 5 6 5 7 6 7 6 5 6 5 4 5 5 5 4 6 7 6 3 7 5 7
Last Time Cost: 00000106 ms
Total Time Cost: 00021903 ms
Total Distance 205: 7 5 6 4 5 5 7 8 6 3 4 3 2 3 2 6 6 3 5 6 5 7 6 7 6 5 6 5 3 5 4 5 4 6 7 6 3 7 5 7
Last Time Cost: 00000110 ms
Total Time Cost: 00022013 ms
Total Distance 203: 7 5 6 4 5 5 7 8 6 3 4 3 2 3 2 5 6 3 5 6 5 7 6 7 6 5 6 5 3 5 4 5 3 6 7 6 3 7 5 7
Last Time Cost: 00000119 ms
Total Time Cost: 00022132 ms
Total Distance 201: 7 5 6 4 5 5 7 8 6 3 4 2 2 3 2 5 6 3 5 6 5 7 6 7 6 5 6 5 3 5 4 5 3 6 7 6 3 6 5 7
Last Time Cost: 00000114 ms
Total Time Cost: 00022246 ms
Total Distance 199: 7 5 6 4 5 5 7 8 6 3 4 2 2 3 2 5 6 3 5 6 5 7 6 7 6 5 6 5 3 5 4 5 2 6 7 6 3 6 5 6
Last Time Cost: 00000104 ms
Total Time Cost: 00022350 ms
Total Distance 197: 7 5 6 4 5 5 7 8 6 3 4 2 2 3 2 4 6 3 4 6 5 7 6 7 6 5 6 5 3 5 4 5 2 6 7 6 3 6 5 6
Last Time Cost: 00000109 ms
Total Time Cost: 00022459 ms
Total Distance 195: 7 5 6 4 5 5 7 8 6 3 4 2 2 3 2 4 5 3 3 6 5 7 6 7 6 5 6 5 3 5 4 5 2 6 7 6 3 6 5 6
Last Time Cost: 00000112 ms
Total Time Cost: 00022571 ms
Total Distance 193: 7 5 6 4 5 5 7 8 6 3 4 2 2 3 2 3 5 3 3 6 5 7 6 7 6 5 6 5 3 5 4 5 2 6 7 6 3 6 5 5
Last Time Cost: 00000119 ms
Total Time Cost: 00022690 ms
Total Distance 191: 7 5 6 4 5 5 7 8 6 3 4 1 2 3 2 3 5 3 3 6 5 6 6 7 6 5 6 5 3 5 4 5 2 6 7 6 3 6 5 5
Last Time Cost: 00000003 ms
Total Time Cost: 00022693 ms
Total Distance 190: 7 5 6 4 5 5 7 8 6 3 4 0 2 3 2 3 5 3 3 6 5 6 6 7 6 5 6 5 3 5 4 5 2 6 7 6 3 6 5 5
Last Time Cost: 00000115 ms
Total Time Cost: 00022808 ms
Total Distance 188: 7 5 6 4 5 5 7 8 6 3 4 0 2 3 2 2 5 3 3 6 5 5 6 7 6 5 6 5 3 5 4 5 2 6 7 6 3 6 5 5
Last Time Cost: 00000119 ms
Total Time Cost: 00022927 ms
Total Distance 186: 7 5 6 4 5 5 7 8 6 3 4 0 2 3 2 2 5 3 3 6 5 4 6 7 6 5 6 4 3 5 4 5 2 6 7 6 3 6 5 5
Last Time Cost: 00000123 ms
Total Time Cost: 00023050 ms
Total Distance 184: 7 5 6 4 5 5 7 8 6 3 4 0 2 3 2 2 5 3 3 6 5 4 6 7 6 5 6 4 3 5 4 5 2 5 7 6 2 6 5 5
Last Time Cost: 00000130 ms
Total Time Cost: 00023180 ms
Total Distance 182: 7 5 6 4 5 5 7 8 6 3 4 0 2 3 2 2 5 3 3 6 5 3 6 7 6 5 6 4 3 5 4 5 2 4 7 6 2 6 5 5
Last Time Cost: 00000136 ms
Total Time Cost: 00023316 ms
Total Distance 180: 7 5 6 4 5 5 7 8 6 3 4 0 2 3 2 2 5 3 3 6 5 3 6 7 6 5 6 4 3 5 4 4 2 3 7 6 2 6 5 5
Last Time Cost: 00000141 ms
Total Time Cost: 00023457 ms
Total Distance 178: 7 5 5 4 5 5 7 8 6 3 4 0 2 3 2 2 5 3 3 6 5 3 6 7 6 4 6 4 3 5 4 4 2 3 7 6 2 6 5 5
Last Time Cost: 00000150 ms
Total Time Cost: 00023607 ms
Total Distance 176: 7 5 4 4 4 5 7 8 6 3 4 0 2 3 2 2 5 3 3 6 5 3 6 7 6 4 6 4 3 5 4 4 2 3 7 6 2 6 5 5
Last Time Cost: 00000157 ms
Total Time Cost: 00023764 ms
Total Distance 174: 7 5 4 4 3 5 7 8 6 3 4 0 2 3 2 2 5 3 3 6 5 3 6 7 6 4 6 4 3 5 4 4 2 3 7 5 2 6 5 5
Last Time Cost: 00000162 ms
Total Time Cost: 00023926 ms
Total Distance 172: 7 5 4 4 3 5 7 8 6 3 4 0 2 3 2 2 5 3 3 6 5 3 6 7 6 4 6 4 3 4 4 4 2 3 7 4 2 6 5 5
Last Time Cost: 00000169 ms
Total Time Cost: 00024095 ms
Total Distance 170: 7 5 4 4 3 5 7 8 6 3 4 0 2 3 2 2 4 3 3 6 5 3 5 7 6 4 6 4 3 4 4 4 2 3 7 4 2 6 5 5
Last Time Cost: 00000178 ms
Total Time Cost: 00024273 ms
Total Distance 168: 7 5 4 4 3 5 6 8 6 3 4 0 2 3 2 2 4 3 3 6 5 3 5 7 6 4 6 4 3 4 3 4 2 3 7 4 2 6 5 5
Last Time Cost: 00000155 ms
Total Time Cost: 00024428 ms
Total Distance 166: 7 5 4 4 3 4 6 8 5 3 4 0 2 3 2 2 4 3 3 6 5 3 5 7 6 4 6 4 3 4 3 4 2 3 7 4 2 6 5 5
Last Time Cost: 00000161 ms
Total Time Cost: 00024589 ms
Total Distance 164: 7 5 4 4 3 4 6 8 5 3 4 0 2 3 2 2 4 3 3 6 5 3 5 7 6 4 5 4 3 4 3 4 2 3 7 4 2 6 5 4
Last Time Cost: 00000168 ms
Total Time Cost: 00024757 ms
Total Distance 162: 7 5 4 4 3 4 6 8 5 3 4 0 2 3 2 2 4 3 3 6 5 3 5 7 6 4 4 4 3 4 3 4 2 3 7 4 2 5 5 4
Last Time Cost: 00000175 ms
Total Time Cost: 00024932 ms
Total Distance 160: 7 5 4 4 3 4 6 8 5 3 4 0 2 3 2 2 4 3 3 6 5 3 5 6 6 4 4 3 3 4 3 4 2 3 7 4 2 5 5 4
Last Time Cost: 00000151 ms
Total Time Cost: 00025083 ms
Total Distance 158: 7 5 4 4 3 4 6 8 5 3 4 0 2 3 2 2 4 3 3 6 5 3 5 6 6 4 4 3 3 4 3 4 2 3 6 4 2 5 5 3
Last Time Cost: 00000118 ms
Total Time Cost: 00025201 ms
Total Distance 156: 7 5 4 4 3 4 6 7 5 2 4 0 2 3 2 2 4 3 3 6 5 3 5 6 6 4 4 3 3 4 3 4 2 3 6 4 2 5 5 3
Last Time Cost: 00000097 ms
Total Time Cost: 00025298 ms
Total Distance 154: 7 5 4 4 3 4 5 7 5 2 4 0 2 3 2 2 4 3 3 6 5 3 5 6 6 4 4 3 3 4 3 4 2 3 6 4 2 5 4 3
Last Time Cost: 00000100 ms
Total Time Cost: 00025398 ms
Total Distance 152: 7 5 3 4 3 4 5 6 5 2 4 0 2 3 2 2 4 3 3 6 5 3 5 6 6 4 4 3 3 4 3 4 2 3 6 4 2 5 4 3
Last Time Cost: 00000059 ms
Total Time Cost: 00025457 ms
Total Distance 150: 7 5 3 4 3 4 5 5 5 2 4 0 2 3 2 2 4 3 3 6 5 3 5 6 6 3 4 3 3 4 3 4 2 3 6 4 2 5 4 3
Last Time Cost: 00000060 ms
Total Time Cost: 00025517 ms
Total Distance 148: 6 5 3 4 3 4 5 5 5 2 4 0 2 3 2 2 4 3 3 6 5 3 5 6 6 3 4 3 3 4 3 4 2 3 6 4 2 4 4 3
Last Time Cost: 00000013 ms
Total Time Cost: 00025530 ms
Total Distance 146: 6 5 3 4 3 4 5 5 5 2 4 0 2 3 2 2 4 3 3 5 5 3 5 6 5 3 4 3 3 4 3 4 2 3 6 4 2 4 4 3
Last Time Cost: 00000013 ms
Total Time Cost: 00025543 ms
Total Distance 145: 6 5 3 4 3 4 5 5 5 2 4 0 2 3 2 2 4 3 3 5 5 3 5 6 5 3 4 3 3 4 3 4 2 3 6 4 1 4 4 3
Last Time Cost: 00000001 ms
Total Time Cost: 00025544 ms
Total Distance 144: 6 5 3 4 3 4 5 5 5 2 4 0 2 3 2 2 4 3 3 5 5 3 5 6 5 3 4 3 3 4 3 4 2 3 6 4 0 4 4 3
Last Time Cost: 00000013 ms
Total Time Cost: 00025557 ms
Total Distance 143: 6 5 3 4 3 4 5 5 5 2 4 0 1 3 2 2 4 3 3 5 5 3 5 6 5 3 4 3 3 4 3 4 2 3 6 4 0 4 4 3
Last Time Cost: 00000001 ms
Total Time Cost: 00025558 ms
Total Distance 142: 6 5 3 4 3 4 5 5 5 2 4 0 0 3 2 2 4 3 3 5 5 3 5 6 5 3 4 3 3 4 3 4 2 3 6 4 0 4 4 3
Last Time Cost: 00000014 ms
Total Time Cost: 00025572 ms
Total Distance 141: 6 5 3 4 3 4 5 5 5 2 4 0 0 3 2 1 4 3 3 5 5 3 5 6 5 3 4 3 3 4 3 4 2 3 6 4 0 4 4 3
Last Time Cost: 00000001 ms
Total Time Cost: 00025573 ms
Total Distance 140: 6 5 3 4 3 4 5 5 5 2 4 0 0 3 2 0 4 3 3 5 5 3 5 6 5 3 4 3 3 4 3 4 2 3 6 4 0 4 4 3
Last Time Cost: 00000015 ms
Total Time Cost: 00025588 ms
Total Distance 138: 5 5 3 4 3 4 5 5 5 2 3 0 0 3 2 0 4 3 3 5 5 3 5 6 5 3 4 3 3 4 3 4 2 3 6 4 0 4 4 3
Last Time Cost: 00000015 ms
Total Time Cost: 00025603 ms
Total Distance 137: 5 5 3 4 3 4 5 5 5 2 3 0 0 3 1 0 4 3 3 5 5 3 5 6 5 3 4 3 3 4 3 4 2 3 6 4 0 4 4 3
Last Time Cost: 00000001 ms
Total Time Cost: 00025604 ms
Total Distance 136: 5 5 3 4 3 4 5 5 5 2 3 0 0 3 0 0 4 3 3 5 5 3 5 6 5 3 4 3 3 4 3 4 2 3 6 4 0 4 4 3
Last Time Cost: 00000016 ms
Total Time Cost: 00025620 ms
Total Distance 135: 5 5 3 4 3 4 5 5 5 2 3 0 0 3 0 0 4 3 3 5 5 3 5 6 5 3 4 3 3 4 3 4 1 3 6 4 0 4 4 3
Last Time Cost: 00000001 ms
Total Time Cost: 00025621 ms
Total Distance 134: 5 5 3 4 3 4 5 5 5 2 3 0 0 3 0 0 4 3 3 5 5 3 5 6 5 3 4 3 3 4 3 4 0 3 6 4 0 4 4 3
Last Time Cost: 00000017 ms
Total Time Cost: 00025638 ms
Total Distance 133: 5 5 3 4 3 4 5 5 5 1 3 0 0 3 0 0 4 3 3 5 5 3 5 6 5 3 4 3 3 4 3 4 0 3 6 4 0 4 4 3
Last Time Cost: 00000001 ms
Total Time Cost: 00025639 ms
Total Distance 132: 5 5 3 4 3 4 5 5 5 0 3 0 0 3 0 0 4 3 3 5 5 3 5 6 5 3 4 3 3 4 3 4 0 3 6 4 0 4 4 3
Last Time Cost: 00000020 ms
Total Time Cost: 00025659 ms
Total Distance 131: 5 5 3 4 3 4 5 5 5 0 3 0 0 3 0 0 4 3 3 5 5 3 5 6 5 3 4 3 2 4 3 4 0 3 6 4 0 4 4 3
Last Time Cost: 00000001 ms
Total Time Cost: 00025660 ms
Total Distance 130: 5 5 3 4 3 4 5 5 5 0 3 0 0 3 0 0 4 3 3 5 5 3 5 6 5 3 4 3 1 4 3 4 0 3 6 4 0 4 4 3
Last Time Cost: 00000001 ms
Total Time Cost: 00025661 ms
Total Distance 129: 5 5 3 4 3 4 5 5 5 0 3 0 0 3 0 0 4 3 3 5 5 3 5 6 5 3 4 3 0 4 3 4 0 3 6 4 0 4 4 3
Last Time Cost: 00000021 ms
Total Time Cost: 00025682 ms
Total Distance 128: 5 5 3 4 3 4 5 5 5 0 3 0 0 3 0 0 4 3 3 5 5 2 5 6 5 3 4 3 0 4 3 4 0 3 6 4 0 4 4 3
Last Time Cost: 00000001 ms
Total Time Cost: 00025683 ms
Total Distance 127: 5 5 3 4 3 4 5 5 5 0 3 0 0 3 0 0 4 3 3 5 5 1 5 6 5 3 4 3 0 4 3 4 0 3 6 4 0 4 4 3
Last Time Cost: 00000001 ms
Total Time Cost: 00025684 ms
Total Distance 126: 5 5 3 4 3 4 5 5 5 0 3 0 0 3 0 0 4 3 3 5 5 0 5 6 5 3 4 3 0 4 3 4 0 3 6 4 0 4 4 3
Last Time Cost: 00000023 ms
Total Time Cost: 00025707 ms
Total Distance 125: 5 5 3 4 2 4 5 5 5 0 3 0 0 3 0 0 4 3 3 5 5 0 5 6 5 3 4 3 0 4 3 4 0 3 6 4 0 4 4 3
Last Time Cost: 00000001 ms
Total Time Cost: 00025708 ms
Total Distance 124: 5 5 3 4 1 4 5 5 5 0 3 0 0 3 0 0 4 3 3 5 5 0 5 6 5 3 4 3 0 4 3 4 0 3 6 4 0 4 4 3
Last Time Cost: 00000001 ms
Total Time Cost: 00025709 ms
Total Distance 123: 5 5 3 4 0 4 5 5 5 0 3 0 0 3 0 0 4 3 3 5 5 0 5 6 5 3 4 3 0 4 3 4 0 3 6 4 0 4 4 3
Last Time Cost: 00000026 ms
Total Time Cost: 00025735 ms
Total Distance 122: 5 5 3 4 0 4 5 5 5 0 3 0 0 3 0 0 4 3 3 5 5 0 5 6 5 3 4 3 0 4 3 4 0 3 6 4 0 4 4 2
Last Time Cost: 00000001 ms
Total Time Cost: 00025736 ms
Total Distance 121: 5 5 3 4 0 4 5 5 5 0 3 0 0 3 0 0 4 3 3 5 5 0 5 6 5 3 4 3 0 4 3 4 0 3 6 4 0 4 4 1
Last Time Cost: 00000001 ms
Total Time Cost: 00025737 ms
Total Distance 120: 5 5 3 4 0 4 5 5 5 0 3 0 0 3 0 0 4 3 3 5 5 0 5 6 5 3 4 3 0 4 3 4 0 3 6 4 0 4 4 0
Last Time Cost: 00000028 ms
Total Time Cost: 00025765 ms
Total Distance 118: 5 5 3 4 0 4 5 5 5 0 3 0 0 3 0 0 4 3 3 5 5 0 5 6 5 3 4 3 0 4 3 4 0 3 5 4 0 3 4 0
Last Time Cost: 00000026 ms
Total Time Cost: 00025791 ms
Total Distance 117: 5 5 3 4 0 4 5 5 5 0 3 0 0 3 0 0 4 3 2 5 5 0 5 6 5 3 4 3 0 4 3 4 0 3 5 4 0 3 4 0
Last Time Cost: 00000001 ms
Total Time Cost: 00025792 ms
Total Distance 116: 5 5 3 4 0 4 5 5 5 0 3 0 0 3 0 0 4 3 1 5 5 0 5 6 5 3 4 3 0 4 3 4 0 3 5 4 0 3 4 0
Last Time Cost: 00000001 ms
Total Time Cost: 00025793 ms
Total Distance 115: 5 5 3 4 0 4 5 5 5 0 3 0 0 3 0 0 4 3 0 5 5 0 5 6 5 3 4 3 0 4 3 4 0 3 5 4 0 3 4 0
Last Time Cost: 00000029 ms
Total Time Cost: 00025822 ms
Total Distance 114: 5 5 3 4 0 4 5 5 5 0 3 0 0 3 0 0 4 3 0 5 5 0 5 6 5 3 4 3 0 4 3 4 0 2 5 4 0 3 4 0
Last Time Cost: 00000001 ms
Total Time Cost: 00025823 ms
Total Distance 113: 5 5 3 4 0 4 5 5 5 0 3 0 0 3 0 0 4 3 0 5 5 0 5 6 5 3 4 3 0 4 3 4 0 1 5 4 0 3 4 0
Last Time Cost: 00000001 ms
Total Time Cost: 00025824 ms
Total Distance 112: 5 5 3 4 0 4 5 5 5 0 3 0 0 3 0 0 4 3 0 5 5 0 5 6 5 3 4 3 0 4 3 4 0 0 5 4 0 3 4 0
Last Time Cost: 00000031 ms
Total Time Cost: 00025855 ms
Total Distance 111: 5 5 3 4 0 4 5 5 5 0 3 0 0 3 0 0 4 2 0 5 5 0 5 6 5 3 4 3 0 4 3 4 0 0 5 4 0 3 4 0
Last Time Cost: 00000001 ms
Total Time Cost: 00025856 ms
Total Distance 110: 5 5 3 4 0 4 5 5 5 0 3 0 0 3 0 0 4 1 0 5 5 0 5 6 5 3 4 3 0 4 3 4 0 0 5 4 0 3 4 0
Last Time Cost: 00000001 ms
Total Time Cost: 00025857 ms
Total Distance 109: 5 5 3 4 0 4 5 5 5 0 3 0 0 3 0 0 4 0 0 5 5 0 5 6 5 3 4 3 0 4 3 4 0 0 5 4 0 3 4 0
Last Time Cost: 00000033 ms
Total Time Cost: 00025890 ms
Total Distance 107: 5 5 3 4 0 4 5 4 5 0 3 0 0 3 0 0 4 0 0 4 5 0 5 6 5 3 4 3 0 4 3 4 0 0 5 4 0 3 4 0
Last Time Cost: 00000029 ms
Total Time Cost: 00025919 ms
Total Distance 106: 5 5 3 4 0 4 5 4 5 0 3 0 0 2 0 0 4 0 0 4 5 0 5 6 5 3 4 3 0 4 3 4 0 0 5 4 0 3 4 0
Last Time Cost: 00000001 ms
Total Time Cost: 00025920 ms
Total Distance 105: 5 5 3 4 0 4 5 4 5 0 3 0 0 1 0 0 4 0 0 4 5 0 5 6 5 3 4 3 0 4 3 4 0 0 5 4 0 3 4 0
Last Time Cost: 00000001 ms
Total Time Cost: 00025921 ms
Total Distance 104: 5 5 3 4 0 4 5 4 5 0 3 0 0 0 0 0 4 0 0 4 5 0 5 6 5 3 4 3 0 4 3 4 0 0 5 4 0 3 4 0
Last Time Cost: 00000030 ms
Total Time Cost: 00025951 ms
Total Distance 103: 5 5 3 4 0 4 5 4 5 0 3 0 0 0 0 0 4 0 0 4 5 0 5 6 5 2 4 3 0 4 3 4 0 0 5 4 0 3 4 0
Last Time Cost: 00000002 ms
Total Time Cost: 00025953 ms
Total Distance 102: 5 5 3 4 0 4 5 4 5 0 3 0 0 0 0 0 4 0 0 4 5 0 5 6 5 1 4 3 0 4 3 4 0 0 5 4 0 3 4 0
Last Time Cost: 00000001 ms
Total Time Cost: 00025954 ms
Total Distance 101: 5 5 3 4 0 4 5 4 5 0 3 0 0 0 0 0 4 0 0 4 5 0 5 6 5 0 4 3 0 4 3 4 0 0 5 4 0 3 4 0
Last Time Cost: 00000033 ms
Total Time Cost: 00025987 ms
Total Distance 100: 5 5 3 4 0 4 5 4 5 0 2 0 0 0 0 0 4 0 0 4 5 0 5 6 5 0 4 3 0 4 3 4 0 0 5 4 0 3 4 0
Last Time Cost: 00000001 ms
Total Time Cost: 00025988 ms
Total Distance 99: 5 5 3 4 0 4 5 4 5 0 1 0 0 0 0 0 4 0 0 4 5 0 5 6 5 0 4 3 0 4 3 4 0 0 5 4 0 3 4 0
Last Time Cost: 00000001 ms
Total Time Cost: 00025989 ms
Total Distance 98: 5 5 3 4 0 4 5 4 5 0 0 0 0 0 0 0 4 0 0 4 5 0 5 6 5 0 4 3 0 4 3 4 0 0 5 4 0 3 4 0
Last Time Cost: 00000035 ms
Total Time Cost: 00026024 ms
Total Distance 97: 5 5 3 4 0 4 5 4 5 0 0 0 0 0 0 0 4 0 0 4 5 0 5 6 5 0 4 3 0 4 2 4 0 0 5 4 0 3 4 0
Last Time Cost: 00000001 ms
Total Time Cost: 00026025 ms
Total Distance 96: 5 5 3 4 0 4 5 4 5 0 0 0 0 0 0 0 4 0 0 4 5 0 5 6 5 0 4 3 0 4 1 4 0 0 5 4 0 3 4 0
Last Time Cost: 00000001 ms
Total Time Cost: 00026026 ms
Total Distance 95: 5 5 3 4 0 4 5 4 5 0 0 0 0 0 0 0 4 0 0 4 5 0 5 6 5 0 4 3 0 4 0 4 0 0 5 4 0 3 4 0
Last Time Cost: 00000039 ms
Total Time Cost: 00026065 ms
Total Distance 94: 5 5 2 4 0 4 5 4 5 0 0 0 0 0 0 0 4 0 0 4 5 0 5 6 5 0 4 3 0 4 0 4 0 0 5 4 0 3 4 0
Last Time Cost: 00000001 ms
Total Time Cost: 00026066 ms
Total Distance 93: 5 5 1 4 0 4 5 4 5 0 0 0 0 0 0 0 4 0 0 4 5 0 5 6 5 0 4 3 0 4 0 4 0 0 5 4 0 3 4 0
Last Time Cost: 00000001 ms
Total Time Cost: 00026067 ms
Total Distance 92: 5 5 0 4 0 4 5 4 5 0 0 0 0 0 0 0 4 0 0 4 5 0 5 6 5 0 4 3 0 4 0 4 0 0 5 4 0 3 4 0
Last Time Cost: 00000041 ms
Total Time Cost: 00026108 ms
Total Distance 91: 5 5 0 4 0 4 5 4 5 0 0 0 0 0 0 0 4 0 0 4 5 0 5 6 5 0 4 2 0 4 0 4 0 0 5 4 0 3 4 0
Last Time Cost: 00000001 ms
Total Time Cost: 00026109 ms
Total Distance 90: 5 5 0 4 0 4 5 4 5 0 0 0 0 0 0 0 4 0 0 4 5 0 5 6 5 0 4 1 0 4 0 4 0 0 5 4 0 3 4 0
Last Time Cost: 00000001 ms
Total Time Cost: 00026110 ms
Total Distance 89: 5 5 0 4 0 4 5 4 5 0 0 0 0 0 0 0 4 0 0 4 5 0 5 6 5 0 4 0 0 4 0 4 0 0 5 4 0 3 4 0
Last Time Cost: 00000044 ms
Total Time Cost: 00026154 ms
Total Distance 88: 5 5 0 4 0 4 5 4 5 0 0 0 0 0 0 0 4 0 0 4 5 0 5 6 5 0 4 0 0 4 0 4 0 0 5 4 0 2 4 0
Last Time Cost: 00000001 ms
Total Time Cost: 00026155 ms
Total Distance 87: 5 5 0 4 0 4 5 4 5 0 0 0 0 0 0 0 4 0 0 4 5 0 5 6 5 0 4 0 0 4 0 4 0 0 5 4 0 1 4 0
Last Time Cost: 00000001 ms
Total Time Cost: 00026156 ms
Total Distance 86: 5 5 0 4 0 4 5 4 5 0 0 0 0 0 0 0 4 0 0 4 5 0 5 6 5 0 4 0 0 4 0 4 0 0 5 4 0 0 4 0
Last Time Cost: 00000048 ms
Total Time Cost: 00026204 ms
Total Distance 85: 5 5 0 4 0 4 5 4 5 0 0 0 0 0 0 0 4 0 0 4 5 0 5 6 5 0 4 0 0 3 0 4 0 0 5 4 0 0 4 0
Last Time Cost: 00000001 ms
Total Time Cost: 00026205 ms
Total Distance 84: 5 5 0 4 0 4 5 4 5 0 0 0 0 0 0 0 4 0 0 4 5 0 5 6 5 0 4 0 0 2 0 4 0 0 5 4 0 0 4 0
Last Time Cost: 00000001 ms
Total Time Cost: 00026206 ms
Total Distance 83: 5 5 0 4 0 4 5 4 5 0 0 0 0 0 0 0 4 0 0 4 5 0 5 6 5 0 4 0 0 1 0 4 0 0 5 4 0 0 4 0
Last Time Cost: 00000001 ms
Total Time Cost: 00026207 ms
Total Distance 82: 5 5 0 4 0 4 5 4 5 0 0 0 0 0 0 0 4 0 0 4 5 0 5 6 5 0 4 0 0 0 0 4 0 0 5 4 0 0 4 0
Last Time Cost: 00000055 ms
Total Time Cost: 00026262 ms
Total Distance 81: 5 5 0 4 0 4 5 4 5 0 0 0 0 0 0 0 4 0 0 4 5 0 5 6 5 0 3 0 0 0 0 4 0 0 5 4 0 0 4 0
Last Time Cost: 00000001 ms
Total Time Cost: 00026263 ms
Total Distance 80: 5 5 0 4 0 4 5 4 5 0 0 0 0 0 0 0 4 0 0 4 5 0 5 6 5 0 2 0 0 0 0 4 0 0 5 4 0 0 4 0
Last Time Cost: 00000001 ms
Total Time Cost: 00026264 ms
Total Distance 79: 5 5 0 4 0 4 5 4 5 0 0 0 0 0 0 0 4 0 0 4 5 0 5 6 5 0 1 0 0 0 0 4 0 0 5 4 0 0 4 0
Last Time Cost: 00000001 ms
Total Time Cost: 00026265 ms
Total Distance 78: 5 5 0 4 0 4 5 4 5 0 0 0 0 0 0 0 4 0 0 4 5 0 5 6 5 0 0 0 0 0 0 4 0 0 5 4 0 0 4 0
Last Time Cost: 00000060 ms
Total Time Cost: 00026325 ms
Total Distance 77: 5 5 0 4 0 4 5 4 5 0 0 0 0 0 0 0 4 0 0 3 5 0 5 6 5 0 0 0 0 0 0 4 0 0 5 4 0 0 4 0
Last Time Cost: 00000001 ms
Total Time Cost: 00026326 ms
Total Distance 76: 5 5 0 4 0 4 5 4 5 0 0 0 0 0 0 0 4 0 0 2 5 0 5 6 5 0 0 0 0 0 0 4 0 0 5 4 0 0 4 0
Last Time Cost: 00000001 ms
Total Time Cost: 00026327 ms
Total Distance 75: 5 5 0 4 0 4 5 4 5 0 0 0 0 0 0 0 4 0 0 1 5 0 5 6 5 0 0 0 0 0 0 4 0 0 5 4 0 0 4 0
Last Time Cost: 00000001 ms
Total Time Cost: 00026328 ms
Total Distance 74: 5 5 0 4 0 4 5 4 5 0 0 0 0 0 0 0 4 0 0 0 5 0 5 6 5 0 0 0 0 0 0 4 0 0 5 4 0 0 4 0
Last Time Cost: 00000066 ms
Total Time Cost: 00026394 ms
Total Distance 73: 5 5 0 3 0 4 5 4 5 0 0 0 0 0 0 0 4 0 0 0 5 0 5 6 5 0 0 0 0 0 0 4 0 0 5 4 0 0 4 0
Last Time Cost: 00000001 ms
Total Time Cost: 00026395 ms
Total Distance 72: 5 5 0 2 0 4 5 4 5 0 0 0 0 0 0 0 4 0 0 0 5 0 5 6 5 0 0 0 0 0 0 4 0 0 5 4 0 0 4 0
Last Time Cost: 00000001 ms
Total Time Cost: 00026396 ms
Total Distance 71: 5 5 0 1 0 4 5 4 5 0 0 0 0 0 0 0 4 0 0 0 5 0 5 6 5 0 0 0 0 0 0 4 0 0 5 4 0 0 4 0
Last Time Cost: 00000001 ms
Total Time Cost: 00026397 ms
Total Distance 70: 5 5 0 0 0 4 5 4 5 0 0 0 0 0 0 0 4 0 0 0 5 0 5 6 5 0 0 0 0 0 0 4 0 0 5 4 0 0 4 0
Last Time Cost: 00000073 ms
Total Time Cost: 00026470 ms
Total Distance 69: 5 5 0 0 0 4 5 4 5 0 0 0 0 0 0 0 3 0 0 0 5 0 5 6 5 0 0 0 0 0 0 4 0 0 5 4 0 0 4 0
Last Time Cost: 00000001 ms
Total Time Cost: 00026471 ms
Total Distance 68: 5 5 0 0 0 4 5 4 5 0 0 0 0 0 0 0 2 0 0 0 5 0 5 6 5 0 0 0 0 0 0 4 0 0 5 4 0 0 4 0
Last Time Cost: 00000001 ms
Total Time Cost: 00026472 ms
Total Distance 67: 5 5 0 0 0 4 5 4 5 0 0 0 0 0 0 0 1 0 0 0 5 0 5 6 5 0 0 0 0 0 0 4 0 0 5 4 0 0 4 0
Last Time Cost: 00000001 ms
Total Time Cost: 00026473 ms
Total Distance 66: 5 5 0 0 0 4 5 4 5 0 0 0 0 0 0 0 0 0 0 0 5 0 5 6 5 0 0 0 0 0 0 4 0 0 5 4 0 0 4 0
Last Time Cost: 00000081 ms
Total Time Cost: 00026554 ms
Total Distance 65: 5 5 0 0 0 3 5 4 5 0 0 0 0 0 0 0 0 0 0 0 5 0 5 6 5 0 0 0 0 0 0 4 0 0 5 4 0 0 4 0
Last Time Cost: 00000001 ms
Total Time Cost: 00026555 ms
Total Distance 64: 5 5 0 0 0 2 5 4 5 0 0 0 0 0 0 0 0 0 0 0 5 0 5 6 5 0 0 0 0 0 0 4 0 0 5 4 0 0 4 0
Last Time Cost: 00000001 ms
Total Time Cost: 00026556 ms
Total Distance 63: 5 5 0 0 0 1 5 4 5 0 0 0 0 0 0 0 0 0 0 0 5 0 5 6 5 0 0 0 0 0 0 4 0 0 5 4 0 0 4 0
Last Time Cost: 00000001 ms
Total Time Cost: 00026557 ms
Total Distance 62: 5 5 0 0 0 0 5 4 5 0 0 0 0 0 0 0 0 0 0 0 5 0 5 6 5 0 0 0 0 0 0 4 0 0 5 4 0 0 4 0
Last Time Cost: 00000091 ms
Total Time Cost: 00026648 ms
Total Distance 61: 5 5 0 0 0 0 5 4 5 0 0 0 0 0 0 0 0 0 0 0 5 0 5 6 5 0 0 0 0 0 0 4 0 0 5 3 0 0 4 0
Last Time Cost: 00000001 ms
Total Time Cost: 00026649 ms
Total Distance 60: 5 5 0 0 0 0 5 4 5 0 0 0 0 0 0 0 0 0 0 0 5 0 5 6 5 0 0 0 0 0 0 4 0 0 5 2 0 0 4 0
Last Time Cost: 00000002 ms
Total Time Cost: 00026651 ms
Total Distance 59: 5 5 0 0 0 0 5 4 5 0 0 0 0 0 0 0 0 0 0 0 5 0 5 6 5 0 0 0 0 0 0 4 0 0 5 1 0 0 4 0
Last Time Cost: 00000001 ms
Total Time Cost: 00026652 ms
Total Distance 58: 5 5 0 0 0 0 5 4 5 0 0 0 0 0 0 0 0 0 0 0 5 0 5 6 5 0 0 0 0 0 0 4 0 0 5 0 0 0 4 0
Last Time Cost: 00000098 ms
Total Time Cost: 00026750 ms
Total Distance 57: 5 5 0 0 0 0 5 4 5 0 0 0 0 0 0 0 0 0 0 0 5 0 5 6 5 0 0 0 0 0 0 3 0 0 5 0 0 0 4 0
Last Time Cost: 00000001 ms
Total Time Cost: 00026751 ms
Total Distance 56: 5 5 0 0 0 0 5 4 5 0 0 0 0 0 0 0 0 0 0 0 5 0 5 6 5 0 0 0 0 0 0 2 0 0 5 0 0 0 4 0
Last Time Cost: 00000001 ms
Total Time Cost: 00026752 ms
Total Distance 55: 5 5 0 0 0 0 5 4 5 0 0 0 0 0 0 0 0 0 0 0 5 0 5 6 5 0 0 0 0 0 0 1 0 0 5 0 0 0 4 0
Last Time Cost: 00000001 ms
Total Time Cost: 00026753 ms
Total Distance 54: 5 5 0 0 0 0 5 4 5 0 0 0 0 0 0 0 0 0 0 0 5 0 5 6 5 0 0 0 0 0 0 0 0 0 5 0 0 0 4 0
Last Time Cost: 00000102 ms
Total Time Cost: 00026855 ms
Total Distance 53: 5 5 0 0 0 0 5 3 5 0 0 0 0 0 0 0 0 0 0 0 5 0 5 6 5 0 0 0 0 0 0 0 0 0 5 0 0 0 4 0
Last Time Cost: 00000001 ms
Total Time Cost: 00026856 ms
Total Distance 52: 5 5 0 0 0 0 5 2 5 0 0 0 0 0 0 0 0 0 0 0 5 0 5 6 5 0 0 0 0 0 0 0 0 0 5 0 0 0 4 0
Last Time Cost: 00000001 ms
Total Time Cost: 00026857 ms
Total Distance 51: 5 5 0 0 0 0 5 1 5 0 0 0 0 0 0 0 0 0 0 0 5 0 5 6 5 0 0 0 0 0 0 0 0 0 5 0 0 0 4 0
Last Time Cost: 00000001 ms
Total Time Cost: 00026858 ms
Total Distance 50: 5 5 0 0 0 0 5 0 5 0 0 0 0 0 0 0 0 0 0 0 5 0 5 6 5 0 0 0 0 0 0 0 0 0 5 0 0 0 4 0
Last Time Cost: 00000113 ms
Total Time Cost: 00026971 ms
Total Distance 49: 5 5 0 0 0 0 5 0 5 0 0 0 0 0 0 0 0 0 0 0 5 0 5 6 5 0 0 0 0 0 0 0 0 0 5 0 0 0 3 0
Last Time Cost: 00000001 ms
Total Time Cost: 00026972 ms
Total Distance 48: 5 5 0 0 0 0 5 0 5 0 0 0 0 0 0 0 0 0 0 0 5 0 5 6 5 0 0 0 0 0 0 0 0 0 5 0 0 0 2 0
Last Time Cost: 00000001 ms
Total Time Cost: 00026973 ms
Total Distance 47: 5 5 0 0 0 0 5 0 5 0 0 0 0 0 0 0 0 0 0 0 5 0 5 6 5 0 0 0 0 0 0 0 0 0 5 0 0 0 1 0
Last Time Cost: 00000001 ms
Total Time Cost: 00026974 ms
Total Distance 46: 5 5 0 0 0 0 5 0 5 0 0 0 0 0 0 0 0 0 0 0 5 0 5 6 5 0 0 0 0 0 0 0 0 0 5 0 0 0 0 0
Last Time Cost: 00000121 ms
Total Time Cost: 00027095 ms
Total Distance 45: 5 5 0 0 0 0 5 0 5 0 0 0 0 0 0 0 0 0 0 0 4 0 5 6 5 0 0 0 0 0 0 0 0 0 5 0 0 0 0 0
Last Time Cost: 00000001 ms
Total Time Cost: 00027096 ms
Total Distance 44: 5 5 0 0 0 0 5 0 5 0 0 0 0 0 0 0 0 0 0 0 3 0 5 6 5 0 0 0 0 0 0 0 0 0 5 0 0 0 0 0
Last Time Cost: 00000001 ms
Total Time Cost: 00027097 ms
Total Distance 43: 5 5 0 0 0 0 5 0 5 0 0 0 0 0 0 0 0 0 0 0 2 0 5 6 5 0 0 0 0 0 0 0 0 0 5 0 0 0 0 0
Last Time Cost: 00000001 ms
Total Time Cost: 00027098 ms
Total Distance 42: 5 5 0 0 0 0 5 0 5 0 0 0 0 0 0 0 0 0 0 0 1 0 5 6 5 0 0 0 0 0 0 0 0 0 5 0 0 0 0 0
Last Time Cost: 00000001 ms
Total Time Cost: 00027099 ms
Total Distance 41: 5 5 0 0 0 0 5 0 5 0 0 0 0 0 0 0 0 0 0 0 0 0 5 6 5 0 0 0 0 0 0 0 0 0 5 0 0 0 0 0
Last Time Cost: 00000122 ms
Total Time Cost: 00027221 ms
Total Distance 40: 4 5 0 0 0 0 5 0 5 0 0 0 0 0 0 0 0 0 0 0 0 0 5 6 5 0 0 0 0 0 0 0 0 0 5 0 0 0 0 0
Last Time Cost: 00000001 ms
Total Time Cost: 00027222 ms
Total Distance 39: 3 5 0 0 0 0 5 0 5 0 0 0 0 0 0 0 0 0 0 0 0 0 5 6 5 0 0 0 0 0 0 0 0 0 5 0 0 0 0 0
Last Time Cost: 00000001 ms
Total Time Cost: 00027223 ms
Total Distance 38: 2 5 0 0 0 0 5 0 5 0 0 0 0 0 0 0 0 0 0 0 0 0 5 6 5 0 0 0 0 0 0 0 0 0 5 0 0 0 0 0
Last Time Cost: 00000001 ms
Total Time Cost: 00027224 ms
Total Distance 37: 1 5 0 0 0 0 5 0 5 0 0 0 0 0 0 0 0 0 0 0 0 0 5 6 5 0 0 0 0 0 0 0 0 0 5 0 0 0 0 0
Last Time Cost: 00000001 ms
Total Time Cost: 00027225 ms
Total Distance 36: 0 5 0 0 0 0 5 0 5 0 0 0 0 0 0 0 0 0 0 0 0 0 5 6 5 0 0 0 0 0 0 0 0 0 5 0 0 0 0 0
Last Time Cost: 00000121 ms
Total Time Cost: 00027346 ms
Total Distance 35: 0 5 0 0 0 0 5 0 5 0 0 0 0 0 0 0 0 0 0 0 0 0 5 6 4 0 0 0 0 0 0 0 0 0 5 0 0 0 0 0
Last Time Cost: 00000002 ms
Total Time Cost: 00027348 ms
Total Distance 34: 0 5 0 0 0 0 5 0 5 0 0 0 0 0 0 0 0 0 0 0 0 0 5 6 3 0 0 0 0 0 0 0 0 0 5 0 0 0 0 0
Last Time Cost: 00000001 ms
Total Time Cost: 00027349 ms
Total Distance 33: 0 5 0 0 0 0 5 0 5 0 0 0 0 0 0 0 0 0 0 0 0 0 5 6 2 0 0 0 0 0 0 0 0 0 5 0 0 0 0 0
Last Time Cost: 00000001 ms
Total Time Cost: 00027350 ms
Total Distance 32: 0 5 0 0 0 0 5 0 5 0 0 0 0 0 0 0 0 0 0 0 0 0 5 6 1 0 0 0 0 0 0 0 0 0 5 0 0 0 0 0
Last Time Cost: 00000001 ms
Total Time Cost: 00027351 ms
Total Distance 31: 0 5 0 0 0 0 5 0 5 0 0 0 0 0 0 0 0 0 0 0 0 0 5 6 0 0 0 0 0 0 0 0 0 0 5 0 0 0 0 0
Last Time Cost: 00000122 ms
Total Time Cost: 00027473 ms
Total Distance 30: 0 4 0 0 0 0 5 0 5 0 0 0 0 0 0 0 0 0 0 0 0 0 5 6 0 0 0 0 0 0 0 0 0 0 5 0 0 0 0 0
Last Time Cost: 00000002 ms
Total Time Cost: 00027475 ms
Total Distance 29: 0 3 0 0 0 0 5 0 5 0 0 0 0 0 0 0 0 0 0 0 0 0 5 6 0 0 0 0 0 0 0 0 0 0 5 0 0 0 0 0
Last Time Cost: 00000002 ms
Total Time Cost: 00027477 ms
Total Distance 28: 0 2 0 0 0 0 5 0 5 0 0 0 0 0 0 0 0 0 0 0 0 0 5 6 0 0 0 0 0 0 0 0 0 0 5 0 0 0 0 0
Last Time Cost: 00000002 ms
Total Time Cost: 00027479 ms
Total Distance 27: 0 1 0 0 0 0 5 0 5 0 0 0 0 0 0 0 0 0 0 0 0 0 5 6 0 0 0 0 0 0 0 0 0 0 5 0 0 0 0 0
Last Time Cost: 00000001 ms
Total Time Cost: 00027480 ms
Total Distance 26: 0 0 0 0 0 0 5 0 5 0 0 0 0 0 0 0 0 0 0 0 0 0 5 6 0 0 0 0 0 0 0 0 0 0 5 0 0 0 0 0
Last Time Cost: 00000118 ms
Total Time Cost: 00027598 ms
Total Distance 25: 0 0 0 0 0 0 4 0 5 0 0 0 0 0 0 0 0 0 0 0 0 0 5 6 0 0 0 0 0 0 0 0 0 0 5 0 0 0 0 0
Last Time Cost: 00000002 ms
Total Time Cost: 00027600 ms
Total Distance 24: 0 0 0 0 0 0 3 0 5 0 0 0 0 0 0 0 0 0 0 0 0 0 5 6 0 0 0 0 0 0 0 0 0 0 5 0 0 0 0 0
Last Time Cost: 00000002 ms
Total Time Cost: 00027602 ms
Total Distance 23: 0 0 0 0 0 0 2 0 5 0 0 0 0 0 0 0 0 0 0 0 0 0 5 6 0 0 0 0 0 0 0 0 0 0 5 0 0 0 0 0
Last Time Cost: 00000002 ms
Total Time Cost: 00027604 ms
Total Distance 22: 0 0 0 0 0 0 1 0 5 0 0 0 0 0 0 0 0 0 0 0 0 0 5 6 0 0 0 0 0 0 0 0 0 0 5 0 0 0 0 0
Last Time Cost: 00000001 ms
Total Time Cost: 00027605 ms
Total Distance 21: 0 0 0 0 0 0 0 0 5 0 0 0 0 0 0 0 0 0 0 0 0 0 5 6 0 0 0 0 0 0 0 0 0 0 5 0 0 0 0 0
Last Time Cost: 00000116 ms
Total Time Cost: 00027721 ms
Total Distance 20: 0 0 0 0 0 0 0 0 5 0 0 0 0 0 0 0 0 0 0 0 0 0 4 6 0 0 0 0 0 0 0 0 0 0 5 0 0 0 0 0
Last Time Cost: 00000002 ms
Total Time Cost: 00027723 ms
Total Distance 19: 0 0 0 0 0 0 0 0 5 0 0 0 0 0 0 0 0 0 0 0 0 0 3 6 0 0 0 0 0 0 0 0 0 0 5 0 0 0 0 0
Last Time Cost: 00000002 ms
Total Time Cost: 00027725 ms
Total Distance 18: 0 0 0 0 0 0 0 0 5 0 0 0 0 0 0 0 0 0 0 0 0 0 2 6 0 0 0 0 0 0 0 0 0 0 5 0 0 0 0 0
Last Time Cost: 00000002 ms
Total Time Cost: 00027727 ms
Total Distance 17: 0 0 0 0 0 0 0 0 5 0 0 0 0 0 0 0 0 0 0 0 0 0 1 6 0 0 0 0 0 0 0 0 0 0 5 0 0 0 0 0
Last Time Cost: 00000001 ms
Total Time Cost: 00027728 ms
Total Distance 16: 0 0 0 0 0 0 0 0 5 0 0 0 0 0 0 0 0 0 0 0 0 0 0 6 0 0 0 0 0 0 0 0 0 0 5 0 0 0 0 0
Last Time Cost: 00000114 ms
Total Time Cost: 00027842 ms
Total Distance 14: 0 0 0 0 0 0 0 0 4 0 0 0 0 0 0 0 0 0 0 0 0 0 0 5 0 0 0 0 0 0 0 0 0 0 5 0 0 0 0 0
Last Time Cost: 00000035 ms
Total Time Cost: 00027877 ms
Total Distance 13: 0 0 0 0 0 0 0 0 3 0 0 0 0 0 0 0 0 0 0 0 0 0 0 5 0 0 0 0 0 0 0 0 0 0 5 0 0 0 0 0
Last Time Cost: 00000000 ms
Total Time Cost: 00027877 ms
Total Distance 12: 0 0 0 0 0 0 0 0 2 0 0 0 0 0 0 0 0 0 0 0 0 0 0 5 0 0 0 0 0 0 0 0 0 0 5 0 0 0 0 0
Last Time Cost: 00000000 ms
Total Time Cost: 00027877 ms
Total Distance 11: 0 0 0 0 0 0 0 0 1 0 0 0 0 0 0 0 0 0 0 0 0 0 0 5 0 0 0 0 0 0 0 0 0 0 5 0 0 0 0 0
Last Time Cost: 00000000 ms
Total Time Cost: 00027877 ms
Total Distance 10: 0 0 0 0 0 0 0 0 0 0 0 0 0 0 0 0 0 0 0 0 0 0 0 5 0 0 0 0 0 0 0 0 0 0 5 0 0 0 0 0
Last Time Cost: 00000038 ms
Total Time Cost: 00027915 ms
Total Distance 9: 0 0 0 0 0 0 0 0 0 0 0 0 0 0 0 0 0 0 0 0 0 0 0 5 0 0 0 0 0 0 0 0 0 0 4 0 0 0 0 0
Last Time Cost: 00000000 ms
Total Time Cost: 00027915 ms
Total Distance 8: 0 0 0 0 0 0 0 0 0 0 0 0 0 0 0 0 0 0 0 0 0 0 0 5 0 0 0 0 0 0 0 0 0 0 3 0 0 0 0 0
Last Time Cost: 00000000 ms
Total Time Cost: 00027915 ms
Total Distance 7: 0 0 0 0 0 0 0 0 0 0 0 0 0 0 0 0 0 0 0 0 0 0 0 5 0 0 0 0 0 0 0 0 0 0 2 0 0 0 0 0
Last Time Cost: 00000000 ms
Total Time Cost: 00027915 ms
Total Distance 6: 0 0 0 0 0 0 0 0 0 0 0 0 0 0 0 0 0 0 0 0 0 0 0 5 0 0 0 0 0 0 0 0 0 0 1 0 0 0 0 0
Last Time Cost: 00000000 ms
Total Time Cost: 00027915 ms
Total Distance 5: 0 0 0 0 0 0 0 0 0 0 0 0 0 0 0 0 0 0 0 0 0 0 0 5 0 0 0 0 0 0 0 0 0 0 0 0 0 0 0 0
Last Time Cost: 00000021 ms
Total Time Cost: 00027936 ms
Total Distance 4: 0 0 0 0 0 0 0 0 0 0 0 0 0 0 0 0 0 0 0 0 0 0 0 4 0 0 0 0 0 0 0 0 0 0 0 0 0 0 0 0
Last Time Cost: 00000000 ms
Total Time Cost: 00027936 ms
Total Distance 3: 0 0 0 0 0 0 0 0 0 0 0 0 0 0 0 0 0 0 0 0 0 0 0 3 0 0 0 0 0 0 0 0 0 0 0 0 0 0 0 0
Last Time Cost: 00000000 ms
Total Time Cost: 00027936 ms
Total Distance 2: 0 0 0 0 0 0 0 0 0 0 0 0 0 0 0 0 0 0 0 0 0 0 0 2 0 0 0 0 0 0 0 0 0 0 0 0 0 0 0 0
Last Time Cost: 00000000 ms
Total Time Cost: 00027936 ms
Total Distance 1: 0 0 0 0 0 0 0 0 0 0 0 0 0 0 0 0 0 0 0 0 0 0 0 1 0 0 0 0 0 0 0 0 0 0 0 0 0 0 0 0
Last Time Cost: 00000000 ms
Total Time Cost: 00027936 ms
Total Distance 0: 0 0 0 0 0 0 0 0 0 0 0 0 0 0 0 0 0 0 0 0 0 0 0 0 0 0 0 0 0 0 0 0 0 0 0 0 0 0 0 0
