Last Time Cost: 00000000 ms
Total Time Cost: 00000000 ms
Total Distance 308: 8 8 8 8 8 8 8 8 8 8 8 6 6 6 6 6 6 6 6 6 6 6 7 7 7 7 7 7 7 7 7 7 7 7 7 7 7 7 7 7 7 7 7 7
Last Time Cost: 00000012 ms
Total Time Cost: 00000012 ms
Total Distance 303: 8 8 8 8 8 8 8 8 8 8 8 6 5 6 6 6 6 6 6 6 6 6 7 7 7 7 6 7 7 7 7 7 7 6 7 7 7 7 7 7 6 6 7 7
Last Time Cost: 00000008 ms
Total Time Cost: 00000020 ms
Total Distance 298: 8 8 8 8 8 7 8 8 8 8 8 6 5 6 6 6 6 6 5 6 6 6 7 7 7 6 6 7 7 7 7 7 7 6 7 7 7 6 7 7 6 5 7 7
Last Time Cost: 00000008 ms
Total Time Cost: 00000028 ms
Total Distance 293: 7 8 8 8 8 7 8 8 8 8 8 6 5 6 6 6 6 6 5 6 6 5 7 7 7 6 6 7 6 7 7 7 7 6 7 7 7 6 6 7 6 5 7 6
Last Time Cost: 00000008 ms
Total Time Cost: 00000036 ms
Total Distance 288: 7 8 8 8 8 6 7 7 8 8 8 6 5 6 6 6 6 6 5 6 5 5 6 7 7 6 6 7 6 7 7 7 7 6 7 7 7 6 6 7 6 5 7 6
Last Time Cost: 00000009 ms
Total Time Cost: 00000045 ms
Total Distance 283: 7 8 8 8 7 6 6 7 7 8 8 6 5 6 6 6 6 6 5 6 5 5 6 7 7 5 6 7 6 7 7 7 7 6 7 7 6 6 6 7 6 5 7 6
Last Time Cost: 00000009 ms
Total Time Cost: 00000054 ms
Total Distance 279: 7 8 8 8 7 6 6 7 7 8 8 6 5 6 6 6 6 6 4 6 4 5 6 6 7 4 6 7 6 7 7 7 7 6 7 7 6 6 6 7 6 5 7 6
Last Time Cost: 00000009 ms
Total Time Cost: 00000063 ms
Total Distance 275: 7 8 8 8 6 6 6 7 7 8 8 6 5 6 6 6 6 6 4 6 4 4 6 5 7 4 6 7 6 7 7 7 7 6 7 7 6 5 6 7 6 5 7 6
Last Time Cost: 00000010 ms
Total Time Cost: 00000073 ms
Total Distance 271: 7 8 8 8 6 6 6 7 7 8 8 6 4 6 6 6 6 6 4 5 4 4 6 5 7 4 5 7 6 6 7 7 7 6 7 7 6 5 6 7 6 5 7 6
Last Time Cost: 00000010 ms
Total Time Cost: 00000083 ms
Total Distance 267: 6 8 8 8 6 6 6 7 7 8 8 6 4 6 6 6 6 6 4 5 4 4 6 5 7 4 5 7 5 6 7 6 7 6 7 7 6 5 6 6 6 5 7 6
Last Time Cost: 00000010 ms
Total Time Cost: 00000093 ms
Total Distance 263: 6 8 8 8 6 6 6 7 7 7 8 6 4 6 6 6 6 6 4 5 4 4 6 5 7 4 5 7 5 6 7 5 7 6 7 7 6 5 6 5 6 5 6 6
Last Time Cost: 00000010 ms
Total Time Cost: 00000103 ms
Total Distance 259: 6 7 8 8 6 6 6 6 7 7 8 6 4 6 6 6 6 6 4 5 4 4 6 5 7 4 5 6 5 6 7 5 7 6 7 7 6 5 5 5 6 5 6 6
Last Time Cost: 00000010 ms
Total Time Cost: 00000113 ms
Total Distance 255: 6 7 8 8 6 6 6 6 7 7 7 6 4 6 6 6 5 6 4 5 4 4 6 5 6 4 5 6 5 6 7 5 7 6 7 6 6 5 5 5 6 5 6 6
Last Time Cost: 00000009 ms
Total Time Cost: 00000122 ms
Total Distance 252: 6 7 8 8 5 6 6 6 7 7 7 6 4 6 6 6 5 6 4 5 4 3 6 5 6 4 5 6 5 6 7 5 7 6 7 6 6 4 5 5 6 5 6 6
Last Time Cost: 00000010 ms
Total Time Cost: 00000132 ms
Total Distance 249: 6 7 8 8 5 6 6 6 7 7 7 6 4 6 6 6 5 6 4 5 4 2 6 5 6 4 5 5 5 6 7 5 6 6 7 6 6 4 5 5 6 5 6 6
Last Time Cost: 00000010 ms
Total Time Cost: 00000142 ms
Total Distance 246: 5 7 8 8 4 6 6 6 7 7 7 6 4 6 6 6 5 6 4 5 4 2 6 5 6 4 5 5 4 6 7 5 6 6 7 6 6 4 5 5 6 5 6 6
Last Time Cost: 00000010 ms
Total Time Cost: 00000152 ms
Total Distance 243: 5 7 8 8 4 6 6 6 7 7 7 6 4 6 5 6 5 6 4 5 3 2 6 5 6 4 5 5 4 6 7 5 5 6 7 6 6 4 5 5 6 5 6 6
Last Time Cost: 00000011 ms
Total Time Cost: 00000163 ms
Total Distance 240: 5 7 8 8 4 6 6 6 7 7 6 6 4 6 5 6 5 6 4 4 3 2 6 5 6 4 5 5 4 6 7 5 5 6 7 6 6 4 5 4 6 5 6 6
Last Time Cost: 00000011 ms
Total Time Cost: 00000174 ms
Total Distance 237: 5 7 8 8 4 6 6 6 7 7 6 6 4 6 5 6 5 6 4 4 3 2 6 5 6 4 5 5 4 6 7 5 5 5 7 5 6 4 4 4 6 5 6 6
Last Time Cost: 00000012 ms
Total Time Cost: 00000186 ms
Total Distance 234: 5 7 8 8 4 6 6 5 7 7 6 6 4 6 4 6 5 6 4 4 3 2 6 5 6 4 5 5 4 6 7 5 5 4 7 5 6 4 4 4 6 5 6 6
Last Time Cost: 00000013 ms
Total Time Cost: 00000199 ms
Total Distance 231: 5 7 8 8 4 6 6 5 7 7 5 6 4 6 4 6 5 5 4 4 3 2 6 5 6 4 5 5 4 6 7 5 5 4 6 5 6 4 4 4 6 5 6 6
Last Time Cost: 00000013 ms
Total Time Cost: 00000212 ms
Total Distance 227: 5 7 8 8 4 5 6 5 6 6 5 6 4 6 4 6 5 5 4 4 3 2 6 5 6 4 5 5 4 6 7 5 5 4 6 5 6 4 4 4 6 4 6 6
Last Time Cost: 00000011 ms
Total Time Cost: 00000223 ms
Total Distance 224: 5 7 8 8 4 5 5 5 5 6 5 6 4 6 4 6 5 5 4 4 3 2 6 5 6 4 5 5 4 6 7 5 5 4 6 5 5 4 4 4 6 4 6 6
Last Time Cost: 00000011 ms
Total Time Cost: 00000234 ms
Total Distance 221: 5 7 8 7 4 5 5 5 5 6 5 6 4 6 4 6 4 5 4 4 3 2 5 5 6 4 5 5 4 6 7 5 5 4 6 5 5 4 4 4 6 4 6 6
Last Time Cost: 00000011 ms
Total Time Cost: 00000245 ms
Total Distance 218: 5 7 7 7 4 5 5 5 5 6 5 5 4 6 4 6 4 5 4 4 3 2 5 5 5 4 5 5 4 6 7 5 5 4 6 5 5 4 4 4 6 4 6 6
Last Time Cost: 00000010 ms
Total Time Cost: 00000255 ms
Total Distance 215: 5 7 7 6 4 5 5 5 5 6 5 5 4 6 4 6 4 5 4 4 3 2 5 5 5 4 5 5 4 6 6 5 5 4 6 5 5 4 4 4 5 4 6 6
Last Time Cost: 00000007 ms
Total Time Cost: 00000262 ms
Total Distance 213: 5 7 7 6 4 5 5 5 5 6 5 5 4 6 4 6 4 5 4 4 3 2 5 5 5 4 5 5 4 6 6 5 5 4 6 5 5 3 4 4 5 3 6 6
Last Time Cost: 00000008 ms
Total Time Cost: 00000270 ms
Total Distance 211: 5 7 7 6 4 5 5 5 5 6 5 5 4 6 4 6 4 5 3 4 3 2 5 5 5 3 5 5 4 6 6 5 5 4 6 5 5 3 4 4 5 3 6 6
Last Time Cost: 00000008 ms
Total Time Cost: 00000278 ms
Total Distance 209: 5 7 7 6 4 5 5 5 5 6 5 5 4 6 4 6 4 5 2 4 3 2 5 5 5 2 5 5 4 6 6 5 5 4 6 5 5 3 4 4 5 3 6 6
Last Time Cost: 00000009 ms
Total Time Cost: 00000287 ms
Total Distance 207: 5 7 7 6 4 5 5 5 4 6 5 5 4 6 4 6 4 5 2 4 3 2 5 5 5 2 5 5 4 6 6 5 5 4 6 5 5 3 4 4 5 2 6 6
Last Time Cost: 00000009 ms
Total Time Cost: 00000296 ms
Total Distance 205: 5 7 7 6 4 5 5 5 4 6 5 5 4 6 4 6 4 5 2 4 3 2 5 5 5 2 5 5 4 6 6 5 5 4 5 5 5 3 4 4 5 1 6 6
Last Time Cost: 00000001 ms
Total Time Cost: 00000297 ms
Total Distance 204: 5 7 7 6 4 5 5 5 4 6 5 5 4 6 4 6 4 5 2 4 3 2 5 5 5 2 5 5 4 6 6 5 5 4 5 5 5 3 4 4 5 0 6 6
Last Time Cost: 00000010 ms
Total Time Cost: 00000307 ms
Total Distance 202: 5 7 7 6 4 5 5 5 4 6 4 5 4 6 4 6 3 5 2 4 3 2 5 5 5 2 5 5 4 6 6 5 5 4 5 5 5 3 4 4 5 0 6 6
Last Time Cost: 00000011 ms
Total Time Cost: 00000318 ms
Total Distance 200: 5 7 7 6 4 5 5 5 4 6 4 5 4 6 4 6 3 5 2 3 3 2 5 4 5 2 5 5 4 6 6 5 5 4 5 5 5 3 4 4 5 0 6 6
Last Time Cost: 00000012 ms
Total Time Cost: 00000330 ms
Total Distance 198: 4 7 7 6 4 5 5 5 4 6 4 5 4 6 4 6 3 5 2 3 3 2 5 4 5 2 5 5 4 6 6 5 5 4 5 5 5 3 4 3 5 0 6 6
Last Time Cost: 00000012 ms
Total Time Cost: 00000342 ms
Total Distance 196: 3 7 7 6 4 5 5 5 4 6 4 5 4 6 4 6 3 5 2 3 3 2 5 4 5 2 5 5 3 6 6 5 5 4 5 5 5 3 4 3 5 0 6 6
Last Time Cost: 00000014 ms
Total Time Cost: 00000356 ms
Total Distance 194: 2 7 7 6 4 5 5 5 4 6 4 5 4 6 4 6 3 5 2 3 3 2 5 4 5 2 5 5 3 6 6 5 5 4 5 5 5 3 4 3 5 0 6 5
Last Time Cost: 00000014 ms
Total Time Cost: 00000370 ms
Total Distance 192: 2 7 7 6 4 5 5 4 4 6 4 5 4 6 4 6 3 5 2 3 3 2 5 4 5 2 5 5 3 6 6 5 5 4 5 5 5 3 3 3 5 0 6 5
Last Time Cost: 00000014 ms
Total Time Cost: 00000384 ms
Total Distance 190: 2 7 7 6 4 5 5 4 4 6 4 5 4 6 4 6 3 5 2 3 3 2 5 4 5 2 5 5 3 6 6 5 5 3 5 5 5 3 3 3 4 0 6 5
Last Time Cost: 00000015 ms
Total Time Cost: 00000399 ms
Total Distance 188: 2 7 7 6 4 5 5 4 4 6 4 5 4 6 4 6 3 5 2 3 3 2 5 4 5 2 5 5 2 6 6 5 5 3 5 5 5 3 3 3 4 0 5 5
Last Time Cost: 00000016 ms
Total Time Cost: 00000415 ms
Total Distance 186: 2 7 7 6 4 5 5 4 4 6 3 5 4 6 4 6 3 4 2 3 3 2 5 4 5 2 5 5 2 6 6 5 5 3 5 5 5 3 3 3 4 0 5 5
Last Time Cost: 00000017 ms
Total Time Cost: 00000432 ms
Total Distance 184: 2 7 7 6 4 5 5 4 4 6 3 5 4 6 4 6 3 3 2 3 3 2 5 4 5 2 5 5 2 6 6 5 5 3 5 5 4 3 3 3 4 0 5 5
Last Time Cost: 00000017 ms
Total Time Cost: 00000449 ms
Total Distance 182: 2 7 7 6 4 5 5 4 4 6 3 5 4 6 4 6 3 3 2 2 3 2 5 3 5 2 5 5 2 6 6 5 5 3 5 5 4 3 3 3 4 0 5 5
Last Time Cost: 00000018 ms
Total Time Cost: 00000467 ms
Total Distance 180: 2 7 7 6 4 5 5 4 4 6 3 4 4 6 4 6 3 3 2 2 3 2 5 2 5 2 5 5 2 6 6 5 5 3 5 5 4 3 3 3 4 0 5 5
Last Time Cost: 00000019 ms
Total Time Cost: 00000486 ms
Total Distance 178: 2 7 7 6 4 4 5 3 4 6 3 4 4 6 4 6 3 3 2 2 3 2 5 2 5 2 5 5 2 6 6 5 5 3 5 5 4 3 3 3 4 0 5 5
Last Time Cost: 00000020 ms
Total Time Cost: 00000506 ms
Total Distance 175: 2 6 7 6 4 4 5 3 4 6 3 4 4 5 4 6 3 3 2 2 3 2 5 2 5 2 5 5 2 6 6 5 5 3 4 5 4 3 3 3 4 0 5 5
Last Time Cost: 00000013 ms
Total Time Cost: 00000519 ms
Total Distance 173: 2 6 7 6 4 4 5 3 4 6 3 4 3 5 4 6 3 3 2 2 3 2 5 2 5 2 4 5 2 6 6 5 5 3 4 5 4 3 3 3 4 0 5 5
Last Time Cost: 00000013 ms
Total Time Cost: 00000532 ms
Total Distance 171: 2 6 7 6 4 4 5 3 4 6 3 4 3 5 4 6 3 3 2 2 3 2 5 2 5 2 3 5 2 6 6 5 5 3 4 5 3 3 3 3 4 0 5 5
Last Time Cost: 00000014 ms
Total Time Cost: 00000546 ms
Total Distance 169: 2 6 7 6 4 3 5 3 4 6 3 4 3 5 4 5 3 3 2 2 3 2 5 2 5 2 3 5 2 6 6 5 5 3 4 5 3 3 3 3 4 0 5 5
Last Time Cost: 00000015 ms
Total Time Cost: 00000561 ms
Total Distance 167: 2 6 7 6 4 3 5 3 4 6 3 4 3 4 4 5 3 3 2 2 3 2 5 2 4 2 3 5 2 6 6 5 5 3 4 5 3 3 3 3 4 0 5 5
Last Time Cost: 00000015 ms
Total Time Cost: 00000576 ms
Total Distance 165: 2 6 7 6 4 3 5 3 4 6 3 4 3 4 4 5 3 3 2 2 3 2 5 2 4 2 3 5 2 6 6 4 5 3 4 5 3 3 3 3 4 0 4 5
Last Time Cost: 00000016 ms
Total Time Cost: 00000592 ms
Total Distance 163: 2 6 6 6 4 3 5 3 4 6 3 4 3 4 4 5 3 3 2 2 3 2 5 2 4 2 3 5 2 6 6 4 5 2 4 5 3 3 3 3 4 0 4 5
Last Time Cost: 00000005 ms
Total Time Cost: 00000597 ms
Total Distance 161: 2 6 6 6 4 3 5 3 4 6 3 3 3 4 4 5 3 3 2 2 3 2 5 1 4 2 3 5 2 6 6 4 5 2 4 5 3 3 3 3 4 0 4 5
Last Time Cost: 00000001 ms
Total Time Cost: 00000598 ms
Total Distance 160: 2 6 6 6 4 3 5 3 4 6 3 3 3 4 4 5 3 3 2 2 3 2 5 0 4 2 3 5 2 6 6 4 5 2 4 5 3 3 3 3 4 0 4 5
Last Time Cost: 00000006 ms
Total Time Cost: 00000604 ms
Total Distance 158: 2 6 5 6 4 3 5 3 4 6 3 2 3 4 4 5 3 3 2 2 3 2 5 0 4 2 3 5 2 6 6 4 5 2 4 5 3 3 3 3 4 0 4 5
Last Time Cost: 00000006 ms
Total Time Cost: 00000610 ms
Total Distance 156: 2 5 5 6 4 3 5 3 4 6 3 2 3 3 4 5 3 3 2 2 3 2 5 0 4 2 3 5 2 6 6 4 5 2 4 5 3 3 3 3 4 0 4 5
Last Time Cost: 00000006 ms
Total Time Cost: 00000616 ms
Total Distance 154: 2 5 5 6 3 3 5 3 4 6 3 2 3 3 4 5 3 3 2 2 3 2 5 0 4 2 3 5 2 5 6 4 5 2 4 5 3 3 3 3 4 0 4 5
Last Time Cost: 00000006 ms
Total Time Cost: 00000622 ms
Total Distance 152: 2 4 5 6 3 3 5 3 4 6 3 2 3 3 4 5 3 3 2 2 3 2 5 0 4 2 3 5 2 5 6 4 5 2 4 5 3 3 3 3 4 0 4 4
Last Time Cost: 00000006 ms
Total Time Cost: 00000628 ms
Total Distance 150: 2 3 5 6 3 3 5 3 4 6 3 2 3 3 4 5 3 3 2 2 3 2 5 0 4 2 3 5 2 5 6 4 5 2 4 5 3 3 3 3 4 0 4 3
Last Time Cost: 00000006 ms
Total Time Cost: 00000634 ms
Total Distance 148: 2 3 5 6 3 3 5 3 4 6 3 2 3 3 4 4 3 3 2 2 3 2 5 0 4 2 3 5 2 5 5 4 5 2 4 5 3 3 3 3 4 0 4 3
Last Time Cost: 00000006 ms
Total Time Cost: 00000640 ms
Total Distance 146: 2 3 5 6 3 3 5 3 4 6 3 2 3 3 4 4 3 3 2 2 3 2 5 0 4 2 3 5 2 5 4 4 4 2 4 5 3 3 3 3 4 0 4 3
Last Time Cost: 00000005 ms
Total Time Cost: 00000645 ms
Total Distance 145: 2 3 5 6 3 3 5 3 4 6 3 2 3 3 4 4 3 3 2 2 3 2 5 0 4 1 3 5 2 5 4 4 4 2 4 5 3 3 3 3 4 0 4 3
Last Time Cost: 00000001 ms
Total Time Cost: 00000646 ms
Total Distance 144: 2 3 5 6 3 3 5 3 4 6 3 2 3 3 4 4 3 3 2 2 3 2 5 0 4 0 3 5 2 5 4 4 4 2 4 5 3 3 3 3 4 0 4 3
Last Time Cost: 00000005 ms
Total Time Cost: 00000651 ms
Total Distance 143: 2 3 5 6 3 3 5 3 4 6 3 2 3 3 4 4 3 3 2 2 3 2 5 0 4 0 3 5 1 5 4 4 4 2 4 5 3 3 3 3 4 0 4 3
Last Time Cost: 00000001 ms
Total Time Cost: 00000652 ms
Total Distance 142: 2 3 5 6 3 3 5 3 4 6 3 2 3 3 4 4 3 3 2 2 3 2 5 0 4 0 3 5 0 5 4 4 4 2 4 5 3 3 3 3 4 0 4 3
Last Time Cost: 00000006 ms
Total Time Cost: 00000658 ms
Total Distance 141: 2 3 5 6 3 3 5 3 4 6 3 2 3 3 4 4 3 3 2 2 3 1 5 0 4 0 3 5 0 5 4 4 4 2 4 5 3 3 3 3 4 0 4 3
Last Time Cost: 00000001 ms
Total Time Cost: 00000659 ms
Total Distance 140: 2 3 5 6 3 3 5 3 4 6 3 2 3 3 4 4 3 3 2 2 3 0 5 0 4 0 3 5 0 5 4 4 4 2 4 5 3 3 3 3 4 0 4 3
Last Time Cost: 00000006 ms
Total Time Cost: 00000665 ms
Total Distance 139: 2 3 5 6 3 3 5 3 4 6 3 1 3 3 4 4 3 3 2 2 3 0 5 0 4 0 3 5 0 5 4 4 4 2 4 5 3 3 3 3 4 0 4 3
Last Time Cost: 00000001 ms
Total Time Cost: 00000666 ms
Total Distance 138: 2 3 5 6 3 3 5 3 4 6 3 0 3 3 4 4 3 3 2 2 3 0 5 0 4 0 3 5 0 5 4 4 4 2 4 5 3 3 3 3 4 0 4 3
Last Time Cost: 00000006 ms
Total Time Cost: 00000672 ms
Total Distance 137: 1 3 5 6 3 3 5 3 4 6 3 0 3 3 4 4 3 3 2 2 3 0 5 0 4 0 3 5 0 5 4 4 4 2 4 5 3 3 3 3 4 0 4 3
Last Time Cost: 00000001 ms
Total Time Cost: 00000673 ms
Total Distance 136: 0 3 5 6 3 3 5 3 4 6 3 0 3 3 4 4 3 3 2 2 3 0 5 0 4 0 3 5 0 5 4 4 4 2 4 5 3 3 3 3 4 0 4 3
Last Time Cost: 00000007 ms
Total Time Cost: 00000680 ms
Total Distance 135: 0 3 5 6 3 3 5 3 4 6 3 0 3 3 4 4 3 3 2 2 3 0 5 0 4 0 3 5 0 5 4 4 4 1 4 5 3 3 3 3 4 0 4 3
Last Time Cost: 00000001 ms
Total Time Cost: 00000681 ms
Total Distance 134: 0 3 5 6 3 3 5 3 4 6 3 0 3 3 4 4 3 3 2 2 3 0 5 0 4 0 3 5 0 5 4 4 4 0 4 5 3 3 3 3 4 0 4 3
Last Time Cost: 00000007 ms
Total Time Cost: 00000688 ms
Total Distance 133: 0 3 5 6 3 3 5 3 4 6 3 0 3 3 4 4 3 3 2 1 3 0 5 0 4 0 3 5 0 5 4 4 4 0 4 5 3 3 3 3 4 0 4 3
Last Time Cost: 00000001 ms
Total Time Cost: 00000689 ms
Total Distance 132: 0 3 5 6 3 3 5 3 4 6 3 0 3 3 4 4 3 3 2 0 3 0 5 0 4 0 3 5 0 5 4 4 4 0 4 5 3 3 3 3 4 0 4 3
Last Time Cost: 00000008 ms
Total Time Cost: 00000697 ms
Total Distance 131: 0 3 5 6 3 3 5 3 4 6 3 0 3 3 4 4 3 3 1 0 3 0 5 0 4 0 3 5 0 5 4 4 4 0 4 5 3 3 3 3 4 0 4 3
Last Time Cost: 00000001 ms
Total Time Cost: 00000698 ms
Total Distance 130: 0 3 5 6 3 3 5 3 4 6 3 0 3 3 4 4 3 3 0 0 3 0 5 0 4 0 3 5 0 5 4 4 4 0 4 5 3 3 3 3 4 0 4 3
Last Time Cost: 00000008 ms
Total Time Cost: 00000706 ms
Total Distance 129: 0 3 5 6 3 3 5 3 4 6 3 0 3 3 4 4 3 3 0 0 3 0 5 0 4 0 3 5 0 5 4 4 4 0 4 5 3 3 3 3 4 0 4 2
Last Time Cost: 00000001 ms
Total Time Cost: 00000707 ms
Total Distance 128: 0 3 5 6 3 3 5 3 4 6 3 0 3 3 4 4 3 3 0 0 3 0 5 0 4 0 3 5 0 5 4 4 4 0 4 5 3 3 3 3 4 0 4 1
Last Time Cost: 00000001 ms
Total Time Cost: 00000708 ms
Total Distance 127: 0 3 5 6 3 3 5 3 4 6 3 0 3 3 4 4 3 3 0 0 3 0 5 0 4 0 3 5 0 5 4 4 4 0 4 5 3 3 3 3 4 0 4 0
Last Time Cost: 00000009 ms
Total Time Cost: 00000717 ms
Total Distance 126: 0 3 5 6 3 3 5 3 4 6 3 0 3 3 4 4 3 3 0 0 3 0 5 0 4 0 3 5 0 5 4 4 4 0 4 5 3 3 3 2 4 0 4 0
Last Time Cost: 00000001 ms
Total Time Cost: 00000718 ms
Total Distance 125: 0 3 5 6 3 3 5 3 4 6 3 0 3 3 4 4 3 3 0 0 3 0 5 0 4 0 3 5 0 5 4 4 4 0 4 5 3 3 3 1 4 0 4 0
Last Time Cost: 00000001 ms
Total Time Cost: 00000719 ms
Total Distance 124: 0 3 5 6 3 3 5 3 4 6 3 0 3 3 4 4 3 3 0 0 3 0 5 0 4 0 3 5 0 5 4 4 4 0 4 5 3 3 3 0 4 0 4 0
Last Time Cost: 00000010 ms
Total Time Cost: 00000729 ms
Total Distance 123: 0 3 5 6 3 3 5 3 4 6 3 0 3 3 4 4 3 2 0 0 3 0 5 0 4 0 3 5 0 5 4 4 4 0 4 5 3 3 3 0 4 0 4 0
Last Time Cost: 00000001 ms
Total Time Cost: 00000730 ms
Total Distance 122: 0 3 5 6 3 3 5 3 4 6 3 0 3 3 4 4 3 1 0 0 3 0 5 0 4 0 3 5 0 5 4 4 4 0 4 5 3 3 3 0 4 0 4 0
Last Time Cost: 00000001 ms
Total Time Cost: 00000731 ms
Total Distance 121: 0 3 5 6 3 3 5 3 4 6 3 0 3 3 4 4 3 0 0 0 3 0 5 0 4 0 3 5 0 5 4 4 4 0 4 5 3 3 3 0 4 0 4 0
Last Time Cost: 00000011 ms
Total Time Cost: 00000742 ms
Total Distance 120: 0 3 5 6 3 3 5 3 4 6 3 0 3 2 4 4 3 0 0 0 3 0 5 0 4 0 3 5 0 5 4 4 4 0 4 5 3 3 3 0 4 0 4 0
Last Time Cost: 00000001 ms
Total Time Cost: 00000743 ms
Total Distance 119: 0 3 5 6 3 3 5 3 4 6 3 0 3 1 4 4 3 0 0 0 3 0 5 0 4 0 3 5 0 5 4 4 4 0 4 5 3 3 3 0 4 0 4 0
Last Time Cost: 00000001 ms
Total Time Cost: 00000744 ms
Total Distance 118: 0 3 5 6 3 3 5 3 4 6 3 0 3 0 4 4 3 0 0 0 3 0 5 0 4 0 3 5 0 5 4 4 4 0 4 5 3 3 3 0 4 0 4 0
Last Time Cost: 00000012 ms
Total Time Cost: 00000756 ms
Total Distance 117: 0 3 5 6 3 2 5 3 4 6 3 0 3 0 4 4 3 0 0 0 3 0 5 0 4 0 3 5 0 5 4 4 4 0 4 5 3 3 3 0 4 0 4 0
Last Time Cost: 00000001 ms
Total Time Cost: 00000757 ms
Total Distance 116: 0 3 5 6 3 1 5 3 4 6 3 0 3 0 4 4 3 0 0 0 3 0 5 0 4 0 3 5 0 5 4 4 4 0 4 5 3 3 3 0 4 0 4 0
Last Time Cost: 00000001 ms
Total Time Cost: 00000758 ms
Total Distance 115: 0 3 5 6 3 0 5 3 4 6 3 0 3 0 4 4 3 0 0 0 3 0 5 0 4 0 3 5 0 5 4 4 4 0 4 5 3 3 3 0 4 0 4 0
Last Time Cost: 00000014 ms
Total Time Cost: 00000772 ms
Total Distance 114: 0 3 5 6 3 0 5 3 4 6 3 0 3 0 4 4 3 0 0 0 3 0 5 0 4 0 3 5 0 5 4 4 4 0 4 5 3 3 2 0 4 0 4 0
Last Time Cost: 00000001 ms
Total Time Cost: 00000773 ms
Total Distance 113: 0 3 5 6 3 0 5 3 4 6 3 0 3 0 4 4 3 0 0 0 3 0 5 0 4 0 3 5 0 5 4 4 4 0 4 5 3 3 1 0 4 0 4 0
Last Time Cost: 00000001 ms
Total Time Cost: 00000774 ms
Total Distance 112: 0 3 5 6 3 0 5 3 4 6 3 0 3 0 4 4 3 0 0 0 3 0 5 0 4 0 3 5 0 5 4 4 4 0 4 5 3 3 0 0 4 0 4 0
Last Time Cost: 00000015 ms
Total Time Cost: 00000789 ms
Total Distance 111: 0 3 5 6 3 0 5 2 4 6 3 0 3 0 4 4 3 0 0 0 3 0 5 0 4 0 3 5 0 5 4 4 4 0 4 5 3 3 0 0 4 0 4 0
Last Time Cost: 00000001 ms
Total Time Cost: 00000790 ms
Total Distance 110: 0 3 5 6 3 0 5 1 4 6 3 0 3 0 4 4 3 0 0 0 3 0 5 0 4 0 3 5 0 5 4 4 4 0 4 5 3 3 0 0 4 0 4 0
Last Time Cost: 00000001 ms
Total Time Cost: 00000791 ms
Total Distance 109: 0 3 5 6 3 0 5 0 4 6 3 0 3 0 4 4 3 0 0 0 3 0 5 0 4 0 3 5 0 5 4 4 4 0 4 5 3 3 0 0 4 0 4 0
Last Time Cost: 00000016 ms
Total Time Cost: 00000807 ms
Total Distance 108: 0 3 5 6 3 0 5 0 4 6 3 0 2 0 4 4 3 0 0 0 3 0 5 0 4 0 3 5 0 5 4 4 4 0 4 5 3 3 0 0 4 0 4 0
Last Time Cost: 00000001 ms
Total Time Cost: 00000808 ms
Total Distance 107: 0 3 5 6 3 0 5 0 4 6 3 0 1 0 4 4 3 0 0 0 3 0 5 0 4 0 3 5 0 5 4 4 4 0 4 5 3 3 0 0 4 0 4 0
Last Time Cost: 00000001 ms
Total Time Cost: 00000809 ms
Total Distance 106: 0 3 5 6 3 0 5 0 4 6 3 0 0 0 4 4 3 0 0 0 3 0 5 0 4 0 3 5 0 5 4 4 4 0 4 5 3 3 0 0 4 0 4 0
Last Time Cost: 00000018 ms
Total Time Cost: 00000827 ms
Total Distance 105: 0 3 5 6 3 0 5 0 4 6 3 0 0 0 4 4 3 0 0 0 2 0 5 0 4 0 3 5 0 5 4 4 4 0 4 5 3 3 0 0 4 0 4 0
Last Time Cost: 00000001 ms
Total Time Cost: 00000828 ms
Total Distance 104: 0 3 5 6 3 0 5 0 4 6 3 0 0 0 4 4 3 0 0 0 1 0 5 0 4 0 3 5 0 5 4 4 4 0 4 5 3 3 0 0 4 0 4 0
Last Time Cost: 00000001 ms
Total Time Cost: 00000829 ms
Total Distance 103: 0 3 5 6 3 0 5 0 4 6 3 0 0 0 4 4 3 0 0 0 0 0 5 0 4 0 3 5 0 5 4 4 4 0 4 5 3 3 0 0 4 0 4 0
Last Time Cost: 00000019 ms
Total Time Cost: 00000848 ms
Total Distance 101: 0 3 5 6 3 0 5 0 4 6 3 0 0 0 4 4 2 0 0 0 0 0 4 0 4 0 3 5 0 5 4 4 4 0 4 5 3 3 0 0 4 0 4 0
Last Time Cost: 00000018 ms
Total Time Cost: 00000866 ms
Total Distance 99: 0 3 5 5 3 0 5 0 4 6 3 0 0 0 4 4 2 0 0 0 0 0 4 0 4 0 3 5 0 5 4 4 4 0 4 5 3 3 0 0 4 0 3 0
Last Time Cost: 00000016 ms
Total Time Cost: 00000882 ms
Total Distance 98: 0 3 5 5 3 0 5 0 4 6 3 0 0 0 4 4 1 0 0 0 0 0 4 0 4 0 3 5 0 5 4 4 4 0 4 5 3 3 0 0 4 0 3 0
Last Time Cost: 00000001 ms
Total Time Cost: 00000883 ms
Total Distance 97: 0 3 5 5 3 0 5 0 4 6 3 0 0 0 4 4 0 0 0 0 0 0 4 0 4 0 3 5 0 5 4 4 4 0 4 5 3 3 0 0 4 0 3 0
Last Time Cost: 00000016 ms
Total Time Cost: 00000899 ms
Total Distance 95: 0 3 5 4 3 0 5 0 4 6 3 0 0 0 4 4 0 0 0 0 0 0 4 0 4 0 3 5 0 5 4 4 4 0 4 4 3 3 0 0 4 0 3 0
Last Time Cost: 00000012 ms
Total Time Cost: 00000911 ms
Total Distance 94: 0 3 5 4 3 0 5 0 4 6 3 0 0 0 4 4 0 0 0 0 0 0 4 0 4 0 3 5 0 5 4 4 4 0 4 4 3 2 0 0 4 0 3 0
Last Time Cost: 00000001 ms
Total Time Cost: 00000912 ms
Total Distance 93: 0 3 5 4 3 0 5 0 4 6 3 0 0 0 4 4 0 0 0 0 0 0 4 0 4 0 3 5 0 5 4 4 4 0 4 4 3 1 0 0 4 0 3 0
Last Time Cost: 00000001 ms
Total Time Cost: 00000913 ms
Total Distance 92: 0 3 5 4 3 0 5 0 4 6 3 0 0 0 4 4 0 0 0 0 0 0 4 0 4 0 3 5 0 5 4 4 4 0 4 4 3 0 0 0 4 0 3 0
Last Time Cost: 00000013 ms
Total Time Cost: 00000926 ms
Total Distance 91: 0 2 5 4 3 0 5 0 4 6 3 0 0 0 4 4 0 0 0 0 0 0 4 0 4 0 3 5 0 5 4 4 4 0 4 4 3 0 0 0 4 0 3 0
Last Time Cost: 00000001 ms
Total Time Cost: 00000927 ms
Total Distance 90: 0 1 5 4 3 0 5 0 4 6 3 0 0 0 4 4 0 0 0 0 0 0 4 0 4 0 3 5 0 5 4 4 4 0 4 4 3 0 0 0 4 0 3 0
Last Time Cost: 00000001 ms
Total Time Cost: 00000928 ms
Total Distance 89: 0 0 5 4 3 0 5 0 4 6 3 0 0 0 4 4 0 0 0 0 0 0 4 0 4 0 3 5 0 5 4 4 4 0 4 4 3 0 0 0 4 0 3 0
Last Time Cost: 00000014 ms
Total Time Cost: 00000942 ms
Total Distance 88: 0 0 5 4 2 0 5 0 4 6 3 0 0 0 4 4 0 0 0 0 0 0 4 0 4 0 3 5 0 5 4 4 4 0 4 4 3 0 0 0 4 0 3 0
Last Time Cost: 00000001 ms
Total Time Cost: 00000943 ms
Total Distance 87: 0 0 5 4 1 0 5 0 4 6 3 0 0 0 4 4 0 0 0 0 0 0 4 0 4 0 3 5 0 5 4 4 4 0 4 4 3 0 0 0 4 0 3 0
Last Time Cost: 00000001 ms
Total Time Cost: 00000944 ms
Total Distance 86: 0 0 5 4 0 0 5 0 4 6 3 0 0 0 4 4 0 0 0 0 0 0 4 0 4 0 3 5 0 5 4 4 4 0 4 4 3 0 0 0 4 0 3 0
Last Time Cost: 00000015 ms
Total Time Cost: 00000959 ms
Total Distance 85: 0 0 5 4 0 0 5 0 4 6 3 0 0 0 4 4 0 0 0 0 0 0 4 0 4 0 3 5 0 5 4 4 4 0 4 4 3 0 0 0 4 0 2 0
Last Time Cost: 00000001 ms
Total Time Cost: 00000960 ms
Total Distance 84: 0 0 5 4 0 0 5 0 4 6 3 0 0 0 4 4 0 0 0 0 0 0 4 0 4 0 3 5 0 5 4 4 4 0 4 4 3 0 0 0 4 0 1 0
Last Time Cost: 00000001 ms
Total Time Cost: 00000961 ms
Total Distance 83: 0 0 5 4 0 0 5 0 4 6 3 0 0 0 4 4 0 0 0 0 0 0 4 0 4 0 3 5 0 5 4 4 4 0 4 4 3 0 0 0 4 0 0 0
Last Time Cost: 00000017 ms
Total Time Cost: 00000978 ms
Total Distance 82: 0 0 5 4 0 0 5 0 4 6 3 0 0 0 4 4 0 0 0 0 0 0 4 0 4 0 3 5 0 5 4 4 4 0 4 4 2 0 0 0 4 0 0 0
Last Time Cost: 00000001 ms
Total Time Cost: 00000979 ms
Total Distance 81: 0 0 5 4 0 0 5 0 4 6 3 0 0 0 4 4 0 0 0 0 0 0 4 0 4 0 3 5 0 5 4 4 4 0 4 4 1 0 0 0 4 0 0 0
Last Time Cost: 00000001 ms
Total Time Cost: 00000980 ms
Total Distance 80: 0 0 5 4 0 0 5 0 4 6 3 0 0 0 4 4 0 0 0 0 0 0 4 0 4 0 3 5 0 5 4 4 4 0 4 4 0 0 0 0 4 0 0 0
Last Time Cost: 00000018 ms
Total Time Cost: 00000998 ms
Total Distance 79: 0 0 5 4 0 0 5 0 4 6 2 0 0 0 4 4 0 0 0 0 0 0 4 0 4 0 3 5 0 5 4 4 4 0 4 4 0 0 0 0 4 0 0 0
Last Time Cost: 00000001 ms
Total Time Cost: 00000999 ms
Total Distance 78: 0 0 5 4 0 0 5 0 4 6 1 0 0 0 4 4 0 0 0 0 0 0 4 0 4 0 3 5 0 5 4 4 4 0 4 4 0 0 0 0 4 0 0 0
Last Time Cost: 00000001 ms
Total Time Cost: 00001000 ms
Total Distance 77: 0 0 5 4 0 0 5 0 4 6 0 0 0 0 4 4 0 0 0 0 0 0 4 0 4 0 3 5 0 5 4 4 4 0 4 4 0 0 0 0 4 0 0 0
Last Time Cost: 00000019 ms
Total Time Cost: 00001019 ms
Total Distance 76: 0 0 5 4 0 0 5 0 4 6 0 0 0 0 4 4 0 0 0 0 0 0 4 0 4 0 2 5 0 5 4 4 4 0 4 4 0 0 0 0 4 0 0 0
Last Time Cost: 00000001 ms
Total Time Cost: 00001020 ms
Total Distance 75: 0 0 5 4 0 0 5 0 4 6 0 0 0 0 4 4 0 0 0 0 0 0 4 0 4 0 1 5 0 5 4 4 4 0 4 4 0 0 0 0 4 0 0 0
Last Time Cost: 00000001 ms
Total Time Cost: 00001021 ms
Total Distance 74: 0 0 5 4 0 0 5 0 4 6 0 0 0 0 4 4 0 0 0 0 0 0 4 0 4 0 0 5 0 5 4 4 4 0 4 4 0 0 0 0 4 0 0 0
Last Time Cost: 00000021 ms
Total Time Cost: 00001042 ms
Total Distance 73: 0 0 5 4 0 0 5 0 4 6 0 0 0 0 4 3 0 0 0 0 0 0 4 0 4 0 0 5 0 5 4 4 4 0 4 4 0 0 0 0 4 0 0 0
Last Time Cost: 00000001 ms
Total Time Cost: 00001043 ms
Total Distance 72: 0 0 5 4 0 0 5 0 4 6 0 0 0 0 4 2 0 0 0 0 0 0 4 0 4 0 0 5 0 5 4 4 4 0 4 4 0 0 0 0 4 0 0 0
Last Time Cost: 00000001 ms
Total Time Cost: 00001044 ms
Total Distance 71: 0 0 5 4 0 0 5 0 4 6 0 0 0 0 4 1 0 0 0 0 0 0 4 0 4 0 0 5 0 5 4 4 4 0 4 4 0 0 0 0 4 0 0 0
Last Time Cost: 00000001 ms
Total Time Cost: 00001045 ms
Total Distance 70: 0 0 5 4 0 0 5 0 4 6 0 0 0 0 4 0 0 0 0 0 0 0 4 0 4 0 0 5 0 5 4 4 4 0 4 4 0 0 0 0 4 0 0 0
Last Time Cost: 00000023 ms
Total Time Cost: 00001068 ms
Total Distance 69: 0 0 5 4 0 0 5 0 4 6 0 0 0 0 3 0 0 0 0 0 0 0 4 0 4 0 0 5 0 5 4 4 4 0 4 4 0 0 0 0 4 0 0 0
Last Time Cost: 00000001 ms
Total Time Cost: 00001069 ms
Total Distance 68: 0 0 5 4 0 0 5 0 4 6 0 0 0 0 2 0 0 0 0 0 0 0 4 0 4 0 0 5 0 5 4 4 4 0 4 4 0 0 0 0 4 0 0 0
Last Time Cost: 00000001 ms
Total Time Cost: 00001070 ms
Total Distance 67: 0 0 5 4 0 0 5 0 4 6 0 0 0 0 1 0 0 0 0 0 0 0 4 0 4 0 0 5 0 5 4 4 4 0 4 4 0 0 0 0 4 0 0 0
Last Time Cost: 00000001 ms
Total Time Cost: 00001071 ms
Total Distance 66: 0 0 5 4 0 0 5 0 4 6 0 0 0 0 0 0 0 0 0 0 0 0 4 0 4 0 0 5 0 5 4 4 4 0 4 4 0 0 0 0 4 0 0 0
Last Time Cost: 00000025 ms
Total Time Cost: 00001096 ms
Total Distance 65: 0 0 5 4 0 0 5 0 4 6 0 0 0 0 0 0 0 0 0 0 0 0 4 0 4 0 0 5 0 5 4 4 4 0 4 3 0 0 0 0 4 0 0 0
Last Time Cost: 00000001 ms
Total Time Cost: 00001097 ms
Total Distance 64: 0 0 5 4 0 0 5 0 4 6 0 0 0 0 0 0 0 0 0 0 0 0 4 0 4 0 0 5 0 5 4 4 4 0 4 2 0 0 0 0 4 0 0 0
Last Time Cost: 00000001 ms
Total Time Cost: 00001098 ms
Total Distance 63: 0 0 5 4 0 0 5 0 4 6 0 0 0 0 0 0 0 0 0 0 0 0 4 0 4 0 0 5 0 5 4 4 4 0 4 1 0 0 0 0 4 0 0 0
Last Time Cost: 00000001 ms
Total Time Cost: 00001099 ms
Total Distance 62: 0 0 5 4 0 0 5 0 4 6 0 0 0 0 0 0 0 0 0 0 0 0 4 0 4 0 0 5 0 5 4 4 4 0 4 0 0 0 0 0 4 0 0 0
Last Time Cost: 00000029 ms
Total Time Cost: 00001128 ms
Total Distance 61: 0 0 5 4 0 0 5 0 4 6 0 0 0 0 0 0 0 0 0 0 0 0 4 0 4 0 0 5 0 5 4 4 4 0 3 0 0 0 0 0 4 0 0 0
Last Time Cost: 00000001 ms
Total Time Cost: 00001129 ms
Total Distance 60: 0 0 5 4 0 0 5 0 4 6 0 0 0 0 0 0 0 0 0 0 0 0 4 0 4 0 0 5 0 5 4 4 4 0 2 0 0 0 0 0 4 0 0 0
Last Time Cost: 00000001 ms
Total Time Cost: 00001130 ms
Total Distance 59: 0 0 5 4 0 0 5 0 4 6 0 0 0 0 0 0 0 0 0 0 0 0 4 0 4 0 0 5 0 5 4 4 4 0 1 0 0 0 0 0 4 0 0 0
Last Time Cost: 00000001 ms
Total Time Cost: 00001131 ms
Total Distance 58: 0 0 5 4 0 0 5 0 4 6 0 0 0 0 0 0 0 0 0 0 0 0 4 0 4 0 0 5 0 5 4 4 4 0 0 0 0 0 0 0 4 0 0 0
Last Time Cost: 00000032 ms
Total Time Cost: 00001163 ms
Total Distance 57: 0 0 5 4 0 0 5 0 4 6 0 0 0 0 0 0 0 0 0 0 0 0 4 0 4 0 0 5 0 5 4 4 3 0 0 0 0 0 0 0 4 0 0 0
Last Time Cost: 00000001 ms
Total Time Cost: 00001164 ms
Total Distance 56: 0 0 5 4 0 0 5 0 4 6 0 0 0 0 0 0 0 0 0 0 0 0 4 0 4 0 0 5 0 5 4 4 2 0 0 0 0 0 0 0 4 0 0 0
Last Time Cost: 00000001 ms
Total Time Cost: 00001165 ms
Total Distance 55: 0 0 5 4 0 0 5 0 4 6 0 0 0 0 0 0 0 0 0 0 0 0 4 0 4 0 0 5 0 5 4 4 1 0 0 0 0 0 0 0 4 0 0 0
Last Time Cost: 00000001 ms
Total Time Cost: 00001166 ms
Total Distance 54: 0 0 5 4 0 0 5 0 4 6 0 0 0 0 0 0 0 0 0 0 0 0 4 0 4 0 0 5 0 5 4 4 0 0 0 0 0 0 0 0 4 0 0 0
Last Time Cost: 00000034 ms
Total Time Cost: 00001200 ms
Total Distance 53: 0 0 5 4 0 0 5 0 4 6 0 0 0 0 0 0 0 0 0 0 0 0 4 0 4 0 0 5 0 5 4 4 0 0 0 0 0 0 0 0 3 0 0 0
Last Time Cost: 00000001 ms
Total Time Cost: 00001201 ms
Total Distance 52: 0 0 5 4 0 0 5 0 4 6 0 0 0 0 0 0 0 0 0 0 0 0 4 0 4 0 0 5 0 5 4 4 0 0 0 0 0 0 0 0 2 0 0 0
Last Time Cost: 00000001 ms
Total Time Cost: 00001202 ms
Total Distance 51: 0 0 5 4 0 0 5 0 4 6 0 0 0 0 0 0 0 0 0 0 0 0 4 0 4 0 0 5 0 5 4 4 0 0 0 0 0 0 0 0 1 0 0 0
Last Time Cost: 00000001 ms
Total Time Cost: 00001203 ms
Total Distance 50: 0 0 5 4 0 0 5 0 4 6 0 0 0 0 0 0 0 0 0 0 0 0 4 0 4 0 0 5 0 5 4 4 0 0 0 0 0 0 0 0 0 0 0 0
Last Time Cost: 00000039 ms
Total Time Cost: 00001242 ms
Total Distance 49: 0 0 5 4 0 0 5 0 4 6 0 0 0 0 0 0 0 0 0 0 0 0 4 0 3 0 0 5 0 5 4 4 0 0 0 0 0 0 0 0 0 0 0 0
Last Time Cost: 00000001 ms
Total Time Cost: 00001243 ms
Total Distance 48: 0 0 5 4 0 0 5 0 4 6 0 0 0 0 0 0 0 0 0 0 0 0 4 0 2 0 0 5 0 5 4 4 0 0 0 0 0 0 0 0 0 0 0 0
Last Time Cost: 00000001 ms
Total Time Cost: 00001244 ms
Total Distance 47: 0 0 5 4 0 0 5 0 4 6 0 0 0 0 0 0 0 0 0 0 0 0 4 0 1 0 0 5 0 5 4 4 0 0 0 0 0 0 0 0 0 0 0 0
Last Time Cost: 00000001 ms
Total Time Cost: 00001245 ms
Total Distance 46: 0 0 5 4 0 0 5 0 4 6 0 0 0 0 0 0 0 0 0 0 0 0 4 0 0 0 0 5 0 5 4 4 0 0 0 0 0 0 0 0 0 0 0 0
Last Time Cost: 00000041 ms
Total Time Cost: 00001286 ms
Total Distance 45: 0 0 5 4 0 0 5 0 3 6 0 0 0 0 0 0 0 0 0 0 0 0 4 0 0 0 0 5 0 5 4 4 0 0 0 0 0 0 0 0 0 0 0 0
Last Time Cost: 00000001 ms
Total Time Cost: 00001287 ms
Total Distance 44: 0 0 5 4 0 0 5 0 2 6 0 0 0 0 0 0 0 0 0 0 0 0 4 0 0 0 0 5 0 5 4 4 0 0 0 0 0 0 0 0 0 0 0 0
Last Time Cost: 00000001 ms
Total Time Cost: 00001288 ms
Total Distance 43: 0 0 5 4 0 0 5 0 1 6 0 0 0 0 0 0 0 0 0 0 0 0 4 0 0 0 0 5 0 5 4 4 0 0 0 0 0 0 0 0 0 0 0 0
Last Time Cost: 00000001 ms
Total Time Cost: 00001289 ms
Total Distance 42: 0 0 5 4 0 0 5 0 0 6 0 0 0 0 0 0 0 0 0 0 0 0 4 0 0 0 0 5 0 5 4 4 0 0 0 0 0 0 0 0 0 0 0 0
Last Time Cost: 00000045 ms
Total Time Cost: 00001334 ms
Total Distance 41: 0 0 5 4 0 0 5 0 0 6 0 0 0 0 0 0 0 0 0 0 0 0 4 0 0 0 0 5 0 5 4 3 0 0 0 0 0 0 0 0 0 0 0 0
Last Time Cost: 00000001 ms
Total Time Cost: 00001335 ms
Total Distance 40: 0 0 5 4 0 0 5 0 0 6 0 0 0 0 0 0 0 0 0 0 0 0 4 0 0 0 0 5 0 5 4 2 0 0 0 0 0 0 0 0 0 0 0 0
Last Time Cost: 00000001 ms
Total Time Cost: 00001336 ms
Total Distance 39: 0 0 5 4 0 0 5 0 0 6 0 0 0 0 0 0 0 0 0 0 0 0 4 0 0 0 0 5 0 5 4 1 0 0 0 0 0 0 0 0 0 0 0 0
Last Time Cost: 00000001 ms
Total Time Cost: 00001337 ms
Total Distance 38: 0 0 5 4 0 0 5 0 0 6 0 0 0 0 0 0 0 0 0 0 0 0 4 0 0 0 0 5 0 5 4 0 0 0 0 0 0 0 0 0 0 0 0 0
Last Time Cost: 00000050 ms
Total Time Cost: 00001387 ms
Total Distance 37: 0 0 5 4 0 0 5 0 0 6 0 0 0 0 0 0 0 0 0 0 0 0 3 0 0 0 0 5 0 5 4 0 0 0 0 0 0 0 0 0 0 0 0 0
Last Time Cost: 00000001 ms
Total Time Cost: 00001388 ms
Total Distance 36: 0 0 5 4 0 0 5 0 0 6 0 0 0 0 0 0 0 0 0 0 0 0 2 0 0 0 0 5 0 5 4 0 0 0 0 0 0 0 0 0 0 0 0 0
Last Time Cost: 00000001 ms
Total Time Cost: 00001389 ms
Total Distance 35: 0 0 5 4 0 0 5 0 0 6 0 0 0 0 0 0 0 0 0 0 0 0 1 0 0 0 0 5 0 5 4 0 0 0 0 0 0 0 0 0 0 0 0 0
Last Time Cost: 00000001 ms
Total Time Cost: 00001390 ms
Total Distance 34: 0 0 5 4 0 0 5 0 0 6 0 0 0 0 0 0 0 0 0 0 0 0 0 0 0 0 0 5 0 5 4 0 0 0 0 0 0 0 0 0 0 0 0 0
Last Time Cost: 00000053 ms
Total Time Cost: 00001443 ms
Total Distance 33: 0 0 5 3 0 0 5 0 0 6 0 0 0 0 0 0 0 0 0 0 0 0 0 0 0 0 0 5 0 5 4 0 0 0 0 0 0 0 0 0 0 0 0 0
Last Time Cost: 00000001 ms
Total Time Cost: 00001444 ms
Total Distance 32: 0 0 5 2 0 0 5 0 0 6 0 0 0 0 0 0 0 0 0 0 0 0 0 0 0 0 0 5 0 5 4 0 0 0 0 0 0 0 0 0 0 0 0 0
Last Time Cost: 00000001 ms
Total Time Cost: 00001445 ms
Total Distance 31: 0 0 5 1 0 0 5 0 0 6 0 0 0 0 0 0 0 0 0 0 0 0 0 0 0 0 0 5 0 5 4 0 0 0 0 0 0 0 0 0 0 0 0 0
Last Time Cost: 00000001 ms
Total Time Cost: 00001446 ms
Total Distance 30: 0 0 5 0 0 0 5 0 0 6 0 0 0 0 0 0 0 0 0 0 0 0 0 0 0 0 0 5 0 5 4 0 0 0 0 0 0 0 0 0 0 0 0 0
Last Time Cost: 00000058 ms
Total Time Cost: 00001504 ms
Total Distance 29: 0 0 5 0 0 0 5 0 0 6 0 0 0 0 0 0 0 0 0 0 0 0 0 0 0 0 0 5 0 5 3 0 0 0 0 0 0 0 0 0 0 0 0 0
Last Time Cost: 00000001 ms
Total Time Cost: 00001505 ms
Total Distance 28: 0 0 5 0 0 0 5 0 0 6 0 0 0 0 0 0 0 0 0 0 0 0 0 0 0 0 0 5 0 5 2 0 0 0 0 0 0 0 0 0 0 0 0 0
Last Time Cost: 00000001 ms
Total Time Cost: 00001506 ms
Total Distance 27: 0 0 5 0 0 0 5 0 0 6 0 0 0 0 0 0 0 0 0 0 0 0 0 0 0 0 0 5 0 5 1 0 0 0 0 0 0 0 0 0 0 0 0 0
Last Time Cost: 00000001 ms
Total Time Cost: 00001507 ms
Total Distance 26: 0 0 5 0 0 0 5 0 0 6 0 0 0 0 0 0 0 0 0 0 0 0 0 0 0 0 0 5 0 5 0 0 0 0 0 0 0 0 0 0 0 0 0 0
Last Time Cost: 00000063 ms
Total Time Cost: 00001570 ms
Total Distance 25: 0 0 5 0 0 0 5 0 0 6 0 0 0 0 0 0 0 0 0 0 0 0 0 0 0 0 0 5 0 4 0 0 0 0 0 0 0 0 0 0 0 0 0 0
Last Time Cost: 00000001 ms
Total Time Cost: 00001571 ms
Total Distance 24: 0 0 5 0 0 0 5 0 0 6 0 0 0 0 0 0 0 0 0 0 0 0 0 0 0 0 0 5 0 3 0 0 0 0 0 0 0 0 0 0 0 0 0 0
Last Time Cost: 00000001 ms
Total Time Cost: 00001572 ms
Total Distance 23: 0 0 5 0 0 0 5 0 0 6 0 0 0 0 0 0 0 0 0 0 0 0 0 0 0 0 0 5 0 2 0 0 0 0 0 0 0 0 0 0 0 0 0 0
Last Time Cost: 00000001 ms
Total Time Cost: 00001573 ms
Total Distance 22: 0 0 5 0 0 0 5 0 0 6 0 0 0 0 0 0 0 0 0 0 0 0 0 0 0 0 0 5 0 1 0 0 0 0 0 0 0 0 0 0 0 0 0 0
Last Time Cost: 00000001 ms
Total Time Cost: 00001574 ms
Total Distance 21: 0 0 5 0 0 0 5 0 0 6 0 0 0 0 0 0 0 0 0 0 0 0 0 0 0 0 0 5 0 0 0 0 0 0 0 0 0 0 0 0 0 0 0 0
Last Time Cost: 00000059 ms
Total Time Cost: 00001633 ms
Total Distance 20: 0 0 5 0 0 0 4 0 0 6 0 0 0 0 0 0 0 0 0 0 0 0 0 0 0 0 0 5 0 0 0 0 0 0 0 0 0 0 0 0 0 0 0 0
Last Time Cost: 00000001 ms
Total Time Cost: 00001634 ms
Total Distance 19: 0 0 5 0 0 0 3 0 0 6 0 0 0 0 0 0 0 0 0 0 0 0 0 0 0 0 0 5 0 0 0 0 0 0 0 0 0 0 0 0 0 0 0 0
Last Time Cost: 00000001 ms
Total Time Cost: 00001635 ms
Total Distance 18: 0 0 5 0 0 0 2 0 0 6 0 0 0 0 0 0 0 0 0 0 0 0 0 0 0 0 0 5 0 0 0 0 0 0 0 0 0 0 0 0 0 0 0 0
Last Time Cost: 00000001 ms
Total Time Cost: 00001636 ms
Total Distance 17: 0 0 5 0 0 0 1 0 0 6 0 0 0 0 0 0 0 0 0 0 0 0 0 0 0 0 0 5 0 0 0 0 0 0 0 0 0 0 0 0 0 0 0 0
Last Time Cost: 00000001 ms
Total Time Cost: 00001637 ms
Total Distance 16: 0 0 5 0 0 0 0 0 0 6 0 0 0 0 0 0 0 0 0 0 0 0 0 0 0 0 0 5 0 0 0 0 0 0 0 0 0 0 0 0 0 0 0 0
Last Time Cost: 00000053 ms
Total Time Cost: 00001690 ms
Total Distance 15: 0 0 5 0 0 0 0 0 0 6 0 0 0 0 0 0 0 0 0 0 0 0 0 0 0 0 0 4 0 0 0 0 0 0 0 0 0 0 0 0 0 0 0 0
Last Time Cost: 00000001 ms
Total Time Cost: 00001691 ms
Total Distance 14: 0 0 5 0 0 0 0 0 0 6 0 0 0 0 0 0 0 0 0 0 0 0 0 0 0 0 0 3 0 0 0 0 0 0 0 0 0 0 0 0 0 0 0 0
Last Time Cost: 00000001 ms
Total Time Cost: 00001692 ms
Total Distance 13: 0 0 5 0 0 0 0 0 0 6 0 0 0 0 0 0 0 0 0 0 0 0 0 0 0 0 0 2 0 0 0 0 0 0 0 0 0 0 0 0 0 0 0 0
Last Time Cost: 00000001 ms
Total Time Cost: 00001693 ms
Total Distance 12: 0 0 5 0 0 0 0 0 0 6 0 0 0 0 0 0 0 0 0 0 0 0 0 0 0 0 0 1 0 0 0 0 0 0 0 0 0 0 0 0 0 0 0 0
Last Time Cost: 00000001 ms
Total Time Cost: 00001694 ms
Total Distance 11: 0 0 5 0 0 0 0 0 0 6 0 0 0 0 0 0 0 0 0 0 0 0 0 0 0 0 0 0 0 0 0 0 0 0 0 0 0 0 0 0 0 0 0 0
Last Time Cost: 00000045 ms
Total Time Cost: 00001739 ms
Total Distance 10: 0 0 4 0 0 0 0 0 0 6 0 0 0 0 0 0 0 0 0 0 0 0 0 0 0 0 0 0 0 0 0 0 0 0 0 0 0 0 0 0 0 0 0 0
Last Time Cost: 00000002 ms
Total Time Cost: 00001741 ms
Total Distance 9: 0 0 3 0 0 0 0 0 0 6 0 0 0 0 0 0 0 0 0 0 0 0 0 0 0 0 0 0 0 0 0 0 0 0 0 0 0 0 0 0 0 0 0 0
Last Time Cost: 00000002 ms
Total Time Cost: 00001743 ms
Total Distance 8: 0 0 2 0 0 0 0 0 0 6 0 0 0 0 0 0 0 0 0 0 0 0 0 0 0 0 0 0 0 0 0 0 0 0 0 0 0 0 0 0 0 0 0 0
Last Time Cost: 00000001 ms
Total Time Cost: 00001744 ms
Total Distance 7: 0 0 1 0 0 0 0 0 0 6 0 0 0 0 0 0 0 0 0 0 0 0 0 0 0 0 0 0 0 0 0 0 0 0 0 0 0 0 0 0 0 0 0 0
Last Time Cost: 00000001 ms
Total Time Cost: 00001745 ms
Total Distance 6: 0 0 0 0 0 0 0 0 0 6 0 0 0 0 0 0 0 0 0 0 0 0 0 0 0 0 0 0 0 0 0 0 0 0 0 0 0 0 0 0 0 0 0 0
Last Time Cost: 00000034 ms
Total Time Cost: 00001779 ms
Total Distance 5: 0 0 0 0 0 0 0 0 0 5 0 0 0 0 0 0 0 0 0 0 0 0 0 0 0 0 0 0 0 0 0 0 0 0 0 0 0 0 0 0 0 0 0 0
Last Time Cost: 00000014 ms
Total Time Cost: 00001793 ms
Total Distance 4: 0 0 0 0 0 0 0 0 0 4 0 0 0 0 0 0 0 0 0 0 0 0 0 0 0 0 0 0 0 0 0 0 0 0 0 0 0 0 0 0 0 0 0 0
Last Time Cost: 00000000 ms
Total Time Cost: 00001793 ms
Total Distance 3: 0 0 0 0 0 0 0 0 0 3 0 0 0 0 0 0 0 0 0 0 0 0 0 0 0 0 0 0 0 0 0 0 0 0 0 0 0 0 0 0 0 0 0 0
Last Time Cost: 00000000 ms
Total Time Cost: 00001793 ms
Total Distance 2: 0 0 0 0 0 0 0 0 0 2 0 0 0 0 0 0 0 0 0 0 0 0 0 0 0 0 0 0 0 0 0 0 0 0 0 0 0 0 0 0 0 0 0 0
Last Time Cost: 00000000 ms
Total Time Cost: 00001793 ms
Total Distance 1: 0 0 0 0 0 0 0 0 0 1 0 0 0 0 0 0 0 0 0 0 0 0 0 0 0 0 0 0 0 0 0 0 0 0 0 0 0 0 0 0 0 0 0 0
Last Time Cost: 00000000 ms
Total Time Cost: 00001793 ms
Total Distance 0: 0 0 0 0 0 0 0 0 0 0 0 0 0 0 0 0 0 0 0 0 0 0 0 0 0 0 0 0 0 0 0 0 0 0 0 0 0 0 0 0 0 0 0 0
