Last Time Cost: 00000000 ms
Total Time Cost: 00000000 ms
Total Distance 266: 8 8 8 8 8 8 8 8 8 6 6 6 6 6 6 6 6 6 7 7 7 7 7 7 7 7 7 7 7 7 7 7 7 7 7 7 7 7
Last Time Cost: 00000009 ms
Total Time Cost: 00000009 ms
Total Distance 260: 8 8 7 8 8 8 8 8 8 5 6 6 6 6 6 6 6 6 7 7 7 7 7 7 7 7 7 7 6 7 6 7 7 6 7 7 6 7
Last Time Cost: 00000004 ms
Total Time Cost: 00000013 ms
Total Distance 255: 8 8 7 8 8 8 8 8 8 5 6 6 6 6 5 5 6 5 6 7 7 7 7 7 7 7 7 7 6 6 6 7 7 6 7 7 6 7
Last Time Cost: 00000004 ms
Total Time Cost: 00000017 ms
Total Distance 250: 8 8 6 7 8 8 8 8 8 5 6 6 5 6 5 5 6 4 6 7 7 7 7 7 7 7 7 7 6 6 6 7 7 5 7 7 6 7
Last Time Cost: 00000004 ms
Total Time Cost: 00000021 ms
Total Distance 245: 8 8 6 7 8 8 8 7 8 4 6 6 5 6 5 4 6 4 6 7 6 7 7 7 6 7 7 7 6 6 6 7 7 5 7 7 6 7
Last Time Cost: 00000004 ms
Total Time Cost: 00000025 ms
Total Distance 240: 7 7 6 7 8 8 8 7 8 4 6 6 5 6 5 4 6 4 5 7 6 7 6 7 6 7 7 7 6 6 6 7 7 5 7 6 6 7
Last Time Cost: 00000004 ms
Total Time Cost: 00000029 ms
Total Distance 235: 7 7 6 6 8 7 8 7 8 4 6 6 5 6 5 4 6 4 5 7 6 7 6 7 6 7 7 7 6 6 6 6 6 5 6 6 6 7
Last Time Cost: 00000004 ms
Total Time Cost: 00000033 ms
Total Distance 231: 7 7 6 6 7 7 8 7 8 4 5 6 5 6 5 4 6 4 4 7 5 7 6 7 6 7 7 7 6 6 6 6 6 5 6 6 6 7
Last Time Cost: 00000004 ms
Total Time Cost: 00000037 ms
Total Distance 227: 6 7 5 6 7 7 8 7 8 4 5 6 5 6 5 4 6 4 4 7 4 7 6 7 6 7 7 7 6 6 6 6 6 5 6 6 6 6
Last Time Cost: 00000004 ms
Total Time Cost: 00000041 ms
Total Distance 223: 6 7 5 6 6 7 8 7 8 4 5 6 5 6 5 4 6 4 4 7 3 6 6 7 6 6 7 7 6 6 6 6 6 5 6 6 6 6
Last Time Cost: 00000004 ms
Total Time Cost: 00000045 ms
Total Distance 219: 6 7 5 6 6 7 8 6 7 4 5 5 5 6 4 4 6 4 4 7 3 6 6 7 6 6 7 7 6 6 6 6 6 5 6 6 6 6
Last Time Cost: 00000004 ms
Total Time Cost: 00000049 ms
Total Distance 215: 6 7 5 6 6 7 8 5 7 4 5 5 5 6 4 4 6 4 4 7 3 6 5 7 6 6 6 7 6 6 6 5 6 5 6 6 6 6
Last Time Cost: 00000004 ms
Total Time Cost: 00000053 ms
Total Distance 211: 6 7 5 6 6 7 7 5 7 4 5 5 5 6 4 4 6 4 4 6 3 6 5 7 6 6 6 7 6 6 6 5 6 5 6 5 6 5
Last Time Cost: 00000004 ms
Total Time Cost: 00000057 ms
Total Distance 208: 6 7 4 6 6 7 7 5 7 3 5 5 5 6 4 4 6 4 4 6 3 6 5 7 6 5 6 7 6 6 6 5 6 5 6 5 6 5
Last Time Cost: 00000004 ms
Total Time Cost: 00000061 ms
Total Distance 205: 6 7 3 6 6 7 6 5 7 3 5 5 4 6 4 4 6 4 4 6 3 6 5 7 6 5 6 7 6 6 6 5 6 5 6 5 6 5
Last Time Cost: 00000004 ms
Total Time Cost: 00000065 ms
Total Distance 201: 6 6 3 6 6 7 6 5 7 3 5 5 4 6 4 4 6 4 4 6 3 6 5 6 6 5 6 6 6 5 6 5 6 5 6 5 6 5
Last Time Cost: 00000002 ms
Total Time Cost: 00000067 ms
Total Distance 197: 6 6 3 5 6 7 6 4 6 3 4 5 4 6 4 4 6 4 4 6 3 6 5 6 6 5 6 6 6 5 6 5 6 5 6 5 6 5
Last Time Cost: 00000002 ms
Total Time Cost: 00000069 ms
Total Distance 194: 6 6 3 5 6 7 6 4 6 3 4 5 3 6 4 4 6 4 4 6 3 6 5 6 6 5 6 5 5 5 6 5 6 5 6 5 6 5
Last Time Cost: 00000002 ms
Total Time Cost: 00000071 ms
Total Distance 191: 6 6 3 5 6 7 6 4 6 3 4 5 3 6 4 4 6 3 4 6 3 6 5 6 6 5 5 5 5 5 6 5 6 5 6 5 5 5
Last Time Cost: 00000002 ms
Total Time Cost: 00000073 ms
Total Distance 188: 6 6 3 5 5 7 6 4 6 3 4 5 3 6 4 4 6 3 4 6 3 6 5 6 5 5 5 5 5 5 6 5 6 5 6 5 4 5
Last Time Cost: 00000002 ms
Total Time Cost: 00000075 ms
Total Distance 185: 6 6 3 5 4 7 6 4 6 3 4 5 3 5 4 4 6 3 4 6 3 6 5 6 5 5 5 5 5 5 6 5 6 4 6 5 4 5
Last Time Cost: 00000002 ms
Total Time Cost: 00000077 ms
Total Distance 182: 5 6 3 5 4 7 6 4 6 3 4 5 3 5 4 4 6 3 4 6 3 5 4 6 5 5 5 5 5 5 6 5 6 4 6 5 4 5
Last Time Cost: 00000002 ms
Total Time Cost: 00000079 ms
Total Distance 179: 5 6 3 4 4 6 6 4 6 3 4 5 3 5 4 4 6 3 4 6 3 5 4 6 5 5 5 5 5 5 6 5 6 4 5 5 4 5
Last Time Cost: 00000002 ms
Total Time Cost: 00000081 ms
Total Distance 176: 5 6 3 4 4 6 6 4 6 3 4 5 3 5 4 3 6 3 4 6 3 5 4 6 5 5 5 5 5 4 6 5 5 4 5 5 4 5
Last Time Cost: 00000002 ms
Total Time Cost: 00000083 ms
Total Distance 174: 5 6 3 4 4 6 6 4 6 3 4 5 2 5 4 3 6 3 3 6 3 5 4 6 5 5 5 5 5 4 6 5 5 4 5 5 4 5
Last Time Cost: 00000002 ms
Total Time Cost: 00000085 ms
Total Distance 172: 5 6 3 4 4 6 6 4 6 3 4 5 1 5 4 3 6 3 3 6 3 5 4 6 5 5 5 4 5 4 6 5 5 4 5 5 4 5
Last Time Cost: 00000000 ms
Total Time Cost: 00000085 ms
Total Distance 171: 5 6 3 4 4 6 6 4 6 3 4 5 0 5 4 3 6 3 3 6 3 5 4 6 5 5 5 4 5 4 6 5 5 4 5 5 4 5
Last Time Cost: 00000002 ms
Total Time Cost: 00000087 ms
Total Distance 169: 4 6 2 4 4 6 6 4 6 3 4 5 0 5 4 3 6 3 3 6 3 5 4 6 5 5 5 4 5 4 6 5 5 4 5 5 4 5
Last Time Cost: 00000002 ms
Total Time Cost: 00000089 ms
Total Distance 167: 3 6 2 4 4 6 6 4 6 3 4 5 0 5 4 3 6 3 3 6 3 5 3 6 5 5 5 4 5 4 6 5 5 4 5 5 4 5
Last Time Cost: 00000002 ms
Total Time Cost: 00000091 ms
Total Distance 165: 2 6 2 4 4 6 6 4 6 3 4 5 0 5 4 3 6 3 3 6 3 5 2 6 5 5 5 4 5 4 6 5 5 4 5 5 4 5
Last Time Cost: 00000002 ms
Total Time Cost: 00000093 ms
Total Distance 163: 1 6 2 4 4 6 5 4 6 3 4 5 0 5 4 3 6 3 3 6 3 5 2 6 5 5 5 4 5 4 6 5 5 4 5 5 4 5
Last Time Cost: 00000000 ms
Total Time Cost: 00000093 ms
Total Distance 162: 0 6 2 4 4 6 5 4 6 3 4 5 0 5 4 3 6 3 3 6 3 5 2 6 5 5 5 4 5 4 6 5 5 4 5 5 4 5
Last Time Cost: 00000002 ms
Total Time Cost: 00000095 ms
Total Distance 160: 0 6 2 3 4 6 5 4 6 3 4 5 0 5 4 3 6 3 3 6 3 5 2 6 5 5 5 4 5 4 6 5 5 4 4 5 4 5
Last Time Cost: 00000002 ms
Total Time Cost: 00000097 ms
Total Distance 158: 0 6 2 3 4 6 5 4 6 3 4 5 0 5 4 3 6 3 3 6 3 5 2 6 5 5 5 4 5 3 6 5 5 4 3 5 4 5
Last Time Cost: 00000003 ms
Total Time Cost: 00000100 ms
Total Distance 156: 0 6 2 3 4 6 5 4 6 3 4 5 0 5 4 3 6 3 3 6 3 4 2 6 5 5 5 4 5 2 6 5 5 4 3 5 4 5
Last Time Cost: 00000003 ms
Total Time Cost: 00000103 ms
Total Distance 154: 0 6 2 3 4 6 5 4 6 3 4 5 0 5 4 3 6 3 3 6 3 3 2 6 5 5 5 4 5 2 6 5 5 3 3 5 4 5
Last Time Cost: 00000003 ms
Total Time Cost: 00000106 ms
Total Distance 151: 0 6 2 3 4 6 5 4 6 3 4 5 0 5 4 3 5 3 3 6 3 3 2 6 5 4 5 4 5 2 5 5 5 3 3 5 4 5
Last Time Cost: 00000003 ms
Total Time Cost: 00000109 ms
Total Distance 149: 0 6 2 3 4 6 5 4 6 2 4 5 0 5 4 3 5 3 3 6 3 3 2 6 5 4 5 4 4 2 5 5 5 3 3 5 4 5
Last Time Cost: 00000003 ms
Total Time Cost: 00000112 ms
Total Distance 147: 0 6 2 3 4 6 5 4 6 2 4 5 0 5 4 3 5 3 3 6 3 2 2 6 5 4 5 4 4 2 5 5 5 3 3 5 4 4
Last Time Cost: 00000003 ms
Total Time Cost: 00000115 ms
Total Distance 145: 0 6 2 3 4 6 4 4 6 2 4 5 0 5 4 3 5 3 3 6 3 2 2 6 5 4 5 4 4 2 5 5 5 2 3 5 4 4
Last Time Cost: 00000003 ms
Total Time Cost: 00000118 ms
Total Distance 143: 0 6 2 3 4 6 4 4 6 2 4 5 0 5 4 3 5 3 3 6 3 2 2 6 5 3 5 4 4 2 5 5 5 2 3 4 4 4
Last Time Cost: 00000003 ms
Total Time Cost: 00000121 ms
Total Distance 141: 0 6 2 3 4 6 4 4 6 2 4 5 0 5 3 3 5 3 3 6 3 2 2 6 5 3 4 4 4 2 5 5 5 2 3 4 4 4
Last Time Cost: 00000003 ms
Total Time Cost: 00000124 ms
Total Distance 139: 0 6 2 3 4 6 4 3 6 2 4 5 0 5 3 3 5 3 3 6 3 2 2 6 4 3 4 4 4 2 5 5 5 2 3 4 4 4
Last Time Cost: 00000002 ms
Total Time Cost: 00000126 ms
Total Distance 137: 0 6 2 3 4 6 4 2 6 2 4 5 0 5 3 3 5 3 3 6 3 2 2 6 3 3 4 4 4 2 5 5 5 2 3 4 4 4
Last Time Cost: 00000003 ms
Total Time Cost: 00000129 ms
Total Distance 135: 0 6 2 3 4 6 4 2 6 2 4 5 0 5 3 3 5 3 3 6 2 2 2 5 3 3 4 4 4 2 5 5 5 2 3 4 4 4
Last Time Cost: 00000003 ms
Total Time Cost: 00000132 ms
Total Distance 133: 0 6 2 3 3 6 4 2 6 2 4 5 0 4 3 3 5 3 3 6 2 2 2 5 3 3 4 4 4 2 5 5 5 2 3 4 4 4
Last Time Cost: 00000003 ms
Total Time Cost: 00000135 ms
Total Distance 131: 0 6 2 3 3 6 4 2 5 2 3 5 0 4 3 3 5 3 3 6 2 2 2 5 3 3 4 4 4 2 5 5 5 2 3 4 4 4
Last Time Cost: 00000003 ms
Total Time Cost: 00000138 ms
Total Distance 129: 0 6 2 3 3 6 4 2 5 2 3 5 0 4 3 3 4 3 3 6 2 2 2 5 3 3 4 4 4 2 5 4 5 2 3 4 4 4
Last Time Cost: 00000002 ms
Total Time Cost: 00000140 ms
Total Distance 127: 0 6 2 3 3 6 4 2 5 2 3 5 0 4 3 3 3 3 3 6 2 2 2 5 3 3 4 4 4 2 5 3 5 2 3 4 4 4
Last Time Cost: 00000003 ms
Total Time Cost: 00000143 ms
Total Distance 125: 0 5 2 3 3 6 4 2 5 2 3 5 0 3 3 3 3 3 3 6 2 2 2 5 3 3 4 4 4 2 5 3 5 2 3 4 4 4
Last Time Cost: 00000003 ms
Total Time Cost: 00000146 ms
Total Distance 123: 0 4 2 3 3 6 4 2 5 2 3 5 0 2 3 3 3 3 3 6 2 2 2 5 3 3 4 4 4 2 5 3 5 2 3 4 4 4
Last Time Cost: 00000002 ms
Total Time Cost: 00000148 ms
Total Distance 121: 0 3 2 3 3 6 4 2 5 2 3 5 0 2 3 3 3 3 3 6 2 2 2 5 3 3 4 4 4 2 5 3 4 2 3 4 4 4
Last Time Cost: 00000002 ms
Total Time Cost: 00000150 ms
Total Distance 119: 0 2 2 3 3 6 4 2 5 2 3 5 0 2 3 3 3 3 3 6 2 2 2 4 3 3 4 4 4 2 5 3 4 2 3 4 4 4
Last Time Cost: 00000002 ms
Total Time Cost: 00000152 ms
Total Distance 117: 0 2 2 3 3 5 4 2 5 2 3 5 0 2 3 2 3 3 3 6 2 2 2 4 3 3 4 4 4 2 5 3 4 2 3 4 4 4
Last Time Cost: 00000002 ms
Total Time Cost: 00000154 ms
Total Distance 115: 0 2 2 3 3 4 4 2 5 2 3 5 0 2 3 2 3 3 3 6 2 2 2 4 3 3 4 4 4 2 5 3 3 2 3 4 4 4
Last Time Cost: 00000002 ms
Total Time Cost: 00000156 ms
Total Distance 113: 0 2 2 3 3 4 4 2 5 2 3 5 0 2 3 2 3 3 3 5 2 2 2 4 3 3 4 4 4 2 5 3 3 2 3 4 4 3
Last Time Cost: 00000002 ms
Total Time Cost: 00000158 ms
Total Distance 112: 0 2 2 3 3 4 4 2 5 2 3 5 0 2 3 2 3 3 3 5 2 1 2 4 3 3 4 4 4 2 5 3 3 2 3 4 4 3
Last Time Cost: 00000000 ms
Total Time Cost: 00000158 ms
Total Distance 111: 0 2 2 3 3 4 4 2 5 2 3 5 0 2 3 2 3 3 3 5 2 0 2 4 3 3 4 4 4 2 5 3 3 2 3 4 4 3
Last Time Cost: 00000002 ms
Total Time Cost: 00000160 ms
Total Distance 110: 0 2 2 3 3 4 4 2 5 2 3 5 0 2 3 2 3 3 3 5 2 0 2 4 3 3 4 4 4 1 5 3 3 2 3 4 4 3
Last Time Cost: 00000000 ms
Total Time Cost: 00000160 ms
Total Distance 109: 0 2 2 3 3 4 4 2 5 2 3 5 0 2 3 2 3 3 3 5 2 0 2 4 3 3 4 4 4 0 5 3 3 2 3 4 4 3
Last Time Cost: 00000002 ms
Total Time Cost: 00000162 ms
Total Distance 108: 0 2 2 3 3 4 4 2 5 1 3 5 0 2 3 2 3 3 3 5 2 0 2 4 3 3 4 4 4 0 5 3 3 2 3 4 4 3
Last Time Cost: 00000000 ms
Total Time Cost: 00000162 ms
Total Distance 107: 0 2 2 3 3 4 4 2 5 0 3 5 0 2 3 2 3 3 3 5 2 0 2 4 3 3 4 4 4 0 5 3 3 2 3 4 4 3
Last Time Cost: 00000002 ms
Total Time Cost: 00000164 ms
Total Distance 106: 0 1 2 3 3 4 4 2 5 0 3 5 0 2 3 2 3 3 3 5 2 0 2 4 3 3 4 4 4 0 5 3 3 2 3 4 4 3
Last Time Cost: 00000000 ms
Total Time Cost: 00000164 ms
Total Distance 105: 0 0 2 3 3 4 4 2 5 0 3 5 0 2 3 2 3 3 3 5 2 0 2 4 3 3 4 4 4 0 5 3 3 2 3 4 4 3
Last Time Cost: 00000002 ms
Total Time Cost: 00000166 ms
Total Distance 104: 0 0 2 3 3 4 4 2 5 0 3 5 0 2 3 2 3 3 3 5 2 0 1 4 3 3 4 4 4 0 5 3 3 2 3 4 4 3
Last Time Cost: 00000000 ms
Total Time Cost: 00000166 ms
Total Distance 103: 0 0 2 3 3 4 4 2 5 0 3 5 0 2 3 2 3 3 3 5 2 0 0 4 3 3 4 4 4 0 5 3 3 2 3 4 4 3
Last Time Cost: 00000002 ms
Total Time Cost: 00000168 ms
Total Distance 102: 0 0 2 3 3 4 4 2 5 0 3 5 0 1 3 2 3 3 3 5 2 0 0 4 3 3 4 4 4 0 5 3 3 2 3 4 4 3
Last Time Cost: 00000000 ms
Total Time Cost: 00000168 ms
Total Distance 101: 0 0 2 3 3 4 4 2 5 0 3 5 0 0 3 2 3 3 3 5 2 0 0 4 3 3 4 4 4 0 5 3 3 2 3 4 4 3
Last Time Cost: 00000002 ms
Total Time Cost: 00000170 ms
Total Distance 100: 0 0 2 3 3 4 4 2 5 0 3 5 0 0 3 1 3 3 3 5 2 0 0 4 3 3 4 4 4 0 5 3 3 2 3 4 4 3
Last Time Cost: 00000000 ms
Total Time Cost: 00000170 ms
Total Distance 99: 0 0 2 3 3 4 4 2 5 0 3 5 0 0 3 0 3 3 3 5 2 0 0 4 3 3 4 4 4 0 5 3 3 2 3 4 4 3
Last Time Cost: 00000002 ms
Total Time Cost: 00000172 ms
Total Distance 98: 0 0 2 3 3 4 4 1 5 0 3 5 0 0 3 0 3 3 3 5 2 0 0 4 3 3 4 4 4 0 5 3 3 2 3 4 4 3
Last Time Cost: 00000000 ms
Total Time Cost: 00000172 ms
Total Distance 97: 0 0 2 3 3 4 4 0 5 0 3 5 0 0 3 0 3 3 3 5 2 0 0 4 3 3 4 4 4 0 5 3 3 2 3 4 4 3
Last Time Cost: 00000003 ms
Total Time Cost: 00000175 ms
Total Distance 95: 0 0 2 3 3 3 4 0 4 0 3 5 0 0 3 0 3 3 3 5 2 0 0 4 3 3 4 4 4 0 5 3 3 2 3 4 4 3
Last Time Cost: 00000002 ms
Total Time Cost: 00000177 ms
Total Distance 94: 0 0 2 3 3 3 4 0 4 0 3 5 0 0 3 0 3 3 3 5 2 0 0 4 3 3 4 4 4 0 5 3 3 1 3 4 4 3
Last Time Cost: 00000000 ms
Total Time Cost: 00000177 ms
Total Distance 93: 0 0 2 3 3 3 4 0 4 0 3 5 0 0 3 0 3 3 3 5 2 0 0 4 3 3 4 4 4 0 5 3 3 0 3 4 4 3
Last Time Cost: 00000002 ms
Total Time Cost: 00000179 ms
Total Distance 92: 0 0 1 3 3 3 4 0 4 0 3 5 0 0 3 0 3 3 3 5 2 0 0 4 3 3 4 4 4 0 5 3 3 0 3 4 4 3
Last Time Cost: 00000000 ms
Total Time Cost: 00000179 ms
Total Distance 91: 0 0 0 3 3 3 4 0 4 0 3 5 0 0 3 0 3 3 3 5 2 0 0 4 3 3 4 4 4 0 5 3 3 0 3 4 4 3
Last Time Cost: 00000002 ms
Total Time Cost: 00000181 ms
Total Distance 90: 0 0 0 3 3 3 4 0 4 0 3 5 0 0 3 0 3 3 3 5 1 0 0 4 3 3 4 4 4 0 5 3 3 0 3 4 4 3
Last Time Cost: 00000000 ms
Total Time Cost: 00000181 ms
Total Distance 89: 0 0 0 3 3 3 4 0 4 0 3 5 0 0 3 0 3 3 3 5 0 0 0 4 3 3 4 4 4 0 5 3 3 0 3 4 4 3
Last Time Cost: 00000003 ms
Total Time Cost: 00000184 ms
Total Distance 88: 0 0 0 3 3 3 4 0 4 0 3 5 0 0 3 0 2 3 3 5 0 0 0 4 3 3 4 4 4 0 5 3 3 0 3 4 4 3
Last Time Cost: 00000001 ms
Total Time Cost: 00000185 ms
Total Distance 87: 0 0 0 3 3 3 4 0 4 0 3 5 0 0 3 0 1 3 3 5 0 0 0 4 3 3 4 4 4 0 5 3 3 0 3 4 4 3
Last Time Cost: 00000000 ms
Total Time Cost: 00000185 ms
Total Distance 86: 0 0 0 3 3 3 4 0 4 0 3 5 0 0 3 0 0 3 3 5 0 0 0 4 3 3 4 4 4 0 5 3 3 0 3 4 4 3
Last Time Cost: 00000003 ms
Total Time Cost: 00000188 ms
Total Distance 85: 0 0 0 3 3 3 4 0 4 0 3 5 0 0 2 0 0 3 3 5 0 0 0 4 3 3 4 4 4 0 5 3 3 0 3 4 4 3
Last Time Cost: 00000001 ms
Total Time Cost: 00000189 ms
Total Distance 84: 0 0 0 3 3 3 4 0 4 0 3 5 0 0 1 0 0 3 3 5 0 0 0 4 3 3 4 4 4 0 5 3 3 0 3 4 4 3
Last Time Cost: 00000000 ms
Total Time Cost: 00000189 ms
Total Distance 83: 0 0 0 3 3 3 4 0 4 0 3 5 0 0 0 0 0 3 3 5 0 0 0 4 3 3 4 4 4 0 5 3 3 0 3 4 4 3
Last Time Cost: 00000003 ms
Total Time Cost: 00000192 ms
Total Distance 82: 0 0 0 3 3 3 4 0 4 0 3 5 0 0 0 0 0 3 3 5 0 0 0 4 2 3 4 4 4 0 5 3 3 0 3 4 4 3
Last Time Cost: 00000001 ms
Total Time Cost: 00000193 ms
Total Distance 81: 0 0 0 3 3 3 4 0 4 0 3 5 0 0 0 0 0 3 3 5 0 0 0 4 1 3 4 4 4 0 5 3 3 0 3 4 4 3
Last Time Cost: 00000000 ms
Total Time Cost: 00000193 ms
Total Distance 80: 0 0 0 3 3 3 4 0 4 0 3 5 0 0 0 0 0 3 3 5 0 0 0 4 0 3 4 4 4 0 5 3 3 0 3 4 4 3
Last Time Cost: 00000003 ms
Total Time Cost: 00000196 ms
Total Distance 79: 0 0 0 3 3 3 4 0 4 0 3 5 0 0 0 0 0 3 3 5 0 0 0 4 0 3 4 4 4 0 5 3 3 0 2 4 4 3
Last Time Cost: 00000000 ms
Total Time Cost: 00000196 ms
Total Distance 78: 0 0 0 3 3 3 4 0 4 0 3 5 0 0 0 0 0 3 3 5 0 0 0 4 0 3 4 4 4 0 5 3 3 0 1 4 4 3
Last Time Cost: 00000000 ms
Total Time Cost: 00000196 ms
Total Distance 77: 0 0 0 3 3 3 4 0 4 0 3 5 0 0 0 0 0 3 3 5 0 0 0 4 0 3 4 4 4 0 5 3 3 0 0 4 4 3
Last Time Cost: 00000003 ms
Total Time Cost: 00000199 ms
Total Distance 76: 0 0 0 3 3 3 4 0 4 0 3 5 0 0 0 0 0 3 3 5 0 0 0 4 0 3 4 4 4 0 5 3 3 0 0 4 4 2
Last Time Cost: 00000000 ms
Total Time Cost: 00000199 ms
Total Distance 75: 0 0 0 3 3 3 4 0 4 0 3 5 0 0 0 0 0 3 3 5 0 0 0 4 0 3 4 4 4 0 5 3 3 0 0 4 4 1
Last Time Cost: 00000000 ms
Total Time Cost: 00000199 ms
Total Distance 74: 0 0 0 3 3 3 4 0 4 0 3 5 0 0 0 0 0 3 3 5 0 0 0 4 0 3 4 4 4 0 5 3 3 0 0 4 4 0
Last Time Cost: 00000004 ms
Total Time Cost: 00000203 ms
Total Distance 73: 0 0 0 3 3 3 4 0 4 0 3 5 0 0 0 0 0 3 2 5 0 0 0 4 0 3 4 4 4 0 5 3 3 0 0 4 4 0
Last Time Cost: 00000000 ms
Total Time Cost: 00000203 ms
Total Distance 72: 0 0 0 3 3 3 4 0 4 0 3 5 0 0 0 0 0 3 1 5 0 0 0 4 0 3 4 4 4 0 5 3 3 0 0 4 4 0
Last Time Cost: 00000000 ms
Total Time Cost: 00000203 ms
Total Distance 71: 0 0 0 3 3 3 4 0 4 0 3 5 0 0 0 0 0 3 0 5 0 0 0 4 0 3 4 4 4 0 5 3 3 0 0 4 4 0
Last Time Cost: 00000004 ms
Total Time Cost: 00000207 ms
Total Distance 70: 0 0 0 3 3 3 4 0 4 0 3 5 0 0 0 0 0 2 0 5 0 0 0 4 0 3 4 4 4 0 5 3 3 0 0 4 4 0
Last Time Cost: 00000001 ms
Total Time Cost: 00000208 ms
Total Distance 69: 0 0 0 3 3 3 4 0 4 0 3 5 0 0 0 0 0 1 0 5 0 0 0 4 0 3 4 4 4 0 5 3 3 0 0 4 4 0
Last Time Cost: 00000000 ms
Total Time Cost: 00000208 ms
Total Distance 68: 0 0 0 3 3 3 4 0 4 0 3 5 0 0 0 0 0 0 0 5 0 0 0 4 0 3 4 4 4 0 5 3 3 0 0 4 4 0
Last Time Cost: 00000005 ms
Total Time Cost: 00000213 ms
Total Distance 67: 0 0 0 3 2 3 4 0 4 0 3 5 0 0 0 0 0 0 0 5 0 0 0 4 0 3 4 4 4 0 5 3 3 0 0 4 4 0
Last Time Cost: 00000000 ms
Total Time Cost: 00000213 ms
Total Distance 66: 0 0 0 3 1 3 4 0 4 0 3 5 0 0 0 0 0 0 0 5 0 0 0 4 0 3 4 4 4 0 5 3 3 0 0 4 4 0
Last Time Cost: 00000000 ms
Total Time Cost: 00000213 ms
Total Distance 65: 0 0 0 3 0 3 4 0 4 0 3 5 0 0 0 0 0 0 0 5 0 0 0 4 0 3 4 4 4 0 5 3 3 0 0 4 4 0
Last Time Cost: 00000005 ms
Total Time Cost: 00000218 ms
Total Distance 64: 0 0 0 2 0 3 4 0 4 0 3 5 0 0 0 0 0 0 0 5 0 0 0 4 0 3 4 4 4 0 5 3 3 0 0 4 4 0
Last Time Cost: 00000000 ms
Total Time Cost: 00000218 ms
Total Distance 63: 0 0 0 1 0 3 4 0 4 0 3 5 0 0 0 0 0 0 0 5 0 0 0 4 0 3 4 4 4 0 5 3 3 0 0 4 4 0
Last Time Cost: 00000000 ms
Total Time Cost: 00000218 ms
Total Distance 62: 0 0 0 0 0 3 4 0 4 0 3 5 0 0 0 0 0 0 0 5 0 0 0 4 0 3 4 4 4 0 5 3 3 0 0 4 4 0
Last Time Cost: 00000005 ms
Total Time Cost: 00000223 ms
Total Distance 61: 0 0 0 0 0 2 4 0 4 0 3 5 0 0 0 0 0 0 0 5 0 0 0 4 0 3 4 4 4 0 5 3 3 0 0 4 4 0
Last Time Cost: 00000000 ms
Total Time Cost: 00000223 ms
Total Distance 60: 0 0 0 0 0 1 4 0 4 0 3 5 0 0 0 0 0 0 0 5 0 0 0 4 0 3 4 4 4 0 5 3 3 0 0 4 4 0
Last Time Cost: 00000000 ms
Total Time Cost: 00000223 ms
Total Distance 59: 0 0 0 0 0 0 4 0 4 0 3 5 0 0 0 0 0 0 0 5 0 0 0 4 0 3 4 4 4 0 5 3 3 0 0 4 4 0
Last Time Cost: 00000006 ms
Total Time Cost: 00000229 ms
Total Distance 57: 0 0 0 0 0 0 4 0 4 0 3 5 0 0 0 0 0 0 0 4 0 0 0 4 0 3 4 3 4 0 5 3 3 0 0 4 4 0
Last Time Cost: 00000004 ms
Total Time Cost: 00000233 ms
Total Distance 56: 0 0 0 0 0 0 4 0 4 0 3 5 0 0 0 0 0 0 0 4 0 0 0 4 0 3 4 2 4 0 5 3 3 0 0 4 4 0
Last Time Cost: 00000000 ms
Total Time Cost: 00000233 ms
Total Distance 55: 0 0 0 0 0 0 4 0 4 0 3 5 0 0 0 0 0 0 0 4 0 0 0 4 0 3 4 1 4 0 5 3 3 0 0 4 4 0
Last Time Cost: 00000000 ms
Total Time Cost: 00000233 ms
Total Distance 54: 0 0 0 0 0 0 4 0 4 0 3 5 0 0 0 0 0 0 0 4 0 0 0 4 0 3 4 0 4 0 5 3 3 0 0 4 4 0
Last Time Cost: 00000004 ms
Total Time Cost: 00000237 ms
Total Distance 53: 0 0 0 0 0 0 4 0 4 0 3 5 0 0 0 0 0 0 0 4 0 0 0 4 0 3 4 0 4 0 5 3 2 0 0 4 4 0
Last Time Cost: 00000000 ms
Total Time Cost: 00000237 ms
Total Distance 52: 0 0 0 0 0 0 4 0 4 0 3 5 0 0 0 0 0 0 0 4 0 0 0 4 0 3 4 0 4 0 5 3 1 0 0 4 4 0
Last Time Cost: 00000000 ms
Total Time Cost: 00000237 ms
Total Distance 51: 0 0 0 0 0 0 4 0 4 0 3 5 0 0 0 0 0 0 0 4 0 0 0 4 0 3 4 0 4 0 5 3 0 0 0 4 4 0
Last Time Cost: 00000005 ms
Total Time Cost: 00000242 ms
Total Distance 50: 0 0 0 0 0 0 4 0 4 0 3 5 0 0 0 0 0 0 0 4 0 0 0 4 0 2 4 0 4 0 5 3 0 0 0 4 4 0
Last Time Cost: 00000000 ms
Total Time Cost: 00000242 ms
Total Distance 49: 0 0 0 0 0 0 4 0 4 0 3 5 0 0 0 0 0 0 0 4 0 0 0 4 0 1 4 0 4 0 5 3 0 0 0 4 4 0
Last Time Cost: 00000000 ms
Total Time Cost: 00000242 ms
Total Distance 48: 0 0 0 0 0 0 4 0 4 0 3 5 0 0 0 0 0 0 0 4 0 0 0 4 0 0 4 0 4 0 5 3 0 0 0 4 4 0
Last Time Cost: 00000005 ms
Total Time Cost: 00000247 ms
Total Distance 47: 0 0 0 0 0 0 4 0 4 0 3 5 0 0 0 0 0 0 0 4 0 0 0 4 0 0 4 0 4 0 5 2 0 0 0 4 4 0
Last Time Cost: 00000000 ms
Total Time Cost: 00000247 ms
Total Distance 45: 0 0 0 0 0 0 4 0 4 0 3 5 0 0 0 0 0 0 0 4 0 0 0 4 0 0 4 0 4 0 4 1 0 0 0 4 4 0
Last Time Cost: 00000000 ms
Total Time Cost: 00000247 ms
Total Distance 44: 0 0 0 0 0 0 4 0 4 0 3 5 0 0 0 0 0 0 0 4 0 0 0 4 0 0 4 0 4 0 4 0 0 0 0 4 4 0
Last Time Cost: 00000003 ms
Total Time Cost: 00000250 ms
Total Distance 42: 0 0 0 0 0 0 4 0 4 0 3 4 0 0 0 0 0 0 0 4 0 0 0 4 0 0 4 0 4 0 4 0 0 0 0 4 3 0
Last Time Cost: 00000001 ms
Total Time Cost: 00000251 ms
Total Distance 41: 0 0 0 0 0 0 4 0 4 0 3 4 0 0 0 0 0 0 0 4 0 0 0 4 0 0 4 0 4 0 4 0 0 0 0 4 2 0
Last Time Cost: 00000000 ms
Total Time Cost: 00000251 ms
Total Distance 40: 0 0 0 0 0 0 4 0 4 0 3 4 0 0 0 0 0 0 0 4 0 0 0 4 0 0 4 0 4 0 4 0 0 0 0 4 1 0
Last Time Cost: 00000000 ms
Total Time Cost: 00000251 ms
Total Distance 39: 0 0 0 0 0 0 4 0 4 0 3 4 0 0 0 0 0 0 0 4 0 0 0 4 0 0 4 0 4 0 4 0 0 0 0 4 0 0
Last Time Cost: 00000001 ms
Total Time Cost: 00000252 ms
Total Distance 38: 0 0 0 0 0 0 4 0 4 0 2 4 0 0 0 0 0 0 0 4 0 0 0 4 0 0 4 0 4 0 4 0 0 0 0 4 0 0
Last Time Cost: 00000000 ms
Total Time Cost: 00000252 ms
Total Distance 37: 0 0 0 0 0 0 4 0 4 0 1 4 0 0 0 0 0 0 0 4 0 0 0 4 0 0 4 0 4 0 4 0 0 0 0 4 0 0
Last Time Cost: 00000000 ms
Total Time Cost: 00000252 ms
Total Distance 36: 0 0 0 0 0 0 4 0 4 0 0 4 0 0 0 0 0 0 0 4 0 0 0 4 0 0 4 0 4 0 4 0 0 0 0 4 0 0
Last Time Cost: 00000001 ms
Total Time Cost: 00000253 ms
Total Distance 35: 0 0 0 0 0 0 4 0 4 0 0 4 0 0 0 0 0 0 0 3 0 0 0 4 0 0 4 0 4 0 4 0 0 0 0 4 0 0
Last Time Cost: 00000000 ms
Total Time Cost: 00000253 ms
Total Distance 34: 0 0 0 0 0 0 4 0 4 0 0 4 0 0 0 0 0 0 0 2 0 0 0 4 0 0 4 0 4 0 4 0 0 0 0 4 0 0
Last Time Cost: 00000000 ms
Total Time Cost: 00000253 ms
Total Distance 33: 0 0 0 0 0 0 4 0 4 0 0 4 0 0 0 0 0 0 0 1 0 0 0 4 0 0 4 0 4 0 4 0 0 0 0 4 0 0
Last Time Cost: 00000000 ms
Total Time Cost: 00000253 ms
Total Distance 32: 0 0 0 0 0 0 4 0 4 0 0 4 0 0 0 0 0 0 0 0 0 0 0 4 0 0 4 0 4 0 4 0 0 0 0 4 0 0
Last Time Cost: 00000001 ms
Total Time Cost: 00000254 ms
Total Distance 31: 0 0 0 0 0 0 4 0 4 0 0 3 0 0 0 0 0 0 0 0 0 0 0 4 0 0 4 0 4 0 4 0 0 0 0 4 0 0
Last Time Cost: 00000000 ms
Total Time Cost: 00000254 ms
Total Distance 30: 0 0 0 0 0 0 4 0 4 0 0 2 0 0 0 0 0 0 0 0 0 0 0 4 0 0 4 0 4 0 4 0 0 0 0 4 0 0
Last Time Cost: 00000000 ms
Total Time Cost: 00000254 ms
Total Distance 29: 0 0 0 0 0 0 4 0 4 0 0 1 0 0 0 0 0 0 0 0 0 0 0 4 0 0 4 0 4 0 4 0 0 0 0 4 0 0
Last Time Cost: 00000000 ms
Total Time Cost: 00000254 ms
Total Distance 28: 0 0 0 0 0 0 4 0 4 0 0 0 0 0 0 0 0 0 0 0 0 0 0 4 0 0 4 0 4 0 4 0 0 0 0 4 0 0
Last Time Cost: 00000001 ms
Total Time Cost: 00000255 ms
Total Distance 27: 0 0 0 0 0 0 4 0 4 0 0 0 0 0 0 0 0 0 0 0 0 0 0 3 0 0 4 0 4 0 4 0 0 0 0 4 0 0
Last Time Cost: 00000000 ms
Total Time Cost: 00000255 ms
Total Distance 26: 0 0 0 0 0 0 4 0 4 0 0 0 0 0 0 0 0 0 0 0 0 0 0 2 0 0 4 0 4 0 4 0 0 0 0 4 0 0
Last Time Cost: 00000000 ms
Total Time Cost: 00000255 ms
Total Distance 25: 0 0 0 0 0 0 4 0 4 0 0 0 0 0 0 0 0 0 0 0 0 0 0 1 0 0 4 0 4 0 4 0 0 0 0 4 0 0
Last Time Cost: 00000000 ms
Total Time Cost: 00000255 ms
Total Distance 24: 0 0 0 0 0 0 4 0 4 0 0 0 0 0 0 0 0 0 0 0 0 0 0 0 0 0 4 0 4 0 4 0 0 0 0 4 0 0
Last Time Cost: 00000001 ms
Total Time Cost: 00000256 ms
Total Distance 23: 0 0 0 0 0 0 4 0 3 0 0 0 0 0 0 0 0 0 0 0 0 0 0 0 0 0 4 0 4 0 4 0 0 0 0 4 0 0
Last Time Cost: 00000000 ms
Total Time Cost: 00000256 ms
Total Distance 22: 0 0 0 0 0 0 4 0 2 0 0 0 0 0 0 0 0 0 0 0 0 0 0 0 0 0 4 0 4 0 4 0 0 0 0 4 0 0
Last Time Cost: 00000000 ms
Total Time Cost: 00000256 ms
Total Distance 21: 0 0 0 0 0 0 4 0 1 0 0 0 0 0 0 0 0 0 0 0 0 0 0 0 0 0 4 0 4 0 4 0 0 0 0 4 0 0
Last Time Cost: 00000000 ms
Total Time Cost: 00000256 ms
Total Distance 20: 0 0 0 0 0 0 4 0 0 0 0 0 0 0 0 0 0 0 0 0 0 0 0 0 0 0 4 0 4 0 4 0 0 0 0 4 0 0
Last Time Cost: 00000001 ms
Total Time Cost: 00000257 ms
Total Distance 19: 0 0 0 0 0 0 4 0 0 0 0 0 0 0 0 0 0 0 0 0 0 0 0 0 0 0 4 0 4 0 4 0 0 0 0 3 0 0
Last Time Cost: 00000000 ms
Total Time Cost: 00000257 ms
Total Distance 18: 0 0 0 0 0 0 4 0 0 0 0 0 0 0 0 0 0 0 0 0 0 0 0 0 0 0 4 0 4 0 4 0 0 0 0 2 0 0
Last Time Cost: 00000000 ms
Total Time Cost: 00000257 ms
Total Distance 17: 0 0 0 0 0 0 4 0 0 0 0 0 0 0 0 0 0 0 0 0 0 0 0 0 0 0 4 0 4 0 4 0 0 0 0 1 0 0
Last Time Cost: 00000000 ms
Total Time Cost: 00000257 ms
Total Distance 16: 0 0 0 0 0 0 4 0 0 0 0 0 0 0 0 0 0 0 0 0 0 0 0 0 0 0 4 0 4 0 4 0 0 0 0 0 0 0
Last Time Cost: 00000001 ms
Total Time Cost: 00000258 ms
Total Distance 15: 0 0 0 0 0 0 4 0 0 0 0 0 0 0 0 0 0 0 0 0 0 0 0 0 0 0 4 0 3 0 4 0 0 0 0 0 0 0
Last Time Cost: 00000000 ms
Total Time Cost: 00000258 ms
Total Distance 14: 0 0 0 0 0 0 4 0 0 0 0 0 0 0 0 0 0 0 0 0 0 0 0 0 0 0 4 0 2 0 4 0 0 0 0 0 0 0
Last Time Cost: 00000000 ms
Total Time Cost: 00000258 ms
Total Distance 13: 0 0 0 0 0 0 4 0 0 0 0 0 0 0 0 0 0 0 0 0 0 0 0 0 0 0 4 0 1 0 4 0 0 0 0 0 0 0
Last Time Cost: 00000000 ms
Total Time Cost: 00000258 ms
Total Distance 12: 0 0 0 0 0 0 4 0 0 0 0 0 0 0 0 0 0 0 0 0 0 0 0 0 0 0 4 0 0 0 4 0 0 0 0 0 0 0
Last Time Cost: 00000001 ms
Total Time Cost: 00000259 ms
Total Distance 11: 0 0 0 0 0 0 4 0 0 0 0 0 0 0 0 0 0 0 0 0 0 0 0 0 0 0 4 0 0 0 3 0 0 0 0 0 0 0
Last Time Cost: 00000000 ms
Total Time Cost: 00000259 ms
Total Distance 10: 0 0 0 0 0 0 4 0 0 0 0 0 0 0 0 0 0 0 0 0 0 0 0 0 0 0 4 0 0 0 2 0 0 0 0 0 0 0
Last Time Cost: 00000000 ms
Total Time Cost: 00000259 ms
Total Distance 9: 0 0 0 0 0 0 4 0 0 0 0 0 0 0 0 0 0 0 0 0 0 0 0 0 0 0 4 0 0 0 1 0 0 0 0 0 0 0
Last Time Cost: 00000000 ms
Total Time Cost: 00000259 ms
Total Distance 8: 0 0 0 0 0 0 4 0 0 0 0 0 0 0 0 0 0 0 0 0 0 0 0 0 0 0 4 0 0 0 0 0 0 0 0 0 0 0
Last Time Cost: 00000001 ms
Total Time Cost: 00000260 ms
Total Distance 7: 0 0 0 0 0 0 4 0 0 0 0 0 0 0 0 0 0 0 0 0 0 0 0 0 0 0 3 0 0 0 0 0 0 0 0 0 0 0
Last Time Cost: 00000000 ms
Total Time Cost: 00000260 ms
Total Distance 6: 0 0 0 0 0 0 4 0 0 0 0 0 0 0 0 0 0 0 0 0 0 0 0 0 0 0 2 0 0 0 0 0 0 0 0 0 0 0
Last Time Cost: 00000000 ms
Total Time Cost: 00000260 ms
Total Distance 5: 0 0 0 0 0 0 4 0 0 0 0 0 0 0 0 0 0 0 0 0 0 0 0 0 0 0 1 0 0 0 0 0 0 0 0 0 0 0
Last Time Cost: 00000000 ms
Total Time Cost: 00000260 ms
Total Distance 4: 0 0 0 0 0 0 4 0 0 0 0 0 0 0 0 0 0 0 0 0 0 0 0 0 0 0 0 0 0 0 0 0 0 0 0 0 0 0
Last Time Cost: 00000001 ms
Total Time Cost: 00000261 ms
Total Distance 3: 0 0 0 0 0 0 3 0 0 0 0 0 0 0 0 0 0 0 0 0 0 0 0 0 0 0 0 0 0 0 0 0 0 0 0 0 0 0
Last Time Cost: 00000000 ms
Total Time Cost: 00000261 ms
Total Distance 2: 0 0 0 0 0 0 2 0 0 0 0 0 0 0 0 0 0 0 0 0 0 0 0 0 0 0 0 0 0 0 0 0 0 0 0 0 0 0
Last Time Cost: 00000000 ms
Total Time Cost: 00000261 ms
Total Distance 1: 0 0 0 0 0 0 1 0 0 0 0 0 0 0 0 0 0 0 0 0 0 0 0 0 0 0 0 0 0 0 0 0 0 0 0 0 0 0
Last Time Cost: 00000000 ms
Total Time Cost: 00000261 ms
Total Distance 0: 0 0 0 0 0 0 0 0 0 0 0 0 0 0 0 0 0 0 0 0 0 0 0 0 0 0 0 0 0 0 0 0 0 0 0 0 0 0
