Last Time Cost: 00000000 ms
Total Time Cost: 00000000 ms
Total Distance 180: 10 10 10 10 10 8 8 8 8 8 9 9 9 9 9 9 9 9 9 9
Last Time Cost: 00000009 ms
Total Time Cost: 00000009 ms
Total Distance 169: 10 9 10 10 9 7 7 7 8 8 8 9 9 8 9 8 8 9 8 8
Last Time Cost: 00000004 ms
Total Time Cost: 00000013 ms
Total Distance 160: 9 9 9 9 9 7 7 7 8 8 7 8 9 8 8 8 7 9 7 7
Last Time Cost: 00000004 ms
Total Time Cost: 00000017 ms
Total Distance 152: 8 8 9 8 9 7 7 6 7 8 7 8 9 8 7 7 7 9 6 7
Last Time Cost: 00000004 ms
Total Time Cost: 00000021 ms
Total Distance 145: 8 7 9 8 9 7 6 5 7 8 7 8 9 7 7 7 6 9 5 6
Last Time Cost: 00000004 ms
Total Time Cost: 00000025 ms
Total Distance 138: 8 7 8 8 9 6 6 5 7 7 7 8 9 6 6 6 5 9 5 6
Last Time Cost: 00000006 ms
Total Time Cost: 00000031 ms
Total Distance 131: 8 7 7 8 9 6 6 5 6 7 7 7 8 5 5 5 5 9 5 6
Last Time Cost: 00000005 ms
Total Time Cost: 00000036 ms
Total Distance 126: 7 7 6 7 9 6 6 5 6 7 7 7 8 5 5 5 4 9 5 5
Last Time Cost: 00000007 ms
Total Time Cost: 00000043 ms
Total Distance 121: 6 6 6 7 9 6 6 5 6 6 6 7 8 5 5 5 4 8 5 5
Last Time Cost: 00000005 ms
Total Time Cost: 00000048 ms
Total Distance 117: 6 6 5 7 9 6 6 5 6 6 6 7 8 4 4 4 4 8 5 5
Last Time Cost: 00000005 ms
Total Time Cost: 00000053 ms
Total Distance 113: 5 5 5 7 9 6 6 4 6 6 6 7 8 4 4 4 4 8 4 5
Last Time Cost: 00000007 ms
Total Time Cost: 00000060 ms
Total Distance 109: 5 4 5 7 9 6 5 4 6 6 6 7 8 4 4 3 4 8 3 5
Last Time Cost: 00000008 ms
Total Time Cost: 00000068 ms
Total Distance 105: 4 4 4 6 9 6 5 4 6 6 6 7 8 4 3 3 4 8 3 5
Last Time Cost: 00000011 ms
Total Time Cost: 00000079 ms
Total Distance 101: 4 4 4 6 9 5 5 4 5 6 6 7 7 3 3 3 4 8 3 5
Last Time Cost: 00000012 ms
Total Time Cost: 00000091 ms
Total Distance 97: 4 4 4 5 9 5 5 4 5 5 6 7 7 3 3 3 3 7 3 5
Last Time Cost: 00000012 ms
Total Time Cost: 00000103 ms
Total Distance 94: 3 4 3 5 9 5 5 4 5 5 6 7 7 3 3 3 3 7 3 4
Last Time Cost: 00000017 ms
Total Time Cost: 00000120 ms
Total Distance 91: 2 4 2 5 8 5 5 4 5 5 6 7 7 3 3 3 3 7 3 4
Last Time Cost: 00000007 ms
Total Time Cost: 00000127 ms
Total Distance 88: 2 4 2 5 7 5 5 4 5 5 5 7 7 3 3 3 3 7 2 4
Last Time Cost: 00000006 ms
Total Time Cost: 00000133 ms
Total Distance 85: 2 4 1 5 6 5 5 4 5 5 5 6 7 3 3 3 3 7 2 4
Last Time Cost: 00000000 ms
Total Time Cost: 00000133 ms
Total Distance 83: 2 4 0 5 6 5 5 4 5 5 5 5 7 3 3 3 3 7 2 4
Last Time Cost: 00000006 ms
Total Time Cost: 00000139 ms
Total Distance 80: 2 4 0 5 5 4 5 4 5 5 5 5 7 2 3 3 3 7 2 4
Last Time Cost: 00000006 ms
Total Time Cost: 00000145 ms
Total Distance 77: 1 4 0 5 5 4 5 4 4 5 5 5 6 2 3 3 3 7 2 4
Last Time Cost: 00000000 ms
Total Time Cost: 00000145 ms
Total Distance 76: 0 4 0 5 5 4 5 4 4 5 5 5 6 2 3 3 3 7 2 4
Last Time Cost: 00000004 ms
Total Time Cost: 00000149 ms
Total Distance 73: 0 4 0 5 4 4 5 4 3 5 5 5 5 2 3 3 3 7 2 4
Last Time Cost: 00000006 ms
Total Time Cost: 00000155 ms
Total Distance 71: 0 3 0 5 4 4 5 4 3 5 5 5 5 2 3 3 3 7 1 4
Last Time Cost: 00000000 ms
Total Time Cost: 00000155 ms
Total Distance 70: 0 3 0 5 4 4 5 4 3 5 5 5 5 2 3 3 3 7 0 4
Last Time Cost: 00000006 ms
Total Time Cost: 00000161 ms
Total Distance 67: 0 3 0 5 4 4 4 4 3 4 5 5 5 2 3 3 2 7 0 4
Last Time Cost: 00000008 ms
Total Time Cost: 00000169 ms
Total Distance 64: 0 3 0 5 4 4 3 4 3 3 5 5 5 2 3 3 2 6 0 4
Last Time Cost: 00000001 ms
Total Time Cost: 00000170 ms
Total Distance 61: 0 3 0 4 4 4 3 4 3 3 4 4 5 2 3 3 2 6 0 4
Last Time Cost: 00000001 ms
Total Time Cost: 00000171 ms
Total Distance 59: 0 3 0 4 4 4 3 4 3 3 4 3 5 2 2 3 2 6 0 4
Last Time Cost: 00000001 ms
Total Time Cost: 00000172 ms
Total Distance 57: 0 3 0 3 4 3 3 4 3 3 4 3 5 2 2 3 2 6 0 4
Last Time Cost: 00000001 ms
Total Time Cost: 00000173 ms
Total Distance 55: 0 3 0 3 3 2 3 4 3 3 4 3 5 2 2 3 2 6 0 4
Last Time Cost: 00000001 ms
Total Time Cost: 00000174 ms
Total Distance 53: 0 3 0 3 3 2 3 4 2 3 4 3 4 2 2 3 2 6 0 4
Last Time Cost: 00000001 ms
Total Time Cost: 00000175 ms
Total Distance 51: 0 3 0 3 3 2 3 3 2 3 4 3 4 2 2 3 2 6 0 3
Last Time Cost: 00000001 ms
Total Time Cost: 00000176 ms
Total Distance 49: 0 3 0 3 2 2 3 3 2 3 4 3 4 2 2 3 2 5 0 3
Last Time Cost: 00000000 ms
Total Time Cost: 00000176 ms
Total Distance 48: 0 3 0 3 2 2 3 3 2 3 4 3 4 2 2 3 1 5 0 3
Last Time Cost: 00000000 ms
Total Time Cost: 00000176 ms
Total Distance 47: 0 3 0 3 2 2 3 3 2 3 4 3 4 2 2 3 0 5 0 3
Last Time Cost: 00000002 ms
Total Time Cost: 00000178 ms
Total Distance 46: 0 3 0 3 2 2 3 3 2 3 4 3 4 2 1 3 0 5 0 3
Last Time Cost: 00000000 ms
Total Time Cost: 00000178 ms
Total Distance 45: 0 3 0 3 2 2 3 3 2 3 4 3 4 2 0 3 0 5 0 3
Last Time Cost: 00000001 ms
Total Time Cost: 00000179 ms
Total Distance 44: 0 3 0 3 2 2 3 3 2 3 4 3 4 1 0 3 0 5 0 3
Last Time Cost: 00000000 ms
Total Time Cost: 00000179 ms
Total Distance 43: 0 3 0 3 2 2 3 3 2 3 4 3 4 0 0 3 0 5 0 3
Last Time Cost: 00000001 ms
Total Time Cost: 00000180 ms
Total Distance 41: 0 3 0 3 2 1 3 3 2 3 4 3 4 0 0 3 0 4 0 3
Last Time Cost: 00000000 ms
Total Time Cost: 00000180 ms
Total Distance 40: 0 3 0 3 2 0 3 3 2 3 4 3 4 0 0 3 0 4 0 3
Last Time Cost: 00000000 ms
Total Time Cost: 00000180 ms
Total Distance 39: 0 3 0 3 1 0 3 3 2 3 4 3 4 0 0 3 0 4 0 3
Last Time Cost: 00000000 ms
Total Time Cost: 00000180 ms
Total Distance 38: 0 3 0 3 0 0 3 3 2 3 4 3 4 0 0 3 0 4 0 3
Last Time Cost: 00000000 ms
Total Time Cost: 00000180 ms
Total Distance 37: 0 3 0 3 0 0 3 3 1 3 4 3 4 0 0 3 0 4 0 3
Last Time Cost: 00000000 ms
Total Time Cost: 00000180 ms
Total Distance 36: 0 3 0 3 0 0 3 3 0 3 4 3 4 0 0 3 0 4 0 3
Last Time Cost: 00000000 ms
Total Time Cost: 00000180 ms
Total Distance 35: 0 3 0 3 0 0 3 3 0 3 4 2 4 0 0 3 0 4 0 3
Last Time Cost: 00000000 ms
Total Time Cost: 00000180 ms
Total Distance 34: 0 3 0 3 0 0 3 3 0 3 4 1 4 0 0 3 0 4 0 3
Last Time Cost: 00000000 ms
Total Time Cost: 00000180 ms
Total Distance 33: 0 3 0 3 0 0 3 3 0 3 4 0 4 0 0 3 0 4 0 3
Last Time Cost: 00000000 ms
Total Time Cost: 00000180 ms
Total Distance 32: 0 3 0 3 0 0 3 3 0 2 4 0 4 0 0 3 0 4 0 3
Last Time Cost: 00000000 ms
Total Time Cost: 00000180 ms
Total Distance 31: 0 3 0 3 0 0 3 3 0 1 4 0 4 0 0 3 0 4 0 3
Last Time Cost: 00000000 ms
Total Time Cost: 00000180 ms
Total Distance 30: 0 3 0 3 0 0 3 3 0 0 4 0 4 0 0 3 0 4 0 3
Last Time Cost: 00000000 ms
Total Time Cost: 00000180 ms
Total Distance 28: 0 3 0 3 0 0 3 3 0 0 4 0 3 0 0 3 0 3 0 3
Last Time Cost: 00000000 ms
Total Time Cost: 00000180 ms
Total Distance 27: 0 3 0 3 0 0 3 3 0 0 4 0 3 0 0 3 0 3 0 2
Last Time Cost: 00000000 ms
Total Time Cost: 00000180 ms
Total Distance 26: 0 3 0 3 0 0 3 3 0 0 4 0 3 0 0 3 0 3 0 1
Last Time Cost: 00000000 ms
Total Time Cost: 00000180 ms
Total Distance 25: 0 3 0 3 0 0 3 3 0 0 4 0 3 0 0 3 0 3 0 0
Last Time Cost: 00000000 ms
Total Time Cost: 00000180 ms
Total Distance 24: 0 3 0 3 0 0 3 3 0 0 4 0 3 0 0 3 0 2 0 0
Last Time Cost: 00000000 ms
Total Time Cost: 00000180 ms
Total Distance 23: 0 3 0 3 0 0 3 3 0 0 4 0 3 0 0 3 0 1 0 0
Last Time Cost: 00000000 ms
Total Time Cost: 00000180 ms
Total Distance 22: 0 3 0 3 0 0 3 3 0 0 4 0 3 0 0 3 0 0 0 0
Last Time Cost: 00000000 ms
Total Time Cost: 00000180 ms
Total Distance 21: 0 2 0 3 0 0 3 3 0 0 4 0 3 0 0 3 0 0 0 0
Last Time Cost: 00000000 ms
Total Time Cost: 00000180 ms
Total Distance 20: 0 1 0 3 0 0 3 3 0 0 4 0 3 0 0 3 0 0 0 0
Last Time Cost: 00000000 ms
Total Time Cost: 00000180 ms
Total Distance 19: 0 0 0 3 0 0 3 3 0 0 4 0 3 0 0 3 0 0 0 0
Last Time Cost: 00000000 ms
Total Time Cost: 00000180 ms
Total Distance 18: 0 0 0 3 0 0 2 3 0 0 4 0 3 0 0 3 0 0 0 0
Last Time Cost: 00000000 ms
Total Time Cost: 00000180 ms
Total Distance 17: 0 0 0 3 0 0 1 3 0 0 4 0 3 0 0 3 0 0 0 0
Last Time Cost: 00000000 ms
Total Time Cost: 00000180 ms
Total Distance 16: 0 0 0 3 0 0 0 3 0 0 4 0 3 0 0 3 0 0 0 0
Last Time Cost: 00000000 ms
Total Time Cost: 00000180 ms
Total Distance 15: 0 0 0 3 0 0 0 2 0 0 4 0 3 0 0 3 0 0 0 0
Last Time Cost: 00000001 ms
Total Time Cost: 00000181 ms
Total Distance 14: 0 0 0 3 0 0 0 1 0 0 4 0 3 0 0 3 0 0 0 0
Last Time Cost: 00000000 ms
Total Time Cost: 00000181 ms
Total Distance 13: 0 0 0 3 0 0 0 0 0 0 4 0 3 0 0 3 0 0 0 0
Last Time Cost: 00000000 ms
Total Time Cost: 00000181 ms
Total Distance 12: 0 0 0 2 0 0 0 0 0 0 4 0 3 0 0 3 0 0 0 0
Last Time Cost: 00000000 ms
Total Time Cost: 00000181 ms
Total Distance 11: 0 0 0 1 0 0 0 0 0 0 4 0 3 0 0 3 0 0 0 0
Last Time Cost: 00000000 ms
Total Time Cost: 00000181 ms
Total Distance 10: 0 0 0 0 0 0 0 0 0 0 4 0 3 0 0 3 0 0 0 0
Last Time Cost: 00000000 ms
Total Time Cost: 00000181 ms
Total Distance 9: 0 0 0 0 0 0 0 0 0 0 4 0 3 0 0 2 0 0 0 0
Last Time Cost: 00000000 ms
Total Time Cost: 00000181 ms
Total Distance 8: 0 0 0 0 0 0 0 0 0 0 4 0 3 0 0 1 0 0 0 0
Last Time Cost: 00000000 ms
Total Time Cost: 00000181 ms
Total Distance 7: 0 0 0 0 0 0 0 0 0 0 4 0 3 0 0 0 0 0 0 0
Last Time Cost: 00000000 ms
Total Time Cost: 00000181 ms
Total Distance 6: 0 0 0 0 0 0 0 0 0 0 4 0 2 0 0 0 0 0 0 0
Last Time Cost: 00000000 ms
Total Time Cost: 00000181 ms
Total Distance 5: 0 0 0 0 0 0 0 0 0 0 4 0 1 0 0 0 0 0 0 0
Last Time Cost: 00000000 ms
Total Time Cost: 00000181 ms
Total Distance 4: 0 0 0 0 0 0 0 0 0 0 4 0 0 0 0 0 0 0 0 0
Last Time Cost: 00000000 ms
Total Time Cost: 00000181 ms
Total Distance 3: 0 0 0 0 0 0 0 0 0 0 3 0 0 0 0 0 0 0 0 0
Last Time Cost: 00000000 ms
Total Time Cost: 00000181 ms
Total Distance 2: 0 0 0 0 0 0 0 0 0 0 2 0 0 0 0 0 0 0 0 0
Last Time Cost: 00000000 ms
Total Time Cost: 00000181 ms
Total Distance 1: 0 0 0 0 0 0 0 0 0 0 1 0 0 0 0 0 0 0 0 0
Last Time Cost: 00000000 ms
Total Time Cost: 00000181 ms
Total Distance 0: 0 0 0 0 0 0 0 0 0 0 0 0 0 0 0 0 0 0 0 0
