Last Time Cost: 00000000 ms
Total Time Cost: 00000000 ms
Total Distance 234: 10 10 10 10 10 10 8 8 8 8 8 8 9 9 9 9 9 9 9 9 9 9 9 9 9 9
Last Time Cost: 00000032 ms
Total Time Cost: 00000032 ms
Total Distance 225: 9 10 10 10 9 10 7 7 7 8 8 8 9 8 8 9 9 9 9 9 9 9 9 8 8 9
Last Time Cost: 00000031 ms
Total Time Cost: 00000063 ms
Total Distance 217: 9 10 10 9 8 9 7 6 7 8 8 8 9 7 8 9 9 8 9 8 8 9 9 8 8 9
Last Time Cost: 00000032 ms
Total Time Cost: 00000095 ms
Total Distance 210: 9 10 9 8 8 9 7 6 7 7 8 8 9 7 8 9 9 8 8 7 8 9 8 8 8 8
Last Time Cost: 00000030 ms
Total Time Cost: 00000125 ms
Total Distance 204: 9 10 9 8 8 9 6 6 6 7 8 8 9 7 7 8 9 8 7 6 8 9 8 8 8 8
Last Time Cost: 00000030 ms
Total Time Cost: 00000155 ms
Total Distance 198: 9 10 8 8 8 9 6 5 6 7 8 7 9 7 6 7 9 8 7 6 7 9 8 8 8 8
Last Time Cost: 00000033 ms
Total Time Cost: 00000188 ms
Total Distance 192: 9 10 8 7 7 9 6 5 6 7 8 6 9 7 6 7 8 8 6 6 7 9 8 8 7 8
Last Time Cost: 00000035 ms
Total Time Cost: 00000223 ms
Total Distance 186: 9 10 8 6 7 8 6 5 6 7 8 6 9 7 6 6 8 8 6 6 6 8 8 7 7 8
Last Time Cost: 00000032 ms
Total Time Cost: 00000255 ms
Total Distance 181: 9 9 8 6 7 8 5 4 6 6 8 5 9 7 6 6 8 8 6 6 6 8 8 7 7 8
Last Time Cost: 00000036 ms
Total Time Cost: 00000291 ms
Total Distance 176: 8 9 8 6 7 8 5 4 5 6 8 5 9 6 5 6 8 8 6 6 6 8 8 6 7 8
Last Time Cost: 00000032 ms
Total Time Cost: 00000323 ms
Total Distance 170: 8 9 8 6 7 7 5 4 5 6 8 5 8 6 5 5 7 8 6 6 6 8 7 6 7 7
Last Time Cost: 00000028 ms
Total Time Cost: 00000351 ms
Total Distance 165: 8 9 7 6 7 7 5 4 5 6 7 5 8 6 5 5 7 7 6 6 6 8 7 5 7 6
Last Time Cost: 00000030 ms
Total Time Cost: 00000381 ms
Total Distance 161: 8 9 7 5 7 7 5 4 5 6 7 5 8 6 5 5 7 7 6 5 6 8 6 5 7 5
Last Time Cost: 00000035 ms
Total Time Cost: 00000416 ms
Total Distance 157: 8 9 7 4 7 6 5 4 5 6 7 5 8 5 5 5 7 7 6 5 5 8 6 5 7 5
Last Time Cost: 00000040 ms
Total Time Cost: 00000456 ms
Total Distance 153: 8 9 7 4 7 5 5 4 5 6 7 5 8 5 5 5 6 7 6 5 5 8 5 5 7 4
Last Time Cost: 00000048 ms
Total Time Cost: 00000504 ms
Total Distance 149: 7 9 7 4 7 5 5 4 4 6 7 5 7 5 5 5 6 7 6 5 5 8 5 4 7 4
Last Time Cost: 00000049 ms
Total Time Cost: 00000553 ms
Total Distance 145: 6 9 7 4 7 5 5 4 4 5 7 5 6 5 5 5 5 7 6 5 5 8 5 4 7 4
Last Time Cost: 00000053 ms
Total Time Cost: 00000606 ms
Total Distance 142: 6 9 7 3 7 4 5 4 4 5 7 5 6 5 5 5 5 7 6 5 4 8 5 4 7 4
Last Time Cost: 00000061 ms
Total Time Cost: 00000667 ms
Total Distance 138: 5 8 7 3 7 4 5 4 4 4 6 5 6 5 5 5 5 7 6 5 4 8 5 4 7 4
Last Time Cost: 00000026 ms
Total Time Cost: 00000693 ms
Total Distance 135: 4 8 7 3 7 4 5 4 4 3 5 5 6 5 5 5 5 7 6 5 4 8 5 4 7 4
Last Time Cost: 00000027 ms
Total Time Cost: 00000720 ms
Total Distance 132: 4 8 7 3 7 4 5 4 4 3 5 5 6 5 4 5 5 7 5 4 4 8 5 4 7 4
Last Time Cost: 00000031 ms
Total Time Cost: 00000751 ms
Total Distance 129: 4 8 7 3 7 4 5 4 4 3 4 5 6 5 4 5 5 6 5 4 4 8 5 3 7 4
Last Time Cost: 00000029 ms
Total Time Cost: 00000780 ms
Total Distance 126: 4 8 7 3 6 4 5 4 4 3 4 5 5 5 4 5 5 6 5 4 4 8 5 2 7 4
Last Time Cost: 00000029 ms
Total Time Cost: 00000809 ms
Total Distance 123: 4 7 7 3 6 4 4 3 4 3 4 5 5 5 4 5 5 6 5 4 4 8 5 2 7 4
Last Time Cost: 00000031 ms
Total Time Cost: 00000840 ms
Total Distance 120: 4 6 7 3 6 4 4 3 4 3 4 5 4 5 4 4 5 6 5 4 4 8 5 2 7 4
Last Time Cost: 00000027 ms
Total Time Cost: 00000867 ms
Total Distance 117: 4 6 7 3 6 4 4 3 3 3 4 5 4 5 4 4 5 6 5 4 4 7 5 2 6 4
Last Time Cost: 00000018 ms
Total Time Cost: 00000885 ms
Total Distance 114: 4 6 7 3 6 4 4 3 3 3 4 5 4 5 4 4 4 6 4 4 4 7 5 2 5 4
Last Time Cost: 00000018 ms
Total Time Cost: 00000903 ms
Total Distance 112: 4 6 7 3 6 4 4 3 3 3 4 5 3 5 4 4 4 6 4 4 4 7 5 1 5 4
Last Time Cost: 00000000 ms
Total Time Cost: 00000903 ms
Total Distance 111: 4 6 7 3 6 4 4 3 3 3 4 5 3 5 4 4 4 6 4 4 4 7 5 0 5 4
Last Time Cost: 00000025 ms
Total Time Cost: 00000928 ms
Total Distance 108: 3 6 7 3 6 4 4 3 3 3 4 5 2 5 4 4 4 6 4 4 4 6 5 0 5 4
Last Time Cost: 00000014 ms
Total Time Cost: 00000942 ms
Total Distance 105: 3 6 6 3 6 3 4 3 3 3 4 5 2 5 3 4 4 6 4 4 4 6 5 0 5 4
Last Time Cost: 00000007 ms
Total Time Cost: 00000949 ms
Total Distance 102: 3 6 6 3 6 3 4 3 3 3 4 5 2 5 3 4 4 5 4 4 4 5 4 0 5 4
Last Time Cost: 00000005 ms
Total Time Cost: 00000954 ms
Total Distance 100: 3 6 6 3 6 3 4 3 3 3 4 5 2 5 2 4 4 5 3 4 4 5 4 0 5 4
Last Time Cost: 00000005 ms
Total Time Cost: 00000959 ms
Total Distance 98: 3 6 6 2 6 3 4 3 3 3 3 5 2 5 2 4 4 5 3 4 4 5 4 0 5 4
Last Time Cost: 00000006 ms
Total Time Cost: 00000965 ms
Total Distance 96: 3 6 6 2 6 3 4 3 3 3 3 5 2 5 2 4 3 5 2 4 4 5 4 0 5 4
Last Time Cost: 00000006 ms
Total Time Cost: 00000971 ms
Total Distance 94: 3 6 6 2 6 3 4 3 3 2 3 5 2 5 2 4 3 5 2 3 4 5 4 0 5 4
Last Time Cost: 00000007 ms
Total Time Cost: 00000978 ms
Total Distance 92: 3 6 6 2 6 3 4 3 3 2 3 5 2 5 2 4 3 5 2 2 3 5 4 0 5 4
Last Time Cost: 00000007 ms
Total Time Cost: 00000985 ms
Total Distance 90: 3 6 6 2 6 3 4 3 2 2 3 5 2 5 2 4 3 4 2 2 3 5 4 0 5 4
Last Time Cost: 00000007 ms
Total Time Cost: 00000992 ms
Total Distance 88: 3 6 6 2 6 3 4 3 2 2 3 5 2 5 2 4 3 3 2 2 3 5 3 0 5 4
Last Time Cost: 00000007 ms
Total Time Cost: 00000999 ms
Total Distance 86: 3 6 6 2 6 3 4 3 2 2 3 5 2 5 2 4 3 3 2 2 3 5 2 0 5 3
Last Time Cost: 00000007 ms
Total Time Cost: 00001006 ms
Total Distance 84: 3 5 6 2 6 3 4 3 2 2 3 5 1 5 2 4 3 3 2 2 3 5 2 0 5 3
Last Time Cost: 00000001 ms
Total Time Cost: 00001007 ms
Total Distance 83: 3 5 6 2 6 3 4 3 2 2 3 5 0 5 2 4 3 3 2 2 3 5 2 0 5 3
Last Time Cost: 00000008 ms
Total Time Cost: 00001015 ms
Total Distance 81: 3 5 5 2 6 3 4 3 2 2 3 5 0 5 1 4 3 3 2 2 3 5 2 0 5 3
Last Time Cost: 00000000 ms
Total Time Cost: 00001015 ms
Total Distance 80: 3 5 5 2 6 3 4 3 2 2 3 5 0 5 0 4 3 3 2 2 3 5 2 0 5 3
Last Time Cost: 00000010 ms
Total Time Cost: 00001025 ms
Total Distance 78: 3 5 5 2 6 3 3 3 2 2 3 5 0 5 0 3 3 3 2 2 3 5 2 0 5 3
Last Time Cost: 00000009 ms
Total Time Cost: 00001034 ms
Total Distance 76: 3 5 5 2 5 3 3 3 2 2 3 5 0 5 0 3 2 3 2 2 3 5 2 0 5 3
Last Time Cost: 00000010 ms
Total Time Cost: 00001044 ms
Total Distance 74: 2 5 5 2 4 3 3 3 2 2 3 5 0 5 0 3 2 3 2 2 3 5 2 0 5 3
Last Time Cost: 00000010 ms
Total Time Cost: 00001054 ms
Total Distance 72: 2 4 5 2 4 3 3 3 2 2 3 4 0 5 0 3 2 3 2 2 3 5 2 0 5 3
Last Time Cost: 00000006 ms
Total Time Cost: 00001060 ms
Total Distance 70: 2 4 5 2 4 3 3 3 2 2 3 4 0 4 0 3 2 3 2 2 3 5 2 0 4 3
Last Time Cost: 00000003 ms
Total Time Cost: 00001063 ms
Total Distance 69: 2 4 5 2 4 3 3 3 2 2 3 4 0 4 0 3 1 3 2 2 3 5 2 0 4 3
Last Time Cost: 00000000 ms
Total Time Cost: 00001063 ms
Total Distance 68: 2 4 5 2 4 3 3 3 2 2 3 4 0 4 0 3 0 3 2 2 3 5 2 0 4 3
Last Time Cost: 00000004 ms
Total Time Cost: 00001067 ms
Total Distance 67: 2 4 5 1 4 3 3 3 2 2 3 4 0 4 0 3 0 3 2 2 3 5 2 0 4 3
Last Time Cost: 00000001 ms
Total Time Cost: 00001068 ms
Total Distance 66: 2 4 5 0 4 3 3 3 2 2 3 4 0 4 0 3 0 3 2 2 3 5 2 0 4 3
Last Time Cost: 00000004 ms
Total Time Cost: 00001072 ms
Total Distance 65: 2 4 5 0 4 3 3 3 2 2 3 4 0 4 0 3 0 3 2 2 3 5 1 0 4 3
Last Time Cost: 00000000 ms
Total Time Cost: 00001072 ms
Total Distance 64: 2 4 5 0 4 3 3 3 2 2 3 4 0 4 0 3 0 3 2 2 3 5 0 0 4 3
Last Time Cost: 00000004 ms
Total Time Cost: 00001076 ms
Total Distance 63: 1 4 5 0 4 3 3 3 2 2 3 4 0 4 0 3 0 3 2 2 3 5 0 0 4 3
Last Time Cost: 00000000 ms
Total Time Cost: 00001076 ms
Total Distance 62: 0 4 5 0 4 3 3 3 2 2 3 4 0 4 0 3 0 3 2 2 3 5 0 0 4 3
Last Time Cost: 00000005 ms
Total Time Cost: 00001081 ms
Total Distance 61: 0 4 5 0 4 3 3 3 2 2 3 4 0 4 0 3 0 3 2 1 3 5 0 0 4 3
Last Time Cost: 00000001 ms
Total Time Cost: 00001082 ms
Total Distance 60: 0 4 5 0 4 3 3 3 2 2 3 4 0 4 0 3 0 3 2 0 3 5 0 0 4 3
Last Time Cost: 00000005 ms
Total Time Cost: 00001087 ms
Total Distance 59: 0 4 5 0 4 3 3 3 2 1 3 4 0 4 0 3 0 3 2 0 3 5 0 0 4 3
Last Time Cost: 00000000 ms
Total Time Cost: 00001087 ms
Total Distance 58: 0 4 5 0 4 3 3 3 2 0 3 4 0 4 0 3 0 3 2 0 3 5 0 0 4 3
Last Time Cost: 00000006 ms
Total Time Cost: 00001093 ms
Total Distance 57: 0 4 5 0 4 3 3 3 1 0 3 4 0 4 0 3 0 3 2 0 3 5 0 0 4 3
Last Time Cost: 00000000 ms
Total Time Cost: 00001093 ms
Total Distance 56: 0 4 5 0 4 3 3 3 0 0 3 4 0 4 0 3 0 3 2 0 3 5 0 0 4 3
Last Time Cost: 00000008 ms
Total Time Cost: 00001101 ms
Total Distance 55: 0 4 5 0 4 3 3 3 0 0 3 4 0 4 0 3 0 3 1 0 3 5 0 0 4 3
Last Time Cost: 00000000 ms
Total Time Cost: 00001101 ms
Total Distance 54: 0 4 5 0 4 3 3 3 0 0 3 4 0 4 0 3 0 3 0 0 3 5 0 0 4 3
Last Time Cost: 00000007 ms
Total Time Cost: 00001108 ms
Total Distance 53: 0 4 5 0 4 3 2 3 0 0 3 4 0 4 0 3 0 3 0 0 3 5 0 0 4 3
Last Time Cost: 00000000 ms
Total Time Cost: 00001108 ms
Total Distance 52: 0 4 5 0 4 3 1 3 0 0 3 4 0 4 0 3 0 3 0 0 3 5 0 0 4 3
Last Time Cost: 00000000 ms
Total Time Cost: 00001108 ms
Total Distance 51: 0 4 5 0 4 3 0 3 0 0 3 4 0 4 0 3 0 3 0 0 3 5 0 0 4 3
Last Time Cost: 00000010 ms
Total Time Cost: 00001118 ms
Total Distance 50: 0 4 5 0 4 3 0 3 0 0 3 4 0 4 0 2 0 3 0 0 3 5 0 0 4 3
Last Time Cost: 00000000 ms
Total Time Cost: 00001118 ms
Total Distance 49: 0 4 5 0 4 3 0 3 0 0 3 4 0 4 0 1 0 3 0 0 3 5 0 0 4 3
Last Time Cost: 00000000 ms
Total Time Cost: 00001118 ms
Total Distance 48: 0 4 5 0 4 3 0 3 0 0 3 4 0 4 0 0 0 3 0 0 3 5 0 0 4 3
Last Time Cost: 00000012 ms
Total Time Cost: 00001130 ms
Total Distance 47: 0 4 5 0 4 3 0 2 0 0 3 4 0 4 0 0 0 3 0 0 3 5 0 0 4 3
Last Time Cost: 00000000 ms
Total Time Cost: 00001130 ms
Total Distance 46: 0 4 5 0 4 3 0 1 0 0 3 4 0 4 0 0 0 3 0 0 3 5 0 0 4 3
Last Time Cost: 00000000 ms
Total Time Cost: 00001130 ms
Total Distance 45: 0 4 5 0 4 3 0 0 0 0 3 4 0 4 0 0 0 3 0 0 3 5 0 0 4 3
Last Time Cost: 00000013 ms
Total Time Cost: 00001143 ms
Total Distance 44: 0 4 5 0 4 2 0 0 0 0 3 4 0 4 0 0 0 3 0 0 3 5 0 0 4 3
Last Time Cost: 00000000 ms
Total Time Cost: 00001143 ms
Total Distance 43: 0 4 5 0 4 1 0 0 0 0 3 4 0 4 0 0 0 3 0 0 3 5 0 0 4 3
Last Time Cost: 00000000 ms
Total Time Cost: 00001143 ms
Total Distance 42: 0 4 5 0 4 0 0 0 0 0 3 4 0 4 0 0 0 3 0 0 3 5 0 0 4 3
Last Time Cost: 00000016 ms
Total Time Cost: 00001159 ms
Total Distance 41: 0 4 5 0 4 0 0 0 0 0 2 4 0 4 0 0 0 3 0 0 3 5 0 0 4 3
Last Time Cost: 00000000 ms
Total Time Cost: 00001159 ms
Total Distance 40: 0 4 5 0 4 0 0 0 0 0 1 4 0 4 0 0 0 3 0 0 3 5 0 0 4 3
Last Time Cost: 00000000 ms
Total Time Cost: 00001159 ms
Total Distance 39: 0 4 5 0 4 0 0 0 0 0 0 4 0 4 0 0 0 3 0 0 3 5 0 0 4 3
Last Time Cost: 00000020 ms
Total Time Cost: 00001179 ms
Total Distance 38: 0 4 5 0 4 0 0 0 0 0 0 4 0 4 0 0 0 3 0 0 3 5 0 0 4 2
Last Time Cost: 00000000 ms
Total Time Cost: 00001179 ms
Total Distance 37: 0 4 5 0 4 0 0 0 0 0 0 4 0 4 0 0 0 3 0 0 3 5 0 0 4 1
Last Time Cost: 00000000 ms
Total Time Cost: 00001179 ms
Total Distance 36: 0 4 5 0 4 0 0 0 0 0 0 4 0 4 0 0 0 3 0 0 3 5 0 0 4 0
Last Time Cost: 00000020 ms
Total Time Cost: 00001199 ms
Total Distance 34: 0 3 5 0 4 0 0 0 0 0 0 4 0 4 0 0 0 3 0 0 3 4 0 0 4 0
Last Time Cost: 00000013 ms
Total Time Cost: 00001212 ms
Total Distance 33: 0 3 5 0 4 0 0 0 0 0 0 4 0 4 0 0 0 3 0 0 2 4 0 0 4 0
Last Time Cost: 00000000 ms
Total Time Cost: 00001212 ms
Total Distance 32: 0 3 5 0 4 0 0 0 0 0 0 4 0 4 0 0 0 3 0 0 1 4 0 0 4 0
Last Time Cost: 00000000 ms
Total Time Cost: 00001212 ms
Total Distance 31: 0 3 5 0 4 0 0 0 0 0 0 4 0 4 0 0 0 3 0 0 0 4 0 0 4 0
Last Time Cost: 00000013 ms
Total Time Cost: 00001225 ms
Total Distance 30: 0 2 5 0 4 0 0 0 0 0 0 4 0 4 0 0 0 3 0 0 0 4 0 0 4 0
Last Time Cost: 00000000 ms
Total Time Cost: 00001225 ms
Total Distance 29: 0 1 5 0 4 0 0 0 0 0 0 4 0 4 0 0 0 3 0 0 0 4 0 0 4 0
Last Time Cost: 00000000 ms
Total Time Cost: 00001225 ms
Total Distance 28: 0 0 5 0 4 0 0 0 0 0 0 4 0 4 0 0 0 3 0 0 0 4 0 0 4 0
Last Time Cost: 00000014 ms
Total Time Cost: 00001239 ms
Total Distance 27: 0 0 5 0 4 0 0 0 0 0 0 4 0 4 0 0 0 2 0 0 0 4 0 0 4 0
Last Time Cost: 00000000 ms
Total Time Cost: 00001239 ms
Total Distance 26: 0 0 5 0 4 0 0 0 0 0 0 4 0 4 0 0 0 1 0 0 0 4 0 0 4 0
Last Time Cost: 00000000 ms
Total Time Cost: 00001239 ms
Total Distance 25: 0 0 5 0 4 0 0 0 0 0 0 4 0 4 0 0 0 0 0 0 0 4 0 0 4 0
Last Time Cost: 00000015 ms
Total Time Cost: 00001254 ms
Total Distance 23: 0 0 4 0 3 0 0 0 0 0 0 4 0 4 0 0 0 0 0 0 0 4 0 0 4 0
Last Time Cost: 00000001 ms
Total Time Cost: 00001255 ms
Total Distance 22: 0 0 4 0 2 0 0 0 0 0 0 4 0 4 0 0 0 0 0 0 0 4 0 0 4 0
Last Time Cost: 00000000 ms
Total Time Cost: 00001255 ms
Total Distance 21: 0 0 4 0 1 0 0 0 0 0 0 4 0 4 0 0 0 0 0 0 0 4 0 0 4 0
Last Time Cost: 00000000 ms
Total Time Cost: 00001255 ms
Total Distance 20: 0 0 4 0 0 0 0 0 0 0 0 4 0 4 0 0 0 0 0 0 0 4 0 0 4 0
Last Time Cost: 00000001 ms
Total Time Cost: 00001256 ms
Total Distance 19: 0 0 3 0 0 0 0 0 0 0 0 4 0 4 0 0 0 0 0 0 0 4 0 0 4 0
Last Time Cost: 00000000 ms
Total Time Cost: 00001256 ms
Total Distance 18: 0 0 2 0 0 0 0 0 0 0 0 4 0 4 0 0 0 0 0 0 0 4 0 0 4 0
Last Time Cost: 00000000 ms
Total Time Cost: 00001256 ms
Total Distance 17: 0 0 1 0 0 0 0 0 0 0 0 4 0 4 0 0 0 0 0 0 0 4 0 0 4 0
Last Time Cost: 00000000 ms
Total Time Cost: 00001256 ms
Total Distance 16: 0 0 0 0 0 0 0 0 0 0 0 4 0 4 0 0 0 0 0 0 0 4 0 0 4 0
Last Time Cost: 00000001 ms
Total Time Cost: 00001257 ms
Total Distance 15: 0 0 0 0 0 0 0 0 0 0 0 3 0 4 0 0 0 0 0 0 0 4 0 0 4 0
Last Time Cost: 00000001 ms
Total Time Cost: 00001258 ms
Total Distance 14: 0 0 0 0 0 0 0 0 0 0 0 2 0 4 0 0 0 0 0 0 0 4 0 0 4 0
Last Time Cost: 00000000 ms
Total Time Cost: 00001258 ms
Total Distance 13: 0 0 0 0 0 0 0 0 0 0 0 1 0 4 0 0 0 0 0 0 0 4 0 0 4 0
Last Time Cost: 00000000 ms
Total Time Cost: 00001258 ms
Total Distance 12: 0 0 0 0 0 0 0 0 0 0 0 0 0 4 0 0 0 0 0 0 0 4 0 0 4 0
Last Time Cost: 00000001 ms
Total Time Cost: 00001259 ms
Total Distance 11: 0 0 0 0 0 0 0 0 0 0 0 0 0 3 0 0 0 0 0 0 0 4 0 0 4 0
Last Time Cost: 00000000 ms
Total Time Cost: 00001259 ms
Total Distance 10: 0 0 0 0 0 0 0 0 0 0 0 0 0 2 0 0 0 0 0 0 0 4 0 0 4 0
Last Time Cost: 00000000 ms
Total Time Cost: 00001259 ms
Total Distance 9: 0 0 0 0 0 0 0 0 0 0 0 0 0 1 0 0 0 0 0 0 0 4 0 0 4 0
Last Time Cost: 00000000 ms
Total Time Cost: 00001259 ms
Total Distance 8: 0 0 0 0 0 0 0 0 0 0 0 0 0 0 0 0 0 0 0 0 0 4 0 0 4 0
Last Time Cost: 00000001 ms
Total Time Cost: 00001260 ms
Total Distance 7: 0 0 0 0 0 0 0 0 0 0 0 0 0 0 0 0 0 0 0 0 0 3 0 0 4 0
Last Time Cost: 00000000 ms
Total Time Cost: 00001260 ms
Total Distance 6: 0 0 0 0 0 0 0 0 0 0 0 0 0 0 0 0 0 0 0 0 0 2 0 0 4 0
Last Time Cost: 00000000 ms
Total Time Cost: 00001260 ms
Total Distance 5: 0 0 0 0 0 0 0 0 0 0 0 0 0 0 0 0 0 0 0 0 0 1 0 0 4 0
Last Time Cost: 00000000 ms
Total Time Cost: 00001260 ms
Total Distance 4: 0 0 0 0 0 0 0 0 0 0 0 0 0 0 0 0 0 0 0 0 0 0 0 0 4 0
Last Time Cost: 00000001 ms
Total Time Cost: 00001261 ms
Total Distance 3: 0 0 0 0 0 0 0 0 0 0 0 0 0 0 0 0 0 0 0 0 0 0 0 0 3 0
Last Time Cost: 00000000 ms
Total Time Cost: 00001261 ms
Total Distance 2: 0 0 0 0 0 0 0 0 0 0 0 0 0 0 0 0 0 0 0 0 0 0 0 0 2 0
Last Time Cost: 00000000 ms
Total Time Cost: 00001261 ms
Total Distance 1: 0 0 0 0 0 0 0 0 0 0 0 0 0 0 0 0 0 0 0 0 0 0 0 0 1 0
Last Time Cost: 00000000 ms
Total Time Cost: 00001261 ms
Total Distance 0: 0 0 0 0 0 0 0 0 0 0 0 0 0 0 0 0 0 0 0 0 0 0 0 0 0 0
