Last Time Cost: 00000000 ms
Total Time Cost: 00000000 ms
Total Distance 168: 8 8 8 8 8 8 6 6 6 6 6 6 7 7 7 7 7 7 7 7 7 7 7 7
Last Time Cost: 00000007 ms
Total Time Cost: 00000007 ms
Total Distance 161: 8 8 8 7 8 8 5 6 6 6 6 5 7 7 7 6 7 7 6 7 7 6 7 6
Last Time Cost: 00000002 ms
Total Time Cost: 00000009 ms
Total Distance 155: 7 7 8 7 7 8 5 6 6 5 6 5 7 6 7 6 7 7 5 7 7 6 7 6
Last Time Cost: 00000002 ms
Total Time Cost: 00000011 ms
Total Distance 150: 7 7 8 7 6 8 5 5 6 4 6 5 7 6 7 6 7 7 4 7 7 5 7 6
Last Time Cost: 00000003 ms
Total Time Cost: 00000014 ms
Total Distance 145: 7 7 8 7 6 7 4 5 5 4 6 5 7 6 7 6 6 7 4 6 7 5 7 6
Last Time Cost: 00000003 ms
Total Time Cost: 00000017 ms
Total Distance 140: 7 7 7 6 6 7 4 5 5 4 6 4 7 6 7 6 6 7 4 5 7 5 7 5
Last Time Cost: 00000004 ms
Total Time Cost: 00000021 ms
Total Distance 135: 7 6 7 6 6 7 4 5 5 4 5 4 6 6 7 6 5 7 4 5 6 5 7 5
Last Time Cost: 00000003 ms
Total Time Cost: 00000024 ms
Total Distance 131: 7 6 7 6 6 7 4 5 5 4 5 4 6 6 7 5 5 7 3 5 6 4 7 4
Last Time Cost: 00000003 ms
Total Time Cost: 00000027 ms
Total Distance 127: 7 6 6 6 6 7 4 5 4 4 4 4 6 6 7 4 5 7 3 5 6 4 7 4
Last Time Cost: 00000003 ms
Total Time Cost: 00000030 ms
Total Distance 123: 7 6 5 6 6 7 4 5 4 4 3 4 6 6 7 4 5 7 3 5 5 4 6 4
Last Time Cost: 00000004 ms
Total Time Cost: 00000034 ms
Total Distance 119: 7 5 5 5 6 7 4 5 4 4 3 4 5 5 7 4 5 7 3 5 5 4 6 4
Last Time Cost: 00000003 ms
Total Time Cost: 00000037 ms
Total Distance 115: 7 5 5 5 5 7 4 5 4 4 3 4 5 5 6 4 5 6 3 5 4 4 6 4
Last Time Cost: 00000002 ms
Total Time Cost: 00000039 ms
Total Distance 112: 7 5 5 5 4 7 4 5 4 3 3 4 5 5 6 4 5 6 2 5 4 4 6 4
Last Time Cost: 00000003 ms
Total Time Cost: 00000042 ms
Total Distance 109: 7 5 5 5 4 7 4 5 4 3 2 4 4 5 6 4 4 6 2 5 4 4 6 4
Last Time Cost: 00000003 ms
Total Time Cost: 00000045 ms
Total Distance 106: 7 5 5 5 4 7 4 5 4 3 2 4 3 5 6 3 4 6 2 5 4 4 6 3
Last Time Cost: 00000004 ms
Total Time Cost: 00000049 ms
Total Distance 103: 6 5 5 5 4 7 4 5 4 3 2 3 3 5 6 2 4 6 2 5 4 4 6 3
Last Time Cost: 00000002 ms
Total Time Cost: 00000051 ms
Total Distance 100: 5 5 5 4 4 7 3 5 4 3 2 3 3 5 6 2 4 6 2 5 4 4 6 3
Last Time Cost: 00000003 ms
Total Time Cost: 00000054 ms
Total Distance 97: 5 5 4 4 4 6 3 5 3 3 2 3 3 5 6 2 4 6 2 5 4 4 6 3
Last Time Cost: 00000001 ms
Total Time Cost: 00000055 ms
Total Distance 94: 5 5 4 4 4 5 3 5 3 3 2 3 3 5 6 2 3 6 2 4 4 4 6 3
Last Time Cost: 00000001 ms
Total Time Cost: 00000056 ms
Total Distance 91: 4 5 4 4 4 5 3 5 3 3 2 3 3 5 5 2 3 5 2 4 4 4 6 3
Last Time Cost: 00000001 ms
Total Time Cost: 00000057 ms
Total Distance 89: 4 5 4 4 4 5 3 5 3 3 1 3 3 5 5 2 3 5 2 4 3 4 6 3
Last Time Cost: 00000000 ms
Total Time Cost: 00000057 ms
Total Distance 88: 4 5 4 4 4 5 3 5 3 3 0 3 3 5 5 2 3 5 2 4 3 4 6 3
Last Time Cost: 00000001 ms
Total Time Cost: 00000058 ms
Total Distance 86: 4 5 3 4 4 5 3 5 3 3 0 3 3 5 5 1 3 5 2 4 3 4 6 3
Last Time Cost: 00000001 ms
Total Time Cost: 00000059 ms
Total Distance 85: 4 5 3 4 4 5 3 5 3 3 0 3 3 5 5 0 3 5 2 4 3 4 6 3
Last Time Cost: 00000002 ms
Total Time Cost: 00000061 ms
Total Distance 83: 4 5 3 4 4 5 3 5 3 3 0 3 3 5 4 0 3 5 2 4 2 4 6 3
Last Time Cost: 00000001 ms
Total Time Cost: 00000062 ms
Total Distance 81: 4 4 3 4 4 5 3 5 3 3 0 3 3 5 4 0 2 5 2 4 2 4 6 3
Last Time Cost: 00000001 ms
Total Time Cost: 00000063 ms
Total Distance 79: 4 3 3 4 4 5 3 5 3 3 0 3 3 5 4 0 1 5 2 4 2 4 6 3
Last Time Cost: 00000000 ms
Total Time Cost: 00000063 ms
Total Distance 78: 4 3 3 4 4 5 3 5 3 3 0 3 3 5 4 0 0 5 2 4 2 4 6 3
Last Time Cost: 00000002 ms
Total Time Cost: 00000065 ms
Total Distance 76: 4 2 3 4 4 5 3 5 3 3 0 3 3 4 4 0 0 5 2 4 2 4 6 3
Last Time Cost: 00000002 ms
Total Time Cost: 00000067 ms
Total Distance 74: 4 2 3 3 4 5 2 5 3 3 0 3 3 4 4 0 0 5 2 4 2 4 6 3
Last Time Cost: 00000002 ms
Total Time Cost: 00000069 ms
Total Distance 72: 4 2 3 2 4 5 2 5 3 3 0 3 3 3 4 0 0 5 2 4 2 4 6 3
Last Time Cost: 00000002 ms
Total Time Cost: 00000071 ms
Total Distance 70: 4 2 3 2 4 5 2 4 3 3 0 3 3 3 4 0 0 5 2 4 2 3 6 3
Last Time Cost: 00000003 ms
Total Time Cost: 00000074 ms
Total Distance 68: 4 2 3 2 4 4 2 4 3 3 0 3 3 3 4 0 0 5 2 3 2 3 6 3
Last Time Cost: 00000001 ms
Total Time Cost: 00000075 ms
Total Distance 66: 4 2 3 2 4 4 2 4 3 3 0 3 3 2 4 0 0 5 2 3 2 3 5 3
Last Time Cost: 00000001 ms
Total Time Cost: 00000076 ms
Total Distance 64: 4 2 3 2 3 4 2 4 3 3 0 3 3 2 4 0 0 5 2 3 2 3 4 3
Last Time Cost: 00000000 ms
Total Time Cost: 00000076 ms
Total Distance 62: 4 2 3 2 2 4 2 4 3 3 0 3 3 2 4 0 0 4 2 3 2 3 4 3
Last Time Cost: 00000000 ms
Total Time Cost: 00000076 ms
Total Distance 60: 4 2 3 2 2 3 2 4 3 3 0 3 3 2 4 0 0 3 2 3 2 3 4 3
Last Time Cost: 00000000 ms
Total Time Cost: 00000076 ms
Total Distance 58: 3 2 3 2 2 3 2 4 3 3 0 3 3 2 4 0 0 2 2 3 2 3 4 3
Last Time Cost: 00000000 ms
Total Time Cost: 00000076 ms
Total Distance 57: 3 2 3 2 2 3 2 4 3 3 0 3 3 2 4 0 0 2 2 3 1 3 4 3
Last Time Cost: 00000000 ms
Total Time Cost: 00000076 ms
Total Distance 56: 3 2 3 2 2 3 2 4 3 3 0 3 3 2 4 0 0 2 2 3 0 3 4 3
Last Time Cost: 00000000 ms
Total Time Cost: 00000076 ms
Total Distance 55: 3 2 3 2 2 3 2 4 3 3 0 3 3 2 4 0 0 2 1 3 0 3 4 3
Last Time Cost: 00000000 ms
Total Time Cost: 00000076 ms
Total Distance 54: 3 2 3 2 2 3 2 4 3 3 0 3 3 2 4 0 0 2 0 3 0 3 4 3
Last Time Cost: 00000000 ms
Total Time Cost: 00000076 ms
Total Distance 53: 3 2 3 2 2 3 2 4 3 3 0 3 3 2 4 0 0 1 0 3 0 3 4 3
Last Time Cost: 00000000 ms
Total Time Cost: 00000076 ms
Total Distance 52: 3 2 3 2 2 3 2 4 3 3 0 3 3 2 4 0 0 0 0 3 0 3 4 3
Last Time Cost: 00000000 ms
Total Time Cost: 00000076 ms
Total Distance 51: 3 1 3 2 2 3 2 4 3 3 0 3 3 2 4 0 0 0 0 3 0 3 4 3
Last Time Cost: 00000000 ms
Total Time Cost: 00000076 ms
Total Distance 50: 3 0 3 2 2 3 2 4 3 3 0 3 3 2 4 0 0 0 0 3 0 3 4 3
Last Time Cost: 00000000 ms
Total Time Cost: 00000076 ms
Total Distance 49: 3 0 3 2 2 3 1 4 3 3 0 3 3 2 4 0 0 0 0 3 0 3 4 3
Last Time Cost: 00000000 ms
Total Time Cost: 00000076 ms
Total Distance 48: 3 0 3 2 2 3 0 4 3 3 0 3 3 2 4 0 0 0 0 3 0 3 4 3
Last Time Cost: 00000000 ms
Total Time Cost: 00000076 ms
Total Distance 47: 3 0 3 2 2 3 0 4 3 3 0 3 3 1 4 0 0 0 0 3 0 3 4 3
Last Time Cost: 00000000 ms
Total Time Cost: 00000076 ms
Total Distance 46: 3 0 3 2 2 3 0 4 3 3 0 3 3 0 4 0 0 0 0 3 0 3 4 3
Last Time Cost: 00000000 ms
Total Time Cost: 00000076 ms
Total Distance 45: 3 0 3 1 2 3 0 4 3 3 0 3 3 0 4 0 0 0 0 3 0 3 4 3
Last Time Cost: 00000000 ms
Total Time Cost: 00000076 ms
Total Distance 44: 3 0 3 0 2 3 0 4 3 3 0 3 3 0 4 0 0 0 0 3 0 3 4 3
Last Time Cost: 00000000 ms
Total Time Cost: 00000076 ms
Total Distance 43: 3 0 3 0 1 3 0 4 3 3 0 3 3 0 4 0 0 0 0 3 0 3 4 3
Last Time Cost: 00000001 ms
Total Time Cost: 00000077 ms
Total Distance 42: 3 0 3 0 0 3 0 4 3 3 0 3 3 0 4 0 0 0 0 3 0 3 4 3
Last Time Cost: 00000000 ms
Total Time Cost: 00000077 ms
Total Distance 41: 3 0 3 0 0 3 0 4 3 2 0 3 3 0 4 0 0 0 0 3 0 3 4 3
Last Time Cost: 00000000 ms
Total Time Cost: 00000077 ms
Total Distance 40: 3 0 3 0 0 3 0 4 3 1 0 3 3 0 4 0 0 0 0 3 0 3 4 3
Last Time Cost: 00000000 ms
Total Time Cost: 00000077 ms
Total Distance 39: 3 0 3 0 0 3 0 4 3 0 0 3 3 0 4 0 0 0 0 3 0 3 4 3
Last Time Cost: 00000000 ms
Total Time Cost: 00000077 ms
Total Distance 38: 3 0 3 0 0 3 0 4 3 0 0 2 3 0 4 0 0 0 0 3 0 3 4 3
Last Time Cost: 00000000 ms
Total Time Cost: 00000077 ms
Total Distance 37: 3 0 3 0 0 3 0 4 3 0 0 1 3 0 4 0 0 0 0 3 0 3 4 3
Last Time Cost: 00000000 ms
Total Time Cost: 00000077 ms
Total Distance 36: 3 0 3 0 0 3 0 4 3 0 0 0 3 0 4 0 0 0 0 3 0 3 4 3
Last Time Cost: 00000000 ms
Total Time Cost: 00000077 ms
Total Distance 35: 3 0 3 0 0 3 0 4 2 0 0 0 3 0 4 0 0 0 0 3 0 3 4 3
Last Time Cost: 00000000 ms
Total Time Cost: 00000077 ms
Total Distance 34: 3 0 3 0 0 3 0 4 1 0 0 0 3 0 4 0 0 0 0 3 0 3 4 3
Last Time Cost: 00000000 ms
Total Time Cost: 00000077 ms
Total Distance 33: 3 0 3 0 0 3 0 4 0 0 0 0 3 0 4 0 0 0 0 3 0 3 4 3
Last Time Cost: 00000000 ms
Total Time Cost: 00000077 ms
Total Distance 32: 3 0 3 0 0 3 0 4 0 0 0 0 3 0 4 0 0 0 0 2 0 3 4 3
Last Time Cost: 00000000 ms
Total Time Cost: 00000077 ms
Total Distance 31: 3 0 3 0 0 3 0 4 0 0 0 0 3 0 4 0 0 0 0 1 0 3 4 3
Last Time Cost: 00000000 ms
Total Time Cost: 00000077 ms
Total Distance 30: 3 0 3 0 0 3 0 4 0 0 0 0 3 0 4 0 0 0 0 0 0 3 4 3
Last Time Cost: 00000000 ms
Total Time Cost: 00000077 ms
Total Distance 29: 2 0 3 0 0 3 0 4 0 0 0 0 3 0 4 0 0 0 0 0 0 3 4 3
Last Time Cost: 00000000 ms
Total Time Cost: 00000077 ms
Total Distance 28: 1 0 3 0 0 3 0 4 0 0 0 0 3 0 4 0 0 0 0 0 0 3 4 3
Last Time Cost: 00000000 ms
Total Time Cost: 00000077 ms
Total Distance 27: 0 0 3 0 0 3 0 4 0 0 0 0 3 0 4 0 0 0 0 0 0 3 4 3
Last Time Cost: 00000000 ms
Total Time Cost: 00000077 ms
Total Distance 26: 0 0 2 0 0 3 0 4 0 0 0 0 3 0 4 0 0 0 0 0 0 3 4 3
Last Time Cost: 00000000 ms
Total Time Cost: 00000077 ms
Total Distance 25: 0 0 1 0 0 3 0 4 0 0 0 0 3 0 4 0 0 0 0 0 0 3 4 3
Last Time Cost: 00000000 ms
Total Time Cost: 00000077 ms
Total Distance 24: 0 0 0 0 0 3 0 4 0 0 0 0 3 0 4 0 0 0 0 0 0 3 4 3
Last Time Cost: 00000000 ms
Total Time Cost: 00000077 ms
Total Distance 23: 0 0 0 0 0 3 0 4 0 0 0 0 3 0 4 0 0 0 0 0 0 3 4 2
Last Time Cost: 00000000 ms
Total Time Cost: 00000077 ms
Total Distance 22: 0 0 0 0 0 3 0 4 0 0 0 0 3 0 4 0 0 0 0 0 0 3 4 1
Last Time Cost: 00000000 ms
Total Time Cost: 00000077 ms
Total Distance 21: 0 0 0 0 0 3 0 4 0 0 0 0 3 0 4 0 0 0 0 0 0 3 4 0
Last Time Cost: 00000001 ms
Total Time Cost: 00000078 ms
Total Distance 20: 0 0 0 0 0 2 0 4 0 0 0 0 3 0 4 0 0 0 0 0 0 3 4 0
Last Time Cost: 00000000 ms
Total Time Cost: 00000078 ms
Total Distance 19: 0 0 0 0 0 1 0 4 0 0 0 0 3 0 4 0 0 0 0 0 0 3 4 0
Last Time Cost: 00000000 ms
Total Time Cost: 00000078 ms
Total Distance 18: 0 0 0 0 0 0 0 4 0 0 0 0 3 0 4 0 0 0 0 0 0 3 4 0
Last Time Cost: 00000000 ms
Total Time Cost: 00000078 ms
Total Distance 17: 0 0 0 0 0 0 0 4 0 0 0 0 2 0 4 0 0 0 0 0 0 3 4 0
Last Time Cost: 00000000 ms
Total Time Cost: 00000078 ms
Total Distance 15: 0 0 0 0 0 0 0 4 0 0 0 0 1 0 3 0 0 0 0 0 0 3 4 0
Last Time Cost: 00000000 ms
Total Time Cost: 00000078 ms
Total Distance 14: 0 0 0 0 0 0 0 4 0 0 0 0 0 0 3 0 0 0 0 0 0 3 4 0
Last Time Cost: 00000001 ms
Total Time Cost: 00000079 ms
Total Distance 13: 0 0 0 0 0 0 0 4 0 0 0 0 0 0 2 0 0 0 0 0 0 3 4 0
Last Time Cost: 00000000 ms
Total Time Cost: 00000079 ms
Total Distance 12: 0 0 0 0 0 0 0 4 0 0 0 0 0 0 1 0 0 0 0 0 0 3 4 0
Last Time Cost: 00000000 ms
Total Time Cost: 00000079 ms
Total Distance 11: 0 0 0 0 0 0 0 4 0 0 0 0 0 0 0 0 0 0 0 0 0 3 4 0
Last Time Cost: 00000000 ms
Total Time Cost: 00000079 ms
Total Distance 10: 0 0 0 0 0 0 0 4 0 0 0 0 0 0 0 0 0 0 0 0 0 2 4 0
Last Time Cost: 00000000 ms
Total Time Cost: 00000079 ms
Total Distance 9: 0 0 0 0 0 0 0 4 0 0 0 0 0 0 0 0 0 0 0 0 0 1 4 0
Last Time Cost: 00000000 ms
Total Time Cost: 00000079 ms
Total Distance 8: 0 0 0 0 0 0 0 4 0 0 0 0 0 0 0 0 0 0 0 0 0 0 4 0
Last Time Cost: 00000000 ms
Total Time Cost: 00000079 ms
Total Distance 7: 0 0 0 0 0 0 0 3 0 0 0 0 0 0 0 0 0 0 0 0 0 0 4 0
Last Time Cost: 00000000 ms
Total Time Cost: 00000079 ms
Total Distance 6: 0 0 0 0 0 0 0 2 0 0 0 0 0 0 0 0 0 0 0 0 0 0 4 0
Last Time Cost: 00000000 ms
Total Time Cost: 00000079 ms
Total Distance 5: 0 0 0 0 0 0 0 1 0 0 0 0 0 0 0 0 0 0 0 0 0 0 4 0
Last Time Cost: 00000000 ms
Total Time Cost: 00000079 ms
Total Distance 4: 0 0 0 0 0 0 0 0 0 0 0 0 0 0 0 0 0 0 0 0 0 0 4 0
Last Time Cost: 00000000 ms
Total Time Cost: 00000079 ms
Total Distance 3: 0 0 0 0 0 0 0 0 0 0 0 0 0 0 0 0 0 0 0 0 0 0 3 0
Last Time Cost: 00000000 ms
Total Time Cost: 00000079 ms
Total Distance 2: 0 0 0 0 0 0 0 0 0 0 0 0 0 0 0 0 0 0 0 0 0 0 2 0
Last Time Cost: 00000000 ms
Total Time Cost: 00000079 ms
Total Distance 1: 0 0 0 0 0 0 0 0 0 0 0 0 0 0 0 0 0 0 0 0 0 0 1 0
Last Time Cost: 00000000 ms
Total Time Cost: 00000079 ms
Total Distance 0: 0 0 0 0 0 0 0 0 0 0 0 0 0 0 0 0 0 0 0 0 0 0 0 0
