Last Time Cost: 00000000 ms
Total Time Cost: 00000000 ms
Total Distance 110: 6 6 6 6 6 4 4 4 4 4 5 5 5 5 5 5 5 5 5 5 5 5
Last Time Cost: 00000006 ms
Total Time Cost: 00000006 ms
Total Distance 104: 6 5 5 5 6 4 4 3 4 4 5 5 5 5 4 5 5 5 5 4 5 5
Last Time Cost: 00000000 ms
Total Time Cost: 00000006 ms
Total Distance 99: 6 4 5 5 5 4 4 2 4 4 4 5 5 5 4 4 5 5 5 4 5 5
Last Time Cost: 00000000 ms
Total Time Cost: 00000006 ms
Total Distance 95: 6 3 5 5 5 4 4 2 4 4 4 5 5 4 4 4 5 5 5 3 5 4
Last Time Cost: 00000000 ms
Total Time Cost: 00000006 ms
Total Distance 91: 6 3 5 5 5 4 4 2 4 4 3 5 5 4 4 3 4 5 4 3 5 4
Last Time Cost: 00000000 ms
Total Time Cost: 00000006 ms
Total Distance 87: 6 3 5 5 5 4 3 2 3 4 3 4 4 4 4 3 4 5 4 3 5 4
Last Time Cost: 00000000 ms
Total Time Cost: 00000006 ms
Total Distance 84: 6 3 5 5 5 4 3 1 3 4 3 4 4 4 3 3 4 5 4 2 5 4
Last Time Cost: 00000000 ms
Total Time Cost: 00000006 ms
Total Distance 83: 6 3 5 5 5 4 3 0 3 4 3 4 4 4 3 3 4 5 4 2 5 4
Last Time Cost: 00000000 ms
Total Time Cost: 00000006 ms
Total Distance 80: 6 3 5 5 5 4 3 0 3 4 2 4 4 4 3 2 4 5 3 2 5 4
Last Time Cost: 00000000 ms
Total Time Cost: 00000006 ms
Total Distance 77: 6 3 5 5 5 3 3 0 3 4 2 3 4 4 3 2 4 4 3 2 5 4
Last Time Cost: 00000000 ms
Total Time Cost: 00000006 ms
Total Distance 74: 5 3 5 5 5 3 3 0 3 4 2 3 4 4 3 1 4 4 3 2 4 4
Last Time Cost: 00000000 ms
Total Time Cost: 00000006 ms
Total Distance 73: 5 3 5 5 5 3 3 0 3 4 2 3 4 4 3 0 4 4 3 2 4 4
Last Time Cost: 00000000 ms
Total Time Cost: 00000006 ms
Total Distance 70: 4 3 5 5 5 3 3 0 3 4 2 3 4 4 3 0 4 4 3 2 3 3
Last Time Cost: 00000000 ms
Total Time Cost: 00000006 ms
Total Distance 67: 4 2 4 4 5 3 3 0 3 4 2 3 4 4 3 0 4 4 3 2 3 3
Last Time Cost: 00000000 ms
Total Time Cost: 00000006 ms
Total Distance 65: 4 2 4 4 5 3 3 0 3 4 1 3 4 4 3 0 4 4 2 2 3 3
Last Time Cost: 00000000 ms
Total Time Cost: 00000006 ms
Total Distance 64: 4 2 4 4 5 3 3 0 3 4 0 3 4 4 3 0 4 4 2 2 3 3
Last Time Cost: 00000000 ms
Total Time Cost: 00000006 ms
Total Distance 62: 4 2 4 4 5 3 2 0 3 4 0 3 4 4 3 0 4 4 1 2 3 3
Last Time Cost: 00000000 ms
Total Time Cost: 00000006 ms
Total Distance 61: 4 2 4 4 5 3 2 0 3 4 0 3 4 4 3 0 4 4 0 2 3 3
Last Time Cost: 00000000 ms
Total Time Cost: 00000006 ms
Total Distance 59: 4 2 4 4 5 2 2 0 3 4 0 3 4 4 2 0 4 4 0 2 3 3
Last Time Cost: 00000000 ms
Total Time Cost: 00000006 ms
Total Distance 57: 4 2 4 4 5 2 2 0 3 4 0 3 3 4 1 0 4 4 0 2 3 3
Last Time Cost: 00000000 ms
Total Time Cost: 00000006 ms
Total Distance 56: 4 2 4 4 5 2 2 0 3 4 0 3 3 4 0 0 4 4 0 2 3 3
Last Time Cost: 00000000 ms
Total Time Cost: 00000006 ms
Total Distance 54: 4 1 4 4 4 2 2 0 3 4 0 3 3 4 0 0 4 4 0 2 3 3
Last Time Cost: 00000000 ms
Total Time Cost: 00000006 ms
Total Distance 53: 4 0 4 4 4 2 2 0 3 4 0 3 3 4 0 0 4 4 0 2 3 3
Last Time Cost: 00000000 ms
Total Time Cost: 00000006 ms
Total Distance 51: 4 0 4 4 4 2 2 0 3 4 0 3 3 4 0 0 3 4 0 2 3 2
Last Time Cost: 00000000 ms
Total Time Cost: 00000006 ms
Total Distance 49: 3 0 4 4 4 2 2 0 3 4 0 3 3 4 0 0 3 4 0 2 2 2
Last Time Cost: 00000000 ms
Total Time Cost: 00000006 ms
Total Distance 47: 2 0 3 4 4 2 2 0 3 4 0 3 3 4 0 0 3 4 0 2 2 2
Last Time Cost: 00000000 ms
Total Time Cost: 00000006 ms
Total Distance 45: 2 0 3 4 4 2 1 0 3 3 0 3 3 4 0 0 3 4 0 2 2 2
Last Time Cost: 00000000 ms
Total Time Cost: 00000006 ms
Total Distance 44: 2 0 3 4 4 2 0 0 3 3 0 3 3 4 0 0 3 4 0 2 2 2
Last Time Cost: 00000000 ms
Total Time Cost: 00000006 ms
Total Distance 42: 2 0 2 4 4 2 0 0 3 2 0 3 3 4 0 0 3 4 0 2 2 2
Last Time Cost: 00000000 ms
Total Time Cost: 00000006 ms
Total Distance 40: 2 0 2 4 4 2 0 0 3 2 0 2 3 4 0 0 3 3 0 2 2 2
Last Time Cost: 00000000 ms
Total Time Cost: 00000006 ms
Total Distance 39: 2 0 2 4 4 2 0 0 3 2 0 2 3 4 0 0 3 3 0 2 2 1
Last Time Cost: 00000000 ms
Total Time Cost: 00000006 ms
Total Distance 38: 2 0 2 4 4 2 0 0 3 2 0 2 3 4 0 0 3 3 0 2 2 0
Last Time Cost: 00000000 ms
Total Time Cost: 00000006 ms
Total Distance 36: 2 0 2 4 4 2 0 0 2 2 0 2 3 3 0 0 3 3 0 2 2 0
Last Time Cost: 00000000 ms
Total Time Cost: 00000006 ms
Total Distance 35: 2 0 2 4 4 2 0 0 2 2 0 1 3 3 0 0 3 3 0 2 2 0
Last Time Cost: 00000000 ms
Total Time Cost: 00000006 ms
Total Distance 34: 2 0 2 4 4 2 0 0 2 2 0 0 3 3 0 0 3 3 0 2 2 0
Last Time Cost: 00000000 ms
Total Time Cost: 00000006 ms
Total Distance 33: 2 0 2 4 4 2 0 0 2 2 0 0 3 3 0 0 3 3 0 1 2 0
Last Time Cost: 00000000 ms
Total Time Cost: 00000006 ms
Total Distance 32: 2 0 2 4 4 2 0 0 2 2 0 0 3 3 0 0 3 3 0 0 2 0
Last Time Cost: 00000000 ms
Total Time Cost: 00000006 ms
Total Distance 31: 2 0 2 4 4 1 0 0 2 2 0 0 3 3 0 0 3 3 0 0 2 0
Last Time Cost: 00000000 ms
Total Time Cost: 00000006 ms
Total Distance 30: 2 0 2 4 4 0 0 0 2 2 0 0 3 3 0 0 3 3 0 0 2 0
Last Time Cost: 00000000 ms
Total Time Cost: 00000006 ms
Total Distance 29: 2 0 2 4 4 0 0 0 1 2 0 0 3 3 0 0 3 3 0 0 2 0
Last Time Cost: 00000000 ms
Total Time Cost: 00000006 ms
Total Distance 28: 2 0 2 4 4 0 0 0 0 2 0 0 3 3 0 0 3 3 0 0 2 0
Last Time Cost: 00000000 ms
Total Time Cost: 00000006 ms
Total Distance 27: 2 0 2 4 4 0 0 0 0 1 0 0 3 3 0 0 3 3 0 0 2 0
Last Time Cost: 00000000 ms
Total Time Cost: 00000006 ms
Total Distance 26: 2 0 2 4 4 0 0 0 0 0 0 0 3 3 0 0 3 3 0 0 2 0
Last Time Cost: 00000000 ms
Total Time Cost: 00000006 ms
Total Distance 25: 2 0 2 4 4 0 0 0 0 0 0 0 3 3 0 0 3 3 0 0 1 0
Last Time Cost: 00000000 ms
Total Time Cost: 00000006 ms
Total Distance 24: 2 0 2 4 4 0 0 0 0 0 0 0 3 3 0 0 3 3 0 0 0 0
Last Time Cost: 00000000 ms
Total Time Cost: 00000006 ms
Total Distance 22: 2 0 2 4 3 0 0 0 0 0 0 0 3 2 0 0 3 3 0 0 0 0
Last Time Cost: 00000000 ms
Total Time Cost: 00000006 ms
Total Distance 21: 2 0 1 4 3 0 0 0 0 0 0 0 3 2 0 0 3 3 0 0 0 0
Last Time Cost: 00000000 ms
Total Time Cost: 00000006 ms
Total Distance 20: 2 0 0 4 3 0 0 0 0 0 0 0 3 2 0 0 3 3 0 0 0 0
Last Time Cost: 00000000 ms
Total Time Cost: 00000006 ms
Total Distance 19: 2 0 0 4 3 0 0 0 0 0 0 0 3 1 0 0 3 3 0 0 0 0
Last Time Cost: 00000000 ms
Total Time Cost: 00000006 ms
Total Distance 18: 2 0 0 4 3 0 0 0 0 0 0 0 3 0 0 0 3 3 0 0 0 0
Last Time Cost: 00000000 ms
Total Time Cost: 00000006 ms
Total Distance 17: 1 0 0 4 3 0 0 0 0 0 0 0 3 0 0 0 3 3 0 0 0 0
Last Time Cost: 00000000 ms
Total Time Cost: 00000006 ms
Total Distance 16: 0 0 0 4 3 0 0 0 0 0 0 0 3 0 0 0 3 3 0 0 0 0
Last Time Cost: 00000001 ms
Total Time Cost: 00000007 ms
Total Distance 15: 0 0 0 4 3 0 0 0 0 0 0 0 2 0 0 0 3 3 0 0 0 0
Last Time Cost: 00000000 ms
Total Time Cost: 00000007 ms
Total Distance 14: 0 0 0 4 3 0 0 0 0 0 0 0 1 0 0 0 3 3 0 0 0 0
Last Time Cost: 00000000 ms
Total Time Cost: 00000007 ms
Total Distance 13: 0 0 0 4 3 0 0 0 0 0 0 0 0 0 0 0 3 3 0 0 0 0
Last Time Cost: 00000000 ms
Total Time Cost: 00000007 ms
Total Distance 12: 0 0 0 4 3 0 0 0 0 0 0 0 0 0 0 0 2 3 0 0 0 0
Last Time Cost: 00000000 ms
Total Time Cost: 00000007 ms
Total Distance 11: 0 0 0 4 3 0 0 0 0 0 0 0 0 0 0 0 1 3 0 0 0 0
Last Time Cost: 00000000 ms
Total Time Cost: 00000007 ms
Total Distance 10: 0 0 0 4 3 0 0 0 0 0 0 0 0 0 0 0 0 3 0 0 0 0
Last Time Cost: 00000000 ms
Total Time Cost: 00000007 ms
Total Distance 9: 0 0 0 4 2 0 0 0 0 0 0 0 0 0 0 0 0 3 0 0 0 0
Last Time Cost: 00000000 ms
Total Time Cost: 00000007 ms
Total Distance 8: 0 0 0 4 1 0 0 0 0 0 0 0 0 0 0 0 0 3 0 0 0 0
Last Time Cost: 00000000 ms
Total Time Cost: 00000007 ms
Total Distance 7: 0 0 0 4 0 0 0 0 0 0 0 0 0 0 0 0 0 3 0 0 0 0
Last Time Cost: 00000000 ms
Total Time Cost: 00000007 ms
Total Distance 6: 0 0 0 4 0 0 0 0 0 0 0 0 0 0 0 0 0 2 0 0 0 0
Last Time Cost: 00000000 ms
Total Time Cost: 00000007 ms
Total Distance 5: 0 0 0 4 0 0 0 0 0 0 0 0 0 0 0 0 0 1 0 0 0 0
Last Time Cost: 00000000 ms
Total Time Cost: 00000007 ms
Total Distance 4: 0 0 0 4 0 0 0 0 0 0 0 0 0 0 0 0 0 0 0 0 0 0
Last Time Cost: 00000000 ms
Total Time Cost: 00000007 ms
Total Distance 3: 0 0 0 3 0 0 0 0 0 0 0 0 0 0 0 0 0 0 0 0 0 0
Last Time Cost: 00000000 ms
Total Time Cost: 00000007 ms
Total Distance 2: 0 0 0 2 0 0 0 0 0 0 0 0 0 0 0 0 0 0 0 0 0 0
Last Time Cost: 00000000 ms
Total Time Cost: 00000007 ms
Total Distance 1: 0 0 0 1 0 0 0 0 0 0 0 0 0 0 0 0 0 0 0 0 0 0
Last Time Cost: 00000000 ms
Total Time Cost: 00000007 ms
Total Distance 0: 0 0 0 0 0 0 0 0 0 0 0 0 0 0 0 0 0 0 0 0 0 0
