Last Time Cost: 00000000 ms
Total Time Cost: 00000000 ms
Total Distance 140: 8 8 8 8 8 6 6 6 6 6 7 7 7 7 7 7 7 7 7 7
Last Time Cost: 00000005 ms
Total Time Cost: 00000005 ms
Total Distance 133: 8 8 7 8 7 5 6 5 5 6 7 7 7 7 7 7 6 6 7 7
Last Time Cost: 00000001 ms
Total Time Cost: 00000006 ms
Total Distance 127: 8 8 7 8 6 4 6 5 5 6 6 7 6 7 6 7 6 6 7 6
Last Time Cost: 00000002 ms
Total Time Cost: 00000008 ms
Total Distance 122: 8 8 7 8 6 4 6 4 5 5 6 7 6 6 5 7 6 6 6 6
Last Time Cost: 00000001 ms
Total Time Cost: 00000009 ms
Total Distance 117: 8 7 6 8 6 4 6 3 5 5 6 7 6 5 5 7 6 5 6 6
Last Time Cost: 00000001 ms
Total Time Cost: 00000010 ms
Total Distance 112: 8 6 6 8 6 4 5 3 5 5 6 7 5 5 5 6 6 4 6 6
Last Time Cost: 00000001 ms
Total Time Cost: 00000011 ms
Total Distance 108: 8 6 6 8 6 4 4 3 5 5 6 7 4 5 5 5 6 3 6 6
Last Time Cost: 00000001 ms
Total Time Cost: 00000012 ms
Total Distance 104: 8 5 6 8 5 4 4 3 5 4 6 7 4 5 5 5 5 3 6 6
Last Time Cost: 00000001 ms
Total Time Cost: 00000013 ms
Total Distance 100: 7 5 5 8 5 4 4 3 4 4 6 7 4 5 5 4 5 3 6 6
Last Time Cost: 00000001 ms
Total Time Cost: 00000014 ms
Total Distance 96: 6 4 5 7 5 4 4 3 4 4 6 7 4 5 5 4 5 3 6 5
Last Time Cost: 00000001 ms
Total Time Cost: 00000015 ms
Total Distance 92: 5 4 5 6 5 4 4 3 4 4 5 6 4 5 5 4 5 3 6 5
Last Time Cost: 00000000 ms
Total Time Cost: 00000015 ms
Total Distance 89: 5 4 5 6 5 4 3 3 4 4 5 6 4 5 5 3 5 2 6 5
Last Time Cost: 00000000 ms
Total Time Cost: 00000015 ms
Total Distance 86: 5 4 4 6 5 4 3 2 4 4 5 6 4 5 5 3 5 1 6 5
Last Time Cost: 00000000 ms
Total Time Cost: 00000015 ms
Total Distance 85: 5 4 4 6 5 4 3 2 4 4 5 6 4 5 5 3 5 0 6 5
Last Time Cost: 00000000 ms
Total Time Cost: 00000015 ms
Total Distance 82: 4 4 3 6 5 4 3 2 4 4 5 6 4 5 5 2 5 0 6 5
Last Time Cost: 00000000 ms
Total Time Cost: 00000015 ms
Total Distance 79: 4 4 3 6 5 4 3 2 4 3 5 6 4 4 4 2 5 0 6 5
Last Time Cost: 00000000 ms
Total Time Cost: 00000015 ms
Total Distance 76: 3 4 3 6 5 4 3 2 3 3 5 5 4 4 4 2 5 0 6 5
Last Time Cost: 00000001 ms
Total Time Cost: 00000016 ms
Total Distance 73: 3 4 3 6 5 4 3 2 3 3 5 4 4 3 4 2 5 0 5 5
Last Time Cost: 00000000 ms
Total Time Cost: 00000016 ms
Total Distance 70: 3 4 3 5 5 4 3 2 3 3 5 4 4 3 4 2 4 0 5 4
Last Time Cost: 00000000 ms
Total Time Cost: 00000016 ms
Total Distance 68: 3 4 3 5 5 3 3 2 2 3 5 4 4 3 4 2 4 0 5 4
Last Time Cost: 00000000 ms
Total Time Cost: 00000016 ms
Total Distance 66: 3 4 3 5 5 2 3 2 2 3 5 4 3 3 4 2 4 0 5 4
Last Time Cost: 00000000 ms
Total Time Cost: 00000016 ms
Total Distance 64: 2 4 3 5 5 2 3 2 2 3 5 3 3 3 4 2 4 0 5 4
Last Time Cost: 00000000 ms
Total Time Cost: 00000016 ms
Total Distance 62: 2 3 3 4 5 2 3 2 2 3 5 3 3 3 4 2 4 0 5 4
Last Time Cost: 00000000 ms
Total Time Cost: 00000016 ms
Total Distance 60: 2 3 3 3 5 2 3 2 2 3 5 3 3 3 4 2 3 0 5 4
Last Time Cost: 00000000 ms
Total Time Cost: 00000016 ms
Total Distance 57: 2 3 3 3 4 2 3 2 2 3 4 3 3 3 4 2 3 0 5 3
Last Time Cost: 00000000 ms
Total Time Cost: 00000016 ms
Total Distance 55: 2 3 3 3 4 2 3 2 2 2 4 2 3 3 4 2 3 0 5 3
Last Time Cost: 00000000 ms
Total Time Cost: 00000016 ms
Total Distance 53: 2 3 3 3 3 2 3 2 2 2 4 2 3 3 4 2 3 0 5 2
Last Time Cost: 00000000 ms
Total Time Cost: 00000016 ms
Total Distance 51: 2 3 3 3 3 2 3 2 2 2 3 2 3 2 4 2 3 0 5 2
Last Time Cost: 00000000 ms
Total Time Cost: 00000016 ms
Total Distance 49: 2 3 3 3 3 2 3 2 2 2 3 2 3 2 4 2 2 0 4 2
Last Time Cost: 00000000 ms
Total Time Cost: 00000016 ms
Total Distance 48: 2 3 3 3 3 2 3 2 2 2 3 1 3 2 4 2 2 0 4 2
Last Time Cost: 00000000 ms
Total Time Cost: 00000016 ms
Total Distance 47: 2 3 3 3 3 2 3 2 2 2 3 0 3 2 4 2 2 0 4 2
Last Time Cost: 00000000 ms
Total Time Cost: 00000016 ms
Total Distance 46: 2 3 3 3 3 2 3 2 2 2 3 0 3 2 4 1 2 0 4 2
Last Time Cost: 00000000 ms
Total Time Cost: 00000016 ms
Total Distance 45: 2 3 3 3 3 2 3 2 2 2 3 0 3 2 4 0 2 0 4 2
Last Time Cost: 00000000 ms
Total Time Cost: 00000016 ms
Total Distance 44: 2 3 3 3 3 2 3 2 1 2 3 0 3 2 4 0 2 0 4 2
Last Time Cost: 00000000 ms
Total Time Cost: 00000016 ms
Total Distance 43: 2 3 3 3 3 2 3 2 0 2 3 0 3 2 4 0 2 0 4 2
Last Time Cost: 00000000 ms
Total Time Cost: 00000016 ms
Total Distance 41: 2 3 3 3 3 2 2 2 0 2 3 0 3 2 4 0 2 0 3 2
Last Time Cost: 00000000 ms
Total Time Cost: 00000016 ms
Total Distance 40: 2 3 3 3 3 2 2 1 0 2 3 0 3 2 4 0 2 0 3 2
Last Time Cost: 00000000 ms
Total Time Cost: 00000016 ms
Total Distance 39: 2 3 3 3 3 2 2 0 0 2 3 0 3 2 4 0 2 0 3 2
Last Time Cost: 00000000 ms
Total Time Cost: 00000016 ms
Total Distance 38: 1 3 3 3 3 2 2 0 0 2 3 0 3 2 4 0 2 0 3 2
Last Time Cost: 00000000 ms
Total Time Cost: 00000016 ms
Total Distance 37: 0 3 3 3 3 2 2 0 0 2 3 0 3 2 4 0 2 0 3 2
Last Time Cost: 00000000 ms
Total Time Cost: 00000016 ms
Total Distance 36: 0 3 3 3 3 2 2 0 0 2 3 0 3 1 4 0 2 0 3 2
Last Time Cost: 00000000 ms
Total Time Cost: 00000016 ms
Total Distance 35: 0 3 3 3 3 2 2 0 0 2 3 0 3 0 4 0 2 0 3 2
Last Time Cost: 00000000 ms
Total Time Cost: 00000016 ms
Total Distance 33: 0 3 3 3 3 2 2 0 0 2 3 0 2 0 3 0 2 0 3 2
Last Time Cost: 00000000 ms
Total Time Cost: 00000016 ms
Total Distance 32: 0 3 3 3 3 1 2 0 0 2 3 0 2 0 3 0 2 0 3 2
Last Time Cost: 00000000 ms
Total Time Cost: 00000016 ms
Total Distance 31: 0 3 3 3 3 0 2 0 0 2 3 0 2 0 3 0 2 0 3 2
Last Time Cost: 00000000 ms
Total Time Cost: 00000016 ms
Total Distance 30: 0 3 3 3 3 0 2 0 0 2 3 0 1 0 3 0 2 0 3 2
Last Time Cost: 00000000 ms
Total Time Cost: 00000016 ms
Total Distance 29: 0 3 3 3 3 0 2 0 0 2 3 0 0 0 3 0 2 0 3 2
Last Time Cost: 00000000 ms
Total Time Cost: 00000016 ms
Total Distance 28: 0 3 3 3 3 0 2 0 0 2 3 0 0 0 3 0 1 0 3 2
Last Time Cost: 00000000 ms
Total Time Cost: 00000016 ms
Total Distance 27: 0 3 3 3 3 0 2 0 0 2 3 0 0 0 3 0 0 0 3 2
Last Time Cost: 00000001 ms
Total Time Cost: 00000017 ms
Total Distance 26: 0 3 3 3 3 0 2 0 0 2 3 0 0 0 3 0 0 0 3 1
Last Time Cost: 00000000 ms
Total Time Cost: 00000017 ms
Total Distance 25: 0 3 3 3 3 0 2 0 0 2 3 0 0 0 3 0 0 0 3 0
Last Time Cost: 00000000 ms
Total Time Cost: 00000017 ms
Total Distance 24: 0 3 3 3 3 0 2 0 0 1 3 0 0 0 3 0 0 0 3 0
Last Time Cost: 00000000 ms
Total Time Cost: 00000017 ms
Total Distance 23: 0 3 3 3 3 0 2 0 0 0 3 0 0 0 3 0 0 0 3 0
Last Time Cost: 00000000 ms
Total Time Cost: 00000017 ms
Total Distance 22: 0 3 3 3 3 0 1 0 0 0 3 0 0 0 3 0 0 0 3 0
Last Time Cost: 00000000 ms
Total Time Cost: 00000017 ms
Total Distance 21: 0 3 3 3 3 0 0 0 0 0 3 0 0 0 3 0 0 0 3 0
Last Time Cost: 00000000 ms
Total Time Cost: 00000017 ms
Total Distance 20: 0 3 2 3 3 0 0 0 0 0 3 0 0 0 3 0 0 0 3 0
Last Time Cost: 00000000 ms
Total Time Cost: 00000017 ms
Total Distance 19: 0 3 1 3 3 0 0 0 0 0 3 0 0 0 3 0 0 0 3 0
Last Time Cost: 00000000 ms
Total Time Cost: 00000017 ms
Total Distance 18: 0 3 0 3 3 0 0 0 0 0 3 0 0 0 3 0 0 0 3 0
Last Time Cost: 00000000 ms
Total Time Cost: 00000017 ms
Total Distance 17: 0 3 0 2 3 0 0 0 0 0 3 0 0 0 3 0 0 0 3 0
Last Time Cost: 00000000 ms
Total Time Cost: 00000017 ms
Total Distance 16: 0 3 0 1 3 0 0 0 0 0 3 0 0 0 3 0 0 0 3 0
Last Time Cost: 00000000 ms
Total Time Cost: 00000017 ms
Total Distance 15: 0 3 0 0 3 0 0 0 0 0 3 0 0 0 3 0 0 0 3 0
Last Time Cost: 00000000 ms
Total Time Cost: 00000017 ms
Total Distance 14: 0 2 0 0 3 0 0 0 0 0 3 0 0 0 3 0 0 0 3 0
Last Time Cost: 00000000 ms
Total Time Cost: 00000017 ms
Total Distance 13: 0 1 0 0 3 0 0 0 0 0 3 0 0 0 3 0 0 0 3 0
Last Time Cost: 00000000 ms
Total Time Cost: 00000017 ms
Total Distance 12: 0 0 0 0 3 0 0 0 0 0 3 0 0 0 3 0 0 0 3 0
Last Time Cost: 00000000 ms
Total Time Cost: 00000017 ms
Total Distance 11: 0 0 0 0 3 0 0 0 0 0 3 0 0 0 3 0 0 0 2 0
Last Time Cost: 00000000 ms
Total Time Cost: 00000017 ms
Total Distance 10: 0 0 0 0 3 0 0 0 0 0 3 0 0 0 3 0 0 0 1 0
Last Time Cost: 00000000 ms
Total Time Cost: 00000017 ms
Total Distance 9: 0 0 0 0 3 0 0 0 0 0 3 0 0 0 3 0 0 0 0 0
Last Time Cost: 00000000 ms
Total Time Cost: 00000017 ms
Total Distance 8: 0 0 0 0 2 0 0 0 0 0 3 0 0 0 3 0 0 0 0 0
Last Time Cost: 00000000 ms
Total Time Cost: 00000017 ms
Total Distance 7: 0 0 0 0 1 0 0 0 0 0 3 0 0 0 3 0 0 0 0 0
Last Time Cost: 00000000 ms
Total Time Cost: 00000017 ms
Total Distance 6: 0 0 0 0 0 0 0 0 0 0 3 0 0 0 3 0 0 0 0 0
Last Time Cost: 00000000 ms
Total Time Cost: 00000017 ms
Total Distance 5: 0 0 0 0 0 0 0 0 0 0 2 0 0 0 3 0 0 0 0 0
Last Time Cost: 00000000 ms
Total Time Cost: 00000017 ms
Total Distance 4: 0 0 0 0 0 0 0 0 0 0 1 0 0 0 3 0 0 0 0 0
Last Time Cost: 00000000 ms
Total Time Cost: 00000017 ms
Total Distance 3: 0 0 0 0 0 0 0 0 0 0 0 0 0 0 3 0 0 0 0 0
Last Time Cost: 00000000 ms
Total Time Cost: 00000017 ms
Total Distance 2: 0 0 0 0 0 0 0 0 0 0 0 0 0 0 2 0 0 0 0 0
Last Time Cost: 00000000 ms
Total Time Cost: 00000017 ms
Total Distance 1: 0 0 0 0 0 0 0 0 0 0 0 0 0 0 1 0 0 0 0 0
Last Time Cost: 00000000 ms
Total Time Cost: 00000017 ms
Total Distance 0: 0 0 0 0 0 0 0 0 0 0 0 0 0 0 0 0 0 0 0 0
