Last Time Cost: 00000000 ms
Total Time Cost: 00000000 ms
Total Distance 126: 8 8 8 8 6 6 6 6 7 7 7 7 7 7 7 7 7 7
Last Time Cost: 00000005 ms
Total Time Cost: 00000005 ms
Total Distance 118: 8 8 7 7 6 6 6 6 6 6 6 7 6 6 6 7 7 7
Last Time Cost: 00000000 ms
Total Time Cost: 00000005 ms
Total Distance 111: 8 8 7 6 6 5 6 5 6 5 5 7 5 6 6 6 7 7
Last Time Cost: 00000000 ms
Total Time Cost: 00000005 ms
Total Distance 104: 8 8 6 5 6 5 6 5 6 4 4 7 4 5 5 6 7 7
Last Time Cost: 00000000 ms
Total Time Cost: 00000005 ms
Total Distance 98: 8 7 6 4 6 4 6 5 5 4 4 7 4 5 4 6 6 7
Last Time Cost: 00000000 ms
Total Time Cost: 00000005 ms
Total Distance 93: 7 7 5 3 6 4 6 5 4 4 4 7 4 5 4 6 6 6
Last Time Cost: 00000000 ms
Total Time Cost: 00000005 ms
Total Distance 89: 7 7 5 2 6 4 6 5 4 3 3 7 3 5 4 6 6 6
Last Time Cost: 00000000 ms
Total Time Cost: 00000005 ms
Total Distance 85: 7 7 5 2 6 4 6 5 4 2 3 6 2 4 4 6 6 6
Last Time Cost: 00000000 ms
Total Time Cost: 00000005 ms
Total Distance 81: 7 6 5 2 6 4 6 5 4 2 3 5 2 4 3 6 6 5
Last Time Cost: 00000000 ms
Total Time Cost: 00000005 ms
Total Distance 77: 6 6 5 2 6 4 6 4 4 2 3 4 2 4 3 6 6 4
Last Time Cost: 00000000 ms
Total Time Cost: 00000005 ms
Total Distance 73: 5 6 5 2 6 4 6 3 4 2 3 3 2 4 3 6 6 3
Last Time Cost: 00000000 ms
Total Time Cost: 00000005 ms
Total Distance 69: 4 6 5 2 6 4 5 3 4 2 3 3 2 4 3 5 5 3
Last Time Cost: 00000000 ms
Total Time Cost: 00000005 ms
Total Distance 67: 4 6 5 2 6 4 5 2 4 2 3 3 1 4 3 5 5 3
Last Time Cost: 00000001 ms
Total Time Cost: 00000006 ms
Total Distance 66: 4 6 5 2 6 4 5 2 4 2 3 3 0 4 3 5 5 3
Last Time Cost: 00000000 ms
Total Time Cost: 00000006 ms
Total Distance 63: 4 6 4 2 5 4 5 2 4 2 2 3 0 4 3 5 5 3
Last Time Cost: 00000000 ms
Total Time Cost: 00000006 ms
Total Distance 60: 4 6 3 2 5 4 4 2 4 2 2 3 0 3 3 5 5 3
Last Time Cost: 00000000 ms
Total Time Cost: 00000006 ms
Total Distance 57: 4 5 3 2 5 3 4 2 4 2 2 3 0 3 3 5 4 3
Last Time Cost: 00000000 ms
Total Time Cost: 00000006 ms
Total Distance 55: 4 5 3 2 5 2 4 1 4 2 2 3 0 3 3 5 4 3
Last Time Cost: 00000000 ms
Total Time Cost: 00000006 ms
Total Distance 54: 4 5 3 2 5 2 4 0 4 2 2 3 0 3 3 5 4 3
Last Time Cost: 00000000 ms
Total Time Cost: 00000006 ms
Total Distance 52: 4 5 3 1 5 2 4 0 3 2 2 3 0 3 3 5 4 3
Last Time Cost: 00000000 ms
Total Time Cost: 00000006 ms
Total Distance 51: 4 5 3 0 5 2 4 0 3 2 2 3 0 3 3 5 4 3
Last Time Cost: 00000000 ms
Total Time Cost: 00000006 ms
Total Distance 49: 4 5 3 0 5 2 4 0 3 2 2 2 0 3 3 5 4 2
Last Time Cost: 00000000 ms
Total Time Cost: 00000006 ms
Total Distance 47: 3 5 3 0 5 2 4 0 3 2 2 2 0 3 3 5 4 1
Last Time Cost: 00000000 ms
Total Time Cost: 00000006 ms
Total Distance 46: 3 5 3 0 5 2 4 0 3 2 2 2 0 3 3 5 4 0
Last Time Cost: 00000000 ms
Total Time Cost: 00000006 ms
Total Distance 44: 3 5 3 0 5 2 4 0 3 2 2 1 0 3 3 5 3 0
Last Time Cost: 00000000 ms
Total Time Cost: 00000006 ms
Total Distance 43: 3 5 3 0 5 2 4 0 3 2 2 0 0 3 3 5 3 0
Last Time Cost: 00000000 ms
Total Time Cost: 00000006 ms
Total Distance 40: 3 4 3 0 5 2 4 0 3 2 2 0 0 3 2 4 3 0
Last Time Cost: 00000000 ms
Total Time Cost: 00000006 ms
Total Distance 38: 3 4 3 0 5 2 4 0 3 1 2 0 0 3 2 3 3 0
Last Time Cost: 00000000 ms
Total Time Cost: 00000006 ms
Total Distance 37: 3 4 3 0 5 2 4 0 3 0 2 0 0 3 2 3 3 0
Last Time Cost: 00000000 ms
Total Time Cost: 00000006 ms
Total Distance 35: 3 4 3 0 5 2 3 0 2 0 2 0 0 3 2 3 3 0
Last Time Cost: 00000000 ms
Total Time Cost: 00000006 ms
Total Distance 33: 3 4 3 0 4 2 3 0 2 0 1 0 0 3 2 3 3 0
Last Time Cost: 00000000 ms
Total Time Cost: 00000006 ms
Total Distance 32: 3 4 3 0 4 2 3 0 2 0 0 0 0 3 2 3 3 0
Last Time Cost: 00000000 ms
Total Time Cost: 00000006 ms
Total Distance 31: 3 4 3 0 4 2 3 0 1 0 0 0 0 3 2 3 3 0
Last Time Cost: 00000000 ms
Total Time Cost: 00000006 ms
Total Distance 30: 3 4 3 0 4 2 3 0 0 0 0 0 0 3 2 3 3 0
Last Time Cost: 00000000 ms
Total Time Cost: 00000006 ms
Total Distance 29: 3 4 3 0 4 1 3 0 0 0 0 0 0 3 2 3 3 0
Last Time Cost: 00000000 ms
Total Time Cost: 00000006 ms
Total Distance 28: 3 4 3 0 4 0 3 0 0 0 0 0 0 3 2 3 3 0
Last Time Cost: 00000000 ms
Total Time Cost: 00000006 ms
Total Distance 27: 3 4 3 0 4 0 3 0 0 0 0 0 0 3 1 3 3 0
Last Time Cost: 00000000 ms
Total Time Cost: 00000006 ms
Total Distance 25: 3 3 3 0 4 0 3 0 0 0 0 0 0 3 0 3 3 0
Last Time Cost: 00000000 ms
Total Time Cost: 00000006 ms
Total Distance 24: 3 3 3 0 4 0 3 0 0 0 0 0 0 3 0 2 3 0
Last Time Cost: 00000000 ms
Total Time Cost: 00000006 ms
Total Distance 23: 3 3 3 0 4 0 3 0 0 0 0 0 0 3 0 1 3 0
Last Time Cost: 00000000 ms
Total Time Cost: 00000006 ms
Total Distance 22: 3 3 3 0 4 0 3 0 0 0 0 0 0 3 0 0 3 0
Last Time Cost: 00000000 ms
Total Time Cost: 00000006 ms
Total Distance 21: 2 3 3 0 4 0 3 0 0 0 0 0 0 3 0 0 3 0
Last Time Cost: 00000000 ms
Total Time Cost: 00000006 ms
Total Distance 20: 1 3 3 0 4 0 3 0 0 0 0 0 0 3 0 0 3 0
Last Time Cost: 00000000 ms
Total Time Cost: 00000006 ms
Total Distance 19: 0 3 3 0 4 0 3 0 0 0 0 0 0 3 0 0 3 0
Last Time Cost: 00000000 ms
Total Time Cost: 00000006 ms
Total Distance 18: 0 3 3 0 4 0 3 0 0 0 0 0 0 3 0 0 2 0
Last Time Cost: 00000000 ms
Total Time Cost: 00000006 ms
Total Distance 16: 0 3 3 0 4 0 3 0 0 0 0 0 0 2 0 0 1 0
Last Time Cost: 00000000 ms
Total Time Cost: 00000006 ms
Total Distance 15: 0 3 3 0 4 0 3 0 0 0 0 0 0 2 0 0 0 0
Last Time Cost: 00000000 ms
Total Time Cost: 00000006 ms
Total Distance 14: 0 3 3 0 4 0 3 0 0 0 0 0 0 1 0 0 0 0
Last Time Cost: 00000000 ms
Total Time Cost: 00000006 ms
Total Distance 13: 0 3 3 0 4 0 3 0 0 0 0 0 0 0 0 0 0 0
Last Time Cost: 00000000 ms
Total Time Cost: 00000006 ms
Total Distance 12: 0 2 3 0 4 0 3 0 0 0 0 0 0 0 0 0 0 0
Last Time Cost: 00000000 ms
Total Time Cost: 00000006 ms
Total Distance 11: 0 1 3 0 4 0 3 0 0 0 0 0 0 0 0 0 0 0
Last Time Cost: 00000000 ms
Total Time Cost: 00000006 ms
Total Distance 10: 0 0 3 0 4 0 3 0 0 0 0 0 0 0 0 0 0 0
Last Time Cost: 00000000 ms
Total Time Cost: 00000006 ms
Total Distance 9: 0 0 3 0 4 0 2 0 0 0 0 0 0 0 0 0 0 0
Last Time Cost: 00000001 ms
Total Time Cost: 00000007 ms
Total Distance 8: 0 0 3 0 4 0 1 0 0 0 0 0 0 0 0 0 0 0
Last Time Cost: 00000000 ms
Total Time Cost: 00000007 ms
Total Distance 7: 0 0 3 0 4 0 0 0 0 0 0 0 0 0 0 0 0 0
Last Time Cost: 00000000 ms
Total Time Cost: 00000007 ms
Total Distance 6: 0 0 2 0 4 0 0 0 0 0 0 0 0 0 0 0 0 0
Last Time Cost: 00000000 ms
Total Time Cost: 00000007 ms
Total Distance 5: 0 0 1 0 4 0 0 0 0 0 0 0 0 0 0 0 0 0
Last Time Cost: 00000000 ms
Total Time Cost: 00000007 ms
Total Distance 4: 0 0 0 0 4 0 0 0 0 0 0 0 0 0 0 0 0 0
Last Time Cost: 00000000 ms
Total Time Cost: 00000007 ms
Total Distance 3: 0 0 0 0 3 0 0 0 0 0 0 0 0 0 0 0 0 0
Last Time Cost: 00000000 ms
Total Time Cost: 00000007 ms
Total Distance 2: 0 0 0 0 2 0 0 0 0 0 0 0 0 0 0 0 0 0
Last Time Cost: 00000000 ms
Total Time Cost: 00000007 ms
Total Distance 1: 0 0 0 0 1 0 0 0 0 0 0 0 0 0 0 0 0 0
Last Time Cost: 00000000 ms
Total Time Cost: 00000007 ms
Total Distance 0: 0 0 0 0 0 0 0 0 0 0 0 0 0 0 0 0 0 0
