Last Time Cost: 00000000 ms
Total Time Cost: 00000000 ms
Total Distance 90: 6 6 6 6 4 4 4 4 5 5 5 5 5 5 5 5 5 5
Last Time Cost: 00000004 ms
Total Time Cost: 00000004 ms
Total Distance 84: 5 6 6 5 4 4 4 4 5 5 4 4 4 5 5 5 4 5
Last Time Cost: 00000000 ms
Total Time Cost: 00000004 ms
Total Distance 79: 5 5 5 5 4 4 4 3 5 4 4 4 4 5 5 4 4 5
Last Time Cost: 00000000 ms
Total Time Cost: 00000004 ms
Total Distance 75: 5 4 4 5 4 4 4 2 5 3 4 4 4 5 5 4 4 5
Last Time Cost: 00000000 ms
Total Time Cost: 00000004 ms
Total Distance 71: 4 4 4 4 4 4 4 2 5 3 3 4 4 5 5 4 3 5
Last Time Cost: 00000000 ms
Total Time Cost: 00000004 ms
Total Distance 67: 3 4 4 4 4 4 4 2 5 3 3 4 4 5 4 3 3 4
Last Time Cost: 00000000 ms
Total Time Cost: 00000004 ms
Total Distance 64: 3 4 4 4 4 4 3 2 5 3 2 4 4 5 4 3 2 4
Last Time Cost: 00000000 ms
Total Time Cost: 00000004 ms
Total Distance 61: 2 4 4 3 4 3 3 2 5 3 2 4 4 5 4 3 2 4
Last Time Cost: 00000000 ms
Total Time Cost: 00000004 ms
Total Distance 58: 2 4 4 2 3 3 3 2 5 3 2 4 4 5 4 3 2 3
Last Time Cost: 00000000 ms
Total Time Cost: 00000004 ms
Total Distance 55: 2 4 4 2 3 3 3 2 4 3 1 4 4 4 4 3 2 3
Last Time Cost: 00000000 ms
Total Time Cost: 00000004 ms
Total Distance 54: 2 4 4 2 3 3 3 2 4 3 0 4 4 4 4 3 2 3
Last Time Cost: 00000000 ms
Total Time Cost: 00000004 ms
Total Distance 52: 2 4 4 2 3 3 2 2 4 3 0 4 4 4 4 3 1 3
Last Time Cost: 00000000 ms
Total Time Cost: 00000004 ms
Total Distance 51: 2 4 4 2 3 3 2 2 4 3 0 4 4 4 4 3 0 3
Last Time Cost: 00000000 ms
Total Time Cost: 00000004 ms
Total Distance 49: 2 3 4 2 3 3 2 1 4 3 0 4 4 4 4 3 0 3
Last Time Cost: 00000000 ms
Total Time Cost: 00000004 ms
Total Distance 47: 2 3 3 2 3 3 2 0 4 3 0 4 4 4 4 3 0 3
Last Time Cost: 00000000 ms
Total Time Cost: 00000004 ms
Total Distance 45: 2 3 3 1 3 2 2 0 4 3 0 4 4 4 4 3 0 3
Last Time Cost: 00000000 ms
Total Time Cost: 00000004 ms
Total Distance 44: 2 3 3 0 3 2 2 0 4 3 0 4 4 4 4 3 0 3
Last Time Cost: 00000000 ms
Total Time Cost: 00000004 ms
Total Distance 42: 2 3 3 0 2 1 2 0 4 3 0 4 4 4 4 3 0 3
Last Time Cost: 00000000 ms
Total Time Cost: 00000004 ms
Total Distance 41: 2 3 3 0 2 0 2 0 4 3 0 4 4 4 4 3 0 3
Last Time Cost: 00000000 ms
Total Time Cost: 00000004 ms
Total Distance 39: 1 3 3 0 2 0 2 0 4 3 0 4 4 4 4 3 0 2
Last Time Cost: 00000000 ms
Total Time Cost: 00000004 ms
Total Distance 38: 0 3 3 0 2 0 2 0 4 3 0 4 4 4 4 3 0 2
Last Time Cost: 00000000 ms
Total Time Cost: 00000004 ms
Total Distance 36: 0 3 3 0 2 0 2 0 4 2 0 3 4 4 4 3 0 2
Last Time Cost: 00000000 ms
Total Time Cost: 00000004 ms
Total Distance 34: 0 3 3 0 2 0 2 0 3 2 0 3 4 4 3 3 0 2
Last Time Cost: 00000000 ms
Total Time Cost: 00000004 ms
Total Distance 33: 0 3 3 0 2 0 2 0 3 1 0 3 4 4 3 3 0 2
Last Time Cost: 00000001 ms
Total Time Cost: 00000005 ms
Total Distance 32: 0 3 3 0 2 0 2 0 3 0 0 3 4 4 3 3 0 2
Last Time Cost: 00000000 ms
Total Time Cost: 00000005 ms
Total Distance 30: 0 3 2 0 2 0 2 0 3 0 0 3 4 3 3 3 0 2
Last Time Cost: 00000000 ms
Total Time Cost: 00000005 ms
Total Distance 29: 0 3 2 0 1 0 2 0 3 0 0 3 4 3 3 3 0 2
Last Time Cost: 00000000 ms
Total Time Cost: 00000005 ms
Total Distance 28: 0 3 2 0 0 0 2 0 3 0 0 3 4 3 3 3 0 2
Last Time Cost: 00000000 ms
Total Time Cost: 00000005 ms
Total Distance 27: 0 3 1 0 0 0 2 0 3 0 0 3 4 3 3 3 0 2
Last Time Cost: 00000000 ms
Total Time Cost: 00000005 ms
Total Distance 26: 0 3 0 0 0 0 2 0 3 0 0 3 4 3 3 3 0 2
Last Time Cost: 00000000 ms
Total Time Cost: 00000005 ms
Total Distance 24: 0 3 0 0 0 0 2 0 3 0 0 3 4 2 2 3 0 2
Last Time Cost: 00000000 ms
Total Time Cost: 00000005 ms
Total Distance 23: 0 3 0 0 0 0 2 0 3 0 0 3 4 2 2 3 0 1
Last Time Cost: 00000000 ms
Total Time Cost: 00000005 ms
Total Distance 22: 0 3 0 0 0 0 2 0 3 0 0 3 4 2 2 3 0 0
Last Time Cost: 00000000 ms
Total Time Cost: 00000005 ms
Total Distance 20: 0 3 0 0 0 0 2 0 2 0 0 3 4 2 2 2 0 0
Last Time Cost: 00000000 ms
Total Time Cost: 00000005 ms
Total Distance 19: 0 3 0 0 0 0 2 0 1 0 0 3 4 2 2 2 0 0
Last Time Cost: 00000000 ms
Total Time Cost: 00000005 ms
Total Distance 18: 0 3 0 0 0 0 2 0 0 0 0 3 4 2 2 2 0 0
Last Time Cost: 00000000 ms
Total Time Cost: 00000005 ms
Total Distance 17: 0 3 0 0 0 0 2 0 0 0 0 3 4 2 2 1 0 0
Last Time Cost: 00000000 ms
Total Time Cost: 00000005 ms
Total Distance 16: 0 3 0 0 0 0 2 0 0 0 0 3 4 2 2 0 0 0
Last Time Cost: 00000000 ms
Total Time Cost: 00000005 ms
Total Distance 15: 0 3 0 0 0 0 2 0 0 0 0 3 4 1 2 0 0 0
Last Time Cost: 00000000 ms
Total Time Cost: 00000005 ms
Total Distance 14: 0 3 0 0 0 0 2 0 0 0 0 3 4 0 2 0 0 0
Last Time Cost: 00000000 ms
Total Time Cost: 00000005 ms
Total Distance 13: 0 3 0 0 0 0 1 0 0 0 0 3 4 0 2 0 0 0
Last Time Cost: 00000000 ms
Total Time Cost: 00000005 ms
Total Distance 12: 0 3 0 0 0 0 0 0 0 0 0 3 4 0 2 0 0 0
Last Time Cost: 00000000 ms
Total Time Cost: 00000005 ms
Total Distance 11: 0 3 0 0 0 0 0 0 0 0 0 3 4 0 1 0 0 0
Last Time Cost: 00000000 ms
Total Time Cost: 00000005 ms
Total Distance 10: 0 3 0 0 0 0 0 0 0 0 0 3 4 0 0 0 0 0
Last Time Cost: 00000000 ms
Total Time Cost: 00000005 ms
Total Distance 9: 0 2 0 0 0 0 0 0 0 0 0 3 4 0 0 0 0 0
Last Time Cost: 00000000 ms
Total Time Cost: 00000005 ms
Total Distance 8: 0 1 0 0 0 0 0 0 0 0 0 3 4 0 0 0 0 0
Last Time Cost: 00000000 ms
Total Time Cost: 00000005 ms
Total Distance 7: 0 0 0 0 0 0 0 0 0 0 0 3 4 0 0 0 0 0
Last Time Cost: 00000000 ms
Total Time Cost: 00000005 ms
Total Distance 6: 0 0 0 0 0 0 0 0 0 0 0 2 4 0 0 0 0 0
Last Time Cost: 00000000 ms
Total Time Cost: 00000005 ms
Total Distance 5: 0 0 0 0 0 0 0 0 0 0 0 1 4 0 0 0 0 0
Last Time Cost: 00000000 ms
Total Time Cost: 00000005 ms
Total Distance 4: 0 0 0 0 0 0 0 0 0 0 0 0 4 0 0 0 0 0
Last Time Cost: 00000000 ms
Total Time Cost: 00000005 ms
Total Distance 3: 0 0 0 0 0 0 0 0 0 0 0 0 3 0 0 0 0 0
Last Time Cost: 00000000 ms
Total Time Cost: 00000005 ms
Total Distance 2: 0 0 0 0 0 0 0 0 0 0 0 0 2 0 0 0 0 0
Last Time Cost: 00000000 ms
Total Time Cost: 00000005 ms
Total Distance 1: 0 0 0 0 0 0 0 0 0 0 0 0 1 0 0 0 0 0
Last Time Cost: 00000000 ms
Total Time Cost: 00000005 ms
Total Distance 0: 0 0 0 0 0 0 0 0 0 0 0 0 0 0 0 0 0 0
