Last Time Cost: 00000000 ms
Total Time Cost: 00000000 ms
Total Distance 220: 11 11 11 11 11 9 9 9 9 9 10 10 10 10 10 10 10 10 10 10 10 10
Last Time Cost: 00000021 ms
Total Time Cost: 00000021 ms
Total Distance 206: 10 11 11 10 10 8 8 8 8 9 9 9 10 9 10 10 9 9 9 10 9 10
Last Time Cost: 00000016 ms
Total Time Cost: 00000037 ms
Total Distance 196: 10 11 11 10 9 8 7 7 8 9 8 8 10 8 10 10 8 8 8 10 8 10
Last Time Cost: 00000017 ms
Total Time Cost: 00000054 ms
Total Distance 186: 10 11 10 10 9 7 6 6 8 8 8 8 9 8 9 10 7 8 8 9 8 9
Last Time Cost: 00000017 ms
Total Time Cost: 00000071 ms
Total Distance 177: 10 11 9 9 9 7 6 6 8 7 7 8 8 7 8 10 7 8 8 8 8 8
Last Time Cost: 00000018 ms
Total Time Cost: 00000089 ms
Total Distance 170: 10 11 8 9 9 7 5 5 8 7 7 8 8 7 7 10 6 8 8 7 8 7
Last Time Cost: 00000021 ms
Total Time Cost: 00000110 ms
Total Distance 163: 10 11 8 8 9 6 5 5 7 7 6 8 8 7 7 10 5 7 8 6 8 7
Last Time Cost: 00000027 ms
Total Time Cost: 00000137 ms
Total Distance 156: 10 11 8 8 8 6 5 5 7 7 6 8 8 6 7 9 4 6 7 6 7 7
Last Time Cost: 00000075 ms
Total Time Cost: 00000212 ms
Total Distance 149: 9 10 8 8 8 6 5 5 6 7 5 8 8 5 7 8 4 6 7 6 6 7
Last Time Cost: 00000015 ms
Total Time Cost: 00000227 ms
Total Distance 143: 8 9 8 8 8 5 5 4 5 7 5 7 8 5 7 8 4 6 7 6 6 7
Last Time Cost: 00000011 ms
Total Time Cost: 00000238 ms
Total Distance 137: 7 8 8 8 8 5 5 4 4 7 4 7 7 5 7 7 4 6 7 6 6 7
Last Time Cost: 00000007 ms
Total Time Cost: 00000245 ms
Total Distance 132: 7 8 8 7 8 5 5 4 4 6 3 7 7 4 6 7 4 6 7 6 6 7
Last Time Cost: 00000009 ms
Total Time Cost: 00000254 ms
Total Distance 127: 7 8 8 6 8 5 5 4 4 5 3 7 7 3 5 7 4 6 6 6 6 7
Last Time Cost: 00000007 ms
Total Time Cost: 00000261 ms
Total Distance 122: 7 7 7 6 8 5 4 4 4 5 3 7 7 3 5 7 3 6 6 5 6 7
Last Time Cost: 00000009 ms
Total Time Cost: 00000270 ms
Total Distance 117: 7 7 7 6 7 5 3 4 4 4 3 7 7 3 5 6 3 6 6 5 6 6
Last Time Cost: 00000006 ms
Total Time Cost: 00000276 ms
Total Distance 113: 6 6 7 6 7 4 3 4 3 4 3 7 7 3 5 6 3 6 6 5 6 6
Last Time Cost: 00000005 ms
Total Time Cost: 00000281 ms
Total Distance 110: 6 6 7 6 7 4 3 4 2 4 2 7 7 3 5 6 3 5 6 5 6 6
Last Time Cost: 00000007 ms
Total Time Cost: 00000288 ms
Total Distance 106: 5 5 7 6 7 3 3 4 1 4 2 7 7 3 5 6 3 5 6 5 6 6
Last Time Cost: 00000000 ms
Total Time Cost: 00000288 ms
Total Distance 104: 5 4 7 6 7 3 3 4 0 4 2 7 7 3 5 6 3 5 6 5 6 6
Last Time Cost: 00000010 ms
Total Time Cost: 00000298 ms
Total Distance 100: 5 4 7 5 6 3 3 4 0 4 2 6 7 3 5 6 3 5 6 5 6 5
Last Time Cost: 00000005 ms
Total Time Cost: 00000303 ms
Total Distance 97: 4 4 7 5 6 3 3 3 0 4 2 6 7 3 4 6 3 5 6 5 6 5
Last Time Cost: 00000006 ms
Total Time Cost: 00000309 ms
Total Distance 93: 4 3 7 5 6 3 3 3 0 4 2 6 7 3 4 5 2 5 5 5 6 5
Last Time Cost: 00000008 ms
Total Time Cost: 00000317 ms
Total Distance 90: 4 3 7 5 6 3 3 3 0 4 2 6 6 2 4 5 2 5 4 5 6 5
Last Time Cost: 00000005 ms
Total Time Cost: 00000322 ms
Total Distance 87: 3 3 7 5 6 3 3 3 0 4 2 5 6 2 4 5 2 5 4 5 5 5
Last Time Cost: 00000005 ms
Total Time Cost: 00000327 ms
Total Distance 85: 3 3 7 5 6 3 2 2 0 4 2 5 6 2 4 5 2 5 4 5 5 5
Last Time Cost: 00000007 ms
Total Time Cost: 00000334 ms
Total Distance 83: 3 3 7 5 6 3 2 2 0 4 2 5 6 1 4 5 2 5 4 5 4 5
Last Time Cost: 00000000 ms
Total Time Cost: 00000334 ms
Total Distance 81: 3 3 7 5 6 3 2 2 0 4 2 5 5 0 4 5 2 5 4 5 4 5
Last Time Cost: 00000007 ms
Total Time Cost: 00000341 ms
Total Distance 79: 3 3 7 5 6 2 2 2 0 4 2 5 4 0 4 5 2 5 4 5 4 5
Last Time Cost: 00000009 ms
Total Time Cost: 00000350 ms
Total Distance 76: 3 3 7 5 6 1 2 2 0 4 2 5 3 0 4 5 2 4 4 5 4 5
Last Time Cost: 00000000 ms
Total Time Cost: 00000350 ms
Total Distance 74: 3 3 7 4 6 0 2 2 0 4 2 5 3 0 4 5 2 4 4 5 4 5
Last Time Cost: 00000010 ms
Total Time Cost: 00000360 ms
Total Distance 71: 3 3 7 3 6 0 2 2 0 3 2 5 3 0 3 5 2 4 4 5 4 5
Last Time Cost: 00000010 ms
Total Time Cost: 00000370 ms
Total Distance 69: 3 3 7 2 6 0 2 2 0 2 2 5 3 0 3 5 2 4 4 5 4 5
Last Time Cost: 00000012 ms
Total Time Cost: 00000382 ms
Total Distance 67: 3 3 7 2 6 0 2 2 0 2 2 5 3 0 3 5 1 3 4 5 4 5
Last Time Cost: 00000000 ms
Total Time Cost: 00000382 ms
Total Distance 65: 3 3 7 2 6 0 2 2 0 2 2 5 3 0 3 5 0 2 4 5 4 5
Last Time Cost: 00000016 ms
Total Time Cost: 00000398 ms
Total Distance 62: 3 2 6 2 6 0 2 2 0 2 2 5 3 0 3 4 0 2 4 5 4 5
Last Time Cost: 00000003 ms
Total Time Cost: 00000401 ms
Total Distance 60: 3 2 6 1 5 0 2 2 0 2 2 5 3 0 3 4 0 2 4 5 4 5
Last Time Cost: 00000000 ms
Total Time Cost: 00000401 ms
Total Distance 59: 3 2 6 0 5 0 2 2 0 2 2 5 3 0 3 4 0 2 4 5 4 5
Last Time Cost: 00000003 ms
Total Time Cost: 00000404 ms
Total Distance 57: 3 2 5 0 5 0 2 2 0 2 2 5 3 0 3 4 0 1 4 5 4 5
Last Time Cost: 00000000 ms
Total Time Cost: 00000404 ms
Total Distance 56: 3 2 5 0 5 0 2 2 0 2 2 5 3 0 3 4 0 0 4 5 4 5
Last Time Cost: 00000004 ms
Total Time Cost: 00000408 ms
Total Distance 54: 3 2 5 0 5 0 2 1 0 2 2 5 3 0 3 4 0 0 4 4 4 5
Last Time Cost: 00000000 ms
Total Time Cost: 00000408 ms
Total Distance 53: 3 2 5 0 5 0 2 0 0 2 2 5 3 0 3 4 0 0 4 4 4 5
Last Time Cost: 00000003 ms
Total Time Cost: 00000411 ms
Total Distance 51: 3 2 5 0 5 0 2 0 0 1 2 4 3 0 3 4 0 0 4 4 4 5
Last Time Cost: 00000000 ms
Total Time Cost: 00000411 ms
Total Distance 50: 3 2 5 0 5 0 2 0 0 0 2 4 3 0 3 4 0 0 4 4 4 5
Last Time Cost: 00000002 ms
Total Time Cost: 00000413 ms
Total Distance 48: 3 2 5 0 5 0 2 0 0 0 2 4 3 0 3 3 0 0 4 4 3 5
Last Time Cost: 00000002 ms
Total Time Cost: 00000415 ms
Total Distance 46: 3 2 4 0 5 0 2 0 0 0 2 4 3 0 3 3 0 0 4 3 3 5
Last Time Cost: 00000002 ms
Total Time Cost: 00000417 ms
Total Distance 44: 3 2 3 0 5 0 2 0 0 0 2 4 3 0 3 3 0 0 4 3 3 4
Last Time Cost: 00000001 ms
Total Time Cost: 00000418 ms
Total Distance 43: 3 2 3 0 5 0 1 0 0 0 2 4 3 0 3 3 0 0 4 3 3 4
Last Time Cost: 00000001 ms
Total Time Cost: 00000419 ms
Total Distance 42: 3 2 3 0 5 0 0 0 0 0 2 4 3 0 3 3 0 0 4 3 3 4
Last Time Cost: 00000001 ms
Total Time Cost: 00000420 ms
Total Distance 41: 3 2 3 0 5 0 0 0 0 0 1 4 3 0 3 3 0 0 4 3 3 4
Last Time Cost: 00000000 ms
Total Time Cost: 00000420 ms
Total Distance 39: 3 2 3 0 4 0 0 0 0 0 0 4 3 0 3 3 0 0 4 3 3 4
Last Time Cost: 00000000 ms
Total Time Cost: 00000420 ms
Total Distance 38: 3 1 3 0 4 0 0 0 0 0 0 4 3 0 3 3 0 0 4 3 3 4
Last Time Cost: 00000000 ms
Total Time Cost: 00000420 ms
Total Distance 37: 3 0 3 0 4 0 0 0 0 0 0 4 3 0 3 3 0 0 4 3 3 4
Last Time Cost: 00000000 ms
Total Time Cost: 00000420 ms
Total Distance 36: 3 0 3 0 4 0 0 0 0 0 0 4 3 0 3 3 0 0 4 3 2 4
Last Time Cost: 00000000 ms
Total Time Cost: 00000420 ms
Total Distance 35: 3 0 3 0 4 0 0 0 0 0 0 4 3 0 3 3 0 0 4 3 1 4
Last Time Cost: 00000000 ms
Total Time Cost: 00000420 ms
Total Distance 34: 3 0 3 0 4 0 0 0 0 0 0 4 3 0 3 3 0 0 4 3 0 4
Last Time Cost: 00000000 ms
Total Time Cost: 00000420 ms
Total Distance 32: 3 0 3 0 3 0 0 0 0 0 0 4 3 0 3 3 0 0 3 3 0 4
Last Time Cost: 00000000 ms
Total Time Cost: 00000420 ms
Total Distance 31: 3 0 3 0 3 0 0 0 0 0 0 4 2 0 3 3 0 0 3 3 0 4
Last Time Cost: 00000000 ms
Total Time Cost: 00000420 ms
Total Distance 30: 3 0 3 0 3 0 0 0 0 0 0 4 1 0 3 3 0 0 3 3 0 4
Last Time Cost: 00000000 ms
Total Time Cost: 00000420 ms
Total Distance 29: 3 0 3 0 3 0 0 0 0 0 0 4 0 0 3 3 0 0 3 3 0 4
Last Time Cost: 00000000 ms
Total Time Cost: 00000420 ms
Total Distance 27: 3 0 3 0 3 0 0 0 0 0 0 3 0 0 3 3 0 0 3 3 0 3
Last Time Cost: 00000000 ms
Total Time Cost: 00000420 ms
Total Distance 26: 3 0 3 0 3 0 0 0 0 0 0 2 0 0 3 3 0 0 3 3 0 3
Last Time Cost: 00000000 ms
Total Time Cost: 00000420 ms
Total Distance 25: 3 0 3 0 3 0 0 0 0 0 0 1 0 0 3 3 0 0 3 3 0 3
Last Time Cost: 00000000 ms
Total Time Cost: 00000420 ms
Total Distance 24: 3 0 3 0 3 0 0 0 0 0 0 0 0 0 3 3 0 0 3 3 0 3
Last Time Cost: 00000000 ms
Total Time Cost: 00000420 ms
Total Distance 23: 3 0 3 0 2 0 0 0 0 0 0 0 0 0 3 3 0 0 3 3 0 3
Last Time Cost: 00000000 ms
Total Time Cost: 00000420 ms
Total Distance 22: 3 0 3 0 1 0 0 0 0 0 0 0 0 0 3 3 0 0 3 3 0 3
Last Time Cost: 00000000 ms
Total Time Cost: 00000420 ms
Total Distance 21: 3 0 3 0 0 0 0 0 0 0 0 0 0 0 3 3 0 0 3 3 0 3
Last Time Cost: 00000000 ms
Total Time Cost: 00000420 ms
Total Distance 20: 2 0 3 0 0 0 0 0 0 0 0 0 0 0 3 3 0 0 3 3 0 3
Last Time Cost: 00000000 ms
Total Time Cost: 00000420 ms
Total Distance 19: 1 0 3 0 0 0 0 0 0 0 0 0 0 0 3 3 0 0 3 3 0 3
Last Time Cost: 00000000 ms
Total Time Cost: 00000420 ms
Total Distance 18: 0 0 3 0 0 0 0 0 0 0 0 0 0 0 3 3 0 0 3 3 0 3
Last Time Cost: 00000000 ms
Total Time Cost: 00000420 ms
Total Distance 17: 0 0 3 0 0 0 0 0 0 0 0 0 0 0 3 3 0 0 3 3 0 2
Last Time Cost: 00000000 ms
Total Time Cost: 00000420 ms
Total Distance 16: 0 0 3 0 0 0 0 0 0 0 0 0 0 0 3 3 0 0 3 3 0 1
Last Time Cost: 00000000 ms
Total Time Cost: 00000420 ms
Total Distance 15: 0 0 3 0 0 0 0 0 0 0 0 0 0 0 3 3 0 0 3 3 0 0
Last Time Cost: 00000000 ms
Total Time Cost: 00000420 ms
Total Distance 14: 0 0 3 0 0 0 0 0 0 0 0 0 0 0 3 3 0 0 3 2 0 0
Last Time Cost: 00000000 ms
Total Time Cost: 00000420 ms
Total Distance 13: 0 0 3 0 0 0 0 0 0 0 0 0 0 0 3 3 0 0 3 1 0 0
Last Time Cost: 00000000 ms
Total Time Cost: 00000420 ms
Total Distance 12: 0 0 3 0 0 0 0 0 0 0 0 0 0 0 3 3 0 0 3 0 0 0
Last Time Cost: 00000000 ms
Total Time Cost: 00000420 ms
Total Distance 11: 0 0 3 0 0 0 0 0 0 0 0 0 0 0 2 3 0 0 3 0 0 0
Last Time Cost: 00000000 ms
Total Time Cost: 00000420 ms
Total Distance 10: 0 0 3 0 0 0 0 0 0 0 0 0 0 0 1 3 0 0 3 0 0 0
Last Time Cost: 00000000 ms
Total Time Cost: 00000420 ms
Total Distance 9: 0 0 3 0 0 0 0 0 0 0 0 0 0 0 0 3 0 0 3 0 0 0
Last Time Cost: 00000000 ms
Total Time Cost: 00000420 ms
Total Distance 8: 0 0 2 0 0 0 0 0 0 0 0 0 0 0 0 3 0 0 3 0 0 0
Last Time Cost: 00000001 ms
Total Time Cost: 00000421 ms
Total Distance 7: 0 0 1 0 0 0 0 0 0 0 0 0 0 0 0 3 0 0 3 0 0 0
Last Time Cost: 00000000 ms
Total Time Cost: 00000421 ms
Total Distance 6: 0 0 0 0 0 0 0 0 0 0 0 0 0 0 0 3 0 0 3 0 0 0
Last Time Cost: 00000000 ms
Total Time Cost: 00000421 ms
Total Distance 5: 0 0 0 0 0 0 0 0 0 0 0 0 0 0 0 2 0 0 3 0 0 0
Last Time Cost: 00000000 ms
Total Time Cost: 00000421 ms
Total Distance 4: 0 0 0 0 0 0 0 0 0 0 0 0 0 0 0 1 0 0 3 0 0 0
Last Time Cost: 00000000 ms
Total Time Cost: 00000421 ms
Total Distance 3: 0 0 0 0 0 0 0 0 0 0 0 0 0 0 0 0 0 0 3 0 0 0
Last Time Cost: 00000000 ms
Total Time Cost: 00000421 ms
Total Distance 2: 0 0 0 0 0 0 0 0 0 0 0 0 0 0 0 0 0 0 2 0 0 0
Last Time Cost: 00000000 ms
Total Time Cost: 00000421 ms
Total Distance 1: 0 0 0 0 0 0 0 0 0 0 0 0 0 0 0 0 0 0 1 0 0 0
Last Time Cost: 00000000 ms
Total Time Cost: 00000421 ms
Total Distance 0: 0 0 0 0 0 0 0 0 0 0 0 0 0 0 0 0 0 0 0 0 0 0
