Last Time Cost: 00000000 ms
Total Time Cost: 00000000 ms
Total Distance 304: 4 4 6 6 6 6 6 6 4 4 4 4 4 4 4 4 4 4 6 6 6 6 6 6 4 4 4 4 4 4 4 4 4 4 6 6 6 6 6 6 4 4 4 4 4 4 4 4 4 4 6 6 6 6 6 6 4 4 4 4 4 4 4 4
Last Time Cost: 00000009 ms
Total Time Cost: 00000009 ms
Total Distance 299: 4 4 6 5 6 6 5 6 4 4 4 4 4 4 3 4 4 3 6 6 6 6 6 6 4 4 4 4 4 4 4 4 4 3 6 6 6 6 6 6 4 4 4 4 4 4 4 4 4 4 6 6 6 6 6 6 4 4 4 4 4 4 4 4
Last Time Cost: 00000004 ms
Total Time Cost: 00000013 ms
Total Distance 296: 4 4 6 5 6 6 5 6 4 4 4 4 4 4 2 4 4 3 6 6 6 6 6 6 4 4 4 3 4 4 4 4 4 3 6 6 6 6 6 6 4 4 4 4 4 4 4 4 4 4 6 6 6 6 6 6 4 4 4 4 4 4 3 4
Last Time Cost: 00000004 ms
Total Time Cost: 00000017 ms
Total Distance 295: 4 4 6 5 6 6 5 6 4 4 4 4 4 4 1 4 4 3 6 6 6 6 6 6 4 4 4 3 4 4 4 4 4 3 6 6 6 6 6 6 4 4 4 4 4 4 4 4 4 4 6 6 6 6 6 6 4 4 4 4 4 4 3 4
Last Time Cost: 00000004 ms
Total Time Cost: 00000021 ms
Total Distance 294: 4 4 6 5 6 6 5 6 4 4 4 4 4 4 0 4 4 3 6 6 6 6 6 6 4 4 4 3 4 4 4 4 4 3 6 6 6 6 6 6 4 4 4 4 4 4 4 4 4 4 6 6 6 6 6 6 4 4 4 4 4 4 3 4
Last Time Cost: 00000004 ms
Total Time Cost: 00000025 ms
Total Distance 290: 4 3 6 5 6 6 5 6 4 4 4 4 4 4 0 4 4 3 6 6 6 6 6 6 4 4 4 3 4 4 4 4 4 3 6 6 6 6 6 6 4 4 4 4 4 4 4 4 4 4 6 5 6 6 5 6 4 4 4 4 4 4 2 4
Last Time Cost: 00000004 ms
Total Time Cost: 00000029 ms
Total Distance 289: 4 3 6 5 6 6 5 6 4 4 4 4 4 4 0 4 4 3 6 6 6 6 6 6 4 4 4 3 4 4 4 4 4 3 6 6 6 6 6 6 4 4 4 4 4 4 4 4 4 4 6 5 6 6 5 6 4 4 4 4 4 4 1 4
Last Time Cost: 00000004 ms
Total Time Cost: 00000033 ms
Total Distance 288: 4 3 6 5 6 6 5 6 4 4 4 4 4 4 0 4 4 3 6 6 6 6 6 6 4 4 4 3 4 4 4 4 4 3 6 6 6 6 6 6 4 4 4 4 4 4 4 4 4 4 6 5 6 6 5 6 4 4 4 4 4 4 0 4
Last Time Cost: 00000005 ms
Total Time Cost: 00000038 ms
Total Distance 285: 4 3 6 5 6 6 5 6 4 4 4 4 4 4 0 4 4 3 6 6 6 6 6 6 4 4 4 2 4 4 4 4 4 3 6 6 6 6 6 6 4 4 4 3 4 4 4 4 4 4 6 5 6 6 5 6 3 4 4 4 4 4 0 4
Last Time Cost: 00000005 ms
Total Time Cost: 00000043 ms
Total Distance 284: 4 3 6 5 6 6 5 6 4 4 4 4 4 4 0 4 4 3 6 6 6 6 6 6 4 4 4 1 4 4 4 4 4 3 6 6 6 6 6 6 4 4 4 3 4 4 4 4 4 4 6 5 6 6 5 6 3 4 4 4 4 4 0 4
Last Time Cost: 00000005 ms
Total Time Cost: 00000048 ms
Total Distance 283: 4 3 6 5 6 6 5 6 4 4 4 4 4 4 0 4 4 3 6 6 6 6 6 6 4 4 4 0 4 4 4 4 4 3 6 6 6 6 6 6 4 4 4 3 4 4 4 4 4 4 6 5 6 6 5 6 3 4 4 4 4 4 0 4
Last Time Cost: 00000005 ms
Total Time Cost: 00000053 ms
Total Distance 280: 4 3 6 5 6 6 5 6 4 4 4 4 4 4 0 4 4 3 6 6 6 6 6 6 4 4 4 0 4 4 3 4 4 3 6 6 6 6 6 6 4 4 4 2 4 4 3 4 4 4 6 5 6 6 5 6 3 4 4 4 4 4 0 4
Last Time Cost: 00000005 ms
Total Time Cost: 00000058 ms
Total Distance 279: 4 3 6 5 6 6 5 6 4 4 4 4 4 4 0 4 4 3 6 6 6 6 6 6 4 4 4 0 4 4 3 4 4 3 6 6 6 6 6 6 4 4 4 1 4 4 3 4 4 4 6 5 6 6 5 6 3 4 4 4 4 4 0 4
Last Time Cost: 00000005 ms
Total Time Cost: 00000063 ms
Total Distance 278: 4 3 6 5 6 6 5 6 4 4 4 4 4 4 0 4 4 3 6 6 6 6 6 6 4 4 4 0 4 4 3 4 4 3 6 6 6 6 6 6 4 4 4 0 4 4 3 4 4 4 6 5 6 6 5 6 3 4 4 4 4 4 0 4
Last Time Cost: 00000006 ms
Total Time Cost: 00000069 ms
Total Distance 274: 4 3 6 5 6 6 5 6 4 4 4 4 4 4 0 4 4 3 6 5 6 6 5 6 4 4 4 0 4 4 2 4 4 3 6 6 6 6 6 6 4 4 4 0 4 4 3 4 4 3 6 5 6 6 5 6 3 4 4 4 4 4 0 4
Last Time Cost: 00000005 ms
Total Time Cost: 00000074 ms
Total Distance 272: 4 3 6 5 6 6 5 6 4 4 4 4 4 4 0 4 4 3 6 5 6 6 5 6 4 4 4 0 4 4 1 4 4 3 6 6 6 6 6 6 4 4 4 0 4 4 2 4 4 3 6 5 6 6 5 6 3 4 4 4 4 4 0 4
Last Time Cost: 00000005 ms
Total Time Cost: 00000079 ms
Total Distance 271: 4 3 6 5 6 6 5 6 4 4 4 4 4 4 0 4 4 3 6 5 6 6 5 6 4 4 4 0 4 4 0 4 4 3 6 6 6 6 6 6 4 4 4 0 4 4 2 4 4 3 6 5 6 6 5 6 3 4 4 4 4 4 0 4
Last Time Cost: 00000005 ms
Total Time Cost: 00000084 ms
Total Distance 270: 4 3 6 5 6 6 5 6 4 4 4 4 4 4 0 4 4 3 6 5 6 6 5 6 4 4 4 0 4 4 0 4 4 3 6 6 6 6 6 6 4 4 4 0 4 4 1 4 4 3 6 5 6 6 5 6 3 4 4 4 4 4 0 4
Last Time Cost: 00000006 ms
Total Time Cost: 00000090 ms
Total Distance 269: 4 3 6 5 6 6 5 6 4 4 4 4 4 4 0 4 4 3 6 5 6 6 5 6 4 4 4 0 4 4 0 4 4 3 6 6 6 6 6 6 4 4 4 0 4 4 0 4 4 3 6 5 6 6 5 6 3 4 4 4 4 4 0 4
Last Time Cost: 00000006 ms
Total Time Cost: 00000096 ms
Total Distance 266: 4 3 6 5 6 5 5 6 4 4 4 4 4 4 0 4 4 3 6 5 6 6 5 6 4 4 4 0 4 4 0 4 4 3 6 6 6 6 6 6 3 4 4 0 4 4 0 4 4 3 6 5 6 6 5 6 2 4 4 4 4 4 0 4
Last Time Cost: 00000006 ms
Total Time Cost: 00000102 ms
Total Distance 265: 4 3 6 5 6 5 5 6 4 4 4 4 4 4 0 4 4 3 6 5 6 6 5 6 4 4 4 0 4 4 0 4 4 3 6 6 6 6 6 6 3 4 4 0 4 4 0 4 4 3 6 5 6 6 5 6 1 4 4 4 4 4 0 4
Last Time Cost: 00000006 ms
Total Time Cost: 00000108 ms
Total Distance 264: 4 3 6 5 6 5 5 6 4 4 4 4 4 4 0 4 4 3 6 5 6 6 5 6 4 4 4 0 4 4 0 4 4 3 6 6 6 6 6 6 3 4 4 0 4 4 0 4 4 3 6 5 6 6 5 6 0 4 4 4 4 4 0 4
Last Time Cost: 00000008 ms
Total Time Cost: 00000116 ms
Total Distance 261: 4 3 6 5 6 5 5 6 4 4 4 3 4 4 0 4 4 3 6 5 6 6 5 6 4 4 4 0 4 4 0 4 4 3 6 6 6 6 6 6 2 4 4 0 4 4 0 4 4 3 6 5 6 6 5 6 0 4 4 3 4 4 0 4
Last Time Cost: 00000006 ms
Total Time Cost: 00000122 ms
Total Distance 260: 4 3 6 5 6 5 5 6 4 4 4 3 4 4 0 4 4 3 6 5 6 6 5 6 4 4 4 0 4 4 0 4 4 3 6 6 6 6 6 6 1 4 4 0 4 4 0 4 4 3 6 5 6 6 5 6 0 4 4 3 4 4 0 4
Last Time Cost: 00000006 ms
Total Time Cost: 00000128 ms
Total Distance 259: 4 3 6 5 6 5 5 6 4 4 4 3 4 4 0 4 4 3 6 5 6 6 5 6 4 4 4 0 4 4 0 4 4 3 6 6 6 6 6 6 0 4 4 0 4 4 0 4 4 3 6 5 6 6 5 6 0 4 4 3 4 4 0 4
Last Time Cost: 00000007 ms
Total Time Cost: 00000135 ms
Total Distance 256: 4 3 6 5 5 5 5 6 4 4 4 3 4 4 0 4 4 2 6 5 6 6 5 6 4 4 4 0 4 4 0 4 4 3 6 6 6 6 6 6 0 4 4 0 4 4 0 4 4 3 6 5 5 6 5 6 0 4 4 3 4 4 0 4
Last Time Cost: 00000007 ms
Total Time Cost: 00000142 ms
Total Distance 255: 4 3 6 5 5 5 5 6 4 4 4 3 4 4 0 4 4 1 6 5 6 6 5 6 4 4 4 0 4 4 0 4 4 3 6 6 6 6 6 6 0 4 4 0 4 4 0 4 4 3 6 5 5 6 5 6 0 4 4 3 4 4 0 4
Last Time Cost: 00000006 ms
Total Time Cost: 00000148 ms
Total Distance 254: 4 3 6 5 5 5 5 6 4 4 4 3 4 4 0 4 4 0 6 5 6 6 5 6 4 4 4 0 4 4 0 4 4 3 6 6 6 6 6 6 0 4 4 0 4 4 0 4 4 3 6 5 5 6 5 6 0 4 4 3 4 4 0 4
Last Time Cost: 00000008 ms
Total Time Cost: 00000156 ms
Total Distance 251: 4 3 6 5 5 5 5 6 4 4 4 3 4 4 0 4 4 0 6 5 5 6 5 6 4 4 4 0 4 4 0 4 4 3 6 6 5 6 6 6 0 4 4 0 4 4 0 4 4 2 6 5 5 6 5 6 0 4 4 3 4 4 0 4
Last Time Cost: 00000007 ms
Total Time Cost: 00000163 ms
Total Distance 250: 4 3 6 5 5 5 5 6 4 4 4 3 4 4 0 4 4 0 6 5 5 6 5 6 4 4 4 0 4 4 0 4 4 3 6 6 5 6 6 6 0 4 4 0 4 4 0 4 4 1 6 5 5 6 5 6 0 4 4 3 4 4 0 4
Last Time Cost: 00000008 ms
Total Time Cost: 00000171 ms
Total Distance 249: 4 3 6 5 5 5 5 6 4 4 4 3 4 4 0 4 4 0 6 5 5 6 5 6 4 4 4 0 4 4 0 4 4 3 6 6 5 6 6 6 0 4 4 0 4 4 0 4 4 0 6 5 5 6 5 6 0 4 4 3 4 4 0 4
Last Time Cost: 00000009 ms
Total Time Cost: 00000180 ms
Total Distance 247: 4 2 6 5 5 5 5 6 4 4 4 3 4 4 0 4 4 0 6 5 5 6 5 6 4 4 4 0 4 4 0 4 4 2 6 6 5 6 6 6 0 4 4 0 4 4 0 4 4 0 6 5 5 6 5 6 0 4 4 3 4 4 0 4
Last Time Cost: 00000008 ms
Total Time Cost: 00000188 ms
Total Distance 246: 4 1 6 5 5 5 5 6 4 4 4 3 4 4 0 4 4 0 6 5 5 6 5 6 4 4 4 0 4 4 0 4 4 2 6 6 5 6 6 6 0 4 4 0 4 4 0 4 4 0 6 5 5 6 5 6 0 4 4 3 4 4 0 4
Last Time Cost: 00000008 ms
Total Time Cost: 00000196 ms
Total Distance 245: 4 0 6 5 5 5 5 6 4 4 4 3 4 4 0 4 4 0 6 5 5 6 5 6 4 4 4 0 4 4 0 4 4 2 6 6 5 6 6 6 0 4 4 0 4 4 0 4 4 0 6 5 5 6 5 6 0 4 4 3 4 4 0 4
Last Time Cost: 00000009 ms
Total Time Cost: 00000205 ms
Total Distance 244: 4 0 6 5 5 5 5 6 4 4 4 3 4 4 0 4 4 0 6 5 5 6 5 6 4 4 4 0 4 4 0 4 4 1 6 6 5 6 6 6 0 4 4 0 4 4 0 4 4 0 6 5 5 6 5 6 0 4 4 3 4 4 0 4
Last Time Cost: 00000008 ms
Total Time Cost: 00000213 ms
Total Distance 243: 4 0 6 5 5 5 5 6 4 4 4 3 4 4 0 4 4 0 6 5 5 6 5 6 4 4 4 0 4 4 0 4 4 0 6 6 5 6 6 6 0 4 4 0 4 4 0 4 4 0 6 5 5 6 5 6 0 4 4 3 4 4 0 4
Last Time Cost: 00000009 ms
Total Time Cost: 00000222 ms
Total Distance 241: 4 0 6 5 5 5 5 6 4 4 4 2 4 4 0 4 4 0 6 5 5 6 5 6 4 4 4 0 4 4 0 4 4 0 6 6 5 6 6 6 0 4 4 0 4 4 0 4 4 0 6 5 5 6 5 6 0 4 4 2 4 4 0 4
Last Time Cost: 00000009 ms
Total Time Cost: 00000231 ms
Total Distance 240: 4 0 6 5 5 5 5 6 4 4 4 1 4 4 0 4 4 0 6 5 5 6 5 6 4 4 4 0 4 4 0 4 4 0 6 6 5 6 6 6 0 4 4 0 4 4 0 4 4 0 6 5 5 6 5 6 0 4 4 2 4 4 0 4
Last Time Cost: 00000010 ms
Total Time Cost: 00000241 ms
Total Distance 239: 4 0 6 5 5 5 5 6 4 4 4 0 4 4 0 4 4 0 6 5 5 6 5 6 4 4 4 0 4 4 0 4 4 0 6 6 5 6 6 6 0 4 4 0 4 4 0 4 4 0 6 5 5 6 5 6 0 4 4 2 4 4 0 4
Last Time Cost: 00000009 ms
Total Time Cost: 00000250 ms
Total Distance 238: 4 0 6 5 5 5 5 6 4 4 4 0 4 4 0 4 4 0 6 5 5 6 5 6 4 4 4 0 4 4 0 4 4 0 6 6 5 6 6 6 0 4 4 0 4 4 0 4 4 0 6 5 5 6 5 6 0 4 4 1 4 4 0 4
Last Time Cost: 00000010 ms
Total Time Cost: 00000260 ms
Total Distance 237: 4 0 6 5 5 5 5 6 4 4 4 0 4 4 0 4 4 0 6 5 5 6 5 6 4 4 4 0 4 4 0 4 4 0 6 6 5 6 6 6 0 4 4 0 4 4 0 4 4 0 6 5 5 6 5 6 0 4 4 0 4 4 0 4
Last Time Cost: 00000023 ms
Total Time Cost: 00000283 ms
Total Distance 232: 4 0 5 5 5 4 5 6 4 4 4 0 4 3 0 4 3 0 6 5 5 6 5 6 4 4 4 0 4 4 0 4 3 0 6 6 5 6 6 6 0 4 4 0 4 4 0 4 4 0 6 5 5 6 5 6 0 4 4 0 4 4 0 4
Last Time Cost: 00000014 ms
Total Time Cost: 00000297 ms
Total Distance 229: 4 0 5 5 5 4 5 6 4 4 4 0 4 2 0 4 3 0 6 5 5 6 5 6 4 4 4 0 4 3 0 4 3 0 6 6 5 6 6 6 0 4 3 0 4 4 0 4 4 0 6 5 5 6 5 6 0 4 4 0 4 4 0 4
Last Time Cost: 00000011 ms
Total Time Cost: 00000308 ms
Total Distance 228: 4 0 5 5 5 4 5 6 4 4 4 0 4 1 0 4 3 0 6 5 5 6 5 6 4 4 4 0 4 3 0 4 3 0 6 6 5 6 6 6 0 4 3 0 4 4 0 4 4 0 6 5 5 6 5 6 0 4 4 0 4 4 0 4
Last Time Cost: 00000011 ms
Total Time Cost: 00000319 ms
Total Distance 227: 4 0 5 5 5 4 5 6 4 4 4 0 4 0 0 4 3 0 6 5 5 6 5 6 4 4 4 0 4 3 0 4 3 0 6 6 5 6 6 6 0 4 3 0 4 4 0 4 4 0 6 5 5 6 5 6 0 4 4 0 4 4 0 4
Last Time Cost: 00000013 ms
Total Time Cost: 00000332 ms
Total Distance 223: 4 0 5 5 5 4 5 6 4 4 4 0 4 0 0 4 3 0 5 5 5 5 5 6 4 4 4 0 4 2 0 4 3 0 6 6 5 6 6 6 0 4 3 0 4 4 0 4 3 0 6 5 5 6 5 6 0 4 4 0 4 4 0 4
Last Time Cost: 00000012 ms
Total Time Cost: 00000344 ms
Total Distance 222: 4 0 5 5 5 4 5 6 4 4 4 0 4 0 0 4 3 0 5 5 5 5 5 6 4 4 4 0 4 1 0 4 3 0 6 6 5 6 6 6 0 4 3 0 4 4 0 4 3 0 6 5 5 6 5 6 0 4 4 0 4 4 0 4
Last Time Cost: 00000012 ms
Total Time Cost: 00000356 ms
Total Distance 221: 4 0 5 5 5 4 5 6 4 4 4 0 4 0 0 4 3 0 5 5 5 5 5 6 4 4 4 0 4 0 0 4 3 0 6 6 5 6 6 6 0 4 3 0 4 4 0 4 3 0 6 5 5 6 5 6 0 4 4 0 4 4 0 4
Last Time Cost: 00000014 ms
Total Time Cost: 00000370 ms
Total Distance 218: 4 0 5 4 5 4 5 6 4 4 4 0 4 0 0 4 2 0 5 5 5 5 5 6 4 4 4 0 4 0 0 4 3 0 6 6 5 6 6 6 0 4 3 0 4 4 0 4 3 0 6 4 5 6 5 6 0 4 4 0 4 4 0 4
Last Time Cost: 00000013 ms
Total Time Cost: 00000383 ms
Total Distance 216: 3 0 5 4 5 4 5 6 4 4 4 0 4 0 0 4 1 0 5 5 5 5 5 6 4 4 4 0 4 0 0 4 3 0 6 6 5 6 6 6 0 4 3 0 4 4 0 4 3 0 6 4 5 6 5 6 0 4 4 0 4 4 0 4
Last Time Cost: 00000013 ms
Total Time Cost: 00000396 ms
Total Distance 215: 3 0 5 4 5 4 5 6 4 4 4 0 4 0 0 4 0 0 5 5 5 5 5 6 4 4 4 0 4 0 0 4 3 0 6 6 5 6 6 6 0 4 3 0 4 4 0 4 3 0 6 4 5 6 5 6 0 4 4 0 4 4 0 4
Last Time Cost: 00000014 ms
Total Time Cost: 00000410 ms
Total Distance 212: 3 0 5 4 5 4 5 5 4 4 4 0 4 0 0 4 0 0 5 5 5 5 5 6 4 4 4 0 4 0 0 4 3 0 6 6 5 6 6 6 0 4 2 0 4 4 0 4 3 0 6 4 5 6 5 6 0 4 3 0 4 4 0 4
Last Time Cost: 00000013 ms
Total Time Cost: 00000423 ms
Total Distance 211: 3 0 5 4 5 4 5 5 4 4 4 0 4 0 0 4 0 0 5 5 5 5 5 6 4 4 4 0 4 0 0 4 3 0 6 6 5 6 6 6 0 4 1 0 4 4 0 4 3 0 6 4 5 6 5 6 0 4 3 0 4 4 0 4
Last Time Cost: 00000013 ms
Total Time Cost: 00000436 ms
Total Distance 210: 3 0 5 4 5 4 5 5 4 4 4 0 4 0 0 4 0 0 5 5 5 5 5 6 4 4 4 0 4 0 0 4 3 0 6 6 5 6 6 6 0 4 0 0 4 4 0 4 3 0 6 4 5 6 5 6 0 4 3 0 4 4 0 4
Last Time Cost: 00000016 ms
Total Time Cost: 00000452 ms
Total Distance 207: 3 0 5 4 5 4 5 5 4 4 4 0 4 0 0 4 0 0 5 5 5 5 5 6 4 4 4 0 4 0 0 4 3 0 6 6 5 6 6 6 0 4 0 0 4 3 0 4 3 0 6 4 5 6 5 6 0 4 2 0 4 3 0 4
Last Time Cost: 00000014 ms
Total Time Cost: 00000466 ms
Total Distance 206: 3 0 5 4 5 4 5 5 4 4 4 0 4 0 0 4 0 0 5 5 5 5 5 6 4 4 4 0 4 0 0 4 3 0 6 6 5 6 6 6 0 4 0 0 4 3 0 4 3 0 6 4 5 6 5 6 0 4 1 0 4 3 0 4
Last Time Cost: 00000014 ms
Total Time Cost: 00000480 ms
Total Distance 205: 3 0 5 4 5 4 5 5 4 4 4 0 4 0 0 4 0 0 5 5 5 5 5 6 4 4 4 0 4 0 0 4 3 0 6 6 5 6 6 6 0 4 0 0 4 3 0 4 3 0 6 4 5 6 5 6 0 4 0 0 4 3 0 4
Last Time Cost: 00000017 ms
Total Time Cost: 00000497 ms
Total Distance 202: 3 0 5 4 5 4 5 5 4 4 4 0 4 0 0 4 0 0 5 4 5 5 5 6 4 4 4 0 4 0 0 4 3 0 6 5 5 6 6 6 0 4 0 0 4 3 0 4 2 0 6 4 5 6 5 6 0 4 0 0 4 3 0 4
Last Time Cost: 00000015 ms
Total Time Cost: 00000512 ms
Total Distance 201: 3 0 5 4 5 4 5 5 4 4 4 0 4 0 0 4 0 0 5 4 5 5 5 6 4 4 4 0 4 0 0 4 3 0 6 5 5 6 6 6 0 4 0 0 4 3 0 4 1 0 6 4 5 6 5 6 0 4 0 0 4 3 0 4
Last Time Cost: 00000015 ms
Total Time Cost: 00000527 ms
Total Distance 200: 3 0 5 4 5 4 5 5 4 4 4 0 4 0 0 4 0 0 5 4 5 5 5 6 4 4 4 0 4 0 0 4 3 0 6 5 5 6 6 6 0 4 0 0 4 3 0 4 0 0 6 4 5 6 5 6 0 4 0 0 4 3 0 4
Last Time Cost: 00000019 ms
Total Time Cost: 00000546 ms
Total Distance 197: 3 0 5 4 5 4 5 5 4 4 4 0 4 0 0 4 0 0 5 4 5 5 5 6 4 4 4 0 4 0 0 4 3 0 5 5 5 5 6 6 0 4 0 0 4 2 0 4 0 0 6 4 5 6 5 6 0 4 0 0 4 3 0 4
Last Time Cost: 00000017 ms
Total Time Cost: 00000563 ms
Total Distance 195: 3 0 5 4 5 4 5 5 4 4 4 0 4 0 0 4 0 0 5 4 5 5 5 6 4 4 4 0 4 0 0 4 3 0 5 5 5 5 6 6 0 4 0 0 4 1 0 4 0 0 6 4 5 6 5 6 0 4 0 0 4 2 0 4
Last Time Cost: 00000016 ms
Total Time Cost: 00000579 ms
Total Distance 194: 3 0 5 4 5 4 5 5 4 4 4 0 4 0 0 4 0 0 5 4 5 5 5 6 4 4 4 0 4 0 0 4 3 0 5 5 5 5 6 6 0 4 0 0 4 0 0 4 0 0 6 4 5 6 5 6 0 4 0 0 4 2 0 4
Last Time Cost: 00000017 ms
Total Time Cost: 00000596 ms
Total Distance 193: 3 0 5 4 5 4 5 5 4 4 4 0 4 0 0 4 0 0 5 4 5 5 5 6 4 4 4 0 4 0 0 4 3 0 5 5 5 5 6 6 0 4 0 0 4 0 0 4 0 0 6 4 5 6 5 6 0 4 0 0 4 1 0 4
Last Time Cost: 00000017 ms
Total Time Cost: 00000613 ms
Total Distance 192: 3 0 5 4 5 4 5 5 4 4 4 0 4 0 0 4 0 0 5 4 5 5 5 6 4 4 4 0 4 0 0 4 3 0 5 5 5 5 6 6 0 4 0 0 4 0 0 4 0 0 6 4 5 6 5 6 0 4 0 0 4 0 0 4
Last Time Cost: 00000021 ms
Total Time Cost: 00000634 ms
Total Distance 190: 2 0 5 4 5 4 5 5 4 4 4 0 4 0 0 4 0 0 5 4 5 5 5 6 4 4 4 0 4 0 0 4 2 0 5 5 5 5 6 6 0 4 0 0 4 0 0 4 0 0 6 4 5 6 5 6 0 4 0 0 4 0 0 4
Last Time Cost: 00000020 ms
Total Time Cost: 00000654 ms
Total Distance 189: 1 0 5 4 5 4 5 5 4 4 4 0 4 0 0 4 0 0 5 4 5 5 5 6 4 4 4 0 4 0 0 4 2 0 5 5 5 5 6 6 0 4 0 0 4 0 0 4 0 0 6 4 5 6 5 6 0 4 0 0 4 0 0 4
Last Time Cost: 00000018 ms
Total Time Cost: 00000672 ms
Total Distance 188: 0 0 5 4 5 4 5 5 4 4 4 0 4 0 0 4 0 0 5 4 5 5 5 6 4 4 4 0 4 0 0 4 2 0 5 5 5 5 6 6 0 4 0 0 4 0 0 4 0 0 6 4 5 6 5 6 0 4 0 0 4 0 0 4
Last Time Cost: 00000019 ms
Total Time Cost: 00000691 ms
Total Distance 187: 0 0 5 4 5 4 5 5 4 4 4 0 4 0 0 4 0 0 5 4 5 5 5 6 4 4 4 0 4 0 0 4 1 0 5 5 5 5 6 6 0 4 0 0 4 0 0 4 0 0 6 4 5 6 5 6 0 4 0 0 4 0 0 4
Last Time Cost: 00000020 ms
Total Time Cost: 00000711 ms
Total Distance 186: 0 0 5 4 5 4 5 5 4 4 4 0 4 0 0 4 0 0 5 4 5 5 5 6 4 4 4 0 4 0 0 4 0 0 5 5 5 5 6 6 0 4 0 0 4 0 0 4 0 0 6 4 5 6 5 6 0 4 0 0 4 0 0 4
Last Time Cost: 00000036 ms
Total Time Cost: 00000747 ms
Total Distance 181: 0 0 5 4 4 4 5 4 4 4 4 0 4 0 0 3 0 0 4 4 5 5 5 6 4 4 4 0 4 0 0 4 0 0 4 5 5 5 6 6 0 4 0 0 4 0 0 4 0 0 6 4 5 6 5 6 0 4 0 0 4 0 0 4
Last Time Cost: 00000020 ms
Total Time Cost: 00000767 ms
Total Distance 178: 0 0 5 4 4 4 5 4 4 4 4 0 4 0 0 2 0 0 4 4 5 5 5 6 4 4 4 0 4 0 0 3 0 0 4 5 5 5 6 6 0 4 0 0 3 0 0 4 0 0 6 4 5 6 5 6 0 4 0 0 4 0 0 4
Last Time Cost: 00000021 ms
Total Time Cost: 00000788 ms
Total Distance 177: 0 0 5 4 4 4 5 4 4 4 4 0 4 0 0 1 0 0 4 4 5 5 5 6 4 4 4 0 4 0 0 3 0 0 4 5 5 5 6 6 0 4 0 0 3 0 0 4 0 0 6 4 5 6 5 6 0 4 0 0 4 0 0 4
Last Time Cost: 00000022 ms
Total Time Cost: 00000810 ms
Total Distance 176: 0 0 5 4 4 4 5 4 4 4 4 0 4 0 0 0 0 0 4 4 5 5 5 6 4 4 4 0 4 0 0 3 0 0 4 5 5 5 6 6 0 4 0 0 3 0 0 4 0 0 6 4 5 6 5 6 0 4 0 0 4 0 0 4
Last Time Cost: 00000023 ms
Total Time Cost: 00000833 ms
Total Distance 172: 0 0 5 4 4 4 5 4 4 4 4 0 4 0 0 0 0 0 4 4 4 5 5 5 4 4 4 0 4 0 0 2 0 0 4 5 5 5 6 6 0 4 0 0 3 0 0 4 0 0 5 4 5 6 5 6 0 4 0 0 4 0 0 4
Last Time Cost: 00000023 ms
Total Time Cost: 00000856 ms
Total Distance 171: 0 0 5 4 4 4 5 4 4 4 4 0 4 0 0 0 0 0 4 4 4 5 5 5 4 4 4 0 4 0 0 1 0 0 4 5 5 5 6 6 0 4 0 0 3 0 0 4 0 0 5 4 5 6 5 6 0 4 0 0 4 0 0 4
Last Time Cost: 00000023 ms
Total Time Cost: 00000879 ms
Total Distance 170: 0 0 5 4 4 4 5 4 4 4 4 0 4 0 0 0 0 0 4 4 4 5 5 5 4 4 4 0 4 0 0 0 0 0 4 5 5 5 6 6 0 4 0 0 3 0 0 4 0 0 5 4 5 6 5 6 0 4 0 0 4 0 0 4
Last Time Cost: 00000025 ms
Total Time Cost: 00000904 ms
Total Distance 167: 0 0 5 4 4 4 5 4 4 3 4 0 4 0 0 0 0 0 4 4 4 5 5 5 4 4 4 0 4 0 0 0 0 0 4 5 5 5 6 6 0 4 0 0 2 0 0 4 0 0 5 4 5 6 5 6 0 4 0 0 3 0 0 4
Last Time Cost: 00000024 ms
Total Time Cost: 00000928 ms
Total Distance 166: 0 0 5 4 4 4 5 4 4 3 4 0 4 0 0 0 0 0 4 4 4 5 5 5 4 4 4 0 4 0 0 0 0 0 4 5 5 5 6 6 0 4 0 0 1 0 0 4 0 0 5 4 5 6 5 6 0 4 0 0 3 0 0 4
Last Time Cost: 00000024 ms
Total Time Cost: 00000952 ms
Total Distance 165: 0 0 5 4 4 4 5 4 4 3 4 0 4 0 0 0 0 0 4 4 4 5 5 5 4 4 4 0 4 0 0 0 0 0 4 5 5 5 6 6 0 4 0 0 0 0 0 4 0 0 5 4 5 6 5 6 0 4 0 0 3 0 0 4
Last Time Cost: 00000026 ms
Total Time Cost: 00000978 ms
Total Distance 162: 0 0 5 4 4 4 5 4 4 3 4 0 4 0 0 0 0 0 4 4 4 5 5 5 4 4 4 0 4 0 0 0 0 0 4 5 5 5 6 6 0 4 0 0 0 0 0 3 0 0 5 4 5 6 5 6 0 4 0 0 2 0 0 3
Last Time Cost: 00000026 ms
Total Time Cost: 00001004 ms
Total Distance 161: 0 0 5 4 4 4 5 4 4 3 4 0 4 0 0 0 0 0 4 4 4 5 5 5 4 4 4 0 4 0 0 0 0 0 4 5 5 5 6 6 0 4 0 0 0 0 0 3 0 0 5 4 5 6 5 6 0 4 0 0 1 0 0 3
Last Time Cost: 00000026 ms
Total Time Cost: 00001030 ms
Total Distance 160: 0 0 5 4 4 4 5 4 4 3 4 0 4 0 0 0 0 0 4 4 4 5 5 5 4 4 4 0 4 0 0 0 0 0 4 5 5 5 6 6 0 4 0 0 0 0 0 3 0 0 5 4 5 6 5 6 0 4 0 0 0 0 0 3
Last Time Cost: 00000028 ms
Total Time Cost: 00001058 ms
Total Distance 156: 0 0 4 4 4 4 5 4 4 3 4 0 4 0 0 0 0 0 4 4 4 5 5 5 4 4 4 0 4 0 0 0 0 0 4 5 4 5 6 5 0 4 0 0 0 0 0 2 0 0 5 4 5 6 5 6 0 4 0 0 0 0 0 3
Last Time Cost: 00000027 ms
Total Time Cost: 00001085 ms
Total Distance 154: 0 0 4 4 4 4 5 4 4 3 4 0 4 0 0 0 0 0 4 4 4 5 5 5 4 4 4 0 4 0 0 0 0 0 4 5 4 5 6 5 0 4 0 0 0 0 0 1 0 0 5 4 5 6 5 6 0 4 0 0 0 0 0 2
Last Time Cost: 00000027 ms
Total Time Cost: 00001112 ms
Total Distance 153: 0 0 4 4 4 4 5 4 4 3 4 0 4 0 0 0 0 0 4 4 4 5 5 5 4 4 4 0 4 0 0 0 0 0 4 5 4 5 6 5 0 4 0 0 0 0 0 0 0 0 5 4 5 6 5 6 0 4 0 0 0 0 0 2
Last Time Cost: 00000028 ms
Total Time Cost: 00001140 ms
Total Distance 152: 0 0 4 4 4 4 5 4 4 3 4 0 4 0 0 0 0 0 4 4 4 5 5 5 4 4 4 0 4 0 0 0 0 0 4 5 4 5 6 5 0 4 0 0 0 0 0 0 0 0 5 4 5 6 5 6 0 4 0 0 0 0 0 1
Last Time Cost: 00000028 ms
Total Time Cost: 00001168 ms
Total Distance 151: 0 0 4 4 4 4 5 4 4 3 4 0 4 0 0 0 0 0 4 4 4 5 5 5 4 4 4 0 4 0 0 0 0 0 4 5 4 5 6 5 0 4 0 0 0 0 0 0 0 0 5 4 5 6 5 6 0 4 0 0 0 0 0 0
Last Time Cost: 00000030 ms
Total Time Cost: 00001198 ms
Total Distance 148: 0 0 4 4 4 4 5 4 4 2 4 0 4 0 0 0 0 0 4 4 4 5 4 5 4 4 4 0 4 0 0 0 0 0 4 5 4 5 6 5 0 4 0 0 0 0 0 0 0 0 5 4 5 6 5 6 0 3 0 0 0 0 0 0
Last Time Cost: 00000030 ms
Total Time Cost: 00001228 ms
Total Distance 147: 0 0 4 4 4 4 5 4 4 1 4 0 4 0 0 0 0 0 4 4 4 5 4 5 4 4 4 0 4 0 0 0 0 0 4 5 4 5 6 5 0 4 0 0 0 0 0 0 0 0 5 4 5 6 5 6 0 3 0 0 0 0 0 0
Last Time Cost: 00000031 ms
Total Time Cost: 00001259 ms
Total Distance 146: 0 0 4 4 4 4 5 4 4 0 4 0 4 0 0 0 0 0 4 4 4 5 4 5 4 4 4 0 4 0 0 0 0 0 4 5 4 5 6 5 0 4 0 0 0 0 0 0 0 0 5 4 5 6 5 6 0 3 0 0 0 0 0 0
Last Time Cost: 00000031 ms
Total Time Cost: 00001290 ms
Total Distance 143: 0 0 4 4 4 4 5 4 4 0 4 0 3 0 0 0 0 0 4 4 4 5 4 5 4 4 4 0 3 0 0 0 0 0 4 5 4 5 6 5 0 4 0 0 0 0 0 0 0 0 5 4 5 6 5 6 0 2 0 0 0 0 0 0
Last Time Cost: 00000033 ms
Total Time Cost: 00001323 ms
Total Distance 142: 0 0 4 4 4 4 5 4 4 0 4 0 3 0 0 0 0 0 4 4 4 5 4 5 4 4 4 0 3 0 0 0 0 0 4 5 4 5 6 5 0 4 0 0 0 0 0 0 0 0 5 4 5 6 5 6 0 1 0 0 0 0 0 0
Last Time Cost: 00000034 ms
Total Time Cost: 00001357 ms
Total Distance 141: 0 0 4 4 4 4 5 4 4 0 4 0 3 0 0 0 0 0 4 4 4 5 4 5 4 4 4 0 3 0 0 0 0 0 4 5 4 5 6 5 0 4 0 0 0 0 0 0 0 0 5 4 5 6 5 6 0 0 0 0 0 0 0 0
Last Time Cost: 00000035 ms
Total Time Cost: 00001392 ms
Total Distance 139: 0 0 4 4 4 4 5 4 4 0 4 0 2 0 0 0 0 0 4 4 4 5 4 5 4 4 4 0 2 0 0 0 0 0 4 5 4 5 6 5 0 4 0 0 0 0 0 0 0 0 5 4 5 6 5 6 0 0 0 0 0 0 0 0
Last Time Cost: 00000033 ms
Total Time Cost: 00001425 ms
Total Distance 138: 0 0 4 4 4 4 5 4 4 0 4 0 2 0 0 0 0 0 4 4 4 5 4 5 4 4 4 0 1 0 0 0 0 0 4 5 4 5 6 5 0 4 0 0 0 0 0 0 0 0 5 4 5 6 5 6 0 0 0 0 0 0 0 0
Last Time Cost: 00000034 ms
Total Time Cost: 00001459 ms
Total Distance 137: 0 0 4 4 4 4 5 4 4 0 4 0 2 0 0 0 0 0 4 4 4 5 4 5 4 4 4 0 0 0 0 0 0 0 4 5 4 5 6 5 0 4 0 0 0 0 0 0 0 0 5 4 5 6 5 6 0 0 0 0 0 0 0 0
Last Time Cost: 00000035 ms
Total Time Cost: 00001494 ms
Total Distance 136: 0 0 4 4 4 4 5 4 4 0 4 0 1 0 0 0 0 0 4 4 4 5 4 5 4 4 4 0 0 0 0 0 0 0 4 5 4 5 6 5 0 4 0 0 0 0 0 0 0 0 5 4 5 6 5 6 0 0 0 0 0 0 0 0
Last Time Cost: 00000035 ms
Total Time Cost: 00001529 ms
Total Distance 135: 0 0 4 4 4 4 5 4 4 0 4 0 0 0 0 0 0 0 4 4 4 5 4 5 4 4 4 0 0 0 0 0 0 0 4 5 4 5 6 5 0 4 0 0 0 0 0 0 0 0 5 4 5 6 5 6 0 0 0 0 0 0 0 0
Last Time Cost: 00000059 ms
Total Time Cost: 00001588 ms
Total Distance 132: 0 0 4 4 4 3 5 4 4 0 4 0 0 0 0 0 0 0 4 4 4 4 4 5 4 4 4 0 0 0 0 0 0 0 3 5 4 5 6 5 0 4 0 0 0 0 0 0 0 0 5 4 5 6 5 6 0 0 0 0 0 0 0 0
Last Time Cost: 00000039 ms
Total Time Cost: 00001627 ms
Total Distance 130: 0 0 3 4 4 2 5 4 4 0 4 0 0 0 0 0 0 0 4 4 4 4 4 5 4 4 4 0 0 0 0 0 0 0 3 5 4 5 6 5 0 4 0 0 0 0 0 0 0 0 5 4 5 6 5 6 0 0 0 0 0 0 0 0
Last Time Cost: 00000038 ms
Total Time Cost: 00001665 ms
Total Distance 129: 0 0 3 4 4 1 5 4 4 0 4 0 0 0 0 0 0 0 4 4 4 4 4 5 4 4 4 0 0 0 0 0 0 0 3 5 4 5 6 5 0 4 0 0 0 0 0 0 0 0 5 4 5 6 5 6 0 0 0 0 0 0 0 0
Last Time Cost: 00000037 ms
Total Time Cost: 00001702 ms
Total Distance 128: 0 0 3 4 4 0 5 4 4 0 4 0 0 0 0 0 0 0 4 4 4 4 4 5 4 4 4 0 0 0 0 0 0 0 3 5 4 5 6 5 0 4 0 0 0 0 0 0 0 0 5 4 5 6 5 6 0 0 0 0 0 0 0 0
Last Time Cost: 00000040 ms
Total Time Cost: 00001742 ms
Total Distance 126: 0 0 2 4 4 0 5 4 4 0 4 0 0 0 0 0 0 0 4 4 4 4 4 5 4 4 4 0 0 0 0 0 0 0 3 5 4 5 6 5 0 4 0 0 0 0 0 0 0 0 4 4 5 6 5 6 0 0 0 0 0 0 0 0
Last Time Cost: 00000039 ms
Total Time Cost: 00001781 ms
Total Distance 125: 0 0 1 4 4 0 5 4 4 0 4 0 0 0 0 0 0 0 4 4 4 4 4 5 4 4 4 0 0 0 0 0 0 0 3 5 4 5 6 5 0 4 0 0 0 0 0 0 0 0 4 4 5 6 5 6 0 0 0 0 0 0 0 0
Last Time Cost: 00000041 ms
Total Time Cost: 00001822 ms
Total Distance 124: 0 0 0 4 4 0 5 4 4 0 4 0 0 0 0 0 0 0 4 4 4 4 4 5 4 4 4 0 0 0 0 0 0 0 3 5 4 5 6 5 0 4 0 0 0 0 0 0 0 0 4 4 5 6 5 6 0 0 0 0 0 0 0 0
Last Time Cost: 00000042 ms
Total Time Cost: 00001864 ms
Total Distance 123: 0 0 0 4 4 0 5 4 4 0 4 0 0 0 0 0 0 0 4 4 4 4 4 5 4 4 4 0 0 0 0 0 0 0 2 5 4 5 6 5 0 4 0 0 0 0 0 0 0 0 4 4 5 6 5 6 0 0 0 0 0 0 0 0
Last Time Cost: 00000042 ms
Total Time Cost: 00001906 ms
Total Distance 122: 0 0 0 4 4 0 5 4 4 0 4 0 0 0 0 0 0 0 4 4 4 4 4 5 4 4 4 0 0 0 0 0 0 0 1 5 4 5 6 5 0 4 0 0 0 0 0 0 0 0 4 4 5 6 5 6 0 0 0 0 0 0 0 0
Last Time Cost: 00000042 ms
Total Time Cost: 00001948 ms
Total Distance 121: 0 0 0 4 4 0 5 4 4 0 4 0 0 0 0 0 0 0 4 4 4 4 4 5 4 4 4 0 0 0 0 0 0 0 0 5 4 5 6 5 0 4 0 0 0 0 0 0 0 0 4 4 5 6 5 6 0 0 0 0 0 0 0 0
Last Time Cost: 00000073 ms
Total Time Cost: 00002021 ms
Total Distance 118: 0 0 0 4 4 0 5 4 3 0 4 0 0 0 0 0 0 0 4 4 4 3 4 5 3 4 4 0 0 0 0 0 0 0 0 5 4 5 6 5 0 4 0 0 0 0 0 0 0 0 4 4 5 6 5 6 0 0 0 0 0 0 0 0
Last Time Cost: 00000047 ms
Total Time Cost: 00002068 ms
Total Distance 116: 0 0 0 4 4 0 5 4 2 0 4 0 0 0 0 0 0 0 4 4 4 3 4 5 2 4 4 0 0 0 0 0 0 0 0 5 4 5 6 5 0 4 0 0 0 0 0 0 0 0 4 4 5 6 5 6 0 0 0 0 0 0 0 0
Last Time Cost: 00000046 ms
Total Time Cost: 00002114 ms
Total Distance 115: 0 0 0 4 4 0 5 4 1 0 4 0 0 0 0 0 0 0 4 4 4 3 4 5 2 4 4 0 0 0 0 0 0 0 0 5 4 5 6 5 0 4 0 0 0 0 0 0 0 0 4 4 5 6 5 6 0 0 0 0 0 0 0 0
Last Time Cost: 00000045 ms
Total Time Cost: 00002159 ms
Total Distance 114: 0 0 0 4 4 0 5 4 0 0 4 0 0 0 0 0 0 0 4 4 4 3 4 5 2 4 4 0 0 0 0 0 0 0 0 5 4 5 6 5 0 4 0 0 0 0 0 0 0 0 4 4 5 6 5 6 0 0 0 0 0 0 0 0
Last Time Cost: 00000048 ms
Total Time Cost: 00002207 ms
Total Distance 113: 0 0 0 4 4 0 5 4 0 0 4 0 0 0 0 0 0 0 4 4 4 3 4 5 1 4 4 0 0 0 0 0 0 0 0 5 4 5 6 5 0 4 0 0 0 0 0 0 0 0 4 4 5 6 5 6 0 0 0 0 0 0 0 0
Last Time Cost: 00000047 ms
Total Time Cost: 00002254 ms
Total Distance 112: 0 0 0 4 4 0 5 4 0 0 4 0 0 0 0 0 0 0 4 4 4 3 4 5 0 4 4 0 0 0 0 0 0 0 0 5 4 5 6 5 0 4 0 0 0 0 0 0 0 0 4 4 5 6 5 6 0 0 0 0 0 0 0 0
Last Time Cost: 00000049 ms
Total Time Cost: 00002303 ms
Total Distance 110: 0 0 0 4 4 0 5 4 0 0 4 0 0 0 0 0 0 0 4 4 4 2 4 5 0 4 4 0 0 0 0 0 0 0 0 5 4 5 6 5 0 4 0 0 0 0 0 0 0 0 4 4 5 5 5 6 0 0 0 0 0 0 0 0
Last Time Cost: 00000050 ms
Total Time Cost: 00002353 ms
Total Distance 109: 0 0 0 4 4 0 5 4 0 0 4 0 0 0 0 0 0 0 4 4 4 1 4 5 0 4 4 0 0 0 0 0 0 0 0 5 4 5 6 5 0 4 0 0 0 0 0 0 0 0 4 4 5 5 5 6 0 0 0 0 0 0 0 0
Last Time Cost: 00000051 ms
Total Time Cost: 00002404 ms
Total Distance 108: 0 0 0 4 4 0 5 4 0 0 4 0 0 0 0 0 0 0 4 4 4 0 4 5 0 4 4 0 0 0 0 0 0 0 0 5 4 5 6 5 0 4 0 0 0 0 0 0 0 0 4 4 5 5 5 6 0 0 0 0 0 0 0 0
Last Time Cost: 00000076 ms
Total Time Cost: 00002480 ms
Total Distance 105: 0 0 0 4 4 0 5 4 0 0 3 0 0 0 0 0 0 0 4 4 4 0 4 5 0 4 3 0 0 0 0 0 0 0 0 5 4 5 6 4 0 4 0 0 0 0 0 0 0 0 4 4 5 5 5 6 0 0 0 0 0 0 0 0
Last Time Cost: 00000054 ms
Total Time Cost: 00002534 ms
Total Distance 103: 0 0 0 4 4 0 5 4 0 0 2 0 0 0 0 0 0 0 4 4 4 0 4 5 0 4 2 0 0 0 0 0 0 0 0 5 4 5 6 4 0 4 0 0 0 0 0 0 0 0 4 4 5 5 5 6 0 0 0 0 0 0 0 0
Last Time Cost: 00000053 ms
Total Time Cost: 00002587 ms
Total Distance 102: 0 0 0 4 4 0 5 4 0 0 1 0 0 0 0 0 0 0 4 4 4 0 4 5 0 4 2 0 0 0 0 0 0 0 0 5 4 5 6 4 0 4 0 0 0 0 0 0 0 0 4 4 5 5 5 6 0 0 0 0 0 0 0 0
Last Time Cost: 00000053 ms
Total Time Cost: 00002640 ms
Total Distance 101: 0 0 0 4 4 0 5 4 0 0 0 0 0 0 0 0 0 0 4 4 4 0 4 5 0 4 2 0 0 0 0 0 0 0 0 5 4 5 6 4 0 4 0 0 0 0 0 0 0 0 4 4 5 5 5 6 0 0 0 0 0 0 0 0
Last Time Cost: 00000055 ms
Total Time Cost: 00002695 ms
Total Distance 100: 0 0 0 4 4 0 5 4 0 0 0 0 0 0 0 0 0 0 4 4 4 0 4 5 0 4 1 0 0 0 0 0 0 0 0 5 4 5 6 4 0 4 0 0 0 0 0 0 0 0 4 4 5 5 5 6 0 0 0 0 0 0 0 0
Last Time Cost: 00000055 ms
Total Time Cost: 00002750 ms
Total Distance 99: 0 0 0 4 4 0 5 4 0 0 0 0 0 0 0 0 0 0 4 4 4 0 4 5 0 4 0 0 0 0 0 0 0 0 0 5 4 5 6 4 0 4 0 0 0 0 0 0 0 0 4 4 5 5 5 6 0 0 0 0 0 0 0 0
Last Time Cost: 00000080 ms
Total Time Cost: 00002830 ms
Total Distance 96: 0 0 0 4 4 0 4 4 0 0 0 0 0 0 0 0 0 0 4 4 4 0 4 5 0 3 0 0 0 0 0 0 0 0 0 5 4 5 6 4 0 3 0 0 0 0 0 0 0 0 4 4 5 5 5 6 0 0 0 0 0 0 0 0
Last Time Cost: 00000060 ms
Total Time Cost: 00002890 ms
Total Distance 94: 0 0 0 4 4 0 4 4 0 0 0 0 0 0 0 0 0 0 4 4 4 0 4 5 0 2 0 0 0 0 0 0 0 0 0 5 4 5 6 4 0 2 0 0 0 0 0 0 0 0 4 4 5 5 5 6 0 0 0 0 0 0 0 0
Last Time Cost: 00000059 ms
Total Time Cost: 00002949 ms
Total Distance 93: 0 0 0 4 4 0 4 4 0 0 0 0 0 0 0 0 0 0 4 4 4 0 4 5 0 2 0 0 0 0 0 0 0 0 0 5 4 5 6 4 0 1 0 0 0 0 0 0 0 0 4 4 5 5 5 6 0 0 0 0 0 0 0 0
Last Time Cost: 00000059 ms
Total Time Cost: 00003008 ms
Total Distance 92: 0 0 0 4 4 0 4 4 0 0 0 0 0 0 0 0 0 0 4 4 4 0 4 5 0 2 0 0 0 0 0 0 0 0 0 5 4 5 6 4 0 0 0 0 0 0 0 0 0 0 4 4 5 5 5 6 0 0 0 0 0 0 0 0
Last Time Cost: 00000062 ms
Total Time Cost: 00003070 ms
Total Distance 91: 0 0 0 4 4 0 4 4 0 0 0 0 0 0 0 0 0 0 4 4 4 0 4 5 0 1 0 0 0 0 0 0 0 0 0 5 4 5 6 4 0 0 0 0 0 0 0 0 0 0 4 4 5 5 5 6 0 0 0 0 0 0 0 0
Last Time Cost: 00000061 ms
Total Time Cost: 00003131 ms
Total Distance 90: 0 0 0 4 4 0 4 4 0 0 0 0 0 0 0 0 0 0 4 4 4 0 4 5 0 0 0 0 0 0 0 0 0 0 0 5 4 5 6 4 0 0 0 0 0 0 0 0 0 0 4 4 5 5 5 6 0 0 0 0 0 0 0 0
Last Time Cost: 00000083 ms
Total Time Cost: 00003214 ms
Total Distance 87: 0 0 0 4 4 0 3 4 0 0 0 0 0 0 0 0 0 0 4 4 4 0 3 5 0 0 0 0 0 0 0 0 0 0 0 4 4 5 6 4 0 0 0 0 0 0 0 0 0 0 4 4 5 5 5 6 0 0 0 0 0 0 0 0
Last Time Cost: 00000067 ms
Total Time Cost: 00003281 ms
Total Distance 85: 0 0 0 3 4 0 2 4 0 0 0 0 0 0 0 0 0 0 4 4 4 0 3 5 0 0 0 0 0 0 0 0 0 0 0 4 4 5 6 4 0 0 0 0 0 0 0 0 0 0 4 4 5 5 5 6 0 0 0 0 0 0 0 0
Last Time Cost: 00000065 ms
Total Time Cost: 00003346 ms
Total Distance 84: 0 0 0 3 4 0 1 4 0 0 0 0 0 0 0 0 0 0 4 4 4 0 3 5 0 0 0 0 0 0 0 0 0 0 0 4 4 5 6 4 0 0 0 0 0 0 0 0 0 0 4 4 5 5 5 6 0 0 0 0 0 0 0 0
Last Time Cost: 00000066 ms
Total Time Cost: 00003412 ms
Total Distance 83: 0 0 0 3 4 0 0 4 0 0 0 0 0 0 0 0 0 0 4 4 4 0 3 5 0 0 0 0 0 0 0 0 0 0 0 4 4 5 6 4 0 0 0 0 0 0 0 0 0 0 4 4 5 5 5 6 0 0 0 0 0 0 0 0
Last Time Cost: 00000069 ms
Total Time Cost: 00003481 ms
Total Distance 81: 0 0 0 2 4 0 0 4 0 0 0 0 0 0 0 0 0 0 4 4 4 0 3 5 0 0 0 0 0 0 0 0 0 0 0 4 4 5 6 4 0 0 0 0 0 0 0 0 0 0 4 3 5 5 5 6 0 0 0 0 0 0 0 0
Last Time Cost: 00000068 ms
Total Time Cost: 00003549 ms
Total Distance 80: 0 0 0 1 4 0 0 4 0 0 0 0 0 0 0 0 0 0 4 4 4 0 3 5 0 0 0 0 0 0 0 0 0 0 0 4 4 5 6 4 0 0 0 0 0 0 0 0 0 0 4 3 5 5 5 6 0 0 0 0 0 0 0 0
Last Time Cost: 00000069 ms
Total Time Cost: 00003618 ms
Total Distance 79: 0 0 0 0 4 0 0 4 0 0 0 0 0 0 0 0 0 0 4 4 4 0 3 5 0 0 0 0 0 0 0 0 0 0 0 4 4 5 6 4 0 0 0 0 0 0 0 0 0 0 4 3 5 5 5 6 0 0 0 0 0 0 0 0
Last Time Cost: 00000072 ms
Total Time Cost: 00003690 ms
Total Distance 77: 0 0 0 0 4 0 0 4 0 0 0 0 0 0 0 0 0 0 4 4 4 0 2 5 0 0 0 0 0 0 0 0 0 0 0 4 4 5 5 4 0 0 0 0 0 0 0 0 0 0 4 3 5 5 5 6 0 0 0 0 0 0 0 0
Last Time Cost: 00000071 ms
Total Time Cost: 00003761 ms
Total Distance 76: 0 0 0 0 4 0 0 4 0 0 0 0 0 0 0 0 0 0 4 4 4 0 1 5 0 0 0 0 0 0 0 0 0 0 0 4 4 5 5 4 0 0 0 0 0 0 0 0 0 0 4 3 5 5 5 6 0 0 0 0 0 0 0 0
Last Time Cost: 00000071 ms
Total Time Cost: 00003832 ms
Total Distance 75: 0 0 0 0 4 0 0 4 0 0 0 0 0 0 0 0 0 0 4 4 4 0 0 5 0 0 0 0 0 0 0 0 0 0 0 4 4 5 5 4 0 0 0 0 0 0 0 0 0 0 4 3 5 5 5 6 0 0 0 0 0 0 0 0
Last Time Cost: 00000075 ms
Total Time Cost: 00003907 ms
Total Distance 73: 0 0 0 0 4 0 0 4 0 0 0 0 0 0 0 0 0 0 4 4 4 0 0 5 0 0 0 0 0 0 0 0 0 0 0 4 4 5 4 4 0 0 0 0 0 0 0 0 0 0 4 2 5 5 5 6 0 0 0 0 0 0 0 0
Last Time Cost: 00000074 ms
Total Time Cost: 00003981 ms
Total Distance 72: 0 0 0 0 4 0 0 4 0 0 0 0 0 0 0 0 0 0 4 4 4 0 0 5 0 0 0 0 0 0 0 0 0 0 0 4 4 5 4 4 0 0 0 0 0 0 0 0 0 0 4 1 5 5 5 6 0 0 0 0 0 0 0 0
Last Time Cost: 00000075 ms
Total Time Cost: 00004056 ms
Total Distance 71: 0 0 0 0 4 0 0 4 0 0 0 0 0 0 0 0 0 0 4 4 4 0 0 5 0 0 0 0 0 0 0 0 0 0 0 4 4 5 4 4 0 0 0 0 0 0 0 0 0 0 4 0 5 5 5 6 0 0 0 0 0 0 0 0
Last Time Cost: 00000097 ms
Total Time Cost: 00004153 ms
Total Distance 68: 0 0 0 0 4 0 0 3 0 0 0 0 0 0 0 0 0 0 4 4 4 0 0 4 0 0 0 0 0 0 0 0 0 0 0 4 3 5 4 4 0 0 0 0 0 0 0 0 0 0 4 0 5 5 5 6 0 0 0 0 0 0 0 0
Last Time Cost: 00000081 ms
Total Time Cost: 00004234 ms
Total Distance 66: 0 0 0 0 3 0 0 2 0 0 0 0 0 0 0 0 0 0 4 4 4 0 0 4 0 0 0 0 0 0 0 0 0 0 0 4 3 5 4 4 0 0 0 0 0 0 0 0 0 0 4 0 5 5 5 6 0 0 0 0 0 0 0 0
Last Time Cost: 00000079 ms
Total Time Cost: 00004313 ms
Total Distance 65: 0 0 0 0 3 0 0 1 0 0 0 0 0 0 0 0 0 0 4 4 4 0 0 4 0 0 0 0 0 0 0 0 0 0 0 4 3 5 4 4 0 0 0 0 0 0 0 0 0 0 4 0 5 5 5 6 0 0 0 0 0 0 0 0
Last Time Cost: 00000080 ms
Total Time Cost: 00004393 ms
Total Distance 64: 0 0 0 0 3 0 0 0 0 0 0 0 0 0 0 0 0 0 4 4 4 0 0 4 0 0 0 0 0 0 0 0 0 0 0 4 3 5 4 4 0 0 0 0 0 0 0 0 0 0 4 0 5 5 5 6 0 0 0 0 0 0 0 0
Last Time Cost: 00000085 ms
Total Time Cost: 00004478 ms
Total Distance 62: 0 0 0 0 2 0 0 0 0 0 0 0 0 0 0 0 0 0 4 4 4 0 0 4 0 0 0 0 0 0 0 0 0 0 0 4 3 5 4 4 0 0 0 0 0 0 0 0 0 0 4 0 4 5 5 6 0 0 0 0 0 0 0 0
Last Time Cost: 00000083 ms
Total Time Cost: 00004561 ms
Total Distance 61: 0 0 0 0 1 0 0 0 0 0 0 0 0 0 0 0 0 0 4 4 4 0 0 4 0 0 0 0 0 0 0 0 0 0 0 4 3 5 4 4 0 0 0 0 0 0 0 0 0 0 4 0 4 5 5 6 0 0 0 0 0 0 0 0
Last Time Cost: 00000083 ms
Total Time Cost: 00004644 ms
Total Distance 60: 0 0 0 0 0 0 0 0 0 0 0 0 0 0 0 0 0 0 4 4 4 0 0 4 0 0 0 0 0 0 0 0 0 0 0 4 3 5 4 4 0 0 0 0 0 0 0 0 0 0 4 0 4 5 5 6 0 0 0 0 0 0 0 0
Last Time Cost: 00000086 ms
Total Time Cost: 00004730 ms
Total Distance 59: 0 0 0 0 0 0 0 0 0 0 0 0 0 0 0 0 0 0 4 4 4 0 0 4 0 0 0 0 0 0 0 0 0 0 0 4 2 5 4 4 0 0 0 0 0 0 0 0 0 0 4 0 4 5 5 6 0 0 0 0 0 0 0 0
Last Time Cost: 00000087 ms
Total Time Cost: 00004817 ms
Total Distance 58: 0 0 0 0 0 0 0 0 0 0 0 0 0 0 0 0 0 0 4 4 4 0 0 4 0 0 0 0 0 0 0 0 0 0 0 4 1 5 4 4 0 0 0 0 0 0 0 0 0 0 4 0 4 5 5 6 0 0 0 0 0 0 0 0
Last Time Cost: 00000087 ms
Total Time Cost: 00004904 ms
Total Distance 57: 0 0 0 0 0 0 0 0 0 0 0 0 0 0 0 0 0 0 4 4 4 0 0 4 0 0 0 0 0 0 0 0 0 0 0 4 0 5 4 4 0 0 0 0 0 0 0 0 0 0 4 0 4 5 5 6 0 0 0 0 0 0 0 0
Last Time Cost: 00000110 ms
Total Time Cost: 00005014 ms
Total Distance 54: 0 0 0 0 0 0 0 0 0 0 0 0 0 0 0 0 0 0 4 4 3 0 0 4 0 0 0 0 0 0 0 0 0 0 0 4 0 5 4 3 0 0 0 0 0 0 0 0 0 0 4 0 4 5 5 5 0 0 0 0 0 0 0 0
Last Time Cost: 00000005 ms
Total Time Cost: 00005019 ms
Total Distance 52: 0 0 0 0 0 0 0 0 0 0 0 0 0 0 0 0 0 0 4 4 2 0 0 4 0 0 0 0 0 0 0 0 0 0 0 4 0 5 4 3 0 0 0 0 0 0 0 0 0 0 4 0 3 5 5 5 0 0 0 0 0 0 0 0
Last Time Cost: 00000002 ms
Total Time Cost: 00005021 ms
Total Distance 50: 0 0 0 0 0 0 0 0 0 0 0 0 0 0 0 0 0 0 4 4 1 0 0 4 0 0 0 0 0 0 0 0 0 0 0 4 0 5 4 3 0 0 0 0 0 0 0 0 0 0 4 0 2 5 5 5 0 0 0 0 0 0 0 0
Last Time Cost: 00000002 ms
Total Time Cost: 00005023 ms
Total Distance 49: 0 0 0 0 0 0 0 0 0 0 0 0 0 0 0 0 0 0 4 4 0 0 0 4 0 0 0 0 0 0 0 0 0 0 0 4 0 5 4 3 0 0 0 0 0 0 0 0 0 0 4 0 2 5 5 5 0 0 0 0 0 0 0 0
Last Time Cost: 00000002 ms
Total Time Cost: 00005025 ms
Total Distance 48: 0 0 0 0 0 0 0 0 0 0 0 0 0 0 0 0 0 0 4 4 0 0 0 4 0 0 0 0 0 0 0 0 0 0 0 4 0 5 4 3 0 0 0 0 0 0 0 0 0 0 4 0 1 5 5 5 0 0 0 0 0 0 0 0
Last Time Cost: 00000002 ms
Total Time Cost: 00005027 ms
Total Distance 47: 0 0 0 0 0 0 0 0 0 0 0 0 0 0 0 0 0 0 4 4 0 0 0 4 0 0 0 0 0 0 0 0 0 0 0 4 0 5 4 3 0 0 0 0 0 0 0 0 0 0 4 0 0 5 5 5 0 0 0 0 0 0 0 0
Last Time Cost: 00000003 ms
Total Time Cost: 00005030 ms
Total Distance 45: 0 0 0 0 0 0 0 0 0 0 0 0 0 0 0 0 0 0 4 4 0 0 0 4 0 0 0 0 0 0 0 0 0 0 0 4 0 5 4 2 0 0 0 0 0 0 0 0 0 0 4 0 0 5 5 4 0 0 0 0 0 0 0 0
Last Time Cost: 00000002 ms
Total Time Cost: 00005032 ms
Total Distance 44: 0 0 0 0 0 0 0 0 0 0 0 0 0 0 0 0 0 0 4 4 0 0 0 4 0 0 0 0 0 0 0 0 0 0 0 4 0 5 4 1 0 0 0 0 0 0 0 0 0 0 4 0 0 5 5 4 0 0 0 0 0 0 0 0
Last Time Cost: 00000001 ms
Total Time Cost: 00005033 ms
Total Distance 43: 0 0 0 0 0 0 0 0 0 0 0 0 0 0 0 0 0 0 4 4 0 0 0 4 0 0 0 0 0 0 0 0 0 0 0 4 0 5 4 0 0 0 0 0 0 0 0 0 0 0 4 0 0 5 5 4 0 0 0 0 0 0 0 0
Last Time Cost: 00000019 ms
Total Time Cost: 00005052 ms
Total Distance 41: 0 0 0 0 0 0 0 0 0 0 0 0 0 0 0 0 0 0 4 4 0 0 0 3 0 0 0 0 0 0 0 0 0 0 0 4 0 5 4 0 0 0 0 0 0 0 0 0 0 0 4 0 0 5 5 3 0 0 0 0 0 0 0 0
Last Time Cost: 00000005 ms
Total Time Cost: 00005057 ms
Total Distance 40: 0 0 0 0 0 0 0 0 0 0 0 0 0 0 0 0 0 0 4 4 0 0 0 2 0 0 0 0 0 0 0 0 0 0 0 4 0 5 4 0 0 0 0 0 0 0 0 0 0 0 4 0 0 5 5 3 0 0 0 0 0 0 0 0
Last Time Cost: 00000002 ms
Total Time Cost: 00005059 ms
Total Distance 39: 0 0 0 0 0 0 0 0 0 0 0 0 0 0 0 0 0 0 4 4 0 0 0 1 0 0 0 0 0 0 0 0 0 0 0 4 0 5 4 0 0 0 0 0 0 0 0 0 0 0 4 0 0 5 5 3 0 0 0 0 0 0 0 0
Last Time Cost: 00000002 ms
Total Time Cost: 00005061 ms
Total Distance 38: 0 0 0 0 0 0 0 0 0 0 0 0 0 0 0 0 0 0 4 4 0 0 0 0 0 0 0 0 0 0 0 0 0 0 0 4 0 5 4 0 0 0 0 0 0 0 0 0 0 0 4 0 0 5 5 3 0 0 0 0 0 0 0 0
Last Time Cost: 00000003 ms
Total Time Cost: 00005064 ms
Total Distance 37: 0 0 0 0 0 0 0 0 0 0 0 0 0 0 0 0 0 0 4 4 0 0 0 0 0 0 0 0 0 0 0 0 0 0 0 4 0 5 4 0 0 0 0 0 0 0 0 0 0 0 4 0 0 5 5 2 0 0 0 0 0 0 0 0
Last Time Cost: 00000003 ms
Total Time Cost: 00005067 ms
Total Distance 36: 0 0 0 0 0 0 0 0 0 0 0 0 0 0 0 0 0 0 4 4 0 0 0 0 0 0 0 0 0 0 0 0 0 0 0 4 0 5 4 0 0 0 0 0 0 0 0 0 0 0 4 0 0 5 5 1 0 0 0 0 0 0 0 0
Last Time Cost: 00000002 ms
Total Time Cost: 00005069 ms
Total Distance 35: 0 0 0 0 0 0 0 0 0 0 0 0 0 0 0 0 0 0 4 4 0 0 0 0 0 0 0 0 0 0 0 0 0 0 0 4 0 5 4 0 0 0 0 0 0 0 0 0 0 0 4 0 0 5 5 0 0 0 0 0 0 0 0 0
Last Time Cost: 00000015 ms
Total Time Cost: 00005084 ms
Total Distance 33: 0 0 0 0 0 0 0 0 0 0 0 0 0 0 0 0 0 0 3 4 0 0 0 0 0 0 0 0 0 0 0 0 0 0 0 4 0 5 4 0 0 0 0 0 0 0 0 0 0 0 3 0 0 5 5 0 0 0 0 0 0 0 0 0
Last Time Cost: 00000005 ms
Total Time Cost: 00005089 ms
Total Distance 31: 0 0 0 0 0 0 0 0 0 0 0 0 0 0 0 0 0 0 2 4 0 0 0 0 0 0 0 0 0 0 0 0 0 0 0 4 0 4 4 0 0 0 0 0 0 0 0 0 0 0 3 0 0 5 5 0 0 0 0 0 0 0 0 0
Last Time Cost: 00000003 ms
Total Time Cost: 00005092 ms
Total Distance 30: 0 0 0 0 0 0 0 0 0 0 0 0 0 0 0 0 0 0 1 4 0 0 0 0 0 0 0 0 0 0 0 0 0 0 0 4 0 4 4 0 0 0 0 0 0 0 0 0 0 0 3 0 0 5 5 0 0 0 0 0 0 0 0 0
Last Time Cost: 00000002 ms
Total Time Cost: 00005094 ms
Total Distance 29: 0 0 0 0 0 0 0 0 0 0 0 0 0 0 0 0 0 0 0 4 0 0 0 0 0 0 0 0 0 0 0 0 0 0 0 4 0 4 4 0 0 0 0 0 0 0 0 0 0 0 3 0 0 5 5 0 0 0 0 0 0 0 0 0
Last Time Cost: 00000005 ms
Total Time Cost: 00005099 ms
Total Distance 28: 0 0 0 0 0 0 0 0 0 0 0 0 0 0 0 0 0 0 0 4 0 0 0 0 0 0 0 0 0 0 0 0 0 0 0 4 0 4 4 0 0 0 0 0 0 0 0 0 0 0 2 0 0 5 5 0 0 0 0 0 0 0 0 0
Last Time Cost: 00000003 ms
Total Time Cost: 00005102 ms
Total Distance 27: 0 0 0 0 0 0 0 0 0 0 0 0 0 0 0 0 0 0 0 4 0 0 0 0 0 0 0 0 0 0 0 0 0 0 0 4 0 4 4 0 0 0 0 0 0 0 0 0 0 0 1 0 0 5 5 0 0 0 0 0 0 0 0 0
Last Time Cost: 00000002 ms
Total Time Cost: 00005104 ms
Total Distance 26: 0 0 0 0 0 0 0 0 0 0 0 0 0 0 0 0 0 0 0 4 0 0 0 0 0 0 0 0 0 0 0 0 0 0 0 4 0 4 4 0 0 0 0 0 0 0 0 0 0 0 0 0 0 5 5 0 0 0 0 0 0 0 0 0
Last Time Cost: 00000012 ms
Total Time Cost: 00005116 ms
Total Distance 24: 0 0 0 0 0 0 0 0 0 0 0 0 0 0 0 0 0 0 0 4 0 0 0 0 0 0 0 0 0 0 0 0 0 0 0 4 0 3 4 0 0 0 0 0 0 0 0 0 0 0 0 0 0 4 5 0 0 0 0 0 0 0 0 0
Last Time Cost: 00000004 ms
Total Time Cost: 00005120 ms
Total Distance 22: 0 0 0 0 0 0 0 0 0 0 0 0 0 0 0 0 0 0 0 4 0 0 0 0 0 0 0 0 0 0 0 0 0 0 0 4 0 2 4 0 0 0 0 0 0 0 0 0 0 0 0 0 0 3 5 0 0 0 0 0 0 0 0 0
Last Time Cost: 00000003 ms
Total Time Cost: 00005123 ms
Total Distance 21: 0 0 0 0 0 0 0 0 0 0 0 0 0 0 0 0 0 0 0 4 0 0 0 0 0 0 0 0 0 0 0 0 0 0 0 4 0 1 4 0 0 0 0 0 0 0 0 0 0 0 0 0 0 3 5 0 0 0 0 0 0 0 0 0
Last Time Cost: 00000002 ms
Total Time Cost: 00005125 ms
Total Distance 20: 0 0 0 0 0 0 0 0 0 0 0 0 0 0 0 0 0 0 0 4 0 0 0 0 0 0 0 0 0 0 0 0 0 0 0 4 0 0 4 0 0 0 0 0 0 0 0 0 0 0 0 0 0 3 5 0 0 0 0 0 0 0 0 0
Last Time Cost: 00000003 ms
Total Time Cost: 00005128 ms
Total Distance 19: 0 0 0 0 0 0 0 0 0 0 0 0 0 0 0 0 0 0 0 4 0 0 0 0 0 0 0 0 0 0 0 0 0 0 0 4 0 0 4 0 0 0 0 0 0 0 0 0 0 0 0 0 0 2 5 0 0 0 0 0 0 0 0 0
Last Time Cost: 00000002 ms
Total Time Cost: 00005130 ms
Total Distance 18: 0 0 0 0 0 0 0 0 0 0 0 0 0 0 0 0 0 0 0 4 0 0 0 0 0 0 0 0 0 0 0 0 0 0 0 4 0 0 4 0 0 0 0 0 0 0 0 0 0 0 0 0 0 1 5 0 0 0 0 0 0 0 0 0
Last Time Cost: 00000002 ms
Total Time Cost: 00005132 ms
Total Distance 17: 0 0 0 0 0 0 0 0 0 0 0 0 0 0 0 0 0 0 0 4 0 0 0 0 0 0 0 0 0 0 0 0 0 0 0 4 0 0 4 0 0 0 0 0 0 0 0 0 0 0 0 0 0 0 5 0 0 0 0 0 0 0 0 0
Last Time Cost: 00000010 ms
Total Time Cost: 00005142 ms
Total Distance 15: 0 0 0 0 0 0 0 0 0 0 0 0 0 0 0 0 0 0 0 4 0 0 0 0 0 0 0 0 0 0 0 0 0 0 0 4 0 0 3 0 0 0 0 0 0 0 0 0 0 0 0 0 0 0 4 0 0 0 0 0 0 0 0 0
Last Time Cost: 00000004 ms
Total Time Cost: 00005146 ms
Total Distance 13: 0 0 0 0 0 0 0 0 0 0 0 0 0 0 0 0 0 0 0 4 0 0 0 0 0 0 0 0 0 0 0 0 0 0 0 4 0 0 2 0 0 0 0 0 0 0 0 0 0 0 0 0 0 0 3 0 0 0 0 0 0 0 0 0
Last Time Cost: 00000003 ms
Total Time Cost: 00005149 ms
Total Distance 12: 0 0 0 0 0 0 0 0 0 0 0 0 0 0 0 0 0 0 0 4 0 0 0 0 0 0 0 0 0 0 0 0 0 0 0 4 0 0 1 0 0 0 0 0 0 0 0 0 0 0 0 0 0 0 3 0 0 0 0 0 0 0 0 0
Last Time Cost: 00000001 ms
Total Time Cost: 00005150 ms
Total Distance 11: 0 0 0 0 0 0 0 0 0 0 0 0 0 0 0 0 0 0 0 4 0 0 0 0 0 0 0 0 0 0 0 0 0 0 0 4 0 0 0 0 0 0 0 0 0 0 0 0 0 0 0 0 0 0 3 0 0 0 0 0 0 0 0 0
Last Time Cost: 00000003 ms
Total Time Cost: 00005153 ms
Total Distance 9: 0 0 0 0 0 0 0 0 0 0 0 0 0 0 0 0 0 0 0 3 0 0 0 0 0 0 0 0 0 0 0 0 0 0 0 4 0 0 0 0 0 0 0 0 0 0 0 0 0 0 0 0 0 0 2 0 0 0 0 0 0 0 0 0
Last Time Cost: 00000002 ms
Total Time Cost: 00005155 ms
Total Distance 8: 0 0 0 0 0 0 0 0 0 0 0 0 0 0 0 0 0 0 0 3 0 0 0 0 0 0 0 0 0 0 0 0 0 0 0 4 0 0 0 0 0 0 0 0 0 0 0 0 0 0 0 0 0 0 1 0 0 0 0 0 0 0 0 0
Last Time Cost: 00000002 ms
Total Time Cost: 00005157 ms
Total Distance 7: 0 0 0 0 0 0 0 0 0 0 0 0 0 0 0 0 0 0 0 3 0 0 0 0 0 0 0 0 0 0 0 0 0 0 0 4 0 0 0 0 0 0 0 0 0 0 0 0 0 0 0 0 0 0 0 0 0 0 0 0 0 0 0 0
Last Time Cost: 00000003 ms
Total Time Cost: 00005160 ms
Total Distance 5: 0 0 0 0 0 0 0 0 0 0 0 0 0 0 0 0 0 0 0 2 0 0 0 0 0 0 0 0 0 0 0 0 0 0 0 3 0 0 0 0 0 0 0 0 0 0 0 0 0 0 0 0 0 0 0 0 0 0 0 0 0 0 0 0
Last Time Cost: 00000001 ms
Total Time Cost: 00005161 ms
Total Distance 4: 0 0 0 0 0 0 0 0 0 0 0 0 0 0 0 0 0 0 0 1 0 0 0 0 0 0 0 0 0 0 0 0 0 0 0 3 0 0 0 0 0 0 0 0 0 0 0 0 0 0 0 0 0 0 0 0 0 0 0 0 0 0 0 0
Last Time Cost: 00000000 ms
Total Time Cost: 00005161 ms
Total Distance 3: 0 0 0 0 0 0 0 0 0 0 0 0 0 0 0 0 0 0 0 0 0 0 0 0 0 0 0 0 0 0 0 0 0 0 0 3 0 0 0 0 0 0 0 0 0 0 0 0 0 0 0 0 0 0 0 0 0 0 0 0 0 0 0 0
Last Time Cost: 00000002 ms
Total Time Cost: 00005163 ms
Total Distance 2: 0 0 0 0 0 0 0 0 0 0 0 0 0 0 0 0 0 0 0 0 0 0 0 0 0 0 0 0 0 0 0 0 0 0 0 2 0 0 0 0 0 0 0 0 0 0 0 0 0 0 0 0 0 0 0 0 0 0 0 0 0 0 0 0
Last Time Cost: 00000001 ms
Total Time Cost: 00005164 ms
Total Distance 1: 0 0 0 0 0 0 0 0 0 0 0 0 0 0 0 0 0 0 0 0 0 0 0 0 0 0 0 0 0 0 0 0 0 0 0 1 0 0 0 0 0 0 0 0 0 0 0 0 0 0 0 0 0 0 0 0 0 0 0 0 0 0 0 0
Last Time Cost: 00000000 ms
Total Time Cost: 00005164 ms
Total Distance 0: 0 0 0 0 0 0 0 0 0 0 0 0 0 0 0 0 0 0 0 0 0 0 0 0 0 0 0 0 0 0 0 0 0 0 0 0 0 0 0 0 0 0 0 0 0 0 0 0 0 0 0 0 0 0 0 0 0 0 0 0 0 0 0 0
