29210956 0
29210956 1168
29210957 1250
29210957 1130
29210957 1706
29210958 1138
29210958 2004
29210958 1634
29210959 1700
29210959 1758
29210959 1136
29211000 1138
29211000 1142
29211000 1144
29211001 1148
29211001 1150
29211001 1154
29211002 1156
29211002 1156
29211002 1156
29211003 1158
29211003 1168
29211003 1170
29211004 1170
29211004 1170
29211004 1176
29211005 1176
29211005 1178
29211005 1178
29211006 1180
29211006 1180
29211006 1184
29211007 1184
29211007 1186
29211007 1188
29211008 1120
