Last Time Cost: 00000000 ms
Total Time Cost: 00000000 ms
Total Distance 352: 12 12 12 12 12 12 12 12 10 10 10 10 10 10 10 10 11 11 11 11 11 11 11 11 11 11 11 11 11 11 11 11
Last Time Cost: 00000043 ms
Total Time Cost: 00000043 ms
Total Distance 341: 11 12 11 11 11 12 12 12 9 10 10 9 10 9 10 10 11 11 11 10 10 11 11 11 11 11 11 11 11 11 10 10
Last Time Cost: 00000016 ms
Total Time Cost: 00000059 ms
Total Distance 331: 11 11 10 11 10 12 11 12 9 10 9 8 10 9 9 9 11 11 10 10 10 10 11 11 11 11 11 11 11 11 10 10
Last Time Cost: 00000006 ms
Total Time Cost: 00000065 ms
Total Distance 324: 11 11 9 11 9 12 10 12 9 10 9 7 9 9 9 9 11 11 10 10 10 10 10 11 11 11 11 11 11 11 10 9
Last Time Cost: 00000005 ms
Total Time Cost: 00000070 ms
Total Distance 319: 11 11 8 10 9 12 10 12 8 10 9 6 9 8 9 9 11 11 10 10 10 10 10 11 11 11 11 11 11 11 10 9
Last Time Cost: 00000005 ms
Total Time Cost: 00000075 ms
Total Distance 314: 11 11 8 10 9 12 10 12 8 10 9 5 9 7 9 9 11 11 10 9 9 10 10 11 11 10 11 11 11 11 10 9
Last Time Cost: 00000005 ms
Total Time Cost: 00000080 ms
Total Distance 310: 11 11 7 10 8 12 9 12 8 10 9 4 9 7 9 9 11 11 10 9 9 10 10 11 11 10 11 11 11 11 10 9
Last Time Cost: 00000004 ms
Total Time Cost: 00000084 ms
Total Distance 306: 11 11 7 10 8 12 9 12 8 10 9 3 9 7 9 9 11 11 9 9 9 10 9 11 10 10 11 11 11 11 10 9
Last Time Cost: 00000004 ms
Total Time Cost: 00000088 ms
Total Distance 303: 11 11 7 10 8 12 9 12 8 10 9 2 9 6 9 9 11 11 9 9 9 10 9 11 10 9 11 11 11 11 10 9
Last Time Cost: 00000003 ms
Total Time Cost: 00000091 ms
Total Distance 301: 11 11 7 10 8 12 9 12 8 10 9 1 9 6 9 9 11 11 9 9 9 10 8 11 10 9 11 11 11 11 10 9
Last Time Cost: 00000003 ms
Total Time Cost: 00000094 ms
Total Distance 300: 11 11 7 10 8 12 9 12 8 10 9 0 9 6 9 9 11 11 9 9 9 10 8 11 10 9 11 11 11 11 10 9
Last Time Cost: 00000013 ms
Total Time Cost: 00000107 ms
Total Distance 291: 11 11 7 10 8 12 9 11 8 10 9 0 9 5 9 9 11 10 9 8 9 10 8 10 9 9 11 11 10 11 9 8
Last Time Cost: 00000010 ms
Total Time Cost: 00000117 ms
Total Distance 285: 11 11 7 10 8 11 9 11 8 10 9 0 9 4 9 9 10 10 9 7 9 10 8 10 9 9 10 10 10 11 9 8
Last Time Cost: 00000004 ms
Total Time Cost: 00000121 ms
Total Distance 281: 11 11 7 10 8 10 9 11 8 10 9 0 9 3 9 9 10 10 9 6 9 10 8 10 9 9 9 10 10 11 9 8
Last Time Cost: 00000003 ms
Total Time Cost: 00000124 ms
Total Distance 278: 11 11 7 10 8 10 9 11 8 10 9 0 9 2 9 9 10 10 9 6 9 10 8 9 9 9 9 10 9 11 9 8
Last Time Cost: 00000002 ms
Total Time Cost: 00000126 ms
Total Distance 275: 11 11 7 10 8 9 9 11 8 10 9 0 9 1 9 9 10 10 9 6 9 10 8 9 9 9 9 9 9 11 9 8
Last Time Cost: 00000002 ms
Total Time Cost: 00000128 ms
Total Distance 274: 11 11 7 10 8 9 9 11 8 10 9 0 9 0 9 9 10 10 9 6 9 10 8 9 9 9 9 9 9 11 9 8
Last Time Cost: 00000018 ms
Total Time Cost: 00000146 ms
Total Distance 266: 10 10 7 9 8 9 9 11 7 10 9 0 8 0 9 9 10 10 9 5 9 10 7 9 9 9 9 9 8 11 9 8
Last Time Cost: 00000011 ms
Total Time Cost: 00000157 ms
Total Distance 261: 10 10 7 9 7 9 9 11 7 9 9 0 8 0 8 9 10 10 9 4 9 9 7 9 9 9 9 9 8 11 9 8
Last Time Cost: 00000004 ms
Total Time Cost: 00000161 ms
Total Distance 257: 10 10 7 9 7 9 9 10 7 8 9 0 8 0 8 9 9 10 9 3 9 9 7 9 9 9 9 9 8 11 9 8
Last Time Cost: 00000003 ms
Total Time Cost: 00000164 ms
Total Distance 255: 10 10 7 9 7 9 9 10 7 8 9 0 8 0 8 9 9 10 9 2 9 9 6 9 9 9 9 9 8 11 9 8
Last Time Cost: 00000002 ms
Total Time Cost: 00000166 ms
Total Distance 253: 10 10 7 9 6 9 9 10 7 8 9 0 8 0 8 9 9 10 9 1 9 9 6 9 9 9 9 9 8 11 9 8
Last Time Cost: 00000002 ms
Total Time Cost: 00000168 ms
Total Distance 252: 10 10 7 9 6 9 9 10 7 8 9 0 8 0 8 9 9 10 9 0 9 9 6 9 9 9 9 9 8 11 9 8
Last Time Cost: 00000011 ms
Total Time Cost: 00000179 ms
Total Distance 246: 9 10 7 9 5 9 9 9 7 8 9 0 8 0 8 9 9 10 9 0 9 9 6 8 9 9 9 9 7 10 9 8
Last Time Cost: 00000004 ms
Total Time Cost: 00000183 ms
Total Distance 242: 9 10 7 9 4 9 8 9 7 7 9 0 8 0 8 9 9 10 9 0 9 9 6 8 9 9 9 9 7 10 8 8
Last Time Cost: 00000004 ms
Total Time Cost: 00000187 ms
Total Distance 240: 9 10 7 9 3 9 8 9 7 7 9 0 8 0 8 9 9 10 9 0 9 9 6 8 9 9 9 9 7 10 7 8
Last Time Cost: 00000003 ms
Total Time Cost: 00000190 ms
Total Distance 239: 9 10 7 9 2 9 8 9 7 7 9 0 8 0 8 9 9 10 9 0 9 9 6 8 9 9 9 9 7 10 7 8
Last Time Cost: 00000003 ms
Total Time Cost: 00000193 ms
Total Distance 238: 9 10 7 9 1 9 8 9 7 7 9 0 8 0 8 9 9 10 9 0 9 9 6 8 9 9 9 9 7 10 7 8
Last Time Cost: 00000003 ms
Total Time Cost: 00000196 ms
Total Distance 237: 9 10 7 9 0 9 8 9 7 7 9 0 8 0 8 9 9 10 9 0 9 9 6 8 9 9 9 9 7 10 7 8
Last Time Cost: 00000007 ms
Total Time Cost: 00000203 ms
Total Distance 233: 9 10 7 9 0 9 8 8 7 7 9 0 8 0 7 9 8 10 9 0 9 9 5 8 9 9 9 9 7 10 7 8
Last Time Cost: 00000006 ms
Total Time Cost: 00000209 ms
Total Distance 230: 9 10 7 9 0 9 7 8 7 7 9 0 8 0 7 9 8 10 9 0 8 9 4 8 9 9 9 9 7 10 7 8
Last Time Cost: 00000005 ms
Total Time Cost: 00000214 ms
Total Distance 228: 9 10 7 9 0 9 7 8 7 7 9 0 8 0 7 9 8 10 9 0 8 9 3 8 9 9 9 9 6 10 7 8
Last Time Cost: 00000005 ms
Total Time Cost: 00000219 ms
Total Distance 226: 9 10 7 9 0 9 7 8 7 7 9 0 8 0 7 9 8 10 9 0 8 9 2 8 9 9 9 9 5 10 7 8
Last Time Cost: 00000005 ms
Total Time Cost: 00000224 ms
Total Distance 224: 9 10 7 9 0 9 7 8 7 7 9 0 8 0 7 9 8 10 9 0 8 9 1 8 9 9 9 9 4 10 7 8
Last Time Cost: 00000006 ms
Total Time Cost: 00000230 ms
Total Distance 223: 9 10 7 9 0 9 7 8 7 7 9 0 8 0 7 9 8 10 9 0 8 9 0 8 9 9 9 9 4 10 7 8
Last Time Cost: 00000008 ms
Total Time Cost: 00000238 ms
Total Distance 221: 9 10 7 9 0 9 7 7 7 7 9 0 8 0 7 9 8 10 9 0 8 9 0 8 9 9 9 9 3 10 7 8
Last Time Cost: 00000006 ms
Total Time Cost: 00000244 ms
Total Distance 219: 9 10 7 9 0 9 7 7 7 7 9 0 8 0 7 9 8 10 9 0 8 9 0 8 9 9 9 9 2 9 7 8
Last Time Cost: 00000006 ms
Total Time Cost: 00000250 ms
Total Distance 217: 9 10 7 9 0 9 7 7 7 7 9 0 8 0 7 9 8 10 9 0 8 9 0 8 9 9 9 9 1 8 7 8
Last Time Cost: 00000006 ms
Total Time Cost: 00000256 ms
Total Distance 216: 9 10 7 9 0 9 7 7 7 7 9 0 8 0 7 9 8 10 9 0 8 9 0 8 9 9 9 9 0 8 7 8
Last Time Cost: 00000117 ms
Total Time Cost: 00000373 ms
Total Distance 207: 9 9 6 9 0 9 6 7 6 7 8 0 8 0 7 8 8 10 9 0 8 9 0 8 8 8 8 9 0 8 7 8
Last Time Cost: 00000021 ms
Total Time Cost: 00000394 ms
Total Distance 202: 9 8 5 9 0 9 6 7 5 7 8 0 8 0 7 7 8 10 9 0 8 9 0 8 8 7 8 9 0 8 7 8
Last Time Cost: 00000013 ms
Total Time Cost: 00000407 ms
Total Distance 198: 9 7 4 9 0 9 6 7 4 7 8 0 8 0 7 7 8 10 9 0 8 9 0 8 8 7 8 9 0 8 7 7
Last Time Cost: 00000012 ms
Total Time Cost: 00000419 ms
Total Distance 195: 9 7 4 9 0 9 6 7 3 7 8 0 8 0 6 7 8 10 9 0 8 9 0 8 8 7 8 9 0 8 7 6
Last Time Cost: 00000011 ms
Total Time Cost: 00000430 ms
Total Distance 192: 9 7 4 8 0 9 6 7 2 7 8 0 7 0 6 7 8 10 9 0 8 9 0 8 8 7 8 9 0 8 7 6
Last Time Cost: 00000011 ms
Total Time Cost: 00000441 ms
Total Distance 191: 9 7 4 8 0 9 6 7 1 7 8 0 7 0 6 7 8 10 9 0 8 9 0 8 8 7 8 9 0 8 7 6
Last Time Cost: 00000011 ms
Total Time Cost: 00000452 ms
Total Distance 189: 9 7 4 8 0 8 6 7 0 7 8 0 7 0 6 7 8 10 9 0 8 9 0 8 8 7 8 9 0 8 7 6
Last Time Cost: 00000014 ms
Total Time Cost: 00000466 ms
Total Distance 186: 8 6 3 8 0 8 6 7 0 7 8 0 7 0 6 7 8 10 9 0 8 9 0 8 8 7 8 9 0 8 7 6
Last Time Cost: 00000013 ms
Total Time Cost: 00000479 ms
Total Distance 183: 8 6 2 8 0 8 6 7 0 7 8 0 7 0 6 7 7 10 9 0 8 8 0 8 8 7 8 9 0 8 7 6
Last Time Cost: 00000014 ms
Total Time Cost: 00000493 ms
Total Distance 181: 8 6 1 7 0 8 6 7 0 7 8 0 7 0 6 7 7 10 9 0 8 8 0 8 8 7 8 9 0 8 7 6
Last Time Cost: 00000015 ms
Total Time Cost: 00000508 ms
Total Distance 180: 8 6 0 7 0 8 6 7 0 7 8 0 7 0 6 7 7 10 9 0 8 8 0 8 8 7 8 9 0 8 7 6
Last Time Cost: 00000037 ms
Total Time Cost: 00000545 ms
Total Distance 176: 8 6 0 7 0 8 6 6 0 7 8 0 7 0 6 7 7 10 9 0 8 8 0 8 7 7 8 9 0 8 6 5
Last Time Cost: 00000019 ms
Total Time Cost: 00000564 ms
Total Distance 173: 8 6 0 7 0 8 6 6 0 7 8 0 7 0 6 7 7 10 9 0 8 8 0 8 7 7 8 8 0 8 5 4
Last Time Cost: 00000017 ms
Total Time Cost: 00000581 ms
Total Distance 171: 8 6 0 7 0 8 6 6 0 7 8 0 7 0 6 6 7 10 9 0 8 8 0 8 7 7 8 8 0 8 5 3
Last Time Cost: 00000019 ms
Total Time Cost: 00000600 ms
Total Distance 170: 8 6 0 7 0 8 6 6 0 7 8 0 7 0 6 6 7 10 9 0 8 8 0 8 7 7 8 8 0 8 5 2
Last Time Cost: 00000020 ms
Total Time Cost: 00000620 ms
Total Distance 169: 8 6 0 7 0 8 6 6 0 7 8 0 7 0 6 6 7 10 9 0 8 8 0 8 7 7 8 8 0 8 5 1
Last Time Cost: 00000021 ms
Total Time Cost: 00000641 ms
Total Distance 168: 8 6 0 7 0 8 6 6 0 7 8 0 7 0 6 6 7 10 9 0 8 8 0 8 7 7 8 8 0 8 5 0
Last Time Cost: 00000025 ms
Total Time Cost: 00000666 ms
Total Distance 164: 8 6 0 7 0 8 5 5 0 7 8 0 7 0 6 6 6 10 9 0 8 8 0 8 7 7 8 8 0 8 4 0
Last Time Cost: 00000024 ms
Total Time Cost: 00000690 ms
Total Distance 160: 8 6 0 7 0 8 5 5 0 7 8 0 7 0 6 6 6 9 9 0 8 8 0 7 6 7 8 8 0 8 3 0
Last Time Cost: 00000011 ms
Total Time Cost: 00000701 ms
Total Distance 157: 8 6 0 7 0 8 5 5 0 7 8 0 7 0 6 6 6 9 9 0 7 8 0 6 6 7 8 8 0 8 2 0
Last Time Cost: 00000002 ms
Total Time Cost: 00000703 ms
Total Distance 156: 8 6 0 7 0 8 5 5 0 7 8 0 7 0 6 6 6 9 9 0 7 8 0 6 6 7 8 8 0 8 1 0
Last Time Cost: 00000002 ms
Total Time Cost: 00000705 ms
Total Distance 155: 8 6 0 7 0 8 5 5 0 7 8 0 7 0 6 6 6 9 9 0 7 8 0 6 6 7 8 8 0 8 0 0
Last Time Cost: 00000011 ms
Total Time Cost: 00000716 ms
Total Distance 151: 8 6 0 7 0 8 4 5 0 7 8 0 7 0 6 6 6 9 9 0 7 7 0 6 6 7 7 7 0 8 0 0
Last Time Cost: 00000006 ms
Total Time Cost: 00000722 ms
Total Distance 147: 7 6 0 7 0 8 3 5 0 7 7 0 7 0 6 6 6 9 9 0 7 7 0 6 6 7 6 7 0 8 0 0
Last Time Cost: 00000003 ms
Total Time Cost: 00000725 ms
Total Distance 145: 7 6 0 7 0 8 2 5 0 7 7 0 7 0 6 6 6 9 9 0 7 7 0 6 6 7 5 7 0 8 0 0
Last Time Cost: 00000003 ms
Total Time Cost: 00000728 ms
Total Distance 143: 7 6 0 7 0 8 1 5 0 7 7 0 7 0 6 6 6 9 8 0 7 7 0 6 6 7 5 7 0 8 0 0
Last Time Cost: 00000002 ms
Total Time Cost: 00000730 ms
Total Distance 142: 7 6 0 7 0 8 0 5 0 7 7 0 7 0 6 6 6 9 8 0 7 7 0 6 6 7 5 7 0 8 0 0
Last Time Cost: 00000007 ms
Total Time Cost: 00000737 ms
Total Distance 140: 7 6 0 7 0 8 0 4 0 7 7 0 7 0 6 6 5 9 8 0 7 7 0 6 6 7 5 7 0 8 0 0
Last Time Cost: 00000003 ms
Total Time Cost: 00000740 ms
Total Distance 138: 7 6 0 7 0 8 0 3 0 7 7 0 7 0 6 6 5 9 8 0 7 7 0 6 6 7 5 7 0 7 0 0
Last Time Cost: 00000003 ms
Total Time Cost: 00000743 ms
Total Distance 136: 7 6 0 7 0 8 0 2 0 7 7 0 7 0 6 6 5 9 8 0 7 7 0 6 6 7 5 7 0 6 0 0
Last Time Cost: 00000003 ms
Total Time Cost: 00000746 ms
Total Distance 133: 7 6 0 7 0 8 0 1 0 7 7 0 7 0 6 6 5 8 8 0 7 7 0 6 6 7 5 7 0 5 0 0
Last Time Cost: 00000002 ms
Total Time Cost: 00000748 ms
Total Distance 132: 7 6 0 7 0 8 0 0 0 7 7 0 7 0 6 6 5 8 8 0 7 7 0 6 6 7 5 7 0 5 0 0
Last Time Cost: 00000006 ms
Total Time Cost: 00000754 ms
Total Distance 129: 7 6 0 7 0 8 0 0 0 7 7 0 7 0 6 6 5 8 7 0 7 7 0 6 6 6 5 7 0 4 0 0
Last Time Cost: 00000003 ms
Total Time Cost: 00000757 ms
Total Distance 127: 7 6 0 7 0 8 0 0 0 7 7 0 7 0 6 6 5 8 7 0 7 7 0 6 6 5 5 7 0 3 0 0
Last Time Cost: 00000003 ms
Total Time Cost: 00000760 ms
Total Distance 125: 7 6 0 7 0 8 0 0 0 7 7 0 7 0 6 6 5 7 7 0 7 7 0 6 6 5 5 7 0 2 0 0
Last Time Cost: 00000003 ms
Total Time Cost: 00000763 ms
Total Distance 123: 7 6 0 7 0 8 0 0 0 7 7 0 7 0 6 6 5 6 7 0 7 7 0 6 6 5 5 7 0 1 0 0
Last Time Cost: 00000002 ms
Total Time Cost: 00000765 ms
Total Distance 122: 7 6 0 7 0 8 0 0 0 7 7 0 7 0 6 6 5 6 7 0 7 7 0 6 6 5 5 7 0 0 0 0
Last Time Cost: 00000008 ms
Total Time Cost: 00000773 ms
Total Distance 119: 7 5 0 7 0 8 0 0 0 6 7 0 7 0 6 6 5 6 7 0 7 7 0 6 6 4 5 7 0 0 0 0
Last Time Cost: 00000004 ms
Total Time Cost: 00000777 ms
Total Distance 116: 7 5 0 7 0 7 0 0 0 6 7 0 7 0 6 6 5 6 6 0 7 7 0 6 6 3 5 7 0 0 0 0
Last Time Cost: 00000002 ms
Total Time Cost: 00000779 ms
Total Distance 115: 7 5 0 7 0 7 0 0 0 6 7 0 7 0 6 6 5 6 6 0 7 7 0 6 6 2 5 7 0 0 0 0
Last Time Cost: 00000001 ms
Total Time Cost: 00000780 ms
Total Distance 113: 7 5 0 7 0 7 0 0 0 6 6 0 7 0 6 6 5 6 6 0 7 7 0 6 6 1 5 7 0 0 0 0
Last Time Cost: 00000001 ms
Total Time Cost: 00000781 ms
Total Distance 112: 7 5 0 7 0 7 0 0 0 6 6 0 7 0 6 6 5 6 6 0 7 7 0 6 6 0 5 7 0 0 0 0
Last Time Cost: 00000005 ms
Total Time Cost: 00000786 ms
Total Distance 109: 7 5 0 6 0 7 0 0 0 6 6 0 7 0 6 6 4 6 5 0 7 7 0 6 6 0 5 7 0 0 0 0
Last Time Cost: 00000001 ms
Total Time Cost: 00000787 ms
Total Distance 107: 7 5 0 6 0 7 0 0 0 6 6 0 7 0 6 6 3 5 5 0 7 7 0 6 6 0 5 7 0 0 0 0
Last Time Cost: 00000001 ms
Total Time Cost: 00000788 ms
Total Distance 105: 7 5 0 6 0 6 0 0 0 6 6 0 7 0 6 6 2 5 5 0 7 7 0 6 6 0 5 7 0 0 0 0
Last Time Cost: 00000001 ms
Total Time Cost: 00000789 ms
Total Distance 101: 7 5 0 6 0 6 0 0 0 6 6 0 7 0 6 6 1 4 5 0 6 6 0 6 6 0 5 7 0 0 0 0
Last Time Cost: 00000001 ms
Total Time Cost: 00000790 ms
Total Distance 100: 7 5 0 6 0 6 0 0 0 6 6 0 7 0 6 6 0 4 5 0 6 6 0 6 6 0 5 7 0 0 0 0
Last Time Cost: 00000001 ms
Total Time Cost: 00000791 ms
Total Distance 98: 7 5 0 6 0 6 0 0 0 6 6 0 7 0 6 6 0 3 5 0 6 5 0 6 6 0 5 7 0 0 0 0
Last Time Cost: 00000001 ms
Total Time Cost: 00000792 ms
Total Distance 96: 7 5 0 6 0 6 0 0 0 6 6 0 7 0 6 6 0 2 5 0 6 4 0 6 6 0 5 7 0 0 0 0
Last Time Cost: 00000001 ms
Total Time Cost: 00000793 ms
Total Distance 93: 7 5 0 6 0 5 0 0 0 6 6 0 7 0 5 6 0 1 5 0 6 4 0 6 6 0 5 7 0 0 0 0
Last Time Cost: 00000000 ms
Total Time Cost: 00000793 ms
Total Distance 92: 7 5 0 6 0 5 0 0 0 6 6 0 7 0 5 6 0 0 5 0 6 4 0 6 6 0 5 7 0 0 0 0
Last Time Cost: 00000001 ms
Total Time Cost: 00000794 ms
Total Distance 90: 6 5 0 6 0 5 0 0 0 6 6 0 7 0 5 6 0 0 5 0 6 3 0 6 6 0 5 7 0 0 0 0
Last Time Cost: 00000001 ms
Total Time Cost: 00000795 ms
Total Distance 88: 5 5 0 6 0 5 0 0 0 6 6 0 7 0 5 6 0 0 5 0 6 2 0 6 6 0 5 7 0 0 0 0
Last Time Cost: 00000001 ms
Total Time Cost: 00000796 ms
Total Distance 87: 5 5 0 6 0 5 0 0 0 6 6 0 7 0 5 6 0 0 5 0 6 1 0 6 6 0 5 7 0 0 0 0
Last Time Cost: 00000000 ms
Total Time Cost: 00000796 ms
Total Distance 85: 5 5 0 6 0 5 0 0 0 6 6 0 7 0 5 6 0 0 5 0 5 0 0 6 6 0 5 7 0 0 0 0
Last Time Cost: 00000010 ms
Total Time Cost: 00000806 ms
Total Distance 82: 5 5 0 6 0 5 0 0 0 5 6 0 7 0 4 6 0 0 5 0 5 0 0 6 6 0 4 7 0 0 0 0
Last Time Cost: 00000001 ms
Total Time Cost: 00000807 ms
Total Distance 80: 5 5 0 6 0 4 0 0 0 5 6 0 7 0 3 6 0 0 5 0 5 0 0 6 6 0 4 7 0 0 0 0
Last Time Cost: 00000001 ms
Total Time Cost: 00000808 ms
Total Distance 78: 5 5 0 6 0 4 0 0 0 5 6 0 7 0 2 6 0 0 5 0 5 0 0 6 6 0 4 6 0 0 0 0
Last Time Cost: 00000001 ms
Total Time Cost: 00000809 ms
Total Distance 76: 5 5 0 6 0 4 0 0 0 5 6 0 6 0 1 6 0 0 5 0 5 0 0 6 6 0 4 6 0 0 0 0
Last Time Cost: 00000000 ms
Total Time Cost: 00000809 ms
Total Distance 75: 5 5 0 6 0 4 0 0 0 5 6 0 6 0 0 6 0 0 5 0 5 0 0 6 6 0 4 6 0 0 0 0
Last Time Cost: 00000001 ms
Total Time Cost: 00000810 ms
Total Distance 74: 5 5 0 6 0 3 0 0 0 5 6 0 6 0 0 6 0 0 5 0 5 0 0 6 6 0 4 6 0 0 0 0
Last Time Cost: 00000001 ms
Total Time Cost: 00000811 ms
Total Distance 73: 5 5 0 6 0 2 0 0 0 5 6 0 6 0 0 6 0 0 5 0 5 0 0 6 6 0 4 6 0 0 0 0
Last Time Cost: 00000001 ms
Total Time Cost: 00000812 ms
Total Distance 72: 5 5 0 6 0 1 0 0 0 5 6 0 6 0 0 6 0 0 5 0 5 0 0 6 6 0 4 6 0 0 0 0
Last Time Cost: 00000001 ms
Total Time Cost: 00000813 ms
Total Distance 71: 5 5 0 6 0 0 0 0 0 5 6 0 6 0 0 6 0 0 5 0 5 0 0 6 6 0 4 6 0 0 0 0
Last Time Cost: 00000001 ms
Total Time Cost: 00000814 ms
Total Distance 70: 5 5 0 6 0 0 0 0 0 5 6 0 6 0 0 6 0 0 5 0 5 0 0 6 6 0 3 6 0 0 0 0
Last Time Cost: 00000001 ms
Total Time Cost: 00000815 ms
Total Distance 69: 5 5 0 6 0 0 0 0 0 5 6 0 6 0 0 6 0 0 5 0 5 0 0 6 6 0 2 6 0 0 0 0
Last Time Cost: 00000001 ms
Total Time Cost: 00000816 ms
Total Distance 68: 5 5 0 6 0 0 0 0 0 5 6 0 6 0 0 6 0 0 5 0 5 0 0 6 6 0 1 6 0 0 0 0
Last Time Cost: 00000000 ms
Total Time Cost: 00000816 ms
Total Distance 67: 5 5 0 6 0 0 0 0 0 5 6 0 6 0 0 6 0 0 5 0 5 0 0 6 6 0 0 6 0 0 0 0
Last Time Cost: 00000007 ms
Total Time Cost: 00000823 ms
Total Distance 65: 5 4 0 6 0 0 0 0 0 5 5 0 6 0 0 6 0 0 5 0 5 0 0 6 6 0 0 6 0 0 0 0
Last Time Cost: 00000001 ms
Total Time Cost: 00000824 ms
Total Distance 64: 5 3 0 6 0 0 0 0 0 5 5 0 6 0 0 6 0 0 5 0 5 0 0 6 6 0 0 6 0 0 0 0
Last Time Cost: 00000001 ms
Total Time Cost: 00000825 ms
Total Distance 63: 5 2 0 6 0 0 0 0 0 5 5 0 6 0 0 6 0 0 5 0 5 0 0 6 6 0 0 6 0 0 0 0
Last Time Cost: 00000001 ms
Total Time Cost: 00000826 ms
Total Distance 61: 5 1 0 6 0 0 0 0 0 5 5 0 5 0 0 6 0 0 5 0 5 0 0 6 6 0 0 6 0 0 0 0
Last Time Cost: 00000000 ms
Total Time Cost: 00000826 ms
Total Distance 60: 5 0 0 6 0 0 0 0 0 5 5 0 5 0 0 6 0 0 5 0 5 0 0 6 6 0 0 6 0 0 0 0
Last Time Cost: 00000011 ms
Total Time Cost: 00000837 ms
Total Distance 58: 5 0 0 6 0 0 0 0 0 4 5 0 4 0 0 6 0 0 5 0 5 0 0 6 6 0 0 6 0 0 0 0
Last Time Cost: 00000001 ms
Total Time Cost: 00000838 ms
Total Distance 56: 4 0 0 6 0 0 0 0 0 3 5 0 4 0 0 6 0 0 5 0 5 0 0 6 6 0 0 6 0 0 0 0
Last Time Cost: 00000001 ms
Total Time Cost: 00000839 ms
Total Distance 55: 4 0 0 6 0 0 0 0 0 2 5 0 4 0 0 6 0 0 5 0 5 0 0 6 6 0 0 6 0 0 0 0
Last Time Cost: 00000001 ms
Total Time Cost: 00000840 ms
Total Distance 54: 4 0 0 6 0 0 0 0 0 1 5 0 4 0 0 6 0 0 5 0 5 0 0 6 6 0 0 6 0 0 0 0
Last Time Cost: 00000000 ms
Total Time Cost: 00000840 ms
Total Distance 53: 4 0 0 6 0 0 0 0 0 0 5 0 4 0 0 6 0 0 5 0 5 0 0 6 6 0 0 6 0 0 0 0
Last Time Cost: 00000002 ms
Total Time Cost: 00000842 ms
Total Distance 52: 4 0 0 6 0 0 0 0 0 0 5 0 3 0 0 6 0 0 5 0 5 0 0 6 6 0 0 6 0 0 0 0
Last Time Cost: 00000001 ms
Total Time Cost: 00000843 ms
Total Distance 49: 4 0 0 5 0 0 0 0 0 0 4 0 2 0 0 6 0 0 5 0 5 0 0 6 6 0 0 6 0 0 0 0
Last Time Cost: 00000001 ms
Total Time Cost: 00000844 ms
Total Distance 47: 4 0 0 4 0 0 0 0 0 0 4 0 1 0 0 6 0 0 5 0 5 0 0 6 6 0 0 6 0 0 0 0
Last Time Cost: 00000000 ms
Total Time Cost: 00000844 ms
Total Distance 46: 4 0 0 4 0 0 0 0 0 0 4 0 0 0 0 6 0 0 5 0 5 0 0 6 6 0 0 6 0 0 0 0
Last Time Cost: 00000001 ms
Total Time Cost: 00000845 ms
Total Distance 45: 4 0 0 4 0 0 0 0 0 0 3 0 0 0 0 6 0 0 5 0 5 0 0 6 6 0 0 6 0 0 0 0
Last Time Cost: 00000001 ms
Total Time Cost: 00000846 ms
Total Distance 43: 4 0 0 4 0 0 0 0 0 0 2 0 0 0 0 5 0 0 5 0 5 0 0 6 6 0 0 6 0 0 0 0
Last Time Cost: 00000001 ms
Total Time Cost: 00000847 ms
Total Distance 42: 4 0 0 4 0 0 0 0 0 0 1 0 0 0 0 5 0 0 5 0 5 0 0 6 6 0 0 6 0 0 0 0
Last Time Cost: 00000000 ms
Total Time Cost: 00000847 ms
Total Distance 41: 4 0 0 4 0 0 0 0 0 0 0 0 0 0 0 5 0 0 5 0 5 0 0 6 6 0 0 6 0 0 0 0
Last Time Cost: 00000001 ms
Total Time Cost: 00000848 ms
Total Distance 40: 4 0 0 3 0 0 0 0 0 0 0 0 0 0 0 5 0 0 5 0 5 0 0 6 6 0 0 6 0 0 0 0
Last Time Cost: 00000001 ms
Total Time Cost: 00000849 ms
Total Distance 39: 4 0 0 2 0 0 0 0 0 0 0 0 0 0 0 5 0 0 5 0 5 0 0 6 6 0 0 6 0 0 0 0
Last Time Cost: 00000001 ms
Total Time Cost: 00000850 ms
Total Distance 38: 4 0 0 1 0 0 0 0 0 0 0 0 0 0 0 5 0 0 5 0 5 0 0 6 6 0 0 6 0 0 0 0
Last Time Cost: 00000000 ms
Total Time Cost: 00000850 ms
Total Distance 37: 4 0 0 0 0 0 0 0 0 0 0 0 0 0 0 5 0 0 5 0 5 0 0 6 6 0 0 6 0 0 0 0
Last Time Cost: 00000001 ms
Total Time Cost: 00000851 ms
Total Distance 35: 3 0 0 0 0 0 0 0 0 0 0 0 0 0 0 5 0 0 5 0 5 0 0 6 6 0 0 5 0 0 0 0
Last Time Cost: 00000001 ms
Total Time Cost: 00000852 ms
Total Distance 33: 2 0 0 0 0 0 0 0 0 0 0 0 0 0 0 5 0 0 5 0 5 0 0 6 5 0 0 5 0 0 0 0
Last Time Cost: 00000001 ms
Total Time Cost: 00000853 ms
Total Distance 32: 1 0 0 0 0 0 0 0 0 0 0 0 0 0 0 5 0 0 5 0 5 0 0 6 5 0 0 5 0 0 0 0
Last Time Cost: 00000000 ms
Total Time Cost: 00000853 ms
Total Distance 31: 0 0 0 0 0 0 0 0 0 0 0 0 0 0 0 5 0 0 5 0 5 0 0 6 5 0 0 5 0 0 0 0
Last Time Cost: 00000016 ms
Total Time Cost: 00000869 ms
Total Distance 29: 0 0 0 0 0 0 0 0 0 0 0 0 0 0 0 5 0 0 4 0 5 0 0 5 5 0 0 5 0 0 0 0
Last Time Cost: 00000000 ms
Total Time Cost: 00000869 ms
Total Distance 28: 0 0 0 0 0 0 0 0 0 0 0 0 0 0 0 5 0 0 3 0 5 0 0 5 5 0 0 5 0 0 0 0
Last Time Cost: 00000000 ms
Total Time Cost: 00000869 ms
Total Distance 27: 0 0 0 0 0 0 0 0 0 0 0 0 0 0 0 5 0 0 2 0 5 0 0 5 5 0 0 5 0 0 0 0
Last Time Cost: 00000000 ms
Total Time Cost: 00000869 ms
Total Distance 26: 0 0 0 0 0 0 0 0 0 0 0 0 0 0 0 5 0 0 1 0 5 0 0 5 5 0 0 5 0 0 0 0
Last Time Cost: 00000000 ms
Total Time Cost: 00000869 ms
Total Distance 25: 0 0 0 0 0 0 0 0 0 0 0 0 0 0 0 5 0 0 0 0 5 0 0 5 5 0 0 5 0 0 0 0
Last Time Cost: 00000017 ms
Total Time Cost: 00000886 ms
Total Distance 23: 0 0 0 0 0 0 0 0 0 0 0 0 0 0 0 5 0 0 0 0 4 0 0 4 5 0 0 5 0 0 0 0
Last Time Cost: 00000000 ms
Total Time Cost: 00000886 ms
Total Distance 22: 0 0 0 0 0 0 0 0 0 0 0 0 0 0 0 5 0 0 0 0 3 0 0 4 5 0 0 5 0 0 0 0
Last Time Cost: 00000000 ms
Total Time Cost: 00000886 ms
Total Distance 21: 0 0 0 0 0 0 0 0 0 0 0 0 0 0 0 5 0 0 0 0 2 0 0 4 5 0 0 5 0 0 0 0
Last Time Cost: 00000000 ms
Total Time Cost: 00000886 ms
Total Distance 20: 0 0 0 0 0 0 0 0 0 0 0 0 0 0 0 5 0 0 0 0 1 0 0 4 5 0 0 5 0 0 0 0
Last Time Cost: 00000000 ms
Total Time Cost: 00000886 ms
Total Distance 19: 0 0 0 0 0 0 0 0 0 0 0 0 0 0 0 5 0 0 0 0 0 0 0 4 5 0 0 5 0 0 0 0
Last Time Cost: 00000000 ms
Total Time Cost: 00000886 ms
Total Distance 18: 0 0 0 0 0 0 0 0 0 0 0 0 0 0 0 5 0 0 0 0 0 0 0 3 5 0 0 5 0 0 0 0
Last Time Cost: 00000001 ms
Total Time Cost: 00000887 ms
Total Distance 17: 0 0 0 0 0 0 0 0 0 0 0 0 0 0 0 5 0 0 0 0 0 0 0 2 5 0 0 5 0 0 0 0
Last Time Cost: 00000000 ms
Total Time Cost: 00000887 ms
Total Distance 16: 0 0 0 0 0 0 0 0 0 0 0 0 0 0 0 5 0 0 0 0 0 0 0 1 5 0 0 5 0 0 0 0
Last Time Cost: 00000000 ms
Total Time Cost: 00000887 ms
Total Distance 15: 0 0 0 0 0 0 0 0 0 0 0 0 0 0 0 5 0 0 0 0 0 0 0 0 5 0 0 5 0 0 0 0
Last Time Cost: 00000011 ms
Total Time Cost: 00000898 ms
Total Distance 14: 0 0 0 0 0 0 0 0 0 0 0 0 0 0 0 5 0 0 0 0 0 0 0 0 5 0 0 4 0 0 0 0
Last Time Cost: 00000000 ms
Total Time Cost: 00000898 ms
Total Distance 13: 0 0 0 0 0 0 0 0 0 0 0 0 0 0 0 5 0 0 0 0 0 0 0 0 5 0 0 3 0 0 0 0
Last Time Cost: 00000000 ms
Total Time Cost: 00000898 ms
Total Distance 12: 0 0 0 0 0 0 0 0 0 0 0 0 0 0 0 5 0 0 0 0 0 0 0 0 5 0 0 2 0 0 0 0
Last Time Cost: 00000000 ms
Total Time Cost: 00000898 ms
Total Distance 11: 0 0 0 0 0 0 0 0 0 0 0 0 0 0 0 5 0 0 0 0 0 0 0 0 5 0 0 1 0 0 0 0
Last Time Cost: 00000000 ms
Total Time Cost: 00000898 ms
Total Distance 10: 0 0 0 0 0 0 0 0 0 0 0 0 0 0 0 5 0 0 0 0 0 0 0 0 5 0 0 0 0 0 0 0
Last Time Cost: 00000009 ms
Total Time Cost: 00000907 ms
Total Distance 9: 0 0 0 0 0 0 0 0 0 0 0 0 0 0 0 5 0 0 0 0 0 0 0 0 4 0 0 0 0 0 0 0
Last Time Cost: 00000000 ms
Total Time Cost: 00000907 ms
Total Distance 8: 0 0 0 0 0 0 0 0 0 0 0 0 0 0 0 5 0 0 0 0 0 0 0 0 3 0 0 0 0 0 0 0
Last Time Cost: 00000000 ms
Total Time Cost: 00000907 ms
Total Distance 7: 0 0 0 0 0 0 0 0 0 0 0 0 0 0 0 5 0 0 0 0 0 0 0 0 2 0 0 0 0 0 0 0
Last Time Cost: 00000000 ms
Total Time Cost: 00000907 ms
Total Distance 6: 0 0 0 0 0 0 0 0 0 0 0 0 0 0 0 5 0 0 0 0 0 0 0 0 1 0 0 0 0 0 0 0
Last Time Cost: 00000000 ms
Total Time Cost: 00000907 ms
Total Distance 5: 0 0 0 0 0 0 0 0 0 0 0 0 0 0 0 5 0 0 0 0 0 0 0 0 0 0 0 0 0 0 0 0
Last Time Cost: 00000006 ms
Total Time Cost: 00000913 ms
Total Distance 4: 0 0 0 0 0 0 0 0 0 0 0 0 0 0 0 4 0 0 0 0 0 0 0 0 0 0 0 0 0 0 0 0
Last Time Cost: 00000000 ms
Total Time Cost: 00000913 ms
Total Distance 3: 0 0 0 0 0 0 0 0 0 0 0 0 0 0 0 3 0 0 0 0 0 0 0 0 0 0 0 0 0 0 0 0
Last Time Cost: 00000000 ms
Total Time Cost: 00000913 ms
Total Distance 2: 0 0 0 0 0 0 0 0 0 0 0 0 0 0 0 2 0 0 0 0 0 0 0 0 0 0 0 0 0 0 0 0
Last Time Cost: 00000000 ms
Total Time Cost: 00000913 ms
Total Distance 1: 0 0 0 0 0 0 0 0 0 0 0 0 0 0 0 1 0 0 0 0 0 0 0 0 0 0 0 0 0 0 0 0
Last Time Cost: 00000000 ms
Total Time Cost: 00000913 ms
Total Distance 0: 0 0 0 0 0 0 0 0 0 0 0 0 0 0 0 0 0 0 0 0 0 0 0 0 0 0 0 0 0 0 0 0
