Last Time Cost: 00000000 ms
Total Time Cost: 00000000 ms
Total Distance 448: 8 8 8 8 8 8 8 8 8 8 8 8 8 8 8 8 6 6 6 6 6 6 6 6 6 6 6 6 6 6 6 6 7 7 7 7 7 7 7 7 7 7 7 7 7 7 7 7 7 7 7 7 7 7 7 7 7 7 7 7 7 7 7 7
Last Time Cost: 00000020 ms
Total Time Cost: 00000020 ms
Total Distance 442: 8 8 8 8 8 8 8 8 8 8 8 7 8 8 7 8 6 6 6 6 6 6 6 6 5 6 6 6 6 6 6 6 7 7 7 7 7 7 7 7 7 7 7 7 7 6 7 7 7 7 7 7 7 7 7 7 7 7 7 6 7 7 7 6
Last Time Cost: 00000002 ms
Total Time Cost: 00000022 ms
Total Distance 438: 8 8 7 8 7 8 8 8 8 8 8 7 8 8 7 8 6 6 6 6 6 6 6 6 4 6 6 6 6 6 6 6 7 7 7 7 7 7 7 7 7 7 7 7 7 6 7 7 7 7 7 7 7 7 7 7 7 7 7 6 7 6 7 6
Last Time Cost: 00000002 ms
Total Time Cost: 00000024 ms
Total Distance 436: 8 8 7 8 7 8 8 8 8 8 8 7 8 8 7 8 6 6 6 6 6 6 6 6 3 6 6 6 6 6 6 6 7 7 7 7 7 7 7 7 7 7 7 7 7 6 7 7 7 7 7 7 7 7 7 7 7 7 7 6 7 6 7 5
Last Time Cost: 00000002 ms
Total Time Cost: 00000026 ms
Total Distance 435: 8 8 7 8 7 8 8 8 8 8 8 7 8 8 7 8 6 6 6 6 6 6 6 6 2 6 6 6 6 6 6 6 7 7 7 7 7 7 7 7 7 7 7 7 7 6 7 7 7 7 7 7 7 7 7 7 7 7 7 6 7 6 7 5
Last Time Cost: 00000002 ms
Total Time Cost: 00000028 ms
Total Distance 434: 8 8 7 8 7 8 8 8 8 8 8 7 8 8 7 8 6 6 6 6 6 6 6 6 1 6 6 6 6 6 6 6 7 7 7 7 7 7 7 7 7 7 7 7 7 6 7 7 7 7 7 7 7 7 7 7 7 7 7 6 7 6 7 5
Last Time Cost: 00000002 ms
Total Time Cost: 00000030 ms
Total Distance 433: 8 8 7 8 7 8 8 8 8 8 8 7 8 8 7 8 6 6 6 6 6 6 6 6 0 6 6 6 6 6 6 6 7 7 7 7 7 7 7 7 7 7 7 7 7 6 7 7 7 7 7 7 7 7 7 7 7 7 7 6 7 6 7 5
Last Time Cost: 00000003 ms
Total Time Cost: 00000033 ms
Total Distance 430: 8 8 7 8 7 8 8 8 8 8 8 7 8 8 7 8 6 6 5 6 6 6 6 6 0 6 6 6 6 6 6 6 7 7 7 7 6 7 7 7 7 7 7 7 7 6 7 7 7 7 7 7 7 7 7 7 7 7 7 6 7 6 7 4
Last Time Cost: 00000002 ms
Total Time Cost: 00000035 ms
Total Distance 427: 8 8 7 8 7 8 8 8 8 8 8 7 8 8 7 8 6 6 5 6 6 6 6 6 0 6 6 6 6 6 6 6 7 6 7 7 6 7 7 7 7 7 7 7 7 6 7 7 7 7 7 7 6 7 7 7 7 7 7 6 7 6 7 3
Last Time Cost: 00000002 ms
Total Time Cost: 00000037 ms
Total Distance 426: 8 8 7 8 7 8 8 8 8 8 8 7 8 8 7 8 6 6 5 6 6 6 6 6 0 6 6 6 6 6 6 6 7 6 7 7 6 7 7 7 7 7 7 7 7 6 7 7 7 7 7 7 6 7 7 7 7 7 7 6 7 6 7 2
Last Time Cost: 00000002 ms
Total Time Cost: 00000039 ms
Total Distance 425: 8 8 7 8 7 8 8 8 8 8 8 7 8 8 7 8 6 6 5 6 6 6 6 6 0 6 6 6 6 6 6 6 7 6 7 7 6 7 7 7 7 7 7 7 7 6 7 7 7 7 7 7 6 7 7 7 7 7 7 6 7 6 7 1
Last Time Cost: 00000002 ms
Total Time Cost: 00000041 ms
Total Distance 424: 8 8 7 8 7 8 8 8 8 8 8 7 8 8 7 8 6 6 5 6 6 6 6 6 0 6 6 6 6 6 6 6 7 6 7 7 6 7 7 7 7 7 7 7 7 6 7 7 7 7 7 7 6 7 7 7 7 7 7 6 7 6 7 0
Last Time Cost: 00000003 ms
Total Time Cost: 00000044 ms
Total Distance 421: 8 8 7 8 7 8 8 8 8 8 8 7 8 8 7 8 6 6 4 6 6 6 6 6 0 6 6 6 6 6 5 6 7 6 7 7 6 7 7 7 7 7 7 7 7 6 7 7 7 7 7 7 6 7 7 6 7 7 7 6 7 6 7 0
Last Time Cost: 00000003 ms
Total Time Cost: 00000047 ms
Total Distance 419: 8 8 7 8 7 8 8 8 8 8 8 7 8 8 7 8 6 6 3 6 6 6 6 6 0 6 6 6 6 6 5 6 7 6 7 7 6 7 7 7 7 7 7 7 7 6 7 7 7 7 7 7 6 7 7 5 7 7 7 6 7 6 7 0
Last Time Cost: 00000002 ms
Total Time Cost: 00000049 ms
Total Distance 417: 8 8 7 8 7 8 8 8 8 8 7 7 8 8 7 8 6 6 2 6 6 6 6 6 0 6 6 6 6 6 5 6 7 6 7 7 6 7 7 7 7 7 7 7 7 6 7 7 7 7 7 7 6 7 7 5 7 7 7 6 7 6 7 0
Last Time Cost: 00000002 ms
Total Time Cost: 00000051 ms
Total Distance 416: 8 8 7 8 7 8 8 8 8 8 7 7 8 8 7 8 6 6 1 6 6 6 6 6 0 6 6 6 6 6 5 6 7 6 7 7 6 7 7 7 7 7 7 7 7 6 7 7 7 7 7 7 6 7 7 5 7 7 7 6 7 6 7 0
Last Time Cost: 00000002 ms
Total Time Cost: 00000053 ms
Total Distance 415: 8 8 7 8 7 8 8 8 8 8 7 7 8 8 7 8 6 6 0 6 6 6 6 6 0 6 6 6 6 6 5 6 7 6 7 7 6 7 7 7 7 7 7 7 7 6 7 7 7 7 7 7 6 7 7 5 7 7 7 6 7 6 7 0
Last Time Cost: 00000004 ms
Total Time Cost: 00000057 ms
Total Distance 412: 8 8 6 8 7 8 8 8 8 8 7 7 8 8 7 8 6 6 0 6 6 6 6 6 0 6 6 6 6 6 5 6 7 6 7 7 6 7 7 7 7 7 7 7 7 6 7 7 7 7 7 7 6 6 7 4 7 7 7 6 7 6 7 0
Last Time Cost: 00000003 ms
Total Time Cost: 00000060 ms
Total Distance 409: 8 8 6 7 7 8 8 8 8 8 7 7 8 8 6 8 6 6 0 6 6 6 6 6 0 6 6 6 6 6 5 6 7 6 7 7 6 7 7 7 7 7 7 7 7 6 7 7 7 7 7 7 6 6 7 3 7 7 7 6 7 6 7 0
Last Time Cost: 00000003 ms
Total Time Cost: 00000063 ms
Total Distance 407: 8 8 6 6 7 8 8 8 8 8 7 7 8 8 6 8 6 6 0 6 6 6 6 6 0 6 6 6 6 6 5 6 7 6 7 7 6 7 7 7 7 7 7 7 7 6 7 7 7 7 7 7 6 6 7 2 7 7 7 6 7 6 7 0
Last Time Cost: 00000002 ms
Total Time Cost: 00000065 ms
Total Distance 406: 8 8 6 6 7 8 8 8 8 8 7 7 8 8 6 8 6 6 0 6 6 6 6 6 0 6 6 6 6 6 5 6 7 6 7 7 6 7 7 7 7 7 7 7 7 6 7 7 7 7 7 7 6 6 7 1 7 7 7 6 7 6 7 0
Last Time Cost: 00000002 ms
Total Time Cost: 00000067 ms
Total Distance 405: 8 8 6 6 7 8 8 8 8 8 7 7 8 8 6 8 6 6 0 6 6 6 6 6 0 6 6 6 6 6 5 6 7 6 7 7 6 7 7 7 7 7 7 7 7 6 7 7 7 7 7 7 6 6 7 0 7 7 7 6 7 6 7 0
Last Time Cost: 00000004 ms
Total Time Cost: 00000071 ms
Total Distance 403: 8 8 6 6 7 8 8 8 8 8 7 7 8 8 6 8 6 6 0 6 6 6 6 6 0 6 6 6 6 6 4 6 7 6 7 7 6 7 7 7 7 7 7 7 7 6 7 7 7 7 7 7 6 6 7 0 7 7 7 6 7 6 6 0
Last Time Cost: 00000003 ms
Total Time Cost: 00000074 ms
Total Distance 401: 8 8 6 6 7 8 8 8 8 8 7 7 8 8 6 8 6 6 0 6 6 6 6 6 0 6 6 6 6 6 3 6 7 6 7 7 6 7 7 7 7 7 7 7 7 6 7 7 7 7 7 6 6 6 7 0 7 7 7 6 7 6 6 0
Last Time Cost: 00000003 ms
Total Time Cost: 00000077 ms
Total Distance 400: 8 8 6 6 7 8 8 8 8 8 7 7 8 8 6 8 6 6 0 6 6 6 6 6 0 6 6 6 6 6 2 6 7 6 7 7 6 7 7 7 7 7 7 7 7 6 7 7 7 7 7 6 6 6 7 0 7 7 7 6 7 6 6 0
Last Time Cost: 00000004 ms
Total Time Cost: 00000081 ms
Total Distance 399: 8 8 6 6 7 8 8 8 8 8 7 7 8 8 6 8 6 6 0 6 6 6 6 6 0 6 6 6 6 6 1 6 7 6 7 7 6 7 7 7 7 7 7 7 7 6 7 7 7 7 7 6 6 6 7 0 7 7 7 6 7 6 6 0
Last Time Cost: 00000004 ms
Total Time Cost: 00000085 ms
Total Distance 398: 8 8 6 6 7 8 8 8 8 8 7 7 8 8 6 8 6 6 0 6 6 6 6 6 0 6 6 6 6 6 0 6 7 6 7 7 6 7 7 7 7 7 7 7 7 6 7 7 7 7 7 6 6 6 7 0 7 7 7 6 7 6 6 0
Last Time Cost: 00000055 ms
Total Time Cost: 00000140 ms
Total Distance 393: 8 7 5 6 7 8 8 8 8 8 7 7 8 8 6 8 6 6 0 6 6 6 6 6 0 6 6 6 6 6 0 6 7 6 7 7 6 6 7 7 7 6 6 7 7 6 7 7 7 7 7 6 6 6 7 0 7 7 7 6 7 6 6 0
Last Time Cost: 00000004 ms
Total Time Cost: 00000144 ms
Total Distance 391: 8 7 4 6 7 8 8 8 8 8 7 7 8 8 6 8 6 6 0 6 6 6 6 6 0 6 6 6 6 6 0 6 7 6 7 7 6 6 7 7 7 6 6 7 7 6 7 7 7 7 7 6 6 5 7 0 7 7 7 6 7 6 6 0
Last Time Cost: 00000003 ms
Total Time Cost: 00000147 ms
Total Distance 389: 8 6 3 6 7 8 8 8 8 8 7 7 8 8 6 8 6 6 0 6 6 6 6 6 0 6 6 6 6 6 0 6 7 6 7 7 6 6 7 7 7 6 6 7 7 6 7 7 7 7 7 6 6 5 7 0 7 7 7 6 7 6 6 0
Last Time Cost: 00000003 ms
Total Time Cost: 00000150 ms
Total Distance 388: 8 6 2 6 7 8 8 8 8 8 7 7 8 8 6 8 6 6 0 6 6 6 6 6 0 6 6 6 6 6 0 6 7 6 7 7 6 6 7 7 7 6 6 7 7 6 7 7 7 7 7 6 6 5 7 0 7 7 7 6 7 6 6 0
Last Time Cost: 00000003 ms
Total Time Cost: 00000153 ms
Total Distance 387: 8 6 1 6 7 8 8 8 8 8 7 7 8 8 6 8 6 6 0 6 6 6 6 6 0 6 6 6 6 6 0 6 7 6 7 7 6 6 7 7 7 6 6 7 7 6 7 7 7 7 7 6 6 5 7 0 7 7 7 6 7 6 6 0
Last Time Cost: 00000002 ms
Total Time Cost: 00000155 ms
Total Distance 386: 8 6 0 6 7 8 8 8 8 8 7 7 8 8 6 8 6 6 0 6 6 6 6 6 0 6 6 6 6 6 0 6 7 6 7 7 6 6 7 7 7 6 6 7 7 6 7 7 7 7 7 6 6 5 7 0 7 7 7 6 7 6 6 0
Last Time Cost: 00000004 ms
Total Time Cost: 00000159 ms
Total Distance 384: 8 6 0 6 7 8 8 8 8 8 7 7 8 8 6 8 6 6 0 6 6 6 6 6 0 6 6 6 6 6 0 6 7 5 7 7 6 6 7 7 7 6 6 7 7 6 7 7 7 7 7 6 6 4 7 0 7 7 7 6 7 6 6 0
Last Time Cost: 00000004 ms
Total Time Cost: 00000163 ms
Total Distance 382: 8 6 0 6 7 8 8 8 8 8 7 7 8 8 6 8 6 6 0 6 6 6 6 6 0 6 6 6 6 6 0 6 7 5 7 7 6 5 7 7 7 6 6 7 7 6 7 7 7 7 7 6 6 3 7 0 7 7 7 6 7 6 6 0
Last Time Cost: 00000003 ms
Total Time Cost: 00000166 ms
Total Distance 381: 8 6 0 6 7 8 8 8 8 8 7 7 8 8 6 8 6 6 0 6 6 6 6 6 0 6 6 6 6 6 0 6 7 5 7 7 6 5 7 7 7 6 6 7 7 6 7 7 7 7 7 6 6 2 7 0 7 7 7 6 7 6 6 0
Last Time Cost: 00000003 ms
Total Time Cost: 00000169 ms
Total Distance 380: 8 6 0 6 7 8 8 8 8 8 7 7 8 8 6 8 6 6 0 6 6 6 6 6 0 6 6 6 6 6 0 6 7 5 7 7 6 5 7 7 7 6 6 7 7 6 7 7 7 7 7 6 6 1 7 0 7 7 7 6 7 6 6 0
Last Time Cost: 00000003 ms
Total Time Cost: 00000172 ms
Total Distance 379: 8 6 0 6 7 8 8 8 8 8 7 7 8 8 6 8 6 6 0 6 6 6 6 6 0 6 6 6 6 6 0 6 7 5 7 7 6 5 7 7 7 6 6 7 7 6 7 7 7 7 7 6 6 0 7 0 7 7 7 6 7 6 6 0
Last Time Cost: 00000007 ms
Total Time Cost: 00000179 ms
Total Distance 376: 8 6 0 6 6 8 8 8 8 8 7 7 8 8 6 8 6 6 0 6 6 6 6 6 0 6 6 6 6 6 0 6 7 4 7 7 6 5 7 7 7 6 6 7 7 6 7 7 7 7 7 6 6 0 7 0 7 7 7 6 7 6 5 0
Last Time Cost: 00000004 ms
Total Time Cost: 00000183 ms
Total Distance 375: 8 6 0 6 6 8 8 8 8 8 7 7 8 8 6 8 6 6 0 6 6 6 6 6 0 6 6 6 6 6 0 6 7 3 7 7 6 5 7 7 7 6 6 7 7 6 7 7 7 7 7 6 6 0 7 0 7 7 7 6 7 6 5 0
Last Time Cost: 00000004 ms
Total Time Cost: 00000187 ms
Total Distance 374: 8 6 0 6 6 8 8 8 8 8 7 7 8 8 6 8 6 6 0 6 6 6 6 6 0 6 6 6 6 6 0 6 7 2 7 7 6 5 7 7 7 6 6 7 7 6 7 7 7 7 7 6 6 0 7 0 7 7 7 6 7 6 5 0
Last Time Cost: 00000004 ms
Total Time Cost: 00000191 ms
Total Distance 373: 8 6 0 6 6 8 8 8 8 8 7 7 8 8 6 8 6 6 0 6 6 6 6 6 0 6 6 6 6 6 0 6 7 1 7 7 6 5 7 7 7 6 6 7 7 6 7 7 7 7 7 6 6 0 7 0 7 7 7 6 7 6 5 0
Last Time Cost: 00000003 ms
Total Time Cost: 00000194 ms
Total Distance 372: 8 6 0 6 6 8 8 8 8 8 7 7 8 8 6 8 6 6 0 6 6 6 6 6 0 6 6 6 6 6 0 6 7 0 7 7 6 5 7 7 7 6 6 7 7 6 7 7 7 7 7 6 6 0 7 0 7 7 7 6 7 6 5 0
Last Time Cost: 00000008 ms
Total Time Cost: 00000202 ms
Total Distance 368: 8 6 0 6 6 8 8 8 8 7 7 7 8 8 6 8 6 6 0 6 6 6 5 6 0 6 6 5 6 6 0 6 7 0 7 7 6 5 7 7 7 6 6 7 7 6 7 7 7 7 7 6 6 0 7 0 7 7 7 6 7 6 4 0
Last Time Cost: 00000005 ms
Total Time Cost: 00000207 ms
Total Distance 366: 8 6 0 6 6 8 8 8 8 7 7 7 8 8 6 8 6 6 0 6 6 6 4 6 0 6 6 5 6 6 0 6 7 0 7 7 6 5 7 7 7 6 6 7 7 6 7 7 7 7 7 6 6 0 7 0 7 7 7 6 7 6 3 0
Last Time Cost: 00000005 ms
Total Time Cost: 00000212 ms
Total Distance 365: 8 6 0 6 6 8 8 8 8 7 7 7 8 8 6 8 6 6 0 6 6 6 4 6 0 6 6 5 6 6 0 6 7 0 7 7 6 5 7 7 7 6 6 7 7 6 7 7 7 7 7 6 6 0 7 0 7 7 7 6 7 6 2 0
Last Time Cost: 00000005 ms
Total Time Cost: 00000217 ms
Total Distance 364: 8 6 0 6 6 8 8 8 8 7 7 7 8 8 6 8 6 6 0 6 6 6 4 6 0 6 6 5 6 6 0 6 7 0 7 7 6 5 7 7 7 6 6 7 7 6 7 7 7 7 7 6 6 0 7 0 7 7 7 6 7 6 1 0
Last Time Cost: 00000004 ms
Total Time Cost: 00000221 ms
Total Distance 363: 8 6 0 6 6 8 8 8 8 7 7 7 8 8 6 8 6 6 0 6 6 6 4 6 0 6 6 5 6 6 0 6 7 0 7 7 6 5 7 7 7 6 6 7 7 6 7 7 7 7 7 6 6 0 7 0 7 7 7 6 7 6 0 0
Last Time Cost: 00000007 ms
Total Time Cost: 00000228 ms
Total Distance 361: 8 6 0 6 6 8 8 8 8 7 7 7 8 8 6 8 6 6 0 6 6 6 3 6 0 6 6 5 6 6 0 6 7 0 7 7 6 5 7 7 7 6 6 6 7 6 7 7 7 7 7 6 6 0 7 0 7 7 7 6 7 6 0 0
Last Time Cost: 00000005 ms
Total Time Cost: 00000233 ms
Total Distance 360: 8 6 0 6 6 8 8 8 8 7 7 7 8 8 6 8 6 6 0 6 6 6 2 6 0 6 6 5 6 6 0 6 7 0 7 7 6 5 7 7 7 6 6 6 7 6 7 7 7 7 7 6 6 0 7 0 7 7 7 6 7 6 0 0
Last Time Cost: 00000005 ms
Total Time Cost: 00000238 ms
Total Distance 359: 8 6 0 6 6 8 8 8 8 7 7 7 8 8 6 8 6 6 0 6 6 6 1 6 0 6 6 5 6 6 0 6 7 0 7 7 6 5 7 7 7 6 6 6 7 6 7 7 7 7 7 6 6 0 7 0 7 7 7 6 7 6 0 0
Last Time Cost: 00000004 ms
Total Time Cost: 00000242 ms
Total Distance 358: 8 6 0 6 6 8 8 8 8 7 7 7 8 8 6 8 6 6 0 6 6 6 0 6 0 6 6 5 6 6 0 6 7 0 7 7 6 5 7 7 7 6 6 6 7 6 7 7 7 7 7 6 6 0 7 0 7 7 7 6 7 6 0 0
Last Time Cost: 00000013 ms
Total Time Cost: 00000255 ms
Total Distance 355: 8 6 0 5 6 8 8 8 8 7 7 7 8 8 6 8 6 6 0 6 6 6 0 6 0 6 5 4 6 6 0 6 7 0 7 7 6 5 7 7 7 6 6 6 7 6 7 7 7 7 7 6 6 0 7 0 7 7 7 6 7 6 0 0
Last Time Cost: 00000007 ms
Total Time Cost: 00000262 ms
Total Distance 353: 8 6 0 5 6 8 8 8 7 7 7 7 8 8 6 8 6 6 0 6 6 6 0 6 0 6 5 3 6 6 0 6 7 0 7 7 6 5 7 7 7 6 6 6 7 6 7 7 7 7 7 6 6 0 7 0 7 7 7 6 7 6 0 0
Last Time Cost: 00000006 ms
Total Time Cost: 00000268 ms
Total Distance 352: 8 6 0 5 6 8 8 8 7 7 7 7 8 8 6 8 6 6 0 6 6 6 0 6 0 6 5 2 6 6 0 6 7 0 7 7 6 5 7 7 7 6 6 6 7 6 7 7 7 7 7 6 6 0 7 0 7 7 7 6 7 6 0 0
Last Time Cost: 00000006 ms
Total Time Cost: 00000274 ms
Total Distance 351: 8 6 0 5 6 8 8 8 7 7 7 7 8 8 6 8 6 6 0 6 6 6 0 6 0 6 5 1 6 6 0 6 7 0 7 7 6 5 7 7 7 6 6 6 7 6 7 7 7 7 7 6 6 0 7 0 7 7 7 6 7 6 0 0
Last Time Cost: 00000005 ms
Total Time Cost: 00000279 ms
Total Distance 350: 8 6 0 5 6 8 8 8 7 7 7 7 8 8 6 8 6 6 0 6 6 6 0 6 0 6 5 0 6 6 0 6 7 0 7 7 6 5 7 7 7 6 6 6 7 6 7 7 7 7 7 6 6 0 7 0 7 7 7 6 7 6 0 0
Last Time Cost: 00000018 ms
Total Time Cost: 00000297 ms
Total Distance 347: 8 6 0 5 6 8 8 7 7 6 7 7 8 8 6 8 6 6 0 6 6 6 0 6 0 6 5 0 6 6 0 6 7 0 7 7 6 4 7 7 7 6 6 6 7 6 7 7 7 7 7 6 6 0 7 0 7 7 7 6 7 6 0 0
Last Time Cost: 00000008 ms
Total Time Cost: 00000305 ms
Total Distance 345: 8 6 0 5 6 8 8 7 7 6 7 7 8 8 6 8 6 6 0 6 6 6 0 6 0 6 5 0 6 6 0 6 7 0 7 7 6 3 7 7 7 6 6 6 7 6 7 7 7 7 7 6 6 0 7 0 7 7 6 6 7 6 0 0
Last Time Cost: 00000007 ms
Total Time Cost: 00000312 ms
Total Distance 344: 8 6 0 5 6 8 8 7 7 6 7 7 8 8 6 8 6 6 0 6 6 6 0 6 0 6 5 0 6 6 0 6 7 0 7 7 6 2 7 7 7 6 6 6 7 6 7 7 7 7 7 6 6 0 7 0 7 7 6 6 7 6 0 0
Last Time Cost: 00000007 ms
Total Time Cost: 00000319 ms
Total Distance 343: 8 6 0 5 6 8 8 7 7 6 7 7 8 8 6 8 6 6 0 6 6 6 0 6 0 6 5 0 6 6 0 6 7 0 7 7 6 1 7 7 7 6 6 6 7 6 7 7 7 7 7 6 6 0 7 0 7 7 6 6 7 6 0 0
Last Time Cost: 00000005 ms
Total Time Cost: 00000324 ms
Total Distance 342: 8 6 0 5 6 8 8 7 7 6 7 7 8 8 6 8 6 6 0 6 6 6 0 6 0 6 5 0 6 6 0 6 7 0 7 7 6 0 7 7 7 6 6 6 7 6 7 7 7 7 7 6 6 0 7 0 7 7 6 6 7 6 0 0
Last Time Cost: 00000013 ms
Total Time Cost: 00000337 ms
Total Distance 340: 8 6 0 5 6 8 8 7 7 6 7 7 8 8 6 8 6 6 0 6 6 6 0 6 0 6 4 0 6 6 0 6 7 0 7 7 6 0 7 7 7 6 6 6 7 6 7 7 7 7 7 6 6 0 7 0 7 7 6 5 7 6 0 0
Last Time Cost: 00000009 ms
Total Time Cost: 00000346 ms
Total Distance 338: 8 6 0 5 6 8 8 7 7 6 7 7 8 8 6 8 6 6 0 6 6 6 0 6 0 6 3 0 6 6 0 6 7 0 7 7 6 0 7 7 7 6 6 6 7 6 7 7 7 7 6 6 6 0 7 0 7 7 6 5 7 6 0 0
Last Time Cost: 00000008 ms
Total Time Cost: 00000354 ms
Total Distance 337: 8 6 0 5 6 8 8 7 7 6 7 7 8 8 6 8 6 6 0 6 6 6 0 6 0 6 2 0 6 6 0 6 7 0 7 7 6 0 7 7 7 6 6 6 7 6 7 7 7 7 6 6 6 0 7 0 7 7 6 5 7 6 0 0
Last Time Cost: 00000008 ms
Total Time Cost: 00000362 ms
Total Distance 336: 8 6 0 5 6 8 8 7 7 6 7 7 8 8 6 8 6 6 0 6 6 6 0 6 0 6 1 0 6 6 0 6 7 0 7 7 6 0 7 7 7 6 6 6 7 6 7 7 7 7 6 6 6 0 7 0 7 7 6 5 7 6 0 0
Last Time Cost: 00000006 ms
Total Time Cost: 00000368 ms
Total Distance 335: 8 6 0 5 6 8 8 7 7 6 7 7 8 8 6 8 6 6 0 6 6 6 0 6 0 6 0 0 6 6 0 6 7 0 7 7 6 0 7 7 7 6 6 6 7 6 7 7 7 7 6 6 6 0 7 0 7 7 6 5 7 6 0 0
Last Time Cost: 00000015 ms
Total Time Cost: 00000383 ms
Total Distance 333: 8 6 0 5 6 8 8 7 7 6 7 7 8 8 5 8 6 6 0 6 6 6 0 6 0 6 0 0 6 6 0 6 7 0 7 7 6 0 7 7 7 6 6 6 7 6 7 7 7 7 6 6 6 0 7 0 7 7 6 4 7 6 0 0
Last Time Cost: 00000010 ms
Total Time Cost: 00000393 ms
Total Distance 331: 8 6 0 5 6 8 8 7 7 6 7 7 8 8 5 8 6 6 0 6 6 6 0 6 0 6 0 0 5 6 0 6 7 0 7 7 6 0 7 7 7 6 6 6 7 6 7 7 7 7 6 6 6 0 7 0 7 7 6 3 7 6 0 0
Last Time Cost: 00000010 ms
Total Time Cost: 00000403 ms
Total Distance 330: 8 6 0 5 6 8 8 7 7 6 7 7 8 8 5 8 6 6 0 6 6 6 0 6 0 6 0 0 5 6 0 6 7 0 7 7 6 0 7 7 7 6 6 6 7 6 7 7 7 7 6 6 6 0 7 0 7 7 6 2 7 6 0 0
Last Time Cost: 00000010 ms
Total Time Cost: 00000413 ms
Total Distance 329: 8 6 0 5 6 8 8 7 7 6 7 7 8 8 5 8 6 6 0 6 6 6 0 6 0 6 0 0 5 6 0 6 7 0 7 7 6 0 7 7 7 6 6 6 7 6 7 7 7 7 6 6 6 0 7 0 7 7 6 1 7 6 0 0
Last Time Cost: 00000007 ms
Total Time Cost: 00000420 ms
Total Distance 328: 8 6 0 5 6 8 8 7 7 6 7 7 8 8 5 8 6 6 0 6 6 6 0 6 0 6 0 0 5 6 0 6 7 0 7 7 6 0 7 7 7 6 6 6 7 6 7 7 7 7 6 6 6 0 7 0 7 7 6 0 7 6 0 0
Last Time Cost: 00000022 ms
Total Time Cost: 00000442 ms
Total Distance 325: 8 6 0 5 6 8 8 7 7 6 7 7 8 8 4 8 6 6 0 6 6 6 0 6 0 6 0 0 4 6 0 6 7 0 7 7 6 0 7 7 7 6 6 6 7 6 7 7 7 7 6 6 6 0 7 0 7 7 6 0 7 5 0 0
Last Time Cost: 00000014 ms
Total Time Cost: 00000456 ms
Total Distance 323: 8 6 0 5 6 8 8 7 7 6 7 7 8 8 4 8 6 6 0 6 6 6 0 6 0 6 0 0 3 6 0 6 7 0 7 7 6 0 7 7 7 6 6 6 7 6 7 7 7 7 5 6 6 0 7 0 7 7 6 0 7 5 0 0
Last Time Cost: 00000011 ms
Total Time Cost: 00000467 ms
Total Distance 321: 8 6 0 5 6 8 8 7 7 6 7 7 8 8 4 8 6 6 0 6 6 6 0 6 0 6 0 0 2 6 0 6 7 0 7 7 6 0 7 7 7 6 6 6 7 6 7 7 7 7 4 6 6 0 7 0 7 7 6 0 7 5 0 0
Last Time Cost: 00000011 ms
Total Time Cost: 00000478 ms
Total Distance 320: 8 6 0 5 6 8 8 7 7 6 7 7 8 8 4 8 6 6 0 6 6 6 0 6 0 6 0 0 1 6 0 6 7 0 7 7 6 0 7 7 7 6 6 6 7 6 7 7 7 7 4 6 6 0 7 0 7 7 6 0 7 5 0 0
Last Time Cost: 00000009 ms
Total Time Cost: 00000487 ms
Total Distance 319: 8 6 0 5 6 8 8 7 7 6 7 7 8 8 4 8 6 6 0 6 6 6 0 6 0 6 0 0 0 6 0 6 7 0 7 7 6 0 7 7 7 6 6 6 7 6 7 7 7 7 4 6 6 0 7 0 7 7 6 0 7 5 0 0
Last Time Cost: 00000017 ms
Total Time Cost: 00000504 ms
Total Distance 316: 8 6 0 5 6 8 8 7 7 6 7 7 8 8 4 8 6 6 0 6 6 6 0 6 0 6 0 0 0 6 0 6 7 0 6 7 6 0 7 7 7 6 6 6 7 6 7 7 7 6 3 6 6 0 7 0 7 7 6 0 7 5 0 0
Last Time Cost: 00000012 ms
Total Time Cost: 00000516 ms
Total Distance 315: 8 6 0 5 6 8 8 7 7 6 7 7 8 8 4 8 6 6 0 6 6 6 0 6 0 6 0 0 0 6 0 6 7 0 6 7 6 0 7 7 7 6 6 6 7 6 7 7 7 6 2 6 6 0 7 0 7 7 6 0 7 5 0 0
Last Time Cost: 00000012 ms
Total Time Cost: 00000528 ms
Total Distance 314: 8 6 0 5 6 8 8 7 7 6 7 7 8 8 4 8 6 6 0 6 6 6 0 6 0 6 0 0 0 6 0 6 7 0 6 7 6 0 7 7 7 6 6 6 7 6 7 7 7 6 1 6 6 0 7 0 7 7 6 0 7 5 0 0
Last Time Cost: 00000010 ms
Total Time Cost: 00000538 ms
Total Distance 313: 8 6 0 5 6 8 8 7 7 6 7 7 8 8 4 8 6 6 0 6 6 6 0 6 0 6 0 0 0 6 0 6 7 0 6 7 6 0 7 7 7 6 6 6 7 6 7 7 7 6 0 6 6 0 7 0 7 7 6 0 7 5 0 0
Last Time Cost: 00000015 ms
Total Time Cost: 00000553 ms
Total Distance 312: 8 6 0 5 6 8 8 7 7 6 7 7 8 8 3 8 6 6 0 6 6 6 0 6 0 6 0 0 0 6 0 6 7 0 6 7 6 0 7 7 7 6 6 6 7 6 7 7 7 6 0 6 6 0 7 0 7 7 6 0 7 5 0 0
Last Time Cost: 00000013 ms
Total Time Cost: 00000566 ms
Total Distance 311: 8 6 0 5 6 8 8 7 7 6 7 7 8 8 2 8 6 6 0 6 6 6 0 6 0 6 0 0 0 6 0 6 7 0 6 7 6 0 7 7 7 6 6 6 7 6 7 7 7 6 0 6 6 0 7 0 7 7 6 0 7 5 0 0
Last Time Cost: 00000013 ms
Total Time Cost: 00000579 ms
Total Distance 310: 8 6 0 5 6 8 8 7 7 6 7 7 8 8 1 8 6 6 0 6 6 6 0 6 0 6 0 0 0 6 0 6 7 0 6 7 6 0 7 7 7 6 6 6 7 6 7 7 7 6 0 6 6 0 7 0 7 7 6 0 7 5 0 0
Last Time Cost: 00000010 ms
Total Time Cost: 00000589 ms
Total Distance 309: 8 6 0 5 6 8 8 7 7 6 7 7 8 8 0 8 6 6 0 6 6 6 0 6 0 6 0 0 0 6 0 6 7 0 6 7 6 0 7 7 7 6 6 6 7 6 7 7 7 6 0 6 6 0 7 0 7 7 6 0 7 5 0 0
Last Time Cost: 00000029 ms
Total Time Cost: 00000618 ms
Total Distance 305: 8 6 0 5 6 8 8 7 7 6 7 6 8 8 0 8 6 6 0 6 6 6 0 6 0 6 0 0 0 6 0 6 7 0 5 7 6 0 7 7 7 6 6 6 7 6 7 7 6 6 0 6 6 0 7 0 7 7 6 0 7 4 0 0
Last Time Cost: 00000016 ms
Total Time Cost: 00000634 ms
Total Distance 304: 8 6 0 5 6 8 8 7 7 6 7 6 8 8 0 8 6 6 0 6 6 6 0 6 0 6 0 0 0 6 0 6 7 0 5 7 6 0 7 7 7 6 6 6 7 6 7 7 6 6 0 6 6 0 7 0 7 7 6 0 7 3 0 0
Last Time Cost: 00000015 ms
Total Time Cost: 00000649 ms
Total Distance 303: 8 6 0 5 6 8 8 7 7 6 7 6 8 8 0 8 6 6 0 6 6 6 0 6 0 6 0 0 0 6 0 6 7 0 5 7 6 0 7 7 7 6 6 6 7 6 7 7 6 6 0 6 6 0 7 0 7 7 6 0 7 2 0 0
Last Time Cost: 00000015 ms
Total Time Cost: 00000664 ms
Total Distance 302: 8 6 0 5 6 8 8 7 7 6 7 6 8 8 0 8 6 6 0 6 6 6 0 6 0 6 0 0 0 6 0 6 7 0 5 7 6 0 7 7 7 6 6 6 7 6 7 7 6 6 0 6 6 0 7 0 7 7 6 0 7 1 0 0
Last Time Cost: 00000012 ms
Total Time Cost: 00000676 ms
Total Distance 301: 8 6 0 5 6 8 8 7 7 6 7 6 8 8 0 8 6 6 0 6 6 6 0 6 0 6 0 0 0 6 0 6 7 0 5 7 6 0 7 7 7 6 6 6 7 6 7 7 6 6 0 6 6 0 7 0 7 7 6 0 7 0 0 0
Last Time Cost: 00000027 ms
Total Time Cost: 00000703 ms
Total Distance 298: 8 6 0 5 6 8 8 7 6 6 7 6 8 8 0 8 6 6 0 5 6 6 0 6 0 6 0 0 0 6 0 6 7 0 4 7 6 0 7 7 7 6 6 6 7 6 7 7 6 6 0 6 6 0 7 0 7 7 6 0 7 0 0 0
Last Time Cost: 00000017 ms
Total Time Cost: 00000720 ms
Total Distance 296: 8 6 0 5 6 8 8 7 6 6 7 6 8 8 0 8 6 6 0 5 6 6 0 6 0 6 0 0 0 6 0 6 7 0 3 7 6 0 7 7 7 6 6 6 7 6 7 7 5 6 0 6 6 0 7 0 7 7 6 0 7 0 0 0
Last Time Cost: 00000017 ms
Total Time Cost: 00000737 ms
Total Distance 294: 8 6 0 5 6 8 8 7 6 6 7 6 8 8 0 8 6 6 0 5 6 6 0 6 0 6 0 0 0 6 0 6 7 0 2 7 6 0 7 7 7 6 6 6 6 6 7 7 5 6 0 6 6 0 7 0 7 7 6 0 7 0 0 0
Last Time Cost: 00000016 ms
Total Time Cost: 00000753 ms
Total Distance 292: 8 6 0 5 6 8 8 7 6 6 7 6 8 8 0 8 6 6 0 5 6 6 0 6 0 6 0 0 0 6 0 6 6 0 1 7 6 0 7 7 7 6 6 6 6 6 7 7 5 6 0 6 6 0 7 0 7 7 6 0 7 0 0 0
Last Time Cost: 00000013 ms
Total Time Cost: 00000766 ms
Total Distance 291: 8 6 0 5 6 8 8 7 6 6 7 6 8 8 0 8 6 6 0 5 6 6 0 6 0 6 0 0 0 6 0 6 6 0 0 7 6 0 7 7 7 6 6 6 6 6 7 7 5 6 0 6 6 0 7 0 7 7 6 0 7 0 0 0
Last Time Cost: 00000035 ms
Total Time Cost: 00000801 ms
Total Distance 288: 8 6 0 5 6 8 7 6 6 6 7 6 8 8 0 8 6 6 0 4 6 6 0 6 0 6 0 0 0 6 0 6 6 0 0 7 6 0 7 7 7 6 6 6 6 6 7 7 5 6 0 6 6 0 7 0 7 7 6 0 7 0 0 0
Last Time Cost: 00000019 ms
Total Time Cost: 00000820 ms
Total Distance 286: 7 6 0 5 6 8 7 6 6 6 7 6 8 8 0 8 6 6 0 3 6 6 0 6 0 6 0 0 0 6 0 6 6 0 0 7 6 0 7 7 7 6 6 6 6 6 7 7 5 6 0 6 6 0 7 0 7 7 6 0 7 0 0 0
Last Time Cost: 00000018 ms
Total Time Cost: 00000838 ms
Total Distance 285: 7 6 0 5 6 8 7 6 6 6 7 6 8 8 0 8 6 6 0 2 6 6 0 6 0 6 0 0 0 6 0 6 6 0 0 7 6 0 7 7 7 6 6 6 6 6 7 7 5 6 0 6 6 0 7 0 7 7 6 0 7 0 0 0
Last Time Cost: 00000018 ms
Total Time Cost: 00000856 ms
Total Distance 284: 7 6 0 5 6 8 7 6 6 6 7 6 8 8 0 8 6 6 0 1 6 6 0 6 0 6 0 0 0 6 0 6 6 0 0 7 6 0 7 7 7 6 6 6 6 6 7 7 5 6 0 6 6 0 7 0 7 7 6 0 7 0 0 0
Last Time Cost: 00000016 ms
Total Time Cost: 00000872 ms
Total Distance 283: 7 6 0 5 6 8 7 6 6 6 7 6 8 8 0 8 6 6 0 0 6 6 0 6 0 6 0 0 0 6 0 6 6 0 0 7 6 0 7 7 7 6 6 6 6 6 7 7 5 6 0 6 6 0 7 0 7 7 6 0 7 0 0 0
Last Time Cost: 00000031 ms
Total Time Cost: 00000903 ms
Total Distance 281: 7 6 0 5 6 8 7 6 6 6 7 6 8 8 0 8 6 6 0 0 6 6 0 6 0 6 0 0 0 6 0 6 6 0 0 7 6 0 7 7 7 6 6 6 6 6 7 7 4 6 0 6 5 0 7 0 7 7 6 0 7 0 0 0
Last Time Cost: 00000021 ms
Total Time Cost: 00000924 ms
Total Distance 279: 7 6 0 5 6 8 7 6 6 6 7 6 8 8 0 8 5 6 0 0 6 6 0 6 0 6 0 0 0 6 0 6 6 0 0 7 6 0 7 7 7 6 6 6 6 6 7 7 3 6 0 6 5 0 7 0 7 7 6 0 7 0 0 0
Last Time Cost: 00000021 ms
Total Time Cost: 00000945 ms
Total Distance 277: 7 6 0 5 6 8 7 6 6 6 7 6 8 7 0 8 5 6 0 0 6 6 0 6 0 6 0 0 0 6 0 6 6 0 0 7 6 0 7 7 7 6 6 6 6 6 7 7 2 6 0 6 5 0 7 0 7 7 6 0 7 0 0 0
Last Time Cost: 00000020 ms
Total Time Cost: 00000965 ms
Total Distance 276: 7 6 0 5 6 8 7 6 6 6 7 6 8 7 0 8 5 6 0 0 6 6 0 6 0 6 0 0 0 6 0 6 6 0 0 7 6 0 7 7 7 6 6 6 6 6 7 7 1 6 0 6 5 0 7 0 7 7 6 0 7 0 0 0
Last Time Cost: 00000018 ms
Total Time Cost: 00000983 ms
Total Distance 275: 7 6 0 5 6 8 7 6 6 6 7 6 8 7 0 8 5 6 0 0 6 6 0 6 0 6 0 0 0 6 0 6 6 0 0 7 6 0 7 7 7 6 6 6 6 6 7 7 0 6 0 6 5 0 7 0 7 7 6 0 7 0 0 0
Last Time Cost: 00000042 ms
Total Time Cost: 00001025 ms
Total Distance 271: 7 6 0 5 6 8 7 6 6 6 7 6 8 7 0 8 5 6 0 0 6 6 0 6 0 6 0 0 0 6 0 6 6 0 0 7 6 0 6 7 7 6 6 6 6 6 7 7 0 6 0 6 4 0 6 0 7 7 6 0 6 0 0 0
Last Time Cost: 00000022 ms
Total Time Cost: 00001047 ms
Total Distance 269: 7 6 0 5 6 8 7 6 6 6 7 6 7 7 0 8 5 6 0 0 6 6 0 6 0 6 0 0 0 6 0 6 6 0 0 7 6 0 6 7 7 6 6 6 6 6 7 7 0 6 0 6 3 0 6 0 7 7 6 0 6 0 0 0
Last Time Cost: 00000022 ms
Total Time Cost: 00001069 ms
Total Distance 268: 7 6 0 5 6 8 7 6 6 6 7 6 7 7 0 8 5 6 0 0 6 6 0 6 0 6 0 0 0 6 0 6 6 0 0 7 6 0 6 7 7 6 6 6 6 6 7 7 0 6 0 6 2 0 6 0 7 7 6 0 6 0 0 0
Last Time Cost: 00000022 ms
Total Time Cost: 00001091 ms
Total Distance 267: 7 6 0 5 6 8 7 6 6 6 7 6 7 7 0 8 5 6 0 0 6 6 0 6 0 6 0 0 0 6 0 6 6 0 0 7 6 0 6 7 7 6 6 6 6 6 7 7 0 6 0 6 1 0 6 0 7 7 6 0 6 0 0 0
Last Time Cost: 00000020 ms
Total Time Cost: 00001111 ms
Total Distance 266: 7 6 0 5 6 8 7 6 6 6 7 6 7 7 0 8 5 6 0 0 6 6 0 6 0 6 0 0 0 6 0 6 6 0 0 7 6 0 6 7 7 6 6 6 6 6 7 7 0 6 0 6 0 0 6 0 7 7 6 0 6 0 0 0
Last Time Cost: 00000038 ms
Total Time Cost: 00001149 ms
Total Distance 264: 7 6 0 5 6 8 7 6 6 6 7 6 7 7 0 8 4 6 0 0 6 6 0 6 0 6 0 0 0 6 0 6 6 0 0 7 6 0 6 7 7 6 6 6 6 6 7 7 0 6 0 6 0 0 6 0 7 7 6 0 5 0 0 0
Last Time Cost: 00000024 ms
Total Time Cost: 00001173 ms
Total Distance 262: 7 6 0 5 6 8 7 6 6 6 7 6 7 7 0 8 3 6 0 0 6 6 0 6 0 6 0 0 0 6 0 6 6 0 0 7 6 0 6 7 6 6 6 6 6 6 7 7 0 6 0 6 0 0 6 0 7 7 6 0 5 0 0 0
Last Time Cost: 00000024 ms
Total Time Cost: 00001197 ms
Total Distance 261: 7 6 0 5 6 8 7 6 6 6 7 6 7 7 0 8 2 6 0 0 6 6 0 6 0 6 0 0 0 6 0 6 6 0 0 7 6 0 6 7 6 6 6 6 6 6 7 7 0 6 0 6 0 0 6 0 7 7 6 0 5 0 0 0
Last Time Cost: 00000024 ms
Total Time Cost: 00001221 ms
Total Distance 260: 7 6 0 5 6 8 7 6 6 6 7 6 7 7 0 8 1 6 0 0 6 6 0 6 0 6 0 0 0 6 0 6 6 0 0 7 6 0 6 7 6 6 6 6 6 6 7 7 0 6 0 6 0 0 6 0 7 7 6 0 5 0 0 0
Last Time Cost: 00000023 ms
Total Time Cost: 00001244 ms
Total Distance 259: 7 6 0 5 6 8 7 6 6 6 7 6 7 7 0 8 0 6 0 0 6 6 0 6 0 6 0 0 0 6 0 6 6 0 0 7 6 0 6 7 6 6 6 6 6 6 7 7 0 6 0 6 0 0 6 0 7 7 6 0 5 0 0 0
Last Time Cost: 00000043 ms
Total Time Cost: 00001287 ms
Total Distance 257: 7 6 0 5 6 8 7 6 6 6 7 6 7 7 0 8 0 6 0 0 6 6 0 6 0 6 0 0 0 6 0 6 6 0 0 7 6 0 6 7 6 6 6 6 6 6 7 7 0 6 0 6 0 0 5 0 7 7 6 0 4 0 0 0
Last Time Cost: 00000029 ms
Total Time Cost: 00001316 ms
Total Distance 255: 7 6 0 5 6 8 7 6 6 6 7 6 7 7 0 8 0 6 0 0 6 6 0 6 0 6 0 0 0 6 0 6 6 0 0 6 6 0 6 7 6 6 6 6 6 6 7 7 0 6 0 6 0 0 5 0 7 7 6 0 3 0 0 0
Last Time Cost: 00000027 ms
Total Time Cost: 00001343 ms
Total Distance 253: 7 6 0 5 6 8 7 6 6 6 7 6 7 7 0 8 0 6 0 0 6 6 0 6 0 6 0 0 0 6 0 6 6 0 0 6 6 0 6 7 6 6 6 6 6 5 7 7 0 6 0 6 0 0 5 0 7 7 6 0 2 0 0 0
Last Time Cost: 00000026 ms
Total Time Cost: 00001369 ms
Total Distance 252: 7 6 0 5 6 8 7 6 6 6 7 6 7 7 0 8 0 6 0 0 6 6 0 6 0 6 0 0 0 6 0 6 6 0 0 6 6 0 6 7 6 6 6 6 6 5 7 7 0 6 0 6 0 0 5 0 7 7 6 0 1 0 0 0
Last Time Cost: 00000026 ms
Total Time Cost: 00001395 ms
Total Distance 251: 7 6 0 5 6 8 7 6 6 6 7 6 7 7 0 8 0 6 0 0 6 6 0 6 0 6 0 0 0 6 0 6 6 0 0 6 6 0 6 7 6 6 6 6 6 5 7 7 0 6 0 6 0 0 5 0 7 7 6 0 0 0 0 0
Last Time Cost: 00000053 ms
Total Time Cost: 00001448 ms
Total Distance 248: 7 6 0 5 6 8 7 6 6 6 7 6 7 7 0 8 0 6 0 0 6 6 0 6 0 6 0 0 0 6 0 6 6 0 0 6 5 0 6 7 6 6 5 6 6 5 7 7 0 6 0 6 0 0 4 0 7 7 6 0 0 0 0 0
Last Time Cost: 00000029 ms
Total Time Cost: 00001477 ms
Total Distance 245: 7 6 0 5 6 8 6 6 6 5 7 6 7 7 0 8 0 6 0 0 6 6 0 6 0 6 0 0 0 6 0 6 6 0 0 6 5 0 6 7 6 6 5 6 6 5 7 7 0 6 0 6 0 0 3 0 7 7 6 0 0 0 0 0
Last Time Cost: 00000029 ms
Total Time Cost: 00001506 ms
Total Distance 244: 7 6 0 5 6 8 6 6 6 5 7 6 7 7 0 8 0 6 0 0 6 6 0 6 0 6 0 0 0 6 0 6 6 0 0 6 5 0 6 7 6 6 5 6 6 5 7 7 0 6 0 6 0 0 2 0 7 7 6 0 0 0 0 0
Last Time Cost: 00000031 ms
Total Time Cost: 00001537 ms
Total Distance 243: 7 6 0 5 6 8 6 6 6 5 7 6 7 7 0 8 0 6 0 0 6 6 0 6 0 6 0 0 0 6 0 6 6 0 0 6 5 0 6 7 6 6 5 6 6 5 7 7 0 6 0 6 0 0 1 0 7 7 6 0 0 0 0 0
Last Time Cost: 00000029 ms
Total Time Cost: 00001566 ms
Total Distance 242: 7 6 0 5 6 8 6 6 6 5 7 6 7 7 0 8 0 6 0 0 6 6 0 6 0 6 0 0 0 6 0 6 6 0 0 6 5 0 6 7 6 6 5 6 6 5 7 7 0 6 0 6 0 0 0 0 7 7 6 0 0 0 0 0
Last Time Cost: 00000080 ms
Total Time Cost: 00001646 ms
Total Distance 240: 7 6 0 5 6 8 6 6 6 5 7 5 7 7 0 8 0 6 0 0 6 6 0 6 0 6 0 0 0 6 0 6 6 0 0 6 5 0 6 7 6 6 5 6 6 4 7 7 0 6 0 6 0 0 0 0 7 7 6 0 0 0 0 0
Last Time Cost: 00000032 ms
Total Time Cost: 00001678 ms
Total Distance 238: 7 6 0 5 6 8 6 6 6 5 7 4 7 7 0 8 0 6 0 0 6 6 0 6 0 6 0 0 0 6 0 6 6 0 0 6 5 0 6 7 6 6 5 6 6 3 7 7 0 6 0 6 0 0 0 0 7 7 6 0 0 0 0 0
Last Time Cost: 00000033 ms
Total Time Cost: 00001711 ms
Total Distance 237: 7 6 0 5 6 8 6 6 6 5 7 4 7 7 0 8 0 6 0 0 6 6 0 6 0 6 0 0 0 6 0 6 6 0 0 6 5 0 6 7 6 6 5 6 6 2 7 7 0 6 0 6 0 0 0 0 7 7 6 0 0 0 0 0
Last Time Cost: 00000034 ms
Total Time Cost: 00001745 ms
Total Distance 236: 7 6 0 5 6 8 6 6 6 5 7 4 7 7 0 8 0 6 0 0 6 6 0 6 0 6 0 0 0 6 0 6 6 0 0 6 5 0 6 7 6 6 5 6 6 1 7 7 0 6 0 6 0 0 0 0 7 7 6 0 0 0 0 0
Last Time Cost: 00000031 ms
Total Time Cost: 00001776 ms
Total Distance 235: 7 6 0 5 6 8 6 6 6 5 7 4 7 7 0 8 0 6 0 0 6 6 0 6 0 6 0 0 0 6 0 6 6 0 0 6 5 0 6 7 6 6 5 6 6 0 7 7 0 6 0 6 0 0 0 0 7 7 6 0 0 0 0 0
Last Time Cost: 00000036 ms
Total Time Cost: 00001812 ms
Total Distance 232: 7 6 0 5 6 8 6 6 6 5 7 3 7 7 0 8 0 5 0 0 5 6 0 6 0 6 0 0 0 6 0 6 6 0 0 6 5 0 6 7 6 6 5 6 6 0 7 7 0 6 0 6 0 0 0 0 7 7 6 0 0 0 0 0
Last Time Cost: 00000036 ms
Total Time Cost: 00001848 ms
Total Distance 231: 7 6 0 5 6 8 6 6 6 5 7 2 7 7 0 8 0 5 0 0 5 6 0 6 0 6 0 0 0 6 0 6 6 0 0 6 5 0 6 7 6 6 5 6 6 0 7 7 0 6 0 6 0 0 0 0 7 7 6 0 0 0 0 0
Last Time Cost: 00000036 ms
Total Time Cost: 00001884 ms
Total Distance 230: 7 6 0 5 6 8 6 6 6 5 7 1 7 7 0 8 0 5 0 0 5 6 0 6 0 6 0 0 0 6 0 6 6 0 0 6 5 0 6 7 6 6 5 6 6 0 7 7 0 6 0 6 0 0 0 0 7 7 6 0 0 0 0 0
Last Time Cost: 00000033 ms
Total Time Cost: 00001917 ms
Total Distance 229: 7 6 0 5 6 8 6 6 6 5 7 0 7 7 0 8 0 5 0 0 5 6 0 6 0 6 0 0 0 6 0 6 6 0 0 6 5 0 6 7 6 6 5 6 6 0 7 7 0 6 0 6 0 0 0 0 7 7 6 0 0 0 0 0
Last Time Cost: 00000104 ms
Total Time Cost: 00002021 ms
Total Distance 227: 7 6 0 5 6 8 6 6 6 5 7 0 7 7 0 8 0 4 0 0 5 6 0 5 0 6 0 0 0 6 0 6 6 0 0 6 5 0 6 7 6 6 5 6 6 0 7 7 0 6 0 6 0 0 0 0 7 7 6 0 0 0 0 0
Last Time Cost: 00000038 ms
Total Time Cost: 00002059 ms
Total Distance 225: 7 6 0 5 6 8 6 6 6 5 7 0 7 7 0 7 0 3 0 0 5 6 0 5 0 6 0 0 0 6 0 6 6 0 0 6 5 0 6 7 6 6 5 6 6 0 7 7 0 6 0 6 0 0 0 0 7 7 6 0 0 0 0 0
Last Time Cost: 00000039 ms
Total Time Cost: 00002098 ms
Total Distance 224: 7 6 0 5 6 8 6 6 6 5 7 0 7 7 0 7 0 2 0 0 5 6 0 5 0 6 0 0 0 6 0 6 6 0 0 6 5 0 6 7 6 6 5 6 6 0 7 7 0 6 0 6 0 0 0 0 7 7 6 0 0 0 0 0
Last Time Cost: 00000038 ms
Total Time Cost: 00002136 ms
Total Distance 223: 7 6 0 5 6 8 6 6 6 5 7 0 7 7 0 7 0 1 0 0 5 6 0 5 0 6 0 0 0 6 0 6 6 0 0 6 5 0 6 7 6 6 5 6 6 0 7 7 0 6 0 6 0 0 0 0 7 7 6 0 0 0 0 0
Last Time Cost: 00000036 ms
Total Time Cost: 00002172 ms
Total Distance 222: 7 6 0 5 6 8 6 6 6 5 7 0 7 7 0 7 0 0 0 0 5 6 0 5 0 6 0 0 0 6 0 6 6 0 0 6 5 0 6 7 6 6 5 6 6 0 7 7 0 6 0 6 0 0 0 0 7 7 6 0 0 0 0 0
Last Time Cost: 00000113 ms
Total Time Cost: 00002285 ms
Total Distance 220: 7 5 0 5 6 8 6 6 6 5 7 0 7 7 0 7 0 0 0 0 5 6 0 4 0 6 0 0 0 6 0 6 6 0 0 6 5 0 6 7 6 6 5 6 6 0 7 7 0 6 0 6 0 0 0 0 7 7 6 0 0 0 0 0
Last Time Cost: 00000041 ms
Total Time Cost: 00002326 ms
Total Distance 219: 7 5 0 5 6 8 6 6 6 5 7 0 7 7 0 7 0 0 0 0 5 6 0 3 0 6 0 0 0 6 0 6 6 0 0 6 5 0 6 7 6 6 5 6 6 0 7 7 0 6 0 6 0 0 0 0 7 7 6 0 0 0 0 0
Last Time Cost: 00000042 ms
Total Time Cost: 00002368 ms
Total Distance 218: 7 5 0 5 6 8 6 6 6 5 7 0 7 7 0 7 0 0 0 0 5 6 0 2 0 6 0 0 0 6 0 6 6 0 0 6 5 0 6 7 6 6 5 6 6 0 7 7 0 6 0 6 0 0 0 0 7 7 6 0 0 0 0 0
Last Time Cost: 00000041 ms
Total Time Cost: 00002409 ms
Total Distance 217: 7 5 0 5 6 8 6 6 6 5 7 0 7 7 0 7 0 0 0 0 5 6 0 1 0 6 0 0 0 6 0 6 6 0 0 6 5 0 6 7 6 6 5 6 6 0 7 7 0 6 0 6 0 0 0 0 7 7 6 0 0 0 0 0
Last Time Cost: 00000038 ms
Total Time Cost: 00002447 ms
Total Distance 216: 7 5 0 5 6 8 6 6 6 5 7 0 7 7 0 7 0 0 0 0 5 6 0 0 0 6 0 0 0 6 0 6 6 0 0 6 5 0 6 7 6 6 5 6 6 0 7 7 0 6 0 6 0 0 0 0 7 7 6 0 0 0 0 0
Last Time Cost: 00000123 ms
Total Time Cost: 00002570 ms
Total Distance 214: 7 5 0 5 6 8 5 6 6 5 7 0 7 7 0 7 0 0 0 0 5 6 0 0 0 6 0 0 0 6 0 6 6 0 0 6 5 0 6 7 6 6 4 6 6 0 7 7 0 6 0 6 0 0 0 0 7 7 6 0 0 0 0 0
Last Time Cost: 00000046 ms
Total Time Cost: 00002616 ms
Total Distance 212: 7 5 0 5 6 8 5 6 6 5 7 0 7 7 0 7 0 0 0 0 5 6 0 0 0 6 0 0 0 6 0 6 6 0 0 6 5 0 6 7 6 5 3 6 6 0 7 7 0 6 0 6 0 0 0 0 7 7 6 0 0 0 0 0
Last Time Cost: 00000042 ms
Total Time Cost: 00002658 ms
Total Distance 211: 7 5 0 5 6 8 5 6 6 5 7 0 7 7 0 7 0 0 0 0 5 6 0 0 0 6 0 0 0 6 0 6 6 0 0 6 5 0 6 7 6 5 2 6 6 0 7 7 0 6 0 6 0 0 0 0 7 7 6 0 0 0 0 0
Last Time Cost: 00000042 ms
Total Time Cost: 00002700 ms
Total Distance 210: 7 5 0 5 6 8 5 6 6 5 7 0 7 7 0 7 0 0 0 0 5 6 0 0 0 6 0 0 0 6 0 6 6 0 0 6 5 0 6 7 6 5 1 6 6 0 7 7 0 6 0 6 0 0 0 0 7 7 6 0 0 0 0 0
Last Time Cost: 00000041 ms
Total Time Cost: 00002741 ms
Total Distance 209: 7 5 0 5 6 8 5 6 6 5 7 0 7 7 0 7 0 0 0 0 5 6 0 0 0 6 0 0 0 6 0 6 6 0 0 6 5 0 6 7 6 5 0 6 6 0 7 7 0 6 0 6 0 0 0 0 7 7 6 0 0 0 0 0
Last Time Cost: 00000154 ms
Total Time Cost: 00002895 ms
Total Distance 206: 7 5 0 5 6 7 5 6 6 5 7 0 7 7 0 7 0 0 0 0 5 6 0 0 0 6 0 0 0 6 0 6 6 0 0 6 5 0 6 7 6 4 0 6 6 0 6 7 0 6 0 6 0 0 0 0 7 7 6 0 0 0 0 0
Last Time Cost: 00000009 ms
Total Time Cost: 00002904 ms
Total Distance 204: 7 5 0 5 6 7 5 6 6 5 7 0 7 7 0 7 0 0 0 0 5 6 0 0 0 6 0 0 0 6 0 6 6 0 0 6 4 0 6 7 6 3 0 6 6 0 6 7 0 6 0 6 0 0 0 0 7 7 6 0 0 0 0 0
Last Time Cost: 00000006 ms
Total Time Cost: 00002910 ms
Total Distance 202: 7 5 0 5 6 7 5 6 6 5 7 0 7 7 0 7 0 0 0 0 5 6 0 0 0 6 0 0 0 6 0 6 6 0 0 6 4 0 6 7 5 2 0 6 6 0 6 7 0 6 0 6 0 0 0 0 7 7 6 0 0 0 0 0
Last Time Cost: 00000003 ms
Total Time Cost: 00002913 ms
Total Distance 201: 7 5 0 5 6 7 5 6 6 5 7 0 7 7 0 7 0 0 0 0 5 6 0 0 0 6 0 0 0 6 0 6 6 0 0 6 4 0 6 7 5 1 0 6 6 0 6 7 0 6 0 6 0 0 0 0 7 7 6 0 0 0 0 0
Last Time Cost: 00000002 ms
Total Time Cost: 00002915 ms
Total Distance 200: 7 5 0 5 6 7 5 6 6 5 7 0 7 7 0 7 0 0 0 0 5 6 0 0 0 6 0 0 0 6 0 6 6 0 0 6 4 0 6 7 5 0 0 6 6 0 6 7 0 6 0 6 0 0 0 0 7 7 6 0 0 0 0 0
Last Time Cost: 00000006 ms
Total Time Cost: 00002921 ms
Total Distance 199: 7 5 0 5 6 7 5 6 6 5 7 0 7 7 0 7 0 0 0 0 5 6 0 0 0 6 0 0 0 6 0 6 6 0 0 6 3 0 6 7 5 0 0 6 6 0 6 7 0 6 0 6 0 0 0 0 7 7 6 0 0 0 0 0
Last Time Cost: 00000004 ms
Total Time Cost: 00002925 ms
Total Distance 198: 7 5 0 5 6 7 5 6 6 5 7 0 7 7 0 7 0 0 0 0 5 6 0 0 0 6 0 0 0 6 0 6 6 0 0 6 2 0 6 7 5 0 0 6 6 0 6 7 0 6 0 6 0 0 0 0 7 7 6 0 0 0 0 0
Last Time Cost: 00000003 ms
Total Time Cost: 00002928 ms
Total Distance 197: 7 5 0 5 6 7 5 6 6 5 7 0 7 7 0 7 0 0 0 0 5 6 0 0 0 6 0 0 0 6 0 6 6 0 0 6 1 0 6 7 5 0 0 6 6 0 6 7 0 6 0 6 0 0 0 0 7 7 6 0 0 0 0 0
Last Time Cost: 00000002 ms
Total Time Cost: 00002930 ms
Total Distance 196: 7 5 0 5 6 7 5 6 6 5 7 0 7 7 0 7 0 0 0 0 5 6 0 0 0 6 0 0 0 6 0 6 6 0 0 6 0 0 6 7 5 0 0 6 6 0 6 7 0 6 0 6 0 0 0 0 7 7 6 0 0 0 0 0
Last Time Cost: 00000098 ms
Total Time Cost: 00003028 ms
Total Distance 194: 7 5 0 5 6 7 5 6 6 5 7 0 7 7 0 7 0 0 0 0 4 5 0 0 0 6 0 0 0 6 0 6 6 0 0 6 0 0 6 7 5 0 0 6 6 0 6 7 0 6 0 6 0 0 0 0 7 7 6 0 0 0 0 0
Last Time Cost: 00000006 ms
Total Time Cost: 00003034 ms
Total Distance 193: 7 5 0 5 6 7 5 6 6 5 7 0 7 7 0 7 0 0 0 0 3 5 0 0 0 6 0 0 0 6 0 6 6 0 0 6 0 0 6 7 5 0 0 6 6 0 6 7 0 6 0 6 0 0 0 0 7 7 6 0 0 0 0 0
Last Time Cost: 00000004 ms
Total Time Cost: 00003038 ms
Total Distance 192: 7 5 0 5 6 7 5 6 6 5 7 0 7 7 0 7 0 0 0 0 2 5 0 0 0 6 0 0 0 6 0 6 6 0 0 6 0 0 6 7 5 0 0 6 6 0 6 7 0 6 0 6 0 0 0 0 7 7 6 0 0 0 0 0
Last Time Cost: 00000003 ms
Total Time Cost: 00003041 ms
Total Distance 191: 7 5 0 5 6 7 5 6 6 5 7 0 7 7 0 7 0 0 0 0 1 5 0 0 0 6 0 0 0 6 0 6 6 0 0 6 0 0 6 7 5 0 0 6 6 0 6 7 0 6 0 6 0 0 0 0 7 7 6 0 0 0 0 0
Last Time Cost: 00000002 ms
Total Time Cost: 00003043 ms
Total Distance 190: 7 5 0 5 6 7 5 6 6 5 7 0 7 7 0 7 0 0 0 0 0 5 0 0 0 6 0 0 0 6 0 6 6 0 0 6 0 0 6 7 5 0 0 6 6 0 6 7 0 6 0 6 0 0 0 0 7 7 6 0 0 0 0 0
Last Time Cost: 00000119 ms
Total Time Cost: 00003162 ms
Total Distance 188: 7 5 0 5 5 7 4 6 6 5 7 0 7 7 0 7 0 0 0 0 0 5 0 0 0 6 0 0 0 6 0 6 6 0 0 6 0 0 6 7 5 0 0 6 6 0 6 7 0 6 0 6 0 0 0 0 7 7 6 0 0 0 0 0
Last Time Cost: 00000010 ms
Total Time Cost: 00003172 ms
Total Distance 187: 7 5 0 5 5 7 3 6 6 5 7 0 7 7 0 7 0 0 0 0 0 5 0 0 0 6 0 0 0 6 0 6 6 0 0 6 0 0 6 7 5 0 0 6 6 0 6 7 0 6 0 6 0 0 0 0 7 7 6 0 0 0 0 0
Last Time Cost: 00000004 ms
Total Time Cost: 00003176 ms
Total Distance 186: 7 5 0 5 5 7 2 6 6 5 7 0 7 7 0 7 0 0 0 0 0 5 0 0 0 6 0 0 0 6 0 6 6 0 0 6 0 0 6 7 5 0 0 6 6 0 6 7 0 6 0 6 0 0 0 0 7 7 6 0 0 0 0 0
Last Time Cost: 00000003 ms
Total Time Cost: 00003179 ms
Total Distance 185: 7 5 0 5 5 7 1 6 6 5 7 0 7 7 0 7 0 0 0 0 0 5 0 0 0 6 0 0 0 6 0 6 6 0 0 6 0 0 6 7 5 0 0 6 6 0 6 7 0 6 0 6 0 0 0 0 7 7 6 0 0 0 0 0
Last Time Cost: 00000002 ms
Total Time Cost: 00003181 ms
Total Distance 184: 7 5 0 5 5 7 0 6 6 5 7 0 7 7 0 7 0 0 0 0 0 5 0 0 0 6 0 0 0 6 0 6 6 0 0 6 0 0 6 7 5 0 0 6 6 0 6 7 0 6 0 6 0 0 0 0 7 7 6 0 0 0 0 0
Last Time Cost: 00000125 ms
Total Time Cost: 00003306 ms
Total Distance 181: 7 5 0 5 4 7 0 6 6 5 7 0 7 7 0 6 0 0 0 0 0 5 0 0 0 6 0 0 0 6 0 6 6 0 0 6 0 0 6 6 5 0 0 6 6 0 6 7 0 6 0 6 0 0 0 0 7 7 6 0 0 0 0 0
Last Time Cost: 00000006 ms
Total Time Cost: 00003312 ms
Total Distance 180: 7 5 0 5 3 7 0 6 6 5 7 0 7 7 0 6 0 0 0 0 0 5 0 0 0 6 0 0 0 6 0 6 6 0 0 6 0 0 6 6 5 0 0 6 6 0 6 7 0 6 0 6 0 0 0 0 7 7 6 0 0 0 0 0
Last Time Cost: 00000004 ms
Total Time Cost: 00003316 ms
Total Distance 179: 7 5 0 5 2 7 0 6 6 5 7 0 7 7 0 6 0 0 0 0 0 5 0 0 0 6 0 0 0 6 0 6 6 0 0 6 0 0 6 6 5 0 0 6 6 0 6 7 0 6 0 6 0 0 0 0 7 7 6 0 0 0 0 0
Last Time Cost: 00000003 ms
Total Time Cost: 00003319 ms
Total Distance 178: 7 5 0 5 1 7 0 6 6 5 7 0 7 7 0 6 0 0 0 0 0 5 0 0 0 6 0 0 0 6 0 6 6 0 0 6 0 0 6 6 5 0 0 6 6 0 6 7 0 6 0 6 0 0 0 0 7 7 6 0 0 0 0 0
Last Time Cost: 00000002 ms
Total Time Cost: 00003321 ms
Total Distance 177: 7 5 0 5 0 7 0 6 6 5 7 0 7 7 0 6 0 0 0 0 0 5 0 0 0 6 0 0 0 6 0 6 6 0 0 6 0 0 6 6 5 0 0 6 6 0 6 7 0 6 0 6 0 0 0 0 7 7 6 0 0 0 0 0
Last Time Cost: 00000107 ms
Total Time Cost: 00003428 ms
Total Distance 175: 7 5 0 5 0 7 0 6 6 5 7 0 7 7 0 6 0 0 0 0 0 5 0 0 0 6 0 0 0 6 0 6 6 0 0 6 0 0 6 6 4 0 0 6 5 0 6 7 0 6 0 6 0 0 0 0 7 7 6 0 0 0 0 0
Last Time Cost: 00000006 ms
Total Time Cost: 00003434 ms
Total Distance 173: 7 5 0 5 0 7 0 6 6 5 7 0 7 7 0 6 0 0 0 0 0 5 0 0 0 6 0 0 0 5 0 6 6 0 0 6 0 0 6 6 3 0 0 6 5 0 6 7 0 6 0 6 0 0 0 0 7 7 6 0 0 0 0 0
Last Time Cost: 00000004 ms
Total Time Cost: 00003438 ms
Total Distance 172: 7 5 0 5 0 7 0 6 6 5 7 0 7 7 0 6 0 0 0 0 0 5 0 0 0 6 0 0 0 5 0 6 6 0 0 6 0 0 6 6 2 0 0 6 5 0 6 7 0 6 0 6 0 0 0 0 7 7 6 0 0 0 0 0
Last Time Cost: 00000003 ms
Total Time Cost: 00003441 ms
Total Distance 171: 7 5 0 5 0 7 0 6 6 5 7 0 7 7 0 6 0 0 0 0 0 5 0 0 0 6 0 0 0 5 0 6 6 0 0 6 0 0 6 6 1 0 0 6 5 0 6 7 0 6 0 6 0 0 0 0 7 7 6 0 0 0 0 0
Last Time Cost: 00000002 ms
Total Time Cost: 00003443 ms
Total Distance 170: 7 5 0 5 0 7 0 6 6 5 7 0 7 7 0 6 0 0 0 0 0 5 0 0 0 6 0 0 0 5 0 6 6 0 0 6 0 0 6 6 0 0 0 6 5 0 6 7 0 6 0 6 0 0 0 0 7 7 6 0 0 0 0 0
Last Time Cost: 00000140 ms
Total Time Cost: 00003583 ms
Total Distance 168: 7 4 0 5 0 7 0 6 6 5 7 0 7 7 0 6 0 0 0 0 0 5 0 0 0 6 0 0 0 5 0 6 6 0 0 6 0 0 6 6 0 0 0 6 5 0 6 7 0 6 0 6 0 0 0 0 7 7 5 0 0 0 0 0
Last Time Cost: 00000006 ms
Total Time Cost: 00003589 ms
Total Distance 166: 6 3 0 5 0 7 0 6 6 5 7 0 7 7 0 6 0 0 0 0 0 5 0 0 0 6 0 0 0 5 0 6 6 0 0 6 0 0 6 6 0 0 0 6 5 0 6 7 0 6 0 6 0 0 0 0 7 7 5 0 0 0 0 0
Last Time Cost: 00000004 ms
Total Time Cost: 00003593 ms
Total Distance 165: 6 2 0 5 0 7 0 6 6 5 7 0 7 7 0 6 0 0 0 0 0 5 0 0 0 6 0 0 0 5 0 6 6 0 0 6 0 0 6 6 0 0 0 6 5 0 6 7 0 6 0 6 0 0 0 0 7 7 5 0 0 0 0 0
Last Time Cost: 00000003 ms
Total Time Cost: 00003596 ms
Total Distance 164: 6 1 0 5 0 7 0 6 6 5 7 0 7 7 0 6 0 0 0 0 0 5 0 0 0 6 0 0 0 5 0 6 6 0 0 6 0 0 6 6 0 0 0 6 5 0 6 7 0 6 0 6 0 0 0 0 7 7 5 0 0 0 0 0
Last Time Cost: 00000002 ms
Total Time Cost: 00003598 ms
Total Distance 163: 6 0 0 5 0 7 0 6 6 5 7 0 7 7 0 6 0 0 0 0 0 5 0 0 0 6 0 0 0 5 0 6 6 0 0 6 0 0 6 6 0 0 0 6 5 0 6 7 0 6 0 6 0 0 0 0 7 7 5 0 0 0 0 0
Last Time Cost: 00000143 ms
Total Time Cost: 00003741 ms
Total Distance 161: 6 0 0 5 0 7 0 6 6 4 7 0 7 7 0 5 0 0 0 0 0 5 0 0 0 6 0 0 0 5 0 6 6 0 0 6 0 0 6 6 0 0 0 6 5 0 6 7 0 6 0 6 0 0 0 0 7 7 5 0 0 0 0 0
Last Time Cost: 00000009 ms
Total Time Cost: 00003750 ms
Total Distance 159: 6 0 0 5 0 7 0 6 6 3 7 0 7 7 0 4 0 0 0 0 0 5 0 0 0 6 0 0 0 5 0 6 6 0 0 6 0 0 6 6 0 0 0 6 5 0 6 7 0 6 0 6 0 0 0 0 7 7 5 0 0 0 0 0
Last Time Cost: 00000007 ms
Total Time Cost: 00003757 ms
Total Distance 158: 6 0 0 5 0 7 0 6 6 2 7 0 7 7 0 4 0 0 0 0 0 5 0 0 0 6 0 0 0 5 0 6 6 0 0 6 0 0 6 6 0 0 0 6 5 0 6 7 0 6 0 6 0 0 0 0 7 7 5 0 0 0 0 0
Last Time Cost: 00000003 ms
Total Time Cost: 00003760 ms
Total Distance 157: 6 0 0 5 0 7 0 6 6 1 7 0 7 7 0 4 0 0 0 0 0 5 0 0 0 6 0 0 0 5 0 6 6 0 0 6 0 0 6 6 0 0 0 6 5 0 6 7 0 6 0 6 0 0 0 0 7 7 5 0 0 0 0 0
Last Time Cost: 00000002 ms
Total Time Cost: 00003762 ms
Total Distance 156: 6 0 0 5 0 7 0 6 6 0 7 0 7 7 0 4 0 0 0 0 0 5 0 0 0 6 0 0 0 5 0 6 6 0 0 6 0 0 6 6 0 0 0 6 5 0 6 7 0 6 0 6 0 0 0 0 7 7 5 0 0 0 0 0
Last Time Cost: 00000006 ms
Total Time Cost: 00003768 ms
Total Distance 155: 6 0 0 5 0 7 0 6 6 0 7 0 7 7 0 3 0 0 0 0 0 5 0 0 0 6 0 0 0 5 0 6 6 0 0 6 0 0 6 6 0 0 0 6 5 0 6 7 0 6 0 6 0 0 0 0 7 7 5 0 0 0 0 0
Last Time Cost: 00000005 ms
Total Time Cost: 00003773 ms
Total Distance 154: 6 0 0 5 0 7 0 6 6 0 7 0 7 7 0 2 0 0 0 0 0 5 0 0 0 6 0 0 0 5 0 6 6 0 0 6 0 0 6 6 0 0 0 6 5 0 6 7 0 6 0 6 0 0 0 0 7 7 5 0 0 0 0 0
Last Time Cost: 00000003 ms
Total Time Cost: 00003776 ms
Total Distance 153: 6 0 0 5 0 7 0 6 6 0 7 0 7 7 0 1 0 0 0 0 0 5 0 0 0 6 0 0 0 5 0 6 6 0 0 6 0 0 6 6 0 0 0 6 5 0 6 7 0 6 0 6 0 0 0 0 7 7 5 0 0 0 0 0
Last Time Cost: 00000002 ms
Total Time Cost: 00003778 ms
Total Distance 152: 6 0 0 5 0 7 0 6 6 0 7 0 7 7 0 0 0 0 0 0 0 5 0 0 0 6 0 0 0 5 0 6 6 0 0 6 0 0 6 6 0 0 0 6 5 0 6 7 0 6 0 6 0 0 0 0 7 7 5 0 0 0 0 0
Last Time Cost: 00000134 ms
Total Time Cost: 00003912 ms
Total Distance 150: 6 0 0 5 0 7 0 6 6 0 7 0 7 7 0 0 0 0 0 0 0 5 0 0 0 6 0 0 0 5 0 6 6 0 0 6 0 0 6 5 0 0 0 6 5 0 6 7 0 6 0 6 0 0 0 0 7 7 4 0 0 0 0 0
Last Time Cost: 00000007 ms
Total Time Cost: 00003919 ms
Total Distance 149: 6 0 0 5 0 7 0 6 6 0 7 0 7 7 0 0 0 0 0 0 0 5 0 0 0 6 0 0 0 5 0 6 6 0 0 6 0 0 6 5 0 0 0 6 5 0 6 7 0 6 0 6 0 0 0 0 7 7 3 0 0 0 0 0
Last Time Cost: 00000005 ms
Total Time Cost: 00003924 ms
Total Distance 148: 6 0 0 5 0 7 0 6 6 0 7 0 7 7 0 0 0 0 0 0 0 5 0 0 0 6 0 0 0 5 0 6 6 0 0 6 0 0 6 5 0 0 0 6 5 0 6 7 0 6 0 6 0 0 0 0 7 7 2 0 0 0 0 0
Last Time Cost: 00000004 ms
Total Time Cost: 00003928 ms
Total Distance 147: 6 0 0 5 0 7 0 6 6 0 7 0 7 7 0 0 0 0 0 0 0 5 0 0 0 6 0 0 0 5 0 6 6 0 0 6 0 0 6 5 0 0 0 6 5 0 6 7 0 6 0 6 0 0 0 0 7 7 1 0 0 0 0 0
Last Time Cost: 00000002 ms
Total Time Cost: 00003930 ms
Total Distance 146: 6 0 0 5 0 7 0 6 6 0 7 0 7 7 0 0 0 0 0 0 0 5 0 0 0 6 0 0 0 5 0 6 6 0 0 6 0 0 6 5 0 0 0 6 5 0 6 7 0 6 0 6 0 0 0 0 7 7 0 0 0 0 0 0
Last Time Cost: 00000146 ms
Total Time Cost: 00004076 ms
Total Distance 144: 6 0 0 4 0 6 0 6 6 0 7 0 7 7 0 0 0 0 0 0 0 5 0 0 0 6 0 0 0 5 0 6 6 0 0 6 0 0 6 5 0 0 0 6 5 0 6 7 0 6 0 6 0 0 0 0 7 7 0 0 0 0 0 0
Last Time Cost: 00000007 ms
Total Time Cost: 00004083 ms
Total Distance 143: 6 0 0 3 0 6 0 6 6 0 7 0 7 7 0 0 0 0 0 0 0 5 0 0 0 6 0 0 0 5 0 6 6 0 0 6 0 0 6 5 0 0 0 6 5 0 6 7 0 6 0 6 0 0 0 0 7 7 0 0 0 0 0 0
Last Time Cost: 00000005 ms
Total Time Cost: 00004088 ms
Total Distance 142: 6 0 0 2 0 6 0 6 6 0 7 0 7 7 0 0 0 0 0 0 0 5 0 0 0 6 0 0 0 5 0 6 6 0 0 6 0 0 6 5 0 0 0 6 5 0 6 7 0 6 0 6 0 0 0 0 7 7 0 0 0 0 0 0
Last Time Cost: 00000003 ms
Total Time Cost: 00004091 ms
Total Distance 141: 6 0 0 1 0 6 0 6 6 0 7 0 7 7 0 0 0 0 0 0 0 5 0 0 0 6 0 0 0 5 0 6 6 0 0 6 0 0 6 5 0 0 0 6 5 0 6 7 0 6 0 6 0 0 0 0 7 7 0 0 0 0 0 0
Last Time Cost: 00000002 ms
Total Time Cost: 00004093 ms
Total Distance 140: 6 0 0 0 0 6 0 6 6 0 7 0 7 7 0 0 0 0 0 0 0 5 0 0 0 6 0 0 0 5 0 6 6 0 0 6 0 0 6 5 0 0 0 6 5 0 6 7 0 6 0 6 0 0 0 0 7 7 0 0 0 0 0 0
Last Time Cost: 00000126 ms
Total Time Cost: 00004219 ms
Total Distance 138: 6 0 0 0 0 5 0 6 6 0 7 0 7 7 0 0 0 0 0 0 0 5 0 0 0 6 0 0 0 5 0 6 6 0 0 6 0 0 6 4 0 0 0 6 5 0 6 7 0 6 0 6 0 0 0 0 7 7 0 0 0 0 0 0
Last Time Cost: 00000007 ms
Total Time Cost: 00004226 ms
Total Distance 137: 6 0 0 0 0 5 0 6 6 0 7 0 7 7 0 0 0 0 0 0 0 5 0 0 0 6 0 0 0 5 0 6 6 0 0 6 0 0 6 3 0 0 0 6 5 0 6 7 0 6 0 6 0 0 0 0 7 7 0 0 0 0 0 0
Last Time Cost: 00000005 ms
Total Time Cost: 00004231 ms
Total Distance 136: 6 0 0 0 0 5 0 6 6 0 7 0 7 7 0 0 0 0 0 0 0 5 0 0 0 6 0 0 0 5 0 6 6 0 0 6 0 0 6 2 0 0 0 6 5 0 6 7 0 6 0 6 0 0 0 0 7 7 0 0 0 0 0 0
Last Time Cost: 00000004 ms
Total Time Cost: 00004235 ms
Total Distance 135: 6 0 0 0 0 5 0 6 6 0 7 0 7 7 0 0 0 0 0 0 0 5 0 0 0 6 0 0 0 5 0 6 6 0 0 6 0 0 6 1 0 0 0 6 5 0 6 7 0 6 0 6 0 0 0 0 7 7 0 0 0 0 0 0
Last Time Cost: 00000002 ms
Total Time Cost: 00004237 ms
Total Distance 134: 6 0 0 0 0 5 0 6 6 0 7 0 7 7 0 0 0 0 0 0 0 5 0 0 0 6 0 0 0 5 0 6 6 0 0 6 0 0 6 0 0 0 0 6 5 0 6 7 0 6 0 6 0 0 0 0 7 7 0 0 0 0 0 0
Last Time Cost: 00000132 ms
Total Time Cost: 00004369 ms
Total Distance 132: 6 0 0 0 0 5 0 6 6 0 7 0 7 7 0 0 0 0 0 0 0 5 0 0 0 6 0 0 0 5 0 6 6 0 0 5 0 0 6 0 0 0 0 6 4 0 6 7 0 6 0 6 0 0 0 0 7 7 0 0 0 0 0 0
Last Time Cost: 00000007 ms
Total Time Cost: 00004376 ms
Total Distance 131: 6 0 0 0 0 5 0 6 6 0 7 0 7 7 0 0 0 0 0 0 0 5 0 0 0 6 0 0 0 5 0 6 6 0 0 5 0 0 6 0 0 0 0 6 3 0 6 7 0 6 0 6 0 0 0 0 7 7 0 0 0 0 0 0
Last Time Cost: 00000005 ms
Total Time Cost: 00004381 ms
Total Distance 130: 6 0 0 0 0 5 0 6 6 0 7 0 7 7 0 0 0 0 0 0 0 5 0 0 0 6 0 0 0 5 0 6 6 0 0 5 0 0 6 0 0 0 0 6 2 0 6 7 0 6 0 6 0 0 0 0 7 7 0 0 0 0 0 0
Last Time Cost: 00000004 ms
Total Time Cost: 00004385 ms
Total Distance 129: 6 0 0 0 0 5 0 6 6 0 7 0 7 7 0 0 0 0 0 0 0 5 0 0 0 6 0 0 0 5 0 6 6 0 0 5 0 0 6 0 0 0 0 6 1 0 6 7 0 6 0 6 0 0 0 0 7 7 0 0 0 0 0 0
Last Time Cost: 00000002 ms
Total Time Cost: 00004387 ms
Total Distance 128: 6 0 0 0 0 5 0 6 6 0 7 0 7 7 0 0 0 0 0 0 0 5 0 0 0 6 0 0 0 5 0 6 6 0 0 5 0 0 6 0 0 0 0 6 0 0 6 7 0 6 0 6 0 0 0 0 7 7 0 0 0 0 0 0
Last Time Cost: 00000147 ms
Total Time Cost: 00004534 ms
Total Distance 126: 6 0 0 0 0 4 0 6 6 0 7 0 7 7 0 0 0 0 0 0 0 5 0 0 0 6 0 0 0 5 0 6 6 0 0 5 0 0 6 0 0 0 0 6 0 0 6 7 0 6 0 6 0 0 0 0 7 6 0 0 0 0 0 0
Last Time Cost: 00000007 ms
Total Time Cost: 00004541 ms
Total Distance 125: 6 0 0 0 0 3 0 6 6 0 7 0 7 7 0 0 0 0 0 0 0 5 0 0 0 6 0 0 0 5 0 6 6 0 0 5 0 0 6 0 0 0 0 6 0 0 6 7 0 6 0 6 0 0 0 0 7 6 0 0 0 0 0 0
Last Time Cost: 00000005 ms
Total Time Cost: 00004546 ms
Total Distance 124: 6 0 0 0 0 2 0 6 6 0 7 0 7 7 0 0 0 0 0 0 0 5 0 0 0 6 0 0 0 5 0 6 6 0 0 5 0 0 6 0 0 0 0 6 0 0 6 7 0 6 0 6 0 0 0 0 7 6 0 0 0 0 0 0
Last Time Cost: 00000004 ms
Total Time Cost: 00004550 ms
Total Distance 123: 6 0 0 0 0 1 0 6 6 0 7 0 7 7 0 0 0 0 0 0 0 5 0 0 0 6 0 0 0 5 0 6 6 0 0 5 0 0 6 0 0 0 0 6 0 0 6 7 0 6 0 6 0 0 0 0 7 6 0 0 0 0 0 0
Last Time Cost: 00000003 ms
Total Time Cost: 00004553 ms
Total Distance 122: 6 0 0 0 0 0 0 6 6 0 7 0 7 7 0 0 0 0 0 0 0 5 0 0 0 6 0 0 0 5 0 6 6 0 0 5 0 0 6 0 0 0 0 6 0 0 6 7 0 6 0 6 0 0 0 0 7 6 0 0 0 0 0 0
Last Time Cost: 00000116 ms
Total Time Cost: 00004669 ms
Total Distance 120: 6 0 0 0 0 0 0 6 6 0 7 0 7 7 0 0 0 0 0 0 0 5 0 0 0 6 0 0 0 5 0 6 6 0 0 4 0 0 6 0 0 0 0 6 0 0 6 7 0 6 0 6 0 0 0 0 7 5 0 0 0 0 0 0
Last Time Cost: 00000007 ms
Total Time Cost: 00004676 ms
Total Distance 119: 6 0 0 0 0 0 0 6 6 0 7 0 7 7 0 0 0 0 0 0 0 5 0 0 0 6 0 0 0 5 0 6 6 0 0 3 0 0 6 0 0 0 0 6 0 0 6 7 0 6 0 6 0 0 0 0 7 5 0 0 0 0 0 0
Last Time Cost: 00000005 ms
Total Time Cost: 00004681 ms
Total Distance 118: 6 0 0 0 0 0 0 6 6 0 7 0 7 7 0 0 0 0 0 0 0 5 0 0 0 6 0 0 0 5 0 6 6 0 0 2 0 0 6 0 0 0 0 6 0 0 6 7 0 6 0 6 0 0 0 0 7 5 0 0 0 0 0 0
Last Time Cost: 00000004 ms
Total Time Cost: 00004685 ms
Total Distance 117: 6 0 0 0 0 0 0 6 6 0 7 0 7 7 0 0 0 0 0 0 0 5 0 0 0 6 0 0 0 5 0 6 6 0 0 1 0 0 6 0 0 0 0 6 0 0 6 7 0 6 0 6 0 0 0 0 7 5 0 0 0 0 0 0
Last Time Cost: 00000003 ms
Total Time Cost: 00004688 ms
Total Distance 116: 6 0 0 0 0 0 0 6 6 0 7 0 7 7 0 0 0 0 0 0 0 5 0 0 0 6 0 0 0 5 0 6 6 0 0 0 0 0 6 0 0 0 0 6 0 0 6 7 0 6 0 6 0 0 0 0 7 5 0 0 0 0 0 0
Last Time Cost: 00000120 ms
Total Time Cost: 00004808 ms
Total Distance 114: 6 0 0 0 0 0 0 6 6 0 7 0 7 7 0 0 0 0 0 0 0 5 0 0 0 5 0 0 0 5 0 6 6 0 0 0 0 0 6 0 0 0 0 6 0 0 6 7 0 6 0 6 0 0 0 0 7 4 0 0 0 0 0 0
Last Time Cost: 00000007 ms
Total Time Cost: 00004815 ms
Total Distance 113: 6 0 0 0 0 0 0 6 6 0 7 0 7 7 0 0 0 0 0 0 0 5 0 0 0 5 0 0 0 5 0 6 6 0 0 0 0 0 6 0 0 0 0 6 0 0 6 7 0 6 0 6 0 0 0 0 7 3 0 0 0 0 0 0
Last Time Cost: 00000005 ms
Total Time Cost: 00004820 ms
Total Distance 112: 6 0 0 0 0 0 0 6 6 0 7 0 7 7 0 0 0 0 0 0 0 5 0 0 0 5 0 0 0 5 0 6 6 0 0 0 0 0 6 0 0 0 0 6 0 0 6 7 0 6 0 6 0 0 0 0 7 2 0 0 0 0 0 0
Last Time Cost: 00000004 ms
Total Time Cost: 00004824 ms
Total Distance 111: 6 0 0 0 0 0 0 6 6 0 7 0 7 7 0 0 0 0 0 0 0 5 0 0 0 5 0 0 0 5 0 6 6 0 0 0 0 0 6 0 0 0 0 6 0 0 6 7 0 6 0 6 0 0 0 0 7 1 0 0 0 0 0 0
Last Time Cost: 00000003 ms
Total Time Cost: 00004827 ms
Total Distance 110: 6 0 0 0 0 0 0 6 6 0 7 0 7 7 0 0 0 0 0 0 0 5 0 0 0 5 0 0 0 5 0 6 6 0 0 0 0 0 6 0 0 0 0 6 0 0 6 7 0 6 0 6 0 0 0 0 7 0 0 0 0 0 0 0
Last Time Cost: 00000138 ms
Total Time Cost: 00004965 ms
Total Distance 108: 6 0 0 0 0 0 0 6 6 0 7 0 7 6 0 0 0 0 0 0 0 4 0 0 0 5 0 0 0 5 0 6 6 0 0 0 0 0 6 0 0 0 0 6 0 0 6 7 0 6 0 6 0 0 0 0 7 0 0 0 0 0 0 0
Last Time Cost: 00000007 ms
Total Time Cost: 00004972 ms
Total Distance 107: 6 0 0 0 0 0 0 6 6 0 7 0 7 6 0 0 0 0 0 0 0 3 0 0 0 5 0 0 0 5 0 6 6 0 0 0 0 0 6 0 0 0 0 6 0 0 6 7 0 6 0 6 0 0 0 0 7 0 0 0 0 0 0 0
Last Time Cost: 00000005 ms
Total Time Cost: 00004977 ms
Total Distance 106: 6 0 0 0 0 0 0 6 6 0 7 0 7 6 0 0 0 0 0 0 0 2 0 0 0 5 0 0 0 5 0 6 6 0 0 0 0 0 6 0 0 0 0 6 0 0 6 7 0 6 0 6 0 0 0 0 7 0 0 0 0 0 0 0
Last Time Cost: 00000004 ms
Total Time Cost: 00004981 ms
Total Distance 105: 6 0 0 0 0 0 0 6 6 0 7 0 7 6 0 0 0 0 0 0 0 1 0 0 0 5 0 0 0 5 0 6 6 0 0 0 0 0 6 0 0 0 0 6 0 0 6 7 0 6 0 6 0 0 0 0 7 0 0 0 0 0 0 0
Last Time Cost: 00000003 ms
Total Time Cost: 00004984 ms
Total Distance 104: 6 0 0 0 0 0 0 6 6 0 7 0 7 6 0 0 0 0 0 0 0 0 0 0 0 5 0 0 0 5 0 6 6 0 0 0 0 0 6 0 0 0 0 6 0 0 6 7 0 6 0 6 0 0 0 0 7 0 0 0 0 0 0 0
Last Time Cost: 00000093 ms
Total Time Cost: 00005077 ms
Total Distance 103: 6 0 0 0 0 0 0 6 6 0 7 0 7 6 0 0 0 0 0 0 0 0 0 0 0 4 0 0 0 5 0 6 6 0 0 0 0 0 6 0 0 0 0 6 0 0 6 7 0 6 0 6 0 0 0 0 7 0 0 0 0 0 0 0
Last Time Cost: 00000007 ms
Total Time Cost: 00005084 ms
Total Distance 102: 6 0 0 0 0 0 0 6 6 0 7 0 7 6 0 0 0 0 0 0 0 0 0 0 0 3 0 0 0 5 0 6 6 0 0 0 0 0 6 0 0 0 0 6 0 0 6 7 0 6 0 6 0 0 0 0 7 0 0 0 0 0 0 0
Last Time Cost: 00000005 ms
Total Time Cost: 00005089 ms
Total Distance 101: 6 0 0 0 0 0 0 6 6 0 7 0 7 6 0 0 0 0 0 0 0 0 0 0 0 2 0 0 0 5 0 6 6 0 0 0 0 0 6 0 0 0 0 6 0 0 6 7 0 6 0 6 0 0 0 0 7 0 0 0 0 0 0 0
Last Time Cost: 00000004 ms
Total Time Cost: 00005093 ms
Total Distance 100: 6 0 0 0 0 0 0 6 6 0 7 0 7 6 0 0 0 0 0 0 0 0 0 0 0 1 0 0 0 5 0 6 6 0 0 0 0 0 6 0 0 0 0 6 0 0 6 7 0 6 0 6 0 0 0 0 7 0 0 0 0 0 0 0
Last Time Cost: 00000003 ms
Total Time Cost: 00005096 ms
Total Distance 99: 6 0 0 0 0 0 0 6 6 0 7 0 7 6 0 0 0 0 0 0 0 0 0 0 0 0 0 0 0 5 0 6 6 0 0 0 0 0 6 0 0 0 0 6 0 0 6 7 0 6 0 6 0 0 0 0 7 0 0 0 0 0 0 0
Last Time Cost: 00000044 ms
Total Time Cost: 00005140 ms
Total Distance 97: 6 0 0 0 0 0 0 6 6 0 7 0 6 6 0 0 0 0 0 0 0 0 0 0 0 0 0 0 0 4 0 6 6 0 0 0 0 0 6 0 0 0 0 6 0 0 6 7 0 6 0 6 0 0 0 0 7 0 0 0 0 0 0 0
Last Time Cost: 00000006 ms
Total Time Cost: 00005146 ms
Total Distance 96: 6 0 0 0 0 0 0 6 6 0 7 0 6 6 0 0 0 0 0 0 0 0 0 0 0 0 0 0 0 3 0 6 6 0 0 0 0 0 6 0 0 0 0 6 0 0 6 7 0 6 0 6 0 0 0 0 7 0 0 0 0 0 0 0
Last Time Cost: 00000005 ms
Total Time Cost: 00005151 ms
Total Distance 95: 6 0 0 0 0 0 0 6 6 0 7 0 6 6 0 0 0 0 0 0 0 0 0 0 0 0 0 0 0 2 0 6 6 0 0 0 0 0 6 0 0 0 0 6 0 0 6 7 0 6 0 6 0 0 0 0 7 0 0 0 0 0 0 0
Last Time Cost: 00000004 ms
Total Time Cost: 00005155 ms
Total Distance 94: 6 0 0 0 0 0 0 6 6 0 7 0 6 6 0 0 0 0 0 0 0 0 0 0 0 0 0 0 0 1 0 6 6 0 0 0 0 0 6 0 0 0 0 6 0 0 6 7 0 6 0 6 0 0 0 0 7 0 0 0 0 0 0 0
Last Time Cost: 00000003 ms
Total Time Cost: 00005158 ms
Total Distance 93: 6 0 0 0 0 0 0 6 6 0 7 0 6 6 0 0 0 0 0 0 0 0 0 0 0 0 0 0 0 0 0 6 6 0 0 0 0 0 6 0 0 0 0 6 0 0 6 7 0 6 0 6 0 0 0 0 7 0 0 0 0 0 0 0
Last Time Cost: 00001048 ms
Total Time Cost: 00006206 ms
Total Distance 90: 6 0 0 0 0 0 0 5 6 0 6 0 6 6 0 0 0 0 0 0 0 0 0 0 0 0 0 0 0 0 0 6 6 0 0 0 0 0 6 0 0 0 0 5 0 0 6 7 0 6 0 6 0 0 0 0 7 0 0 0 0 0 0 0
Last Time Cost: 00000092 ms
Total Time Cost: 00006298 ms
Total Distance 88: 6 0 0 0 0 0 0 4 6 0 5 0 6 6 0 0 0 0 0 0 0 0 0 0 0 0 0 0 0 0 0 6 6 0 0 0 0 0 6 0 0 0 0 5 0 0 6 7 0 6 0 6 0 0 0 0 7 0 0 0 0 0 0 0
Last Time Cost: 00000008 ms
Total Time Cost: 00006306 ms
Total Distance 87: 6 0 0 0 0 0 0 3 6 0 5 0 6 6 0 0 0 0 0 0 0 0 0 0 0 0 0 0 0 0 0 6 6 0 0 0 0 0 6 0 0 0 0 5 0 0 6 7 0 6 0 6 0 0 0 0 7 0 0 0 0 0 0 0
Last Time Cost: 00000005 ms
Total Time Cost: 00006311 ms
Total Distance 86: 6 0 0 0 0 0 0 2 6 0 5 0 6 6 0 0 0 0 0 0 0 0 0 0 0 0 0 0 0 0 0 6 6 0 0 0 0 0 6 0 0 0 0 5 0 0 6 7 0 6 0 6 0 0 0 0 7 0 0 0 0 0 0 0
Last Time Cost: 00000004 ms
Total Time Cost: 00006315 ms
Total Distance 85: 6 0 0 0 0 0 0 1 6 0 5 0 6 6 0 0 0 0 0 0 0 0 0 0 0 0 0 0 0 0 0 6 6 0 0 0 0 0 6 0 0 0 0 5 0 0 6 7 0 6 0 6 0 0 0 0 7 0 0 0 0 0 0 0
Last Time Cost: 00000003 ms
Total Time Cost: 00006318 ms
Total Distance 84: 6 0 0 0 0 0 0 0 6 0 5 0 6 6 0 0 0 0 0 0 0 0 0 0 0 0 0 0 0 0 0 6 6 0 0 0 0 0 6 0 0 0 0 5 0 0 6 7 0 6 0 6 0 0 0 0 7 0 0 0 0 0 0 0
Last Time Cost: 00000091 ms
Total Time Cost: 00006409 ms
Total Distance 82: 6 0 0 0 0 0 0 0 6 0 4 0 6 6 0 0 0 0 0 0 0 0 0 0 0 0 0 0 0 0 0 6 6 0 0 0 0 0 6 0 0 0 0 5 0 0 6 7 0 6 0 5 0 0 0 0 7 0 0 0 0 0 0 0
Last Time Cost: 00000007 ms
Total Time Cost: 00006416 ms
Total Distance 81: 6 0 0 0 0 0 0 0 6 0 3 0 6 6 0 0 0 0 0 0 0 0 0 0 0 0 0 0 0 0 0 6 6 0 0 0 0 0 6 0 0 0 0 5 0 0 6 7 0 6 0 5 0 0 0 0 7 0 0 0 0 0 0 0
Last Time Cost: 00000005 ms
Total Time Cost: 00006421 ms
Total Distance 80: 6 0 0 0 0 0 0 0 6 0 2 0 6 6 0 0 0 0 0 0 0 0 0 0 0 0 0 0 0 0 0 6 6 0 0 0 0 0 6 0 0 0 0 5 0 0 6 7 0 6 0 5 0 0 0 0 7 0 0 0 0 0 0 0
Last Time Cost: 00000004 ms
Total Time Cost: 00006425 ms
Total Distance 79: 6 0 0 0 0 0 0 0 6 0 1 0 6 6 0 0 0 0 0 0 0 0 0 0 0 0 0 0 0 0 0 6 6 0 0 0 0 0 6 0 0 0 0 5 0 0 6 7 0 6 0 5 0 0 0 0 7 0 0 0 0 0 0 0
Last Time Cost: 00000003 ms
Total Time Cost: 00006428 ms
Total Distance 78: 6 0 0 0 0 0 0 0 6 0 0 0 6 6 0 0 0 0 0 0 0 0 0 0 0 0 0 0 0 0 0 6 6 0 0 0 0 0 6 0 0 0 0 5 0 0 6 7 0 6 0 5 0 0 0 0 7 0 0 0 0 0 0 0
Last Time Cost: 00000100 ms
Total Time Cost: 00006528 ms
Total Distance 76: 6 0 0 0 0 0 0 0 6 0 0 0 6 6 0 0 0 0 0 0 0 0 0 0 0 0 0 0 0 0 0 5 6 0 0 0 0 0 6 0 0 0 0 5 0 0 6 7 0 6 0 4 0 0 0 0 7 0 0 0 0 0 0 0
Last Time Cost: 00000006 ms
Total Time Cost: 00006534 ms
Total Distance 75: 6 0 0 0 0 0 0 0 6 0 0 0 6 6 0 0 0 0 0 0 0 0 0 0 0 0 0 0 0 0 0 5 6 0 0 0 0 0 6 0 0 0 0 5 0 0 6 7 0 6 0 3 0 0 0 0 7 0 0 0 0 0 0 0
Last Time Cost: 00000005 ms
Total Time Cost: 00006539 ms
Total Distance 74: 6 0 0 0 0 0 0 0 6 0 0 0 6 6 0 0 0 0 0 0 0 0 0 0 0 0 0 0 0 0 0 5 6 0 0 0 0 0 6 0 0 0 0 5 0 0 6 7 0 6 0 2 0 0 0 0 7 0 0 0 0 0 0 0
Last Time Cost: 00000004 ms
Total Time Cost: 00006543 ms
Total Distance 73: 6 0 0 0 0 0 0 0 6 0 0 0 6 6 0 0 0 0 0 0 0 0 0 0 0 0 0 0 0 0 0 5 6 0 0 0 0 0 6 0 0 0 0 5 0 0 6 7 0 6 0 1 0 0 0 0 7 0 0 0 0 0 0 0
Last Time Cost: 00000003 ms
Total Time Cost: 00006546 ms
Total Distance 72: 6 0 0 0 0 0 0 0 6 0 0 0 6 6 0 0 0 0 0 0 0 0 0 0 0 0 0 0 0 0 0 5 6 0 0 0 0 0 6 0 0 0 0 5 0 0 6 7 0 6 0 0 0 0 0 0 7 0 0 0 0 0 0 0
Last Time Cost: 00000115 ms
Total Time Cost: 00006661 ms
Total Distance 70: 6 0 0 0 0 0 0 0 6 0 0 0 6 6 0 0 0 0 0 0 0 0 0 0 0 0 0 0 0 0 0 4 6 0 0 0 0 0 5 0 0 0 0 5 0 0 6 7 0 6 0 0 0 0 0 0 7 0 0 0 0 0 0 0
Last Time Cost: 00000007 ms
Total Time Cost: 00006668 ms
Total Distance 68: 6 0 0 0 0 0 0 0 6 0 0 0 6 6 0 0 0 0 0 0 0 0 0 0 0 0 0 0 0 0 0 3 6 0 0 0 0 0 4 0 0 0 0 5 0 0 6 7 0 6 0 0 0 0 0 0 7 0 0 0 0 0 0 0
Last Time Cost: 00000005 ms
Total Time Cost: 00006673 ms
Total Distance 67: 6 0 0 0 0 0 0 0 6 0 0 0 6 6 0 0 0 0 0 0 0 0 0 0 0 0 0 0 0 0 0 2 6 0 0 0 0 0 4 0 0 0 0 5 0 0 6 7 0 6 0 0 0 0 0 0 7 0 0 0 0 0 0 0
Last Time Cost: 00000004 ms
Total Time Cost: 00006677 ms
Total Distance 66: 6 0 0 0 0 0 0 0 6 0 0 0 6 6 0 0 0 0 0 0 0 0 0 0 0 0 0 0 0 0 0 1 6 0 0 0 0 0 4 0 0 0 0 5 0 0 6 7 0 6 0 0 0 0 0 0 7 0 0 0 0 0 0 0
Last Time Cost: 00000003 ms
Total Time Cost: 00006680 ms
Total Distance 65: 6 0 0 0 0 0 0 0 6 0 0 0 6 6 0 0 0 0 0 0 0 0 0 0 0 0 0 0 0 0 0 0 6 0 0 0 0 0 4 0 0 0 0 5 0 0 6 7 0 6 0 0 0 0 0 0 7 0 0 0 0 0 0 0
Last Time Cost: 00000007 ms
Total Time Cost: 00006687 ms
Total Distance 63: 6 0 0 0 0 0 0 0 6 0 0 0 6 6 0 0 0 0 0 0 0 0 0 0 0 0 0 0 0 0 0 0 5 0 0 0 0 0 3 0 0 0 0 5 0 0 6 7 0 6 0 0 0 0 0 0 7 0 0 0 0 0 0 0
Last Time Cost: 00000005 ms
Total Time Cost: 00006692 ms
Total Distance 61: 6 0 0 0 0 0 0 0 6 0 0 0 6 6 0 0 0 0 0 0 0 0 0 0 0 0 0 0 0 0 0 0 4 0 0 0 0 0 2 0 0 0 0 5 0 0 6 7 0 6 0 0 0 0 0 0 7 0 0 0 0 0 0 0
Last Time Cost: 00000004 ms
Total Time Cost: 00006696 ms
Total Distance 60: 6 0 0 0 0 0 0 0 6 0 0 0 6 6 0 0 0 0 0 0 0 0 0 0 0 0 0 0 0 0 0 0 4 0 0 0 0 0 1 0 0 0 0 5 0 0 6 7 0 6 0 0 0 0 0 0 7 0 0 0 0 0 0 0
Last Time Cost: 00000003 ms
Total Time Cost: 00006699 ms
Total Distance 59: 6 0 0 0 0 0 0 0 6 0 0 0 6 6 0 0 0 0 0 0 0 0 0 0 0 0 0 0 0 0 0 0 4 0 0 0 0 0 0 0 0 0 0 5 0 0 6 7 0 6 0 0 0 0 0 0 7 0 0 0 0 0 0 0
Last Time Cost: 00000007 ms
Total Time Cost: 00006706 ms
Total Distance 58: 6 0 0 0 0 0 0 0 6 0 0 0 6 6 0 0 0 0 0 0 0 0 0 0 0 0 0 0 0 0 0 0 3 0 0 0 0 0 0 0 0 0 0 5 0 0 6 7 0 6 0 0 0 0 0 0 7 0 0 0 0 0 0 0
Last Time Cost: 00000005 ms
Total Time Cost: 00006711 ms
Total Distance 57: 6 0 0 0 0 0 0 0 6 0 0 0 6 6 0 0 0 0 0 0 0 0 0 0 0 0 0 0 0 0 0 0 2 0 0 0 0 0 0 0 0 0 0 5 0 0 6 7 0 6 0 0 0 0 0 0 7 0 0 0 0 0 0 0
Last Time Cost: 00000004 ms
Total Time Cost: 00006715 ms
Total Distance 56: 6 0 0 0 0 0 0 0 6 0 0 0 6 6 0 0 0 0 0 0 0 0 0 0 0 0 0 0 0 0 0 0 1 0 0 0 0 0 0 0 0 0 0 5 0 0 6 7 0 6 0 0 0 0 0 0 7 0 0 0 0 0 0 0
Last Time Cost: 00000004 ms
Total Time Cost: 00006719 ms
Total Distance 55: 6 0 0 0 0 0 0 0 6 0 0 0 6 6 0 0 0 0 0 0 0 0 0 0 0 0 0 0 0 0 0 0 0 0 0 0 0 0 0 0 0 0 0 5 0 0 6 7 0 6 0 0 0 0 0 0 7 0 0 0 0 0 0 0
Last Time Cost: 00000063 ms
Total Time Cost: 00006782 ms
Total Distance 54: 6 0 0 0 0 0 0 0 6 0 0 0 6 6 0 0 0 0 0 0 0 0 0 0 0 0 0 0 0 0 0 0 0 0 0 0 0 0 0 0 0 0 0 4 0 0 6 7 0 6 0 0 0 0 0 0 7 0 0 0 0 0 0 0
Last Time Cost: 00000007 ms
Total Time Cost: 00006789 ms
Total Distance 53: 6 0 0 0 0 0 0 0 6 0 0 0 6 6 0 0 0 0 0 0 0 0 0 0 0 0 0 0 0 0 0 0 0 0 0 0 0 0 0 0 0 0 0 3 0 0 6 7 0 6 0 0 0 0 0 0 7 0 0 0 0 0 0 0
Last Time Cost: 00000006 ms
Total Time Cost: 00006795 ms
Total Distance 52: 6 0 0 0 0 0 0 0 6 0 0 0 6 6 0 0 0 0 0 0 0 0 0 0 0 0 0 0 0 0 0 0 0 0 0 0 0 0 0 0 0 0 0 2 0 0 6 7 0 6 0 0 0 0 0 0 7 0 0 0 0 0 0 0
Last Time Cost: 00000005 ms
Total Time Cost: 00006800 ms
Total Distance 51: 6 0 0 0 0 0 0 0 6 0 0 0 6 6 0 0 0 0 0 0 0 0 0 0 0 0 0 0 0 0 0 0 0 0 0 0 0 0 0 0 0 0 0 1 0 0 6 7 0 6 0 0 0 0 0 0 7 0 0 0 0 0 0 0
Last Time Cost: 00000004 ms
Total Time Cost: 00006804 ms
Total Distance 50: 6 0 0 0 0 0 0 0 6 0 0 0 6 6 0 0 0 0 0 0 0 0 0 0 0 0 0 0 0 0 0 0 0 0 0 0 0 0 0 0 0 0 0 0 0 0 6 7 0 6 0 0 0 0 0 0 7 0 0 0 0 0 0 0
Last Time Cost: 00000834 ms
Total Time Cost: 00007638 ms
Total Distance 48: 6 0 0 0 0 0 0 0 6 0 0 0 5 6 0 0 0 0 0 0 0 0 0 0 0 0 0 0 0 0 0 0 0 0 0 0 0 0 0 0 0 0 0 0 0 0 6 7 0 5 0 0 0 0 0 0 7 0 0 0 0 0 0 0
Last Time Cost: 00000136 ms
Total Time Cost: 00007774 ms
Total Distance 46: 6 0 0 0 0 0 0 0 6 0 0 0 5 6 0 0 0 0 0 0 0 0 0 0 0 0 0 0 0 0 0 0 0 0 0 0 0 0 0 0 0 0 0 0 0 0 6 7 0 4 0 0 0 0 0 0 6 0 0 0 0 0 0 0
Last Time Cost: 00000006 ms
Total Time Cost: 00007780 ms
Total Distance 45: 6 0 0 0 0 0 0 0 6 0 0 0 5 6 0 0 0 0 0 0 0 0 0 0 0 0 0 0 0 0 0 0 0 0 0 0 0 0 0 0 0 0 0 0 0 0 6 7 0 3 0 0 0 0 0 0 6 0 0 0 0 0 0 0
Last Time Cost: 00000005 ms
Total Time Cost: 00007785 ms
Total Distance 44: 6 0 0 0 0 0 0 0 6 0 0 0 5 6 0 0 0 0 0 0 0 0 0 0 0 0 0 0 0 0 0 0 0 0 0 0 0 0 0 0 0 0 0 0 0 0 6 7 0 2 0 0 0 0 0 0 6 0 0 0 0 0 0 0
Last Time Cost: 00000005 ms
Total Time Cost: 00007790 ms
Total Distance 43: 6 0 0 0 0 0 0 0 6 0 0 0 5 6 0 0 0 0 0 0 0 0 0 0 0 0 0 0 0 0 0 0 0 0 0 0 0 0 0 0 0 0 0 0 0 0 6 7 0 1 0 0 0 0 0 0 6 0 0 0 0 0 0 0
Last Time Cost: 00000004 ms
Total Time Cost: 00007794 ms
Total Distance 42: 6 0 0 0 0 0 0 0 6 0 0 0 5 6 0 0 0 0 0 0 0 0 0 0 0 0 0 0 0 0 0 0 0 0 0 0 0 0 0 0 0 0 0 0 0 0 6 7 0 0 0 0 0 0 0 0 6 0 0 0 0 0 0 0
Last Time Cost: 00000071 ms
Total Time Cost: 00007865 ms
Total Distance 41: 6 0 0 0 0 0 0 0 6 0 0 0 4 6 0 0 0 0 0 0 0 0 0 0 0 0 0 0 0 0 0 0 0 0 0 0 0 0 0 0 0 0 0 0 0 0 6 7 0 0 0 0 0 0 0 0 6 0 0 0 0 0 0 0
Last Time Cost: 00000006 ms
Total Time Cost: 00007871 ms
Total Distance 40: 6 0 0 0 0 0 0 0 6 0 0 0 3 6 0 0 0 0 0 0 0 0 0 0 0 0 0 0 0 0 0 0 0 0 0 0 0 0 0 0 0 0 0 0 0 0 6 7 0 0 0 0 0 0 0 0 6 0 0 0 0 0 0 0
Last Time Cost: 00000006 ms
Total Time Cost: 00007877 ms
Total Distance 39: 6 0 0 0 0 0 0 0 6 0 0 0 2 6 0 0 0 0 0 0 0 0 0 0 0 0 0 0 0 0 0 0 0 0 0 0 0 0 0 0 0 0 0 0 0 0 6 7 0 0 0 0 0 0 0 0 6 0 0 0 0 0 0 0
Last Time Cost: 00000005 ms
Total Time Cost: 00007882 ms
Total Distance 38: 6 0 0 0 0 0 0 0 6 0 0 0 1 6 0 0 0 0 0 0 0 0 0 0 0 0 0 0 0 0 0 0 0 0 0 0 0 0 0 0 0 0 0 0 0 0 6 7 0 0 0 0 0 0 0 0 6 0 0 0 0 0 0 0
Last Time Cost: 00000004 ms
Total Time Cost: 00007886 ms
Total Distance 37: 6 0 0 0 0 0 0 0 6 0 0 0 0 6 0 0 0 0 0 0 0 0 0 0 0 0 0 0 0 0 0 0 0 0 0 0 0 0 0 0 0 0 0 0 0 0 6 7 0 0 0 0 0 0 0 0 6 0 0 0 0 0 0 0
Last Time Cost: 00000657 ms
Total Time Cost: 00008543 ms
Total Distance 35: 6 0 0 0 0 0 0 0 6 0 0 0 0 6 0 0 0 0 0 0 0 0 0 0 0 0 0 0 0 0 0 0 0 0 0 0 0 0 0 0 0 0 0 0 0 0 6 6 0 0 0 0 0 0 0 0 5 0 0 0 0 0 0 0
Last Time Cost: 00000069 ms
Total Time Cost: 00008612 ms
Total Distance 34: 6 0 0 0 0 0 0 0 6 0 0 0 0 6 0 0 0 0 0 0 0 0 0 0 0 0 0 0 0 0 0 0 0 0 0 0 0 0 0 0 0 0 0 0 0 0 6 6 0 0 0 0 0 0 0 0 4 0 0 0 0 0 0 0
Last Time Cost: 00000005 ms
Total Time Cost: 00008617 ms
Total Distance 33: 6 0 0 0 0 0 0 0 6 0 0 0 0 6 0 0 0 0 0 0 0 0 0 0 0 0 0 0 0 0 0 0 0 0 0 0 0 0 0 0 0 0 0 0 0 0 6 6 0 0 0 0 0 0 0 0 3 0 0 0 0 0 0 0
Last Time Cost: 00000005 ms
Total Time Cost: 00008622 ms
Total Distance 32: 6 0 0 0 0 0 0 0 6 0 0 0 0 6 0 0 0 0 0 0 0 0 0 0 0 0 0 0 0 0 0 0 0 0 0 0 0 0 0 0 0 0 0 0 0 0 6 6 0 0 0 0 0 0 0 0 2 0 0 0 0 0 0 0
Last Time Cost: 00000005 ms
Total Time Cost: 00008627 ms
Total Distance 31: 6 0 0 0 0 0 0 0 6 0 0 0 0 6 0 0 0 0 0 0 0 0 0 0 0 0 0 0 0 0 0 0 0 0 0 0 0 0 0 0 0 0 0 0 0 0 6 6 0 0 0 0 0 0 0 0 1 0 0 0 0 0 0 0
Last Time Cost: 00000005 ms
Total Time Cost: 00008632 ms
Total Distance 30: 6 0 0 0 0 0 0 0 6 0 0 0 0 6 0 0 0 0 0 0 0 0 0 0 0 0 0 0 0 0 0 0 0 0 0 0 0 0 0 0 0 0 0 0 0 0 6 6 0 0 0 0 0 0 0 0 0 0 0 0 0 0 0 0
Last Time Cost: 00000596 ms
Total Time Cost: 00009228 ms
Total Distance 29: 6 0 0 0 0 0 0 0 6 0 0 0 0 6 0 0 0 0 0 0 0 0 0 0 0 0 0 0 0 0 0 0 0 0 0 0 0 0 0 0 0 0 0 0 0 0 6 5 0 0 0 0 0 0 0 0 0 0 0 0 0 0 0 0
Last Time Cost: 00000076 ms
Total Time Cost: 00009304 ms
Total Distance 28: 6 0 0 0 0 0 0 0 6 0 0 0 0 6 0 0 0 0 0 0 0 0 0 0 0 0 0 0 0 0 0 0 0 0 0 0 0 0 0 0 0 0 0 0 0 0 6 4 0 0 0 0 0 0 0 0 0 0 0 0 0 0 0 0
Last Time Cost: 00000005 ms
Total Time Cost: 00009309 ms
Total Distance 27: 6 0 0 0 0 0 0 0 6 0 0 0 0 6 0 0 0 0 0 0 0 0 0 0 0 0 0 0 0 0 0 0 0 0 0 0 0 0 0 0 0 0 0 0 0 0 6 3 0 0 0 0 0 0 0 0 0 0 0 0 0 0 0 0
Last Time Cost: 00000005 ms
Total Time Cost: 00009314 ms
Total Distance 26: 6 0 0 0 0 0 0 0 6 0 0 0 0 6 0 0 0 0 0 0 0 0 0 0 0 0 0 0 0 0 0 0 0 0 0 0 0 0 0 0 0 0 0 0 0 0 6 2 0 0 0 0 0 0 0 0 0 0 0 0 0 0 0 0
Last Time Cost: 00000005 ms
Total Time Cost: 00009319 ms
Total Distance 25: 6 0 0 0 0 0 0 0 6 0 0 0 0 6 0 0 0 0 0 0 0 0 0 0 0 0 0 0 0 0 0 0 0 0 0 0 0 0 0 0 0 0 0 0 0 0 6 1 0 0 0 0 0 0 0 0 0 0 0 0 0 0 0 0
Last Time Cost: 00000005 ms
Total Time Cost: 00009324 ms
Total Distance 24: 6 0 0 0 0 0 0 0 6 0 0 0 0 6 0 0 0 0 0 0 0 0 0 0 0 0 0 0 0 0 0 0 0 0 0 0 0 0 0 0 0 0 0 0 0 0 6 0 0 0 0 0 0 0 0 0 0 0 0 0 0 0 0 0
Last Time Cost: 00000546 ms
Total Time Cost: 00009870 ms
Total Distance 23: 5 0 0 0 0 0 0 0 6 0 0 0 0 6 0 0 0 0 0 0 0 0 0 0 0 0 0 0 0 0 0 0 0 0 0 0 0 0 0 0 0 0 0 0 0 0 6 0 0 0 0 0 0 0 0 0 0 0 0 0 0 0 0 0
Last Time Cost: 00000079 ms
Total Time Cost: 00009949 ms
Total Distance 22: 4 0 0 0 0 0 0 0 6 0 0 0 0 6 0 0 0 0 0 0 0 0 0 0 0 0 0 0 0 0 0 0 0 0 0 0 0 0 0 0 0 0 0 0 0 0 6 0 0 0 0 0 0 0 0 0 0 0 0 0 0 0 0 0
Last Time Cost: 00000005 ms
Total Time Cost: 00009954 ms
Total Distance 21: 3 0 0 0 0 0 0 0 6 0 0 0 0 6 0 0 0 0 0 0 0 0 0 0 0 0 0 0 0 0 0 0 0 0 0 0 0 0 0 0 0 0 0 0 0 0 6 0 0 0 0 0 0 0 0 0 0 0 0 0 0 0 0 0
Last Time Cost: 00000005 ms
Total Time Cost: 00009959 ms
Total Distance 20: 2 0 0 0 0 0 0 0 6 0 0 0 0 6 0 0 0 0 0 0 0 0 0 0 0 0 0 0 0 0 0 0 0 0 0 0 0 0 0 0 0 0 0 0 0 0 6 0 0 0 0 0 0 0 0 0 0 0 0 0 0 0 0 0
Last Time Cost: 00000005 ms
Total Time Cost: 00009964 ms
Total Distance 19: 1 0 0 0 0 0 0 0 6 0 0 0 0 6 0 0 0 0 0 0 0 0 0 0 0 0 0 0 0 0 0 0 0 0 0 0 0 0 0 0 0 0 0 0 0 0 6 0 0 0 0 0 0 0 0 0 0 0 0 0 0 0 0 0
Last Time Cost: 00000005 ms
Total Time Cost: 00009969 ms
Total Distance 18: 0 0 0 0 0 0 0 0 6 0 0 0 0 6 0 0 0 0 0 0 0 0 0 0 0 0 0 0 0 0 0 0 0 0 0 0 0 0 0 0 0 0 0 0 0 0 6 0 0 0 0 0 0 0 0 0 0 0 0 0 0 0 0 0
Last Time Cost: 00000495 ms
Total Time Cost: 00010464 ms
Total Distance 17: 0 0 0 0 0 0 0 0 6 0 0 0 0 6 0 0 0 0 0 0 0 0 0 0 0 0 0 0 0 0 0 0 0 0 0 0 0 0 0 0 0 0 0 0 0 0 5 0 0 0 0 0 0 0 0 0 0 0 0 0 0 0 0 0
Last Time Cost: 00000086 ms
Total Time Cost: 00010550 ms
Total Distance 16: 0 0 0 0 0 0 0 0 6 0 0 0 0 6 0 0 0 0 0 0 0 0 0 0 0 0 0 0 0 0 0 0 0 0 0 0 0 0 0 0 0 0 0 0 0 0 4 0 0 0 0 0 0 0 0 0 0 0 0 0 0 0 0 0
Last Time Cost: 00000005 ms
Total Time Cost: 00010555 ms
Total Distance 15: 0 0 0 0 0 0 0 0 6 0 0 0 0 6 0 0 0 0 0 0 0 0 0 0 0 0 0 0 0 0 0 0 0 0 0 0 0 0 0 0 0 0 0 0 0 0 3 0 0 0 0 0 0 0 0 0 0 0 0 0 0 0 0 0
Last Time Cost: 00000006 ms
Total Time Cost: 00010561 ms
Total Distance 14: 0 0 0 0 0 0 0 0 6 0 0 0 0 6 0 0 0 0 0 0 0 0 0 0 0 0 0 0 0 0 0 0 0 0 0 0 0 0 0 0 0 0 0 0 0 0 2 0 0 0 0 0 0 0 0 0 0 0 0 0 0 0 0 0
Last Time Cost: 00000006 ms
Total Time Cost: 00010567 ms
Total Distance 13: 0 0 0 0 0 0 0 0 6 0 0 0 0 6 0 0 0 0 0 0 0 0 0 0 0 0 0 0 0 0 0 0 0 0 0 0 0 0 0 0 0 0 0 0 0 0 1 0 0 0 0 0 0 0 0 0 0 0 0 0 0 0 0 0
Last Time Cost: 00000006 ms
Total Time Cost: 00010573 ms
Total Distance 12: 0 0 0 0 0 0 0 0 6 0 0 0 0 6 0 0 0 0 0 0 0 0 0 0 0 0 0 0 0 0 0 0 0 0 0 0 0 0 0 0 0 0 0 0 0 0 0 0 0 0 0 0 0 0 0 0 0 0 0 0 0 0 0 0
Last Time Cost: 00000387 ms
Total Time Cost: 00010960 ms
Total Distance 11: 0 0 0 0 0 0 0 0 6 0 0 0 0 5 0 0 0 0 0 0 0 0 0 0 0 0 0 0 0 0 0 0 0 0 0 0 0 0 0 0 0 0 0 0 0 0 0 0 0 0 0 0 0 0 0 0 0 0 0 0 0 0 0 0
Last Time Cost: 00000094 ms
Total Time Cost: 00011054 ms
Total Distance 10: 0 0 0 0 0 0 0 0 6 0 0 0 0 4 0 0 0 0 0 0 0 0 0 0 0 0 0 0 0 0 0 0 0 0 0 0 0 0 0 0 0 0 0 0 0 0 0 0 0 0 0 0 0 0 0 0 0 0 0 0 0 0 0 0
Last Time Cost: 00000006 ms
Total Time Cost: 00011060 ms
Total Distance 9: 0 0 0 0 0 0 0 0 6 0 0 0 0 3 0 0 0 0 0 0 0 0 0 0 0 0 0 0 0 0 0 0 0 0 0 0 0 0 0 0 0 0 0 0 0 0 0 0 0 0 0 0 0 0 0 0 0 0 0 0 0 0 0 0
Last Time Cost: 00000006 ms
Total Time Cost: 00011066 ms
Total Distance 8: 0 0 0 0 0 0 0 0 6 0 0 0 0 2 0 0 0 0 0 0 0 0 0 0 0 0 0 0 0 0 0 0 0 0 0 0 0 0 0 0 0 0 0 0 0 0 0 0 0 0 0 0 0 0 0 0 0 0 0 0 0 0 0 0
Last Time Cost: 00000006 ms
Total Time Cost: 00011072 ms
Total Distance 7: 0 0 0 0 0 0 0 0 6 0 0 0 0 1 0 0 0 0 0 0 0 0 0 0 0 0 0 0 0 0 0 0 0 0 0 0 0 0 0 0 0 0 0 0 0 0 0 0 0 0 0 0 0 0 0 0 0 0 0 0 0 0 0 0
Last Time Cost: 00000006 ms
Total Time Cost: 00011078 ms
Total Distance 6: 0 0 0 0 0 0 0 0 6 0 0 0 0 0 0 0 0 0 0 0 0 0 0 0 0 0 0 0 0 0 0 0 0 0 0 0 0 0 0 0 0 0 0 0 0 0 0 0 0 0 0 0 0 0 0 0 0 0 0 0 0 0 0 0
Last Time Cost: 00000219 ms
Total Time Cost: 00011297 ms
Total Distance 5: 0 0 0 0 0 0 0 0 5 0 0 0 0 0 0 0 0 0 0 0 0 0 0 0 0 0 0 0 0 0 0 0 0 0 0 0 0 0 0 0 0 0 0 0 0 0 0 0 0 0 0 0 0 0 0 0 0 0 0 0 0 0 0 0
Last Time Cost: 00000096 ms
Total Time Cost: 00011393 ms
Total Distance 4: 0 0 0 0 0 0 0 0 4 0 0 0 0 0 0 0 0 0 0 0 0 0 0 0 0 0 0 0 0 0 0 0 0 0 0 0 0 0 0 0 0 0 0 0 0 0 0 0 0 0 0 0 0 0 0 0 0 0 0 0 0 0 0 0
Last Time Cost: 00000001 ms
Total Time Cost: 00011394 ms
Total Distance 3: 0 0 0 0 0 0 0 0 3 0 0 0 0 0 0 0 0 0 0 0 0 0 0 0 0 0 0 0 0 0 0 0 0 0 0 0 0 0 0 0 0 0 0 0 0 0 0 0 0 0 0 0 0 0 0 0 0 0 0 0 0 0 0 0
Last Time Cost: 00000000 ms
Total Time Cost: 00011394 ms
Total Distance 2: 0 0 0 0 0 0 0 0 2 0 0 0 0 0 0 0 0 0 0 0 0 0 0 0 0 0 0 0 0 0 0 0 0 0 0 0 0 0 0 0 0 0 0 0 0 0 0 0 0 0 0 0 0 0 0 0 0 0 0 0 0 0 0 0
Last Time Cost: 00000000 ms
Total Time Cost: 00011394 ms
Total Distance 1: 0 0 0 0 0 0 0 0 1 0 0 0 0 0 0 0 0 0 0 0 0 0 0 0 0 0 0 0 0 0 0 0 0 0 0 0 0 0 0 0 0 0 0 0 0 0 0 0 0 0 0 0 0 0 0 0 0 0 0 0 0 0 0 0
Last Time Cost: 00000000 ms
Total Time Cost: 00011394 ms
Total Distance 0: 0 0 0 0 0 0 0 0 0 0 0 0 0 0 0 0 0 0 0 0 0 0 0 0 0 0 0 0 0 0 0 0 0 0 0 0 0 0 0 0 0 0 0 0 0 0 0 0 0 0 0 0 0 0 0 0 0 0 0 0 0 0 0 0
