Last Time Cost: 00000000 ms
Total Time Cost: 00000000 ms
Total Distance 322: 8 8 8 8 8 8 8 8 8 8 8 6 6 6 6 6 6 6 6 6 6 6 7 7 7 7 7 7 7 7 7 7 7 7 7 7 7 7 7 7 7 7 7 7 7 7
Last Time Cost: 00000009 ms
Total Time Cost: 00000009 ms
Total Distance 317: 8 8 8 8 8 8 7 8 8 8 8 6 6 6 6 5 6 6 6 6 6 6 7 7 7 7 6 7 6 7 7 7 7 7 7 7 7 7 7 6 7 7 7 7 7 7
Last Time Cost: 00000001 ms
Total Time Cost: 00000010 ms
Total Distance 314: 8 8 8 8 8 8 7 8 8 8 8 6 6 6 6 4 6 6 6 6 6 6 7 7 7 7 6 6 6 7 7 7 7 7 7 7 7 7 7 6 7 7 7 7 7 6
Last Time Cost: 00000001 ms
Total Time Cost: 00000011 ms
Total Distance 311: 8 7 8 8 8 8 7 8 8 8 8 6 6 6 6 3 6 6 6 6 6 6 7 7 7 7 6 6 6 6 7 7 7 7 7 7 7 7 7 6 7 7 7 7 7 6
Last Time Cost: 00000001 ms
Total Time Cost: 00000012 ms
Total Distance 310: 8 7 8 8 8 8 7 8 8 8 8 6 6 6 6 2 6 6 6 6 6 6 7 7 7 7 6 6 6 6 7 7 7 7 7 7 7 7 7 6 7 7 7 7 7 6
Last Time Cost: 00000001 ms
Total Time Cost: 00000013 ms
Total Distance 309: 8 7 8 8 8 8 7 8 8 8 8 6 6 6 6 1 6 6 6 6 6 6 7 7 7 7 6 6 6 6 7 7 7 7 7 7 7 7 7 6 7 7 7 7 7 6
Last Time Cost: 00000001 ms
Total Time Cost: 00000014 ms
Total Distance 308: 8 7 8 8 8 8 7 8 8 8 8 6 6 6 6 0 6 6 6 6 6 6 7 7 7 7 6 6 6 6 7 7 7 7 7 7 7 7 7 6 7 7 7 7 7 6
Last Time Cost: 00000006 ms
Total Time Cost: 00000020 ms
Total Distance 303: 8 7 8 8 8 8 7 8 8 8 8 6 6 6 6 0 6 6 6 6 6 6 7 7 7 7 6 6 5 6 6 7 7 6 7 7 7 7 7 6 7 7 6 6 7 6
Last Time Cost: 00000001 ms
Total Time Cost: 00000021 ms
Total Distance 300: 8 7 8 8 8 8 7 8 8 8 8 6 6 6 6 0 6 6 6 6 6 6 7 7 7 7 5 6 4 6 6 7 7 6 7 7 7 7 7 5 7 7 6 6 7 6
Last Time Cost: 00000001 ms
Total Time Cost: 00000022 ms
Total Distance 297: 8 7 8 8 8 8 7 8 8 8 8 6 6 6 6 0 6 6 6 6 6 6 7 7 7 7 5 6 3 6 5 7 7 6 7 7 7 7 7 5 7 7 5 6 7 6
Last Time Cost: 00000001 ms
Total Time Cost: 00000023 ms
Total Distance 295: 8 7 8 8 8 8 7 8 8 8 8 6 5 6 6 0 6 6 6 6 6 6 7 7 7 7 5 6 2 6 5 7 7 6 7 7 7 7 7 5 7 7 5 6 7 6
Last Time Cost: 00000001 ms
Total Time Cost: 00000024 ms
Total Distance 294: 8 7 8 8 8 8 7 8 8 8 8 6 5 6 6 0 6 6 6 6 6 6 7 7 7 7 5 6 1 6 5 7 7 6 7 7 7 7 7 5 7 7 5 6 7 6
Last Time Cost: 00000001 ms
Total Time Cost: 00000025 ms
Total Distance 293: 8 7 8 8 8 8 7 8 8 8 8 6 5 6 6 0 6 6 6 6 6 6 7 7 7 7 5 6 0 6 5 7 7 6 7 7 7 7 7 5 7 7 5 6 7 6
Last Time Cost: 00000002 ms
Total Time Cost: 00000027 ms
Total Distance 288: 8 7 8 8 7 8 6 8 8 8 8 6 5 5 6 0 6 6 6 6 6 6 7 7 7 7 5 6 0 6 5 7 7 6 7 7 7 7 6 5 7 7 4 6 7 6
Last Time Cost: 00000002 ms
Total Time Cost: 00000029 ms
Total Distance 286: 8 7 8 8 7 8 6 8 8 8 8 6 5 5 6 0 6 6 6 6 6 6 7 7 7 7 5 6 0 6 5 6 7 6 7 7 7 7 6 5 7 7 3 6 7 6
Last Time Cost: 00000001 ms
Total Time Cost: 00000030 ms
Total Distance 285: 8 7 8 8 7 8 6 8 8 8 8 6 5 5 6 0 6 6 6 6 6 6 7 7 7 7 5 6 0 6 5 6 7 6 7 7 7 7 6 5 7 7 2 6 7 6
Last Time Cost: 00000002 ms
Total Time Cost: 00000032 ms
Total Distance 284: 8 7 8 8 7 8 6 8 8 8 8 6 5 5 6 0 6 6 6 6 6 6 7 7 7 7 5 6 0 6 5 6 7 6 7 7 7 7 6 5 7 7 1 6 7 6
Last Time Cost: 00000002 ms
Total Time Cost: 00000034 ms
Total Distance 283: 8 7 8 8 7 8 6 8 8 8 8 6 5 5 6 0 6 6 6 6 6 6 7 7 7 7 5 6 0 6 5 6 7 6 7 7 7 7 6 5 7 7 0 6 7 6
Last Time Cost: 00000004 ms
Total Time Cost: 00000038 ms
Total Distance 279: 8 7 8 8 7 8 6 8 8 8 8 6 4 5 6 0 6 5 6 6 6 6 7 7 7 7 5 6 0 5 5 6 7 6 7 7 7 7 5 5 7 7 0 6 7 6
Last Time Cost: 00000001 ms
Total Time Cost: 00000039 ms
Total Distance 278: 8 7 8 8 7 8 6 8 8 8 8 6 3 5 6 0 6 5 6 6 6 6 7 7 7 7 5 6 0 5 5 6 7 6 7 7 7 7 5 5 7 7 0 6 7 6
Last Time Cost: 00000001 ms
Total Time Cost: 00000040 ms
Total Distance 277: 8 7 8 8 7 8 6 8 8 8 8 6 2 5 6 0 6 5 6 6 6 6 7 7 7 7 5 6 0 5 5 6 7 6 7 7 7 7 5 5 7 7 0 6 7 6
Last Time Cost: 00000001 ms
Total Time Cost: 00000041 ms
Total Distance 276: 8 7 8 8 7 8 6 8 8 8 8 6 1 5 6 0 6 5 6 6 6 6 7 7 7 7 5 6 0 5 5 6 7 6 7 7 7 7 5 5 7 7 0 6 7 6
Last Time Cost: 00000001 ms
Total Time Cost: 00000042 ms
Total Distance 275: 8 7 8 8 7 8 6 8 8 8 8 6 0 5 6 0 6 5 6 6 6 6 7 7 7 7 5 6 0 5 5 6 7 6 7 7 7 7 5 5 7 7 0 6 7 6
Last Time Cost: 00000004 ms
Total Time Cost: 00000046 ms
Total Distance 271: 8 7 8 8 7 8 6 8 8 8 8 6 0 5 6 0 6 5 6 6 6 5 7 7 7 7 5 6 0 5 5 6 6 6 7 6 7 7 4 5 7 7 0 6 7 6
Last Time Cost: 00000002 ms
Total Time Cost: 00000048 ms
Total Distance 269: 8 7 8 8 7 8 6 8 8 8 8 6 0 4 6 0 6 5 6 6 6 5 7 7 7 7 5 6 0 5 5 6 6 6 7 6 7 7 3 5 7 7 0 6 7 6
Last Time Cost: 00000002 ms
Total Time Cost: 00000050 ms
Total Distance 268: 8 7 8 8 7 8 6 8 8 8 8 6 0 4 6 0 6 5 6 6 6 5 7 7 7 7 5 6 0 5 5 6 6 6 7 6 7 7 2 5 7 7 0 6 7 6
Last Time Cost: 00000002 ms
Total Time Cost: 00000052 ms
Total Distance 267: 8 7 8 8 7 8 6 8 8 8 8 6 0 4 6 0 6 5 6 6 6 5 7 7 7 7 5 6 0 5 5 6 6 6 7 6 7 7 1 5 7 7 0 6 7 6
Last Time Cost: 00000002 ms
Total Time Cost: 00000054 ms
Total Distance 266: 8 7 8 8 7 8 6 8 8 8 8 6 0 4 6 0 6 5 6 6 6 5 7 7 7 7 5 6 0 5 5 6 6 6 7 6 7 7 0 5 7 7 0 6 7 6
Last Time Cost: 00000002 ms
Total Time Cost: 00000056 ms
Total Distance 263: 7 7 8 8 7 8 6 8 8 8 8 6 0 3 6 0 6 5 6 6 6 5 7 6 7 7 5 6 0 5 5 6 6 6 7 6 7 7 0 5 7 7 0 6 7 6
Last Time Cost: 00000002 ms
Total Time Cost: 00000058 ms
Total Distance 261: 6 7 8 8 7 8 6 8 8 8 8 6 0 2 6 0 6 5 6 6 6 5 7 6 7 7 5 6 0 5 5 6 6 6 7 6 7 7 0 5 7 7 0 6 7 6
Last Time Cost: 00000002 ms
Total Time Cost: 00000060 ms
Total Distance 260: 6 7 8 8 7 8 6 8 8 8 8 6 0 1 6 0 6 5 6 6 6 5 7 6 7 7 5 6 0 5 5 6 6 6 7 6 7 7 0 5 7 7 0 6 7 6
Last Time Cost: 00000002 ms
Total Time Cost: 00000062 ms
Total Distance 259: 6 7 8 8 7 8 6 8 8 8 8 6 0 0 6 0 6 5 6 6 6 5 7 6 7 7 5 6 0 5 5 6 6 6 7 6 7 7 0 5 7 7 0 6 7 6
Last Time Cost: 00000005 ms
Total Time Cost: 00000067 ms
Total Distance 255: 6 7 8 8 7 8 6 8 7 8 8 6 0 0 6 0 6 5 6 6 6 4 7 6 7 7 5 6 0 5 5 6 6 6 7 6 7 7 0 5 7 6 0 6 6 6
Last Time Cost: 00000002 ms
Total Time Cost: 00000069 ms
Total Distance 252: 6 7 8 8 7 8 6 8 6 8 8 6 0 0 6 0 6 5 6 6 6 3 7 6 7 7 5 6 0 5 5 6 6 6 7 6 7 7 0 5 7 5 0 6 6 6
Last Time Cost: 00000002 ms
Total Time Cost: 00000071 ms
Total Distance 250: 6 7 8 8 7 8 6 8 6 8 8 6 0 0 6 0 6 5 6 6 6 2 7 6 7 7 5 6 0 5 5 6 6 6 7 6 7 7 0 5 7 4 0 6 6 6
Last Time Cost: 00000002 ms
Total Time Cost: 00000073 ms
Total Distance 249: 6 7 8 8 7 8 6 8 6 8 8 6 0 0 6 0 6 5 6 6 6 1 7 6 7 7 5 6 0 5 5 6 6 6 7 6 7 7 0 5 7 4 0 6 6 6
Last Time Cost: 00000002 ms
Total Time Cost: 00000075 ms
Total Distance 248: 6 7 8 8 7 8 6 8 6 8 8 6 0 0 6 0 6 5 6 6 6 0 7 6 7 7 5 6 0 5 5 6 6 6 7 6 7 7 0 5 7 4 0 6 6 6
Last Time Cost: 00000003 ms
Total Time Cost: 00000078 ms
Total Distance 245: 6 7 8 8 7 8 6 8 6 8 8 6 0 0 6 0 5 5 6 6 6 0 7 5 7 7 5 6 0 5 5 6 6 6 7 6 7 7 0 5 7 3 0 6 6 6
Last Time Cost: 00000002 ms
Total Time Cost: 00000080 ms
Total Distance 243: 6 7 8 8 7 8 6 8 6 8 8 6 0 0 6 0 5 5 6 6 6 0 7 5 7 7 5 6 0 5 5 5 6 6 7 6 7 7 0 5 7 2 0 6 6 6
Last Time Cost: 00000002 ms
Total Time Cost: 00000082 ms
Total Distance 242: 6 7 8 8 7 8 6 8 6 8 8 6 0 0 6 0 5 5 6 6 6 0 7 5 7 7 5 6 0 5 5 5 6 6 7 6 7 7 0 5 7 1 0 6 6 6
Last Time Cost: 00000002 ms
Total Time Cost: 00000084 ms
Total Distance 241: 6 7 8 8 7 8 6 8 6 8 8 6 0 0 6 0 5 5 6 6 6 0 7 5 7 7 5 6 0 5 5 5 6 6 7 6 7 7 0 5 7 0 0 6 6 6
Last Time Cost: 00000009 ms
Total Time Cost: 00000093 ms
Total Distance 238: 6 7 8 8 7 8 6 8 6 8 8 6 0 0 6 0 4 4 6 6 6 0 7 5 7 7 5 6 0 5 5 5 5 6 7 6 7 7 0 5 7 0 0 6 6 6
Last Time Cost: 00000003 ms
Total Time Cost: 00000096 ms
Total Distance 236: 6 7 8 8 7 8 6 8 6 8 8 6 0 0 6 0 3 4 6 6 6 0 7 5 7 7 5 6 0 5 5 5 4 6 7 6 7 7 0 5 7 0 0 6 6 6
Last Time Cost: 00000002 ms
Total Time Cost: 00000098 ms
Total Distance 235: 6 7 8 8 7 8 6 8 6 8 8 6 0 0 6 0 2 4 6 6 6 0 7 5 7 7 5 6 0 5 5 5 4 6 7 6 7 7 0 5 7 0 0 6 6 6
Last Time Cost: 00000002 ms
Total Time Cost: 00000100 ms
Total Distance 234: 6 7 8 8 7 8 6 8 6 8 8 6 0 0 6 0 1 4 6 6 6 0 7 5 7 7 5 6 0 5 5 5 4 6 7 6 7 7 0 5 7 0 0 6 6 6
Last Time Cost: 00000002 ms
Total Time Cost: 00000102 ms
Total Distance 233: 6 7 8 8 7 8 6 8 6 8 8 6 0 0 6 0 0 4 6 6 6 0 7 5 7 7 5 6 0 5 5 5 4 6 7 6 7 7 0 5 7 0 0 6 6 6
Last Time Cost: 00000004 ms
Total Time Cost: 00000106 ms
Total Distance 229: 6 7 8 8 7 8 6 8 6 8 8 6 0 0 6 0 0 4 6 6 6 0 7 5 7 7 5 6 0 5 5 5 3 5 7 6 6 7 0 5 7 0 0 5 6 6
Last Time Cost: 00000003 ms
Total Time Cost: 00000109 ms
Total Distance 228: 6 7 8 8 7 8 6 8 6 8 8 6 0 0 6 0 0 4 6 6 6 0 7 5 7 7 5 6 0 5 5 5 2 5 7 6 6 7 0 5 7 0 0 5 6 6
Last Time Cost: 00000003 ms
Total Time Cost: 00000112 ms
Total Distance 227: 6 7 8 8 7 8 6 8 6 8 8 6 0 0 6 0 0 4 6 6 6 0 7 5 7 7 5 6 0 5 5 5 1 5 7 6 6 7 0 5 7 0 0 5 6 6
Last Time Cost: 00000002 ms
Total Time Cost: 00000114 ms
Total Distance 226: 6 7 8 8 7 8 6 8 6 8 8 6 0 0 6 0 0 4 6 6 6 0 7 5 7 7 5 6 0 5 5 5 0 5 7 6 6 7 0 5 7 0 0 5 6 6
Last Time Cost: 00000003 ms
Total Time Cost: 00000117 ms
Total Distance 224: 6 7 8 8 7 8 6 8 6 8 8 6 0 0 6 0 0 3 6 6 6 0 7 5 7 7 5 6 0 5 5 5 0 5 7 6 6 7 0 5 7 0 0 5 5 6
Last Time Cost: 00000003 ms
Total Time Cost: 00000120 ms
Total Distance 222: 6 7 8 7 7 8 6 8 6 8 8 6 0 0 6 0 0 2 6 6 6 0 7 5 7 7 5 6 0 5 5 5 0 5 7 6 6 7 0 5 7 0 0 5 5 6
Last Time Cost: 00000003 ms
Total Time Cost: 00000123 ms
Total Distance 221: 6 7 8 7 7 8 6 8 6 8 8 6 0 0 6 0 0 1 6 6 6 0 7 5 7 7 5 6 0 5 5 5 0 5 7 6 6 7 0 5 7 0 0 5 5 6
Last Time Cost: 00000002 ms
Total Time Cost: 00000125 ms
Total Distance 220: 6 7 8 7 7 8 6 8 6 8 8 6 0 0 6 0 0 0 6 6 6 0 7 5 7 7 5 6 0 5 5 5 0 5 7 6 6 7 0 5 7 0 0 5 5 6
Last Time Cost: 00000014 ms
Total Time Cost: 00000139 ms
Total Distance 216: 6 6 8 7 7 8 6 8 6 8 8 6 0 0 6 0 0 0 6 6 6 0 6 5 7 7 5 6 0 5 5 5 0 5 7 5 6 7 0 5 7 0 0 5 4 6
Last Time Cost: 00000004 ms
Total Time Cost: 00000143 ms
Total Distance 214: 6 6 8 7 7 8 6 8 6 8 8 6 0 0 6 0 0 0 6 6 6 0 5 5 7 7 5 6 0 5 5 5 0 5 7 5 6 7 0 5 7 0 0 5 3 6
Last Time Cost: 00000003 ms
Total Time Cost: 00000146 ms
Total Distance 212: 6 6 8 7 6 8 6 8 6 8 8 6 0 0 6 0 0 0 6 6 6 0 5 5 7 7 5 6 0 5 5 5 0 5 7 5 6 7 0 5 7 0 0 5 2 6
Last Time Cost: 00000003 ms
Total Time Cost: 00000149 ms
Total Distance 211: 6 6 8 7 6 8 6 8 6 8 8 6 0 0 6 0 0 0 6 6 6 0 5 5 7 7 5 6 0 5 5 5 0 5 7 5 6 7 0 5 7 0 0 5 1 6
Last Time Cost: 00000003 ms
Total Time Cost: 00000152 ms
Total Distance 210: 6 6 8 7 6 8 6 8 6 8 8 6 0 0 6 0 0 0 6 6 6 0 5 5 7 7 5 6 0 5 5 5 0 5 7 5 6 7 0 5 7 0 0 5 0 6
Last Time Cost: 00000014 ms
Total Time Cost: 00000166 ms
Total Distance 207: 6 6 8 7 6 8 5 8 6 8 8 6 0 0 5 0 0 0 6 6 6 0 4 5 7 7 5 6 0 5 5 5 0 5 7 5 6 7 0 5 7 0 0 5 0 6
Last Time Cost: 00000004 ms
Total Time Cost: 00000170 ms
Total Distance 205: 6 6 8 7 6 8 5 8 6 8 8 6 0 0 4 0 0 0 6 6 6 0 3 5 7 7 5 6 0 5 5 5 0 5 7 5 6 7 0 5 7 0 0 5 0 6
Last Time Cost: 00000004 ms
Total Time Cost: 00000174 ms
Total Distance 203: 6 6 7 7 6 8 5 8 6 8 8 6 0 0 4 0 0 0 6 6 6 0 2 5 7 7 5 6 0 5 5 5 0 5 7 5 6 7 0 5 7 0 0 5 0 6
Last Time Cost: 00000004 ms
Total Time Cost: 00000178 ms
Total Distance 202: 6 6 7 7 6 8 5 8 6 8 8 6 0 0 4 0 0 0 6 6 6 0 1 5 7 7 5 6 0 5 5 5 0 5 7 5 6 7 0 5 7 0 0 5 0 6
Last Time Cost: 00000003 ms
Total Time Cost: 00000181 ms
Total Distance 201: 6 6 7 7 6 8 5 8 6 8 8 6 0 0 4 0 0 0 6 6 6 0 0 5 7 7 5 6 0 5 5 5 0 5 7 5 6 7 0 5 7 0 0 5 0 6
Last Time Cost: 00000005 ms
Total Time Cost: 00000186 ms
Total Distance 198: 6 6 6 7 6 8 5 8 6 8 8 6 0 0 3 0 0 0 6 6 6 0 0 5 7 7 5 6 0 5 5 5 0 5 7 5 5 7 0 5 7 0 0 5 0 6
Last Time Cost: 00000004 ms
Total Time Cost: 00000190 ms
Total Distance 196: 6 6 5 7 6 8 5 8 6 8 8 6 0 0 2 0 0 0 6 6 6 0 0 5 7 7 5 6 0 5 5 5 0 5 7 5 5 7 0 5 7 0 0 5 0 6
Last Time Cost: 00000004 ms
Total Time Cost: 00000194 ms
Total Distance 195: 6 6 5 7 6 8 5 8 6 8 8 6 0 0 1 0 0 0 6 6 6 0 0 5 7 7 5 6 0 5 5 5 0 5 7 5 5 7 0 5 7 0 0 5 0 6
Last Time Cost: 00000004 ms
Total Time Cost: 00000198 ms
Total Distance 194: 6 6 5 7 6 8 5 8 6 8 8 6 0 0 0 0 0 0 6 6 6 0 0 5 7 7 5 6 0 5 5 5 0 5 7 5 5 7 0 5 7 0 0 5 0 6
Last Time Cost: 00000022 ms
Total Time Cost: 00000220 ms
Total Distance 190: 6 6 5 7 5 7 5 8 6 8 8 6 0 0 0 0 0 0 5 6 6 0 0 5 7 7 5 6 0 5 5 5 0 5 7 5 4 7 0 5 7 0 0 5 0 6
Last Time Cost: 00000005 ms
Total Time Cost: 00000225 ms
Total Distance 188: 6 6 5 7 5 7 5 8 6 8 8 6 0 0 0 0 0 0 5 6 6 0 0 5 7 7 5 6 0 5 5 5 0 4 7 5 3 7 0 5 7 0 0 5 0 6
Last Time Cost: 00000005 ms
Total Time Cost: 00000230 ms
Total Distance 187: 6 6 5 7 5 7 5 8 6 8 8 6 0 0 0 0 0 0 5 6 6 0 0 5 7 7 5 6 0 5 5 5 0 4 7 5 2 7 0 5 7 0 0 5 0 6
Last Time Cost: 00000005 ms
Total Time Cost: 00000235 ms
Total Distance 186: 6 6 5 7 5 7 5 8 6 8 8 6 0 0 0 0 0 0 5 6 6 0 0 5 7 7 5 6 0 5 5 5 0 4 7 5 1 7 0 5 7 0 0 5 0 6
Last Time Cost: 00000004 ms
Total Time Cost: 00000239 ms
Total Distance 185: 6 6 5 7 5 7 5 8 6 8 8 6 0 0 0 0 0 0 5 6 6 0 0 5 7 7 5 6 0 5 5 5 0 4 7 5 0 7 0 5 7 0 0 5 0 6
Last Time Cost: 00000007 ms
Total Time Cost: 00000246 ms
Total Distance 183: 6 6 5 7 5 7 5 8 6 8 8 6 0 0 0 0 0 0 5 6 6 0 0 5 7 7 5 6 0 5 5 5 0 3 7 5 0 7 0 5 7 0 0 4 0 6
Last Time Cost: 00000006 ms
Total Time Cost: 00000252 ms
Total Distance 182: 6 6 5 7 5 7 5 8 6 8 8 6 0 0 0 0 0 0 5 6 6 0 0 5 7 7 5 6 0 5 5 5 0 2 7 5 0 7 0 5 7 0 0 4 0 6
Last Time Cost: 00000006 ms
Total Time Cost: 00000258 ms
Total Distance 181: 6 6 5 7 5 7 5 8 6 8 8 6 0 0 0 0 0 0 5 6 6 0 0 5 7 7 5 6 0 5 5 5 0 1 7 5 0 7 0 5 7 0 0 4 0 6
Last Time Cost: 00000005 ms
Total Time Cost: 00000263 ms
Total Distance 180: 6 6 5 7 5 7 5 8 6 8 8 6 0 0 0 0 0 0 5 6 6 0 0 5 7 7 5 6 0 5 5 5 0 0 7 5 0 7 0 5 7 0 0 4 0 6
Last Time Cost: 00000007 ms
Total Time Cost: 00000270 ms
Total Distance 178: 6 6 5 7 5 7 5 8 6 8 8 6 0 0 0 0 0 0 5 6 6 0 0 5 7 7 5 6 0 5 5 5 0 0 7 5 0 7 0 5 6 0 0 3 0 6
Last Time Cost: 00000007 ms
Total Time Cost: 00000277 ms
Total Distance 177: 6 6 5 7 5 7 5 8 6 8 8 6 0 0 0 0 0 0 5 6 6 0 0 5 7 7 5 6 0 5 5 5 0 0 7 5 0 7 0 5 6 0 0 2 0 6
Last Time Cost: 00000007 ms
Total Time Cost: 00000284 ms
Total Distance 176: 6 6 5 7 5 7 5 8 6 8 8 6 0 0 0 0 0 0 5 6 6 0 0 5 7 7 5 6 0 5 5 5 0 0 7 5 0 7 0 5 6 0 0 1 0 6
Last Time Cost: 00000005 ms
Total Time Cost: 00000289 ms
Total Distance 175: 6 6 5 7 5 7 5 8 6 8 8 6 0 0 0 0 0 0 5 6 6 0 0 5 7 7 5 6 0 5 5 5 0 0 7 5 0 7 0 5 6 0 0 0 0 6
Last Time Cost: 00000034 ms
Total Time Cost: 00000323 ms
Total Distance 172: 6 6 5 7 5 7 5 8 6 8 8 6 0 0 0 0 0 0 5 5 6 0 0 5 7 7 5 6 0 5 5 5 0 0 7 5 0 7 0 4 6 0 0 0 0 5
Last Time Cost: 00000008 ms
Total Time Cost: 00000331 ms
Total Distance 170: 6 6 5 7 5 7 5 8 6 8 8 6 0 0 0 0 0 0 5 5 6 0 0 5 7 7 5 6 0 5 5 5 0 0 7 5 0 7 0 3 6 0 0 0 0 4
Last Time Cost: 00000008 ms
Total Time Cost: 00000339 ms
Total Distance 168: 6 6 5 7 5 7 4 8 6 8 8 6 0 0 0 0 0 0 5 5 6 0 0 5 7 7 5 6 0 5 5 5 0 0 7 5 0 7 0 2 6 0 0 0 0 4
Last Time Cost: 00000008 ms
Total Time Cost: 00000347 ms
Total Distance 167: 6 6 5 7 5 7 4 8 6 8 8 6 0 0 0 0 0 0 5 5 6 0 0 5 7 7 5 6 0 5 5 5 0 0 7 5 0 7 0 1 6 0 0 0 0 4
Last Time Cost: 00000006 ms
Total Time Cost: 00000353 ms
Total Distance 166: 6 6 5 7 5 7 4 8 6 8 8 6 0 0 0 0 0 0 5 5 6 0 0 5 7 7 5 6 0 5 5 5 0 0 7 5 0 7 0 0 6 0 0 0 0 4
Last Time Cost: 00000011 ms
Total Time Cost: 00000364 ms
Total Distance 164: 6 6 5 7 5 7 4 8 6 8 8 6 0 0 0 0 0 0 5 5 6 0 0 5 7 7 5 5 0 5 5 5 0 0 7 5 0 7 0 0 6 0 0 0 0 3
Last Time Cost: 00000009 ms
Total Time Cost: 00000373 ms
Total Distance 163: 6 6 5 7 5 7 4 8 6 8 8 6 0 0 0 0 0 0 5 5 6 0 0 5 7 7 5 5 0 5 5 5 0 0 7 5 0 7 0 0 6 0 0 0 0 2
Last Time Cost: 00000009 ms
Total Time Cost: 00000382 ms
Total Distance 162: 6 6 5 7 5 7 4 8 6 8 8 6 0 0 0 0 0 0 5 5 6 0 0 5 7 7 5 5 0 5 5 5 0 0 7 5 0 7 0 0 6 0 0 0 0 1
Last Time Cost: 00000008 ms
Total Time Cost: 00000390 ms
Total Distance 161: 6 6 5 7 5 7 4 8 6 8 8 6 0 0 0 0 0 0 5 5 6 0 0 5 7 7 5 5 0 5 5 5 0 0 7 5 0 7 0 0 6 0 0 0 0 0
Last Time Cost: 00000011 ms
Total Time Cost: 00000401 ms
Total Distance 160: 6 6 5 7 5 7 3 8 6 8 8 6 0 0 0 0 0 0 5 5 6 0 0 5 7 7 5 5 0 5 5 5 0 0 7 5 0 7 0 0 6 0 0 0 0 0
Last Time Cost: 00000010 ms
Total Time Cost: 00000411 ms
Total Distance 159: 6 6 5 7 5 7 2 8 6 8 8 6 0 0 0 0 0 0 5 5 6 0 0 5 7 7 5 5 0 5 5 5 0 0 7 5 0 7 0 0 6 0 0 0 0 0
Last Time Cost: 00000011 ms
Total Time Cost: 00000422 ms
Total Distance 158: 6 6 5 7 5 7 1 8 6 8 8 6 0 0 0 0 0 0 5 5 6 0 0 5 7 7 5 5 0 5 5 5 0 0 7 5 0 7 0 0 6 0 0 0 0 0
Last Time Cost: 00000008 ms
Total Time Cost: 00000430 ms
Total Distance 157: 6 6 5 7 5 7 0 8 6 8 8 6 0 0 0 0 0 0 5 5 6 0 0 5 7 7 5 5 0 5 5 5 0 0 7 5 0 7 0 0 6 0 0 0 0 0
Last Time Cost: 00000053 ms
Total Time Cost: 00000483 ms
Total Distance 154: 6 6 5 7 5 7 0 8 6 8 8 5 0 0 0 0 0 0 4 5 6 0 0 5 7 7 5 5 0 5 5 5 0 0 7 5 0 6 0 0 6 0 0 0 0 0
Last Time Cost: 00000012 ms
Total Time Cost: 00000495 ms
Total Distance 152: 6 6 5 7 5 7 0 8 6 8 8 4 0 0 0 0 0 0 3 5 6 0 0 5 7 7 5 5 0 5 5 5 0 0 7 5 0 6 0 0 6 0 0 0 0 0
Last Time Cost: 00000011 ms
Total Time Cost: 00000506 ms
Total Distance 150: 6 6 5 7 5 6 0 8 6 8 8 4 0 0 0 0 0 0 2 5 6 0 0 5 7 7 5 5 0 5 5 5 0 0 7 5 0 6 0 0 6 0 0 0 0 0
Last Time Cost: 00000013 ms
Total Time Cost: 00000519 ms
Total Distance 149: 6 6 5 7 5 6 0 8 6 8 8 4 0 0 0 0 0 0 1 5 6 0 0 5 7 7 5 5 0 5 5 5 0 0 7 5 0 6 0 0 6 0 0 0 0 0
Last Time Cost: 00000009 ms
Total Time Cost: 00000528 ms
Total Distance 148: 6 6 5 7 5 6 0 8 6 8 8 4 0 0 0 0 0 0 0 5 6 0 0 5 7 7 5 5 0 5 5 5 0 0 7 5 0 6 0 0 6 0 0 0 0 0
Last Time Cost: 00000014 ms
Total Time Cost: 00000542 ms
Total Distance 145: 6 6 5 7 5 6 0 7 6 8 8 3 0 0 0 0 0 0 0 5 6 0 0 5 7 7 5 5 0 5 4 5 0 0 7 5 0 6 0 0 6 0 0 0 0 0
Last Time Cost: 00000013 ms
Total Time Cost: 00000555 ms
Total Distance 143: 6 6 5 6 5 6 0 7 6 8 8 2 0 0 0 0 0 0 0 5 6 0 0 5 7 7 5 5 0 5 4 5 0 0 7 5 0 6 0 0 6 0 0 0 0 0
Last Time Cost: 00000013 ms
Total Time Cost: 00000568 ms
Total Distance 142: 6 6 5 6 5 6 0 7 6 8 8 1 0 0 0 0 0 0 0 5 6 0 0 5 7 7 5 5 0 5 4 5 0 0 7 5 0 6 0 0 6 0 0 0 0 0
Last Time Cost: 00000010 ms
Total Time Cost: 00000578 ms
Total Distance 141: 6 6 5 6 5 6 0 7 6 8 8 0 0 0 0 0 0 0 0 5 6 0 0 5 7 7 5 5 0 5 4 5 0 0 7 5 0 6 0 0 6 0 0 0 0 0
Last Time Cost: 00000016 ms
Total Time Cost: 00000594 ms
Total Distance 139: 6 6 5 6 5 6 0 7 6 8 8 0 0 0 0 0 0 0 0 5 6 0 0 5 7 7 5 5 0 5 3 5 0 0 6 5 0 6 0 0 6 0 0 0 0 0
Last Time Cost: 00000016 ms
Total Time Cost: 00000610 ms
Total Distance 137: 6 6 5 6 5 6 0 7 6 8 8 0 0 0 0 0 0 0 0 5 6 0 0 5 7 7 5 5 0 5 2 5 0 0 5 5 0 6 0 0 6 0 0 0 0 0
Last Time Cost: 00000013 ms
Total Time Cost: 00000623 ms
Total Distance 136: 6 6 5 6 5 6 0 7 6 8 8 0 0 0 0 0 0 0 0 5 6 0 0 5 7 7 5 5 0 5 1 5 0 0 5 5 0 6 0 0 6 0 0 0 0 0
Last Time Cost: 00000011 ms
Total Time Cost: 00000634 ms
Total Distance 135: 6 6 5 6 5 6 0 7 6 8 8 0 0 0 0 0 0 0 0 5 6 0 0 5 7 7 5 5 0 5 0 5 0 0 5 5 0 6 0 0 6 0 0 0 0 0
Last Time Cost: 00000057 ms
Total Time Cost: 00000691 ms
Total Distance 133: 6 6 4 6 5 6 0 7 6 8 8 0 0 0 0 0 0 0 0 5 6 0 0 5 7 7 5 5 0 4 0 5 0 0 5 5 0 6 0 0 6 0 0 0 0 0
Last Time Cost: 00000016 ms
Total Time Cost: 00000707 ms
Total Distance 131: 6 6 4 6 5 6 0 7 6 8 7 0 0 0 0 0 0 0 0 5 6 0 0 5 7 7 5 5 0 3 0 5 0 0 5 5 0 6 0 0 6 0 0 0 0 0
Last Time Cost: 00000016 ms
Total Time Cost: 00000723 ms
Total Distance 130: 6 6 4 6 5 6 0 7 6 8 7 0 0 0 0 0 0 0 0 5 6 0 0 5 7 7 5 5 0 2 0 5 0 0 5 5 0 6 0 0 6 0 0 0 0 0
Last Time Cost: 00000015 ms
Total Time Cost: 00000738 ms
Total Distance 129: 6 6 4 6 5 6 0 7 6 8 7 0 0 0 0 0 0 0 0 5 6 0 0 5 7 7 5 5 0 1 0 5 0 0 5 5 0 6 0 0 6 0 0 0 0 0
Last Time Cost: 00000013 ms
Total Time Cost: 00000751 ms
Total Distance 128: 6 6 4 6 5 6 0 7 6 8 7 0 0 0 0 0 0 0 0 5 6 0 0 5 7 7 5 5 0 0 0 5 0 0 5 5 0 6 0 0 6 0 0 0 0 0
Last Time Cost: 00000018 ms
Total Time Cost: 00000769 ms
Total Distance 127: 6 6 3 6 5 6 0 7 6 8 7 0 0 0 0 0 0 0 0 5 6 0 0 5 7 7 5 5 0 0 0 5 0 0 5 5 0 6 0 0 6 0 0 0 0 0
Last Time Cost: 00000016 ms
Total Time Cost: 00000785 ms
Total Distance 125: 6 6 2 6 5 6 0 7 6 8 7 0 0 0 0 0 0 0 0 5 6 0 0 5 7 7 5 5 0 0 0 5 0 0 5 5 0 6 0 0 5 0 0 0 0 0
Last Time Cost: 00000016 ms
Total Time Cost: 00000801 ms
Total Distance 124: 6 6 1 6 5 6 0 7 6 8 7 0 0 0 0 0 0 0 0 5 6 0 0 5 7 7 5 5 0 0 0 5 0 0 5 5 0 6 0 0 5 0 0 0 0 0
Last Time Cost: 00000014 ms
Total Time Cost: 00000815 ms
Total Distance 123: 6 6 0 6 5 6 0 7 6 8 7 0 0 0 0 0 0 0 0 5 6 0 0 5 7 7 5 5 0 0 0 5 0 0 5 5 0 6 0 0 5 0 0 0 0 0
Last Time Cost: 00000061 ms
Total Time Cost: 00000876 ms
Total Distance 121: 6 6 0 6 5 6 0 7 6 8 7 0 0 0 0 0 0 0 0 5 6 0 0 5 7 7 5 5 0 0 0 4 0 0 5 4 0 6 0 0 5 0 0 0 0 0
Last Time Cost: 00000020 ms
Total Time Cost: 00000896 ms
Total Distance 119: 6 6 0 6 5 6 0 7 6 7 7 0 0 0 0 0 0 0 0 5 6 0 0 5 7 7 5 5 0 0 0 4 0 0 5 3 0 6 0 0 5 0 0 0 0 0
Last Time Cost: 00000006 ms
Total Time Cost: 00000902 ms
Total Distance 118: 6 6 0 6 5 6 0 7 6 7 7 0 0 0 0 0 0 0 0 5 6 0 0 5 7 7 5 5 0 0 0 4 0 0 5 2 0 6 0 0 5 0 0 0 0 0
Last Time Cost: 00000001 ms
Total Time Cost: 00000903 ms
Total Distance 117: 6 6 0 6 5 6 0 7 6 7 7 0 0 0 0 0 0 0 0 5 6 0 0 5 7 7 5 5 0 0 0 4 0 0 5 1 0 6 0 0 5 0 0 0 0 0
Last Time Cost: 00000001 ms
Total Time Cost: 00000904 ms
Total Distance 116: 6 6 0 6 5 6 0 7 6 7 7 0 0 0 0 0 0 0 0 5 6 0 0 5 7 7 5 5 0 0 0 4 0 0 5 0 0 6 0 0 5 0 0 0 0 0
Last Time Cost: 00000002 ms
Total Time Cost: 00000906 ms
Total Distance 115: 6 6 0 6 5 6 0 7 6 7 7 0 0 0 0 0 0 0 0 5 6 0 0 5 7 7 5 5 0 0 0 3 0 0 5 0 0 6 0 0 5 0 0 0 0 0
Last Time Cost: 00000002 ms
Total Time Cost: 00000908 ms
Total Distance 114: 6 6 0 6 5 6 0 7 6 7 7 0 0 0 0 0 0 0 0 5 6 0 0 5 7 7 5 5 0 0 0 2 0 0 5 0 0 6 0 0 5 0 0 0 0 0
Last Time Cost: 00000001 ms
Total Time Cost: 00000909 ms
Total Distance 113: 6 6 0 6 5 6 0 7 6 7 7 0 0 0 0 0 0 0 0 5 6 0 0 5 7 7 5 5 0 0 0 1 0 0 5 0 0 6 0 0 5 0 0 0 0 0
Last Time Cost: 00000001 ms
Total Time Cost: 00000910 ms
Total Distance 112: 6 6 0 6 5 6 0 7 6 7 7 0 0 0 0 0 0 0 0 5 6 0 0 5 7 7 5 5 0 0 0 0 0 0 5 0 0 6 0 0 5 0 0 0 0 0
Last Time Cost: 00000044 ms
Total Time Cost: 00000954 ms
Total Distance 109: 6 6 0 6 5 6 0 7 6 7 6 0 0 0 0 0 0 0 0 5 5 0 0 5 7 7 5 5 0 0 0 0 0 0 5 0 0 6 0 0 4 0 0 0 0 0
Last Time Cost: 00000002 ms
Total Time Cost: 00000956 ms
Total Distance 107: 6 6 0 6 5 6 0 6 6 7 6 0 0 0 0 0 0 0 0 5 5 0 0 5 7 7 5 5 0 0 0 0 0 0 5 0 0 6 0 0 3 0 0 0 0 0
Last Time Cost: 00000001 ms
Total Time Cost: 00000957 ms
Total Distance 106: 6 6 0 6 5 6 0 6 6 7 6 0 0 0 0 0 0 0 0 5 5 0 0 5 7 7 5 5 0 0 0 0 0 0 5 0 0 6 0 0 2 0 0 0 0 0
Last Time Cost: 00000001 ms
Total Time Cost: 00000958 ms
Total Distance 105: 6 6 0 6 5 6 0 6 6 7 6 0 0 0 0 0 0 0 0 5 5 0 0 5 7 7 5 5 0 0 0 0 0 0 5 0 0 6 0 0 1 0 0 0 0 0
Last Time Cost: 00000001 ms
Total Time Cost: 00000959 ms
Total Distance 104: 6 6 0 6 5 6 0 6 6 7 6 0 0 0 0 0 0 0 0 5 5 0 0 5 7 7 5 5 0 0 0 0 0 0 5 0 0 6 0 0 0 0 0 0 0 0
Last Time Cost: 00000043 ms
Total Time Cost: 00001002 ms
Total Distance 101: 6 6 0 6 5 6 0 6 6 7 6 0 0 0 0 0 0 0 0 5 5 0 0 5 6 7 4 5 0 0 0 0 0 0 5 0 0 5 0 0 0 0 0 0 0 0
Last Time Cost: 00000002 ms
Total Time Cost: 00001004 ms
Total Distance 99: 6 6 0 6 5 6 0 6 6 7 6 0 0 0 0 0 0 0 0 5 5 0 0 5 6 7 3 5 0 0 0 0 0 0 5 0 0 4 0 0 0 0 0 0 0 0
Last Time Cost: 00000001 ms
Total Time Cost: 00001005 ms
Total Distance 98: 6 6 0 6 5 6 0 6 6 7 6 0 0 0 0 0 0 0 0 5 5 0 0 5 6 7 2 5 0 0 0 0 0 0 5 0 0 4 0 0 0 0 0 0 0 0
Last Time Cost: 00000001 ms
Total Time Cost: 00001006 ms
Total Distance 97: 6 6 0 6 5 6 0 6 6 7 6 0 0 0 0 0 0 0 0 5 5 0 0 5 6 7 1 5 0 0 0 0 0 0 5 0 0 4 0 0 0 0 0 0 0 0
Last Time Cost: 00000001 ms
Total Time Cost: 00001007 ms
Total Distance 96: 6 6 0 6 5 6 0 6 6 7 6 0 0 0 0 0 0 0 0 5 5 0 0 5 6 7 0 5 0 0 0 0 0 0 5 0 0 4 0 0 0 0 0 0 0 0
Last Time Cost: 00000001 ms
Total Time Cost: 00001008 ms
Total Distance 94: 6 6 0 6 5 6 0 6 6 6 6 0 0 0 0 0 0 0 0 5 5 0 0 5 6 7 0 5 0 0 0 0 0 0 5 0 0 3 0 0 0 0 0 0 0 0
Last Time Cost: 00000001 ms
Total Time Cost: 00001009 ms
Total Distance 93: 6 6 0 6 5 6 0 6 6 6 6 0 0 0 0 0 0 0 0 5 5 0 0 5 6 7 0 5 0 0 0 0 0 0 5 0 0 2 0 0 0 0 0 0 0 0
Last Time Cost: 00000001 ms
Total Time Cost: 00001010 ms
Total Distance 92: 6 6 0 6 5 6 0 6 6 6 6 0 0 0 0 0 0 0 0 5 5 0 0 5 6 7 0 5 0 0 0 0 0 0 5 0 0 1 0 0 0 0 0 0 0 0
Last Time Cost: 00000001 ms
Total Time Cost: 00001011 ms
Total Distance 91: 6 6 0 6 5 6 0 6 6 6 6 0 0 0 0 0 0 0 0 5 5 0 0 5 6 7 0 5 0 0 0 0 0 0 5 0 0 0 0 0 0 0 0 0 0 0
Last Time Cost: 00000036 ms
Total Time Cost: 00001047 ms
Total Distance 89: 6 6 0 6 5 6 0 6 6 6 5 0 0 0 0 0 0 0 0 5 5 0 0 5 6 7 0 4 0 0 0 0 0 0 5 0 0 0 0 0 0 0 0 0 0 0
Last Time Cost: 00000002 ms
Total Time Cost: 00001049 ms
Total Distance 88: 6 6 0 6 5 6 0 6 6 6 5 0 0 0 0 0 0 0 0 5 5 0 0 5 6 7 0 3 0 0 0 0 0 0 5 0 0 0 0 0 0 0 0 0 0 0
Last Time Cost: 00000002 ms
Total Time Cost: 00001051 ms
Total Distance 87: 6 6 0 6 5 6 0 6 6 6 5 0 0 0 0 0 0 0 0 5 5 0 0 5 6 7 0 2 0 0 0 0 0 0 5 0 0 0 0 0 0 0 0 0 0 0
Last Time Cost: 00000001 ms
Total Time Cost: 00001052 ms
Total Distance 86: 6 6 0 6 5 6 0 6 6 6 5 0 0 0 0 0 0 0 0 5 5 0 0 5 6 7 0 1 0 0 0 0 0 0 5 0 0 0 0 0 0 0 0 0 0 0
Last Time Cost: 00000001 ms
Total Time Cost: 00001053 ms
Total Distance 85: 6 6 0 6 5 6 0 6 6 6 5 0 0 0 0 0 0 0 0 5 5 0 0 5 6 7 0 0 0 0 0 0 0 0 5 0 0 0 0 0 0 0 0 0 0 0
Last Time Cost: 00000037 ms
Total Time Cost: 00001090 ms
Total Distance 83: 6 6 0 6 5 6 0 6 6 6 4 0 0 0 0 0 0 0 0 5 4 0 0 5 6 7 0 0 0 0 0 0 0 0 5 0 0 0 0 0 0 0 0 0 0 0
Last Time Cost: 00000002 ms
Total Time Cost: 00001092 ms
Total Distance 82: 6 6 0 6 5 6 0 6 6 6 4 0 0 0 0 0 0 0 0 5 3 0 0 5 6 7 0 0 0 0 0 0 0 0 5 0 0 0 0 0 0 0 0 0 0 0
Last Time Cost: 00000002 ms
Total Time Cost: 00001094 ms
Total Distance 81: 6 6 0 6 5 6 0 6 6 6 4 0 0 0 0 0 0 0 0 5 2 0 0 5 6 7 0 0 0 0 0 0 0 0 5 0 0 0 0 0 0 0 0 0 0 0
Last Time Cost: 00000001 ms
Total Time Cost: 00001095 ms
Total Distance 80: 6 6 0 6 5 6 0 6 6 6 4 0 0 0 0 0 0 0 0 5 1 0 0 5 6 7 0 0 0 0 0 0 0 0 5 0 0 0 0 0 0 0 0 0 0 0
Last Time Cost: 00000001 ms
Total Time Cost: 00001096 ms
Total Distance 79: 6 6 0 6 5 6 0 6 6 6 4 0 0 0 0 0 0 0 0 5 0 0 0 5 6 7 0 0 0 0 0 0 0 0 5 0 0 0 0 0 0 0 0 0 0 0
Last Time Cost: 00000002 ms
Total Time Cost: 00001098 ms
Total Distance 78: 6 6 0 6 5 6 0 6 6 6 3 0 0 0 0 0 0 0 0 5 0 0 0 5 6 7 0 0 0 0 0 0 0 0 5 0 0 0 0 0 0 0 0 0 0 0
Last Time Cost: 00000001 ms
Total Time Cost: 00001099 ms
Total Distance 77: 6 6 0 6 5 6 0 6 6 6 2 0 0 0 0 0 0 0 0 5 0 0 0 5 6 7 0 0 0 0 0 0 0 0 5 0 0 0 0 0 0 0 0 0 0 0
Last Time Cost: 00000001 ms
Total Time Cost: 00001100 ms
Total Distance 76: 6 6 0 6 5 6 0 6 6 6 1 0 0 0 0 0 0 0 0 5 0 0 0 5 6 7 0 0 0 0 0 0 0 0 5 0 0 0 0 0 0 0 0 0 0 0
Last Time Cost: 00000001 ms
Total Time Cost: 00001101 ms
Total Distance 75: 6 6 0 6 5 6 0 6 6 6 0 0 0 0 0 0 0 0 0 5 0 0 0 5 6 7 0 0 0 0 0 0 0 0 5 0 0 0 0 0 0 0 0 0 0 0
Last Time Cost: 00000034 ms
Total Time Cost: 00001135 ms
Total Distance 73: 6 6 0 5 5 6 0 6 6 6 0 0 0 0 0 0 0 0 0 4 0 0 0 5 6 7 0 0 0 0 0 0 0 0 5 0 0 0 0 0 0 0 0 0 0 0
Last Time Cost: 00000002 ms
Total Time Cost: 00001137 ms
Total Distance 72: 6 6 0 5 5 6 0 6 6 6 0 0 0 0 0 0 0 0 0 3 0 0 0 5 6 7 0 0 0 0 0 0 0 0 5 0 0 0 0 0 0 0 0 0 0 0
Last Time Cost: 00000002 ms
Total Time Cost: 00001139 ms
Total Distance 71: 6 6 0 5 5 6 0 6 6 6 0 0 0 0 0 0 0 0 0 2 0 0 0 5 6 7 0 0 0 0 0 0 0 0 5 0 0 0 0 0 0 0 0 0 0 0
Last Time Cost: 00000001 ms
Total Time Cost: 00001140 ms
Total Distance 70: 6 6 0 5 5 6 0 6 6 6 0 0 0 0 0 0 0 0 0 1 0 0 0 5 6 7 0 0 0 0 0 0 0 0 5 0 0 0 0 0 0 0 0 0 0 0
Last Time Cost: 00000001 ms
Total Time Cost: 00001141 ms
Total Distance 69: 6 6 0 5 5 6 0 6 6 6 0 0 0 0 0 0 0 0 0 0 0 0 0 5 6 7 0 0 0 0 0 0 0 0 5 0 0 0 0 0 0 0 0 0 0 0
Last Time Cost: 00000032 ms
Total Time Cost: 00001173 ms
Total Distance 67: 6 6 0 4 5 6 0 6 6 5 0 0 0 0 0 0 0 0 0 0 0 0 0 5 6 7 0 0 0 0 0 0 0 0 5 0 0 0 0 0 0 0 0 0 0 0
Last Time Cost: 00000003 ms
Total Time Cost: 00001176 ms
Total Distance 65: 6 6 0 3 5 6 0 6 6 5 0 0 0 0 0 0 0 0 0 0 0 0 0 5 6 6 0 0 0 0 0 0 0 0 5 0 0 0 0 0 0 0 0 0 0 0
Last Time Cost: 00000001 ms
Total Time Cost: 00001177 ms
Total Distance 64: 6 6 0 2 5 6 0 6 6 5 0 0 0 0 0 0 0 0 0 0 0 0 0 5 6 6 0 0 0 0 0 0 0 0 5 0 0 0 0 0 0 0 0 0 0 0
Last Time Cost: 00000002 ms
Total Time Cost: 00001179 ms
Total Distance 63: 6 6 0 1 5 6 0 6 6 5 0 0 0 0 0 0 0 0 0 0 0 0 0 5 6 6 0 0 0 0 0 0 0 0 5 0 0 0 0 0 0 0 0 0 0 0
Last Time Cost: 00000001 ms
Total Time Cost: 00001180 ms
Total Distance 62: 6 6 0 0 5 6 0 6 6 5 0 0 0 0 0 0 0 0 0 0 0 0 0 5 6 6 0 0 0 0 0 0 0 0 5 0 0 0 0 0 0 0 0 0 0 0
Last Time Cost: 00000034 ms
Total Time Cost: 00001214 ms
Total Distance 60: 6 6 0 0 5 6 0 6 6 5 0 0 0 0 0 0 0 0 0 0 0 0 0 4 6 5 0 0 0 0 0 0 0 0 5 0 0 0 0 0 0 0 0 0 0 0
Last Time Cost: 00000001 ms
Total Time Cost: 00001215 ms
Total Distance 59: 6 6 0 0 5 6 0 6 6 5 0 0 0 0 0 0 0 0 0 0 0 0 0 3 6 5 0 0 0 0 0 0 0 0 5 0 0 0 0 0 0 0 0 0 0 0
Last Time Cost: 00000001 ms
Total Time Cost: 00001216 ms
Total Distance 58: 6 6 0 0 5 6 0 6 6 5 0 0 0 0 0 0 0 0 0 0 0 0 0 2 6 5 0 0 0 0 0 0 0 0 5 0 0 0 0 0 0 0 0 0 0 0
Last Time Cost: 00000001 ms
Total Time Cost: 00001217 ms
Total Distance 57: 6 6 0 0 5 6 0 6 6 5 0 0 0 0 0 0 0 0 0 0 0 0 0 1 6 5 0 0 0 0 0 0 0 0 5 0 0 0 0 0 0 0 0 0 0 0
Last Time Cost: 00000001 ms
Total Time Cost: 00001218 ms
Total Distance 56: 6 6 0 0 5 6 0 6 6 5 0 0 0 0 0 0 0 0 0 0 0 0 0 0 6 5 0 0 0 0 0 0 0 0 5 0 0 0 0 0 0 0 0 0 0 0
Last Time Cost: 00000037 ms
Total Time Cost: 00001255 ms
Total Distance 54: 6 6 0 0 5 6 0 6 6 5 0 0 0 0 0 0 0 0 0 0 0 0 0 0 6 4 0 0 0 0 0 0 0 0 4 0 0 0 0 0 0 0 0 0 0 0
Last Time Cost: 00000002 ms
Total Time Cost: 00001257 ms
Total Distance 53: 6 6 0 0 5 6 0 6 6 5 0 0 0 0 0 0 0 0 0 0 0 0 0 0 6 3 0 0 0 0 0 0 0 0 4 0 0 0 0 0 0 0 0 0 0 0
Last Time Cost: 00000002 ms
Total Time Cost: 00001259 ms
Total Distance 52: 6 6 0 0 5 6 0 6 6 5 0 0 0 0 0 0 0 0 0 0 0 0 0 0 6 2 0 0 0 0 0 0 0 0 4 0 0 0 0 0 0 0 0 0 0 0
Last Time Cost: 00000002 ms
Total Time Cost: 00001261 ms
Total Distance 51: 6 6 0 0 5 6 0 6 6 5 0 0 0 0 0 0 0 0 0 0 0 0 0 0 6 1 0 0 0 0 0 0 0 0 4 0 0 0 0 0 0 0 0 0 0 0
Last Time Cost: 00000001 ms
Total Time Cost: 00001262 ms
Total Distance 50: 6 6 0 0 5 6 0 6 6 5 0 0 0 0 0 0 0 0 0 0 0 0 0 0 6 0 0 0 0 0 0 0 0 0 4 0 0 0 0 0 0 0 0 0 0 0
Last Time Cost: 00000001 ms
Total Time Cost: 00001263 ms
Total Distance 49: 6 6 0 0 5 6 0 6 6 5 0 0 0 0 0 0 0 0 0 0 0 0 0 0 6 0 0 0 0 0 0 0 0 0 3 0 0 0 0 0 0 0 0 0 0 0
Last Time Cost: 00000001 ms
Total Time Cost: 00001264 ms
Total Distance 48: 6 6 0 0 5 6 0 6 6 5 0 0 0 0 0 0 0 0 0 0 0 0 0 0 6 0 0 0 0 0 0 0 0 0 2 0 0 0 0 0 0 0 0 0 0 0
Last Time Cost: 00000001 ms
Total Time Cost: 00001265 ms
Total Distance 47: 6 6 0 0 5 6 0 6 6 5 0 0 0 0 0 0 0 0 0 0 0 0 0 0 6 0 0 0 0 0 0 0 0 0 1 0 0 0 0 0 0 0 0 0 0 0
Last Time Cost: 00000001 ms
Total Time Cost: 00001266 ms
Total Distance 46: 6 6 0 0 5 6 0 6 6 5 0 0 0 0 0 0 0 0 0 0 0 0 0 0 6 0 0 0 0 0 0 0 0 0 0 0 0 0 0 0 0 0 0 0 0 0
Last Time Cost: 00000022 ms
Total Time Cost: 00001288 ms
Total Distance 44: 5 6 0 0 4 6 0 6 6 5 0 0 0 0 0 0 0 0 0 0 0 0 0 0 6 0 0 0 0 0 0 0 0 0 0 0 0 0 0 0 0 0 0 0 0 0
Last Time Cost: 00000002 ms
Total Time Cost: 00001290 ms
Total Distance 43: 5 6 0 0 3 6 0 6 6 5 0 0 0 0 0 0 0 0 0 0 0 0 0 0 6 0 0 0 0 0 0 0 0 0 0 0 0 0 0 0 0 0 0 0 0 0
Last Time Cost: 00000001 ms
Total Time Cost: 00001291 ms
Total Distance 42: 5 6 0 0 2 6 0 6 6 5 0 0 0 0 0 0 0 0 0 0 0 0 0 0 6 0 0 0 0 0 0 0 0 0 0 0 0 0 0 0 0 0 0 0 0 0
Last Time Cost: 00000001 ms
Total Time Cost: 00001292 ms
Total Distance 41: 5 6 0 0 1 6 0 6 6 5 0 0 0 0 0 0 0 0 0 0 0 0 0 0 6 0 0 0 0 0 0 0 0 0 0 0 0 0 0 0 0 0 0 0 0 0
Last Time Cost: 00000001 ms
Total Time Cost: 00001293 ms
Total Distance 40: 5 6 0 0 0 6 0 6 6 5 0 0 0 0 0 0 0 0 0 0 0 0 0 0 6 0 0 0 0 0 0 0 0 0 0 0 0 0 0 0 0 0 0 0 0 0
Last Time Cost: 00000023 ms
Total Time Cost: 00001316 ms
Total Distance 38: 4 6 0 0 0 6 0 5 6 5 0 0 0 0 0 0 0 0 0 0 0 0 0 0 6 0 0 0 0 0 0 0 0 0 0 0 0 0 0 0 0 0 0 0 0 0
Last Time Cost: 00000002 ms
Total Time Cost: 00001318 ms
Total Distance 37: 3 6 0 0 0 6 0 5 6 5 0 0 0 0 0 0 0 0 0 0 0 0 0 0 6 0 0 0 0 0 0 0 0 0 0 0 0 0 0 0 0 0 0 0 0 0
Last Time Cost: 00000002 ms
Total Time Cost: 00001320 ms
Total Distance 36: 2 6 0 0 0 6 0 5 6 5 0 0 0 0 0 0 0 0 0 0 0 0 0 0 6 0 0 0 0 0 0 0 0 0 0 0 0 0 0 0 0 0 0 0 0 0
Last Time Cost: 00000002 ms
Total Time Cost: 00001322 ms
Total Distance 35: 1 6 0 0 0 6 0 5 6 5 0 0 0 0 0 0 0 0 0 0 0 0 0 0 6 0 0 0 0 0 0 0 0 0 0 0 0 0 0 0 0 0 0 0 0 0
Last Time Cost: 00000001 ms
Total Time Cost: 00001323 ms
Total Distance 34: 0 6 0 0 0 6 0 5 6 5 0 0 0 0 0 0 0 0 0 0 0 0 0 0 6 0 0 0 0 0 0 0 0 0 0 0 0 0 0 0 0 0 0 0 0 0
Last Time Cost: 00000025 ms
Total Time Cost: 00001348 ms
Total Distance 32: 0 6 0 0 0 5 0 4 6 5 0 0 0 0 0 0 0 0 0 0 0 0 0 0 6 0 0 0 0 0 0 0 0 0 0 0 0 0 0 0 0 0 0 0 0 0
Last Time Cost: 00000002 ms
Total Time Cost: 00001350 ms
Total Distance 31: 0 6 0 0 0 5 0 3 6 5 0 0 0 0 0 0 0 0 0 0 0 0 0 0 6 0 0 0 0 0 0 0 0 0 0 0 0 0 0 0 0 0 0 0 0 0
Last Time Cost: 00000002 ms
Total Time Cost: 00001352 ms
Total Distance 30: 0 6 0 0 0 5 0 2 6 5 0 0 0 0 0 0 0 0 0 0 0 0 0 0 6 0 0 0 0 0 0 0 0 0 0 0 0 0 0 0 0 0 0 0 0 0
Last Time Cost: 00000002 ms
Total Time Cost: 00001354 ms
Total Distance 29: 0 6 0 0 0 5 0 1 6 5 0 0 0 0 0 0 0 0 0 0 0 0 0 0 6 0 0 0 0 0 0 0 0 0 0 0 0 0 0 0 0 0 0 0 0 0
Last Time Cost: 00000001 ms
Total Time Cost: 00001355 ms
Total Distance 28: 0 6 0 0 0 5 0 0 6 5 0 0 0 0 0 0 0 0 0 0 0 0 0 0 6 0 0 0 0 0 0 0 0 0 0 0 0 0 0 0 0 0 0 0 0 0
Last Time Cost: 00000027 ms
Total Time Cost: 00001382 ms
Total Distance 27: 0 6 0 0 0 4 0 0 6 5 0 0 0 0 0 0 0 0 0 0 0 0 0 0 6 0 0 0 0 0 0 0 0 0 0 0 0 0 0 0 0 0 0 0 0 0
Last Time Cost: 00000002 ms
Total Time Cost: 00001384 ms
Total Distance 26: 0 6 0 0 0 3 0 0 6 5 0 0 0 0 0 0 0 0 0 0 0 0 0 0 6 0 0 0 0 0 0 0 0 0 0 0 0 0 0 0 0 0 0 0 0 0
Last Time Cost: 00000002 ms
Total Time Cost: 00001386 ms
Total Distance 25: 0 6 0 0 0 2 0 0 6 5 0 0 0 0 0 0 0 0 0 0 0 0 0 0 6 0 0 0 0 0 0 0 0 0 0 0 0 0 0 0 0 0 0 0 0 0
Last Time Cost: 00000002 ms
Total Time Cost: 00001388 ms
Total Distance 24: 0 6 0 0 0 1 0 0 6 5 0 0 0 0 0 0 0 0 0 0 0 0 0 0 6 0 0 0 0 0 0 0 0 0 0 0 0 0 0 0 0 0 0 0 0 0
Last Time Cost: 00000002 ms
Total Time Cost: 00001390 ms
Total Distance 23: 0 6 0 0 0 0 0 0 6 5 0 0 0 0 0 0 0 0 0 0 0 0 0 0 6 0 0 0 0 0 0 0 0 0 0 0 0 0 0 0 0 0 0 0 0 0
Last Time Cost: 00000016 ms
Total Time Cost: 00001406 ms
Total Distance 22: 0 6 0 0 0 0 0 0 6 4 0 0 0 0 0 0 0 0 0 0 0 0 0 0 6 0 0 0 0 0 0 0 0 0 0 0 0 0 0 0 0 0 0 0 0 0
Last Time Cost: 00000002 ms
Total Time Cost: 00001408 ms
Total Distance 21: 0 6 0 0 0 0 0 0 6 3 0 0 0 0 0 0 0 0 0 0 0 0 0 0 6 0 0 0 0 0 0 0 0 0 0 0 0 0 0 0 0 0 0 0 0 0
Last Time Cost: 00000002 ms
Total Time Cost: 00001410 ms
Total Distance 20: 0 6 0 0 0 0 0 0 6 2 0 0 0 0 0 0 0 0 0 0 0 0 0 0 6 0 0 0 0 0 0 0 0 0 0 0 0 0 0 0 0 0 0 0 0 0
Last Time Cost: 00000002 ms
Total Time Cost: 00001412 ms
Total Distance 19: 0 6 0 0 0 0 0 0 6 1 0 0 0 0 0 0 0 0 0 0 0 0 0 0 6 0 0 0 0 0 0 0 0 0 0 0 0 0 0 0 0 0 0 0 0 0
Last Time Cost: 00000001 ms
Total Time Cost: 00001413 ms
Total Distance 18: 0 6 0 0 0 0 0 0 6 0 0 0 0 0 0 0 0 0 0 0 0 0 0 0 6 0 0 0 0 0 0 0 0 0 0 0 0 0 0 0 0 0 0 0 0 0
Last Time Cost: 00000120 ms
Total Time Cost: 00001533 ms
Total Distance 16: 0 6 0 0 0 0 0 0 5 0 0 0 0 0 0 0 0 0 0 0 0 0 0 0 5 0 0 0 0 0 0 0 0 0 0 0 0 0 0 0 0 0 0 0 0 0
Last Time Cost: 00000032 ms
Total Time Cost: 00001565 ms
Total Distance 15: 0 6 0 0 0 0 0 0 5 0 0 0 0 0 0 0 0 0 0 0 0 0 0 0 4 0 0 0 0 0 0 0 0 0 0 0 0 0 0 0 0 0 0 0 0 0
Last Time Cost: 00000003 ms
Total Time Cost: 00001568 ms
Total Distance 14: 0 6 0 0 0 0 0 0 5 0 0 0 0 0 0 0 0 0 0 0 0 0 0 0 3 0 0 0 0 0 0 0 0 0 0 0 0 0 0 0 0 0 0 0 0 0
Last Time Cost: 00000002 ms
Total Time Cost: 00001570 ms
Total Distance 13: 0 6 0 0 0 0 0 0 5 0 0 0 0 0 0 0 0 0 0 0 0 0 0 0 2 0 0 0 0 0 0 0 0 0 0 0 0 0 0 0 0 0 0 0 0 0
Last Time Cost: 00000002 ms
Total Time Cost: 00001572 ms
Total Distance 12: 0 6 0 0 0 0 0 0 5 0 0 0 0 0 0 0 0 0 0 0 0 0 0 0 1 0 0 0 0 0 0 0 0 0 0 0 0 0 0 0 0 0 0 0 0 0
Last Time Cost: 00000001 ms
Total Time Cost: 00001573 ms
Total Distance 11: 0 6 0 0 0 0 0 0 5 0 0 0 0 0 0 0 0 0 0 0 0 0 0 0 0 0 0 0 0 0 0 0 0 0 0 0 0 0 0 0 0 0 0 0 0 0
Last Time Cost: 00000020 ms
Total Time Cost: 00001593 ms
Total Distance 10: 0 6 0 0 0 0 0 0 4 0 0 0 0 0 0 0 0 0 0 0 0 0 0 0 0 0 0 0 0 0 0 0 0 0 0 0 0 0 0 0 0 0 0 0 0 0
Last Time Cost: 00000002 ms
Total Time Cost: 00001595 ms
Total Distance 9: 0 6 0 0 0 0 0 0 3 0 0 0 0 0 0 0 0 0 0 0 0 0 0 0 0 0 0 0 0 0 0 0 0 0 0 0 0 0 0 0 0 0 0 0 0 0
Last Time Cost: 00000002 ms
Total Time Cost: 00001597 ms
Total Distance 8: 0 6 0 0 0 0 0 0 2 0 0 0 0 0 0 0 0 0 0 0 0 0 0 0 0 0 0 0 0 0 0 0 0 0 0 0 0 0 0 0 0 0 0 0 0 0
Last Time Cost: 00000002 ms
Total Time Cost: 00001599 ms
Total Distance 7: 0 6 0 0 0 0 0 0 1 0 0 0 0 0 0 0 0 0 0 0 0 0 0 0 0 0 0 0 0 0 0 0 0 0 0 0 0 0 0 0 0 0 0 0 0 0
Last Time Cost: 00000002 ms
Total Time Cost: 00001601 ms
Total Distance 6: 0 6 0 0 0 0 0 0 0 0 0 0 0 0 0 0 0 0 0 0 0 0 0 0 0 0 0 0 0 0 0 0 0 0 0 0 0 0 0 0 0 0 0 0 0 0
Last Time Cost: 00000051 ms
Total Time Cost: 00001652 ms
Total Distance 5: 0 5 0 0 0 0 0 0 0 0 0 0 0 0 0 0 0 0 0 0 0 0 0 0 0 0 0 0 0 0 0 0 0 0 0 0 0 0 0 0 0 0 0 0 0 0
Last Time Cost: 00000023 ms
Total Time Cost: 00001675 ms
Total Distance 4: 0 4 0 0 0 0 0 0 0 0 0 0 0 0 0 0 0 0 0 0 0 0 0 0 0 0 0 0 0 0 0 0 0 0 0 0 0 0 0 0 0 0 0 0 0 0
Last Time Cost: 00000000 ms
Total Time Cost: 00001675 ms
Total Distance 3: 0 3 0 0 0 0 0 0 0 0 0 0 0 0 0 0 0 0 0 0 0 0 0 0 0 0 0 0 0 0 0 0 0 0 0 0 0 0 0 0 0 0 0 0 0 0
Last Time Cost: 00000000 ms
Total Time Cost: 00001675 ms
Total Distance 2: 0 2 0 0 0 0 0 0 0 0 0 0 0 0 0 0 0 0 0 0 0 0 0 0 0 0 0 0 0 0 0 0 0 0 0 0 0 0 0 0 0 0 0 0 0 0
Last Time Cost: 00000000 ms
Total Time Cost: 00001675 ms
Total Distance 1: 0 1 0 0 0 0 0 0 0 0 0 0 0 0 0 0 0 0 0 0 0 0 0 0 0 0 0 0 0 0 0 0 0 0 0 0 0 0 0 0 0 0 0 0 0 0
Last Time Cost: 00000000 ms
Total Time Cost: 00001675 ms
Total Distance 0: 0 0 0 0 0 0 0 0 0 0 0 0 0 0 0 0 0 0 0 0 0 0 0 0 0 0 0 0 0 0 0 0 0 0 0 0 0 0 0 0 0 0 0 0 0 0
