Last Time Cost: 00000000 ms
Total Time Cost: 00000000 ms
Total Distance 462: 12 12 12 12 12 12 12 12 12 12 10 10 10 10 10 10 10 10 10 10 11 11 11 11 11 11 11 11 11 11 11 11 11 11 11 11 11 11 11 11 11 11
Last Time Cost: 00000318 ms
Total Time Cost: 00000318 ms
Total Distance 453: 12 12 12 12 12 11 12 12 12 11 10 10 10 9 10 10 10 10 10 9 11 11 11 11 11 11 11 11 10 10 11 10 11 11 11 11 11 10 11 11 10 11
Last Time Cost: 00000063 ms
Total Time Cost: 00000381 ms
Total Distance 444: 12 11 12 12 11 11 12 12 11 10 10 10 10 8 10 9 10 10 10 9 11 11 11 11 10 10 11 11 10 10 11 10 10 11 11 11 11 10 11 11 10 11
Last Time Cost: 00000030 ms
Total Time Cost: 00000411 ms
Total Distance 437: 12 10 12 12 10 11 12 12 10 9 10 10 10 7 10 8 10 10 10 9 11 11 11 11 10 9 11 11 10 10 11 10 10 11 11 11 11 10 11 11 10 11
Last Time Cost: 00000029 ms
Total Time Cost: 00000440 ms
Total Distance 431: 11 10 12 11 10 11 12 12 10 9 10 10 10 6 10 8 10 10 10 9 11 10 11 11 10 9 10 11 10 10 11 10 10 11 11 11 11 10 11 11 9 11
Last Time Cost: 00000021 ms
Total Time Cost: 00000461 ms
Total Distance 426: 11 10 12 11 10 11 12 12 10 8 10 10 10 5 10 8 10 10 10 9 11 10 11 11 10 9 10 11 10 9 11 9 10 11 11 11 11 10 11 11 8 11
Last Time Cost: 00000020 ms
Total Time Cost: 00000481 ms
Total Distance 421: 11 9 11 11 10 11 12 12 9 8 10 10 10 4 10 7 10 10 10 9 11 10 11 11 10 9 10 11 10 9 11 9 10 11 11 11 11 10 11 11 8 11
Last Time Cost: 00000015 ms
Total Time Cost: 00000496 ms
Total Distance 417: 11 9 11 11 10 11 12 12 9 8 9 10 10 3 10 7 10 10 10 9 11 10 11 11 9 9 10 11 9 9 11 9 10 11 11 11 11 10 11 11 8 11
Last Time Cost: 00000014 ms
Total Time Cost: 00000510 ms
Total Distance 415: 11 9 11 11 10 11 12 12 9 8 9 10 10 2 10 7 10 10 10 9 11 10 11 11 9 9 10 11 9 9 11 9 10 11 11 11 11 10 11 11 7 11
Last Time Cost: 00000013 ms
Total Time Cost: 00000523 ms
Total Distance 414: 11 9 11 11 10 11 12 12 9 8 9 10 10 1 10 7 10 10 10 9 11 10 11 11 9 9 10 11 9 9 11 9 10 11 11 11 11 10 11 11 7 11
Last Time Cost: 00000011 ms
Total Time Cost: 00000534 ms
Total Distance 413: 11 9 11 11 10 11 12 12 9 8 9 10 10 0 10 7 10 10 10 9 11 10 11 11 9 9 10 11 9 9 11 9 10 11 11 11 11 10 11 11 7 11
Last Time Cost: 00000082 ms
Total Time Cost: 00000616 ms
Total Distance 406: 11 9 10 11 9 11 12 12 8 8 9 10 10 0 10 7 10 10 10 9 11 10 11 11 8 9 10 10 9 9 11 9 10 10 11 11 11 10 11 11 6 11
Last Time Cost: 00000044 ms
Total Time Cost: 00000660 ms
Total Distance 401: 11 9 10 11 9 11 11 12 8 8 9 10 10 0 9 7 10 10 9 9 11 10 11 11 8 9 10 10 9 9 11 9 10 9 11 11 11 10 11 11 5 11
Last Time Cost: 00000036 ms
Total Time Cost: 00000696 ms
Total Distance 397: 11 9 10 11 9 11 11 12 8 8 9 10 10 0 9 7 10 10 9 8 11 10 11 11 8 9 10 10 9 9 10 9 10 9 11 11 10 10 11 11 4 11
Last Time Cost: 00000030 ms
Total Time Cost: 00000726 ms
Total Distance 395: 11 9 10 11 9 11 11 12 8 8 9 10 10 0 9 7 10 10 9 8 11 10 11 11 8 9 10 10 9 9 10 9 10 8 11 11 10 10 11 11 3 11
Last Time Cost: 00000028 ms
Total Time Cost: 00000754 ms
Total Distance 393: 11 9 10 11 9 11 11 12 8 8 9 10 10 0 9 7 10 10 9 8 11 10 11 11 8 9 10 10 9 9 10 9 10 7 11 11 10 10 11 11 2 11
Last Time Cost: 00000025 ms
Total Time Cost: 00000779 ms
Total Distance 391: 11 9 10 11 9 11 11 12 8 8 9 10 10 0 9 7 10 10 9 8 11 10 11 11 8 9 10 10 9 9 9 9 10 7 11 11 10 10 11 11 1 11
Last Time Cost: 00000024 ms
Total Time Cost: 00000803 ms
Total Distance 390: 11 9 10 11 9 11 11 12 8 8 9 10 10 0 9 7 10 10 9 8 11 10 11 11 8 9 10 10 9 9 9 9 10 7 11 11 10 10 11 11 0 11
Last Time Cost: 00000151 ms
Total Time Cost: 00000954 ms
Total Distance 380: 10 9 9 10 9 10 11 12 8 8 9 10 10 0 9 7 10 10 9 8 11 10 11 10 8 8 9 9 9 9 9 9 10 6 11 11 10 10 11 11 0 10
Last Time Cost: 00000062 ms
Total Time Cost: 00001016 ms
Total Distance 374: 10 9 9 10 9 10 11 12 8 8 8 10 10 0 9 7 10 10 9 8 11 10 11 9 8 8 9 9 9 9 9 9 10 5 10 11 9 10 10 11 0 10
Last Time Cost: 00000051 ms
Total Time Cost: 00001067 ms
Total Distance 369: 10 9 9 9 9 9 11 12 8 8 8 10 10 0 9 7 10 10 9 8 11 10 11 8 8 8 8 9 9 9 9 9 10 4 10 11 9 10 10 11 0 10
Last Time Cost: 00000050 ms
Total Time Cost: 00001117 ms
Total Distance 366: 10 9 9 8 9 9 11 12 8 8 8 10 10 0 9 7 10 10 9 8 11 10 11 7 8 8 8 9 9 9 9 9 10 3 10 11 9 10 10 11 0 10
Last Time Cost: 00000044 ms
Total Time Cost: 00001161 ms
Total Distance 364: 10 9 9 8 9 9 11 12 8 8 8 10 10 0 9 7 10 10 9 8 11 10 11 6 8 8 8 9 9 9 9 9 10 2 10 11 9 10 10 11 0 10
Last Time Cost: 00000044 ms
Total Time Cost: 00001205 ms
Total Distance 363: 10 9 9 8 9 9 11 12 8 8 8 10 10 0 9 7 10 10 9 8 11 10 11 6 8 8 8 9 9 9 9 9 10 1 10 11 9 10 10 11 0 10
Last Time Cost: 00000048 ms
Total Time Cost: 00001253 ms
Total Distance 362: 10 9 9 8 9 9 11 12 8 8 8 10 10 0 9 7 10 10 9 8 11 10 11 6 8 8 8 9 9 9 9 9 10 0 10 11 9 10 10 11 0 10
Last Time Cost: 00000094 ms
Total Time Cost: 00001347 ms
Total Distance 355: 9 8 9 8 9 8 11 12 8 8 8 10 10 0 9 7 10 10 9 8 11 10 11 5 8 8 8 9 9 9 9 8 10 0 10 10 9 9 10 11 0 10
Last Time Cost: 00000076 ms
Total Time Cost: 00001423 ms
Total Distance 352: 9 8 9 8 9 8 11 11 8 8 8 10 10 0 9 6 10 10 9 8 11 10 11 4 8 8 8 9 9 9 9 8 10 0 10 10 9 9 10 11 0 10
Last Time Cost: 00000035 ms
Total Time Cost: 00001458 ms
Total Distance 350: 9 8 9 8 9 8 11 11 8 8 8 10 10 0 9 6 10 10 9 8 11 10 11 3 8 8 8 9 9 9 9 8 10 0 10 10 9 8 10 11 0 10
Last Time Cost: 00000021 ms
Total Time Cost: 00001479 ms
Total Distance 349: 9 8 9 8 9 8 11 11 8 8 8 10 10 0 9 6 10 10 9 8 11 10 11 2 8 8 8 9 9 9 9 8 10 0 10 10 9 8 10 11 0 10
Last Time Cost: 00000013 ms
Total Time Cost: 00001492 ms
Total Distance 348: 9 8 9 8 9 8 11 11 8 8 8 10 10 0 9 6 10 10 9 8 11 10 11 1 8 8 8 9 9 9 9 8 10 0 10 10 9 8 10 11 0 10
Last Time Cost: 00000010 ms
Total Time Cost: 00001502 ms
Total Distance 347: 9 8 9 8 9 8 11 11 8 8 8 10 10 0 9 6 10 10 9 8 11 10 11 0 8 8 8 9 9 9 9 8 10 0 10 10 9 8 10 11 0 10
Last Time Cost: 00000062 ms
Total Time Cost: 00001564 ms
Total Distance 341: 9 8 9 8 9 7 10 11 7 8 8 10 10 0 9 5 10 10 9 8 10 10 11 0 8 8 8 9 9 9 9 7 10 0 10 10 9 8 10 11 0 10
Last Time Cost: 00000037 ms
Total Time Cost: 00001601 ms
Total Distance 335: 9 8 8 8 9 7 10 11 7 8 8 10 9 0 8 4 10 10 9 8 10 10 10 0 8 8 8 9 9 9 9 7 10 0 10 10 9 8 9 11 0 10
Last Time Cost: 00000024 ms
Total Time Cost: 00001625 ms
Total Distance 332: 9 8 8 8 9 7 10 10 7 8 8 10 9 0 8 3 10 10 9 8 10 10 10 0 8 8 8 9 9 9 8 7 10 0 10 10 9 8 9 11 0 10
Last Time Cost: 00000018 ms
Total Time Cost: 00001643 ms
Total Distance 330: 9 8 8 8 9 7 10 10 6 8 8 10 9 0 8 2 10 10 9 8 10 10 10 0 8 8 8 9 9 9 8 7 10 0 10 10 9 8 9 11 0 10
Last Time Cost: 00000014 ms
Total Time Cost: 00001657 ms
Total Distance 328: 9 8 7 8 9 7 10 10 6 8 8 10 9 0 8 1 10 10 9 8 10 10 10 0 8 8 8 9 9 9 8 7 10 0 10 10 9 8 9 11 0 10
Last Time Cost: 00000012 ms
Total Time Cost: 00001669 ms
Total Distance 327: 9 8 7 8 9 7 10 10 6 8 8 10 9 0 8 0 10 10 9 8 10 10 10 0 8 8 8 9 9 9 8 7 10 0 10 10 9 8 9 11 0 10
Last Time Cost: 00000044 ms
Total Time Cost: 00001713 ms
Total Distance 321: 9 8 7 8 9 6 10 10 5 8 8 10 9 0 8 0 10 10 9 8 9 10 10 0 8 8 8 9 9 8 8 7 10 0 10 9 9 8 8 11 0 10
Last Time Cost: 00000035 ms
Total Time Cost: 00001748 ms
Total Distance 316: 9 8 7 8 9 6 9 10 4 8 8 10 9 0 8 0 10 10 9 8 8 10 10 0 8 8 8 9 9 8 7 7 10 0 10 9 9 8 8 10 0 10
Last Time Cost: 00000022 ms
Total Time Cost: 00001770 ms
Total Distance 313: 9 8 7 8 9 6 8 10 3 8 8 10 9 0 8 0 10 10 9 8 8 10 10 0 8 8 8 9 9 8 7 7 10 0 10 9 9 8 8 9 0 10
Last Time Cost: 00000018 ms
Total Time Cost: 00001788 ms
Total Distance 312: 9 8 7 8 9 6 8 10 2 8 8 10 9 0 8 0 10 10 9 8 8 10 10 0 8 8 8 9 9 8 7 7 10 0 10 9 9 8 8 9 0 10
Last Time Cost: 00000017 ms
Total Time Cost: 00001805 ms
Total Distance 311: 9 8 7 8 9 6 8 10 1 8 8 10 9 0 8 0 10 10 9 8 8 10 10 0 8 8 8 9 9 8 7 7 10 0 10 9 9 8 8 9 0 10
Last Time Cost: 00000017 ms
Total Time Cost: 00001822 ms
Total Distance 310: 9 8 7 8 9 6 8 10 0 8 8 10 9 0 8 0 10 10 9 8 8 10 10 0 8 8 8 9 9 8 7 7 10 0 10 9 9 8 8 9 0 10
Last Time Cost: 00000040 ms
Total Time Cost: 00001862 ms
Total Distance 306: 9 8 7 8 8 5 8 10 0 8 8 10 9 0 8 0 10 10 9 8 8 10 10 0 8 8 8 9 8 8 7 7 10 0 10 9 9 7 8 9 0 10
Last Time Cost: 00000032 ms
Total Time Cost: 00001894 ms
Total Distance 303: 9 8 7 8 8 4 8 9 0 8 8 10 9 0 8 0 10 10 9 8 8 10 10 0 8 8 8 9 8 8 7 7 10 0 10 9 9 6 8 9 0 10
Last Time Cost: 00000027 ms
Total Time Cost: 00001921 ms
Total Distance 301: 9 8 7 8 8 3 8 9 0 8 8 10 9 0 8 0 10 10 9 8 8 10 10 0 8 8 8 9 8 8 7 6 10 0 10 9 9 6 8 9 0 10
Last Time Cost: 00000024 ms
Total Time Cost: 00001945 ms
Total Distance 300: 9 8 7 8 8 2 8 9 0 8 8 10 9 0 8 0 10 10 9 8 8 10 10 0 8 8 8 9 8 8 7 6 10 0 10 9 9 6 8 9 0 10
Last Time Cost: 00000023 ms
Total Time Cost: 00001968 ms
Total Distance 299: 9 8 7 8 8 1 8 9 0 8 8 10 9 0 8 0 10 10 9 8 8 10 10 0 8 8 8 9 8 8 7 6 10 0 10 9 9 6 8 9 0 10
Last Time Cost: 00000024 ms
Total Time Cost: 00001992 ms
Total Distance 298: 9 8 7 8 8 0 8 9 0 8 8 10 9 0 8 0 10 10 9 8 8 10 10 0 8 8 8 9 8 8 7 6 10 0 10 9 9 6 8 9 0 10
Last Time Cost: 00000104 ms
Total Time Cost: 00002096 ms
Total Distance 292: 9 8 7 8 8 0 8 8 0 8 8 9 8 0 8 0 10 10 9 8 8 10 9 0 8 8 8 9 8 8 7 6 10 0 10 8 9 5 8 9 0 10
Last Time Cost: 00000041 ms
Total Time Cost: 00002137 ms
Total Distance 288: 9 8 7 8 8 0 8 8 0 8 8 8 8 0 7 0 10 10 9 8 8 10 9 0 8 8 8 9 8 8 7 6 9 0 10 8 9 4 8 9 0 10
Last Time Cost: 00000038 ms
Total Time Cost: 00002175 ms
Total Distance 285: 9 8 7 8 8 0 8 8 0 8 8 7 8 0 7 0 10 10 9 8 8 10 9 0 8 8 8 9 8 8 7 6 8 0 10 8 9 3 8 9 0 10
Last Time Cost: 00000032 ms
Total Time Cost: 00002207 ms
Total Distance 283: 9 8 7 8 8 0 8 8 0 8 8 7 8 0 7 0 10 10 9 8 8 10 9 0 8 8 8 9 8 8 7 6 7 0 10 8 9 2 8 9 0 10
Last Time Cost: 00000032 ms
Total Time Cost: 00002239 ms
Total Distance 281: 9 8 7 8 8 0 8 8 0 8 8 7 8 0 7 0 10 10 9 8 8 10 8 0 8 8 8 9 8 8 7 6 7 0 10 8 9 1 8 9 0 10
Last Time Cost: 00000032 ms
Total Time Cost: 00002271 ms
Total Distance 280: 9 8 7 8 8 0 8 8 0 8 8 7 8 0 7 0 10 10 9 8 8 10 8 0 8 8 8 9 8 8 7 6 7 0 10 8 9 0 8 9 0 10
Last Time Cost: 00000081 ms
Total Time Cost: 00002352 ms
Total Distance 276: 9 8 7 8 8 0 8 7 0 8 8 7 8 0 7 0 10 10 9 8 8 10 8 0 8 8 8 9 8 7 7 5 7 0 10 8 9 0 8 8 0 10
Last Time Cost: 00000048 ms
Total Time Cost: 00002400 ms
Total Distance 274: 9 8 7 8 8 0 8 7 0 8 8 7 8 0 7 0 10 10 9 8 8 10 8 0 8 8 8 9 8 6 7 4 7 0 10 8 9 0 8 8 0 10
Last Time Cost: 00000046 ms
Total Time Cost: 00002446 ms
Total Distance 272: 9 8 6 8 8 0 8 7 0 8 8 7 8 0 7 0 10 10 9 8 8 10 8 0 8 8 8 9 8 6 7 3 7 0 10 8 9 0 8 8 0 10
Last Time Cost: 00000041 ms
Total Time Cost: 00002487 ms
Total Distance 270: 9 8 6 8 8 0 8 7 0 8 8 7 8 0 7 0 10 10 9 8 8 10 8 0 8 8 8 9 8 6 7 2 7 0 10 8 8 0 8 8 0 10
Last Time Cost: 00000042 ms
Total Time Cost: 00002529 ms
Total Distance 269: 9 8 6 8 8 0 8 7 0 8 8 7 8 0 7 0 10 10 9 8 8 10 8 0 8 8 8 9 8 6 7 1 7 0 10 8 8 0 8 8 0 10
Last Time Cost: 00000043 ms
Total Time Cost: 00002572 ms
Total Distance 268: 9 8 6 8 8 0 8 7 0 8 8 7 8 0 7 0 10 10 9 8 8 10 8 0 8 8 8 9 8 6 7 0 7 0 10 8 8 0 8 8 0 10
Last Time Cost: 00000090 ms
Total Time Cost: 00002662 ms
Total Distance 262: 9 8 6 8 8 0 8 7 0 7 8 6 8 0 7 0 9 9 9 8 8 10 8 0 8 8 8 9 8 5 7 0 7 0 10 8 8 0 7 8 0 10
Last Time Cost: 00000062 ms
Total Time Cost: 00002724 ms
Total Distance 259: 9 8 5 8 8 0 8 7 0 7 8 6 7 0 7 0 9 9 9 8 8 10 8 0 8 8 8 9 8 4 7 0 7 0 10 8 8 0 7 8 0 10
Last Time Cost: 00000059 ms
Total Time Cost: 00002783 ms
Total Distance 256: 9 8 5 8 8 0 7 7 0 7 8 6 7 0 7 0 9 9 9 8 8 10 8 0 8 8 8 9 8 3 7 0 7 0 10 8 8 0 6 8 0 10
Last Time Cost: 00000054 ms
Total Time Cost: 00002837 ms
Total Distance 254: 9 8 5 8 8 0 7 7 0 7 8 6 7 0 7 0 9 9 9 8 8 10 8 0 8 8 8 9 8 2 7 0 7 0 10 8 8 0 5 8 0 10
Last Time Cost: 00000057 ms
Total Time Cost: 00002894 ms
Total Distance 253: 9 8 5 8 8 0 7 7 0 7 8 6 7 0 7 0 9 9 9 8 8 10 8 0 8 8 8 9 8 1 7 0 7 0 10 8 8 0 5 8 0 10
Last Time Cost: 00000055 ms
Total Time Cost: 00002949 ms
Total Distance 252: 9 8 5 8 8 0 7 7 0 7 8 6 7 0 7 0 9 9 9 8 8 10 8 0 8 8 8 9 8 0 7 0 7 0 10 8 8 0 5 8 0 10
Last Time Cost: 00000113 ms
Total Time Cost: 00003062 ms
Total Distance 248: 9 8 5 7 8 0 7 7 0 7 8 6 7 0 7 0 9 9 9 7 8 9 8 0 8 8 8 9 8 0 7 0 7 0 10 8 8 0 4 8 0 10
Last Time Cost: 00000070 ms
Total Time Cost: 00003132 ms
Total Distance 246: 9 8 5 7 8 0 7 7 0 7 8 6 7 0 7 0 9 9 9 7 8 8 8 0 8 8 8 9 8 0 7 0 7 0 10 8 8 0 3 8 0 10
Last Time Cost: 00000066 ms
Total Time Cost: 00003198 ms
Total Distance 245: 9 8 5 7 8 0 7 7 0 7 8 6 7 0 7 0 9 9 9 7 8 8 8 0 8 8 8 9 8 0 7 0 7 0 10 8 8 0 2 8 0 10
Last Time Cost: 00000068 ms
Total Time Cost: 00003266 ms
Total Distance 244: 9 8 5 7 8 0 7 7 0 7 8 6 7 0 7 0 9 9 9 7 8 8 8 0 8 8 8 9 8 0 7 0 7 0 10 8 8 0 1 8 0 10
Last Time Cost: 00000066 ms
Total Time Cost: 00003332 ms
Total Distance 243: 9 8 5 7 8 0 7 7 0 7 8 6 7 0 7 0 9 9 9 7 8 8 8 0 8 8 8 9 8 0 7 0 7 0 10 8 8 0 0 8 0 10
Last Time Cost: 00000091 ms
Total Time Cost: 00003423 ms
Total Distance 240: 9 8 4 7 8 0 7 7 0 7 8 6 7 0 7 0 9 8 9 7 8 8 8 0 8 7 8 9 8 0 7 0 7 0 10 8 8 0 0 8 0 10
Last Time Cost: 00000083 ms
Total Time Cost: 00003506 ms
Total Distance 238: 9 8 3 7 8 0 7 7 0 7 8 6 7 0 7 0 9 8 9 7 8 8 7 0 8 7 8 9 8 0 7 0 7 0 10 8 8 0 0 8 0 10
Last Time Cost: 00000083 ms
Total Time Cost: 00003589 ms
Total Distance 236: 9 8 2 7 8 0 7 7 0 7 8 6 7 0 7 0 9 8 9 7 8 8 7 0 8 7 8 8 8 0 7 0 7 0 10 8 8 0 0 8 0 10
Last Time Cost: 00000080 ms
Total Time Cost: 00003669 ms
Total Distance 235: 9 8 1 7 8 0 7 7 0 7 8 6 7 0 7 0 9 8 9 7 8 8 7 0 8 7 8 8 8 0 7 0 7 0 10 8 8 0 0 8 0 10
Last Time Cost: 00000081 ms
Total Time Cost: 00003750 ms
Total Distance 234: 9 8 0 7 8 0 7 7 0 7 8 6 7 0 7 0 9 8 9 7 8 8 7 0 8 7 8 8 8 0 7 0 7 0 10 8 8 0 0 8 0 10
Last Time Cost: 00000115 ms
Total Time Cost: 00003865 ms
Total Distance 230: 9 8 0 7 8 0 7 7 0 6 8 5 7 0 7 0 8 8 9 7 8 8 7 0 8 6 8 8 8 0 7 0 7 0 10 8 8 0 0 8 0 10
Last Time Cost: 00000105 ms
Total Time Cost: 00003970 ms
Total Distance 227: 9 8 0 7 8 0 7 7 0 6 8 4 7 0 7 0 7 8 9 7 8 8 7 0 8 5 8 8 8 0 7 0 7 0 10 8 8 0 0 8 0 10
Last Time Cost: 00000098 ms
Total Time Cost: 00004068 ms
Total Distance 225: 9 8 0 7 8 0 7 7 0 6 8 3 7 0 7 0 6 8 9 7 8 8 7 0 8 5 8 8 8 0 7 0 7 0 10 8 8 0 0 8 0 10
Last Time Cost: 00000099 ms
Total Time Cost: 00004167 ms
Total Distance 223: 9 8 0 7 8 0 7 7 0 6 8 2 7 0 7 0 5 8 9 7 8 8 7 0 8 5 8 8 8 0 7 0 7 0 10 8 8 0 0 8 0 10
Last Time Cost: 00000101 ms
Total Time Cost: 00004268 ms
Total Distance 222: 9 8 0 7 8 0 7 7 0 6 8 1 7 0 7 0 5 8 9 7 8 8 7 0 8 5 8 8 8 0 7 0 7 0 10 8 8 0 0 8 0 10
Last Time Cost: 00000102 ms
Total Time Cost: 00004370 ms
Total Distance 221: 9 8 0 7 8 0 7 7 0 6 8 0 7 0 7 0 5 8 9 7 8 8 7 0 8 5 8 8 8 0 7 0 7 0 10 8 8 0 0 8 0 10
Last Time Cost: 00000154 ms
Total Time Cost: 00004524 ms
Total Distance 217: 9 8 0 7 8 0 7 7 0 6 7 0 7 0 7 0 4 8 9 7 8 8 6 0 8 5 8 8 8 0 7 0 7 0 10 8 7 0 0 8 0 10
Last Time Cost: 00000129 ms
Total Time Cost: 00004653 ms
Total Distance 215: 9 8 0 7 8 0 7 7 0 6 7 0 7 0 7 0 3 8 9 7 8 8 6 0 8 5 8 8 8 0 7 0 7 0 10 8 6 0 0 8 0 10
Last Time Cost: 00000114 ms
Total Time Cost: 00004767 ms
Total Distance 214: 9 8 0 7 8 0 7 7 0 6 7 0 7 0 7 0 2 8 9 7 8 8 6 0 8 5 8 8 8 0 7 0 7 0 10 8 6 0 0 8 0 10
Last Time Cost: 00000120 ms
Total Time Cost: 00004887 ms
Total Distance 213: 9 8 0 7 8 0 7 7 0 6 7 0 7 0 7 0 1 8 9 7 8 8 6 0 8 5 8 8 8 0 7 0 7 0 10 8 6 0 0 8 0 10
Last Time Cost: 00000122 ms
Total Time Cost: 00005009 ms
Total Distance 212: 9 8 0 7 8 0 7 7 0 6 7 0 7 0 7 0 0 8 9 7 8 8 6 0 8 5 8 8 8 0 7 0 7 0 10 8 6 0 0 8 0 10
Last Time Cost: 00000152 ms
Total Time Cost: 00005161 ms
Total Distance 209: 9 8 0 7 7 0 7 7 0 6 7 0 7 0 7 0 0 8 9 7 8 8 6 0 8 4 8 8 8 0 7 0 7 0 10 8 6 0 0 8 0 9
Last Time Cost: 00000147 ms
Total Time Cost: 00005308 ms
Total Distance 206: 8 8 0 7 7 0 7 7 0 6 7 0 7 0 7 0 0 8 9 7 8 8 6 0 8 3 8 8 8 0 7 0 7 0 9 8 6 0 0 8 0 9
Last Time Cost: 00000023 ms
Total Time Cost: 00005331 ms
Total Distance 204: 8 8 0 7 7 0 7 7 0 6 7 0 7 0 7 0 0 8 9 7 8 8 6 0 8 2 8 8 8 0 7 0 7 0 8 8 6 0 0 8 0 9
Last Time Cost: 00000016 ms
Total Time Cost: 00005347 ms
Total Distance 203: 8 8 0 7 7 0 7 7 0 6 7 0 7 0 7 0 0 8 9 7 8 8 6 0 8 1 8 8 8 0 7 0 7 0 8 8 6 0 0 8 0 9
Last Time Cost: 00000014 ms
Total Time Cost: 00005361 ms
Total Distance 202: 8 8 0 7 7 0 7 7 0 6 7 0 7 0 7 0 0 8 9 7 8 8 6 0 8 0 8 8 8 0 7 0 7 0 8 8 6 0 0 8 0 9
Last Time Cost: 00000079 ms
Total Time Cost: 00005440 ms
Total Distance 198: 8 8 0 7 7 0 7 7 0 5 7 0 7 0 7 0 0 8 8 7 8 8 6 0 8 0 8 8 8 0 7 0 6 0 8 8 6 0 0 8 0 8
Last Time Cost: 00000013 ms
Total Time Cost: 00005453 ms
Total Distance 195: 7 8 0 7 7 0 7 7 0 4 7 0 7 0 7 0 0 8 7 7 8 8 6 0 8 0 8 8 8 0 7 0 6 0 8 8 6 0 0 8 0 8
Last Time Cost: 00000010 ms
Total Time Cost: 00005463 ms
Total Distance 193: 7 8 0 7 7 0 7 7 0 3 7 0 7 0 7 0 0 8 6 7 8 8 6 0 8 0 8 8 8 0 7 0 6 0 8 8 6 0 0 8 0 8
Last Time Cost: 00000009 ms
Total Time Cost: 00005472 ms
Total Distance 191: 7 8 0 7 7 0 7 7 0 2 7 0 7 0 7 0 0 8 6 7 8 8 6 0 8 0 8 8 8 0 7 0 6 0 8 7 6 0 0 8 0 8
Last Time Cost: 00000009 ms
Total Time Cost: 00005481 ms
Total Distance 190: 7 8 0 7 7 0 7 7 0 1 7 0 7 0 7 0 0 8 6 7 8 8 6 0 8 0 8 8 8 0 7 0 6 0 8 7 6 0 0 8 0 8
Last Time Cost: 00000010 ms
Total Time Cost: 00005491 ms
Total Distance 189: 7 8 0 7 7 0 7 7 0 0 7 0 7 0 7 0 0 8 6 7 8 8 6 0 8 0 8 8 8 0 7 0 6 0 8 7 6 0 0 8 0 8
Last Time Cost: 00000042 ms
Total Time Cost: 00005533 ms
Total Distance 186: 7 8 0 7 7 0 7 7 0 0 7 0 7 0 7 0 0 8 5 7 8 8 6 0 8 0 8 8 7 0 7 0 6 0 8 7 6 0 0 7 0 8
Last Time Cost: 00000014 ms
Total Time Cost: 00005547 ms
Total Distance 184: 7 8 0 7 7 0 7 7 0 0 7 0 7 0 6 0 0 8 4 7 8 8 6 0 8 0 8 8 7 0 7 0 6 0 8 7 6 0 0 7 0 8
Last Time Cost: 00000012 ms
Total Time Cost: 00005559 ms
Total Distance 182: 7 8 0 7 7 0 7 7 0 0 7 0 7 0 6 0 0 8 3 7 8 8 6 0 8 0 7 8 7 0 7 0 6 0 8 7 6 0 0 7 0 8
Last Time Cost: 00000011 ms
Total Time Cost: 00005570 ms
Total Distance 180: 7 8 0 7 7 0 7 7 0 0 7 0 7 0 6 0 0 8 2 7 8 8 6 0 8 0 7 7 7 0 7 0 6 0 8 7 6 0 0 7 0 8
Last Time Cost: 00000010 ms
Total Time Cost: 00005580 ms
Total Distance 179: 7 8 0 7 7 0 7 7 0 0 7 0 7 0 6 0 0 8 1 7 8 8 6 0 8 0 7 7 7 0 7 0 6 0 8 7 6 0 0 7 0 8
Last Time Cost: 00000011 ms
Total Time Cost: 00005591 ms
Total Distance 178: 7 8 0 7 7 0 7 7 0 0 7 0 7 0 6 0 0 8 0 7 8 8 6 0 8 0 7 7 7 0 7 0 6 0 8 7 6 0 0 7 0 8
Last Time Cost: 00000072 ms
Total Time Cost: 00005663 ms
Total Distance 175: 7 8 0 7 7 0 7 7 0 0 7 0 7 0 6 0 0 8 0 7 8 8 6 0 8 0 7 6 7 0 7 0 6 0 7 7 5 0 0 7 0 8
Last Time Cost: 00000017 ms
Total Time Cost: 00005680 ms
Total Distance 172: 7 8 0 7 7 0 7 7 0 0 7 0 7 0 6 0 0 7 0 7 8 8 6 0 8 0 7 6 7 0 7 0 5 0 7 7 4 0 0 7 0 8
Last Time Cost: 00000014 ms
Total Time Cost: 00005694 ms
Total Distance 171: 7 8 0 7 7 0 7 7 0 0 7 0 7 0 6 0 0 7 0 7 8 8 6 0 8 0 7 6 7 0 7 0 5 0 7 7 3 0 0 7 0 8
Last Time Cost: 00000014 ms
Total Time Cost: 00005708 ms
Total Distance 170: 7 8 0 7 7 0 7 7 0 0 7 0 7 0 6 0 0 7 0 7 8 8 6 0 8 0 7 6 7 0 7 0 5 0 7 7 2 0 0 7 0 8
Last Time Cost: 00000013 ms
Total Time Cost: 00005721 ms
Total Distance 169: 7 8 0 7 7 0 7 7 0 0 7 0 7 0 6 0 0 7 0 7 8 8 6 0 8 0 7 6 7 0 7 0 5 0 7 7 1 0 0 7 0 8
Last Time Cost: 00000013 ms
Total Time Cost: 00005734 ms
Total Distance 168: 7 8 0 7 7 0 7 7 0 0 7 0 7 0 6 0 0 7 0 7 8 8 6 0 8 0 7 6 7 0 7 0 5 0 7 7 0 0 0 7 0 8
Last Time Cost: 00000019 ms
Total Time Cost: 00005753 ms
Total Distance 164: 7 8 0 7 7 0 7 7 0 0 7 0 6 0 6 0 0 7 0 7 7 8 6 0 8 0 7 6 7 0 7 0 4 0 7 7 0 0 0 7 0 7
Last Time Cost: 00000016 ms
Total Time Cost: 00005769 ms
Total Distance 162: 7 8 0 7 7 0 7 7 0 0 7 0 6 0 6 0 0 7 0 7 7 8 6 0 8 0 7 6 7 0 7 0 3 0 7 7 0 0 0 6 0 7
Last Time Cost: 00000014 ms
Total Time Cost: 00005783 ms
Total Distance 160: 7 8 0 7 7 0 7 7 0 0 7 0 6 0 6 0 0 7 0 7 7 8 6 0 7 0 7 6 7 0 7 0 2 0 7 7 0 0 0 6 0 7
Last Time Cost: 00000015 ms
Total Time Cost: 00005798 ms
Total Distance 159: 7 8 0 7 7 0 7 7 0 0 7 0 6 0 6 0 0 7 0 7 7 8 6 0 7 0 7 6 7 0 7 0 1 0 7 7 0 0 0 6 0 7
Last Time Cost: 00000016 ms
Total Time Cost: 00005814 ms
Total Distance 158: 7 8 0 7 7 0 7 7 0 0 7 0 6 0 6 0 0 7 0 7 7 8 6 0 7 0 7 6 7 0 7 0 0 0 7 7 0 0 0 6 0 7
Last Time Cost: 00000120 ms
Total Time Cost: 00005934 ms
Total Distance 154: 7 8 0 7 7 0 7 7 0 0 7 0 5 0 6 0 0 7 0 7 7 7 6 0 7 0 7 6 7 0 6 0 0 0 6 7 0 0 0 6 0 7
Last Time Cost: 00000019 ms
Total Time Cost: 00005953 ms
Total Distance 152: 7 8 0 7 7 0 7 7 0 0 7 0 4 0 6 0 0 7 0 7 6 7 6 0 7 0 7 6 7 0 6 0 0 0 6 7 0 0 0 6 0 7
Last Time Cost: 00000018 ms
Total Time Cost: 00005971 ms
Total Distance 150: 7 7 0 7 7 0 7 7 0 0 7 0 3 0 6 0 0 7 0 7 6 7 6 0 7 0 7 6 7 0 6 0 0 0 6 7 0 0 0 6 0 7
Last Time Cost: 00000005 ms
Total Time Cost: 00005976 ms
Total Distance 149: 7 7 0 7 7 0 7 7 0 0 7 0 2 0 6 0 0 7 0 7 6 7 6 0 7 0 7 6 7 0 6 0 0 0 6 7 0 0 0 6 0 7
Last Time Cost: 00000001 ms
Total Time Cost: 00005977 ms
Total Distance 148: 7 7 0 7 7 0 7 7 0 0 7 0 1 0 6 0 0 7 0 7 6 7 6 0 7 0 7 6 7 0 6 0 0 0 6 7 0 0 0 6 0 7
Last Time Cost: 00000001 ms
Total Time Cost: 00005978 ms
Total Distance 147: 7 7 0 7 7 0 7 7 0 0 7 0 0 0 6 0 0 7 0 7 6 7 6 0 7 0 7 6 7 0 6 0 0 0 6 7 0 0 0 6 0 7
Last Time Cost: 00000115 ms
Total Time Cost: 00006093 ms
Total Distance 144: 7 6 0 7 7 0 7 6 0 0 7 0 0 0 6 0 0 7 0 7 6 7 6 0 7 0 7 5 7 0 6 0 0 0 6 7 0 0 0 6 0 7
Last Time Cost: 00000009 ms
Total Time Cost: 00006102 ms
Total Distance 142: 7 5 0 7 7 0 7 6 0 0 7 0 0 0 6 0 0 7 0 7 6 7 6 0 7 0 7 4 7 0 6 0 0 0 6 7 0 0 0 6 0 7
Last Time Cost: 00000003 ms
Total Time Cost: 00006105 ms
Total Distance 141: 7 5 0 7 7 0 7 6 0 0 7 0 0 0 6 0 0 7 0 7 6 7 6 0 7 0 7 3 7 0 6 0 0 0 6 7 0 0 0 6 0 7
Last Time Cost: 00000002 ms
Total Time Cost: 00006107 ms
Total Distance 140: 7 5 0 7 7 0 7 6 0 0 7 0 0 0 6 0 0 7 0 7 6 7 6 0 7 0 7 2 7 0 6 0 0 0 6 7 0 0 0 6 0 7
Last Time Cost: 00000002 ms
Total Time Cost: 00006109 ms
Total Distance 139: 7 5 0 7 7 0 7 6 0 0 7 0 0 0 6 0 0 7 0 7 6 7 6 0 7 0 7 1 7 0 6 0 0 0 6 7 0 0 0 6 0 7
Last Time Cost: 00000002 ms
Total Time Cost: 00006111 ms
Total Distance 138: 7 5 0 7 7 0 7 6 0 0 7 0 0 0 6 0 0 7 0 7 6 7 6 0 7 0 7 0 7 0 6 0 0 0 6 7 0 0 0 6 0 7
Last Time Cost: 00000009 ms
Total Time Cost: 00006120 ms
Total Distance 136: 7 4 0 7 7 0 7 6 0 0 7 0 0 0 6 0 0 7 0 7 6 7 5 0 7 0 7 0 7 0 6 0 0 0 6 7 0 0 0 6 0 7
Last Time Cost: 00000005 ms
Total Time Cost: 00006125 ms
Total Distance 134: 7 3 0 7 7 0 7 6 0 0 7 0 0 0 6 0 0 7 0 7 6 7 5 0 7 0 7 0 7 0 6 0 0 0 6 6 0 0 0 6 0 7
Last Time Cost: 00000005 ms
Total Time Cost: 00006130 ms
Total Distance 132: 7 2 0 7 7 0 7 6 0 0 7 0 0 0 6 0 0 7 0 7 6 7 5 0 7 0 6 0 7 0 6 0 0 0 6 6 0 0 0 6 0 7
Last Time Cost: 00000001 ms
Total Time Cost: 00006131 ms
Total Distance 131: 7 1 0 7 7 0 7 6 0 0 7 0 0 0 6 0 0 7 0 7 6 7 5 0 7 0 6 0 7 0 6 0 0 0 6 6 0 0 0 6 0 7
Last Time Cost: 00000001 ms
Total Time Cost: 00006132 ms
Total Distance 130: 7 0 0 7 7 0 7 6 0 0 7 0 0 0 6 0 0 7 0 7 6 7 5 0 7 0 6 0 7 0 6 0 0 0 6 6 0 0 0 6 0 7
Last Time Cost: 00000007 ms
Total Time Cost: 00006139 ms
Total Distance 128: 7 0 0 7 7 0 7 6 0 0 7 0 0 0 6 0 0 7 0 6 6 7 4 0 7 0 6 0 7 0 6 0 0 0 6 6 0 0 0 6 0 7
Last Time Cost: 00000003 ms
Total Time Cost: 00006142 ms
Total Distance 126: 7 0 0 7 7 0 7 6 0 0 7 0 0 0 6 0 0 7 0 6 6 7 3 0 7 0 6 0 6 0 6 0 0 0 6 6 0 0 0 6 0 7
Last Time Cost: 00000002 ms
Total Time Cost: 00006144 ms
Total Distance 125: 7 0 0 7 7 0 7 6 0 0 7 0 0 0 6 0 0 7 0 6 6 7 2 0 7 0 6 0 6 0 6 0 0 0 6 6 0 0 0 6 0 7
Last Time Cost: 00000001 ms
Total Time Cost: 00006145 ms
Total Distance 124: 7 0 0 7 7 0 7 6 0 0 7 0 0 0 6 0 0 7 0 6 6 7 1 0 7 0 6 0 6 0 6 0 0 0 6 6 0 0 0 6 0 7
Last Time Cost: 00000001 ms
Total Time Cost: 00006146 ms
Total Distance 122: 7 0 0 7 7 0 7 6 0 0 7 0 0 0 6 0 0 7 0 6 6 6 0 0 7 0 6 0 6 0 6 0 0 0 6 6 0 0 0 6 0 7
Last Time Cost: 00000192 ms
Total Time Cost: 00006338 ms
Total Distance 119: 7 0 0 7 7 0 6 5 0 0 7 0 0 0 6 0 0 7 0 6 6 6 0 0 7 0 6 0 6 0 5 0 0 0 6 6 0 0 0 6 0 7
Last Time Cost: 00000021 ms
Total Time Cost: 00006359 ms
Total Distance 117: 7 0 0 7 7 0 5 5 0 0 7 0 0 0 6 0 0 7 0 6 6 6 0 0 7 0 6 0 6 0 4 0 0 0 6 6 0 0 0 6 0 7
Last Time Cost: 00000002 ms
Total Time Cost: 00006361 ms
Total Distance 116: 7 0 0 7 7 0 5 5 0 0 7 0 0 0 6 0 0 7 0 6 6 6 0 0 7 0 6 0 6 0 3 0 0 0 6 6 0 0 0 6 0 7
Last Time Cost: 00000002 ms
Total Time Cost: 00006363 ms
Total Distance 115: 7 0 0 7 7 0 5 5 0 0 7 0 0 0 6 0 0 7 0 6 6 6 0 0 7 0 6 0 6 0 2 0 0 0 6 6 0 0 0 6 0 7
Last Time Cost: 00000001 ms
Total Time Cost: 00006364 ms
Total Distance 114: 7 0 0 7 7 0 5 5 0 0 7 0 0 0 6 0 0 7 0 6 6 6 0 0 7 0 6 0 6 0 1 0 0 0 6 6 0 0 0 6 0 7
Last Time Cost: 00000001 ms
Total Time Cost: 00006365 ms
Total Distance 113: 7 0 0 7 7 0 5 5 0 0 7 0 0 0 6 0 0 7 0 6 6 6 0 0 7 0 6 0 6 0 0 0 0 0 6 6 0 0 0 6 0 7
Last Time Cost: 00000019 ms
Total Time Cost: 00006384 ms
Total Distance 110: 6 0 0 7 7 0 4 5 0 0 7 0 0 0 6 0 0 6 0 6 6 6 0 0 7 0 6 0 6 0 0 0 0 0 6 6 0 0 0 6 0 7
Last Time Cost: 00000003 ms
Total Time Cost: 00006387 ms
Total Distance 109: 6 0 0 7 7 0 3 5 0 0 7 0 0 0 6 0 0 6 0 6 6 6 0 0 7 0 6 0 6 0 0 0 0 0 6 6 0 0 0 6 0 7
Last Time Cost: 00000001 ms
Total Time Cost: 00006388 ms
Total Distance 108: 6 0 0 7 7 0 2 5 0 0 7 0 0 0 6 0 0 6 0 6 6 6 0 0 7 0 6 0 6 0 0 0 0 0 6 6 0 0 0 6 0 7
Last Time Cost: 00000001 ms
Total Time Cost: 00006389 ms
Total Distance 107: 6 0 0 7 7 0 1 5 0 0 7 0 0 0 6 0 0 6 0 6 6 6 0 0 7 0 6 0 6 0 0 0 0 0 6 6 0 0 0 6 0 7
Last Time Cost: 00000001 ms
Total Time Cost: 00006390 ms
Total Distance 106: 6 0 0 7 7 0 0 5 0 0 7 0 0 0 6 0 0 6 0 6 6 6 0 0 7 0 6 0 6 0 0 0 0 0 6 6 0 0 0 6 0 7
Last Time Cost: 00000010 ms
Total Time Cost: 00006400 ms
Total Distance 105: 6 0 0 7 7 0 0 4 0 0 7 0 0 0 6 0 0 6 0 6 6 6 0 0 7 0 6 0 6 0 0 0 0 0 6 6 0 0 0 6 0 7
Last Time Cost: 00000003 ms
Total Time Cost: 00006403 ms
Total Distance 104: 6 0 0 7 7 0 0 3 0 0 7 0 0 0 6 0 0 6 0 6 6 6 0 0 7 0 6 0 6 0 0 0 0 0 6 6 0 0 0 6 0 7
Last Time Cost: 00000002 ms
Total Time Cost: 00006405 ms
Total Distance 103: 6 0 0 7 7 0 0 2 0 0 7 0 0 0 6 0 0 6 0 6 6 6 0 0 7 0 6 0 6 0 0 0 0 0 6 6 0 0 0 6 0 7
Last Time Cost: 00000002 ms
Total Time Cost: 00006407 ms
Total Distance 102: 6 0 0 7 7 0 0 1 0 0 7 0 0 0 6 0 0 6 0 6 6 6 0 0 7 0 6 0 6 0 0 0 0 0 6 6 0 0 0 6 0 7
Last Time Cost: 00000001 ms
Total Time Cost: 00006408 ms
Total Distance 101: 6 0 0 7 7 0 0 0 0 0 7 0 0 0 6 0 0 6 0 6 6 6 0 0 7 0 6 0 6 0 0 0 0 0 6 6 0 0 0 6 0 7
Last Time Cost: 00000239 ms
Total Time Cost: 00006647 ms
Total Distance 98: 6 0 0 6 7 0 0 0 0 0 7 0 0 0 6 0 0 6 0 6 6 6 0 0 7 0 6 0 5 0 0 0 0 0 6 6 0 0 0 5 0 7
Last Time Cost: 00000017 ms
Total Time Cost: 00006664 ms
Total Distance 96: 6 0 0 6 7 0 0 0 0 0 7 0 0 0 6 0 0 6 0 6 6 6 0 0 7 0 6 0 4 0 0 0 0 0 6 6 0 0 0 4 0 7
Last Time Cost: 00000004 ms
Total Time Cost: 00006668 ms
Total Distance 94: 6 0 0 6 7 0 0 0 0 0 7 0 0 0 6 0 0 6 0 6 6 6 0 0 7 0 6 0 3 0 0 0 0 0 5 6 0 0 0 4 0 7
Last Time Cost: 00000002 ms
Total Time Cost: 00006670 ms
Total Distance 92: 6 0 0 5 7 0 0 0 0 0 7 0 0 0 6 0 0 6 0 6 6 6 0 0 7 0 6 0 2 0 0 0 0 0 5 6 0 0 0 4 0 7
Last Time Cost: 00000001 ms
Total Time Cost: 00006671 ms
Total Distance 91: 6 0 0 5 7 0 0 0 0 0 7 0 0 0 6 0 0 6 0 6 6 6 0 0 7 0 6 0 1 0 0 0 0 0 5 6 0 0 0 4 0 7
Last Time Cost: 00000001 ms
Total Time Cost: 00006672 ms
Total Distance 90: 6 0 0 5 7 0 0 0 0 0 7 0 0 0 6 0 0 6 0 6 6 6 0 0 7 0 6 0 0 0 0 0 0 0 5 6 0 0 0 4 0 7
Last Time Cost: 00000002 ms
Total Time Cost: 00006674 ms
Total Distance 89: 6 0 0 5 7 0 0 0 0 0 7 0 0 0 6 0 0 6 0 6 6 6 0 0 7 0 6 0 0 0 0 0 0 0 5 6 0 0 0 3 0 7
Last Time Cost: 00000002 ms
Total Time Cost: 00006676 ms
Total Distance 88: 6 0 0 5 7 0 0 0 0 0 7 0 0 0 6 0 0 6 0 6 6 6 0 0 7 0 6 0 0 0 0 0 0 0 5 6 0 0 0 2 0 7
Last Time Cost: 00000001 ms
Total Time Cost: 00006677 ms
Total Distance 86: 6 0 0 5 6 0 0 0 0 0 7 0 0 0 6 0 0 6 0 6 6 6 0 0 7 0 6 0 0 0 0 0 0 0 5 6 0 0 0 1 0 7
Last Time Cost: 00000001 ms
Total Time Cost: 00006678 ms
Total Distance 85: 6 0 0 5 6 0 0 0 0 0 7 0 0 0 6 0 0 6 0 6 6 6 0 0 7 0 6 0 0 0 0 0 0 0 5 6 0 0 0 0 0 7
Last Time Cost: 00000018 ms
Total Time Cost: 00006696 ms
Total Distance 84: 6 0 0 5 6 0 0 0 0 0 7 0 0 0 6 0 0 6 0 6 6 6 0 0 7 0 6 0 0 0 0 0 0 0 4 6 0 0 0 0 0 7
Last Time Cost: 00000002 ms
Total Time Cost: 00006698 ms
Total Distance 83: 6 0 0 5 6 0 0 0 0 0 7 0 0 0 6 0 0 6 0 6 6 6 0 0 7 0 6 0 0 0 0 0 0 0 3 6 0 0 0 0 0 7
Last Time Cost: 00000002 ms
Total Time Cost: 00006700 ms
Total Distance 82: 6 0 0 5 6 0 0 0 0 0 7 0 0 0 6 0 0 6 0 6 6 6 0 0 7 0 6 0 0 0 0 0 0 0 2 6 0 0 0 0 0 7
Last Time Cost: 00000001 ms
Total Time Cost: 00006701 ms
Total Distance 81: 6 0 0 5 6 0 0 0 0 0 7 0 0 0 6 0 0 6 0 6 6 6 0 0 7 0 6 0 0 0 0 0 0 0 1 6 0 0 0 0 0 7
Last Time Cost: 00000001 ms
Total Time Cost: 00006702 ms
Total Distance 80: 6 0 0 5 6 0 0 0 0 0 7 0 0 0 6 0 0 6 0 6 6 6 0 0 7 0 6 0 0 0 0 0 0 0 0 6 0 0 0 0 0 7
Last Time Cost: 00000013 ms
Total Time Cost: 00006715 ms
Total Distance 79: 6 0 0 4 6 0 0 0 0 0 7 0 0 0 6 0 0 6 0 6 6 6 0 0 7 0 6 0 0 0 0 0 0 0 0 6 0 0 0 0 0 7
Last Time Cost: 00000002 ms
Total Time Cost: 00006717 ms
Total Distance 78: 6 0 0 3 6 0 0 0 0 0 7 0 0 0 6 0 0 6 0 6 6 6 0 0 7 0 6 0 0 0 0 0 0 0 0 6 0 0 0 0 0 7
Last Time Cost: 00000002 ms
Total Time Cost: 00006719 ms
Total Distance 77: 6 0 0 2 6 0 0 0 0 0 7 0 0 0 6 0 0 6 0 6 6 6 0 0 7 0 6 0 0 0 0 0 0 0 0 6 0 0 0 0 0 7
Last Time Cost: 00000002 ms
Total Time Cost: 00006721 ms
Total Distance 76: 6 0 0 1 6 0 0 0 0 0 7 0 0 0 6 0 0 6 0 6 6 6 0 0 7 0 6 0 0 0 0 0 0 0 0 6 0 0 0 0 0 7
Last Time Cost: 00000001 ms
Total Time Cost: 00006722 ms
Total Distance 75: 6 0 0 0 6 0 0 0 0 0 7 0 0 0 6 0 0 6 0 6 6 6 0 0 7 0 6 0 0 0 0 0 0 0 0 6 0 0 0 0 0 7
Last Time Cost: 00000332 ms
Total Time Cost: 00007054 ms
Total Distance 73: 6 0 0 0 6 0 0 0 0 0 7 0 0 0 5 0 0 6 0 6 6 6 0 0 7 0 6 0 0 0 0 0 0 0 0 5 0 0 0 0 0 7
Last Time Cost: 00000026 ms
Total Time Cost: 00007080 ms
Total Distance 71: 6 0 0 0 6 0 0 0 0 0 7 0 0 0 4 0 0 5 0 6 6 6 0 0 7 0 6 0 0 0 0 0 0 0 0 5 0 0 0 0 0 7
Last Time Cost: 00000003 ms
Total Time Cost: 00007083 ms
Total Distance 70: 6 0 0 0 6 0 0 0 0 0 7 0 0 0 3 0 0 5 0 6 6 6 0 0 7 0 6 0 0 0 0 0 0 0 0 5 0 0 0 0 0 7
Last Time Cost: 00000002 ms
Total Time Cost: 00007085 ms
Total Distance 68: 6 0 0 0 6 0 0 0 0 0 7 0 0 0 2 0 0 5 0 6 6 6 0 0 7 0 6 0 0 0 0 0 0 0 0 5 0 0 0 0 0 6
Last Time Cost: 00000002 ms
Total Time Cost: 00007087 ms
Total Distance 67: 6 0 0 0 6 0 0 0 0 0 7 0 0 0 1 0 0 5 0 6 6 6 0 0 7 0 6 0 0 0 0 0 0 0 0 5 0 0 0 0 0 6
Last Time Cost: 00000001 ms
Total Time Cost: 00007088 ms
Total Distance 66: 6 0 0 0 6 0 0 0 0 0 7 0 0 0 0 0 0 5 0 6 6 6 0 0 7 0 6 0 0 0 0 0 0 0 0 5 0 0 0 0 0 6
Last Time Cost: 00000027 ms
Total Time Cost: 00007115 ms
Total Distance 64: 6 0 0 0 6 0 0 0 0 0 7 0 0 0 0 0 0 4 0 6 6 6 0 0 6 0 6 0 0 0 0 0 0 0 0 5 0 0 0 0 0 6
Last Time Cost: 00000002 ms
Total Time Cost: 00007117 ms
Total Distance 63: 6 0 0 0 6 0 0 0 0 0 7 0 0 0 0 0 0 3 0 6 6 6 0 0 6 0 6 0 0 0 0 0 0 0 0 5 0 0 0 0 0 6
Last Time Cost: 00000002 ms
Total Time Cost: 00007119 ms
Total Distance 62: 6 0 0 0 6 0 0 0 0 0 7 0 0 0 0 0 0 2 0 6 6 6 0 0 6 0 6 0 0 0 0 0 0 0 0 5 0 0 0 0 0 6
Last Time Cost: 00000001 ms
Total Time Cost: 00007120 ms
Total Distance 60: 6 0 0 0 6 0 0 0 0 0 7 0 0 0 0 0 0 1 0 6 6 6 0 0 5 0 6 0 0 0 0 0 0 0 0 5 0 0 0 0 0 6
Last Time Cost: 00000001 ms
Total Time Cost: 00007121 ms
Total Distance 59: 6 0 0 0 6 0 0 0 0 0 7 0 0 0 0 0 0 0 0 6 6 6 0 0 5 0 6 0 0 0 0 0 0 0 0 5 0 0 0 0 0 6
Last Time Cost: 00000025 ms
Total Time Cost: 00007146 ms
Total Distance 58: 6 0 0 0 6 0 0 0 0 0 7 0 0 0 0 0 0 0 0 6 6 6 0 0 4 0 6 0 0 0 0 0 0 0 0 5 0 0 0 0 0 6
Last Time Cost: 00000002 ms
Total Time Cost: 00007148 ms
Total Distance 57: 6 0 0 0 6 0 0 0 0 0 7 0 0 0 0 0 0 0 0 6 6 6 0 0 3 0 6 0 0 0 0 0 0 0 0 5 0 0 0 0 0 6
Last Time Cost: 00000002 ms
Total Time Cost: 00007150 ms
Total Distance 56: 6 0 0 0 6 0 0 0 0 0 7 0 0 0 0 0 0 0 0 6 6 6 0 0 2 0 6 0 0 0 0 0 0 0 0 5 0 0 0 0 0 6
Last Time Cost: 00000001 ms
Total Time Cost: 00007151 ms
Total Distance 55: 6 0 0 0 6 0 0 0 0 0 7 0 0 0 0 0 0 0 0 6 6 6 0 0 1 0 6 0 0 0 0 0 0 0 0 5 0 0 0 0 0 6
Last Time Cost: 00000001 ms
Total Time Cost: 00007152 ms
Total Distance 54: 6 0 0 0 6 0 0 0 0 0 7 0 0 0 0 0 0 0 0 6 6 6 0 0 0 0 6 0 0 0 0 0 0 0 0 5 0 0 0 0 0 6
Last Time Cost: 00000015 ms
Total Time Cost: 00007167 ms
Total Distance 52: 6 0 0 0 6 0 0 0 0 0 6 0 0 0 0 0 0 0 0 6 6 6 0 0 0 0 6 0 0 0 0 0 0 0 0 4 0 0 0 0 0 6
Last Time Cost: 00000001 ms
Total Time Cost: 00007168 ms
Total Distance 51: 6 0 0 0 6 0 0 0 0 0 6 0 0 0 0 0 0 0 0 6 6 6 0 0 0 0 6 0 0 0 0 0 0 0 0 3 0 0 0 0 0 6
Last Time Cost: 00000001 ms
Total Time Cost: 00007169 ms
Total Distance 50: 6 0 0 0 6 0 0 0 0 0 6 0 0 0 0 0 0 0 0 6 6 6 0 0 0 0 6 0 0 0 0 0 0 0 0 2 0 0 0 0 0 6
Last Time Cost: 00000001 ms
Total Time Cost: 00007170 ms
Total Distance 49: 6 0 0 0 6 0 0 0 0 0 6 0 0 0 0 0 0 0 0 6 6 6 0 0 0 0 6 0 0 0 0 0 0 0 0 1 0 0 0 0 0 6
Last Time Cost: 00000001 ms
Total Time Cost: 00007171 ms
Total Distance 48: 6 0 0 0 6 0 0 0 0 0 6 0 0 0 0 0 0 0 0 6 6 6 0 0 0 0 6 0 0 0 0 0 0 0 0 0 0 0 0 0 0 6
Last Time Cost: 00000336 ms
Total Time Cost: 00007507 ms
Total Distance 46: 5 0 0 0 6 0 0 0 0 0 6 0 0 0 0 0 0 0 0 6 6 5 0 0 0 0 6 0 0 0 0 0 0 0 0 0 0 0 0 0 0 6
Last Time Cost: 00000028 ms
Total Time Cost: 00007535 ms
Total Distance 45: 5 0 0 0 6 0 0 0 0 0 6 0 0 0 0 0 0 0 0 6 6 4 0 0 0 0 6 0 0 0 0 0 0 0 0 0 0 0 0 0 0 6
Last Time Cost: 00000002 ms
Total Time Cost: 00007537 ms
Total Distance 44: 5 0 0 0 6 0 0 0 0 0 6 0 0 0 0 0 0 0 0 6 6 3 0 0 0 0 6 0 0 0 0 0 0 0 0 0 0 0 0 0 0 6
Last Time Cost: 00000001 ms
Total Time Cost: 00007538 ms
Total Distance 43: 5 0 0 0 6 0 0 0 0 0 6 0 0 0 0 0 0 0 0 6 6 2 0 0 0 0 6 0 0 0 0 0 0 0 0 0 0 0 0 0 0 6
Last Time Cost: 00000002 ms
Total Time Cost: 00007540 ms
Total Distance 42: 5 0 0 0 6 0 0 0 0 0 6 0 0 0 0 0 0 0 0 6 6 1 0 0 0 0 6 0 0 0 0 0 0 0 0 0 0 0 0 0 0 6
Last Time Cost: 00000004 ms
Total Time Cost: 00007544 ms
Total Distance 41: 5 0 0 0 6 0 0 0 0 0 6 0 0 0 0 0 0 0 0 6 6 0 0 0 0 0 6 0 0 0 0 0 0 0 0 0 0 0 0 0 0 6
Last Time Cost: 00000021 ms
Total Time Cost: 00007565 ms
Total Distance 40: 4 0 0 0 6 0 0 0 0 0 6 0 0 0 0 0 0 0 0 6 6 0 0 0 0 0 6 0 0 0 0 0 0 0 0 0 0 0 0 0 0 6
Last Time Cost: 00000001 ms
Total Time Cost: 00007566 ms
Total Distance 39: 3 0 0 0 6 0 0 0 0 0 6 0 0 0 0 0 0 0 0 6 6 0 0 0 0 0 6 0 0 0 0 0 0 0 0 0 0 0 0 0 0 6
Last Time Cost: 00000002 ms
Total Time Cost: 00007568 ms
Total Distance 37: 2 0 0 0 6 0 0 0 0 0 5 0 0 0 0 0 0 0 0 6 6 0 0 0 0 0 6 0 0 0 0 0 0 0 0 0 0 0 0 0 0 6
Last Time Cost: 00000002 ms
Total Time Cost: 00007570 ms
Total Distance 36: 1 0 0 0 6 0 0 0 0 0 5 0 0 0 0 0 0 0 0 6 6 0 0 0 0 0 6 0 0 0 0 0 0 0 0 0 0 0 0 0 0 6
Last Time Cost: 00000002 ms
Total Time Cost: 00007572 ms
Total Distance 35: 0 0 0 0 6 0 0 0 0 0 5 0 0 0 0 0 0 0 0 6 6 0 0 0 0 0 6 0 0 0 0 0 0 0 0 0 0 0 0 0 0 6
Last Time Cost: 00000019 ms
Total Time Cost: 00007591 ms
Total Distance 34: 0 0 0 0 6 0 0 0 0 0 4 0 0 0 0 0 0 0 0 6 6 0 0 0 0 0 6 0 0 0 0 0 0 0 0 0 0 0 0 0 0 6
Last Time Cost: 00000002 ms
Total Time Cost: 00007593 ms
Total Distance 33: 0 0 0 0 6 0 0 0 0 0 3 0 0 0 0 0 0 0 0 6 6 0 0 0 0 0 6 0 0 0 0 0 0 0 0 0 0 0 0 0 0 6
Last Time Cost: 00000002 ms
Total Time Cost: 00007595 ms
Total Distance 32: 0 0 0 0 6 0 0 0 0 0 2 0 0 0 0 0 0 0 0 6 6 0 0 0 0 0 6 0 0 0 0 0 0 0 0 0 0 0 0 0 0 6
Last Time Cost: 00000002 ms
Total Time Cost: 00007597 ms
Total Distance 31: 0 0 0 0 6 0 0 0 0 0 1 0 0 0 0 0 0 0 0 6 6 0 0 0 0 0 6 0 0 0 0 0 0 0 0 0 0 0 0 0 0 6
Last Time Cost: 00000001 ms
Total Time Cost: 00007598 ms
Total Distance 30: 0 0 0 0 6 0 0 0 0 0 0 0 0 0 0 0 0 0 0 6 6 0 0 0 0 0 6 0 0 0 0 0 0 0 0 0 0 0 0 0 0 6
Last Time Cost: 00000314 ms
Total Time Cost: 00007912 ms
Total Distance 28: 0 0 0 0 6 0 0 0 0 0 0 0 0 0 0 0 0 0 0 5 6 0 0 0 0 0 6 0 0 0 0 0 0 0 0 0 0 0 0 0 0 5
Last Time Cost: 00000036 ms
Total Time Cost: 00007948 ms
Total Distance 27: 0 0 0 0 6 0 0 0 0 0 0 0 0 0 0 0 0 0 0 4 6 0 0 0 0 0 6 0 0 0 0 0 0 0 0 0 0 0 0 0 0 5
Last Time Cost: 00000003 ms
Total Time Cost: 00007951 ms
Total Distance 26: 0 0 0 0 6 0 0 0 0 0 0 0 0 0 0 0 0 0 0 3 6 0 0 0 0 0 6 0 0 0 0 0 0 0 0 0 0 0 0 0 0 5
Last Time Cost: 00000003 ms
Total Time Cost: 00007954 ms
Total Distance 25: 0 0 0 0 6 0 0 0 0 0 0 0 0 0 0 0 0 0 0 2 6 0 0 0 0 0 6 0 0 0 0 0 0 0 0 0 0 0 0 0 0 5
Last Time Cost: 00000002 ms
Total Time Cost: 00007956 ms
Total Distance 24: 0 0 0 0 6 0 0 0 0 0 0 0 0 0 0 0 0 0 0 1 6 0 0 0 0 0 6 0 0 0 0 0 0 0 0 0 0 0 0 0 0 5
Last Time Cost: 00000002 ms
Total Time Cost: 00007958 ms
Total Distance 23: 0 0 0 0 6 0 0 0 0 0 0 0 0 0 0 0 0 0 0 0 6 0 0 0 0 0 6 0 0 0 0 0 0 0 0 0 0 0 0 0 0 5
Last Time Cost: 00000024 ms
Total Time Cost: 00007982 ms
Total Distance 22: 0 0 0 0 6 0 0 0 0 0 0 0 0 0 0 0 0 0 0 0 6 0 0 0 0 0 6 0 0 0 0 0 0 0 0 0 0 0 0 0 0 4
Last Time Cost: 00000002 ms
Total Time Cost: 00007984 ms
Total Distance 21: 0 0 0 0 6 0 0 0 0 0 0 0 0 0 0 0 0 0 0 0 6 0 0 0 0 0 6 0 0 0 0 0 0 0 0 0 0 0 0 0 0 3
Last Time Cost: 00000002 ms
Total Time Cost: 00007986 ms
Total Distance 20: 0 0 0 0 6 0 0 0 0 0 0 0 0 0 0 0 0 0 0 0 6 0 0 0 0 0 6 0 0 0 0 0 0 0 0 0 0 0 0 0 0 2
Last Time Cost: 00000002 ms
Total Time Cost: 00007988 ms
Total Distance 19: 0 0 0 0 6 0 0 0 0 0 0 0 0 0 0 0 0 0 0 0 6 0 0 0 0 0 6 0 0 0 0 0 0 0 0 0 0 0 0 0 0 1
Last Time Cost: 00000002 ms
Total Time Cost: 00007990 ms
Total Distance 18: 0 0 0 0 6 0 0 0 0 0 0 0 0 0 0 0 0 0 0 0 6 0 0 0 0 0 6 0 0 0 0 0 0 0 0 0 0 0 0 0 0 0
Last Time Cost: 00000233 ms
Total Time Cost: 00008223 ms
Total Distance 16: 0 0 0 0 5 0 0 0 0 0 0 0 0 0 0 0 0 0 0 0 5 0 0 0 0 0 6 0 0 0 0 0 0 0 0 0 0 0 0 0 0 0
Last Time Cost: 00000050 ms
Total Time Cost: 00008273 ms
Total Distance 15: 0 0 0 0 5 0 0 0 0 0 0 0 0 0 0 0 0 0 0 0 4 0 0 0 0 0 6 0 0 0 0 0 0 0 0 0 0 0 0 0 0 0
Last Time Cost: 00000002 ms
Total Time Cost: 00008275 ms
Total Distance 14: 0 0 0 0 5 0 0 0 0 0 0 0 0 0 0 0 0 0 0 0 3 0 0 0 0 0 6 0 0 0 0 0 0 0 0 0 0 0 0 0 0 0
Last Time Cost: 00000002 ms
Total Time Cost: 00008277 ms
Total Distance 13: 0 0 0 0 5 0 0 0 0 0 0 0 0 0 0 0 0 0 0 0 2 0 0 0 0 0 6 0 0 0 0 0 0 0 0 0 0 0 0 0 0 0
Last Time Cost: 00000002 ms
Total Time Cost: 00008279 ms
Total Distance 12: 0 0 0 0 5 0 0 0 0 0 0 0 0 0 0 0 0 0 0 0 1 0 0 0 0 0 6 0 0 0 0 0 0 0 0 0 0 0 0 0 0 0
Last Time Cost: 00000002 ms
Total Time Cost: 00008281 ms
Total Distance 11: 0 0 0 0 5 0 0 0 0 0 0 0 0 0 0 0 0 0 0 0 0 0 0 0 0 0 6 0 0 0 0 0 0 0 0 0 0 0 0 0 0 0
Last Time Cost: 00000027 ms
Total Time Cost: 00008308 ms
Total Distance 10: 0 0 0 0 4 0 0 0 0 0 0 0 0 0 0 0 0 0 0 0 0 0 0 0 0 0 6 0 0 0 0 0 0 0 0 0 0 0 0 0 0 0
Last Time Cost: 00000002 ms
Total Time Cost: 00008310 ms
Total Distance 9: 0 0 0 0 3 0 0 0 0 0 0 0 0 0 0 0 0 0 0 0 0 0 0 0 0 0 6 0 0 0 0 0 0 0 0 0 0 0 0 0 0 0
Last Time Cost: 00000002 ms
Total Time Cost: 00008312 ms
Total Distance 8: 0 0 0 0 2 0 0 0 0 0 0 0 0 0 0 0 0 0 0 0 0 0 0 0 0 0 6 0 0 0 0 0 0 0 0 0 0 0 0 0 0 0
Last Time Cost: 00000002 ms
Total Time Cost: 00008314 ms
Total Distance 7: 0 0 0 0 1 0 0 0 0 0 0 0 0 0 0 0 0 0 0 0 0 0 0 0 0 0 6 0 0 0 0 0 0 0 0 0 0 0 0 0 0 0
Last Time Cost: 00000002 ms
Total Time Cost: 00008316 ms
Total Distance 6: 0 0 0 0 0 0 0 0 0 0 0 0 0 0 0 0 0 0 0 0 0 0 0 0 0 0 6 0 0 0 0 0 0 0 0 0 0 0 0 0 0 0
Last Time Cost: 00000112 ms
Total Time Cost: 00008428 ms
Total Distance 5: 0 0 0 0 0 0 0 0 0 0 0 0 0 0 0 0 0 0 0 0 0 0 0 0 0 0 5 0 0 0 0 0 0 0 0 0 0 0 0 0 0 0
Last Time Cost: 00000030 ms
Total Time Cost: 00008458 ms
Total Distance 4: 0 0 0 0 0 0 0 0 0 0 0 0 0 0 0 0 0 0 0 0 0 0 0 0 0 0 4 0 0 0 0 0 0 0 0 0 0 0 0 0 0 0
Last Time Cost: 00000001 ms
Total Time Cost: 00008459 ms
Total Distance 3: 0 0 0 0 0 0 0 0 0 0 0 0 0 0 0 0 0 0 0 0 0 0 0 0 0 0 3 0 0 0 0 0 0 0 0 0 0 0 0 0 0 0
Last Time Cost: 00000000 ms
Total Time Cost: 00008459 ms
Total Distance 2: 0 0 0 0 0 0 0 0 0 0 0 0 0 0 0 0 0 0 0 0 0 0 0 0 0 0 2 0 0 0 0 0 0 0 0 0 0 0 0 0 0 0
Last Time Cost: 00000000 ms
Total Time Cost: 00008459 ms
Total Distance 1: 0 0 0 0 0 0 0 0 0 0 0 0 0 0 0 0 0 0 0 0 0 0 0 0 0 0 1 0 0 0 0 0 0 0 0 0 0 0 0 0 0 0
Last Time Cost: 00000000 ms
Total Time Cost: 00008459 ms
Total Distance 0: 0 0 0 0 0 0 0 0 0 0 0 0 0 0 0 0 0 0 0 0 0 0 0 0 0 0 0 0 0 0 0 0 0 0 0 0 0 0 0 0 0 0
