Last Time Cost: 00000000 ms
Total Time Cost: 00000000 ms
Total Distance 550: 12 12 12 12 12 12 12 12 12 12 12 12 10 10 10 10 10 10 10 10 10 10 10 10 11 11 11 11 11 11 11 11 11 11 11 11 11 11 11 11 11 11 11 11 11 11 11 11 11 11
Last Time Cost: 00001243 ms
Total Time Cost: 00001243 ms
Total Distance 541: 11 12 11 12 11 12 12 12 12 12 12 12 10 10 9 10 10 10 10 10 10 10 10 10 11 11 11 11 11 11 11 10 11 11 11 11 10 11 10 11 11 11 11 11 11 11 11 11 10 10
Last Time Cost: 00000109 ms
Total Time Cost: 00001352 ms
Total Distance 534: 11 12 11 12 11 11 12 12 12 12 12 12 10 10 8 10 10 10 10 10 10 10 10 10 11 11 11 10 11 10 11 10 11 11 10 11 9 11 10 11 11 11 11 11 11 10 11 11 10 10
Last Time Cost: 00000086 ms
Total Time Cost: 00001438 ms
Total Distance 528: 11 12 11 12 11 11 12 12 12 12 12 12 10 10 7 10 10 10 10 10 9 10 10 10 11 11 11 10 11 10 10 10 11 11 10 11 9 11 9 11 11 11 10 11 11 10 11 10 10 10
Last Time Cost: 00000070 ms
Total Time Cost: 00001508 ms
Total Distance 523: 11 12 11 12 11 10 12 12 12 12 12 12 10 10 6 10 10 10 10 10 9 10 10 10 11 11 11 10 11 9 10 10 11 11 9 11 9 11 9 11 11 11 10 11 11 9 11 10 10 10
Last Time Cost: 00000059 ms
Total Time Cost: 00001567 ms
Total Distance 518: 11 12 11 12 11 10 12 12 12 12 12 11 9 10 5 10 10 10 10 9 9 10 10 10 11 10 11 10 11 9 10 10 11 11 9 11 9 11 9 11 11 11 10 11 11 9 11 10 10 10
Last Time Cost: 00000049 ms
Total Time Cost: 00001616 ms
Total Distance 515: 11 12 11 12 11 10 12 12 12 12 12 11 8 10 4 10 10 10 10 9 9 10 10 10 11 9 11 10 11 9 10 10 11 11 9 11 9 11 9 11 11 11 10 11 11 9 11 10 10 10
Last Time Cost: 00000042 ms
Total Time Cost: 00001658 ms
Total Distance 513: 11 12 11 12 11 10 12 12 12 12 12 11 8 10 3 10 10 10 10 9 9 10 10 10 11 9 11 10 11 9 10 10 11 11 9 11 9 11 8 11 11 11 10 11 11 9 11 10 10 10
Last Time Cost: 00000035 ms
Total Time Cost: 00001693 ms
Total Distance 510: 11 12 11 12 11 10 12 12 12 12 12 11 8 10 2 10 10 10 10 9 9 10 10 10 11 9 11 10 11 9 10 10 11 11 9 11 9 11 8 11 11 11 9 11 11 9 11 10 10 9
Last Time Cost: 00000030 ms
Total Time Cost: 00001723 ms
Total Distance 509: 11 12 11 12 11 10 12 12 12 12 12 11 8 10 1 10 10 10 10 9 9 10 10 10 11 9 11 10 11 9 10 10 11 11 9 11 9 11 8 11 11 11 9 11 11 9 11 10 10 9
Last Time Cost: 00000026 ms
Total Time Cost: 00001749 ms
Total Distance 508: 11 12 11 12 11 10 12 12 12 12 12 11 8 10 0 10 10 10 10 9 9 10 10 10 11 9 11 10 11 9 10 10 11 11 9 11 9 11 8 11 11 11 9 11 11 9 11 10 10 9
Last Time Cost: 00000309 ms
Total Time Cost: 00002058 ms
Total Distance 502: 11 12 11 12 11 10 12 12 12 12 12 11 7 10 0 10 10 10 9 9 9 10 10 10 11 8 11 10 11 9 9 10 10 11 9 11 9 11 8 11 11 11 9 11 11 8 11 10 10 9
Last Time Cost: 00000141 ms
Total Time Cost: 00002199 ms
Total Distance 496: 11 12 11 12 11 10 12 12 12 12 11 11 6 9 0 10 10 10 8 8 9 10 10 10 11 8 10 10 11 9 9 10 10 11 9 11 9 11 8 11 11 11 9 11 11 8 11 10 10 9
Last Time Cost: 00000116 ms
Total Time Cost: 00002315 ms
Total Distance 492: 11 12 11 12 11 10 12 12 12 12 11 11 5 9 0 10 10 10 8 8 9 10 10 10 11 8 10 10 11 9 8 10 9 11 9 11 9 11 8 11 11 11 9 11 11 7 11 10 10 9
Last Time Cost: 00000100 ms
Total Time Cost: 00002415 ms
Total Distance 489: 11 12 11 12 11 10 12 11 12 12 11 11 4 9 0 10 10 10 8 8 9 10 10 10 11 7 10 10 11 9 8 10 9 11 9 11 9 11 8 11 11 11 9 11 11 7 11 10 10 9
Last Time Cost: 00000083 ms
Total Time Cost: 00002498 ms
Total Distance 487: 11 12 11 12 11 10 12 11 12 12 11 11 3 9 0 10 10 10 8 7 9 10 10 10 11 7 10 10 11 9 8 10 9 11 9 11 9 11 8 11 11 11 9 11 11 7 11 10 10 9
Last Time Cost: 00000069 ms
Total Time Cost: 00002567 ms
Total Distance 485: 11 12 11 12 11 10 12 10 12 12 11 11 2 9 0 10 10 10 8 7 9 10 10 10 11 7 10 10 11 9 8 10 9 11 9 11 9 11 8 11 11 11 9 11 11 7 11 10 10 9
Last Time Cost: 00000059 ms
Total Time Cost: 00002626 ms
Total Distance 484: 11 12 11 12 11 10 12 10 12 12 11 11 1 9 0 10 10 10 8 7 9 10 10 10 11 7 10 10 11 9 8 10 9 11 9 11 9 11 8 11 11 11 9 11 11 7 11 10 10 9
Last Time Cost: 00000052 ms
Total Time Cost: 00002678 ms
Total Distance 483: 11 12 11 12 11 10 12 10 12 12 11 11 0 9 0 10 10 10 8 7 9 10 10 10 11 7 10 10 11 9 8 10 9 11 9 11 9 11 8 11 11 11 9 11 11 7 11 10 10 9
Last Time Cost: 00000620 ms
Total Time Cost: 00003298 ms
Total Distance 477: 11 12 11 12 11 10 12 10 12 12 11 11 0 8 0 10 10 9 8 7 9 10 10 10 11 7 9 10 11 9 8 10 8 11 9 11 9 11 8 10 11 11 9 11 11 6 11 10 10 9
Last Time Cost: 00000201 ms
Total Time Cost: 00003499 ms
Total Distance 474: 11 12 11 12 11 10 12 10 12 12 10 11 0 8 0 10 10 9 8 7 9 10 10 10 11 7 9 9 11 9 8 10 8 11 9 11 9 11 8 10 11 11 9 11 11 5 11 10 10 9
Last Time Cost: 00000165 ms
Total Time Cost: 00003664 ms
Total Distance 472: 11 12 11 12 11 10 12 10 12 12 10 11 0 8 0 10 10 9 8 7 9 10 10 10 11 7 9 9 11 9 8 10 7 11 9 11 9 11 8 10 11 11 9 11 11 4 11 10 10 9
Last Time Cost: 00000139 ms
Total Time Cost: 00003803 ms
Total Distance 470: 11 12 11 12 11 10 12 10 12 12 10 11 0 8 0 10 10 9 8 7 9 10 10 10 11 7 9 8 11 9 8 10 7 11 9 11 9 11 8 10 11 11 9 11 11 3 11 10 10 9
Last Time Cost: 00000118 ms
Total Time Cost: 00003921 ms
Total Distance 468: 11 12 11 12 11 10 12 10 12 12 10 11 0 8 0 10 10 9 8 7 9 10 10 10 11 7 9 8 11 9 8 10 7 11 9 11 9 10 8 10 11 11 9 11 11 2 11 10 10 9
Last Time Cost: 00000100 ms
Total Time Cost: 00004021 ms
Total Distance 467: 11 12 11 12 11 10 12 10 12 12 10 11 0 8 0 10 10 9 8 7 9 10 10 10 11 7 9 8 11 9 8 10 7 11 9 11 9 10 8 10 11 11 9 11 11 1 11 10 10 9
Last Time Cost: 00000090 ms
Total Time Cost: 00004111 ms
Total Distance 466: 11 12 11 12 11 10 12 10 12 12 10 11 0 8 0 10 10 9 8 7 9 10 10 10 11 7 9 8 11 9 8 10 7 11 9 11 9 10 8 10 11 11 9 11 11 0 11 10 10 9
Last Time Cost: 00000928 ms
Total Time Cost: 00005039 ms
Total Distance 460: 11 12 11 12 11 10 12 10 11 12 10 11 0 8 0 9 10 9 8 6 9 10 10 10 11 7 9 8 11 9 8 10 7 11 9 11 9 10 8 10 10 10 9 11 11 0 11 10 10 8
Last Time Cost: 00000293 ms
Total Time Cost: 00005332 ms
Total Distance 455: 11 12 11 11 11 10 12 10 11 12 10 11 0 8 0 9 10 9 8 5 8 10 9 10 10 7 9 8 11 9 8 10 7 11 9 11 9 10 8 10 10 10 9 11 11 0 11 10 10 8
Last Time Cost: 00000244 ms
Total Time Cost: 00005576 ms
Total Distance 452: 11 12 11 10 11 10 12 10 11 12 10 11 0 8 0 9 10 9 8 4 8 10 8 10 10 7 9 8 11 9 8 10 7 11 9 11 9 10 8 10 10 10 9 11 11 0 11 10 10 8
Last Time Cost: 00000204 ms
Total Time Cost: 00005780 ms
Total Distance 450: 11 12 11 10 11 10 12 10 11 12 10 11 0 8 0 9 10 9 8 3 8 10 8 10 10 7 9 8 11 9 8 10 7 11 9 11 9 10 8 10 10 10 9 11 11 0 11 10 10 7
Last Time Cost: 00000179 ms
Total Time Cost: 00005959 ms
Total Distance 449: 11 12 11 10 11 10 12 10 11 12 10 11 0 8 0 9 10 9 8 2 8 10 8 10 10 7 9 8 11 9 8 10 7 11 9 11 9 10 8 10 10 10 9 11 11 0 11 10 10 7
Last Time Cost: 00000159 ms
Total Time Cost: 00006118 ms
Total Distance 448: 11 12 11 10 11 10 12 10 11 12 10 11 0 8 0 9 10 9 8 1 8 10 8 10 10 7 9 8 11 9 8 10 7 11 9 11 9 10 8 10 10 10 9 11 11 0 11 10 10 7
Last Time Cost: 00000149 ms
Total Time Cost: 00006267 ms
Total Distance 447: 11 12 11 10 11 10 12 10 11 12 10 11 0 8 0 9 10 9 8 0 8 10 8 10 10 7 9 8 11 9 8 10 7 11 9 11 9 10 8 10 10 10 9 11 11 0 11 10 10 7
Last Time Cost: 00001218 ms
Total Time Cost: 00007485 ms
Total Distance 438: 11 11 11 10 11 9 12 9 10 12 10 10 0 8 0 9 10 9 8 0 8 10 8 10 10 7 9 8 11 9 8 10 7 11 8 10 9 10 8 10 9 10 9 11 11 0 11 10 10 6
Last Time Cost: 00000380 ms
Total Time Cost: 00007865 ms
Total Distance 434: 11 10 11 10 11 8 12 9 10 12 10 10 0 8 0 9 10 9 8 0 8 10 8 10 10 7 9 8 11 9 8 10 7 11 8 9 9 10 8 10 9 10 9 11 11 0 11 10 10 5
Last Time Cost: 00000322 ms
Total Time Cost: 00008187 ms
Total Distance 430: 10 10 11 10 11 7 12 9 10 12 10 10 0 8 0 9 10 9 8 0 8 10 8 10 10 7 9 8 11 9 8 10 7 10 8 9 9 10 8 10 9 10 9 11 11 0 11 10 10 4
Last Time Cost: 00000275 ms
Total Time Cost: 00008462 ms
Total Distance 426: 9 9 11 10 11 7 12 9 10 12 10 10 0 8 0 9 10 9 8 0 8 10 8 10 10 7 9 8 11 9 8 10 7 9 8 9 9 10 8 10 9 10 9 11 11 0 11 10 10 3
Last Time Cost: 00000252 ms
Total Time Cost: 00008714 ms
Total Distance 424: 9 9 11 10 11 7 12 9 10 12 10 10 0 8 0 9 10 9 8 0 8 10 8 10 10 7 9 8 11 9 8 10 7 9 8 9 9 10 8 10 9 10 9 11 11 0 11 9 10 2
Last Time Cost: 00000238 ms
Total Time Cost: 00008952 ms
Total Distance 422: 9 9 11 10 11 7 12 9 10 12 10 10 0 8 0 9 10 9 8 0 8 10 8 10 10 7 9 8 10 9 8 10 7 9 8 9 9 10 8 10 9 10 9 11 11 0 11 9 10 1
Last Time Cost: 00000234 ms
Total Time Cost: 00009186 ms
Total Distance 421: 9 9 11 10 11 7 12 9 10 12 10 10 0 8 0 9 10 9 8 0 8 10 8 10 10 7 9 8 10 9 8 10 7 9 8 9 9 10 8 10 9 10 9 11 11 0 11 9 10 0
Last Time Cost: 00001193 ms
Total Time Cost: 00010379 ms
Total Distance 416: 9 9 11 10 11 7 12 9 10 12 10 10 0 8 0 9 10 9 7 0 8 10 8 10 10 6 8 8 10 9 8 10 7 9 7 9 9 10 8 10 9 10 9 11 10 0 11 9 10 0
Last Time Cost: 00000463 ms
Total Time Cost: 00010842 ms
Total Distance 411: 9 9 10 10 11 7 12 9 10 12 10 10 0 8 0 9 10 9 7 0 8 10 8 9 10 5 8 8 10 9 8 10 7 8 7 9 9 10 7 10 9 10 9 11 10 0 11 9 10 0
Last Time Cost: 00000409 ms
Total Time Cost: 00011251 ms
Total Distance 408: 9 9 10 10 11 7 12 9 10 11 10 10 0 8 0 9 10 9 7 0 8 10 8 9 10 4 8 8 10 9 8 10 7 8 7 9 9 10 7 10 9 10 9 11 9 0 11 9 10 0
Last Time Cost: 00000382 ms
Total Time Cost: 00011633 ms
Total Distance 406: 9 9 10 10 11 7 12 9 10 11 10 10 0 8 0 9 10 8 7 0 8 10 8 9 10 3 8 8 10 9 8 10 7 8 7 9 9 10 7 10 9 10 9 11 9 0 11 9 10 0
Last Time Cost: 00000368 ms
Total Time Cost: 00012001 ms
Total Distance 405: 9 9 10 10 11 7 12 9 10 11 10 10 0 8 0 9 10 8 7 0 8 10 8 9 10 2 8 8 10 9 8 10 7 8 7 9 9 10 7 10 9 10 9 11 9 0 11 9 10 0
Last Time Cost: 00000365 ms
Total Time Cost: 00012366 ms
Total Distance 404: 9 9 10 10 11 7 12 9 10 11 10 10 0 8 0 9 10 8 7 0 8 10 8 9 10 1 8 8 10 9 8 10 7 8 7 9 9 10 7 10 9 10 9 11 9 0 11 9 10 0
Last Time Cost: 00000366 ms
Total Time Cost: 00012732 ms
Total Distance 403: 9 9 10 10 11 7 12 9 10 11 10 10 0 8 0 9 10 8 7 0 8 10 8 9 10 0 8 8 10 9 8 10 7 8 7 9 9 10 7 10 9 10 9 11 9 0 11 9 10 0
Last Time Cost: 00002679 ms
Total Time Cost: 00015411 ms
Total Distance 398: 9 9 10 10 11 7 12 9 10 11 10 10 0 8 0 9 10 8 7 0 7 10 7 9 10 0 8 8 10 9 8 10 7 8 6 9 9 10 7 10 9 10 8 11 9 0 10 9 10 0
Last Time Cost: 00000616 ms
Total Time Cost: 00016027 ms
Total Distance 395: 9 9 10 10 11 7 12 9 10 10 10 9 0 8 0 9 10 8 7 0 7 10 7 9 10 0 8 8 10 9 8 10 7 8 5 9 9 10 7 10 9 10 8 11 9 0 10 9 10 0
Last Time Cost: 00000558 ms
Total Time Cost: 00016585 ms
Total Distance 393: 9 9 10 10 11 7 12 9 10 10 10 9 0 8 0 9 10 8 7 0 7 10 6 9 10 0 8 8 10 9 8 10 7 8 4 9 9 10 7 10 9 10 8 11 9 0 10 9 10 0
Last Time Cost: 00000545 ms
Total Time Cost: 00017130 ms
Total Distance 391: 9 9 10 10 11 7 12 9 10 10 10 9 0 8 0 9 10 8 7 0 7 10 6 9 10 0 8 8 10 9 8 9 7 8 3 9 9 10 7 10 9 10 8 11 9 0 10 9 10 0
Last Time Cost: 00000546 ms
Total Time Cost: 00017676 ms
Total Distance 389: 9 8 10 10 11 7 12 9 10 10 10 9 0 8 0 9 10 8 7 0 7 10 6 9 10 0 8 8 10 9 8 9 7 8 2 9 9 10 7 10 9 10 8 11 9 0 10 9 10 0
Last Time Cost: 00000547 ms
Total Time Cost: 00018223 ms
Total Distance 388: 9 8 10 10 11 7 12 9 10 10 10 9 0 8 0 9 10 8 7 0 7 10 6 9 10 0 8 8 10 9 8 9 7 8 1 9 9 10 7 10 9 10 8 11 9 0 10 9 10 0
Last Time Cost: 00000759 ms
Total Time Cost: 00018982 ms
Total Distance 387: 9 8 10 10 11 7 12 9 10 10 10 9 0 8 0 9 10 8 7 0 7 10 6 9 10 0 8 8 10 9 8 9 7 8 0 9 9 10 7 10 9 10 8 11 9 0 10 9 10 0
Last Time Cost: 00001048 ms
Total Time Cost: 00020030 ms
Total Distance 383: 9 8 10 10 11 7 12 9 10 10 10 9 0 8 0 9 10 8 7 0 7 10 5 9 10 0 8 8 9 9 8 9 7 8 0 9 9 10 7 10 9 10 8 11 9 0 9 8 10 0
Last Time Cost: 00000792 ms
Total Time Cost: 00020822 ms
Total Distance 381: 9 8 10 10 11 7 12 9 10 10 10 9 0 8 0 9 10 8 7 0 7 10 4 9 10 0 8 8 9 9 8 9 7 8 0 9 9 10 7 10 9 10 8 11 9 0 9 7 10 0
Last Time Cost: 00000871 ms
Total Time Cost: 00021693 ms
Total Distance 379: 9 8 10 10 11 7 12 9 10 10 10 9 0 8 0 9 10 8 7 0 7 10 3 9 10 0 8 8 9 9 8 9 7 8 0 9 9 10 7 10 9 10 8 11 9 0 8 7 10 0
Last Time Cost: 00000948 ms
Total Time Cost: 00022641 ms
Total Distance 378: 9 8 10 10 11 7 12 9 10 10 10 9 0 8 0 9 10 8 7 0 7 10 2 9 10 0 8 8 9 9 8 9 7 8 0 9 9 10 7 10 9 10 8 11 9 0 8 7 10 0
Last Time Cost: 00000992 ms
Total Time Cost: 00023633 ms
Total Distance 377: 9 8 10 10 11 7 12 9 10 10 10 9 0 8 0 9 10 8 7 0 7 10 1 9 10 0 8 8 9 9 8 9 7 8 0 9 9 10 7 10 9 10 8 11 9 0 8 7 10 0
Last Time Cost: 00001063 ms
Total Time Cost: 00024696 ms
Total Distance 376: 9 8 10 10 11 7 12 9 10 10 10 9 0 8 0 9 10 8 7 0 7 10 0 9 10 0 8 8 9 9 8 9 7 8 0 9 9 10 7 10 9 10 8 11 9 0 8 7 10 0
Last Time Cost: 00005291 ms
Total Time Cost: 00029987 ms
Total Distance 372: 9 7 10 10 11 6 12 9 10 10 10 8 0 7 0 9 10 8 7 0 7 10 0 9 10 0 8 8 9 9 8 9 7 8 0 9 9 10 7 10 9 10 8 11 9 0 8 7 10 0
Last Time Cost: 00001311 ms
Total Time Cost: 00031298 ms
Total Distance 368: 9 7 10 10 11 5 12 8 10 10 10 8 0 7 0 8 10 8 7 0 7 10 0 9 10 0 8 8 9 9 8 9 7 8 0 9 8 10 7 10 9 10 8 11 9 0 8 7 10 0
Last Time Cost: 00001419 ms
Total Time Cost: 00032717 ms
Total Distance 365: 9 7 10 10 11 4 12 7 10 10 10 8 0 7 0 7 10 8 7 0 7 10 0 9 10 0 8 8 9 9 8 9 7 8 0 9 8 10 7 10 9 10 8 11 9 0 8 7 10 0
Last Time Cost: 00001506 ms
Total Time Cost: 00034223 ms
Total Distance 363: 9 7 10 10 11 3 12 7 10 10 10 8 0 7 0 7 10 8 7 0 7 10 0 9 10 0 8 8 9 8 8 9 7 8 0 9 8 10 7 10 9 10 8 11 9 0 8 7 10 0
Last Time Cost: 00001436 ms
Total Time Cost: 00035659 ms
Total Distance 361: 9 7 10 10 11 2 12 7 10 10 10 8 0 7 0 7 10 8 7 0 7 10 0 9 10 0 8 8 9 8 8 9 7 8 0 9 8 10 7 10 9 9 8 11 9 0 8 7 10 0
Last Time Cost: 00001666 ms
Total Time Cost: 00037325 ms
Total Distance 359: 9 7 10 10 11 1 11 7 10 10 10 8 0 7 0 7 10 8 7 0 7 10 0 9 10 0 8 8 9 8 8 9 7 8 0 9 8 10 7 10 9 9 8 11 9 0 8 7 10 0
Last Time Cost: 00000106 ms
Total Time Cost: 00037431 ms
Total Distance 358: 9 7 10 10 11 0 11 7 10 10 10 8 0 7 0 7 10 8 7 0 7 10 0 9 10 0 8 8 9 8 8 9 7 8 0 9 8 10 7 10 9 9 8 11 9 0 8 7 10 0
Last Time Cost: 00010169 ms
Total Time Cost: 00047600 ms
Total Distance 352: 9 6 10 10 11 0 11 7 10 10 10 7 0 7 0 7 10 8 7 0 7 10 0 9 10 0 8 8 9 8 8 9 7 8 0 8 8 10 7 10 9 9 8 10 8 0 7 7 10 0
Last Time Cost: 00000405 ms
Total Time Cost: 00048005 ms
Total Distance 350: 9 5 10 10 11 0 11 7 10 10 10 6 0 7 0 7 10 8 7 0 7 10 0 9 10 0 8 8 9 8 8 9 7 8 0 8 8 10 7 10 9 9 8 10 8 0 7 7 10 0
Last Time Cost: 00000315 ms
Total Time Cost: 00048320 ms
Total Distance 348: 9 4 10 10 11 0 11 7 10 10 10 6 0 7 0 7 10 8 7 0 7 10 0 9 10 0 7 8 9 8 8 9 7 8 0 8 8 10 7 10 9 9 8 10 8 0 7 7 10 0
Last Time Cost: 00000246 ms
Total Time Cost: 00048566 ms
Total Distance 347: 9 3 10 10 11 0 11 7 10 10 10 6 0 7 0 7 10 8 7 0 7 10 0 9 10 0 7 8 9 8 8 9 7 8 0 8 8 10 7 10 9 9 8 10 8 0 7 7 10 0
Last Time Cost: 00000187 ms
Total Time Cost: 00048753 ms
Total Distance 346: 9 2 10 10 11 0 11 7 10 10 10 6 0 7 0 7 10 8 7 0 7 10 0 9 10 0 7 8 9 8 8 9 7 8 0 8 8 10 7 10 9 9 8 10 8 0 7 7 10 0
Last Time Cost: 00000143 ms
Total Time Cost: 00048896 ms
Total Distance 345: 9 1 10 10 11 0 11 7 10 10 10 6 0 7 0 7 10 8 7 0 7 10 0 9 10 0 7 8 9 8 8 9 7 8 0 8 8 10 7 10 9 9 8 10 8 0 7 7 10 0
Last Time Cost: 00000110 ms
Total Time Cost: 00049006 ms
Total Distance 344: 9 0 10 10 11 0 11 7 10 10 10 6 0 7 0 7 10 8 7 0 7 10 0 9 10 0 7 8 9 8 8 9 7 8 0 8 8 10 7 10 9 9 8 10 8 0 7 7 10 0
Last Time Cost: 00000509 ms
Total Time Cost: 00049515 ms
Total Distance 340: 9 0 9 10 11 0 10 7 10 10 10 5 0 7 0 7 10 8 7 0 7 10 0 9 10 0 7 8 9 8 8 9 7 8 0 8 8 10 7 10 9 9 7 10 8 0 7 7 10 0
Last Time Cost: 00000299 ms
Total Time Cost: 00049814 ms
Total Distance 337: 9 0 9 10 10 0 10 7 10 10 10 4 0 7 0 7 10 8 7 0 7 10 0 9 10 0 7 8 9 8 7 9 7 8 0 8 8 10 7 10 9 9 7 10 8 0 7 7 10 0
Last Time Cost: 00000166 ms
Total Time Cost: 00049980 ms
Total Distance 335: 9 0 9 10 10 0 10 7 10 10 10 3 0 7 0 7 10 8 7 0 7 10 0 9 10 0 7 8 9 8 7 9 7 8 0 8 8 10 7 10 9 9 7 9 8 0 7 7 10 0
Last Time Cost: 00000144 ms
Total Time Cost: 00050124 ms
Total Distance 334: 9 0 9 10 10 0 10 7 10 10 10 2 0 7 0 7 10 8 7 0 7 10 0 9 10 0 7 8 9 8 7 9 7 8 0 8 8 10 7 10 9 9 7 9 8 0 7 7 10 0
Last Time Cost: 00000132 ms
Total Time Cost: 00050256 ms
Total Distance 333: 9 0 9 10 10 0 10 7 10 10 10 1 0 7 0 7 10 8 7 0 7 10 0 9 10 0 7 8 9 8 7 9 7 8 0 8 8 10 7 10 9 9 7 9 8 0 7 7 10 0
Last Time Cost: 00000123 ms
Total Time Cost: 00050379 ms
Total Distance 332: 9 0 9 10 10 0 10 7 10 10 10 0 0 7 0 7 10 8 7 0 7 10 0 9 10 0 7 8 9 8 7 9 7 8 0 8 8 10 7 10 9 9 7 9 8 0 7 7 10 0
Last Time Cost: 00006168 ms
Total Time Cost: 00056547 ms
Total Distance 327: 9 0 9 10 10 0 10 7 10 10 10 0 0 6 0 7 10 8 7 0 7 10 0 9 10 0 6 8 9 8 7 8 7 8 0 8 8 10 7 10 9 9 7 9 8 0 6 7 9 0
Last Time Cost: 00000806 ms
Total Time Cost: 00057353 ms
Total Distance 322: 9 0 9 10 10 0 10 7 10 10 9 0 0 5 0 7 10 8 7 0 7 10 0 8 10 0 6 8 9 8 7 8 7 7 0 8 8 9 7 10 9 9 7 9 8 0 6 7 9 0
Last Time Cost: 00000232 ms
Total Time Cost: 00057585 ms
Total Distance 319: 9 0 9 10 10 0 10 7 10 10 9 0 0 4 0 7 10 8 7 0 7 10 0 8 10 0 5 8 9 8 7 8 7 7 0 8 8 9 7 10 9 9 7 9 8 0 5 7 9 0
Last Time Cost: 00000205 ms
Total Time Cost: 00057790 ms
Total Distance 317: 9 0 9 10 10 0 10 7 10 10 9 0 0 3 0 7 10 8 7 0 7 10 0 8 10 0 4 8 9 8 7 8 7 7 0 8 8 9 7 10 9 9 7 9 8 0 5 7 9 0
Last Time Cost: 00000181 ms
Total Time Cost: 00057971 ms
Total Distance 315: 9 0 9 10 10 0 10 7 10 10 9 0 0 2 0 7 10 8 7 0 7 10 0 7 10 0 4 8 9 8 7 8 7 7 0 8 8 9 7 10 9 9 7 9 8 0 5 7 9 0
Last Time Cost: 00000167 ms
Total Time Cost: 00058138 ms
Total Distance 314: 9 0 9 10 10 0 10 7 10 10 9 0 0 1 0 7 10 8 7 0 7 10 0 7 10 0 4 8 9 8 7 8 7 7 0 8 8 9 7 10 9 9 7 9 8 0 5 7 9 0
Last Time Cost: 00000158 ms
Total Time Cost: 00058296 ms
Total Distance 313: 9 0 9 10 10 0 10 7 10 10 9 0 0 0 0 7 10 8 7 0 7 10 0 7 10 0 4 8 9 8 7 8 7 7 0 8 8 9 7 10 9 9 7 9 8 0 5 7 9 0
Last Time Cost: 00000381 ms
Total Time Cost: 00058677 ms
Total Distance 310: 9 0 9 10 10 0 10 7 10 10 9 0 0 0 0 7 10 8 7 0 7 10 0 7 10 0 3 7 8 8 7 8 7 7 0 8 8 9 7 10 9 9 7 9 8 0 5 7 9 0
Last Time Cost: 00000205 ms
Total Time Cost: 00058882 ms
Total Distance 309: 9 0 9 10 10 0 10 7 10 10 9 0 0 0 0 7 10 8 7 0 7 10 0 7 10 0 2 7 8 8 7 8 7 7 0 8 8 9 7 10 9 9 7 9 8 0 5 7 9 0
Last Time Cost: 00000192 ms
Total Time Cost: 00059074 ms
Total Distance 308: 9 0 9 10 10 0 10 7 10 10 9 0 0 0 0 7 10 8 7 0 7 10 0 7 10 0 1 7 8 8 7 8 7 7 0 8 8 9 7 10 9 9 7 9 8 0 5 7 9 0
Last Time Cost: 00000181 ms
Total Time Cost: 00059255 ms
Total Distance 306: 9 0 9 10 10 0 10 7 10 10 9 0 0 0 0 7 9 8 7 0 7 10 0 7 10 0 0 7 8 8 7 8 7 7 0 8 8 9 7 10 9 9 7 9 8 0 5 7 9 0
Last Time Cost: 00000490 ms
Total Time Cost: 00059745 ms
Total Distance 303: 9 0 9 9 10 0 10 7 10 10 9 0 0 0 0 7 9 8 7 0 7 10 0 7 10 0 0 7 8 8 7 8 7 7 0 8 8 9 7 10 9 9 7 9 8 0 4 7 8 0
Last Time Cost: 00000268 ms
Total Time Cost: 00060013 ms
Total Distance 301: 9 0 9 9 10 0 10 7 10 10 9 0 0 0 0 7 9 8 7 0 7 10 0 7 10 0 0 7 7 8 7 8 7 7 0 8 8 9 7 10 9 9 7 9 8 0 3 7 8 0
Last Time Cost: 00000239 ms
Total Time Cost: 00060252 ms
Total Distance 300: 9 0 9 9 10 0 10 7 10 10 9 0 0 0 0 7 9 8 7 0 7 10 0 7 10 0 0 7 7 8 7 8 7 7 0 8 8 9 7 10 9 9 7 9 8 0 2 7 8 0
Last Time Cost: 00000224 ms
Total Time Cost: 00060476 ms
Total Distance 299: 9 0 9 9 10 0 10 7 10 10 9 0 0 0 0 7 9 8 7 0 7 10 0 7 10 0 0 7 7 8 7 8 7 7 0 8 8 9 7 10 9 9 7 9 8 0 1 7 8 0
Last Time Cost: 00000215 ms
Total Time Cost: 00060691 ms
Total Distance 298: 9 0 9 9 10 0 10 7 10 10 9 0 0 0 0 7 9 8 7 0 7 10 0 7 10 0 0 7 7 8 7 8 7 7 0 8 8 9 7 10 9 9 7 9 8 0 0 7 8 0
Last Time Cost: 00010944 ms
Total Time Cost: 00071635 ms
Total Distance 294: 9 0 9 9 10 0 10 7 10 10 9 0 0 0 0 7 9 7 7 0 7 10 0 7 9 0 0 7 7 8 7 8 7 7 0 8 8 9 6 10 8 9 7 9 8 0 0 7 8 0
Last Time Cost: 00000406 ms
Total Time Cost: 00072041 ms
Total Distance 292: 9 0 9 9 10 0 10 7 10 10 9 0 0 0 0 7 9 7 6 0 7 10 0 7 9 0 0 7 7 8 7 8 7 7 0 8 8 9 5 10 8 9 7 9 8 0 0 7 8 0
Last Time Cost: 00000363 ms
Total Time Cost: 00072404 ms
Total Distance 290: 9 0 9 9 10 0 10 7 10 10 9 0 0 0 0 7 9 7 6 0 7 10 0 7 9 0 0 7 7 8 7 8 7 7 0 8 8 9 4 10 7 9 7 9 8 0 0 7 8 0
Last Time Cost: 00000330 ms
Total Time Cost: 00072734 ms
Total Distance 288: 9 0 8 9 10 0 10 7 10 10 9 0 0 0 0 7 9 7 6 0 7 10 0 7 9 0 0 7 7 8 7 8 7 7 0 8 8 9 3 10 7 9 7 9 8 0 0 7 8 0
Last Time Cost: 00000299 ms
Total Time Cost: 00073033 ms
Total Distance 286: 9 0 8 9 10 0 10 7 10 10 9 0 0 0 0 7 9 7 6 0 7 10 0 7 9 0 0 6 7 8 7 8 7 7 0 8 8 9 2 10 7 9 7 9 8 0 0 7 8 0
Last Time Cost: 00000281 ms
Total Time Cost: 00073314 ms
Total Distance 285: 9 0 8 9 10 0 10 7 10 10 9 0 0 0 0 7 9 7 6 0 7 10 0 7 9 0 0 6 7 8 7 8 7 7 0 8 8 9 1 10 7 9 7 9 8 0 0 7 8 0
Last Time Cost: 00000271 ms
Total Time Cost: 00073585 ms
Total Distance 284: 9 0 8 9 10 0 10 7 10 10 9 0 0 0 0 7 9 7 6 0 7 10 0 7 9 0 0 6 7 8 7 8 7 7 0 8 8 9 0 10 7 9 7 9 8 0 0 7 8 0
Last Time Cost: 00001174 ms
Total Time Cost: 00074759 ms
Total Distance 281: 9 0 8 9 10 0 9 7 10 10 9 0 0 0 0 7 9 7 6 0 7 10 0 7 9 0 0 5 7 8 7 7 7 7 0 8 8 9 0 10 7 9 7 9 8 0 0 7 8 0
Last Time Cost: 00000531 ms
Total Time Cost: 00075290 ms
Total Distance 279: 9 0 8 9 10 0 9 7 10 10 9 0 0 0 0 7 9 6 6 0 7 10 0 7 9 0 0 4 7 8 7 7 7 7 0 8 8 9 0 10 7 9 7 9 8 0 0 7 8 0
Last Time Cost: 00000397 ms
Total Time Cost: 00075687 ms
Total Distance 277: 9 0 8 9 10 0 9 7 10 10 9 0 0 0 0 7 9 6 6 0 7 10 0 7 9 0 0 3 7 7 7 7 7 7 0 8 8 9 0 10 7 9 7 9 8 0 0 7 8 0
Last Time Cost: 00000364 ms
Total Time Cost: 00076051 ms
Total Distance 276: 9 0 8 9 10 0 9 7 10 10 9 0 0 0 0 7 9 6 6 0 7 10 0 7 9 0 0 2 7 7 7 7 7 7 0 8 8 9 0 10 7 9 7 9 8 0 0 7 8 0
Last Time Cost: 00000341 ms
Total Time Cost: 00076392 ms
Total Distance 275: 9 0 8 9 10 0 9 7 10 10 9 0 0 0 0 7 9 6 6 0 7 10 0 7 9 0 0 1 7 7 7 7 7 7 0 8 8 9 0 10 7 9 7 9 8 0 0 7 8 0
Last Time Cost: 00000331 ms
Total Time Cost: 00076723 ms
Total Distance 274: 9 0 8 9 10 0 9 7 10 10 9 0 0 0 0 7 9 6 6 0 7 10 0 7 9 0 0 0 7 7 7 7 7 7 0 8 8 9 0 10 7 9 7 9 8 0 0 7 8 0
Last Time Cost: 00001522 ms
Total Time Cost: 00078245 ms
Total Distance 271: 9 0 8 9 10 0 9 7 10 9 9 0 0 0 0 7 9 5 6 0 7 10 0 7 8 0 0 0 7 7 7 7 7 7 0 8 8 9 0 10 7 9 7 9 8 0 0 7 8 0
Last Time Cost: 00000501 ms
Total Time Cost: 00078746 ms
Total Distance 269: 9 0 8 9 10 0 9 7 10 9 9 0 0 0 0 7 9 4 6 0 7 10 0 7 7 0 0 0 7 7 7 7 7 7 0 8 8 9 0 10 7 9 7 9 8 0 0 7 8 0
Last Time Cost: 00000457 ms
Total Time Cost: 00079203 ms
Total Distance 267: 9 0 8 9 10 0 9 7 10 9 9 0 0 0 0 7 9 3 6 0 7 10 0 7 7 0 0 0 7 7 7 7 7 7 0 8 8 9 0 10 7 8 7 9 8 0 0 7 8 0
Last Time Cost: 00000425 ms
Total Time Cost: 00079628 ms
Total Distance 266: 9 0 8 9 10 0 9 7 10 9 9 0 0 0 0 7 9 2 6 0 7 10 0 7 7 0 0 0 7 7 7 7 7 7 0 8 8 9 0 10 7 8 7 9 8 0 0 7 8 0
Last Time Cost: 00000409 ms
Total Time Cost: 00080037 ms
Total Distance 265: 9 0 8 9 10 0 9 7 10 9 9 0 0 0 0 7 9 1 6 0 7 10 0 7 7 0 0 0 7 7 7 7 7 7 0 8 8 9 0 10 7 8 7 9 8 0 0 7 8 0
Last Time Cost: 00000399 ms
Total Time Cost: 00080436 ms
Total Distance 264: 9 0 8 9 10 0 9 7 10 9 9 0 0 0 0 7 9 0 6 0 7 10 0 7 7 0 0 0 7 7 7 7 7 7 0 8 8 9 0 10 7 8 7 9 8 0 0 7 8 0
Last Time Cost: 00001336 ms
Total Time Cost: 00081772 ms
Total Distance 262: 9 0 8 9 10 0 9 7 10 9 9 0 0 0 0 7 9 0 5 0 7 10 0 7 7 0 0 0 7 7 7 7 7 7 0 8 8 9 0 10 7 8 7 9 8 0 0 6 8 0
Last Time Cost: 00000589 ms
Total Time Cost: 00082361 ms
Total Distance 261: 9 0 8 9 10 0 9 7 10 9 9 0 0 0 0 7 9 0 4 0 7 10 0 7 7 0 0 0 7 7 7 7 7 7 0 8 8 9 0 10 7 8 7 9 8 0 0 6 8 0
Last Time Cost: 00000538 ms
Total Time Cost: 00082899 ms
Total Distance 260: 9 0 8 9 10 0 9 7 10 9 9 0 0 0 0 7 9 0 3 0 7 10 0 7 7 0 0 0 7 7 7 7 7 7 0 8 8 9 0 10 7 8 7 9 8 0 0 6 8 0
Last Time Cost: 00000511 ms
Total Time Cost: 00083410 ms
Total Distance 259: 9 0 8 9 10 0 9 7 10 9 9 0 0 0 0 7 9 0 2 0 7 10 0 7 7 0 0 0 7 7 7 7 7 7 0 8 8 9 0 10 7 8 7 9 8 0 0 6 8 0
Last Time Cost: 00000487 ms
Total Time Cost: 00083897 ms
Total Distance 258: 9 0 8 9 10 0 9 7 10 9 9 0 0 0 0 7 9 0 1 0 7 10 0 7 7 0 0 0 7 7 7 7 7 7 0 8 8 9 0 10 7 8 7 9 8 0 0 6 8 0
Last Time Cost: 00000470 ms
Total Time Cost: 00084367 ms
Total Distance 257: 9 0 8 9 10 0 9 7 10 9 9 0 0 0 0 7 9 0 0 0 7 10 0 7 7 0 0 0 7 7 7 7 7 7 0 8 8 9 0 10 7 8 7 9 8 0 0 6 8 0
Last Time Cost: 00000776 ms
Total Time Cost: 00085143 ms
Total Distance 255: 9 0 8 9 10 0 9 6 10 9 9 0 0 0 0 7 9 0 0 0 7 10 0 7 7 0 0 0 7 7 7 7 7 7 0 8 8 9 0 10 7 8 7 9 8 0 0 5 8 0
Last Time Cost: 00000701 ms
Total Time Cost: 00085844 ms
Total Distance 253: 9 0 8 9 10 0 9 6 10 9 9 0 0 0 0 7 9 0 0 0 7 10 0 7 7 0 0 0 7 7 7 7 7 7 0 8 8 9 0 10 7 7 7 9 8 0 0 4 8 0
Last Time Cost: 00000645 ms
Total Time Cost: 00086489 ms
Total Distance 251: 8 0 8 9 10 0 9 6 10 9 9 0 0 0 0 7 9 0 0 0 7 10 0 7 7 0 0 0 7 7 7 7 7 7 0 8 8 9 0 10 7 7 7 9 8 0 0 3 8 0
Last Time Cost: 00000594 ms
Total Time Cost: 00087083 ms
Total Distance 250: 8 0 8 9 10 0 9 6 10 9 9 0 0 0 0 7 9 0 0 0 7 10 0 7 7 0 0 0 7 7 7 7 7 7 0 8 8 9 0 10 7 7 7 9 8 0 0 2 8 0
Last Time Cost: 00000582 ms
Total Time Cost: 00087665 ms
Total Distance 249: 8 0 8 9 10 0 9 6 10 9 9 0 0 0 0 7 9 0 0 0 7 10 0 7 7 0 0 0 7 7 7 7 7 7 0 8 8 9 0 10 7 7 7 9 8 0 0 1 8 0
Last Time Cost: 00000573 ms
Total Time Cost: 00088238 ms
Total Distance 248: 8 0 8 9 10 0 9 6 10 9 9 0 0 0 0 7 9 0 0 0 7 10 0 7 7 0 0 0 7 7 7 7 7 7 0 8 8 9 0 10 7 7 7 9 8 0 0 0 8 0
Last Time Cost: 00001041 ms
Total Time Cost: 00089279 ms
Total Distance 244: 8 0 8 9 10 0 9 5 9 9 8 0 0 0 0 7 9 0 0 0 7 10 0 7 7 0 0 0 7 7 6 7 7 7 0 8 8 9 0 10 7 7 7 9 8 0 0 0 8 0
Last Time Cost: 00000906 ms
Total Time Cost: 00090185 ms
Total Distance 242: 8 0 8 9 10 0 9 4 9 8 8 0 0 0 0 7 9 0 0 0 7 10 0 7 7 0 0 0 7 7 6 7 7 7 0 8 8 9 0 10 7 7 7 9 8 0 0 0 8 0
Last Time Cost: 00000727 ms
Total Time Cost: 00090912 ms
Total Distance 240: 8 0 8 9 10 0 9 3 9 8 8 0 0 0 0 7 9 0 0 0 7 9 0 7 7 0 0 0 7 7 6 7 7 7 0 8 8 9 0 10 7 7 7 9 8 0 0 0 8 0
Last Time Cost: 00000690 ms
Total Time Cost: 00091602 ms
Total Distance 239: 8 0 8 9 10 0 9 2 9 8 8 0 0 0 0 7 9 0 0 0 7 9 0 7 7 0 0 0 7 7 6 7 7 7 0 8 8 9 0 10 7 7 7 9 8 0 0 0 8 0
Last Time Cost: 00000670 ms
Total Time Cost: 00092272 ms
Total Distance 238: 8 0 8 9 10 0 9 1 9 8 8 0 0 0 0 7 9 0 0 0 7 9 0 7 7 0 0 0 7 7 6 7 7 7 0 8 8 9 0 10 7 7 7 9 8 0 0 0 8 0
Last Time Cost: 00000813 ms
Total Time Cost: 00093085 ms
Total Distance 237: 8 0 8 9 10 0 9 0 9 8 8 0 0 0 0 7 9 0 0 0 7 9 0 7 7 0 0 0 7 7 6 7 7 7 0 8 8 9 0 10 7 7 7 9 8 0 0 0 8 0
Last Time Cost: 00001142 ms
Total Time Cost: 00094227 ms
Total Distance 234: 8 0 8 9 9 0 9 0 8 8 8 0 0 0 0 7 9 0 0 0 7 9 0 7 7 0 0 0 7 7 5 7 7 7 0 8 8 9 0 10 7 7 7 9 8 0 0 0 8 0
Last Time Cost: 00000901 ms
Total Time Cost: 00095128 ms
Total Distance 232: 8 0 8 9 9 0 9 0 7 8 8 0 0 0 0 7 9 0 0 0 7 9 0 7 7 0 0 0 7 7 4 7 7 7 0 8 8 9 0 10 7 7 7 9 8 0 0 0 8 0
Last Time Cost: 00000901 ms
Total Time Cost: 00096029 ms
Total Distance 230: 8 0 8 9 9 0 9 0 6 8 8 0 0 0 0 7 9 0 0 0 7 9 0 7 7 0 0 0 7 7 3 7 7 7 0 8 8 9 0 10 7 7 7 9 8 0 0 0 8 0
Last Time Cost: 00000806 ms
Total Time Cost: 00096835 ms
Total Distance 228: 8 0 8 9 9 0 9 0 6 8 8 0 0 0 0 7 9 0 0 0 7 9 0 7 7 0 0 0 7 7 2 7 7 7 0 8 8 9 0 9 7 7 7 9 8 0 0 0 8 0
Last Time Cost: 00000079 ms
Total Time Cost: 00096914 ms
Total Distance 227: 8 0 8 9 9 0 9 0 6 8 8 0 0 0 0 7 9 0 0 0 7 9 0 7 7 0 0 0 7 7 1 7 7 7 0 8 8 9 0 9 7 7 7 9 8 0 0 0 8 0
Last Time Cost: 00000041 ms
Total Time Cost: 00096955 ms
Total Distance 226: 8 0 8 9 9 0 9 0 6 8 8 0 0 0 0 7 9 0 0 0 7 9 0 7 7 0 0 0 7 7 0 7 7 7 0 8 8 9 0 9 7 7 7 9 8 0 0 0 8 0
Last Time Cost: 00000459 ms
Total Time Cost: 00097414 ms
Total Distance 224: 8 0 8 9 9 0 9 0 5 8 8 0 0 0 0 7 9 0 0 0 7 9 0 7 7 0 0 0 7 7 0 6 7 7 0 8 8 9 0 9 7 7 7 9 8 0 0 0 8 0
Last Time Cost: 00000248 ms
Total Time Cost: 00097662 ms
Total Distance 222: 8 0 8 9 9 0 9 0 4 8 8 0 0 0 0 7 9 0 0 0 7 9 0 7 7 0 0 0 7 7 0 6 7 7 0 8 8 9 0 9 7 7 7 9 7 0 0 0 8 0
Last Time Cost: 00000162 ms
Total Time Cost: 00097824 ms
Total Distance 220: 8 0 8 9 9 0 9 0 3 8 8 0 0 0 0 7 9 0 0 0 7 9 0 7 7 0 0 0 7 7 0 5 7 7 0 8 8 9 0 9 7 7 7 9 7 0 0 0 8 0
Last Time Cost: 00000117 ms
Total Time Cost: 00097941 ms
Total Distance 219: 8 0 8 9 9 0 9 0 2 8 8 0 0 0 0 7 9 0 0 0 7 9 0 7 7 0 0 0 7 7 0 5 7 7 0 8 8 9 0 9 7 7 7 9 7 0 0 0 8 0
Last Time Cost: 00000074 ms
Total Time Cost: 00098015 ms
Total Distance 218: 8 0 8 9 9 0 9 0 1 8 8 0 0 0 0 7 9 0 0 0 7 9 0 7 7 0 0 0 7 7 0 5 7 7 0 8 8 9 0 9 7 7 7 9 7 0 0 0 8 0
Last Time Cost: 00000043 ms
Total Time Cost: 00098058 ms
Total Distance 216: 8 0 8 9 9 0 9 0 0 8 8 0 0 0 0 7 9 0 0 0 7 9 0 7 7 0 0 0 7 7 0 5 7 7 0 8 8 9 0 8 7 7 7 9 7 0 0 0 8 0
Last Time Cost: 00000235 ms
Total Time Cost: 00098293 ms
Total Distance 214: 8 0 8 9 9 0 9 0 0 8 8 0 0 0 0 7 9 0 0 0 7 9 0 7 7 0 0 0 7 7 0 4 7 7 0 8 8 9 0 8 6 7 7 9 7 0 0 0 8 0
Last Time Cost: 00000169 ms
Total Time Cost: 00098462 ms
Total Distance 212: 8 0 8 9 9 0 9 0 0 8 8 0 0 0 0 7 9 0 0 0 7 9 0 7 7 0 0 0 7 7 0 3 7 7 0 8 8 9 0 8 6 7 7 8 7 0 0 0 8 0
Last Time Cost: 00000106 ms
Total Time Cost: 00098568 ms
Total Distance 211: 8 0 8 9 9 0 9 0 0 8 8 0 0 0 0 7 9 0 0 0 7 9 0 7 7 0 0 0 7 7 0 2 7 7 0 8 8 9 0 8 6 7 7 8 7 0 0 0 8 0
Last Time Cost: 00000070 ms
Total Time Cost: 00098638 ms
Total Distance 210: 8 0 8 9 9 0 9 0 0 8 8 0 0 0 0 7 9 0 0 0 7 9 0 7 7 0 0 0 7 7 0 1 7 7 0 8 8 9 0 8 6 7 7 8 7 0 0 0 8 0
Last Time Cost: 00000044 ms
Total Time Cost: 00098682 ms
Total Distance 209: 8 0 8 9 9 0 9 0 0 8 8 0 0 0 0 7 9 0 0 0 7 9 0 7 7 0 0 0 7 7 0 0 7 7 0 8 8 9 0 8 6 7 7 8 7 0 0 0 8 0
Last Time Cost: 00000312 ms
Total Time Cost: 00098994 ms
Total Distance 207: 8 0 8 9 9 0 9 0 0 8 8 0 0 0 0 7 9 0 0 0 7 9 0 6 7 0 0 0 7 7 0 0 7 7 0 8 8 9 0 8 5 7 7 8 7 0 0 0 8 0
Last Time Cost: 00000233 ms
Total Time Cost: 00099227 ms
Total Distance 205: 8 0 8 9 9 0 9 0 0 8 8 0 0 0 0 7 9 0 0 0 7 9 0 6 7 0 0 0 7 7 0 0 7 7 0 8 8 9 0 8 4 6 7 8 7 0 0 0 8 0
Last Time Cost: 00000167 ms
Total Time Cost: 00099394 ms
Total Distance 204: 8 0 8 9 9 0 9 0 0 8 8 0 0 0 0 7 9 0 0 0 7 9 0 6 7 0 0 0 7 7 0 0 7 7 0 8 8 9 0 8 3 6 7 8 7 0 0 0 8 0
Last Time Cost: 00000117 ms
Total Time Cost: 00099511 ms
Total Distance 203: 8 0 8 9 9 0 9 0 0 8 8 0 0 0 0 7 9 0 0 0 7 9 0 6 7 0 0 0 7 7 0 0 7 7 0 8 8 9 0 8 2 6 7 8 7 0 0 0 8 0
Last Time Cost: 00000079 ms
Total Time Cost: 00099590 ms
Total Distance 202: 8 0 8 9 9 0 9 0 0 8 8 0 0 0 0 7 9 0 0 0 7 9 0 6 7 0 0 0 7 7 0 0 7 7 0 8 8 9 0 8 1 6 7 8 7 0 0 0 8 0
Last Time Cost: 00000050 ms
Total Time Cost: 00099640 ms
Total Distance 201: 8 0 8 9 9 0 9 0 0 8 8 0 0 0 0 7 9 0 0 0 7 9 0 6 7 0 0 0 7 7 0 0 7 7 0 8 8 9 0 8 0 6 7 8 7 0 0 0 8 0
Last Time Cost: 00001071 ms
Total Time Cost: 00100711 ms
Total Distance 197: 8 0 7 9 9 0 9 0 0 8 8 0 0 0 0 7 9 0 0 0 7 9 0 5 7 0 0 0 7 7 0 0 7 6 0 8 7 9 0 8 0 6 7 8 7 0 0 0 8 0
Last Time Cost: 00000256 ms
Total Time Cost: 00100967 ms
Total Distance 195: 8 0 7 9 9 0 9 0 0 8 8 0 0 0 0 7 9 0 0 0 7 9 0 4 7 0 0 0 7 7 0 0 7 5 0 8 7 9 0 8 0 6 7 8 7 0 0 0 8 0
Last Time Cost: 00000186 ms
Total Time Cost: 00101153 ms
Total Distance 193: 8 0 7 9 9 0 9 0 0 8 8 0 0 0 0 7 9 0 0 0 7 9 0 3 7 0 0 0 7 7 0 0 7 4 0 8 7 9 0 8 0 6 7 8 7 0 0 0 8 0
Last Time Cost: 00000134 ms
Total Time Cost: 00101287 ms
Total Distance 192: 8 0 7 9 9 0 9 0 0 8 8 0 0 0 0 7 9 0 0 0 7 9 0 2 7 0 0 0 7 7 0 0 7 4 0 8 7 9 0 8 0 6 7 8 7 0 0 0 8 0
Last Time Cost: 00000084 ms
Total Time Cost: 00101371 ms
Total Distance 191: 8 0 7 9 9 0 9 0 0 8 8 0 0 0 0 7 9 0 0 0 7 9 0 1 7 0 0 0 7 7 0 0 7 4 0 8 7 9 0 8 0 6 7 8 7 0 0 0 8 0
Last Time Cost: 00000055 ms
Total Time Cost: 00101426 ms
Total Distance 190: 8 0 7 9 9 0 9 0 0 8 8 0 0 0 0 7 9 0 0 0 7 9 0 0 7 0 0 0 7 7 0 0 7 4 0 8 7 9 0 8 0 6 7 8 7 0 0 0 8 0
Last Time Cost: 00000312 ms
Total Time Cost: 00101738 ms
Total Distance 188: 8 0 7 9 9 0 9 0 0 8 8 0 0 0 0 7 9 0 0 0 7 9 0 0 7 0 0 0 7 7 0 0 7 3 0 8 7 9 0 8 0 5 7 8 7 0 0 0 8 0
Last Time Cost: 00000138 ms
Total Time Cost: 00101876 ms
Total Distance 186: 8 0 7 9 9 0 9 0 0 8 8 0 0 0 0 7 9 0 0 0 7 9 0 0 7 0 0 0 7 7 0 0 7 2 0 8 7 9 0 8 0 5 7 7 7 0 0 0 8 0
Last Time Cost: 00000092 ms
Total Time Cost: 00101968 ms
Total Distance 183: 8 0 7 8 9 0 9 0 0 8 8 0 0 0 0 7 9 0 0 0 7 9 0 0 7 0 0 0 7 7 0 0 7 1 0 8 7 9 0 8 0 5 7 6 7 0 0 0 8 0
Last Time Cost: 00000056 ms
Total Time Cost: 00102024 ms
Total Distance 182: 8 0 7 8 9 0 9 0 0 8 8 0 0 0 0 7 9 0 0 0 7 9 0 0 7 0 0 0 7 7 0 0 7 0 0 8 7 9 0 8 0 5 7 6 7 0 0 0 8 0
Last Time Cost: 00000571 ms
Total Time Cost: 00102595 ms
Total Distance 180: 8 0 7 8 9 0 9 0 0 8 8 0 0 0 0 7 9 0 0 0 7 9 0 0 7 0 0 0 7 7 0 0 7 0 0 7 7 9 0 8 0 4 7 6 7 0 0 0 8 0
Last Time Cost: 00000198 ms
Total Time Cost: 00102793 ms
Total Distance 179: 8 0 7 8 9 0 9 0 0 8 8 0 0 0 0 7 9 0 0 0 7 9 0 0 7 0 0 0 7 7 0 0 7 0 0 7 7 9 0 8 0 3 7 6 7 0 0 0 8 0
Last Time Cost: 00000138 ms
Total Time Cost: 00102931 ms
Total Distance 178: 8 0 7 8 9 0 9 0 0 8 8 0 0 0 0 7 9 0 0 0 7 9 0 0 7 0 0 0 7 7 0 0 7 0 0 7 7 9 0 8 0 2 7 6 7 0 0 0 8 0
Last Time Cost: 00000093 ms
Total Time Cost: 00103024 ms
Total Distance 177: 8 0 7 8 9 0 9 0 0 8 8 0 0 0 0 7 9 0 0 0 7 9 0 0 7 0 0 0 7 7 0 0 7 0 0 7 7 9 0 8 0 1 7 6 7 0 0 0 8 0
Last Time Cost: 00000062 ms
Total Time Cost: 00103086 ms
Total Distance 176: 8 0 7 8 9 0 9 0 0 8 8 0 0 0 0 7 9 0 0 0 7 9 0 0 7 0 0 0 7 7 0 0 7 0 0 7 7 9 0 8 0 0 7 6 7 0 0 0 8 0
Last Time Cost: 00000424 ms
Total Time Cost: 00103510 ms
Total Distance 174: 8 0 6 8 9 0 9 0 0 8 8 0 0 0 0 7 9 0 0 0 7 9 0 0 7 0 0 0 7 7 0 0 7 0 0 7 7 9 0 8 0 0 7 5 7 0 0 0 8 0
Last Time Cost: 00000314 ms
Total Time Cost: 00103824 ms
Total Distance 173: 8 0 6 8 9 0 9 0 0 8 8 0 0 0 0 7 9 0 0 0 7 9 0 0 7 0 0 0 7 7 0 0 7 0 0 7 7 9 0 8 0 0 7 4 7 0 0 0 8 0
Last Time Cost: 00000217 ms
Total Time Cost: 00104041 ms
Total Distance 171: 8 0 6 8 9 0 9 0 0 8 8 0 0 0 0 7 8 0 0 0 7 9 0 0 7 0 0 0 7 7 0 0 7 0 0 7 7 9 0 8 0 0 7 3 7 0 0 0 8 0
Last Time Cost: 00000135 ms
Total Time Cost: 00104176 ms
Total Distance 170: 8 0 6 8 9 0 9 0 0 8 8 0 0 0 0 7 8 0 0 0 7 9 0 0 7 0 0 0 7 7 0 0 7 0 0 7 7 9 0 8 0 0 7 2 7 0 0 0 8 0
Last Time Cost: 00000093 ms
Total Time Cost: 00104269 ms
Total Distance 169: 8 0 6 8 9 0 9 0 0 8 8 0 0 0 0 7 8 0 0 0 7 9 0 0 7 0 0 0 7 7 0 0 7 0 0 7 7 9 0 8 0 0 7 1 7 0 0 0 8 0
Last Time Cost: 00000064 ms
Total Time Cost: 00104333 ms
Total Distance 168: 8 0 6 8 9 0 9 0 0 8 8 0 0 0 0 7 8 0 0 0 7 9 0 0 7 0 0 0 7 7 0 0 7 0 0 7 7 9 0 8 0 0 7 0 7 0 0 0 8 0
Last Time Cost: 00000389 ms
Total Time Cost: 00104722 ms
Total Distance 167: 8 0 5 8 9 0 9 0 0 8 8 0 0 0 0 7 8 0 0 0 7 9 0 0 7 0 0 0 7 7 0 0 7 0 0 7 7 9 0 8 0 0 7 0 7 0 0 0 8 0
Last Time Cost: 00000292 ms
Total Time Cost: 00105014 ms
Total Distance 166: 8 0 4 8 9 0 9 0 0 8 8 0 0 0 0 7 8 0 0 0 7 9 0 0 7 0 0 0 7 7 0 0 7 0 0 7 7 9 0 8 0 0 7 0 7 0 0 0 8 0
Last Time Cost: 00000207 ms
Total Time Cost: 00105221 ms
Total Distance 165: 8 0 3 8 9 0 9 0 0 8 8 0 0 0 0 7 8 0 0 0 7 9 0 0 7 0 0 0 7 7 0 0 7 0 0 7 7 9 0 8 0 0 7 0 7 0 0 0 8 0
Last Time Cost: 00000152 ms
Total Time Cost: 00105373 ms
Total Distance 164: 8 0 2 8 9 0 9 0 0 8 8 0 0 0 0 7 8 0 0 0 7 9 0 0 7 0 0 0 7 7 0 0 7 0 0 7 7 9 0 8 0 0 7 0 7 0 0 0 8 0
Last Time Cost: 00000103 ms
Total Time Cost: 00105476 ms
Total Distance 163: 8 0 1 8 9 0 9 0 0 8 8 0 0 0 0 7 8 0 0 0 7 9 0 0 7 0 0 0 7 7 0 0 7 0 0 7 7 9 0 8 0 0 7 0 7 0 0 0 8 0
Last Time Cost: 00000071 ms
Total Time Cost: 00105547 ms
Total Distance 162: 8 0 0 8 9 0 9 0 0 8 8 0 0 0 0 7 8 0 0 0 7 9 0 0 7 0 0 0 7 7 0 0 7 0 0 7 7 9 0 8 0 0 7 0 7 0 0 0 8 0
Last Time Cost: 00071709 ms
Total Time Cost: 00177256 ms
Total Distance 158: 7 0 0 8 9 0 9 0 0 8 7 0 0 0 0 7 8 0 0 0 6 9 0 0 7 0 0 0 7 7 0 0 7 0 0 6 7 9 0 8 0 0 7 0 7 0 0 0 8 0
Last Time Cost: 00000980 ms
Total Time Cost: 00178236 ms
Total Distance 155: 7 0 0 8 9 0 8 0 0 8 7 0 0 0 0 7 8 0 0 0 5 9 0 0 7 0 0 0 7 7 0 0 7 0 0 5 7 9 0 8 0 0 7 0 7 0 0 0 8 0
Last Time Cost: 00000473 ms
Total Time Cost: 00178709 ms
Total Distance 153: 7 0 0 8 9 0 8 0 0 8 7 0 0 0 0 7 8 0 0 0 4 9 0 0 7 0 0 0 7 7 0 0 7 0 0 4 7 9 0 8 0 0 7 0 7 0 0 0 8 0
Last Time Cost: 00000324 ms
Total Time Cost: 00179033 ms
Total Distance 151: 7 0 0 8 9 0 8 0 0 8 7 0 0 0 0 7 8 0 0 0 4 9 0 0 7 0 0 0 7 7 0 0 7 0 0 3 6 9 0 8 0 0 7 0 7 0 0 0 8 0
Last Time Cost: 00000143 ms
Total Time Cost: 00179176 ms
Total Distance 150: 7 0 0 8 9 0 8 0 0 8 7 0 0 0 0 7 8 0 0 0 4 9 0 0 7 0 0 0 7 7 0 0 7 0 0 2 6 9 0 8 0 0 7 0 7 0 0 0 8 0
Last Time Cost: 00000102 ms
Total Time Cost: 00179278 ms
Total Distance 149: 7 0 0 8 9 0 8 0 0 8 7 0 0 0 0 7 8 0 0 0 4 9 0 0 7 0 0 0 7 7 0 0 7 0 0 1 6 9 0 8 0 0 7 0 7 0 0 0 8 0
Last Time Cost: 00000077 ms
Total Time Cost: 00179355 ms
Total Distance 148: 7 0 0 8 9 0 8 0 0 8 7 0 0 0 0 7 8 0 0 0 4 9 0 0 7 0 0 0 7 7 0 0 7 0 0 0 6 9 0 8 0 0 7 0 7 0 0 0 8 0
Last Time Cost: 00000206 ms
Total Time Cost: 00179561 ms
Total Distance 147: 7 0 0 8 9 0 8 0 0 8 7 0 0 0 0 7 8 0 0 0 3 9 0 0 7 0 0 0 7 7 0 0 7 0 0 0 6 9 0 8 0 0 7 0 7 0 0 0 8 0
Last Time Cost: 00000151 ms
Total Time Cost: 00179712 ms
Total Distance 146: 7 0 0 8 9 0 8 0 0 8 7 0 0 0 0 7 8 0 0 0 2 9 0 0 7 0 0 0 7 7 0 0 7 0 0 0 6 9 0 8 0 0 7 0 7 0 0 0 8 0
Last Time Cost: 00000110 ms
Total Time Cost: 00179822 ms
Total Distance 145: 7 0 0 8 9 0 8 0 0 8 7 0 0 0 0 7 8 0 0 0 1 9 0 0 7 0 0 0 7 7 0 0 7 0 0 0 6 9 0 8 0 0 7 0 7 0 0 0 8 0
Last Time Cost: 00000082 ms
Total Time Cost: 00179904 ms
Total Distance 144: 7 0 0 8 9 0 8 0 0 8 7 0 0 0 0 7 8 0 0 0 0 9 0 0 7 0 0 0 7 7 0 0 7 0 0 0 6 9 0 8 0 0 7 0 7 0 0 0 8 0
Last Time Cost: 00000445 ms
Total Time Cost: 00180349 ms
Total Distance 142: 7 0 0 7 9 0 8 0 0 8 7 0 0 0 0 7 8 0 0 0 0 9 0 0 7 0 0 0 7 7 0 0 7 0 0 0 5 9 0 8 0 0 7 0 7 0 0 0 8 0
Last Time Cost: 00000317 ms
Total Time Cost: 00180666 ms
Total Distance 140: 7 0 0 7 9 0 8 0 0 8 7 0 0 0 0 7 8 0 0 0 0 8 0 0 7 0 0 0 7 7 0 0 7 0 0 0 4 9 0 8 0 0 7 0 7 0 0 0 8 0
Last Time Cost: 00000179 ms
Total Time Cost: 00180845 ms
Total Distance 138: 7 0 0 7 9 0 8 0 0 8 7 0 0 0 0 7 8 0 0 0 0 8 0 0 7 0 0 0 7 7 0 0 7 0 0 0 3 8 0 8 0 0 7 0 7 0 0 0 8 0
Last Time Cost: 00000110 ms
Total Time Cost: 00180955 ms
Total Distance 137: 7 0 0 7 9 0 8 0 0 8 7 0 0 0 0 7 8 0 0 0 0 8 0 0 7 0 0 0 7 7 0 0 7 0 0 0 2 8 0 8 0 0 7 0 7 0 0 0 8 0
Last Time Cost: 00000091 ms
Total Time Cost: 00181046 ms
Total Distance 136: 7 0 0 7 9 0 8 0 0 8 7 0 0 0 0 7 8 0 0 0 0 8 0 0 7 0 0 0 7 7 0 0 7 0 0 0 1 8 0 8 0 0 7 0 7 0 0 0 8 0
Last Time Cost: 00000084 ms
Total Time Cost: 00181130 ms
Total Distance 135: 7 0 0 7 9 0 8 0 0 8 7 0 0 0 0 7 8 0 0 0 0 8 0 0 7 0 0 0 7 7 0 0 7 0 0 0 0 8 0 8 0 0 7 0 7 0 0 0 8 0
Last Time Cost: 00069001 ms
Total Time Cost: 00250131 ms
Total Distance 132: 7 0 0 7 9 0 8 0 0 7 7 0 0 0 0 7 8 0 0 0 0 8 0 0 6 0 0 0 7 7 0 0 7 0 0 0 0 8 0 8 0 0 7 0 6 0 0 0 8 0
Last Time Cost: 00000498 ms
Total Time Cost: 00250629 ms
Total Distance 130: 7 0 0 7 9 0 8 0 0 7 7 0 0 0 0 7 8 0 0 0 0 8 0 0 6 0 0 0 7 6 0 0 7 0 0 0 0 8 0 8 0 0 7 0 5 0 0 0 8 0
Last Time Cost: 00000193 ms
Total Time Cost: 00250822 ms
Total Distance 128: 7 0 0 7 9 0 8 0 0 7 7 0 0 0 0 7 8 0 0 0 0 8 0 0 6 0 0 0 7 5 0 0 7 0 0 0 0 8 0 8 0 0 7 0 4 0 0 0 8 0
Last Time Cost: 00000148 ms
Total Time Cost: 00250970 ms
Total Distance 126: 7 0 0 7 9 0 8 0 0 7 7 0 0 0 0 6 8 0 0 0 0 8 0 0 6 0 0 0 7 5 0 0 7 0 0 0 0 8 0 8 0 0 7 0 3 0 0 0 8 0
Last Time Cost: 00000123 ms
Total Time Cost: 00251093 ms
Total Distance 125: 7 0 0 7 9 0 8 0 0 7 7 0 0 0 0 6 8 0 0 0 0 8 0 0 6 0 0 0 7 5 0 0 7 0 0 0 0 8 0 8 0 0 7 0 2 0 0 0 8 0
Last Time Cost: 00000104 ms
Total Time Cost: 00251197 ms
Total Distance 124: 7 0 0 7 9 0 8 0 0 7 7 0 0 0 0 6 8 0 0 0 0 8 0 0 6 0 0 0 7 5 0 0 7 0 0 0 0 8 0 8 0 0 7 0 1 0 0 0 8 0
Last Time Cost: 00000091 ms
Total Time Cost: 00251288 ms
Total Distance 123: 7 0 0 7 9 0 8 0 0 7 7 0 0 0 0 6 8 0 0 0 0 8 0 0 6 0 0 0 7 5 0 0 7 0 0 0 0 8 0 8 0 0 7 0 0 0 0 0 8 0
Last Time Cost: 00000396 ms
Total Time Cost: 00251684 ms
Total Distance 121: 7 0 0 7 9 0 8 0 0 6 7 0 0 0 0 6 8 0 0 0 0 8 0 0 6 0 0 0 7 4 0 0 7 0 0 0 0 8 0 8 0 0 7 0 0 0 0 0 8 0
Last Time Cost: 00000160 ms
Total Time Cost: 00251844 ms
Total Distance 119: 7 0 0 7 9 0 8 0 0 5 7 0 0 0 0 6 8 0 0 0 0 8 0 0 6 0 0 0 7 3 0 0 7 0 0 0 0 8 0 8 0 0 7 0 0 0 0 0 8 0
Last Time Cost: 00000134 ms
Total Time Cost: 00251978 ms
Total Distance 118: 7 0 0 7 9 0 8 0 0 5 7 0 0 0 0 6 8 0 0 0 0 8 0 0 6 0 0 0 7 2 0 0 7 0 0 0 0 8 0 8 0 0 7 0 0 0 0 0 8 0
Last Time Cost: 00000112 ms
Total Time Cost: 00252090 ms
Total Distance 117: 7 0 0 7 9 0 8 0 0 5 7 0 0 0 0 6 8 0 0 0 0 8 0 0 6 0 0 0 7 1 0 0 7 0 0 0 0 8 0 8 0 0 7 0 0 0 0 0 8 0
Last Time Cost: 00000100 ms
Total Time Cost: 00252190 ms
Total Distance 116: 7 0 0 7 9 0 8 0 0 5 7 0 0 0 0 6 8 0 0 0 0 8 0 0 6 0 0 0 7 0 0 0 7 0 0 0 0 8 0 8 0 0 7 0 0 0 0 0 8 0
Last Time Cost: 00000234 ms
Total Time Cost: 00252424 ms
Total Distance 114: 7 0 0 7 9 0 8 0 0 4 7 0 0 0 0 6 8 0 0 0 0 7 0 0 6 0 0 0 7 0 0 0 7 0 0 0 0 8 0 8 0 0 7 0 0 0 0 0 8 0
Last Time Cost: 00000170 ms
Total Time Cost: 00252594 ms
Total Distance 113: 7 0 0 7 9 0 8 0 0 3 7 0 0 0 0 6 8 0 0 0 0 7 0 0 6 0 0 0 7 0 0 0 7 0 0 0 0 8 0 8 0 0 7 0 0 0 0 0 8 0
Last Time Cost: 00000141 ms
Total Time Cost: 00252735 ms
Total Distance 112: 7 0 0 7 9 0 8 0 0 2 7 0 0 0 0 6 8 0 0 0 0 7 0 0 6 0 0 0 7 0 0 0 7 0 0 0 0 8 0 8 0 0 7 0 0 0 0 0 8 0
Last Time Cost: 00000121 ms
Total Time Cost: 00252856 ms
Total Distance 111: 7 0 0 7 9 0 8 0 0 1 7 0 0 0 0 6 8 0 0 0 0 7 0 0 6 0 0 0 7 0 0 0 7 0 0 0 0 8 0 8 0 0 7 0 0 0 0 0 8 0
Last Time Cost: 00000106 ms
Total Time Cost: 00252962 ms
Total Distance 110: 7 0 0 7 9 0 8 0 0 0 7 0 0 0 0 6 8 0 0 0 0 7 0 0 6 0 0 0 7 0 0 0 7 0 0 0 0 8 0 8 0 0 7 0 0 0 0 0 8 0
Last Time Cost: 00000647 ms
Total Time Cost: 00253609 ms
Total Distance 108: 7 0 0 7 9 0 8 0 0 0 7 0 0 0 0 6 8 0 0 0 0 6 0 0 5 0 0 0 7 0 0 0 7 0 0 0 0 8 0 8 0 0 7 0 0 0 0 0 8 0
Last Time Cost: 00000255 ms
Total Time Cost: 00253864 ms
Total Distance 107: 7 0 0 7 9 0 8 0 0 0 7 0 0 0 0 6 8 0 0 0 0 6 0 0 4 0 0 0 7 0 0 0 7 0 0 0 0 8 0 8 0 0 7 0 0 0 0 0 8 0
Last Time Cost: 00000189 ms
Total Time Cost: 00254053 ms
Total Distance 106: 7 0 0 7 9 0 8 0 0 0 7 0 0 0 0 6 8 0 0 0 0 6 0 0 3 0 0 0 7 0 0 0 7 0 0 0 0 8 0 8 0 0 7 0 0 0 0 0 8 0
Last Time Cost: 00000154 ms
Total Time Cost: 00254207 ms
Total Distance 105: 7 0 0 7 9 0 8 0 0 0 7 0 0 0 0 6 8 0 0 0 0 6 0 0 2 0 0 0 7 0 0 0 7 0 0 0 0 8 0 8 0 0 7 0 0 0 0 0 8 0
Last Time Cost: 00000131 ms
Total Time Cost: 00254338 ms
Total Distance 104: 7 0 0 7 9 0 8 0 0 0 7 0 0 0 0 6 8 0 0 0 0 6 0 0 1 0 0 0 7 0 0 0 7 0 0 0 0 8 0 8 0 0 7 0 0 0 0 0 8 0
Last Time Cost: 00000117 ms
Total Time Cost: 00254455 ms
Total Distance 103: 7 0 0 7 9 0 8 0 0 0 7 0 0 0 0 6 8 0 0 0 0 6 0 0 0 0 0 0 7 0 0 0 7 0 0 0 0 8 0 8 0 0 7 0 0 0 0 0 8 0
Last Time Cost: 00001131 ms
Total Time Cost: 00255586 ms
Total Distance 101: 7 0 0 7 9 0 8 0 0 0 7 0 0 0 0 5 8 0 0 0 0 6 0 0 0 0 0 0 7 0 0 0 6 0 0 0 0 8 0 8 0 0 7 0 0 0 0 0 8 0
Last Time Cost: 00000269 ms
Total Time Cost: 00255855 ms
Total Distance 100: 7 0 0 7 9 0 8 0 0 0 7 0 0 0 0 4 8 0 0 0 0 6 0 0 0 0 0 0 7 0 0 0 6 0 0 0 0 8 0 8 0 0 7 0 0 0 0 0 8 0
Last Time Cost: 00000200 ms
Total Time Cost: 00256055 ms
Total Distance 99: 7 0 0 7 9 0 8 0 0 0 7 0 0 0 0 3 8 0 0 0 0 6 0 0 0 0 0 0 7 0 0 0 6 0 0 0 0 8 0 8 0 0 7 0 0 0 0 0 8 0
Last Time Cost: 00000167 ms
Total Time Cost: 00256222 ms
Total Distance 98: 7 0 0 7 9 0 8 0 0 0 7 0 0 0 0 2 8 0 0 0 0 6 0 0 0 0 0 0 7 0 0 0 6 0 0 0 0 8 0 8 0 0 7 0 0 0 0 0 8 0
Last Time Cost: 00000142 ms
Total Time Cost: 00256364 ms
Total Distance 97: 7 0 0 7 9 0 8 0 0 0 7 0 0 0 0 1 8 0 0 0 0 6 0 0 0 0 0 0 7 0 0 0 6 0 0 0 0 8 0 8 0 0 7 0 0 0 0 0 8 0
Last Time Cost: 00000126 ms
Total Time Cost: 00256490 ms
Total Distance 96: 7 0 0 7 9 0 8 0 0 0 7 0 0 0 0 0 8 0 0 0 0 6 0 0 0 0 0 0 7 0 0 0 6 0 0 0 0 8 0 8 0 0 7 0 0 0 0 0 8 0
Last Time Cost: 00001345 ms
Total Time Cost: 00257835 ms
Total Distance 94: 6 0 0 7 9 0 8 0 0 0 7 0 0 0 0 0 8 0 0 0 0 6 0 0 0 0 0 0 7 0 0 0 5 0 0 0 0 8 0 8 0 0 7 0 0 0 0 0 8 0
Last Time Cost: 00000378 ms
Total Time Cost: 00258213 ms
Total Distance 93: 6 0 0 7 9 0 8 0 0 0 7 0 0 0 0 0 8 0 0 0 0 6 0 0 0 0 0 0 7 0 0 0 4 0 0 0 0 8 0 8 0 0 7 0 0 0 0 0 8 0
Last Time Cost: 00000218 ms
Total Time Cost: 00258431 ms
Total Distance 92: 6 0 0 7 9 0 8 0 0 0 7 0 0 0 0 0 8 0 0 0 0 6 0 0 0 0 0 0 7 0 0 0 3 0 0 0 0 8 0 8 0 0 7 0 0 0 0 0 8 0
Last Time Cost: 00000183 ms
Total Time Cost: 00258614 ms
Total Distance 91: 6 0 0 7 9 0 8 0 0 0 7 0 0 0 0 0 8 0 0 0 0 6 0 0 0 0 0 0 7 0 0 0 2 0 0 0 0 8 0 8 0 0 7 0 0 0 0 0 8 0
Last Time Cost: 00000157 ms
Total Time Cost: 00258771 ms
Total Distance 90: 6 0 0 7 9 0 8 0 0 0 7 0 0 0 0 0 8 0 0 0 0 6 0 0 0 0 0 0 7 0 0 0 1 0 0 0 0 8 0 8 0 0 7 0 0 0 0 0 8 0
Last Time Cost: 00000139 ms
Total Time Cost: 00258910 ms
Total Distance 89: 6 0 0 7 9 0 8 0 0 0 7 0 0 0 0 0 8 0 0 0 0 6 0 0 0 0 0 0 7 0 0 0 0 0 0 0 0 8 0 8 0 0 7 0 0 0 0 0 8 0
Last Time Cost: 00001600 ms
Total Time Cost: 00260510 ms
Total Distance 87: 5 0 0 7 9 0 8 0 0 0 6 0 0 0 0 0 8 0 0 0 0 6 0 0 0 0 0 0 7 0 0 0 0 0 0 0 0 8 0 8 0 0 7 0 0 0 0 0 8 0
Last Time Cost: 00000314 ms
Total Time Cost: 00260824 ms
Total Distance 85: 4 0 0 7 9 0 8 0 0 0 6 0 0 0 0 0 8 0 0 0 0 6 0 0 0 0 0 0 6 0 0 0 0 0 0 0 0 8 0 8 0 0 7 0 0 0 0 0 8 0
Last Time Cost: 00000235 ms
Total Time Cost: 00261059 ms
Total Distance 83: 3 0 0 7 8 0 8 0 0 0 6 0 0 0 0 0 8 0 0 0 0 6 0 0 0 0 0 0 6 0 0 0 0 0 0 0 0 8 0 8 0 0 7 0 0 0 0 0 8 0
Last Time Cost: 00000145 ms
Total Time Cost: 00261204 ms
Total Distance 82: 2 0 0 7 8 0 8 0 0 0 6 0 0 0 0 0 8 0 0 0 0 6 0 0 0 0 0 0 6 0 0 0 0 0 0 0 0 8 0 8 0 0 7 0 0 0 0 0 8 0
Last Time Cost: 00000144 ms
Total Time Cost: 00261348 ms
Total Distance 80: 1 0 0 7 8 0 8 0 0 0 6 0 0 0 0 0 8 0 0 0 0 6 0 0 0 0 0 0 6 0 0 0 0 0 0 0 0 8 0 7 0 0 7 0 0 0 0 0 8 0
Last Time Cost: 00000143 ms
Total Time Cost: 00261491 ms
Total Distance 79: 0 0 0 7 8 0 8 0 0 0 6 0 0 0 0 0 8 0 0 0 0 6 0 0 0 0 0 0 6 0 0 0 0 0 0 0 0 8 0 7 0 0 7 0 0 0 0 0 8 0
Last Time Cost: 00000859 ms
Total Time Cost: 00262350 ms
Total Distance 77: 0 0 0 7 8 0 8 0 0 0 5 0 0 0 0 0 8 0 0 0 0 6 0 0 0 0 0 0 6 0 0 0 0 0 0 0 0 8 0 6 0 0 7 0 0 0 0 0 8 0
Last Time Cost: 00000200 ms
Total Time Cost: 00262550 ms
Total Distance 75: 0 0 0 7 8 0 8 0 0 0 4 0 0 0 0 0 7 0 0 0 0 6 0 0 0 0 0 0 6 0 0 0 0 0 0 0 0 8 0 6 0 0 7 0 0 0 0 0 8 0
Last Time Cost: 00000158 ms
Total Time Cost: 00262708 ms
Total Distance 74: 0 0 0 7 8 0 8 0 0 0 3 0 0 0 0 0 7 0 0 0 0 6 0 0 0 0 0 0 6 0 0 0 0 0 0 0 0 8 0 6 0 0 7 0 0 0 0 0 8 0
Last Time Cost: 00000159 ms
Total Time Cost: 00262867 ms
Total Distance 73: 0 0 0 7 8 0 8 0 0 0 2 0 0 0 0 0 7 0 0 0 0 6 0 0 0 0 0 0 6 0 0 0 0 0 0 0 0 8 0 6 0 0 7 0 0 0 0 0 8 0
Last Time Cost: 00000157 ms
Total Time Cost: 00263024 ms
Total Distance 72: 0 0 0 7 8 0 8 0 0 0 1 0 0 0 0 0 7 0 0 0 0 6 0 0 0 0 0 0 6 0 0 0 0 0 0 0 0 8 0 6 0 0 7 0 0 0 0 0 8 0
Last Time Cost: 00000156 ms
Total Time Cost: 00263180 ms
Total Distance 71: 0 0 0 7 8 0 8 0 0 0 0 0 0 0 0 0 7 0 0 0 0 6 0 0 0 0 0 0 6 0 0 0 0 0 0 0 0 8 0 6 0 0 7 0 0 0 0 0 8 0
Last Time Cost: 00000796 ms
Total Time Cost: 00263976 ms
Total Distance 68: 0 0 0 7 8 0 7 0 0 0 0 0 0 0 0 0 7 0 0 0 0 6 0 0 0 0 0 0 5 0 0 0 0 0 0 0 0 7 0 6 0 0 7 0 0 0 0 0 8 0
Last Time Cost: 00000204 ms
Total Time Cost: 00264180 ms
Total Distance 66: 0 0 0 7 8 0 7 0 0 0 0 0 0 0 0 0 7 0 0 0 0 6 0 0 0 0 0 0 4 0 0 0 0 0 0 0 0 7 0 6 0 0 6 0 0 0 0 0 8 0
Last Time Cost: 00000166 ms
Total Time Cost: 00264346 ms
Total Distance 65: 0 0 0 7 8 0 7 0 0 0 0 0 0 0 0 0 7 0 0 0 0 6 0 0 0 0 0 0 3 0 0 0 0 0 0 0 0 7 0 6 0 0 6 0 0 0 0 0 8 0
Last Time Cost: 00000168 ms
Total Time Cost: 00264514 ms
Total Distance 64: 0 0 0 7 8 0 7 0 0 0 0 0 0 0 0 0 7 0 0 0 0 6 0 0 0 0 0 0 2 0 0 0 0 0 0 0 0 7 0 6 0 0 6 0 0 0 0 0 8 0
Last Time Cost: 00000168 ms
Total Time Cost: 00264682 ms
Total Distance 63: 0 0 0 7 8 0 7 0 0 0 0 0 0 0 0 0 7 0 0 0 0 6 0 0 0 0 0 0 1 0 0 0 0 0 0 0 0 7 0 6 0 0 6 0 0 0 0 0 8 0
Last Time Cost: 00000167 ms
Total Time Cost: 00264849 ms
Total Distance 62: 0 0 0 7 8 0 7 0 0 0 0 0 0 0 0 0 7 0 0 0 0 6 0 0 0 0 0 0 0 0 0 0 0 0 0 0 0 7 0 6 0 0 6 0 0 0 0 0 8 0
Last Time Cost: 00000815 ms
Total Time Cost: 00265664 ms
Total Distance 61: 0 0 0 7 8 0 7 0 0 0 0 0 0 0 0 0 7 0 0 0 0 5 0 0 0 0 0 0 0 0 0 0 0 0 0 0 0 7 0 6 0 0 6 0 0 0 0 0 8 0
Last Time Cost: 00000225 ms
Total Time Cost: 00265889 ms
Total Distance 60: 0 0 0 7 8 0 7 0 0 0 0 0 0 0 0 0 7 0 0 0 0 4 0 0 0 0 0 0 0 0 0 0 0 0 0 0 0 7 0 6 0 0 6 0 0 0 0 0 8 0
Last Time Cost: 00000181 ms
Total Time Cost: 00266070 ms
Total Distance 59: 0 0 0 7 8 0 7 0 0 0 0 0 0 0 0 0 7 0 0 0 0 3 0 0 0 0 0 0 0 0 0 0 0 0 0 0 0 7 0 6 0 0 6 0 0 0 0 0 8 0
Last Time Cost: 00000182 ms
Total Time Cost: 00266252 ms
Total Distance 58: 0 0 0 7 8 0 7 0 0 0 0 0 0 0 0 0 7 0 0 0 0 2 0 0 0 0 0 0 0 0 0 0 0 0 0 0 0 7 0 6 0 0 6 0 0 0 0 0 8 0
Last Time Cost: 00000183 ms
Total Time Cost: 00266435 ms
Total Distance 57: 0 0 0 7 8 0 7 0 0 0 0 0 0 0 0 0 7 0 0 0 0 1 0 0 0 0 0 0 0 0 0 0 0 0 0 0 0 7 0 6 0 0 6 0 0 0 0 0 8 0
Last Time Cost: 00000183 ms
Total Time Cost: 00266618 ms
Total Distance 56: 0 0 0 7 8 0 7 0 0 0 0 0 0 0 0 0 7 0 0 0 0 0 0 0 0 0 0 0 0 0 0 0 0 0 0 0 0 7 0 6 0 0 6 0 0 0 0 0 8 0
Last Time Cost: 00000560 ms
Total Time Cost: 00267178 ms
Total Distance 55: 0 0 0 7 8 0 7 0 0 0 0 0 0 0 0 0 7 0 0 0 0 0 0 0 0 0 0 0 0 0 0 0 0 0 0 0 0 7 0 5 0 0 6 0 0 0 0 0 8 0
Last Time Cost: 00000244 ms
Total Time Cost: 00267422 ms
Total Distance 54: 0 0 0 7 8 0 7 0 0 0 0 0 0 0 0 0 7 0 0 0 0 0 0 0 0 0 0 0 0 0 0 0 0 0 0 0 0 7 0 4 0 0 6 0 0 0 0 0 8 0
Last Time Cost: 00000198 ms
Total Time Cost: 00267620 ms
Total Distance 53: 0 0 0 7 8 0 7 0 0 0 0 0 0 0 0 0 7 0 0 0 0 0 0 0 0 0 0 0 0 0 0 0 0 0 0 0 0 7 0 3 0 0 6 0 0 0 0 0 8 0
Last Time Cost: 00000198 ms
Total Time Cost: 00267818 ms
Total Distance 52: 0 0 0 7 8 0 7 0 0 0 0 0 0 0 0 0 7 0 0 0 0 0 0 0 0 0 0 0 0 0 0 0 0 0 0 0 0 7 0 2 0 0 6 0 0 0 0 0 8 0
Last Time Cost: 00000197 ms
Total Time Cost: 00268015 ms
Total Distance 51: 0 0 0 7 8 0 7 0 0 0 0 0 0 0 0 0 7 0 0 0 0 0 0 0 0 0 0 0 0 0 0 0 0 0 0 0 0 7 0 1 0 0 6 0 0 0 0 0 8 0
Last Time Cost: 00000197 ms
Total Time Cost: 00268212 ms
Total Distance 50: 0 0 0 7 8 0 7 0 0 0 0 0 0 0 0 0 7 0 0 0 0 0 0 0 0 0 0 0 0 0 0 0 0 0 0 0 0 7 0 0 0 0 6 0 0 0 0 0 8 0
Last Time Cost: 00000394 ms
Total Time Cost: 00268606 ms
Total Distance 49: 0 0 0 7 8 0 7 0 0 0 0 0 0 0 0 0 7 0 0 0 0 0 0 0 0 0 0 0 0 0 0 0 0 0 0 0 0 7 0 0 0 0 5 0 0 0 0 0 8 0
Last Time Cost: 00000263 ms
Total Time Cost: 00268869 ms
Total Distance 48: 0 0 0 7 8 0 7 0 0 0 0 0 0 0 0 0 7 0 0 0 0 0 0 0 0 0 0 0 0 0 0 0 0 0 0 0 0 7 0 0 0 0 4 0 0 0 0 0 8 0
Last Time Cost: 00000214 ms
Total Time Cost: 00269083 ms
Total Distance 47: 0 0 0 7 8 0 7 0 0 0 0 0 0 0 0 0 7 0 0 0 0 0 0 0 0 0 0 0 0 0 0 0 0 0 0 0 0 7 0 0 0 0 3 0 0 0 0 0 8 0
Last Time Cost: 00000215 ms
Total Time Cost: 00269298 ms
Total Distance 46: 0 0 0 7 8 0 7 0 0 0 0 0 0 0 0 0 7 0 0 0 0 0 0 0 0 0 0 0 0 0 0 0 0 0 0 0 0 7 0 0 0 0 2 0 0 0 0 0 8 0
Last Time Cost: 00000215 ms
Total Time Cost: 00269513 ms
Total Distance 45: 0 0 0 7 8 0 7 0 0 0 0 0 0 0 0 0 7 0 0 0 0 0 0 0 0 0 0 0 0 0 0 0 0 0 0 0 0 7 0 0 0 0 1 0 0 0 0 0 8 0
Last Time Cost: 00000215 ms
Total Time Cost: 00269728 ms
Total Distance 44: 0 0 0 7 8 0 7 0 0 0 0 0 0 0 0 0 7 0 0 0 0 0 0 0 0 0 0 0 0 0 0 0 0 0 0 0 0 7 0 0 0 0 0 0 0 0 0 0 8 0
Last Time Cost: 00101696 ms
Total Time Cost: 00371424 ms
Total Distance 42: 0 0 0 7 8 0 6 0 0 0 0 0 0 0 0 0 7 0 0 0 0 0 0 0 0 0 0 0 0 0 0 0 0 0 0 0 0 6 0 0 0 0 0 0 0 0 0 0 8 0
Last Time Cost: 00000778 ms
Total Time Cost: 00372202 ms
Total Distance 40: 0 0 0 7 8 0 5 0 0 0 0 0 0 0 0 0 7 0 0 0 0 0 0 0 0 0 0 0 0 0 0 0 0 0 0 0 0 5 0 0 0 0 0 0 0 0 0 0 8 0
Last Time Cost: 00000350 ms
Total Time Cost: 00372552 ms
Total Distance 38: 0 0 0 7 8 0 4 0 0 0 0 0 0 0 0 0 7 0 0 0 0 0 0 0 0 0 0 0 0 0 0 0 0 0 0 0 0 4 0 0 0 0 0 0 0 0 0 0 8 0
Last Time Cost: 00000245 ms
Total Time Cost: 00372797 ms
Total Distance 36: 0 0 0 7 7 0 3 0 0 0 0 0 0 0 0 0 7 0 0 0 0 0 0 0 0 0 0 0 0 0 0 0 0 0 0 0 0 4 0 0 0 0 0 0 0 0 0 0 8 0
Last Time Cost: 00000233 ms
Total Time Cost: 00373030 ms
Total Distance 34: 0 0 0 7 6 0 2 0 0 0 0 0 0 0 0 0 7 0 0 0 0 0 0 0 0 0 0 0 0 0 0 0 0 0 0 0 0 4 0 0 0 0 0 0 0 0 0 0 8 0
Last Time Cost: 00000233 ms
Total Time Cost: 00373263 ms
Total Distance 33: 0 0 0 7 6 0 1 0 0 0 0 0 0 0 0 0 7 0 0 0 0 0 0 0 0 0 0 0 0 0 0 0 0 0 0 0 0 4 0 0 0 0 0 0 0 0 0 0 8 0
Last Time Cost: 00000234 ms
Total Time Cost: 00373497 ms
Total Distance 32: 0 0 0 7 6 0 0 0 0 0 0 0 0 0 0 0 7 0 0 0 0 0 0 0 0 0 0 0 0 0 0 0 0 0 0 0 0 4 0 0 0 0 0 0 0 0 0 0 8 0
Last Time Cost: 00000246 ms
Total Time Cost: 00373743 ms
Total Distance 31: 0 0 0 7 6 0 0 0 0 0 0 0 0 0 0 0 7 0 0 0 0 0 0 0 0 0 0 0 0 0 0 0 0 0 0 0 0 3 0 0 0 0 0 0 0 0 0 0 8 0
Last Time Cost: 00000246 ms
Total Time Cost: 00373989 ms
Total Distance 30: 0 0 0 7 6 0 0 0 0 0 0 0 0 0 0 0 7 0 0 0 0 0 0 0 0 0 0 0 0 0 0 0 0 0 0 0 0 2 0 0 0 0 0 0 0 0 0 0 8 0
Last Time Cost: 00000246 ms
Total Time Cost: 00374235 ms
Total Distance 29: 0 0 0 7 6 0 0 0 0 0 0 0 0 0 0 0 7 0 0 0 0 0 0 0 0 0 0 0 0 0 0 0 0 0 0 0 0 1 0 0 0 0 0 0 0 0 0 0 8 0
Last Time Cost: 00000246 ms
Total Time Cost: 00374481 ms
Total Distance 28: 0 0 0 7 6 0 0 0 0 0 0 0 0 0 0 0 7 0 0 0 0 0 0 0 0 0 0 0 0 0 0 0 0 0 0 0 0 0 0 0 0 0 0 0 0 0 0 0 8 0
Last Time Cost: 00000559 ms
Total Time Cost: 00375040 ms
Total Distance 26: 0 0 0 7 5 0 0 0 0 0 0 0 0 0 0 0 7 0 0 0 0 0 0 0 0 0 0 0 0 0 0 0 0 0 0 0 0 0 0 0 0 0 0 0 0 0 0 0 7 0
Last Time Cost: 00000075 ms
Total Time Cost: 00375115 ms
Total Distance 25: 0 0 0 7 4 0 0 0 0 0 0 0 0 0 0 0 7 0 0 0 0 0 0 0 0 0 0 0 0 0 0 0 0 0 0 0 0 0 0 0 0 0 0 0 0 0 0 0 7 0
Last Time Cost: 00000011 ms
Total Time Cost: 00375126 ms
Total Distance 24: 0 0 0 7 3 0 0 0 0 0 0 0 0 0 0 0 7 0 0 0 0 0 0 0 0 0 0 0 0 0 0 0 0 0 0 0 0 0 0 0 0 0 0 0 0 0 0 0 7 0
Last Time Cost: 00000006 ms
Total Time Cost: 00375132 ms
Total Distance 23: 0 0 0 7 2 0 0 0 0 0 0 0 0 0 0 0 7 0 0 0 0 0 0 0 0 0 0 0 0 0 0 0 0 0 0 0 0 0 0 0 0 0 0 0 0 0 0 0 7 0
Last Time Cost: 00000005 ms
Total Time Cost: 00375137 ms
Total Distance 22: 0 0 0 7 1 0 0 0 0 0 0 0 0 0 0 0 7 0 0 0 0 0 0 0 0 0 0 0 0 0 0 0 0 0 0 0 0 0 0 0 0 0 0 0 0 0 0 0 7 0
Last Time Cost: 00000004 ms
Total Time Cost: 00375141 ms
Total Distance 21: 0 0 0 7 0 0 0 0 0 0 0 0 0 0 0 0 7 0 0 0 0 0 0 0 0 0 0 0 0 0 0 0 0 0 0 0 0 0 0 0 0 0 0 0 0 0 0 0 7 0
Last Time Cost: 00112204 ms
Total Time Cost: 00487345 ms
Total Distance 20: 0 0 0 7 0 0 0 0 0 0 0 0 0 0 0 0 6 0 0 0 0 0 0 0 0 0 0 0 0 0 0 0 0 0 0 0 0 0 0 0 0 0 0 0 0 0 0 0 7 0
Last Time Cost: 00000340 ms
Total Time Cost: 00487685 ms
Total Distance 19: 0 0 0 7 0 0 0 0 0 0 0 0 0 0 0 0 5 0 0 0 0 0 0 0 0 0 0 0 0 0 0 0 0 0 0 0 0 0 0 0 0 0 0 0 0 0 0 0 7 0
Last Time Cost: 00000071 ms
Total Time Cost: 00487756 ms
Total Distance 18: 0 0 0 7 0 0 0 0 0 0 0 0 0 0 0 0 4 0 0 0 0 0 0 0 0 0 0 0 0 0 0 0 0 0 0 0 0 0 0 0 0 0 0 0 0 0 0 0 7 0
Last Time Cost: 00000007 ms
Total Time Cost: 00487763 ms
Total Distance 17: 0 0 0 7 0 0 0 0 0 0 0 0 0 0 0 0 3 0 0 0 0 0 0 0 0 0 0 0 0 0 0 0 0 0 0 0 0 0 0 0 0 0 0 0 0 0 0 0 7 0
Last Time Cost: 00000006 ms
Total Time Cost: 00487769 ms
Total Distance 16: 0 0 0 7 0 0 0 0 0 0 0 0 0 0 0 0 2 0 0 0 0 0 0 0 0 0 0 0 0 0 0 0 0 0 0 0 0 0 0 0 0 0 0 0 0 0 0 0 7 0
Last Time Cost: 00000005 ms
Total Time Cost: 00487774 ms
Total Distance 15: 0 0 0 7 0 0 0 0 0 0 0 0 0 0 0 0 1 0 0 0 0 0 0 0 0 0 0 0 0 0 0 0 0 0 0 0 0 0 0 0 0 0 0 0 0 0 0 0 7 0
Last Time Cost: 00000004 ms
Total Time Cost: 00487778 ms
Total Distance 14: 0 0 0 7 0 0 0 0 0 0 0 0 0 0 0 0 0 0 0 0 0 0 0 0 0 0 0 0 0 0 0 0 0 0 0 0 0 0 0 0 0 0 0 0 0 0 0 0 7 0
Last Time Cost: 00090338 ms
Total Time Cost: 00578116 ms
Total Distance 13: 0 0 0 7 0 0 0 0 0 0 0 0 0 0 0 0 0 0 0 0 0 0 0 0 0 0 0 0 0 0 0 0 0 0 0 0 0 0 0 0 0 0 0 0 0 0 0 0 6 0
Last Time Cost: 00000437 ms
Total Time Cost: 00578553 ms
Total Distance 12: 0 0 0 7 0 0 0 0 0 0 0 0 0 0 0 0 0 0 0 0 0 0 0 0 0 0 0 0 0 0 0 0 0 0 0 0 0 0 0 0 0 0 0 0 0 0 0 0 5 0
Last Time Cost: 00000082 ms
Total Time Cost: 00578635 ms
Total Distance 11: 0 0 0 7 0 0 0 0 0 0 0 0 0 0 0 0 0 0 0 0 0 0 0 0 0 0 0 0 0 0 0 0 0 0 0 0 0 0 0 0 0 0 0 0 0 0 0 0 4 0
Last Time Cost: 00000006 ms
Total Time Cost: 00578641 ms
Total Distance 10: 0 0 0 7 0 0 0 0 0 0 0 0 0 0 0 0 0 0 0 0 0 0 0 0 0 0 0 0 0 0 0 0 0 0 0 0 0 0 0 0 0 0 0 0 0 0 0 0 3 0
Last Time Cost: 00000005 ms
Total Time Cost: 00578646 ms
Total Distance 9: 0 0 0 7 0 0 0 0 0 0 0 0 0 0 0 0 0 0 0 0 0 0 0 0 0 0 0 0 0 0 0 0 0 0 0 0 0 0 0 0 0 0 0 0 0 0 0 0 2 0
Last Time Cost: 00000005 ms
Total Time Cost: 00578651 ms
Total Distance 8: 0 0 0 7 0 0 0 0 0 0 0 0 0 0 0 0 0 0 0 0 0 0 0 0 0 0 0 0 0 0 0 0 0 0 0 0 0 0 0 0 0 0 0 0 0 0 0 0 1 0
Last Time Cost: 00000004 ms
Total Time Cost: 00578655 ms
Total Distance 7: 0 0 0 7 0 0 0 0 0 0 0 0 0 0 0 0 0 0 0 0 0 0 0 0 0 0 0 0 0 0 0 0 0 0 0 0 0 0 0 0 0 0 0 0 0 0 0 0 0 0
Last Time Cost: 00046585 ms
Total Time Cost: 00625240 ms
Total Distance 6: 0 0 0 6 0 0 0 0 0 0 0 0 0 0 0 0 0 0 0 0 0 0 0 0 0 0 0 0 0 0 0 0 0 0 0 0 0 0 0 0 0 0 0 0 0 0 0 0 0 0
Last Time Cost: 00000403 ms
Total Time Cost: 00625643 ms
Total Distance 5: 0 0 0 5 0 0 0 0 0 0 0 0 0 0 0 0 0 0 0 0 0 0 0 0 0 0 0 0 0 0 0 0 0 0 0 0 0 0 0 0 0 0 0 0 0 0 0 0 0 0
Last Time Cost: 00000075 ms
Total Time Cost: 00625718 ms
Total Distance 4: 0 0 0 4 0 0 0 0 0 0 0 0 0 0 0 0 0 0 0 0 0 0 0 0 0 0 0 0 0 0 0 0 0 0 0 0 0 0 0 0 0 0 0 0 0 0 0 0 0 0
Last Time Cost: 00000001 ms
Total Time Cost: 00625719 ms
Total Distance 3: 0 0 0 3 0 0 0 0 0 0 0 0 0 0 0 0 0 0 0 0 0 0 0 0 0 0 0 0 0 0 0 0 0 0 0 0 0 0 0 0 0 0 0 0 0 0 0 0 0 0
Last Time Cost: 00000000 ms
Total Time Cost: 00625719 ms
Total Distance 2: 0 0 0 2 0 0 0 0 0 0 0 0 0 0 0 0 0 0 0 0 0 0 0 0 0 0 0 0 0 0 0 0 0 0 0 0 0 0 0 0 0 0 0 0 0 0 0 0 0 0
Last Time Cost: 00000000 ms
Total Time Cost: 00625719 ms
Total Distance 1: 0 0 0 1 0 0 0 0 0 0 0 0 0 0 0 0 0 0 0 0 0 0 0 0 0 0 0 0 0 0 0 0 0 0 0 0 0 0 0 0 0 0 0 0 0 0 0 0 0 0
Last Time Cost: 00000000 ms
Total Time Cost: 00625719 ms
Total Distance 0: 0 0 0 0 0 0 0 0 0 0 0 0 0 0 0 0 0 0 0 0 0 0 0 0 0 0 0 0 0 0 0 0 0 0 0 0 0 0 0 0 0 0 0 0 0 0 0 0 0 0
