Last Time Cost: 00000000 ms
Total Time Cost: 00000000 ms
Total Distance 486: 10 10 10 10 10 10 10 10 10 10 10 10 10 8 8 8 8 8 8 8 8 8 8 8 8 8 9 9 9 9 9 9 9 9 9 9 9 9 9 9 9 9 9 9 9 9 9 9 9 9 9 9 9 9
Last Time Cost: 00000138 ms
Total Time Cost: 00000138 ms
Total Distance 479: 10 9 9 10 10 10 10 10 10 10 10 10 10 7 8 8 8 8 8 8 7 8 8 8 8 8 9 9 9 9 8 9 9 9 8 9 9 9 9 9 9 9 8 9 9 9 9 9 9 9 9 9 9 9
Last Time Cost: 00000019 ms
Total Time Cost: 00000157 ms
Total Distance 474: 10 9 9 10 10 10 10 10 10 10 9 10 10 7 8 8 8 8 8 8 6 8 8 8 8 8 9 9 9 9 8 9 9 9 8 9 9 9 8 8 9 9 8 9 9 9 9 9 9 9 9 9 8 9
Last Time Cost: 00000009 ms
Total Time Cost: 00000166 ms
Total Distance 470: 10 9 9 10 10 10 10 9 10 10 9 10 10 7 8 8 8 8 8 8 5 8 8 8 8 8 9 9 9 9 8 8 9 8 8 9 9 9 8 8 9 9 8 9 9 9 9 9 9 9 9 9 8 9
Last Time Cost: 00000007 ms
Total Time Cost: 00000173 ms
Total Distance 467: 10 9 8 10 10 10 10 9 10 10 9 10 10 7 8 8 8 8 8 8 4 8 8 8 8 8 9 9 9 9 8 8 9 8 8 9 9 9 8 8 9 9 7 9 9 9 9 9 9 9 9 9 8 9
Last Time Cost: 00000006 ms
Total Time Cost: 00000179 ms
Total Distance 464: 10 9 7 9 10 10 10 9 10 10 9 10 10 7 8 8 8 8 8 8 3 8 8 8 8 8 9 9 9 9 8 8 9 8 8 9 9 9 8 8 9 9 7 9 9 9 9 9 9 9 9 9 8 9
Last Time Cost: 00000005 ms
Total Time Cost: 00000184 ms
Total Distance 463: 10 9 7 9 10 10 10 9 10 10 9 10 10 7 8 8 8 8 8 8 2 8 8 8 8 8 9 9 9 9 8 8 9 8 8 9 9 9 8 8 9 9 7 9 9 9 9 9 9 9 9 9 8 9
Last Time Cost: 00000004 ms
Total Time Cost: 00000188 ms
Total Distance 462: 10 9 7 9 10 10 10 9 10 10 9 10 10 7 8 8 8 8 8 8 1 8 8 8 8 8 9 9 9 9 8 8 9 8 8 9 9 9 8 8 9 9 7 9 9 9 9 9 9 9 9 9 8 9
Last Time Cost: 00000004 ms
Total Time Cost: 00000192 ms
Total Distance 461: 10 9 7 9 10 10 10 9 10 10 9 10 10 7 8 8 8 8 8 8 0 8 8 8 8 8 9 9 9 9 8 8 9 8 8 9 9 9 8 8 9 9 7 9 9 9 9 9 9 9 9 9 8 9
Last Time Cost: 00000041 ms
Total Time Cost: 00000233 ms
Total Distance 456: 10 9 7 9 10 10 10 9 10 10 9 10 10 7 8 8 8 8 8 8 0 8 8 8 8 8 9 9 9 9 8 8 8 7 7 9 9 9 8 8 9 8 6 9 9 9 9 9 9 9 9 9 8 9
Last Time Cost: 00000014 ms
Total Time Cost: 00000247 ms
Total Distance 452: 10 8 7 9 10 10 10 9 10 10 9 10 10 7 8 8 8 7 8 8 0 8 8 8 8 8 9 9 9 9 8 8 8 7 7 9 9 9 8 8 9 8 5 9 9 9 9 9 8 9 9 9 8 9
Last Time Cost: 00000011 ms
Total Time Cost: 00000258 ms
Total Distance 449: 10 8 7 9 10 10 10 9 10 10 9 10 10 7 8 8 8 7 8 7 0 8 8 8 8 8 9 9 9 9 8 8 8 7 7 9 9 9 8 8 9 8 4 9 9 9 9 8 8 9 9 9 8 9
Last Time Cost: 00000009 ms
Total Time Cost: 00000267 ms
Total Distance 447: 10 8 7 9 10 10 10 9 10 10 9 10 10 7 8 8 8 6 8 7 0 8 8 8 8 8 9 9 9 9 8 8 8 7 7 9 9 9 8 8 9 8 3 9 9 9 9 8 8 9 9 9 8 9
Last Time Cost: 00000008 ms
Total Time Cost: 00000275 ms
Total Distance 446: 10 8 7 9 10 10 10 9 10 10 9 10 10 7 8 8 8 6 8 7 0 8 8 8 8 8 9 9 9 9 8 8 8 7 7 9 9 9 8 8 9 8 2 9 9 9 9 8 8 9 9 9 8 9
Last Time Cost: 00000007 ms
Total Time Cost: 00000282 ms
Total Distance 445: 10 8 7 9 10 10 10 9 10 10 9 10 10 7 8 8 8 6 8 7 0 8 8 8 8 8 9 9 9 9 8 8 8 7 7 9 9 9 8 8 9 8 1 9 9 9 9 8 8 9 9 9 8 9
Last Time Cost: 00000006 ms
Total Time Cost: 00000288 ms
Total Distance 444: 10 8 7 9 10 10 10 9 10 10 9 10 10 7 8 8 8 6 8 7 0 8 8 8 8 8 9 9 9 9 8 8 8 7 7 9 9 9 8 8 9 8 0 9 9 9 9 8 8 9 9 9 8 9
Last Time Cost: 00000019 ms
Total Time Cost: 00000307 ms
Total Distance 439: 10 7 7 9 10 10 10 9 10 9 9 10 10 7 8 8 8 5 8 7 0 8 8 8 8 8 9 9 9 9 8 8 8 7 7 9 9 8 8 8 9 8 0 9 9 9 9 7 8 9 9 9 8 9
Last Time Cost: 00000016 ms
Total Time Cost: 00000323 ms
Total Distance 435: 10 7 7 9 10 10 10 9 10 8 9 10 10 7 8 8 7 4 8 7 0 8 8 8 8 8 9 9 9 9 8 8 8 7 7 9 9 8 8 8 9 8 0 9 9 9 9 7 8 9 9 8 8 9
Last Time Cost: 00000013 ms
Total Time Cost: 00000336 ms
Total Distance 433: 10 7 7 9 10 10 10 9 10 8 9 10 10 7 8 8 7 3 8 7 0 8 8 8 8 8 9 9 9 9 8 8 8 7 7 9 9 8 8 8 9 8 0 9 9 9 9 7 8 9 9 7 8 9
Last Time Cost: 00000012 ms
Total Time Cost: 00000348 ms
Total Distance 431: 10 7 7 9 10 10 10 9 10 8 9 10 10 7 8 8 7 2 8 7 0 8 8 8 8 8 9 9 9 9 8 8 8 7 7 9 9 8 8 8 9 8 0 9 9 9 8 7 8 9 9 7 8 9
Last Time Cost: 00000011 ms
Total Time Cost: 00000359 ms
Total Distance 430: 10 7 7 9 10 10 10 9 10 8 9 10 10 7 8 8 7 1 8 7 0 8 8 8 8 8 9 9 9 9 8 8 8 7 7 9 9 8 8 8 9 8 0 9 9 9 8 7 8 9 9 7 8 9
Last Time Cost: 00000010 ms
Total Time Cost: 00000369 ms
Total Distance 429: 10 7 7 9 10 10 10 9 10 8 9 10 10 7 8 8 7 0 8 7 0 8 8 8 8 8 9 9 9 9 8 8 8 7 7 9 9 8 8 8 9 8 0 9 9 9 8 7 8 9 9 7 8 9
Last Time Cost: 00000233 ms
Total Time Cost: 00000602 ms
Total Distance 422: 10 7 7 9 10 9 10 9 10 8 9 10 9 7 8 8 7 0 7 7 0 8 8 8 8 7 9 9 9 9 8 8 7 7 6 9 9 8 8 8 9 8 0 8 9 9 8 7 8 9 9 7 8 9
Last Time Cost: 00000025 ms
Total Time Cost: 00000627 ms
Total Distance 419: 10 7 7 9 10 9 10 9 10 8 9 9 9 7 8 8 7 0 7 7 0 8 8 8 8 7 9 9 9 9 8 8 7 7 5 9 9 8 8 8 9 8 0 8 9 9 8 7 8 8 9 7 8 9
Last Time Cost: 00000021 ms
Total Time Cost: 00000648 ms
Total Distance 417: 10 7 7 9 10 9 10 9 10 8 9 9 9 7 8 8 7 0 7 7 0 8 8 8 8 7 9 9 9 9 8 8 6 7 4 9 9 8 8 8 9 8 0 8 9 9 8 7 8 8 9 7 8 9
Last Time Cost: 00000019 ms
Total Time Cost: 00000667 ms
Total Distance 415: 10 7 7 9 10 9 10 9 10 8 8 9 9 7 8 8 7 0 7 7 0 8 8 8 8 7 9 9 9 9 8 8 6 7 3 9 9 8 8 8 9 8 0 8 9 9 8 7 8 8 9 7 8 9
Last Time Cost: 00000017 ms
Total Time Cost: 00000684 ms
Total Distance 414: 10 7 7 9 10 9 10 9 10 8 8 9 9 7 8 8 7 0 7 7 0 8 8 8 8 7 9 9 9 9 8 8 6 7 2 9 9 8 8 8 9 8 0 8 9 9 8 7 8 8 9 7 8 9
Last Time Cost: 00000015 ms
Total Time Cost: 00000699 ms
Total Distance 413: 10 7 7 9 10 9 10 9 10 8 8 9 9 7 8 8 7 0 7 7 0 8 8 8 8 7 9 9 9 9 8 8 6 7 1 9 9 8 8 8 9 8 0 8 9 9 8 7 8 8 9 7 8 9
Last Time Cost: 00000014 ms
Total Time Cost: 00000713 ms
Total Distance 412: 10 7 7 9 10 9 10 9 10 8 8 9 9 7 8 8 7 0 7 7 0 8 8 8 8 7 9 9 9 9 8 8 6 7 0 9 9 8 8 8 9 8 0 8 9 9 8 7 8 8 9 7 8 9
Last Time Cost: 00000035 ms
Total Time Cost: 00000748 ms
Total Distance 407: 10 7 7 9 10 9 10 9 10 8 7 8 9 7 8 8 6 0 7 7 0 8 8 8 8 7 9 9 9 9 8 8 5 7 0 9 9 8 8 8 9 8 0 8 9 9 8 7 7 8 9 7 8 9
Last Time Cost: 00000029 ms
Total Time Cost: 00000777 ms
Total Distance 404: 10 7 7 9 10 9 10 9 10 8 7 8 8 7 8 8 6 0 6 7 0 8 8 8 8 7 9 9 9 9 8 8 4 7 0 9 9 8 8 8 9 8 0 8 9 9 8 7 7 8 9 7 8 9
Last Time Cost: 00000025 ms
Total Time Cost: 00000802 ms
Total Distance 402: 10 7 7 9 10 9 10 9 10 8 7 8 7 7 8 8 6 0 6 7 0 8 8 8 8 7 9 9 9 9 8 8 3 7 0 9 9 8 8 8 9 8 0 8 9 9 8 7 7 8 9 7 8 9
Last Time Cost: 00000023 ms
Total Time Cost: 00000825 ms
Total Distance 400: 10 7 7 9 10 9 10 9 10 8 7 7 7 7 8 8 6 0 6 7 0 8 8 8 8 7 9 9 9 9 8 8 2 7 0 9 9 8 8 8 9 8 0 8 9 9 8 7 7 8 9 7 8 9
Last Time Cost: 00000021 ms
Total Time Cost: 00000846 ms
Total Distance 398: 10 7 7 9 10 9 10 9 10 8 7 7 7 7 8 8 6 0 6 7 0 8 8 8 8 7 9 9 9 9 8 8 1 7 0 9 9 8 8 8 9 8 0 8 9 9 8 7 7 8 8 7 8 9
Last Time Cost: 00000021 ms
Total Time Cost: 00000867 ms
Total Distance 397: 10 7 7 9 10 9 10 9 10 8 7 7 7 7 8 8 6 0 6 7 0 8 8 8 8 7 9 9 9 9 8 8 0 7 0 9 9 8 8 8 9 8 0 8 9 9 8 7 7 8 8 7 8 9
Last Time Cost: 00000078 ms
Total Time Cost: 00000945 ms
Total Distance 393: 10 6 7 8 10 9 10 9 10 8 7 7 7 7 8 8 5 0 6 7 0 8 8 8 8 7 9 9 9 9 8 7 0 7 0 9 9 8 8 8 9 8 0 8 9 9 8 7 7 8 8 7 8 9
Last Time Cost: 00000037 ms
Total Time Cost: 00000982 ms
Total Distance 390: 10 6 7 8 10 9 10 9 10 8 7 7 7 7 8 8 4 0 6 7 0 8 8 7 8 6 9 9 9 9 8 7 0 7 0 9 9 8 8 8 9 8 0 8 9 9 8 7 7 8 8 7 8 9
Last Time Cost: 00000033 ms
Total Time Cost: 00001015 ms
Total Distance 388: 10 6 7 8 10 9 10 9 10 7 7 7 7 7 8 8 3 0 6 7 0 8 8 7 8 6 9 9 9 9 8 7 0 7 0 9 9 8 8 8 9 8 0 8 9 9 8 7 7 8 8 7 8 9
Last Time Cost: 00000031 ms
Total Time Cost: 00001046 ms
Total Distance 387: 10 6 7 8 10 9 10 9 10 7 7 7 7 7 8 8 2 0 6 7 0 8 8 7 8 6 9 9 9 9 8 7 0 7 0 9 9 8 8 8 9 8 0 8 9 9 8 7 7 8 8 7 8 9
Last Time Cost: 00000029 ms
Total Time Cost: 00001075 ms
Total Distance 386: 10 6 7 8 10 9 10 9 10 7 7 7 7 7 8 8 1 0 6 7 0 8 8 7 8 6 9 9 9 9 8 7 0 7 0 9 9 8 8 8 9 8 0 8 9 9 8 7 7 8 8 7 8 9
Last Time Cost: 00000030 ms
Total Time Cost: 00001105 ms
Total Distance 385: 10 6 7 8 10 9 10 9 10 7 7 7 7 7 8 8 0 0 6 7 0 8 8 7 8 6 9 9 9 9 8 7 0 7 0 9 9 8 8 8 9 8 0 8 9 9 8 7 7 8 8 7 8 9
Last Time Cost: 00000153 ms
Total Time Cost: 00001258 ms
Total Distance 381: 10 6 7 8 10 9 10 9 10 7 7 7 7 7 7 8 0 0 6 7 0 8 8 7 8 5 9 9 9 9 8 7 0 6 0 9 9 8 8 8 9 8 0 8 9 9 8 7 6 8 8 7 8 9
Last Time Cost: 00000050 ms
Total Time Cost: 00001308 ms
Total Distance 378: 10 6 7 8 10 9 10 9 10 7 7 7 7 7 7 8 0 0 5 7 0 8 8 7 8 4 9 9 9 9 8 7 0 6 0 9 9 8 8 8 9 8 0 7 9 9 8 7 6 8 8 7 8 9
Last Time Cost: 00000045 ms
Total Time Cost: 00001353 ms
Total Distance 376: 10 6 7 8 10 9 10 9 10 7 7 7 7 7 7 8 0 0 5 7 0 8 8 6 8 3 9 9 9 9 8 7 0 6 0 9 9 8 8 8 9 8 0 7 9 9 8 7 6 8 8 7 8 9
Last Time Cost: 00000041 ms
Total Time Cost: 00001394 ms
Total Distance 374: 10 6 7 8 10 9 10 9 10 7 7 7 7 7 7 8 0 0 5 7 0 8 8 6 8 2 9 9 9 9 8 7 0 6 0 9 9 8 8 8 8 8 0 7 9 9 8 7 6 8 8 7 8 9
Last Time Cost: 00000038 ms
Total Time Cost: 00001432 ms
Total Distance 373: 10 6 7 8 10 9 10 9 10 7 7 7 7 7 7 8 0 0 5 7 0 8 8 6 8 1 9 9 9 9 8 7 0 6 0 9 9 8 8 8 8 8 0 7 9 9 8 7 6 8 8 7 8 9
Last Time Cost: 00000040 ms
Total Time Cost: 00001472 ms
Total Distance 372: 10 6 7 8 10 9 10 9 10 7 7 7 7 7 7 8 0 0 5 7 0 8 8 6 8 0 9 9 9 9 8 7 0 6 0 9 9 8 8 8 8 8 0 7 9 9 8 7 6 8 8 7 8 9
Last Time Cost: 00000065 ms
Total Time Cost: 00001537 ms
Total Distance 369: 10 6 7 8 10 9 10 9 10 7 7 7 7 7 7 8 0 0 4 6 0 8 8 6 8 0 9 9 9 9 8 7 0 6 0 9 9 8 8 8 8 8 0 7 9 9 8 7 6 8 8 6 8 9
Last Time Cost: 00000056 ms
Total Time Cost: 00001593 ms
Total Distance 367: 10 6 7 8 10 9 10 9 10 7 7 7 7 7 7 8 0 0 3 6 0 8 8 6 8 0 9 9 9 9 8 7 0 6 0 9 9 8 8 8 8 8 0 7 9 9 8 7 6 8 8 5 8 9
Last Time Cost: 00000051 ms
Total Time Cost: 00001644 ms
Total Distance 365: 10 6 7 8 10 9 10 9 10 7 7 7 7 7 7 8 0 0 2 6 0 8 8 6 8 0 9 9 9 9 8 7 0 6 0 8 9 8 8 8 8 8 0 7 9 9 8 7 6 8 8 5 8 9
Last Time Cost: 00000051 ms
Total Time Cost: 00001695 ms
Total Distance 364: 10 6 7 8 10 9 10 9 10 7 7 7 7 7 7 8 0 0 1 6 0 8 8 6 8 0 9 9 9 9 8 7 0 6 0 8 9 8 8 8 8 8 0 7 9 9 8 7 6 8 8 5 8 9
Last Time Cost: 00000049 ms
Total Time Cost: 00001744 ms
Total Distance 363: 10 6 7 8 10 9 10 9 10 7 7 7 7 7 7 8 0 0 0 6 0 8 8 6 8 0 9 9 9 9 8 7 0 6 0 8 9 8 8 8 8 8 0 7 9 9 8 7 6 8 8 5 8 9
Last Time Cost: 00000100 ms
Total Time Cost: 00001844 ms
Total Distance 360: 10 6 7 8 10 9 10 9 10 7 7 7 7 7 7 8 0 0 0 6 0 8 8 6 8 0 9 9 9 8 8 7 0 6 0 8 9 8 8 8 8 8 0 7 9 9 7 7 6 8 8 4 8 9
Last Time Cost: 00000084 ms
Total Time Cost: 00001928 ms
Total Distance 357: 10 6 7 8 10 9 10 9 10 7 7 7 7 7 7 8 0 0 0 6 0 8 8 6 8 0 8 9 9 8 8 7 0 6 0 8 9 8 8 8 8 8 0 7 8 9 7 7 6 8 8 3 8 9
Last Time Cost: 00000062 ms
Total Time Cost: 00001990 ms
Total Distance 356: 10 6 7 8 10 9 10 9 10 7 7 7 7 7 7 8 0 0 0 6 0 8 8 6 8 0 8 9 9 8 8 7 0 6 0 8 9 8 8 8 8 8 0 7 8 9 7 7 6 8 8 2 8 9
Last Time Cost: 00000062 ms
Total Time Cost: 00002052 ms
Total Distance 355: 10 6 7 8 10 9 10 9 10 7 7 7 7 7 7 8 0 0 0 6 0 8 8 6 8 0 8 9 9 8 8 7 0 6 0 8 9 8 8 8 8 8 0 7 8 9 7 7 6 8 8 1 8 9
Last Time Cost: 00000058 ms
Total Time Cost: 00002110 ms
Total Distance 354: 10 6 7 8 10 9 10 9 10 7 7 7 7 7 7 8 0 0 0 6 0 8 8 6 8 0 8 9 9 8 8 7 0 6 0 8 9 8 8 8 8 8 0 7 8 9 7 7 6 8 8 0 8 9
Last Time Cost: 00000366 ms
Total Time Cost: 00002476 ms
Total Distance 350: 10 6 7 8 9 9 10 9 10 7 6 7 7 7 7 8 0 0 0 6 0 8 8 6 8 0 8 9 9 8 8 7 0 6 0 8 9 8 8 8 8 8 0 7 8 9 6 7 5 8 8 0 8 9
Last Time Cost: 00000105 ms
Total Time Cost: 00002581 ms
Total Distance 347: 10 6 7 8 9 9 10 8 10 7 6 7 7 7 7 8 0 0 0 6 0 8 8 6 8 0 8 8 9 8 8 7 0 6 0 8 9 8 8 8 8 8 0 7 8 9 6 7 4 8 8 0 8 9
Last Time Cost: 00000091 ms
Total Time Cost: 00002672 ms
Total Distance 345: 10 6 7 8 9 9 10 8 10 7 5 7 7 7 7 8 0 0 0 6 0 8 8 6 8 0 8 8 9 8 8 7 0 6 0 8 9 8 8 8 8 8 0 7 8 9 6 7 3 8 8 0 8 9
Last Time Cost: 00000076 ms
Total Time Cost: 00002748 ms
Total Distance 344: 10 6 7 8 9 9 10 8 10 7 5 7 7 7 7 8 0 0 0 6 0 8 8 6 8 0 8 8 9 8 8 7 0 6 0 8 9 8 8 8 8 8 0 7 8 9 6 7 2 8 8 0 8 9
Last Time Cost: 00000075 ms
Total Time Cost: 00002823 ms
Total Distance 343: 10 6 7 8 9 9 10 8 10 7 5 7 7 7 7 8 0 0 0 6 0 8 8 6 8 0 8 8 9 8 8 7 0 6 0 8 9 8 8 8 8 8 0 7 8 9 6 7 1 8 8 0 8 9
Last Time Cost: 00000072 ms
Total Time Cost: 00002895 ms
Total Distance 342: 10 6 7 8 9 9 10 8 10 7 5 7 7 7 7 8 0 0 0 6 0 8 8 6 8 0 8 8 9 8 8 7 0 6 0 8 9 8 8 8 8 8 0 7 8 9 6 7 0 8 8 0 8 9
Last Time Cost: 00000104 ms
Total Time Cost: 00002999 ms
Total Distance 340: 10 6 7 8 9 9 10 8 10 7 4 7 7 7 7 8 0 0 0 5 0 8 8 6 8 0 8 8 9 8 8 7 0 6 0 8 9 8 8 8 8 8 0 7 8 9 6 7 0 8 8 0 8 9
Last Time Cost: 00000095 ms
Total Time Cost: 00003094 ms
Total Distance 338: 10 6 7 8 8 9 10 8 10 7 3 7 7 7 7 8 0 0 0 5 0 8 8 6 8 0 8 8 9 8 8 7 0 6 0 8 9 8 8 8 8 8 0 7 8 9 6 7 0 8 8 0 8 9
Last Time Cost: 00000091 ms
Total Time Cost: 00003185 ms
Total Distance 336: 10 6 7 8 7 9 10 8 10 7 2 7 7 7 7 8 0 0 0 5 0 8 8 6 8 0 8 8 9 8 8 7 0 6 0 8 9 8 8 8 8 8 0 7 8 9 6 7 0 8 8 0 8 9
Last Time Cost: 00000089 ms
Total Time Cost: 00003274 ms
Total Distance 335: 10 6 7 8 7 9 10 8 10 7 1 7 7 7 7 8 0 0 0 5 0 8 8 6 8 0 8 8 9 8 8 7 0 6 0 8 9 8 8 8 8 8 0 7 8 9 6 7 0 8 8 0 8 9
Last Time Cost: 00000087 ms
Total Time Cost: 00003361 ms
Total Distance 334: 10 6 7 8 7 9 10 8 10 7 0 7 7 7 7 8 0 0 0 5 0 8 8 6 8 0 8 8 9 8 8 7 0 6 0 8 9 8 8 8 8 8 0 7 8 9 6 7 0 8 8 0 8 9
Last Time Cost: 00000121 ms
Total Time Cost: 00003482 ms
Total Distance 331: 10 6 7 8 7 9 10 8 10 7 0 7 7 7 7 8 0 0 0 4 0 8 8 6 8 0 8 8 9 8 8 7 0 6 0 8 9 8 8 8 8 8 0 7 8 8 6 7 0 7 8 0 8 9
Last Time Cost: 00000109 ms
Total Time Cost: 00003591 ms
Total Distance 330: 10 6 7 8 7 9 10 8 10 7 0 7 7 7 7 8 0 0 0 3 0 8 8 6 8 0 8 8 9 8 8 7 0 6 0 8 9 8 8 8 8 8 0 7 8 8 6 7 0 7 8 0 8 9
Last Time Cost: 00000107 ms
Total Time Cost: 00003698 ms
Total Distance 329: 10 6 7 8 7 9 10 8 10 7 0 7 7 7 7 8 0 0 0 2 0 8 8 6 8 0 8 8 9 8 8 7 0 6 0 8 9 8 8 8 8 8 0 7 8 8 6 7 0 7 8 0 8 9
Last Time Cost: 00000105 ms
Total Time Cost: 00003803 ms
Total Distance 328: 10 6 7 8 7 9 10 8 10 7 0 7 7 7 7 8 0 0 0 1 0 8 8 6 8 0 8 8 9 8 8 7 0 6 0 8 9 8 8 8 8 8 0 7 8 8 6 7 0 7 8 0 8 9
Last Time Cost: 00000104 ms
Total Time Cost: 00003907 ms
Total Distance 327: 10 6 7 8 7 9 10 8 10 7 0 7 7 7 7 8 0 0 0 0 0 8 8 6 8 0 8 8 9 8 8 7 0 6 0 8 9 8 8 8 8 8 0 7 8 8 6 7 0 7 8 0 8 9
Last Time Cost: 00000398 ms
Total Time Cost: 00004305 ms
Total Distance 323: 10 6 6 8 7 9 9 8 10 7 0 7 7 7 7 8 0 0 0 0 0 8 8 6 8 0 8 8 9 8 8 7 0 6 0 8 9 8 8 8 8 8 0 7 8 8 5 7 0 7 8 0 7 9
Last Time Cost: 00000159 ms
Total Time Cost: 00004464 ms
Total Distance 321: 10 6 5 8 7 9 9 8 10 7 0 7 7 7 7 8 0 0 0 0 0 8 8 6 8 0 8 8 9 8 8 7 0 6 0 8 9 8 8 8 8 8 0 7 8 8 4 7 0 7 8 0 7 9
Last Time Cost: 00000134 ms
Total Time Cost: 00004598 ms
Total Distance 319: 10 6 5 8 7 9 9 8 10 7 0 7 7 7 7 8 0 0 0 0 0 8 8 6 7 0 8 8 9 8 8 7 0 6 0 8 9 8 8 8 8 8 0 7 8 8 3 7 0 7 8 0 7 9
Last Time Cost: 00000131 ms
Total Time Cost: 00004729 ms
Total Distance 318: 10 6 5 8 7 9 9 8 10 7 0 7 7 7 7 8 0 0 0 0 0 8 8 6 7 0 8 8 9 8 8 7 0 6 0 8 9 8 8 8 8 8 0 7 8 8 2 7 0 7 8 0 7 9
Last Time Cost: 00000130 ms
Total Time Cost: 00004859 ms
Total Distance 317: 10 6 5 8 7 9 9 8 10 7 0 7 7 7 7 8 0 0 0 0 0 8 8 6 7 0 8 8 9 8 8 7 0 6 0 8 9 8 8 8 8 8 0 7 8 8 1 7 0 7 8 0 7 9
Last Time Cost: 00000129 ms
Total Time Cost: 00004988 ms
Total Distance 316: 10 6 5 8 7 9 9 8 10 7 0 7 7 7 7 8 0 0 0 0 0 8 8 6 7 0 8 8 9 8 8 7 0 6 0 8 9 8 8 8 8 8 0 7 8 8 0 7 0 7 8 0 7 9
Last Time Cost: 00000171 ms
Total Time Cost: 00005159 ms
Total Distance 311: 10 6 4 8 7 9 9 8 9 7 0 7 7 7 7 7 0 0 0 0 0 8 8 6 7 0 8 8 9 8 8 7 0 6 0 8 9 8 8 7 8 7 0 7 8 8 0 7 0 7 8 0 7 9
Last Time Cost: 00000161 ms
Total Time Cost: 00005320 ms
Total Distance 308: 10 6 3 8 7 9 9 8 9 7 0 7 7 7 7 7 0 0 0 0 0 8 8 6 7 0 8 8 9 8 7 7 0 6 0 8 9 8 8 7 8 7 0 7 8 8 0 7 0 7 8 0 7 8
Last Time Cost: 00000155 ms
Total Time Cost: 00005475 ms
Total Distance 307: 10 6 2 8 7 9 9 8 9 7 0 7 7 7 7 7 0 0 0 0 0 8 8 6 7 0 8 8 9 8 7 7 0 6 0 8 9 8 8 7 8 7 0 7 8 8 0 7 0 7 8 0 7 8
Last Time Cost: 00000154 ms
Total Time Cost: 00005629 ms
Total Distance 306: 10 6 1 8 7 9 9 8 9 7 0 7 7 7 7 7 0 0 0 0 0 8 8 6 7 0 8 8 9 8 7 7 0 6 0 8 9 8 8 7 8 7 0 7 8 8 0 7 0 7 8 0 7 8
Last Time Cost: 00000153 ms
Total Time Cost: 00005782 ms
Total Distance 305: 10 6 0 8 7 9 9 8 9 7 0 7 7 7 7 7 0 0 0 0 0 8 8 6 7 0 8 8 9 8 7 7 0 6 0 8 9 8 8 7 8 7 0 7 8 8 0 7 0 7 8 0 7 8
Last Time Cost: 00000415 ms
Total Time Cost: 00006197 ms
Total Distance 301: 10 6 0 8 7 9 9 8 8 7 0 7 7 7 7 7 0 0 0 0 0 8 8 6 7 0 8 8 9 8 7 7 0 5 0 8 9 7 8 7 8 7 0 7 7 8 0 7 0 7 8 0 7 8
Last Time Cost: 00000194 ms
Total Time Cost: 00006391 ms
Total Distance 298: 9 6 0 8 7 9 9 8 8 7 0 7 7 7 7 7 0 0 0 0 0 8 8 6 7 0 8 8 9 8 7 7 0 4 0 8 9 7 8 6 8 7 0 7 7 8 0 7 0 7 8 0 7 8
Last Time Cost: 00000045 ms
Total Time Cost: 00006436 ms
Total Distance 297: 9 6 0 8 7 9 9 8 8 7 0 7 7 7 7 7 0 0 0 0 0 8 8 6 7 0 8 8 9 8 7 7 0 3 0 8 9 7 8 6 8 7 0 7 7 8 0 7 0 7 8 0 7 8
Last Time Cost: 00000032 ms
Total Time Cost: 00006468 ms
Total Distance 296: 9 6 0 8 7 9 9 8 8 7 0 7 7 7 7 7 0 0 0 0 0 8 8 6 7 0 8 8 9 8 7 7 0 2 0 8 9 7 8 6 8 7 0 7 7 8 0 7 0 7 8 0 7 8
Last Time Cost: 00000020 ms
Total Time Cost: 00006488 ms
Total Distance 295: 9 6 0 8 7 9 9 8 8 7 0 7 7 7 7 7 0 0 0 0 0 8 8 6 7 0 8 8 9 8 7 7 0 1 0 8 9 7 8 6 8 7 0 7 7 8 0 7 0 7 8 0 7 8
Last Time Cost: 00000011 ms
Total Time Cost: 00006499 ms
Total Distance 294: 9 6 0 8 7 9 9 8 8 7 0 7 7 7 7 7 0 0 0 0 0 8 8 6 7 0 8 8 9 8 7 7 0 0 0 8 9 7 8 6 8 7 0 7 7 8 0 7 0 7 8 0 7 8
Last Time Cost: 00000261 ms
Total Time Cost: 00006760 ms
Total Distance 290: 9 6 0 8 7 9 9 8 7 7 0 7 7 7 7 7 0 0 0 0 0 8 8 5 7 0 8 8 9 7 7 7 0 0 0 8 8 7 8 6 8 7 0 7 7 8 0 7 0 7 8 0 7 8
Last Time Cost: 00000044 ms
Total Time Cost: 00006804 ms
Total Distance 288: 9 6 0 8 7 9 9 8 7 7 0 7 7 7 7 7 0 0 0 0 0 8 8 4 7 0 8 8 9 7 7 6 0 0 0 8 8 7 8 6 8 7 0 7 7 8 0 7 0 7 8 0 7 8
Last Time Cost: 00000033 ms
Total Time Cost: 00006837 ms
Total Distance 286: 9 6 0 8 7 9 9 8 7 7 0 7 7 7 7 7 0 0 0 0 0 8 8 3 7 0 8 8 9 7 7 6 0 0 0 8 7 7 8 6 8 7 0 7 7 8 0 7 0 7 8 0 7 8
Last Time Cost: 00000026 ms
Total Time Cost: 00006863 ms
Total Distance 285: 9 6 0 8 7 9 9 8 7 7 0 7 7 7 7 7 0 0 0 0 0 8 8 2 7 0 8 8 9 7 7 6 0 0 0 8 7 7 8 6 8 7 0 7 7 8 0 7 0 7 8 0 7 8
Last Time Cost: 00000019 ms
Total Time Cost: 00006882 ms
Total Distance 284: 9 6 0 8 7 9 9 8 7 7 0 7 7 7 7 7 0 0 0 0 0 8 8 1 7 0 8 8 9 7 7 6 0 0 0 8 7 7 8 6 8 7 0 7 7 8 0 7 0 7 8 0 7 8
Last Time Cost: 00000013 ms
Total Time Cost: 00006895 ms
Total Distance 283: 9 6 0 8 7 9 9 8 7 7 0 7 7 7 7 7 0 0 0 0 0 8 8 0 7 0 8 8 9 7 7 6 0 0 0 8 7 7 8 6 8 7 0 7 7 8 0 7 0 7 8 0 7 8
Last Time Cost: 00000306 ms
Total Time Cost: 00007201 ms
Total Distance 279: 9 6 0 8 7 9 9 7 7 6 0 7 7 7 7 7 0 0 0 0 0 8 8 0 7 0 8 8 9 6 7 5 0 0 0 8 7 7 8 6 8 7 0 7 7 8 0 7 0 7 8 0 7 8
Last Time Cost: 00000050 ms
Total Time Cost: 00007251 ms
Total Distance 275: 9 6 0 8 7 9 9 7 7 6 0 7 7 7 7 6 0 0 0 0 0 8 8 0 7 0 8 8 8 6 7 4 0 0 0 8 7 7 7 6 8 7 0 7 7 8 0 7 0 7 8 0 7 8
Last Time Cost: 00000034 ms
Total Time Cost: 00007285 ms
Total Distance 273: 9 6 0 8 7 9 9 7 7 6 0 7 7 7 7 6 0 0 0 0 0 8 8 0 7 0 8 8 8 6 7 3 0 0 0 8 7 7 7 6 8 7 0 7 7 8 0 6 0 7 8 0 7 8
Last Time Cost: 00000026 ms
Total Time Cost: 00007311 ms
Total Distance 271: 9 6 0 8 7 9 9 7 7 6 0 7 7 7 7 6 0 0 0 0 0 8 8 0 7 0 8 8 8 6 7 2 0 0 0 8 7 7 7 6 8 6 0 7 7 8 0 6 0 7 8 0 7 8
Last Time Cost: 00000020 ms
Total Time Cost: 00007331 ms
Total Distance 270: 9 6 0 8 7 9 9 7 7 6 0 7 7 7 7 6 0 0 0 0 0 8 8 0 7 0 8 8 8 6 7 1 0 0 0 8 7 7 7 6 8 6 0 7 7 8 0 6 0 7 8 0 7 8
Last Time Cost: 00000014 ms
Total Time Cost: 00007345 ms
Total Distance 269: 9 6 0 8 7 9 9 7 7 6 0 7 7 7 7 6 0 0 0 0 0 8 8 0 7 0 8 8 8 6 7 0 0 0 0 8 7 7 7 6 8 6 0 7 7 8 0 6 0 7 8 0 7 8
Last Time Cost: 00000563 ms
Total Time Cost: 00007908 ms
Total Distance 263: 9 6 0 8 7 8 8 7 7 6 0 7 7 7 7 5 0 0 0 0 0 8 8 0 7 0 7 8 8 6 7 0 0 0 0 8 7 6 7 6 7 6 0 7 7 8 0 6 0 7 8 0 7 8
Last Time Cost: 00000050 ms
Total Time Cost: 00007958 ms
Total Distance 260: 9 6 0 8 7 7 8 7 7 6 0 7 7 7 7 4 0 0 0 0 0 8 8 0 7 0 6 8 8 6 7 0 0 0 0 8 7 6 7 6 7 6 0 7 7 8 0 6 0 7 8 0 7 8
Last Time Cost: 00000026 ms
Total Time Cost: 00007984 ms
Total Distance 258: 9 6 0 8 7 7 8 7 7 6 0 7 7 7 6 3 0 0 0 0 0 8 8 0 7 0 6 8 8 6 7 0 0 0 0 8 7 6 7 6 7 6 0 7 7 8 0 6 0 7 8 0 7 8
Last Time Cost: 00000022 ms
Total Time Cost: 00008006 ms
Total Distance 257: 9 6 0 8 7 7 8 7 7 6 0 7 7 7 6 2 0 0 0 0 0 8 8 0 7 0 6 8 8 6 7 0 0 0 0 8 7 6 7 6 7 6 0 7 7 8 0 6 0 7 8 0 7 8
Last Time Cost: 00000019 ms
Total Time Cost: 00008025 ms
Total Distance 256: 9 6 0 8 7 7 8 7 7 6 0 7 7 7 6 1 0 0 0 0 0 8 8 0 7 0 6 8 8 6 7 0 0 0 0 8 7 6 7 6 7 6 0 7 7 8 0 6 0 7 8 0 7 8
Last Time Cost: 00000015 ms
Total Time Cost: 00008040 ms
Total Distance 255: 9 6 0 8 7 7 8 7 7 6 0 7 7 7 6 0 0 0 0 0 0 8 8 0 7 0 6 8 8 6 7 0 0 0 0 8 7 6 7 6 7 6 0 7 7 8 0 6 0 7 8 0 7 8
Last Time Cost: 00000364 ms
Total Time Cost: 00008404 ms
Total Distance 251: 9 6 0 8 7 7 8 7 6 6 0 7 7 7 6 0 0 0 0 0 0 8 8 0 7 0 5 8 8 6 7 0 0 0 0 8 6 5 7 6 7 6 0 7 7 8 0 6 0 7 8 0 7 8
Last Time Cost: 00000065 ms
Total Time Cost: 00008469 ms
Total Distance 248: 9 6 0 8 7 7 8 7 6 6 0 7 7 7 6 0 0 0 0 0 0 8 8 0 7 0 4 8 8 6 7 0 0 0 0 7 6 5 7 6 7 6 0 7 6 8 0 6 0 7 8 0 7 8
Last Time Cost: 00000029 ms
Total Time Cost: 00008498 ms
Total Distance 245: 9 6 0 8 7 7 8 7 6 6 0 7 7 7 6 0 0 0 0 0 0 8 8 0 7 0 3 8 8 6 7 0 0 0 0 6 6 5 7 6 7 6 0 7 5 8 0 6 0 7 8 0 7 8
Last Time Cost: 00000025 ms
Total Time Cost: 00008523 ms
Total Distance 244: 9 6 0 8 7 7 8 7 6 6 0 7 7 7 6 0 0 0 0 0 0 8 8 0 7 0 2 8 8 6 7 0 0 0 0 6 6 5 7 6 7 6 0 7 5 8 0 6 0 7 8 0 7 8
Last Time Cost: 00000022 ms
Total Time Cost: 00008545 ms
Total Distance 243: 9 6 0 8 7 7 8 7 6 6 0 7 7 7 6 0 0 0 0 0 0 8 8 0 7 0 1 8 8 6 7 0 0 0 0 6 6 5 7 6 7 6 0 7 5 8 0 6 0 7 8 0 7 8
Last Time Cost: 00000018 ms
Total Time Cost: 00008563 ms
Total Distance 242: 9 6 0 8 7 7 8 7 6 6 0 7 7 7 6 0 0 0 0 0 0 8 8 0 7 0 0 8 8 6 7 0 0 0 0 6 6 5 7 6 7 6 0 7 5 8 0 6 0 7 8 0 7 8
Last Time Cost: 00000073 ms
Total Time Cost: 00008636 ms
Total Distance 240: 9 6 0 8 7 7 8 7 5 6 0 7 7 7 6 0 0 0 0 0 0 8 8 0 7 0 0 8 8 6 7 0 0 0 0 6 6 5 7 6 7 6 0 7 4 8 0 6 0 7 8 0 7 8
Last Time Cost: 00000032 ms
Total Time Cost: 00008668 ms
Total Distance 238: 8 6 0 8 7 7 8 7 5 6 0 7 7 7 6 0 0 0 0 0 0 8 8 0 7 0 0 8 8 6 7 0 0 0 0 6 6 5 7 6 7 6 0 7 3 8 0 6 0 7 8 0 7 8
Last Time Cost: 00000022 ms
Total Time Cost: 00008690 ms
Total Distance 237: 8 6 0 8 7 7 8 7 5 6 0 7 7 7 6 0 0 0 0 0 0 8 8 0 7 0 0 8 8 6 7 0 0 0 0 6 6 5 7 6 7 6 0 7 2 8 0 6 0 7 8 0 7 8
Last Time Cost: 00000021 ms
Total Time Cost: 00008711 ms
Total Distance 236: 8 6 0 8 7 7 8 7 5 6 0 7 7 7 6 0 0 0 0 0 0 8 8 0 7 0 0 8 8 6 7 0 0 0 0 6 6 5 7 6 7 6 0 7 1 8 0 6 0 7 8 0 7 8
Last Time Cost: 00000019 ms
Total Time Cost: 00008730 ms
Total Distance 235: 8 6 0 8 7 7 8 7 5 6 0 7 7 7 6 0 0 0 0 0 0 8 8 0 7 0 0 8 8 6 7 0 0 0 0 6 6 5 7 6 7 6 0 7 0 8 0 6 0 7 8 0 7 8
Last Time Cost: 00000047 ms
Total Time Cost: 00008777 ms
Total Distance 233: 8 6 0 8 7 7 8 7 4 6 0 7 7 6 6 0 0 0 0 0 0 8 8 0 7 0 0 8 8 6 7 0 0 0 0 6 6 5 7 6 7 6 0 7 0 8 0 6 0 7 8 0 7 8
Last Time Cost: 00000026 ms
Total Time Cost: 00008803 ms
Total Distance 231: 8 6 0 8 7 7 8 7 3 6 0 7 7 6 6 0 0 0 0 0 0 8 8 0 7 0 0 7 8 6 7 0 0 0 0 6 6 5 7 6 7 6 0 7 0 8 0 6 0 7 8 0 7 8
Last Time Cost: 00000025 ms
Total Time Cost: 00008828 ms
Total Distance 230: 8 6 0 8 7 7 8 7 2 6 0 7 7 6 6 0 0 0 0 0 0 8 8 0 7 0 0 7 8 6 7 0 0 0 0 6 6 5 7 6 7 6 0 7 0 8 0 6 0 7 8 0 7 8
Last Time Cost: 00000024 ms
Total Time Cost: 00008852 ms
Total Distance 229: 8 6 0 8 7 7 8 7 1 6 0 7 7 6 6 0 0 0 0 0 0 8 8 0 7 0 0 7 8 6 7 0 0 0 0 6 6 5 7 6 7 6 0 7 0 8 0 6 0 7 8 0 7 8
Last Time Cost: 00000022 ms
Total Time Cost: 00008874 ms
Total Distance 228: 8 6 0 8 7 7 8 7 0 6 0 7 7 6 6 0 0 0 0 0 0 8 8 0 7 0 0 7 8 6 7 0 0 0 0 6 6 5 7 6 7 6 0 7 0 8 0 6 0 7 8 0 7 8
Last Time Cost: 00000040 ms
Total Time Cost: 00008914 ms
Total Distance 226: 8 6 0 8 7 7 7 7 0 6 0 7 7 6 6 0 0 0 0 0 0 8 8 0 7 0 0 7 8 6 7 0 0 0 0 6 6 4 7 6 7 6 0 7 0 8 0 6 0 7 8 0 7 8
Last Time Cost: 00000032 ms
Total Time Cost: 00008946 ms
Total Distance 225: 8 6 0 8 7 7 7 7 0 6 0 7 7 6 6 0 0 0 0 0 0 8 8 0 7 0 0 7 8 6 7 0 0 0 0 6 6 3 7 6 7 6 0 7 0 8 0 6 0 7 8 0 7 8
Last Time Cost: 00000027 ms
Total Time Cost: 00008973 ms
Total Distance 224: 8 6 0 8 7 7 7 7 0 6 0 7 7 6 6 0 0 0 0 0 0 8 8 0 7 0 0 7 8 6 7 0 0 0 0 6 6 2 7 6 7 6 0 7 0 8 0 6 0 7 8 0 7 8
Last Time Cost: 00000026 ms
Total Time Cost: 00008999 ms
Total Distance 223: 8 6 0 8 7 7 7 7 0 6 0 7 7 6 6 0 0 0 0 0 0 8 8 0 7 0 0 7 8 6 7 0 0 0 0 6 6 1 7 6 7 6 0 7 0 8 0 6 0 7 8 0 7 8
Last Time Cost: 00000025 ms
Total Time Cost: 00009024 ms
Total Distance 222: 8 6 0 8 7 7 7 7 0 6 0 7 7 6 6 0 0 0 0 0 0 8 8 0 7 0 0 7 8 6 7 0 0 0 0 6 6 0 7 6 7 6 0 7 0 8 0 6 0 7 8 0 7 8
Last Time Cost: 00000303 ms
Total Time Cost: 00009327 ms
Total Distance 218: 7 6 0 8 7 7 7 7 0 6 0 7 7 6 6 0 0 0 0 0 0 8 8 0 7 0 0 7 8 6 6 0 0 0 0 5 6 0 7 6 7 6 0 7 0 8 0 5 0 7 8 0 7 8
Last Time Cost: 00000052 ms
Total Time Cost: 00009379 ms
Total Distance 215: 6 6 0 8 7 7 7 7 0 6 0 7 7 6 6 0 0 0 0 0 0 8 8 0 7 0 0 7 8 6 5 0 0 0 0 5 6 0 7 6 7 6 0 7 0 8 0 4 0 7 8 0 7 8
Last Time Cost: 00000032 ms
Total Time Cost: 00009411 ms
Total Distance 213: 6 6 0 8 7 7 7 7 0 6 0 7 7 6 6 0 0 0 0 0 0 8 8 0 7 0 0 7 8 6 4 0 0 0 0 5 6 0 7 6 7 6 0 7 0 8 0 3 0 7 8 0 7 8
Last Time Cost: 00000030 ms
Total Time Cost: 00009441 ms
Total Distance 212: 6 6 0 8 7 7 7 7 0 6 0 7 7 6 6 0 0 0 0 0 0 8 8 0 7 0 0 7 8 6 4 0 0 0 0 5 6 0 7 6 7 6 0 7 0 8 0 2 0 7 8 0 7 8
Last Time Cost: 00000030 ms
Total Time Cost: 00009471 ms
Total Distance 211: 6 6 0 8 7 7 7 7 0 6 0 7 7 6 6 0 0 0 0 0 0 8 8 0 7 0 0 7 8 6 4 0 0 0 0 5 6 0 7 6 7 6 0 7 0 8 0 1 0 7 8 0 7 8
Last Time Cost: 00000029 ms
Total Time Cost: 00009500 ms
Total Distance 210: 6 6 0 8 7 7 7 7 0 6 0 7 7 6 6 0 0 0 0 0 0 8 8 0 7 0 0 7 8 6 4 0 0 0 0 5 6 0 7 6 7 6 0 7 0 8 0 0 0 7 8 0 7 8
Last Time Cost: 00000036 ms
Total Time Cost: 00009536 ms
Total Distance 208: 6 6 0 8 7 7 7 7 0 6 0 7 7 6 6 0 0 0 0 0 0 8 8 0 7 0 0 7 8 6 3 0 0 0 0 5 6 0 7 6 7 6 0 7 0 8 0 0 0 7 8 0 7 7
Last Time Cost: 00000033 ms
Total Time Cost: 00009569 ms
Total Distance 207: 6 6 0 8 7 7 7 7 0 6 0 7 7 6 6 0 0 0 0 0 0 8 8 0 7 0 0 7 8 6 2 0 0 0 0 5 6 0 7 6 7 6 0 7 0 8 0 0 0 7 8 0 7 7
Last Time Cost: 00000033 ms
Total Time Cost: 00009602 ms
Total Distance 206: 6 6 0 8 7 7 7 7 0 6 0 7 7 6 6 0 0 0 0 0 0 8 8 0 7 0 0 7 8 6 1 0 0 0 0 5 6 0 7 6 7 6 0 7 0 8 0 0 0 7 8 0 7 7
Last Time Cost: 00000032 ms
Total Time Cost: 00009634 ms
Total Distance 205: 6 6 0 8 7 7 7 7 0 6 0 7 7 6 6 0 0 0 0 0 0 8 8 0 7 0 0 7 8 6 0 0 0 0 0 5 6 0 7 6 7 6 0 7 0 8 0 0 0 7 8 0 7 7
Last Time Cost: 00000050 ms
Total Time Cost: 00009684 ms
Total Distance 204: 6 6 0 8 7 7 7 7 0 6 0 7 7 6 6 0 0 0 0 0 0 8 8 0 7 0 0 7 8 6 0 0 0 0 0 4 6 0 7 6 7 6 0 7 0 8 0 0 0 7 8 0 7 7
Last Time Cost: 00000041 ms
Total Time Cost: 00009725 ms
Total Distance 203: 6 6 0 8 7 7 7 7 0 6 0 7 7 6 6 0 0 0 0 0 0 8 8 0 7 0 0 7 8 6 0 0 0 0 0 3 6 0 7 6 7 6 0 7 0 8 0 0 0 7 8 0 7 7
Last Time Cost: 00000039 ms
Total Time Cost: 00009764 ms
Total Distance 202: 6 6 0 8 7 7 7 7 0 6 0 7 7 6 6 0 0 0 0 0 0 8 8 0 7 0 0 7 8 6 0 0 0 0 0 2 6 0 7 6 7 6 0 7 0 8 0 0 0 7 8 0 7 7
Last Time Cost: 00000034 ms
Total Time Cost: 00009798 ms
Total Distance 201: 6 6 0 8 7 7 7 7 0 6 0 7 7 6 6 0 0 0 0 0 0 8 8 0 7 0 0 7 8 6 0 0 0 0 0 1 6 0 7 6 7 6 0 7 0 8 0 0 0 7 8 0 7 7
Last Time Cost: 00000034 ms
Total Time Cost: 00009832 ms
Total Distance 200: 6 6 0 8 7 7 7 7 0 6 0 7 7 6 6 0 0 0 0 0 0 8 8 0 7 0 0 7 8 6 0 0 0 0 0 0 6 0 7 6 7 6 0 7 0 8 0 0 0 7 8 0 7 7
Last Time Cost: 00000427 ms
Total Time Cost: 00010259 ms
Total Distance 196: 6 6 0 8 7 6 7 7 0 6 0 7 7 6 6 0 0 0 0 0 0 8 8 0 7 0 0 7 7 6 0 0 0 0 0 0 5 0 7 6 7 6 0 7 0 8 0 0 0 7 8 0 6 7
Last Time Cost: 00000047 ms
Total Time Cost: 00010306 ms
Total Distance 194: 6 6 0 8 7 6 7 7 0 6 0 7 7 6 6 0 0 0 0 0 0 8 8 0 7 0 0 7 7 6 0 0 0 0 0 0 4 0 7 6 7 6 0 7 0 8 0 0 0 7 8 0 5 7
Last Time Cost: 00000040 ms
Total Time Cost: 00010346 ms
Total Distance 193: 6 6 0 8 7 6 7 7 0 6 0 7 7 6 6 0 0 0 0 0 0 8 8 0 7 0 0 7 7 6 0 0 0 0 0 0 3 0 7 6 7 6 0 7 0 8 0 0 0 7 8 0 5 7
Last Time Cost: 00000039 ms
Total Time Cost: 00010385 ms
Total Distance 192: 6 6 0 8 7 6 7 7 0 6 0 7 7 6 6 0 0 0 0 0 0 8 8 0 7 0 0 7 7 6 0 0 0 0 0 0 2 0 7 6 7 6 0 7 0 8 0 0 0 7 8 0 5 7
Last Time Cost: 00000039 ms
Total Time Cost: 00010424 ms
Total Distance 191: 6 6 0 8 7 6 7 7 0 6 0 7 7 6 6 0 0 0 0 0 0 8 8 0 7 0 0 7 7 6 0 0 0 0 0 0 1 0 7 6 7 6 0 7 0 8 0 0 0 7 8 0 5 7
Last Time Cost: 00000037 ms
Total Time Cost: 00010461 ms
Total Distance 190: 6 6 0 8 7 6 7 7 0 6 0 7 7 6 6 0 0 0 0 0 0 8 8 0 7 0 0 7 7 6 0 0 0 0 0 0 0 0 7 6 7 6 0 7 0 8 0 0 0 7 8 0 5 7
Last Time Cost: 00000058 ms
Total Time Cost: 00010519 ms
Total Distance 188: 6 6 0 8 7 6 6 7 0 6 0 7 7 6 6 0 0 0 0 0 0 8 8 0 7 0 0 7 7 6 0 0 0 0 0 0 0 0 7 6 7 6 0 7 0 8 0 0 0 7 8 0 4 7
Last Time Cost: 00000043 ms
Total Time Cost: 00010562 ms
Total Distance 187: 6 6 0 8 7 6 6 7 0 6 0 7 7 6 6 0 0 0 0 0 0 8 8 0 7 0 0 7 7 6 0 0 0 0 0 0 0 0 7 6 7 6 0 7 0 8 0 0 0 7 8 0 3 7
Last Time Cost: 00000043 ms
Total Time Cost: 00010605 ms
Total Distance 186: 6 6 0 8 7 6 6 7 0 6 0 7 7 6 6 0 0 0 0 0 0 8 8 0 7 0 0 7 7 6 0 0 0 0 0 0 0 0 7 6 7 6 0 7 0 8 0 0 0 7 8 0 2 7
Last Time Cost: 00000043 ms
Total Time Cost: 00010648 ms
Total Distance 185: 6 6 0 8 7 6 6 7 0 6 0 7 7 6 6 0 0 0 0 0 0 8 8 0 7 0 0 7 7 6 0 0 0 0 0 0 0 0 7 6 7 6 0 7 0 8 0 0 0 7 8 0 1 7
Last Time Cost: 00000039 ms
Total Time Cost: 00010687 ms
Total Distance 184: 6 6 0 8 7 6 6 7 0 6 0 7 7 6 6 0 0 0 0 0 0 8 8 0 7 0 0 7 7 6 0 0 0 0 0 0 0 0 7 6 7 6 0 7 0 8 0 0 0 7 8 0 0 7
Last Time Cost: 00000549 ms
Total Time Cost: 00011236 ms
Total Distance 181: 6 6 0 8 7 6 6 7 0 6 0 7 7 6 5 0 0 0 0 0 0 8 8 0 7 0 0 7 7 6 0 0 0 0 0 0 0 0 6 6 7 6 0 6 0 8 0 0 0 7 8 0 0 7
Last Time Cost: 00000053 ms
Total Time Cost: 00011289 ms
Total Distance 178: 6 6 0 8 7 6 6 7 0 6 0 7 7 6 4 0 0 0 0 0 0 8 8 0 7 0 0 7 7 6 0 0 0 0 0 0 0 0 6 6 7 6 0 5 0 7 0 0 0 7 8 0 0 7
Last Time Cost: 00000044 ms
Total Time Cost: 00011333 ms
Total Distance 176: 6 6 0 8 7 6 6 7 0 6 0 7 6 6 3 0 0 0 0 0 0 8 8 0 7 0 0 7 7 6 0 0 0 0 0 0 0 0 6 6 7 6 0 5 0 7 0 0 0 7 8 0 0 7
Last Time Cost: 00000045 ms
Total Time Cost: 00011378 ms
Total Distance 175: 6 6 0 8 7 6 6 7 0 6 0 7 6 6 2 0 0 0 0 0 0 8 8 0 7 0 0 7 7 6 0 0 0 0 0 0 0 0 6 6 7 6 0 5 0 7 0 0 0 7 8 0 0 7
Last Time Cost: 00000043 ms
Total Time Cost: 00011421 ms
Total Distance 174: 6 6 0 8 7 6 6 7 0 6 0 7 6 6 1 0 0 0 0 0 0 8 8 0 7 0 0 7 7 6 0 0 0 0 0 0 0 0 6 6 7 6 0 5 0 7 0 0 0 7 8 0 0 7
Last Time Cost: 00000043 ms
Total Time Cost: 00011464 ms
Total Distance 173: 6 6 0 8 7 6 6 7 0 6 0 7 6 6 0 0 0 0 0 0 0 8 8 0 7 0 0 7 7 6 0 0 0 0 0 0 0 0 6 6 7 6 0 5 0 7 0 0 0 7 8 0 0 7
Last Time Cost: 00000066 ms
Total Time Cost: 00011530 ms
Total Distance 170: 6 6 0 8 7 6 6 6 0 6 0 7 6 6 0 0 0 0 0 0 0 8 8 0 7 0 0 6 7 6 0 0 0 0 0 0 0 0 6 6 7 6 0 4 0 7 0 0 0 7 8 0 0 7
Last Time Cost: 00000047 ms
Total Time Cost: 00011577 ms
Total Distance 168: 6 5 0 8 7 6 6 6 0 6 0 7 6 6 0 0 0 0 0 0 0 8 8 0 7 0 0 6 7 6 0 0 0 0 0 0 0 0 6 6 7 6 0 3 0 7 0 0 0 7 8 0 0 7
Last Time Cost: 00000048 ms
Total Time Cost: 00011625 ms
Total Distance 167: 6 5 0 8 7 6 6 6 0 6 0 7 6 6 0 0 0 0 0 0 0 8 8 0 7 0 0 6 7 6 0 0 0 0 0 0 0 0 6 6 7 6 0 2 0 7 0 0 0 7 8 0 0 7
Last Time Cost: 00000047 ms
Total Time Cost: 00011672 ms
Total Distance 166: 6 5 0 8 7 6 6 6 0 6 0 7 6 6 0 0 0 0 0 0 0 8 8 0 7 0 0 6 7 6 0 0 0 0 0 0 0 0 6 6 7 6 0 1 0 7 0 0 0 7 8 0 0 7
Last Time Cost: 00000047 ms
Total Time Cost: 00011719 ms
Total Distance 165: 6 5 0 8 7 6 6 6 0 6 0 7 6 6 0 0 0 0 0 0 0 8 8 0 7 0 0 6 7 6 0 0 0 0 0 0 0 0 6 6 7 6 0 0 0 7 0 0 0 7 8 0 0 7
Last Time Cost: 00000065 ms
Total Time Cost: 00011784 ms
Total Distance 163: 6 4 0 8 7 6 6 6 0 6 0 7 6 6 0 0 0 0 0 0 0 8 7 0 7 0 0 6 7 6 0 0 0 0 0 0 0 0 6 6 7 6 0 0 0 7 0 0 0 7 8 0 0 7
Last Time Cost: 00000051 ms
Total Time Cost: 00011835 ms
Total Distance 162: 6 3 0 8 7 6 6 6 0 6 0 7 6 6 0 0 0 0 0 0 0 8 7 0 7 0 0 6 7 6 0 0 0 0 0 0 0 0 6 6 7 6 0 0 0 7 0 0 0 7 8 0 0 7
Last Time Cost: 00000051 ms
Total Time Cost: 00011886 ms
Total Distance 161: 6 2 0 8 7 6 6 6 0 6 0 7 6 6 0 0 0 0 0 0 0 8 7 0 7 0 0 6 7 6 0 0 0 0 0 0 0 0 6 6 7 6 0 0 0 7 0 0 0 7 8 0 0 7
Last Time Cost: 00000050 ms
Total Time Cost: 00011936 ms
Total Distance 160: 6 1 0 8 7 6 6 6 0 6 0 7 6 6 0 0 0 0 0 0 0 8 7 0 7 0 0 6 7 6 0 0 0 0 0 0 0 0 6 6 7 6 0 0 0 7 0 0 0 7 8 0 0 7
Last Time Cost: 00000051 ms
Total Time Cost: 00011987 ms
Total Distance 159: 6 0 0 8 7 6 6 6 0 6 0 7 6 6 0 0 0 0 0 0 0 8 7 0 7 0 0 6 7 6 0 0 0 0 0 0 0 0 6 6 7 6 0 0 0 7 0 0 0 7 8 0 0 7
Last Time Cost: 00000658 ms
Total Time Cost: 00012645 ms
Total Distance 156: 6 0 0 8 7 6 6 6 0 6 0 7 6 6 0 0 0 0 0 0 0 8 7 0 6 0 0 6 6 6 0 0 0 0 0 0 0 0 5 6 7 6 0 0 0 7 0 0 0 7 8 0 0 7
Last Time Cost: 00000066 ms
Total Time Cost: 00012711 ms
Total Distance 154: 6 0 0 8 7 6 6 6 0 6 0 7 6 6 0 0 0 0 0 0 0 8 6 0 6 0 0 6 6 6 0 0 0 0 0 0 0 0 4 6 7 6 0 0 0 7 0 0 0 7 8 0 0 7
Last Time Cost: 00000054 ms
Total Time Cost: 00012765 ms
Total Distance 152: 6 0 0 8 6 6 6 6 0 6 0 7 6 6 0 0 0 0 0 0 0 8 6 0 6 0 0 6 6 6 0 0 0 0 0 0 0 0 3 6 7 6 0 0 0 7 0 0 0 7 8 0 0 7
Last Time Cost: 00000056 ms
Total Time Cost: 00012821 ms
Total Distance 151: 6 0 0 8 6 6 6 6 0 6 0 7 6 6 0 0 0 0 0 0 0 8 6 0 6 0 0 6 6 6 0 0 0 0 0 0 0 0 2 6 7 6 0 0 0 7 0 0 0 7 8 0 0 7
Last Time Cost: 00000056 ms
Total Time Cost: 00012877 ms
Total Distance 150: 6 0 0 8 6 6 6 6 0 6 0 7 6 6 0 0 0 0 0 0 0 8 6 0 6 0 0 6 6 6 0 0 0 0 0 0 0 0 1 6 7 6 0 0 0 7 0 0 0 7 8 0 0 7
Last Time Cost: 00000055 ms
Total Time Cost: 00012932 ms
Total Distance 149: 6 0 0 8 6 6 6 6 0 6 0 7 6 6 0 0 0 0 0 0 0 8 6 0 6 0 0 6 6 6 0 0 0 0 0 0 0 0 0 6 7 6 0 0 0 7 0 0 0 7 8 0 0 7
Last Time Cost: 00000753 ms
Total Time Cost: 00013685 ms
Total Distance 147: 6 0 0 8 6 6 6 6 0 6 0 7 6 6 0 0 0 0 0 0 0 8 6 0 6 0 0 6 6 6 0 0 0 0 0 0 0 0 0 5 7 5 0 0 0 7 0 0 0 7 8 0 0 7
Last Time Cost: 00000106 ms
Total Time Cost: 00013791 ms
Total Distance 145: 6 0 0 8 6 6 6 5 0 6 0 7 6 6 0 0 0 0 0 0 0 8 6 0 6 0 0 6 6 6 0 0 0 0 0 0 0 0 0 5 7 4 0 0 0 7 0 0 0 7 8 0 0 7
Last Time Cost: 00000062 ms
Total Time Cost: 00013853 ms
Total Distance 143: 6 0 0 8 6 6 6 5 0 6 0 7 6 6 0 0 0 0 0 0 0 7 6 0 6 0 0 6 6 6 0 0 0 0 0 0 0 0 0 5 7 3 0 0 0 7 0 0 0 7 8 0 0 7
Last Time Cost: 00000062 ms
Total Time Cost: 00013915 ms
Total Distance 142: 6 0 0 8 6 6 6 5 0 6 0 7 6 6 0 0 0 0 0 0 0 7 6 0 6 0 0 6 6 6 0 0 0 0 0 0 0 0 0 5 7 2 0 0 0 7 0 0 0 7 8 0 0 7
Last Time Cost: 00000063 ms
Total Time Cost: 00013978 ms
Total Distance 141: 6 0 0 8 6 6 6 5 0 6 0 7 6 6 0 0 0 0 0 0 0 7 6 0 6 0 0 6 6 6 0 0 0 0 0 0 0 0 0 5 7 1 0 0 0 7 0 0 0 7 8 0 0 7
Last Time Cost: 00000062 ms
Total Time Cost: 00014040 ms
Total Distance 140: 6 0 0 8 6 6 6 5 0 6 0 7 6 6 0 0 0 0 0 0 0 7 6 0 6 0 0 6 6 6 0 0 0 0 0 0 0 0 0 5 7 0 0 0 0 7 0 0 0 7 8 0 0 7
Last Time Cost: 00000109 ms
Total Time Cost: 00014149 ms
Total Distance 138: 6 0 0 8 6 6 6 4 0 6 0 7 6 6 0 0 0 0 0 0 0 7 6 0 6 0 0 5 6 6 0 0 0 0 0 0 0 0 0 5 7 0 0 0 0 7 0 0 0 7 8 0 0 7
Last Time Cost: 00000066 ms
Total Time Cost: 00014215 ms
Total Distance 137: 6 0 0 8 6 6 6 3 0 6 0 7 6 6 0 0 0 0 0 0 0 7 6 0 6 0 0 5 6 6 0 0 0 0 0 0 0 0 0 5 7 0 0 0 0 7 0 0 0 7 8 0 0 7
Last Time Cost: 00000068 ms
Total Time Cost: 00014283 ms
Total Distance 136: 6 0 0 8 6 6 6 2 0 6 0 7 6 6 0 0 0 0 0 0 0 7 6 0 6 0 0 5 6 6 0 0 0 0 0 0 0 0 0 5 7 0 0 0 0 7 0 0 0 7 8 0 0 7
Last Time Cost: 00000068 ms
Total Time Cost: 00014351 ms
Total Distance 135: 6 0 0 8 6 6 6 1 0 6 0 7 6 6 0 0 0 0 0 0 0 7 6 0 6 0 0 5 6 6 0 0 0 0 0 0 0 0 0 5 7 0 0 0 0 7 0 0 0 7 8 0 0 7
Last Time Cost: 00000067 ms
Total Time Cost: 00014418 ms
Total Distance 134: 6 0 0 8 6 6 6 0 0 6 0 7 6 6 0 0 0 0 0 0 0 7 6 0 6 0 0 5 6 6 0 0 0 0 0 0 0 0 0 5 7 0 0 0 0 7 0 0 0 7 8 0 0 7
Last Time Cost: 00000118 ms
Total Time Cost: 00014536 ms
Total Distance 132: 5 0 0 8 6 6 6 0 0 6 0 7 6 6 0 0 0 0 0 0 0 7 6 0 6 0 0 5 6 6 0 0 0 0 0 0 0 0 0 4 7 0 0 0 0 7 0 0 0 7 8 0 0 7
Last Time Cost: 00000071 ms
Total Time Cost: 00014607 ms
Total Distance 131: 5 0 0 8 6 6 6 0 0 6 0 7 6 6 0 0 0 0 0 0 0 7 6 0 6 0 0 5 6 6 0 0 0 0 0 0 0 0 0 3 7 0 0 0 0 7 0 0 0 7 8 0 0 7
Last Time Cost: 00000073 ms
Total Time Cost: 00014680 ms
Total Distance 130: 5 0 0 8 6 6 6 0 0 6 0 7 6 6 0 0 0 0 0 0 0 7 6 0 6 0 0 5 6 6 0 0 0 0 0 0 0 0 0 2 7 0 0 0 0 7 0 0 0 7 8 0 0 7
Last Time Cost: 00000073 ms
Total Time Cost: 00014753 ms
Total Distance 129: 5 0 0 8 6 6 6 0 0 6 0 7 6 6 0 0 0 0 0 0 0 7 6 0 6 0 0 5 6 6 0 0 0 0 0 0 0 0 0 1 7 0 0 0 0 7 0 0 0 7 8 0 0 7
Last Time Cost: 00000073 ms
Total Time Cost: 00014826 ms
Total Distance 128: 5 0 0 8 6 6 6 0 0 6 0 7 6 6 0 0 0 0 0 0 0 7 6 0 6 0 0 5 6 6 0 0 0 0 0 0 0 0 0 0 7 0 0 0 0 7 0 0 0 7 8 0 0 7
Last Time Cost: 00000117 ms
Total Time Cost: 00014943 ms
Total Distance 126: 4 0 0 8 6 6 6 0 0 6 0 7 6 5 0 0 0 0 0 0 0 7 6 0 6 0 0 5 6 6 0 0 0 0 0 0 0 0 0 0 7 0 0 0 0 7 0 0 0 7 8 0 0 7
Last Time Cost: 00000077 ms
Total Time Cost: 00015020 ms
Total Distance 124: 3 0 0 8 6 6 6 0 0 6 0 7 6 5 0 0 0 0 0 0 0 7 6 0 6 0 0 5 6 6 0 0 0 0 0 0 0 0 0 0 7 0 0 0 0 7 0 0 0 7 8 0 0 6
Last Time Cost: 00000078 ms
Total Time Cost: 00015098 ms
Total Distance 123: 2 0 0 8 6 6 6 0 0 6 0 7 6 5 0 0 0 0 0 0 0 7 6 0 6 0 0 5 6 6 0 0 0 0 0 0 0 0 0 0 7 0 0 0 0 7 0 0 0 7 8 0 0 6
Last Time Cost: 00000078 ms
Total Time Cost: 00015176 ms
Total Distance 122: 1 0 0 8 6 6 6 0 0 6 0 7 6 5 0 0 0 0 0 0 0 7 6 0 6 0 0 5 6 6 0 0 0 0 0 0 0 0 0 0 7 0 0 0 0 7 0 0 0 7 8 0 0 6
Last Time Cost: 00000079 ms
Total Time Cost: 00015255 ms
Total Distance 121: 0 0 0 8 6 6 6 0 0 6 0 7 6 5 0 0 0 0 0 0 0 7 6 0 6 0 0 5 6 6 0 0 0 0 0 0 0 0 0 0 7 0 0 0 0 7 0 0 0 7 8 0 0 6
Last Time Cost: 00000130 ms
Total Time Cost: 00015385 ms
Total Distance 119: 0 0 0 8 6 6 6 0 0 6 0 7 6 4 0 0 0 0 0 0 0 7 6 0 6 0 0 5 6 6 0 0 0 0 0 0 0 0 0 0 7 0 0 0 0 7 0 0 0 6 8 0 0 6
Last Time Cost: 00000082 ms
Total Time Cost: 00015467 ms
Total Distance 118: 0 0 0 8 6 6 6 0 0 6 0 7 6 3 0 0 0 0 0 0 0 7 6 0 6 0 0 5 6 6 0 0 0 0 0 0 0 0 0 0 7 0 0 0 0 7 0 0 0 6 8 0 0 6
Last Time Cost: 00000083 ms
Total Time Cost: 00015550 ms
Total Distance 117: 0 0 0 8 6 6 6 0 0 6 0 7 6 2 0 0 0 0 0 0 0 7 6 0 6 0 0 5 6 6 0 0 0 0 0 0 0 0 0 0 7 0 0 0 0 7 0 0 0 6 8 0 0 6
Last Time Cost: 00000084 ms
Total Time Cost: 00015634 ms
Total Distance 116: 0 0 0 8 6 6 6 0 0 6 0 7 6 1 0 0 0 0 0 0 0 7 6 0 6 0 0 5 6 6 0 0 0 0 0 0 0 0 0 0 7 0 0 0 0 7 0 0 0 6 8 0 0 6
Last Time Cost: 00000085 ms
Total Time Cost: 00015719 ms
Total Distance 115: 0 0 0 8 6 6 6 0 0 6 0 7 6 0 0 0 0 0 0 0 0 7 6 0 6 0 0 5 6 6 0 0 0 0 0 0 0 0 0 0 7 0 0 0 0 7 0 0 0 6 8 0 0 6
Last Time Cost: 00000108 ms
Total Time Cost: 00015827 ms
Total Distance 114: 0 0 0 8 6 6 6 0 0 6 0 7 6 0 0 0 0 0 0 0 0 7 6 0 6 0 0 4 6 6 0 0 0 0 0 0 0 0 0 0 7 0 0 0 0 7 0 0 0 6 8 0 0 6
Last Time Cost: 00000088 ms
Total Time Cost: 00015915 ms
Total Distance 113: 0 0 0 8 6 6 6 0 0 6 0 7 6 0 0 0 0 0 0 0 0 7 6 0 6 0 0 3 6 6 0 0 0 0 0 0 0 0 0 0 7 0 0 0 0 7 0 0 0 6 8 0 0 6
Last Time Cost: 00000090 ms
Total Time Cost: 00016005 ms
Total Distance 111: 0 0 0 8 6 6 6 0 0 6 0 7 5 0 0 0 0 0 0 0 0 7 6 0 6 0 0 2 6 6 0 0 0 0 0 0 0 0 0 0 7 0 0 0 0 7 0 0 0 6 8 0 0 6
Last Time Cost: 00000091 ms
Total Time Cost: 00016096 ms
Total Distance 110: 0 0 0 8 6 6 6 0 0 6 0 7 5 0 0 0 0 0 0 0 0 7 6 0 6 0 0 1 6 6 0 0 0 0 0 0 0 0 0 0 7 0 0 0 0 7 0 0 0 6 8 0 0 6
Last Time Cost: 00000091 ms
Total Time Cost: 00016187 ms
Total Distance 109: 0 0 0 8 6 6 6 0 0 6 0 7 5 0 0 0 0 0 0 0 0 7 6 0 6 0 0 0 6 6 0 0 0 0 0 0 0 0 0 0 7 0 0 0 0 7 0 0 0 6 8 0 0 6
Last Time Cost: 00000140 ms
Total Time Cost: 00016327 ms
Total Distance 107: 0 0 0 8 6 6 6 0 0 6 0 7 4 0 0 0 0 0 0 0 0 7 6 0 6 0 0 0 5 6 0 0 0 0 0 0 0 0 0 0 7 0 0 0 0 7 0 0 0 6 8 0 0 6
Last Time Cost: 00000095 ms
Total Time Cost: 00016422 ms
Total Distance 106: 0 0 0 8 6 6 6 0 0 6 0 7 3 0 0 0 0 0 0 0 0 7 6 0 6 0 0 0 5 6 0 0 0 0 0 0 0 0 0 0 7 0 0 0 0 7 0 0 0 6 8 0 0 6
Last Time Cost: 00000098 ms
Total Time Cost: 00016520 ms
Total Distance 105: 0 0 0 8 6 6 6 0 0 6 0 7 2 0 0 0 0 0 0 0 0 7 6 0 6 0 0 0 5 6 0 0 0 0 0 0 0 0 0 0 7 0 0 0 0 7 0 0 0 6 8 0 0 6
Last Time Cost: 00000098 ms
Total Time Cost: 00016618 ms
Total Distance 104: 0 0 0 8 6 6 6 0 0 6 0 7 1 0 0 0 0 0 0 0 0 7 6 0 6 0 0 0 5 6 0 0 0 0 0 0 0 0 0 0 7 0 0 0 0 7 0 0 0 6 8 0 0 6
Last Time Cost: 00000098 ms
Total Time Cost: 00016716 ms
Total Distance 103: 0 0 0 8 6 6 6 0 0 6 0 7 0 0 0 0 0 0 0 0 0 7 6 0 6 0 0 0 5 6 0 0 0 0 0 0 0 0 0 0 7 0 0 0 0 7 0 0 0 6 8 0 0 6
Last Time Cost: 00000132 ms
Total Time Cost: 00016848 ms
Total Distance 102: 0 0 0 8 6 6 6 0 0 6 0 7 0 0 0 0 0 0 0 0 0 7 6 0 6 0 0 0 4 6 0 0 0 0 0 0 0 0 0 0 7 0 0 0 0 7 0 0 0 6 8 0 0 6
Last Time Cost: 00000102 ms
Total Time Cost: 00016950 ms
Total Distance 101: 0 0 0 8 6 6 6 0 0 6 0 7 0 0 0 0 0 0 0 0 0 7 6 0 6 0 0 0 3 6 0 0 0 0 0 0 0 0 0 0 7 0 0 0 0 7 0 0 0 6 8 0 0 6
Last Time Cost: 00000105 ms
Total Time Cost: 00017055 ms
Total Distance 100: 0 0 0 8 6 6 6 0 0 6 0 7 0 0 0 0 0 0 0 0 0 7 6 0 6 0 0 0 2 6 0 0 0 0 0 0 0 0 0 0 7 0 0 0 0 7 0 0 0 6 8 0 0 6
Last Time Cost: 00000104 ms
Total Time Cost: 00017159 ms
Total Distance 99: 0 0 0 8 6 6 6 0 0 6 0 7 0 0 0 0 0 0 0 0 0 7 6 0 6 0 0 0 1 6 0 0 0 0 0 0 0 0 0 0 7 0 0 0 0 7 0 0 0 6 8 0 0 6
Last Time Cost: 00000105 ms
Total Time Cost: 00017264 ms
Total Distance 98: 0 0 0 8 6 6 6 0 0 6 0 7 0 0 0 0 0 0 0 0 0 7 6 0 6 0 0 0 0 6 0 0 0 0 0 0 0 0 0 0 7 0 0 0 0 7 0 0 0 6 8 0 0 6
Last Time Cost: 00000819 ms
Total Time Cost: 00018083 ms
Total Distance 95: 0 0 0 8 6 6 5 0 0 6 0 7 0 0 0 0 0 0 0 0 0 7 6 0 6 0 0 0 0 6 0 0 0 0 0 0 0 0 0 0 7 0 0 0 0 6 0 0 0 5 8 0 0 6
Last Time Cost: 00000164 ms
Total Time Cost: 00018247 ms
Total Distance 93: 0 0 0 8 6 6 5 0 0 6 0 7 0 0 0 0 0 0 0 0 0 7 6 0 6 0 0 0 0 6 0 0 0 0 0 0 0 0 0 0 7 0 0 0 0 5 0 0 0 4 8 0 0 6
Last Time Cost: 00000111 ms
Total Time Cost: 00018358 ms
Total Distance 92: 0 0 0 8 6 6 5 0 0 6 0 7 0 0 0 0 0 0 0 0 0 7 6 0 6 0 0 0 0 6 0 0 0 0 0 0 0 0 0 0 7 0 0 0 0 5 0 0 0 3 8 0 0 6
Last Time Cost: 00000114 ms
Total Time Cost: 00018472 ms
Total Distance 91: 0 0 0 8 6 6 5 0 0 6 0 7 0 0 0 0 0 0 0 0 0 7 6 0 6 0 0 0 0 6 0 0 0 0 0 0 0 0 0 0 7 0 0 0 0 5 0 0 0 2 8 0 0 6
Last Time Cost: 00000114 ms
Total Time Cost: 00018586 ms
Total Distance 90: 0 0 0 8 6 6 5 0 0 6 0 7 0 0 0 0 0 0 0 0 0 7 6 0 6 0 0 0 0 6 0 0 0 0 0 0 0 0 0 0 7 0 0 0 0 5 0 0 0 1 8 0 0 6
Last Time Cost: 00000115 ms
Total Time Cost: 00018701 ms
Total Distance 89: 0 0 0 8 6 6 5 0 0 6 0 7 0 0 0 0 0 0 0 0 0 7 6 0 6 0 0 0 0 6 0 0 0 0 0 0 0 0 0 0 7 0 0 0 0 5 0 0 0 0 8 0 0 6
Last Time Cost: 00000183 ms
Total Time Cost: 00018884 ms
Total Distance 87: 0 0 0 8 6 6 5 0 0 6 0 6 0 0 0 0 0 0 0 0 0 7 6 0 6 0 0 0 0 6 0 0 0 0 0 0 0 0 0 0 7 0 0 0 0 4 0 0 0 0 8 0 0 6
Last Time Cost: 00000121 ms
Total Time Cost: 00019005 ms
Total Distance 85: 0 0 0 8 6 6 5 0 0 6 0 6 0 0 0 0 0 0 0 0 0 6 6 0 6 0 0 0 0 6 0 0 0 0 0 0 0 0 0 0 7 0 0 0 0 3 0 0 0 0 8 0 0 6
Last Time Cost: 00000122 ms
Total Time Cost: 00019127 ms
Total Distance 84: 0 0 0 8 6 6 5 0 0 6 0 6 0 0 0 0 0 0 0 0 0 6 6 0 6 0 0 0 0 6 0 0 0 0 0 0 0 0 0 0 7 0 0 0 0 2 0 0 0 0 8 0 0 6
Last Time Cost: 00000122 ms
Total Time Cost: 00019249 ms
Total Distance 83: 0 0 0 8 6 6 5 0 0 6 0 6 0 0 0 0 0 0 0 0 0 6 6 0 6 0 0 0 0 6 0 0 0 0 0 0 0 0 0 0 7 0 0 0 0 1 0 0 0 0 8 0 0 6
Last Time Cost: 00000122 ms
Total Time Cost: 00019371 ms
Total Distance 82: 0 0 0 8 6 6 5 0 0 6 0 6 0 0 0 0 0 0 0 0 0 6 6 0 6 0 0 0 0 6 0 0 0 0 0 0 0 0 0 0 7 0 0 0 0 0 0 0 0 0 8 0 0 6
Last Time Cost: 00000155 ms
Total Time Cost: 00019526 ms
Total Distance 81: 0 0 0 8 6 6 4 0 0 6 0 6 0 0 0 0 0 0 0 0 0 6 6 0 6 0 0 0 0 6 0 0 0 0 0 0 0 0 0 0 7 0 0 0 0 0 0 0 0 0 8 0 0 6
Last Time Cost: 00000128 ms
Total Time Cost: 00019654 ms
Total Distance 80: 0 0 0 8 6 6 3 0 0 6 0 6 0 0 0 0 0 0 0 0 0 6 6 0 6 0 0 0 0 6 0 0 0 0 0 0 0 0 0 0 7 0 0 0 0 0 0 0 0 0 8 0 0 6
Last Time Cost: 00000129 ms
Total Time Cost: 00019783 ms
Total Distance 79: 0 0 0 8 6 6 2 0 0 6 0 6 0 0 0 0 0 0 0 0 0 6 6 0 6 0 0 0 0 6 0 0 0 0 0 0 0 0 0 0 7 0 0 0 0 0 0 0 0 0 8 0 0 6
Last Time Cost: 00000130 ms
Total Time Cost: 00019913 ms
Total Distance 78: 0 0 0 8 6 6 1 0 0 6 0 6 0 0 0 0 0 0 0 0 0 6 6 0 6 0 0 0 0 6 0 0 0 0 0 0 0 0 0 0 7 0 0 0 0 0 0 0 0 0 8 0 0 6
Last Time Cost: 00000130 ms
Total Time Cost: 00020043 ms
Total Distance 77: 0 0 0 8 6 6 0 0 0 6 0 6 0 0 0 0 0 0 0 0 0 6 6 0 6 0 0 0 0 6 0 0 0 0 0 0 0 0 0 0 7 0 0 0 0 0 0 0 0 0 8 0 0 6
Last Time Cost: 00001060 ms
Total Time Cost: 00021103 ms
Total Distance 75: 0 0 0 8 6 6 0 0 0 6 0 5 0 0 0 0 0 0 0 0 0 5 6 0 6 0 0 0 0 6 0 0 0 0 0 0 0 0 0 0 7 0 0 0 0 0 0 0 0 0 8 0 0 6
Last Time Cost: 00000202 ms
Total Time Cost: 00021305 ms
Total Distance 73: 0 0 0 8 6 6 0 0 0 6 0 4 0 0 0 0 0 0 0 0 0 4 6 0 6 0 0 0 0 6 0 0 0 0 0 0 0 0 0 0 7 0 0 0 0 0 0 0 0 0 8 0 0 6
Last Time Cost: 00000140 ms
Total Time Cost: 00021445 ms
Total Distance 72: 0 0 0 8 6 6 0 0 0 6 0 3 0 0 0 0 0 0 0 0 0 4 6 0 6 0 0 0 0 6 0 0 0 0 0 0 0 0 0 0 7 0 0 0 0 0 0 0 0 0 8 0 0 6
Last Time Cost: 00000141 ms
Total Time Cost: 00021586 ms
Total Distance 71: 0 0 0 8 6 6 0 0 0 6 0 2 0 0 0 0 0 0 0 0 0 4 6 0 6 0 0 0 0 6 0 0 0 0 0 0 0 0 0 0 7 0 0 0 0 0 0 0 0 0 8 0 0 6
Last Time Cost: 00000141 ms
Total Time Cost: 00021727 ms
Total Distance 70: 0 0 0 8 6 6 0 0 0 6 0 1 0 0 0 0 0 0 0 0 0 4 6 0 6 0 0 0 0 6 0 0 0 0 0 0 0 0 0 0 7 0 0 0 0 0 0 0 0 0 8 0 0 6
Last Time Cost: 00000143 ms
Total Time Cost: 00021870 ms
Total Distance 69: 0 0 0 8 6 6 0 0 0 6 0 0 0 0 0 0 0 0 0 0 0 4 6 0 6 0 0 0 0 6 0 0 0 0 0 0 0 0 0 0 7 0 0 0 0 0 0 0 0 0 8 0 0 6
Last Time Cost: 00000148 ms
Total Time Cost: 00022018 ms
Total Distance 68: 0 0 0 8 6 6 0 0 0 6 0 0 0 0 0 0 0 0 0 0 0 3 6 0 6 0 0 0 0 6 0 0 0 0 0 0 0 0 0 0 7 0 0 0 0 0 0 0 0 0 8 0 0 6
Last Time Cost: 00000149 ms
Total Time Cost: 00022167 ms
Total Distance 67: 0 0 0 8 6 6 0 0 0 6 0 0 0 0 0 0 0 0 0 0 0 2 6 0 6 0 0 0 0 6 0 0 0 0 0 0 0 0 0 0 7 0 0 0 0 0 0 0 0 0 8 0 0 6
Last Time Cost: 00000149 ms
Total Time Cost: 00022316 ms
Total Distance 66: 0 0 0 8 6 6 0 0 0 6 0 0 0 0 0 0 0 0 0 0 0 1 6 0 6 0 0 0 0 6 0 0 0 0 0 0 0 0 0 0 7 0 0 0 0 0 0 0 0 0 8 0 0 6
Last Time Cost: 00000151 ms
Total Time Cost: 00022467 ms
Total Distance 65: 0 0 0 8 6 6 0 0 0 6 0 0 0 0 0 0 0 0 0 0 0 0 6 0 6 0 0 0 0 6 0 0 0 0 0 0 0 0 0 0 7 0 0 0 0 0 0 0 0 0 8 0 0 6
Last Time Cost: 00000980 ms
Total Time Cost: 00023447 ms
Total Distance 63: 0 0 0 8 6 6 0 0 0 6 0 0 0 0 0 0 0 0 0 0 0 0 6 0 5 0 0 0 0 5 0 0 0 0 0 0 0 0 0 0 7 0 0 0 0 0 0 0 0 0 8 0 0 6
Last Time Cost: 00000229 ms
Total Time Cost: 00023676 ms
Total Distance 62: 0 0 0 8 6 6 0 0 0 6 0 0 0 0 0 0 0 0 0 0 0 0 6 0 5 0 0 0 0 4 0 0 0 0 0 0 0 0 0 0 7 0 0 0 0 0 0 0 0 0 8 0 0 6
Last Time Cost: 00000156 ms
Total Time Cost: 00023832 ms
Total Distance 61: 0 0 0 8 6 6 0 0 0 6 0 0 0 0 0 0 0 0 0 0 0 0 6 0 5 0 0 0 0 3 0 0 0 0 0 0 0 0 0 0 7 0 0 0 0 0 0 0 0 0 8 0 0 6
Last Time Cost: 00000160 ms
Total Time Cost: 00023992 ms
Total Distance 60: 0 0 0 8 6 6 0 0 0 6 0 0 0 0 0 0 0 0 0 0 0 0 6 0 5 0 0 0 0 2 0 0 0 0 0 0 0 0 0 0 7 0 0 0 0 0 0 0 0 0 8 0 0 6
Last Time Cost: 00000162 ms
Total Time Cost: 00024154 ms
Total Distance 59: 0 0 0 8 6 6 0 0 0 6 0 0 0 0 0 0 0 0 0 0 0 0 6 0 5 0 0 0 0 1 0 0 0 0 0 0 0 0 0 0 7 0 0 0 0 0 0 0 0 0 8 0 0 6
Last Time Cost: 00000162 ms
Total Time Cost: 00024316 ms
Total Distance 58: 0 0 0 8 6 6 0 0 0 6 0 0 0 0 0 0 0 0 0 0 0 0 6 0 5 0 0 0 0 0 0 0 0 0 0 0 0 0 0 0 7 0 0 0 0 0 0 0 0 0 8 0 0 6
Last Time Cost: 00000206 ms
Total Time Cost: 00024522 ms
Total Distance 57: 0 0 0 8 6 6 0 0 0 6 0 0 0 0 0 0 0 0 0 0 0 0 6 0 4 0 0 0 0 0 0 0 0 0 0 0 0 0 0 0 7 0 0 0 0 0 0 0 0 0 8 0 0 6
Last Time Cost: 00000171 ms
Total Time Cost: 00024693 ms
Total Distance 56: 0 0 0 8 6 6 0 0 0 6 0 0 0 0 0 0 0 0 0 0 0 0 6 0 3 0 0 0 0 0 0 0 0 0 0 0 0 0 0 0 7 0 0 0 0 0 0 0 0 0 8 0 0 6
Last Time Cost: 00000172 ms
Total Time Cost: 00024865 ms
Total Distance 55: 0 0 0 8 6 6 0 0 0 6 0 0 0 0 0 0 0 0 0 0 0 0 6 0 2 0 0 0 0 0 0 0 0 0 0 0 0 0 0 0 7 0 0 0 0 0 0 0 0 0 8 0 0 6
Last Time Cost: 00000173 ms
Total Time Cost: 00025038 ms
Total Distance 54: 0 0 0 8 6 6 0 0 0 6 0 0 0 0 0 0 0 0 0 0 0 0 6 0 1 0 0 0 0 0 0 0 0 0 0 0 0 0 0 0 7 0 0 0 0 0 0 0 0 0 8 0 0 6
Last Time Cost: 00000174 ms
Total Time Cost: 00025212 ms
Total Distance 53: 0 0 0 8 6 6 0 0 0 6 0 0 0 0 0 0 0 0 0 0 0 0 6 0 0 0 0 0 0 0 0 0 0 0 0 0 0 0 0 0 7 0 0 0 0 0 0 0 0 0 8 0 0 6
Last Time Cost: 00000857 ms
Total Time Cost: 00026069 ms
Total Distance 50: 0 0 0 7 6 5 0 0 0 6 0 0 0 0 0 0 0 0 0 0 0 0 6 0 0 0 0 0 0 0 0 0 0 0 0 0 0 0 0 0 7 0 0 0 0 0 0 0 0 0 7 0 0 6
Last Time Cost: 00000055 ms
Total Time Cost: 00026124 ms
Total Distance 49: 0 0 0 7 6 4 0 0 0 6 0 0 0 0 0 0 0 0 0 0 0 0 6 0 0 0 0 0 0 0 0 0 0 0 0 0 0 0 0 0 7 0 0 0 0 0 0 0 0 0 7 0 0 6
Last Time Cost: 00000009 ms
Total Time Cost: 00026133 ms
Total Distance 48: 0 0 0 7 6 3 0 0 0 6 0 0 0 0 0 0 0 0 0 0 0 0 6 0 0 0 0 0 0 0 0 0 0 0 0 0 0 0 0 0 7 0 0 0 0 0 0 0 0 0 7 0 0 6
Last Time Cost: 00000005 ms
Total Time Cost: 00026138 ms
Total Distance 47: 0 0 0 7 6 2 0 0 0 6 0 0 0 0 0 0 0 0 0 0 0 0 6 0 0 0 0 0 0 0 0 0 0 0 0 0 0 0 0 0 7 0 0 0 0 0 0 0 0 0 7 0 0 6
Last Time Cost: 00000004 ms
Total Time Cost: 00026142 ms
Total Distance 46: 0 0 0 7 6 1 0 0 0 6 0 0 0 0 0 0 0 0 0 0 0 0 6 0 0 0 0 0 0 0 0 0 0 0 0 0 0 0 0 0 7 0 0 0 0 0 0 0 0 0 7 0 0 6
Last Time Cost: 00000003 ms
Total Time Cost: 00026145 ms
Total Distance 45: 0 0 0 7 6 0 0 0 0 6 0 0 0 0 0 0 0 0 0 0 0 0 6 0 0 0 0 0 0 0 0 0 0 0 0 0 0 0 0 0 7 0 0 0 0 0 0 0 0 0 7 0 0 6
Last Time Cost: 00000557 ms
Total Time Cost: 00026702 ms
Total Distance 43: 0 0 0 7 5 0 0 0 0 6 0 0 0 0 0 0 0 0 0 0 0 0 5 0 0 0 0 0 0 0 0 0 0 0 0 0 0 0 0 0 7 0 0 0 0 0 0 0 0 0 7 0 0 6
Last Time Cost: 00000103 ms
Total Time Cost: 00026805 ms
Total Distance 42: 0 0 0 7 5 0 0 0 0 6 0 0 0 0 0 0 0 0 0 0 0 0 4 0 0 0 0 0 0 0 0 0 0 0 0 0 0 0 0 0 7 0 0 0 0 0 0 0 0 0 7 0 0 6
Last Time Cost: 00000007 ms
Total Time Cost: 00026812 ms
Total Distance 41: 0 0 0 7 5 0 0 0 0 6 0 0 0 0 0 0 0 0 0 0 0 0 3 0 0 0 0 0 0 0 0 0 0 0 0 0 0 0 0 0 7 0 0 0 0 0 0 0 0 0 7 0 0 6
Last Time Cost: 00000006 ms
Total Time Cost: 00026818 ms
Total Distance 40: 0 0 0 7 5 0 0 0 0 6 0 0 0 0 0 0 0 0 0 0 0 0 2 0 0 0 0 0 0 0 0 0 0 0 0 0 0 0 0 0 7 0 0 0 0 0 0 0 0 0 7 0 0 6
Last Time Cost: 00000004 ms
Total Time Cost: 00026822 ms
Total Distance 39: 0 0 0 7 5 0 0 0 0 6 0 0 0 0 0 0 0 0 0 0 0 0 1 0 0 0 0 0 0 0 0 0 0 0 0 0 0 0 0 0 7 0 0 0 0 0 0 0 0 0 7 0 0 6
Last Time Cost: 00000003 ms
Total Time Cost: 00026825 ms
Total Distance 38: 0 0 0 7 5 0 0 0 0 6 0 0 0 0 0 0 0 0 0 0 0 0 0 0 0 0 0 0 0 0 0 0 0 0 0 0 0 0 0 0 7 0 0 0 0 0 0 0 0 0 7 0 0 6
Last Time Cost: 00000053 ms
Total Time Cost: 00026878 ms
Total Distance 37: 0 0 0 7 4 0 0 0 0 6 0 0 0 0 0 0 0 0 0 0 0 0 0 0 0 0 0 0 0 0 0 0 0 0 0 0 0 0 0 0 7 0 0 0 0 0 0 0 0 0 7 0 0 6
Last Time Cost: 00000007 ms
Total Time Cost: 00026885 ms
Total Distance 36: 0 0 0 7 3 0 0 0 0 6 0 0 0 0 0 0 0 0 0 0 0 0 0 0 0 0 0 0 0 0 0 0 0 0 0 0 0 0 0 0 7 0 0 0 0 0 0 0 0 0 7 0 0 6
Last Time Cost: 00000006 ms
Total Time Cost: 00026891 ms
Total Distance 35: 0 0 0 7 2 0 0 0 0 6 0 0 0 0 0 0 0 0 0 0 0 0 0 0 0 0 0 0 0 0 0 0 0 0 0 0 0 0 0 0 7 0 0 0 0 0 0 0 0 0 7 0 0 6
Last Time Cost: 00000004 ms
Total Time Cost: 00026895 ms
Total Distance 34: 0 0 0 7 1 0 0 0 0 6 0 0 0 0 0 0 0 0 0 0 0 0 0 0 0 0 0 0 0 0 0 0 0 0 0 0 0 0 0 0 7 0 0 0 0 0 0 0 0 0 7 0 0 6
Last Time Cost: 00000003 ms
Total Time Cost: 00026898 ms
Total Distance 33: 0 0 0 7 0 0 0 0 0 6 0 0 0 0 0 0 0 0 0 0 0 0 0 0 0 0 0 0 0 0 0 0 0 0 0 0 0 0 0 0 7 0 0 0 0 0 0 0 0 0 7 0 0 6
Last Time Cost: 00000330 ms
Total Time Cost: 00027228 ms
Total Distance 32: 0 0 0 7 0 0 0 0 0 6 0 0 0 0 0 0 0 0 0 0 0 0 0 0 0 0 0 0 0 0 0 0 0 0 0 0 0 0 0 0 7 0 0 0 0 0 0 0 0 0 7 0 0 5
Last Time Cost: 00000057 ms
Total Time Cost: 00027285 ms
Total Distance 31: 0 0 0 7 0 0 0 0 0 6 0 0 0 0 0 0 0 0 0 0 0 0 0 0 0 0 0 0 0 0 0 0 0 0 0 0 0 0 0 0 7 0 0 0 0 0 0 0 0 0 7 0 0 4
Last Time Cost: 00000008 ms
Total Time Cost: 00027293 ms
Total Distance 30: 0 0 0 7 0 0 0 0 0 6 0 0 0 0 0 0 0 0 0 0 0 0 0 0 0 0 0 0 0 0 0 0 0 0 0 0 0 0 0 0 7 0 0 0 0 0 0 0 0 0 7 0 0 3
Last Time Cost: 00000006 ms
Total Time Cost: 00027299 ms
Total Distance 29: 0 0 0 7 0 0 0 0 0 6 0 0 0 0 0 0 0 0 0 0 0 0 0 0 0 0 0 0 0 0 0 0 0 0 0 0 0 0 0 0 7 0 0 0 0 0 0 0 0 0 7 0 0 2
Last Time Cost: 00000005 ms
Total Time Cost: 00027304 ms
Total Distance 28: 0 0 0 7 0 0 0 0 0 6 0 0 0 0 0 0 0 0 0 0 0 0 0 0 0 0 0 0 0 0 0 0 0 0 0 0 0 0 0 0 7 0 0 0 0 0 0 0 0 0 7 0 0 1
Last Time Cost: 00000004 ms
Total Time Cost: 00027308 ms
Total Distance 27: 0 0 0 7 0 0 0 0 0 6 0 0 0 0 0 0 0 0 0 0 0 0 0 0 0 0 0 0 0 0 0 0 0 0 0 0 0 0 0 0 7 0 0 0 0 0 0 0 0 0 7 0 0 0
Last Time Cost: 00000242 ms
Total Time Cost: 00027550 ms
Total Distance 26: 0 0 0 7 0 0 0 0 0 5 0 0 0 0 0 0 0 0 0 0 0 0 0 0 0 0 0 0 0 0 0 0 0 0 0 0 0 0 0 0 7 0 0 0 0 0 0 0 0 0 7 0 0 0
Last Time Cost: 00000064 ms
Total Time Cost: 00027614 ms
Total Distance 24: 0 0 0 7 0 0 0 0 0 4 0 0 0 0 0 0 0 0 0 0 0 0 0 0 0 0 0 0 0 0 0 0 0 0 0 0 0 0 0 0 7 0 0 0 0 0 0 0 0 0 6 0 0 0
Last Time Cost: 00000007 ms
Total Time Cost: 00027621 ms
Total Distance 23: 0 0 0 7 0 0 0 0 0 3 0 0 0 0 0 0 0 0 0 0 0 0 0 0 0 0 0 0 0 0 0 0 0 0 0 0 0 0 0 0 7 0 0 0 0 0 0 0 0 0 6 0 0 0
Last Time Cost: 00000006 ms
Total Time Cost: 00027627 ms
Total Distance 22: 0 0 0 7 0 0 0 0 0 2 0 0 0 0 0 0 0 0 0 0 0 0 0 0 0 0 0 0 0 0 0 0 0 0 0 0 0 0 0 0 7 0 0 0 0 0 0 0 0 0 6 0 0 0
Last Time Cost: 00000005 ms
Total Time Cost: 00027632 ms
Total Distance 21: 0 0 0 7 0 0 0 0 0 1 0 0 0 0 0 0 0 0 0 0 0 0 0 0 0 0 0 0 0 0 0 0 0 0 0 0 0 0 0 0 7 0 0 0 0 0 0 0 0 0 6 0 0 0
Last Time Cost: 00000004 ms
Total Time Cost: 00027636 ms
Total Distance 20: 0 0 0 7 0 0 0 0 0 0 0 0 0 0 0 0 0 0 0 0 0 0 0 0 0 0 0 0 0 0 0 0 0 0 0 0 0 0 0 0 7 0 0 0 0 0 0 0 0 0 6 0 0 0
Last Time Cost: 00000225 ms
Total Time Cost: 00027861 ms
Total Distance 18: 0 0 0 6 0 0 0 0 0 0 0 0 0 0 0 0 0 0 0 0 0 0 0 0 0 0 0 0 0 0 0 0 0 0 0 0 0 0 0 0 7 0 0 0 0 0 0 0 0 0 5 0 0 0
Last Time Cost: 00000061 ms
Total Time Cost: 00027922 ms
Total Distance 17: 0 0 0 6 0 0 0 0 0 0 0 0 0 0 0 0 0 0 0 0 0 0 0 0 0 0 0 0 0 0 0 0 0 0 0 0 0 0 0 0 7 0 0 0 0 0 0 0 0 0 4 0 0 0
Last Time Cost: 00000006 ms
Total Time Cost: 00027928 ms
Total Distance 16: 0 0 0 6 0 0 0 0 0 0 0 0 0 0 0 0 0 0 0 0 0 0 0 0 0 0 0 0 0 0 0 0 0 0 0 0 0 0 0 0 7 0 0 0 0 0 0 0 0 0 3 0 0 0
Last Time Cost: 00000005 ms
Total Time Cost: 00027933 ms
Total Distance 15: 0 0 0 6 0 0 0 0 0 0 0 0 0 0 0 0 0 0 0 0 0 0 0 0 0 0 0 0 0 0 0 0 0 0 0 0 0 0 0 0 7 0 0 0 0 0 0 0 0 0 2 0 0 0
Last Time Cost: 00000004 ms
Total Time Cost: 00027937 ms
Total Distance 14: 0 0 0 6 0 0 0 0 0 0 0 0 0 0 0 0 0 0 0 0 0 0 0 0 0 0 0 0 0 0 0 0 0 0 0 0 0 0 0 0 7 0 0 0 0 0 0 0 0 0 1 0 0 0
Last Time Cost: 00000004 ms
Total Time Cost: 00027941 ms
Total Distance 13: 0 0 0 6 0 0 0 0 0 0 0 0 0 0 0 0 0 0 0 0 0 0 0 0 0 0 0 0 0 0 0 0 0 0 0 0 0 0 0 0 7 0 0 0 0 0 0 0 0 0 0 0 0 0
Last Time Cost: 00000206 ms
Total Time Cost: 00028147 ms
Total Distance 12: 0 0 0 5 0 0 0 0 0 0 0 0 0 0 0 0 0 0 0 0 0 0 0 0 0 0 0 0 0 0 0 0 0 0 0 0 0 0 0 0 7 0 0 0 0 0 0 0 0 0 0 0 0 0
Last Time Cost: 00000066 ms
Total Time Cost: 00028213 ms
Total Distance 11: 0 0 0 4 0 0 0 0 0 0 0 0 0 0 0 0 0 0 0 0 0 0 0 0 0 0 0 0 0 0 0 0 0 0 0 0 0 0 0 0 7 0 0 0 0 0 0 0 0 0 0 0 0 0
Last Time Cost: 00000006 ms
Total Time Cost: 00028219 ms
Total Distance 10: 0 0 0 3 0 0 0 0 0 0 0 0 0 0 0 0 0 0 0 0 0 0 0 0 0 0 0 0 0 0 0 0 0 0 0 0 0 0 0 0 7 0 0 0 0 0 0 0 0 0 0 0 0 0
Last Time Cost: 00000005 ms
Total Time Cost: 00028224 ms
Total Distance 9: 0 0 0 2 0 0 0 0 0 0 0 0 0 0 0 0 0 0 0 0 0 0 0 0 0 0 0 0 0 0 0 0 0 0 0 0 0 0 0 0 7 0 0 0 0 0 0 0 0 0 0 0 0 0
Last Time Cost: 00000005 ms
Total Time Cost: 00028229 ms
Total Distance 8: 0 0 0 1 0 0 0 0 0 0 0 0 0 0 0 0 0 0 0 0 0 0 0 0 0 0 0 0 0 0 0 0 0 0 0 0 0 0 0 0 7 0 0 0 0 0 0 0 0 0 0 0 0 0
Last Time Cost: 00000004 ms
Total Time Cost: 00028233 ms
Total Distance 7: 0 0 0 0 0 0 0 0 0 0 0 0 0 0 0 0 0 0 0 0 0 0 0 0 0 0 0 0 0 0 0 0 0 0 0 0 0 0 0 0 7 0 0 0 0 0 0 0 0 0 0 0 0 0
Last Time Cost: 00014770 ms
Total Time Cost: 00043003 ms
Total Distance 6: 0 0 0 0 0 0 0 0 0 0 0 0 0 0 0 0 0 0 0 0 0 0 0 0 0 0 0 0 0 0 0 0 0 0 0 0 0 0 0 0 6 0 0 0 0 0 0 0 0 0 0 0 0 0
Last Time Cost: 00000137 ms
Total Time Cost: 00043140 ms
Total Distance 5: 0 0 0 0 0 0 0 0 0 0 0 0 0 0 0 0 0 0 0 0 0 0 0 0 0 0 0 0 0 0 0 0 0 0 0 0 0 0 0 0 5 0 0 0 0 0 0 0 0 0 0 0 0 0
Last Time Cost: 00000067 ms
Total Time Cost: 00043207 ms
Total Distance 4: 0 0 0 0 0 0 0 0 0 0 0 0 0 0 0 0 0 0 0 0 0 0 0 0 0 0 0 0 0 0 0 0 0 0 0 0 0 0 0 0 4 0 0 0 0 0 0 0 0 0 0 0 0 0
Last Time Cost: 00000001 ms
Total Time Cost: 00043208 ms
Total Distance 3: 0 0 0 0 0 0 0 0 0 0 0 0 0 0 0 0 0 0 0 0 0 0 0 0 0 0 0 0 0 0 0 0 0 0 0 0 0 0 0 0 3 0 0 0 0 0 0 0 0 0 0 0 0 0
Last Time Cost: 00000000 ms
Total Time Cost: 00043208 ms
Total Distance 2: 0 0 0 0 0 0 0 0 0 0 0 0 0 0 0 0 0 0 0 0 0 0 0 0 0 0 0 0 0 0 0 0 0 0 0 0 0 0 0 0 2 0 0 0 0 0 0 0 0 0 0 0 0 0
Last Time Cost: 00000000 ms
Total Time Cost: 00043208 ms
Total Distance 1: 0 0 0 0 0 0 0 0 0 0 0 0 0 0 0 0 0 0 0 0 0 0 0 0 0 0 0 0 0 0 0 0 0 0 0 0 0 0 0 0 1 0 0 0 0 0 0 0 0 0 0 0 0 0
Last Time Cost: 00000000 ms
Total Time Cost: 00043208 ms
Total Distance 0: 0 0 0 0 0 0 0 0 0 0 0 0 0 0 0 0 0 0 0 0 0 0 0 0 0 0 0 0 0 0 0 0 0 0 0 0 0 0 0 0 0 0 0 0 0 0 0 0 0 0 0 0 0 0
