Last Time Cost: 00000000 ms
Total Time Cost: 00000000 ms
Total Distance 480: 16 16 16 16 16 16 16 16 14 14 14 14 14 14 14 14 15 15 15 15 15 15 15 15 15 15 15 15 15 15 15 15
Last Time Cost: 00001137 ms
Total Time Cost: 00001137 ms
Total Distance 465: 16 16 15 16 16 15 16 15 14 13 14 14 14 14 14 14 14 14 15 14 14 14 15 15 14 14 15 14 14 15 14 14
Last Time Cost: 00000216 ms
Total Time Cost: 00001353 ms
Total Distance 451: 16 16 15 16 16 14 15 15 14 12 14 14 14 13 14 14 13 13 14 13 13 14 14 15 14 14 14 13 14 14 14 13
Last Time Cost: 00000175 ms
Total Time Cost: 00001528 ms
Total Distance 440: 16 16 15 16 16 14 14 15 13 11 13 14 13 13 13 14 12 13 14 12 13 14 14 14 14 14 14 13 13 14 14 12
Last Time Cost: 00000162 ms
Total Time Cost: 00001690 ms
Total Distance 429: 16 15 15 16 15 14 13 14 13 10 13 13 13 12 13 14 12 13 13 12 13 14 14 13 14 13 14 13 13 14 14 11
Last Time Cost: 00000149 ms
Total Time Cost: 00001839 ms
Total Distance 419: 16 15 15 15 15 13 13 13 13 9 12 13 12 11 13 14 12 12 13 12 12 14 14 13 14 13 14 12 13 14 14 11
Last Time Cost: 00000143 ms
Total Time Cost: 00001982 ms
Total Distance 409: 16 15 14 15 15 12 13 13 13 8 12 13 12 11 13 14 12 11 13 12 11 13 14 13 14 12 14 11 12 14 13 11
Last Time Cost: 00000129 ms
Total Time Cost: 00002111 ms
Total Distance 401: 15 15 14 15 14 12 13 13 13 7 12 12 12 11 13 14 12 10 13 12 11 12 14 13 14 12 14 11 11 14 13 10
Last Time Cost: 00000094 ms
Total Time Cost: 00002205 ms
Total Distance 395: 15 15 14 15 14 11 13 13 13 6 12 12 12 10 13 14 12 9 13 12 10 12 14 13 14 12 14 10 11 14 13 10
Last Time Cost: 00000081 ms
Total Time Cost: 00002286 ms
Total Distance 389: 15 15 14 15 14 11 12 13 13 5 11 12 12 10 13 14 11 9 13 11 10 12 14 12 14 12 14 10 11 14 13 10
Last Time Cost: 00000069 ms
Total Time Cost: 00002355 ms
Total Distance 383: 15 15 14 15 13 11 11 12 13 4 11 11 12 10 13 14 11 9 13 11 10 12 14 11 14 12 14 10 11 14 13 10
Last Time Cost: 00000056 ms
Total Time Cost: 00002411 ms
Total Distance 378: 15 15 14 15 13 10 11 12 13 3 11 11 12 10 13 14 11 8 13 11 9 12 14 11 14 12 14 9 11 14 13 10
Last Time Cost: 00000048 ms
Total Time Cost: 00002459 ms
Total Distance 374: 15 15 14 15 12 10 11 12 13 2 11 10 12 10 13 14 11 8 13 11 9 12 14 11 14 12 14 9 11 14 13 9
Last Time Cost: 00000039 ms
Total Time Cost: 00002498 ms
Total Distance 371: 15 15 14 15 11 10 11 11 13 1 11 10 12 10 13 14 11 8 13 11 9 12 14 11 14 12 14 9 11 14 13 9
Last Time Cost: 00000032 ms
Total Time Cost: 00002530 ms
Total Distance 370: 15 15 14 15 11 10 11 11 13 0 11 10 12 10 13 14 11 8 13 11 9 12 14 11 14 12 14 9 11 14 13 9
Last Time Cost: 00000329 ms
Total Time Cost: 00002859 ms
Total Distance 356: 15 14 13 14 11 9 10 11 12 0 11 10 12 10 12 13 11 7 13 11 8 12 13 10 13 12 14 8 11 14 13 9
Last Time Cost: 00000194 ms
Total Time Cost: 00003053 ms
Total Distance 345: 15 14 13 14 10 9 10 10 11 0 11 10 12 10 12 12 10 6 12 11 8 12 13 9 13 12 13 7 11 13 13 9
Last Time Cost: 00000161 ms
Total Time Cost: 00003214 ms
Total Distance 336: 15 13 12 13 10 8 9 10 10 0 11 10 12 10 12 11 10 5 12 11 8 12 12 9 13 12 13 7 11 13 13 9
Last Time Cost: 00000131 ms
Total Time Cost: 00003345 ms
Total Distance 331: 15 13 12 13 9 8 9 10 9 0 11 10 12 10 12 10 9 4 12 11 8 12 12 9 13 12 13 7 11 13 13 9
Last Time Cost: 00000118 ms
Total Time Cost: 00003463 ms
Total Distance 327: 15 13 11 13 9 7 9 10 9 0 11 10 12 10 12 10 9 3 12 11 8 12 12 9 13 12 13 6 11 13 13 9
Last Time Cost: 00000104 ms
Total Time Cost: 00003567 ms
Total Distance 320: 15 12 11 13 9 7 9 10 9 0 10 10 12 10 12 10 9 2 11 11 8 12 11 9 13 11 12 6 11 13 13 9
Last Time Cost: 00000089 ms
Total Time Cost: 00003656 ms
Total Distance 319: 15 12 11 13 9 7 9 10 9 0 10 10 12 10 12 10 9 1 11 11 8 12 11 9 13 11 12 6 11 13 13 9
Last Time Cost: 00000085 ms
Total Time Cost: 00003741 ms
Total Distance 318: 15 12 11 13 9 7 9 10 9 0 10 10 12 10 12 10 9 0 11 11 8 12 11 9 13 11 12 6 11 13 13 9
Last Time Cost: 00000291 ms
Total Time Cost: 00004032 ms
Total Distance 310: 14 12 11 13 8 6 9 10 9 0 10 10 12 10 12 10 8 0 11 11 8 12 10 9 13 10 12 5 10 13 13 9
Last Time Cost: 00000174 ms
Total Time Cost: 00004206 ms
Total Distance 303: 13 12 11 13 8 6 9 10 8 0 10 10 12 10 11 10 8 0 11 10 8 11 10 9 13 10 12 4 10 12 13 9
Last Time Cost: 00000075 ms
Total Time Cost: 00004281 ms
Total Distance 299: 13 12 11 13 7 5 9 10 8 0 10 10 12 10 11 10 7 0 11 10 8 11 10 9 13 10 12 3 10 12 13 9
Last Time Cost: 00000052 ms
Total Time Cost: 00004333 ms
Total Distance 296: 12 12 11 13 7 5 9 10 8 0 10 10 12 10 11 10 7 0 11 10 8 10 10 9 13 10 12 2 10 12 13 9
Last Time Cost: 00000036 ms
Total Time Cost: 00004369 ms
Total Distance 293: 11 12 10 13 7 5 9 10 8 0 10 10 12 10 11 10 7 0 11 10 8 10 10 9 13 10 12 1 10 12 13 9
Last Time Cost: 00000029 ms
Total Time Cost: 00004398 ms
Total Distance 291: 11 12 10 13 7 5 9 10 8 0 10 10 12 10 11 10 7 0 11 10 7 10 10 9 13 10 12 0 10 12 13 9
Last Time Cost: 00000116 ms
Total Time Cost: 00004514 ms
Total Distance 283: 11 11 9 12 7 4 9 10 8 0 10 10 12 9 11 9 7 0 11 10 7 10 10 9 13 10 11 0 10 11 13 9
Last Time Cost: 00000076 ms
Total Time Cost: 00004590 ms
Total Distance 279: 11 11 9 12 7 3 9 9 8 0 10 10 12 9 11 9 7 0 11 10 7 10 9 9 13 9 11 0 10 11 13 9
Last Time Cost: 00000062 ms
Total Time Cost: 00004652 ms
Total Distance 275: 11 11 9 11 7 2 9 9 8 0 10 10 12 9 11 9 7 0 11 10 7 9 8 9 13 9 11 0 10 11 13 9
Last Time Cost: 00000051 ms
Total Time Cost: 00004703 ms
Total Distance 273: 11 11 9 11 7 1 9 9 8 0 10 10 12 9 11 9 7 0 11 10 7 9 7 9 13 9 11 0 10 11 13 9
Last Time Cost: 00000043 ms
Total Time Cost: 00004746 ms
Total Distance 271: 11 11 9 11 7 0 9 9 8 0 10 10 12 9 11 9 7 0 11 10 7 9 7 9 13 9 11 0 10 10 13 9
Last Time Cost: 00000894 ms
Total Time Cost: 00005640 ms
Total Distance 260: 11 11 9 11 7 0 9 9 8 0 9 10 11 8 10 8 7 0 10 10 7 9 6 9 12 9 11 0 9 9 12 9
Last Time Cost: 00000111 ms
Total Time Cost: 00005751 ms
Total Distance 252: 10 11 9 11 6 0 9 9 7 0 9 10 11 8 10 8 7 0 9 10 7 9 5 9 11 8 10 0 9 9 12 9
Last Time Cost: 00000088 ms
Total Time Cost: 00005839 ms
Total Distance 247: 10 11 9 11 6 0 9 9 7 0 9 10 10 8 10 8 7 0 8 10 7 9 4 9 10 8 10 0 9 9 11 9
Last Time Cost: 00000033 ms
Total Time Cost: 00005872 ms
Total Distance 243: 9 10 9 11 6 0 9 9 7 0 9 10 10 8 10 8 7 0 8 10 7 9 3 9 9 8 10 0 9 9 11 9
Last Time Cost: 00000013 ms
Total Time Cost: 00005885 ms
Total Distance 239: 9 9 9 11 6 0 9 9 7 0 9 10 10 8 10 8 7 0 7 10 7 9 2 9 9 8 9 0 9 9 11 9
Last Time Cost: 00000010 ms
Total Time Cost: 00005895 ms
Total Distance 237: 9 9 9 11 6 0 9 9 7 0 9 10 10 7 10 8 7 0 7 10 7 9 1 9 9 8 9 0 9 9 11 9
Last Time Cost: 00000008 ms
Total Time Cost: 00005903 ms
Total Distance 236: 9 9 9 11 6 0 9 9 7 0 9 10 10 7 10 8 7 0 7 10 7 9 0 9 9 8 9 0 9 9 11 9
Last Time Cost: 00000050 ms
Total Time Cost: 00005953 ms
Total Distance 231: 8 9 8 10 5 0 9 9 7 0 9 9 10 7 10 8 7 0 7 10 7 9 0 9 9 8 9 0 9 9 11 9
Last Time Cost: 00000023 ms
Total Time Cost: 00005976 ms
Total Distance 228: 8 9 8 10 4 0 9 9 7 0 8 9 10 7 10 8 6 0 7 10 7 9 0 9 9 8 9 0 9 9 11 9
Last Time Cost: 00000019 ms
Total Time Cost: 00005995 ms
Total Distance 226: 8 9 8 10 3 0 9 9 7 0 8 9 10 7 10 8 5 0 7 10 7 9 0 9 9 8 9 0 9 9 11 9
Last Time Cost: 00000015 ms
Total Time Cost: 00006010 ms
Total Distance 224: 8 9 8 9 2 0 9 9 7 0 8 9 10 7 10 8 5 0 7 10 7 9 0 9 9 8 9 0 9 9 11 9
Last Time Cost: 00000013 ms
Total Time Cost: 00006023 ms
Total Distance 223: 8 9 8 9 1 0 9 9 7 0 8 9 10 7 10 8 5 0 7 10 7 9 0 9 9 8 9 0 9 9 11 9
Last Time Cost: 00000011 ms
Total Time Cost: 00006034 ms
Total Distance 222: 8 9 8 9 0 0 9 9 7 0 8 9 10 7 10 8 5 0 7 10 7 9 0 9 9 8 9 0 9 9 11 9
Last Time Cost: 00000031 ms
Total Time Cost: 00006065 ms
Total Distance 215: 8 8 8 9 0 0 9 9 7 0 8 9 10 7 9 7 4 0 7 10 7 9 0 8 9 8 8 0 8 9 11 9
Last Time Cost: 00000024 ms
Total Time Cost: 00006089 ms
Total Distance 211: 8 8 8 9 0 0 9 9 7 0 8 9 10 7 9 7 3 0 7 9 7 9 0 8 9 8 8 0 8 9 10 8
Last Time Cost: 00000016 ms
Total Time Cost: 00006105 ms
Total Distance 208: 8 8 8 9 0 0 9 9 7 0 8 9 10 7 8 7 2 0 7 8 7 9 0 8 9 8 8 0 8 9 10 8
Last Time Cost: 00000015 ms
Total Time Cost: 00006120 ms
Total Distance 206: 8 8 8 9 0 0 9 9 7 0 8 9 10 7 8 7 1 0 7 8 7 9 0 8 9 8 8 0 8 9 9 8
Last Time Cost: 00000016 ms
Total Time Cost: 00006136 ms
Total Distance 204: 8 8 8 9 0 0 9 9 7 0 7 9 10 7 8 7 0 0 7 8 7 9 0 8 9 8 8 0 8 9 9 8
Last Time Cost: 00000253 ms
Total Time Cost: 00006389 ms
Total Distance 198: 8 7 8 9 0 0 9 9 7 0 7 8 10 7 8 6 0 0 7 8 7 9 0 7 9 8 7 0 7 9 9 8
Last Time Cost: 00000026 ms
Total Time Cost: 00006415 ms
Total Distance 193: 8 7 8 8 0 0 9 8 7 0 7 8 10 7 8 5 0 0 7 8 7 9 0 7 9 8 6 0 7 8 9 8
Last Time Cost: 00000022 ms
Total Time Cost: 00006437 ms
Total Distance 188: 8 7 7 8 0 0 9 8 7 0 7 8 9 7 8 4 0 0 7 8 7 9 0 7 9 8 6 0 6 7 9 8
Last Time Cost: 00000009 ms
Total Time Cost: 00006446 ms
Total Distance 185: 8 7 6 8 0 0 9 8 7 0 7 8 9 7 8 3 0 0 7 8 7 9 0 7 9 8 5 0 6 7 9 8
Last Time Cost: 00000004 ms
Total Time Cost: 00006450 ms
Total Distance 182: 8 7 6 8 0 0 9 8 7 0 7 8 9 7 8 2 0 0 7 7 7 9 0 6 9 8 5 0 6 7 9 8
Last Time Cost: 00000003 ms
Total Time Cost: 00006453 ms
Total Distance 179: 8 7 6 8 0 0 9 8 6 0 7 8 8 7 8 1 0 0 7 7 7 9 0 6 9 8 5 0 6 7 9 8
Last Time Cost: 00000002 ms
Total Time Cost: 00006455 ms
Total Distance 177: 8 7 6 8 0 0 9 8 6 0 7 8 8 7 8 0 0 0 7 7 7 9 0 6 9 8 5 0 6 7 8 8
Last Time Cost: 00000005 ms
Total Time Cost: 00006460 ms
Total Distance 174: 8 7 6 8 0 0 9 8 6 0 7 8 8 7 8 0 0 0 6 7 7 9 0 6 9 8 4 0 6 6 8 8
Last Time Cost: 00000004 ms
Total Time Cost: 00006464 ms
Total Distance 171: 8 7 6 8 0 0 9 8 6 0 7 7 8 7 8 0 0 0 6 7 7 9 0 6 9 8 3 0 6 6 7 8
Last Time Cost: 00000003 ms
Total Time Cost: 00006467 ms
Total Distance 168: 8 7 6 8 0 0 9 8 6 0 7 7 8 7 7 0 0 0 6 7 7 9 0 6 8 8 2 0 6 6 7 8
Last Time Cost: 00000002 ms
Total Time Cost: 00006469 ms
Total Distance 167: 8 7 6 8 0 0 9 8 6 0 7 7 8 7 7 0 0 0 6 7 7 9 0 6 8 8 1 0 6 6 7 8
Last Time Cost: 00000002 ms
Total Time Cost: 00006471 ms
Total Distance 166: 8 7 6 8 0 0 9 8 6 0 7 7 8 7 7 0 0 0 6 7 7 9 0 6 8 8 0 0 6 6 7 8
Last Time Cost: 00000076 ms
Total Time Cost: 00006547 ms
Total Distance 160: 8 7 6 7 0 0 8 8 6 0 7 7 8 6 7 0 0 0 5 7 6 9 0 6 8 7 0 0 6 6 7 8
Last Time Cost: 00000004 ms
Total Time Cost: 00006551 ms
Total Distance 154: 8 7 6 7 0 0 7 8 6 0 7 6 8 6 7 0 0 0 4 7 6 8 0 5 7 7 0 0 6 6 7 8
Last Time Cost: 00000003 ms
Total Time Cost: 00006554 ms
Total Distance 152: 8 7 6 7 0 0 7 8 6 0 7 6 8 6 7 0 0 0 3 7 5 8 0 5 7 7 0 0 6 6 7 8
Last Time Cost: 00000003 ms
Total Time Cost: 00006557 ms
Total Distance 150: 8 7 6 7 0 0 7 8 6 0 7 6 8 6 7 0 0 0 2 7 5 7 0 5 7 7 0 0 6 6 7 8
Last Time Cost: 00000002 ms
Total Time Cost: 00006559 ms
Total Distance 149: 8 7 6 7 0 0 7 8 6 0 7 6 8 6 7 0 0 0 1 7 5 7 0 5 7 7 0 0 6 6 7 8
Last Time Cost: 00000002 ms
Total Time Cost: 00006561 ms
Total Distance 148: 8 7 6 7 0 0 7 8 6 0 7 6 8 6 7 0 0 0 0 7 5 7 0 5 7 7 0 0 6 6 7 8
Last Time Cost: 00000005 ms
Total Time Cost: 00006566 ms
Total Distance 145: 8 7 6 7 0 0 7 8 6 0 7 5 8 6 7 0 0 0 0 7 5 7 0 4 7 6 0 0 6 6 7 8
Last Time Cost: 00000003 ms
Total Time Cost: 00006569 ms
Total Distance 142: 8 7 6 7 0 0 6 8 6 0 7 4 8 6 7 0 0 0 0 7 5 7 0 3 7 6 0 0 6 6 7 8
Last Time Cost: 00000003 ms
Total Time Cost: 00006572 ms
Total Distance 140: 8 7 6 7 0 0 5 8 6 0 7 4 8 6 7 0 0 0 0 7 5 7 0 2 7 6 0 0 6 6 7 8
Last Time Cost: 00000003 ms
Total Time Cost: 00006575 ms
Total Distance 138: 8 7 6 7 0 0 5 8 6 0 7 4 7 6 7 0 0 0 0 7 5 7 0 1 7 6 0 0 6 6 7 8
Last Time Cost: 00000002 ms
Total Time Cost: 00006577 ms
Total Distance 137: 8 7 6 7 0 0 5 8 6 0 7 4 7 6 7 0 0 0 0 7 5 7 0 0 7 6 0 0 6 6 7 8
Last Time Cost: 00000005 ms
Total Time Cost: 00006582 ms
Total Distance 135: 8 7 6 7 0 0 5 8 6 0 7 3 7 5 7 0 0 0 0 7 5 7 0 0 7 6 0 0 6 6 7 8
Last Time Cost: 00000004 ms
Total Time Cost: 00006586 ms
Total Distance 134: 8 7 6 7 0 0 5 8 6 0 7 2 7 5 7 0 0 0 0 7 5 7 0 0 7 6 0 0 6 6 7 8
Last Time Cost: 00000004 ms
Total Time Cost: 00006590 ms
Total Distance 133: 8 7 6 7 0 0 5 8 6 0 7 1 7 5 7 0 0 0 0 7 5 7 0 0 7 6 0 0 6 6 7 8
Last Time Cost: 00000003 ms
Total Time Cost: 00006593 ms
Total Distance 132: 8 7 6 7 0 0 5 8 6 0 7 0 7 5 7 0 0 0 0 7 5 7 0 0 7 6 0 0 6 6 7 8
Last Time Cost: 00000008 ms
Total Time Cost: 00006601 ms
Total Distance 128: 8 7 5 7 0 0 4 7 6 0 7 0 7 5 7 0 0 0 0 7 5 7 0 0 7 6 0 0 6 6 7 7
Last Time Cost: 00000005 ms
Total Time Cost: 00006606 ms
Total Distance 124: 8 7 5 7 0 0 3 7 6 0 6 0 7 5 6 0 0 0 0 7 5 7 0 0 7 6 0 0 6 6 7 6
Last Time Cost: 00000004 ms
Total Time Cost: 00006610 ms
Total Distance 122: 8 7 5 7 0 0 2 7 6 0 6 0 7 5 6 0 0 0 0 6 5 7 0 0 7 6 0 0 6 6 7 6
Last Time Cost: 00000004 ms
Total Time Cost: 00006614 ms
Total Distance 121: 8 7 5 7 0 0 1 7 6 0 6 0 7 5 6 0 0 0 0 6 5 7 0 0 7 6 0 0 6 6 7 6
Last Time Cost: 00000004 ms
Total Time Cost: 00006618 ms
Total Distance 120: 8 7 5 7 0 0 0 7 6 0 6 0 7 5 6 0 0 0 0 6 5 7 0 0 7 6 0 0 6 6 7 6
Last Time Cost: 00000009 ms
Total Time Cost: 00006627 ms
Total Distance 117: 8 6 4 7 0 0 0 7 6 0 6 0 7 5 6 0 0 0 0 6 5 6 0 0 7 6 0 0 6 6 7 6
Last Time Cost: 00000005 ms
Total Time Cost: 00006632 ms
Total Distance 115: 8 6 3 7 0 0 0 7 6 0 6 0 7 5 6 0 0 0 0 6 5 6 0 0 7 6 0 0 6 5 7 6
Last Time Cost: 00000005 ms
Total Time Cost: 00006637 ms
Total Distance 113: 7 6 2 7 0 0 0 7 6 0 6 0 7 5 6 0 0 0 0 6 5 6 0 0 7 6 0 0 6 5 7 6
Last Time Cost: 00000002 ms
Total Time Cost: 00006639 ms
Total Distance 111: 7 6 1 6 0 0 0 7 6 0 6 0 7 5 6 0 0 0 0 6 5 6 0 0 7 6 0 0 6 5 7 6
Last Time Cost: 00000001 ms
Total Time Cost: 00006640 ms
Total Distance 110: 7 6 0 6 0 0 0 7 6 0 6 0 7 5 6 0 0 0 0 6 5 6 0 0 7 6 0 0 6 5 7 6
Last Time Cost: 00000006 ms
Total Time Cost: 00006646 ms
Total Distance 107: 7 6 0 6 0 0 0 7 6 0 6 0 7 5 6 0 0 0 0 6 5 6 0 0 7 5 0 0 6 4 6 6
Last Time Cost: 00000001 ms
Total Time Cost: 00006647 ms
Total Distance 105: 7 6 0 6 0 0 0 7 6 0 6 0 7 5 6 0 0 0 0 6 5 6 0 0 6 5 0 0 6 3 6 6
Last Time Cost: 00000001 ms
Total Time Cost: 00006648 ms
Total Distance 103: 7 6 0 6 0 0 0 7 6 0 6 0 7 5 6 0 0 0 0 6 5 6 0 0 6 5 0 0 5 2 6 6
Last Time Cost: 00000001 ms
Total Time Cost: 00006649 ms
Total Distance 102: 7 6 0 6 0 0 0 7 6 0 6 0 7 5 6 0 0 0 0 6 5 6 0 0 6 5 0 0 5 1 6 6
Last Time Cost: 00000001 ms
Total Time Cost: 00006650 ms
Total Distance 101: 7 6 0 6 0 0 0 7 6 0 6 0 7 5 6 0 0 0 0 6 5 6 0 0 6 5 0 0 5 0 6 6
Last Time Cost: 00000007 ms
Total Time Cost: 00006657 ms
Total Distance 99: 7 6 0 6 0 0 0 7 6 0 6 0 7 4 6 0 0 0 0 6 5 6 0 0 6 5 0 0 4 0 6 6
Last Time Cost: 00000001 ms
Total Time Cost: 00006658 ms
Total Distance 97: 7 5 0 6 0 0 0 7 6 0 6 0 7 3 6 0 0 0 0 6 5 6 0 0 6 5 0 0 4 0 6 6
Last Time Cost: 00000001 ms
Total Time Cost: 00006659 ms
Total Distance 96: 7 5 0 6 0 0 0 7 6 0 6 0 7 2 6 0 0 0 0 6 5 6 0 0 6 5 0 0 4 0 6 6
Last Time Cost: 00000001 ms
Total Time Cost: 00006660 ms
Total Distance 95: 7 5 0 6 0 0 0 7 6 0 6 0 7 1 6 0 0 0 0 6 5 6 0 0 6 5 0 0 4 0 6 6
Last Time Cost: 00000001 ms
Total Time Cost: 00006661 ms
Total Distance 94: 7 5 0 6 0 0 0 7 6 0 6 0 7 0 6 0 0 0 0 6 5 6 0 0 6 5 0 0 4 0 6 6
Last Time Cost: 00000001 ms
Total Time Cost: 00006662 ms
Total Distance 92: 7 5 0 6 0 0 0 7 6 0 6 0 6 0 6 0 0 0 0 6 5 6 0 0 6 5 0 0 3 0 6 6
Last Time Cost: 00000001 ms
Total Time Cost: 00006663 ms
Total Distance 90: 7 5 0 6 0 0 0 7 6 0 6 0 5 0 6 0 0 0 0 6 5 6 0 0 6 5 0 0 2 0 6 6
Last Time Cost: 00000001 ms
Total Time Cost: 00006664 ms
Total Distance 89: 7 5 0 6 0 0 0 7 6 0 6 0 5 0 6 0 0 0 0 6 5 6 0 0 6 5 0 0 1 0 6 6
Last Time Cost: 00000001 ms
Total Time Cost: 00006665 ms
Total Distance 88: 7 5 0 6 0 0 0 7 6 0 6 0 5 0 6 0 0 0 0 6 5 6 0 0 6 5 0 0 0 0 6 6
Last Time Cost: 00000008 ms
Total Time Cost: 00006673 ms
Total Distance 85: 7 5 0 5 0 0 0 6 6 0 6 0 5 0 6 0 0 0 0 6 5 6 0 0 6 4 0 0 0 0 6 6
Last Time Cost: 00000001 ms
Total Time Cost: 00006674 ms
Total Distance 83: 7 5 0 5 0 0 0 5 6 0 6 0 5 0 6 0 0 0 0 6 5 6 0 0 6 3 0 0 0 0 6 6
Last Time Cost: 00000001 ms
Total Time Cost: 00006675 ms
Total Distance 82: 7 5 0 5 0 0 0 5 6 0 6 0 5 0 6 0 0 0 0 6 5 6 0 0 6 2 0 0 0 0 6 6
Last Time Cost: 00000001 ms
Total Time Cost: 00006676 ms
Total Distance 81: 7 5 0 5 0 0 0 5 6 0 6 0 5 0 6 0 0 0 0 6 5 6 0 0 6 1 0 0 0 0 6 6
Last Time Cost: 00000001 ms
Total Time Cost: 00006677 ms
Total Distance 80: 7 5 0 5 0 0 0 5 6 0 6 0 5 0 6 0 0 0 0 6 5 6 0 0 6 0 0 0 0 0 6 6
Last Time Cost: 00000009 ms
Total Time Cost: 00006686 ms
Total Distance 76: 6 5 0 4 0 0 0 5 6 0 6 0 5 0 6 0 0 0 0 6 5 5 0 0 5 0 0 0 0 0 6 6
Last Time Cost: 00000001 ms
Total Time Cost: 00006687 ms
Total Distance 73: 5 5 0 3 0 0 0 5 6 0 6 0 5 0 6 0 0 0 0 6 5 5 0 0 5 0 0 0 0 0 6 5
Last Time Cost: 00000001 ms
Total Time Cost: 00006688 ms
Total Distance 71: 5 5 0 2 0 0 0 5 6 0 6 0 5 0 6 0 0 0 0 5 5 5 0 0 5 0 0 0 0 0 6 5
Last Time Cost: 00000001 ms
Total Time Cost: 00006689 ms
Total Distance 69: 5 5 0 1 0 0 0 5 5 0 6 0 5 0 6 0 0 0 0 5 5 5 0 0 5 0 0 0 0 0 6 5
Last Time Cost: 00000001 ms
Total Time Cost: 00006690 ms
Total Distance 68: 5 5 0 0 0 0 0 5 5 0 6 0 5 0 6 0 0 0 0 5 5 5 0 0 5 0 0 0 0 0 6 5
Last Time Cost: 00000018 ms
Total Time Cost: 00006708 ms
Total Distance 66: 5 5 0 0 0 0 0 5 5 0 6 0 5 0 6 0 0 0 0 5 5 4 0 0 4 0 0 0 0 0 6 5
Last Time Cost: 00000001 ms
Total Time Cost: 00006709 ms
Total Distance 64: 5 5 0 0 0 0 0 5 5 0 6 0 5 0 6 0 0 0 0 5 5 4 0 0 3 0 0 0 0 0 5 5
Last Time Cost: 00000001 ms
Total Time Cost: 00006710 ms
Total Distance 63: 5 5 0 0 0 0 0 5 5 0 6 0 5 0 6 0 0 0 0 5 5 4 0 0 2 0 0 0 0 0 5 5
Last Time Cost: 00000001 ms
Total Time Cost: 00006711 ms
Total Distance 62: 5 5 0 0 0 0 0 5 5 0 6 0 5 0 6 0 0 0 0 5 5 4 0 0 1 0 0 0 0 0 5 5
Last Time Cost: 00000001 ms
Total Time Cost: 00006712 ms
Total Distance 61: 5 5 0 0 0 0 0 5 5 0 6 0 5 0 6 0 0 0 0 5 5 4 0 0 0 0 0 0 0 0 5 5
Last Time Cost: 00000001 ms
Total Time Cost: 00006713 ms
Total Distance 59: 5 5 0 0 0 0 0 5 5 0 6 0 5 0 6 0 0 0 0 4 5 3 0 0 0 0 0 0 0 0 5 5
Last Time Cost: 00000001 ms
Total Time Cost: 00006714 ms
Total Distance 58: 5 5 0 0 0 0 0 5 5 0 6 0 5 0 6 0 0 0 0 4 5 2 0 0 0 0 0 0 0 0 5 5
Last Time Cost: 00000001 ms
Total Time Cost: 00006715 ms
Total Distance 57: 5 5 0 0 0 0 0 5 5 0 6 0 5 0 6 0 0 0 0 4 5 1 0 0 0 0 0 0 0 0 5 5
Last Time Cost: 00000001 ms
Total Time Cost: 00006716 ms
Total Distance 56: 5 5 0 0 0 0 0 5 5 0 6 0 5 0 6 0 0 0 0 4 5 0 0 0 0 0 0 0 0 0 5 5
Last Time Cost: 00000001 ms
Total Time Cost: 00006717 ms
Total Distance 54: 5 5 0 0 0 0 0 5 5 0 6 0 5 0 5 0 0 0 0 3 5 0 0 0 0 0 0 0 0 0 5 5
Last Time Cost: 00000001 ms
Total Time Cost: 00006718 ms
Total Distance 52: 5 5 0 0 0 0 0 5 5 0 6 0 5 0 4 0 0 0 0 2 5 0 0 0 0 0 0 0 0 0 5 5
Last Time Cost: 00000001 ms
Total Time Cost: 00006719 ms
Total Distance 51: 5 5 0 0 0 0 0 5 5 0 6 0 5 0 4 0 0 0 0 1 5 0 0 0 0 0 0 0 0 0 5 5
Last Time Cost: 00000001 ms
Total Time Cost: 00006720 ms
Total Distance 50: 5 5 0 0 0 0 0 5 5 0 6 0 5 0 4 0 0 0 0 0 5 0 0 0 0 0 0 0 0 0 5 5
Last Time Cost: 00000001 ms
Total Time Cost: 00006721 ms
Total Distance 49: 5 5 0 0 0 0 0 5 5 0 6 0 5 0 3 0 0 0 0 0 5 0 0 0 0 0 0 0 0 0 5 5
Last Time Cost: 00000001 ms
Total Time Cost: 00006722 ms
Total Distance 48: 5 5 0 0 0 0 0 5 5 0 6 0 5 0 2 0 0 0 0 0 5 0 0 0 0 0 0 0 0 0 5 5
Last Time Cost: 00000001 ms
Total Time Cost: 00006723 ms
Total Distance 47: 5 5 0 0 0 0 0 5 5 0 6 0 5 0 1 0 0 0 0 0 5 0 0 0 0 0 0 0 0 0 5 5
Last Time Cost: 00000001 ms
Total Time Cost: 00006724 ms
Total Distance 46: 5 5 0 0 0 0 0 5 5 0 6 0 5 0 0 0 0 0 0 0 5 0 0 0 0 0 0 0 0 0 5 5
Last Time Cost: 00000023 ms
Total Time Cost: 00006747 ms
Total Distance 44: 5 5 0 0 0 0 0 5 4 0 6 0 5 0 0 0 0 0 0 0 4 0 0 0 0 0 0 0 0 0 5 5
Last Time Cost: 00000001 ms
Total Time Cost: 00006748 ms
Total Distance 43: 5 5 0 0 0 0 0 5 4 0 6 0 5 0 0 0 0 0 0 0 3 0 0 0 0 0 0 0 0 0 5 5
Last Time Cost: 00000001 ms
Total Time Cost: 00006749 ms
Total Distance 42: 5 5 0 0 0 0 0 5 4 0 6 0 5 0 0 0 0 0 0 0 2 0 0 0 0 0 0 0 0 0 5 5
Last Time Cost: 00000001 ms
Total Time Cost: 00006750 ms
Total Distance 41: 5 5 0 0 0 0 0 5 4 0 6 0 5 0 0 0 0 0 0 0 1 0 0 0 0 0 0 0 0 0 5 5
Last Time Cost: 00000001 ms
Total Time Cost: 00006751 ms
Total Distance 40: 5 5 0 0 0 0 0 5 4 0 6 0 5 0 0 0 0 0 0 0 0 0 0 0 0 0 0 0 0 0 5 5
Last Time Cost: 00000001 ms
Total Time Cost: 00006752 ms
Total Distance 39: 5 5 0 0 0 0 0 5 3 0 6 0 5 0 0 0 0 0 0 0 0 0 0 0 0 0 0 0 0 0 5 5
Last Time Cost: 00000001 ms
Total Time Cost: 00006753 ms
Total Distance 38: 5 5 0 0 0 0 0 5 2 0 6 0 5 0 0 0 0 0 0 0 0 0 0 0 0 0 0 0 0 0 5 5
Last Time Cost: 00000001 ms
Total Time Cost: 00006754 ms
Total Distance 37: 5 5 0 0 0 0 0 5 1 0 6 0 5 0 0 0 0 0 0 0 0 0 0 0 0 0 0 0 0 0 5 5
Last Time Cost: 00000001 ms
Total Time Cost: 00006755 ms
Total Distance 36: 5 5 0 0 0 0 0 5 0 0 6 0 5 0 0 0 0 0 0 0 0 0 0 0 0 0 0 0 0 0 5 5
Last Time Cost: 00000022 ms
Total Time Cost: 00006777 ms
Total Distance 34: 4 5 0 0 0 0 0 4 0 0 6 0 5 0 0 0 0 0 0 0 0 0 0 0 0 0 0 0 0 0 5 5
Last Time Cost: 00000001 ms
Total Time Cost: 00006778 ms
Total Distance 32: 4 5 0 0 0 0 0 3 0 0 5 0 5 0 0 0 0 0 0 0 0 0 0 0 0 0 0 0 0 0 5 5
Last Time Cost: 00000000 ms
Total Time Cost: 00006778 ms
Total Distance 31: 4 5 0 0 0 0 0 2 0 0 5 0 5 0 0 0 0 0 0 0 0 0 0 0 0 0 0 0 0 0 5 5
Last Time Cost: 00000000 ms
Total Time Cost: 00006778 ms
Total Distance 30: 4 5 0 0 0 0 0 1 0 0 5 0 5 0 0 0 0 0 0 0 0 0 0 0 0 0 0 0 0 0 5 5
Last Time Cost: 00000000 ms
Total Time Cost: 00006778 ms
Total Distance 29: 4 5 0 0 0 0 0 0 0 0 5 0 5 0 0 0 0 0 0 0 0 0 0 0 0 0 0 0 0 0 5 5
Last Time Cost: 00000000 ms
Total Time Cost: 00006778 ms
Total Distance 28: 3 5 0 0 0 0 0 0 0 0 5 0 5 0 0 0 0 0 0 0 0 0 0 0 0 0 0 0 0 0 5 5
Last Time Cost: 00000000 ms
Total Time Cost: 00006778 ms
Total Distance 27: 2 5 0 0 0 0 0 0 0 0 5 0 5 0 0 0 0 0 0 0 0 0 0 0 0 0 0 0 0 0 5 5
Last Time Cost: 00000000 ms
Total Time Cost: 00006778 ms
Total Distance 26: 1 5 0 0 0 0 0 0 0 0 5 0 5 0 0 0 0 0 0 0 0 0 0 0 0 0 0 0 0 0 5 5
Last Time Cost: 00000000 ms
Total Time Cost: 00006778 ms
Total Distance 25: 0 5 0 0 0 0 0 0 0 0 5 0 5 0 0 0 0 0 0 0 0 0 0 0 0 0 0 0 0 0 5 5
Last Time Cost: 00000022 ms
Total Time Cost: 00006800 ms
Total Distance 24: 0 5 0 0 0 0 0 0 0 0 4 0 5 0 0 0 0 0 0 0 0 0 0 0 0 0 0 0 0 0 5 5
Last Time Cost: 00000000 ms
Total Time Cost: 00006800 ms
Total Distance 23: 0 5 0 0 0 0 0 0 0 0 3 0 5 0 0 0 0 0 0 0 0 0 0 0 0 0 0 0 0 0 5 5
Last Time Cost: 00000000 ms
Total Time Cost: 00006800 ms
Total Distance 22: 0 5 0 0 0 0 0 0 0 0 2 0 5 0 0 0 0 0 0 0 0 0 0 0 0 0 0 0 0 0 5 5
Last Time Cost: 00000000 ms
Total Time Cost: 00006800 ms
Total Distance 21: 0 5 0 0 0 0 0 0 0 0 1 0 5 0 0 0 0 0 0 0 0 0 0 0 0 0 0 0 0 0 5 5
Last Time Cost: 00000000 ms
Total Time Cost: 00006800 ms
Total Distance 20: 0 5 0 0 0 0 0 0 0 0 0 0 5 0 0 0 0 0 0 0 0 0 0 0 0 0 0 0 0 0 5 5
Last Time Cost: 00000020 ms
Total Time Cost: 00006820 ms
Total Distance 19: 0 5 0 0 0 0 0 0 0 0 0 0 5 0 0 0 0 0 0 0 0 0 0 0 0 0 0 0 0 0 5 4
Last Time Cost: 00000000 ms
Total Time Cost: 00006820 ms
Total Distance 18: 0 5 0 0 0 0 0 0 0 0 0 0 5 0 0 0 0 0 0 0 0 0 0 0 0 0 0 0 0 0 5 3
Last Time Cost: 00000000 ms
Total Time Cost: 00006820 ms
Total Distance 17: 0 5 0 0 0 0 0 0 0 0 0 0 5 0 0 0 0 0 0 0 0 0 0 0 0 0 0 0 0 0 5 2
Last Time Cost: 00000000 ms
Total Time Cost: 00006820 ms
Total Distance 16: 0 5 0 0 0 0 0 0 0 0 0 0 5 0 0 0 0 0 0 0 0 0 0 0 0 0 0 0 0 0 5 1
Last Time Cost: 00000000 ms
Total Time Cost: 00006820 ms
Total Distance 15: 0 5 0 0 0 0 0 0 0 0 0 0 5 0 0 0 0 0 0 0 0 0 0 0 0 0 0 0 0 0 5 0
Last Time Cost: 00000018 ms
Total Time Cost: 00006838 ms
Total Distance 14: 0 5 0 0 0 0 0 0 0 0 0 0 5 0 0 0 0 0 0 0 0 0 0 0 0 0 0 0 0 0 4 0
Last Time Cost: 00000000 ms
Total Time Cost: 00006838 ms
Total Distance 13: 0 5 0 0 0 0 0 0 0 0 0 0 5 0 0 0 0 0 0 0 0 0 0 0 0 0 0 0 0 0 3 0
Last Time Cost: 00000000 ms
Total Time Cost: 00006838 ms
Total Distance 12: 0 5 0 0 0 0 0 0 0 0 0 0 5 0 0 0 0 0 0 0 0 0 0 0 0 0 0 0 0 0 2 0
Last Time Cost: 00000000 ms
Total Time Cost: 00006838 ms
Total Distance 11: 0 5 0 0 0 0 0 0 0 0 0 0 5 0 0 0 0 0 0 0 0 0 0 0 0 0 0 0 0 0 1 0
Last Time Cost: 00000000 ms
Total Time Cost: 00006838 ms
Total Distance 10: 0 5 0 0 0 0 0 0 0 0 0 0 5 0 0 0 0 0 0 0 0 0 0 0 0 0 0 0 0 0 0 0
Last Time Cost: 00000014 ms
Total Time Cost: 00006852 ms
Total Distance 9: 0 4 0 0 0 0 0 0 0 0 0 0 5 0 0 0 0 0 0 0 0 0 0 0 0 0 0 0 0 0 0 0
Last Time Cost: 00000000 ms
Total Time Cost: 00006852 ms
Total Distance 8: 0 3 0 0 0 0 0 0 0 0 0 0 5 0 0 0 0 0 0 0 0 0 0 0 0 0 0 0 0 0 0 0
Last Time Cost: 00000000 ms
Total Time Cost: 00006852 ms
Total Distance 7: 0 2 0 0 0 0 0 0 0 0 0 0 5 0 0 0 0 0 0 0 0 0 0 0 0 0 0 0 0 0 0 0
Last Time Cost: 00000000 ms
Total Time Cost: 00006852 ms
Total Distance 6: 0 1 0 0 0 0 0 0 0 0 0 0 5 0 0 0 0 0 0 0 0 0 0 0 0 0 0 0 0 0 0 0
Last Time Cost: 00000000 ms
Total Time Cost: 00006852 ms
Total Distance 5: 0 0 0 0 0 0 0 0 0 0 0 0 5 0 0 0 0 0 0 0 0 0 0 0 0 0 0 0 0 0 0 0
Last Time Cost: 00000007 ms
Total Time Cost: 00006859 ms
Total Distance 4: 0 0 0 0 0 0 0 0 0 0 0 0 4 0 0 0 0 0 0 0 0 0 0 0 0 0 0 0 0 0 0 0
Last Time Cost: 00000000 ms
Total Time Cost: 00006859 ms
Total Distance 3: 0 0 0 0 0 0 0 0 0 0 0 0 3 0 0 0 0 0 0 0 0 0 0 0 0 0 0 0 0 0 0 0
Last Time Cost: 00000000 ms
Total Time Cost: 00006859 ms
Total Distance 2: 0 0 0 0 0 0 0 0 0 0 0 0 2 0 0 0 0 0 0 0 0 0 0 0 0 0 0 0 0 0 0 0
Last Time Cost: 00000000 ms
Total Time Cost: 00006859 ms
Total Distance 1: 0 0 0 0 0 0 0 0 0 0 0 0 1 0 0 0 0 0 0 0 0 0 0 0 0 0 0 0 0 0 0 0
Last Time Cost: 00000000 ms
Total Time Cost: 00006859 ms
Total Distance 0: 0 0 0 0 0 0 0 0 0 0 0 0 0 0 0 0 0 0 0 0 0 0 0 0 0 0 0 0 0 0 0 0
