Last Time Cost: 00000000 ms
Total Time Cost: 00000000 ms
Total Distance 188: 4 5 6 5 4 4 6 5 4 4 4 5 6 5 4 4 6 5 4 4 4 5 6 5 4 4 6 5 4 4 4 5 6 5 4 4 6 5 4 4
Last Time Cost: 00000002 ms
Total Time Cost: 00000002 ms
Total Distance 182: 4 5 5 5 4 4 5 5 4 3 4 5 5 5 4 4 5 5 4 3 4 5 6 5 4 4 6 5 4 4 4 5 6 5 4 4 6 5 4 4
Last Time Cost: 00000002 ms
Total Time Cost: 00000004 ms
Total Distance 179: 4 5 5 5 4 4 5 5 4 2 4 5 5 5 4 4 5 5 3 3 4 5 6 5 4 4 6 4 4 4 4 5 6 5 4 4 6 5 4 4
Last Time Cost: 00000002 ms
Total Time Cost: 00000006 ms
Total Distance 178: 4 5 5 5 4 4 5 5 4 1 4 5 5 5 4 4 5 5 3 3 4 5 6 5 4 4 6 4 4 4 4 5 6 5 4 4 6 5 4 4
Last Time Cost: 00000001 ms
Total Time Cost: 00000007 ms
Total Distance 177: 4 5 5 5 4 4 5 5 4 0 4 5 5 5 4 4 5 5 3 3 4 5 6 5 4 4 6 4 4 4 4 5 6 5 4 4 6 5 4 4
Last Time Cost: 00000001 ms
Total Time Cost: 00000008 ms
Total Distance 174: 4 5 5 5 4 4 5 5 3 0 4 5 5 5 4 4 5 5 3 2 4 5 6 5 4 4 6 4 4 4 4 5 6 5 4 4 6 4 4 4
Last Time Cost: 00000002 ms
Total Time Cost: 00000010 ms
Total Distance 173: 4 5 5 5 4 4 5 5 3 0 4 5 5 5 4 4 5 5 3 1 4 5 6 5 4 4 6 4 4 4 4 5 6 5 4 4 6 4 4 4
Last Time Cost: 00000001 ms
Total Time Cost: 00000011 ms
Total Distance 172: 4 5 5 5 4 4 5 5 3 0 4 5 5 5 4 4 5 5 3 0 4 5 6 5 4 4 6 4 4 4 4 5 6 5 4 4 6 4 4 4
Last Time Cost: 00000002 ms
Total Time Cost: 00000013 ms
Total Distance 170: 4 5 5 5 4 4 5 4 3 0 4 5 5 5 4 4 5 5 2 0 4 5 6 5 4 4 6 4 4 4 4 5 6 5 4 4 6 4 4 4
Last Time Cost: 00000001 ms
Total Time Cost: 00000014 ms
Total Distance 169: 4 5 5 5 4 4 5 4 3 0 4 5 5 5 4 4 5 5 1 0 4 5 6 5 4 4 6 4 4 4 4 5 6 5 4 4 6 4 4 4
Last Time Cost: 00000001 ms
Total Time Cost: 00000015 ms
Total Distance 168: 4 5 5 5 4 4 5 4 3 0 4 5 5 5 4 4 5 5 0 0 4 5 6 5 4 4 6 4 4 4 4 5 6 5 4 4 6 4 4 4
Last Time Cost: 00000001 ms
Total Time Cost: 00000016 ms
Total Distance 166: 4 5 5 5 4 4 5 4 2 0 4 5 5 5 4 4 5 5 0 0 4 5 6 5 4 4 6 3 4 4 4 5 6 5 4 4 6 4 4 4
Last Time Cost: 00000001 ms
Total Time Cost: 00000017 ms
Total Distance 165: 4 5 5 5 4 4 5 4 1 0 4 5 5 5 4 4 5 5 0 0 4 5 6 5 4 4 6 3 4 4 4 5 6 5 4 4 6 4 4 4
Last Time Cost: 00000001 ms
Total Time Cost: 00000018 ms
Total Distance 164: 4 5 5 5 4 4 5 4 0 0 4 5 5 5 4 4 5 5 0 0 4 5 6 5 4 4 6 3 4 4 4 5 6 5 4 4 6 4 4 4
Last Time Cost: 00000002 ms
Total Time Cost: 00000020 ms
Total Distance 162: 4 5 5 5 4 4 5 4 0 0 4 5 5 5 4 4 5 5 0 0 4 5 6 5 4 4 6 2 4 4 4 5 6 5 4 4 6 4 3 4
Last Time Cost: 00000002 ms
Total Time Cost: 00000022 ms
Total Distance 161: 4 5 5 5 4 4 5 4 0 0 4 5 5 5 4 4 5 5 0 0 4 5 6 5 4 4 6 1 4 4 4 5 6 5 4 4 6 4 3 4
Last Time Cost: 00000002 ms
Total Time Cost: 00000024 ms
Total Distance 160: 4 5 5 5 4 4 5 4 0 0 4 5 5 5 4 4 5 5 0 0 4 5 6 5 4 4 6 0 4 4 4 5 6 5 4 4 6 4 3 4
Last Time Cost: 00000002 ms
Total Time Cost: 00000026 ms
Total Distance 159: 4 5 5 5 4 4 5 4 0 0 4 5 5 5 4 4 5 5 0 0 4 5 6 5 4 4 6 0 4 4 4 5 6 5 4 4 6 4 2 4
Last Time Cost: 00000002 ms
Total Time Cost: 00000028 ms
Total Distance 158: 4 5 5 5 4 4 5 4 0 0 4 5 5 5 4 4 5 5 0 0 4 5 6 5 4 4 6 0 4 4 4 5 6 5 4 4 6 4 1 4
Last Time Cost: 00000002 ms
Total Time Cost: 00000030 ms
Total Distance 157: 4 5 5 5 4 4 5 4 0 0 4 5 5 5 4 4 5 5 0 0 4 5 6 5 4 4 6 0 4 4 4 5 6 5 4 4 6 4 0 4
Last Time Cost: 00000003 ms
Total Time Cost: 00000033 ms
Total Distance 151: 4 5 5 5 4 4 5 4 0 0 4 5 5 5 4 4 5 5 0 0 4 5 5 5 4 4 5 0 4 3 4 5 5 5 4 4 5 4 0 3
Last Time Cost: 00000001 ms
Total Time Cost: 00000034 ms
Total Distance 148: 4 5 5 5 4 4 5 4 0 0 4 5 5 5 4 4 5 4 0 0 4 5 5 5 4 4 5 0 3 3 4 5 5 5 4 4 5 4 0 2
Last Time Cost: 00000001 ms
Total Time Cost: 00000035 ms
Total Distance 147: 4 5 5 5 4 4 5 4 0 0 4 5 5 5 4 4 5 4 0 0 4 5 5 5 4 4 5 0 3 3 4 5 5 5 4 4 5 4 0 1
Last Time Cost: 00000000 ms
Total Time Cost: 00000035 ms
Total Distance 146: 4 5 5 5 4 4 5 4 0 0 4 5 5 5 4 4 5 4 0 0 4 5 5 5 4 4 5 0 3 3 4 5 5 5 4 4 5 4 0 0
Last Time Cost: 00000001 ms
Total Time Cost: 00000036 ms
Total Distance 144: 4 5 5 5 4 4 5 3 0 0 4 5 5 5 4 4 5 4 0 0 4 5 5 5 4 4 5 0 3 2 4 5 5 5 4 4 5 4 0 0
Last Time Cost: 00000000 ms
Total Time Cost: 00000036 ms
Total Distance 143: 4 5 5 5 4 4 5 3 0 0 4 5 5 5 4 4 5 4 0 0 4 5 5 5 4 4 5 0 3 1 4 5 5 5 4 4 5 4 0 0
Last Time Cost: 00000000 ms
Total Time Cost: 00000036 ms
Total Distance 142: 4 5 5 5 4 4 5 3 0 0 4 5 5 5 4 4 5 4 0 0 4 5 5 5 4 4 5 0 3 0 4 5 5 5 4 4 5 4 0 0
Last Time Cost: 00000001 ms
Total Time Cost: 00000037 ms
Total Distance 140: 4 5 5 5 4 4 5 2 0 0 4 5 5 5 4 4 4 4 0 0 4 5 5 5 4 4 5 0 3 0 4 5 5 5 4 4 5 4 0 0
Last Time Cost: 00000000 ms
Total Time Cost: 00000037 ms
Total Distance 139: 4 5 5 5 4 4 5 1 0 0 4 5 5 5 4 4 4 4 0 0 4 5 5 5 4 4 5 0 3 0 4 5 5 5 4 4 5 4 0 0
Last Time Cost: 00000001 ms
Total Time Cost: 00000038 ms
Total Distance 138: 4 5 5 5 4 4 5 0 0 0 4 5 5 5 4 4 4 4 0 0 4 5 5 5 4 4 5 0 3 0 4 5 5 5 4 4 5 4 0 0
Last Time Cost: 00000001 ms
Total Time Cost: 00000039 ms
Total Distance 137: 4 5 5 5 4 4 5 0 0 0 4 5 5 5 4 4 4 4 0 0 4 5 5 5 4 4 5 0 2 0 4 5 5 5 4 4 5 4 0 0
Last Time Cost: 00000000 ms
Total Time Cost: 00000039 ms
Total Distance 136: 4 5 5 5 4 4 5 0 0 0 4 5 5 5 4 4 4 4 0 0 4 5 5 5 4 4 5 0 1 0 4 5 5 5 4 4 5 4 0 0
Last Time Cost: 00000000 ms
Total Time Cost: 00000039 ms
Total Distance 135: 4 5 5 5 4 4 5 0 0 0 4 5 5 5 4 4 4 4 0 0 4 5 5 5 4 4 5 0 0 0 4 5 5 5 4 4 5 4 0 0
Last Time Cost: 00000002 ms
Total Time Cost: 00000041 ms
Total Distance 132: 3 5 5 5 4 4 5 0 0 0 3 5 5 5 4 4 4 4 0 0 4 4 5 5 4 4 5 0 0 0 4 5 5 5 4 4 5 4 0 0
Last Time Cost: 00000001 ms
Total Time Cost: 00000042 ms
Total Distance 130: 2 5 5 5 4 4 5 0 0 0 2 5 5 5 4 4 4 4 0 0 4 4 5 5 4 4 5 0 0 0 4 5 5 5 4 4 5 4 0 0
Last Time Cost: 00000001 ms
Total Time Cost: 00000043 ms
Total Distance 129: 1 5 5 5 4 4 5 0 0 0 2 5 5 5 4 4 4 4 0 0 4 4 5 5 4 4 5 0 0 0 4 5 5 5 4 4 5 4 0 0
Last Time Cost: 00000001 ms
Total Time Cost: 00000044 ms
Total Distance 128: 0 5 5 5 4 4 5 0 0 0 2 5 5 5 4 4 4 4 0 0 4 4 5 5 4 4 5 0 0 0 4 5 5 5 4 4 5 4 0 0
Last Time Cost: 00000001 ms
Total Time Cost: 00000045 ms
Total Distance 127: 0 5 5 5 4 4 5 0 0 0 1 5 5 5 4 4 4 4 0 0 4 4 5 5 4 4 5 0 0 0 4 5 5 5 4 4 5 4 0 0
Last Time Cost: 00000000 ms
Total Time Cost: 00000045 ms
Total Distance 126: 0 5 5 5 4 4 5 0 0 0 0 5 5 5 4 4 4 4 0 0 4 4 5 5 4 4 5 0 0 0 4 5 5 5 4 4 5 4 0 0
Last Time Cost: 00000003 ms
Total Time Cost: 00000048 ms
Total Distance 124: 0 5 5 5 4 3 5 0 0 0 0 5 5 5 4 4 3 4 0 0 4 4 5 5 4 4 5 0 0 0 4 5 5 5 4 4 5 4 0 0
Last Time Cost: 00000001 ms
Total Time Cost: 00000049 ms
Total Distance 122: 0 5 5 5 4 2 5 0 0 0 0 5 5 5 3 4 3 4 0 0 4 4 5 5 4 4 5 0 0 0 4 5 5 5 4 4 5 4 0 0
Last Time Cost: 00000000 ms
Total Time Cost: 00000049 ms
Total Distance 121: 0 5 5 5 4 1 5 0 0 0 0 5 5 5 3 4 3 4 0 0 4 4 5 5 4 4 5 0 0 0 4 5 5 5 4 4 5 4 0 0
Last Time Cost: 00000000 ms
Total Time Cost: 00000049 ms
Total Distance 120: 0 5 5 5 4 0 5 0 0 0 0 5 5 5 3 4 3 4 0 0 4 4 5 5 4 4 5 0 0 0 4 5 5 5 4 4 5 4 0 0
Last Time Cost: 00000001 ms
Total Time Cost: 00000050 ms
Total Distance 118: 0 5 5 4 4 0 5 0 0 0 0 5 5 5 2 4 3 4 0 0 4 4 5 5 4 4 5 0 0 0 4 5 5 5 4 4 5 4 0 0
Last Time Cost: 00000000 ms
Total Time Cost: 00000050 ms
Total Distance 117: 0 5 5 4 4 0 5 0 0 0 0 5 5 5 1 4 3 4 0 0 4 4 5 5 4 4 5 0 0 0 4 5 5 5 4 4 5 4 0 0
Last Time Cost: 00000000 ms
Total Time Cost: 00000050 ms
Total Distance 116: 0 5 5 4 4 0 5 0 0 0 0 5 5 5 0 4 3 4 0 0 4 4 5 5 4 4 5 0 0 0 4 5 5 5 4 4 5 4 0 0
Last Time Cost: 00000001 ms
Total Time Cost: 00000051 ms
Total Distance 114: 0 5 5 4 4 0 4 0 0 0 0 5 5 5 0 4 2 4 0 0 4 4 5 5 4 4 5 0 0 0 4 5 5 5 4 4 5 4 0 0
Last Time Cost: 00000000 ms
Total Time Cost: 00000051 ms
Total Distance 113: 0 5 5 4 4 0 4 0 0 0 0 5 5 5 0 4 1 4 0 0 4 4 5 5 4 4 5 0 0 0 4 5 5 5 4 4 5 4 0 0
Last Time Cost: 00000001 ms
Total Time Cost: 00000052 ms
Total Distance 112: 0 5 5 4 4 0 4 0 0 0 0 5 5 5 0 4 0 4 0 0 4 4 5 5 4 4 5 0 0 0 4 5 5 5 4 4 5 4 0 0
Last Time Cost: 00000003 ms
Total Time Cost: 00000055 ms
Total Distance 109: 0 5 5 4 4 0 4 0 0 0 0 5 5 5 0 3 0 4 0 0 4 4 5 5 3 4 5 0 0 0 4 5 5 5 3 4 5 4 0 0
Last Time Cost: 00000001 ms
Total Time Cost: 00000056 ms
Total Distance 107: 0 5 5 4 4 0 4 0 0 0 0 5 5 5 0 2 0 4 0 0 4 4 5 5 3 4 5 0 0 0 4 5 5 5 2 4 5 4 0 0
Last Time Cost: 00000001 ms
Total Time Cost: 00000057 ms
Total Distance 105: 0 5 5 4 4 0 4 0 0 0 0 5 5 4 0 2 0 4 0 0 4 4 5 5 3 4 5 0 0 0 4 5 5 5 1 4 5 4 0 0
Last Time Cost: 00000001 ms
Total Time Cost: 00000058 ms
Total Distance 104: 0 5 5 4 4 0 4 0 0 0 0 5 5 4 0 2 0 4 0 0 4 4 5 5 3 4 5 0 0 0 4 5 5 5 0 4 5 4 0 0
Last Time Cost: 00000001 ms
Total Time Cost: 00000059 ms
Total Distance 103: 0 5 5 4 4 0 4 0 0 0 0 5 5 4 0 1 0 4 0 0 4 4 5 5 3 4 5 0 0 0 4 5 5 5 0 4 5 4 0 0
Last Time Cost: 00000000 ms
Total Time Cost: 00000059 ms
Total Distance 102: 0 5 5 4 4 0 4 0 0 0 0 5 5 4 0 0 0 4 0 0 4 4 5 5 3 4 5 0 0 0 4 5 5 5 0 4 5 4 0 0
Last Time Cost: 00000001 ms
Total Time Cost: 00000060 ms
Total Distance 100: 0 5 5 4 4 0 4 0 0 0 0 5 5 4 0 0 0 4 0 0 4 4 5 5 2 4 5 0 0 0 4 5 5 4 0 4 5 4 0 0
Last Time Cost: 00000000 ms
Total Time Cost: 00000060 ms
Total Distance 99: 0 5 5 4 4 0 4 0 0 0 0 5 5 4 0 0 0 4 0 0 4 4 5 5 1 4 5 0 0 0 4 5 5 4 0 4 5 4 0 0
Last Time Cost: 00000000 ms
Total Time Cost: 00000060 ms
Total Distance 98: 0 5 5 4 4 0 4 0 0 0 0 5 5 4 0 0 0 4 0 0 4 4 5 5 0 4 5 0 0 0 4 5 5 4 0 4 5 4 0 0
Last Time Cost: 00000003 ms
Total Time Cost: 00000063 ms
Total Distance 95: 0 5 5 4 4 0 3 0 0 0 0 5 5 4 0 0 0 4 0 0 4 4 5 5 0 3 5 0 0 0 4 5 5 4 0 3 5 4 0 0
Last Time Cost: 00000001 ms
Total Time Cost: 00000064 ms
Total Distance 92: 0 5 5 4 4 0 2 0 0 0 0 5 5 4 0 0 0 4 0 0 4 4 5 5 0 2 5 0 0 0 4 5 5 4 0 2 5 4 0 0
Last Time Cost: 00000001 ms
Total Time Cost: 00000065 ms
Total Distance 90: 0 5 5 4 3 0 2 0 0 0 0 5 5 4 0 0 0 4 0 0 4 4 5 5 0 1 5 0 0 0 4 5 5 4 0 2 5 4 0 0
Last Time Cost: 00000000 ms
Total Time Cost: 00000065 ms
Total Distance 89: 0 5 5 4 3 0 2 0 0 0 0 5 5 4 0 0 0 4 0 0 4 4 5 5 0 0 5 0 0 0 4 5 5 4 0 2 5 4 0 0
Last Time Cost: 00000001 ms
Total Time Cost: 00000066 ms
Total Distance 88: 0 5 5 4 3 0 2 0 0 0 0 5 5 4 0 0 0 4 0 0 4 4 5 5 0 0 5 0 0 0 4 5 5 4 0 1 5 4 0 0
Last Time Cost: 00000000 ms
Total Time Cost: 00000066 ms
Total Distance 87: 0 5 5 4 3 0 2 0 0 0 0 5 5 4 0 0 0 4 0 0 4 4 5 5 0 0 5 0 0 0 4 5 5 4 0 0 5 4 0 0
Last Time Cost: 00000001 ms
Total Time Cost: 00000067 ms
Total Distance 86: 0 5 5 4 3 0 1 0 0 0 0 5 5 4 0 0 0 4 0 0 4 4 5 5 0 0 5 0 0 0 4 5 5 4 0 0 5 4 0 0
Last Time Cost: 00000001 ms
Total Time Cost: 00000068 ms
Total Distance 85: 0 5 5 4 3 0 0 0 0 0 0 5 5 4 0 0 0 4 0 0 4 4 5 5 0 0 5 0 0 0 4 5 5 4 0 0 5 4 0 0
Last Time Cost: 00000001 ms
Total Time Cost: 00000069 ms
Total Distance 83: 0 5 5 4 2 0 0 0 0 0 0 5 5 4 0 0 0 4 0 0 4 4 5 4 0 0 5 0 0 0 4 5 5 4 0 0 5 4 0 0
Last Time Cost: 00000001 ms
Total Time Cost: 00000070 ms
Total Distance 82: 0 5 5 4 1 0 0 0 0 0 0 5 5 4 0 0 0 4 0 0 4 4 5 4 0 0 5 0 0 0 4 5 5 4 0 0 5 4 0 0
Last Time Cost: 00000001 ms
Total Time Cost: 00000071 ms
Total Distance 81: 0 5 5 4 0 0 0 0 0 0 0 5 5 4 0 0 0 4 0 0 4 4 5 4 0 0 5 0 0 0 4 5 5 4 0 0 5 4 0 0
Last Time Cost: 00000003 ms
Total Time Cost: 00000074 ms
Total Distance 79: 0 5 5 4 0 0 0 0 0 0 0 5 5 4 0 0 0 4 0 0 3 4 5 4 0 0 5 0 0 0 3 5 5 4 0 0 5 4 0 0
Last Time Cost: 00000001 ms
Total Time Cost: 00000075 ms
Total Distance 78: 0 5 5 4 0 0 0 0 0 0 0 5 5 4 0 0 0 4 0 0 2 4 5 4 0 0 5 0 0 0 3 5 5 4 0 0 5 4 0 0
Last Time Cost: 00000001 ms
Total Time Cost: 00000076 ms
Total Distance 77: 0 5 5 4 0 0 0 0 0 0 0 5 5 4 0 0 0 4 0 0 1 4 5 4 0 0 5 0 0 0 3 5 5 4 0 0 5 4 0 0
Last Time Cost: 00000000 ms
Total Time Cost: 00000076 ms
Total Distance 76: 0 5 5 4 0 0 0 0 0 0 0 5 5 4 0 0 0 4 0 0 0 4 5 4 0 0 5 0 0 0 3 5 5 4 0 0 5 4 0 0
Last Time Cost: 00000001 ms
Total Time Cost: 00000077 ms
Total Distance 74: 0 5 5 4 0 0 0 0 0 0 0 5 5 4 0 0 0 4 0 0 0 4 5 4 0 0 5 0 0 0 2 4 5 4 0 0 5 4 0 0
Last Time Cost: 00000001 ms
Total Time Cost: 00000078 ms
Total Distance 73: 0 5 5 4 0 0 0 0 0 0 0 5 5 4 0 0 0 4 0 0 0 4 5 4 0 0 5 0 0 0 1 4 5 4 0 0 5 4 0 0
Last Time Cost: 00000001 ms
Total Time Cost: 00000079 ms
Total Distance 72: 0 5 5 4 0 0 0 0 0 0 0 5 5 4 0 0 0 4 0 0 0 4 5 4 0 0 5 0 0 0 0 4 5 4 0 0 5 4 0 0
Last Time Cost: 00000004 ms
Total Time Cost: 00000083 ms
Total Distance 69: 0 5 4 4 0 0 0 0 0 0 0 5 5 4 0 0 0 4 0 0 0 3 5 4 0 0 5 0 0 0 0 3 5 4 0 0 5 4 0 0
Last Time Cost: 00000001 ms
Total Time Cost: 00000084 ms
Total Distance 67: 0 5 4 4 0 0 0 0 0 0 0 5 5 4 0 0 0 4 0 0 0 2 5 4 0 0 5 0 0 0 0 2 5 4 0 0 5 4 0 0
Last Time Cost: 00000001 ms
Total Time Cost: 00000085 ms
Total Distance 66: 0 5 4 4 0 0 0 0 0 0 0 5 5 4 0 0 0 4 0 0 0 1 5 4 0 0 5 0 0 0 0 2 5 4 0 0 5 4 0 0
Last Time Cost: 00000001 ms
Total Time Cost: 00000086 ms
Total Distance 65: 0 5 4 4 0 0 0 0 0 0 0 5 5 4 0 0 0 4 0 0 0 0 5 4 0 0 5 0 0 0 0 2 5 4 0 0 5 4 0 0
Last Time Cost: 00000001 ms
Total Time Cost: 00000087 ms
Total Distance 64: 0 5 4 4 0 0 0 0 0 0 0 5 5 4 0 0 0 4 0 0 0 0 5 4 0 0 5 0 0 0 0 1 5 4 0 0 5 4 0 0
Last Time Cost: 00000000 ms
Total Time Cost: 00000087 ms
Total Distance 63: 0 5 4 4 0 0 0 0 0 0 0 5 5 4 0 0 0 4 0 0 0 0 5 4 0 0 5 0 0 0 0 0 5 4 0 0 5 4 0 0
Last Time Cost: 00000004 ms
Total Time Cost: 00000091 ms
Total Distance 61: 0 5 3 4 0 0 0 0 0 0 0 5 5 4 0 0 0 4 0 0 0 0 5 3 0 0 5 0 0 0 0 0 5 4 0 0 5 4 0 0
Last Time Cost: 00000001 ms
Total Time Cost: 00000092 ms
Total Distance 59: 0 5 2 4 0 0 0 0 0 0 0 5 4 4 0 0 0 4 0 0 0 0 5 3 0 0 5 0 0 0 0 0 5 4 0 0 5 4 0 0
Last Time Cost: 00000001 ms
Total Time Cost: 00000093 ms
Total Distance 58: 0 5 1 4 0 0 0 0 0 0 0 5 4 4 0 0 0 4 0 0 0 0 5 3 0 0 5 0 0 0 0 0 5 4 0 0 5 4 0 0
Last Time Cost: 00000000 ms
Total Time Cost: 00000093 ms
Total Distance 57: 0 5 0 4 0 0 0 0 0 0 0 5 4 4 0 0 0 4 0 0 0 0 5 3 0 0 5 0 0 0 0 0 5 4 0 0 5 4 0 0
Last Time Cost: 00000001 ms
Total Time Cost: 00000094 ms
Total Distance 56: 0 5 0 4 0 0 0 0 0 0 0 5 4 4 0 0 0 4 0 0 0 0 5 2 0 0 5 0 0 0 0 0 5 4 0 0 5 4 0 0
Last Time Cost: 00000001 ms
Total Time Cost: 00000095 ms
Total Distance 55: 0 5 0 4 0 0 0 0 0 0 0 5 4 4 0 0 0 4 0 0 0 0 5 1 0 0 5 0 0 0 0 0 5 4 0 0 5 4 0 0
Last Time Cost: 00000000 ms
Total Time Cost: 00000095 ms
Total Distance 54: 0 5 0 4 0 0 0 0 0 0 0 5 4 4 0 0 0 4 0 0 0 0 5 0 0 0 5 0 0 0 0 0 5 4 0 0 5 4 0 0
Last Time Cost: 00000004 ms
Total Time Cost: 00000099 ms
Total Distance 51: 0 4 0 4 0 0 0 0 0 0 0 4 3 4 0 0 0 4 0 0 0 0 5 0 0 0 5 0 0 0 0 0 5 4 0 0 5 4 0 0
Last Time Cost: 00000001 ms
Total Time Cost: 00000100 ms
Total Distance 49: 0 3 0 4 0 0 0 0 0 0 0 4 2 4 0 0 0 4 0 0 0 0 5 0 0 0 5 0 0 0 0 0 5 4 0 0 5 4 0 0
Last Time Cost: 00000001 ms
Total Time Cost: 00000101 ms
Total Distance 48: 0 3 0 4 0 0 0 0 0 0 0 4 1 4 0 0 0 4 0 0 0 0 5 0 0 0 5 0 0 0 0 0 5 4 0 0 5 4 0 0
Last Time Cost: 00000000 ms
Total Time Cost: 00000101 ms
Total Distance 47: 0 3 0 4 0 0 0 0 0 0 0 4 0 4 0 0 0 4 0 0 0 0 5 0 0 0 5 0 0 0 0 0 5 4 0 0 5 4 0 0
Last Time Cost: 00000001 ms
Total Time Cost: 00000102 ms
Total Distance 45: 0 2 0 4 0 0 0 0 0 0 0 3 0 4 0 0 0 4 0 0 0 0 5 0 0 0 5 0 0 0 0 0 5 4 0 0 5 4 0 0
Last Time Cost: 00000001 ms
Total Time Cost: 00000103 ms
Total Distance 43: 0 1 0 4 0 0 0 0 0 0 0 2 0 4 0 0 0 4 0 0 0 0 5 0 0 0 5 0 0 0 0 0 5 4 0 0 5 4 0 0
Last Time Cost: 00000000 ms
Total Time Cost: 00000103 ms
Total Distance 42: 0 0 0 4 0 0 0 0 0 0 0 2 0 4 0 0 0 4 0 0 0 0 5 0 0 0 5 0 0 0 0 0 5 4 0 0 5 4 0 0
Last Time Cost: 00000001 ms
Total Time Cost: 00000104 ms
Total Distance 41: 0 0 0 4 0 0 0 0 0 0 0 1 0 4 0 0 0 4 0 0 0 0 5 0 0 0 5 0 0 0 0 0 5 4 0 0 5 4 0 0
Last Time Cost: 00000001 ms
Total Time Cost: 00000105 ms
Total Distance 40: 0 0 0 4 0 0 0 0 0 0 0 0 0 4 0 0 0 4 0 0 0 0 5 0 0 0 5 0 0 0 0 0 5 4 0 0 5 4 0 0
Last Time Cost: 00000003 ms
Total Time Cost: 00000108 ms
Total Distance 37: 0 0 0 4 0 0 0 0 0 0 0 0 0 4 0 0 0 4 0 0 0 0 4 0 0 0 5 0 0 0 0 0 4 3 0 0 5 4 0 0
Last Time Cost: 00000001 ms
Total Time Cost: 00000109 ms
Total Distance 36: 0 0 0 4 0 0 0 0 0 0 0 0 0 4 0 0 0 4 0 0 0 0 4 0 0 0 5 0 0 0 0 0 4 2 0 0 5 4 0 0
Last Time Cost: 00000001 ms
Total Time Cost: 00000110 ms
Total Distance 35: 0 0 0 4 0 0 0 0 0 0 0 0 0 4 0 0 0 4 0 0 0 0 4 0 0 0 5 0 0 0 0 0 4 1 0 0 5 4 0 0
Last Time Cost: 00000000 ms
Total Time Cost: 00000110 ms
Total Distance 34: 0 0 0 4 0 0 0 0 0 0 0 0 0 4 0 0 0 4 0 0 0 0 4 0 0 0 5 0 0 0 0 0 4 0 0 0 5 4 0 0
Last Time Cost: 00000004 ms
Total Time Cost: 00000114 ms
Total Distance 32: 0 0 0 4 0 0 0 0 0 0 0 0 0 4 0 0 0 4 0 0 0 0 3 0 0 0 5 0 0 0 0 0 3 0 0 0 5 4 0 0
Last Time Cost: 00000001 ms
Total Time Cost: 00000115 ms
Total Distance 31: 0 0 0 4 0 0 0 0 0 0 0 0 0 4 0 0 0 4 0 0 0 0 3 0 0 0 5 0 0 0 0 0 2 0 0 0 5 4 0 0
Last Time Cost: 00000001 ms
Total Time Cost: 00000116 ms
Total Distance 30: 0 0 0 4 0 0 0 0 0 0 0 0 0 4 0 0 0 4 0 0 0 0 3 0 0 0 5 0 0 0 0 0 1 0 0 0 5 4 0 0
Last Time Cost: 00000000 ms
Total Time Cost: 00000116 ms
Total Distance 29: 0 0 0 4 0 0 0 0 0 0 0 0 0 4 0 0 0 4 0 0 0 0 3 0 0 0 5 0 0 0 0 0 0 0 0 0 5 4 0 0
Last Time Cost: 00000001 ms
Total Time Cost: 00000117 ms
Total Distance 28: 0 0 0 4 0 0 0 0 0 0 0 0 0 4 0 0 0 4 0 0 0 0 2 0 0 0 5 0 0 0 0 0 0 0 0 0 5 4 0 0
Last Time Cost: 00000001 ms
Total Time Cost: 00000118 ms
Total Distance 27: 0 0 0 4 0 0 0 0 0 0 0 0 0 4 0 0 0 4 0 0 0 0 1 0 0 0 5 0 0 0 0 0 0 0 0 0 5 4 0 0
Last Time Cost: 00000001 ms
Total Time Cost: 00000119 ms
Total Distance 26: 0 0 0 4 0 0 0 0 0 0 0 0 0 4 0 0 0 4 0 0 0 0 0 0 0 0 5 0 0 0 0 0 0 0 0 0 5 4 0 0
Last Time Cost: 00000003 ms
Total Time Cost: 00000122 ms
Total Distance 24: 0 0 0 4 0 0 0 0 0 0 0 0 0 4 0 0 0 4 0 0 0 0 0 0 0 0 4 0 0 0 0 0 0 0 0 0 5 3 0 0
Last Time Cost: 00000001 ms
Total Time Cost: 00000123 ms
Total Distance 23: 0 0 0 4 0 0 0 0 0 0 0 0 0 4 0 0 0 4 0 0 0 0 0 0 0 0 4 0 0 0 0 0 0 0 0 0 5 2 0 0
Last Time Cost: 00000001 ms
Total Time Cost: 00000124 ms
Total Distance 22: 0 0 0 4 0 0 0 0 0 0 0 0 0 4 0 0 0 4 0 0 0 0 0 0 0 0 4 0 0 0 0 0 0 0 0 0 5 1 0 0
Last Time Cost: 00000001 ms
Total Time Cost: 00000125 ms
Total Distance 21: 0 0 0 4 0 0 0 0 0 0 0 0 0 4 0 0 0 4 0 0 0 0 0 0 0 0 4 0 0 0 0 0 0 0 0 0 5 0 0 0
Last Time Cost: 00000002 ms
Total Time Cost: 00000127 ms
Total Distance 19: 0 0 0 4 0 0 0 0 0 0 0 0 0 4 0 0 0 4 0 0 0 0 0 0 0 0 3 0 0 0 0 0 0 0 0 0 4 0 0 0
Last Time Cost: 00000001 ms
Total Time Cost: 00000128 ms
Total Distance 17: 0 0 0 4 0 0 0 0 0 0 0 0 0 4 0 0 0 4 0 0 0 0 0 0 0 0 2 0 0 0 0 0 0 0 0 0 3 0 0 0
Last Time Cost: 00000001 ms
Total Time Cost: 00000129 ms
Total Distance 16: 0 0 0 4 0 0 0 0 0 0 0 0 0 4 0 0 0 4 0 0 0 0 0 0 0 0 1 0 0 0 0 0 0 0 0 0 3 0 0 0
Last Time Cost: 00000000 ms
Total Time Cost: 00000129 ms
Total Distance 15: 0 0 0 4 0 0 0 0 0 0 0 0 0 4 0 0 0 4 0 0 0 0 0 0 0 0 0 0 0 0 0 0 0 0 0 0 3 0 0 0
Last Time Cost: 00000002 ms
Total Time Cost: 00000131 ms
Total Distance 14: 0 0 0 4 0 0 0 0 0 0 0 0 0 4 0 0 0 4 0 0 0 0 0 0 0 0 0 0 0 0 0 0 0 0 0 0 2 0 0 0
Last Time Cost: 00000001 ms
Total Time Cost: 00000132 ms
Total Distance 13: 0 0 0 4 0 0 0 0 0 0 0 0 0 4 0 0 0 4 0 0 0 0 0 0 0 0 0 0 0 0 0 0 0 0 0 0 1 0 0 0
Last Time Cost: 00000000 ms
Total Time Cost: 00000132 ms
Total Distance 12: 0 0 0 4 0 0 0 0 0 0 0 0 0 4 0 0 0 4 0 0 0 0 0 0 0 0 0 0 0 0 0 0 0 0 0 0 0 0 0 0
Last Time Cost: 00000002 ms
Total Time Cost: 00000134 ms
Total Distance 11: 0 0 0 3 0 0 0 0 0 0 0 0 0 4 0 0 0 4 0 0 0 0 0 0 0 0 0 0 0 0 0 0 0 0 0 0 0 0 0 0
Last Time Cost: 00000001 ms
Total Time Cost: 00000135 ms
Total Distance 10: 0 0 0 2 0 0 0 0 0 0 0 0 0 4 0 0 0 4 0 0 0 0 0 0 0 0 0 0 0 0 0 0 0 0 0 0 0 0 0 0
Last Time Cost: 00000001 ms
Total Time Cost: 00000136 ms
Total Distance 9: 0 0 0 1 0 0 0 0 0 0 0 0 0 4 0 0 0 4 0 0 0 0 0 0 0 0 0 0 0 0 0 0 0 0 0 0 0 0 0 0
Last Time Cost: 00000000 ms
Total Time Cost: 00000136 ms
Total Distance 8: 0 0 0 0 0 0 0 0 0 0 0 0 0 4 0 0 0 4 0 0 0 0 0 0 0 0 0 0 0 0 0 0 0 0 0 0 0 0 0 0
Last Time Cost: 00000002 ms
Total Time Cost: 00000138 ms
Total Distance 7: 0 0 0 0 0 0 0 0 0 0 0 0 0 4 0 0 0 3 0 0 0 0 0 0 0 0 0 0 0 0 0 0 0 0 0 0 0 0 0 0
Last Time Cost: 00000001 ms
Total Time Cost: 00000139 ms
Total Distance 6: 0 0 0 0 0 0 0 0 0 0 0 0 0 4 0 0 0 2 0 0 0 0 0 0 0 0 0 0 0 0 0 0 0 0 0 0 0 0 0 0
Last Time Cost: 00000001 ms
Total Time Cost: 00000140 ms
Total Distance 5: 0 0 0 0 0 0 0 0 0 0 0 0 0 4 0 0 0 1 0 0 0 0 0 0 0 0 0 0 0 0 0 0 0 0 0 0 0 0 0 0
Last Time Cost: 00000001 ms
Total Time Cost: 00000141 ms
Total Distance 4: 0 0 0 0 0 0 0 0 0 0 0 0 0 4 0 0 0 0 0 0 0 0 0 0 0 0 0 0 0 0 0 0 0 0 0 0 0 0 0 0
Last Time Cost: 00000002 ms
Total Time Cost: 00000143 ms
Total Distance 3: 0 0 0 0 0 0 0 0 0 0 0 0 0 3 0 0 0 0 0 0 0 0 0 0 0 0 0 0 0 0 0 0 0 0 0 0 0 0 0 0
Last Time Cost: 00000000 ms
Total Time Cost: 00000143 ms
Total Distance 2: 0 0 0 0 0 0 0 0 0 0 0 0 0 2 0 0 0 0 0 0 0 0 0 0 0 0 0 0 0 0 0 0 0 0 0 0 0 0 0 0
Last Time Cost: 00000000 ms
Total Time Cost: 00000143 ms
Total Distance 1: 0 0 0 0 0 0 0 0 0 0 0 0 0 1 0 0 0 0 0 0 0 0 0 0 0 0 0 0 0 0 0 0 0 0 0 0 0 0 0 0
Last Time Cost: 00000000 ms
Total Time Cost: 00000143 ms
Total Distance 0: 0 0 0 0 0 0 0 0 0 0 0 0 0 0 0 0 0 0 0 0 0 0 0 0 0 0 0 0 0 0 0 0 0 0 0 0 0 0 0 0
