Last Time Cost: 00000000 ms
Total Time Cost: 00000000 ms
Total Distance 260: 5 8 7 8 7 5 5 8 7 5 5 8 7 8 7 5 5 8 7 5 5 8 7 8 7 5 5 8 7 5 5 8 7 8 7 5 5 8 7 5
Last Time Cost: 00000019 ms
Total Time Cost: 00000019 ms
Total Distance 250: 5 7 6 8 6 5 5 8 6 5 5 8 7 8 7 5 5 8 7 4 5 7 6 8 6 5 5 8 6 5 5 8 7 8 7 5 5 8 7 4
Last Time Cost: 00000007 ms
Total Time Cost: 00000026 ms
Total Distance 243: 4 6 6 7 6 5 5 7 6 5 5 8 7 8 7 5 5 8 6 3 5 7 6 8 6 5 5 8 6 5 5 8 7 8 7 5 5 8 6 4
Last Time Cost: 00000007 ms
Total Time Cost: 00000033 ms
Total Distance 239: 4 6 6 7 6 5 5 6 6 5 5 8 7 8 7 5 5 8 6 2 5 7 6 8 6 5 5 7 6 5 5 8 7 8 7 5 5 8 6 3
Last Time Cost: 00000008 ms
Total Time Cost: 00000041 ms
Total Distance 237: 4 6 6 7 6 5 5 6 6 5 5 8 7 8 7 5 5 8 6 1 5 7 6 8 6 5 5 7 6 5 5 8 7 8 7 5 5 8 6 2
Last Time Cost: 00000008 ms
Total Time Cost: 00000049 ms
Total Distance 236: 4 6 6 7 6 5 5 6 6 5 5 8 7 8 7 5 5 8 6 0 5 7 6 8 6 5 5 7 6 5 5 8 7 8 7 5 5 8 6 2
Last Time Cost: 00000009 ms
Total Time Cost: 00000058 ms
Total Distance 229: 4 6 6 7 6 5 5 6 6 5 5 8 7 8 7 5 5 8 5 0 4 6 6 7 6 5 5 6 6 5 5 8 7 8 7 5 5 8 5 1
Last Time Cost: 00000009 ms
Total Time Cost: 00000067 ms
Total Distance 228: 4 6 6 7 6 5 5 6 6 5 5 8 7 8 7 5 5 8 5 0 4 6 6 7 6 5 5 6 6 5 5 8 7 8 7 5 5 8 5 0
Last Time Cost: 00000011 ms
Total Time Cost: 00000078 ms
Total Distance 224: 3 6 6 7 6 5 5 6 6 5 5 8 6 8 7 5 5 8 5 0 3 6 6 7 6 5 5 6 6 5 5 8 6 8 7 5 5 8 5 0
Last Time Cost: 00000012 ms
Total Time Cost: 00000090 ms
Total Distance 220: 2 5 6 6 6 5 5 5 6 5 5 8 6 8 7 5 5 8 5 0 3 6 6 7 6 5 5 6 6 5 5 8 6 8 7 5 5 8 5 0
Last Time Cost: 00000013 ms
Total Time Cost: 00000103 ms
Total Distance 219: 1 5 6 6 6 5 5 5 6 5 5 8 6 8 7 5 5 8 5 0 3 6 6 7 6 5 5 6 6 5 5 8 6 8 7 5 5 8 5 0
Last Time Cost: 00000014 ms
Total Time Cost: 00000117 ms
Total Distance 218: 0 5 6 6 6 5 5 5 6 5 5 8 6 8 7 5 5 8 5 0 3 6 6 7 6 5 5 6 6 5 5 8 6 8 7 5 5 8 5 0
Last Time Cost: 00000016 ms
Total Time Cost: 00000133 ms
Total Distance 209: 0 5 6 6 6 5 5 5 6 4 5 7 5 8 6 5 5 8 5 0 2 6 6 7 6 5 5 6 6 4 5 7 5 8 6 5 5 8 5 0
Last Time Cost: 00000016 ms
Total Time Cost: 00000149 ms
Total Distance 207: 0 5 6 6 6 5 5 5 6 4 5 7 5 8 6 5 5 8 5 0 1 5 6 7 6 5 5 6 6 4 5 7 5 8 6 5 5 8 5 0
Last Time Cost: 00000017 ms
Total Time Cost: 00000166 ms
Total Distance 206: 0 5 6 6 6 5 5 5 6 4 5 7 5 8 6 5 5 8 5 0 0 5 6 7 6 5 5 6 6 4 5 7 5 8 6 5 5 8 5 0
Last Time Cost: 00000019 ms
Total Time Cost: 00000185 ms
Total Distance 201: 0 5 6 6 6 5 5 5 6 3 4 6 5 7 6 5 5 7 5 0 0 5 6 7 6 5 5 6 6 4 5 7 5 8 6 5 5 8 5 0
Last Time Cost: 00000021 ms
Total Time Cost: 00000206 ms
Total Distance 197: 0 5 6 6 6 5 5 5 6 2 4 6 5 7 6 5 5 6 5 0 0 5 6 7 6 5 5 6 6 3 5 7 5 8 6 5 5 7 5 0
Last Time Cost: 00000022 ms
Total Time Cost: 00000228 ms
Total Distance 194: 0 5 6 6 6 5 5 5 6 1 4 5 5 7 6 5 5 6 5 0 0 5 6 7 6 5 5 6 6 3 5 6 5 8 6 5 5 7 5 0
Last Time Cost: 00000023 ms
Total Time Cost: 00000251 ms
Total Distance 193: 0 5 6 6 6 5 5 5 6 0 4 5 5 7 6 5 5 6 5 0 0 5 6 7 6 5 5 6 6 3 5 6 5 8 6 5 5 7 5 0
Last Time Cost: 00000026 ms
Total Time Cost: 00000277 ms
Total Distance 184: 0 5 6 6 6 5 5 5 5 0 3 5 5 6 6 5 5 5 5 0 0 5 6 7 6 5 5 6 5 2 4 6 5 7 6 5 5 6 5 0
Last Time Cost: 00000003 ms
Total Time Cost: 00000280 ms
Total Distance 181: 0 5 6 6 6 5 5 5 4 0 3 5 5 6 6 5 5 5 5 0 0 5 6 7 6 5 5 6 4 1 4 6 5 7 6 5 5 6 5 0
Last Time Cost: 00000002 ms
Total Time Cost: 00000282 ms
Total Distance 180: 0 5 6 6 6 5 5 5 4 0 3 5 5 6 6 5 5 5 5 0 0 5 6 7 6 5 5 6 4 0 4 6 5 7 6 5 5 6 5 0
Last Time Cost: 00000004 ms
Total Time Cost: 00000286 ms
Total Distance 176: 0 5 5 6 6 5 5 5 4 0 2 5 5 6 6 5 5 5 5 0 0 5 5 7 6 5 5 6 4 0 3 6 5 7 6 5 5 6 5 0
Last Time Cost: 00000003 ms
Total Time Cost: 00000289 ms
Total Distance 174: 0 5 5 6 6 5 5 5 4 0 1 5 5 6 6 5 5 5 5 0 0 5 5 7 6 5 5 6 4 0 2 6 5 7 6 5 5 6 5 0
Last Time Cost: 00000003 ms
Total Time Cost: 00000292 ms
Total Distance 173: 0 5 5 6 6 5 5 5 4 0 0 5 5 6 6 5 5 5 5 0 0 5 5 7 6 5 5 6 4 0 2 6 5 7 6 5 5 6 5 0
Last Time Cost: 00000003 ms
Total Time Cost: 00000295 ms
Total Distance 171: 0 4 5 6 6 5 5 5 4 0 0 5 5 6 6 5 5 5 5 0 0 5 5 7 6 5 5 6 4 0 1 6 5 7 6 5 5 6 5 0
Last Time Cost: 00000003 ms
Total Time Cost: 00000298 ms
Total Distance 170: 0 4 5 6 6 5 5 5 4 0 0 5 5 6 6 5 5 5 5 0 0 5 5 7 6 5 5 6 4 0 0 6 5 7 6 5 5 6 5 0
Last Time Cost: 00000005 ms
Total Time Cost: 00000303 ms
Total Distance 166: 0 4 5 6 6 5 5 5 3 0 0 5 5 6 6 5 4 5 5 0 0 5 5 7 6 5 5 6 3 0 0 6 5 7 6 5 4 6 5 0
Last Time Cost: 00000004 ms
Total Time Cost: 00000307 ms
Total Distance 164: 0 4 5 6 6 5 5 5 2 0 0 5 5 6 6 5 4 5 5 0 0 5 5 7 6 5 5 6 2 0 0 6 5 7 6 5 4 6 5 0
Last Time Cost: 00000004 ms
Total Time Cost: 00000311 ms
Total Distance 162: 0 4 5 6 6 5 5 5 2 0 0 5 5 6 6 5 4 5 5 0 0 5 5 7 6 5 5 6 1 0 0 6 5 7 6 5 4 5 5 0
Last Time Cost: 00000003 ms
Total Time Cost: 00000314 ms
Total Distance 161: 0 4 5 6 6 5 5 5 2 0 0 5 5 6 6 5 4 5 5 0 0 5 5 7 6 5 5 6 0 0 0 6 5 7 6 5 4 5 5 0
Last Time Cost: 00000003 ms
Total Time Cost: 00000317 ms
Total Distance 159: 0 4 5 6 6 5 5 5 1 0 0 5 5 6 6 5 4 5 5 0 0 5 5 7 6 5 5 5 0 0 0 6 5 7 6 5 4 5 5 0
Last Time Cost: 00000003 ms
Total Time Cost: 00000320 ms
Total Distance 158: 0 4 5 6 6 5 5 5 0 0 0 5 5 6 6 5 4 5 5 0 0 5 5 7 6 5 5 5 0 0 0 6 5 7 6 5 4 5 5 0
Last Time Cost: 00000005 ms
Total Time Cost: 00000325 ms
Total Distance 154: 0 4 5 6 5 5 5 5 0 0 0 5 5 6 6 5 3 5 5 0 0 5 5 7 5 5 5 5 0 0 0 6 5 7 6 5 3 5 5 0
Last Time Cost: 00000005 ms
Total Time Cost: 00000330 ms
Total Distance 152: 0 4 5 6 5 5 5 5 0 0 0 5 5 6 6 5 2 5 5 0 0 5 5 7 5 5 5 5 0 0 0 6 5 7 6 5 2 5 5 0
Last Time Cost: 00000004 ms
Total Time Cost: 00000334 ms
Total Distance 150: 0 4 5 6 5 5 5 5 0 0 0 5 5 6 6 5 2 5 5 0 0 5 5 7 5 5 5 4 0 0 0 6 5 7 6 5 1 5 5 0
Last Time Cost: 00000004 ms
Total Time Cost: 00000338 ms
Total Distance 149: 0 4 5 6 5 5 5 5 0 0 0 5 5 6 6 5 2 5 5 0 0 5 5 7 5 5 5 4 0 0 0 6 5 7 6 5 0 5 5 0
Last Time Cost: 00000004 ms
Total Time Cost: 00000342 ms
Total Distance 147: 0 4 5 6 5 5 5 4 0 0 0 5 5 6 6 5 1 5 5 0 0 5 5 7 5 5 5 4 0 0 0 6 5 7 6 5 0 5 5 0
Last Time Cost: 00000005 ms
Total Time Cost: 00000347 ms
Total Distance 146: 0 4 5 6 5 5 5 4 0 0 0 5 5 6 6 5 0 5 5 0 0 5 5 7 5 5 5 4 0 0 0 6 5 7 6 5 0 5 5 0
Last Time Cost: 00000006 ms
Total Time Cost: 00000353 ms
Total Distance 142: 0 3 5 6 5 5 5 4 0 0 0 5 5 5 6 5 0 5 5 0 0 4 5 7 5 5 5 4 0 0 0 6 5 6 6 5 0 5 5 0
Last Time Cost: 00000005 ms
Total Time Cost: 00000358 ms
Total Distance 139: 0 2 5 6 5 5 5 4 0 0 0 4 5 5 6 5 0 5 5 0 0 4 5 7 5 5 5 4 0 0 0 5 5 6 6 5 0 5 5 0
Last Time Cost: 00000005 ms
Total Time Cost: 00000363 ms
Total Distance 137: 0 1 5 6 5 5 5 4 0 0 0 4 5 5 6 5 0 5 5 0 0 3 5 7 5 5 5 4 0 0 0 5 5 6 6 5 0 5 5 0
Last Time Cost: 00000006 ms
Total Time Cost: 00000369 ms
Total Distance 136: 0 0 5 6 5 5 5 4 0 0 0 4 5 5 6 5 0 5 5 0 0 3 5 7 5 5 5 4 0 0 0 5 5 6 6 5 0 5 5 0
Last Time Cost: 00000006 ms
Total Time Cost: 00000375 ms
Total Distance 132: 0 0 5 5 5 5 5 4 0 0 0 4 5 5 6 5 0 5 5 0 0 2 5 6 5 5 5 4 0 0 0 5 4 6 6 5 0 5 5 0
Last Time Cost: 00000005 ms
Total Time Cost: 00000380 ms
Total Distance 129: 0 0 5 5 5 5 5 4 0 0 0 4 5 5 6 5 0 5 5 0 0 1 5 5 5 5 5 4 0 0 0 4 4 6 6 5 0 5 5 0
Last Time Cost: 00000005 ms
Total Time Cost: 00000385 ms
Total Distance 128: 0 0 5 5 5 5 5 4 0 0 0 4 5 5 6 5 0 5 5 0 0 0 5 5 5 5 5 4 0 0 0 4 4 6 6 5 0 5 5 0
Last Time Cost: 00000008 ms
Total Time Cost: 00000393 ms
Total Distance 124: 0 0 5 5 4 5 5 4 0 0 0 4 4 5 6 5 0 5 5 0 0 0 5 5 4 5 5 4 0 0 0 4 3 6 6 5 0 5 5 0
Last Time Cost: 00000006 ms
Total Time Cost: 00000399 ms
Total Distance 122: 0 0 5 5 4 5 5 4 0 0 0 4 3 5 6 5 0 5 5 0 0 0 5 5 4 5 5 4 0 0 0 4 2 6 6 5 0 5 5 0
Last Time Cost: 00000006 ms
Total Time Cost: 00000405 ms
Total Distance 121: 0 0 5 5 4 5 5 4 0 0 0 4 3 5 6 5 0 5 5 0 0 0 5 5 4 5 5 4 0 0 0 4 1 6 6 5 0 5 5 0
Last Time Cost: 00000006 ms
Total Time Cost: 00000411 ms
Total Distance 120: 0 0 5 5 4 5 5 4 0 0 0 4 3 5 6 5 0 5 5 0 0 0 5 5 4 5 5 4 0 0 0 4 0 6 6 5 0 5 5 0
Last Time Cost: 00000007 ms
Total Time Cost: 00000418 ms
Total Distance 118: 0 0 5 5 4 5 5 4 0 0 0 3 2 5 6 5 0 5 5 0 0 0 5 5 4 5 5 4 0 0 0 4 0 6 6 5 0 5 5 0
Last Time Cost: 00000007 ms
Total Time Cost: 00000425 ms
Total Distance 116: 0 0 5 4 4 5 5 4 0 0 0 3 1 5 6 5 0 5 5 0 0 0 5 5 4 5 5 4 0 0 0 4 0 6 6 5 0 5 5 0
Last Time Cost: 00000006 ms
Total Time Cost: 00000431 ms
Total Distance 115: 0 0 5 4 4 5 5 4 0 0 0 3 0 5 6 5 0 5 5 0 0 0 5 5 4 5 5 4 0 0 0 4 0 6 6 5 0 5 5 0
Last Time Cost: 00000007 ms
Total Time Cost: 00000438 ms
Total Distance 113: 0 0 5 4 4 5 5 4 0 0 0 2 0 5 6 5 0 5 5 0 0 0 5 5 4 5 5 4 0 0 0 3 0 6 6 5 0 5 5 0
Last Time Cost: 00000008 ms
Total Time Cost: 00000446 ms
Total Distance 112: 0 0 5 4 4 5 5 4 0 0 0 1 0 5 6 5 0 5 5 0 0 0 5 5 4 5 5 4 0 0 0 3 0 6 6 5 0 5 5 0
Last Time Cost: 00000007 ms
Total Time Cost: 00000453 ms
Total Distance 111: 0 0 5 4 4 5 5 4 0 0 0 0 0 5 6 5 0 5 5 0 0 0 5 5 4 5 5 4 0 0 0 3 0 6 6 5 0 5 5 0
Last Time Cost: 00000008 ms
Total Time Cost: 00000461 ms
Total Distance 108: 0 0 4 4 4 5 5 4 0 0 0 0 0 5 6 5 0 5 5 0 0 0 4 5 4 5 5 4 0 0 0 2 0 6 6 5 0 5 5 0
Last Time Cost: 00000009 ms
Total Time Cost: 00000470 ms
Total Distance 106: 0 0 4 4 4 5 5 4 0 0 0 0 0 5 6 5 0 5 5 0 0 0 4 5 4 5 5 4 0 0 0 1 0 5 6 5 0 5 5 0
Last Time Cost: 00000008 ms
Total Time Cost: 00000478 ms
Total Distance 105: 0 0 4 4 4 5 5 4 0 0 0 0 0 5 6 5 0 5 5 0 0 0 4 5 4 5 5 4 0 0 0 0 0 5 6 5 0 5 5 0
Last Time Cost: 00000010 ms
Total Time Cost: 00000488 ms
Total Distance 101: 0 0 4 3 4 5 5 4 0 0 0 0 0 5 6 4 0 5 5 0 0 0 4 4 4 5 5 4 0 0 0 0 0 5 6 4 0 5 5 0
Last Time Cost: 00000009 ms
Total Time Cost: 00000497 ms
Total Distance 100: 0 0 4 2 4 5 5 4 0 0 0 0 0 5 6 4 0 5 5 0 0 0 4 4 4 5 5 4 0 0 0 0 0 5 6 4 0 5 5 0
Last Time Cost: 00000009 ms
Total Time Cost: 00000506 ms
Total Distance 99: 0 0 4 1 4 5 5 4 0 0 0 0 0 5 6 4 0 5 5 0 0 0 4 4 4 5 5 4 0 0 0 0 0 5 6 4 0 5 5 0
Last Time Cost: 00000009 ms
Total Time Cost: 00000515 ms
Total Distance 98: 0 0 4 0 4 5 5 4 0 0 0 0 0 5 6 4 0 5 5 0 0 0 4 4 4 5 5 4 0 0 0 0 0 5 6 4 0 5 5 0
Last Time Cost: 00000012 ms
Total Time Cost: 00000527 ms
Total Distance 94: 0 0 3 0 4 5 5 4 0 0 0 0 0 5 5 4 0 5 5 0 0 0 3 4 4 5 5 4 0 0 0 0 0 5 5 4 0 5 5 0
Last Time Cost: 00000001 ms
Total Time Cost: 00000528 ms
Total Distance 92: 0 0 2 0 4 5 5 4 0 0 0 0 0 5 5 4 0 5 5 0 0 0 2 4 4 5 5 4 0 0 0 0 0 5 5 4 0 5 5 0
Last Time Cost: 00000001 ms
Total Time Cost: 00000529 ms
Total Distance 91: 0 0 1 0 4 5 5 4 0 0 0 0 0 5 5 4 0 5 5 0 0 0 2 4 4 5 5 4 0 0 0 0 0 5 5 4 0 5 5 0
Last Time Cost: 00000001 ms
Total Time Cost: 00000530 ms
Total Distance 90: 0 0 0 0 4 5 5 4 0 0 0 0 0 5 5 4 0 5 5 0 0 0 2 4 4 5 5 4 0 0 0 0 0 5 5 4 0 5 5 0
Last Time Cost: 00000001 ms
Total Time Cost: 00000531 ms
Total Distance 89: 0 0 0 0 4 5 5 4 0 0 0 0 0 5 5 4 0 5 5 0 0 0 1 4 4 5 5 4 0 0 0 0 0 5 5 4 0 5 5 0
Last Time Cost: 00000000 ms
Total Time Cost: 00000531 ms
Total Distance 88: 0 0 0 0 4 5 5 4 0 0 0 0 0 5 5 4 0 5 5 0 0 0 0 4 4 5 5 4 0 0 0 0 0 5 5 4 0 5 5 0
Last Time Cost: 00000003 ms
Total Time Cost: 00000534 ms
Total Distance 83: 0 0 0 0 4 4 5 4 0 0 0 0 0 4 5 4 0 5 5 0 0 0 0 3 4 4 5 4 0 0 0 0 0 4 5 4 0 5 5 0
Last Time Cost: 00000001 ms
Total Time Cost: 00000535 ms
Total Distance 80: 0 0 0 0 4 4 5 4 0 0 0 0 0 4 4 4 0 5 5 0 0 0 0 2 4 4 5 4 0 0 0 0 0 4 4 4 0 5 5 0
Last Time Cost: 00000001 ms
Total Time Cost: 00000536 ms
Total Distance 79: 0 0 0 0 4 4 5 4 0 0 0 0 0 4 4 4 0 5 5 0 0 0 0 1 4 4 5 4 0 0 0 0 0 4 4 4 0 5 5 0
Last Time Cost: 00000000 ms
Total Time Cost: 00000536 ms
Total Distance 78: 0 0 0 0 4 4 5 4 0 0 0 0 0 4 4 4 0 5 5 0 0 0 0 0 4 4 5 4 0 0 0 0 0 4 4 4 0 5 5 0
Last Time Cost: 00000004 ms
Total Time Cost: 00000540 ms
Total Distance 74: 0 0 0 0 4 3 5 4 0 0 0 0 0 4 4 4 0 4 5 0 0 0 0 0 4 3 5 4 0 0 0 0 0 4 4 4 0 4 5 0
Last Time Cost: 00000001 ms
Total Time Cost: 00000541 ms
Total Distance 72: 0 0 0 0 4 2 5 4 0 0 0 0 0 4 4 4 0 4 5 0 0 0 0 0 4 2 5 4 0 0 0 0 0 4 4 4 0 4 5 0
Last Time Cost: 00000001 ms
Total Time Cost: 00000542 ms
Total Distance 71: 0 0 0 0 4 2 5 4 0 0 0 0 0 4 4 4 0 4 5 0 0 0 0 0 4 1 5 4 0 0 0 0 0 4 4 4 0 4 5 0
Last Time Cost: 00000001 ms
Total Time Cost: 00000543 ms
Total Distance 70: 0 0 0 0 4 2 5 4 0 0 0 0 0 4 4 4 0 4 5 0 0 0 0 0 4 0 5 4 0 0 0 0 0 4 4 4 0 4 5 0
Last Time Cost: 00000001 ms
Total Time Cost: 00000544 ms
Total Distance 69: 0 0 0 0 4 1 5 4 0 0 0 0 0 4 4 4 0 4 5 0 0 0 0 0 4 0 5 4 0 0 0 0 0 4 4 4 0 4 5 0
Last Time Cost: 00000000 ms
Total Time Cost: 00000544 ms
Total Distance 68: 0 0 0 0 4 0 5 4 0 0 0 0 0 4 4 4 0 4 5 0 0 0 0 0 4 0 5 4 0 0 0 0 0 4 4 4 0 4 5 0
Last Time Cost: 00000004 ms
Total Time Cost: 00000548 ms
Total Distance 64: 0 0 0 0 4 0 4 4 0 0 0 0 0 4 3 4 0 4 5 0 0 0 0 0 4 0 4 4 0 0 0 0 0 4 3 4 0 4 5 0
Last Time Cost: 00000001 ms
Total Time Cost: 00000549 ms
Total Distance 62: 0 0 0 0 4 0 4 4 0 0 0 0 0 4 2 4 0 4 5 0 0 0 0 0 4 0 4 4 0 0 0 0 0 4 2 4 0 4 5 0
Last Time Cost: 00000001 ms
Total Time Cost: 00000550 ms
Total Distance 61: 0 0 0 0 4 0 4 4 0 0 0 0 0 4 2 4 0 4 5 0 0 0 0 0 4 0 4 4 0 0 0 0 0 4 1 4 0 4 5 0
Last Time Cost: 00000000 ms
Total Time Cost: 00000550 ms
Total Distance 60: 0 0 0 0 4 0 4 4 0 0 0 0 0 4 2 4 0 4 5 0 0 0 0 0 4 0 4 4 0 0 0 0 0 4 0 4 0 4 5 0
Last Time Cost: 00000001 ms
Total Time Cost: 00000551 ms
Total Distance 59: 0 0 0 0 4 0 4 4 0 0 0 0 0 4 1 4 0 4 5 0 0 0 0 0 4 0 4 4 0 0 0 0 0 4 0 4 0 4 5 0
Last Time Cost: 00000000 ms
Total Time Cost: 00000551 ms
Total Distance 58: 0 0 0 0 4 0 4 4 0 0 0 0 0 4 0 4 0 4 5 0 0 0 0 0 4 0 4 4 0 0 0 0 0 4 0 4 0 4 5 0
Last Time Cost: 00000004 ms
Total Time Cost: 00000555 ms
Total Distance 54: 0 0 0 0 4 0 3 4 0 0 0 0 0 4 0 4 0 4 4 0 0 0 0 0 4 0 3 4 0 0 0 0 0 4 0 4 0 4 4 0
Last Time Cost: 00000001 ms
Total Time Cost: 00000556 ms
Total Distance 52: 0 0 0 0 4 0 2 4 0 0 0 0 0 4 0 4 0 4 4 0 0 0 0 0 4 0 2 4 0 0 0 0 0 4 0 4 0 4 4 0
Last Time Cost: 00000001 ms
Total Time Cost: 00000557 ms
Total Distance 51: 0 0 0 0 4 0 2 4 0 0 0 0 0 4 0 4 0 4 4 0 0 0 0 0 4 0 1 4 0 0 0 0 0 4 0 4 0 4 4 0
Last Time Cost: 00000000 ms
Total Time Cost: 00000557 ms
Total Distance 50: 0 0 0 0 4 0 2 4 0 0 0 0 0 4 0 4 0 4 4 0 0 0 0 0 4 0 0 4 0 0 0 0 0 4 0 4 0 4 4 0
Last Time Cost: 00000001 ms
Total Time Cost: 00000558 ms
Total Distance 49: 0 0 0 0 4 0 1 4 0 0 0 0 0 4 0 4 0 4 4 0 0 0 0 0 4 0 0 4 0 0 0 0 0 4 0 4 0 4 4 0
Last Time Cost: 00000000 ms
Total Time Cost: 00000558 ms
Total Distance 48: 0 0 0 0 4 0 0 4 0 0 0 0 0 4 0 4 0 4 4 0 0 0 0 0 4 0 0 4 0 0 0 0 0 4 0 4 0 4 4 0
Last Time Cost: 00000004 ms
Total Time Cost: 00000562 ms
Total Distance 46: 0 0 0 0 4 0 0 4 0 0 0 0 0 3 0 4 0 4 4 0 0 0 0 0 4 0 0 4 0 0 0 0 0 3 0 4 0 4 4 0
Last Time Cost: 00000001 ms
Total Time Cost: 00000563 ms
Total Distance 44: 0 0 0 0 4 0 0 4 0 0 0 0 0 2 0 4 0 4 4 0 0 0 0 0 4 0 0 4 0 0 0 0 0 2 0 4 0 4 4 0
Last Time Cost: 00000001 ms
Total Time Cost: 00000564 ms
Total Distance 42: 0 0 0 0 3 0 0 4 0 0 0 0 0 1 0 4 0 4 4 0 0 0 0 0 4 0 0 4 0 0 0 0 0 2 0 4 0 4 4 0
Last Time Cost: 00000000 ms
Total Time Cost: 00000564 ms
Total Distance 41: 0 0 0 0 3 0 0 4 0 0 0 0 0 0 0 4 0 4 4 0 0 0 0 0 4 0 0 4 0 0 0 0 0 2 0 4 0 4 4 0
Last Time Cost: 00000001 ms
Total Time Cost: 00000565 ms
Total Distance 39: 0 0 0 0 3 0 0 4 0 0 0 0 0 0 0 4 0 4 4 0 0 0 0 0 3 0 0 4 0 0 0 0 0 1 0 4 0 4 4 0
Last Time Cost: 00000000 ms
Total Time Cost: 00000565 ms
Total Distance 38: 0 0 0 0 3 0 0 4 0 0 0 0 0 0 0 4 0 4 4 0 0 0 0 0 3 0 0 4 0 0 0 0 0 0 0 4 0 4 4 0
Last Time Cost: 00000001 ms
Total Time Cost: 00000566 ms
Total Distance 37: 0 0 0 0 2 0 0 4 0 0 0 0 0 0 0 4 0 4 4 0 0 0 0 0 3 0 0 4 0 0 0 0 0 0 0 4 0 4 4 0
Last Time Cost: 00000001 ms
Total Time Cost: 00000567 ms
Total Distance 35: 0 0 0 0 1 0 0 4 0 0 0 0 0 0 0 4 0 4 4 0 0 0 0 0 2 0 0 4 0 0 0 0 0 0 0 4 0 4 4 0
Last Time Cost: 00000000 ms
Total Time Cost: 00000567 ms
Total Distance 34: 0 0 0 0 0 0 0 4 0 0 0 0 0 0 0 4 0 4 4 0 0 0 0 0 2 0 0 4 0 0 0 0 0 0 0 4 0 4 4 0
Last Time Cost: 00000003 ms
Total Time Cost: 00000570 ms
Total Distance 32: 0 0 0 0 0 0 0 4 0 0 0 0 0 0 0 4 0 4 4 0 0 0 0 0 1 0 0 4 0 0 0 0 0 0 0 3 0 4 4 0
Last Time Cost: 00000001 ms
Total Time Cost: 00000571 ms
Total Distance 31: 0 0 0 0 0 0 0 4 0 0 0 0 0 0 0 4 0 4 4 0 0 0 0 0 0 0 0 4 0 0 0 0 0 0 0 3 0 4 4 0
Last Time Cost: 00000001 ms
Total Time Cost: 00000572 ms
Total Distance 29: 0 0 0 0 0 0 0 4 0 0 0 0 0 0 0 3 0 4 4 0 0 0 0 0 0 0 0 4 0 0 0 0 0 0 0 2 0 4 4 0
Last Time Cost: 00000002 ms
Total Time Cost: 00000574 ms
Total Distance 27: 0 0 0 0 0 0 0 4 0 0 0 0 0 0 0 2 0 4 4 0 0 0 0 0 0 0 0 4 0 0 0 0 0 0 0 1 0 4 4 0
Last Time Cost: 00000001 ms
Total Time Cost: 00000575 ms
Total Distance 26: 0 0 0 0 0 0 0 4 0 0 0 0 0 0 0 2 0 4 4 0 0 0 0 0 0 0 0 4 0 0 0 0 0 0 0 0 0 4 4 0
Last Time Cost: 00000002 ms
Total Time Cost: 00000577 ms
Total Distance 25: 0 0 0 0 0 0 0 4 0 0 0 0 0 0 0 1 0 4 4 0 0 0 0 0 0 0 0 4 0 0 0 0 0 0 0 0 0 4 4 0
Last Time Cost: 00000001 ms
Total Time Cost: 00000578 ms
Total Distance 24: 0 0 0 0 0 0 0 4 0 0 0 0 0 0 0 0 0 4 4 0 0 0 0 0 0 0 0 4 0 0 0 0 0 0 0 0 0 4 4 0
Last Time Cost: 00000004 ms
Total Time Cost: 00000582 ms
Total Distance 22: 0 0 0 0 0 0 0 4 0 0 0 0 0 0 0 0 0 4 3 0 0 0 0 0 0 0 0 4 0 0 0 0 0 0 0 0 0 4 3 0
Last Time Cost: 00000001 ms
Total Time Cost: 00000583 ms
Total Distance 20: 0 0 0 0 0 0 0 4 0 0 0 0 0 0 0 0 0 4 2 0 0 0 0 0 0 0 0 4 0 0 0 0 0 0 0 0 0 4 2 0
Last Time Cost: 00000002 ms
Total Time Cost: 00000585 ms
Total Distance 19: 0 0 0 0 0 0 0 4 0 0 0 0 0 0 0 0 0 4 1 0 0 0 0 0 0 0 0 4 0 0 0 0 0 0 0 0 0 4 2 0
Last Time Cost: 00000001 ms
Total Time Cost: 00000586 ms
Total Distance 18: 0 0 0 0 0 0 0 4 0 0 0 0 0 0 0 0 0 4 0 0 0 0 0 0 0 0 0 4 0 0 0 0 0 0 0 0 0 4 2 0
Last Time Cost: 00000002 ms
Total Time Cost: 00000588 ms
Total Distance 17: 0 0 0 0 0 0 0 4 0 0 0 0 0 0 0 0 0 4 0 0 0 0 0 0 0 0 0 4 0 0 0 0 0 0 0 0 0 4 1 0
Last Time Cost: 00000001 ms
Total Time Cost: 00000589 ms
Total Distance 16: 0 0 0 0 0 0 0 4 0 0 0 0 0 0 0 0 0 4 0 0 0 0 0 0 0 0 0 4 0 0 0 0 0 0 0 0 0 4 0 0
Last Time Cost: 00000003 ms
Total Time Cost: 00000592 ms
Total Distance 14: 0 0 0 0 0 0 0 4 0 0 0 0 0 0 0 0 0 3 0 0 0 0 0 0 0 0 0 4 0 0 0 0 0 0 0 0 0 3 0 0
Last Time Cost: 00000002 ms
Total Time Cost: 00000594 ms
Total Distance 12: 0 0 0 0 0 0 0 4 0 0 0 0 0 0 0 0 0 2 0 0 0 0 0 0 0 0 0 4 0 0 0 0 0 0 0 0 0 2 0 0
Last Time Cost: 00000001 ms
Total Time Cost: 00000595 ms
Total Distance 11: 0 0 0 0 0 0 0 4 0 0 0 0 0 0 0 0 0 2 0 0 0 0 0 0 0 0 0 4 0 0 0 0 0 0 0 0 0 1 0 0
Last Time Cost: 00000002 ms
Total Time Cost: 00000597 ms
Total Distance 10: 0 0 0 0 0 0 0 4 0 0 0 0 0 0 0 0 0 2 0 0 0 0 0 0 0 0 0 4 0 0 0 0 0 0 0 0 0 0 0 0
Last Time Cost: 00000001 ms
Total Time Cost: 00000598 ms
Total Distance 9: 0 0 0 0 0 0 0 4 0 0 0 0 0 0 0 0 0 1 0 0 0 0 0 0 0 0 0 4 0 0 0 0 0 0 0 0 0 0 0 0
Last Time Cost: 00000001 ms
Total Time Cost: 00000599 ms
Total Distance 8: 0 0 0 0 0 0 0 4 0 0 0 0 0 0 0 0 0 0 0 0 0 0 0 0 0 0 0 4 0 0 0 0 0 0 0 0 0 0 0 0
Last Time Cost: 00000002 ms
Total Time Cost: 00000601 ms
Total Distance 7: 0 0 0 0 0 0 0 4 0 0 0 0 0 0 0 0 0 0 0 0 0 0 0 0 0 0 0 3 0 0 0 0 0 0 0 0 0 0 0 0
Last Time Cost: 00000001 ms
Total Time Cost: 00000602 ms
Total Distance 5: 0 0 0 0 0 0 0 3 0 0 0 0 0 0 0 0 0 0 0 0 0 0 0 0 0 0 0 2 0 0 0 0 0 0 0 0 0 0 0 0
Last Time Cost: 00000000 ms
Total Time Cost: 00000602 ms
Total Distance 4: 0 0 0 0 0 0 0 3 0 0 0 0 0 0 0 0 0 0 0 0 0 0 0 0 0 0 0 1 0 0 0 0 0 0 0 0 0 0 0 0
Last Time Cost: 00000000 ms
Total Time Cost: 00000602 ms
Total Distance 3: 0 0 0 0 0 0 0 3 0 0 0 0 0 0 0 0 0 0 0 0 0 0 0 0 0 0 0 0 0 0 0 0 0 0 0 0 0 0 0 0
Last Time Cost: 00000000 ms
Total Time Cost: 00000602 ms
Total Distance 2: 0 0 0 0 0 0 0 2 0 0 0 0 0 0 0 0 0 0 0 0 0 0 0 0 0 0 0 0 0 0 0 0 0 0 0 0 0 0 0 0
Last Time Cost: 00000000 ms
Total Time Cost: 00000602 ms
Total Distance 1: 0 0 0 0 0 0 0 1 0 0 0 0 0 0 0 0 0 0 0 0 0 0 0 0 0 0 0 0 0 0 0 0 0 0 0 0 0 0 0 0
Last Time Cost: 00000000 ms
Total Time Cost: 00000602 ms
Total Distance 0: 0 0 0 0 0 0 0 0 0 0 0 0 0 0 0 0 0 0 0 0 0 0 0 0 0 0 0 0 0 0 0 0 0 0 0 0 0 0 0 0
