Last Time Cost: 00000000 ms
Total Time Cost: 00000000 ms
Total Distance 255: 6 7 7 9 6 5 5 6 6 7 7 9 6 5 5 6 6 7 7 9 6 5 5 6 6 7 7 9 6 5 5 6 6 7 7 9 6 5 5 6
Last Time Cost: 00000012 ms
Total Time Cost: 00000012 ms
Total Distance 251: 6 7 7 9 6 5 5 6 6 7 7 9 6 5 5 5 6 7 7 9 5 5 5 6 6 7 7 9 6 4 5 6 6 7 7 9 6 5 4 6
Last Time Cost: 00000006 ms
Total Time Cost: 00000018 ms
Total Distance 248: 6 7 7 9 6 5 5 6 6 7 7 9 5 5 5 5 6 7 7 9 5 4 5 6 6 7 7 9 6 4 5 6 6 7 7 9 6 5 3 6
Last Time Cost: 00000007 ms
Total Time Cost: 00000025 ms
Total Distance 247: 6 7 7 9 6 5 5 6 6 7 7 9 5 5 5 5 6 7 7 9 5 4 5 6 6 7 7 9 6 4 5 6 6 7 7 9 6 5 2 6
Last Time Cost: 00000007 ms
Total Time Cost: 00000032 ms
Total Distance 246: 6 7 7 9 6 5 5 6 6 7 7 9 5 5 5 5 6 7 7 9 5 4 5 6 6 7 7 9 6 4 5 6 6 7 7 9 6 5 1 6
Last Time Cost: 00000007 ms
Total Time Cost: 00000039 ms
Total Distance 245: 6 7 7 9 6 5 5 6 6 7 7 9 5 5 5 5 6 7 7 9 5 4 5 6 6 7 7 9 6 4 5 6 6 7 7 9 6 5 0 6
Last Time Cost: 00000008 ms
Total Time Cost: 00000047 ms
Total Distance 242: 6 7 7 9 5 5 5 6 6 7 7 9 5 5 5 5 6 7 7 9 5 3 5 6 6 7 7 9 6 4 5 6 6 7 7 8 6 5 0 6
Last Time Cost: 00000009 ms
Total Time Cost: 00000056 ms
Total Distance 240: 6 7 7 9 5 5 5 6 6 7 7 9 4 5 5 5 6 7 7 9 5 2 5 6 6 7 7 9 6 4 5 6 6 7 7 8 6 5 0 6
Last Time Cost: 00000010 ms
Total Time Cost: 00000066 ms
Total Distance 239: 6 7 7 9 5 5 5 6 6 7 7 9 4 5 5 5 6 7 7 9 5 1 5 6 6 7 7 9 6 4 5 6 6 7 7 8 6 5 0 6
Last Time Cost: 00000010 ms
Total Time Cost: 00000076 ms
Total Distance 238: 6 7 7 9 5 5 5 6 6 7 7 9 4 5 5 5 6 7 7 9 5 0 5 6 6 7 7 9 6 4 5 6 6 7 7 8 6 5 0 6
Last Time Cost: 00000011 ms
Total Time Cost: 00000087 ms
Total Distance 236: 6 7 7 9 5 5 5 6 6 7 7 9 4 5 5 5 6 7 7 9 4 0 5 6 6 7 7 9 6 3 5 6 6 7 7 8 6 5 0 6
Last Time Cost: 00000013 ms
Total Time Cost: 00000100 ms
Total Distance 234: 6 7 7 9 5 5 5 6 6 7 7 9 4 5 5 5 6 7 7 9 3 0 5 6 6 7 7 9 6 2 5 6 6 7 7 8 6 5 0 6
Last Time Cost: 00000013 ms
Total Time Cost: 00000113 ms
Total Distance 233: 6 7 7 9 5 5 5 6 6 7 7 9 4 5 5 5 6 7 7 9 3 0 5 6 6 7 7 9 6 1 5 6 6 7 7 8 6 5 0 6
Last Time Cost: 00000014 ms
Total Time Cost: 00000127 ms
Total Distance 232: 6 7 7 9 5 5 5 6 6 7 7 9 4 5 5 5 6 7 7 9 3 0 5 6 6 7 7 9 6 0 5 6 6 7 7 8 6 5 0 6
Last Time Cost: 00000015 ms
Total Time Cost: 00000142 ms
Total Distance 230: 6 7 7 9 5 5 5 6 6 7 7 9 4 5 5 5 6 7 7 9 2 0 5 6 6 7 7 9 5 0 5 6 6 7 7 8 6 5 0 6
Last Time Cost: 00000017 ms
Total Time Cost: 00000159 ms
Total Distance 229: 6 7 7 9 5 5 5 6 6 7 7 9 4 5 5 5 6 7 7 9 1 0 5 6 6 7 7 9 5 0 5 6 6 7 7 8 6 5 0 6
Last Time Cost: 00000017 ms
Total Time Cost: 00000176 ms
Total Distance 228: 6 7 7 9 5 5 5 6 6 7 7 9 4 5 5 5 6 7 7 9 0 0 5 6 6 7 7 9 5 0 5 6 6 7 7 8 6 5 0 6
Last Time Cost: 00000020 ms
Total Time Cost: 00000196 ms
Total Distance 226: 6 7 7 9 5 5 5 6 6 7 7 9 3 5 5 5 6 7 7 9 0 0 5 6 6 7 6 9 5 0 5 6 6 7 7 8 6 5 0 6
Last Time Cost: 00000022 ms
Total Time Cost: 00000218 ms
Total Distance 225: 6 7 7 9 5 5 5 6 6 7 7 9 2 5 5 5 6 7 7 9 0 0 5 6 6 7 6 9 5 0 5 6 6 7 7 8 6 5 0 6
Last Time Cost: 00000022 ms
Total Time Cost: 00000240 ms
Total Distance 224: 6 7 7 9 5 5 5 6 6 7 7 9 1 5 5 5 6 7 7 9 0 0 5 6 6 7 6 9 5 0 5 6 6 7 7 8 6 5 0 6
Last Time Cost: 00000024 ms
Total Time Cost: 00000264 ms
Total Distance 223: 6 7 7 9 5 5 5 6 6 7 7 9 0 5 5 5 6 7 7 9 0 0 5 6 6 7 6 9 5 0 5 6 6 7 7 8 6 5 0 6
Last Time Cost: 00000035 ms
Total Time Cost: 00000299 ms
Total Distance 218: 6 7 7 9 5 5 5 6 6 7 6 8 0 5 5 4 5 7 7 9 0 0 5 6 6 7 6 9 5 0 5 6 6 6 7 8 6 5 0 6
Last Time Cost: 00000028 ms
Total Time Cost: 00000327 ms
Total Distance 214: 6 7 7 9 5 5 5 6 6 7 6 8 0 5 4 3 5 7 7 9 0 0 5 5 6 7 6 9 5 0 5 6 5 6 7 8 6 5 0 6
Last Time Cost: 00000029 ms
Total Time Cost: 00000356 ms
Total Distance 212: 6 7 7 9 5 5 5 6 6 7 6 8 0 5 4 2 5 7 7 9 0 0 5 4 6 7 6 9 5 0 5 6 5 6 7 8 6 5 0 6
Last Time Cost: 00000030 ms
Total Time Cost: 00000386 ms
Total Distance 211: 6 7 7 9 5 5 5 6 6 7 6 8 0 5 4 1 5 7 7 9 0 0 5 4 6 7 6 9 5 0 5 6 5 6 7 8 6 5 0 6
Last Time Cost: 00000031 ms
Total Time Cost: 00000417 ms
Total Distance 210: 6 7 7 9 5 5 5 6 6 7 6 8 0 5 4 0 5 7 7 9 0 0 5 4 6 7 6 9 5 0 5 6 5 6 7 8 6 5 0 6
Last Time Cost: 00000035 ms
Total Time Cost: 00000452 ms
Total Distance 206: 5 7 7 9 5 5 5 6 6 7 6 8 0 5 4 0 5 7 7 9 0 0 4 3 6 7 6 9 5 0 5 5 5 6 7 8 6 5 0 6
Last Time Cost: 00000037 ms
Total Time Cost: 00000489 ms
Total Distance 204: 5 7 7 9 5 5 5 6 6 7 6 8 0 5 4 0 5 7 7 9 0 0 4 2 5 7 6 9 5 0 5 5 5 6 7 8 6 5 0 6
Last Time Cost: 00000040 ms
Total Time Cost: 00000529 ms
Total Distance 203: 5 7 7 9 5 5 5 6 6 7 6 8 0 5 4 0 5 7 7 9 0 0 4 1 5 7 6 9 5 0 5 5 5 6 7 8 6 5 0 6
Last Time Cost: 00000041 ms
Total Time Cost: 00000570 ms
Total Distance 202: 5 7 7 9 5 5 5 6 6 7 6 8 0 5 4 0 5 7 7 9 0 0 4 0 5 7 6 9 5 0 5 5 5 6 7 8 6 5 0 6
Last Time Cost: 00000046 ms
Total Time Cost: 00000616 ms
Total Distance 199: 5 7 7 9 5 5 5 6 6 7 6 8 0 5 3 0 5 7 7 9 0 0 4 0 5 7 6 9 4 0 5 5 5 6 7 8 6 4 0 6
Last Time Cost: 00000047 ms
Total Time Cost: 00000663 ms
Total Distance 197: 5 7 7 9 5 5 5 6 6 7 6 8 0 5 2 0 5 7 7 9 0 0 3 0 5 7 6 9 4 0 5 5 5 6 7 8 6 4 0 6
Last Time Cost: 00000048 ms
Total Time Cost: 00000711 ms
Total Distance 196: 5 7 7 9 5 5 5 6 6 7 6 8 0 5 1 0 5 7 7 9 0 0 3 0 5 7 6 9 4 0 5 5 5 6 7 8 6 4 0 6
Last Time Cost: 00000051 ms
Total Time Cost: 00000762 ms
Total Distance 195: 5 7 7 9 5 5 5 6 6 7 6 8 0 5 0 0 5 7 7 9 0 0 3 0 5 7 6 9 4 0 5 5 5 6 7 8 6 4 0 6
Last Time Cost: 00000054 ms
Total Time Cost: 00000816 ms
Total Distance 194: 5 7 7 9 5 5 5 6 6 7 6 8 0 5 0 0 5 7 7 9 0 0 2 0 5 7 6 9 4 0 5 5 5 6 7 8 6 4 0 6
Last Time Cost: 00000057 ms
Total Time Cost: 00000873 ms
Total Distance 193: 5 7 7 9 5 5 5 6 6 7 6 8 0 5 0 0 5 7 7 9 0 0 1 0 5 7 6 9 4 0 5 5 5 6 7 8 6 4 0 6
Last Time Cost: 00000062 ms
Total Time Cost: 00000935 ms
Total Distance 192: 5 7 7 9 5 5 5 6 6 7 6 8 0 5 0 0 5 7 7 9 0 0 0 0 5 7 6 9 4 0 5 5 5 6 7 8 6 4 0 6
Last Time Cost: 00000068 ms
Total Time Cost: 00001003 ms
Total Distance 190: 5 7 7 9 5 5 5 6 6 7 6 8 0 5 0 0 5 7 7 9 0 0 0 0 5 7 6 9 3 0 5 5 5 6 7 8 6 3 0 6
Last Time Cost: 00000070 ms
Total Time Cost: 00001073 ms
Total Distance 188: 5 7 7 9 5 5 4 6 6 7 6 8 0 5 0 0 5 7 7 9 0 0 0 0 5 7 6 9 3 0 5 5 5 6 7 8 6 2 0 6
Last Time Cost: 00000074 ms
Total Time Cost: 00001147 ms
Total Distance 187: 5 7 7 9 5 5 4 6 6 7 6 8 0 5 0 0 5 7 7 9 0 0 0 0 5 7 6 9 3 0 5 5 5 6 7 8 6 1 0 6
Last Time Cost: 00000075 ms
Total Time Cost: 00001222 ms
Total Distance 186: 5 7 7 9 5 5 4 6 6 7 6 8 0 5 0 0 5 7 7 9 0 0 0 0 5 7 6 9 3 0 5 5 5 6 7 8 6 0 0 6
Last Time Cost: 00000083 ms
Total Time Cost: 00001305 ms
Total Distance 184: 5 7 7 9 5 5 4 6 6 7 6 8 0 5 0 0 5 7 7 9 0 0 0 0 5 7 6 9 2 0 5 5 5 6 7 8 5 0 0 6
Last Time Cost: 00000085 ms
Total Time Cost: 00001390 ms
Total Distance 182: 5 7 7 9 5 5 4 6 6 7 6 8 0 5 0 0 5 7 7 8 0 0 0 0 5 7 6 9 1 0 5 5 5 6 7 8 5 0 0 6
Last Time Cost: 00000090 ms
Total Time Cost: 00001480 ms
Total Distance 181: 5 7 7 9 5 5 4 6 6 7 6 8 0 5 0 0 5 7 7 8 0 0 0 0 5 7 6 9 0 0 5 5 5 6 7 8 5 0 0 6
Last Time Cost: 00000095 ms
Total Time Cost: 00001575 ms
Total Distance 179: 5 7 7 9 5 4 3 6 6 7 6 8 0 5 0 0 5 7 7 8 0 0 0 0 5 7 6 9 0 0 5 5 5 6 7 8 5 0 0 6
Last Time Cost: 00000097 ms
Total Time Cost: 00001672 ms
Total Distance 177: 5 7 7 9 5 4 2 5 6 7 6 8 0 5 0 0 5 7 7 8 0 0 0 0 5 7 6 9 0 0 5 5 5 6 7 8 5 0 0 6
Last Time Cost: 00000102 ms
Total Time Cost: 00001774 ms
Total Distance 175: 5 7 7 9 5 4 1 4 6 7 6 8 0 5 0 0 5 7 7 8 0 0 0 0 5 7 6 9 0 0 5 5 5 6 7 8 5 0 0 6
Last Time Cost: 00000109 ms
Total Time Cost: 00001883 ms
Total Distance 174: 5 7 7 9 5 4 0 4 6 7 6 8 0 5 0 0 5 7 7 8 0 0 0 0 5 7 6 9 0 0 5 5 5 6 7 8 5 0 0 6
Last Time Cost: 00000119 ms
Total Time Cost: 00002002 ms
Total Distance 172: 5 7 7 9 5 3 0 4 6 7 6 8 0 4 0 0 5 7 7 8 0 0 0 0 5 7 6 9 0 0 5 5 5 6 7 8 5 0 0 6
Last Time Cost: 00000121 ms
Total Time Cost: 00002123 ms
Total Distance 170: 5 7 7 9 5 2 0 4 6 7 6 8 0 4 0 0 5 7 7 7 0 0 0 0 5 7 6 9 0 0 5 5 5 6 7 8 5 0 0 6
Last Time Cost: 00000126 ms
Total Time Cost: 00002249 ms
Total Distance 168: 5 7 7 9 5 1 0 4 6 7 6 8 0 4 0 0 5 7 7 7 0 0 0 0 5 7 6 9 0 0 5 5 5 6 7 8 4 0 0 6
Last Time Cost: 00000131 ms
Total Time Cost: 00002380 ms
Total Distance 167: 5 7 7 9 5 0 0 4 6 7 6 8 0 4 0 0 5 7 7 7 0 0 0 0 5 7 6 9 0 0 5 5 5 6 7 8 4 0 0 6
Last Time Cost: 00000149 ms
Total Time Cost: 00002529 ms
Total Distance 164: 5 7 7 9 4 0 0 4 6 7 6 8 0 3 0 0 5 7 7 7 0 0 0 0 5 7 6 9 0 0 5 5 5 6 7 8 4 0 0 5
Last Time Cost: 00000149 ms
Total Time Cost: 00002678 ms
Total Distance 162: 5 7 7 9 3 0 0 4 6 7 6 8 0 2 0 0 5 7 7 7 0 0 0 0 5 7 6 9 0 0 5 5 5 6 7 8 4 0 0 5
Last Time Cost: 00000151 ms
Total Time Cost: 00002829 ms
Total Distance 161: 5 7 7 9 3 0 0 4 6 7 6 8 0 1 0 0 5 7 7 7 0 0 0 0 5 7 6 9 0 0 5 5 5 6 7 8 4 0 0 5
Last Time Cost: 00000158 ms
Total Time Cost: 00002987 ms
Total Distance 160: 5 7 7 9 3 0 0 4 6 7 6 8 0 0 0 0 5 7 7 7 0 0 0 0 5 7 6 9 0 0 5 5 5 6 7 8 4 0 0 5
Last Time Cost: 00000167 ms
Total Time Cost: 00003154 ms
Total Distance 158: 5 7 7 9 2 0 0 4 6 7 6 8 0 0 0 0 5 7 7 7 0 0 0 0 5 7 6 9 0 0 5 5 5 6 7 7 4 0 0 5
Last Time Cost: 00000175 ms
Total Time Cost: 00003329 ms
Total Distance 157: 5 7 7 9 1 0 0 4 6 7 6 8 0 0 0 0 5 7 7 7 0 0 0 0 5 7 6 9 0 0 5 5 5 6 7 7 4 0 0 5
Last Time Cost: 00000180 ms
Total Time Cost: 00003509 ms
Total Distance 156: 5 7 7 9 0 0 0 4 6 7 6 8 0 0 0 0 5 7 7 7 0 0 0 0 5 7 6 9 0 0 5 5 5 6 7 7 4 0 0 5
Last Time Cost: 00000196 ms
Total Time Cost: 00003705 ms
Total Distance 154: 5 7 7 9 0 0 0 3 6 7 6 8 0 0 0 0 5 7 7 7 0 0 0 0 5 6 6 9 0 0 5 5 5 6 7 7 4 0 0 5
Last Time Cost: 00000200 ms
Total Time Cost: 00003905 ms
Total Distance 152: 5 7 7 8 0 0 0 2 6 7 6 8 0 0 0 0 5 7 7 7 0 0 0 0 5 6 6 9 0 0 5 5 5 6 7 7 4 0 0 5
Last Time Cost: 00000204 ms
Total Time Cost: 00004109 ms
Total Distance 150: 5 7 7 7 0 0 0 1 6 7 6 8 0 0 0 0 5 7 7 7 0 0 0 0 5 6 6 9 0 0 5 5 5 6 7 7 4 0 0 5
Last Time Cost: 00000210 ms
Total Time Cost: 00004319 ms
Total Distance 149: 5 7 7 7 0 0 0 0 6 7 6 8 0 0 0 0 5 7 7 7 0 0 0 0 5 6 6 9 0 0 5 5 5 6 7 7 4 0 0 5
Last Time Cost: 00000232 ms
Total Time Cost: 00004551 ms
Total Distance 147: 5 7 7 7 0 0 0 0 6 7 6 8 0 0 0 0 5 7 7 7 0 0 0 0 5 6 6 8 0 0 5 5 5 6 7 7 3 0 0 5
Last Time Cost: 00000235 ms
Total Time Cost: 00004786 ms
Total Distance 146: 5 7 7 7 0 0 0 0 6 7 6 8 0 0 0 0 5 7 7 7 0 0 0 0 5 6 6 8 0 0 5 5 5 6 7 7 2 0 0 5
Last Time Cost: 00000242 ms
Total Time Cost: 00005028 ms
Total Distance 145: 5 7 7 7 0 0 0 0 6 7 6 8 0 0 0 0 5 7 7 7 0 0 0 0 5 6 6 8 0 0 5 5 5 6 7 7 1 0 0 5
Last Time Cost: 00000252 ms
Total Time Cost: 00005280 ms
Total Distance 144: 5 7 7 7 0 0 0 0 6 7 6 8 0 0 0 0 5 7 7 7 0 0 0 0 5 6 6 8 0 0 5 5 5 6 7 7 0 0 0 5
Last Time Cost: 00000285 ms
Total Time Cost: 00005565 ms
Total Distance 139: 4 7 7 7 0 0 0 0 6 7 6 8 0 0 0 0 5 6 7 7 0 0 0 0 5 6 6 8 0 0 5 5 5 6 6 6 0 0 0 4
Last Time Cost: 00000277 ms
Total Time Cost: 00005842 ms
Total Distance 136: 3 7 7 7 0 0 0 0 6 7 6 8 0 0 0 0 5 5 7 7 0 0 0 0 5 6 6 8 0 0 5 5 5 6 5 6 0 0 0 4
Last Time Cost: 00000284 ms
Total Time Cost: 00006126 ms
Total Distance 134: 2 7 7 7 0 0 0 0 6 6 6 8 0 0 0 0 5 5 7 7 0 0 0 0 5 6 6 8 0 0 5 5 5 6 5 6 0 0 0 4
Last Time Cost: 00000297 ms
Total Time Cost: 00006423 ms
Total Distance 133: 1 7 7 7 0 0 0 0 6 6 6 8 0 0 0 0 5 5 7 7 0 0 0 0 5 6 6 8 0 0 5 5 5 6 5 6 0 0 0 4
Last Time Cost: 00000308 ms
Total Time Cost: 00006731 ms
Total Distance 132: 0 7 7 7 0 0 0 0 6 6 6 8 0 0 0 0 5 5 7 7 0 0 0 0 5 6 6 8 0 0 5 5 5 6 5 6 0 0 0 4
Last Time Cost: 00000326 ms
Total Time Cost: 00007057 ms
Total Distance 130: 0 7 7 7 0 0 0 0 6 6 6 8 0 0 0 0 4 5 7 7 0 0 0 0 5 6 6 8 0 0 5 5 5 6 5 6 0 0 0 3
Last Time Cost: 00000334 ms
Total Time Cost: 00007391 ms
Total Distance 129: 0 7 7 7 0 0 0 0 6 6 6 8 0 0 0 0 4 5 7 7 0 0 0 0 5 6 6 8 0 0 5 5 5 6 5 6 0 0 0 2
Last Time Cost: 00000339 ms
Total Time Cost: 00007730 ms
Total Distance 128: 0 7 7 7 0 0 0 0 6 6 6 8 0 0 0 0 4 5 7 7 0 0 0 0 5 6 6 8 0 0 5 5 5 6 5 6 0 0 0 1
Last Time Cost: 00000356 ms
Total Time Cost: 00008086 ms
Total Distance 127: 0 7 7 7 0 0 0 0 6 6 6 8 0 0 0 0 4 5 7 7 0 0 0 0 5 6 6 8 0 0 5 5 5 6 5 6 0 0 0 0
Last Time Cost: 00000373 ms
Total Time Cost: 00008459 ms
Total Distance 124: 0 7 7 7 0 0 0 0 6 6 5 8 0 0 0 0 3 5 7 7 0 0 0 0 5 6 6 8 0 0 5 5 5 5 5 6 0 0 0 0
Last Time Cost: 00000385 ms
Total Time Cost: 00008844 ms
Total Distance 122: 0 7 7 7 0 0 0 0 6 6 5 8 0 0 0 0 2 5 7 7 0 0 0 0 5 6 5 8 0 0 5 5 5 5 5 6 0 0 0 0
Last Time Cost: 00000396 ms
Total Time Cost: 00009240 ms
Total Distance 121: 0 7 7 7 0 0 0 0 6 6 5 8 0 0 0 0 1 5 7 7 0 0 0 0 5 6 5 8 0 0 5 5 5 5 5 6 0 0 0 0
Last Time Cost: 00000408 ms
Total Time Cost: 00009648 ms
Total Distance 120: 0 7 7 7 0 0 0 0 6 6 5 8 0 0 0 0 0 5 7 7 0 0 0 0 5 6 5 8 0 0 5 5 5 5 5 6 0 0 0 0
Last Time Cost: 00000451 ms
Total Time Cost: 00010099 ms
Total Distance 115: 0 6 7 7 0 0 0 0 6 5 5 8 0 0 0 0 0 5 7 7 0 0 0 0 5 6 4 8 0 0 5 4 4 5 5 6 0 0 0 0
Last Time Cost: 00000442 ms
Total Time Cost: 00010541 ms
Total Distance 112: 0 6 7 7 0 0 0 0 6 4 5 8 0 0 0 0 0 5 7 7 0 0 0 0 5 6 4 7 0 0 5 4 3 5 5 6 0 0 0 0
Last Time Cost: 00000457 ms
Total Time Cost: 00010998 ms
Total Distance 109: 0 5 7 7 0 0 0 0 6 4 5 8 0 0 0 0 0 5 7 7 0 0 0 0 5 6 4 6 0 0 5 4 2 5 5 6 0 0 0 0
Last Time Cost: 00000465 ms
Total Time Cost: 00011463 ms
Total Distance 108: 0 5 7 7 0 0 0 0 6 4 5 8 0 0 0 0 0 5 7 7 0 0 0 0 5 6 4 6 0 0 5 4 1 5 5 6 0 0 0 0
Last Time Cost: 00000475 ms
Total Time Cost: 00011938 ms
Total Distance 107: 0 5 7 7 0 0 0 0 6 4 5 8 0 0 0 0 0 5 7 7 0 0 0 0 5 6 4 6 0 0 5 4 0 5 5 6 0 0 0 0
Last Time Cost: 00000510 ms
Total Time Cost: 00012448 ms
Total Distance 104: 0 5 7 7 0 0 0 0 5 3 5 8 0 0 0 0 0 5 7 7 0 0 0 0 5 6 4 6 0 0 5 3 0 5 5 6 0 0 0 0
Last Time Cost: 00000516 ms
Total Time Cost: 00012964 ms
Total Distance 102: 0 5 7 7 0 0 0 0 5 2 5 8 0 0 0 0 0 5 7 7 0 0 0 0 5 6 4 6 0 0 5 2 0 5 5 6 0 0 0 0
Last Time Cost: 00000535 ms
Total Time Cost: 00013499 ms
Total Distance 101: 0 5 7 7 0 0 0 0 5 1 5 8 0 0 0 0 0 5 7 7 0 0 0 0 5 6 4 6 0 0 5 2 0 5 5 6 0 0 0 0
Last Time Cost: 00000545 ms
Total Time Cost: 00014044 ms
Total Distance 100: 0 5 7 7 0 0 0 0 5 0 5 8 0 0 0 0 0 5 7 7 0 0 0 0 5 6 4 6 0 0 5 2 0 5 5 6 0 0 0 0
Last Time Cost: 00000583 ms
Total Time Cost: 00014627 ms
Total Distance 99: 0 5 7 7 0 0 0 0 5 0 5 8 0 0 0 0 0 5 7 7 0 0 0 0 5 6 4 6 0 0 5 1 0 5 5 6 0 0 0 0
Last Time Cost: 00000583 ms
Total Time Cost: 00015210 ms
Total Distance 98: 0 5 7 7 0 0 0 0 5 0 5 8 0 0 0 0 0 5 7 7 0 0 0 0 5 6 4 6 0 0 5 0 0 5 5 6 0 0 0 0
Last Time Cost: 00000620 ms
Total Time Cost: 00015830 ms
Total Distance 96: 0 5 7 7 0 0 0 0 5 0 5 8 0 0 0 0 0 5 7 7 0 0 0 0 5 6 3 6 0 0 5 0 0 5 4 6 0 0 0 0
Last Time Cost: 00000637 ms
Total Time Cost: 00016467 ms
Total Distance 95: 0 5 7 7 0 0 0 0 5 0 5 8 0 0 0 0 0 5 7 7 0 0 0 0 5 6 2 6 0 0 5 0 0 5 4 6 0 0 0 0
Last Time Cost: 00000648 ms
Total Time Cost: 00017115 ms
Total Distance 94: 0 5 7 7 0 0 0 0 5 0 5 8 0 0 0 0 0 5 7 7 0 0 0 0 5 6 1 6 0 0 5 0 0 5 4 6 0 0 0 0
Last Time Cost: 00000662 ms
Total Time Cost: 00017777 ms
Total Distance 93: 0 5 7 7 0 0 0 0 5 0 5 8 0 0 0 0 0 5 7 7 0 0 0 0 5 6 0 6 0 0 5 0 0 5 4 6 0 0 0 0
Last Time Cost: 00000691 ms
Total Time Cost: 00018468 ms
Total Distance 91: 0 5 7 7 0 0 0 0 5 0 5 8 0 0 0 0 0 4 7 7 0 0 0 0 5 6 0 6 0 0 5 0 0 5 3 6 0 0 0 0
Last Time Cost: 00000706 ms
Total Time Cost: 00019174 ms
Total Distance 88: 0 5 7 7 0 0 0 0 5 0 5 8 0 0 0 0 0 4 7 7 0 0 0 0 5 5 0 6 0 0 5 0 0 5 2 5 0 0 0 0
Last Time Cost: 00000732 ms
Total Time Cost: 00019906 ms
Total Distance 87: 0 5 7 7 0 0 0 0 5 0 5 8 0 0 0 0 0 4 7 7 0 0 0 0 5 5 0 6 0 0 5 0 0 5 1 5 0 0 0 0
Last Time Cost: 00000749 ms
Total Time Cost: 00020655 ms
Total Distance 86: 0 5 7 7 0 0 0 0 5 0 5 8 0 0 0 0 0 4 7 7 0 0 0 0 5 5 0 6 0 0 5 0 0 5 0 5 0 0 0 0
Last Time Cost: 00000779 ms
Total Time Cost: 00021434 ms
Total Distance 83: 0 5 6 7 0 0 0 0 4 0 5 8 0 0 0 0 0 3 7 7 0 0 0 0 5 5 0 6 0 0 5 0 0 5 0 5 0 0 0 0
Last Time Cost: 00000801 ms
Total Time Cost: 00022235 ms
Total Distance 81: 0 5 6 7 0 0 0 0 3 0 5 8 0 0 0 0 0 2 7 7 0 0 0 0 5 5 0 6 0 0 5 0 0 5 0 5 0 0 0 0
Last Time Cost: 00000828 ms
Total Time Cost: 00023063 ms
Total Distance 79: 0 5 6 6 0 0 0 0 3 0 5 8 0 0 0 0 0 1 7 7 0 0 0 0 5 5 0 6 0 0 5 0 0 5 0 5 0 0 0 0
Last Time Cost: 00000843 ms
Total Time Cost: 00023906 ms
Total Distance 78: 0 5 6 6 0 0 0 0 3 0 5 8 0 0 0 0 0 0 7 7 0 0 0 0 5 5 0 6 0 0 5 0 0 5 0 5 0 0 0 0
Last Time Cost: 00000883 ms
Total Time Cost: 00024789 ms
Total Distance 76: 0 5 6 6 0 0 0 0 2 0 5 7 0 0 0 0 0 0 7 7 0 0 0 0 5 5 0 6 0 0 5 0 0 5 0 5 0 0 0 0
Last Time Cost: 00000025 ms
Total Time Cost: 00024814 ms
Total Distance 75: 0 5 6 6 0 0 0 0 1 0 5 7 0 0 0 0 0 0 7 7 0 0 0 0 5 5 0 6 0 0 5 0 0 5 0 5 0 0 0 0
Last Time Cost: 00000024 ms
Total Time Cost: 00024838 ms
Total Distance 74: 0 5 6 6 0 0 0 0 0 0 5 7 0 0 0 0 0 0 7 7 0 0 0 0 5 5 0 6 0 0 5 0 0 5 0 5 0 0 0 0
Last Time Cost: 00000058 ms
Total Time Cost: 00024896 ms
Total Distance 71: 0 5 6 6 0 0 0 0 0 0 5 7 0 0 0 0 0 0 7 7 0 0 0 0 4 5 0 6 0 0 4 0 0 4 0 5 0 0 0 0
Last Time Cost: 00000027 ms
Total Time Cost: 00024923 ms
Total Distance 69: 0 5 6 6 0 0 0 0 0 0 5 7 0 0 0 0 0 0 7 7 0 0 0 0 3 5 0 6 0 0 4 0 0 3 0 5 0 0 0 0
Last Time Cost: 00000026 ms
Total Time Cost: 00024949 ms
Total Distance 67: 0 5 6 6 0 0 0 0 0 0 5 7 0 0 0 0 0 0 6 7 0 0 0 0 2 5 0 6 0 0 4 0 0 3 0 5 0 0 0 0
Last Time Cost: 00000026 ms
Total Time Cost: 00024975 ms
Total Distance 66: 0 5 6 6 0 0 0 0 0 0 5 7 0 0 0 0 0 0 6 7 0 0 0 0 1 5 0 6 0 0 4 0 0 3 0 5 0 0 0 0
Last Time Cost: 00000026 ms
Total Time Cost: 00025001 ms
Total Distance 65: 0 5 6 6 0 0 0 0 0 0 5 7 0 0 0 0 0 0 6 7 0 0 0 0 0 5 0 6 0 0 4 0 0 3 0 5 0 0 0 0
Last Time Cost: 00000027 ms
Total Time Cost: 00025028 ms
Total Distance 64: 0 5 6 6 0 0 0 0 0 0 5 7 0 0 0 0 0 0 6 7 0 0 0 0 0 5 0 6 0 0 4 0 0 2 0 5 0 0 0 0
Last Time Cost: 00000027 ms
Total Time Cost: 00025055 ms
Total Distance 63: 0 5 6 6 0 0 0 0 0 0 5 7 0 0 0 0 0 0 6 7 0 0 0 0 0 5 0 6 0 0 4 0 0 1 0 5 0 0 0 0
Last Time Cost: 00000027 ms
Total Time Cost: 00025082 ms
Total Distance 62: 0 5 6 6 0 0 0 0 0 0 5 7 0 0 0 0 0 0 6 7 0 0 0 0 0 5 0 6 0 0 4 0 0 0 0 5 0 0 0 0
Last Time Cost: 00000029 ms
Total Time Cost: 00025111 ms
Total Distance 61: 0 5 6 6 0 0 0 0 0 0 5 7 0 0 0 0 0 0 6 7 0 0 0 0 0 5 0 6 0 0 3 0 0 0 0 5 0 0 0 0
Last Time Cost: 00000028 ms
Total Time Cost: 00025139 ms
Total Distance 60: 0 5 6 6 0 0 0 0 0 0 5 7 0 0 0 0 0 0 6 7 0 0 0 0 0 5 0 6 0 0 2 0 0 0 0 5 0 0 0 0
Last Time Cost: 00000028 ms
Total Time Cost: 00025167 ms
Total Distance 59: 0 5 6 6 0 0 0 0 0 0 5 7 0 0 0 0 0 0 6 7 0 0 0 0 0 5 0 6 0 0 1 0 0 0 0 5 0 0 0 0
Last Time Cost: 00000029 ms
Total Time Cost: 00025196 ms
Total Distance 58: 0 5 6 6 0 0 0 0 0 0 5 7 0 0 0 0 0 0 6 7 0 0 0 0 0 5 0 6 0 0 0 0 0 0 0 5 0 0 0 0
Last Time Cost: 00000054 ms
Total Time Cost: 00025250 ms
Total Distance 56: 0 4 6 6 0 0 0 0 0 0 4 7 0 0 0 0 0 0 6 7 0 0 0 0 0 5 0 6 0 0 0 0 0 0 0 5 0 0 0 0
Last Time Cost: 00000034 ms
Total Time Cost: 00025284 ms
Total Distance 54: 0 4 6 6 0 0 0 0 0 0 3 7 0 0 0 0 0 0 5 7 0 0 0 0 0 5 0 6 0 0 0 0 0 0 0 5 0 0 0 0
Last Time Cost: 00000033 ms
Total Time Cost: 00025317 ms
Total Distance 53: 0 4 6 6 0 0 0 0 0 0 2 7 0 0 0 0 0 0 5 7 0 0 0 0 0 5 0 6 0 0 0 0 0 0 0 5 0 0 0 0
Last Time Cost: 00000032 ms
Total Time Cost: 00025349 ms
Total Distance 52: 0 4 6 6 0 0 0 0 0 0 1 7 0 0 0 0 0 0 5 7 0 0 0 0 0 5 0 6 0 0 0 0 0 0 0 5 0 0 0 0
Last Time Cost: 00000032 ms
Total Time Cost: 00025381 ms
Total Distance 51: 0 4 6 6 0 0 0 0 0 0 0 7 0 0 0 0 0 0 5 7 0 0 0 0 0 5 0 6 0 0 0 0 0 0 0 5 0 0 0 0
Last Time Cost: 00000033 ms
Total Time Cost: 00025414 ms
Total Distance 49: 0 3 5 6 0 0 0 0 0 0 0 7 0 0 0 0 0 0 5 7 0 0 0 0 0 5 0 6 0 0 0 0 0 0 0 5 0 0 0 0
Last Time Cost: 00000034 ms
Total Time Cost: 00025448 ms
Total Distance 48: 0 2 5 6 0 0 0 0 0 0 0 7 0 0 0 0 0 0 5 7 0 0 0 0 0 5 0 6 0 0 0 0 0 0 0 5 0 0 0 0
Last Time Cost: 00000034 ms
Total Time Cost: 00025482 ms
Total Distance 47: 0 1 5 6 0 0 0 0 0 0 0 7 0 0 0 0 0 0 5 7 0 0 0 0 0 5 0 6 0 0 0 0 0 0 0 5 0 0 0 0
Last Time Cost: 00000034 ms
Total Time Cost: 00025516 ms
Total Distance 46: 0 0 5 6 0 0 0 0 0 0 0 7 0 0 0 0 0 0 5 7 0 0 0 0 0 5 0 6 0 0 0 0 0 0 0 5 0 0 0 0
Last Time Cost: 00000062 ms
Total Time Cost: 00025578 ms
Total Distance 44: 0 0 4 6 0 0 0 0 0 0 0 7 0 0 0 0 0 0 5 7 0 0 0 0 0 4 0 6 0 0 0 0 0 0 0 5 0 0 0 0
Last Time Cost: 00000038 ms
Total Time Cost: 00025616 ms
Total Distance 42: 0 0 3 6 0 0 0 0 0 0 0 6 0 0 0 0 0 0 5 7 0 0 0 0 0 4 0 6 0 0 0 0 0 0 0 5 0 0 0 0
Last Time Cost: 00000038 ms
Total Time Cost: 00025654 ms
Total Distance 40: 0 0 2 6 0 0 0 0 0 0 0 5 0 0 0 0 0 0 5 7 0 0 0 0 0 4 0 6 0 0 0 0 0 0 0 5 0 0 0 0
Last Time Cost: 00000037 ms
Total Time Cost: 00025691 ms
Total Distance 39: 0 0 1 6 0 0 0 0 0 0 0 5 0 0 0 0 0 0 5 7 0 0 0 0 0 4 0 6 0 0 0 0 0 0 0 5 0 0 0 0
Last Time Cost: 00000039 ms
Total Time Cost: 00025730 ms
Total Distance 38: 0 0 0 6 0 0 0 0 0 0 0 5 0 0 0 0 0 0 5 7 0 0 0 0 0 4 0 6 0 0 0 0 0 0 0 5 0 0 0 0
Last Time Cost: 00000040 ms
Total Time Cost: 00025770 ms
Total Distance 36: 0 0 0 6 0 0 0 0 0 0 0 4 0 0 0 0 0 0 5 7 0 0 0 0 0 3 0 6 0 0 0 0 0 0 0 5 0 0 0 0
Last Time Cost: 00000041 ms
Total Time Cost: 00025811 ms
Total Distance 35: 0 0 0 6 0 0 0 0 0 0 0 4 0 0 0 0 0 0 5 7 0 0 0 0 0 2 0 6 0 0 0 0 0 0 0 5 0 0 0 0
Last Time Cost: 00000041 ms
Total Time Cost: 00025852 ms
Total Distance 34: 0 0 0 6 0 0 0 0 0 0 0 4 0 0 0 0 0 0 5 7 0 0 0 0 0 1 0 6 0 0 0 0 0 0 0 5 0 0 0 0
Last Time Cost: 00000040 ms
Total Time Cost: 00025892 ms
Total Distance 33: 0 0 0 6 0 0 0 0 0 0 0 4 0 0 0 0 0 0 5 7 0 0 0 0 0 0 0 6 0 0 0 0 0 0 0 5 0 0 0 0
Last Time Cost: 00000043 ms
Total Time Cost: 00025935 ms
Total Distance 31: 0 0 0 5 0 0 0 0 0 0 0 3 0 0 0 0 0 0 5 7 0 0 0 0 0 0 0 6 0 0 0 0 0 0 0 5 0 0 0 0
Last Time Cost: 00000044 ms
Total Time Cost: 00025979 ms
Total Distance 30: 0 0 0 5 0 0 0 0 0 0 0 2 0 0 0 0 0 0 5 7 0 0 0 0 0 0 0 6 0 0 0 0 0 0 0 5 0 0 0 0
Last Time Cost: 00000043 ms
Total Time Cost: 00026022 ms
Total Distance 29: 0 0 0 5 0 0 0 0 0 0 0 1 0 0 0 0 0 0 5 7 0 0 0 0 0 0 0 6 0 0 0 0 0 0 0 5 0 0 0 0
Last Time Cost: 00000044 ms
Total Time Cost: 00026066 ms
Total Distance 28: 0 0 0 5 0 0 0 0 0 0 0 0 0 0 0 0 0 0 5 7 0 0 0 0 0 0 0 6 0 0 0 0 0 0 0 5 0 0 0 0
Last Time Cost: 00000064 ms
Total Time Cost: 00026130 ms
Total Distance 26: 0 0 0 5 0 0 0 0 0 0 0 0 0 0 0 0 0 0 4 6 0 0 0 0 0 0 0 6 0 0 0 0 0 0 0 5 0 0 0 0
Last Time Cost: 00000046 ms
Total Time Cost: 00026176 ms
Total Distance 25: 0 0 0 5 0 0 0 0 0 0 0 0 0 0 0 0 0 0 3 6 0 0 0 0 0 0 0 6 0 0 0 0 0 0 0 5 0 0 0 0
Last Time Cost: 00000045 ms
Total Time Cost: 00026221 ms
Total Distance 24: 0 0 0 5 0 0 0 0 0 0 0 0 0 0 0 0 0 0 2 6 0 0 0 0 0 0 0 6 0 0 0 0 0 0 0 5 0 0 0 0
Last Time Cost: 00000047 ms
Total Time Cost: 00026268 ms
Total Distance 23: 0 0 0 5 0 0 0 0 0 0 0 0 0 0 0 0 0 0 1 6 0 0 0 0 0 0 0 6 0 0 0 0 0 0 0 5 0 0 0 0
Last Time Cost: 00000046 ms
Total Time Cost: 00026314 ms
Total Distance 22: 0 0 0 5 0 0 0 0 0 0 0 0 0 0 0 0 0 0 0 6 0 0 0 0 0 0 0 6 0 0 0 0 0 0 0 5 0 0 0 0
Last Time Cost: 00000061 ms
Total Time Cost: 00026375 ms
Total Distance 20: 0 0 0 5 0 0 0 0 0 0 0 0 0 0 0 0 0 0 0 5 0 0 0 0 0 0 0 6 0 0 0 0 0 0 0 4 0 0 0 0
Last Time Cost: 00000049 ms
Total Time Cost: 00026424 ms
Total Distance 19: 0 0 0 5 0 0 0 0 0 0 0 0 0 0 0 0 0 0 0 5 0 0 0 0 0 0 0 6 0 0 0 0 0 0 0 3 0 0 0 0
Last Time Cost: 00000049 ms
Total Time Cost: 00026473 ms
Total Distance 18: 0 0 0 5 0 0 0 0 0 0 0 0 0 0 0 0 0 0 0 5 0 0 0 0 0 0 0 6 0 0 0 0 0 0 0 2 0 0 0 0
Last Time Cost: 00000049 ms
Total Time Cost: 00026522 ms
Total Distance 17: 0 0 0 5 0 0 0 0 0 0 0 0 0 0 0 0 0 0 0 5 0 0 0 0 0 0 0 6 0 0 0 0 0 0 0 1 0 0 0 0
Last Time Cost: 00000050 ms
Total Time Cost: 00026572 ms
Total Distance 16: 0 0 0 5 0 0 0 0 0 0 0 0 0 0 0 0 0 0 0 5 0 0 0 0 0 0 0 6 0 0 0 0 0 0 0 0 0 0 0 0
Last Time Cost: 00000067 ms
Total Time Cost: 00026639 ms
Total Distance 15: 0 0 0 5 0 0 0 0 0 0 0 0 0 0 0 0 0 0 0 4 0 0 0 0 0 0 0 6 0 0 0 0 0 0 0 0 0 0 0 0
Last Time Cost: 00000054 ms
Total Time Cost: 00026693 ms
Total Distance 14: 0 0 0 5 0 0 0 0 0 0 0 0 0 0 0 0 0 0 0 3 0 0 0 0 0 0 0 6 0 0 0 0 0 0 0 0 0 0 0 0
Last Time Cost: 00000054 ms
Total Time Cost: 00026747 ms
Total Distance 13: 0 0 0 5 0 0 0 0 0 0 0 0 0 0 0 0 0 0 0 2 0 0 0 0 0 0 0 6 0 0 0 0 0 0 0 0 0 0 0 0
Last Time Cost: 00000056 ms
Total Time Cost: 00026803 ms
Total Distance 12: 0 0 0 5 0 0 0 0 0 0 0 0 0 0 0 0 0 0 0 1 0 0 0 0 0 0 0 6 0 0 0 0 0 0 0 0 0 0 0 0
Last Time Cost: 00000055 ms
Total Time Cost: 00026858 ms
Total Distance 11: 0 0 0 5 0 0 0 0 0 0 0 0 0 0 0 0 0 0 0 0 0 0 0 0 0 0 0 6 0 0 0 0 0 0 0 0 0 0 0 0
Last Time Cost: 00000067 ms
Total Time Cost: 00026925 ms
Total Distance 10: 0 0 0 4 0 0 0 0 0 0 0 0 0 0 0 0 0 0 0 0 0 0 0 0 0 0 0 6 0 0 0 0 0 0 0 0 0 0 0 0
Last Time Cost: 00000058 ms
Total Time Cost: 00026983 ms
Total Distance 9: 0 0 0 3 0 0 0 0 0 0 0 0 0 0 0 0 0 0 0 0 0 0 0 0 0 0 0 6 0 0 0 0 0 0 0 0 0 0 0 0
Last Time Cost: 00000060 ms
Total Time Cost: 00027043 ms
Total Distance 8: 0 0 0 2 0 0 0 0 0 0 0 0 0 0 0 0 0 0 0 0 0 0 0 0 0 0 0 6 0 0 0 0 0 0 0 0 0 0 0 0
Last Time Cost: 00000060 ms
Total Time Cost: 00027103 ms
Total Distance 7: 0 0 0 1 0 0 0 0 0 0 0 0 0 0 0 0 0 0 0 0 0 0 0 0 0 0 0 6 0 0 0 0 0 0 0 0 0 0 0 0
Last Time Cost: 00000060 ms
Total Time Cost: 00027163 ms
Total Distance 6: 0 0 0 0 0 0 0 0 0 0 0 0 0 0 0 0 0 0 0 0 0 0 0 0 0 0 0 6 0 0 0 0 0 0 0 0 0 0 0 0
Last Time Cost: 00000085 ms
Total Time Cost: 00027248 ms
Total Distance 5: 0 0 0 0 0 0 0 0 0 0 0 0 0 0 0 0 0 0 0 0 0 0 0 0 0 0 0 5 0 0 0 0 0 0 0 0 0 0 0 0
Last Time Cost: 00000012 ms
Total Time Cost: 00027260 ms
Total Distance 4: 0 0 0 0 0 0 0 0 0 0 0 0 0 0 0 0 0 0 0 0 0 0 0 0 0 0 0 4 0 0 0 0 0 0 0 0 0 0 0 0
Last Time Cost: 00000002 ms
Total Time Cost: 00027262 ms
Total Distance 3: 0 0 0 0 0 0 0 0 0 0 0 0 0 0 0 0 0 0 0 0 0 0 0 0 0 0 0 3 0 0 0 0 0 0 0 0 0 0 0 0
Last Time Cost: 00000001 ms
Total Time Cost: 00027263 ms
Total Distance 2: 0 0 0 0 0 0 0 0 0 0 0 0 0 0 0 0 0 0 0 0 0 0 0 0 0 0 0 2 0 0 0 0 0 0 0 0 0 0 0 0
Last Time Cost: 00000000 ms
Total Time Cost: 00027263 ms
Total Distance 1: 0 0 0 0 0 0 0 0 0 0 0 0 0 0 0 0 0 0 0 0 0 0 0 0 0 0 0 1 0 0 0 0 0 0 0 0 0 0 0 0
Last Time Cost: 00000000 ms
Total Time Cost: 00027263 ms
Total Distance 0: 0 0 0 0 0 0 0 0 0 0 0 0 0 0 0 0 0 0 0 0 0 0 0 0 0 0 0 0 0 0 0 0 0 0 0 0 0 0 0 0
