Last Time Cost: 00000000 ms
Total Time Cost: 00000000 ms
Total Distance 270: 8 8 8 9 6 5 4 6 8 8 8 9 6 5 4 6 8 8 8 9 6 5 4 6 8 8 8 9 6 5 4 6 8 8 8 9 6 5 4 6
Last Time Cost: 00000011 ms
Total Time Cost: 00000011 ms
Total Distance 267: 8 8 8 9 6 5 4 6 8 8 8 9 6 5 4 6 8 8 8 9 5 5 4 6 8 7 8 9 6 5 4 6 8 8 8 9 6 5 3 6
Last Time Cost: 00000007 ms
Total Time Cost: 00000018 ms
Total Distance 265: 8 8 8 9 6 5 4 6 8 8 8 9 6 5 4 6 8 8 8 9 4 5 4 6 8 7 8 9 6 5 4 6 8 8 8 9 6 5 2 6
Last Time Cost: 00000007 ms
Total Time Cost: 00000025 ms
Total Distance 263: 8 8 8 9 6 5 4 6 7 8 8 9 6 5 4 6 8 8 8 9 4 5 4 6 8 7 8 9 6 5 4 6 8 8 8 9 6 5 1 6
Last Time Cost: 00000007 ms
Total Time Cost: 00000032 ms
Total Distance 262: 8 8 8 9 6 5 4 6 7 8 8 9 6 5 4 6 8 8 8 9 4 5 4 6 8 7 8 9 6 5 4 6 8 8 8 9 6 5 0 6
Last Time Cost: 00000008 ms
Total Time Cost: 00000040 ms
Total Distance 258: 8 8 8 9 6 5 4 5 7 8 8 9 6 5 4 6 8 8 8 9 3 5 4 6 8 7 8 9 6 4 4 6 8 8 7 9 6 5 0 6
Last Time Cost: 00000009 ms
Total Time Cost: 00000049 ms
Total Distance 254: 8 8 7 9 6 5 4 5 7 8 8 8 6 5 4 5 8 8 8 9 2 5 4 6 8 7 8 9 6 4 4 6 8 8 7 9 6 5 0 6
Last Time Cost: 00000009 ms
Total Time Cost: 00000058 ms
Total Distance 253: 8 8 7 9 6 5 4 5 7 8 8 8 6 5 4 5 8 8 8 9 1 5 4 6 8 7 8 9 6 4 4 6 8 8 7 9 6 5 0 6
Last Time Cost: 00000009 ms
Total Time Cost: 00000067 ms
Total Distance 252: 8 8 7 9 6 5 4 5 7 8 8 8 6 5 4 5 8 8 8 9 0 5 4 6 8 7 8 9 6 4 4 6 8 8 7 9 6 5 0 6
Last Time Cost: 00000011 ms
Total Time Cost: 00000078 ms
Total Distance 248: 8 8 7 9 6 5 4 5 7 7 8 7 6 5 4 5 8 8 8 9 0 4 4 6 8 7 8 9 6 3 4 6 8 8 7 9 6 5 0 6
Last Time Cost: 00000012 ms
Total Time Cost: 00000090 ms
Total Distance 245: 8 8 7 9 6 5 4 5 7 7 8 6 6 5 4 5 7 8 8 9 0 4 4 6 8 7 8 9 6 2 4 6 8 8 7 9 6 5 0 6
Last Time Cost: 00000012 ms
Total Time Cost: 00000102 ms
Total Distance 243: 8 8 7 9 6 5 4 4 7 7 8 6 6 5 4 5 7 8 8 9 0 4 4 6 8 7 8 9 6 1 4 6 8 8 7 9 6 5 0 6
Last Time Cost: 00000012 ms
Total Time Cost: 00000114 ms
Total Distance 241: 8 8 7 9 6 5 4 4 7 7 8 5 6 5 4 5 7 8 8 9 0 4 4 6 8 7 8 9 6 0 4 6 8 8 7 9 6 5 0 6
Last Time Cost: 00000016 ms
Total Time Cost: 00000130 ms
Total Distance 236: 7 7 7 8 6 5 4 4 7 7 8 5 6 4 4 5 7 8 8 9 0 3 4 6 8 7 8 9 6 0 4 6 8 8 7 9 6 5 0 6
Last Time Cost: 00000015 ms
Total Time Cost: 00000145 ms
Total Distance 234: 7 7 7 8 6 5 4 4 7 7 8 5 6 4 4 5 7 8 8 9 0 2 4 6 8 7 8 9 6 0 4 6 8 8 7 9 6 5 0 5
Last Time Cost: 00000017 ms
Total Time Cost: 00000162 ms
Total Distance 232: 7 7 7 7 6 5 4 4 7 7 8 5 6 4 4 5 7 8 8 9 0 1 4 6 8 7 8 9 6 0 4 6 8 8 7 9 6 5 0 5
Last Time Cost: 00000017 ms
Total Time Cost: 00000179 ms
Total Distance 231: 7 7 7 7 6 5 4 4 7 7 8 5 6 4 4 5 7 8 8 9 0 0 4 6 8 7 8 9 6 0 4 6 8 8 7 9 6 5 0 5
Last Time Cost: 00000022 ms
Total Time Cost: 00000201 ms
Total Distance 226: 7 7 7 7 6 4 4 4 7 7 8 5 6 3 4 5 7 8 8 9 0 0 4 6 8 7 8 9 6 0 4 6 7 7 7 8 6 5 0 5
Last Time Cost: 00000021 ms
Total Time Cost: 00000222 ms
Total Distance 223: 6 7 7 7 6 4 4 4 7 7 8 5 6 2 4 5 7 8 8 9 0 0 4 6 8 7 7 9 6 0 4 6 7 7 7 8 6 5 0 5
Last Time Cost: 00000021 ms
Total Time Cost: 00000243 ms
Total Distance 221: 6 7 7 7 6 4 4 4 7 7 8 5 6 1 4 5 7 8 7 9 0 0 4 6 8 7 7 9 6 0 4 6 7 7 7 8 6 5 0 5
Last Time Cost: 00000023 ms
Total Time Cost: 00000266 ms
Total Distance 220: 6 7 7 7 6 4 4 4 7 7 8 5 6 0 4 5 7 8 7 9 0 0 4 6 8 7 7 9 6 0 4 6 7 7 7 8 6 5 0 5
Last Time Cost: 00000028 ms
Total Time Cost: 00000294 ms
Total Distance 215: 6 7 7 7 6 3 4 4 7 7 8 5 6 0 4 5 7 8 7 9 0 0 4 6 7 6 7 8 6 0 4 6 7 7 7 8 6 4 0 5
Last Time Cost: 00000027 ms
Total Time Cost: 00000321 ms
Total Distance 213: 6 7 7 7 6 2 4 4 7 7 8 5 6 0 4 5 7 8 7 9 0 0 4 6 7 6 7 8 6 0 4 6 6 7 7 8 6 4 0 5
Last Time Cost: 00000028 ms
Total Time Cost: 00000349 ms
Total Distance 211: 6 7 7 7 6 1 4 4 7 7 8 5 6 0 4 5 7 8 7 9 0 0 4 6 7 6 7 7 6 0 4 6 6 7 7 8 6 4 0 5
Last Time Cost: 00000029 ms
Total Time Cost: 00000378 ms
Total Distance 210: 6 7 7 7 6 0 4 4 7 7 8 5 6 0 4 5 7 8 7 9 0 0 4 6 7 6 7 7 6 0 4 6 6 7 7 8 6 4 0 5
Last Time Cost: 00000035 ms
Total Time Cost: 00000413 ms
Total Distance 206: 5 7 7 6 6 0 4 3 6 7 8 5 6 0 4 5 7 8 7 9 0 0 4 6 7 6 7 7 6 0 4 6 6 7 7 8 6 4 0 5
Last Time Cost: 00000036 ms
Total Time Cost: 00000449 ms
Total Distance 204: 5 7 7 6 6 0 4 2 5 7 8 5 6 0 4 5 7 8 7 9 0 0 4 6 7 6 7 7 6 0 4 6 6 7 7 8 6 4 0 5
Last Time Cost: 00000036 ms
Total Time Cost: 00000485 ms
Total Distance 203: 5 7 7 6 6 0 4 1 5 7 8 5 6 0 4 5 7 8 7 9 0 0 4 6 7 6 7 7 6 0 4 6 6 7 7 8 6 4 0 5
Last Time Cost: 00000038 ms
Total Time Cost: 00000523 ms
Total Distance 202: 5 7 7 6 6 0 4 0 5 7 8 5 6 0 4 5 7 8 7 9 0 0 4 6 7 6 7 7 6 0 4 6 6 7 7 8 6 4 0 5
Last Time Cost: 00000043 ms
Total Time Cost: 00000566 ms
Total Distance 199: 5 7 7 6 6 0 3 0 5 7 8 5 6 0 4 5 7 8 7 9 0 0 4 6 7 6 7 7 5 0 4 6 6 6 7 8 6 4 0 5
Last Time Cost: 00000044 ms
Total Time Cost: 00000610 ms
Total Distance 197: 5 7 7 6 6 0 2 0 5 7 8 5 6 0 4 4 7 8 7 9 0 0 4 6 7 6 7 7 5 0 4 6 6 6 7 8 6 4 0 5
Last Time Cost: 00000046 ms
Total Time Cost: 00000656 ms
Total Distance 196: 5 7 7 6 6 0 1 0 5 7 8 5 6 0 4 4 7 8 7 9 0 0 4 6 7 6 7 7 5 0 4 6 6 6 7 8 6 4 0 5
Last Time Cost: 00000048 ms
Total Time Cost: 00000704 ms
Total Distance 195: 5 7 7 6 6 0 0 0 5 7 8 5 6 0 4 4 7 8 7 9 0 0 4 6 7 6 7 7 5 0 4 6 6 6 7 8 6 4 0 5
Last Time Cost: 00000054 ms
Total Time Cost: 00000758 ms
Total Distance 192: 5 6 7 6 6 0 0 0 5 7 8 5 6 0 3 4 7 8 7 9 0 0 4 6 7 6 7 7 5 0 4 6 6 6 7 8 5 4 0 5
Last Time Cost: 00000056 ms
Total Time Cost: 00000814 ms
Total Distance 190: 5 6 7 6 6 0 0 0 5 7 8 5 6 0 2 4 7 8 7 9 0 0 4 6 7 6 7 7 5 0 4 6 6 6 7 8 4 4 0 5
Last Time Cost: 00000059 ms
Total Time Cost: 00000873 ms
Total Distance 189: 5 6 7 6 6 0 0 0 5 7 8 5 6 0 1 4 7 8 7 9 0 0 4 6 7 6 7 7 5 0 4 6 6 6 7 8 4 4 0 5
Last Time Cost: 00000060 ms
Total Time Cost: 00000933 ms
Total Distance 188: 5 6 7 6 6 0 0 0 5 7 8 5 6 0 0 4 7 8 7 9 0 0 4 6 7 6 7 7 5 0 4 6 6 6 7 8 4 4 0 5
Last Time Cost: 00000070 ms
Total Time Cost: 00001003 ms
Total Distance 185: 5 6 7 6 6 0 0 0 5 7 8 5 6 0 0 4 7 8 7 9 0 0 4 6 7 6 7 6 5 0 4 5 6 6 7 8 3 4 0 5
Last Time Cost: 00000069 ms
Total Time Cost: 00001072 ms
Total Distance 182: 5 6 7 6 6 0 0 0 5 7 8 5 6 0 0 4 7 8 7 9 0 0 4 6 7 6 7 5 5 0 4 4 6 6 7 8 2 4 0 5
Last Time Cost: 00000072 ms
Total Time Cost: 00001144 ms
Total Distance 181: 5 6 7 6 6 0 0 0 5 7 8 5 6 0 0 4 7 8 7 9 0 0 4 6 7 6 7 5 5 0 4 4 6 6 7 8 1 4 0 5
Last Time Cost: 00000075 ms
Total Time Cost: 00001219 ms
Total Distance 180: 5 6 7 6 6 0 0 0 5 7 8 5 6 0 0 4 7 8 7 9 0 0 4 6 7 6 7 5 5 0 4 4 6 6 7 8 0 4 0 5
Last Time Cost: 00000085 ms
Total Time Cost: 00001304 ms
Total Distance 175: 4 6 7 6 6 0 0 0 5 7 8 5 6 0 0 4 7 7 7 9 0 0 4 6 6 6 7 5 5 0 4 3 5 6 7 8 0 4 0 5
Last Time Cost: 00000084 ms
Total Time Cost: 00001388 ms
Total Distance 173: 4 6 7 6 5 0 0 0 5 7 8 5 6 0 0 4 7 7 7 9 0 0 4 6 6 6 7 5 5 0 4 2 5 6 7 8 0 4 0 5
Last Time Cost: 00000087 ms
Total Time Cost: 00001475 ms
Total Distance 171: 4 6 7 6 5 0 0 0 5 7 8 5 6 0 0 4 7 7 7 8 0 0 4 6 6 6 7 5 5 0 4 1 5 6 7 8 0 4 0 5
Last Time Cost: 00000091 ms
Total Time Cost: 00001566 ms
Total Distance 170: 4 6 7 6 5 0 0 0 5 7 8 5 6 0 0 4 7 7 7 8 0 0 4 6 6 6 7 5 5 0 4 0 5 6 7 8 0 4 0 5
Last Time Cost: 00000099 ms
Total Time Cost: 00001665 ms
Total Distance 167: 3 6 7 6 5 0 0 0 5 7 8 5 6 0 0 4 7 6 7 8 0 0 4 6 6 6 7 5 5 0 4 0 4 6 7 8 0 4 0 5
Last Time Cost: 00000100 ms
Total Time Cost: 00001765 ms
Total Distance 165: 2 6 7 6 5 0 0 0 5 7 8 5 6 0 0 4 7 6 7 8 0 0 4 6 6 6 7 5 5 0 4 0 3 6 7 8 0 4 0 5
Last Time Cost: 00000109 ms
Total Time Cost: 00001874 ms
Total Distance 162: 1 6 7 6 5 0 0 0 5 7 8 5 6 0 0 4 7 6 7 8 0 0 4 6 6 6 6 5 5 0 4 0 3 6 7 7 0 4 0 5
Last Time Cost: 00000112 ms
Total Time Cost: 00001986 ms
Total Distance 161: 0 6 7 6 5 0 0 0 5 7 8 5 6 0 0 4 7 6 7 8 0 0 4 6 6 6 6 5 5 0 4 0 3 6 7 7 0 4 0 5
Last Time Cost: 00000118 ms
Total Time Cost: 00002104 ms
Total Distance 156: 0 5 7 6 5 0 0 0 5 6 8 5 6 0 0 4 7 6 6 8 0 0 4 6 5 6 6 5 5 0 4 0 2 6 7 7 0 4 0 5
Last Time Cost: 00000124 ms
Total Time Cost: 00002228 ms
Total Distance 154: 0 5 7 6 5 0 0 0 5 6 8 5 6 0 0 4 7 6 5 8 0 0 4 6 5 6 6 5 5 0 4 0 1 6 7 7 0 4 0 5
Last Time Cost: 00000128 ms
Total Time Cost: 00002356 ms
Total Distance 153: 0 5 7 6 5 0 0 0 5 6 8 5 6 0 0 4 7 6 5 8 0 0 4 6 5 6 6 5 5 0 4 0 0 6 7 7 0 4 0 5
Last Time Cost: 00000136 ms
Total Time Cost: 00002492 ms
Total Distance 150: 0 5 7 6 5 0 0 0 5 5 8 5 6 0 0 4 7 6 5 8 0 0 4 6 5 6 6 5 5 0 3 0 0 6 7 7 0 4 0 4
Last Time Cost: 00000141 ms
Total Time Cost: 00002633 ms
Total Distance 147: 0 5 7 6 5 0 0 0 5 5 8 5 5 0 0 4 7 5 5 8 0 0 4 6 5 6 6 5 5 0 2 0 0 6 7 7 0 4 0 4
Last Time Cost: 00000148 ms
Total Time Cost: 00002781 ms
Total Distance 146: 0 5 7 6 5 0 0 0 5 5 8 5 5 0 0 4 7 5 5 8 0 0 4 6 5 6 6 5 5 0 1 0 0 6 7 7 0 4 0 4
Last Time Cost: 00000153 ms
Total Time Cost: 00002934 ms
Total Distance 145: 0 5 7 6 5 0 0 0 5 5 8 5 5 0 0 4 7 5 5 8 0 0 4 6 5 6 6 5 5 0 0 0 0 6 7 7 0 4 0 4
Last Time Cost: 00000160 ms
Total Time Cost: 00003094 ms
Total Distance 142: 0 5 7 6 5 0 0 0 5 5 7 5 5 0 0 4 7 5 5 8 0 0 4 6 4 6 6 5 5 0 0 0 0 6 7 7 0 3 0 4
Last Time Cost: 00000170 ms
Total Time Cost: 00003264 ms
Total Distance 139: 0 5 7 6 5 0 0 0 5 5 7 5 5 0 0 4 7 4 5 7 0 0 4 6 4 6 6 5 5 0 0 0 0 6 7 7 0 2 0 4
Last Time Cost: 00000009 ms
Total Time Cost: 00003273 ms
Total Distance 137: 0 5 7 6 5 0 0 0 5 5 7 5 5 0 0 4 7 4 5 6 0 0 4 6 4 6 6 5 5 0 0 0 0 6 7 7 0 1 0 4
Last Time Cost: 00000008 ms
Total Time Cost: 00003281 ms
Total Distance 136: 0 5 7 6 5 0 0 0 5 5 7 5 5 0 0 4 7 4 5 6 0 0 4 6 4 6 6 5 5 0 0 0 0 6 7 7 0 0 0 4
Last Time Cost: 00000010 ms
Total Time Cost: 00003291 ms
Total Distance 130: 0 4 7 6 5 0 0 0 5 5 6 5 5 0 0 4 6 4 5 6 0 0 4 6 3 6 6 5 4 0 0 0 0 5 7 7 0 0 0 4
Last Time Cost: 00000008 ms
Total Time Cost: 00003299 ms
Total Distance 128: 0 3 7 6 5 0 0 0 5 5 6 5 5 0 0 4 6 4 5 6 0 0 4 6 2 6 6 5 4 0 0 0 0 5 7 7 0 0 0 4
Last Time Cost: 00000009 ms
Total Time Cost: 00003308 ms
Total Distance 127: 0 3 7 6 5 0 0 0 5 5 6 5 5 0 0 4 6 4 5 6 0 0 4 6 1 6 6 5 4 0 0 0 0 5 7 7 0 0 0 4
Last Time Cost: 00000008 ms
Total Time Cost: 00003316 ms
Total Distance 126: 0 3 7 6 5 0 0 0 5 5 6 5 5 0 0 4 6 4 5 6 0 0 4 6 0 6 6 5 4 0 0 0 0 5 7 7 0 0 0 4
Last Time Cost: 00000009 ms
Total Time Cost: 00003325 ms
Total Distance 124: 0 2 7 6 5 0 0 0 5 5 6 5 5 0 0 4 6 4 5 6 0 0 4 5 0 6 6 5 4 0 0 0 0 5 7 7 0 0 0 4
Last Time Cost: 00000009 ms
Total Time Cost: 00003334 ms
Total Distance 123: 0 1 7 6 5 0 0 0 5 5 6 5 5 0 0 4 6 4 5 6 0 0 4 5 0 6 6 5 4 0 0 0 0 5 7 7 0 0 0 4
Last Time Cost: 00000009 ms
Total Time Cost: 00003343 ms
Total Distance 122: 0 0 7 6 5 0 0 0 5 5 6 5 5 0 0 4 6 4 5 6 0 0 4 5 0 6 6 5 4 0 0 0 0 5 7 7 0 0 0 4
Last Time Cost: 00000011 ms
Total Time Cost: 00003354 ms
Total Distance 120: 0 0 7 6 4 0 0 0 5 5 6 5 5 0 0 4 6 4 5 6 0 0 3 5 0 6 6 5 4 0 0 0 0 5 7 7 0 0 0 4
Last Time Cost: 00000010 ms
Total Time Cost: 00003364 ms
Total Distance 118: 0 0 7 6 4 0 0 0 5 4 6 5 5 0 0 4 6 4 5 6 0 0 2 5 0 6 6 5 4 0 0 0 0 5 7 7 0 0 0 4
Last Time Cost: 00000010 ms
Total Time Cost: 00003374 ms
Total Distance 117: 0 0 7 6 4 0 0 0 5 4 6 5 5 0 0 4 6 4 5 6 0 0 1 5 0 6 6 5 4 0 0 0 0 5 7 7 0 0 0 4
Last Time Cost: 00000010 ms
Total Time Cost: 00003384 ms
Total Distance 116: 0 0 7 6 4 0 0 0 5 4 6 5 5 0 0 4 6 4 5 6 0 0 0 5 0 6 6 5 4 0 0 0 0 5 7 7 0 0 0 4
Last Time Cost: 00000013 ms
Total Time Cost: 00003397 ms
Total Distance 114: 0 0 7 6 4 0 0 0 5 4 6 4 5 0 0 3 6 4 5 6 0 0 0 5 0 6 6 5 4 0 0 0 0 5 7 7 0 0 0 4
Last Time Cost: 00000010 ms
Total Time Cost: 00003407 ms
Total Distance 112: 0 0 7 6 4 0 0 0 5 4 6 4 5 0 0 2 5 4 5 6 0 0 0 5 0 6 6 5 4 0 0 0 0 5 7 7 0 0 0 4
Last Time Cost: 00000012 ms
Total Time Cost: 00003419 ms
Total Distance 111: 0 0 7 6 4 0 0 0 5 4 6 4 5 0 0 1 5 4 5 6 0 0 0 5 0 6 6 5 4 0 0 0 0 5 7 7 0 0 0 4
Last Time Cost: 00000012 ms
Total Time Cost: 00003431 ms
Total Distance 110: 0 0 7 6 4 0 0 0 5 4 6 4 5 0 0 0 5 4 5 6 0 0 0 5 0 6 6 5 4 0 0 0 0 5 7 7 0 0 0 4
Last Time Cost: 00000014 ms
Total Time Cost: 00003445 ms
Total Distance 107: 0 0 7 5 4 0 0 0 5 4 6 4 4 0 0 0 5 3 5 6 0 0 0 5 0 6 6 5 4 0 0 0 0 5 7 7 0 0 0 4
Last Time Cost: 00000012 ms
Total Time Cost: 00003457 ms
Total Distance 105: 0 0 7 5 4 0 0 0 5 4 6 4 4 0 0 0 5 2 5 6 0 0 0 5 0 6 6 5 4 0 0 0 0 5 6 7 0 0 0 4
Last Time Cost: 00000012 ms
Total Time Cost: 00003469 ms
Total Distance 104: 0 0 7 5 4 0 0 0 5 4 6 4 4 0 0 0 5 1 5 6 0 0 0 5 0 6 6 5 4 0 0 0 0 5 6 7 0 0 0 4
Last Time Cost: 00000012 ms
Total Time Cost: 00003481 ms
Total Distance 103: 0 0 7 5 4 0 0 0 5 4 6 4 4 0 0 0 5 0 5 6 0 0 0 5 0 6 6 5 4 0 0 0 0 5 6 7 0 0 0 4
Last Time Cost: 00000015 ms
Total Time Cost: 00003496 ms
Total Distance 101: 0 0 7 5 4 0 0 0 5 4 6 4 4 0 0 0 4 0 5 6 0 0 0 5 0 6 6 5 3 0 0 0 0 5 6 7 0 0 0 4
Last Time Cost: 00000013 ms
Total Time Cost: 00003509 ms
Total Distance 100: 0 0 7 5 4 0 0 0 5 4 6 4 4 0 0 0 4 0 5 6 0 0 0 5 0 6 6 5 2 0 0 0 0 5 6 7 0 0 0 4
Last Time Cost: 00000013 ms
Total Time Cost: 00003522 ms
Total Distance 99: 0 0 7 5 4 0 0 0 5 4 6 4 4 0 0 0 4 0 5 6 0 0 0 5 0 6 6 5 1 0 0 0 0 5 6 7 0 0 0 4
Last Time Cost: 00000013 ms
Total Time Cost: 00003535 ms
Total Distance 97: 0 0 7 5 4 0 0 0 5 4 6 4 4 0 0 0 4 0 5 5 0 0 0 5 0 6 6 5 0 0 0 0 0 5 6 7 0 0 0 4
Last Time Cost: 00000016 ms
Total Time Cost: 00003551 ms
Total Distance 95: 0 0 7 4 4 0 0 0 5 4 6 4 3 0 0 0 4 0 5 5 0 0 0 5 0 6 6 5 0 0 0 0 0 5 6 7 0 0 0 4
Last Time Cost: 00000015 ms
Total Time Cost: 00003566 ms
Total Distance 94: 0 0 7 4 4 0 0 0 5 4 6 4 2 0 0 0 4 0 5 5 0 0 0 5 0 6 6 5 0 0 0 0 0 5 6 7 0 0 0 4
Last Time Cost: 00000014 ms
Total Time Cost: 00003580 ms
Total Distance 93: 0 0 7 4 4 0 0 0 5 4 6 4 1 0 0 0 4 0 5 5 0 0 0 5 0 6 6 5 0 0 0 0 0 5 6 7 0 0 0 4
Last Time Cost: 00000015 ms
Total Time Cost: 00003595 ms
Total Distance 92: 0 0 7 4 4 0 0 0 5 4 6 4 0 0 0 0 4 0 5 5 0 0 0 5 0 6 6 5 0 0 0 0 0 5 6 7 0 0 0 4
Last Time Cost: 00000019 ms
Total Time Cost: 00003614 ms
Total Distance 90: 0 0 7 4 4 0 0 0 5 4 6 4 0 0 0 0 3 0 5 5 0 0 0 5 0 6 6 5 0 0 0 0 0 4 6 7 0 0 0 4
Last Time Cost: 00000017 ms
Total Time Cost: 00003631 ms
Total Distance 88: 0 0 7 4 4 0 0 0 5 4 6 4 0 0 0 0 2 0 5 5 0 0 0 5 0 6 6 5 0 0 0 0 0 4 5 7 0 0 0 4
Last Time Cost: 00000017 ms
Total Time Cost: 00003648 ms
Total Distance 87: 0 0 7 4 4 0 0 0 5 4 6 4 0 0 0 0 1 0 5 5 0 0 0 5 0 6 6 5 0 0 0 0 0 4 5 7 0 0 0 4
Last Time Cost: 00000016 ms
Total Time Cost: 00003664 ms
Total Distance 86: 0 0 7 4 4 0 0 0 5 4 6 4 0 0 0 0 0 0 5 5 0 0 0 5 0 6 6 5 0 0 0 0 0 4 5 7 0 0 0 4
Last Time Cost: 00000021 ms
Total Time Cost: 00003685 ms
Total Distance 84: 0 0 7 4 4 0 0 0 5 4 6 4 0 0 0 0 0 0 5 5 0 0 0 5 0 6 5 5 0 0 0 0 0 4 5 7 0 0 0 3
Last Time Cost: 00000018 ms
Total Time Cost: 00003703 ms
Total Distance 82: 0 0 7 4 4 0 0 0 5 4 6 4 0 0 0 0 0 0 5 5 0 0 0 5 0 6 5 5 0 0 0 0 0 4 5 6 0 0 0 2
Last Time Cost: 00000018 ms
Total Time Cost: 00003721 ms
Total Distance 81: 0 0 7 4 4 0 0 0 5 4 6 4 0 0 0 0 0 0 5 5 0 0 0 5 0 6 5 5 0 0 0 0 0 4 5 6 0 0 0 1
Last Time Cost: 00000019 ms
Total Time Cost: 00003740 ms
Total Distance 80: 0 0 7 4 4 0 0 0 5 4 6 4 0 0 0 0 0 0 5 5 0 0 0 5 0 6 5 5 0 0 0 0 0 4 5 6 0 0 0 0
Last Time Cost: 00000021 ms
Total Time Cost: 00003761 ms
Total Distance 78: 0 0 7 4 3 0 0 0 5 4 6 4 0 0 0 0 0 0 5 5 0 0 0 4 0 6 5 5 0 0 0 0 0 4 5 6 0 0 0 0
Last Time Cost: 00000020 ms
Total Time Cost: 00003781 ms
Total Distance 76: 0 0 7 4 2 0 0 0 5 4 6 4 0 0 0 0 0 0 5 5 0 0 0 4 0 6 5 5 0 0 0 0 0 4 5 5 0 0 0 0
Last Time Cost: 00000020 ms
Total Time Cost: 00003801 ms
Total Distance 75: 0 0 7 4 1 0 0 0 5 4 6 4 0 0 0 0 0 0 5 5 0 0 0 4 0 6 5 5 0 0 0 0 0 4 5 5 0 0 0 0
Last Time Cost: 00000020 ms
Total Time Cost: 00003821 ms
Total Distance 74: 0 0 7 4 0 0 0 0 5 4 6 4 0 0 0 0 0 0 5 5 0 0 0 4 0 6 5 5 0 0 0 0 0 4 5 5 0 0 0 0
Last Time Cost: 00000023 ms
Total Time Cost: 00003844 ms
Total Distance 72: 0 0 7 3 0 0 0 0 5 4 6 4 0 0 0 0 0 0 5 5 0 0 0 4 0 5 5 5 0 0 0 0 0 4 5 5 0 0 0 0
Last Time Cost: 00000021 ms
Total Time Cost: 00003865 ms
Total Distance 71: 0 0 7 2 0 0 0 0 5 4 6 4 0 0 0 0 0 0 5 5 0 0 0 4 0 5 5 5 0 0 0 0 0 4 5 5 0 0 0 0
Last Time Cost: 00000022 ms
Total Time Cost: 00003887 ms
Total Distance 70: 0 0 7 1 0 0 0 0 5 4 6 4 0 0 0 0 0 0 5 5 0 0 0 4 0 5 5 5 0 0 0 0 0 4 5 5 0 0 0 0
Last Time Cost: 00000023 ms
Total Time Cost: 00003910 ms
Total Distance 69: 0 0 7 0 0 0 0 0 5 4 6 4 0 0 0 0 0 0 5 5 0 0 0 4 0 5 5 5 0 0 0 0 0 4 5 5 0 0 0 0
Last Time Cost: 00000024 ms
Total Time Cost: 00003934 ms
Total Distance 67: 0 0 6 0 0 0 0 0 5 4 6 4 0 0 0 0 0 0 5 5 0 0 0 4 0 5 5 5 0 0 0 0 0 3 5 5 0 0 0 0
Last Time Cost: 00000022 ms
Total Time Cost: 00003956 ms
Total Distance 66: 0 0 6 0 0 0 0 0 5 4 6 4 0 0 0 0 0 0 5 5 0 0 0 4 0 5 5 5 0 0 0 0 0 2 5 5 0 0 0 0
Last Time Cost: 00000023 ms
Total Time Cost: 00003979 ms
Total Distance 65: 0 0 6 0 0 0 0 0 5 4 6 4 0 0 0 0 0 0 5 5 0 0 0 4 0 5 5 5 0 0 0 0 0 1 5 5 0 0 0 0
Last Time Cost: 00000023 ms
Total Time Cost: 00004002 ms
Total Distance 64: 0 0 6 0 0 0 0 0 5 4 6 4 0 0 0 0 0 0 5 5 0 0 0 4 0 5 5 5 0 0 0 0 0 0 5 5 0 0 0 0
Last Time Cost: 00000026 ms
Total Time Cost: 00004028 ms
Total Distance 63: 0 0 6 0 0 0 0 0 5 3 6 4 0 0 0 0 0 0 5 5 0 0 0 4 0 5 5 5 0 0 0 0 0 0 5 5 0 0 0 0
Last Time Cost: 00000026 ms
Total Time Cost: 00004054 ms
Total Distance 62: 0 0 6 0 0 0 0 0 5 2 6 4 0 0 0 0 0 0 5 5 0 0 0 4 0 5 5 5 0 0 0 0 0 0 5 5 0 0 0 0
Last Time Cost: 00000024 ms
Total Time Cost: 00004078 ms
Total Distance 61: 0 0 6 0 0 0 0 0 5 1 6 4 0 0 0 0 0 0 5 5 0 0 0 4 0 5 5 5 0 0 0 0 0 0 5 5 0 0 0 0
Last Time Cost: 00000025 ms
Total Time Cost: 00004103 ms
Total Distance 60: 0 0 6 0 0 0 0 0 5 0 6 4 0 0 0 0 0 0 5 5 0 0 0 4 0 5 5 5 0 0 0 0 0 0 5 5 0 0 0 0
Last Time Cost: 00000027 ms
Total Time Cost: 00004130 ms
Total Distance 59: 0 0 6 0 0 0 0 0 5 0 6 4 0 0 0 0 0 0 5 5 0 0 0 3 0 5 5 5 0 0 0 0 0 0 5 5 0 0 0 0
Last Time Cost: 00000026 ms
Total Time Cost: 00004156 ms
Total Distance 58: 0 0 6 0 0 0 0 0 5 0 6 4 0 0 0 0 0 0 5 5 0 0 0 2 0 5 5 5 0 0 0 0 0 0 5 5 0 0 0 0
Last Time Cost: 00000027 ms
Total Time Cost: 00004183 ms
Total Distance 57: 0 0 6 0 0 0 0 0 5 0 6 4 0 0 0 0 0 0 5 5 0 0 0 1 0 5 5 5 0 0 0 0 0 0 5 5 0 0 0 0
Last Time Cost: 00000027 ms
Total Time Cost: 00004210 ms
Total Distance 56: 0 0 6 0 0 0 0 0 5 0 6 4 0 0 0 0 0 0 5 5 0 0 0 0 0 5 5 5 0 0 0 0 0 0 5 5 0 0 0 0
Last Time Cost: 00000029 ms
Total Time Cost: 00004239 ms
Total Distance 54: 0 0 6 0 0 0 0 0 5 0 6 3 0 0 0 0 0 0 5 4 0 0 0 0 0 5 5 5 0 0 0 0 0 0 5 5 0 0 0 0
Last Time Cost: 00000029 ms
Total Time Cost: 00004268 ms
Total Distance 53: 0 0 6 0 0 0 0 0 5 0 6 2 0 0 0 0 0 0 5 4 0 0 0 0 0 5 5 5 0 0 0 0 0 0 5 5 0 0 0 0
Last Time Cost: 00000029 ms
Total Time Cost: 00004297 ms
Total Distance 52: 0 0 6 0 0 0 0 0 5 0 6 1 0 0 0 0 0 0 5 4 0 0 0 0 0 5 5 5 0 0 0 0 0 0 5 5 0 0 0 0
Last Time Cost: 00000028 ms
Total Time Cost: 00004325 ms
Total Distance 51: 0 0 6 0 0 0 0 0 5 0 6 0 0 0 0 0 0 0 5 4 0 0 0 0 0 5 5 5 0 0 0 0 0 0 5 5 0 0 0 0
Last Time Cost: 00000031 ms
Total Time Cost: 00004356 ms
Total Distance 50: 0 0 6 0 0 0 0 0 5 0 6 0 0 0 0 0 0 0 5 3 0 0 0 0 0 5 5 5 0 0 0 0 0 0 5 5 0 0 0 0
Last Time Cost: 00000032 ms
Total Time Cost: 00004388 ms
Total Distance 49: 0 0 6 0 0 0 0 0 5 0 6 0 0 0 0 0 0 0 5 2 0 0 0 0 0 5 5 5 0 0 0 0 0 0 5 5 0 0 0 0
Last Time Cost: 00000033 ms
Total Time Cost: 00004421 ms
Total Distance 48: 0 0 6 0 0 0 0 0 5 0 6 0 0 0 0 0 0 0 5 1 0 0 0 0 0 5 5 5 0 0 0 0 0 0 5 5 0 0 0 0
Last Time Cost: 00000031 ms
Total Time Cost: 00004452 ms
Total Distance 47: 0 0 6 0 0 0 0 0 5 0 6 0 0 0 0 0 0 0 5 0 0 0 0 0 0 5 5 5 0 0 0 0 0 0 5 5 0 0 0 0
Last Time Cost: 00000062 ms
Total Time Cost: 00004514 ms
Total Distance 45: 0 0 6 0 0 0 0 0 4 0 6 0 0 0 0 0 0 0 5 0 0 0 0 0 0 5 5 4 0 0 0 0 0 0 5 5 0 0 0 0
Last Time Cost: 00000034 ms
Total Time Cost: 00004548 ms
Total Distance 43: 0 0 6 0 0 0 0 0 4 0 5 0 0 0 0 0 0 0 5 0 0 0 0 0 0 5 5 3 0 0 0 0 0 0 5 5 0 0 0 0
Last Time Cost: 00000034 ms
Total Time Cost: 00004582 ms
Total Distance 42: 0 0 6 0 0 0 0 0 4 0 5 0 0 0 0 0 0 0 5 0 0 0 0 0 0 5 5 2 0 0 0 0 0 0 5 5 0 0 0 0
Last Time Cost: 00000036 ms
Total Time Cost: 00004618 ms
Total Distance 41: 0 0 6 0 0 0 0 0 4 0 5 0 0 0 0 0 0 0 5 0 0 0 0 0 0 5 5 1 0 0 0 0 0 0 5 5 0 0 0 0
Last Time Cost: 00000036 ms
Total Time Cost: 00004654 ms
Total Distance 40: 0 0 6 0 0 0 0 0 4 0 5 0 0 0 0 0 0 0 5 0 0 0 0 0 0 5 5 0 0 0 0 0 0 0 5 5 0 0 0 0
Last Time Cost: 00000036 ms
Total Time Cost: 00004690 ms
Total Distance 39: 0 0 6 0 0 0 0 0 3 0 5 0 0 0 0 0 0 0 5 0 0 0 0 0 0 5 5 0 0 0 0 0 0 0 5 5 0 0 0 0
Last Time Cost: 00000037 ms
Total Time Cost: 00004727 ms
Total Distance 38: 0 0 6 0 0 0 0 0 2 0 5 0 0 0 0 0 0 0 5 0 0 0 0 0 0 5 5 0 0 0 0 0 0 0 5 5 0 0 0 0
Last Time Cost: 00000037 ms
Total Time Cost: 00004764 ms
Total Distance 37: 0 0 6 0 0 0 0 0 1 0 5 0 0 0 0 0 0 0 5 0 0 0 0 0 0 5 5 0 0 0 0 0 0 0 5 5 0 0 0 0
Last Time Cost: 00000038 ms
Total Time Cost: 00004802 ms
Total Distance 36: 0 0 6 0 0 0 0 0 0 0 5 0 0 0 0 0 0 0 5 0 0 0 0 0 0 5 5 0 0 0 0 0 0 0 5 5 0 0 0 0
Last Time Cost: 00000069 ms
Total Time Cost: 00004871 ms
Total Distance 34: 0 0 6 0 0 0 0 0 0 0 5 0 0 0 0 0 0 0 5 0 0 0 0 0 0 4 4 0 0 0 0 0 0 0 5 5 0 0 0 0
Last Time Cost: 00000042 ms
Total Time Cost: 00004913 ms
Total Distance 33: 0 0 6 0 0 0 0 0 0 0 5 0 0 0 0 0 0 0 5 0 0 0 0 0 0 4 3 0 0 0 0 0 0 0 5 5 0 0 0 0
Last Time Cost: 00000041 ms
Total Time Cost: 00004954 ms
Total Distance 32: 0 0 6 0 0 0 0 0 0 0 5 0 0 0 0 0 0 0 5 0 0 0 0 0 0 4 2 0 0 0 0 0 0 0 5 5 0 0 0 0
Last Time Cost: 00000043 ms
Total Time Cost: 00004997 ms
Total Distance 31: 0 0 6 0 0 0 0 0 0 0 5 0 0 0 0 0 0 0 5 0 0 0 0 0 0 4 1 0 0 0 0 0 0 0 5 5 0 0 0 0
Last Time Cost: 00000041 ms
Total Time Cost: 00005038 ms
Total Distance 30: 0 0 6 0 0 0 0 0 0 0 5 0 0 0 0 0 0 0 5 0 0 0 0 0 0 4 0 0 0 0 0 0 0 0 5 5 0 0 0 0
Last Time Cost: 00000042 ms
Total Time Cost: 00005080 ms
Total Distance 29: 0 0 6 0 0 0 0 0 0 0 5 0 0 0 0 0 0 0 5 0 0 0 0 0 0 3 0 0 0 0 0 0 0 0 5 5 0 0 0 0
Last Time Cost: 00000043 ms
Total Time Cost: 00005123 ms
Total Distance 28: 0 0 6 0 0 0 0 0 0 0 5 0 0 0 0 0 0 0 5 0 0 0 0 0 0 2 0 0 0 0 0 0 0 0 5 5 0 0 0 0
Last Time Cost: 00000044 ms
Total Time Cost: 00005167 ms
Total Distance 27: 0 0 6 0 0 0 0 0 0 0 5 0 0 0 0 0 0 0 5 0 0 0 0 0 0 1 0 0 0 0 0 0 0 0 5 5 0 0 0 0
Last Time Cost: 00000044 ms
Total Time Cost: 00005211 ms
Total Distance 26: 0 0 6 0 0 0 0 0 0 0 5 0 0 0 0 0 0 0 5 0 0 0 0 0 0 0 0 0 0 0 0 0 0 0 5 5 0 0 0 0
Last Time Cost: 00000071 ms
Total Time Cost: 00005282 ms
Total Distance 25: 0 0 6 0 0 0 0 0 0 0 5 0 0 0 0 0 0 0 5 0 0 0 0 0 0 0 0 0 0 0 0 0 0 0 4 5 0 0 0 0
Last Time Cost: 00000047 ms
Total Time Cost: 00005329 ms
Total Distance 24: 0 0 6 0 0 0 0 0 0 0 5 0 0 0 0 0 0 0 5 0 0 0 0 0 0 0 0 0 0 0 0 0 0 0 3 5 0 0 0 0
Last Time Cost: 00000047 ms
Total Time Cost: 00005376 ms
Total Distance 23: 0 0 6 0 0 0 0 0 0 0 5 0 0 0 0 0 0 0 5 0 0 0 0 0 0 0 0 0 0 0 0 0 0 0 2 5 0 0 0 0
Last Time Cost: 00000049 ms
Total Time Cost: 00005425 ms
Total Distance 22: 0 0 6 0 0 0 0 0 0 0 5 0 0 0 0 0 0 0 5 0 0 0 0 0 0 0 0 0 0 0 0 0 0 0 1 5 0 0 0 0
Last Time Cost: 00000049 ms
Total Time Cost: 00005474 ms
Total Distance 21: 0 0 6 0 0 0 0 0 0 0 5 0 0 0 0 0 0 0 5 0 0 0 0 0 0 0 0 0 0 0 0 0 0 0 0 5 0 0 0 0
Last Time Cost: 00000071 ms
Total Time Cost: 00005545 ms
Total Distance 20: 0 0 6 0 0 0 0 0 0 0 5 0 0 0 0 0 0 0 5 0 0 0 0 0 0 0 0 0 0 0 0 0 0 0 0 4 0 0 0 0
Last Time Cost: 00000051 ms
Total Time Cost: 00005596 ms
Total Distance 19: 0 0 6 0 0 0 0 0 0 0 5 0 0 0 0 0 0 0 5 0 0 0 0 0 0 0 0 0 0 0 0 0 0 0 0 3 0 0 0 0
Last Time Cost: 00000052 ms
Total Time Cost: 00005648 ms
Total Distance 18: 0 0 6 0 0 0 0 0 0 0 5 0 0 0 0 0 0 0 5 0 0 0 0 0 0 0 0 0 0 0 0 0 0 0 0 2 0 0 0 0
Last Time Cost: 00000052 ms
Total Time Cost: 00005700 ms
Total Distance 17: 0 0 6 0 0 0 0 0 0 0 5 0 0 0 0 0 0 0 5 0 0 0 0 0 0 0 0 0 0 0 0 0 0 0 0 1 0 0 0 0
Last Time Cost: 00000053 ms
Total Time Cost: 00005753 ms
Total Distance 16: 0 0 6 0 0 0 0 0 0 0 5 0 0 0 0 0 0 0 5 0 0 0 0 0 0 0 0 0 0 0 0 0 0 0 0 0 0 0 0 0
Last Time Cost: 00000071 ms
Total Time Cost: 00005824 ms
Total Distance 15: 0 0 6 0 0 0 0 0 0 0 5 0 0 0 0 0 0 0 4 0 0 0 0 0 0 0 0 0 0 0 0 0 0 0 0 0 0 0 0 0
Last Time Cost: 00000054 ms
Total Time Cost: 00005878 ms
Total Distance 14: 0 0 6 0 0 0 0 0 0 0 5 0 0 0 0 0 0 0 3 0 0 0 0 0 0 0 0 0 0 0 0 0 0 0 0 0 0 0 0 0
Last Time Cost: 00000057 ms
Total Time Cost: 00005935 ms
Total Distance 13: 0 0 6 0 0 0 0 0 0 0 5 0 0 0 0 0 0 0 2 0 0 0 0 0 0 0 0 0 0 0 0 0 0 0 0 0 0 0 0 0
Last Time Cost: 00000057 ms
Total Time Cost: 00005992 ms
Total Distance 12: 0 0 6 0 0 0 0 0 0 0 5 0 0 0 0 0 0 0 1 0 0 0 0 0 0 0 0 0 0 0 0 0 0 0 0 0 0 0 0 0
Last Time Cost: 00000057 ms
Total Time Cost: 00006049 ms
Total Distance 11: 0 0 6 0 0 0 0 0 0 0 5 0 0 0 0 0 0 0 0 0 0 0 0 0 0 0 0 0 0 0 0 0 0 0 0 0 0 0 0 0
Last Time Cost: 00000068 ms
Total Time Cost: 00006117 ms
Total Distance 10: 0 0 6 0 0 0 0 0 0 0 4 0 0 0 0 0 0 0 0 0 0 0 0 0 0 0 0 0 0 0 0 0 0 0 0 0 0 0 0 0
Last Time Cost: 00000060 ms
Total Time Cost: 00006177 ms
Total Distance 9: 0 0 6 0 0 0 0 0 0 0 3 0 0 0 0 0 0 0 0 0 0 0 0 0 0 0 0 0 0 0 0 0 0 0 0 0 0 0 0 0
Last Time Cost: 00000061 ms
Total Time Cost: 00006238 ms
Total Distance 8: 0 0 6 0 0 0 0 0 0 0 2 0 0 0 0 0 0 0 0 0 0 0 0 0 0 0 0 0 0 0 0 0 0 0 0 0 0 0 0 0
Last Time Cost: 00000063 ms
Total Time Cost: 00006301 ms
Total Distance 7: 0 0 6 0 0 0 0 0 0 0 1 0 0 0 0 0 0 0 0 0 0 0 0 0 0 0 0 0 0 0 0 0 0 0 0 0 0 0 0 0
Last Time Cost: 00000063 ms
Total Time Cost: 00006364 ms
Total Distance 6: 0 0 6 0 0 0 0 0 0 0 0 0 0 0 0 0 0 0 0 0 0 0 0 0 0 0 0 0 0 0 0 0 0 0 0 0 0 0 0 0
Last Time Cost: 00000083 ms
Total Time Cost: 00006447 ms
Total Distance 5: 0 0 5 0 0 0 0 0 0 0 0 0 0 0 0 0 0 0 0 0 0 0 0 0 0 0 0 0 0 0 0 0 0 0 0 0 0 0 0 0
Last Time Cost: 00000014 ms
Total Time Cost: 00006461 ms
Total Distance 4: 0 0 4 0 0 0 0 0 0 0 0 0 0 0 0 0 0 0 0 0 0 0 0 0 0 0 0 0 0 0 0 0 0 0 0 0 0 0 0 0
Last Time Cost: 00000002 ms
Total Time Cost: 00006463 ms
Total Distance 3: 0 0 3 0 0 0 0 0 0 0 0 0 0 0 0 0 0 0 0 0 0 0 0 0 0 0 0 0 0 0 0 0 0 0 0 0 0 0 0 0
Last Time Cost: 00000001 ms
Total Time Cost: 00006464 ms
Total Distance 2: 0 0 2 0 0 0 0 0 0 0 0 0 0 0 0 0 0 0 0 0 0 0 0 0 0 0 0 0 0 0 0 0 0 0 0 0 0 0 0 0
Last Time Cost: 00000000 ms
Total Time Cost: 00006464 ms
Total Distance 1: 0 0 1 0 0 0 0 0 0 0 0 0 0 0 0 0 0 0 0 0 0 0 0 0 0 0 0 0 0 0 0 0 0 0 0 0 0 0 0 0
Last Time Cost: 00000000 ms
Total Time Cost: 00006464 ms
Total Distance 0: 0 0 0 0 0 0 0 0 0 0 0 0 0 0 0 0 0 0 0 0 0 0 0 0 0 0 0 0 0 0 0 0 0 0 0 0 0 0 0 0
