Last Time Cost: 00000000 ms
Total Time Cost: 00000000 ms
Total Distance 176: 4 6 6 4 4 4 4 4 4 4 4 6 6 4 4 4 4 4 4 4 4 6 6 4 4 4 4 4 4 4 4 6 6 4 4 4 4 4 4 4
Last Time Cost: 00000002 ms
Total Time Cost: 00000002 ms
Total Distance 172: 4 6 5 4 4 4 4 4 4 3 4 6 6 4 4 4 4 4 4 4 4 6 5 4 4 4 4 4 4 3 4 6 6 4 4 4 4 4 4 4
Last Time Cost: 00000002 ms
Total Time Cost: 00000004 ms
Total Distance 169: 4 6 4 4 4 4 4 4 4 3 4 6 6 4 4 4 4 4 4 4 4 6 4 4 4 4 4 4 4 2 4 6 6 4 4 4 4 4 4 4
Last Time Cost: 00000001 ms
Total Time Cost: 00000005 ms
Total Distance 167: 4 6 4 4 3 4 4 4 4 3 4 6 6 4 4 4 4 4 4 4 4 6 4 4 4 4 4 4 4 1 4 6 6 4 4 4 4 4 4 4
Last Time Cost: 00000001 ms
Total Time Cost: 00000006 ms
Total Distance 166: 4 6 4 4 3 4 4 4 4 3 4 6 6 4 4 4 4 4 4 4 4 6 4 4 4 4 4 4 4 0 4 6 6 4 4 4 4 4 4 4
Last Time Cost: 00000002 ms
Total Time Cost: 00000008 ms
Total Distance 164: 4 6 4 4 3 4 4 4 4 2 4 6 6 4 4 4 4 4 4 4 4 6 4 4 3 4 4 4 4 0 4 6 6 4 4 4 4 4 4 4
Last Time Cost: 00000001 ms
Total Time Cost: 00000009 ms
Total Distance 163: 4 6 4 4 3 4 4 4 4 1 4 6 6 4 4 4 4 4 4 4 4 6 4 4 3 4 4 4 4 0 4 6 6 4 4 4 4 4 4 4
Last Time Cost: 00000002 ms
Total Time Cost: 00000011 ms
Total Distance 162: 4 6 4 4 3 4 4 4 4 0 4 6 6 4 4 4 4 4 4 4 4 6 4 4 3 4 4 4 4 0 4 6 6 4 4 4 4 4 4 4
Last Time Cost: 00000002 ms
Total Time Cost: 00000013 ms
Total Distance 160: 4 6 4 4 3 4 4 4 4 0 4 6 6 4 3 4 4 4 4 4 4 6 4 4 2 4 4 4 4 0 4 6 6 4 4 4 4 4 4 4
Last Time Cost: 00000001 ms
Total Time Cost: 00000014 ms
Total Distance 159: 4 6 4 4 3 4 4 4 4 0 4 6 6 4 3 4 4 4 4 4 4 6 4 4 1 4 4 4 4 0 4 6 6 4 4 4 4 4 4 4
Last Time Cost: 00000001 ms
Total Time Cost: 00000015 ms
Total Distance 158: 4 6 4 4 3 4 4 4 4 0 4 6 6 4 3 4 4 4 4 4 4 6 4 4 0 4 4 4 4 0 4 6 6 4 4 4 4 4 4 4
Last Time Cost: 00000002 ms
Total Time Cost: 00000017 ms
Total Distance 156: 4 6 4 4 3 4 4 4 4 0 4 6 6 4 2 4 4 4 4 4 4 6 4 4 0 4 4 4 4 0 4 6 6 4 4 4 4 4 4 3
Last Time Cost: 00000002 ms
Total Time Cost: 00000019 ms
Total Distance 155: 4 6 4 4 3 4 4 4 4 0 4 6 6 4 1 4 4 4 4 4 4 6 4 4 0 4 4 4 4 0 4 6 6 4 4 4 4 4 4 3
Last Time Cost: 00000001 ms
Total Time Cost: 00000020 ms
Total Distance 154: 4 6 4 4 3 4 4 4 4 0 4 6 6 4 0 4 4 4 4 4 4 6 4 4 0 4 4 4 4 0 4 6 6 4 4 4 4 4 4 3
Last Time Cost: 00000002 ms
Total Time Cost: 00000022 ms
Total Distance 150: 4 6 4 4 3 4 4 4 4 0 4 6 5 4 0 4 4 4 4 3 4 6 4 4 0 4 4 4 4 0 4 6 5 4 4 4 4 4 4 2
Last Time Cost: 00000002 ms
Total Time Cost: 00000024 ms
Total Distance 147: 4 6 4 4 3 4 4 4 4 0 4 6 4 4 0 4 4 4 4 3 4 6 4 4 0 4 4 4 4 0 4 6 4 4 4 4 4 4 4 1
Last Time Cost: 00000002 ms
Total Time Cost: 00000026 ms
Total Distance 146: 4 6 4 4 3 4 4 4 4 0 4 6 4 4 0 4 4 4 4 3 4 6 4 4 0 4 4 4 4 0 4 6 4 4 4 4 4 4 4 0
Last Time Cost: 00000002 ms
Total Time Cost: 00000028 ms
Total Distance 144: 4 6 4 4 2 4 4 4 4 0 4 6 4 4 0 4 4 4 4 3 4 6 4 4 0 4 4 4 4 0 4 6 4 4 3 4 4 4 4 0
Last Time Cost: 00000002 ms
Total Time Cost: 00000030 ms
Total Distance 143: 4 6 4 4 1 4 4 4 4 0 4 6 4 4 0 4 4 4 4 3 4 6 4 4 0 4 4 4 4 0 4 6 4 4 3 4 4 4 4 0
Last Time Cost: 00000002 ms
Total Time Cost: 00000032 ms
Total Distance 142: 4 6 4 4 0 4 4 4 4 0 4 6 4 4 0 4 4 4 4 3 4 6 4 4 0 4 4 4 4 0 4 6 4 4 3 4 4 4 4 0
Last Time Cost: 00000003 ms
Total Time Cost: 00000035 ms
Total Distance 140: 4 6 4 4 0 4 4 4 4 0 4 6 4 4 0 4 4 4 4 2 4 6 4 4 0 4 4 4 4 0 4 6 4 4 2 4 4 4 4 0
Last Time Cost: 00000002 ms
Total Time Cost: 00000037 ms
Total Distance 139: 4 6 4 4 0 4 4 4 4 0 4 6 4 4 0 4 4 4 4 1 4 6 4 4 0 4 4 4 4 0 4 6 4 4 2 4 4 4 4 0
Last Time Cost: 00000002 ms
Total Time Cost: 00000039 ms
Total Distance 138: 4 6 4 4 0 4 4 4 4 0 4 6 4 4 0 4 4 4 4 0 4 6 4 4 0 4 4 4 4 0 4 6 4 4 2 4 4 4 4 0
Last Time Cost: 00000002 ms
Total Time Cost: 00000041 ms
Total Distance 137: 4 6 4 4 0 4 4 4 4 0 4 6 4 4 0 4 4 4 4 0 4 6 4 4 0 4 4 4 4 0 4 6 4 4 1 4 4 4 4 0
Last Time Cost: 00000002 ms
Total Time Cost: 00000043 ms
Total Distance 136: 4 6 4 4 0 4 4 4 4 0 4 6 4 4 0 4 4 4 4 0 4 6 4 4 0 4 4 4 4 0 4 6 4 4 0 4 4 4 4 0
Last Time Cost: 00000004 ms
Total Time Cost: 00000047 ms
Total Distance 132: 4 5 4 4 0 4 4 4 3 0 4 6 4 4 0 4 4 4 4 0 4 5 4 4 0 4 4 4 3 0 4 6 4 4 0 4 4 4 4 0
Last Time Cost: 00000003 ms
Total Time Cost: 00000050 ms
Total Distance 129: 4 4 4 4 0 4 4 4 2 0 4 6 4 4 0 4 4 4 4 0 4 4 4 4 0 4 4 4 3 0 4 6 4 4 0 4 4 4 4 0
Last Time Cost: 00000003 ms
Total Time Cost: 00000053 ms
Total Distance 127: 4 4 4 4 0 4 4 4 1 0 4 6 4 4 0 4 4 4 4 0 4 4 4 3 0 4 4 4 3 0 4 6 4 4 0 4 4 4 4 0
Last Time Cost: 00000002 ms
Total Time Cost: 00000055 ms
Total Distance 126: 4 4 4 4 0 4 4 4 0 0 4 6 4 4 0 4 4 4 4 0 4 4 4 3 0 4 4 4 3 0 4 6 4 4 0 4 4 4 4 0
Last Time Cost: 00000003 ms
Total Time Cost: 00000058 ms
Total Distance 124: 4 4 4 4 0 4 4 4 0 0 4 6 4 4 0 4 4 4 4 0 4 4 4 3 0 4 4 4 2 0 4 6 4 4 0 4 4 4 3 0
Last Time Cost: 00000003 ms
Total Time Cost: 00000061 ms
Total Distance 123: 4 4 4 4 0 4 4 4 0 0 4 6 4 4 0 4 4 4 4 0 4 4 4 3 0 4 4 4 1 0 4 6 4 4 0 4 4 4 3 0
Last Time Cost: 00000003 ms
Total Time Cost: 00000064 ms
Total Distance 122: 4 4 4 4 0 4 4 4 0 0 4 6 4 4 0 4 4 4 4 0 4 4 4 3 0 4 4 4 0 0 4 6 4 4 0 4 4 4 3 0
Last Time Cost: 00000003 ms
Total Time Cost: 00000067 ms
Total Distance 118: 4 4 4 4 0 4 4 4 0 0 4 5 4 4 0 4 4 4 3 0 4 4 4 3 0 4 4 4 0 0 4 5 4 4 0 4 4 4 2 0
Last Time Cost: 00000001 ms
Total Time Cost: 00000068 ms
Total Distance 117: 4 4 4 4 0 4 4 4 0 0 4 5 4 4 0 4 4 4 3 0 4 4 4 3 0 4 4 4 0 0 4 5 4 4 0 4 4 4 1 0
Last Time Cost: 00000000 ms
Total Time Cost: 00000068 ms
Total Distance 116: 4 4 4 4 0 4 4 4 0 0 4 5 4 4 0 4 4 4 3 0 4 4 4 3 0 4 4 4 0 0 4 5 4 4 0 4 4 4 0 0
Last Time Cost: 00000001 ms
Total Time Cost: 00000069 ms
Total Distance 113: 4 4 4 4 0 4 4 4 0 0 4 4 4 4 0 4 4 4 2 0 4 4 4 3 0 4 4 4 0 0 4 4 4 4 0 4 4 4 0 0
Last Time Cost: 00000001 ms
Total Time Cost: 00000070 ms
Total Distance 111: 4 4 4 4 0 4 4 4 0 0 4 4 4 4 0 4 4 4 1 0 4 4 4 3 0 4 4 4 0 0 4 4 4 3 0 4 4 4 0 0
Last Time Cost: 00000000 ms
Total Time Cost: 00000070 ms
Total Distance 110: 4 4 4 4 0 4 4 4 0 0 4 4 4 4 0 4 4 4 0 0 4 4 4 3 0 4 4 4 0 0 4 4 4 3 0 4 4 4 0 0
Last Time Cost: 00000002 ms
Total Time Cost: 00000072 ms
Total Distance 108: 4 4 4 4 0 4 4 4 0 0 4 4 4 3 0 4 4 4 0 0 4 4 4 2 0 4 4 4 0 0 4 4 4 3 0 4 4 4 0 0
Last Time Cost: 00000001 ms
Total Time Cost: 00000073 ms
Total Distance 107: 4 4 4 4 0 4 4 4 0 0 4 4 4 3 0 4 4 4 0 0 4 4 4 1 0 4 4 4 0 0 4 4 4 3 0 4 4 4 0 0
Last Time Cost: 00000000 ms
Total Time Cost: 00000073 ms
Total Distance 106: 4 4 4 4 0 4 4 4 0 0 4 4 4 3 0 4 4 4 0 0 4 4 4 0 0 4 4 4 0 0 4 4 4 3 0 4 4 4 0 0
Last Time Cost: 00000001 ms
Total Time Cost: 00000074 ms
Total Distance 104: 4 4 4 3 0 4 4 4 0 0 4 4 4 2 0 4 4 4 0 0 4 4 4 0 0 4 4 4 0 0 4 4 4 3 0 4 4 4 0 0
Last Time Cost: 00000001 ms
Total Time Cost: 00000075 ms
Total Distance 103: 4 4 4 3 0 4 4 4 0 0 4 4 4 1 0 4 4 4 0 0 4 4 4 0 0 4 4 4 0 0 4 4 4 3 0 4 4 4 0 0
Last Time Cost: 00000000 ms
Total Time Cost: 00000075 ms
Total Distance 102: 4 4 4 3 0 4 4 4 0 0 4 4 4 0 0 4 4 4 0 0 4 4 4 0 0 4 4 4 0 0 4 4 4 3 0 4 4 4 0 0
Last Time Cost: 00000001 ms
Total Time Cost: 00000076 ms
Total Distance 100: 4 4 4 2 0 4 4 4 0 0 4 4 4 0 0 4 4 4 0 0 4 4 4 0 0 4 4 4 0 0 4 4 4 2 0 4 4 4 0 0
Last Time Cost: 00000000 ms
Total Time Cost: 00000076 ms
Total Distance 99: 4 4 4 1 0 4 4 4 0 0 4 4 4 0 0 4 4 4 0 0 4 4 4 0 0 4 4 4 0 0 4 4 4 2 0 4 4 4 0 0
Last Time Cost: 00000000 ms
Total Time Cost: 00000076 ms
Total Distance 98: 4 4 4 0 0 4 4 4 0 0 4 4 4 0 0 4 4 4 0 0 4 4 4 0 0 4 4 4 0 0 4 4 4 2 0 4 4 4 0 0
Last Time Cost: 00000001 ms
Total Time Cost: 00000077 ms
Total Distance 97: 4 4 4 0 0 4 4 4 0 0 4 4 4 0 0 4 4 4 0 0 4 4 4 0 0 4 4 4 0 0 4 4 4 1 0 4 4 4 0 0
Last Time Cost: 00000000 ms
Total Time Cost: 00000077 ms
Total Distance 96: 4 4 4 0 0 4 4 4 0 0 4 4 4 0 0 4 4 4 0 0 4 4 4 0 0 4 4 4 0 0 4 4 4 0 0 4 4 4 0 0
Last Time Cost: 00000002 ms
Total Time Cost: 00000079 ms
Total Distance 94: 4 4 4 0 0 4 4 4 0 0 4 4 3 0 0 4 4 4 0 0 4 4 4 0 0 4 4 4 0 0 4 4 3 0 0 4 4 4 0 0
Last Time Cost: 00000001 ms
Total Time Cost: 00000080 ms
Total Distance 92: 4 4 4 0 0 4 4 3 0 0 4 4 3 0 0 4 4 4 0 0 4 4 4 0 0 4 4 4 0 0 4 4 2 0 0 4 4 4 0 0
Last Time Cost: 00000000 ms
Total Time Cost: 00000080 ms
Total Distance 91: 4 4 4 0 0 4 4 3 0 0 4 4 3 0 0 4 4 4 0 0 4 4 4 0 0 4 4 4 0 0 4 4 1 0 0 4 4 4 0 0
Last Time Cost: 00000000 ms
Total Time Cost: 00000080 ms
Total Distance 90: 4 4 4 0 0 4 4 3 0 0 4 4 3 0 0 4 4 4 0 0 4 4 4 0 0 4 4 4 0 0 4 4 0 0 0 4 4 4 0 0
Last Time Cost: 00000001 ms
Total Time Cost: 00000081 ms
Total Distance 88: 4 4 4 0 0 4 4 3 0 0 4 4 2 0 0 4 4 4 0 0 4 4 4 0 0 4 4 4 0 0 4 4 0 0 0 4 4 3 0 0
Last Time Cost: 00000000 ms
Total Time Cost: 00000081 ms
Total Distance 87: 4 4 4 0 0 4 4 3 0 0 4 4 1 0 0 4 4 4 0 0 4 4 4 0 0 4 4 4 0 0 4 4 0 0 0 4 4 3 0 0
Last Time Cost: 00000000 ms
Total Time Cost: 00000081 ms
Total Distance 86: 4 4 4 0 0 4 4 3 0 0 4 4 0 0 0 4 4 4 0 0 4 4 4 0 0 4 4 4 0 0 4 4 0 0 0 4 4 3 0 0
Last Time Cost: 00000001 ms
Total Time Cost: 00000082 ms
Total Distance 84: 4 4 4 0 0 4 4 2 0 0 4 4 0 0 0 4 4 4 0 0 4 4 4 0 0 4 4 4 0 0 4 4 0 0 0 4 4 2 0 0
Last Time Cost: 00000001 ms
Total Time Cost: 00000083 ms
Total Distance 83: 4 4 4 0 0 4 4 2 0 0 4 4 0 0 0 4 4 4 0 0 4 4 4 0 0 4 4 4 0 0 4 4 0 0 0 4 4 1 0 0
Last Time Cost: 00000000 ms
Total Time Cost: 00000083 ms
Total Distance 82: 4 4 4 0 0 4 4 2 0 0 4 4 0 0 0 4 4 4 0 0 4 4 4 0 0 4 4 4 0 0 4 4 0 0 0 4 4 0 0 0
Last Time Cost: 00000001 ms
Total Time Cost: 00000084 ms
Total Distance 81: 4 4 4 0 0 4 4 1 0 0 4 4 0 0 0 4 4 4 0 0 4 4 4 0 0 4 4 4 0 0 4 4 0 0 0 4 4 0 0 0
Last Time Cost: 00000000 ms
Total Time Cost: 00000084 ms
Total Distance 80: 4 4 4 0 0 4 4 0 0 0 4 4 0 0 0 4 4 4 0 0 4 4 4 0 0 4 4 4 0 0 4 4 0 0 0 4 4 0 0 0
Last Time Cost: 00000003 ms
Total Time Cost: 00000087 ms
Total Distance 78: 4 4 4 0 0 4 4 0 0 0 3 4 0 0 0 4 4 4 0 0 4 4 4 0 0 4 4 4 0 0 4 4 0 0 0 3 4 0 0 0
Last Time Cost: 00000001 ms
Total Time Cost: 00000088 ms
Total Distance 76: 4 4 4 0 0 3 4 0 0 0 3 4 0 0 0 4 4 4 0 0 4 4 4 0 0 4 4 4 0 0 4 4 0 0 0 2 4 0 0 0
Last Time Cost: 00000001 ms
Total Time Cost: 00000089 ms
Total Distance 75: 4 4 4 0 0 3 4 0 0 0 3 4 0 0 0 4 4 4 0 0 4 4 4 0 0 4 4 4 0 0 4 4 0 0 0 1 4 0 0 0
Last Time Cost: 00000000 ms
Total Time Cost: 00000089 ms
Total Distance 74: 4 4 4 0 0 3 4 0 0 0 3 4 0 0 0 4 4 4 0 0 4 4 4 0 0 4 4 4 0 0 4 4 0 0 0 0 4 0 0 0
Last Time Cost: 00000001 ms
Total Time Cost: 00000090 ms
Total Distance 72: 4 4 4 0 0 2 4 0 0 0 3 4 0 0 0 3 4 4 0 0 4 4 4 0 0 4 4 4 0 0 4 4 0 0 0 0 4 0 0 0
Last Time Cost: 00000001 ms
Total Time Cost: 00000091 ms
Total Distance 71: 4 4 4 0 0 1 4 0 0 0 3 4 0 0 0 3 4 4 0 0 4 4 4 0 0 4 4 4 0 0 4 4 0 0 0 0 4 0 0 0
Last Time Cost: 00000000 ms
Total Time Cost: 00000091 ms
Total Distance 70: 4 4 4 0 0 0 4 0 0 0 3 4 0 0 0 3 4 4 0 0 4 4 4 0 0 4 4 4 0 0 4 4 0 0 0 0 4 0 0 0
Last Time Cost: 00000001 ms
Total Time Cost: 00000092 ms
Total Distance 68: 4 4 4 0 0 0 4 0 0 0 3 4 0 0 0 2 4 4 0 0 4 4 4 0 0 3 4 4 0 0 4 4 0 0 0 0 4 0 0 0
Last Time Cost: 00000001 ms
Total Time Cost: 00000093 ms
Total Distance 67: 4 4 4 0 0 0 4 0 0 0 3 4 0 0 0 1 4 4 0 0 4 4 4 0 0 3 4 4 0 0 4 4 0 0 0 0 4 0 0 0
Last Time Cost: 00000000 ms
Total Time Cost: 00000093 ms
Total Distance 66: 4 4 4 0 0 0 4 0 0 0 3 4 0 0 0 0 4 4 0 0 4 4 4 0 0 3 4 4 0 0 4 4 0 0 0 0 4 0 0 0
Last Time Cost: 00000001 ms
Total Time Cost: 00000094 ms
Total Distance 64: 4 4 4 0 0 0 4 0 0 0 2 4 0 0 0 0 4 4 0 0 4 4 4 0 0 3 4 4 0 0 3 4 0 0 0 0 4 0 0 0
Last Time Cost: 00000001 ms
Total Time Cost: 00000095 ms
Total Distance 63: 4 4 4 0 0 0 4 0 0 0 1 4 0 0 0 0 4 4 0 0 4 4 4 0 0 3 4 4 0 0 3 4 0 0 0 0 4 0 0 0
Last Time Cost: 00000001 ms
Total Time Cost: 00000096 ms
Total Distance 62: 4 4 4 0 0 0 4 0 0 0 0 4 0 0 0 0 4 4 0 0 4 4 4 0 0 3 4 4 0 0 3 4 0 0 0 0 4 0 0 0
Last Time Cost: 00000001 ms
Total Time Cost: 00000097 ms
Total Distance 60: 4 4 4 0 0 0 4 0 0 0 0 4 0 0 0 0 4 4 0 0 4 4 4 0 0 2 4 4 0 0 2 4 0 0 0 0 4 0 0 0
Last Time Cost: 00000001 ms
Total Time Cost: 00000098 ms
Total Distance 59: 4 4 4 0 0 0 4 0 0 0 0 4 0 0 0 0 4 4 0 0 4 4 4 0 0 2 4 4 0 0 1 4 0 0 0 0 4 0 0 0
Last Time Cost: 00000000 ms
Total Time Cost: 00000098 ms
Total Distance 58: 4 4 4 0 0 0 4 0 0 0 0 4 0 0 0 0 4 4 0 0 4 4 4 0 0 2 4 4 0 0 0 4 0 0 0 0 4 0 0 0
Last Time Cost: 00000001 ms
Total Time Cost: 00000099 ms
Total Distance 57: 4 4 4 0 0 0 4 0 0 0 0 4 0 0 0 0 4 4 0 0 4 4 4 0 0 1 4 4 0 0 0 4 0 0 0 0 4 0 0 0
Last Time Cost: 00000000 ms
Total Time Cost: 00000099 ms
Total Distance 55: 3 4 4 0 0 0 4 0 0 0 0 4 0 0 0 0 4 4 0 0 4 4 4 0 0 0 4 4 0 0 0 4 0 0 0 0 4 0 0 0
Last Time Cost: 00000001 ms
Total Time Cost: 00000100 ms
Total Distance 53: 2 4 4 0 0 0 4 0 0 0 0 4 0 0 0 0 4 4 0 0 3 4 4 0 0 0 4 4 0 0 0 4 0 0 0 0 4 0 0 0
Last Time Cost: 00000001 ms
Total Time Cost: 00000101 ms
Total Distance 52: 1 4 4 0 0 0 4 0 0 0 0 4 0 0 0 0 4 4 0 0 3 4 4 0 0 0 4 4 0 0 0 4 0 0 0 0 4 0 0 0
Last Time Cost: 00000000 ms
Total Time Cost: 00000101 ms
Total Distance 51: 0 4 4 0 0 0 4 0 0 0 0 4 0 0 0 0 4 4 0 0 3 4 4 0 0 0 4 4 0 0 0 4 0 0 0 0 4 0 0 0
Last Time Cost: 00000001 ms
Total Time Cost: 00000102 ms
Total Distance 50: 0 4 4 0 0 0 4 0 0 0 0 4 0 0 0 0 4 4 0 0 2 4 4 0 0 0 4 4 0 0 0 4 0 0 0 0 4 0 0 0
Last Time Cost: 00000001 ms
Total Time Cost: 00000103 ms
Total Distance 49: 0 4 4 0 0 0 4 0 0 0 0 4 0 0 0 0 4 4 0 0 1 4 4 0 0 0 4 4 0 0 0 4 0 0 0 0 4 0 0 0
Last Time Cost: 00000000 ms
Total Time Cost: 00000103 ms
Total Distance 48: 0 4 4 0 0 0 4 0 0 0 0 4 0 0 0 0 4 4 0 0 0 4 4 0 0 0 4 4 0 0 0 4 0 0 0 0 4 0 0 0
Last Time Cost: 00000004 ms
Total Time Cost: 00000107 ms
Total Distance 46: 0 4 4 0 0 0 4 0 0 0 0 4 0 0 0 0 4 3 0 0 0 4 3 0 0 0 4 4 0 0 0 4 0 0 0 0 4 0 0 0
Last Time Cost: 00000001 ms
Total Time Cost: 00000108 ms
Total Distance 44: 0 4 4 0 0 0 4 0 0 0 0 4 0 0 0 0 4 2 0 0 0 4 3 0 0 0 4 3 0 0 0 4 0 0 0 0 4 0 0 0
Last Time Cost: 00000001 ms
Total Time Cost: 00000109 ms
Total Distance 43: 0 4 4 0 0 0 4 0 0 0 0 4 0 0 0 0 4 1 0 0 0 4 3 0 0 0 4 3 0 0 0 4 0 0 0 0 4 0 0 0
Last Time Cost: 00000000 ms
Total Time Cost: 00000109 ms
Total Distance 42: 0 4 4 0 0 0 4 0 0 0 0 4 0 0 0 0 4 0 0 0 0 4 3 0 0 0 4 3 0 0 0 4 0 0 0 0 4 0 0 0
Last Time Cost: 00000001 ms
Total Time Cost: 00000110 ms
Total Distance 40: 0 4 3 0 0 0 4 0 0 0 0 4 0 0 0 0 4 0 0 0 0 4 2 0 0 0 4 3 0 0 0 4 0 0 0 0 4 0 0 0
Last Time Cost: 00000001 ms
Total Time Cost: 00000111 ms
Total Distance 39: 0 4 3 0 0 0 4 0 0 0 0 4 0 0 0 0 4 0 0 0 0 4 1 0 0 0 4 3 0 0 0 4 0 0 0 0 4 0 0 0
Last Time Cost: 00000001 ms
Total Time Cost: 00000112 ms
Total Distance 38: 0 4 3 0 0 0 4 0 0 0 0 4 0 0 0 0 4 0 0 0 0 4 0 0 0 0 4 3 0 0 0 4 0 0 0 0 4 0 0 0
Last Time Cost: 00000001 ms
Total Time Cost: 00000113 ms
Total Distance 36: 0 4 2 0 0 0 4 0 0 0 0 4 0 0 0 0 4 0 0 0 0 4 0 0 0 0 4 2 0 0 0 4 0 0 0 0 4 0 0 0
Last Time Cost: 00000001 ms
Total Time Cost: 00000114 ms
Total Distance 35: 0 4 2 0 0 0 4 0 0 0 0 4 0 0 0 0 4 0 0 0 0 4 0 0 0 0 4 1 0 0 0 4 0 0 0 0 4 0 0 0
Last Time Cost: 00000001 ms
Total Time Cost: 00000115 ms
Total Distance 34: 0 4 2 0 0 0 4 0 0 0 0 4 0 0 0 0 4 0 0 0 0 4 0 0 0 0 4 0 0 0 0 4 0 0 0 0 4 0 0 0
Last Time Cost: 00000001 ms
Total Time Cost: 00000116 ms
Total Distance 33: 0 4 1 0 0 0 4 0 0 0 0 4 0 0 0 0 4 0 0 0 0 4 0 0 0 0 4 0 0 0 0 4 0 0 0 0 4 0 0 0
Last Time Cost: 00000000 ms
Total Time Cost: 00000116 ms
Total Distance 32: 0 4 0 0 0 0 4 0 0 0 0 4 0 0 0 0 4 0 0 0 0 4 0 0 0 0 4 0 0 0 0 4 0 0 0 0 4 0 0 0
Last Time Cost: 00000003 ms
Total Time Cost: 00000119 ms
Total Distance 30: 0 4 0 0 0 0 4 0 0 0 0 3 0 0 0 0 4 0 0 0 0 4 0 0 0 0 4 0 0 0 0 3 0 0 0 0 4 0 0 0
Last Time Cost: 00000001 ms
Total Time Cost: 00000120 ms
Total Distance 28: 0 4 0 0 0 0 4 0 0 0 0 3 0 0 0 0 4 0 0 0 0 3 0 0 0 0 4 0 0 0 0 2 0 0 0 0 4 0 0 0
Last Time Cost: 00000001 ms
Total Time Cost: 00000121 ms
Total Distance 27: 0 4 0 0 0 0 4 0 0 0 0 3 0 0 0 0 4 0 0 0 0 3 0 0 0 0 4 0 0 0 0 1 0 0 0 0 4 0 0 0
Last Time Cost: 00000000 ms
Total Time Cost: 00000121 ms
Total Distance 26: 0 4 0 0 0 0 4 0 0 0 0 3 0 0 0 0 4 0 0 0 0 3 0 0 0 0 4 0 0 0 0 0 0 0 0 0 4 0 0 0
Last Time Cost: 00000002 ms
Total Time Cost: 00000123 ms
Total Distance 24: 0 4 0 0 0 0 4 0 0 0 0 2 0 0 0 0 4 0 0 0 0 3 0 0 0 0 3 0 0 0 0 0 0 0 0 0 4 0 0 0
Last Time Cost: 00000001 ms
Total Time Cost: 00000124 ms
Total Distance 23: 0 4 0 0 0 0 4 0 0 0 0 1 0 0 0 0 4 0 0 0 0 3 0 0 0 0 3 0 0 0 0 0 0 0 0 0 4 0 0 0
Last Time Cost: 00000001 ms
Total Time Cost: 00000125 ms
Total Distance 22: 0 4 0 0 0 0 4 0 0 0 0 0 0 0 0 0 4 0 0 0 0 3 0 0 0 0 3 0 0 0 0 0 0 0 0 0 4 0 0 0
Last Time Cost: 00000001 ms
Total Time Cost: 00000126 ms
Total Distance 20: 0 4 0 0 0 0 4 0 0 0 0 0 0 0 0 0 3 0 0 0 0 3 0 0 0 0 2 0 0 0 0 0 0 0 0 0 4 0 0 0
Last Time Cost: 00000001 ms
Total Time Cost: 00000127 ms
Total Distance 19: 0 4 0 0 0 0 4 0 0 0 0 0 0 0 0 0 3 0 0 0 0 3 0 0 0 0 1 0 0 0 0 0 0 0 0 0 4 0 0 0
Last Time Cost: 00000000 ms
Total Time Cost: 00000127 ms
Total Distance 18: 0 4 0 0 0 0 4 0 0 0 0 0 0 0 0 0 3 0 0 0 0 3 0 0 0 0 0 0 0 0 0 0 0 0 0 0 4 0 0 0
Last Time Cost: 00000002 ms
Total Time Cost: 00000129 ms
Total Distance 16: 0 4 0 0 0 0 3 0 0 0 0 0 0 0 0 0 2 0 0 0 0 3 0 0 0 0 0 0 0 0 0 0 0 0 0 0 4 0 0 0
Last Time Cost: 00000001 ms
Total Time Cost: 00000130 ms
Total Distance 15: 0 4 0 0 0 0 3 0 0 0 0 0 0 0 0 0 1 0 0 0 0 3 0 0 0 0 0 0 0 0 0 0 0 0 0 0 4 0 0 0
Last Time Cost: 00000001 ms
Total Time Cost: 00000131 ms
Total Distance 14: 0 4 0 0 0 0 3 0 0 0 0 0 0 0 0 0 0 0 0 0 0 3 0 0 0 0 0 0 0 0 0 0 0 0 0 0 4 0 0 0
Last Time Cost: 00000001 ms
Total Time Cost: 00000132 ms
Total Distance 12: 0 3 0 0 0 0 3 0 0 0 0 0 0 0 0 0 0 0 0 0 0 2 0 0 0 0 0 0 0 0 0 0 0 0 0 0 4 0 0 0
Last Time Cost: 00000001 ms
Total Time Cost: 00000133 ms
Total Distance 11: 0 3 0 0 0 0 3 0 0 0 0 0 0 0 0 0 0 0 0 0 0 1 0 0 0 0 0 0 0 0 0 0 0 0 0 0 4 0 0 0
Last Time Cost: 00000000 ms
Total Time Cost: 00000133 ms
Total Distance 10: 0 3 0 0 0 0 3 0 0 0 0 0 0 0 0 0 0 0 0 0 0 0 0 0 0 0 0 0 0 0 0 0 0 0 0 0 4 0 0 0
Last Time Cost: 00000001 ms
Total Time Cost: 00000134 ms
Total Distance 8: 0 2 0 0 0 0 3 0 0 0 0 0 0 0 0 0 0 0 0 0 0 0 0 0 0 0 0 0 0 0 0 0 0 0 0 0 3 0 0 0
Last Time Cost: 00000000 ms
Total Time Cost: 00000134 ms
Total Distance 7: 0 1 0 0 0 0 3 0 0 0 0 0 0 0 0 0 0 0 0 0 0 0 0 0 0 0 0 0 0 0 0 0 0 0 0 0 3 0 0 0
Last Time Cost: 00000000 ms
Total Time Cost: 00000134 ms
Total Distance 6: 0 0 0 0 0 0 3 0 0 0 0 0 0 0 0 0 0 0 0 0 0 0 0 0 0 0 0 0 0 0 0 0 0 0 0 0 3 0 0 0
Last Time Cost: 00000001 ms
Total Time Cost: 00000135 ms
Total Distance 4: 0 0 0 0 0 0 2 0 0 0 0 0 0 0 0 0 0 0 0 0 0 0 0 0 0 0 0 0 0 0 0 0 0 0 0 0 2 0 0 0
Last Time Cost: 00000001 ms
Total Time Cost: 00000136 ms
Total Distance 3: 0 0 0 0 0 0 2 0 0 0 0 0 0 0 0 0 0 0 0 0 0 0 0 0 0 0 0 0 0 0 0 0 0 0 0 0 1 0 0 0
Last Time Cost: 00000000 ms
Total Time Cost: 00000136 ms
Total Distance 2: 0 0 0 0 0 0 2 0 0 0 0 0 0 0 0 0 0 0 0 0 0 0 0 0 0 0 0 0 0 0 0 0 0 0 0 0 0 0 0 0
Last Time Cost: 00000001 ms
Total Time Cost: 00000137 ms
Total Distance 1: 0 0 0 0 0 0 1 0 0 0 0 0 0 0 0 0 0 0 0 0 0 0 0 0 0 0 0 0 0 0 0 0 0 0 0 0 0 0 0 0
Last Time Cost: 00000000 ms
Total Time Cost: 00000137 ms
Total Distance 0: 0 0 0 0 0 0 0 0 0 0 0 0 0 0 0 0 0 0 0 0 0 0 0 0 0 0 0 0 0 0 0 0 0 0 0 0 0 0 0 0
