Last Time Cost: 00000000 ms
Total Time Cost: 00000000 ms
Total Distance 208: 4 4 4 6 6 6 6 6 6 4 4 4 4 6 6 6 6 6 6 4 4 4 4 6 6 6 6 6 6 4 4 4 4 6 6 6 6 6 6 4
Last Time Cost: 00000004 ms
Total Time Cost: 00000004 ms
Total Distance 204: 4 4 3 6 6 5 6 6 6 4 4 4 3 6 6 5 6 6 6 4 4 4 4 6 6 6 6 6 6 4 4 4 4 6 6 6 6 6 6 4
Last Time Cost: 00000002 ms
Total Time Cost: 00000006 ms
Total Distance 200: 4 4 3 6 6 5 6 6 6 4 4 4 2 6 6 5 6 6 6 4 4 4 4 6 6 5 6 6 5 4 4 4 4 6 6 6 6 6 5 4
Last Time Cost: 00000002 ms
Total Time Cost: 00000008 ms
Total Distance 198: 4 4 3 6 6 4 6 6 6 4 4 4 1 6 6 5 6 6 6 4 4 4 4 6 6 5 6 6 5 4 4 4 4 6 6 6 6 6 5 4
Last Time Cost: 00000002 ms
Total Time Cost: 00000010 ms
Total Distance 197: 4 4 3 6 6 4 6 6 6 4 4 4 0 6 6 5 6 6 6 4 4 4 4 6 6 5 6 6 5 4 4 4 4 6 6 6 6 6 5 4
Last Time Cost: 00000001 ms
Total Time Cost: 00000011 ms
Total Distance 193: 4 4 2 6 6 4 6 6 6 4 4 4 0 6 6 5 6 6 6 4 4 4 4 6 6 5 6 6 4 4 4 4 4 6 6 5 6 6 4 4
Last Time Cost: 00000001 ms
Total Time Cost: 00000012 ms
Total Distance 191: 4 4 1 6 6 4 6 6 6 4 4 4 0 6 6 4 6 6 6 4 4 4 4 6 6 5 6 6 4 4 4 4 4 6 6 5 6 6 4 4
Last Time Cost: 00000002 ms
Total Time Cost: 00000014 ms
Total Distance 190: 4 4 0 6 6 4 6 6 6 4 4 4 0 6 6 4 6 6 6 4 4 4 4 6 6 5 6 6 4 4 4 4 4 6 6 5 6 6 4 4
Last Time Cost: 00000004 ms
Total Time Cost: 00000018 ms
Total Distance 186: 4 4 0 6 6 4 6 6 6 4 4 4 0 6 6 4 6 6 6 4 4 4 3 6 6 4 6 6 4 4 4 4 3 6 6 4 6 6 4 4
Last Time Cost: 00000002 ms
Total Time Cost: 00000020 ms
Total Distance 183: 4 4 0 6 6 4 6 6 5 4 4 4 0 6 6 4 6 6 5 4 4 4 3 6 6 4 6 6 4 4 4 4 2 6 6 4 6 6 4 4
Last Time Cost: 00000002 ms
Total Time Cost: 00000022 ms
Total Distance 181: 4 4 0 6 6 4 6 6 5 4 4 4 0 6 6 4 6 6 5 4 4 4 3 6 6 3 6 6 4 4 4 4 1 6 6 4 6 6 4 4
Last Time Cost: 00000002 ms
Total Time Cost: 00000024 ms
Total Distance 180: 4 4 0 6 6 4 6 6 5 4 4 4 0 6 6 4 6 6 5 4 4 4 3 6 6 3 6 6 4 4 4 4 0 6 6 4 6 6 4 4
Last Time Cost: 00000002 ms
Total Time Cost: 00000026 ms
Total Distance 177: 4 4 0 6 6 4 6 6 4 4 4 4 0 6 6 4 6 6 4 4 4 4 2 6 6 3 6 6 4 4 4 4 0 6 6 4 6 6 4 4
Last Time Cost: 00000002 ms
Total Time Cost: 00000028 ms
Total Distance 175: 4 4 0 6 6 4 6 6 4 4 4 4 0 6 6 4 6 6 4 4 4 4 1 6 6 3 6 6 4 4 4 4 0 6 6 3 6 6 4 4
Last Time Cost: 00000002 ms
Total Time Cost: 00000030 ms
Total Distance 174: 4 4 0 6 6 4 6 6 4 4 4 4 0 6 6 4 6 6 4 4 4 4 0 6 6 3 6 6 4 4 4 4 0 6 6 3 6 6 4 4
Last Time Cost: 00000003 ms
Total Time Cost: 00000033 ms
Total Distance 172: 4 4 0 6 6 4 6 6 4 4 4 4 0 6 6 4 6 6 3 4 4 4 0 6 6 2 6 6 4 4 4 4 0 6 6 3 6 6 4 4
Last Time Cost: 00000002 ms
Total Time Cost: 00000035 ms
Total Distance 171: 4 4 0 6 6 4 6 6 4 4 4 4 0 6 6 4 6 6 3 4 4 4 0 6 6 1 6 6 4 4 4 4 0 6 6 3 6 6 4 4
Last Time Cost: 00000002 ms
Total Time Cost: 00000037 ms
Total Distance 170: 4 4 0 6 6 4 6 6 4 4 4 4 0 6 6 4 6 6 3 4 4 4 0 6 6 0 6 6 4 4 4 4 0 6 6 3 6 6 4 4
Last Time Cost: 00000003 ms
Total Time Cost: 00000040 ms
Total Distance 167: 4 4 0 6 6 4 6 6 4 4 4 4 0 6 6 4 6 6 2 4 4 3 0 6 6 0 6 6 4 4 4 4 0 6 5 3 6 6 4 4
Last Time Cost: 00000003 ms
Total Time Cost: 00000043 ms
Total Distance 166: 4 4 0 6 6 4 6 6 4 4 4 4 0 6 6 4 6 6 1 4 4 3 0 6 6 0 6 6 4 4 4 4 0 6 5 3 6 6 4 4
Last Time Cost: 00000003 ms
Total Time Cost: 00000046 ms
Total Distance 165: 4 4 0 6 6 4 6 6 4 4 4 4 0 6 6 4 6 6 0 4 4 3 0 6 6 0 6 6 4 4 4 4 0 6 5 3 6 6 4 4
Last Time Cost: 00000003 ms
Total Time Cost: 00000049 ms
Total Distance 161: 4 4 0 6 6 4 6 5 4 4 4 4 0 6 5 4 6 5 0 4 4 2 0 6 6 0 6 6 4 4 4 4 0 6 5 3 6 6 4 4
Last Time Cost: 00000003 ms
Total Time Cost: 00000052 ms
Total Distance 159: 4 4 0 6 6 4 6 5 4 4 4 4 0 6 5 4 6 5 0 4 4 1 0 6 6 0 6 6 4 4 4 4 0 6 4 3 6 6 4 4
Last Time Cost: 00000003 ms
Total Time Cost: 00000055 ms
Total Distance 158: 4 4 0 6 6 4 6 5 4 4 4 4 0 6 5 4 6 5 0 4 4 0 0 6 6 0 6 6 4 4 4 4 0 6 4 3 6 6 4 4
Last Time Cost: 00000002 ms
Total Time Cost: 00000057 ms
Total Distance 156: 4 4 0 6 6 4 6 5 3 4 4 4 0 6 5 4 6 5 0 4 4 0 0 6 6 0 6 6 4 4 4 4 0 6 4 2 6 6 4 4
Last Time Cost: 00000003 ms
Total Time Cost: 00000060 ms
Total Distance 155: 4 4 0 6 6 4 6 5 3 4 4 4 0 6 5 4 6 5 0 4 4 0 0 6 6 0 6 6 4 4 4 4 0 6 4 1 6 6 4 4
Last Time Cost: 00000003 ms
Total Time Cost: 00000063 ms
Total Distance 154: 4 4 0 6 6 4 6 5 3 4 4 4 0 6 5 4 6 5 0 4 4 0 0 6 6 0 6 6 4 4 4 4 0 6 4 0 6 6 4 4
Last Time Cost: 00000003 ms
Total Time Cost: 00000066 ms
Total Distance 151: 4 4 0 6 6 4 6 5 2 4 4 4 0 6 5 4 6 5 0 4 4 0 0 6 5 0 6 6 4 4 4 3 0 6 4 0 6 6 4 4
Last Time Cost: 00000003 ms
Total Time Cost: 00000069 ms
Total Distance 150: 4 4 0 6 6 4 6 5 1 4 4 4 0 6 5 4 6 5 0 4 4 0 0 6 5 0 6 6 4 4 4 3 0 6 4 0 6 6 4 4
Last Time Cost: 00000004 ms
Total Time Cost: 00000073 ms
Total Distance 148: 4 4 0 6 6 4 6 5 0 4 4 4 0 6 4 4 6 5 0 4 4 0 0 6 5 0 6 6 4 4 4 3 0 6 4 0 6 6 4 4
Last Time Cost: 00000004 ms
Total Time Cost: 00000077 ms
Total Distance 144: 4 4 0 6 5 4 6 4 0 4 4 4 0 6 4 4 6 4 0 4 4 0 0 6 5 0 6 6 4 4 4 2 0 6 4 0 6 6 4 4
Last Time Cost: 00000003 ms
Total Time Cost: 00000080 ms
Total Distance 142: 4 4 0 6 5 4 6 4 0 4 4 4 0 6 4 4 6 4 0 4 4 0 0 6 4 0 6 6 4 4 4 1 0 6 4 0 6 6 4 4
Last Time Cost: 00000003 ms
Total Time Cost: 00000083 ms
Total Distance 140: 4 4 0 6 4 4 6 4 0 4 4 4 0 6 4 4 6 4 0 4 4 0 0 6 4 0 6 6 4 4 4 0 0 6 4 0 6 6 4 4
Last Time Cost: 00000008 ms
Total Time Cost: 00000091 ms
Total Distance 136: 4 3 0 6 3 4 6 4 0 4 4 3 0 6 3 4 6 4 0 4 4 0 0 6 4 0 6 6 4 4 4 0 0 6 4 0 6 6 4 4
Last Time Cost: 00000004 ms
Total Time Cost: 00000095 ms
Total Distance 133: 4 2 0 6 3 4 6 4 0 4 4 3 0 6 3 4 6 4 0 4 4 0 0 6 3 0 6 6 4 4 4 0 0 6 4 0 6 6 3 4
Last Time Cost: 00000004 ms
Total Time Cost: 00000099 ms
Total Distance 131: 4 1 0 6 3 4 6 4 0 4 4 3 0 6 2 4 6 4 0 4 4 0 0 6 3 0 6 6 4 4 4 0 0 6 4 0 6 6 3 4
Last Time Cost: 00000004 ms
Total Time Cost: 00000103 ms
Total Distance 130: 4 0 0 6 3 4 6 4 0 4 4 3 0 6 2 4 6 4 0 4 4 0 0 6 3 0 6 6 4 4 4 0 0 6 4 0 6 6 3 4
Last Time Cost: 00000005 ms
Total Time Cost: 00000108 ms
Total Distance 129: 4 0 0 6 3 4 6 4 0 4 4 3 0 6 1 4 6 4 0 4 4 0 0 6 3 0 6 6 4 4 4 0 0 6 4 0 6 6 3 4
Last Time Cost: 00000004 ms
Total Time Cost: 00000112 ms
Total Distance 128: 4 0 0 6 3 4 6 4 0 4 4 3 0 6 0 4 6 4 0 4 4 0 0 6 3 0 6 6 4 4 4 0 0 6 4 0 6 6 3 4
Last Time Cost: 00000005 ms
Total Time Cost: 00000117 ms
Total Distance 125: 4 0 0 6 3 4 6 4 0 4 4 2 0 6 0 4 6 4 0 4 4 0 0 6 3 0 6 6 3 4 4 0 0 6 3 0 6 6 3 4
Last Time Cost: 00000004 ms
Total Time Cost: 00000121 ms
Total Distance 122: 4 0 0 6 2 4 6 4 0 4 4 1 0 6 0 4 6 4 0 4 4 0 0 6 3 0 6 5 3 4 4 0 0 6 3 0 6 6 3 4
Last Time Cost: 00000005 ms
Total Time Cost: 00000126 ms
Total Distance 121: 4 0 0 6 2 4 6 4 0 4 4 0 0 6 0 4 6 4 0 4 4 0 0 6 3 0 6 5 3 4 4 0 0 6 3 0 6 6 3 4
Last Time Cost: 00000005 ms
Total Time Cost: 00000131 ms
Total Distance 119: 4 0 0 6 1 4 6 4 0 4 4 0 0 6 0 4 6 4 0 4 4 0 0 6 3 0 6 5 3 4 4 0 0 6 3 0 6 5 3 4
Last Time Cost: 00000005 ms
Total Time Cost: 00000136 ms
Total Distance 118: 4 0 0 6 0 4 6 4 0 4 4 0 0 6 0 4 6 4 0 4 4 0 0 6 3 0 6 5 3 4 4 0 0 6 3 0 6 5 3 4
Last Time Cost: 00000006 ms
Total Time Cost: 00000142 ms
Total Distance 116: 4 0 0 6 0 4 6 4 0 4 4 0 0 6 0 4 6 4 0 4 4 0 0 6 3 0 6 5 2 4 4 0 0 6 3 0 6 5 2 4
Last Time Cost: 00000006 ms
Total Time Cost: 00000148 ms
Total Distance 115: 4 0 0 6 0 4 6 4 0 4 4 0 0 6 0 4 6 4 0 4 4 0 0 6 3 0 6 5 2 4 4 0 0 6 3 0 6 5 1 4
Last Time Cost: 00000005 ms
Total Time Cost: 00000153 ms
Total Distance 114: 4 0 0 6 0 4 6 4 0 4 4 0 0 6 0 4 6 4 0 4 4 0 0 6 3 0 6 5 2 4 4 0 0 6 3 0 6 5 0 4
Last Time Cost: 00000006 ms
Total Time Cost: 00000159 ms
Total Distance 113: 4 0 0 6 0 4 6 4 0 4 4 0 0 6 0 4 6 4 0 4 4 0 0 6 3 0 6 5 1 4 4 0 0 6 3 0 6 5 0 4
Last Time Cost: 00000006 ms
Total Time Cost: 00000165 ms
Total Distance 112: 4 0 0 6 0 4 6 4 0 4 4 0 0 6 0 4 6 4 0 4 4 0 0 6 3 0 6 5 0 4 4 0 0 6 3 0 6 5 0 4
Last Time Cost: 00000007 ms
Total Time Cost: 00000172 ms
Total Distance 110: 4 0 0 6 0 4 6 4 0 4 4 0 0 6 0 4 6 3 0 4 4 0 0 6 2 0 6 5 0 4 4 0 0 6 3 0 6 5 0 4
Last Time Cost: 00000006 ms
Total Time Cost: 00000178 ms
Total Distance 108: 4 0 0 6 0 4 6 4 0 4 4 0 0 6 0 4 6 3 0 4 4 0 0 6 1 0 6 5 0 4 4 0 0 6 3 0 6 4 0 4
Last Time Cost: 00000006 ms
Total Time Cost: 00000184 ms
Total Distance 107: 4 0 0 6 0 4 6 4 0 4 4 0 0 6 0 4 6 3 0 4 4 0 0 6 0 0 6 5 0 4 4 0 0 6 3 0 6 4 0 4
Last Time Cost: 00000007 ms
Total Time Cost: 00000191 ms
Total Distance 105: 4 0 0 6 0 4 6 3 0 4 4 0 0 6 0 4 6 3 0 4 4 0 0 6 0 0 6 5 0 4 4 0 0 6 2 0 6 4 0 4
Last Time Cost: 00000007 ms
Total Time Cost: 00000198 ms
Total Distance 103: 4 0 0 6 0 4 6 3 0 4 4 0 0 6 0 4 6 3 0 4 4 0 0 6 0 0 6 4 0 4 4 0 0 6 1 0 6 4 0 4
Last Time Cost: 00000006 ms
Total Time Cost: 00000204 ms
Total Distance 102: 4 0 0 6 0 4 6 3 0 4 4 0 0 6 0 4 6 3 0 4 4 0 0 6 0 0 6 4 0 4 4 0 0 6 0 0 6 4 0 4
Last Time Cost: 00000007 ms
Total Time Cost: 00000211 ms
Total Distance 101: 4 0 0 6 0 4 6 2 0 4 4 0 0 6 0 4 6 3 0 4 4 0 0 6 0 0 6 4 0 4 4 0 0 6 0 0 6 4 0 4
Last Time Cost: 00000007 ms
Total Time Cost: 00000218 ms
Total Distance 100: 4 0 0 6 0 4 6 1 0 4 4 0 0 6 0 4 6 3 0 4 4 0 0 6 0 0 6 4 0 4 4 0 0 6 0 0 6 4 0 4
Last Time Cost: 00000007 ms
Total Time Cost: 00000225 ms
Total Distance 99: 4 0 0 6 0 4 6 0 0 4 4 0 0 6 0 4 6 3 0 4 4 0 0 6 0 0 6 4 0 4 4 0 0 6 0 0 6 4 0 4
Last Time Cost: 00000008 ms
Total Time Cost: 00000233 ms
Total Distance 98: 4 0 0 6 0 4 6 0 0 4 4 0 0 6 0 4 6 2 0 4 4 0 0 6 0 0 6 4 0 4 4 0 0 6 0 0 6 4 0 4
Last Time Cost: 00000008 ms
Total Time Cost: 00000241 ms
Total Distance 97: 4 0 0 6 0 4 6 0 0 4 4 0 0 6 0 4 6 1 0 4 4 0 0 6 0 0 6 4 0 4 4 0 0 6 0 0 6 4 0 4
Last Time Cost: 00000008 ms
Total Time Cost: 00000249 ms
Total Distance 96: 4 0 0 6 0 4 6 0 0 4 4 0 0 6 0 4 6 0 0 4 4 0 0 6 0 0 6 4 0 4 4 0 0 6 0 0 6 4 0 4
Last Time Cost: 00000013 ms
Total Time Cost: 00000262 ms
Total Distance 92: 4 0 0 6 0 4 6 0 0 4 4 0 0 6 0 4 6 0 0 4 3 0 0 5 0 0 6 4 0 4 3 0 0 5 0 0 6 4 0 4
Last Time Cost: 00000009 ms
Total Time Cost: 00000271 ms
Total Distance 88: 4 0 0 6 0 4 5 0 0 4 4 0 0 5 0 4 5 0 0 4 2 0 0 5 0 0 6 4 0 4 3 0 0 5 0 0 6 4 0 4
Last Time Cost: 00000009 ms
Total Time Cost: 00000280 ms
Total Distance 86: 4 0 0 6 0 4 5 0 0 4 4 0 0 5 0 4 5 0 0 4 1 0 0 5 0 0 6 4 0 4 3 0 0 4 0 0 6 4 0 4
Last Time Cost: 00000009 ms
Total Time Cost: 00000289 ms
Total Distance 84: 4 0 0 6 0 4 5 0 0 4 4 0 0 4 0 4 5 0 0 4 0 0 0 5 0 0 6 4 0 4 3 0 0 4 0 0 6 4 0 4
Last Time Cost: 00000010 ms
Total Time Cost: 00000299 ms
Total Distance 80: 4 0 0 5 0 4 4 0 0 4 4 0 0 4 0 4 4 0 0 4 0 0 0 5 0 0 6 4 0 4 2 0 0 4 0 0 6 4 0 4
Last Time Cost: 00000010 ms
Total Time Cost: 00000309 ms
Total Distance 78: 4 0 0 5 0 4 4 0 0 4 4 0 0 4 0 4 4 0 0 4 0 0 0 4 0 0 6 4 0 4 1 0 0 4 0 0 6 4 0 4
Last Time Cost: 00000010 ms
Total Time Cost: 00000319 ms
Total Distance 76: 4 0 0 4 0 4 4 0 0 4 4 0 0 4 0 4 4 0 0 4 0 0 0 4 0 0 6 4 0 4 0 0 0 4 0 0 6 4 0 4
Last Time Cost: 00000015 ms
Total Time Cost: 00000334 ms
Total Distance 72: 3 0 0 3 0 4 4 0 0 4 3 0 0 3 0 4 4 0 0 4 0 0 0 4 0 0 6 4 0 4 0 0 0 4 0 0 6 4 0 4
Last Time Cost: 00000012 ms
Total Time Cost: 00000346 ms
Total Distance 69: 2 0 0 3 0 4 4 0 0 4 3 0 0 3 0 4 4 0 0 4 0 0 0 3 0 0 6 4 0 4 0 0 0 4 0 0 6 3 0 4
Last Time Cost: 00000012 ms
Total Time Cost: 00000358 ms
Total Distance 67: 1 0 0 3 0 4 4 0 0 4 3 0 0 2 0 4 4 0 0 4 0 0 0 3 0 0 6 4 0 4 0 0 0 4 0 0 6 3 0 4
Last Time Cost: 00000012 ms
Total Time Cost: 00000370 ms
Total Distance 66: 0 0 0 3 0 4 4 0 0 4 3 0 0 2 0 4 4 0 0 4 0 0 0 3 0 0 6 4 0 4 0 0 0 4 0 0 6 3 0 4
Last Time Cost: 00000012 ms
Total Time Cost: 00000382 ms
Total Distance 65: 0 0 0 3 0 4 4 0 0 4 3 0 0 1 0 4 4 0 0 4 0 0 0 3 0 0 6 4 0 4 0 0 0 4 0 0 6 3 0 4
Last Time Cost: 00000012 ms
Total Time Cost: 00000394 ms
Total Distance 64: 0 0 0 3 0 4 4 0 0 4 3 0 0 0 0 4 4 0 0 4 0 0 0 3 0 0 6 4 0 4 0 0 0 4 0 0 6 3 0 4
Last Time Cost: 00000013 ms
Total Time Cost: 00000407 ms
Total Distance 61: 0 0 0 3 0 4 4 0 0 4 2 0 0 0 0 4 4 0 0 4 0 0 0 3 0 0 6 3 0 4 0 0 0 3 0 0 6 3 0 4
Last Time Cost: 00000013 ms
Total Time Cost: 00000420 ms
Total Distance 58: 0 0 0 2 0 4 4 0 0 4 1 0 0 0 0 4 4 0 0 4 0 0 0 3 0 0 5 3 0 4 0 0 0 3 0 0 6 3 0 4
Last Time Cost: 00000013 ms
Total Time Cost: 00000433 ms
Total Distance 57: 0 0 0 2 0 4 4 0 0 4 0 0 0 0 0 4 4 0 0 4 0 0 0 3 0 0 5 3 0 4 0 0 0 3 0 0 6 3 0 4
Last Time Cost: 00000013 ms
Total Time Cost: 00000446 ms
Total Distance 55: 0 0 0 1 0 4 4 0 0 4 0 0 0 0 0 4 4 0 0 4 0 0 0 3 0 0 5 3 0 4 0 0 0 3 0 0 5 3 0 4
Last Time Cost: 00000001 ms
Total Time Cost: 00000447 ms
Total Distance 54: 0 0 0 0 0 4 4 0 0 4 0 0 0 0 0 4 4 0 0 4 0 0 0 3 0 0 5 3 0 4 0 0 0 3 0 0 5 3 0 4
Last Time Cost: 00000003 ms
Total Time Cost: 00000450 ms
Total Distance 52: 0 0 0 0 0 4 4 0 0 4 0 0 0 0 0 4 4 0 0 4 0 0 0 3 0 0 5 2 0 4 0 0 0 3 0 0 5 2 0 4
Last Time Cost: 00000001 ms
Total Time Cost: 00000451 ms
Total Distance 51: 0 0 0 0 0 4 4 0 0 4 0 0 0 0 0 4 4 0 0 4 0 0 0 3 0 0 5 1 0 4 0 0 0 3 0 0 5 2 0 4
Last Time Cost: 00000001 ms
Total Time Cost: 00000452 ms
Total Distance 50: 0 0 0 0 0 4 4 0 0 4 0 0 0 0 0 4 4 0 0 4 0 0 0 3 0 0 5 0 0 4 0 0 0 3 0 0 5 2 0 4
Last Time Cost: 00000001 ms
Total Time Cost: 00000453 ms
Total Distance 49: 0 0 0 0 0 4 4 0 0 4 0 0 0 0 0 4 4 0 0 4 0 0 0 3 0 0 5 0 0 4 0 0 0 3 0 0 5 1 0 4
Last Time Cost: 00000001 ms
Total Time Cost: 00000454 ms
Total Distance 48: 0 0 0 0 0 4 4 0 0 4 0 0 0 0 0 4 4 0 0 4 0 0 0 3 0 0 5 0 0 4 0 0 0 3 0 0 5 0 0 4
Last Time Cost: 00000002 ms
Total Time Cost: 00000456 ms
Total Distance 46: 0 0 0 0 0 4 4 0 0 4 0 0 0 0 0 4 3 0 0 4 0 0 0 2 0 0 5 0 0 4 0 0 0 3 0 0 5 0 0 4
Last Time Cost: 00000001 ms
Total Time Cost: 00000457 ms
Total Distance 44: 0 0 0 0 0 4 4 0 0 4 0 0 0 0 0 4 3 0 0 4 0 0 0 1 0 0 5 0 0 4 0 0 0 3 0 0 4 0 0 4
Last Time Cost: 00000001 ms
Total Time Cost: 00000458 ms
Total Distance 43: 0 0 0 0 0 4 4 0 0 4 0 0 0 0 0 4 3 0 0 4 0 0 0 0 0 0 5 0 0 4 0 0 0 3 0 0 4 0 0 4
Last Time Cost: 00000002 ms
Total Time Cost: 00000460 ms
Total Distance 41: 0 0 0 0 0 4 4 0 0 4 0 0 0 0 0 4 3 0 0 4 0 0 0 0 0 0 4 0 0 4 0 0 0 2 0 0 4 0 0 4
Last Time Cost: 00000001 ms
Total Time Cost: 00000461 ms
Total Distance 40: 0 0 0 0 0 4 4 0 0 4 0 0 0 0 0 4 3 0 0 4 0 0 0 0 0 0 4 0 0 4 0 0 0 1 0 0 4 0 0 4
Last Time Cost: 00000000 ms
Total Time Cost: 00000461 ms
Total Distance 39: 0 0 0 0 0 4 4 0 0 4 0 0 0 0 0 4 3 0 0 4 0 0 0 0 0 0 4 0 0 4 0 0 0 0 0 0 4 0 0 4
Last Time Cost: 00000001 ms
Total Time Cost: 00000462 ms
Total Distance 38: 0 0 0 0 0 4 4 0 0 4 0 0 0 0 0 4 2 0 0 4 0 0 0 0 0 0 4 0 0 4 0 0 0 0 0 0 4 0 0 4
Last Time Cost: 00000001 ms
Total Time Cost: 00000463 ms
Total Distance 37: 0 0 0 0 0 4 4 0 0 4 0 0 0 0 0 4 1 0 0 4 0 0 0 0 0 0 4 0 0 4 0 0 0 0 0 0 4 0 0 4
Last Time Cost: 00000001 ms
Total Time Cost: 00000464 ms
Total Distance 36: 0 0 0 0 0 4 4 0 0 4 0 0 0 0 0 4 0 0 0 4 0 0 0 0 0 0 4 0 0 4 0 0 0 0 0 0 4 0 0 4
Last Time Cost: 00000004 ms
Total Time Cost: 00000468 ms
Total Distance 34: 0 0 0 0 0 4 4 0 0 4 0 0 0 0 0 4 0 0 0 4 0 0 0 0 0 0 4 0 0 3 0 0 0 0 0 0 4 0 0 3
Last Time Cost: 00000002 ms
Total Time Cost: 00000470 ms
Total Distance 31: 0 0 0 0 0 4 4 0 0 4 0 0 0 0 0 4 0 0 0 4 0 0 0 0 0 0 4 0 0 2 0 0 0 0 0 0 3 0 0 2
Last Time Cost: 00000001 ms
Total Time Cost: 00000471 ms
Total Distance 30: 0 0 0 0 0 4 4 0 0 4 0 0 0 0 0 4 0 0 0 4 0 0 0 0 0 0 4 0 0 1 0 0 0 0 0 0 3 0 0 2
Last Time Cost: 00000000 ms
Total Time Cost: 00000471 ms
Total Distance 29: 0 0 0 0 0 4 4 0 0 4 0 0 0 0 0 4 0 0 0 4 0 0 0 0 0 0 4 0 0 0 0 0 0 0 0 0 3 0 0 2
Last Time Cost: 00000001 ms
Total Time Cost: 00000472 ms
Total Distance 28: 0 0 0 0 0 4 4 0 0 4 0 0 0 0 0 4 0 0 0 4 0 0 0 0 0 0 4 0 0 0 0 0 0 0 0 0 3 0 0 1
Last Time Cost: 00000000 ms
Total Time Cost: 00000472 ms
Total Distance 27: 0 0 0 0 0 4 4 0 0 4 0 0 0 0 0 4 0 0 0 4 0 0 0 0 0 0 4 0 0 0 0 0 0 0 0 0 3 0 0 0
Last Time Cost: 00000002 ms
Total Time Cost: 00000474 ms
Total Distance 25: 0 0 0 0 0 4 4 0 0 4 0 0 0 0 0 4 0 0 0 4 0 0 0 0 0 0 3 0 0 0 0 0 0 0 0 0 2 0 0 0
Last Time Cost: 00000002 ms
Total Time Cost: 00000476 ms
Total Distance 23: 0 0 0 0 0 4 3 0 0 4 0 0 0 0 0 4 0 0 0 4 0 0 0 0 0 0 3 0 0 0 0 0 0 0 0 0 1 0 0 0
Last Time Cost: 00000000 ms
Total Time Cost: 00000476 ms
Total Distance 22: 0 0 0 0 0 4 3 0 0 4 0 0 0 0 0 4 0 0 0 4 0 0 0 0 0 0 3 0 0 0 0 0 0 0 0 0 0 0 0 0
Last Time Cost: 00000001 ms
Total Time Cost: 00000477 ms
Total Distance 19: 0 0 0 0 0 4 3 0 0 3 0 0 0 0 0 4 0 0 0 3 0 0 0 0 0 0 2 0 0 0 0 0 0 0 0 0 0 0 0 0
Last Time Cost: 00000001 ms
Total Time Cost: 00000478 ms
Total Distance 17: 0 0 0 0 0 4 3 0 0 3 0 0 0 0 0 4 0 0 0 2 0 0 0 0 0 0 1 0 0 0 0 0 0 0 0 0 0 0 0 0
Last Time Cost: 00000000 ms
Total Time Cost: 00000478 ms
Total Distance 16: 0 0 0 0 0 4 3 0 0 3 0 0 0 0 0 4 0 0 0 2 0 0 0 0 0 0 0 0 0 0 0 0 0 0 0 0 0 0 0 0
Last Time Cost: 00000002 ms
Total Time Cost: 00000480 ms
Total Distance 15: 0 0 0 0 0 4 3 0 0 3 0 0 0 0 0 4 0 0 0 1 0 0 0 0 0 0 0 0 0 0 0 0 0 0 0 0 0 0 0 0
Last Time Cost: 00000000 ms
Total Time Cost: 00000480 ms
Total Distance 14: 0 0 0 0 0 4 3 0 0 3 0 0 0 0 0 4 0 0 0 0 0 0 0 0 0 0 0 0 0 0 0 0 0 0 0 0 0 0 0 0
Last Time Cost: 00000001 ms
Total Time Cost: 00000481 ms
Total Distance 12: 0 0 0 0 0 4 2 0 0 2 0 0 0 0 0 4 0 0 0 0 0 0 0 0 0 0 0 0 0 0 0 0 0 0 0 0 0 0 0 0
Last Time Cost: 00000001 ms
Total Time Cost: 00000482 ms
Total Distance 11: 0 0 0 0 0 4 2 0 0 1 0 0 0 0 0 4 0 0 0 0 0 0 0 0 0 0 0 0 0 0 0 0 0 0 0 0 0 0 0 0
Last Time Cost: 00000001 ms
Total Time Cost: 00000483 ms
Total Distance 10: 0 0 0 0 0 4 2 0 0 0 0 0 0 0 0 4 0 0 0 0 0 0 0 0 0 0 0 0 0 0 0 0 0 0 0 0 0 0 0 0
Last Time Cost: 00000001 ms
Total Time Cost: 00000484 ms
Total Distance 9: 0 0 0 0 0 4 1 0 0 0 0 0 0 0 0 4 0 0 0 0 0 0 0 0 0 0 0 0 0 0 0 0 0 0 0 0 0 0 0 0
Last Time Cost: 00000000 ms
Total Time Cost: 00000484 ms
Total Distance 8: 0 0 0 0 0 4 0 0 0 0 0 0 0 0 0 4 0 0 0 0 0 0 0 0 0 0 0 0 0 0 0 0 0 0 0 0 0 0 0 0
Last Time Cost: 00000002 ms
Total Time Cost: 00000486 ms
Total Distance 6: 0 0 0 0 0 3 0 0 0 0 0 0 0 0 0 3 0 0 0 0 0 0 0 0 0 0 0 0 0 0 0 0 0 0 0 0 0 0 0 0
Last Time Cost: 00000001 ms
Total Time Cost: 00000487 ms
Total Distance 5: 0 0 0 0 0 3 0 0 0 0 0 0 0 0 0 2 0 0 0 0 0 0 0 0 0 0 0 0 0 0 0 0 0 0 0 0 0 0 0 0
Last Time Cost: 00000000 ms
Total Time Cost: 00000487 ms
Total Distance 4: 0 0 0 0 0 3 0 0 0 0 0 0 0 0 0 1 0 0 0 0 0 0 0 0 0 0 0 0 0 0 0 0 0 0 0 0 0 0 0 0
Last Time Cost: 00000000 ms
Total Time Cost: 00000487 ms
Total Distance 3: 0 0 0 0 0 3 0 0 0 0 0 0 0 0 0 0 0 0 0 0 0 0 0 0 0 0 0 0 0 0 0 0 0 0 0 0 0 0 0 0
Last Time Cost: 00000001 ms
Total Time Cost: 00000488 ms
Total Distance 2: 0 0 0 0 0 2 0 0 0 0 0 0 0 0 0 0 0 0 0 0 0 0 0 0 0 0 0 0 0 0 0 0 0 0 0 0 0 0 0 0
Last Time Cost: 00000000 ms
Total Time Cost: 00000488 ms
Total Distance 1: 0 0 0 0 0 1 0 0 0 0 0 0 0 0 0 0 0 0 0 0 0 0 0 0 0 0 0 0 0 0 0 0 0 0 0 0 0 0 0 0
Last Time Cost: 00000000 ms
Total Time Cost: 00000488 ms
Total Distance 0: 0 0 0 0 0 0 0 0 0 0 0 0 0 0 0 0 0 0 0 0 0 0 0 0 0 0 0 0 0 0 0 0 0 0 0 0 0 0 0 0
