Last Time Cost: 00000000 ms
Total Time Cost: 00000000 ms
Total Distance 208: 4 4 4 4 6 6 4 4 4 4 4 4 4 4 4 4 6 6 4 4 4 4 4 4 4 4 4 4 6 6 4 4 4 4 4 4 4 4 4 4 6 6 4 4 4 4 4 4
Last Time Cost: 00000004 ms
Total Time Cost: 00000004 ms
Total Distance 204: 4 4 4 4 5 6 4 4 4 4 4 3 4 4 4 4 5 6 4 4 4 4 4 3 4 4 4 4 6 6 4 4 4 4 4 4 4 4 4 4 6 6 4 4 4 4 4 4
Last Time Cost: 00000002 ms
Total Time Cost: 00000006 ms
Total Distance 202: 4 4 4 4 5 6 4 4 4 4 4 3 4 4 4 4 5 6 4 4 4 4 4 2 4 4 4 4 6 6 4 4 4 4 4 4 4 4 4 4 6 6 4 4 4 4 4 3
Last Time Cost: 00000002 ms
Total Time Cost: 00000008 ms
Total Distance 201: 4 4 4 4 5 6 4 4 4 4 4 3 4 4 4 4 5 6 4 4 4 4 4 1 4 4 4 4 6 6 4 4 4 4 4 4 4 4 4 4 6 6 4 4 4 4 4 3
Last Time Cost: 00000001 ms
Total Time Cost: 00000009 ms
Total Distance 200: 4 4 4 4 5 6 4 4 4 4 4 3 4 4 4 4 5 6 4 4 4 4 4 0 4 4 4 4 6 6 4 4 4 4 4 4 4 4 4 4 6 6 4 4 4 4 4 3
Last Time Cost: 00000003 ms
Total Time Cost: 00000012 ms
Total Distance 196: 4 4 4 4 5 6 4 4 4 4 4 3 4 4 4 4 5 6 4 4 4 4 4 0 4 4 4 4 5 6 4 4 4 4 4 3 4 4 4 4 5 6 4 4 4 4 4 2
Last Time Cost: 00000002 ms
Total Time Cost: 00000014 ms
Total Distance 195: 4 4 4 4 5 6 4 4 4 4 4 3 4 4 4 4 5 6 4 4 4 4 4 0 4 4 4 4 5 6 4 4 4 4 4 3 4 4 4 4 5 6 4 4 4 4 4 1
Last Time Cost: 00000001 ms
Total Time Cost: 00000015 ms
Total Distance 194: 4 4 4 4 5 6 4 4 4 4 4 3 4 4 4 4 5 6 4 4 4 4 4 0 4 4 4 4 5 6 4 4 4 4 4 3 4 4 4 4 5 6 4 4 4 4 4 0
Last Time Cost: 00000002 ms
Total Time Cost: 00000017 ms
Total Distance 192: 4 4 4 4 5 6 4 4 4 4 4 2 4 4 4 4 5 6 4 4 4 4 4 0 4 4 4 4 5 6 4 4 4 4 4 2 4 4 4 4 5 6 4 4 4 4 4 0
Last Time Cost: 00000002 ms
Total Time Cost: 00000019 ms
Total Distance 191: 4 4 4 4 5 6 4 4 4 4 4 2 4 4 4 4 5 6 4 4 4 4 4 0 4 4 4 4 5 6 4 4 4 4 4 1 4 4 4 4 5 6 4 4 4 4 4 0
Last Time Cost: 00000002 ms
Total Time Cost: 00000021 ms
Total Distance 190: 4 4 4 4 5 6 4 4 4 4 4 2 4 4 4 4 5 6 4 4 4 4 4 0 4 4 4 4 5 6 4 4 4 4 4 0 4 4 4 4 5 6 4 4 4 4 4 0
Last Time Cost: 00000002 ms
Total Time Cost: 00000023 ms
Total Distance 189: 4 4 4 4 5 6 4 4 4 4 4 1 4 4 4 4 5 6 4 4 4 4 4 0 4 4 4 4 5 6 4 4 4 4 4 0 4 4 4 4 5 6 4 4 4 4 4 0
Last Time Cost: 00000002 ms
Total Time Cost: 00000025 ms
Total Distance 188: 4 4 4 4 5 6 4 4 4 4 4 0 4 4 4 4 5 6 4 4 4 4 4 0 4 4 4 4 5 6 4 4 4 4 4 0 4 4 4 4 5 6 4 4 4 4 4 0
Last Time Cost: 00000003 ms
Total Time Cost: 00000028 ms
Total Distance 184: 3 4 4 4 5 5 4 4 4 4 4 0 4 4 4 4 5 6 4 4 4 4 4 0 3 4 4 4 5 5 4 4 4 4 4 0 4 4 4 4 5 6 4 4 4 4 4 0
Last Time Cost: 00000003 ms
Total Time Cost: 00000031 ms
Total Distance 181: 2 4 4 4 5 5 4 4 4 4 4 0 3 4 4 4 5 6 4 4 4 4 4 0 3 4 4 4 5 5 4 4 4 4 4 0 4 3 4 4 5 6 4 4 4 4 4 0
Last Time Cost: 00000003 ms
Total Time Cost: 00000034 ms
Total Distance 179: 1 4 4 4 5 5 4 4 4 4 4 0 2 4 4 4 5 6 4 4 4 4 4 0 3 4 4 4 5 5 4 4 4 4 4 0 4 3 4 4 5 6 4 4 4 4 4 0
Last Time Cost: 00000002 ms
Total Time Cost: 00000036 ms
Total Distance 178: 0 4 4 4 5 5 4 4 4 4 4 0 2 4 4 4 5 6 4 4 4 4 4 0 3 4 4 4 5 5 4 4 4 4 4 0 4 3 4 4 5 6 4 4 4 4 4 0
Last Time Cost: 00000003 ms
Total Time Cost: 00000039 ms
Total Distance 177: 0 4 4 4 5 5 4 4 4 4 4 0 1 4 4 4 5 6 4 4 4 4 4 0 3 4 4 4 5 5 4 4 4 4 4 0 4 3 4 4 5 6 4 4 4 4 4 0
Last Time Cost: 00000003 ms
Total Time Cost: 00000042 ms
Total Distance 176: 0 4 4 4 5 5 4 4 4 4 4 0 0 4 4 4 5 6 4 4 4 4 4 0 3 4 4 4 5 5 4 4 4 4 4 0 4 3 4 4 5 6 4 4 4 4 4 0
Last Time Cost: 00000003 ms
Total Time Cost: 00000045 ms
Total Distance 174: 0 4 4 4 5 5 4 4 4 4 4 0 0 4 4 4 5 6 4 4 4 4 4 0 3 3 4 4 5 5 4 4 4 4 4 0 4 2 4 4 5 6 4 4 4 4 4 0
Last Time Cost: 00000003 ms
Total Time Cost: 00000048 ms
Total Distance 173: 0 4 4 4 5 5 4 4 4 4 4 0 0 4 4 4 5 6 4 4 4 4 4 0 3 3 4 4 5 5 4 4 4 4 4 0 4 1 4 4 5 6 4 4 4 4 4 0
Last Time Cost: 00000003 ms
Total Time Cost: 00000051 ms
Total Distance 172: 0 4 4 4 5 5 4 4 4 4 4 0 0 4 4 4 5 6 4 4 4 4 4 0 3 3 4 4 5 5 4 4 4 4 4 0 4 0 4 4 5 6 4 4 4 4 4 0
Last Time Cost: 00000003 ms
Total Time Cost: 00000054 ms
Total Distance 170: 0 4 4 4 5 5 4 4 4 4 4 0 0 3 4 4 5 6 4 4 4 4 4 0 2 3 4 4 5 5 4 4 4 4 4 0 4 0 4 4 5 6 4 4 4 4 4 0
Last Time Cost: 00000004 ms
Total Time Cost: 00000058 ms
Total Distance 168: 0 4 4 4 5 5 4 4 4 4 4 0 0 3 4 4 5 6 4 4 4 4 4 0 1 3 4 4 5 5 4 4 4 4 4 0 3 0 4 4 5 6 4 4 4 4 4 0
Last Time Cost: 00000003 ms
Total Time Cost: 00000061 ms
Total Distance 167: 0 4 4 4 5 5 4 4 4 4 4 0 0 3 4 4 5 6 4 4 4 4 4 0 0 3 4 4 5 5 4 4 4 4 4 0 3 0 4 4 5 6 4 4 4 4 4 0
Last Time Cost: 00000003 ms
Total Time Cost: 00000064 ms
Total Distance 164: 0 4 4 4 5 5 4 4 4 4 4 0 0 3 4 4 5 5 4 4 4 4 4 0 0 3 4 4 5 5 4 4 4 4 4 0 2 0 4 4 5 5 4 4 4 4 4 0
Last Time Cost: 00000001 ms
Total Time Cost: 00000065 ms
Total Distance 163: 0 4 4 4 5 5 4 4 4 4 4 0 0 3 4 4 5 5 4 4 4 4 4 0 0 3 4 4 5 5 4 4 4 4 4 0 1 0 4 4 5 5 4 4 4 4 4 0
Last Time Cost: 00000001 ms
Total Time Cost: 00000066 ms
Total Distance 162: 0 4 4 4 5 5 4 4 4 4 4 0 0 3 4 4 5 5 4 4 4 4 4 0 0 3 4 4 5 5 4 4 4 4 4 0 0 0 4 4 5 5 4 4 4 4 4 0
Last Time Cost: 00000001 ms
Total Time Cost: 00000067 ms
Total Distance 160: 0 3 4 4 5 5 4 4 4 4 4 0 0 3 4 4 5 5 4 4 4 4 4 0 0 2 4 4 5 5 4 4 4 4 4 0 0 0 4 4 5 5 4 4 4 4 4 0
Last Time Cost: 00000001 ms
Total Time Cost: 00000068 ms
Total Distance 159: 0 3 4 4 5 5 4 4 4 4 4 0 0 3 4 4 5 5 4 4 4 4 4 0 0 1 4 4 5 5 4 4 4 4 4 0 0 0 4 4 5 5 4 4 4 4 4 0
Last Time Cost: 00000001 ms
Total Time Cost: 00000069 ms
Total Distance 158: 0 3 4 4 5 5 4 4 4 4 4 0 0 3 4 4 5 5 4 4 4 4 4 0 0 0 4 4 5 5 4 4 4 4 4 0 0 0 4 4 5 5 4 4 4 4 4 0
Last Time Cost: 00000001 ms
Total Time Cost: 00000070 ms
Total Distance 156: 0 2 4 4 5 5 4 4 4 4 4 0 0 2 4 4 5 5 4 4 4 4 4 0 0 0 4 4 5 5 4 4 4 4 4 0 0 0 4 4 5 5 4 4 4 4 4 0
Last Time Cost: 00000001 ms
Total Time Cost: 00000071 ms
Total Distance 155: 0 2 4 4 5 5 4 4 4 4 4 0 0 1 4 4 5 5 4 4 4 4 4 0 0 0 4 4 5 5 4 4 4 4 4 0 0 0 4 4 5 5 4 4 4 4 4 0
Last Time Cost: 00000001 ms
Total Time Cost: 00000072 ms
Total Distance 154: 0 2 4 4 5 5 4 4 4 4 4 0 0 0 4 4 5 5 4 4 4 4 4 0 0 0 4 4 5 5 4 4 4 4 4 0 0 0 4 4 5 5 4 4 4 4 4 0
Last Time Cost: 00000001 ms
Total Time Cost: 00000073 ms
Total Distance 153: 0 1 4 4 5 5 4 4 4 4 4 0 0 0 4 4 5 5 4 4 4 4 4 0 0 0 4 4 5 5 4 4 4 4 4 0 0 0 4 4 5 5 4 4 4 4 4 0
Last Time Cost: 00000000 ms
Total Time Cost: 00000073 ms
Total Distance 152: 0 0 4 4 5 5 4 4 4 4 4 0 0 0 4 4 5 5 4 4 4 4 4 0 0 0 4 4 5 5 4 4 4 4 4 0 0 0 4 4 5 5 4 4 4 4 4 0
Last Time Cost: 00000002 ms
Total Time Cost: 00000075 ms
Total Distance 149: 0 0 4 4 5 5 4 4 4 4 4 0 0 0 4 4 5 5 4 4 4 4 3 0 0 0 4 4 5 5 4 4 4 3 4 0 0 0 4 4 5 5 4 4 4 4 3 0
Last Time Cost: 00000001 ms
Total Time Cost: 00000076 ms
Total Distance 147: 0 0 4 4 5 5 4 4 4 4 4 0 0 0 4 4 5 5 4 4 4 4 2 0 0 0 4 4 5 5 4 4 4 3 4 0 0 0 4 4 5 5 4 4 4 4 2 0
Last Time Cost: 00000001 ms
Total Time Cost: 00000077 ms
Total Distance 145: 0 0 4 4 5 5 4 4 4 4 3 0 0 0 4 4 5 5 4 4 4 4 1 0 0 0 4 4 5 5 4 4 4 3 4 0 0 0 4 4 5 5 4 4 4 4 2 0
Last Time Cost: 00000001 ms
Total Time Cost: 00000078 ms
Total Distance 144: 0 0 4 4 5 5 4 4 4 4 3 0 0 0 4 4 5 5 4 4 4 4 0 0 0 0 4 4 5 5 4 4 4 3 4 0 0 0 4 4 5 5 4 4 4 4 2 0
Last Time Cost: 00000001 ms
Total Time Cost: 00000079 ms
Total Distance 143: 0 0 4 4 5 5 4 4 4 4 3 0 0 0 4 4 5 5 4 4 4 4 0 0 0 0 4 4 5 5 4 4 4 3 4 0 0 0 4 4 5 5 4 4 4 4 1 0
Last Time Cost: 00000001 ms
Total Time Cost: 00000080 ms
Total Distance 142: 0 0 4 4 5 5 4 4 4 4 3 0 0 0 4 4 5 5 4 4 4 4 0 0 0 0 4 4 5 5 4 4 4 3 4 0 0 0 4 4 5 5 4 4 4 4 0 0
Last Time Cost: 00000001 ms
Total Time Cost: 00000081 ms
Total Distance 139: 0 0 4 4 5 5 4 4 4 4 2 0 0 0 4 4 5 5 4 4 4 4 0 0 0 0 4 4 5 5 4 4 4 3 3 0 0 0 4 4 5 5 4 4 4 3 0 0
Last Time Cost: 00000001 ms
Total Time Cost: 00000082 ms
Total Distance 137: 0 0 4 4 5 5 4 4 4 4 1 0 0 0 4 4 5 5 4 4 4 4 0 0 0 0 4 4 5 5 4 4 4 3 2 0 0 0 4 4 5 5 4 4 4 3 0 0
Last Time Cost: 00000000 ms
Total Time Cost: 00000082 ms
Total Distance 136: 0 0 4 4 5 5 4 4 4 4 0 0 0 0 4 4 5 5 4 4 4 4 0 0 0 0 4 4 5 5 4 4 4 3 2 0 0 0 4 4 5 5 4 4 4 3 0 0
Last Time Cost: 00000001 ms
Total Time Cost: 00000083 ms
Total Distance 135: 0 0 4 4 5 5 4 4 4 4 0 0 0 0 4 4 5 5 4 4 4 4 0 0 0 0 4 4 5 5 4 4 4 3 1 0 0 0 4 4 5 5 4 4 4 3 0 0
Last Time Cost: 00000001 ms
Total Time Cost: 00000084 ms
Total Distance 134: 0 0 4 4 5 5 4 4 4 4 0 0 0 0 4 4 5 5 4 4 4 4 0 0 0 0 4 4 5 5 4 4 4 3 0 0 0 0 4 4 5 5 4 4 4 3 0 0
Last Time Cost: 00000001 ms
Total Time Cost: 00000085 ms
Total Distance 132: 0 0 4 4 5 5 4 4 4 3 0 0 0 0 4 4 5 5 4 4 4 4 0 0 0 0 4 4 5 5 4 4 4 2 0 0 0 0 4 4 5 5 4 4 4 3 0 0
Last Time Cost: 00000001 ms
Total Time Cost: 00000086 ms
Total Distance 131: 0 0 4 4 5 5 4 4 4 3 0 0 0 0 4 4 5 5 4 4 4 4 0 0 0 0 4 4 5 5 4 4 4 1 0 0 0 0 4 4 5 5 4 4 4 3 0 0
Last Time Cost: 00000000 ms
Total Time Cost: 00000086 ms
Total Distance 130: 0 0 4 4 5 5 4 4 4 3 0 0 0 0 4 4 5 5 4 4 4 4 0 0 0 0 4 4 5 5 4 4 4 0 0 0 0 0 4 4 5 5 4 4 4 3 0 0
Last Time Cost: 00000001 ms
Total Time Cost: 00000087 ms
Total Distance 128: 0 0 4 4 5 5 4 4 4 2 0 0 0 0 4 4 5 5 4 4 4 3 0 0 0 0 4 4 5 5 4 4 4 0 0 0 0 0 4 4 5 5 4 4 4 3 0 0
Last Time Cost: 00000001 ms
Total Time Cost: 00000088 ms
Total Distance 127: 0 0 4 4 5 5 4 4 4 1 0 0 0 0 4 4 5 5 4 4 4 3 0 0 0 0 4 4 5 5 4 4 4 0 0 0 0 0 4 4 5 5 4 4 4 3 0 0
Last Time Cost: 00000001 ms
Total Time Cost: 00000089 ms
Total Distance 126: 0 0 4 4 5 5 4 4 4 0 0 0 0 0 4 4 5 5 4 4 4 3 0 0 0 0 4 4 5 5 4 4 4 0 0 0 0 0 4 4 5 5 4 4 4 3 0 0
Last Time Cost: 00000001 ms
Total Time Cost: 00000090 ms
Total Distance 124: 0 0 4 4 5 5 4 4 4 0 0 0 0 0 4 4 5 5 4 4 4 2 0 0 0 0 4 4 5 5 4 4 4 0 0 0 0 0 4 4 5 5 4 4 4 2 0 0
Last Time Cost: 00000001 ms
Total Time Cost: 00000091 ms
Total Distance 123: 0 0 4 4 5 5 4 4 4 0 0 0 0 0 4 4 5 5 4 4 4 2 0 0 0 0 4 4 5 5 4 4 4 0 0 0 0 0 4 4 5 5 4 4 4 1 0 0
Last Time Cost: 00000000 ms
Total Time Cost: 00000091 ms
Total Distance 122: 0 0 4 4 5 5 4 4 4 0 0 0 0 0 4 4 5 5 4 4 4 2 0 0 0 0 4 4 5 5 4 4 4 0 0 0 0 0 4 4 5 5 4 4 4 0 0 0
Last Time Cost: 00000001 ms
Total Time Cost: 00000092 ms
Total Distance 121: 0 0 4 4 5 5 4 4 4 0 0 0 0 0 4 4 5 5 4 4 4 1 0 0 0 0 4 4 5 5 4 4 4 0 0 0 0 0 4 4 5 5 4 4 4 0 0 0
Last Time Cost: 00000001 ms
Total Time Cost: 00000093 ms
Total Distance 120: 0 0 4 4 5 5 4 4 4 0 0 0 0 0 4 4 5 5 4 4 4 0 0 0 0 0 4 4 5 5 4 4 4 0 0 0 0 0 4 4 5 5 4 4 4 0 0 0
Last Time Cost: 00000002 ms
Total Time Cost: 00000095 ms
Total Distance 117: 0 0 3 4 5 5 4 4 4 0 0 0 0 0 3 4 5 5 4 4 4 0 0 0 0 0 4 4 5 5 4 4 4 0 0 0 0 0 4 3 5 5 4 4 4 0 0 0
Last Time Cost: 00000001 ms
Total Time Cost: 00000096 ms
Total Distance 115: 0 0 2 4 5 5 4 4 4 0 0 0 0 0 2 4 5 5 4 4 4 0 0 0 0 0 4 4 5 5 4 4 4 0 0 0 0 0 4 3 5 5 4 4 4 0 0 0
Last Time Cost: 00000001 ms
Total Time Cost: 00000097 ms
Total Distance 113: 0 0 1 4 5 5 4 4 4 0 0 0 0 0 2 4 5 5 4 4 4 0 0 0 0 0 3 4 5 5 4 4 4 0 0 0 0 0 4 3 5 5 4 4 4 0 0 0
Last Time Cost: 00000000 ms
Total Time Cost: 00000097 ms
Total Distance 112: 0 0 0 4 5 5 4 4 4 0 0 0 0 0 2 4 5 5 4 4 4 0 0 0 0 0 3 4 5 5 4 4 4 0 0 0 0 0 4 3 5 5 4 4 4 0 0 0
Last Time Cost: 00000001 ms
Total Time Cost: 00000098 ms
Total Distance 111: 0 0 0 4 5 5 4 4 4 0 0 0 0 0 1 4 5 5 4 4 4 0 0 0 0 0 3 4 5 5 4 4 4 0 0 0 0 0 4 3 5 5 4 4 4 0 0 0
Last Time Cost: 00000001 ms
Total Time Cost: 00000099 ms
Total Distance 110: 0 0 0 4 5 5 4 4 4 0 0 0 0 0 0 4 5 5 4 4 4 0 0 0 0 0 3 4 5 5 4 4 4 0 0 0 0 0 4 3 5 5 4 4 4 0 0 0
Last Time Cost: 00000001 ms
Total Time Cost: 00000100 ms
Total Distance 108: 0 0 0 4 5 5 4 4 4 0 0 0 0 0 0 4 5 5 4 4 4 0 0 0 0 0 3 3 5 5 4 4 4 0 0 0 0 0 4 2 5 5 4 4 4 0 0 0
Last Time Cost: 00000001 ms
Total Time Cost: 00000101 ms
Total Distance 107: 0 0 0 4 5 5 4 4 4 0 0 0 0 0 0 4 5 5 4 4 4 0 0 0 0 0 3 3 5 5 4 4 4 0 0 0 0 0 4 1 5 5 4 4 4 0 0 0
Last Time Cost: 00000000 ms
Total Time Cost: 00000101 ms
Total Distance 106: 0 0 0 4 5 5 4 4 4 0 0 0 0 0 0 4 5 5 4 4 4 0 0 0 0 0 3 3 5 5 4 4 4 0 0 0 0 0 4 0 5 5 4 4 4 0 0 0
Last Time Cost: 00000001 ms
Total Time Cost: 00000102 ms
Total Distance 104: 0 0 0 3 5 5 4 4 4 0 0 0 0 0 0 4 5 5 4 4 4 0 0 0 0 0 3 2 5 5 4 4 4 0 0 0 0 0 4 0 5 5 4 4 4 0 0 0
Last Time Cost: 00000001 ms
Total Time Cost: 00000103 ms
Total Distance 103: 0 0 0 3 5 5 4 4 4 0 0 0 0 0 0 4 5 5 4 4 4 0 0 0 0 0 3 1 5 5 4 4 4 0 0 0 0 0 4 0 5 5 4 4 4 0 0 0
Last Time Cost: 00000001 ms
Total Time Cost: 00000104 ms
Total Distance 102: 0 0 0 3 5 5 4 4 4 0 0 0 0 0 0 4 5 5 4 4 4 0 0 0 0 0 3 0 5 5 4 4 4 0 0 0 0 0 4 0 5 5 4 4 4 0 0 0
Last Time Cost: 00000001 ms
Total Time Cost: 00000105 ms
Total Distance 100: 0 0 0 2 5 5 4 4 4 0 0 0 0 0 0 3 5 5 4 4 4 0 0 0 0 0 3 0 5 5 4 4 4 0 0 0 0 0 4 0 5 5 4 4 4 0 0 0
Last Time Cost: 00000001 ms
Total Time Cost: 00000106 ms
Total Distance 98: 0 0 0 1 5 5 4 4 4 0 0 0 0 0 0 3 5 5 4 4 4 0 0 0 0 0 3 0 5 5 4 4 4 0 0 0 0 0 3 0 5 5 4 4 4 0 0 0
Last Time Cost: 00000000 ms
Total Time Cost: 00000106 ms
Total Distance 97: 0 0 0 0 5 5 4 4 4 0 0 0 0 0 0 3 5 5 4 4 4 0 0 0 0 0 3 0 5 5 4 4 4 0 0 0 0 0 3 0 5 5 4 4 4 0 0 0
Last Time Cost: 00000001 ms
Total Time Cost: 00000107 ms
Total Distance 95: 0 0 0 0 5 5 4 4 4 0 0 0 0 0 0 2 5 5 4 4 4 0 0 0 0 0 3 0 5 5 4 4 4 0 0 0 0 0 2 0 5 5 4 4 4 0 0 0
Last Time Cost: 00000001 ms
Total Time Cost: 00000108 ms
Total Distance 93: 0 0 0 0 5 5 4 4 4 0 0 0 0 0 0 2 5 5 4 4 4 0 0 0 0 0 2 0 5 5 4 4 4 0 0 0 0 0 1 0 5 5 4 4 4 0 0 0
Last Time Cost: 00000000 ms
Total Time Cost: 00000108 ms
Total Distance 92: 0 0 0 0 5 5 4 4 4 0 0 0 0 0 0 2 5 5 4 4 4 0 0 0 0 0 2 0 5 5 4 4 4 0 0 0 0 0 0 0 5 5 4 4 4 0 0 0
Last Time Cost: 00000001 ms
Total Time Cost: 00000109 ms
Total Distance 91: 0 0 0 0 5 5 4 4 4 0 0 0 0 0 0 1 5 5 4 4 4 0 0 0 0 0 2 0 5 5 4 4 4 0 0 0 0 0 0 0 5 5 4 4 4 0 0 0
Last Time Cost: 00000001 ms
Total Time Cost: 00000110 ms
Total Distance 90: 0 0 0 0 5 5 4 4 4 0 0 0 0 0 0 0 5 5 4 4 4 0 0 0 0 0 2 0 5 5 4 4 4 0 0 0 0 0 0 0 5 5 4 4 4 0 0 0
Last Time Cost: 00000001 ms
Total Time Cost: 00000111 ms
Total Distance 89: 0 0 0 0 5 5 4 4 4 0 0 0 0 0 0 0 5 5 4 4 4 0 0 0 0 0 1 0 5 5 4 4 4 0 0 0 0 0 0 0 5 5 4 4 4 0 0 0
Last Time Cost: 00000001 ms
Total Time Cost: 00000112 ms
Total Distance 88: 0 0 0 0 5 5 4 4 4 0 0 0 0 0 0 0 5 5 4 4 4 0 0 0 0 0 0 0 5 5 4 4 4 0 0 0 0 0 0 0 5 5 4 4 4 0 0 0
Last Time Cost: 00000002 ms
Total Time Cost: 00000114 ms
Total Distance 85: 0 0 0 0 5 5 4 4 3 0 0 0 0 0 0 0 5 5 4 3 4 0 0 0 0 0 0 0 5 5 4 4 3 0 0 0 0 0 0 0 5 5 4 4 4 0 0 0
Last Time Cost: 00000001 ms
Total Time Cost: 00000115 ms
Total Distance 83: 0 0 0 0 5 5 4 4 2 0 0 0 0 0 0 0 5 5 4 3 4 0 0 0 0 0 0 0 5 5 4 4 2 0 0 0 0 0 0 0 5 5 4 4 4 0 0 0
Last Time Cost: 00000001 ms
Total Time Cost: 00000116 ms
Total Distance 81: 0 0 0 0 5 5 4 4 2 0 0 0 0 0 0 0 5 5 4 3 4 0 0 0 0 0 0 0 5 5 4 4 1 0 0 0 0 0 0 0 5 5 4 4 3 0 0 0
Last Time Cost: 00000000 ms
Total Time Cost: 00000116 ms
Total Distance 80: 0 0 0 0 5 5 4 4 2 0 0 0 0 0 0 0 5 5 4 3 4 0 0 0 0 0 0 0 5 5 4 4 0 0 0 0 0 0 0 0 5 5 4 4 3 0 0 0
Last Time Cost: 00000001 ms
Total Time Cost: 00000117 ms
Total Distance 79: 0 0 0 0 5 5 4 4 1 0 0 0 0 0 0 0 5 5 4 3 4 0 0 0 0 0 0 0 5 5 4 4 0 0 0 0 0 0 0 0 5 5 4 4 3 0 0 0
Last Time Cost: 00000001 ms
Total Time Cost: 00000118 ms
Total Distance 78: 0 0 0 0 5 5 4 4 0 0 0 0 0 0 0 0 5 5 4 3 4 0 0 0 0 0 0 0 5 5 4 4 0 0 0 0 0 0 0 0 5 5 4 4 3 0 0 0
Last Time Cost: 00000001 ms
Total Time Cost: 00000119 ms
Total Distance 76: 0 0 0 0 5 5 4 3 0 0 0 0 0 0 0 0 5 5 4 3 4 0 0 0 0 0 0 0 5 5 4 4 0 0 0 0 0 0 0 0 5 5 4 4 2 0 0 0
Last Time Cost: 00000001 ms
Total Time Cost: 00000120 ms
Total Distance 74: 0 0 0 0 5 5 4 3 0 0 0 0 0 0 0 0 5 5 4 3 3 0 0 0 0 0 0 0 5 5 4 4 0 0 0 0 0 0 0 0 5 5 4 4 1 0 0 0
Last Time Cost: 00000001 ms
Total Time Cost: 00000121 ms
Total Distance 73: 0 0 0 0 5 5 4 3 0 0 0 0 0 0 0 0 5 5 4 3 3 0 0 0 0 0 0 0 5 5 4 4 0 0 0 0 0 0 0 0 5 5 4 4 0 0 0 0
Last Time Cost: 00000001 ms
Total Time Cost: 00000122 ms
Total Distance 71: 0 0 0 0 5 5 4 3 0 0 0 0 0 0 0 0 5 5 4 2 3 0 0 0 0 0 0 0 5 5 4 4 0 0 0 0 0 0 0 0 5 5 4 3 0 0 0 0
Last Time Cost: 00000001 ms
Total Time Cost: 00000123 ms
Total Distance 70: 0 0 0 0 5 5 4 3 0 0 0 0 0 0 0 0 5 5 4 1 3 0 0 0 0 0 0 0 5 5 4 4 0 0 0 0 0 0 0 0 5 5 4 3 0 0 0 0
Last Time Cost: 00000002 ms
Total Time Cost: 00000125 ms
Total Distance 69: 0 0 0 0 5 5 4 3 0 0 0 0 0 0 0 0 5 5 4 0 3 0 0 0 0 0 0 0 5 5 4 4 0 0 0 0 0 0 0 0 5 5 4 3 0 0 0 0
Last Time Cost: 00000001 ms
Total Time Cost: 00000126 ms
Total Distance 67: 0 0 0 0 5 5 4 2 0 0 0 0 0 0 0 0 5 5 4 0 3 0 0 0 0 0 0 0 5 5 4 3 0 0 0 0 0 0 0 0 5 5 4 3 0 0 0 0
Last Time Cost: 00000001 ms
Total Time Cost: 00000127 ms
Total Distance 66: 0 0 0 0 5 5 4 1 0 0 0 0 0 0 0 0 5 5 4 0 3 0 0 0 0 0 0 0 5 5 4 3 0 0 0 0 0 0 0 0 5 5 4 3 0 0 0 0
Last Time Cost: 00000001 ms
Total Time Cost: 00000128 ms
Total Distance 65: 0 0 0 0 5 5 4 0 0 0 0 0 0 0 0 0 5 5 4 0 3 0 0 0 0 0 0 0 5 5 4 3 0 0 0 0 0 0 0 0 5 5 4 3 0 0 0 0
Last Time Cost: 00000002 ms
Total Time Cost: 00000130 ms
Total Distance 63: 0 0 0 0 5 5 4 0 0 0 0 0 0 0 0 0 5 5 4 0 3 0 0 0 0 0 0 0 5 5 4 2 0 0 0 0 0 0 0 0 5 5 4 2 0 0 0 0
Last Time Cost: 00000001 ms
Total Time Cost: 00000131 ms
Total Distance 62: 0 0 0 0 5 5 4 0 0 0 0 0 0 0 0 0 5 5 4 0 3 0 0 0 0 0 0 0 5 5 4 1 0 0 0 0 0 0 0 0 5 5 4 2 0 0 0 0
Last Time Cost: 00000001 ms
Total Time Cost: 00000132 ms
Total Distance 61: 0 0 0 0 5 5 4 0 0 0 0 0 0 0 0 0 5 5 4 0 3 0 0 0 0 0 0 0 5 5 4 0 0 0 0 0 0 0 0 0 5 5 4 2 0 0 0 0
Last Time Cost: 00000002 ms
Total Time Cost: 00000134 ms
Total Distance 60: 0 0 0 0 5 5 4 0 0 0 0 0 0 0 0 0 5 5 4 0 3 0 0 0 0 0 0 0 5 5 4 0 0 0 0 0 0 0 0 0 5 5 4 1 0 0 0 0
Last Time Cost: 00000000 ms
Total Time Cost: 00000134 ms
Total Distance 59: 0 0 0 0 5 5 4 0 0 0 0 0 0 0 0 0 5 5 4 0 3 0 0 0 0 0 0 0 5 5 4 0 0 0 0 0 0 0 0 0 5 5 4 0 0 0 0 0
Last Time Cost: 00000002 ms
Total Time Cost: 00000136 ms
Total Distance 58: 0 0 0 0 5 5 4 0 0 0 0 0 0 0 0 0 5 5 4 0 2 0 0 0 0 0 0 0 5 5 4 0 0 0 0 0 0 0 0 0 5 5 4 0 0 0 0 0
Last Time Cost: 00000001 ms
Total Time Cost: 00000137 ms
Total Distance 57: 0 0 0 0 5 5 4 0 0 0 0 0 0 0 0 0 5 5 4 0 1 0 0 0 0 0 0 0 5 5 4 0 0 0 0 0 0 0 0 0 5 5 4 0 0 0 0 0
Last Time Cost: 00000000 ms
Total Time Cost: 00000137 ms
Total Distance 56: 0 0 0 0 5 5 4 0 0 0 0 0 0 0 0 0 5 5 4 0 0 0 0 0 0 0 0 0 5 5 4 0 0 0 0 0 0 0 0 0 5 5 4 0 0 0 0 0
Last Time Cost: 00000002 ms
Total Time Cost: 00000139 ms
Total Distance 53: 0 0 0 0 5 4 4 0 0 0 0 0 0 0 0 0 5 5 3 0 0 0 0 0 0 0 0 0 5 5 4 0 0 0 0 0 0 0 0 0 5 5 3 0 0 0 0 0
Last Time Cost: 00000001 ms
Total Time Cost: 00000140 ms
Total Distance 51: 0 0 0 0 5 4 4 0 0 0 0 0 0 0 0 0 5 5 2 0 0 0 0 0 0 0 0 0 5 5 4 0 0 0 0 0 0 0 0 0 5 5 2 0 0 0 0 0
Last Time Cost: 00000001 ms
Total Time Cost: 00000141 ms
Total Distance 49: 0 0 0 0 5 4 4 0 0 0 0 0 0 0 0 0 5 5 2 0 0 0 0 0 0 0 0 0 5 5 3 0 0 0 0 0 0 0 0 0 5 5 1 0 0 0 0 0
Last Time Cost: 00000001 ms
Total Time Cost: 00000142 ms
Total Distance 48: 0 0 0 0 5 4 4 0 0 0 0 0 0 0 0 0 5 5 2 0 0 0 0 0 0 0 0 0 5 5 3 0 0 0 0 0 0 0 0 0 5 5 0 0 0 0 0 0
Last Time Cost: 00000002 ms
Total Time Cost: 00000144 ms
Total Distance 47: 0 0 0 0 5 4 4 0 0 0 0 0 0 0 0 0 5 5 1 0 0 0 0 0 0 0 0 0 5 5 3 0 0 0 0 0 0 0 0 0 5 5 0 0 0 0 0 0
Last Time Cost: 00000000 ms
Total Time Cost: 00000144 ms
Total Distance 46: 0 0 0 0 5 4 4 0 0 0 0 0 0 0 0 0 5 5 0 0 0 0 0 0 0 0 0 0 5 5 3 0 0 0 0 0 0 0 0 0 5 5 0 0 0 0 0 0
Last Time Cost: 00000001 ms
Total Time Cost: 00000145 ms
Total Distance 44: 0 0 0 0 5 4 3 0 0 0 0 0 0 0 0 0 5 5 0 0 0 0 0 0 0 0 0 0 5 5 2 0 0 0 0 0 0 0 0 0 5 5 0 0 0 0 0 0
Last Time Cost: 00000001 ms
Total Time Cost: 00000146 ms
Total Distance 43: 0 0 0 0 5 4 3 0 0 0 0 0 0 0 0 0 5 5 0 0 0 0 0 0 0 0 0 0 5 5 1 0 0 0 0 0 0 0 0 0 5 5 0 0 0 0 0 0
Last Time Cost: 00000000 ms
Total Time Cost: 00000146 ms
Total Distance 42: 0 0 0 0 5 4 3 0 0 0 0 0 0 0 0 0 5 5 0 0 0 0 0 0 0 0 0 0 5 5 0 0 0 0 0 0 0 0 0 0 5 5 0 0 0 0 0 0
Last Time Cost: 00000002 ms
Total Time Cost: 00000148 ms
Total Distance 41: 0 0 0 0 5 4 2 0 0 0 0 0 0 0 0 0 5 5 0 0 0 0 0 0 0 0 0 0 5 5 0 0 0 0 0 0 0 0 0 0 5 5 0 0 0 0 0 0
Last Time Cost: 00000001 ms
Total Time Cost: 00000149 ms
Total Distance 40: 0 0 0 0 5 4 1 0 0 0 0 0 0 0 0 0 5 5 0 0 0 0 0 0 0 0 0 0 5 5 0 0 0 0 0 0 0 0 0 0 5 5 0 0 0 0 0 0
Last Time Cost: 00000000 ms
Total Time Cost: 00000149 ms
Total Distance 39: 0 0 0 0 5 4 0 0 0 0 0 0 0 0 0 0 5 5 0 0 0 0 0 0 0 0 0 0 5 5 0 0 0 0 0 0 0 0 0 0 5 5 0 0 0 0 0 0
Last Time Cost: 00000001 ms
Total Time Cost: 00000150 ms
Total Distance 37: 0 0 0 0 5 3 0 0 0 0 0 0 0 0 0 0 5 5 0 0 0 0 0 0 0 0 0 0 5 4 0 0 0 0 0 0 0 0 0 0 5 5 0 0 0 0 0 0
Last Time Cost: 00000001 ms
Total Time Cost: 00000151 ms
Total Distance 35: 0 0 0 0 5 2 0 0 0 0 0 0 0 0 0 0 5 5 0 0 0 0 0 0 0 0 0 0 5 3 0 0 0 0 0 0 0 0 0 0 5 5 0 0 0 0 0 0
Last Time Cost: 00000001 ms
Total Time Cost: 00000152 ms
Total Distance 34: 0 0 0 0 5 1 0 0 0 0 0 0 0 0 0 0 5 5 0 0 0 0 0 0 0 0 0 0 5 3 0 0 0 0 0 0 0 0 0 0 5 5 0 0 0 0 0 0
Last Time Cost: 00000000 ms
Total Time Cost: 00000152 ms
Total Distance 33: 0 0 0 0 5 0 0 0 0 0 0 0 0 0 0 0 5 5 0 0 0 0 0 0 0 0 0 0 5 3 0 0 0 0 0 0 0 0 0 0 5 5 0 0 0 0 0 0
Last Time Cost: 00000002 ms
Total Time Cost: 00000154 ms
Total Distance 31: 0 0 0 0 5 0 0 0 0 0 0 0 0 0 0 0 5 5 0 0 0 0 0 0 0 0 0 0 5 2 0 0 0 0 0 0 0 0 0 0 5 4 0 0 0 0 0 0
Last Time Cost: 00000001 ms
Total Time Cost: 00000155 ms
Total Distance 30: 0 0 0 0 5 0 0 0 0 0 0 0 0 0 0 0 5 5 0 0 0 0 0 0 0 0 0 0 5 1 0 0 0 0 0 0 0 0 0 0 5 4 0 0 0 0 0 0
Last Time Cost: 00000000 ms
Total Time Cost: 00000155 ms
Total Distance 29: 0 0 0 0 5 0 0 0 0 0 0 0 0 0 0 0 5 5 0 0 0 0 0 0 0 0 0 0 5 0 0 0 0 0 0 0 0 0 0 0 5 4 0 0 0 0 0 0
Last Time Cost: 00000001 ms
Total Time Cost: 00000156 ms
Total Distance 25: 0 0 0 0 4 0 0 0 0 0 0 0 0 0 0 0 4 4 0 0 0 0 0 0 0 0 0 0 5 0 0 0 0 0 0 0 0 0 0 0 5 3 0 0 0 0 0 0
Last Time Cost: 00000001 ms
Total Time Cost: 00000157 ms
Total Distance 23: 0 0 0 0 4 0 0 0 0 0 0 0 0 0 0 0 4 3 0 0 0 0 0 0 0 0 0 0 5 0 0 0 0 0 0 0 0 0 0 0 5 2 0 0 0 0 0 0
Last Time Cost: 00000001 ms
Total Time Cost: 00000158 ms
Total Distance 21: 0 0 0 0 4 0 0 0 0 0 0 0 0 0 0 0 4 2 0 0 0 0 0 0 0 0 0 0 5 0 0 0 0 0 0 0 0 0 0 0 5 1 0 0 0 0 0 0
Last Time Cost: 00000001 ms
Total Time Cost: 00000159 ms
Total Distance 20: 0 0 0 0 4 0 0 0 0 0 0 0 0 0 0 0 4 2 0 0 0 0 0 0 0 0 0 0 5 0 0 0 0 0 0 0 0 0 0 0 5 0 0 0 0 0 0 0
Last Time Cost: 00000001 ms
Total Time Cost: 00000160 ms
Total Distance 19: 0 0 0 0 4 0 0 0 0 0 0 0 0 0 0 0 4 1 0 0 0 0 0 0 0 0 0 0 5 0 0 0 0 0 0 0 0 0 0 0 5 0 0 0 0 0 0 0
Last Time Cost: 00000000 ms
Total Time Cost: 00000160 ms
Total Distance 18: 0 0 0 0 4 0 0 0 0 0 0 0 0 0 0 0 4 0 0 0 0 0 0 0 0 0 0 0 5 0 0 0 0 0 0 0 0 0 0 0 5 0 0 0 0 0 0 0
Last Time Cost: 00000001 ms
Total Time Cost: 00000161 ms
Total Distance 16: 0 0 0 0 3 0 0 0 0 0 0 0 0 0 0 0 3 0 0 0 0 0 0 0 0 0 0 0 5 0 0 0 0 0 0 0 0 0 0 0 5 0 0 0 0 0 0 0
Last Time Cost: 00000001 ms
Total Time Cost: 00000162 ms
Total Distance 14: 0 0 0 0 2 0 0 0 0 0 0 0 0 0 0 0 2 0 0 0 0 0 0 0 0 0 0 0 5 0 0 0 0 0 0 0 0 0 0 0 5 0 0 0 0 0 0 0
Last Time Cost: 00000001 ms
Total Time Cost: 00000163 ms
Total Distance 12: 0 0 0 0 1 0 0 0 0 0 0 0 0 0 0 0 2 0 0 0 0 0 0 0 0 0 0 0 4 0 0 0 0 0 0 0 0 0 0 0 5 0 0 0 0 0 0 0
Last Time Cost: 00000001 ms
Total Time Cost: 00000164 ms
Total Distance 11: 0 0 0 0 0 0 0 0 0 0 0 0 0 0 0 0 2 0 0 0 0 0 0 0 0 0 0 0 4 0 0 0 0 0 0 0 0 0 0 0 5 0 0 0 0 0 0 0
Last Time Cost: 00000001 ms
Total Time Cost: 00000165 ms
Total Distance 10: 0 0 0 0 0 0 0 0 0 0 0 0 0 0 0 0 1 0 0 0 0 0 0 0 0 0 0 0 4 0 0 0 0 0 0 0 0 0 0 0 5 0 0 0 0 0 0 0
Last Time Cost: 00000000 ms
Total Time Cost: 00000165 ms
Total Distance 9: 0 0 0 0 0 0 0 0 0 0 0 0 0 0 0 0 0 0 0 0 0 0 0 0 0 0 0 0 4 0 0 0 0 0 0 0 0 0 0 0 5 0 0 0 0 0 0 0
Last Time Cost: 00000001 ms
Total Time Cost: 00000166 ms
Total Distance 7: 0 0 0 0 0 0 0 0 0 0 0 0 0 0 0 0 0 0 0 0 0 0 0 0 0 0 0 0 3 0 0 0 0 0 0 0 0 0 0 0 4 0 0 0 0 0 0 0
Last Time Cost: 00000001 ms
Total Time Cost: 00000167 ms
Total Distance 5: 0 0 0 0 0 0 0 0 0 0 0 0 0 0 0 0 0 0 0 0 0 0 0 0 0 0 0 0 2 0 0 0 0 0 0 0 0 0 0 0 3 0 0 0 0 0 0 0
Last Time Cost: 00000000 ms
Total Time Cost: 00000167 ms
Total Distance 3: 0 0 0 0 0 0 0 0 0 0 0 0 0 0 0 0 0 0 0 0 0 0 0 0 0 0 0 0 1 0 0 0 0 0 0 0 0 0 0 0 2 0 0 0 0 0 0 0
Last Time Cost: 00000000 ms
Total Time Cost: 00000167 ms
Total Distance 2: 0 0 0 0 0 0 0 0 0 0 0 0 0 0 0 0 0 0 0 0 0 0 0 0 0 0 0 0 0 0 0 0 0 0 0 0 0 0 0 0 2 0 0 0 0 0 0 0
Last Time Cost: 00000000 ms
Total Time Cost: 00000167 ms
Total Distance 1: 0 0 0 0 0 0 0 0 0 0 0 0 0 0 0 0 0 0 0 0 0 0 0 0 0 0 0 0 0 0 0 0 0 0 0 0 0 0 0 0 1 0 0 0 0 0 0 0
Last Time Cost: 00000000 ms
Total Time Cost: 00000167 ms
Total Distance 0: 0 0 0 0 0 0 0 0 0 0 0 0 0 0 0 0 0 0 0 0 0 0 0 0 0 0 0 0 0 0 0 0 0 0 0 0 0 0 0 0 0 0 0 0 0 0 0 0
