Last Time Cost: 00000000 ms
Total Time Cost: 00000000 ms
Total Distance 236: 7 7 6 7 6 5 7 5 4 5 7 7 6 7 6 5 7 5 4 5 7 7 6 7 6 5 7 5 4 5 7 7 6 7 6 5 7 5 4 5
Last Time Cost: 00000004 ms
Total Time Cost: 00000004 ms
Total Distance 232: 7 7 6 7 6 5 7 5 4 5 7 7 6 7 6 5 7 5 3 5 6 6 6 6 6 5 7 5 4 5 7 7 6 7 6 5 7 5 4 5
Last Time Cost: 00000002 ms
Total Time Cost: 00000006 ms
Total Distance 229: 7 7 6 7 6 5 6 5 4 5 7 7 6 7 6 5 7 5 2 5 6 6 6 6 6 5 6 5 4 5 7 7 6 7 6 5 7 5 4 5
Last Time Cost: 00000002 ms
Total Time Cost: 00000008 ms
Total Distance 228: 7 7 6 7 6 5 6 5 4 5 7 7 6 7 6 5 7 5 1 5 6 6 6 6 6 5 6 5 4 5 7 7 6 7 6 5 7 5 4 5
Last Time Cost: 00000002 ms
Total Time Cost: 00000010 ms
Total Distance 227: 7 7 6 7 6 5 6 5 4 5 7 7 6 7 6 5 7 5 0 5 6 6 6 6 6 5 6 5 4 5 7 7 6 7 6 5 7 5 4 5
Last Time Cost: 00000003 ms
Total Time Cost: 00000013 ms
Total Distance 223: 7 7 6 7 6 5 6 5 4 5 6 6 6 6 6 5 7 5 0 5 6 6 6 6 6 5 6 5 3 5 7 7 6 7 6 5 7 5 4 5
Last Time Cost: 00000002 ms
Total Time Cost: 00000015 ms
Total Distance 220: 7 7 6 7 6 5 6 5 4 5 6 6 6 6 6 5 6 5 0 5 6 6 6 6 6 5 6 5 2 5 7 7 6 7 6 5 6 5 4 5
Last Time Cost: 00000002 ms
Total Time Cost: 00000017 ms
Total Distance 219: 7 7 6 7 6 5 6 5 4 5 6 6 6 6 6 5 6 5 0 5 6 6 6 6 6 5 6 5 1 5 7 7 6 7 6 5 6 5 4 5
Last Time Cost: 00000002 ms
Total Time Cost: 00000019 ms
Total Distance 218: 7 7 6 7 6 5 6 5 4 5 6 6 6 6 6 5 6 5 0 5 6 6 6 6 6 5 6 5 0 5 7 7 6 7 6 5 6 5 4 5
Last Time Cost: 00000003 ms
Total Time Cost: 00000022 ms
Total Distance 214: 6 6 6 6 6 5 6 5 4 5 6 6 6 6 6 5 6 5 0 5 6 6 6 6 6 5 6 5 0 5 7 7 6 7 6 5 6 5 3 5
Last Time Cost: 00000002 ms
Total Time Cost: 00000024 ms
Total Distance 211: 6 6 6 6 6 5 5 5 4 5 6 6 6 6 6 5 6 5 0 5 6 6 6 6 6 5 5 5 0 5 7 7 6 7 6 5 6 5 2 5
Last Time Cost: 00000002 ms
Total Time Cost: 00000026 ms
Total Distance 210: 6 6 6 6 6 5 5 5 4 5 6 6 6 6 6 5 6 5 0 5 6 6 6 6 6 5 5 5 0 5 7 7 6 7 6 5 6 5 1 5
Last Time Cost: 00000002 ms
Total Time Cost: 00000028 ms
Total Distance 209: 6 6 6 6 6 5 5 5 4 5 6 6 6 6 6 5 6 5 0 5 6 6 6 6 6 5 5 5 0 5 7 7 6 7 6 5 6 5 0 5
Last Time Cost: 00000003 ms
Total Time Cost: 00000031 ms
Total Distance 205: 6 6 6 6 6 5 5 5 3 5 6 6 6 6 6 5 6 5 0 5 6 6 6 6 6 5 5 5 0 5 6 6 6 6 6 5 6 5 0 5
Last Time Cost: 00000003 ms
Total Time Cost: 00000034 ms
Total Distance 202: 6 6 6 6 6 5 5 5 2 5 6 6 6 6 6 5 5 5 0 5 6 6 6 6 6 5 5 5 0 5 6 6 6 6 6 5 5 5 0 5
Last Time Cost: 00000002 ms
Total Time Cost: 00000036 ms
Total Distance 201: 6 6 6 6 6 5 5 5 1 5 6 6 6 6 6 5 5 5 0 5 6 6 6 6 6 5 5 5 0 5 6 6 6 6 6 5 5 5 0 5
Last Time Cost: 00000002 ms
Total Time Cost: 00000038 ms
Total Distance 200: 6 6 6 6 6 5 5 5 0 5 6 6 6 6 6 5 5 5 0 5 6 6 6 6 6 5 5 5 0 5 6 6 6 6 6 5 5 5 0 5
Last Time Cost: 00000012 ms
Total Time Cost: 00000050 ms
Total Distance 192: 5 6 6 6 6 5 5 5 0 5 5 6 6 6 6 5 4 5 0 4 5 6 6 6 6 5 5 5 0 5 5 6 6 6 6 5 4 5 0 4
Last Time Cost: 00000004 ms
Total Time Cost: 00000054 ms
Total Distance 189: 5 6 6 6 5 5 5 5 0 5 5 6 6 6 6 5 4 5 0 4 5 6 6 6 5 5 5 5 0 5 5 6 6 6 6 5 3 5 0 4
Last Time Cost: 00000003 ms
Total Time Cost: 00000057 ms
Total Distance 187: 5 6 6 6 5 5 5 5 0 5 5 6 6 6 6 5 3 5 0 4 5 6 6 6 5 5 5 5 0 5 5 6 6 6 6 5 2 5 0 4
Last Time Cost: 00000003 ms
Total Time Cost: 00000060 ms
Total Distance 185: 5 6 6 6 5 5 5 5 0 5 5 6 6 6 6 5 2 5 0 4 5 6 6 6 5 5 5 5 0 5 5 6 6 6 6 5 1 5 0 4
Last Time Cost: 00000003 ms
Total Time Cost: 00000063 ms
Total Distance 184: 5 6 6 6 5 5 5 5 0 5 5 6 6 6 6 5 2 5 0 4 5 6 6 6 5 5 5 5 0 5 5 6 6 6 6 5 0 5 0 4
Last Time Cost: 00000003 ms
Total Time Cost: 00000066 ms
Total Distance 181: 5 6 6 6 4 5 5 5 0 5 5 6 6 6 6 5 1 5 0 4 5 6 6 6 4 5 5 5 0 5 5 6 6 6 6 5 0 5 0 4
Last Time Cost: 00000003 ms
Total Time Cost: 00000069 ms
Total Distance 180: 5 6 6 6 4 5 5 5 0 5 5 6 6 6 6 5 0 5 0 4 5 6 6 6 4 5 5 5 0 5 5 6 6 6 6 5 0 5 0 4
Last Time Cost: 00000004 ms
Total Time Cost: 00000073 ms
Total Distance 177: 5 6 6 6 3 5 5 5 0 5 5 6 5 6 6 5 0 5 0 4 5 6 6 6 4 5 5 5 0 5 5 6 5 6 6 5 0 5 0 4
Last Time Cost: 00000004 ms
Total Time Cost: 00000077 ms
Total Distance 175: 5 6 6 6 2 5 5 5 0 5 5 6 5 6 6 5 0 5 0 4 5 6 6 6 3 5 5 5 0 5 5 6 5 6 6 5 0 5 0 4
Last Time Cost: 00000003 ms
Total Time Cost: 00000080 ms
Total Distance 174: 5 6 6 6 1 5 5 5 0 5 5 6 5 6 6 5 0 5 0 4 5 6 6 6 3 5 5 5 0 5 5 6 5 6 6 5 0 5 0 4
Last Time Cost: 00000003 ms
Total Time Cost: 00000083 ms
Total Distance 173: 5 6 6 6 0 5 5 5 0 5 5 6 5 6 6 5 0 5 0 4 5 6 6 6 3 5 5 5 0 5 5 6 5 6 6 5 0 5 0 4
Last Time Cost: 00000003 ms
Total Time Cost: 00000086 ms
Total Distance 170: 5 6 6 6 0 5 5 5 0 5 5 6 4 6 6 5 0 5 0 4 5 6 6 6 2 5 5 5 0 5 5 6 4 6 6 5 0 5 0 4
Last Time Cost: 00000004 ms
Total Time Cost: 00000090 ms
Total Distance 169: 5 6 6 6 0 5 5 5 0 5 5 6 4 6 6 5 0 5 0 4 5 6 6 6 1 5 5 5 0 5 5 6 4 6 6 5 0 5 0 4
Last Time Cost: 00000003 ms
Total Time Cost: 00000093 ms
Total Distance 168: 5 6 6 6 0 5 5 5 0 5 5 6 4 6 6 5 0 5 0 4 5 6 6 6 0 5 5 5 0 5 5 6 4 6 6 5 0 5 0 4
Last Time Cost: 00000004 ms
Total Time Cost: 00000097 ms
Total Distance 166: 5 6 6 6 0 5 5 5 0 5 5 6 4 6 6 5 0 5 0 3 5 6 6 6 0 5 5 5 0 5 5 6 4 6 6 5 0 5 0 3
Last Time Cost: 00000003 ms
Total Time Cost: 00000100 ms
Total Distance 164: 5 6 6 6 0 5 5 5 0 5 5 6 4 6 6 5 0 5 0 2 5 6 6 6 0 5 5 5 0 5 5 6 4 6 6 5 0 5 0 2
Last Time Cost: 00000004 ms
Total Time Cost: 00000104 ms
Total Distance 162: 5 6 6 6 0 5 5 4 0 5 5 6 4 6 6 5 0 5 0 2 5 6 6 6 0 5 5 5 0 5 5 6 4 6 6 5 0 5 0 1
Last Time Cost: 00000003 ms
Total Time Cost: 00000107 ms
Total Distance 161: 5 6 6 6 0 5 5 4 0 5 5 6 4 6 6 5 0 5 0 2 5 6 6 6 0 5 5 5 0 5 5 6 4 6 6 5 0 5 0 0
Last Time Cost: 00000004 ms
Total Time Cost: 00000111 ms
Total Distance 159: 5 6 6 6 0 5 5 4 0 5 5 6 4 6 6 5 0 5 0 1 5 6 6 6 0 5 5 4 0 5 5 6 4 6 6 5 0 5 0 0
Last Time Cost: 00000003 ms
Total Time Cost: 00000114 ms
Total Distance 158: 5 6 6 6 0 5 5 4 0 5 5 6 4 6 6 5 0 5 0 0 5 6 6 6 0 5 5 4 0 5 5 6 4 6 6 5 0 5 0 0
Last Time Cost: 00000006 ms
Total Time Cost: 00000120 ms
Total Distance 155: 5 6 6 6 0 5 5 3 0 5 5 6 4 6 6 4 0 5 0 0 5 6 6 6 0 5 5 4 0 5 5 6 4 6 6 4 0 5 0 0
Last Time Cost: 00000004 ms
Total Time Cost: 00000124 ms
Total Distance 153: 5 6 6 6 0 5 5 2 0 5 5 6 4 6 6 4 0 5 0 0 5 6 6 6 0 5 5 3 0 5 5 6 4 6 6 4 0 5 0 0
Last Time Cost: 00000004 ms
Total Time Cost: 00000128 ms
Total Distance 152: 5 6 6 6 0 5 5 1 0 5 5 6 4 6 6 4 0 5 0 0 5 6 6 6 0 5 5 3 0 5 5 6 4 6 6 4 0 5 0 0
Last Time Cost: 00000004 ms
Total Time Cost: 00000132 ms
Total Distance 151: 5 6 6 6 0 5 5 0 0 5 5 6 4 6 6 4 0 5 0 0 5 6 6 6 0 5 5 3 0 5 5 6 4 6 6 4 0 5 0 0
Last Time Cost: 00000006 ms
Total Time Cost: 00000138 ms
Total Distance 148: 5 6 6 6 0 5 5 0 0 5 5 6 4 6 6 3 0 5 0 0 5 6 6 6 0 5 5 2 0 5 5 6 4 6 6 3 0 5 0 0
Last Time Cost: 00000005 ms
Total Time Cost: 00000143 ms
Total Distance 147: 5 6 6 6 0 5 5 0 0 5 5 6 4 6 6 3 0 5 0 0 5 6 6 6 0 5 5 1 0 5 5 6 4 6 6 3 0 5 0 0
Last Time Cost: 00000005 ms
Total Time Cost: 00000148 ms
Total Distance 146: 5 6 6 6 0 5 5 0 0 5 5 6 4 6 6 3 0 5 0 0 5 6 6 6 0 5 5 0 0 5 5 6 4 6 6 3 0 5 0 0
Last Time Cost: 00000006 ms
Total Time Cost: 00000154 ms
Total Distance 143: 5 6 6 5 0 5 5 0 0 5 5 6 4 6 6 2 0 5 0 0 5 6 6 5 0 5 5 0 0 5 5 6 4 6 6 3 0 5 0 0
Last Time Cost: 00000006 ms
Total Time Cost: 00000160 ms
Total Distance 141: 5 6 6 5 0 5 5 0 0 5 5 6 4 6 6 1 0 5 0 0 5 6 6 5 0 5 5 0 0 5 5 6 4 6 6 2 0 5 0 0
Last Time Cost: 00000005 ms
Total Time Cost: 00000165 ms
Total Distance 140: 5 6 6 5 0 5 5 0 0 5 5 6 4 6 6 0 0 5 0 0 5 6 6 5 0 5 5 0 0 5 5 6 4 6 6 2 0 5 0 0
Last Time Cost: 00000006 ms
Total Time Cost: 00000171 ms
Total Distance 137: 5 6 6 4 0 5 5 0 0 5 5 6 4 6 6 0 0 5 0 0 5 6 6 4 0 5 5 0 0 5 5 6 4 6 6 1 0 5 0 0
Last Time Cost: 00000006 ms
Total Time Cost: 00000177 ms
Total Distance 136: 5 6 6 4 0 5 5 0 0 5 5 6 4 6 6 0 0 5 0 0 5 6 6 4 0 5 5 0 0 5 5 6 4 6 6 0 0 5 0 0
Last Time Cost: 00000008 ms
Total Time Cost: 00000185 ms
Total Distance 133: 5 6 6 3 0 5 5 0 0 5 5 5 4 6 6 0 0 5 0 0 5 6 6 4 0 5 5 0 0 5 5 5 4 6 6 0 0 5 0 0
Last Time Cost: 00000007 ms
Total Time Cost: 00000192 ms
Total Distance 131: 5 6 6 2 0 5 5 0 0 5 5 5 4 6 6 0 0 5 0 0 5 6 6 3 0 5 5 0 0 5 5 5 4 6 6 0 0 5 0 0
Last Time Cost: 00000007 ms
Total Time Cost: 00000199 ms
Total Distance 130: 5 6 6 1 0 5 5 0 0 5 5 5 4 6 6 0 0 5 0 0 5 6 6 3 0 5 5 0 0 5 5 5 4 6 6 0 0 5 0 0
Last Time Cost: 00000006 ms
Total Time Cost: 00000205 ms
Total Distance 129: 5 6 6 0 0 5 5 0 0 5 5 5 4 6 6 0 0 5 0 0 5 6 6 3 0 5 5 0 0 5 5 5 4 6 6 0 0 5 0 0
Last Time Cost: 00000007 ms
Total Time Cost: 00000212 ms
Total Distance 126: 5 6 6 0 0 5 5 0 0 5 5 4 4 6 6 0 0 5 0 0 5 6 6 2 0 5 5 0 0 5 5 4 4 6 6 0 0 5 0 0
Last Time Cost: 00000007 ms
Total Time Cost: 00000219 ms
Total Distance 125: 5 6 6 0 0 5 5 0 0 5 5 4 4 6 6 0 0 5 0 0 5 6 6 1 0 5 5 0 0 5 5 4 4 6 6 0 0 5 0 0
Last Time Cost: 00000007 ms
Total Time Cost: 00000226 ms
Total Distance 124: 5 6 6 0 0 5 5 0 0 5 5 4 4 6 6 0 0 5 0 0 5 6 6 0 0 5 5 0 0 5 5 4 4 6 6 0 0 5 0 0
Last Time Cost: 00000009 ms
Total Time Cost: 00000235 ms
Total Distance 121: 5 6 6 0 0 5 5 0 0 4 5 3 4 6 6 0 0 5 0 0 5 6 6 0 0 5 5 0 0 4 5 4 4 6 6 0 0 5 0 0
Last Time Cost: 00000008 ms
Total Time Cost: 00000243 ms
Total Distance 119: 5 6 6 0 0 5 5 0 0 4 5 2 4 6 6 0 0 5 0 0 5 6 6 0 0 5 5 0 0 4 5 3 4 6 6 0 0 5 0 0
Last Time Cost: 00000008 ms
Total Time Cost: 00000251 ms
Total Distance 118: 5 6 6 0 0 5 5 0 0 4 5 1 4 6 6 0 0 5 0 0 5 6 6 0 0 5 5 0 0 4 5 3 4 6 6 0 0 5 0 0
Last Time Cost: 00000008 ms
Total Time Cost: 00000259 ms
Total Distance 117: 5 6 6 0 0 5 5 0 0 4 5 0 4 6 6 0 0 5 0 0 5 6 6 0 0 5 5 0 0 4 5 3 4 6 6 0 0 5 0 0
Last Time Cost: 00000009 ms
Total Time Cost: 00000268 ms
Total Distance 114: 5 6 6 0 0 5 5 0 0 3 5 0 4 6 6 0 0 5 0 0 5 6 6 0 0 5 5 0 0 3 5 2 4 6 6 0 0 5 0 0
Last Time Cost: 00000009 ms
Total Time Cost: 00000277 ms
Total Distance 113: 5 6 6 0 0 5 5 0 0 3 5 0 4 6 6 0 0 5 0 0 5 6 6 0 0 5 5 0 0 3 5 1 4 6 6 0 0 5 0 0
Last Time Cost: 00000009 ms
Total Time Cost: 00000286 ms
Total Distance 112: 5 6 6 0 0 5 5 0 0 3 5 0 4 6 6 0 0 5 0 0 5 6 6 0 0 5 5 0 0 3 5 0 4 6 6 0 0 5 0 0
Last Time Cost: 00000010 ms
Total Time Cost: 00000296 ms
Total Distance 108: 5 6 6 0 0 5 4 0 0 2 5 0 4 6 6 0 0 5 0 0 5 6 6 0 0 5 4 0 0 2 5 0 4 6 6 0 0 5 0 0
Last Time Cost: 00000010 ms
Total Time Cost: 00000306 ms
Total Distance 105: 5 6 6 0 0 5 4 0 0 1 5 0 4 6 6 0 0 4 0 0 5 6 6 0 0 5 4 0 0 2 5 0 4 6 6 0 0 4 0 0
Last Time Cost: 00000010 ms
Total Time Cost: 00000316 ms
Total Distance 104: 5 6 6 0 0 5 4 0 0 0 5 0 4 6 6 0 0 4 0 0 5 6 6 0 0 5 4 0 0 2 5 0 4 6 6 0 0 4 0 0
Last Time Cost: 00000011 ms
Total Time Cost: 00000327 ms
Total Distance 103: 5 6 6 0 0 5 4 0 0 0 5 0 4 6 6 0 0 4 0 0 5 6 6 0 0 5 4 0 0 1 5 0 4 6 6 0 0 4 0 0
Last Time Cost: 00000011 ms
Total Time Cost: 00000338 ms
Total Distance 102: 5 6 6 0 0 5 4 0 0 0 5 0 4 6 6 0 0 4 0 0 5 6 6 0 0 5 4 0 0 0 5 0 4 6 6 0 0 4 0 0
Last Time Cost: 00000014 ms
Total Time Cost: 00000352 ms
Total Distance 99: 5 6 6 0 0 4 4 0 0 0 5 0 4 6 6 0 0 3 0 0 5 6 6 0 0 4 4 0 0 0 5 0 4 6 6 0 0 4 0 0
Last Time Cost: 00000013 ms
Total Time Cost: 00000365 ms
Total Distance 97: 5 6 6 0 0 4 4 0 0 0 5 0 4 6 6 0 0 2 0 0 5 6 6 0 0 4 4 0 0 0 5 0 4 6 6 0 0 3 0 0
Last Time Cost: 00000012 ms
Total Time Cost: 00000377 ms
Total Distance 96: 5 6 6 0 0 4 4 0 0 0 5 0 4 6 6 0 0 1 0 0 5 6 6 0 0 4 4 0 0 0 5 0 4 6 6 0 0 3 0 0
Last Time Cost: 00000012 ms
Total Time Cost: 00000389 ms
Total Distance 95: 5 6 6 0 0 4 4 0 0 0 5 0 4 6 6 0 0 0 0 0 5 6 6 0 0 4 4 0 0 0 5 0 4 6 6 0 0 3 0 0
Last Time Cost: 00000013 ms
Total Time Cost: 00000402 ms
Total Distance 92: 5 6 6 0 0 3 4 0 0 0 5 0 4 6 6 0 0 0 0 0 5 6 6 0 0 3 4 0 0 0 5 0 4 6 6 0 0 2 0 0
Last Time Cost: 00000013 ms
Total Time Cost: 00000415 ms
Total Distance 91: 5 6 6 0 0 3 4 0 0 0 5 0 4 6 6 0 0 0 0 0 5 6 6 0 0 3 4 0 0 0 5 0 4 6 6 0 0 1 0 0
Last Time Cost: 00000013 ms
Total Time Cost: 00000428 ms
Total Distance 90: 5 6 6 0 0 3 4 0 0 0 5 0 4 6 6 0 0 0 0 0 5 6 6 0 0 3 4 0 0 0 5 0 4 6 6 0 0 0 0 0
Last Time Cost: 00000014 ms
Total Time Cost: 00000442 ms
Total Distance 87: 5 6 6 0 0 2 4 0 0 0 5 0 4 5 6 0 0 0 0 0 5 6 6 0 0 3 4 0 0 0 5 0 4 5 6 0 0 0 0 0
Last Time Cost: 00000013 ms
Total Time Cost: 00000455 ms
Total Distance 85: 5 6 6 0 0 1 4 0 0 0 5 0 4 5 6 0 0 0 0 0 5 6 6 0 0 2 4 0 0 0 5 0 4 5 6 0 0 0 0 0
Last Time Cost: 00000014 ms
Total Time Cost: 00000469 ms
Total Distance 84: 5 6 6 0 0 0 4 0 0 0 5 0 4 5 6 0 0 0 0 0 5 6 6 0 0 2 4 0 0 0 5 0 4 5 6 0 0 0 0 0
Last Time Cost: 00000015 ms
Total Time Cost: 00000484 ms
Total Distance 81: 5 6 6 0 0 0 4 0 0 0 5 0 4 4 6 0 0 0 0 0 5 6 6 0 0 1 4 0 0 0 5 0 4 4 6 0 0 0 0 0
Last Time Cost: 00000014 ms
Total Time Cost: 00000498 ms
Total Distance 80: 5 6 6 0 0 0 4 0 0 0 5 0 4 4 6 0 0 0 0 0 5 6 6 0 0 0 4 0 0 0 5 0 4 4 6 0 0 0 0 0
Last Time Cost: 00000018 ms
Total Time Cost: 00000516 ms
Total Distance 77: 5 5 6 0 0 0 4 0 0 0 5 0 4 4 6 0 0 0 0 0 5 5 6 0 0 0 4 0 0 0 5 0 4 3 6 0 0 0 0 0
Last Time Cost: 00000016 ms
Total Time Cost: 00000532 ms
Total Distance 75: 5 5 6 0 0 0 4 0 0 0 5 0 4 3 6 0 0 0 0 0 5 5 6 0 0 0 4 0 0 0 5 0 4 2 6 0 0 0 0 0
Last Time Cost: 00000015 ms
Total Time Cost: 00000547 ms
Total Distance 74: 5 5 6 0 0 0 4 0 0 0 5 0 4 3 6 0 0 0 0 0 5 5 6 0 0 0 4 0 0 0 5 0 4 1 6 0 0 0 0 0
Last Time Cost: 00000015 ms
Total Time Cost: 00000562 ms
Total Distance 73: 5 5 6 0 0 0 4 0 0 0 5 0 4 3 6 0 0 0 0 0 5 5 6 0 0 0 4 0 0 0 5 0 4 0 6 0 0 0 0 0
Last Time Cost: 00000017 ms
Total Time Cost: 00000579 ms
Total Distance 70: 5 4 6 0 0 0 4 0 0 0 5 0 4 2 6 0 0 0 0 0 5 4 6 0 0 0 4 0 0 0 5 0 4 0 6 0 0 0 0 0
Last Time Cost: 00000018 ms
Total Time Cost: 00000597 ms
Total Distance 69: 5 4 6 0 0 0 4 0 0 0 5 0 4 1 6 0 0 0 0 0 5 4 6 0 0 0 4 0 0 0 5 0 4 0 6 0 0 0 0 0
Last Time Cost: 00000017 ms
Total Time Cost: 00000614 ms
Total Distance 68: 5 4 6 0 0 0 4 0 0 0 5 0 4 0 6 0 0 0 0 0 5 4 6 0 0 0 4 0 0 0 5 0 4 0 6 0 0 0 0 0
Last Time Cost: 00000020 ms
Total Time Cost: 00000634 ms
Total Distance 65: 5 4 6 0 0 0 3 0 0 0 5 0 4 0 5 0 0 0 0 0 5 4 6 0 0 0 4 0 0 0 5 0 4 0 5 0 0 0 0 0
Last Time Cost: 00000018 ms
Total Time Cost: 00000652 ms
Total Distance 63: 5 4 6 0 0 0 2 0 0 0 5 0 4 0 5 0 0 0 0 0 5 4 6 0 0 0 3 0 0 0 5 0 4 0 5 0 0 0 0 0
Last Time Cost: 00000019 ms
Total Time Cost: 00000671 ms
Total Distance 61: 5 4 6 0 0 0 1 0 0 0 5 0 4 0 5 0 0 0 0 0 5 4 6 0 0 0 2 0 0 0 5 0 4 0 5 0 0 0 0 0
Last Time Cost: 00000019 ms
Total Time Cost: 00000690 ms
Total Distance 60: 5 4 6 0 0 0 0 0 0 0 5 0 4 0 5 0 0 0 0 0 5 4 6 0 0 0 2 0 0 0 5 0 4 0 5 0 0 0 0 0
Last Time Cost: 00000020 ms
Total Time Cost: 00000710 ms
Total Distance 57: 5 4 6 0 0 0 0 0 0 0 5 0 4 0 4 0 0 0 0 0 5 4 6 0 0 0 1 0 0 0 5 0 4 0 4 0 0 0 0 0
Last Time Cost: 00000020 ms
Total Time Cost: 00000730 ms
Total Distance 56: 5 4 6 0 0 0 0 0 0 0 5 0 4 0 4 0 0 0 0 0 5 4 6 0 0 0 0 0 0 0 5 0 4 0 4 0 0 0 0 0
Last Time Cost: 00000024 ms
Total Time Cost: 00000754 ms
Total Distance 53: 5 4 5 0 0 0 0 0 0 0 5 0 4 0 4 0 0 0 0 0 5 4 5 0 0 0 0 0 0 0 5 0 4 0 3 0 0 0 0 0
Last Time Cost: 00000001 ms
Total Time Cost: 00000755 ms
Total Distance 51: 5 4 5 0 0 0 0 0 0 0 5 0 4 0 3 0 0 0 0 0 5 4 5 0 0 0 0 0 0 0 5 0 4 0 2 0 0 0 0 0
Last Time Cost: 00000001 ms
Total Time Cost: 00000756 ms
Total Distance 50: 5 4 5 0 0 0 0 0 0 0 5 0 4 0 3 0 0 0 0 0 5 4 5 0 0 0 0 0 0 0 5 0 4 0 1 0 0 0 0 0
Last Time Cost: 00000001 ms
Total Time Cost: 00000757 ms
Total Distance 49: 5 4 5 0 0 0 0 0 0 0 5 0 4 0 3 0 0 0 0 0 5 4 5 0 0 0 0 0 0 0 5 0 4 0 0 0 0 0 0 0
Last Time Cost: 00000002 ms
Total Time Cost: 00000759 ms
Total Distance 46: 5 4 4 0 0 0 0 0 0 0 5 0 4 0 2 0 0 0 0 0 5 4 4 0 0 0 0 0 0 0 5 0 4 0 0 0 0 0 0 0
Last Time Cost: 00000001 ms
Total Time Cost: 00000760 ms
Total Distance 45: 5 4 4 0 0 0 0 0 0 0 5 0 4 0 1 0 0 0 0 0 5 4 4 0 0 0 0 0 0 0 5 0 4 0 0 0 0 0 0 0
Last Time Cost: 00000001 ms
Total Time Cost: 00000761 ms
Total Distance 44: 5 4 4 0 0 0 0 0 0 0 5 0 4 0 0 0 0 0 0 0 5 4 4 0 0 0 0 0 0 0 5 0 4 0 0 0 0 0 0 0
Last Time Cost: 00000003 ms
Total Time Cost: 00000764 ms
Total Distance 41: 5 4 3 0 0 0 0 0 0 0 4 0 4 0 0 0 0 0 0 0 5 4 4 0 0 0 0 0 0 0 4 0 4 0 0 0 0 0 0 0
Last Time Cost: 00000001 ms
Total Time Cost: 00000765 ms
Total Distance 39: 5 4 2 0 0 0 0 0 0 0 4 0 4 0 0 0 0 0 0 0 5 4 3 0 0 0 0 0 0 0 4 0 4 0 0 0 0 0 0 0
Last Time Cost: 00000001 ms
Total Time Cost: 00000766 ms
Total Distance 38: 5 4 1 0 0 0 0 0 0 0 4 0 4 0 0 0 0 0 0 0 5 4 3 0 0 0 0 0 0 0 4 0 4 0 0 0 0 0 0 0
Last Time Cost: 00000001 ms
Total Time Cost: 00000767 ms
Total Distance 37: 5 4 0 0 0 0 0 0 0 0 4 0 4 0 0 0 0 0 0 0 5 4 3 0 0 0 0 0 0 0 4 0 4 0 0 0 0 0 0 0
Last Time Cost: 00000001 ms
Total Time Cost: 00000768 ms
Total Distance 34: 5 4 0 0 0 0 0 0 0 0 3 0 4 0 0 0 0 0 0 0 5 4 2 0 0 0 0 0 0 0 3 0 4 0 0 0 0 0 0 0
Last Time Cost: 00000001 ms
Total Time Cost: 00000769 ms
Total Distance 33: 5 4 0 0 0 0 0 0 0 0 3 0 4 0 0 0 0 0 0 0 5 4 1 0 0 0 0 0 0 0 3 0 4 0 0 0 0 0 0 0
Last Time Cost: 00000001 ms
Total Time Cost: 00000770 ms
Total Distance 32: 5 4 0 0 0 0 0 0 0 0 3 0 4 0 0 0 0 0 0 0 5 4 0 0 0 0 0 0 0 0 3 0 4 0 0 0 0 0 0 0
Last Time Cost: 00000002 ms
Total Time Cost: 00000772 ms
Total Distance 30: 5 4 0 0 0 0 0 0 0 0 2 0 4 0 0 0 0 0 0 0 5 4 0 0 0 0 0 0 0 0 2 0 4 0 0 0 0 0 0 0
Last Time Cost: 00000002 ms
Total Time Cost: 00000774 ms
Total Distance 28: 5 4 0 0 0 0 0 0 0 0 1 0 4 0 0 0 0 0 0 0 5 4 0 0 0 0 0 0 0 0 1 0 4 0 0 0 0 0 0 0
Last Time Cost: 00000001 ms
Total Time Cost: 00000775 ms
Total Distance 27: 5 4 0 0 0 0 0 0 0 0 0 0 4 0 0 0 0 0 0 0 5 4 0 0 0 0 0 0 0 0 1 0 4 0 0 0 0 0 0 0
Last Time Cost: 00000001 ms
Total Time Cost: 00000776 ms
Total Distance 26: 5 4 0 0 0 0 0 0 0 0 0 0 4 0 0 0 0 0 0 0 5 4 0 0 0 0 0 0 0 0 0 0 4 0 0 0 0 0 0 0
Last Time Cost: 00000003 ms
Total Time Cost: 00000779 ms
Total Distance 24: 5 4 0 0 0 0 0 0 0 0 0 0 3 0 0 0 0 0 0 0 5 4 0 0 0 0 0 0 0 0 0 0 3 0 0 0 0 0 0 0
Last Time Cost: 00000001 ms
Total Time Cost: 00000780 ms
Total Distance 22: 5 4 0 0 0 0 0 0 0 0 0 0 2 0 0 0 0 0 0 0 4 4 0 0 0 0 0 0 0 0 0 0 3 0 0 0 0 0 0 0
Last Time Cost: 00000001 ms
Total Time Cost: 00000781 ms
Total Distance 21: 5 4 0 0 0 0 0 0 0 0 0 0 1 0 0 0 0 0 0 0 4 4 0 0 0 0 0 0 0 0 0 0 3 0 0 0 0 0 0 0
Last Time Cost: 00000001 ms
Total Time Cost: 00000782 ms
Total Distance 20: 5 4 0 0 0 0 0 0 0 0 0 0 0 0 0 0 0 0 0 0 4 4 0 0 0 0 0 0 0 0 0 0 3 0 0 0 0 0 0 0
Last Time Cost: 00000001 ms
Total Time Cost: 00000783 ms
Total Distance 17: 4 4 0 0 0 0 0 0 0 0 0 0 0 0 0 0 0 0 0 0 3 4 0 0 0 0 0 0 0 0 0 0 2 0 0 0 0 0 0 0
Last Time Cost: 00000001 ms
Total Time Cost: 00000784 ms
Total Distance 15: 3 4 0 0 0 0 0 0 0 0 0 0 0 0 0 0 0 0 0 0 3 4 0 0 0 0 0 0 0 0 0 0 1 0 0 0 0 0 0 0
Last Time Cost: 00000000 ms
Total Time Cost: 00000784 ms
Total Distance 14: 3 4 0 0 0 0 0 0 0 0 0 0 0 0 0 0 0 0 0 0 3 4 0 0 0 0 0 0 0 0 0 0 0 0 0 0 0 0 0 0
Last Time Cost: 00000002 ms
Total Time Cost: 00000786 ms
Total Distance 12: 2 4 0 0 0 0 0 0 0 0 0 0 0 0 0 0 0 0 0 0 2 4 0 0 0 0 0 0 0 0 0 0 0 0 0 0 0 0 0 0
Last Time Cost: 00000001 ms
Total Time Cost: 00000787 ms
Total Distance 10: 1 4 0 0 0 0 0 0 0 0 0 0 0 0 0 0 0 0 0 0 1 4 0 0 0 0 0 0 0 0 0 0 0 0 0 0 0 0 0 0
Last Time Cost: 00000001 ms
Total Time Cost: 00000788 ms
Total Distance 9: 0 4 0 0 0 0 0 0 0 0 0 0 0 0 0 0 0 0 0 0 1 4 0 0 0 0 0 0 0 0 0 0 0 0 0 0 0 0 0 0
Last Time Cost: 00000000 ms
Total Time Cost: 00000788 ms
Total Distance 8: 0 4 0 0 0 0 0 0 0 0 0 0 0 0 0 0 0 0 0 0 0 4 0 0 0 0 0 0 0 0 0 0 0 0 0 0 0 0 0 0
Last Time Cost: 00000002 ms
Total Time Cost: 00000790 ms
Total Distance 6: 0 3 0 0 0 0 0 0 0 0 0 0 0 0 0 0 0 0 0 0 0 3 0 0 0 0 0 0 0 0 0 0 0 0 0 0 0 0 0 0
Last Time Cost: 00000001 ms
Total Time Cost: 00000791 ms
Total Distance 4: 0 2 0 0 0 0 0 0 0 0 0 0 0 0 0 0 0 0 0 0 0 2 0 0 0 0 0 0 0 0 0 0 0 0 0 0 0 0 0 0
Last Time Cost: 00000000 ms
Total Time Cost: 00000791 ms
Total Distance 3: 0 1 0 0 0 0 0 0 0 0 0 0 0 0 0 0 0 0 0 0 0 2 0 0 0 0 0 0 0 0 0 0 0 0 0 0 0 0 0 0
Last Time Cost: 00000000 ms
Total Time Cost: 00000791 ms
Total Distance 2: 0 0 0 0 0 0 0 0 0 0 0 0 0 0 0 0 0 0 0 0 0 2 0 0 0 0 0 0 0 0 0 0 0 0 0 0 0 0 0 0
Last Time Cost: 00000000 ms
Total Time Cost: 00000791 ms
Total Distance 1: 0 0 0 0 0 0 0 0 0 0 0 0 0 0 0 0 0 0 0 0 0 1 0 0 0 0 0 0 0 0 0 0 0 0 0 0 0 0 0 0
Last Time Cost: 00000000 ms
Total Time Cost: 00000791 ms
Total Distance 0: 0 0 0 0 0 0 0 0 0 0 0 0 0 0 0 0 0 0 0 0 0 0 0 0 0 0 0 0 0 0 0 0 0 0 0 0 0 0 0 0
