Last Time Cost: 00000000 ms
Total Time Cost: 00000000 ms
Total Distance 248: 6 8 6 8 7 5 6 6 5 5 6 8 6 8 7 5 6 6 5 5 6 8 6 8 7 5 6 6 5 5 6 8 6 8 7 5 6 6 5 5
Last Time Cost: 00000013 ms
Total Time Cost: 00000013 ms
Total Distance 240: 6 8 6 8 7 5 6 6 5 4 6 7 5 8 6 5 6 6 5 5 6 8 6 8 7 5 6 6 5 4 6 7 5 8 6 5 6 6 5 5
Last Time Cost: 00000007 ms
Total Time Cost: 00000020 ms
Total Distance 236: 6 8 6 8 7 5 6 6 5 3 6 7 5 8 6 5 6 5 5 5 6 8 6 8 7 5 6 6 5 3 6 7 5 8 6 5 6 5 5 5
Last Time Cost: 00000008 ms
Total Time Cost: 00000028 ms
Total Distance 232: 6 8 6 8 7 5 6 6 5 2 5 6 5 8 6 5 6 5 5 5 6 8 6 8 7 5 6 6 5 3 5 7 5 8 6 5 6 5 5 5
Last Time Cost: 00000007 ms
Total Time Cost: 00000035 ms
Total Distance 230: 6 8 6 8 7 5 6 6 5 1 5 6 5 8 6 5 6 5 5 5 6 8 6 8 7 5 6 6 5 2 5 7 5 8 6 5 6 5 5 5
Last Time Cost: 00000008 ms
Total Time Cost: 00000043 ms
Total Distance 229: 6 8 6 8 7 5 6 6 5 0 5 6 5 8 6 5 6 5 5 5 6 8 6 8 7 5 6 6 5 2 5 7 5 8 6 5 6 5 5 5
Last Time Cost: 00000009 ms
Total Time Cost: 00000052 ms
Total Distance 225: 6 8 6 8 7 5 6 6 5 0 4 6 5 8 6 5 6 5 5 5 6 8 6 8 7 5 6 6 5 1 4 6 5 8 6 5 6 5 5 5
Last Time Cost: 00000010 ms
Total Time Cost: 00000062 ms
Total Distance 224: 6 8 6 8 7 5 6 6 5 0 4 6 5 8 6 5 6 5 5 5 6 8 6 8 7 5 6 6 5 0 4 6 5 8 6 5 6 5 5 5
Last Time Cost: 00000012 ms
Total Time Cost: 00000074 ms
Total Distance 219: 6 7 6 8 7 5 6 6 5 0 4 6 5 8 6 5 6 5 5 5 6 7 5 8 7 5 6 6 5 0 3 6 5 7 6 5 6 5 5 5
Last Time Cost: 00000012 ms
Total Time Cost: 00000086 ms
Total Distance 217: 6 7 6 8 7 5 6 6 5 0 3 6 5 8 6 5 6 5 5 5 6 7 5 8 7 5 6 6 5 0 2 6 5 7 6 5 6 5 5 5
Last Time Cost: 00000012 ms
Total Time Cost: 00000098 ms
Total Distance 215: 6 7 6 8 7 5 6 6 5 0 3 6 5 8 6 5 6 5 5 5 6 6 5 8 7 5 6 6 5 0 1 6 5 7 6 5 6 5 5 5
Last Time Cost: 00000013 ms
Total Time Cost: 00000111 ms
Total Distance 214: 6 7 6 8 7 5 6 6 5 0 3 6 5 8 6 5 6 5 5 5 6 6 5 8 7 5 6 6 5 0 0 6 5 7 6 5 6 5 5 5
Last Time Cost: 00000014 ms
Total Time Cost: 00000125 ms
Total Distance 209: 6 6 5 8 7 5 6 6 5 0 2 6 5 7 6 5 6 5 5 5 6 5 5 8 7 5 6 6 5 0 0 6 5 7 6 5 6 5 5 5
Last Time Cost: 00000015 ms
Total Time Cost: 00000140 ms
Total Distance 207: 6 5 5 8 7 5 6 6 5 0 1 6 5 7 6 5 6 5 5 5 6 5 5 8 7 5 6 6 5 0 0 6 5 7 6 5 6 5 5 5
Last Time Cost: 00000016 ms
Total Time Cost: 00000156 ms
Total Distance 206: 6 5 5 8 7 5 6 6 5 0 0 6 5 7 6 5 6 5 5 5 6 5 5 8 7 5 6 6 5 0 0 6 5 7 6 5 6 5 5 5
Last Time Cost: 00000036 ms
Total Time Cost: 00000192 ms
Total Distance 198: 5 4 5 7 7 5 6 6 5 0 0 6 5 7 6 5 6 5 4 5 5 4 5 7 7 5 6 6 5 0 0 6 5 7 6 5 6 5 4 5
Last Time Cost: 00000004 ms
Total Time Cost: 00000196 ms
Total Distance 194: 5 4 5 7 7 5 6 6 5 0 0 6 5 7 6 5 6 5 3 5 4 3 5 6 7 5 6 6 5 0 0 6 5 7 6 5 6 5 4 5
Last Time Cost: 00000003 ms
Total Time Cost: 00000199 ms
Total Distance 190: 5 4 5 7 7 5 5 6 5 0 0 6 5 7 6 5 6 5 2 5 4 3 5 6 7 5 5 6 5 0 0 6 5 7 6 5 6 5 3 5
Last Time Cost: 00000002 ms
Total Time Cost: 00000201 ms
Total Distance 187: 5 4 5 7 7 5 4 6 5 0 0 6 5 7 6 5 6 5 1 5 4 3 5 6 7 5 5 6 5 0 0 6 5 7 6 5 6 5 2 5
Last Time Cost: 00000003 ms
Total Time Cost: 00000204 ms
Total Distance 185: 5 4 5 7 7 5 4 6 5 0 0 6 5 7 6 5 6 5 0 5 4 3 5 6 7 5 5 6 5 0 0 6 5 7 6 5 6 5 1 5
Last Time Cost: 00000002 ms
Total Time Cost: 00000206 ms
Total Distance 184: 5 4 5 7 7 5 4 6 5 0 0 6 5 7 6 5 6 5 0 5 4 3 5 6 7 5 5 6 5 0 0 6 5 7 6 5 6 5 0 5
Last Time Cost: 00000003 ms
Total Time Cost: 00000209 ms
Total Distance 183: 5 4 5 7 7 5 4 6 5 0 0 6 5 7 6 5 6 5 0 5 4 2 5 6 7 5 5 6 5 0 0 6 5 7 6 5 6 5 0 5
Last Time Cost: 00000003 ms
Total Time Cost: 00000212 ms
Total Distance 182: 5 4 5 7 7 5 4 6 5 0 0 6 5 7 6 5 6 5 0 5 4 1 5 6 7 5 5 6 5 0 0 6 5 7 6 5 6 5 0 5
Last Time Cost: 00000003 ms
Total Time Cost: 00000215 ms
Total Distance 181: 5 4 5 7 7 5 4 6 5 0 0 6 5 7 6 5 6 5 0 5 4 0 5 6 7 5 5 6 5 0 0 6 5 7 6 5 6 5 0 5
Last Time Cost: 00000007 ms
Total Time Cost: 00000222 ms
Total Distance 177: 5 4 5 7 7 5 3 6 5 0 0 6 5 7 5 5 6 5 0 5 4 0 5 6 7 5 4 6 5 0 0 6 5 7 5 5 6 5 0 5
Last Time Cost: 00000003 ms
Total Time Cost: 00000225 ms
Total Distance 175: 5 4 5 7 7 5 2 6 5 0 0 6 5 7 5 5 6 5 0 5 4 0 5 6 7 5 3 6 5 0 0 6 5 7 5 5 6 5 0 5
Last Time Cost: 00000003 ms
Total Time Cost: 00000228 ms
Total Distance 174: 5 4 5 7 7 5 1 6 5 0 0 6 5 7 5 5 6 5 0 5 4 0 5 6 7 5 3 6 5 0 0 6 5 7 5 5 6 5 0 5
Last Time Cost: 00000004 ms
Total Time Cost: 00000232 ms
Total Distance 173: 5 4 5 7 7 5 0 6 5 0 0 6 5 7 5 5 6 5 0 5 4 0 5 6 7 5 3 6 5 0 0 6 5 7 5 5 6 5 0 5
Last Time Cost: 00000003 ms
Total Time Cost: 00000235 ms
Total Distance 170: 5 4 5 7 7 5 0 6 5 0 0 6 5 7 5 5 6 4 0 5 4 0 5 6 7 5 2 6 5 0 0 6 5 7 5 5 6 4 0 5
Last Time Cost: 00000003 ms
Total Time Cost: 00000238 ms
Total Distance 169: 5 4 5 7 7 5 0 6 5 0 0 6 5 7 5 5 6 4 0 5 4 0 5 6 7 5 1 6 5 0 0 6 5 7 5 5 6 4 0 5
Last Time Cost: 00000003 ms
Total Time Cost: 00000241 ms
Total Distance 168: 5 4 5 7 7 5 0 6 5 0 0 6 5 7 5 5 6 4 0 5 4 0 5 6 7 5 0 6 5 0 0 6 5 7 5 5 6 4 0 5
Last Time Cost: 00000013 ms
Total Time Cost: 00000254 ms
Total Distance 165: 5 4 5 7 7 5 0 6 4 0 0 6 5 7 5 5 6 3 0 5 4 0 5 6 7 5 0 6 4 0 0 6 5 7 5 5 6 4 0 5
Last Time Cost: 00000005 ms
Total Time Cost: 00000259 ms
Total Distance 163: 5 4 5 7 7 5 0 6 4 0 0 6 5 7 5 5 6 2 0 5 4 0 5 6 7 5 0 6 3 0 0 6 5 7 5 5 6 4 0 5
Last Time Cost: 00000004 ms
Total Time Cost: 00000263 ms
Total Distance 161: 5 4 5 7 7 5 0 6 4 0 0 6 5 7 5 5 6 1 0 5 4 0 5 6 7 5 0 6 3 0 0 6 5 7 5 5 6 3 0 5
Last Time Cost: 00000004 ms
Total Time Cost: 00000267 ms
Total Distance 160: 5 4 5 7 7 5 0 6 4 0 0 6 5 7 5 5 6 0 0 5 4 0 5 6 7 5 0 6 3 0 0 6 5 7 5 5 6 3 0 5
Last Time Cost: 00000006 ms
Total Time Cost: 00000273 ms
Total Distance 157: 5 4 5 7 7 5 0 6 3 0 0 6 5 7 5 5 6 0 0 5 4 0 5 6 7 5 0 6 2 0 0 6 5 7 5 5 6 2 0 5
Last Time Cost: 00000005 ms
Total Time Cost: 00000278 ms
Total Distance 155: 5 4 5 7 7 5 0 6 2 0 0 6 5 7 5 5 6 0 0 5 4 0 5 6 7 5 0 6 2 0 0 6 5 7 5 5 6 1 0 5
Last Time Cost: 00000004 ms
Total Time Cost: 00000282 ms
Total Distance 154: 5 4 5 7 7 5 0 6 2 0 0 6 5 7 5 5 6 0 0 5 4 0 5 6 7 5 0 6 2 0 0 6 5 7 5 5 6 0 0 5
Last Time Cost: 00000005 ms
Total Time Cost: 00000287 ms
Total Distance 153: 5 4 5 7 7 5 0 6 1 0 0 6 5 7 5 5 6 0 0 5 4 0 5 6 7 5 0 6 2 0 0 6 5 7 5 5 6 0 0 5
Last Time Cost: 00000005 ms
Total Time Cost: 00000292 ms
Total Distance 152: 5 4 5 7 7 5 0 6 0 0 0 6 5 7 5 5 6 0 0 5 4 0 5 6 7 5 0 6 2 0 0 6 5 7 5 5 6 0 0 5
Last Time Cost: 00000005 ms
Total Time Cost: 00000297 ms
Total Distance 149: 5 4 5 7 7 5 0 6 0 0 0 6 5 7 5 5 6 0 0 4 4 0 5 6 7 5 0 6 1 0 0 6 5 7 5 5 6 0 0 4
Last Time Cost: 00000005 ms
Total Time Cost: 00000302 ms
Total Distance 146: 5 4 5 7 7 5 0 6 0 0 0 6 5 7 5 5 6 0 0 3 4 0 5 6 7 5 0 6 0 0 0 6 5 7 5 5 6 0 0 3
Last Time Cost: 00000007 ms
Total Time Cost: 00000309 ms
Total Distance 144: 5 4 5 7 7 5 0 6 0 0 0 6 5 7 5 5 6 0 0 2 4 0 5 6 7 5 0 6 0 0 0 6 5 7 5 5 6 0 0 2
Last Time Cost: 00000006 ms
Total Time Cost: 00000315 ms
Total Distance 143: 5 4 5 7 7 5 0 6 0 0 0 6 5 7 5 5 6 0 0 2 4 0 5 6 7 5 0 6 0 0 0 6 5 7 5 5 6 0 0 1
Last Time Cost: 00000005 ms
Total Time Cost: 00000320 ms
Total Distance 142: 5 4 5 7 7 5 0 6 0 0 0 6 5 7 5 5 6 0 0 2 4 0 5 6 7 5 0 6 0 0 0 6 5 7 5 5 6 0 0 0
Last Time Cost: 00000006 ms
Total Time Cost: 00000326 ms
Total Distance 140: 4 4 5 7 7 5 0 6 0 0 0 6 5 7 5 5 6 0 0 1 4 0 5 6 7 5 0 6 0 0 0 6 5 7 5 5 6 0 0 0
Last Time Cost: 00000006 ms
Total Time Cost: 00000332 ms
Total Distance 139: 4 4 5 7 7 5 0 6 0 0 0 6 5 7 5 5 6 0 0 0 4 0 5 6 7 5 0 6 0 0 0 6 5 7 5 5 6 0 0 0
Last Time Cost: 00000018 ms
Total Time Cost: 00000350 ms
Total Distance 136: 4 3 5 7 7 5 0 6 0 0 0 6 4 7 5 5 6 0 0 0 4 0 5 6 7 5 0 6 0 0 0 6 4 7 5 5 6 0 0 0
Last Time Cost: 00000008 ms
Total Time Cost: 00000358 ms
Total Distance 134: 4 2 5 7 7 5 0 6 0 0 0 6 3 7 5 5 6 0 0 0 4 0 5 6 7 5 0 6 0 0 0 6 4 7 5 5 6 0 0 0
Last Time Cost: 00000007 ms
Total Time Cost: 00000365 ms
Total Distance 133: 4 1 5 7 7 5 0 6 0 0 0 6 3 7 5 5 6 0 0 0 4 0 5 6 7 5 0 6 0 0 0 6 4 7 5 5 6 0 0 0
Last Time Cost: 00000006 ms
Total Time Cost: 00000371 ms
Total Distance 132: 4 0 5 7 7 5 0 6 0 0 0 6 3 7 5 5 6 0 0 0 4 0 5 6 7 5 0 6 0 0 0 6 4 7 5 5 6 0 0 0
Last Time Cost: 00000008 ms
Total Time Cost: 00000379 ms
Total Distance 129: 4 0 5 6 7 5 0 6 0 0 0 6 2 7 5 5 6 0 0 0 4 0 5 5 7 5 0 6 0 0 0 6 4 7 5 5 6 0 0 0
Last Time Cost: 00000007 ms
Total Time Cost: 00000386 ms
Total Distance 128: 4 0 5 6 7 5 0 6 0 0 0 6 1 7 5 5 6 0 0 0 4 0 5 5 7 5 0 6 0 0 0 6 4 7 5 5 6 0 0 0
Last Time Cost: 00000007 ms
Total Time Cost: 00000393 ms
Total Distance 127: 4 0 5 6 7 5 0 6 0 0 0 6 0 7 5 5 6 0 0 0 4 0 5 5 7 5 0 6 0 0 0 6 4 7 5 5 6 0 0 0
Last Time Cost: 00000019 ms
Total Time Cost: 00000412 ms
Total Distance 124: 4 0 5 5 7 5 0 6 0 0 0 6 0 7 5 5 6 0 0 0 4 0 5 4 7 5 0 6 0 0 0 6 3 7 5 5 6 0 0 0
Last Time Cost: 00000009 ms
Total Time Cost: 00000421 ms
Total Distance 123: 4 0 5 5 7 5 0 6 0 0 0 6 0 7 5 5 6 0 0 0 4 0 5 4 7 5 0 6 0 0 0 6 2 7 5 5 6 0 0 0
Last Time Cost: 00000009 ms
Total Time Cost: 00000430 ms
Total Distance 122: 4 0 5 5 7 5 0 6 0 0 0 6 0 7 5 5 6 0 0 0 4 0 5 4 7 5 0 6 0 0 0 6 1 7 5 5 6 0 0 0
Last Time Cost: 00000008 ms
Total Time Cost: 00000438 ms
Total Distance 121: 4 0 5 5 7 5 0 6 0 0 0 6 0 7 5 5 6 0 0 0 4 0 5 4 7 5 0 6 0 0 0 6 0 7 5 5 6 0 0 0
Last Time Cost: 00000020 ms
Total Time Cost: 00000458 ms
Total Distance 119: 3 0 5 5 7 5 0 6 0 0 0 6 0 7 5 5 6 0 0 0 3 0 5 4 7 5 0 6 0 0 0 6 0 7 5 5 6 0 0 0
Last Time Cost: 00000011 ms
Total Time Cost: 00000469 ms
Total Distance 117: 2 0 5 4 7 5 0 6 0 0 0 6 0 7 5 5 6 0 0 0 3 0 5 4 7 5 0 6 0 0 0 6 0 7 5 5 6 0 0 0
Last Time Cost: 00000009 ms
Total Time Cost: 00000478 ms
Total Distance 115: 1 0 5 4 7 5 0 6 0 0 0 6 0 7 5 5 6 0 0 0 3 0 5 4 7 5 0 6 0 0 0 5 0 7 5 5 6 0 0 0
Last Time Cost: 00000009 ms
Total Time Cost: 00000487 ms
Total Distance 114: 0 0 5 4 7 5 0 6 0 0 0 6 0 7 5 5 6 0 0 0 3 0 5 4 7 5 0 6 0 0 0 5 0 7 5 5 6 0 0 0
Last Time Cost: 00000011 ms
Total Time Cost: 00000498 ms
Total Distance 110: 0 0 5 4 7 5 0 6 0 0 0 5 0 7 5 5 6 0 0 0 2 0 5 4 6 5 0 6 0 0 0 4 0 7 5 5 6 0 0 0
Last Time Cost: 00000009 ms
Total Time Cost: 00000507 ms
Total Distance 108: 0 0 5 4 7 5 0 6 0 0 0 4 0 7 5 5 6 0 0 0 1 0 5 4 6 5 0 6 0 0 0 4 0 7 5 5 6 0 0 0
Last Time Cost: 00000009 ms
Total Time Cost: 00000516 ms
Total Distance 107: 0 0 5 4 7 5 0 6 0 0 0 4 0 7 5 5 6 0 0 0 0 0 5 4 6 5 0 6 0 0 0 4 0 7 5 5 6 0 0 0
Last Time Cost: 00000017 ms
Total Time Cost: 00000533 ms
Total Distance 105: 0 0 5 4 7 5 0 6 0 0 0 3 0 7 5 5 6 0 0 0 0 0 4 4 6 5 0 6 0 0 0 4 0 7 5 5 6 0 0 0
Last Time Cost: 00000012 ms
Total Time Cost: 00000545 ms
Total Distance 104: 0 0 5 4 7 5 0 6 0 0 0 2 0 7 5 5 6 0 0 0 0 0 4 4 6 5 0 6 0 0 0 4 0 7 5 5 6 0 0 0
Last Time Cost: 00000012 ms
Total Time Cost: 00000557 ms
Total Distance 103: 0 0 5 4 7 5 0 6 0 0 0 1 0 7 5 5 6 0 0 0 0 0 4 4 6 5 0 6 0 0 0 4 0 7 5 5 6 0 0 0
Last Time Cost: 00000011 ms
Total Time Cost: 00000568 ms
Total Distance 102: 0 0 5 4 7 5 0 6 0 0 0 0 0 7 5 5 6 0 0 0 0 0 4 4 6 5 0 6 0 0 0 4 0 7 5 5 6 0 0 0
Last Time Cost: 00000021 ms
Total Time Cost: 00000589 ms
Total Distance 99: 0 0 4 4 7 5 0 6 0 0 0 0 0 7 5 5 6 0 0 0 0 0 4 4 5 5 0 6 0 0 0 3 0 7 5 5 6 0 0 0
Last Time Cost: 00000014 ms
Total Time Cost: 00000603 ms
Total Distance 97: 0 0 4 4 7 5 0 6 0 0 0 0 0 7 5 5 6 0 0 0 0 0 3 4 5 5 0 6 0 0 0 2 0 7 5 5 6 0 0 0
Last Time Cost: 00000013 ms
Total Time Cost: 00000616 ms
Total Distance 96: 0 0 4 4 7 5 0 6 0 0 0 0 0 7 5 5 6 0 0 0 0 0 3 4 5 5 0 6 0 0 0 1 0 7 5 5 6 0 0 0
Last Time Cost: 00000012 ms
Total Time Cost: 00000628 ms
Total Distance 95: 0 0 4 4 7 5 0 6 0 0 0 0 0 7 5 5 6 0 0 0 0 0 3 4 5 5 0 6 0 0 0 0 0 7 5 5 6 0 0 0
Last Time Cost: 00000015 ms
Total Time Cost: 00000643 ms
Total Distance 93: 0 0 4 4 7 5 0 6 0 0 0 0 0 7 5 5 6 0 0 0 0 0 2 4 5 5 0 6 0 0 0 0 0 6 5 5 6 0 0 0
Last Time Cost: 00000014 ms
Total Time Cost: 00000657 ms
Total Distance 92: 0 0 4 4 7 5 0 6 0 0 0 0 0 7 5 5 6 0 0 0 0 0 1 4 5 5 0 6 0 0 0 0 0 6 5 5 6 0 0 0
Last Time Cost: 00000013 ms
Total Time Cost: 00000670 ms
Total Distance 91: 0 0 4 4 7 5 0 6 0 0 0 0 0 7 5 5 6 0 0 0 0 0 0 4 5 5 0 6 0 0 0 0 0 6 5 5 6 0 0 0
Last Time Cost: 00000022 ms
Total Time Cost: 00000692 ms
Total Distance 88: 0 0 3 4 7 5 0 6 0 0 0 0 0 6 4 5 6 0 0 0 0 0 0 4 5 5 0 6 0 0 0 0 0 6 5 5 6 0 0 0
Last Time Cost: 00000015 ms
Total Time Cost: 00000707 ms
Total Distance 86: 0 0 2 4 7 5 0 6 0 0 0 0 0 5 4 5 6 0 0 0 0 0 0 4 5 5 0 6 0 0 0 0 0 6 5 5 6 0 0 0
Last Time Cost: 00000014 ms
Total Time Cost: 00000721 ms
Total Distance 85: 0 0 1 4 7 5 0 6 0 0 0 0 0 5 4 5 6 0 0 0 0 0 0 4 5 5 0 6 0 0 0 0 0 6 5 5 6 0 0 0
Last Time Cost: 00000015 ms
Total Time Cost: 00000736 ms
Total Distance 83: 0 0 0 4 7 5 0 6 0 0 0 0 0 5 4 5 6 0 0 0 0 0 0 4 5 5 0 6 0 0 0 0 0 5 5 5 6 0 0 0
Last Time Cost: 00000020 ms
Total Time Cost: 00000756 ms
Total Distance 81: 0 0 0 4 7 5 0 6 0 0 0 0 0 5 3 5 6 0 0 0 0 0 0 4 5 5 0 6 0 0 0 0 0 5 4 5 6 0 0 0
Last Time Cost: 00000017 ms
Total Time Cost: 00000773 ms
Total Distance 79: 0 0 0 4 7 5 0 6 0 0 0 0 0 5 2 5 6 0 0 0 0 0 0 4 5 5 0 6 0 0 0 0 0 5 3 5 6 0 0 0
Last Time Cost: 00000016 ms
Total Time Cost: 00000789 ms
Total Distance 78: 0 0 0 4 7 5 0 6 0 0 0 0 0 5 1 5 6 0 0 0 0 0 0 4 5 5 0 6 0 0 0 0 0 5 3 5 6 0 0 0
Last Time Cost: 00000017 ms
Total Time Cost: 00000806 ms
Total Distance 77: 0 0 0 4 7 5 0 6 0 0 0 0 0 5 0 5 6 0 0 0 0 0 0 4 5 5 0 6 0 0 0 0 0 5 3 5 6 0 0 0
Last Time Cost: 00000018 ms
Total Time Cost: 00000824 ms
Total Distance 74: 0 0 0 4 7 4 0 6 0 0 0 0 0 5 0 5 6 0 0 0 0 0 0 4 5 4 0 6 0 0 0 0 0 5 2 5 6 0 0 0
Last Time Cost: 00000017 ms
Total Time Cost: 00000841 ms
Total Distance 71: 0 0 0 4 7 3 0 6 0 0 0 0 0 5 0 5 6 0 0 0 0 0 0 4 5 3 0 6 0 0 0 0 0 5 1 5 6 0 0 0
Last Time Cost: 00000016 ms
Total Time Cost: 00000857 ms
Total Distance 70: 0 0 0 4 7 3 0 6 0 0 0 0 0 5 0 5 6 0 0 0 0 0 0 4 5 3 0 6 0 0 0 0 0 5 0 5 6 0 0 0
Last Time Cost: 00000021 ms
Total Time Cost: 00000878 ms
Total Distance 67: 0 0 0 4 7 3 0 6 0 0 0 0 0 5 0 5 5 0 0 0 0 0 0 4 5 2 0 6 0 0 0 0 0 5 0 5 5 0 0 0
Last Time Cost: 00000019 ms
Total Time Cost: 00000897 ms
Total Distance 65: 0 0 0 4 7 2 0 6 0 0 0 0 0 5 0 5 5 0 0 0 0 0 0 4 5 1 0 6 0 0 0 0 0 5 0 5 5 0 0 0
Last Time Cost: 00000018 ms
Total Time Cost: 00000915 ms
Total Distance 64: 0 0 0 4 7 2 0 6 0 0 0 0 0 5 0 5 5 0 0 0 0 0 0 4 5 0 0 6 0 0 0 0 0 5 0 5 5 0 0 0
Last Time Cost: 00000019 ms
Total Time Cost: 00000934 ms
Total Distance 61: 0 0 0 4 7 1 0 6 0 0 0 0 0 5 0 5 4 0 0 0 0 0 0 4 5 0 0 6 0 0 0 0 0 5 0 5 4 0 0 0
Last Time Cost: 00000020 ms
Total Time Cost: 00000954 ms
Total Distance 60: 0 0 0 4 7 0 0 6 0 0 0 0 0 5 0 5 4 0 0 0 0 0 0 4 5 0 0 6 0 0 0 0 0 5 0 5 4 0 0 0
Last Time Cost: 00000029 ms
Total Time Cost: 00000983 ms
Total Distance 57: 0 0 0 4 7 0 0 5 0 0 0 0 0 5 0 5 4 0 0 0 0 0 0 4 5 0 0 5 0 0 0 0 0 5 0 5 3 0 0 0
Last Time Cost: 00000021 ms
Total Time Cost: 00001004 ms
Total Distance 55: 0 0 0 4 7 0 0 5 0 0 0 0 0 5 0 5 3 0 0 0 0 0 0 4 5 0 0 5 0 0 0 0 0 5 0 5 2 0 0 0
Last Time Cost: 00000021 ms
Total Time Cost: 00001025 ms
Total Distance 54: 0 0 0 4 7 0 0 5 0 0 0 0 0 5 0 5 3 0 0 0 0 0 0 4 5 0 0 5 0 0 0 0 0 5 0 5 1 0 0 0
Last Time Cost: 00000021 ms
Total Time Cost: 00001046 ms
Total Distance 53: 0 0 0 4 7 0 0 5 0 0 0 0 0 5 0 5 3 0 0 0 0 0 0 4 5 0 0 5 0 0 0 0 0 5 0 5 0 0 0 0
Last Time Cost: 00000022 ms
Total Time Cost: 00001068 ms
Total Distance 50: 0 0 0 4 7 0 0 4 0 0 0 0 0 5 0 5 2 0 0 0 0 0 0 4 5 0 0 4 0 0 0 0 0 5 0 5 0 0 0 0
Last Time Cost: 00000022 ms
Total Time Cost: 00001090 ms
Total Distance 49: 0 0 0 4 7 0 0 4 0 0 0 0 0 5 0 5 1 0 0 0 0 0 0 4 5 0 0 4 0 0 0 0 0 5 0 5 0 0 0 0
Last Time Cost: 00000022 ms
Total Time Cost: 00001112 ms
Total Distance 48: 0 0 0 4 7 0 0 4 0 0 0 0 0 5 0 5 0 0 0 0 0 0 0 4 5 0 0 4 0 0 0 0 0 5 0 5 0 0 0 0
Last Time Cost: 00000037 ms
Total Time Cost: 00001149 ms
Total Distance 46: 0 0 0 4 7 0 0 3 0 0 0 0 0 5 0 5 0 0 0 0 0 0 0 4 5 0 0 3 0 0 0 0 0 5 0 5 0 0 0 0
Last Time Cost: 00000026 ms
Total Time Cost: 00001175 ms
Total Distance 44: 0 0 0 4 7 0 0 2 0 0 0 0 0 5 0 5 0 0 0 0 0 0 0 4 5 0 0 2 0 0 0 0 0 5 0 5 0 0 0 0
Last Time Cost: 00000026 ms
Total Time Cost: 00001201 ms
Total Distance 43: 0 0 0 4 7 0 0 2 0 0 0 0 0 5 0 5 0 0 0 0 0 0 0 4 5 0 0 1 0 0 0 0 0 5 0 5 0 0 0 0
Last Time Cost: 00000024 ms
Total Time Cost: 00001225 ms
Total Distance 42: 0 0 0 4 7 0 0 2 0 0 0 0 0 5 0 5 0 0 0 0 0 0 0 4 5 0 0 0 0 0 0 0 0 5 0 5 0 0 0 0
Last Time Cost: 00000026 ms
Total Time Cost: 00001251 ms
Total Distance 41: 0 0 0 4 7 0 0 1 0 0 0 0 0 5 0 5 0 0 0 0 0 0 0 4 5 0 0 0 0 0 0 0 0 5 0 5 0 0 0 0
Last Time Cost: 00000026 ms
Total Time Cost: 00001277 ms
Total Distance 40: 0 0 0 4 7 0 0 0 0 0 0 0 0 5 0 5 0 0 0 0 0 0 0 4 5 0 0 0 0 0 0 0 0 5 0 5 0 0 0 0
Last Time Cost: 00000032 ms
Total Time Cost: 00001309 ms
Total Distance 38: 0 0 0 3 7 0 0 0 0 0 0 0 0 5 0 5 0 0 0 0 0 0 0 3 5 0 0 0 0 0 0 0 0 5 0 5 0 0 0 0
Last Time Cost: 00000030 ms
Total Time Cost: 00001339 ms
Total Distance 36: 0 0 0 2 7 0 0 0 0 0 0 0 0 5 0 5 0 0 0 0 0 0 0 2 5 0 0 0 0 0 0 0 0 5 0 5 0 0 0 0
Last Time Cost: 00000029 ms
Total Time Cost: 00001368 ms
Total Distance 34: 0 0 0 1 7 0 0 0 0 0 0 0 0 5 0 5 0 0 0 0 0 0 0 1 5 0 0 0 0 0 0 0 0 5 0 5 0 0 0 0
Last Time Cost: 00000027 ms
Total Time Cost: 00001395 ms
Total Distance 33: 0 0 0 0 7 0 0 0 0 0 0 0 0 5 0 5 0 0 0 0 0 0 0 1 5 0 0 0 0 0 0 0 0 5 0 5 0 0 0 0
Last Time Cost: 00000028 ms
Total Time Cost: 00001423 ms
Total Distance 32: 0 0 0 0 7 0 0 0 0 0 0 0 0 5 0 5 0 0 0 0 0 0 0 0 5 0 0 0 0 0 0 0 0 5 0 5 0 0 0 0
Last Time Cost: 00000225 ms
Total Time Cost: 00001648 ms
Total Distance 29: 0 0 0 0 6 0 0 0 0 0 0 0 0 4 0 5 0 0 0 0 0 0 0 0 4 0 0 0 0 0 0 0 0 5 0 5 0 0 0 0
Last Time Cost: 00000031 ms
Total Time Cost: 00001679 ms
Total Distance 27: 0 0 0 0 6 0 0 0 0 0 0 0 0 3 0 5 0 0 0 0 0 0 0 0 4 0 0 0 0 0 0 0 0 4 0 5 0 0 0 0
Last Time Cost: 00000031 ms
Total Time Cost: 00001710 ms
Total Distance 25: 0 0 0 0 6 0 0 0 0 0 0 0 0 2 0 5 0 0 0 0 0 0 0 0 4 0 0 0 0 0 0 0 0 3 0 5 0 0 0 0
Last Time Cost: 00000031 ms
Total Time Cost: 00001741 ms
Total Distance 23: 0 0 0 0 5 0 0 0 0 0 0 0 0 1 0 5 0 0 0 0 0 0 0 0 4 0 0 0 0 0 0 0 0 3 0 5 0 0 0 0
Last Time Cost: 00000001 ms
Total Time Cost: 00001742 ms
Total Distance 22: 0 0 0 0 5 0 0 0 0 0 0 0 0 0 0 5 0 0 0 0 0 0 0 0 4 0 0 0 0 0 0 0 0 3 0 5 0 0 0 0
Last Time Cost: 00000001 ms
Total Time Cost: 00001743 ms
Total Distance 20: 0 0 0 0 4 0 0 0 0 0 0 0 0 0 0 5 0 0 0 0 0 0 0 0 4 0 0 0 0 0 0 0 0 2 0 5 0 0 0 0
Last Time Cost: 00000002 ms
Total Time Cost: 00001745 ms
Total Distance 17: 0 0 0 0 3 0 0 0 0 0 0 0 0 0 0 5 0 0 0 0 0 0 0 0 3 0 0 0 0 0 0 0 0 1 0 5 0 0 0 0
Last Time Cost: 00000001 ms
Total Time Cost: 00001746 ms
Total Distance 16: 0 0 0 0 3 0 0 0 0 0 0 0 0 0 0 5 0 0 0 0 0 0 0 0 3 0 0 0 0 0 0 0 0 0 0 5 0 0 0 0
Last Time Cost: 00000002 ms
Total Time Cost: 00001748 ms
Total Distance 13: 0 0 0 0 3 0 0 0 0 0 0 0 0 0 0 4 0 0 0 0 0 0 0 0 2 0 0 0 0 0 0 0 0 0 0 4 0 0 0 0
Last Time Cost: 00000001 ms
Total Time Cost: 00001749 ms
Total Distance 11: 0 0 0 0 2 0 0 0 0 0 0 0 0 0 0 4 0 0 0 0 0 0 0 0 1 0 0 0 0 0 0 0 0 0 0 4 0 0 0 0
Last Time Cost: 00000000 ms
Total Time Cost: 00001749 ms
Total Distance 10: 0 0 0 0 2 0 0 0 0 0 0 0 0 0 0 4 0 0 0 0 0 0 0 0 0 0 0 0 0 0 0 0 0 0 0 4 0 0 0 0
Last Time Cost: 00000002 ms
Total Time Cost: 00001751 ms
Total Distance 7: 0 0 0 0 1 0 0 0 0 0 0 0 0 0 0 3 0 0 0 0 0 0 0 0 0 0 0 0 0 0 0 0 0 0 0 3 0 0 0 0
Last Time Cost: 00000000 ms
Total Time Cost: 00001751 ms
Total Distance 6: 0 0 0 0 0 0 0 0 0 0 0 0 0 0 0 3 0 0 0 0 0 0 0 0 0 0 0 0 0 0 0 0 0 0 0 3 0 0 0 0
Last Time Cost: 00000001 ms
Total Time Cost: 00001752 ms
Total Distance 4: 0 0 0 0 0 0 0 0 0 0 0 0 0 0 0 2 0 0 0 0 0 0 0 0 0 0 0 0 0 0 0 0 0 0 0 2 0 0 0 0
Last Time Cost: 00000000 ms
Total Time Cost: 00001752 ms
Total Distance 3: 0 0 0 0 0 0 0 0 0 0 0 0 0 0 0 1 0 0 0 0 0 0 0 0 0 0 0 0 0 0 0 0 0 0 0 2 0 0 0 0
Last Time Cost: 00000000 ms
Total Time Cost: 00001752 ms
Total Distance 2: 0 0 0 0 0 0 0 0 0 0 0 0 0 0 0 0 0 0 0 0 0 0 0 0 0 0 0 0 0 0 0 0 0 0 0 2 0 0 0 0
Last Time Cost: 00000000 ms
Total Time Cost: 00001752 ms
Total Distance 1: 0 0 0 0 0 0 0 0 0 0 0 0 0 0 0 0 0 0 0 0 0 0 0 0 0 0 0 0 0 0 0 0 0 0 0 1 0 0 0 0
Last Time Cost: 00000000 ms
Total Time Cost: 00001752 ms
Total Distance 0: 0 0 0 0 0 0 0 0 0 0 0 0 0 0 0 0 0 0 0 0 0 0 0 0 0 0 0 0 0 0 0 0 0 0 0 0 0 0 0 0
