Last Time Cost: 00000000 ms
Total Time Cost: 00000000 ms
Total Distance 372: 5 5 5 7 8 7 6 7 7 6 5 5 5 5 5 5 5 5 5 7 8 7 6 7 7 6 5 5 5 5 5 5 5 5 5 7 8 7 6 7 7 6 5 5 5 5 5 5 5 5 5 7 8 7 6 7 7 6 5 5 5 5 5 5
Last Time Cost: 00000175 ms
Total Time Cost: 00000175 ms
Total Distance 364: 4 5 5 7 8 7 6 7 7 6 5 5 5 5 5 5 5 5 5 7 7 7 6 6 7 6 5 5 5 5 5 4 4 5 5 7 8 7 6 7 7 6 5 5 5 5 5 5 5 5 5 7 7 7 6 6 7 6 5 5 5 5 5 4
Last Time Cost: 00000038 ms
Total Time Cost: 00000213 ms
Total Distance 358: 4 5 5 7 8 7 6 7 7 6 5 5 5 5 5 5 5 5 5 7 7 7 6 6 7 6 5 5 5 5 4 4 3 5 5 6 8 6 6 7 6 6 5 5 5 5 5 5 5 5 5 7 7 7 6 6 7 6 5 5 5 5 4 4
Last Time Cost: 00000039 ms
Total Time Cost: 00000252 ms
Total Distance 354: 3 5 5 7 8 7 6 7 7 6 5 5 5 5 5 5 5 4 5 7 7 7 6 6 7 6 5 5 5 5 4 4 2 5 5 6 8 6 6 7 6 6 5 5 5 5 5 5 5 4 5 7 7 7 6 6 7 6 5 5 5 5 4 4
Last Time Cost: 00000044 ms
Total Time Cost: 00000296 ms
Total Distance 352: 2 5 5 7 8 7 6 7 7 6 5 5 5 5 5 5 5 4 5 7 7 7 6 6 7 6 5 5 5 5 4 4 1 5 5 6 8 6 6 7 6 6 5 5 5 5 5 5 5 4 5 7 7 7 6 6 7 6 5 5 5 5 4 4
Last Time Cost: 00000042 ms
Total Time Cost: 00000338 ms
Total Distance 351: 2 5 5 7 8 7 6 7 7 6 5 5 5 5 5 5 5 4 5 7 7 7 6 6 7 6 5 5 5 5 4 4 0 5 5 6 8 6 6 7 6 6 5 5 5 5 5 5 5 4 5 7 7 7 6 6 7 6 5 5 5 5 4 4
Last Time Cost: 00000052 ms
Total Time Cost: 00000390 ms
Total Distance 345: 1 5 5 6 8 6 6 7 6 6 5 5 5 5 5 5 5 4 5 7 7 7 6 6 7 6 5 5 5 5 3 4 0 5 5 6 8 6 6 7 6 6 5 5 5 5 5 5 5 4 5 7 7 7 6 6 7 6 5 5 5 5 3 4
Last Time Cost: 00000048 ms
Total Time Cost: 00000438 ms
Total Distance 344: 0 5 5 6 8 6 6 7 6 6 5 5 5 5 5 5 5 4 5 7 7 7 6 6 7 6 5 5 5 5 3 4 0 5 5 6 8 6 6 7 6 6 5 5 5 5 5 5 5 4 5 7 7 7 6 6 7 6 5 5 5 5 3 4
Last Time Cost: 00000053 ms
Total Time Cost: 00000491 ms
Total Distance 341: 0 5 5 6 8 6 6 7 6 6 5 5 4 5 5 5 5 4 5 7 7 7 6 6 7 6 5 5 5 5 2 4 0 5 5 6 8 6 6 7 6 6 5 5 4 5 5 5 5 4 5 7 7 7 6 6 7 6 5 5 5 5 3 4
Last Time Cost: 00000062 ms
Total Time Cost: 00000553 ms
Total Distance 339: 0 5 5 6 8 6 6 7 6 6 5 5 4 5 5 5 5 4 5 7 7 7 6 6 7 6 5 5 5 5 1 4 0 5 5 6 8 6 6 7 6 6 5 5 4 5 5 5 5 4 5 7 7 7 6 6 7 6 5 5 5 5 2 4
Last Time Cost: 00000057 ms
Total Time Cost: 00000610 ms
Total Distance 338: 0 5 5 6 8 6 6 7 6 6 5 5 4 5 5 5 5 4 5 7 7 7 6 6 7 6 5 5 5 5 0 4 0 5 5 6 8 6 6 7 6 6 5 5 4 5 5 5 5 4 5 7 7 7 6 6 7 6 5 5 5 5 2 4
Last Time Cost: 00000060 ms
Total Time Cost: 00000670 ms
Total Distance 335: 0 5 5 6 8 6 6 7 6 6 5 5 3 5 5 5 5 4 5 7 7 7 6 6 7 6 5 5 5 5 0 4 0 5 5 6 8 6 6 7 6 6 5 5 3 5 5 5 5 4 5 7 7 7 6 6 7 6 5 5 5 5 1 4
Last Time Cost: 00000063 ms
Total Time Cost: 00000733 ms
Total Distance 334: 0 5 5 6 8 6 6 7 6 6 5 5 3 5 5 5 5 4 5 7 7 7 6 6 7 6 5 5 5 5 0 4 0 5 5 6 8 6 6 7 6 6 5 5 3 5 5 5 5 4 5 7 7 7 6 6 7 6 5 5 5 5 0 4
Last Time Cost: 00000077 ms
Total Time Cost: 00000810 ms
Total Distance 331: 0 5 5 6 8 6 6 7 6 6 5 5 3 5 5 5 5 4 5 7 7 7 6 6 7 6 4 5 5 5 0 4 0 5 5 6 8 6 6 7 6 6 5 5 2 5 5 5 5 4 5 7 7 7 6 6 7 6 4 5 5 5 0 4
Last Time Cost: 00000070 ms
Total Time Cost: 00000880 ms
Total Distance 329: 0 5 5 6 8 6 6 7 6 6 5 5 2 5 5 5 5 4 5 7 7 7 6 6 7 6 4 5 5 5 0 4 0 5 5 6 8 6 6 7 6 6 5 5 1 5 5 5 5 4 5 7 7 7 6 6 7 6 4 5 5 5 0 4
Last Time Cost: 00000072 ms
Total Time Cost: 00000952 ms
Total Distance 328: 0 5 5 6 8 6 6 7 6 6 5 5 2 5 5 5 5 4 5 7 7 7 6 6 7 6 4 5 5 5 0 4 0 5 5 6 8 6 6 7 6 6 5 5 0 5 5 5 5 4 5 7 7 7 6 6 7 6 4 5 5 5 0 4
Last Time Cost: 00000089 ms
Total Time Cost: 00001041 ms
Total Distance 325: 0 5 5 6 8 6 6 7 6 6 5 5 1 5 5 5 5 4 5 7 7 7 6 6 7 6 3 5 5 5 0 4 0 5 5 6 8 6 6 7 6 6 5 5 0 5 5 5 5 4 5 7 7 7 6 6 7 6 3 5 5 5 0 4
Last Time Cost: 00000082 ms
Total Time Cost: 00001123 ms
Total Distance 324: 0 5 5 6 8 6 6 7 6 6 5 5 0 5 5 5 5 4 5 7 7 7 6 6 7 6 3 5 5 5 0 4 0 5 5 6 8 6 6 7 6 6 5 5 0 5 5 5 5 4 5 7 7 7 6 6 7 6 3 5 5 5 0 4
Last Time Cost: 00000120 ms
Total Time Cost: 00001243 ms
Total Distance 321: 0 5 5 6 8 6 6 7 5 6 5 5 0 5 5 5 5 4 5 7 7 7 6 6 7 6 3 5 5 5 0 4 0 5 5 6 8 6 6 7 5 6 5 5 0 5 5 5 5 4 5 7 7 7 6 6 7 6 2 5 5 5 0 4
Last Time Cost: 00000095 ms
Total Time Cost: 00001338 ms
Total Distance 319: 0 5 5 6 8 6 6 7 5 6 5 5 0 5 5 5 5 4 5 7 7 7 6 6 7 6 2 5 5 5 0 4 0 5 5 6 8 6 6 7 5 6 5 5 0 5 5 5 5 4 5 7 7 7 6 6 7 6 1 5 5 5 0 4
Last Time Cost: 00000099 ms
Total Time Cost: 00001437 ms
Total Distance 318: 0 5 5 6 8 6 6 7 5 6 5 5 0 5 5 5 5 4 5 7 7 7 6 6 7 6 2 5 5 5 0 4 0 5 5 6 8 6 6 7 5 6 5 5 0 5 5 5 5 4 5 7 7 7 6 6 7 6 0 5 5 5 0 4
Last Time Cost: 00000111 ms
Total Time Cost: 00001548 ms
Total Distance 315: 0 5 5 6 8 6 6 7 4 6 5 5 0 5 5 5 5 4 5 7 7 7 6 6 7 6 1 5 5 5 0 4 0 5 5 6 8 6 6 7 4 6 5 5 0 5 5 5 5 4 5 7 7 7 6 6 7 6 0 5 5 5 0 4
Last Time Cost: 00000112 ms
Total Time Cost: 00001660 ms
Total Distance 314: 0 5 5 6 8 6 6 7 4 6 5 5 0 5 5 5 5 4 5 7 7 7 6 6 7 6 0 5 5 5 0 4 0 5 5 6 8 6 6 7 4 6 5 5 0 5 5 5 5 4 5 7 7 7 6 6 7 6 0 5 5 5 0 4
Last Time Cost: 00000123 ms
Total Time Cost: 00001783 ms
Total Distance 310: 0 5 4 6 8 6 6 7 4 6 5 5 0 5 5 5 5 3 5 7 7 7 6 6 7 6 0 5 5 5 0 4 0 5 4 6 8 6 6 7 4 6 5 5 0 5 5 5 5 3 5 7 7 7 6 6 7 6 0 5 5 5 0 4
Last Time Cost: 00000117 ms
Total Time Cost: 00001900 ms
Total Distance 307: 0 5 4 6 8 6 6 7 4 6 5 5 0 5 5 4 5 2 5 7 7 7 6 6 7 6 0 5 5 5 0 4 0 5 4 6 8 6 6 7 4 6 5 5 0 5 5 4 5 3 5 7 7 7 6 6 7 6 0 5 5 5 0 4
Last Time Cost: 00000128 ms
Total Time Cost: 00002028 ms
Total Distance 305: 0 5 4 6 8 6 6 7 4 6 5 5 0 5 5 4 5 1 5 7 7 7 6 6 7 6 0 5 5 5 0 4 0 5 4 6 8 6 6 7 4 6 5 5 0 5 5 4 5 2 5 7 7 7 6 6 7 6 0 5 5 5 0 4
Last Time Cost: 00000128 ms
Total Time Cost: 00002156 ms
Total Distance 304: 0 5 4 6 8 6 6 7 4 6 5 5 0 5 5 4 5 0 5 7 7 7 6 6 7 6 0 5 5 5 0 4 0 5 4 6 8 6 6 7 4 6 5 5 0 5 5 4 5 2 5 7 7 7 6 6 7 6 0 5 5 5 0 4
Last Time Cost: 00000514 ms
Total Time Cost: 00002670 ms
Total Distance 301: 0 5 4 6 8 6 6 7 4 6 5 5 0 5 5 3 5 0 5 7 7 7 6 6 7 6 0 5 5 5 0 4 0 5 4 6 8 6 6 7 4 6 5 5 0 5 5 3 5 1 5 7 7 7 6 6 7 6 0 5 5 5 0 4
Last Time Cost: 00000397 ms
Total Time Cost: 00003067 ms
Total Distance 300: 0 5 4 6 8 6 6 7 4 6 5 5 0 5 5 3 5 0 5 7 7 7 6 6 7 6 0 5 5 5 0 4 0 5 4 6 8 6 6 7 4 6 5 5 0 5 5 3 5 0 5 7 7 7 6 6 7 6 0 5 5 5 0 4
Last Time Cost: 00000318 ms
Total Time Cost: 00003385 ms
Total Distance 297: 0 5 4 6 8 6 6 7 4 6 5 5 0 5 5 2 5 0 5 7 7 7 6 6 7 6 0 5 5 4 0 4 0 5 4 6 8 6 6 7 4 6 5 5 0 5 5 3 5 0 5 7 7 7 6 6 7 6 0 5 5 4 0 4
Last Time Cost: 00000163 ms
Total Time Cost: 00003548 ms
Total Distance 295: 0 5 4 6 8 6 6 7 4 6 5 5 0 5 5 1 5 0 5 7 7 7 6 6 7 6 0 5 5 4 0 4 0 5 4 6 8 6 6 7 4 6 5 5 0 5 5 2 5 0 5 7 7 7 6 6 7 6 0 5 5 4 0 4
Last Time Cost: 00000171 ms
Total Time Cost: 00003719 ms
Total Distance 294: 0 5 4 6 8 6 6 7 4 6 5 5 0 5 5 0 5 0 5 7 7 7 6 6 7 6 0 5 5 4 0 4 0 5 4 6 8 6 6 7 4 6 5 5 0 5 5 2 5 0 5 7 7 7 6 6 7 6 0 5 5 4 0 4
Last Time Cost: 00000177 ms
Total Time Cost: 00003896 ms
Total Distance 291: 0 5 4 6 8 6 6 7 4 6 5 5 0 5 5 0 5 0 5 7 7 7 6 6 7 6 0 5 5 3 0 4 0 5 4 6 8 6 6 7 4 6 5 5 0 5 5 1 5 0 5 7 7 7 6 6 7 6 0 5 5 3 0 4
Last Time Cost: 00000183 ms
Total Time Cost: 00004079 ms
Total Distance 290: 0 5 4 6 8 6 6 7 4 6 5 5 0 5 5 0 5 0 5 7 7 7 6 6 7 6 0 5 5 3 0 4 0 5 4 6 8 6 6 7 4 6 5 5 0 5 5 0 5 0 5 7 7 7 6 6 7 6 0 5 5 3 0 4
Last Time Cost: 00000195 ms
Total Time Cost: 00004274 ms
Total Distance 287: 0 5 4 6 8 6 6 7 4 6 5 4 0 5 5 0 5 0 5 7 7 7 6 6 7 6 0 5 5 2 0 4 0 5 4 6 8 6 6 7 4 6 5 4 0 5 5 0 5 0 5 7 7 7 6 6 7 6 0 5 5 3 0 4
Last Time Cost: 00000203 ms
Total Time Cost: 00004477 ms
Total Distance 285: 0 5 4 6 8 6 6 7 4 6 5 4 0 5 5 0 5 0 5 7 7 7 6 6 7 6 0 5 5 1 0 4 0 5 4 6 8 6 6 7 4 6 5 4 0 5 5 0 5 0 5 7 7 7 6 6 7 6 0 5 5 2 0 4
Last Time Cost: 00000198 ms
Total Time Cost: 00004675 ms
Total Distance 284: 0 5 4 6 8 6 6 7 4 6 5 4 0 5 5 0 5 0 5 7 7 7 6 6 7 6 0 5 5 0 0 4 0 5 4 6 8 6 6 7 4 6 5 4 0 5 5 0 5 0 5 7 7 7 6 6 7 6 0 5 5 2 0 4
Last Time Cost: 00000250 ms
Total Time Cost: 00004925 ms
Total Distance 281: 0 5 4 6 8 6 6 7 4 6 5 3 0 5 5 0 5 0 5 7 7 7 6 6 7 6 0 5 5 0 0 4 0 5 4 6 8 6 6 7 4 6 5 3 0 5 5 0 5 0 5 7 7 7 6 6 7 6 0 5 5 1 0 4
Last Time Cost: 00000237 ms
Total Time Cost: 00005162 ms
Total Distance 280: 0 5 4 6 8 6 6 7 4 6 5 3 0 5 5 0 5 0 5 7 7 7 6 6 7 6 0 5 5 0 0 4 0 5 4 6 8 6 6 7 4 6 5 3 0 5 5 0 5 0 5 7 7 7 6 6 7 6 0 5 5 0 0 4
Last Time Cost: 00000257 ms
Total Time Cost: 00005419 ms
Total Distance 277: 0 5 4 6 8 6 6 7 4 6 5 3 0 5 5 0 5 0 5 7 7 7 6 6 7 5 0 5 5 0 0 4 0 5 4 6 8 6 6 7 4 6 5 2 0 5 5 0 5 0 5 7 7 7 6 6 7 5 0 5 5 0 0 4
Last Time Cost: 00000250 ms
Total Time Cost: 00005669 ms
Total Distance 275: 0 5 4 6 8 6 6 7 4 6 5 2 0 5 5 0 5 0 5 7 7 7 6 6 7 5 0 5 5 0 0 4 0 5 4 6 8 6 6 7 4 6 5 1 0 5 5 0 5 0 5 7 7 7 6 6 7 5 0 5 5 0 0 4
Last Time Cost: 00000248 ms
Total Time Cost: 00005917 ms
Total Distance 274: 0 5 4 6 8 6 6 7 4 6 5 2 0 5 5 0 5 0 5 7 7 7 6 6 7 5 0 5 5 0 0 4 0 5 4 6 8 6 6 7 4 6 5 0 0 5 5 0 5 0 5 7 7 7 6 6 7 5 0 5 5 0 0 4
Last Time Cost: 00000665 ms
Total Time Cost: 00006582 ms
Total Distance 271: 0 5 4 6 8 6 6 7 4 6 5 1 0 5 5 0 5 0 5 7 7 7 6 6 7 4 0 5 5 0 0 4 0 5 4 6 8 6 6 7 4 6 5 0 0 5 5 0 5 0 5 7 7 7 6 6 7 4 0 5 5 0 0 4
Last Time Cost: 00000418 ms
Total Time Cost: 00007000 ms
Total Distance 270: 0 5 4 6 8 6 6 7 4 6 5 0 0 5 5 0 5 0 5 7 7 7 6 6 7 4 0 5 5 0 0 4 0 5 4 6 8 6 6 7 4 6 5 0 0 5 5 0 5 0 5 7 7 7 6 6 7 4 0 5 5 0 0 4
Last Time Cost: 00000328 ms
Total Time Cost: 00007328 ms
Total Distance 266: 0 5 4 6 8 6 6 7 4 6 5 0 0 5 4 0 5 0 5 7 7 7 6 6 7 4 0 5 5 0 0 3 0 5 4 6 8 6 6 7 4 6 5 0 0 5 4 0 5 0 5 7 7 7 6 6 7 4 0 5 5 0 0 3
Last Time Cost: 00000302 ms
Total Time Cost: 00007630 ms
Total Distance 263: 0 5 4 6 8 6 6 7 4 6 5 0 0 4 4 0 5 0 5 7 7 7 6 6 7 4 0 5 5 0 0 2 0 5 4 6 8 6 6 7 4 6 5 0 0 4 4 0 5 0 5 7 7 7 6 6 7 4 0 5 5 0 0 3
Last Time Cost: 00000324 ms
Total Time Cost: 00007954 ms
Total Distance 261: 0 5 4 6 8 6 6 7 4 6 5 0 0 4 4 0 5 0 5 7 7 7 6 6 7 4 0 5 5 0 0 1 0 5 4 6 8 6 6 7 4 6 5 0 0 4 4 0 5 0 5 7 7 7 6 6 7 4 0 5 5 0 0 2
Last Time Cost: 00000326 ms
Total Time Cost: 00008280 ms
Total Distance 260: 0 5 4 6 8 6 6 7 4 6 5 0 0 4 4 0 5 0 5 7 7 7 6 6 7 4 0 5 5 0 0 0 0 5 4 6 8 6 6 7 4 6 5 0 0 4 4 0 5 0 5 7 7 7 6 6 7 4 0 5 5 0 0 2
Last Time Cost: 00000333 ms
Total Time Cost: 00008613 ms
Total Distance 257: 0 5 4 6 8 6 6 7 4 6 5 0 0 3 4 0 5 0 5 7 7 7 6 6 7 4 0 5 5 0 0 0 0 5 4 6 8 6 6 7 4 6 5 0 0 3 4 0 5 0 5 7 7 7 6 6 7 4 0 5 5 0 0 1
Last Time Cost: 00000557 ms
Total Time Cost: 00009170 ms
Total Distance 256: 0 5 4 6 8 6 6 7 4 6 5 0 0 3 4 0 5 0 5 7 7 7 6 6 7 4 0 5 5 0 0 0 0 5 4 6 8 6 6 7 4 6 5 0 0 3 4 0 5 0 5 7 7 7 6 6 7 4 0 5 5 0 0 0
Last Time Cost: 00000646 ms
Total Time Cost: 00009816 ms
Total Distance 253: 0 5 4 6 8 6 6 7 4 6 5 0 0 3 4 0 5 0 5 7 7 7 6 6 7 4 0 4 5 0 0 0 0 5 4 6 8 6 6 7 4 6 5 0 0 2 4 0 5 0 5 7 7 7 6 6 7 4 0 4 5 0 0 0
Last Time Cost: 00000371 ms
Total Time Cost: 00010187 ms
Total Distance 251: 0 5 4 6 8 6 6 7 4 6 5 0 0 2 4 0 5 0 5 7 7 7 6 6 7 4 0 4 5 0 0 0 0 5 4 6 8 6 6 7 4 6 5 0 0 1 4 0 5 0 5 7 7 7 6 6 7 4 0 4 5 0 0 0
Last Time Cost: 00000384 ms
Total Time Cost: 00010571 ms
Total Distance 250: 0 5 4 6 8 6 6 7 4 6 5 0 0 2 4 0 5 0 5 7 7 7 6 6 7 4 0 4 5 0 0 0 0 5 4 6 8 6 6 7 4 6 5 0 0 0 4 0 5 0 5 7 7 7 6 6 7 4 0 4 5 0 0 0
Last Time Cost: 00000406 ms
Total Time Cost: 00010977 ms
Total Distance 247: 0 5 4 6 8 6 6 7 4 6 5 0 0 1 4 0 5 0 5 7 7 7 6 6 7 4 0 3 5 0 0 0 0 5 4 6 8 6 6 7 4 6 5 0 0 0 4 0 5 0 5 7 7 7 6 6 7 4 0 3 5 0 0 0
Last Time Cost: 00000410 ms
Total Time Cost: 00011387 ms
Total Distance 246: 0 5 4 6 8 6 6 7 4 6 5 0 0 0 4 0 5 0 5 7 7 7 6 6 7 4 0 3 5 0 0 0 0 5 4 6 8 6 6 7 4 6 5 0 0 0 4 0 5 0 5 7 7 7 6 6 7 4 0 3 5 0 0 0
Last Time Cost: 00000815 ms
Total Time Cost: 00012202 ms
Total Distance 243: 0 5 4 6 8 6 6 7 4 5 5 0 0 0 4 0 5 0 5 7 7 7 6 6 7 4 0 2 5 0 0 0 0 5 4 6 8 6 6 7 4 5 5 0 0 0 4 0 5 0 5 7 7 7 6 6 7 4 0 3 5 0 0 0
Last Time Cost: 00000469 ms
Total Time Cost: 00012671 ms
Total Distance 241: 0 5 4 6 8 6 6 7 4 5 5 0 0 0 4 0 5 0 5 7 7 7 6 6 7 4 0 1 5 0 0 0 0 5 4 6 8 6 6 7 4 5 5 0 0 0 4 0 5 0 5 7 7 7 6 6 7 4 0 2 5 0 0 0
Last Time Cost: 00000465 ms
Total Time Cost: 00013136 ms
Total Distance 240: 0 5 4 6 8 6 6 7 4 5 5 0 0 0 4 0 5 0 5 7 7 7 6 6 7 4 0 0 5 0 0 0 0 5 4 6 8 6 6 7 4 5 5 0 0 0 4 0 5 0 5 7 7 7 6 6 7 4 0 2 5 0 0 0
Last Time Cost: 00000492 ms
Total Time Cost: 00013628 ms
Total Distance 237: 0 5 4 6 8 6 6 7 4 4 5 0 0 0 4 0 5 0 5 7 7 7 6 6 7 4 0 0 5 0 0 0 0 5 4 6 8 6 6 7 4 4 5 0 0 0 4 0 5 0 5 7 7 7 6 6 7 4 0 1 5 0 0 0
Last Time Cost: 00000500 ms
Total Time Cost: 00014128 ms
Total Distance 236: 0 5 4 6 8 6 6 7 4 4 5 0 0 0 4 0 5 0 5 7 7 7 6 6 7 4 0 0 5 0 0 0 0 5 4 6 8 6 6 7 4 4 5 0 0 0 4 0 5 0 5 7 7 7 6 6 7 4 0 0 5 0 0 0
Last Time Cost: 00000996 ms
Total Time Cost: 00015124 ms
Total Distance 232: 0 5 3 6 8 6 6 7 4 4 5 0 0 0 4 0 5 0 5 6 7 7 6 6 7 4 0 0 5 0 0 0 0 5 3 6 8 6 6 7 4 4 5 0 0 0 4 0 5 0 5 6 7 7 6 6 7 4 0 0 5 0 0 0
Last Time Cost: 00000589 ms
Total Time Cost: 00015713 ms
Total Distance 229: 0 5 3 6 8 6 6 7 4 4 5 0 0 0 4 0 4 0 5 6 7 7 6 6 7 4 0 0 5 0 0 0 0 5 2 6 8 6 6 7 4 4 5 0 0 0 4 0 4 0 5 6 7 7 6 6 7 4 0 0 5 0 0 0
Last Time Cost: 00000593 ms
Total Time Cost: 00016306 ms
Total Distance 227: 0 5 2 6 8 6 6 7 4 4 5 0 0 0 4 0 4 0 5 6 7 7 6 6 7 4 0 0 5 0 0 0 0 5 1 6 8 6 6 7 4 4 5 0 0 0 4 0 4 0 5 6 7 7 6 6 7 4 0 0 5 0 0 0
Last Time Cost: 00000563 ms
Total Time Cost: 00016869 ms
Total Distance 226: 0 5 2 6 8 6 6 7 4 4 5 0 0 0 4 0 4 0 5 6 7 7 6 6 7 4 0 0 5 0 0 0 0 5 0 6 8 6 6 7 4 4 5 0 0 0 4 0 4 0 5 6 7 7 6 6 7 4 0 0 5 0 0 0
Last Time Cost: 00000992 ms
Total Time Cost: 00017861 ms
Total Distance 223: 0 5 1 6 8 6 6 7 4 4 5 0 0 0 4 0 3 0 5 6 7 7 6 6 7 4 0 0 5 0 0 0 0 5 0 6 8 6 6 7 4 4 5 0 0 0 4 0 3 0 5 6 7 7 6 6 7 4 0 0 5 0 0 0
Last Time Cost: 00000654 ms
Total Time Cost: 00018515 ms
Total Distance 222: 0 5 0 6 8 6 6 7 4 4 5 0 0 0 4 0 3 0 5 6 7 7 6 6 7 4 0 0 5 0 0 0 0 5 0 6 8 6 6 7 4 4 5 0 0 0 4 0 3 0 5 6 7 7 6 6 7 4 0 0 5 0 0 0
Last Time Cost: 00000635 ms
Total Time Cost: 00019150 ms
Total Distance 218: 0 5 0 6 8 6 6 7 4 4 5 0 0 0 4 0 3 0 5 6 7 7 6 6 7 4 0 0 5 0 0 0 0 5 0 6 8 6 6 7 4 4 5 0 0 0 4 0 2 0 5 5 7 6 6 6 6 4 0 0 5 0 0 0
Last Time Cost: 00000657 ms
Total Time Cost: 00019807 ms
Total Distance 216: 0 5 0 6 8 6 6 7 4 4 5 0 0 0 4 0 2 0 5 6 7 7 6 6 7 4 0 0 5 0 0 0 0 5 0 6 8 6 6 7 4 4 5 0 0 0 4 0 1 0 5 5 7 6 6 6 6 4 0 0 5 0 0 0
Last Time Cost: 00000854 ms
Total Time Cost: 00020661 ms
Total Distance 215: 0 5 0 6 8 6 6 7 4 4 5 0 0 0 4 0 2 0 5 6 7 7 6 6 7 4 0 0 5 0 0 0 0 5 0 6 8 6 6 7 4 4 5 0 0 0 4 0 0 0 5 5 7 6 6 6 6 4 0 0 5 0 0 0
Last Time Cost: 00000743 ms
Total Time Cost: 00021404 ms
Total Distance 209: 0 5 0 6 8 6 6 7 4 4 5 0 0 0 3 0 1 0 5 5 7 6 6 6 6 4 0 0 5 0 0 0 0 5 0 6 8 6 6 7 4 4 5 0 0 0 3 0 0 0 5 5 7 6 6 6 6 4 0 0 5 0 0 0
Last Time Cost: 00000719 ms
Total Time Cost: 00022123 ms
Total Distance 208: 0 5 0 6 8 6 6 7 4 4 5 0 0 0 3 0 0 0 5 5 7 6 6 6 6 4 0 0 5 0 0 0 0 5 0 6 8 6 6 7 4 4 5 0 0 0 3 0 0 0 5 5 7 6 6 6 6 4 0 0 5 0 0 0
Last Time Cost: 00000765 ms
Total Time Cost: 00022888 ms
Total Distance 205: 0 5 0 6 8 6 6 7 4 4 5 0 0 0 3 0 0 0 5 5 7 6 6 6 6 4 0 0 4 0 0 0 0 5 0 6 8 6 6 7 4 4 5 0 0 0 2 0 0 0 5 5 7 6 6 6 6 4 0 0 4 0 0 0
Last Time Cost: 00001121 ms
Total Time Cost: 00024009 ms
Total Distance 203: 0 5 0 6 8 6 6 7 4 4 5 0 0 0 2 0 0 0 5 5 7 6 6 6 6 4 0 0 4 0 0 0 0 5 0 6 8 6 6 7 4 4 5 0 0 0 1 0 0 0 5 5 7 6 6 6 6 4 0 0 4 0 0 0
Last Time Cost: 00000792 ms
Total Time Cost: 00024801 ms
Total Distance 202: 0 5 0 6 8 6 6 7 4 4 5 0 0 0 2 0 0 0 5 5 7 6 6 6 6 4 0 0 4 0 0 0 0 5 0 6 8 6 6 7 4 4 5 0 0 0 0 0 0 0 5 5 7 6 6 6 6 4 0 0 4 0 0 0
Last Time Cost: 00000833 ms
Total Time Cost: 00025634 ms
Total Distance 199: 0 5 0 6 8 6 6 7 4 4 5 0 0 0 1 0 0 0 5 5 7 6 6 6 6 4 0 0 3 0 0 0 0 5 0 6 8 6 6 7 4 4 5 0 0 0 0 0 0 0 5 5 7 6 6 6 6 4 0 0 3 0 0 0
Last Time Cost: 00000998 ms
Total Time Cost: 00026632 ms
Total Distance 198: 0 5 0 6 8 6 6 7 4 4 5 0 0 0 0 0 0 0 5 5 7 6 6 6 6 4 0 0 3 0 0 0 0 5 0 6 8 6 6 7 4 4 5 0 0 0 0 0 0 0 5 5 7 6 6 6 6 4 0 0 3 0 0 0
Last Time Cost: 00000905 ms
Total Time Cost: 00027537 ms
Total Distance 195: 0 5 0 6 8 6 6 7 4 4 4 0 0 0 0 0 0 0 5 5 7 6 6 6 6 4 0 0 2 0 0 0 0 5 0 6 8 6 6 7 4 4 4 0 0 0 0 0 0 0 5 5 7 6 6 6 6 4 0 0 3 0 0 0
Last Time Cost: 00000893 ms
Total Time Cost: 00028430 ms
Total Distance 193: 0 5 0 6 8 6 6 7 4 4 4 0 0 0 0 0 0 0 5 5 7 6 6 6 6 4 0 0 1 0 0 0 0 5 0 6 8 6 6 7 4 4 4 0 0 0 0 0 0 0 5 5 7 6 6 6 6 4 0 0 2 0 0 0
Last Time Cost: 00000911 ms
Total Time Cost: 00029341 ms
Total Distance 192: 0 5 0 6 8 6 6 7 4 4 4 0 0 0 0 0 0 0 5 5 7 6 6 6 6 4 0 0 0 0 0 0 0 5 0 6 8 6 6 7 4 4 4 0 0 0 0 0 0 0 5 5 7 6 6 6 6 4 0 0 2 0 0 0
Last Time Cost: 00001075 ms
Total Time Cost: 00030416 ms
Total Distance 189: 0 5 0 6 8 6 6 7 4 4 3 0 0 0 0 0 0 0 5 5 7 6 6 6 6 4 0 0 0 0 0 0 0 5 0 6 8 6 6 7 4 4 3 0 0 0 0 0 0 0 5 5 7 6 6 6 6 4 0 0 1 0 0 0
Last Time Cost: 00000976 ms
Total Time Cost: 00031392 ms
Total Distance 188: 0 5 0 6 8 6 6 7 4 4 3 0 0 0 0 0 0 0 5 5 7 6 6 6 6 4 0 0 0 0 0 0 0 5 0 6 8 6 6 7 4 4 3 0 0 0 0 0 0 0 5 5 7 6 6 6 6 4 0 0 0 0 0 0
Last Time Cost: 00001013 ms
Total Time Cost: 00032405 ms
Total Distance 185: 0 5 0 6 8 6 6 7 4 4 3 0 0 0 0 0 0 0 5 5 7 6 6 6 5 4 0 0 0 0 0 0 0 5 0 6 8 6 6 7 4 4 2 0 0 0 0 0 0 0 5 5 7 6 6 6 5 4 0 0 0 0 0 0
Last Time Cost: 00001055 ms
Total Time Cost: 00033460 ms
Total Distance 183: 0 5 0 6 8 6 6 7 4 4 2 0 0 0 0 0 0 0 5 5 7 6 6 6 5 4 0 0 0 0 0 0 0 5 0 6 8 6 6 7 4 4 1 0 0 0 0 0 0 0 5 5 7 6 6 6 5 4 0 0 0 0 0 0
Last Time Cost: 00001055 ms
Total Time Cost: 00034515 ms
Total Distance 182: 0 5 0 6 8 6 6 7 4 4 2 0 0 0 0 0 0 0 5 5 7 6 6 6 5 4 0 0 0 0 0 0 0 5 0 6 8 6 6 7 4 4 0 0 0 0 0 0 0 0 5 5 7 6 6 6 5 4 0 0 0 0 0 0
Last Time Cost: 00001447 ms
Total Time Cost: 00035962 ms
Total Distance 179: 0 5 0 6 8 6 6 7 4 4 1 0 0 0 0 0 0 0 5 5 7 6 6 6 4 4 0 0 0 0 0 0 0 5 0 6 8 6 6 7 4 4 0 0 0 0 0 0 0 0 5 5 7 6 6 6 4 4 0 0 0 0 0 0
Last Time Cost: 00001282 ms
Total Time Cost: 00037244 ms
Total Distance 178: 0 5 0 6 8 6 6 7 4 4 0 0 0 0 0 0 0 0 5 5 7 6 6 6 4 4 0 0 0 0 0 0 0 5 0 6 8 6 6 7 4 4 0 0 0 0 0 0 0 0 5 5 7 6 6 6 4 4 0 0 0 0 0 0
Last Time Cost: 00001638 ms
Total Time Cost: 00038882 ms
Total Distance 175: 0 5 0 6 8 6 6 7 3 4 0 0 0 0 0 0 0 0 5 5 7 6 5 6 4 4 0 0 0 0 0 0 0 5 0 6 8 6 6 7 4 4 0 0 0 0 0 0 0 0 5 5 7 6 5 6 4 4 0 0 0 0 0 0
Last Time Cost: 00001636 ms
Total Time Cost: 00040518 ms
Total Distance 173: 0 5 0 6 8 6 6 7 2 4 0 0 0 0 0 0 0 0 5 5 7 6 5 6 4 4 0 0 0 0 0 0 0 5 0 6 8 6 6 7 3 4 0 0 0 0 0 0 0 0 5 5 7 6 5 6 4 4 0 0 0 0 0 0
Last Time Cost: 00001610 ms
Total Time Cost: 00042128 ms
Total Distance 172: 0 5 0 6 8 6 6 7 1 4 0 0 0 0 0 0 0 0 5 5 7 6 5 6 4 4 0 0 0 0 0 0 0 5 0 6 8 6 6 7 3 4 0 0 0 0 0 0 0 0 5 5 7 6 5 6 4 4 0 0 0 0 0 0
Last Time Cost: 00001450 ms
Total Time Cost: 00043578 ms
Total Distance 171: 0 5 0 6 8 6 6 7 0 4 0 0 0 0 0 0 0 0 5 5 7 6 5 6 4 4 0 0 0 0 0 0 0 5 0 6 8 6 6 7 3 4 0 0 0 0 0 0 0 0 5 5 7 6 5 6 4 4 0 0 0 0 0 0
Last Time Cost: 00001723 ms
Total Time Cost: 00045301 ms
Total Distance 168: 0 5 0 6 8 6 6 7 0 4 0 0 0 0 0 0 0 0 5 5 7 6 4 6 4 4 0 0 0 0 0 0 0 5 0 6 8 6 6 7 2 4 0 0 0 0 0 0 0 0 5 5 7 6 4 6 4 4 0 0 0 0 0 0
Last Time Cost: 00001762 ms
Total Time Cost: 00047063 ms
Total Distance 167: 0 5 0 6 8 6 6 7 0 4 0 0 0 0 0 0 0 0 5 5 7 6 4 6 4 4 0 0 0 0 0 0 0 5 0 6 8 6 6 7 1 4 0 0 0 0 0 0 0 0 5 5 7 6 4 6 4 4 0 0 0 0 0 0
Last Time Cost: 00001554 ms
Total Time Cost: 00048617 ms
Total Distance 166: 0 5 0 6 8 6 6 7 0 4 0 0 0 0 0 0 0 0 5 5 7 6 4 6 4 4 0 0 0 0 0 0 0 5 0 6 8 6 6 7 0 4 0 0 0 0 0 0 0 0 5 5 7 6 4 6 4 4 0 0 0 0 0 0
Last Time Cost: 00001923 ms
Total Time Cost: 00050540 ms
Total Distance 163: 0 5 0 6 8 6 6 7 0 3 0 0 0 0 0 0 0 0 5 5 7 6 4 5 4 4 0 0 0 0 0 0 0 5 0 6 8 6 6 7 0 4 0 0 0 0 0 0 0 0 5 5 7 6 4 5 4 4 0 0 0 0 0 0
Last Time Cost: 00001836 ms
Total Time Cost: 00052376 ms
Total Distance 161: 0 5 0 6 8 6 6 7 0 2 0 0 0 0 0 0 0 0 5 5 7 6 4 5 4 4 0 0 0 0 0 0 0 5 0 6 8 6 6 7 0 3 0 0 0 0 0 0 0 0 5 5 7 6 4 5 4 4 0 0 0 0 0 0
Last Time Cost: 00001893 ms
Total Time Cost: 00054269 ms
Total Distance 160: 0 5 0 6 8 6 6 7 0 1 0 0 0 0 0 0 0 0 5 5 7 6 4 5 4 4 0 0 0 0 0 0 0 5 0 6 8 6 6 7 0 3 0 0 0 0 0 0 0 0 5 5 7 6 4 5 4 4 0 0 0 0 0 0
Last Time Cost: 00001704 ms
Total Time Cost: 00055973 ms
Total Distance 159: 0 5 0 6 8 6 6 7 0 0 0 0 0 0 0 0 0 0 5 5 7 6 4 5 4 4 0 0 0 0 0 0 0 5 0 6 8 6 6 7 0 3 0 0 0 0 0 0 0 0 5 5 7 6 4 5 4 4 0 0 0 0 0 0
Last Time Cost: 00001993 ms
Total Time Cost: 00057966 ms
Total Distance 156: 0 5 0 6 8 6 6 7 0 0 0 0 0 0 0 0 0 0 5 5 7 6 4 4 4 4 0 0 0 0 0 0 0 5 0 6 8 6 6 7 0 2 0 0 0 0 0 0 0 0 5 5 7 6 4 4 4 4 0 0 0 0 0 0
Last Time Cost: 00002001 ms
Total Time Cost: 00059967 ms
Total Distance 155: 0 5 0 6 8 6 6 7 0 0 0 0 0 0 0 0 0 0 5 5 7 6 4 4 4 4 0 0 0 0 0 0 0 5 0 6 8 6 6 7 0 1 0 0 0 0 0 0 0 0 5 5 7 6 4 4 4 4 0 0 0 0 0 0
Last Time Cost: 00001846 ms
Total Time Cost: 00061813 ms
Total Distance 154: 0 5 0 6 8 6 6 7 0 0 0 0 0 0 0 0 0 0 5 5 7 6 4 4 4 4 0 0 0 0 0 0 0 5 0 6 8 6 6 7 0 0 0 0 0 0 0 0 0 0 5 5 7 6 4 4 4 4 0 0 0 0 0 0
Last Time Cost: 00002218 ms
Total Time Cost: 00064031 ms
Total Distance 151: 0 5 0 6 8 6 5 7 0 0 0 0 0 0 0 0 0 0 5 5 7 6 4 4 4 4 0 0 0 0 0 0 0 5 0 6 8 6 5 7 0 0 0 0 0 0 0 0 0 0 5 5 7 6 4 4 3 4 0 0 0 0 0 0
Last Time Cost: 00002157 ms
Total Time Cost: 00066188 ms
Total Distance 149: 0 5 0 6 8 6 5 7 0 0 0 0 0 0 0 0 0 0 5 5 7 6 4 4 3 4 0 0 0 0 0 0 0 5 0 6 8 6 5 7 0 0 0 0 0 0 0 0 0 0 5 5 7 6 4 4 2 4 0 0 0 0 0 0
Last Time Cost: 00002196 ms
Total Time Cost: 00068384 ms
Total Distance 148: 0 5 0 6 8 6 5 7 0 0 0 0 0 0 0 0 0 0 5 5 7 6 4 4 3 4 0 0 0 0 0 0 0 5 0 6 8 6 5 7 0 0 0 0 0 0 0 0 0 0 5 5 7 6 4 4 1 4 0 0 0 0 0 0
Last Time Cost: 00002006 ms
Total Time Cost: 00070390 ms
Total Distance 147: 0 5 0 6 8 6 5 7 0 0 0 0 0 0 0 0 0 0 5 5 7 6 4 4 3 4 0 0 0 0 0 0 0 5 0 6 8 6 5 7 0 0 0 0 0 0 0 0 0 0 5 5 7 6 4 4 0 4 0 0 0 0 0 0
Last Time Cost: 00002278 ms
Total Time Cost: 00072668 ms
Total Distance 144: 0 5 0 6 8 6 4 7 0 0 0 0 0 0 0 0 0 0 5 5 7 6 4 4 2 4 0 0 0 0 0 0 0 5 0 6 8 6 4 7 0 0 0 0 0 0 0 0 0 0 5 5 7 6 4 4 0 4 0 0 0 0 0 0
Last Time Cost: 00002318 ms
Total Time Cost: 00074986 ms
Total Distance 143: 0 5 0 6 8 6 4 7 0 0 0 0 0 0 0 0 0 0 5 5 7 6 4 4 1 4 0 0 0 0 0 0 0 5 0 6 8 6 4 7 0 0 0 0 0 0 0 0 0 0 5 5 7 6 4 4 0 4 0 0 0 0 0 0
Last Time Cost: 00002156 ms
Total Time Cost: 00077142 ms
Total Distance 142: 0 5 0 6 8 6 4 7 0 0 0 0 0 0 0 0 0 0 5 5 7 6 4 4 0 4 0 0 0 0 0 0 0 5 0 6 8 6 4 7 0 0 0 0 0 0 0 0 0 0 5 5 7 6 4 4 0 4 0 0 0 0 0 0
Last Time Cost: 00002576 ms
Total Time Cost: 00079718 ms
Total Distance 139: 0 5 0 6 8 5 4 7 0 0 0 0 0 0 0 0 0 0 5 5 7 6 4 3 0 4 0 0 0 0 0 0 0 5 0 6 8 5 4 7 0 0 0 0 0 0 0 0 0 0 5 5 7 6 4 4 0 4 0 0 0 0 0 0
Last Time Cost: 00002501 ms
Total Time Cost: 00082219 ms
Total Distance 137: 0 5 0 6 8 5 4 7 0 0 0 0 0 0 0 0 0 0 5 5 7 6 4 2 0 4 0 0 0 0 0 0 0 5 0 6 8 5 4 7 0 0 0 0 0 0 0 0 0 0 5 5 7 6 4 3 0 4 0 0 0 0 0 0
Last Time Cost: 00002504 ms
Total Time Cost: 00084723 ms
Total Distance 135: 0 5 0 6 8 5 4 7 0 0 0 0 0 0 0 0 0 0 5 5 7 6 4 1 0 4 0 0 0 0 0 0 0 5 0 6 8 5 4 7 0 0 0 0 0 0 0 0 0 0 5 5 7 6 4 2 0 4 0 0 0 0 0 0
Last Time Cost: 00002331 ms
Total Time Cost: 00087054 ms
Total Distance 134: 0 5 0 6 8 5 4 7 0 0 0 0 0 0 0 0 0 0 5 5 7 6 4 0 0 4 0 0 0 0 0 0 0 5 0 6 8 5 4 7 0 0 0 0 0 0 0 0 0 0 5 5 7 6 4 2 0 4 0 0 0 0 0 0
Last Time Cost: 00002614 ms
Total Time Cost: 00089668 ms
Total Distance 131: 0 5 0 6 8 4 4 7 0 0 0 0 0 0 0 0 0 0 5 5 7 6 4 0 0 4 0 0 0 0 0 0 0 5 0 6 8 4 4 7 0 0 0 0 0 0 0 0 0 0 5 5 7 6 4 1 0 4 0 0 0 0 0 0
Last Time Cost: 00002448 ms
Total Time Cost: 00092116 ms
Total Distance 130: 0 5 0 6 8 4 4 7 0 0 0 0 0 0 0 0 0 0 5 5 7 6 4 0 0 4 0 0 0 0 0 0 0 5 0 6 8 4 4 7 0 0 0 0 0 0 0 0 0 0 5 5 7 6 4 0 0 4 0 0 0 0 0 0
Last Time Cost: 00002876 ms
Total Time Cost: 00094992 ms
Total Distance 127: 0 5 0 6 8 4 4 7 0 0 0 0 0 0 0 0 0 0 5 5 6 6 4 0 0 4 0 0 0 0 0 0 0 5 0 6 8 4 3 7 0 0 0 0 0 0 0 0 0 0 5 5 6 6 4 0 0 4 0 0 0 0 0 0
Last Time Cost: 00002892 ms
Total Time Cost: 00097884 ms
Total Distance 125: 0 5 0 6 8 4 3 7 0 0 0 0 0 0 0 0 0 0 5 5 6 6 4 0 0 4 0 0 0 0 0 0 0 5 0 6 8 4 2 7 0 0 0 0 0 0 0 0 0 0 5 5 6 6 4 0 0 4 0 0 0 0 0 0
Last Time Cost: 00002874 ms
Total Time Cost: 00100758 ms
Total Distance 124: 0 5 0 6 8 4 3 7 0 0 0 0 0 0 0 0 0 0 5 5 6 6 4 0 0 4 0 0 0 0 0 0 0 5 0 6 8 4 1 7 0 0 0 0 0 0 0 0 0 0 5 5 6 6 4 0 0 4 0 0 0 0 0 0
Last Time Cost: 00002691 ms
Total Time Cost: 00103449 ms
Total Distance 123: 0 5 0 6 8 4 3 7 0 0 0 0 0 0 0 0 0 0 5 5 6 6 4 0 0 4 0 0 0 0 0 0 0 5 0 6 8 4 0 7 0 0 0 0 0 0 0 0 0 0 5 5 6 6 4 0 0 4 0 0 0 0 0 0
Last Time Cost: 00002972 ms
Total Time Cost: 00106421 ms
Total Distance 120: 0 5 0 6 8 4 2 7 0 0 0 0 0 0 0 0 0 0 5 5 5 6 4 0 0 4 0 0 0 0 0 0 0 5 0 6 8 4 0 7 0 0 0 0 0 0 0 0 0 0 5 5 5 6 4 0 0 4 0 0 0 0 0 0
Last Time Cost: 00003019 ms
Total Time Cost: 00109440 ms
Total Distance 119: 0 5 0 6 8 4 1 7 0 0 0 0 0 0 0 0 0 0 5 5 5 6 4 0 0 4 0 0 0 0 0 0 0 5 0 6 8 4 0 7 0 0 0 0 0 0 0 0 0 0 5 5 5 6 4 0 0 4 0 0 0 0 0 0
Last Time Cost: 00002748 ms
Total Time Cost: 00112188 ms
Total Distance 118: 0 5 0 6 8 4 0 7 0 0 0 0 0 0 0 0 0 0 5 5 5 6 4 0 0 4 0 0 0 0 0 0 0 5 0 6 8 4 0 7 0 0 0 0 0 0 0 0 0 0 5 5 5 6 4 0 0 4 0 0 0 0 0 0
Last Time Cost: 00002807 ms
Total Time Cost: 00114995 ms
Total Distance 115: 0 5 0 6 8 4 0 6 0 0 0 0 0 0 0 0 0 0 5 5 5 6 4 0 0 4 0 0 0 0 0 0 0 5 0 6 8 4 0 6 0 0 0 0 0 0 0 0 0 0 5 5 5 6 4 0 0 3 0 0 0 0 0 0
Last Time Cost: 00002825 ms
Total Time Cost: 00117820 ms
Total Distance 113: 0 5 0 6 8 4 0 6 0 0 0 0 0 0 0 0 0 0 5 5 5 6 4 0 0 3 0 0 0 0 0 0 0 5 0 6 8 4 0 6 0 0 0 0 0 0 0 0 0 0 5 5 5 6 4 0 0 2 0 0 0 0 0 0
Last Time Cost: 00003017 ms
Total Time Cost: 00120837 ms
Total Distance 112: 0 5 0 6 8 4 0 6 0 0 0 0 0 0 0 0 0 0 5 5 5 6 4 0 0 3 0 0 0 0 0 0 0 5 0 6 8 4 0 6 0 0 0 0 0 0 0 0 0 0 5 5 5 6 4 0 0 1 0 0 0 0 0 0
Last Time Cost: 00002890 ms
Total Time Cost: 00123727 ms
Total Distance 111: 0 5 0 6 8 4 0 6 0 0 0 0 0 0 0 0 0 0 5 5 5 6 4 0 0 3 0 0 0 0 0 0 0 5 0 6 8 4 0 6 0 0 0 0 0 0 0 0 0 0 5 5 5 6 4 0 0 0 0 0 0 0 0 0
Last Time Cost: 00002992 ms
Total Time Cost: 00126719 ms
Total Distance 108: 0 5 0 6 8 4 0 5 0 0 0 0 0 0 0 0 0 0 5 5 5 6 4 0 0 2 0 0 0 0 0 0 0 5 0 6 8 4 0 5 0 0 0 0 0 0 0 0 0 0 5 5 5 6 4 0 0 0 0 0 0 0 0 0
Last Time Cost: 00003042 ms
Total Time Cost: 00129761 ms
Total Distance 107: 0 5 0 6 8 4 0 5 0 0 0 0 0 0 0 0 0 0 5 5 5 6 4 0 0 1 0 0 0 0 0 0 0 5 0 6 8 4 0 5 0 0 0 0 0 0 0 0 0 0 5 5 5 6 4 0 0 0 0 0 0 0 0 0
Last Time Cost: 00003087 ms
Total Time Cost: 00132848 ms
Total Distance 104: 0 5 0 6 8 4 0 4 0 0 0 0 0 0 0 0 0 0 5 5 5 6 4 0 0 0 0 0 0 0 0 0 0 5 0 6 8 4 0 4 0 0 0 0 0 0 0 0 0 0 5 5 5 6 4 0 0 0 0 0 0 0 0 0
Last Time Cost: 00003185 ms
Total Time Cost: 00136033 ms
Total Distance 101: 0 5 0 6 8 4 0 3 0 0 0 0 0 0 0 0 0 0 5 5 5 5 4 0 0 0 0 0 0 0 0 0 0 5 0 6 8 4 0 4 0 0 0 0 0 0 0 0 0 0 5 5 5 5 4 0 0 0 0 0 0 0 0 0
Last Time Cost: 00003304 ms
Total Time Cost: 00139337 ms
Total Distance 99: 0 5 0 6 8 4 0 2 0 0 0 0 0 0 0 0 0 0 5 5 5 5 4 0 0 0 0 0 0 0 0 0 0 5 0 6 8 4 0 3 0 0 0 0 0 0 0 0 0 0 5 5 5 5 4 0 0 0 0 0 0 0 0 0
Last Time Cost: 00003290 ms
Total Time Cost: 00142627 ms
Total Distance 97: 0 5 0 6 8 4 0 1 0 0 0 0 0 0 0 0 0 0 5 5 5 5 4 0 0 0 0 0 0 0 0 0 0 5 0 6 8 4 0 2 0 0 0 0 0 0 0 0 0 0 5 5 5 5 4 0 0 0 0 0 0 0 0 0
Last Time Cost: 00003380 ms
Total Time Cost: 00146007 ms
Total Distance 96: 0 5 0 6 8 4 0 0 0 0 0 0 0 0 0 0 0 0 5 5 5 5 4 0 0 0 0 0 0 0 0 0 0 5 0 6 8 4 0 2 0 0 0 0 0 0 0 0 0 0 5 5 5 5 4 0 0 0 0 0 0 0 0 0
Last Time Cost: 00003502 ms
Total Time Cost: 00149509 ms
Total Distance 93: 0 5 0 6 8 4 0 0 0 0 0 0 0 0 0 0 0 0 5 5 5 4 4 0 0 0 0 0 0 0 0 0 0 5 0 6 8 4 0 1 0 0 0 0 0 0 0 0 0 0 5 5 5 4 4 0 0 0 0 0 0 0 0 0
Last Time Cost: 00003513 ms
Total Time Cost: 00153022 ms
Total Distance 92: 0 5 0 6 8 4 0 0 0 0 0 0 0 0 0 0 0 0 5 5 5 4 4 0 0 0 0 0 0 0 0 0 0 5 0 6 8 4 0 0 0 0 0 0 0 0 0 0 0 0 5 5 5 4 4 0 0 0 0 0 0 0 0 0
Last Time Cost: 00003658 ms
Total Time Cost: 00156680 ms
Total Distance 89: 0 5 0 5 8 4 0 0 0 0 0 0 0 0 0 0 0 0 5 5 5 3 4 0 0 0 0 0 0 0 0 0 0 5 0 5 8 4 0 0 0 0 0 0 0 0 0 0 0 0 5 5 5 4 4 0 0 0 0 0 0 0 0 0
Last Time Cost: 00003696 ms
Total Time Cost: 00160376 ms
Total Distance 87: 0 5 0 5 8 4 0 0 0 0 0 0 0 0 0 0 0 0 5 5 5 2 4 0 0 0 0 0 0 0 0 0 0 5 0 5 8 4 0 0 0 0 0 0 0 0 0 0 0 0 5 5 5 3 4 0 0 0 0 0 0 0 0 0
Last Time Cost: 00003794 ms
Total Time Cost: 00164170 ms
Total Distance 86: 0 5 0 5 8 4 0 0 0 0 0 0 0 0 0 0 0 0 5 5 5 1 4 0 0 0 0 0 0 0 0 0 0 5 0 5 8 4 0 0 0 0 0 0 0 0 0 0 0 0 5 5 5 3 4 0 0 0 0 0 0 0 0 0
Last Time Cost: 00003855 ms
Total Time Cost: 00168025 ms
Total Distance 85: 0 5 0 5 8 4 0 0 0 0 0 0 0 0 0 0 0 0 5 5 5 0 4 0 0 0 0 0 0 0 0 0 0 5 0 5 8 4 0 0 0 0 0 0 0 0 0 0 0 0 5 5 5 3 4 0 0 0 0 0 0 0 0 0
Last Time Cost: 00003995 ms
Total Time Cost: 00172020 ms
Total Distance 82: 0 5 0 4 8 4 0 0 0 0 0 0 0 0 0 0 0 0 5 5 5 0 4 0 0 0 0 0 0 0 0 0 0 5 0 4 8 4 0 0 0 0 0 0 0 0 0 0 0 0 5 5 5 2 4 0 0 0 0 0 0 0 0 0
Last Time Cost: 00004091 ms
Total Time Cost: 00176111 ms
Total Distance 81: 0 5 0 4 8 4 0 0 0 0 0 0 0 0 0 0 0 0 5 5 5 0 4 0 0 0 0 0 0 0 0 0 0 5 0 4 8 4 0 0 0 0 0 0 0 0 0 0 0 0 5 5 5 1 4 0 0 0 0 0 0 0 0 0
Last Time Cost: 00004098 ms
Total Time Cost: 00180209 ms
Total Distance 80: 0 5 0 4 8 4 0 0 0 0 0 0 0 0 0 0 0 0 5 5 5 0 4 0 0 0 0 0 0 0 0 0 0 5 0 4 8 4 0 0 0 0 0 0 0 0 0 0 0 0 5 5 5 0 4 0 0 0 0 0 0 0 0 0
Last Time Cost: 00004173 ms
Total Time Cost: 00184382 ms
Total Distance 77: 0 5 0 4 7 4 0 0 0 0 0 0 0 0 0 0 0 0 5 5 5 0 4 0 0 0 0 0 0 0 0 0 0 5 0 4 7 4 0 0 0 0 0 0 0 0 0 0 0 0 5 5 5 0 3 0 0 0 0 0 0 0 0 0
Last Time Cost: 00000077 ms
Total Time Cost: 00184459 ms
Total Distance 75: 0 5 0 4 7 4 0 0 0 0 0 0 0 0 0 0 0 0 5 5 5 0 3 0 0 0 0 0 0 0 0 0 0 5 0 4 7 4 0 0 0 0 0 0 0 0 0 0 0 0 5 5 5 0 2 0 0 0 0 0 0 0 0 0
Last Time Cost: 00000080 ms
Total Time Cost: 00184539 ms
Total Distance 74: 0 5 0 4 7 4 0 0 0 0 0 0 0 0 0 0 0 0 5 5 5 0 3 0 0 0 0 0 0 0 0 0 0 5 0 4 7 4 0 0 0 0 0 0 0 0 0 0 0 0 5 5 5 0 1 0 0 0 0 0 0 0 0 0
Last Time Cost: 00000071 ms
Total Time Cost: 00184610 ms
Total Distance 73: 0 5 0 4 7 4 0 0 0 0 0 0 0 0 0 0 0 0 5 5 5 0 3 0 0 0 0 0 0 0 0 0 0 5 0 4 7 4 0 0 0 0 0 0 0 0 0 0 0 0 5 5 5 0 0 0 0 0 0 0 0 0 0 0
Last Time Cost: 00000073 ms
Total Time Cost: 00184683 ms
Total Distance 70: 0 5 0 4 6 4 0 0 0 0 0 0 0 0 0 0 0 0 5 5 5 0 2 0 0 0 0 0 0 0 0 0 0 5 0 4 6 4 0 0 0 0 0 0 0 0 0 0 0 0 5 5 5 0 0 0 0 0 0 0 0 0 0 0
Last Time Cost: 00000079 ms
Total Time Cost: 00184762 ms
Total Distance 67: 0 5 0 4 5 4 0 0 0 0 0 0 0 0 0 0 0 0 5 5 5 0 1 0 0 0 0 0 0 0 0 0 0 5 0 4 5 4 0 0 0 0 0 0 0 0 0 0 0 0 5 5 5 0 0 0 0 0 0 0 0 0 0 0
Last Time Cost: 00000002 ms
Total Time Cost: 00184764 ms
Total Distance 66: 0 5 0 4 5 4 0 0 0 0 0 0 0 0 0 0 0 0 5 5 5 0 0 0 0 0 0 0 0 0 0 0 0 5 0 4 5 4 0 0 0 0 0 0 0 0 0 0 0 0 5 5 5 0 0 0 0 0 0 0 0 0 0 0
Last Time Cost: 00000004 ms
Total Time Cost: 00184768 ms
Total Distance 64: 0 5 0 4 5 3 0 0 0 0 0 0 0 0 0 0 0 0 5 5 5 0 0 0 0 0 0 0 0 0 0 0 0 5 0 4 5 3 0 0 0 0 0 0 0 0 0 0 0 0 5 5 5 0 0 0 0 0 0 0 0 0 0 0
Last Time Cost: 00000003 ms
Total Time Cost: 00184771 ms
Total Distance 63: 0 5 0 4 5 3 0 0 0 0 0 0 0 0 0 0 0 0 5 5 5 0 0 0 0 0 0 0 0 0 0 0 0 5 0 4 5 2 0 0 0 0 0 0 0 0 0 0 0 0 5 5 5 0 0 0 0 0 0 0 0 0 0 0
Last Time Cost: 00000002 ms
Total Time Cost: 00184773 ms
Total Distance 62: 0 5 0 4 5 3 0 0 0 0 0 0 0 0 0 0 0 0 5 5 5 0 0 0 0 0 0 0 0 0 0 0 0 5 0 4 5 1 0 0 0 0 0 0 0 0 0 0 0 0 5 5 5 0 0 0 0 0 0 0 0 0 0 0
Last Time Cost: 00000001 ms
Total Time Cost: 00184774 ms
Total Distance 61: 0 5 0 4 5 3 0 0 0 0 0 0 0 0 0 0 0 0 5 5 5 0 0 0 0 0 0 0 0 0 0 0 0 5 0 4 5 0 0 0 0 0 0 0 0 0 0 0 0 0 5 5 5 0 0 0 0 0 0 0 0 0 0 0
Last Time Cost: 00000003 ms
Total Time Cost: 00184777 ms
Total Distance 58: 0 5 0 4 5 2 0 0 0 0 0 0 0 0 0 0 0 0 5 4 5 0 0 0 0 0 0 0 0 0 0 0 0 5 0 4 5 0 0 0 0 0 0 0 0 0 0 0 0 0 5 4 5 0 0 0 0 0 0 0 0 0 0 0
Last Time Cost: 00000002 ms
Total Time Cost: 00184779 ms
Total Distance 57: 0 5 0 4 5 1 0 0 0 0 0 0 0 0 0 0 0 0 5 4 5 0 0 0 0 0 0 0 0 0 0 0 0 5 0 4 5 0 0 0 0 0 0 0 0 0 0 0 0 0 5 4 5 0 0 0 0 0 0 0 0 0 0 0
Last Time Cost: 00000001 ms
Total Time Cost: 00184780 ms
Total Distance 56: 0 5 0 4 5 0 0 0 0 0 0 0 0 0 0 0 0 0 5 4 5 0 0 0 0 0 0 0 0 0 0 0 0 5 0 4 5 0 0 0 0 0 0 0 0 0 0 0 0 0 5 4 5 0 0 0 0 0 0 0 0 0 0 0
Last Time Cost: 00000003 ms
Total Time Cost: 00184783 ms
Total Distance 53: 0 4 0 4 5 0 0 0 0 0 0 0 0 0 0 0 0 0 5 4 5 0 0 0 0 0 0 0 0 0 0 0 0 4 0 4 5 0 0 0 0 0 0 0 0 0 0 0 0 0 5 3 5 0 0 0 0 0 0 0 0 0 0 0
Last Time Cost: 00000002 ms
Total Time Cost: 00184785 ms
Total Distance 51: 0 4 0 4 5 0 0 0 0 0 0 0 0 0 0 0 0 0 5 3 5 0 0 0 0 0 0 0 0 0 0 0 0 4 0 4 5 0 0 0 0 0 0 0 0 0 0 0 0 0 5 2 5 0 0 0 0 0 0 0 0 0 0 0
Last Time Cost: 00000002 ms
Total Time Cost: 00184787 ms
Total Distance 50: 0 4 0 4 5 0 0 0 0 0 0 0 0 0 0 0 0 0 5 3 5 0 0 0 0 0 0 0 0 0 0 0 0 4 0 4 5 0 0 0 0 0 0 0 0 0 0 0 0 0 5 1 5 0 0 0 0 0 0 0 0 0 0 0
Last Time Cost: 00000002 ms
Total Time Cost: 00184789 ms
Total Distance 49: 0 4 0 4 5 0 0 0 0 0 0 0 0 0 0 0 0 0 5 3 5 0 0 0 0 0 0 0 0 0 0 0 0 4 0 4 5 0 0 0 0 0 0 0 0 0 0 0 0 0 5 0 5 0 0 0 0 0 0 0 0 0 0 0
Last Time Cost: 00000002 ms
Total Time Cost: 00184791 ms
Total Distance 46: 0 3 0 4 5 0 0 0 0 0 0 0 0 0 0 0 0 0 5 2 5 0 0 0 0 0 0 0 0 0 0 0 0 3 0 4 5 0 0 0 0 0 0 0 0 0 0 0 0 0 5 0 5 0 0 0 0 0 0 0 0 0 0 0
Last Time Cost: 00000002 ms
Total Time Cost: 00184793 ms
Total Distance 45: 0 3 0 4 5 0 0 0 0 0 0 0 0 0 0 0 0 0 5 1 5 0 0 0 0 0 0 0 0 0 0 0 0 3 0 4 5 0 0 0 0 0 0 0 0 0 0 0 0 0 5 0 5 0 0 0 0 0 0 0 0 0 0 0
Last Time Cost: 00000002 ms
Total Time Cost: 00184795 ms
Total Distance 44: 0 3 0 4 5 0 0 0 0 0 0 0 0 0 0 0 0 0 5 0 5 0 0 0 0 0 0 0 0 0 0 0 0 3 0 4 5 0 0 0 0 0 0 0 0 0 0 0 0 0 5 0 5 0 0 0 0 0 0 0 0 0 0 0
Last Time Cost: 00000002 ms
Total Time Cost: 00184797 ms
Total Distance 42: 0 2 0 4 5 0 0 0 0 0 0 0 0 0 0 0 0 0 5 0 5 0 0 0 0 0 0 0 0 0 0 0 0 2 0 4 5 0 0 0 0 0 0 0 0 0 0 0 0 0 5 0 5 0 0 0 0 0 0 0 0 0 0 0
Last Time Cost: 00000002 ms
Total Time Cost: 00184799 ms
Total Distance 41: 0 2 0 4 5 0 0 0 0 0 0 0 0 0 0 0 0 0 5 0 5 0 0 0 0 0 0 0 0 0 0 0 0 1 0 4 5 0 0 0 0 0 0 0 0 0 0 0 0 0 5 0 5 0 0 0 0 0 0 0 0 0 0 0
Last Time Cost: 00000002 ms
Total Time Cost: 00184801 ms
Total Distance 39: 0 1 0 4 5 0 0 0 0 0 0 0 0 0 0 0 0 0 5 0 5 0 0 0 0 0 0 0 0 0 0 0 0 0 0 4 5 0 0 0 0 0 0 0 0 0 0 0 0 0 5 0 5 0 0 0 0 0 0 0 0 0 0 0
Last Time Cost: 00000001 ms
Total Time Cost: 00184802 ms
Total Distance 38: 0 0 0 4 5 0 0 0 0 0 0 0 0 0 0 0 0 0 5 0 5 0 0 0 0 0 0 0 0 0 0 0 0 0 0 4 5 0 0 0 0 0 0 0 0 0 0 0 0 0 5 0 5 0 0 0 0 0 0 0 0 0 0 0
Last Time Cost: 00000002 ms
Total Time Cost: 00184804 ms
Total Distance 36: 0 0 0 3 5 0 0 0 0 0 0 0 0 0 0 0 0 0 5 0 5 0 0 0 0 0 0 0 0 0 0 0 0 0 0 3 5 0 0 0 0 0 0 0 0 0 0 0 0 0 5 0 5 0 0 0 0 0 0 0 0 0 0 0
Last Time Cost: 00000003 ms
Total Time Cost: 00184807 ms
Total Distance 35: 0 0 0 3 5 0 0 0 0 0 0 0 0 0 0 0 0 0 5 0 5 0 0 0 0 0 0 0 0 0 0 0 0 0 0 2 5 0 0 0 0 0 0 0 0 0 0 0 0 0 5 0 5 0 0 0 0 0 0 0 0 0 0 0
Last Time Cost: 00000002 ms
Total Time Cost: 00184809 ms
Total Distance 34: 0 0 0 3 5 0 0 0 0 0 0 0 0 0 0 0 0 0 5 0 5 0 0 0 0 0 0 0 0 0 0 0 0 0 0 1 5 0 0 0 0 0 0 0 0 0 0 0 0 0 5 0 5 0 0 0 0 0 0 0 0 0 0 0
Last Time Cost: 00000001 ms
Total Time Cost: 00184810 ms
Total Distance 32: 0 0 0 2 5 0 0 0 0 0 0 0 0 0 0 0 0 0 5 0 5 0 0 0 0 0 0 0 0 0 0 0 0 0 0 0 5 0 0 0 0 0 0 0 0 0 0 0 0 0 5 0 5 0 0 0 0 0 0 0 0 0 0 0
Last Time Cost: 00000002 ms
Total Time Cost: 00184812 ms
Total Distance 31: 0 0 0 1 5 0 0 0 0 0 0 0 0 0 0 0 0 0 5 0 5 0 0 0 0 0 0 0 0 0 0 0 0 0 0 0 5 0 0 0 0 0 0 0 0 0 0 0 0 0 5 0 5 0 0 0 0 0 0 0 0 0 0 0
Last Time Cost: 00000001 ms
Total Time Cost: 00184813 ms
Total Distance 30: 0 0 0 0 5 0 0 0 0 0 0 0 0 0 0 0 0 0 5 0 5 0 0 0 0 0 0 0 0 0 0 0 0 0 0 0 5 0 0 0 0 0 0 0 0 0 0 0 0 0 5 0 5 0 0 0 0 0 0 0 0 0 0 0
Last Time Cost: 00000115 ms
Total Time Cost: 00184928 ms
Total Distance 27: 0 0 0 0 4 0 0 0 0 0 0 0 0 0 0 0 0 0 4 0 5 0 0 0 0 0 0 0 0 0 0 0 0 0 0 0 5 0 0 0 0 0 0 0 0 0 0 0 0 0 4 0 5 0 0 0 0 0 0 0 0 0 0 0
Last Time Cost: 00000006 ms
Total Time Cost: 00184934 ms
Total Distance 24: 0 0 0 0 4 0 0 0 0 0 0 0 0 0 0 0 0 0 3 0 5 0 0 0 0 0 0 0 0 0 0 0 0 0 0 0 4 0 0 0 0 0 0 0 0 0 0 0 0 0 3 0 5 0 0 0 0 0 0 0 0 0 0 0
Last Time Cost: 00000004 ms
Total Time Cost: 00184938 ms
Total Distance 22: 0 0 0 0 4 0 0 0 0 0 0 0 0 0 0 0 0 0 2 0 5 0 0 0 0 0 0 0 0 0 0 0 0 0 0 0 4 0 0 0 0 0 0 0 0 0 0 0 0 0 2 0 5 0 0 0 0 0 0 0 0 0 0 0
Last Time Cost: 00000002 ms
Total Time Cost: 00184940 ms
Total Distance 21: 0 0 0 0 4 0 0 0 0 0 0 0 0 0 0 0 0 0 1 0 5 0 0 0 0 0 0 0 0 0 0 0 0 0 0 0 4 0 0 0 0 0 0 0 0 0 0 0 0 0 2 0 5 0 0 0 0 0 0 0 0 0 0 0
Last Time Cost: 00000001 ms
Total Time Cost: 00184941 ms
Total Distance 19: 0 0 0 0 4 0 0 0 0 0 0 0 0 0 0 0 0 0 0 0 5 0 0 0 0 0 0 0 0 0 0 0 0 0 0 0 4 0 0 0 0 0 0 0 0 0 0 0 0 0 1 0 5 0 0 0 0 0 0 0 0 0 0 0
Last Time Cost: 00000001 ms
Total Time Cost: 00184942 ms
Total Distance 18: 0 0 0 0 4 0 0 0 0 0 0 0 0 0 0 0 0 0 0 0 5 0 0 0 0 0 0 0 0 0 0 0 0 0 0 0 4 0 0 0 0 0 0 0 0 0 0 0 0 0 0 0 5 0 0 0 0 0 0 0 0 0 0 0
Last Time Cost: 00000002 ms
Total Time Cost: 00184944 ms
Total Distance 16: 0 0 0 0 3 0 0 0 0 0 0 0 0 0 0 0 0 0 0 0 5 0 0 0 0 0 0 0 0 0 0 0 0 0 0 0 3 0 0 0 0 0 0 0 0 0 0 0 0 0 0 0 5 0 0 0 0 0 0 0 0 0 0 0
Last Time Cost: 00000002 ms
Total Time Cost: 00184946 ms
Total Distance 14: 0 0 0 0 2 0 0 0 0 0 0 0 0 0 0 0 0 0 0 0 5 0 0 0 0 0 0 0 0 0 0 0 0 0 0 0 2 0 0 0 0 0 0 0 0 0 0 0 0 0 0 0 5 0 0 0 0 0 0 0 0 0 0 0
Last Time Cost: 00000002 ms
Total Time Cost: 00184948 ms
Total Distance 13: 0 0 0 0 2 0 0 0 0 0 0 0 0 0 0 0 0 0 0 0 5 0 0 0 0 0 0 0 0 0 0 0 0 0 0 0 1 0 0 0 0 0 0 0 0 0 0 0 0 0 0 0 5 0 0 0 0 0 0 0 0 0 0 0
Last Time Cost: 00000001 ms
Total Time Cost: 00184949 ms
Total Distance 12: 0 0 0 0 2 0 0 0 0 0 0 0 0 0 0 0 0 0 0 0 5 0 0 0 0 0 0 0 0 0 0 0 0 0 0 0 0 0 0 0 0 0 0 0 0 0 0 0 0 0 0 0 5 0 0 0 0 0 0 0 0 0 0 0
Last Time Cost: 00000002 ms
Total Time Cost: 00184951 ms
Total Distance 11: 0 0 0 0 1 0 0 0 0 0 0 0 0 0 0 0 0 0 0 0 5 0 0 0 0 0 0 0 0 0 0 0 0 0 0 0 0 0 0 0 0 0 0 0 0 0 0 0 0 0 0 0 5 0 0 0 0 0 0 0 0 0 0 0
Last Time Cost: 00000001 ms
Total Time Cost: 00184952 ms
Total Distance 10: 0 0 0 0 0 0 0 0 0 0 0 0 0 0 0 0 0 0 0 0 5 0 0 0 0 0 0 0 0 0 0 0 0 0 0 0 0 0 0 0 0 0 0 0 0 0 0 0 0 0 0 0 5 0 0 0 0 0 0 0 0 0 0 0
Last Time Cost: 00000047 ms
Total Time Cost: 00184999 ms
Total Distance 8: 0 0 0 0 0 0 0 0 0 0 0 0 0 0 0 0 0 0 0 0 4 0 0 0 0 0 0 0 0 0 0 0 0 0 0 0 0 0 0 0 0 0 0 0 0 0 0 0 0 0 0 0 4 0 0 0 0 0 0 0 0 0 0 0
Last Time Cost: 00000002 ms
Total Time Cost: 00185001 ms
Total Distance 6: 0 0 0 0 0 0 0 0 0 0 0 0 0 0 0 0 0 0 0 0 3 0 0 0 0 0 0 0 0 0 0 0 0 0 0 0 0 0 0 0 0 0 0 0 0 0 0 0 0 0 0 0 3 0 0 0 0 0 0 0 0 0 0 0
Last Time Cost: 00000001 ms
Total Time Cost: 00185002 ms
Total Distance 5: 0 0 0 0 0 0 0 0 0 0 0 0 0 0 0 0 0 0 0 0 2 0 0 0 0 0 0 0 0 0 0 0 0 0 0 0 0 0 0 0 0 0 0 0 0 0 0 0 0 0 0 0 3 0 0 0 0 0 0 0 0 0 0 0
Last Time Cost: 00000001 ms
Total Time Cost: 00185003 ms
Total Distance 4: 0 0 0 0 0 0 0 0 0 0 0 0 0 0 0 0 0 0 0 0 1 0 0 0 0 0 0 0 0 0 0 0 0 0 0 0 0 0 0 0 0 0 0 0 0 0 0 0 0 0 0 0 3 0 0 0 0 0 0 0 0 0 0 0
Last Time Cost: 00000000 ms
Total Time Cost: 00185003 ms
Total Distance 3: 0 0 0 0 0 0 0 0 0 0 0 0 0 0 0 0 0 0 0 0 0 0 0 0 0 0 0 0 0 0 0 0 0 0 0 0 0 0 0 0 0 0 0 0 0 0 0 0 0 0 0 0 3 0 0 0 0 0 0 0 0 0 0 0
Last Time Cost: 00000001 ms
Total Time Cost: 00185004 ms
Total Distance 2: 0 0 0 0 0 0 0 0 0 0 0 0 0 0 0 0 0 0 0 0 0 0 0 0 0 0 0 0 0 0 0 0 0 0 0 0 0 0 0 0 0 0 0 0 0 0 0 0 0 0 0 0 2 0 0 0 0 0 0 0 0 0 0 0
Last Time Cost: 00000000 ms
Total Time Cost: 00185004 ms
Total Distance 1: 0 0 0 0 0 0 0 0 0 0 0 0 0 0 0 0 0 0 0 0 0 0 0 0 0 0 0 0 0 0 0 0 0 0 0 0 0 0 0 0 0 0 0 0 0 0 0 0 0 0 0 0 1 0 0 0 0 0 0 0 0 0 0 0
Last Time Cost: 00000000 ms
Total Time Cost: 00185004 ms
Total Distance 0: 0 0 0 0 0 0 0 0 0 0 0 0 0 0 0 0 0 0 0 0 0 0 0 0 0 0 0 0 0 0 0 0 0 0 0 0 0 0 0 0 0 0 0 0 0 0 0 0 0 0 0 0 0 0 0 0 0 0 0 0 0 0 0 0
