Last Time Cost: 00000000 ms
Total Time Cost: 00000000 ms
Total Distance 80: 6 6 6 6 4 4 4 4 5 5 5 5 5 5 5 5
Last Time Cost: 00000008 ms
Total Time Cost: 00000008 ms
Total Distance 75: 6 6 6 5 4 4 4 3 5 5 4 4 5 5 5 4
Last Time Cost: 00000005 ms
Total Time Cost: 00000013 ms
Total Distance 71: 5 6 5 5 4 4 4 3 5 5 4 4 4 4 5 4
Last Time Cost: 00000001 ms
Total Time Cost: 00000014 ms
Total Distance 67: 4 5 5 5 4 4 4 3 5 4 4 4 4 4 4 4
Last Time Cost: 00000000 ms
Total Time Cost: 00000014 ms
Total Distance 63: 4 5 4 5 3 4 4 3 4 4 4 4 4 3 4 4
Last Time Cost: 00000000 ms
Total Time Cost: 00000014 ms
Total Distance 60: 4 5 4 4 3 4 4 3 4 4 3 4 3 3 4 4
Last Time Cost: 00000000 ms
Total Time Cost: 00000014 ms
Total Distance 57: 4 5 4 3 3 4 4 3 4 4 3 3 3 3 4 3
Last Time Cost: 00000000 ms
Total Time Cost: 00000014 ms
Total Distance 54: 4 4 4 3 2 4 3 3 4 4 3 3 3 3 4 3
Last Time Cost: 00000000 ms
Total Time Cost: 00000014 ms
Total Distance 52: 4 4 3 3 2 4 3 3 4 4 3 3 3 3 3 3
Last Time Cost: 00000000 ms
Total Time Cost: 00000014 ms
Total Distance 50: 3 4 3 3 2 4 3 3 4 3 3 3 3 3 3 3
Last Time Cost: 00000001 ms
Total Time Cost: 00000015 ms
Total Distance 48: 3 3 3 3 2 4 2 3 4 3 3 3 3 3 3 3
Last Time Cost: 00000000 ms
Total Time Cost: 00000015 ms
Total Distance 46: 3 3 3 3 2 4 2 3 3 3 3 3 3 2 3 3
Last Time Cost: 00000001 ms
Total Time Cost: 00000016 ms
Total Distance 44: 3 3 3 3 2 4 2 3 3 3 3 2 3 2 3 2
Last Time Cost: 00000000 ms
Total Time Cost: 00000016 ms
Total Distance 42: 3 3 3 2 2 4 2 3 3 3 3 2 2 2 3 2
Last Time Cost: 00000001 ms
Total Time Cost: 00000017 ms
Total Distance 40: 3 3 3 2 2 3 2 3 3 2 3 2 2 2 3 2
Last Time Cost: 00000000 ms
Total Time Cost: 00000017 ms
Total Distance 38: 2 3 3 2 2 3 2 2 3 2 3 2 2 2 3 2
Last Time Cost: 00000000 ms
Total Time Cost: 00000017 ms
Total Distance 36: 2 3 3 2 1 3 2 2 2 2 3 2 2 2 3 2
Last Time Cost: 00000000 ms
Total Time Cost: 00000017 ms
Total Distance 35: 2 3 3 2 0 3 2 2 2 2 3 2 2 2 3 2
Last Time Cost: 00000000 ms
Total Time Cost: 00000017 ms
Total Distance 33: 1 3 3 2 0 3 2 2 2 2 3 2 1 2 3 2
Last Time Cost: 00000000 ms
Total Time Cost: 00000017 ms
Total Distance 32: 0 3 3 2 0 3 2 2 2 2 3 2 1 2 3 2
Last Time Cost: 00000000 ms
Total Time Cost: 00000017 ms
Total Distance 31: 0 3 3 2 0 3 2 2 2 2 3 2 0 2 3 2
Last Time Cost: 00000000 ms
Total Time Cost: 00000017 ms
Total Distance 30: 0 3 3 2 0 3 2 2 2 2 3 2 0 2 2 2
Last Time Cost: 00000000 ms
Total Time Cost: 00000017 ms
Total Distance 29: 0 3 3 2 0 2 2 2 2 2 3 2 0 2 2 2
Last Time Cost: 00000001 ms
Total Time Cost: 00000018 ms
Total Distance 28: 0 3 2 2 0 2 2 2 2 2 3 2 0 2 2 2
Last Time Cost: 00000001 ms
Total Time Cost: 00000019 ms
Total Distance 27: 0 3 2 2 0 2 2 2 2 2 2 2 0 2 2 2
Last Time Cost: 00000000 ms
Total Time Cost: 00000019 ms
Total Distance 26: 0 2 2 2 0 2 2 2 2 2 2 2 0 2 2 2
Last Time Cost: 00000000 ms
Total Time Cost: 00000019 ms
Total Distance 25: 0 2 2 2 0 1 2 2 2 2 2 2 0 2 2 2
Last Time Cost: 00000000 ms
Total Time Cost: 00000019 ms
Total Distance 24: 0 2 2 2 0 0 2 2 2 2 2 2 0 2 2 2
Last Time Cost: 00000000 ms
Total Time Cost: 00000019 ms
Total Distance 23: 0 2 2 2 0 0 2 2 2 2 2 2 0 2 1 2
Last Time Cost: 00000000 ms
Total Time Cost: 00000019 ms
Total Distance 22: 0 2 2 2 0 0 2 2 2 2 2 2 0 2 0 2
Last Time Cost: 00000000 ms
Total Time Cost: 00000019 ms
Total Distance 21: 0 2 2 2 0 0 1 2 2 2 2 2 0 2 0 2
Last Time Cost: 00000000 ms
Total Time Cost: 00000019 ms
Total Distance 20: 0 2 2 2 0 0 0 2 2 2 2 2 0 2 0 2
Last Time Cost: 00000000 ms
Total Time Cost: 00000019 ms
Total Distance 19: 0 2 2 2 0 0 0 2 2 2 2 2 0 1 0 2
Last Time Cost: 00000000 ms
Total Time Cost: 00000019 ms
Total Distance 18: 0 2 2 2 0 0 0 2 2 2 2 2 0 0 0 2
Last Time Cost: 00000000 ms
Total Time Cost: 00000019 ms
Total Distance 17: 0 2 2 2 0 0 0 2 2 1 2 2 0 0 0 2
Last Time Cost: 00000000 ms
Total Time Cost: 00000019 ms
Total Distance 16: 0 2 2 2 0 0 0 2 2 0 2 2 0 0 0 2
Last Time Cost: 00000001 ms
Total Time Cost: 00000020 ms
Total Distance 15: 0 2 2 2 0 0 0 2 1 0 2 2 0 0 0 2
Last Time Cost: 00000000 ms
Total Time Cost: 00000020 ms
Total Distance 14: 0 2 2 2 0 0 0 2 0 0 2 2 0 0 0 2
Last Time Cost: 00000000 ms
Total Time Cost: 00000020 ms
Total Distance 13: 0 2 2 2 0 0 0 2 0 0 1 2 0 0 0 2
Last Time Cost: 00000000 ms
Total Time Cost: 00000020 ms
Total Distance 12: 0 2 2 2 0 0 0 2 0 0 0 2 0 0 0 2
Last Time Cost: 00000001 ms
Total Time Cost: 00000021 ms
Total Distance 11: 0 2 2 1 0 0 0 2 0 0 0 2 0 0 0 2
Last Time Cost: 00000000 ms
Total Time Cost: 00000021 ms
Total Distance 10: 0 2 2 0 0 0 0 2 0 0 0 2 0 0 0 2
Last Time Cost: 00000000 ms
Total Time Cost: 00000021 ms
Total Distance 9: 0 1 2 0 0 0 0 2 0 0 0 2 0 0 0 2
Last Time Cost: 00000000 ms
Total Time Cost: 00000021 ms
Total Distance 8: 0 0 2 0 0 0 0 2 0 0 0 2 0 0 0 2
Last Time Cost: 00000000 ms
Total Time Cost: 00000021 ms
Total Distance 7: 0 0 1 0 0 0 0 2 0 0 0 2 0 0 0 2
Last Time Cost: 00000000 ms
Total Time Cost: 00000021 ms
Total Distance 6: 0 0 0 0 0 0 0 2 0 0 0 2 0 0 0 2
Last Time Cost: 00000000 ms
Total Time Cost: 00000021 ms
Total Distance 5: 0 0 0 0 0 0 0 2 0 0 0 1 0 0 0 2
Last Time Cost: 00000000 ms
Total Time Cost: 00000021 ms
Total Distance 4: 0 0 0 0 0 0 0 2 0 0 0 0 0 0 0 2
Last Time Cost: 00000000 ms
Total Time Cost: 00000021 ms
Total Distance 3: 0 0 0 0 0 0 0 2 0 0 0 0 0 0 0 1
Last Time Cost: 00000000 ms
Total Time Cost: 00000021 ms
Total Distance 2: 0 0 0 0 0 0 0 2 0 0 0 0 0 0 0 0
Last Time Cost: 00000000 ms
Total Time Cost: 00000021 ms
Total Distance 1: 0 0 0 0 0 0 0 1 0 0 0 0 0 0 0 0
Last Time Cost: 00000000 ms
Total Time Cost: 00000021 ms
Total Distance 0: 0 0 0 0 0 0 0 0 0 0 0 0 0 0 0 0
