Last Time Cost: 00000000 ms
Total Time Cost: 00000000 ms
Total Distance 220: 7 7 7 4 4 4 4 6 6 6 7 7 7 4 4 4 4 6 6 6 7 7 7 4 4 4 4 6 6 6 7 7 7 4 4 4 4 6 6 6
Last Time Cost: 00000005 ms
Total Time Cost: 00000005 ms
Total Distance 214: 7 7 7 4 4 3 4 6 5 6 7 7 7 4 4 3 4 6 5 6 7 6 7 4 4 4 4 6 6 6 7 6 7 4 4 4 4 6 6 6
Last Time Cost: 00000002 ms
Total Time Cost: 00000007 ms
Total Distance 210: 7 7 6 4 4 3 4 6 5 6 7 7 7 4 4 2 4 6 5 6 7 6 7 4 4 3 4 6 6 6 7 6 6 4 4 4 4 6 6 6
Last Time Cost: 00000001 ms
Total Time Cost: 00000008 ms
Total Distance 208: 7 7 6 4 4 3 4 6 4 6 7 7 7 4 4 1 4 6 5 6 7 6 7 4 4 3 4 6 6 6 7 6 6 4 4 4 4 6 6 6
Last Time Cost: 00000001 ms
Total Time Cost: 00000009 ms
Total Distance 207: 7 7 6 4 4 3 4 6 4 6 7 7 7 4 4 0 4 6 5 6 7 6 7 4 4 3 4 6 6 6 7 6 6 4 4 4 4 6 6 6
Last Time Cost: 00000002 ms
Total Time Cost: 00000011 ms
Total Distance 201: 7 6 6 4 4 3 4 6 4 6 7 6 7 4 4 0 4 6 5 6 7 6 7 4 4 2 4 6 5 6 7 6 6 4 4 3 4 6 5 6
Last Time Cost: 00000001 ms
Total Time Cost: 00000012 ms
Total Distance 199: 7 6 6 4 4 3 4 6 4 6 7 6 7 4 4 0 4 6 5 6 7 6 7 4 4 1 4 6 5 6 7 6 6 4 4 3 4 6 4 6
Last Time Cost: 00000002 ms
Total Time Cost: 00000014 ms
Total Distance 198: 7 6 6 4 4 3 4 6 4 6 7 6 7 4 4 0 4 6 5 6 7 6 7 4 4 0 4 6 5 6 7 6 6 4 4 3 4 6 4 6
Last Time Cost: 00000002 ms
Total Time Cost: 00000016 ms
Total Distance 194: 7 6 6 4 4 2 4 6 4 6 7 6 6 4 4 0 4 6 5 6 7 6 6 4 4 0 4 6 5 6 7 6 6 4 4 2 4 6 4 6
Last Time Cost: 00000002 ms
Total Time Cost: 00000018 ms
Total Distance 191: 7 6 6 4 4 1 4 6 4 6 7 6 6 4 4 0 4 6 4 6 7 6 6 4 4 0 4 6 5 6 7 6 5 4 4 2 4 6 4 6
Last Time Cost: 00000002 ms
Total Time Cost: 00000020 ms
Total Distance 189: 7 6 6 4 4 0 4 6 4 6 7 6 6 4 4 0 4 6 4 6 7 6 5 4 4 0 4 6 5 6 7 6 5 4 4 2 4 6 4 6
Last Time Cost: 00000002 ms
Total Time Cost: 00000022 ms
Total Distance 186: 7 6 5 4 4 0 4 6 4 6 7 6 6 4 4 0 4 6 4 6 7 6 5 4 4 0 4 6 4 6 7 6 5 4 4 1 4 6 4 6
Last Time Cost: 00000002 ms
Total Time Cost: 00000024 ms
Total Distance 184: 7 6 5 4 4 0 4 6 4 6 7 6 5 4 4 0 4 6 4 6 7 6 5 4 4 0 4 6 4 6 7 6 5 4 4 0 4 6 4 6
Last Time Cost: 00000008 ms
Total Time Cost: 00000032 ms
Total Distance 178: 7 6 5 4 4 0 3 6 4 5 7 6 5 4 4 0 3 6 4 5 7 6 4 4 4 0 4 6 4 6 7 6 4 4 4 0 4 6 4 6
Last Time Cost: 00000003 ms
Total Time Cost: 00000035 ms
Total Distance 176: 7 6 5 4 4 0 2 6 4 5 7 6 5 4 4 0 3 6 4 5 7 6 4 4 4 0 4 6 4 6 7 6 4 4 4 0 3 6 4 6
Last Time Cost: 00000002 ms
Total Time Cost: 00000037 ms
Total Distance 174: 7 6 5 4 4 0 1 6 4 5 7 6 5 4 4 0 3 6 4 4 7 6 4 4 4 0 4 6 4 6 7 6 4 4 4 0 3 6 4 6
Last Time Cost: 00000003 ms
Total Time Cost: 00000040 ms
Total Distance 173: 7 6 5 4 4 0 0 6 4 5 7 6 5 4 4 0 3 6 4 4 7 6 4 4 4 0 4 6 4 6 7 6 4 4 4 0 3 6 4 6
Last Time Cost: 00000003 ms
Total Time Cost: 00000043 ms
Total Distance 167: 7 6 4 4 4 0 0 6 4 5 7 6 4 4 4 0 3 6 4 4 7 6 4 4 4 0 3 6 4 5 7 6 4 4 4 0 2 6 4 5
Last Time Cost: 00000003 ms
Total Time Cost: 00000046 ms
Total Distance 165: 7 6 4 4 4 0 0 6 4 5 7 6 4 4 4 0 3 6 4 4 7 6 4 4 4 0 3 6 4 4 7 6 4 4 4 0 1 6 4 5
Last Time Cost: 00000002 ms
Total Time Cost: 00000048 ms
Total Distance 164: 7 6 4 4 4 0 0 6 4 5 7 6 4 4 4 0 3 6 4 4 7 6 4 4 4 0 3 6 4 4 7 6 4 4 4 0 0 6 4 5
Last Time Cost: 00000003 ms
Total Time Cost: 00000051 ms
Total Distance 162: 7 6 4 4 4 0 0 6 4 5 7 6 4 4 4 0 2 6 4 4 7 6 4 4 4 0 2 6 4 4 7 6 4 4 4 0 0 6 4 5
Last Time Cost: 00000003 ms
Total Time Cost: 00000054 ms
Total Distance 160: 7 6 4 4 4 0 0 6 4 4 7 6 4 4 4 0 1 6 4 4 7 6 4 4 4 0 2 6 4 4 7 6 4 4 4 0 0 6 4 5
Last Time Cost: 00000003 ms
Total Time Cost: 00000057 ms
Total Distance 159: 7 6 4 4 4 0 0 6 4 4 7 6 4 4 4 0 0 6 4 4 7 6 4 4 4 0 2 6 4 4 7 6 4 4 4 0 0 6 4 5
Last Time Cost: 00000003 ms
Total Time Cost: 00000060 ms
Total Distance 157: 7 6 4 4 4 0 0 6 4 4 7 6 4 4 4 0 0 6 4 4 7 6 4 4 4 0 1 6 4 4 7 6 4 4 4 0 0 6 4 4
Last Time Cost: 00000003 ms
Total Time Cost: 00000063 ms
Total Distance 156: 7 6 4 4 4 0 0 6 4 4 7 6 4 4 4 0 0 6 4 4 7 6 4 4 4 0 0 6 4 4 7 6 4 4 4 0 0 6 4 4
Last Time Cost: 00000022 ms
Total Time Cost: 00000085 ms
Total Distance 150: 6 6 4 4 4 0 0 6 4 4 6 6 4 4 4 0 0 6 4 4 7 6 4 4 3 0 0 5 4 4 7 6 4 4 3 0 0 5 4 4
Last Time Cost: 00000004 ms
Total Time Cost: 00000089 ms
Total Distance 146: 6 5 4 4 4 0 0 6 4 4 6 6 4 4 3 0 0 6 4 4 7 6 4 4 2 0 0 5 4 4 7 5 4 4 3 0 0 5 4 4
Last Time Cost: 00000003 ms
Total Time Cost: 00000092 ms
Total Distance 144: 6 4 4 4 4 0 0 6 4 4 6 6 4 4 3 0 0 6 4 4 7 6 4 4 1 0 0 5 4 4 7 5 4 4 3 0 0 5 4 4
Last Time Cost: 00000003 ms
Total Time Cost: 00000095 ms
Total Distance 143: 6 4 4 4 4 0 0 6 4 4 6 6 4 4 3 0 0 6 4 4 7 6 4 4 0 0 0 5 4 4 7 5 4 4 3 0 0 5 4 4
Last Time Cost: 00000004 ms
Total Time Cost: 00000099 ms
Total Distance 137: 6 4 4 4 3 0 0 5 4 4 6 6 4 4 2 0 0 5 4 4 6 6 4 4 0 0 0 5 4 4 6 5 4 4 3 0 0 5 4 4
Last Time Cost: 00000004 ms
Total Time Cost: 00000103 ms
Total Distance 134: 6 4 4 4 3 0 0 5 4 4 6 6 4 4 1 0 0 5 4 4 6 6 4 4 0 0 0 5 4 4 6 4 4 4 3 0 0 4 4 4
Last Time Cost: 00000003 ms
Total Time Cost: 00000106 ms
Total Distance 132: 6 4 4 4 3 0 0 4 4 4 6 6 4 4 0 0 0 5 4 4 6 6 4 4 0 0 0 5 4 4 6 4 4 4 3 0 0 4 4 4
Last Time Cost: 00000004 ms
Total Time Cost: 00000110 ms
Total Distance 128: 6 4 4 4 2 0 0 4 4 4 6 5 4 4 0 0 0 5 4 4 6 5 4 4 0 0 0 5 4 4 6 4 4 4 2 0 0 4 4 4
Last Time Cost: 00000004 ms
Total Time Cost: 00000114 ms
Total Distance 126: 6 4 4 4 2 0 0 4 4 4 6 5 4 4 0 0 0 5 4 4 6 5 4 4 0 0 0 4 4 4 6 4 4 4 1 0 0 4 4 4
Last Time Cost: 00000004 ms
Total Time Cost: 00000118 ms
Total Distance 124: 6 4 4 4 2 0 0 4 4 4 6 4 4 4 0 0 0 5 4 4 6 5 4 4 0 0 0 4 4 4 6 4 4 4 0 0 0 4 4 4
Last Time Cost: 00000004 ms
Total Time Cost: 00000122 ms
Total Distance 122: 6 4 4 4 1 0 0 4 4 4 6 4 4 4 0 0 0 5 4 4 6 4 4 4 0 0 0 4 4 4 6 4 4 4 0 0 0 4 4 4
Last Time Cost: 00000004 ms
Total Time Cost: 00000126 ms
Total Distance 120: 6 4 4 4 0 0 0 4 4 4 6 4 4 4 0 0 0 4 4 4 6 4 4 4 0 0 0 4 4 4 6 4 4 4 0 0 0 4 4 4
Last Time Cost: 00000007 ms
Total Time Cost: 00000133 ms
Total Distance 116: 6 4 4 3 0 0 0 4 4 4 5 4 4 4 0 0 0 4 4 4 5 4 4 4 0 0 0 4 4 4 6 4 4 3 0 0 0 4 4 4
Last Time Cost: 00000006 ms
Total Time Cost: 00000139 ms
Total Distance 113: 6 4 4 2 0 0 0 4 4 4 4 4 4 4 0 0 0 4 4 4 5 4 4 4 0 0 0 4 4 4 6 4 4 2 0 0 0 4 4 4
Last Time Cost: 00000005 ms
Total Time Cost: 00000144 ms
Total Distance 111: 6 4 4 2 0 0 0 4 4 4 4 4 4 4 0 0 0 4 4 4 5 4 4 3 0 0 0 4 4 4 6 4 4 1 0 0 0 4 4 4
Last Time Cost: 00000004 ms
Total Time Cost: 00000148 ms
Total Distance 110: 6 4 4 2 0 0 0 4 4 4 4 4 4 4 0 0 0 4 4 4 5 4 4 3 0 0 0 4 4 4 6 4 4 0 0 0 0 4 4 4
Last Time Cost: 00000006 ms
Total Time Cost: 00000154 ms
Total Distance 109: 6 4 4 1 0 0 0 4 4 4 4 4 4 4 0 0 0 4 4 4 5 4 4 3 0 0 0 4 4 4 6 4 4 0 0 0 0 4 4 4
Last Time Cost: 00000006 ms
Total Time Cost: 00000160 ms
Total Distance 108: 6 4 4 0 0 0 0 4 4 4 4 4 4 4 0 0 0 4 4 4 5 4 4 3 0 0 0 4 4 4 6 4 4 0 0 0 0 4 4 4
Last Time Cost: 00000005 ms
Total Time Cost: 00000165 ms
Total Distance 104: 5 4 4 0 0 0 0 4 4 4 3 4 4 3 0 0 0 4 4 4 5 4 4 2 0 0 0 4 4 4 6 4 4 0 0 0 0 4 4 4
Last Time Cost: 00000005 ms
Total Time Cost: 00000170 ms
Total Distance 100: 4 4 4 0 0 0 0 4 4 4 3 4 4 2 0 0 0 4 4 4 5 4 4 1 0 0 0 4 4 4 5 4 4 0 0 0 0 4 4 4
Last Time Cost: 00000000 ms
Total Time Cost: 00000170 ms
Total Distance 99: 4 4 4 0 0 0 0 4 4 4 3 4 4 2 0 0 0 4 4 4 5 4 4 0 0 0 0 4 4 4 5 4 4 0 0 0 0 4 4 4
Last Time Cost: 00000001 ms
Total Time Cost: 00000171 ms
Total Distance 98: 4 4 4 0 0 0 0 4 4 4 3 4 4 1 0 0 0 4 4 4 5 4 4 0 0 0 0 4 4 4 5 4 4 0 0 0 0 4 4 4
Last Time Cost: 00000001 ms
Total Time Cost: 00000172 ms
Total Distance 95: 4 4 4 0 0 0 0 4 4 4 3 4 4 0 0 0 0 4 4 4 4 4 4 0 0 0 0 4 4 4 4 4 4 0 0 0 0 4 4 4
Last Time Cost: 00000001 ms
Total Time Cost: 00000173 ms
Total Distance 93: 3 4 4 0 0 0 0 4 4 4 2 4 4 0 0 0 0 4 4 4 4 4 4 0 0 0 0 4 4 4 4 4 4 0 0 0 0 4 4 4
Last Time Cost: 00000000 ms
Total Time Cost: 00000173 ms
Total Distance 92: 3 4 4 0 0 0 0 4 4 4 1 4 4 0 0 0 0 4 4 4 4 4 4 0 0 0 0 4 4 4 4 4 4 0 0 0 0 4 4 4
Last Time Cost: 00000000 ms
Total Time Cost: 00000173 ms
Total Distance 91: 3 4 4 0 0 0 0 4 4 4 0 4 4 0 0 0 0 4 4 4 4 4 4 0 0 0 0 4 4 4 4 4 4 0 0 0 0 4 4 4
Last Time Cost: 00000001 ms
Total Time Cost: 00000174 ms
Total Distance 88: 2 4 4 0 0 0 0 4 4 4 0 4 4 0 0 0 0 4 4 4 4 4 4 0 0 0 0 3 4 4 4 4 4 0 0 0 0 3 4 4
Last Time Cost: 00000001 ms
Total Time Cost: 00000175 ms
Total Distance 87: 1 4 4 0 0 0 0 4 4 4 0 4 4 0 0 0 0 4 4 4 4 4 4 0 0 0 0 3 4 4 4 4 4 0 0 0 0 3 4 4
Last Time Cost: 00000001 ms
Total Time Cost: 00000176 ms
Total Distance 86: 0 4 4 0 0 0 0 4 4 4 0 4 4 0 0 0 0 4 4 4 4 4 4 0 0 0 0 3 4 4 4 4 4 0 0 0 0 3 4 4
Last Time Cost: 00000001 ms
Total Time Cost: 00000177 ms
Total Distance 84: 0 4 4 0 0 0 0 4 4 4 0 4 4 0 0 0 0 4 4 4 4 4 4 0 0 0 0 2 4 4 4 4 4 0 0 0 0 2 4 4
Last Time Cost: 00000001 ms
Total Time Cost: 00000178 ms
Total Distance 82: 0 4 4 0 0 0 0 4 4 4 0 4 4 0 0 0 0 3 4 4 4 4 4 0 0 0 0 1 4 4 4 4 4 0 0 0 0 2 4 4
Last Time Cost: 00000000 ms
Total Time Cost: 00000178 ms
Total Distance 81: 0 4 4 0 0 0 0 4 4 4 0 4 4 0 0 0 0 3 4 4 4 4 4 0 0 0 0 0 4 4 4 4 4 0 0 0 0 2 4 4
Last Time Cost: 00000001 ms
Total Time Cost: 00000179 ms
Total Distance 80: 0 4 4 0 0 0 0 4 4 4 0 4 4 0 0 0 0 3 4 4 4 4 4 0 0 0 0 0 4 4 4 4 4 0 0 0 0 1 4 4
Last Time Cost: 00000001 ms
Total Time Cost: 00000180 ms
Total Distance 79: 0 4 4 0 0 0 0 4 4 4 0 4 4 0 0 0 0 3 4 4 4 4 4 0 0 0 0 0 4 4 4 4 4 0 0 0 0 0 4 4
Last Time Cost: 00000001 ms
Total Time Cost: 00000181 ms
Total Distance 76: 0 4 4 0 0 0 0 3 4 4 0 4 4 0 0 0 0 2 4 4 4 4 4 0 0 0 0 0 4 4 3 4 4 0 0 0 0 0 4 4
Last Time Cost: 00000003 ms
Total Time Cost: 00000184 ms
Total Distance 74: 0 4 4 0 0 0 0 2 4 4 0 4 4 0 0 0 0 1 4 4 4 4 4 0 0 0 0 0 4 4 3 4 4 0 0 0 0 0 4 4
Last Time Cost: 00000001 ms
Total Time Cost: 00000185 ms
Total Distance 73: 0 4 4 0 0 0 0 2 4 4 0 4 4 0 0 0 0 0 4 4 4 4 4 0 0 0 0 0 4 4 3 4 4 0 0 0 0 0 4 4
Last Time Cost: 00000001 ms
Total Time Cost: 00000186 ms
Total Distance 72: 0 4 4 0 0 0 0 1 4 4 0 4 4 0 0 0 0 0 4 4 4 4 4 0 0 0 0 0 4 4 3 4 4 0 0 0 0 0 4 4
Last Time Cost: 00000001 ms
Total Time Cost: 00000187 ms
Total Distance 71: 0 4 4 0 0 0 0 0 4 4 0 4 4 0 0 0 0 0 4 4 4 4 4 0 0 0 0 0 4 4 3 4 4 0 0 0 0 0 4 4
Last Time Cost: 00000001 ms
Total Time Cost: 00000188 ms
Total Distance 69: 0 4 4 0 0 0 0 0 4 4 0 4 4 0 0 0 0 0 4 4 3 4 4 0 0 0 0 0 4 4 2 4 4 0 0 0 0 0 4 4
Last Time Cost: 00000001 ms
Total Time Cost: 00000189 ms
Total Distance 67: 0 4 4 0 0 0 0 0 4 4 0 4 4 0 0 0 0 0 4 4 2 4 4 0 0 0 0 0 4 4 1 4 4 0 0 0 0 0 4 4
Last Time Cost: 00000001 ms
Total Time Cost: 00000190 ms
Total Distance 66: 0 4 4 0 0 0 0 0 4 4 0 4 4 0 0 0 0 0 4 4 2 4 4 0 0 0 0 0 4 4 0 4 4 0 0 0 0 0 4 4
Last Time Cost: 00000001 ms
Total Time Cost: 00000191 ms
Total Distance 65: 0 4 4 0 0 0 0 0 4 4 0 4 4 0 0 0 0 0 4 4 1 4 4 0 0 0 0 0 4 4 0 4 4 0 0 0 0 0 4 4
Last Time Cost: 00000001 ms
Total Time Cost: 00000192 ms
Total Distance 64: 0 4 4 0 0 0 0 0 4 4 0 4 4 0 0 0 0 0 4 4 0 4 4 0 0 0 0 0 4 4 0 4 4 0 0 0 0 0 4 4
Last Time Cost: 00000003 ms
Total Time Cost: 00000195 ms
Total Distance 61: 0 4 3 0 0 0 0 0 4 4 0 4 4 0 0 0 0 0 4 4 0 4 4 0 0 0 0 0 4 3 0 4 4 0 0 0 0 0 4 3
Last Time Cost: 00000001 ms
Total Time Cost: 00000196 ms
Total Distance 59: 0 4 3 0 0 0 0 0 4 4 0 4 4 0 0 0 0 0 4 4 0 4 4 0 0 0 0 0 4 2 0 4 4 0 0 0 0 0 4 2
Last Time Cost: 00000001 ms
Total Time Cost: 00000197 ms
Total Distance 57: 0 4 3 0 0 0 0 0 4 4 0 4 4 0 0 0 0 0 4 3 0 4 4 0 0 0 0 0 4 1 0 4 4 0 0 0 0 0 4 2
Last Time Cost: 00000001 ms
Total Time Cost: 00000198 ms
Total Distance 56: 0 4 3 0 0 0 0 0 4 4 0 4 4 0 0 0 0 0 4 3 0 4 4 0 0 0 0 0 4 0 0 4 4 0 0 0 0 0 4 2
Last Time Cost: 00000001 ms
Total Time Cost: 00000199 ms
Total Distance 55: 0 4 3 0 0 0 0 0 4 4 0 4 4 0 0 0 0 0 4 3 0 4 4 0 0 0 0 0 4 0 0 4 4 0 0 0 0 0 4 1
Last Time Cost: 00000001 ms
Total Time Cost: 00000200 ms
Total Distance 54: 0 4 3 0 0 0 0 0 4 4 0 4 4 0 0 0 0 0 4 3 0 4 4 0 0 0 0 0 4 0 0 4 4 0 0 0 0 0 4 0
Last Time Cost: 00000002 ms
Total Time Cost: 00000202 ms
Total Distance 51: 0 4 3 0 0 0 0 0 4 3 0 4 4 0 0 0 0 0 4 2 0 4 4 0 0 0 0 0 4 0 0 4 3 0 0 0 0 0 4 0
Last Time Cost: 00000001 ms
Total Time Cost: 00000203 ms
Total Distance 49: 0 4 3 0 0 0 0 0 4 2 0 4 4 0 0 0 0 0 4 1 0 4 4 0 0 0 0 0 4 0 0 4 3 0 0 0 0 0 4 0
Last Time Cost: 00000000 ms
Total Time Cost: 00000203 ms
Total Distance 48: 0 4 3 0 0 0 0 0 4 2 0 4 4 0 0 0 0 0 4 0 0 4 4 0 0 0 0 0 4 0 0 4 3 0 0 0 0 0 4 0
Last Time Cost: 00000001 ms
Total Time Cost: 00000204 ms
Total Distance 47: 0 4 3 0 0 0 0 0 4 1 0 4 4 0 0 0 0 0 4 0 0 4 4 0 0 0 0 0 4 0 0 4 3 0 0 0 0 0 4 0
Last Time Cost: 00000000 ms
Total Time Cost: 00000204 ms
Total Distance 46: 0 4 3 0 0 0 0 0 4 0 0 4 4 0 0 0 0 0 4 0 0 4 4 0 0 0 0 0 4 0 0 4 3 0 0 0 0 0 4 0
Last Time Cost: 00000001 ms
Total Time Cost: 00000205 ms
Total Distance 44: 0 4 2 0 0 0 0 0 4 0 0 4 3 0 0 0 0 0 4 0 0 4 4 0 0 0 0 0 4 0 0 4 3 0 0 0 0 0 4 0
Last Time Cost: 00000001 ms
Total Time Cost: 00000206 ms
Total Distance 42: 0 4 1 0 0 0 0 0 4 0 0 4 2 0 0 0 0 0 4 0 0 4 4 0 0 0 0 0 4 0 0 4 3 0 0 0 0 0 4 0
Last Time Cost: 00000001 ms
Total Time Cost: 00000207 ms
Total Distance 41: 0 4 0 0 0 0 0 0 4 0 0 4 2 0 0 0 0 0 4 0 0 4 4 0 0 0 0 0 4 0 0 4 3 0 0 0 0 0 4 0
Last Time Cost: 00000001 ms
Total Time Cost: 00000208 ms
Total Distance 40: 0 4 0 0 0 0 0 0 4 0 0 4 1 0 0 0 0 0 4 0 0 4 4 0 0 0 0 0 4 0 0 4 3 0 0 0 0 0 4 0
Last Time Cost: 00000000 ms
Total Time Cost: 00000208 ms
Total Distance 39: 0 4 0 0 0 0 0 0 4 0 0 4 0 0 0 0 0 0 4 0 0 4 4 0 0 0 0 0 4 0 0 4 3 0 0 0 0 0 4 0
Last Time Cost: 00000002 ms
Total Time Cost: 00000210 ms
Total Distance 37: 0 4 0 0 0 0 0 0 4 0 0 4 0 0 0 0 0 0 4 0 0 4 3 0 0 0 0 0 4 0 0 4 2 0 0 0 0 0 4 0
Last Time Cost: 00000001 ms
Total Time Cost: 00000211 ms
Total Distance 35: 0 4 0 0 0 0 0 0 4 0 0 4 0 0 0 0 0 0 4 0 0 4 2 0 0 0 0 0 4 0 0 4 1 0 0 0 0 0 4 0
Last Time Cost: 00000000 ms
Total Time Cost: 00000211 ms
Total Distance 34: 0 4 0 0 0 0 0 0 4 0 0 4 0 0 0 0 0 0 4 0 0 4 2 0 0 0 0 0 4 0 0 4 0 0 0 0 0 0 4 0
Last Time Cost: 00000001 ms
Total Time Cost: 00000212 ms
Total Distance 33: 0 4 0 0 0 0 0 0 4 0 0 4 0 0 0 0 0 0 4 0 0 4 1 0 0 0 0 0 4 0 0 4 0 0 0 0 0 0 4 0
Last Time Cost: 00000000 ms
Total Time Cost: 00000212 ms
Total Distance 32: 0 4 0 0 0 0 0 0 4 0 0 4 0 0 0 0 0 0 4 0 0 4 0 0 0 0 0 0 4 0 0 4 0 0 0 0 0 0 4 0
Last Time Cost: 00000004 ms
Total Time Cost: 00000216 ms
Total Distance 29: 0 4 0 0 0 0 0 0 3 0 0 4 0 0 0 0 0 0 3 0 0 4 0 0 0 0 0 0 4 0 0 3 0 0 0 0 0 0 4 0
Last Time Cost: 00000001 ms
Total Time Cost: 00000217 ms
Total Distance 27: 0 4 0 0 0 0 0 0 2 0 0 4 0 0 0 0 0 0 2 0 0 4 0 0 0 0 0 0 4 0 0 3 0 0 0 0 0 0 4 0
Last Time Cost: 00000001 ms
Total Time Cost: 00000218 ms
Total Distance 25: 0 4 0 0 0 0 0 0 2 0 0 4 0 0 0 0 0 0 1 0 0 4 0 0 0 0 0 0 3 0 0 3 0 0 0 0 0 0 4 0
Last Time Cost: 00000001 ms
Total Time Cost: 00000219 ms
Total Distance 24: 0 4 0 0 0 0 0 0 2 0 0 4 0 0 0 0 0 0 0 0 0 4 0 0 0 0 0 0 3 0 0 3 0 0 0 0 0 0 4 0
Last Time Cost: 00000001 ms
Total Time Cost: 00000220 ms
Total Distance 23: 0 4 0 0 0 0 0 0 1 0 0 4 0 0 0 0 0 0 0 0 0 4 0 0 0 0 0 0 3 0 0 3 0 0 0 0 0 0 4 0
Last Time Cost: 00000001 ms
Total Time Cost: 00000221 ms
Total Distance 22: 0 4 0 0 0 0 0 0 0 0 0 4 0 0 0 0 0 0 0 0 0 4 0 0 0 0 0 0 3 0 0 3 0 0 0 0 0 0 4 0
Last Time Cost: 00000001 ms
Total Time Cost: 00000222 ms
Total Distance 19: 0 3 0 0 0 0 0 0 0 0 0 4 0 0 0 0 0 0 0 0 0 4 0 0 0 0 0 0 2 0 0 3 0 0 0 0 0 0 3 0
Last Time Cost: 00000001 ms
Total Time Cost: 00000223 ms
Total Distance 17: 0 3 0 0 0 0 0 0 0 0 0 4 0 0 0 0 0 0 0 0 0 4 0 0 0 0 0 0 1 0 0 3 0 0 0 0 0 0 2 0
Last Time Cost: 00000001 ms
Total Time Cost: 00000224 ms
Total Distance 16: 0 3 0 0 0 0 0 0 0 0 0 4 0 0 0 0 0 0 0 0 0 4 0 0 0 0 0 0 0 0 0 3 0 0 0 0 0 0 2 0
Last Time Cost: 00000001 ms
Total Time Cost: 00000225 ms
Total Distance 15: 0 3 0 0 0 0 0 0 0 0 0 4 0 0 0 0 0 0 0 0 0 4 0 0 0 0 0 0 0 0 0 3 0 0 0 0 0 0 1 0
Last Time Cost: 00000001 ms
Total Time Cost: 00000226 ms
Total Distance 14: 0 3 0 0 0 0 0 0 0 0 0 4 0 0 0 0 0 0 0 0 0 4 0 0 0 0 0 0 0 0 0 3 0 0 0 0 0 0 0 0
Last Time Cost: 00000002 ms
Total Time Cost: 00000228 ms
Total Distance 12: 0 3 0 0 0 0 0 0 0 0 0 4 0 0 0 0 0 0 0 0 0 3 0 0 0 0 0 0 0 0 0 2 0 0 0 0 0 0 0 0
Last Time Cost: 00000001 ms
Total Time Cost: 00000229 ms
Total Distance 10: 0 3 0 0 0 0 0 0 0 0 0 4 0 0 0 0 0 0 0 0 0 2 0 0 0 0 0 0 0 0 0 1 0 0 0 0 0 0 0 0
Last Time Cost: 00000000 ms
Total Time Cost: 00000229 ms
Total Distance 9: 0 3 0 0 0 0 0 0 0 0 0 4 0 0 0 0 0 0 0 0 0 2 0 0 0 0 0 0 0 0 0 0 0 0 0 0 0 0 0 0
Last Time Cost: 00000001 ms
Total Time Cost: 00000230 ms
Total Distance 8: 0 3 0 0 0 0 0 0 0 0 0 4 0 0 0 0 0 0 0 0 0 1 0 0 0 0 0 0 0 0 0 0 0 0 0 0 0 0 0 0
Last Time Cost: 00000000 ms
Total Time Cost: 00000230 ms
Total Distance 7: 0 3 0 0 0 0 0 0 0 0 0 4 0 0 0 0 0 0 0 0 0 0 0 0 0 0 0 0 0 0 0 0 0 0 0 0 0 0 0 0
Last Time Cost: 00000002 ms
Total Time Cost: 00000232 ms
Total Distance 5: 0 2 0 0 0 0 0 0 0 0 0 3 0 0 0 0 0 0 0 0 0 0 0 0 0 0 0 0 0 0 0 0 0 0 0 0 0 0 0 0
Last Time Cost: 00000000 ms
Total Time Cost: 00000232 ms
Total Distance 3: 0 1 0 0 0 0 0 0 0 0 0 2 0 0 0 0 0 0 0 0 0 0 0 0 0 0 0 0 0 0 0 0 0 0 0 0 0 0 0 0
Last Time Cost: 00000000 ms
Total Time Cost: 00000232 ms
Total Distance 2: 0 0 0 0 0 0 0 0 0 0 0 2 0 0 0 0 0 0 0 0 0 0 0 0 0 0 0 0 0 0 0 0 0 0 0 0 0 0 0 0
Last Time Cost: 00000000 ms
Total Time Cost: 00000232 ms
Total Distance 1: 0 0 0 0 0 0 0 0 0 0 0 1 0 0 0 0 0 0 0 0 0 0 0 0 0 0 0 0 0 0 0 0 0 0 0 0 0 0 0 0
Last Time Cost: 00000000 ms
Total Time Cost: 00000232 ms
Total Distance 0: 0 0 0 0 0 0 0 0 0 0 0 0 0 0 0 0 0 0 0 0 0 0 0 0 0 0 0 0 0 0 0 0 0 0 0 0 0 0 0 0
