Last Time Cost: 00000000 ms
Total Time Cost: 00000000 ms
Total Distance 396: 7 10 10 11 9 7 6 6 7 10 10 11 9 7 6 6 7 10 10 11 9 7 6 6 7 10 10 11 9 7 6 6 7 10 10 11 9 7 6 6 7 10 10 11 9 7 6 6
Last Time Cost: 00000678 ms
Total Time Cost: 00000678 ms
Total Distance 390: 7 10 9 10 9 7 6 5 7 10 10 11 9 7 6 6 7 10 10 11 9 7 6 6 7 10 9 10 9 7 6 5 7 10 10 11 9 7 6 6 7 10 10 11 9 7 6 6
Last Time Cost: 00000643 ms
Total Time Cost: 00001321 ms
Total Distance 384: 7 10 9 10 9 7 6 5 7 10 10 11 9 7 6 6 7 10 9 10 9 7 6 5 7 10 9 10 9 7 6 5 7 10 10 11 9 7 6 6 7 10 9 10 9 7 6 5
Last Time Cost: 00000504 ms
Total Time Cost: 00001825 ms
Total Distance 378: 7 10 9 10 9 7 6 5 7 10 9 10 9 7 6 5 7 10 9 10 9 7 6 5 7 10 9 10 9 7 6 5 7 10 9 10 9 7 6 5 7 10 9 10 9 7 6 5
Last Time Cost: 00000351 ms
Total Time Cost: 00002176 ms
Total Distance 373: 7 10 9 10 9 7 6 5 7 10 9 10 9 7 6 5 6 9 9 9 8 7 6 5 7 10 9 10 8 7 6 5 7 10 9 10 9 7 6 5 7 10 9 10 9 7 6 5
Last Time Cost: 00000344 ms
Total Time Cost: 00002520 ms
Total Distance 368: 7 10 9 10 9 7 6 5 7 10 9 10 9 7 6 5 6 9 9 9 8 7 6 5 6 9 9 9 7 7 6 5 7 10 9 10 8 7 6 5 7 10 9 10 9 7 6 5
Last Time Cost: 00000378 ms
Total Time Cost: 00002898 ms
Total Distance 363: 7 10 9 10 9 7 6 5 7 10 9 10 9 7 6 5 6 9 9 9 8 7 6 5 6 9 9 9 7 7 6 5 6 9 9 9 7 7 6 5 7 10 9 10 8 7 6 5
Last Time Cost: 00000401 ms
Total Time Cost: 00003299 ms
Total Distance 358: 7 10 9 10 9 7 6 5 6 9 9 9 8 7 6 5 6 9 9 9 7 7 6 5 6 9 9 9 7 7 6 5 6 9 9 9 7 7 6 5 7 10 9 10 8 7 6 5
Last Time Cost: 00000413 ms
Total Time Cost: 00003712 ms
Total Distance 353: 6 9 9 9 8 7 6 5 6 9 9 9 7 7 6 5 6 9 9 9 7 7 6 5 6 9 9 9 7 7 6 5 6 9 9 9 7 7 6 5 7 10 9 10 8 7 6 5
Last Time Cost: 00000443 ms
Total Time Cost: 00004155 ms
Total Distance 348: 6 9 9 9 7 7 6 5 6 9 9 9 7 7 6 5 6 9 9 9 7 7 6 5 6 9 9 9 7 7 6 5 6 9 9 9 7 7 6 5 6 9 9 9 7 7 6 5
Last Time Cost: 00000470 ms
Total Time Cost: 00004625 ms
Total Distance 344: 6 9 9 9 7 7 6 5 6 8 9 9 7 7 5 5 6 9 9 9 7 7 6 5 6 9 9 9 7 7 6 5 6 8 9 9 7 7 5 5 6 9 9 9 7 7 6 5
Last Time Cost: 00000482 ms
Total Time Cost: 00005107 ms
Total Distance 340: 6 9 9 9 7 7 6 5 6 8 9 9 7 7 5 5 6 8 9 9 7 7 5 5 6 9 9 9 7 7 6 5 6 8 9 9 7 7 5 5 6 8 9 9 7 7 5 5
Last Time Cost: 00000465 ms
Total Time Cost: 00005572 ms
Total Distance 336: 6 8 9 9 7 7 5 5 6 8 9 9 7 7 5 5 6 8 9 9 7 7 5 5 6 8 9 9 7 7 5 5 6 8 9 9 7 7 5 5 6 8 9 9 7 7 5 5
Last Time Cost: 00000462 ms
Total Time Cost: 00006034 ms
Total Distance 333: 6 8 9 8 7 7 5 4 6 8 9 9 7 7 5 5 6 8 9 9 7 7 5 5 6 8 8 9 7 7 5 5 6 8 9 9 7 7 5 5 6 8 9 9 7 7 5 5
Last Time Cost: 00000437 ms
Total Time Cost: 00006471 ms
Total Distance 330: 5 8 9 8 7 7 5 4 6 8 8 9 7 7 5 5 6 8 9 9 7 7 5 5 5 8 8 9 7 7 5 5 6 8 9 9 7 7 5 5 6 8 9 9 7 7 5 5
Last Time Cost: 00000460 ms
Total Time Cost: 00006931 ms
Total Distance 327: 5 8 9 8 7 7 5 4 6 8 7 9 7 7 5 5 6 7 9 9 7 7 5 5 5 8 8 9 7 7 5 5 6 8 9 9 7 7 5 5 5 8 9 9 7 7 5 5
Last Time Cost: 00000503 ms
Total Time Cost: 00007434 ms
Total Distance 324: 5 7 9 8 7 7 5 4 6 8 7 9 7 7 5 5 6 7 9 9 7 7 5 5 4 8 8 9 7 7 5 5 6 8 9 9 7 7 5 5 5 8 8 9 7 7 5 5
Last Time Cost: 00000506 ms
Total Time Cost: 00007940 ms
Total Distance 321: 5 6 8 8 7 7 5 4 6 8 7 9 7 7 5 5 6 7 9 9 7 7 5 5 4 8 8 9 7 7 5 4 6 8 9 9 7 7 5 5 5 8 8 9 7 7 5 5
Last Time Cost: 00000495 ms
Total Time Cost: 00008435 ms
Total Distance 318: 5 6 7 8 7 7 5 4 6 8 7 9 7 7 5 5 5 7 9 9 7 7 5 5 4 8 8 9 7 7 5 4 6 7 9 9 7 7 5 5 5 8 8 9 7 7 5 5
Last Time Cost: 00000549 ms
Total Time Cost: 00008984 ms
Total Distance 315: 5 6 7 8 7 7 5 4 6 8 7 8 7 7 5 5 5 7 9 9 7 7 5 5 4 8 8 9 7 7 5 4 6 7 9 8 7 7 5 4 5 8 8 9 7 7 5 5
Last Time Cost: 00000463 ms
Total Time Cost: 00009447 ms
Total Distance 312: 5 6 7 8 7 7 5 4 5 8 7 8 7 7 5 5 5 7 9 9 7 7 5 5 4 8 8 9 7 7 5 4 5 7 9 8 7 7 5 4 5 8 7 9 7 7 5 5
Last Time Cost: 00000509 ms
Total Time Cost: 00009956 ms
Total Distance 309: 5 6 7 8 7 7 5 4 5 8 7 8 7 7 5 5 5 7 8 9 7 7 5 5 4 8 8 9 7 7 5 4 5 7 9 8 7 7 5 4 5 8 7 8 7 7 5 4
Last Time Cost: 00000377 ms
Total Time Cost: 00010333 ms
Total Distance 306: 5 5 7 8 7 7 5 4 5 8 7 8 7 7 5 5 5 7 8 9 7 7 5 5 4 7 8 9 7 7 5 4 5 7 9 7 7 7 5 4 5 8 7 8 7 7 5 4
Last Time Cost: 00000412 ms
Total Time Cost: 00010745 ms
Total Distance 303: 5 5 6 7 7 7 5 4 5 8 7 8 7 7 5 5 5 7 8 9 7 7 5 5 4 7 7 9 7 7 5 4 5 7 9 7 7 7 5 4 5 8 7 8 7 7 5 4
Last Time Cost: 00000448 ms
Total Time Cost: 00011193 ms
Total Distance 300: 5 5 6 7 7 7 5 4 5 8 6 8 7 7 5 5 5 7 8 9 7 7 5 5 4 7 7 9 7 7 5 4 5 7 8 6 7 7 5 4 5 8 7 8 7 7 5 4
Last Time Cost: 00000354 ms
Total Time Cost: 00011547 ms
Total Distance 297: 5 5 6 7 7 7 5 4 5 7 6 8 7 7 5 5 5 7 8 9 7 7 5 5 4 7 7 9 7 7 5 4 5 6 8 6 7 7 5 4 5 8 7 7 7 7 5 4
Last Time Cost: 00000396 ms
Total Time Cost: 00011943 ms
Total Distance 295: 4 5 6 7 7 7 5 4 5 7 6 8 7 7 5 5 5 7 8 9 7 7 5 5 3 7 7 9 7 7 5 4 5 6 8 6 7 7 5 4 5 8 7 7 7 7 5 4
Last Time Cost: 00000425 ms
Total Time Cost: 00012368 ms
Total Distance 292: 4 5 6 7 7 7 5 4 5 7 5 7 7 7 5 5 5 7 8 9 7 7 5 5 3 7 7 9 7 7 5 4 5 6 7 6 7 7 5 4 5 8 7 7 7 7 5 4
Last Time Cost: 00000457 ms
Total Time Cost: 00012825 ms
Total Distance 290: 4 5 6 7 7 7 5 4 5 7 5 7 7 7 5 4 5 7 8 9 7 7 5 5 3 7 7 9 7 7 5 4 5 6 7 6 7 7 4 4 5 8 7 7 7 7 5 4
Last Time Cost: 00000501 ms
Total Time Cost: 00013326 ms
Total Distance 288: 4 5 6 7 7 7 5 3 5 7 5 7 7 7 5 4 5 7 8 9 7 7 5 5 3 7 7 9 7 7 5 4 5 5 7 6 7 7 4 4 5 8 7 7 7 7 5 4
Last Time Cost: 00000534 ms
Total Time Cost: 00013860 ms
Total Distance 285: 4 5 6 7 7 7 5 3 5 7 5 7 6 7 5 4 5 7 8 9 7 7 5 5 3 7 7 8 7 7 5 4 5 5 7 6 7 7 4 4 5 8 7 7 7 7 4 4
Last Time Cost: 00000395 ms
Total Time Cost: 00014255 ms
Total Distance 283: 4 5 6 7 7 7 5 3 5 7 5 7 6 7 5 4 5 7 8 9 7 7 5 5 3 7 7 8 7 7 5 4 4 4 7 6 7 7 4 4 5 8 7 7 7 7 4 4
Last Time Cost: 00000425 ms
Total Time Cost: 00014680 ms
Total Distance 281: 4 5 6 7 7 7 5 2 5 7 5 7 6 7 5 4 5 7 8 9 7 7 5 5 3 7 7 8 7 6 5 4 4 4 7 6 7 7 4 4 5 8 7 7 7 7 4 4
Last Time Cost: 00000453 ms
Total Time Cost: 00015133 ms
Total Distance 278: 4 5 6 7 7 7 5 2 5 7 5 7 6 7 5 4 5 6 8 8 7 7 5 5 3 7 7 8 7 6 5 4 4 4 7 6 7 7 4 4 5 8 7 7 7 7 3 4
Last Time Cost: 00000234 ms
Total Time Cost: 00015367 ms
Total Distance 275: 4 5 6 7 7 7 5 2 5 7 5 7 6 7 5 4 4 6 8 8 7 7 5 5 3 7 7 8 7 6 5 4 4 4 6 6 7 7 4 4 4 8 7 7 7 7 3 4
Last Time Cost: 00000239 ms
Total Time Cost: 00015606 ms
Total Distance 273: 4 5 6 7 7 7 5 2 5 7 5 7 6 7 5 4 3 6 8 8 7 7 5 5 3 7 7 8 7 6 5 4 4 4 6 6 7 7 4 4 3 8 7 7 7 7 3 4
Last Time Cost: 00000255 ms
Total Time Cost: 00015861 ms
Total Distance 271: 4 5 6 7 7 7 5 2 5 7 5 7 6 7 5 3 3 6 8 8 7 7 5 5 3 7 7 8 7 5 5 4 4 4 6 6 7 7 4 4 3 8 7 7 7 7 3 4
Last Time Cost: 00000272 ms
Total Time Cost: 00016133 ms
Total Distance 269: 4 5 6 7 7 7 5 2 5 7 5 7 6 7 5 3 3 6 8 8 7 7 5 5 3 7 7 8 7 4 5 4 4 4 6 6 7 7 4 3 3 8 7 7 7 7 3 4
Last Time Cost: 00000287 ms
Total Time Cost: 00016420 ms
Total Distance 267: 4 5 6 7 7 7 5 2 5 7 5 7 6 6 5 3 3 6 8 8 7 7 5 5 3 7 7 8 7 4 5 4 4 4 6 6 7 7 4 2 3 8 7 7 7 7 3 4
Last Time Cost: 00000294 ms
Total Time Cost: 00016714 ms
Total Distance 265: 4 5 6 7 7 7 5 2 5 7 5 7 6 5 5 3 3 6 8 8 7 7 5 5 3 7 7 8 7 4 5 4 4 4 6 6 7 7 3 2 3 8 7 7 7 7 3 4
Last Time Cost: 00000315 ms
Total Time Cost: 00017029 ms
Total Distance 262: 4 5 6 7 7 6 5 2 5 7 5 7 6 5 5 3 3 6 8 8 7 7 5 5 3 7 7 8 6 4 5 4 4 4 6 6 7 7 3 2 3 8 7 6 7 7 3 4
Last Time Cost: 00000290 ms
Total Time Cost: 00017319 ms
Total Distance 259: 4 5 6 7 7 6 5 2 5 7 5 7 6 5 4 3 3 6 8 8 7 7 5 4 3 7 7 8 6 4 5 4 4 4 6 6 7 6 3 2 3 8 7 6 7 7 3 4
Last Time Cost: 00000292 ms
Total Time Cost: 00017611 ms
Total Distance 257: 4 5 6 7 7 6 5 2 5 7 5 7 6 5 3 3 3 6 8 8 7 7 5 4 3 7 7 8 6 4 5 4 4 4 6 6 7 5 3 2 3 8 7 6 7 7 3 4
Last Time Cost: 00000310 ms
Total Time Cost: 00017921 ms
Total Distance 255: 4 5 6 7 7 6 5 2 5 7 5 7 6 5 3 3 3 6 8 8 7 7 4 4 3 7 7 8 6 4 5 4 4 4 6 6 7 4 3 2 3 8 7 6 7 7 3 4
Last Time Cost: 00000349 ms
Total Time Cost: 00018270 ms
Total Distance 252: 4 5 6 7 6 6 5 2 5 7 5 7 6 5 3 3 3 6 8 8 7 6 4 4 3 7 7 8 6 4 4 4 4 4 6 6 7 4 3 2 3 8 7 6 7 7 3 4
Last Time Cost: 00000308 ms
Total Time Cost: 00018578 ms
Total Distance 250: 4 5 6 7 6 6 5 2 5 6 5 7 6 5 3 3 3 6 8 8 7 6 4 4 3 7 7 8 6 4 4 4 4 4 6 6 7 4 3 2 2 8 7 6 7 7 3 4
Last Time Cost: 00000311 ms
Total Time Cost: 00018889 ms
Total Distance 248: 4 5 6 7 6 6 5 2 5 5 5 7 6 5 3 3 3 6 8 8 7 6 4 4 3 7 7 8 6 4 4 4 4 3 6 6 7 4 3 2 2 8 7 6 7 7 3 4
Last Time Cost: 00000326 ms
Total Time Cost: 00019215 ms
Total Distance 246: 4 5 6 7 6 6 5 2 5 5 5 7 6 5 3 3 3 6 8 8 7 5 4 4 3 7 7 8 6 4 4 4 4 3 6 6 7 4 3 2 2 8 7 6 7 7 3 3
Last Time Cost: 00000347 ms
Total Time Cost: 00019562 ms
Total Distance 244: 4 5 6 7 6 6 5 2 5 5 5 7 6 5 3 3 3 6 8 8 7 5 4 4 3 6 7 8 6 4 4 4 4 3 6 6 7 4 3 2 2 8 7 6 7 7 3 2
Last Time Cost: 00000351 ms
Total Time Cost: 00019913 ms
Total Distance 242: 4 5 6 7 6 6 5 2 5 5 5 7 6 5 3 3 3 6 8 8 7 5 4 4 3 6 7 8 6 4 3 4 4 3 6 6 7 4 3 2 2 8 7 6 7 6 3 2
Last Time Cost: 00000341 ms
Total Time Cost: 00020254 ms
Total Distance 240: 4 5 6 7 6 6 5 2 5 5 5 7 6 5 3 3 3 6 8 8 7 5 4 4 3 6 7 8 6 4 3 3 4 3 6 6 7 4 3 2 2 8 7 6 7 5 3 2
Last Time Cost: 00000359 ms
Total Time Cost: 00020613 ms
Total Distance 238: 4 5 6 7 6 5 5 2 5 5 5 7 6 5 3 3 3 6 8 8 7 5 4 4 3 6 7 8 6 4 3 3 4 3 6 6 7 4 3 1 2 8 7 6 7 5 3 2
Last Time Cost: 00000003 ms
Total Time Cost: 00020616 ms
Total Distance 237: 4 5 6 7 6 5 5 2 5 5 5 7 6 5 3 3 3 6 8 8 7 5 4 4 3 6 7 8 6 4 3 3 4 3 6 6 7 4 3 0 2 8 7 6 7 5 3 2
Last Time Cost: 00000406 ms
Total Time Cost: 00021022 ms
Total Distance 235: 4 5 6 7 6 5 5 2 5 5 4 7 6 5 3 3 3 6 8 8 7 5 4 4 3 6 7 8 6 4 3 3 4 3 5 6 7 4 3 0 2 8 7 6 7 5 3 2
Last Time Cost: 00000420 ms
Total Time Cost: 00021442 ms
Total Distance 233: 4 5 6 7 6 5 5 2 5 5 3 7 6 5 3 3 3 6 8 8 7 5 4 4 3 6 7 8 6 4 3 3 4 3 4 6 7 4 3 0 2 8 7 6 7 5 3 2
Last Time Cost: 00000447 ms
Total Time Cost: 00021889 ms
Total Distance 231: 4 5 6 7 6 5 5 2 5 4 3 7 6 5 3 3 3 6 8 8 7 5 4 4 3 6 7 8 6 4 3 3 4 3 3 6 7 4 3 0 2 8 7 6 7 5 3 2
Last Time Cost: 00000470 ms
Total Time Cost: 00022359 ms
Total Distance 229: 4 5 6 7 6 5 5 2 5 4 3 7 6 5 3 3 3 6 8 8 7 5 4 3 3 6 7 8 6 4 3 3 4 3 3 6 7 4 3 0 2 8 6 6 7 5 3 2
Last Time Cost: 00000462 ms
Total Time Cost: 00022821 ms
Total Distance 227: 4 4 6 7 6 5 5 2 5 4 3 7 6 5 3 3 3 6 8 8 7 5 4 3 3 5 7 8 6 4 3 3 4 3 3 6 7 4 3 0 2 8 6 6 7 5 3 2
Last Time Cost: 00000486 ms
Total Time Cost: 00023307 ms
Total Distance 225: 4 4 6 7 6 5 5 2 4 4 3 7 6 5 3 3 3 6 8 8 7 5 4 3 3 5 7 8 6 4 3 3 4 3 3 6 7 4 3 0 2 8 5 6 7 5 3 2
Last Time Cost: 00000514 ms
Total Time Cost: 00023821 ms
Total Distance 223: 4 4 6 7 6 5 5 2 4 4 3 7 6 5 3 3 3 6 8 8 7 5 3 3 3 5 7 8 6 4 3 3 4 3 3 6 6 4 3 0 2 8 5 6 7 5 3 2
Last Time Cost: 00000508 ms
Total Time Cost: 00024329 ms
Total Distance 221: 4 4 6 7 5 5 5 2 4 4 3 7 6 5 3 3 3 6 8 8 7 5 3 3 3 5 7 8 6 4 3 3 4 3 3 6 6 4 3 0 2 8 4 6 7 5 3 2
Last Time Cost: 00000532 ms
Total Time Cost: 00024861 ms
Total Distance 219: 4 4 6 7 5 5 5 2 3 4 3 7 6 5 3 3 3 6 8 8 7 5 3 3 3 5 6 8 6 4 3 3 4 3 3 6 6 4 3 0 2 8 4 6 7 5 3 2
Last Time Cost: 00000503 ms
Total Time Cost: 00025364 ms
Total Distance 217: 4 4 6 7 5 5 4 2 3 4 3 7 6 5 3 3 3 6 8 8 7 5 3 3 3 5 6 8 6 4 3 3 4 3 3 6 5 4 3 0 2 8 4 6 7 5 3 2
Last Time Cost: 00000524 ms
Total Time Cost: 00025888 ms
Total Distance 215: 4 3 6 7 5 5 4 2 3 4 3 7 6 5 3 3 3 6 8 8 7 5 3 3 3 5 6 7 6 4 3 3 4 3 3 6 5 4 3 0 2 8 4 6 7 5 3 2
Last Time Cost: 00000561 ms
Total Time Cost: 00026449 ms
Total Distance 213: 4 3 5 7 5 5 4 2 3 4 3 7 6 5 3 3 3 6 8 8 7 5 3 3 3 5 5 7 6 4 3 3 4 3 3 6 5 4 3 0 2 8 4 6 7 5 3 2
Last Time Cost: 00000555 ms
Total Time Cost: 00027004 ms
Total Distance 211: 4 3 4 7 5 5 4 2 3 4 3 7 6 5 3 3 3 6 8 8 7 5 3 3 3 5 4 7 6 4 3 3 4 3 3 6 5 4 3 0 2 8 4 6 7 5 3 2
Last Time Cost: 00000588 ms
Total Time Cost: 00027592 ms
Total Distance 209: 4 3 4 7 5 5 4 2 3 4 3 7 6 5 3 3 3 6 7 8 7 5 3 3 3 5 4 7 6 3 3 3 4 3 3 6 5 4 3 0 2 8 4 6 7 5 3 2
Last Time Cost: 00000581 ms
Total Time Cost: 00028173 ms
Total Distance 207: 4 3 4 7 5 5 4 2 3 4 3 6 6 5 3 3 3 6 7 8 7 5 3 3 3 5 4 7 6 3 3 3 4 3 3 6 4 4 3 0 2 8 4 6 7 5 3 2
Last Time Cost: 00000545 ms
Total Time Cost: 00028718 ms
Total Distance 205: 4 3 4 7 5 5 4 2 3 4 3 6 6 5 3 3 3 6 7 8 7 5 3 3 3 4 4 7 6 3 3 3 4 3 3 5 4 4 3 0 2 8 4 6 7 5 3 2
Last Time Cost: 00000598 ms
Total Time Cost: 00029316 ms
Total Distance 203: 4 3 4 7 5 5 4 2 3 4 3 5 6 5 3 3 3 6 7 8 7 5 3 3 3 4 4 7 6 3 3 3 4 3 3 4 4 4 3 0 2 8 4 6 7 5 3 2
Last Time Cost: 00000602 ms
Total Time Cost: 00029918 ms
Total Distance 201: 4 3 4 7 5 5 4 2 3 4 3 5 6 4 3 3 3 6 7 8 7 5 3 3 3 4 4 6 6 3 3 3 4 3 3 4 4 4 3 0 2 8 4 6 7 5 3 2
Last Time Cost: 00000566 ms
Total Time Cost: 00030484 ms
Total Distance 199: 4 3 4 7 5 5 4 2 3 4 3 4 6 4 3 3 3 6 7 8 6 5 3 3 3 4 4 6 6 3 3 3 4 3 3 4 4 4 3 0 2 8 4 6 7 5 3 2
Last Time Cost: 00000517 ms
Total Time Cost: 00031001 ms
Total Distance 197: 4 3 4 7 5 5 4 2 3 4 3 4 6 4 3 3 3 6 6 8 6 5 3 3 3 4 4 6 5 3 3 3 4 3 3 4 4 4 3 0 2 8 4 6 7 5 3 2
Last Time Cost: 00000508 ms
Total Time Cost: 00031509 ms
Total Distance 195: 4 3 4 7 5 5 4 2 3 4 3 4 6 4 3 3 3 6 5 8 6 5 3 3 3 4 4 6 5 3 3 3 4 3 3 4 4 4 3 0 2 8 4 5 7 5 3 2
Last Time Cost: 00000473 ms
Total Time Cost: 00031982 ms
Total Distance 193: 4 3 4 7 5 5 4 2 3 4 3 4 6 4 3 3 3 6 5 7 6 5 3 3 3 4 4 6 5 3 3 3 4 3 3 4 4 4 3 0 2 8 4 4 7 5 3 2
Last Time Cost: 00000454 ms
Total Time Cost: 00032436 ms
Total Distance 191: 4 3 4 6 5 5 4 2 3 4 3 4 6 4 3 3 3 5 5 7 6 5 3 3 3 4 4 6 5 3 3 3 4 3 3 4 4 4 3 0 2 8 4 4 7 5 3 2
Last Time Cost: 00000366 ms
Total Time Cost: 00032802 ms
Total Distance 189: 4 3 4 6 5 5 4 2 3 4 3 4 6 4 3 3 3 5 5 7 6 5 3 3 3 4 4 6 5 3 3 3 3 3 3 4 4 4 3 0 2 7 4 4 7 5 3 2
Last Time Cost: 00000318 ms
Total Time Cost: 00033120 ms
Total Distance 187: 4 3 4 5 5 5 4 2 3 4 3 4 5 4 3 3 3 5 5 7 6 5 3 3 3 4 4 6 5 3 3 3 3 3 3 4 4 4 3 0 2 7 4 4 7 5 3 2
Last Time Cost: 00000336 ms
Total Time Cost: 00033456 ms
Total Distance 185: 4 3 4 5 5 5 4 2 3 4 3 4 5 4 3 3 3 4 5 7 6 5 3 3 3 4 4 6 5 3 3 3 3 3 3 4 4 4 3 0 2 6 4 4 7 5 3 2
Last Time Cost: 00000232 ms
Total Time Cost: 00033688 ms
Total Distance 183: 4 3 4 5 5 5 4 2 3 4 3 4 5 4 3 3 3 4 5 7 5 5 3 3 3 4 4 6 5 3 3 3 3 3 3 4 4 4 3 0 2 6 4 4 6 5 3 2
Last Time Cost: 00000138 ms
Total Time Cost: 00033826 ms
Total Distance 182: 4 3 4 5 5 5 4 2 3 4 3 4 5 4 3 3 3 4 5 7 5 5 3 3 3 4 4 6 5 3 3 3 3 3 3 4 4 4 3 0 1 6 4 4 6 5 3 2
Last Time Cost: 00000004 ms
Total Time Cost: 00033830 ms
Total Distance 181: 4 3 4 5 5 5 4 2 3 4 3 4 5 4 3 3 3 4 5 7 5 5 3 3 3 4 4 6 5 3 3 3 3 3 3 4 4 4 3 0 0 6 4 4 6 5 3 2
Last Time Cost: 00000149 ms
Total Time Cost: 00033979 ms
Total Distance 179: 4 3 4 5 5 5 4 2 3 4 3 4 5 4 3 3 3 3 5 7 5 5 3 3 3 4 4 6 5 3 3 3 3 3 3 4 4 4 3 0 0 5 4 4 6 5 3 2
Last Time Cost: 00000156 ms
Total Time Cost: 00034135 ms
Total Distance 178: 4 3 4 5 5 5 4 2 3 4 3 4 5 4 3 3 3 3 5 7 5 5 3 3 3 4 4 6 5 3 3 3 3 3 3 4 4 4 3 0 0 5 4 4 6 5 3 1
Last Time Cost: 00000001 ms
Total Time Cost: 00034136 ms
Total Distance 177: 4 3 4 5 5 5 4 2 3 4 3 4 5 4 3 3 3 3 5 7 5 5 3 3 3 4 4 6 5 3 3 3 3 3 3 4 4 4 3 0 0 5 4 4 6 5 3 0
Last Time Cost: 00000172 ms
Total Time Cost: 00034308 ms
Total Distance 176: 4 3 4 5 5 5 4 1 3 4 3 4 5 4 3 3 3 3 5 7 5 5 3 3 3 4 4 6 5 3 3 3 3 3 3 4 4 4 3 0 0 5 4 4 6 5 3 0
Last Time Cost: 00000001 ms
Total Time Cost: 00034309 ms
Total Distance 175: 4 3 4 5 5 5 4 0 3 4 3 4 5 4 3 3 3 3 5 7 5 5 3 3 3 4 4 6 5 3 3 3 3 3 3 4 4 4 3 0 0 5 4 4 6 5 3 0
Last Time Cost: 00000184 ms
Total Time Cost: 00034493 ms
Total Distance 174: 4 3 4 5 5 5 4 0 3 4 3 4 5 4 3 3 3 3 5 7 5 5 2 3 3 4 4 6 5 3 3 3 3 3 3 4 4 4 3 0 0 5 4 4 6 5 3 0
Last Time Cost: 00000001 ms
Total Time Cost: 00034494 ms
Total Distance 173: 4 3 4 5 5 5 4 0 3 4 3 4 5 4 3 3 3 3 5 7 5 5 1 3 3 4 4 6 5 3 3 3 3 3 3 4 4 4 3 0 0 5 4 4 6 5 3 0
Last Time Cost: 00000001 ms
Total Time Cost: 00034495 ms
Total Distance 172: 4 3 4 5 5 5 4 0 3 4 3 4 5 4 3 3 3 3 5 7 5 5 0 3 3 4 4 6 5 3 3 3 3 3 3 4 4 4 3 0 0 5 4 4 6 5 3 0
Last Time Cost: 00000202 ms
Total Time Cost: 00034697 ms
Total Distance 171: 4 3 4 5 5 5 4 0 3 4 3 4 5 4 3 3 2 3 5 7 5 5 0 3 3 4 4 6 5 3 3 3 3 3 3 4 4 4 3 0 0 5 4 4 6 5 3 0
Last Time Cost: 00000001 ms
Total Time Cost: 00034698 ms
Total Distance 170: 4 3 4 5 5 5 4 0 3 4 3 4 5 4 3 3 1 3 5 7 5 5 0 3 3 4 4 6 5 3 3 3 3 3 3 4 4 4 3 0 0 5 4 4 6 5 3 0
Last Time Cost: 00000001 ms
Total Time Cost: 00034699 ms
Total Distance 169: 4 3 4 5 5 5 4 0 3 4 3 4 5 4 3 3 0 3 5 7 5 5 0 3 3 4 4 6 5 3 3 3 3 3 3 4 4 4 3 0 0 5 4 4 6 5 3 0
Last Time Cost: 00000225 ms
Total Time Cost: 00034924 ms
Total Distance 168: 4 3 4 5 5 5 4 0 3 4 2 4 5 4 3 3 0 3 5 7 5 5 0 3 3 4 4 6 5 3 3 3 3 3 3 4 4 4 3 0 0 5 4 4 6 5 3 0
Last Time Cost: 00000001 ms
Total Time Cost: 00034925 ms
Total Distance 167: 4 3 4 5 5 5 4 0 3 4 1 4 5 4 3 3 0 3 5 7 5 5 0 3 3 4 4 6 5 3 3 3 3 3 3 4 4 4 3 0 0 5 4 4 6 5 3 0
Last Time Cost: 00000001 ms
Total Time Cost: 00034926 ms
Total Distance 166: 4 3 4 5 5 5 4 0 3 4 0 4 5 4 3 3 0 3 5 7 5 5 0 3 3 4 4 6 5 3 3 3 3 3 3 4 4 4 3 0 0 5 4 4 6 5 3 0
Last Time Cost: 00000259 ms
Total Time Cost: 00035185 ms
Total Distance 165: 4 3 4 5 5 5 4 0 3 4 0 4 5 4 2 3 0 3 5 7 5 5 0 3 3 4 4 6 5 3 3 3 3 3 3 4 4 4 3 0 0 5 4 4 6 5 3 0
Last Time Cost: 00000001 ms
Total Time Cost: 00035186 ms
Total Distance 164: 4 3 4 5 5 5 4 0 3 4 0 4 5 4 1 3 0 3 5 7 5 5 0 3 3 4 4 6 5 3 3 3 3 3 3 4 4 4 3 0 0 5 4 4 6 5 3 0
Last Time Cost: 00000001 ms
Total Time Cost: 00035187 ms
Total Distance 163: 4 3 4 5 5 5 4 0 3 4 0 4 5 4 0 3 0 3 5 7 5 5 0 3 3 4 4 6 5 3 3 3 3 3 3 4 4 4 3 0 0 5 4 4 6 5 3 0
Last Time Cost: 00000288 ms
Total Time Cost: 00035475 ms
Total Distance 162: 4 3 4 5 5 5 4 0 2 4 0 4 5 4 0 3 0 3 5 7 5 5 0 3 3 4 4 6 5 3 3 3 3 3 3 4 4 4 3 0 0 5 4 4 6 5 3 0
Last Time Cost: 00000001 ms
Total Time Cost: 00035476 ms
Total Distance 161: 4 3 4 5 5 5 4 0 1 4 0 4 5 4 0 3 0 3 5 7 5 5 0 3 3 4 4 6 5 3 3 3 3 3 3 4 4 4 3 0 0 5 4 4 6 5 3 0
Last Time Cost: 00000001 ms
Total Time Cost: 00035477 ms
Total Distance 160: 4 3 4 5 5 5 4 0 0 4 0 4 5 4 0 3 0 3 5 7 5 5 0 3 3 4 4 6 5 3 3 3 3 3 3 4 4 4 3 0 0 5 4 4 6 5 3 0
Last Time Cost: 00000322 ms
Total Time Cost: 00035799 ms
Total Distance 159: 4 3 4 5 5 5 4 0 0 4 0 4 5 4 0 3 0 3 5 7 5 5 0 3 3 4 4 6 5 3 2 3 3 3 3 4 4 4 3 0 0 5 4 4 6 5 3 0
Last Time Cost: 00000001 ms
Total Time Cost: 00035800 ms
Total Distance 158: 4 3 4 5 5 5 4 0 0 4 0 4 5 4 0 3 0 3 5 7 5 5 0 3 3 4 4 6 5 3 1 3 3 3 3 4 4 4 3 0 0 5 4 4 6 5 3 0
Last Time Cost: 00000001 ms
Total Time Cost: 00035801 ms
Total Distance 157: 4 3 4 5 5 5 4 0 0 4 0 4 5 4 0 3 0 3 5 7 5 5 0 3 3 4 4 6 5 3 0 3 3 3 3 4 4 4 3 0 0 5 4 4 6 5 3 0
Last Time Cost: 00000369 ms
Total Time Cost: 00036170 ms
Total Distance 156: 4 3 4 5 5 5 4 0 0 4 0 4 5 4 0 3 0 3 5 7 5 5 0 3 3 4 4 6 5 3 0 3 3 3 3 4 4 4 2 0 0 5 4 4 6 5 3 0
Last Time Cost: 00000001 ms
Total Time Cost: 00036171 ms
Total Distance 155: 4 3 4 5 5 5 4 0 0 4 0 4 5 4 0 3 0 3 5 7 5 5 0 3 3 4 4 6 5 3 0 3 3 3 3 4 4 4 1 0 0 5 4 4 6 5 3 0
Last Time Cost: 00000001 ms
Total Time Cost: 00036172 ms
Total Distance 154: 4 3 4 5 5 5 4 0 0 4 0 4 5 4 0 3 0 3 5 7 5 5 0 3 3 4 4 6 5 3 0 3 3 3 3 4 4 4 0 0 0 5 4 4 6 5 3 0
Last Time Cost: 00000405 ms
Total Time Cost: 00036577 ms
Total Distance 153: 4 3 4 5 5 5 4 0 0 4 0 4 5 4 0 3 0 3 5 7 5 5 0 3 3 4 4 6 5 3 0 3 3 3 2 4 4 4 0 0 0 5 4 4 6 5 3 0
Last Time Cost: 00000001 ms
Total Time Cost: 00036578 ms
Total Distance 152: 4 3 4 5 5 5 4 0 0 4 0 4 5 4 0 3 0 3 5 7 5 5 0 3 3 4 4 6 5 3 0 3 3 3 1 4 4 4 0 0 0 5 4 4 6 5 3 0
Last Time Cost: 00000001 ms
Total Time Cost: 00036579 ms
Total Distance 151: 4 3 4 5 5 5 4 0 0 4 0 4 5 4 0 3 0 3 5 7 5 5 0 3 3 4 4 6 5 3 0 3 3 3 0 4 4 4 0 0 0 5 4 4 6 5 3 0
Last Time Cost: 00000455 ms
Total Time Cost: 00037034 ms
Total Distance 150: 4 3 4 5 5 5 4 0 0 4 0 4 5 4 0 3 0 3 5 7 5 5 0 2 3 4 4 6 5 3 0 3 3 3 0 4 4 4 0 0 0 5 4 4 6 5 3 0
Last Time Cost: 00000001 ms
Total Time Cost: 00037035 ms
Total Distance 149: 4 3 4 5 5 5 4 0 0 4 0 4 5 4 0 3 0 3 5 7 5 5 0 1 3 4 4 6 5 3 0 3 3 3 0 4 4 4 0 0 0 5 4 4 6 5 3 0
Last Time Cost: 00000001 ms
Total Time Cost: 00037036 ms
Total Distance 148: 4 3 4 5 5 5 4 0 0 4 0 4 5 4 0 3 0 3 5 7 5 5 0 0 3 4 4 6 5 3 0 3 3 3 0 4 4 4 0 0 0 5 4 4 6 5 3 0
Last Time Cost: 00000500 ms
Total Time Cost: 00037536 ms
Total Distance 147: 4 2 4 5 5 5 4 0 0 4 0 4 5 4 0 3 0 3 5 7 5 5 0 0 3 4 4 6 5 3 0 3 3 3 0 4 4 4 0 0 0 5 4 4 6 5 3 0
Last Time Cost: 00000001 ms
Total Time Cost: 00037537 ms
Total Distance 146: 4 1 4 5 5 5 4 0 0 4 0 4 5 4 0 3 0 3 5 7 5 5 0 0 3 4 4 6 5 3 0 3 3 3 0 4 4 4 0 0 0 5 4 4 6 5 3 0
Last Time Cost: 00000001 ms
Total Time Cost: 00037538 ms
Total Distance 145: 4 0 4 5 5 5 4 0 0 4 0 4 5 4 0 3 0 3 5 7 5 5 0 0 3 4 4 6 5 3 0 3 3 3 0 4 4 4 0 0 0 5 4 4 6 5 3 0
Last Time Cost: 00000579 ms
Total Time Cost: 00038117 ms
Total Distance 144: 4 0 4 5 5 5 4 0 0 4 0 4 5 4 0 3 0 3 5 7 5 5 0 0 3 4 4 6 5 3 0 3 3 3 0 4 4 4 0 0 0 5 4 4 6 5 2 0
Last Time Cost: 00000001 ms
Total Time Cost: 00038118 ms
Total Distance 143: 4 0 4 5 5 5 4 0 0 4 0 4 5 4 0 3 0 3 5 7 5 5 0 0 3 4 4 6 5 3 0 3 3 3 0 4 4 4 0 0 0 5 4 4 6 5 1 0
Last Time Cost: 00000001 ms
Total Time Cost: 00038119 ms
Total Distance 142: 4 0 4 5 5 5 4 0 0 4 0 4 5 4 0 3 0 3 5 7 5 5 0 0 3 4 4 6 5 3 0 3 3 3 0 4 4 4 0 0 0 5 4 4 6 5 0 0
Last Time Cost: 00000647 ms
Total Time Cost: 00038766 ms
Total Distance 141: 4 0 4 5 5 5 4 0 0 4 0 4 5 4 0 3 0 3 5 7 5 5 0 0 2 4 4 6 5 3 0 3 3 3 0 4 4 4 0 0 0 5 4 4 6 5 0 0
Last Time Cost: 00000001 ms
Total Time Cost: 00038767 ms
Total Distance 140: 4 0 4 5 5 5 4 0 0 4 0 4 5 4 0 3 0 3 5 7 5 5 0 0 1 4 4 6 5 3 0 3 3 3 0 4 4 4 0 0 0 5 4 4 6 5 0 0
Last Time Cost: 00000001 ms
Total Time Cost: 00038768 ms
Total Distance 139: 4 0 4 5 5 5 4 0 0 4 0 4 5 4 0 3 0 3 5 7 5 5 0 0 0 4 4 6 5 3 0 3 3 3 0 4 4 4 0 0 0 5 4 4 6 5 0 0
Last Time Cost: 00000698 ms
Total Time Cost: 00039466 ms
Total Distance 138: 4 0 4 5 5 5 4 0 0 4 0 4 5 4 0 3 0 3 5 7 5 5 0 0 0 4 4 6 5 3 0 3 3 2 0 4 4 4 0 0 0 5 4 4 6 5 0 0
Last Time Cost: 00000001 ms
Total Time Cost: 00039467 ms
Total Distance 137: 4 0 4 5 5 5 4 0 0 4 0 4 5 4 0 3 0 3 5 7 5 5 0 0 0 4 4 6 5 3 0 3 3 1 0 4 4 4 0 0 0 5 4 4 6 5 0 0
Last Time Cost: 00000001 ms
Total Time Cost: 00039468 ms
Total Distance 136: 4 0 4 5 5 5 4 0 0 4 0 4 5 4 0 3 0 3 5 7 5 5 0 0 0 4 4 6 5 3 0 3 3 0 0 4 4 4 0 0 0 5 4 4 6 5 0 0
Last Time Cost: 00000789 ms
Total Time Cost: 00040257 ms
Total Distance 135: 4 0 4 5 5 5 4 0 0 4 0 4 5 4 0 3 0 3 5 7 5 5 0 0 0 4 4 6 5 3 0 2 3 0 0 4 4 4 0 0 0 5 4 4 6 5 0 0
Last Time Cost: 00000001 ms
Total Time Cost: 00040258 ms
Total Distance 134: 4 0 4 5 5 5 4 0 0 4 0 4 5 4 0 3 0 3 5 7 5 5 0 0 0 4 4 6 5 3 0 1 3 0 0 4 4 4 0 0 0 5 4 4 6 5 0 0
Last Time Cost: 00000001 ms
Total Time Cost: 00040259 ms
Total Distance 133: 4 0 4 5 5 5 4 0 0 4 0 4 5 4 0 3 0 3 5 7 5 5 0 0 0 4 4 6 5 3 0 0 3 0 0 4 4 4 0 0 0 5 4 4 6 5 0 0
Last Time Cost: 00000873 ms
Total Time Cost: 00041132 ms
Total Distance 131: 4 0 4 5 5 5 4 0 0 4 0 4 5 4 0 3 0 3 5 7 5 5 0 0 0 4 4 5 5 3 0 0 3 0 0 4 4 4 0 0 0 5 4 4 5 5 0 0
Last Time Cost: 00000905 ms
Total Time Cost: 00042037 ms
Total Distance 130: 4 0 4 5 5 5 4 0 0 4 0 4 5 4 0 3 0 2 5 7 5 5 0 0 0 4 4 5 5 3 0 0 3 0 0 4 4 4 0 0 0 5 4 4 5 5 0 0
Last Time Cost: 00000001 ms
Total Time Cost: 00042038 ms
Total Distance 129: 4 0 4 5 5 5 4 0 0 4 0 4 5 4 0 3 0 1 5 7 5 5 0 0 0 4 4 5 5 3 0 0 3 0 0 4 4 4 0 0 0 5 4 4 5 5 0 0
Last Time Cost: 00000001 ms
Total Time Cost: 00042039 ms
Total Distance 128: 4 0 4 5 5 5 4 0 0 4 0 4 5 4 0 3 0 0 5 7 5 5 0 0 0 4 4 5 5 3 0 0 3 0 0 4 4 4 0 0 0 5 4 4 5 5 0 0
Last Time Cost: 00000978 ms
Total Time Cost: 00043017 ms
Total Distance 127: 4 0 4 5 5 5 4 0 0 4 0 4 5 4 0 3 0 0 5 7 5 5 0 0 0 4 4 5 5 2 0 0 3 0 0 4 4 4 0 0 0 5 4 4 5 5 0 0
Last Time Cost: 00000001 ms
Total Time Cost: 00043018 ms
Total Distance 126: 4 0 4 5 5 5 4 0 0 4 0 4 5 4 0 3 0 0 5 7 5 5 0 0 0 4 4 5 5 1 0 0 3 0 0 4 4 4 0 0 0 5 4 4 5 5 0 0
Last Time Cost: 00000001 ms
Total Time Cost: 00043019 ms
Total Distance 125: 4 0 4 5 5 5 4 0 0 4 0 4 5 4 0 3 0 0 5 7 5 5 0 0 0 4 4 5 5 0 0 0 3 0 0 4 4 4 0 0 0 5 4 4 5 5 0 0
Last Time Cost: 00001079 ms
Total Time Cost: 00044098 ms
Total Distance 124: 4 0 4 5 5 5 4 0 0 4 0 4 5 4 0 3 0 0 5 7 5 5 0 0 0 4 4 5 5 0 0 0 2 0 0 4 4 4 0 0 0 5 4 4 5 5 0 0
Last Time Cost: 00000004 ms
Total Time Cost: 00044102 ms
Total Distance 123: 4 0 4 5 5 5 4 0 0 4 0 4 5 4 0 3 0 0 5 7 5 5 0 0 0 4 4 5 5 0 0 0 1 0 0 4 4 4 0 0 0 5 4 4 5 5 0 0
Last Time Cost: 00000001 ms
Total Time Cost: 00044103 ms
Total Distance 122: 4 0 4 5 5 5 4 0 0 4 0 4 5 4 0 3 0 0 5 7 5 5 0 0 0 4 4 5 5 0 0 0 0 0 0 4 4 4 0 0 0 5 4 4 5 5 0 0
Last Time Cost: 00001180 ms
Total Time Cost: 00045283 ms
Total Distance 121: 4 0 4 5 5 5 4 0 0 4 0 4 5 4 0 2 0 0 5 7 5 5 0 0 0 4 4 5 5 0 0 0 0 0 0 4 4 4 0 0 0 5 4 4 5 5 0 0
Last Time Cost: 00000001 ms
Total Time Cost: 00045284 ms
Total Distance 120: 4 0 4 5 5 5 4 0 0 4 0 4 5 4 0 1 0 0 5 7 5 5 0 0 0 4 4 5 5 0 0 0 0 0 0 4 4 4 0 0 0 5 4 4 5 5 0 0
Last Time Cost: 00000001 ms
Total Time Cost: 00045285 ms
Total Distance 119: 4 0 4 5 5 5 4 0 0 4 0 4 5 4 0 0 0 0 5 7 5 5 0 0 0 4 4 5 5 0 0 0 0 0 0 4 4 4 0 0 0 5 4 4 5 5 0 0
Last Time Cost: 00001290 ms
Total Time Cost: 00046575 ms
Total Distance 118: 3 0 4 5 5 5 4 0 0 4 0 4 5 4 0 0 0 0 5 7 5 5 0 0 0 4 4 5 5 0 0 0 0 0 0 4 4 4 0 0 0 5 4 4 5 5 0 0
Last Time Cost: 00000002 ms
Total Time Cost: 00046577 ms
Total Distance 117: 2 0 4 5 5 5 4 0 0 4 0 4 5 4 0 0 0 0 5 7 5 5 0 0 0 4 4 5 5 0 0 0 0 0 0 4 4 4 0 0 0 5 4 4 5 5 0 0
Last Time Cost: 00000002 ms
Total Time Cost: 00046579 ms
Total Distance 116: 1 0 4 5 5 5 4 0 0 4 0 4 5 4 0 0 0 0 5 7 5 5 0 0 0 4 4 5 5 0 0 0 0 0 0 4 4 4 0 0 0 5 4 4 5 5 0 0
Last Time Cost: 00000001 ms
Total Time Cost: 00046580 ms
Total Distance 115: 0 0 4 5 5 5 4 0 0 4 0 4 5 4 0 0 0 0 5 7 5 5 0 0 0 4 4 5 5 0 0 0 0 0 0 4 4 4 0 0 0 5 4 4 5 5 0 0
Last Time Cost: 00001499 ms
Total Time Cost: 00048079 ms
Total Distance 114: 0 0 4 5 5 5 4 0 0 4 0 4 5 3 0 0 0 0 5 7 5 5 0 0 0 4 4 5 5 0 0 0 0 0 0 4 4 4 0 0 0 5 4 4 5 5 0 0
Last Time Cost: 00000001 ms
Total Time Cost: 00048080 ms
Total Distance 113: 0 0 4 5 5 5 4 0 0 4 0 4 5 2 0 0 0 0 5 7 5 5 0 0 0 4 4 5 5 0 0 0 0 0 0 4 4 4 0 0 0 5 4 4 5 5 0 0
Last Time Cost: 00000001 ms
Total Time Cost: 00048081 ms
Total Distance 112: 0 0 4 5 5 5 4 0 0 4 0 4 5 1 0 0 0 0 5 7 5 5 0 0 0 4 4 5 5 0 0 0 0 0 0 4 4 4 0 0 0 5 4 4 5 5 0 0
Last Time Cost: 00000001 ms
Total Time Cost: 00048082 ms
Total Distance 111: 0 0 4 5 5 5 4 0 0 4 0 4 5 0 0 0 0 0 5 7 5 5 0 0 0 4 4 5 5 0 0 0 0 0 0 4 4 4 0 0 0 5 4 4 5 5 0 0
Last Time Cost: 00001626 ms
Total Time Cost: 00049708 ms
Total Distance 110: 0 0 4 5 5 5 4 0 0 4 0 3 5 0 0 0 0 0 5 7 5 5 0 0 0 4 4 5 5 0 0 0 0 0 0 4 4 4 0 0 0 5 4 4 5 5 0 0
Last Time Cost: 00000002 ms
Total Time Cost: 00049710 ms
Total Distance 109: 0 0 4 5 5 5 4 0 0 4 0 2 5 0 0 0 0 0 5 7 5 5 0 0 0 4 4 5 5 0 0 0 0 0 0 4 4 4 0 0 0 5 4 4 5 5 0 0
Last Time Cost: 00000001 ms
Total Time Cost: 00049711 ms
Total Distance 108: 0 0 4 5 5 5 4 0 0 4 0 1 5 0 0 0 0 0 5 7 5 5 0 0 0 4 4 5 5 0 0 0 0 0 0 4 4 4 0 0 0 5 4 4 5 5 0 0
Last Time Cost: 00000001 ms
Total Time Cost: 00049712 ms
Total Distance 107: 0 0 4 5 5 5 4 0 0 4 0 0 5 0 0 0 0 0 5 7 5 5 0 0 0 4 4 5 5 0 0 0 0 0 0 4 4 4 0 0 0 5 4 4 5 5 0 0
Last Time Cost: 00001813 ms
Total Time Cost: 00051525 ms
Total Distance 106: 0 0 4 5 5 5 3 0 0 4 0 0 5 0 0 0 0 0 5 7 5 5 0 0 0 4 4 5 5 0 0 0 0 0 0 4 4 4 0 0 0 5 4 4 5 5 0 0
Last Time Cost: 00000002 ms
Total Time Cost: 00051527 ms
Total Distance 105: 0 0 4 5 5 5 2 0 0 4 0 0 5 0 0 0 0 0 5 7 5 5 0 0 0 4 4 5 5 0 0 0 0 0 0 4 4 4 0 0 0 5 4 4 5 5 0 0
Last Time Cost: 00000001 ms
Total Time Cost: 00051528 ms
Total Distance 104: 0 0 4 5 5 5 1 0 0 4 0 0 5 0 0 0 0 0 5 7 5 5 0 0 0 4 4 5 5 0 0 0 0 0 0 4 4 4 0 0 0 5 4 4 5 5 0 0
Last Time Cost: 00000001 ms
Total Time Cost: 00051529 ms
Total Distance 103: 0 0 4 5 5 5 0 0 0 4 0 0 5 0 0 0 0 0 5 7 5 5 0 0 0 4 4 5 5 0 0 0 0 0 0 4 4 4 0 0 0 5 4 4 5 5 0 0
Last Time Cost: 00002017 ms
Total Time Cost: 00053546 ms
Total Distance 101: 0 0 4 5 5 4 0 0 0 4 0 0 5 0 0 0 0 0 5 7 5 5 0 0 0 4 4 5 5 0 0 0 0 0 0 4 4 4 0 0 0 5 4 3 5 5 0 0
Last Time Cost: 00002060 ms
Total Time Cost: 00055606 ms
Total Distance 100: 0 0 4 5 5 4 0 0 0 4 0 0 5 0 0 0 0 0 5 7 5 5 0 0 0 4 4 5 5 0 0 0 0 0 0 4 4 4 0 0 0 5 4 2 5 5 0 0
Last Time Cost: 00000001 ms
Total Time Cost: 00055607 ms
Total Distance 99: 0 0 4 5 5 4 0 0 0 4 0 0 5 0 0 0 0 0 5 7 5 5 0 0 0 4 4 5 5 0 0 0 0 0 0 4 4 4 0 0 0 5 4 1 5 5 0 0
Last Time Cost: 00000001 ms
Total Time Cost: 00055608 ms
Total Distance 98: 0 0 4 5 5 4 0 0 0 4 0 0 5 0 0 0 0 0 5 7 5 5 0 0 0 4 4 5 5 0 0 0 0 0 0 4 4 4 0 0 0 5 4 0 5 5 0 0
Last Time Cost: 00002229 ms
Total Time Cost: 00057837 ms
Total Distance 97: 0 0 4 5 5 4 0 0 0 4 0 0 5 0 0 0 0 0 5 7 5 5 0 0 0 3 4 5 5 0 0 0 0 0 0 4 4 4 0 0 0 5 4 0 5 5 0 0
Last Time Cost: 00000002 ms
Total Time Cost: 00057839 ms
Total Distance 96: 0 0 4 5 5 4 0 0 0 4 0 0 5 0 0 0 0 0 5 7 5 5 0 0 0 2 4 5 5 0 0 0 0 0 0 4 4 4 0 0 0 5 4 0 5 5 0 0
Last Time Cost: 00000001 ms
Total Time Cost: 00057840 ms
Total Distance 95: 0 0 4 5 5 4 0 0 0 4 0 0 5 0 0 0 0 0 5 7 5 5 0 0 0 1 4 5 5 0 0 0 0 0 0 4 4 4 0 0 0 5 4 0 5 5 0 0
Last Time Cost: 00000001 ms
Total Time Cost: 00057841 ms
Total Distance 94: 0 0 4 5 5 4 0 0 0 4 0 0 5 0 0 0 0 0 5 7 5 5 0 0 0 0 4 5 5 0 0 0 0 0 0 4 4 4 0 0 0 5 4 0 5 5 0 0
Last Time Cost: 00002515 ms
Total Time Cost: 00060356 ms
Total Distance 93: 0 0 4 5 5 4 0 0 0 3 0 0 5 0 0 0 0 0 5 7 5 5 0 0 0 0 4 5 5 0 0 0 0 0 0 4 4 4 0 0 0 5 4 0 5 5 0 0
Last Time Cost: 00000002 ms
Total Time Cost: 00060358 ms
Total Distance 92: 0 0 4 5 5 4 0 0 0 2 0 0 5 0 0 0 0 0 5 7 5 5 0 0 0 0 4 5 5 0 0 0 0 0 0 4 4 4 0 0 0 5 4 0 5 5 0 0
Last Time Cost: 00000002 ms
Total Time Cost: 00060360 ms
Total Distance 91: 0 0 4 5 5 4 0 0 0 1 0 0 5 0 0 0 0 0 5 7 5 5 0 0 0 0 4 5 5 0 0 0 0 0 0 4 4 4 0 0 0 5 4 0 5 5 0 0
Last Time Cost: 00000001 ms
Total Time Cost: 00060361 ms
Total Distance 90: 0 0 4 5 5 4 0 0 0 0 0 0 5 0 0 0 0 0 5 7 5 5 0 0 0 0 4 5 5 0 0 0 0 0 0 4 4 4 0 0 0 5 4 0 5 5 0 0
Last Time Cost: 00002823 ms
Total Time Cost: 00063184 ms
Total Distance 89: 0 0 4 5 5 4 0 0 0 0 0 0 5 0 0 0 0 0 5 7 5 5 0 0 0 0 3 5 5 0 0 0 0 0 0 4 4 4 0 0 0 5 4 0 5 5 0 0
Last Time Cost: 00000002 ms
Total Time Cost: 00063186 ms
Total Distance 88: 0 0 4 5 5 4 0 0 0 0 0 0 5 0 0 0 0 0 5 7 5 5 0 0 0 0 2 5 5 0 0 0 0 0 0 4 4 4 0 0 0 5 4 0 5 5 0 0
Last Time Cost: 00000002 ms
Total Time Cost: 00063188 ms
Total Distance 87: 0 0 4 5 5 4 0 0 0 0 0 0 5 0 0 0 0 0 5 7 5 5 0 0 0 0 1 5 5 0 0 0 0 0 0 4 4 4 0 0 0 5 4 0 5 5 0 0
Last Time Cost: 00000001 ms
Total Time Cost: 00063189 ms
Total Distance 86: 0 0 4 5 5 4 0 0 0 0 0 0 5 0 0 0 0 0 5 7 5 5 0 0 0 0 0 5 5 0 0 0 0 0 0 4 4 4 0 0 0 5 4 0 5 5 0 0
Last Time Cost: 00003161 ms
Total Time Cost: 00066350 ms
Total Distance 85: 0 0 4 5 5 4 0 0 0 0 0 0 5 0 0 0 0 0 5 7 5 5 0 0 0 0 0 5 5 0 0 0 0 0 0 4 4 3 0 0 0 5 4 0 5 5 0 0
Last Time Cost: 00000002 ms
Total Time Cost: 00066352 ms
Total Distance 84: 0 0 4 5 5 4 0 0 0 0 0 0 5 0 0 0 0 0 5 7 5 5 0 0 0 0 0 5 5 0 0 0 0 0 0 4 4 2 0 0 0 5 4 0 5 5 0 0
Last Time Cost: 00000002 ms
Total Time Cost: 00066354 ms
Total Distance 83: 0 0 4 5 5 4 0 0 0 0 0 0 5 0 0 0 0 0 5 7 5 5 0 0 0 0 0 5 5 0 0 0 0 0 0 4 4 1 0 0 0 5 4 0 5 5 0 0
Last Time Cost: 00000001 ms
Total Time Cost: 00066355 ms
Total Distance 82: 0 0 4 5 5 4 0 0 0 0 0 0 5 0 0 0 0 0 5 7 5 5 0 0 0 0 0 5 5 0 0 0 0 0 0 4 4 0 0 0 0 5 4 0 5 5 0 0
Last Time Cost: 00003513 ms
Total Time Cost: 00069868 ms
Total Distance 81: 0 0 4 5 5 3 0 0 0 0 0 0 5 0 0 0 0 0 5 7 5 5 0 0 0 0 0 5 5 0 0 0 0 0 0 4 4 0 0 0 0 5 4 0 5 5 0 0
Last Time Cost: 00000002 ms
Total Time Cost: 00069870 ms
Total Distance 80: 0 0 4 5 5 2 0 0 0 0 0 0 5 0 0 0 0 0 5 7 5 5 0 0 0 0 0 5 5 0 0 0 0 0 0 4 4 0 0 0 0 5 4 0 5 5 0 0
Last Time Cost: 00000002 ms
Total Time Cost: 00069872 ms
Total Distance 79: 0 0 4 5 5 1 0 0 0 0 0 0 5 0 0 0 0 0 5 7 5 5 0 0 0 0 0 5 5 0 0 0 0 0 0 4 4 0 0 0 0 5 4 0 5 5 0 0
Last Time Cost: 00000001 ms
Total Time Cost: 00069873 ms
Total Distance 78: 0 0 4 5 5 0 0 0 0 0 0 0 5 0 0 0 0 0 5 7 5 5 0 0 0 0 0 5 5 0 0 0 0 0 0 4 4 0 0 0 0 5 4 0 5 5 0 0
Last Time Cost: 00003947 ms
Total Time Cost: 00073820 ms
Total Distance 77: 0 0 4 5 5 0 0 0 0 0 0 0 5 0 0 0 0 0 5 7 5 5 0 0 0 0 0 5 5 0 0 0 0 0 0 4 3 0 0 0 0 5 4 0 5 5 0 0
Last Time Cost: 00000002 ms
Total Time Cost: 00073822 ms
Total Distance 76: 0 0 4 5 5 0 0 0 0 0 0 0 5 0 0 0 0 0 5 7 5 5 0 0 0 0 0 5 5 0 0 0 0 0 0 4 2 0 0 0 0 5 4 0 5 5 0 0
Last Time Cost: 00000002 ms
Total Time Cost: 00073824 ms
Total Distance 75: 0 0 4 5 5 0 0 0 0 0 0 0 5 0 0 0 0 0 5 7 5 5 0 0 0 0 0 5 5 0 0 0 0 0 0 4 1 0 0 0 0 5 4 0 5 5 0 0
Last Time Cost: 00000001 ms
Total Time Cost: 00073825 ms
Total Distance 74: 0 0 4 5 5 0 0 0 0 0 0 0 5 0 0 0 0 0 5 7 5 5 0 0 0 0 0 5 5 0 0 0 0 0 0 4 0 0 0 0 0 5 4 0 5 5 0 0
Last Time Cost: 00004424 ms
Total Time Cost: 00078249 ms
Total Distance 73: 0 0 3 5 5 0 0 0 0 0 0 0 5 0 0 0 0 0 5 7 5 5 0 0 0 0 0 5 5 0 0 0 0 0 0 4 0 0 0 0 0 5 4 0 5 5 0 0
Last Time Cost: 00000002 ms
Total Time Cost: 00078251 ms
Total Distance 72: 0 0 2 5 5 0 0 0 0 0 0 0 5 0 0 0 0 0 5 7 5 5 0 0 0 0 0 5 5 0 0 0 0 0 0 4 0 0 0 0 0 5 4 0 5 5 0 0
Last Time Cost: 00000002 ms
Total Time Cost: 00078253 ms
Total Distance 71: 0 0 1 5 5 0 0 0 0 0 0 0 5 0 0 0 0 0 5 7 5 5 0 0 0 0 0 5 5 0 0 0 0 0 0 4 0 0 0 0 0 5 4 0 5 5 0 0
Last Time Cost: 00000001 ms
Total Time Cost: 00078254 ms
Total Distance 70: 0 0 0 5 5 0 0 0 0 0 0 0 5 0 0 0 0 0 5 7 5 5 0 0 0 0 0 5 5 0 0 0 0 0 0 4 0 0 0 0 0 5 4 0 5 5 0 0
Last Time Cost: 00004897 ms
Total Time Cost: 00083151 ms
Total Distance 69: 0 0 0 5 5 0 0 0 0 0 0 0 5 0 0 0 0 0 5 7 5 5 0 0 0 0 0 5 5 0 0 0 0 0 0 3 0 0 0 0 0 5 4 0 5 5 0 0
Last Time Cost: 00000003 ms
Total Time Cost: 00083154 ms
Total Distance 68: 0 0 0 5 5 0 0 0 0 0 0 0 5 0 0 0 0 0 5 7 5 5 0 0 0 0 0 5 5 0 0 0 0 0 0 2 0 0 0 0 0 5 4 0 5 5 0 0
Last Time Cost: 00000002 ms
Total Time Cost: 00083156 ms
Total Distance 67: 0 0 0 5 5 0 0 0 0 0 0 0 5 0 0 0 0 0 5 7 5 5 0 0 0 0 0 5 5 0 0 0 0 0 0 1 0 0 0 0 0 5 4 0 5 5 0 0
Last Time Cost: 00000002 ms
Total Time Cost: 00083158 ms
Total Distance 66: 0 0 0 5 5 0 0 0 0 0 0 0 5 0 0 0 0 0 5 7 5 5 0 0 0 0 0 5 5 0 0 0 0 0 0 0 0 0 0 0 0 5 4 0 5 5 0 0
Last Time Cost: 00005443 ms
Total Time Cost: 00088601 ms
Total Distance 65: 0 0 0 5 5 0 0 0 0 0 0 0 5 0 0 0 0 0 5 7 5 5 0 0 0 0 0 5 5 0 0 0 0 0 0 0 0 0 0 0 0 5 3 0 5 5 0 0
Last Time Cost: 00000003 ms
Total Time Cost: 00088604 ms
Total Distance 64: 0 0 0 5 5 0 0 0 0 0 0 0 5 0 0 0 0 0 5 7 5 5 0 0 0 0 0 5 5 0 0 0 0 0 0 0 0 0 0 0 0 5 2 0 5 5 0 0
Last Time Cost: 00000002 ms
Total Time Cost: 00088606 ms
Total Distance 63: 0 0 0 5 5 0 0 0 0 0 0 0 5 0 0 0 0 0 5 7 5 5 0 0 0 0 0 5 5 0 0 0 0 0 0 0 0 0 0 0 0 5 1 0 5 5 0 0
Last Time Cost: 00000002 ms
Total Time Cost: 00088608 ms
Total Distance 62: 0 0 0 5 5 0 0 0 0 0 0 0 5 0 0 0 0 0 5 7 5 5 0 0 0 0 0 5 5 0 0 0 0 0 0 0 0 0 0 0 0 5 0 0 5 5 0 0
Last Time Cost: 00005887 ms
Total Time Cost: 00094495 ms
Total Distance 61: 0 0 0 5 4 0 0 0 0 0 0 0 5 0 0 0 0 0 5 7 5 5 0 0 0 0 0 5 5 0 0 0 0 0 0 0 0 0 0 0 0 5 0 0 5 5 0 0
Last Time Cost: 00000003 ms
Total Time Cost: 00094498 ms
Total Distance 60: 0 0 0 5 3 0 0 0 0 0 0 0 5 0 0 0 0 0 5 7 5 5 0 0 0 0 0 5 5 0 0 0 0 0 0 0 0 0 0 0 0 5 0 0 5 5 0 0
Last Time Cost: 00000003 ms
Total Time Cost: 00094501 ms
Total Distance 59: 0 0 0 5 2 0 0 0 0 0 0 0 5 0 0 0 0 0 5 7 5 5 0 0 0 0 0 5 5 0 0 0 0 0 0 0 0 0 0 0 0 5 0 0 5 5 0 0
Last Time Cost: 00000002 ms
Total Time Cost: 00094503 ms
Total Distance 58: 0 0 0 5 1 0 0 0 0 0 0 0 5 0 0 0 0 0 5 7 5 5 0 0 0 0 0 5 5 0 0 0 0 0 0 0 0 0 0 0 0 5 0 0 5 5 0 0
Last Time Cost: 00000002 ms
Total Time Cost: 00094505 ms
Total Distance 57: 0 0 0 5 0 0 0 0 0 0 0 0 5 0 0 0 0 0 5 7 5 5 0 0 0 0 0 5 5 0 0 0 0 0 0 0 0 0 0 0 0 5 0 0 5 5 0 0
Last Time Cost: 00006514 ms
Total Time Cost: 00101019 ms
Total Distance 56: 0 0 0 5 0 0 0 0 0 0 0 0 5 0 0 0 0 0 5 7 5 5 0 0 0 0 0 5 5 0 0 0 0 0 0 0 0 0 0 0 0 5 0 0 5 4 0 0
Last Time Cost: 00000004 ms
Total Time Cost: 00101023 ms
Total Distance 55: 0 0 0 5 0 0 0 0 0 0 0 0 5 0 0 0 0 0 5 7 5 5 0 0 0 0 0 5 5 0 0 0 0 0 0 0 0 0 0 0 0 5 0 0 5 3 0 0
Last Time Cost: 00000003 ms
Total Time Cost: 00101026 ms
Total Distance 53: 0 0 0 5 0 0 0 0 0 0 0 0 5 0 0 0 0 0 5 7 5 4 0 0 0 0 0 5 5 0 0 0 0 0 0 0 0 0 0 0 0 5 0 0 5 2 0 0
Last Time Cost: 00007048 ms
Total Time Cost: 00108074 ms
Total Distance 52: 0 0 0 5 0 0 0 0 0 0 0 0 5 0 0 0 0 0 5 7 5 4 0 0 0 0 0 5 5 0 0 0 0 0 0 0 0 0 0 0 0 5 0 0 5 1 0 0
Last Time Cost: 00000002 ms
Total Time Cost: 00108076 ms
Total Distance 51: 0 0 0 5 0 0 0 0 0 0 0 0 5 0 0 0 0 0 5 7 5 4 0 0 0 0 0 5 5 0 0 0 0 0 0 0 0 0 0 0 0 5 0 0 5 0 0 0
Last Time Cost: 00007734 ms
Total Time Cost: 00115810 ms
Total Distance 50: 0 0 0 5 0 0 0 0 0 0 0 0 5 0 0 0 0 0 5 7 5 3 0 0 0 0 0 5 5 0 0 0 0 0 0 0 0 0 0 0 0 5 0 0 5 0 0 0
Last Time Cost: 00000003 ms
Total Time Cost: 00115813 ms
Total Distance 49: 0 0 0 5 0 0 0 0 0 0 0 0 5 0 0 0 0 0 5 7 5 2 0 0 0 0 0 5 5 0 0 0 0 0 0 0 0 0 0 0 0 5 0 0 5 0 0 0
Last Time Cost: 00000003 ms
Total Time Cost: 00115816 ms
Total Distance 48: 0 0 0 5 0 0 0 0 0 0 0 0 5 0 0 0 0 0 5 7 5 1 0 0 0 0 0 5 5 0 0 0 0 0 0 0 0 0 0 0 0 5 0 0 5 0 0 0
Last Time Cost: 00000002 ms
Total Time Cost: 00115818 ms
Total Distance 47: 0 0 0 5 0 0 0 0 0 0 0 0 5 0 0 0 0 0 5 7 5 0 0 0 0 0 0 5 5 0 0 0 0 0 0 0 0 0 0 0 0 5 0 0 5 0 0 0
Last Time Cost: 00008353 ms
Total Time Cost: 00124171 ms
Total Distance 46: 0 0 0 5 0 0 0 0 0 0 0 0 5 0 0 0 0 0 5 7 5 0 0 0 0 0 0 5 5 0 0 0 0 0 0 0 0 0 0 0 0 4 0 0 5 0 0 0
Last Time Cost: 00000004 ms
Total Time Cost: 00124175 ms
Total Distance 44: 0 0 0 5 0 0 0 0 0 0 0 0 5 0 0 0 0 0 5 6 5 0 0 0 0 0 0 5 5 0 0 0 0 0 0 0 0 0 0 0 0 3 0 0 5 0 0 0
Last Time Cost: 00000376 ms
Total Time Cost: 00124551 ms
Total Distance 43: 0 0 0 5 0 0 0 0 0 0 0 0 5 0 0 0 0 0 5 6 5 0 0 0 0 0 0 5 5 0 0 0 0 0 0 0 0 0 0 0 0 2 0 0 5 0 0 0
Last Time Cost: 00000002 ms
Total Time Cost: 00124553 ms
Total Distance 42: 0 0 0 5 0 0 0 0 0 0 0 0 5 0 0 0 0 0 5 6 5 0 0 0 0 0 0 5 5 0 0 0 0 0 0 0 0 0 0 0 0 1 0 0 5 0 0 0
Last Time Cost: 00000002 ms
Total Time Cost: 00124555 ms
Total Distance 41: 0 0 0 5 0 0 0 0 0 0 0 0 5 0 0 0 0 0 5 6 5 0 0 0 0 0 0 5 5 0 0 0 0 0 0 0 0 0 0 0 0 0 0 0 5 0 0 0
Last Time Cost: 00000396 ms
Total Time Cost: 00124951 ms
Total Distance 40: 0 0 0 5 0 0 0 0 0 0 0 0 5 0 0 0 0 0 5 6 5 0 0 0 0 0 0 5 5 0 0 0 0 0 0 0 0 0 0 0 0 0 0 0 4 0 0 0
Last Time Cost: 00000003 ms
Total Time Cost: 00124954 ms
Total Distance 39: 0 0 0 5 0 0 0 0 0 0 0 0 5 0 0 0 0 0 5 6 5 0 0 0 0 0 0 5 5 0 0 0 0 0 0 0 0 0 0 0 0 0 0 0 3 0 0 0
Last Time Cost: 00000003 ms
Total Time Cost: 00124957 ms
Total Distance 38: 0 0 0 5 0 0 0 0 0 0 0 0 5 0 0 0 0 0 5 6 5 0 0 0 0 0 0 5 5 0 0 0 0 0 0 0 0 0 0 0 0 0 0 0 2 0 0 0
Last Time Cost: 00000002 ms
Total Time Cost: 00124959 ms
Total Distance 37: 0 0 0 5 0 0 0 0 0 0 0 0 5 0 0 0 0 0 5 6 5 0 0 0 0 0 0 5 5 0 0 0 0 0 0 0 0 0 0 0 0 0 0 0 1 0 0 0
Last Time Cost: 00000002 ms
Total Time Cost: 00124961 ms
Total Distance 36: 0 0 0 5 0 0 0 0 0 0 0 0 5 0 0 0 0 0 5 6 5 0 0 0 0 0 0 5 5 0 0 0 0 0 0 0 0 0 0 0 0 0 0 0 0 0 0 0
Last Time Cost: 00000389 ms
Total Time Cost: 00125350 ms
Total Distance 35: 0 0 0 4 0 0 0 0 0 0 0 0 5 0 0 0 0 0 5 6 5 0 0 0 0 0 0 5 5 0 0 0 0 0 0 0 0 0 0 0 0 0 0 0 0 0 0 0
Last Time Cost: 00000003 ms
Total Time Cost: 00125353 ms
Total Distance 34: 0 0 0 3 0 0 0 0 0 0 0 0 5 0 0 0 0 0 5 6 5 0 0 0 0 0 0 5 5 0 0 0 0 0 0 0 0 0 0 0 0 0 0 0 0 0 0 0
Last Time Cost: 00000003 ms
Total Time Cost: 00125356 ms
Total Distance 33: 0 0 0 2 0 0 0 0 0 0 0 0 5 0 0 0 0 0 5 6 5 0 0 0 0 0 0 5 5 0 0 0 0 0 0 0 0 0 0 0 0 0 0 0 0 0 0 0
Last Time Cost: 00000003 ms
Total Time Cost: 00125359 ms
Total Distance 32: 0 0 0 1 0 0 0 0 0 0 0 0 5 0 0 0 0 0 5 6 5 0 0 0 0 0 0 5 5 0 0 0 0 0 0 0 0 0 0 0 0 0 0 0 0 0 0 0
Last Time Cost: 00000002 ms
Total Time Cost: 00125361 ms
Total Distance 31: 0 0 0 0 0 0 0 0 0 0 0 0 5 0 0 0 0 0 5 6 5 0 0 0 0 0 0 5 5 0 0 0 0 0 0 0 0 0 0 0 0 0 0 0 0 0 0 0
Last Time Cost: 00000372 ms
Total Time Cost: 00125733 ms
Total Distance 30: 0 0 0 0 0 0 0 0 0 0 0 0 5 0 0 0 0 0 5 6 5 0 0 0 0 0 0 5 4 0 0 0 0 0 0 0 0 0 0 0 0 0 0 0 0 0 0 0
Last Time Cost: 00000003 ms
Total Time Cost: 00125736 ms
Total Distance 29: 0 0 0 0 0 0 0 0 0 0 0 0 5 0 0 0 0 0 5 6 5 0 0 0 0 0 0 5 3 0 0 0 0 0 0 0 0 0 0 0 0 0 0 0 0 0 0 0
Last Time Cost: 00000003 ms
Total Time Cost: 00125739 ms
Total Distance 28: 0 0 0 0 0 0 0 0 0 0 0 0 5 0 0 0 0 0 5 6 5 0 0 0 0 0 0 5 2 0 0 0 0 0 0 0 0 0 0 0 0 0 0 0 0 0 0 0
Last Time Cost: 00000003 ms
Total Time Cost: 00125742 ms
Total Distance 27: 0 0 0 0 0 0 0 0 0 0 0 0 5 0 0 0 0 0 5 6 5 0 0 0 0 0 0 5 1 0 0 0 0 0 0 0 0 0 0 0 0 0 0 0 0 0 0 0
Last Time Cost: 00000002 ms
Total Time Cost: 00125744 ms
Total Distance 26: 0 0 0 0 0 0 0 0 0 0 0 0 5 0 0 0 0 0 5 6 5 0 0 0 0 0 0 5 0 0 0 0 0 0 0 0 0 0 0 0 0 0 0 0 0 0 0 0
Last Time Cost: 00000349 ms
Total Time Cost: 00126093 ms
Total Distance 25: 0 0 0 0 0 0 0 0 0 0 0 0 4 0 0 0 0 0 5 6 5 0 0 0 0 0 0 5 0 0 0 0 0 0 0 0 0 0 0 0 0 0 0 0 0 0 0 0
Last Time Cost: 00000003 ms
Total Time Cost: 00126096 ms
Total Distance 24: 0 0 0 0 0 0 0 0 0 0 0 0 3 0 0 0 0 0 5 6 5 0 0 0 0 0 0 5 0 0 0 0 0 0 0 0 0 0 0 0 0 0 0 0 0 0 0 0
Last Time Cost: 00000003 ms
Total Time Cost: 00126099 ms
Total Distance 23: 0 0 0 0 0 0 0 0 0 0 0 0 2 0 0 0 0 0 5 6 5 0 0 0 0 0 0 5 0 0 0 0 0 0 0 0 0 0 0 0 0 0 0 0 0 0 0 0
Last Time Cost: 00000003 ms
Total Time Cost: 00126102 ms
Total Distance 22: 0 0 0 0 0 0 0 0 0 0 0 0 1 0 0 0 0 0 5 6 5 0 0 0 0 0 0 5 0 0 0 0 0 0 0 0 0 0 0 0 0 0 0 0 0 0 0 0
Last Time Cost: 00000003 ms
Total Time Cost: 00126105 ms
Total Distance 21: 0 0 0 0 0 0 0 0 0 0 0 0 0 0 0 0 0 0 5 6 5 0 0 0 0 0 0 5 0 0 0 0 0 0 0 0 0 0 0 0 0 0 0 0 0 0 0 0
Last Time Cost: 00000317 ms
Total Time Cost: 00126422 ms
Total Distance 20: 0 0 0 0 0 0 0 0 0 0 0 0 0 0 0 0 0 0 5 6 4 0 0 0 0 0 0 5 0 0 0 0 0 0 0 0 0 0 0 0 0 0 0 0 0 0 0 0
Last Time Cost: 00000003 ms
Total Time Cost: 00126425 ms
Total Distance 19: 0 0 0 0 0 0 0 0 0 0 0 0 0 0 0 0 0 0 5 6 3 0 0 0 0 0 0 5 0 0 0 0 0 0 0 0 0 0 0 0 0 0 0 0 0 0 0 0
Last Time Cost: 00000003 ms
Total Time Cost: 00126428 ms
Total Distance 18: 0 0 0 0 0 0 0 0 0 0 0 0 0 0 0 0 0 0 5 6 2 0 0 0 0 0 0 5 0 0 0 0 0 0 0 0 0 0 0 0 0 0 0 0 0 0 0 0
Last Time Cost: 00000003 ms
Total Time Cost: 00126431 ms
Total Distance 17: 0 0 0 0 0 0 0 0 0 0 0 0 0 0 0 0 0 0 5 6 1 0 0 0 0 0 0 5 0 0 0 0 0 0 0 0 0 0 0 0 0 0 0 0 0 0 0 0
Last Time Cost: 00000003 ms
Total Time Cost: 00126434 ms
Total Distance 16: 0 0 0 0 0 0 0 0 0 0 0 0 0 0 0 0 0 0 5 6 0 0 0 0 0 0 0 5 0 0 0 0 0 0 0 0 0 0 0 0 0 0 0 0 0 0 0 0
Last Time Cost: 00000276 ms
Total Time Cost: 00126710 ms
Total Distance 15: 0 0 0 0 0 0 0 0 0 0 0 0 0 0 0 0 0 0 4 6 0 0 0 0 0 0 0 5 0 0 0 0 0 0 0 0 0 0 0 0 0 0 0 0 0 0 0 0
Last Time Cost: 00000004 ms
Total Time Cost: 00126714 ms
Total Distance 14: 0 0 0 0 0 0 0 0 0 0 0 0 0 0 0 0 0 0 3 6 0 0 0 0 0 0 0 5 0 0 0 0 0 0 0 0 0 0 0 0 0 0 0 0 0 0 0 0
Last Time Cost: 00000004 ms
Total Time Cost: 00126718 ms
Total Distance 13: 0 0 0 0 0 0 0 0 0 0 0 0 0 0 0 0 0 0 2 6 0 0 0 0 0 0 0 5 0 0 0 0 0 0 0 0 0 0 0 0 0 0 0 0 0 0 0 0
Last Time Cost: 00000003 ms
Total Time Cost: 00126721 ms
Total Distance 12: 0 0 0 0 0 0 0 0 0 0 0 0 0 0 0 0 0 0 1 6 0 0 0 0 0 0 0 5 0 0 0 0 0 0 0 0 0 0 0 0 0 0 0 0 0 0 0 0
Last Time Cost: 00000003 ms
Total Time Cost: 00126724 ms
Total Distance 11: 0 0 0 0 0 0 0 0 0 0 0 0 0 0 0 0 0 0 0 6 0 0 0 0 0 0 0 5 0 0 0 0 0 0 0 0 0 0 0 0 0 0 0 0 0 0 0 0
Last Time Cost: 00000231 ms
Total Time Cost: 00126955 ms
Total Distance 10: 0 0 0 0 0 0 0 0 0 0 0 0 0 0 0 0 0 0 0 6 0 0 0 0 0 0 0 4 0 0 0 0 0 0 0 0 0 0 0 0 0 0 0 0 0 0 0 0
Last Time Cost: 00000004 ms
Total Time Cost: 00126959 ms
Total Distance 9: 0 0 0 0 0 0 0 0 0 0 0 0 0 0 0 0 0 0 0 6 0 0 0 0 0 0 0 3 0 0 0 0 0 0 0 0 0 0 0 0 0 0 0 0 0 0 0 0
Last Time Cost: 00000004 ms
Total Time Cost: 00126963 ms
Total Distance 8: 0 0 0 0 0 0 0 0 0 0 0 0 0 0 0 0 0 0 0 6 0 0 0 0 0 0 0 2 0 0 0 0 0 0 0 0 0 0 0 0 0 0 0 0 0 0 0 0
Last Time Cost: 00000006 ms
Total Time Cost: 00126969 ms
Total Distance 7: 0 0 0 0 0 0 0 0 0 0 0 0 0 0 0 0 0 0 0 6 0 0 0 0 0 0 0 1 0 0 0 0 0 0 0 0 0 0 0 0 0 0 0 0 0 0 0 0
Last Time Cost: 00000003 ms
Total Time Cost: 00126972 ms
Total Distance 6: 0 0 0 0 0 0 0 0 0 0 0 0 0 0 0 0 0 0 0 6 0 0 0 0 0 0 0 0 0 0 0 0 0 0 0 0 0 0 0 0 0 0 0 0 0 0 0 0
Last Time Cost: 00000182 ms
Total Time Cost: 00127154 ms
Total Distance 5: 0 0 0 0 0 0 0 0 0 0 0 0 0 0 0 0 0 0 0 5 0 0 0 0 0 0 0 0 0 0 0 0 0 0 0 0 0 0 0 0 0 0 0 0 0 0 0 0
Last Time Cost: 00000075 ms
Total Time Cost: 00127229 ms
Total Distance 4: 0 0 0 0 0 0 0 0 0 0 0 0 0 0 0 0 0 0 0 4 0 0 0 0 0 0 0 0 0 0 0 0 0 0 0 0 0 0 0 0 0 0 0 0 0 0 0 0
Last Time Cost: 00000001 ms
Total Time Cost: 00127230 ms
Total Distance 3: 0 0 0 0 0 0 0 0 0 0 0 0 0 0 0 0 0 0 0 3 0 0 0 0 0 0 0 0 0 0 0 0 0 0 0 0 0 0 0 0 0 0 0 0 0 0 0 0
Last Time Cost: 00000000 ms
Total Time Cost: 00127230 ms
Total Distance 2: 0 0 0 0 0 0 0 0 0 0 0 0 0 0 0 0 0 0 0 2 0 0 0 0 0 0 0 0 0 0 0 0 0 0 0 0 0 0 0 0 0 0 0 0 0 0 0 0
Last Time Cost: 00000000 ms
Total Time Cost: 00127230 ms
Total Distance 1: 0 0 0 0 0 0 0 0 0 0 0 0 0 0 0 0 0 0 0 1 0 0 0 0 0 0 0 0 0 0 0 0 0 0 0 0 0 0 0 0 0 0 0 0 0 0 0 0
Last Time Cost: 00000000 ms
Total Time Cost: 00127230 ms
Total Distance 0: 0 0 0 0 0 0 0 0 0 0 0 0 0 0 0 0 0 0 0 0 0 0 0 0 0 0 0 0 0 0 0 0 0 0 0 0 0 0 0 0 0 0 0 0 0 0 0 0
