Last Time Cost: 00000000 ms
Total Time Cost: 00000000 ms
Total Distance 426: 5 10 10 12 11 9 7 7 5 10 10 12 11 9 7 7 5 10 10 12 11 9 7 7 5 10 10 12 11 9 7 7 5 10 10 12 11 9 7 7 5 10 10 12 11 9 7 7
Last Time Cost: 00001321 ms
Total Time Cost: 00001321 ms
Total Distance 419: 5 10 10 12 11 9 7 7 5 10 10 12 11 9 7 7 5 10 10 12 11 9 7 6 4 9 10 11 10 9 7 7 5 10 10 12 11 8 7 7 5 10 10 12 11 9 6 7
Last Time Cost: 00001413 ms
Total Time Cost: 00002734 ms
Total Distance 412: 4 9 10 11 10 9 7 7 5 10 10 12 11 8 7 7 5 10 10 12 11 9 6 6 4 9 10 11 10 9 7 7 5 10 10 12 11 8 7 7 5 10 10 12 11 9 6 6
Last Time Cost: 00001538 ms
Total Time Cost: 00004272 ms
Total Distance 405: 4 9 10 11 10 9 7 7 5 10 10 12 11 8 7 6 4 9 10 11 10 9 6 6 4 9 10 11 10 8 7 7 5 10 10 12 11 8 6 7 5 10 10 12 11 9 6 6
Last Time Cost: 00001608 ms
Total Time Cost: 00005880 ms
Total Distance 398: 4 9 10 11 10 9 7 6 4 9 10 11 10 8 7 6 4 9 10 11 10 8 6 6 4 9 10 11 10 8 6 7 5 10 10 12 11 8 6 7 5 10 10 12 11 9 6 6
Last Time Cost: 00001649 ms
Total Time Cost: 00007529 ms
Total Distance 391: 4 9 10 11 10 9 6 6 4 9 10 11 10 8 7 6 4 9 10 11 10 8 6 6 4 9 10 11 10 8 6 6 4 9 10 11 10 8 6 7 5 10 10 12 11 8 6 6
Last Time Cost: 00001680 ms
Total Time Cost: 00009209 ms
Total Distance 384: 4 9 10 11 10 8 6 6 4 9 10 11 10 8 6 6 4 9 10 11 10 8 6 6 4 9 10 11 10 8 6 6 4 9 10 11 10 8 6 6 4 9 10 11 10 8 6 6
Last Time Cost: 00001673 ms
Total Time Cost: 00010882 ms
Total Distance 379: 4 8 10 11 10 8 6 6 4 8 10 11 10 8 6 6 4 9 9 11 10 8 6 6 4 9 9 11 10 8 6 6 4 9 10 11 10 8 6 6 3 9 10 11 10 8 6 6
Last Time Cost: 00001887 ms
Total Time Cost: 00012769 ms
Total Distance 374: 4 7 10 11 10 8 6 6 4 8 9 11 10 8 6 6 4 9 8 11 10 8 6 6 4 9 9 11 10 8 6 6 3 9 10 11 10 8 6 6 3 8 10 11 10 8 6 6
Last Time Cost: 00002070 ms
Total Time Cost: 00014839 ms
Total Distance 369: 4 7 9 11 10 8 6 6 4 8 8 11 10 8 6 6 4 9 8 11 10 8 6 6 3 9 9 11 10 8 6 6 3 8 10 11 10 8 6 6 3 7 10 11 10 8 6 6
Last Time Cost: 00002299 ms
Total Time Cost: 00017138 ms
Total Distance 364: 3 7 9 11 10 8 6 6 4 7 8 11 10 8 6 6 4 8 8 11 10 8 6 6 3 9 8 11 10 8 6 6 3 8 9 11 10 8 6 6 3 7 10 11 10 8 6 6
Last Time Cost: 00002624 ms
Total Time Cost: 00019762 ms
Total Distance 359: 3 7 9 11 10 8 6 6 3 7 8 11 10 8 6 6 4 7 8 11 10 8 6 6 3 8 8 11 10 8 6 6 3 8 8 11 10 8 6 6 3 7 9 11 10 8 6 6
Last Time Cost: 00002911 ms
Total Time Cost: 00022673 ms
Total Distance 354: 3 7 8 11 10 8 6 6 3 7 8 11 10 8 6 6 3 7 8 11 10 8 6 6 3 7 8 11 10 8 6 6 3 7 8 11 10 8 6 6 3 7 8 11 10 8 6 6
Last Time Cost: 00003269 ms
Total Time Cost: 00025942 ms
Total Distance 350: 3 6 8 11 9 8 6 6 3 7 8 11 10 7 6 6 3 7 8 11 10 8 5 6 3 7 8 11 10 8 6 6 3 7 8 11 10 8 6 6 3 7 8 11 10 8 6 6
Last Time Cost: 00003638 ms
Total Time Cost: 00029580 ms
Total Distance 345: 3 6 8 11 9 8 6 6 3 6 7 11 9 7 6 6 3 7 8 11 10 8 5 6 3 7 8 11 10 8 6 6 3 7 8 11 9 8 6 6 3 7 8 11 9 8 6 6
Last Time Cost: 00004085 ms
Total Time Cost: 00033665 ms
Total Distance 341: 3 6 8 11 9 7 6 6 3 6 7 11 9 7 5 6 3 7 8 11 10 8 5 6 3 7 8 11 10 8 6 6 3 7 8 11 9 8 6 6 3 6 8 11 8 8 6 6
Last Time Cost: 00004552 ms
Total Time Cost: 00038217 ms
Total Distance 337: 3 6 8 11 9 7 5 6 3 6 7 11 9 7 5 6 3 7 8 11 10 8 5 6 3 7 8 11 10 8 6 6 3 6 8 11 8 8 6 6 3 6 8 11 8 7 6 6
Last Time Cost: 00005147 ms
Total Time Cost: 00043364 ms
Total Distance 333: 3 6 8 11 9 7 5 6 3 6 7 11 9 7 5 6 3 6 8 11 9 8 5 6 3 7 8 11 10 7 6 6 3 6 8 11 8 8 5 6 3 6 8 11 8 7 6 6
Last Time Cost: 00005763 ms
Total Time Cost: 00049127 ms
Total Distance 328: 3 6 8 11 8 7 5 6 3 6 7 11 8 7 5 6 3 6 8 11 9 8 5 6 3 6 7 11 9 7 6 6 3 6 8 11 8 8 5 6 3 6 8 11 8 7 6 6
Last Time Cost: 00006507 ms
Total Time Cost: 00055634 ms
Total Distance 324: 3 6 8 11 8 7 5 6 3 6 7 11 8 7 5 5 3 6 8 11 8 8 5 6 3 6 7 11 9 6 6 6 3 6 8 11 8 8 5 6 3 6 7 11 8 7 6 6
Last Time Cost: 00007203 ms
Total Time Cost: 00062837 ms
Total Distance 320: 3 6 7 11 8 7 5 6 3 6 7 11 8 7 5 5 3 6 8 11 8 8 5 5 3 6 7 11 8 6 6 6 3 6 8 11 8 7 5 6 3 6 7 11 8 7 6 6
Last Time Cost: 00008005 ms
Total Time Cost: 00070842 ms
Total Distance 316: 3 6 6 11 8 7 5 6 3 6 7 11 8 7 5 5 3 6 8 10 8 8 5 5 3 6 7 10 8 6 6 6 3 6 8 11 7 7 5 6 3 6 7 11 8 7 6 6
Last Time Cost: 00006326 ms
Total Time Cost: 00077168 ms
Total Distance 312: 3 6 6 11 8 7 5 6 3 6 6 11 8 7 5 5 3 6 8 10 8 8 5 5 3 6 7 9 8 6 6 6 3 6 8 10 7 7 5 6 3 6 7 11 7 7 6 6
Last Time Cost: 00005647 ms
Total Time Cost: 00082815 ms
Total Distance 308: 3 6 6 11 8 7 5 6 3 6 6 10 8 7 5 5 3 6 8 9 8 8 5 5 3 6 7 9 7 6 6 6 3 6 8 10 7 7 5 6 3 6 6 11 7 7 6 6
Last Time Cost: 00004312 ms
Total Time Cost: 00087127 ms
Total Distance 304: 3 6 6 10 8 7 5 6 3 6 6 10 7 7 5 5 3 6 8 9 8 8 5 5 3 6 6 9 7 6 6 6 3 6 8 10 7 7 5 6 3 6 6 10 7 7 6 6
Last Time Cost: 00000914 ms
Total Time Cost: 00088041 ms
Total Distance 300: 3 6 6 9 8 7 5 6 3 6 6 9 7 7 5 5 3 6 8 9 7 8 5 5 3 6 6 9 7 6 6 6 3 6 7 10 7 7 5 6 3 6 6 10 7 7 6 6
Last Time Cost: 00000938 ms
Total Time Cost: 00088979 ms
Total Distance 296: 3 6 6 9 7 7 5 6 3 6 6 9 7 7 5 5 3 6 7 9 7 8 5 5 3 6 6 9 7 6 6 6 3 6 7 9 7 7 5 6 3 6 6 9 7 7 6 6
Last Time Cost: 00000919 ms
Total Time Cost: 00089898 ms
Total Distance 293: 3 6 6 9 7 7 5 6 3 6 6 9 7 7 5 4 3 6 7 9 7 8 5 5 3 6 6 9 7 6 6 6 3 5 6 9 7 7 5 6 3 6 6 9 7 7 6 6
Last Time Cost: 00000997 ms
Total Time Cost: 00090895 ms
Total Distance 290: 3 6 6 9 6 7 5 6 3 6 6 9 7 7 5 4 3 6 7 9 7 8 5 5 3 6 6 9 7 5 6 6 3 5 6 9 7 7 4 6 3 6 6 9 7 7 6 6
Last Time Cost: 00001080 ms
Total Time Cost: 00091975 ms
Total Distance 287: 3 6 6 9 6 7 5 6 3 5 6 9 6 7 5 4 3 6 7 9 7 8 5 5 3 6 6 9 7 5 5 6 3 5 6 9 7 7 4 6 3 6 6 9 7 7 6 6
Last Time Cost: 00001160 ms
Total Time Cost: 00093135 ms
Total Distance 283: 3 6 6 9 6 6 5 6 3 5 6 9 6 7 5 4 3 6 6 9 7 8 5 5 3 6 6 9 7 5 5 6 3 5 6 9 7 7 4 5 3 6 6 9 6 7 6 6
Last Time Cost: 00001255 ms
Total Time Cost: 00094390 ms
Total Distance 280: 3 5 6 9 5 6 5 6 3 5 6 9 6 7 5 4 3 6 6 9 7 8 5 5 3 6 6 9 7 5 5 6 3 5 6 9 6 7 4 5 3 6 6 9 6 7 6 6
Last Time Cost: 00001332 ms
Total Time Cost: 00095722 ms
Total Distance 277: 3 5 6 9 5 6 5 6 3 5 6 9 6 7 5 4 3 6 6 9 7 8 5 4 3 6 6 9 6 5 5 6 3 5 6 9 6 6 4 5 3 6 6 9 6 7 6 6
Last Time Cost: 00001415 ms
Total Time Cost: 00097137 ms
Total Distance 274: 3 5 6 9 5 6 5 6 3 5 6 9 6 7 5 4 3 6 6 9 7 8 5 4 3 6 6 9 5 5 5 6 3 5 6 9 6 6 4 5 3 5 6 9 5 7 6 6
Last Time Cost: 00001547 ms
Total Time Cost: 00098684 ms
Total Distance 271: 3 5 6 8 5 6 5 6 3 5 6 9 5 7 5 4 3 6 6 9 7 8 5 4 3 6 5 9 5 5 5 6 3 5 6 9 6 6 4 5 3 5 6 9 5 7 6 6
Last Time Cost: 00001456 ms
Total Time Cost: 00100140 ms
Total Distance 269: 3 5 6 8 5 6 5 6 3 5 6 9 5 7 5 3 2 6 6 9 7 8 5 4 3 6 5 9 5 5 5 6 3 5 6 9 6 6 4 5 3 5 6 9 5 7 6 6
Last Time Cost: 00001535 ms
Total Time Cost: 00101675 ms
Total Distance 267: 3 5 6 8 5 6 5 6 2 5 6 9 5 7 5 3 2 6 6 9 7 8 5 4 3 6 5 9 5 4 5 6 3 5 6 9 6 6 4 5 3 5 6 9 5 7 6 6
Last Time Cost: 00001656 ms
Total Time Cost: 00103331 ms
Total Distance 265: 3 5 6 8 5 6 5 5 1 5 6 9 5 7 5 3 2 6 6 9 7 8 5 4 3 6 5 9 5 4 5 6 3 5 6 9 6 6 4 5 3 5 6 9 5 7 6 6
Last Time Cost: 00000003 ms
Total Time Cost: 00103334 ms
Total Distance 264: 3 5 6 8 5 6 5 5 0 5 6 9 5 7 5 3 2 6 6 9 7 8 5 4 3 6 5 9 5 4 5 6 3 5 6 9 6 6 4 5 3 5 6 9 5 7 6 6
Last Time Cost: 00001936 ms
Total Time Cost: 00105270 ms
Total Distance 261: 3 5 6 8 5 6 5 5 0 5 6 8 5 7 5 3 2 6 6 9 7 8 5 4 3 5 5 9 5 4 5 6 3 5 6 9 6 6 4 5 3 5 5 9 5 7 6 6
Last Time Cost: 00001719 ms
Total Time Cost: 00106989 ms
Total Distance 259: 3 5 6 8 5 6 5 5 0 5 6 8 5 7 5 3 2 6 6 9 7 8 5 4 2 4 5 9 5 4 5 6 3 5 6 9 6 6 4 5 3 5 5 9 5 7 6 6
Last Time Cost: 00001876 ms
Total Time Cost: 00108865 ms
Total Distance 257: 3 5 6 8 5 6 5 5 0 5 6 8 5 7 5 3 2 6 6 9 7 8 5 4 2 4 5 9 5 4 5 6 3 5 6 9 6 6 4 4 2 5 5 9 5 7 6 6
Last Time Cost: 00002050 ms
Total Time Cost: 00110915 ms
Total Distance 255: 3 5 6 8 5 5 5 5 0 5 6 8 5 7 5 3 2 6 6 9 7 8 5 4 2 4 5 9 5 4 5 6 2 5 6 9 6 6 4 4 2 5 5 9 5 7 6 6
Last Time Cost: 00002231 ms
Total Time Cost: 00113146 ms
Total Distance 253: 3 5 6 8 5 5 5 5 0 5 6 8 5 7 5 3 2 6 6 9 7 8 5 4 2 4 5 9 5 4 5 5 1 5 6 9 6 6 4 4 2 5 5 9 5 7 6 6
Last Time Cost: 00000002 ms
Total Time Cost: 00113148 ms
Total Distance 252: 3 5 6 8 5 5 5 5 0 5 6 8 5 7 5 3 2 6 6 9 7 8 5 4 2 4 5 9 5 4 5 5 0 5 6 9 6 6 4 4 2 5 5 9 5 7 6 6
Last Time Cost: 00002562 ms
Total Time Cost: 00115710 ms
Total Distance 249: 3 4 6 8 5 5 5 5 0 5 6 8 5 7 5 3 2 6 5 9 7 8 5 4 2 4 5 9 5 4 5 5 0 5 6 8 6 6 4 4 2 5 5 9 5 7 6 6
Last Time Cost: 00002165 ms
Total Time Cost: 00117875 ms
Total Distance 247: 3 4 6 8 5 5 5 5 0 5 6 8 5 7 5 3 2 6 5 9 7 8 5 4 2 3 5 9 5 4 5 5 0 5 6 8 6 6 4 4 2 5 4 9 5 7 6 6
Last Time Cost: 00002322 ms
Total Time Cost: 00120197 ms
Total Distance 245: 2 4 6 8 5 5 5 5 0 5 6 8 5 7 5 3 2 6 5 9 7 8 5 4 2 3 5 9 5 4 5 5 0 5 6 8 6 6 4 4 2 5 4 9 5 7 6 5
Last Time Cost: 00002490 ms
Total Time Cost: 00122687 ms
Total Distance 243: 2 4 6 8 5 5 5 5 0 5 6 8 5 7 4 3 2 6 5 9 7 8 5 4 2 3 5 9 5 4 5 5 0 5 6 8 6 6 3 4 2 5 4 9 5 7 6 5
Last Time Cost: 00002658 ms
Total Time Cost: 00125345 ms
Total Distance 241: 2 4 6 8 5 4 5 5 0 5 6 8 5 7 3 3 2 6 5 9 7 8 5 4 2 3 5 9 5 4 5 5 0 5 6 8 6 6 3 4 2 5 4 9 5 7 6 5
Last Time Cost: 00002840 ms
Total Time Cost: 00128185 ms
Total Distance 239: 2 3 6 8 5 4 5 5 0 5 6 8 5 7 3 3 2 6 4 9 7 8 5 4 2 3 5 9 5 4 5 5 0 5 6 8 6 6 3 4 2 5 4 9 5 7 6 5
Last Time Cost: 00003051 ms
Total Time Cost: 00131236 ms
Total Distance 237: 2 3 6 8 5 4 5 5 0 5 6 8 5 7 3 3 2 6 3 9 7 8 5 4 2 3 5 9 5 4 5 5 0 5 6 8 6 6 3 4 2 5 4 9 4 7 6 5
Last Time Cost: 00003214 ms
Total Time Cost: 00134450 ms
Total Distance 235: 2 3 6 8 5 4 5 5 0 5 6 8 5 7 3 3 2 6 3 9 7 8 5 4 2 3 5 9 4 4 5 5 0 5 6 8 6 6 3 4 2 5 4 9 3 7 6 5
Last Time Cost: 00003480 ms
Total Time Cost: 00137930 ms
Total Distance 233: 2 3 6 8 5 4 5 5 0 4 6 8 5 7 3 3 2 6 3 9 7 8 5 4 2 3 4 9 4 4 5 5 0 5 6 8 6 6 3 4 2 5 4 9 3 7 6 5
Last Time Cost: 00003690 ms
Total Time Cost: 00141620 ms
Total Distance 230: 2 3 6 8 5 4 5 5 0 4 5 8 5 7 3 3 2 6 3 8 7 8 5 4 2 3 4 9 4 4 5 5 0 4 6 8 6 6 3 4 2 5 4 9 3 7 6 5
Last Time Cost: 00002631 ms
Total Time Cost: 00144251 ms
Total Distance 228: 2 3 6 8 5 4 5 5 0 3 5 8 5 7 3 3 2 6 3 8 7 8 5 4 2 3 3 9 4 4 5 5 0 4 6 8 6 6 3 4 2 5 4 9 3 7 6 5
Last Time Cost: 00002949 ms
Total Time Cost: 00147200 ms
Total Distance 226: 1 3 6 8 5 4 5 5 0 3 5 8 5 7 3 3 2 6 3 8 7 7 5 4 2 3 3 9 4 4 5 5 0 4 6 8 6 6 3 4 2 5 4 9 3 7 6 5
Last Time Cost: 00000005 ms
Total Time Cost: 00147205 ms
Total Distance 225: 0 3 6 8 5 4 5 5 0 3 5 8 5 7 3 3 2 6 3 8 7 7 5 4 2 3 3 9 4 4 5 5 0 4 6 8 6 6 3 4 2 5 4 9 3 7 6 5
Last Time Cost: 00003370 ms
Total Time Cost: 00150575 ms
Total Distance 223: 0 3 6 8 5 4 5 5 0 3 5 8 5 7 3 3 2 6 3 8 7 7 5 4 2 3 2 9 4 4 5 5 0 4 6 8 6 6 3 4 2 5 4 9 3 7 6 4
Last Time Cost: 00003622 ms
Total Time Cost: 00154197 ms
Total Distance 221: 0 3 5 8 5 4 5 5 0 3 5 8 5 7 3 3 2 6 3 8 7 7 5 4 2 3 2 9 4 4 5 5 0 3 6 8 6 6 3 4 2 5 4 9 3 7 6 4
Last Time Cost: 00003832 ms
Total Time Cost: 00158029 ms
Total Distance 219: 0 3 5 7 5 4 5 5 0 3 5 8 5 7 3 3 1 6 3 8 7 7 5 4 2 3 2 9 4 4 5 5 0 3 6 8 6 6 3 4 2 5 4 9 3 7 6 4
Last Time Cost: 00000004 ms
Total Time Cost: 00158033 ms
Total Distance 218: 0 3 5 7 5 4 5 5 0 3 5 8 5 7 3 3 0 6 3 8 7 7 5 4 2 3 2 9 4 4 5 5 0 3 6 8 6 6 3 4 2 5 4 9 3 7 6 4
Last Time Cost: 00004288 ms
Total Time Cost: 00162321 ms
Total Distance 216: 0 3 5 7 5 4 4 5 0 3 5 8 5 7 3 3 0 6 3 8 7 7 5 4 2 3 2 9 4 4 4 5 0 3 6 8 6 6 3 4 2 5 4 9 3 7 6 4
Last Time Cost: 00004587 ms
Total Time Cost: 00166908 ms
Total Distance 214: 0 3 5 7 5 4 4 5 0 3 5 8 5 7 3 3 0 6 3 8 7 7 5 4 2 3 2 9 4 4 4 5 0 3 6 8 6 6 3 4 1 5 4 8 3 7 6 4
Last Time Cost: 00000005 ms
Total Time Cost: 00166913 ms
Total Distance 213: 0 3 5 7 5 4 4 5 0 3 5 8 5 7 3 3 0 6 3 8 7 7 5 4 2 3 2 9 4 4 4 5 0 3 6 8 6 6 3 4 0 5 4 8 3 7 6 4
Last Time Cost: 00002536 ms
Total Time Cost: 00169449 ms
Total Distance 211: 0 3 5 7 5 4 4 5 0 3 4 8 5 7 3 3 0 6 3 8 7 7 5 4 2 3 2 9 4 4 4 5 0 3 6 8 5 6 3 4 0 5 4 8 3 7 6 4
Last Time Cost: 00002665 ms
Total Time Cost: 00172114 ms
Total Distance 209: 0 3 5 7 4 4 4 5 0 3 4 8 5 7 3 3 0 6 3 8 7 7 5 4 2 3 2 9 4 4 4 4 0 3 6 8 5 6 3 4 0 5 4 8 3 7 6 4
Last Time Cost: 00002807 ms
Total Time Cost: 00174921 ms
Total Distance 207: 0 3 5 7 4 4 4 4 0 3 4 8 5 7 3 3 0 6 3 8 7 7 5 4 2 3 2 9 4 4 4 4 0 3 5 8 5 6 3 4 0 5 4 8 3 7 6 4
Last Time Cost: 00002983 ms
Total Time Cost: 00177904 ms
Total Distance 205: 0 3 5 7 4 4 4 4 0 3 4 8 5 7 3 3 0 6 3 8 7 7 4 4 2 3 2 9 4 4 4 4 0 3 5 8 5 6 3 4 0 5 4 8 3 7 5 4
Last Time Cost: 00003123 ms
Total Time Cost: 00181027 ms
Total Distance 203: 0 3 5 7 4 4 4 4 0 2 4 8 5 7 3 3 0 6 3 8 7 7 4 4 2 3 2 9 4 4 4 4 0 3 5 8 5 6 3 4 0 5 4 7 3 7 5 4
Last Time Cost: 00003227 ms
Total Time Cost: 00184254 ms
Total Distance 201: 0 3 5 7 4 4 3 4 0 2 4 8 5 7 3 3 0 6 3 8 7 7 4 4 2 3 2 9 4 4 4 4 0 3 5 8 5 6 3 4 0 5 4 7 3 6 5 4
Last Time Cost: 00003339 ms
Total Time Cost: 00187593 ms
Total Distance 199: 0 3 5 7 4 4 3 4 0 2 4 8 5 7 3 3 0 6 3 8 7 7 4 4 2 3 2 9 4 4 4 3 0 3 5 8 5 6 3 4 0 5 4 7 3 5 5 4
Last Time Cost: 00003513 ms
Total Time Cost: 00191106 ms
Total Distance 197: 0 3 5 7 4 4 2 4 0 2 4 7 5 7 3 3 0 6 3 8 7 7 4 4 2 3 2 9 4 4 4 3 0 3 5 8 5 6 3 4 0 5 4 7 3 5 5 4
Last Time Cost: 00003662 ms
Total Time Cost: 00194768 ms
Total Distance 195: 0 3 5 7 4 4 2 4 0 2 4 7 5 7 3 3 0 6 2 8 7 7 4 4 2 3 2 9 4 4 4 3 0 3 5 7 5 6 3 4 0 5 4 7 3 5 5 4
Last Time Cost: 00003825 ms
Total Time Cost: 00198593 ms
Total Distance 193: 0 3 5 7 4 4 2 3 0 2 4 7 5 7 3 3 0 6 2 8 6 7 4 4 2 3 2 9 4 4 4 3 0 3 5 7 5 6 3 4 0 5 4 7 3 5 5 4
Last Time Cost: 00003925 ms
Total Time Cost: 00202518 ms
Total Distance 191: 0 3 5 7 4 4 2 3 0 2 4 7 5 7 3 3 0 6 2 8 5 7 4 4 2 3 2 9 4 4 4 3 0 3 5 7 5 6 3 4 0 5 4 7 3 5 5 3
Last Time Cost: 00004253 ms
Total Time Cost: 00206771 ms
Total Distance 189: 0 3 5 7 4 4 2 3 0 2 4 7 5 7 3 3 0 6 2 8 5 6 4 4 2 3 2 9 4 4 4 3 0 3 5 7 5 6 3 4 0 5 4 7 3 5 5 2
Last Time Cost: 00004339 ms
Total Time Cost: 00211110 ms
Total Distance 187: 0 3 5 7 4 4 2 3 0 2 4 7 5 7 3 3 0 6 2 8 5 5 4 4 2 3 2 9 4 4 3 3 0 3 5 7 5 6 3 4 0 5 4 7 3 5 5 2
Last Time Cost: 00004582 ms
Total Time Cost: 00215692 ms
Total Distance 185: 0 3 5 7 4 4 2 3 0 2 4 7 5 6 3 3 0 6 2 8 5 5 3 4 2 3 2 9 4 4 3 3 0 3 5 7 5 6 3 4 0 5 4 7 3 5 5 2
Last Time Cost: 00004672 ms
Total Time Cost: 00220364 ms
Total Distance 183: 0 3 5 7 4 4 2 3 0 2 4 7 5 5 3 3 0 6 2 8 5 5 3 4 2 3 2 9 4 4 3 3 0 3 5 7 5 6 3 3 0 5 4 7 3 5 5 2
Last Time Cost: 00004888 ms
Total Time Cost: 00225252 ms
Total Distance 181: 0 3 5 7 4 4 2 3 0 2 4 7 5 4 3 3 0 6 2 8 5 4 3 4 2 3 2 9 4 4 3 3 0 3 5 7 5 6 3 3 0 5 4 7 3 5 5 2
Last Time Cost: 00005236 ms
Total Time Cost: 00230488 ms
Total Distance 179: 0 3 5 7 4 4 2 3 0 2 4 7 5 4 3 3 0 6 2 8 5 4 3 4 2 3 2 9 4 4 3 3 0 3 5 7 5 5 3 3 0 5 4 7 3 5 4 2
Last Time Cost: 00005468 ms
Total Time Cost: 00235956 ms
Total Distance 177: 0 3 5 7 4 4 2 3 0 2 4 6 5 4 3 3 0 6 2 8 5 4 3 4 2 3 2 9 4 4 3 3 0 3 5 7 5 5 3 3 0 5 3 7 3 5 4 2
Last Time Cost: 00005624 ms
Total Time Cost: 00241580 ms
Total Distance 175: 0 3 5 6 4 4 2 3 0 2 4 6 5 4 3 3 0 6 2 8 5 4 3 4 2 3 2 9 4 3 3 3 0 3 5 7 5 5 3 3 0 5 3 7 3 5 4 2
Last Time Cost: 00005741 ms
Total Time Cost: 00247321 ms
Total Distance 173: 0 3 5 6 4 4 2 3 0 2 4 6 5 4 3 3 0 5 2 8 5 4 3 4 2 3 2 9 4 3 3 3 0 3 4 7 5 5 3 3 0 5 3 7 3 5 4 2
Last Time Cost: 00006020 ms
Total Time Cost: 00253341 ms
Total Distance 171: 0 3 5 6 4 4 2 3 0 2 4 6 5 4 3 3 0 4 2 8 5 4 3 4 2 3 2 9 4 3 3 3 0 3 3 7 5 5 3 3 0 5 3 7 3 5 4 2
Last Time Cost: 00006271 ms
Total Time Cost: 00259612 ms
Total Distance 169: 0 3 5 6 4 4 2 3 0 2 4 6 5 4 3 3 0 4 2 8 5 4 3 4 2 3 2 9 4 3 3 3 0 3 3 7 5 4 3 3 0 5 3 6 3 5 4 2
Last Time Cost: 00006443 ms
Total Time Cost: 00266055 ms
Total Distance 167: 0 3 5 6 4 4 2 3 0 2 4 6 5 4 3 3 0 4 2 7 5 4 3 4 2 3 2 9 4 3 3 3 0 3 3 7 4 4 3 3 0 5 3 6 3 5 4 2
Last Time Cost: 00006741 ms
Total Time Cost: 00272796 ms
Total Distance 165: 0 3 5 6 4 4 2 3 0 2 4 5 5 4 3 3 0 4 2 7 5 4 3 4 2 3 2 9 4 3 3 3 0 3 3 7 4 4 3 3 0 5 2 6 3 5 4 2
Last Time Cost: 00007180 ms
Total Time Cost: 00279976 ms
Total Distance 163: 0 3 5 6 4 4 2 3 0 2 4 5 5 4 2 3 0 4 2 7 5 4 3 4 2 3 2 8 4 3 3 3 0 3 3 7 4 4 3 3 0 5 2 6 3 5 4 2
Last Time Cost: 00000596 ms
Total Time Cost: 00280572 ms
Total Distance 161: 0 3 5 6 4 3 2 3 0 2 4 5 5 4 2 3 0 4 2 7 5 4 3 4 2 3 2 7 4 3 3 3 0 3 3 7 4 4 3 3 0 5 2 6 3 5 4 2
Last Time Cost: 00000544 ms
Total Time Cost: 00281116 ms
Total Distance 159: 0 3 4 6 4 3 2 3 0 2 4 5 5 4 2 3 0 4 2 6 5 4 3 4 2 3 2 7 4 3 3 3 0 3 3 7 4 4 3 3 0 5 2 6 3 5 4 2
Last Time Cost: 00000371 ms
Total Time Cost: 00281487 ms
Total Distance 157: 0 3 4 6 4 3 2 3 0 2 4 5 5 4 2 3 0 4 2 6 5 4 3 4 2 3 2 7 4 3 3 3 0 2 3 7 3 4 3 3 0 5 2 6 3 5 4 2
Last Time Cost: 00000384 ms
Total Time Cost: 00281871 ms
Total Distance 155: 0 3 4 6 4 3 2 3 0 2 4 5 5 4 2 3 0 4 2 6 4 4 3 4 2 3 2 7 4 2 3 3 0 2 3 7 3 4 3 3 0 5 2 6 3 5 4 2
Last Time Cost: 00000396 ms
Total Time Cost: 00282267 ms
Total Distance 153: 0 3 4 5 4 3 2 3 0 2 4 4 5 4 2 3 0 4 2 6 4 4 3 4 2 3 2 7 4 2 3 3 0 2 3 7 3 4 3 3 0 5 2 6 3 5 4 2
Last Time Cost: 00000407 ms
Total Time Cost: 00282674 ms
Total Distance 151: 0 3 4 5 4 3 2 3 0 2 4 4 5 4 2 3 0 4 2 5 4 4 3 4 2 3 2 6 4 2 3 3 0 2 3 7 3 4 3 3 0 5 2 6 3 5 4 2
Last Time Cost: 00000228 ms
Total Time Cost: 00282902 ms
Total Distance 150: 0 3 4 5 4 3 2 3 0 2 4 4 5 4 2 3 0 4 2 5 4 4 3 4 2 3 2 6 4 2 3 3 0 1 3 7 3 4 3 3 0 5 2 6 3 5 4 2
Last Time Cost: 00000001 ms
Total Time Cost: 00282903 ms
Total Distance 149: 0 3 4 5 4 3 2 3 0 2 4 4 5 4 2 3 0 4 2 5 4 4 3 4 2 3 2 6 4 2 3 3 0 0 3 7 3 4 3 3 0 5 2 6 3 5 4 2
Last Time Cost: 00000246 ms
Total Time Cost: 00283149 ms
Total Distance 148: 0 3 4 5 4 3 2 3 0 1 4 4 5 4 2 3 0 4 2 5 4 4 3 4 2 3 2 6 4 2 3 3 0 0 3 7 3 4 3 3 0 5 2 6 3 5 4 2
Last Time Cost: 00000001 ms
Total Time Cost: 00283150 ms
Total Distance 147: 0 3 4 5 4 3 2 3 0 0 4 4 5 4 2 3 0 4 2 5 4 4 3 4 2 3 2 6 4 2 3 3 0 0 3 7 3 4 3 3 0 5 2 6 3 5 4 2
Last Time Cost: 00000264 ms
Total Time Cost: 00283414 ms
Total Distance 146: 0 3 4 5 4 3 2 3 0 0 4 4 5 4 2 3 0 4 1 5 4 4 3 4 2 3 2 6 4 2 3 3 0 0 3 7 3 4 3 3 0 5 2 6 3 5 4 2
Last Time Cost: 00000001 ms
Total Time Cost: 00283415 ms
Total Distance 145: 0 3 4 5 4 3 2 3 0 0 4 4 5 4 2 3 0 4 0 5 4 4 3 4 2 3 2 6 4 2 3 3 0 0 3 7 3 4 3 3 0 5 2 6 3 5 4 2
Last Time Cost: 00000289 ms
Total Time Cost: 00283704 ms
Total Distance 144: 0 3 4 5 4 3 2 3 0 0 4 4 5 4 1 3 0 4 0 5 4 4 3 4 2 3 2 6 4 2 3 3 0 0 3 7 3 4 3 3 0 5 2 6 3 5 4 2
Last Time Cost: 00000001 ms
Total Time Cost: 00283705 ms
Total Distance 143: 0 3 4 5 4 3 2 3 0 0 4 4 5 4 0 3 0 4 0 5 4 4 3 4 2 3 2 6 4 2 3 3 0 0 3 7 3 4 3 3 0 5 2 6 3 5 4 2
Last Time Cost: 00000314 ms
Total Time Cost: 00284019 ms
Total Distance 142: 0 3 4 5 4 3 2 3 0 0 4 4 5 4 0 3 0 4 0 5 4 4 3 4 2 3 1 6 4 2 3 3 0 0 3 7 3 4 3 3 0 5 2 6 3 5 4 2
Last Time Cost: 00000001 ms
Total Time Cost: 00284020 ms
Total Distance 141: 0 3 4 5 4 3 2 3 0 0 4 4 5 4 0 3 0 4 0 5 4 4 3 4 2 3 0 6 4 2 3 3 0 0 3 7 3 4 3 3 0 5 2 6 3 5 4 2
Last Time Cost: 00000337 ms
Total Time Cost: 00284357 ms
Total Distance 140: 0 3 4 5 4 3 2 3 0 0 4 4 5 4 0 3 0 4 0 5 4 4 3 4 1 3 0 6 4 2 3 3 0 0 3 7 3 4 3 3 0 5 2 6 3 5 4 2
Last Time Cost: 00000001 ms
Total Time Cost: 00284358 ms
Total Distance 139: 0 3 4 5 4 3 2 3 0 0 4 4 5 4 0 3 0 4 0 5 4 4 3 4 0 3 0 6 4 2 3 3 0 0 3 7 3 4 3 3 0 5 2 6 3 5 4 2
Last Time Cost: 00000363 ms
Total Time Cost: 00284721 ms
Total Distance 138: 0 3 4 5 4 3 1 3 0 0 4 4 5 4 0 3 0 4 0 5 4 4 3 4 0 3 0 6 4 2 3 3 0 0 3 7 3 4 3 3 0 5 2 6 3 5 4 2
Last Time Cost: 00000001 ms
Total Time Cost: 00284722 ms
Total Distance 137: 0 3 4 5 4 3 0 3 0 0 4 4 5 4 0 3 0 4 0 5 4 4 3 4 0 3 0 6 4 2 3 3 0 0 3 7 3 4 3 3 0 5 2 6 3 5 4 2
Last Time Cost: 00000387 ms
Total Time Cost: 00285109 ms
Total Distance 136: 0 3 4 5 4 3 0 3 0 0 4 4 5 4 0 3 0 4 0 5 4 4 3 4 0 3 0 6 4 1 3 3 0 0 3 7 3 4 3 3 0 5 2 6 3 5 4 2
Last Time Cost: 00000004 ms
Total Time Cost: 00285113 ms
Total Distance 135: 0 3 4 5 4 3 0 3 0 0 4 4 5 4 0 3 0 4 0 5 4 4 3 4 0 3 0 6 4 0 3 3 0 0 3 7 3 4 3 3 0 5 2 6 3 5 4 2
Last Time Cost: 00000422 ms
Total Time Cost: 00285535 ms
Total Distance 134: 0 3 4 5 4 3 0 3 0 0 4 4 5 4 0 3 0 4 0 5 4 4 3 4 0 3 0 6 4 0 3 3 0 0 3 7 3 4 3 3 0 5 2 6 3 5 4 1
Last Time Cost: 00000001 ms
Total Time Cost: 00285536 ms
Total Distance 133: 0 3 4 5 4 3 0 3 0 0 4 4 5 4 0 3 0 4 0 5 4 4 3 4 0 3 0 6 4 0 3 3 0 0 3 7 3 4 3 3 0 5 2 6 3 5 4 0
Last Time Cost: 00000447 ms
Total Time Cost: 00285983 ms
Total Distance 132: 0 3 4 5 4 3 0 3 0 0 4 4 5 4 0 3 0 4 0 5 4 4 3 4 0 3 0 6 4 0 3 3 0 0 3 7 3 4 3 3 0 5 1 6 3 5 4 0
Last Time Cost: 00000001 ms
Total Time Cost: 00285984 ms
Total Distance 131: 0 3 4 5 4 3 0 3 0 0 4 4 5 4 0 3 0 4 0 5 4 4 3 4 0 3 0 6 4 0 3 3 0 0 3 7 3 4 3 3 0 5 0 6 3 5 4 0
Last Time Cost: 00000482 ms
Total Time Cost: 00286466 ms
Total Distance 130: 0 2 4 5 4 3 0 3 0 0 4 4 5 4 0 3 0 4 0 5 4 4 3 4 0 3 0 6 4 0 3 3 0 0 3 7 3 4 3 3 0 5 0 6 3 5 4 0
Last Time Cost: 00000001 ms
Total Time Cost: 00286467 ms
Total Distance 129: 0 1 4 5 4 3 0 3 0 0 4 4 5 4 0 3 0 4 0 5 4 4 3 4 0 3 0 6 4 0 3 3 0 0 3 7 3 4 3 3 0 5 0 6 3 5 4 0
Last Time Cost: 00000001 ms
Total Time Cost: 00286468 ms
Total Distance 128: 0 0 4 5 4 3 0 3 0 0 4 4 5 4 0 3 0 4 0 5 4 4 3 4 0 3 0 6 4 0 3 3 0 0 3 7 3 4 3 3 0 5 0 6 3 5 4 0
Last Time Cost: 00000555 ms
Total Time Cost: 00287023 ms
Total Distance 127: 0 0 4 5 4 3 0 3 0 0 4 4 5 4 0 3 0 4 0 5 4 4 2 4 0 3 0 6 4 0 3 3 0 0 3 7 3 4 3 3 0 5 0 6 3 5 4 0
Last Time Cost: 00000001 ms
Total Time Cost: 00287024 ms
Total Distance 126: 0 0 4 5 4 3 0 3 0 0 4 4 5 4 0 3 0 4 0 5 4 4 1 4 0 3 0 6 4 0 3 3 0 0 3 7 3 4 3 3 0 5 0 6 3 5 4 0
Last Time Cost: 00000001 ms
Total Time Cost: 00287025 ms
Total Distance 125: 0 0 4 5 4 3 0 3 0 0 4 4 5 4 0 3 0 4 0 5 4 4 0 4 0 3 0 6 4 0 3 3 0 0 3 7 3 4 3 3 0 5 0 6 3 5 4 0
Last Time Cost: 00000610 ms
Total Time Cost: 00287635 ms
Total Distance 124: 0 0 4 5 4 3 0 3 0 0 4 4 5 4 0 3 0 4 0 5 4 4 0 4 0 3 0 6 4 0 3 3 0 0 3 7 3 4 3 2 0 5 0 6 3 5 4 0
Last Time Cost: 00000001 ms
Total Time Cost: 00287636 ms
Total Distance 123: 0 0 4 5 4 3 0 3 0 0 4 4 5 4 0 3 0 4 0 5 4 4 0 4 0 3 0 6 4 0 3 3 0 0 3 7 3 4 3 1 0 5 0 6 3 5 4 0
Last Time Cost: 00000001 ms
Total Time Cost: 00287637 ms
Total Distance 122: 0 0 4 5 4 3 0 3 0 0 4 4 5 4 0 3 0 4 0 5 4 4 0 4 0 3 0 6 4 0 3 3 0 0 3 7 3 4 3 0 0 5 0 6 3 5 4 0
Last Time Cost: 00000670 ms
Total Time Cost: 00288307 ms
Total Distance 121: 0 0 4 5 4 3 0 3 0 0 4 4 5 4 0 2 0 4 0 5 4 4 0 4 0 3 0 6 4 0 3 3 0 0 3 7 3 4 3 0 0 5 0 6 3 5 4 0
Last Time Cost: 00000001 ms
Total Time Cost: 00288308 ms
Total Distance 120: 0 0 4 5 4 3 0 3 0 0 4 4 5 4 0 1 0 4 0 5 4 4 0 4 0 3 0 6 4 0 3 3 0 0 3 7 3 4 3 0 0 5 0 6 3 5 4 0
Last Time Cost: 00000001 ms
Total Time Cost: 00288309 ms
Total Distance 119: 0 0 4 5 4 3 0 3 0 0 4 4 5 4 0 0 0 4 0 5 4 4 0 4 0 3 0 6 4 0 3 3 0 0 3 7 3 4 3 0 0 5 0 6 3 5 4 0
Last Time Cost: 00000738 ms
Total Time Cost: 00289047 ms
Total Distance 118: 0 0 4 5 4 3 0 2 0 0 4 4 5 4 0 0 0 4 0 5 4 4 0 4 0 3 0 6 4 0 3 3 0 0 3 7 3 4 3 0 0 5 0 6 3 5 4 0
Last Time Cost: 00000001 ms
Total Time Cost: 00289048 ms
Total Distance 117: 0 0 4 5 4 3 0 1 0 0 4 4 5 4 0 0 0 4 0 5 4 4 0 4 0 3 0 6 4 0 3 3 0 0 3 7 3 4 3 0 0 5 0 6 3 5 4 0
Last Time Cost: 00000001 ms
Total Time Cost: 00289049 ms
Total Distance 116: 0 0 4 5 4 3 0 0 0 0 4 4 5 4 0 0 0 4 0 5 4 4 0 4 0 3 0 6 4 0 3 3 0 0 3 7 3 4 3 0 0 5 0 6 3 5 4 0
Last Time Cost: 00000831 ms
Total Time Cost: 00289880 ms
Total Distance 115: 0 0 4 5 4 3 0 0 0 0 4 4 5 4 0 0 0 4 0 5 4 4 0 4 0 3 0 6 4 0 3 3 0 0 3 7 3 4 2 0 0 5 0 6 3 5 4 0
Last Time Cost: 00000001 ms
Total Time Cost: 00289881 ms
Total Distance 114: 0 0 4 5 4 3 0 0 0 0 4 4 5 4 0 0 0 4 0 5 4 4 0 4 0 3 0 6 4 0 3 3 0 0 3 7 3 4 1 0 0 5 0 6 3 5 4 0
Last Time Cost: 00000001 ms
Total Time Cost: 00289882 ms
Total Distance 113: 0 0 4 5 4 3 0 0 0 0 4 4 5 4 0 0 0 4 0 5 4 4 0 4 0 3 0 6 4 0 3 3 0 0 3 7 3 4 0 0 0 5 0 6 3 5 4 0
Last Time Cost: 00000913 ms
Total Time Cost: 00290795 ms
Total Distance 112: 0 0 4 5 4 3 0 0 0 0 4 4 5 4 0 0 0 4 0 5 4 4 0 4 0 2 0 6 4 0 3 3 0 0 3 7 3 4 0 0 0 5 0 6 3 5 4 0
Last Time Cost: 00000001 ms
Total Time Cost: 00290796 ms
Total Distance 111: 0 0 4 5 4 3 0 0 0 0 4 4 5 4 0 0 0 4 0 5 4 4 0 4 0 1 0 6 4 0 3 3 0 0 3 7 3 4 0 0 0 5 0 6 3 5 4 0
Last Time Cost: 00000001 ms
Total Time Cost: 00290797 ms
Total Distance 110: 0 0 4 5 4 3 0 0 0 0 4 4 5 4 0 0 0 4 0 5 4 4 0 4 0 0 0 6 4 0 3 3 0 0 3 7 3 4 0 0 0 5 0 6 3 5 4 0
Last Time Cost: 00000979 ms
Total Time Cost: 00291776 ms
Total Distance 109: 0 0 4 5 4 3 0 0 0 0 4 4 5 4 0 0 0 4 0 5 4 4 0 4 0 0 0 6 4 0 3 3 0 0 3 7 2 4 0 0 0 5 0 6 3 5 4 0
Last Time Cost: 00000001 ms
Total Time Cost: 00291777 ms
Total Distance 108: 0 0 4 5 4 3 0 0 0 0 4 4 5 4 0 0 0 4 0 5 4 4 0 4 0 0 0 6 4 0 3 3 0 0 3 7 1 4 0 0 0 5 0 6 3 5 4 0
Last Time Cost: 00000001 ms
Total Time Cost: 00291778 ms
Total Distance 107: 0 0 4 5 4 3 0 0 0 0 4 4 5 4 0 0 0 4 0 5 4 4 0 4 0 0 0 6 4 0 3 3 0 0 3 7 0 4 0 0 0 5 0 6 3 5 4 0
Last Time Cost: 00001125 ms
Total Time Cost: 00292903 ms
Total Distance 106: 0 0 4 5 4 3 0 0 0 0 4 4 5 4 0 0 0 4 0 5 4 4 0 4 0 0 0 6 4 0 3 3 0 0 2 7 0 4 0 0 0 5 0 6 3 5 4 0
Last Time Cost: 00000001 ms
Total Time Cost: 00292904 ms
Total Distance 105: 0 0 4 5 4 3 0 0 0 0 4 4 5 4 0 0 0 4 0 5 4 4 0 4 0 0 0 6 4 0 3 3 0 0 1 7 0 4 0 0 0 5 0 6 3 5 4 0
Last Time Cost: 00000001 ms
Total Time Cost: 00292905 ms
Total Distance 104: 0 0 4 5 4 3 0 0 0 0 4 4 5 4 0 0 0 4 0 5 4 4 0 4 0 0 0 6 4 0 3 3 0 0 0 7 0 4 0 0 0 5 0 6 3 5 4 0
Last Time Cost: 00001258 ms
Total Time Cost: 00294163 ms
Total Distance 103: 0 0 4 5 4 3 0 0 0 0 4 4 5 4 0 0 0 4 0 5 4 4 0 4 0 0 0 6 4 0 2 3 0 0 0 7 0 4 0 0 0 5 0 6 3 5 4 0
Last Time Cost: 00000001 ms
Total Time Cost: 00294164 ms
Total Distance 102: 0 0 4 5 4 3 0 0 0 0 4 4 5 4 0 0 0 4 0 5 4 4 0 4 0 0 0 6 4 0 1 3 0 0 0 7 0 4 0 0 0 5 0 6 3 5 4 0
Last Time Cost: 00000001 ms
Total Time Cost: 00294165 ms
Total Distance 101: 0 0 4 5 4 3 0 0 0 0 4 4 5 4 0 0 0 4 0 5 4 4 0 4 0 0 0 6 4 0 0 3 0 0 0 7 0 4 0 0 0 5 0 6 3 5 4 0
Last Time Cost: 00001406 ms
Total Time Cost: 00295571 ms
Total Distance 100: 0 0 4 5 4 3 0 0 0 0 4 4 5 4 0 0 0 4 0 5 4 4 0 4 0 0 0 6 4 0 0 3 0 0 0 7 0 4 0 0 0 5 0 6 2 5 4 0
Last Time Cost: 00000001 ms
Total Time Cost: 00295572 ms
Total Distance 99: 0 0 4 5 4 3 0 0 0 0 4 4 5 4 0 0 0 4 0 5 4 4 0 4 0 0 0 6 4 0 0 3 0 0 0 7 0 4 0 0 0 5 0 6 1 5 4 0
Last Time Cost: 00000001 ms
Total Time Cost: 00295573 ms
Total Distance 98: 0 0 4 5 4 3 0 0 0 0 4 4 5 4 0 0 0 4 0 5 4 4 0 4 0 0 0 6 4 0 0 3 0 0 0 7 0 4 0 0 0 5 0 6 0 5 4 0
Last Time Cost: 00001550 ms
Total Time Cost: 00297123 ms
Total Distance 97: 0 0 4 5 4 2 0 0 0 0 4 4 5 4 0 0 0 4 0 5 4 4 0 4 0 0 0 6 4 0 0 3 0 0 0 7 0 4 0 0 0 5 0 6 0 5 4 0
Last Time Cost: 00000032 ms
Total Time Cost: 00297155 ms
Total Distance 96: 0 0 4 5 4 1 0 0 0 0 4 4 5 4 0 0 0 4 0 5 4 4 0 4 0 0 0 6 4 0 0 3 0 0 0 7 0 4 0 0 0 5 0 6 0 5 4 0
Last Time Cost: 00000001 ms
Total Time Cost: 00297156 ms
Total Distance 95: 0 0 4 5 4 0 0 0 0 0 4 4 5 4 0 0 0 4 0 5 4 4 0 4 0 0 0 6 4 0 0 3 0 0 0 7 0 4 0 0 0 5 0 6 0 5 4 0
Last Time Cost: 00001707 ms
Total Time Cost: 00298863 ms
Total Distance 94: 0 0 4 5 4 0 0 0 0 0 4 4 5 4 0 0 0 4 0 5 4 4 0 4 0 0 0 6 4 0 0 2 0 0 0 7 0 4 0 0 0 5 0 6 0 5 4 0
Last Time Cost: 00000001 ms
Total Time Cost: 00298864 ms
Total Distance 93: 0 0 4 5 4 0 0 0 0 0 4 4 5 4 0 0 0 4 0 5 4 4 0 4 0 0 0 6 4 0 0 1 0 0 0 7 0 4 0 0 0 5 0 6 0 5 4 0
Last Time Cost: 00000001 ms
Total Time Cost: 00298865 ms
Total Distance 92: 0 0 4 5 4 0 0 0 0 0 4 4 5 4 0 0 0 4 0 5 4 4 0 4 0 0 0 6 4 0 0 0 0 0 0 7 0 4 0 0 0 5 0 6 0 5 4 0
Last Time Cost: 00001886 ms
Total Time Cost: 00300751 ms
Total Distance 91: 0 0 3 5 4 0 0 0 0 0 4 4 5 4 0 0 0 4 0 5 4 4 0 4 0 0 0 6 4 0 0 0 0 0 0 7 0 4 0 0 0 5 0 6 0 5 4 0
Last Time Cost: 00000002 ms
Total Time Cost: 00300753 ms
Total Distance 90: 0 0 2 5 4 0 0 0 0 0 4 4 5 4 0 0 0 4 0 5 4 4 0 4 0 0 0 6 4 0 0 0 0 0 0 7 0 4 0 0 0 5 0 6 0 5 4 0
Last Time Cost: 00000001 ms
Total Time Cost: 00300754 ms
Total Distance 89: 0 0 1 5 4 0 0 0 0 0 4 4 5 4 0 0 0 4 0 5 4 4 0 4 0 0 0 6 4 0 0 0 0 0 0 7 0 4 0 0 0 5 0 6 0 5 4 0
Last Time Cost: 00000001 ms
Total Time Cost: 00300755 ms
Total Distance 88: 0 0 0 5 4 0 0 0 0 0 4 4 5 4 0 0 0 4 0 5 4 4 0 4 0 0 0 6 4 0 0 0 0 0 0 7 0 4 0 0 0 5 0 6 0 5 4 0
Last Time Cost: 00002118 ms
Total Time Cost: 00302873 ms
Total Distance 86: 0 0 0 5 4 0 0 0 0 0 4 4 5 4 0 0 0 4 0 5 4 4 0 3 0 0 0 6 4 0 0 0 0 0 0 7 0 4 0 0 0 5 0 6 0 4 4 0
Last Time Cost: 00002191 ms
Total Time Cost: 00305064 ms
Total Distance 84: 0 0 0 5 4 0 0 0 0 0 4 4 5 4 0 0 0 4 0 5 4 4 0 3 0 0 0 5 4 0 0 0 0 0 0 6 0 4 0 0 0 5 0 6 0 4 4 0
Last Time Cost: 00000143 ms
Total Time Cost: 00305207 ms
Total Distance 82: 0 0 0 5 4 0 0 0 0 0 4 4 5 4 0 0 0 4 0 5 4 4 0 3 0 0 0 5 4 0 0 0 0 0 0 5 0 4 0 0 0 5 0 5 0 4 4 0
Last Time Cost: 00000111 ms
Total Time Cost: 00305318 ms
Total Distance 81: 0 0 0 5 4 0 0 0 0 0 4 4 5 4 0 0 0 4 0 5 4 4 0 2 0 0 0 5 4 0 0 0 0 0 0 5 0 4 0 0 0 5 0 5 0 4 4 0
Last Time Cost: 00000000 ms
Total Time Cost: 00305318 ms
Total Distance 80: 0 0 0 5 4 0 0 0 0 0 4 4 5 4 0 0 0 4 0 5 4 4 0 1 0 0 0 5 4 0 0 0 0 0 0 5 0 4 0 0 0 5 0 5 0 4 4 0
Last Time Cost: 00000000 ms
Total Time Cost: 00305318 ms
Total Distance 79: 0 0 0 5 4 0 0 0 0 0 4 4 5 4 0 0 0 4 0 5 4 4 0 0 0 0 0 5 4 0 0 0 0 0 0 5 0 4 0 0 0 5 0 5 0 4 4 0
Last Time Cost: 00000118 ms
Total Time Cost: 00305436 ms
Total Distance 78: 0 0 0 5 4 0 0 0 0 0 3 4 5 4 0 0 0 4 0 5 4 4 0 0 0 0 0 5 4 0 0 0 0 0 0 5 0 4 0 0 0 5 0 5 0 4 4 0
Last Time Cost: 00000000 ms
Total Time Cost: 00305436 ms
Total Distance 76: 0 0 0 5 4 0 0 0 0 0 2 4 5 4 0 0 0 4 0 5 4 4 0 0 0 0 0 5 4 0 0 0 0 0 0 5 0 4 0 0 0 4 0 5 0 4 4 0
Last Time Cost: 00000105 ms
Total Time Cost: 00305541 ms
Total Distance 75: 0 0 0 5 4 0 0 0 0 0 1 4 5 4 0 0 0 4 0 5 4 4 0 0 0 0 0 5 4 0 0 0 0 0 0 5 0 4 0 0 0 4 0 5 0 4 4 0
Last Time Cost: 00000000 ms
Total Time Cost: 00305541 ms
Total Distance 74: 0 0 0 5 4 0 0 0 0 0 0 4 5 4 0 0 0 4 0 5 4 4 0 0 0 0 0 5 4 0 0 0 0 0 0 5 0 4 0 0 0 4 0 5 0 4 4 0
Last Time Cost: 00000110 ms
Total Time Cost: 00305651 ms
Total Distance 73: 0 0 0 5 4 0 0 0 0 0 0 4 5 4 0 0 0 4 0 5 4 4 0 0 0 0 0 5 4 0 0 0 0 0 0 5 0 4 0 0 0 4 0 5 0 3 4 0
Last Time Cost: 00000000 ms
Total Time Cost: 00305651 ms
Total Distance 72: 0 0 0 5 4 0 0 0 0 0 0 4 5 4 0 0 0 4 0 5 4 4 0 0 0 0 0 5 4 0 0 0 0 0 0 5 0 4 0 0 0 4 0 5 0 2 4 0
Last Time Cost: 00000000 ms
Total Time Cost: 00305651 ms
Total Distance 71: 0 0 0 5 4 0 0 0 0 0 0 4 5 4 0 0 0 4 0 5 4 4 0 0 0 0 0 5 4 0 0 0 0 0 0 5 0 4 0 0 0 4 0 5 0 1 4 0
Last Time Cost: 00000000 ms
Total Time Cost: 00305651 ms
Total Distance 70: 0 0 0 5 4 0 0 0 0 0 0 4 5 4 0 0 0 4 0 5 4 4 0 0 0 0 0 5 4 0 0 0 0 0 0 5 0 4 0 0 0 4 0 5 0 0 4 0
Last Time Cost: 00000119 ms
Total Time Cost: 00305770 ms
Total Distance 69: 0 0 0 5 4 0 0 0 0 0 0 4 5 4 0 0 0 3 0 5 4 4 0 0 0 0 0 5 4 0 0 0 0 0 0 5 0 4 0 0 0 4 0 5 0 0 4 0
Last Time Cost: 00000000 ms
Total Time Cost: 00305770 ms
Total Distance 68: 0 0 0 5 4 0 0 0 0 0 0 4 5 4 0 0 0 2 0 5 4 4 0 0 0 0 0 5 4 0 0 0 0 0 0 5 0 4 0 0 0 4 0 5 0 0 4 0
Last Time Cost: 00000000 ms
Total Time Cost: 00305770 ms
Total Distance 67: 0 0 0 5 4 0 0 0 0 0 0 4 5 4 0 0 0 1 0 5 4 4 0 0 0 0 0 5 4 0 0 0 0 0 0 5 0 4 0 0 0 4 0 5 0 0 4 0
Last Time Cost: 00000000 ms
Total Time Cost: 00305770 ms
Total Distance 66: 0 0 0 5 4 0 0 0 0 0 0 4 5 4 0 0 0 0 0 5 4 4 0 0 0 0 0 5 4 0 0 0 0 0 0 5 0 4 0 0 0 4 0 5 0 0 4 0
Last Time Cost: 00000126 ms
Total Time Cost: 00305896 ms
Total Distance 65: 0 0 0 5 4 0 0 0 0 0 0 4 5 3 0 0 0 0 0 5 4 4 0 0 0 0 0 5 4 0 0 0 0 0 0 5 0 4 0 0 0 4 0 5 0 0 4 0
Last Time Cost: 00000000 ms
Total Time Cost: 00305896 ms
Total Distance 64: 0 0 0 5 4 0 0 0 0 0 0 4 5 2 0 0 0 0 0 5 4 4 0 0 0 0 0 5 4 0 0 0 0 0 0 5 0 4 0 0 0 4 0 5 0 0 4 0
Last Time Cost: 00000000 ms
Total Time Cost: 00305896 ms
Total Distance 63: 0 0 0 5 4 0 0 0 0 0 0 4 5 1 0 0 0 0 0 5 4 4 0 0 0 0 0 5 4 0 0 0 0 0 0 5 0 4 0 0 0 4 0 5 0 0 4 0
Last Time Cost: 00000000 ms
Total Time Cost: 00305896 ms
Total Distance 62: 0 0 0 5 4 0 0 0 0 0 0 4 5 0 0 0 0 0 0 5 4 4 0 0 0 0 0 5 4 0 0 0 0 0 0 5 0 4 0 0 0 4 0 5 0 0 4 0
Last Time Cost: 00000135 ms
Total Time Cost: 00306031 ms
Total Distance 61: 0 0 0 5 4 0 0 0 0 0 0 3 5 0 0 0 0 0 0 5 4 4 0 0 0 0 0 5 4 0 0 0 0 0 0 5 0 4 0 0 0 4 0 5 0 0 4 0
Last Time Cost: 00000000 ms
Total Time Cost: 00306031 ms
Total Distance 60: 0 0 0 5 4 0 0 0 0 0 0 2 5 0 0 0 0 0 0 5 4 4 0 0 0 0 0 5 4 0 0 0 0 0 0 5 0 4 0 0 0 4 0 5 0 0 4 0
Last Time Cost: 00000000 ms
Total Time Cost: 00306031 ms
Total Distance 59: 0 0 0 5 4 0 0 0 0 0 0 1 5 0 0 0 0 0 0 5 4 4 0 0 0 0 0 5 4 0 0 0 0 0 0 5 0 4 0 0 0 4 0 5 0 0 4 0
Last Time Cost: 00000000 ms
Total Time Cost: 00306031 ms
Total Distance 58: 0 0 0 5 4 0 0 0 0 0 0 0 5 0 0 0 0 0 0 5 4 4 0 0 0 0 0 5 4 0 0 0 0 0 0 5 0 4 0 0 0 4 0 5 0 0 4 0
Last Time Cost: 00000145 ms
Total Time Cost: 00306176 ms
Total Distance 57: 0 0 0 5 3 0 0 0 0 0 0 0 5 0 0 0 0 0 0 5 4 4 0 0 0 0 0 5 4 0 0 0 0 0 0 5 0 4 0 0 0 4 0 5 0 0 4 0
Last Time Cost: 00000000 ms
Total Time Cost: 00306176 ms
Total Distance 56: 0 0 0 5 2 0 0 0 0 0 0 0 5 0 0 0 0 0 0 5 4 4 0 0 0 0 0 5 4 0 0 0 0 0 0 5 0 4 0 0 0 4 0 5 0 0 4 0
Last Time Cost: 00000000 ms
Total Time Cost: 00306176 ms
Total Distance 55: 0 0 0 5 1 0 0 0 0 0 0 0 5 0 0 0 0 0 0 5 4 4 0 0 0 0 0 5 4 0 0 0 0 0 0 5 0 4 0 0 0 4 0 5 0 0 4 0
Last Time Cost: 00000000 ms
Total Time Cost: 00306176 ms
Total Distance 54: 0 0 0 5 0 0 0 0 0 0 0 0 5 0 0 0 0 0 0 5 4 4 0 0 0 0 0 5 4 0 0 0 0 0 0 5 0 4 0 0 0 4 0 5 0 0 4 0
Last Time Cost: 00000156 ms
Total Time Cost: 00306332 ms
Total Distance 53: 0 0 0 5 0 0 0 0 0 0 0 0 5 0 0 0 0 0 0 5 4 3 0 0 0 0 0 5 4 0 0 0 0 0 0 5 0 4 0 0 0 4 0 5 0 0 4 0
Last Time Cost: 00000000 ms
Total Time Cost: 00306332 ms
Total Distance 52: 0 0 0 5 0 0 0 0 0 0 0 0 5 0 0 0 0 0 0 5 4 2 0 0 0 0 0 5 4 0 0 0 0 0 0 5 0 4 0 0 0 4 0 5 0 0 4 0
Last Time Cost: 00000000 ms
Total Time Cost: 00306332 ms
Total Distance 51: 0 0 0 5 0 0 0 0 0 0 0 0 5 0 0 0 0 0 0 5 4 1 0 0 0 0 0 5 4 0 0 0 0 0 0 5 0 4 0 0 0 4 0 5 0 0 4 0
Last Time Cost: 00000000 ms
Total Time Cost: 00306332 ms
Total Distance 50: 0 0 0 5 0 0 0 0 0 0 0 0 5 0 0 0 0 0 0 5 4 0 0 0 0 0 0 5 4 0 0 0 0 0 0 5 0 4 0 0 0 4 0 5 0 0 4 0
Last Time Cost: 00000167 ms
Total Time Cost: 00306499 ms
Total Distance 49: 0 0 0 5 0 0 0 0 0 0 0 0 5 0 0 0 0 0 0 5 4 0 0 0 0 0 0 5 4 0 0 0 0 0 0 5 0 4 0 0 0 3 0 5 0 0 4 0
Last Time Cost: 00000000 ms
Total Time Cost: 00306499 ms
Total Distance 48: 0 0 0 5 0 0 0 0 0 0 0 0 5 0 0 0 0 0 0 5 4 0 0 0 0 0 0 5 4 0 0 0 0 0 0 5 0 4 0 0 0 2 0 5 0 0 4 0
Last Time Cost: 00000000 ms
Total Time Cost: 00306499 ms
Total Distance 47: 0 0 0 5 0 0 0 0 0 0 0 0 5 0 0 0 0 0 0 5 4 0 0 0 0 0 0 5 4 0 0 0 0 0 0 5 0 4 0 0 0 1 0 5 0 0 4 0
Last Time Cost: 00000000 ms
Total Time Cost: 00306499 ms
Total Distance 46: 0 0 0 5 0 0 0 0 0 0 0 0 5 0 0 0 0 0 0 5 4 0 0 0 0 0 0 5 4 0 0 0 0 0 0 5 0 4 0 0 0 0 0 5 0 0 4 0
Last Time Cost: 00000181 ms
Total Time Cost: 00306680 ms
Total Distance 45: 0 0 0 5 0 0 0 0 0 0 0 0 5 0 0 0 0 0 0 5 4 0 0 0 0 0 0 5 4 0 0 0 0 0 0 5 0 3 0 0 0 0 0 5 0 0 4 0
Last Time Cost: 00000000 ms
Total Time Cost: 00306680 ms
Total Distance 44: 0 0 0 5 0 0 0 0 0 0 0 0 5 0 0 0 0 0 0 5 4 0 0 0 0 0 0 5 4 0 0 0 0 0 0 5 0 2 0 0 0 0 0 5 0 0 4 0
Last Time Cost: 00000000 ms
Total Time Cost: 00306680 ms
Total Distance 43: 0 0 0 5 0 0 0 0 0 0 0 0 5 0 0 0 0 0 0 5 4 0 0 0 0 0 0 5 4 0 0 0 0 0 0 5 0 1 0 0 0 0 0 5 0 0 4 0
Last Time Cost: 00000000 ms
Total Time Cost: 00306680 ms
Total Distance 42: 0 0 0 5 0 0 0 0 0 0 0 0 5 0 0 0 0 0 0 5 4 0 0 0 0 0 0 5 4 0 0 0 0 0 0 5 0 0 0 0 0 0 0 5 0 0 4 0
Last Time Cost: 00000193 ms
Total Time Cost: 00306873 ms
Total Distance 41: 0 0 0 5 0 0 0 0 0 0 0 0 5 0 0 0 0 0 0 5 4 0 0 0 0 0 0 5 3 0 0 0 0 0 0 5 0 0 0 0 0 0 0 5 0 0 4 0
Last Time Cost: 00000000 ms
Total Time Cost: 00306873 ms
Total Distance 40: 0 0 0 5 0 0 0 0 0 0 0 0 5 0 0 0 0 0 0 5 4 0 0 0 0 0 0 5 2 0 0 0 0 0 0 5 0 0 0 0 0 0 0 5 0 0 4 0
Last Time Cost: 00000000 ms
Total Time Cost: 00306873 ms
Total Distance 39: 0 0 0 5 0 0 0 0 0 0 0 0 5 0 0 0 0 0 0 5 4 0 0 0 0 0 0 5 1 0 0 0 0 0 0 5 0 0 0 0 0 0 0 5 0 0 4 0
Last Time Cost: 00000000 ms
Total Time Cost: 00306873 ms
Total Distance 38: 0 0 0 5 0 0 0 0 0 0 0 0 5 0 0 0 0 0 0 5 4 0 0 0 0 0 0 5 0 0 0 0 0 0 0 5 0 0 0 0 0 0 0 5 0 0 4 0
Last Time Cost: 00000204 ms
Total Time Cost: 00307077 ms
Total Distance 37: 0 0 0 5 0 0 0 0 0 0 0 0 5 0 0 0 0 0 0 5 3 0 0 0 0 0 0 5 0 0 0 0 0 0 0 5 0 0 0 0 0 0 0 5 0 0 4 0
Last Time Cost: 00000000 ms
Total Time Cost: 00307077 ms
Total Distance 36: 0 0 0 5 0 0 0 0 0 0 0 0 5 0 0 0 0 0 0 5 2 0 0 0 0 0 0 5 0 0 0 0 0 0 0 5 0 0 0 0 0 0 0 5 0 0 4 0
Last Time Cost: 00000000 ms
Total Time Cost: 00307077 ms
Total Distance 35: 0 0 0 5 0 0 0 0 0 0 0 0 5 0 0 0 0 0 0 5 1 0 0 0 0 0 0 5 0 0 0 0 0 0 0 5 0 0 0 0 0 0 0 5 0 0 4 0
Last Time Cost: 00000000 ms
Total Time Cost: 00307077 ms
Total Distance 34: 0 0 0 5 0 0 0 0 0 0 0 0 5 0 0 0 0 0 0 5 0 0 0 0 0 0 0 5 0 0 0 0 0 0 0 5 0 0 0 0 0 0 0 5 0 0 4 0
Last Time Cost: 00000221 ms
Total Time Cost: 00307298 ms
Total Distance 33: 0 0 0 5 0 0 0 0 0 0 0 0 5 0 0 0 0 0 0 5 0 0 0 0 0 0 0 5 0 0 0 0 0 0 0 5 0 0 0 0 0 0 0 5 0 0 3 0
Last Time Cost: 00000000 ms
Total Time Cost: 00307298 ms
Total Distance 32: 0 0 0 5 0 0 0 0 0 0 0 0 5 0 0 0 0 0 0 5 0 0 0 0 0 0 0 5 0 0 0 0 0 0 0 5 0 0 0 0 0 0 0 5 0 0 2 0
Last Time Cost: 00000000 ms
Total Time Cost: 00307298 ms
Total Distance 31: 0 0 0 5 0 0 0 0 0 0 0 0 5 0 0 0 0 0 0 5 0 0 0 0 0 0 0 5 0 0 0 0 0 0 0 5 0 0 0 0 0 0 0 5 0 0 1 0
Last Time Cost: 00000000 ms
Total Time Cost: 00307298 ms
Total Distance 30: 0 0 0 5 0 0 0 0 0 0 0 0 5 0 0 0 0 0 0 5 0 0 0 0 0 0 0 5 0 0 0 0 0 0 0 5 0 0 0 0 0 0 0 5 0 0 0 0
Last Time Cost: 00000240 ms
Total Time Cost: 00307538 ms
Total Distance 29: 0 0 0 5 0 0 0 0 0 0 0 0 5 0 0 0 0 0 0 5 0 0 0 0 0 0 0 4 0 0 0 0 0 0 0 5 0 0 0 0 0 0 0 5 0 0 0 0
Last Time Cost: 00000000 ms
Total Time Cost: 00307538 ms
Total Distance 28: 0 0 0 5 0 0 0 0 0 0 0 0 5 0 0 0 0 0 0 5 0 0 0 0 0 0 0 3 0 0 0 0 0 0 0 5 0 0 0 0 0 0 0 5 0 0 0 0
Last Time Cost: 00000000 ms
Total Time Cost: 00307538 ms
Total Distance 27: 0 0 0 5 0 0 0 0 0 0 0 0 5 0 0 0 0 0 0 5 0 0 0 0 0 0 0 2 0 0 0 0 0 0 0 5 0 0 0 0 0 0 0 5 0 0 0 0
Last Time Cost: 00000000 ms
Total Time Cost: 00307538 ms
Total Distance 26: 0 0 0 5 0 0 0 0 0 0 0 0 5 0 0 0 0 0 0 5 0 0 0 0 0 0 0 1 0 0 0 0 0 0 0 5 0 0 0 0 0 0 0 5 0 0 0 0
Last Time Cost: 00000000 ms
Total Time Cost: 00307538 ms
Total Distance 25: 0 0 0 5 0 0 0 0 0 0 0 0 5 0 0 0 0 0 0 5 0 0 0 0 0 0 0 0 0 0 0 0 0 0 0 5 0 0 0 0 0 0 0 5 0 0 0 0
Last Time Cost: 00000221 ms
Total Time Cost: 00307759 ms
Total Distance 24: 0 0 0 5 0 0 0 0 0 0 0 0 5 0 0 0 0 0 0 4 0 0 0 0 0 0 0 0 0 0 0 0 0 0 0 5 0 0 0 0 0 0 0 5 0 0 0 0
Last Time Cost: 00000000 ms
Total Time Cost: 00307759 ms
Total Distance 23: 0 0 0 5 0 0 0 0 0 0 0 0 5 0 0 0 0 0 0 3 0 0 0 0 0 0 0 0 0 0 0 0 0 0 0 5 0 0 0 0 0 0 0 5 0 0 0 0
Last Time Cost: 00000000 ms
Total Time Cost: 00307759 ms
Total Distance 22: 0 0 0 5 0 0 0 0 0 0 0 0 5 0 0 0 0 0 0 2 0 0 0 0 0 0 0 0 0 0 0 0 0 0 0 5 0 0 0 0 0 0 0 5 0 0 0 0
Last Time Cost: 00000000 ms
Total Time Cost: 00307759 ms
Total Distance 21: 0 0 0 5 0 0 0 0 0 0 0 0 5 0 0 0 0 0 0 1 0 0 0 0 0 0 0 0 0 0 0 0 0 0 0 5 0 0 0 0 0 0 0 5 0 0 0 0
Last Time Cost: 00000000 ms
Total Time Cost: 00307759 ms
Total Distance 20: 0 0 0 5 0 0 0 0 0 0 0 0 5 0 0 0 0 0 0 0 0 0 0 0 0 0 0 0 0 0 0 0 0 0 0 5 0 0 0 0 0 0 0 5 0 0 0 0
Last Time Cost: 00000191 ms
Total Time Cost: 00307950 ms
Total Distance 19: 0 0 0 5 0 0 0 0 0 0 0 0 5 0 0 0 0 0 0 0 0 0 0 0 0 0 0 0 0 0 0 0 0 0 0 5 0 0 0 0 0 0 0 4 0 0 0 0
Last Time Cost: 00000005 ms
Total Time Cost: 00307955 ms
Total Distance 18: 0 0 0 5 0 0 0 0 0 0 0 0 5 0 0 0 0 0 0 0 0 0 0 0 0 0 0 0 0 0 0 0 0 0 0 5 0 0 0 0 0 0 0 3 0 0 0 0
Last Time Cost: 00000000 ms
Total Time Cost: 00307955 ms
Total Distance 17: 0 0 0 5 0 0 0 0 0 0 0 0 5 0 0 0 0 0 0 0 0 0 0 0 0 0 0 0 0 0 0 0 0 0 0 5 0 0 0 0 0 0 0 2 0 0 0 0
Last Time Cost: 00000000 ms
Total Time Cost: 00307955 ms
Total Distance 16: 0 0 0 5 0 0 0 0 0 0 0 0 5 0 0 0 0 0 0 0 0 0 0 0 0 0 0 0 0 0 0 0 0 0 0 5 0 0 0 0 0 0 0 1 0 0 0 0
Last Time Cost: 00000000 ms
Total Time Cost: 00307955 ms
Total Distance 15: 0 0 0 5 0 0 0 0 0 0 0 0 5 0 0 0 0 0 0 0 0 0 0 0 0 0 0 0 0 0 0 0 0 0 0 5 0 0 0 0 0 0 0 0 0 0 0 0
Last Time Cost: 00000152 ms
Total Time Cost: 00308107 ms
Total Distance 14: 0 0 0 4 0 0 0 0 0 0 0 0 5 0 0 0 0 0 0 0 0 0 0 0 0 0 0 0 0 0 0 0 0 0 0 5 0 0 0 0 0 0 0 0 0 0 0 0
Last Time Cost: 00000000 ms
Total Time Cost: 00308107 ms
Total Distance 13: 0 0 0 3 0 0 0 0 0 0 0 0 5 0 0 0 0 0 0 0 0 0 0 0 0 0 0 0 0 0 0 0 0 0 0 5 0 0 0 0 0 0 0 0 0 0 0 0
Last Time Cost: 00000000 ms
Total Time Cost: 00308107 ms
Total Distance 12: 0 0 0 2 0 0 0 0 0 0 0 0 5 0 0 0 0 0 0 0 0 0 0 0 0 0 0 0 0 0 0 0 0 0 0 5 0 0 0 0 0 0 0 0 0 0 0 0
Last Time Cost: 00000000 ms
Total Time Cost: 00308107 ms
Total Distance 11: 0 0 0 1 0 0 0 0 0 0 0 0 5 0 0 0 0 0 0 0 0 0 0 0 0 0 0 0 0 0 0 0 0 0 0 5 0 0 0 0 0 0 0 0 0 0 0 0
Last Time Cost: 00000000 ms
Total Time Cost: 00308107 ms
Total Distance 10: 0 0 0 0 0 0 0 0 0 0 0 0 5 0 0 0 0 0 0 0 0 0 0 0 0 0 0 0 0 0 0 0 0 0 0 5 0 0 0 0 0 0 0 0 0 0 0 0
Last Time Cost: 00000111 ms
Total Time Cost: 00308218 ms
Total Distance 9: 0 0 0 0 0 0 0 0 0 0 0 0 4 0 0 0 0 0 0 0 0 0 0 0 0 0 0 0 0 0 0 0 0 0 0 5 0 0 0 0 0 0 0 0 0 0 0 0
Last Time Cost: 00000000 ms
Total Time Cost: 00308218 ms
Total Distance 8: 0 0 0 0 0 0 0 0 0 0 0 0 3 0 0 0 0 0 0 0 0 0 0 0 0 0 0 0 0 0 0 0 0 0 0 5 0 0 0 0 0 0 0 0 0 0 0 0
Last Time Cost: 00000000 ms
Total Time Cost: 00308218 ms
Total Distance 7: 0 0 0 0 0 0 0 0 0 0 0 0 2 0 0 0 0 0 0 0 0 0 0 0 0 0 0 0 0 0 0 0 0 0 0 5 0 0 0 0 0 0 0 0 0 0 0 0
Last Time Cost: 00000000 ms
Total Time Cost: 00308218 ms
Total Distance 6: 0 0 0 0 0 0 0 0 0 0 0 0 1 0 0 0 0 0 0 0 0 0 0 0 0 0 0 0 0 0 0 0 0 0 0 5 0 0 0 0 0 0 0 0 0 0 0 0
Last Time Cost: 00000000 ms
Total Time Cost: 00308218 ms
Total Distance 5: 0 0 0 0 0 0 0 0 0 0 0 0 0 0 0 0 0 0 0 0 0 0 0 0 0 0 0 0 0 0 0 0 0 0 0 5 0 0 0 0 0 0 0 0 0 0 0 0
Last Time Cost: 00000059 ms
Total Time Cost: 00308277 ms
Total Distance 4: 0 0 0 0 0 0 0 0 0 0 0 0 0 0 0 0 0 0 0 0 0 0 0 0 0 0 0 0 0 0 0 0 0 0 0 4 0 0 0 0 0 0 0 0 0 0 0 0
Last Time Cost: 00000000 ms
Total Time Cost: 00308277 ms
Total Distance 3: 0 0 0 0 0 0 0 0 0 0 0 0 0 0 0 0 0 0 0 0 0 0 0 0 0 0 0 0 0 0 0 0 0 0 0 3 0 0 0 0 0 0 0 0 0 0 0 0
Last Time Cost: 00000000 ms
Total Time Cost: 00308277 ms
Total Distance 2: 0 0 0 0 0 0 0 0 0 0 0 0 0 0 0 0 0 0 0 0 0 0 0 0 0 0 0 0 0 0 0 0 0 0 0 2 0 0 0 0 0 0 0 0 0 0 0 0
Last Time Cost: 00000000 ms
Total Time Cost: 00308277 ms
Total Distance 1: 0 0 0 0 0 0 0 0 0 0 0 0 0 0 0 0 0 0 0 0 0 0 0 0 0 0 0 0 0 0 0 0 0 0 0 1 0 0 0 0 0 0 0 0 0 0 0 0
Last Time Cost: 00000000 ms
Total Time Cost: 00308277 ms
Total Distance 0: 0 0 0 0 0 0 0 0 0 0 0 0 0 0 0 0 0 0 0 0 0 0 0 0 0 0 0 0 0 0 0 0 0 0 0 0 0 0 0 0 0 0 0 0 0 0 0 0
