Last Time Cost: 00000000 ms
Total Time Cost: 00000000 ms
Total Distance 414: 7 10 10 12 9 7 7 7 7 10 10 12 9 7 7 7 7 10 10 12 9 7 7 7 7 10 10 12 9 7 7 7 7 10 10 12 9 7 7 7 7 10 10 12 9 7 7 7
Last Time Cost: 00000794 ms
Total Time Cost: 00000794 ms
Total Distance 407: 7 10 10 12 9 7 7 7 7 10 10 12 9 7 7 7 6 9 10 11 8 7 7 7 7 10 10 12 8 6 7 7 7 10 10 12 9 7 6 7 7 10 10 12 9 7 7 7
Last Time Cost: 00000901 ms
Total Time Cost: 00001695 ms
Total Distance 400: 7 10 10 12 9 7 7 7 7 10 10 12 9 7 7 7 6 9 10 11 8 7 7 7 6 9 10 11 7 6 7 7 7 10 10 12 8 6 6 7 7 10 10 12 9 7 6 7
Last Time Cost: 00001009 ms
Total Time Cost: 00002704 ms
Total Distance 393: 7 10 10 12 9 7 7 7 6 9 10 11 8 7 7 7 6 9 10 11 7 6 7 7 6 9 10 11 7 6 6 7 7 10 10 12 8 6 6 7 7 10 10 12 9 7 6 7
Last Time Cost: 00001139 ms
Total Time Cost: 00003843 ms
Total Distance 386: 7 10 10 12 9 7 6 7 6 9 10 11 8 7 7 7 6 9 10 11 7 6 7 7 6 9 10 11 7 6 6 7 6 9 10 11 7 6 6 7 7 10 10 12 8 6 6 7
Last Time Cost: 00001262 ms
Total Time Cost: 00005105 ms
Total Distance 379: 7 10 10 12 8 6 6 7 6 9 10 11 8 7 6 7 6 9 10 11 7 6 7 7 6 9 10 11 7 6 6 7 6 9 10 11 7 6 6 7 6 9 10 11 7 6 6 7
Last Time Cost: 00001409 ms
Total Time Cost: 00006514 ms
Total Distance 372: 6 9 10 11 7 6 6 7 6 9 10 11 7 6 6 7 6 9 10 11 7 6 6 7 6 9 10 11 7 6 6 7 6 9 10 11 7 6 6 7 6 9 10 11 7 6 6 7
Last Time Cost: 00001555 ms
Total Time Cost: 00008069 ms
Total Distance 366: 5 8 10 11 7 6 6 7 6 9 9 11 7 6 6 7 6 9 10 11 7 6 6 7 6 9 9 10 7 6 6 6 6 9 10 11 7 6 6 7 6 9 10 11 7 6 6 7
Last Time Cost: 00001535 ms
Total Time Cost: 00009604 ms
Total Distance 360: 5 8 10 11 7 6 6 7 6 9 8 10 7 6 6 6 6 9 10 11 7 6 6 7 6 9 9 10 7 6 6 6 5 8 10 11 7 6 6 7 6 9 9 11 7 6 6 7
Last Time Cost: 00001443 ms
Total Time Cost: 00011047 ms
Total Distance 354: 5 8 10 11 7 6 6 7 6 9 8 10 7 6 6 6 5 8 10 11 7 6 6 7 6 9 8 10 7 6 6 6 5 8 10 11 7 6 6 7 6 9 8 10 7 6 6 6
Last Time Cost: 00001267 ms
Total Time Cost: 00012314 ms
Total Distance 348: 5 8 10 11 7 6 6 7 5 8 8 10 7 6 6 6 5 8 9 11 7 6 6 7 6 9 8 10 7 6 6 6 5 8 9 10 7 6 6 6 6 9 8 10 7 6 6 6
Last Time Cost: 00001086 ms
Total Time Cost: 00013400 ms
Total Distance 342: 5 8 9 10 7 6 6 6 5 8 8 10 7 6 6 6 5 8 9 11 7 6 6 7 5 8 8 10 7 6 6 6 5 8 8 10 7 6 6 6 6 9 8 10 7 6 6 6
Last Time Cost: 00000791 ms
Total Time Cost: 00014191 ms
Total Distance 336: 5 8 8 10 7 6 6 6 5 8 8 10 7 6 6 6 5 8 8 10 7 6 6 6 5 8 8 10 7 6 6 6 5 8 8 10 7 6 6 6 5 8 8 10 7 6 6 6
Last Time Cost: 00000311 ms
Total Time Cost: 00014502 ms
Total Distance 333: 5 8 8 10 7 6 6 6 5 8 8 10 7 5 6 6 5 7 8 10 7 6 6 6 5 8 8 10 7 6 6 6 5 8 8 10 7 6 6 6 4 8 8 10 7 6 6 6
Last Time Cost: 00000341 ms
Total Time Cost: 00014843 ms
Total Distance 330: 5 7 8 10 7 6 6 6 5 8 8 10 7 5 6 6 5 7 8 10 7 6 6 6 4 8 8 10 7 6 6 6 5 8 8 10 7 6 6 6 4 8 8 10 7 5 6 6
Last Time Cost: 00000383 ms
Total Time Cost: 00015226 ms
Total Distance 327: 5 6 8 10 7 6 6 6 5 8 8 10 7 4 6 6 5 7 8 10 7 6 5 6 4 8 8 10 7 6 6 6 5 8 8 10 7 6 6 6 4 8 8 10 7 5 6 6
Last Time Cost: 00000419 ms
Total Time Cost: 00015645 ms
Total Distance 324: 5 6 8 10 7 6 6 6 4 8 8 10 7 4 6 6 5 7 8 10 7 6 5 6 4 8 8 10 7 5 6 6 5 7 8 10 7 6 6 6 4 8 8 10 7 5 6 6
Last Time Cost: 00000461 ms
Total Time Cost: 00016106 ms
Total Distance 321: 5 6 8 10 7 6 5 6 4 8 8 10 7 4 6 6 5 7 8 10 7 6 5 6 4 8 8 10 7 5 6 6 5 6 8 10 7 6 6 6 4 8 8 10 7 4 6 6
Last Time Cost: 00000532 ms
Total Time Cost: 00016638 ms
Total Distance 318: 5 6 8 10 7 6 5 6 4 8 8 10 7 4 6 6 5 6 8 10 7 6 5 6 4 8 8 10 7 4 6 6 5 6 8 10 7 6 5 6 4 8 8 10 7 4 6 6
Last Time Cost: 00000573 ms
Total Time Cost: 00017211 ms
Total Distance 315: 4 6 8 10 7 6 5 6 4 8 8 10 7 4 6 6 5 6 8 10 7 5 5 6 4 7 8 10 7 4 6 6 5 6 8 10 7 6 5 6 4 8 8 10 7 4 6 6
Last Time Cost: 00000621 ms
Total Time Cost: 00017832 ms
Total Distance 312: 4 6 8 10 7 6 5 6 4 8 8 10 7 4 6 6 4 6 8 10 7 5 5 6 4 7 8 10 7 4 6 6 5 6 8 10 7 5 5 6 4 7 8 10 7 4 6 6
Last Time Cost: 00000684 ms
Total Time Cost: 00018516 ms
Total Distance 309: 4 6 8 10 7 6 5 6 4 8 8 10 7 4 6 6 4 6 8 10 7 5 5 6 4 6 8 10 7 4 6 6 5 6 8 10 7 4 5 6 4 7 8 10 7 4 5 6
Last Time Cost: 00000750 ms
Total Time Cost: 00019266 ms
Total Distance 306: 4 6 8 10 7 5 5 6 4 8 8 10 7 4 5 6 4 6 8 10 7 5 5 6 4 6 8 10 7 4 6 6 5 6 8 10 7 4 5 6 4 6 8 10 7 4 5 6
Last Time Cost: 00000826 ms
Total Time Cost: 00020092 ms
Total Distance 303: 4 6 8 10 7 4 5 6 4 7 8 10 7 4 5 6 4 6 8 10 7 5 5 6 4 6 8 10 7 4 6 6 4 6 8 10 7 4 5 6 4 6 8 10 7 4 5 6
Last Time Cost: 00000902 ms
Total Time Cost: 00020994 ms
Total Distance 300: 4 6 8 10 7 4 5 6 4 6 8 10 7 4 5 6 4 6 8 10 7 4 5 6 4 6 8 10 7 4 5 6 4 6 8 10 7 4 5 6 4 6 8 10 7 4 5 6
Last Time Cost: 00000977 ms
Total Time Cost: 00021971 ms
Total Distance 297: 4 5 7 10 7 4 5 6 4 6 8 10 7 4 5 6 4 6 8 10 7 4 5 6 4 6 8 10 7 4 5 5 4 6 8 10 7 4 5 6 4 6 8 10 7 4 5 6
Last Time Cost: 00001079 ms
Total Time Cost: 00023050 ms
Total Distance 294: 4 5 7 10 7 4 5 6 4 6 8 10 7 4 5 6 4 5 7 10 7 4 5 6 4 6 8 10 7 4 5 5 4 6 8 10 7 4 5 6 4 6 8 10 7 4 5 5
Last Time Cost: 00001171 ms
Total Time Cost: 00024221 ms
Total Distance 291: 4 5 7 10 7 4 5 5 4 6 8 10 7 4 5 6 4 5 7 10 7 4 5 6 4 5 7 10 7 4 5 5 4 6 8 10 7 4 5 6 4 6 8 10 7 4 5 5
Last Time Cost: 00001281 ms
Total Time Cost: 00025502 ms
Total Distance 288: 4 4 7 10 7 4 5 5 4 6 8 10 7 4 5 6 4 5 7 10 7 4 5 6 4 5 7 9 7 4 5 4 4 6 8 10 7 4 5 6 4 6 8 10 7 4 5 5
Last Time Cost: 00001381 ms
Total Time Cost: 00026883 ms
Total Distance 285: 4 4 7 9 7 4 5 4 4 6 8 10 7 4 5 6 4 5 7 10 7 4 5 6 4 4 7 9 7 4 5 4 4 6 8 10 7 4 5 6 4 6 8 10 7 4 5 5
Last Time Cost: 00001466 ms
Total Time Cost: 00028349 ms
Total Distance 282: 4 4 7 9 7 4 5 4 4 6 8 10 7 4 5 6 4 4 7 10 7 4 5 6 4 4 7 9 7 4 5 4 4 6 8 10 7 4 5 6 4 6 8 9 7 4 5 4
Last Time Cost: 00001500 ms
Total Time Cost: 00029849 ms
Total Distance 279: 4 4 7 9 7 4 5 4 4 6 8 10 7 4 5 5 4 4 7 10 7 4 5 6 4 4 7 9 7 4 5 4 4 5 7 10 7 4 5 6 4 6 8 9 7 4 5 4
Last Time Cost: 00001626 ms
Total Time Cost: 00031475 ms
Total Distance 276: 4 4 7 9 7 4 5 4 4 6 8 10 7 4 5 5 4 4 7 10 7 4 5 5 4 4 7 9 7 4 5 4 4 5 7 10 7 4 5 6 4 5 7 9 7 4 5 4
Last Time Cost: 00001820 ms
Total Time Cost: 00033295 ms
Total Distance 273: 4 4 7 9 7 4 5 4 4 6 8 9 7 4 5 4 4 4 7 10 7 4 5 5 4 4 7 9 7 4 5 4 4 4 7 10 7 4 5 6 4 5 7 9 7 4 5 4
Last Time Cost: 00001834 ms
Total Time Cost: 00035129 ms
Total Distance 270: 4 4 7 9 7 4 5 4 4 5 7 9 7 4 5 4 4 4 7 10 7 4 5 5 4 4 7 9 7 4 5 4 4 4 7 10 7 4 5 5 4 5 7 9 7 4 5 4
Last Time Cost: 00001977 ms
Total Time Cost: 00037106 ms
Total Distance 267: 4 4 7 9 7 4 5 4 4 4 7 9 7 4 5 4 4 4 7 10 7 4 5 5 4 4 7 9 7 4 5 4 4 4 7 9 7 4 5 4 4 5 7 9 7 4 5 4
Last Time Cost: 00002034 ms
Total Time Cost: 00039140 ms
Total Distance 264: 4 4 7 9 7 4 5 4 4 4 7 9 7 4 5 4 4 4 7 9 7 4 5 4 4 4 7 9 7 4 5 4 4 4 7 9 7 4 5 4 4 4 7 9 7 4 5 4
Last Time Cost: 00002021 ms
Total Time Cost: 00041161 ms
Total Distance 262: 4 4 7 9 7 4 5 4 4 4 7 9 7 4 5 4 4 3 7 9 7 4 5 4 4 4 7 9 7 4 5 4 4 4 7 9 7 4 4 4 4 4 7 9 7 4 5 4
Last Time Cost: 00002178 ms
Total Time Cost: 00043339 ms
Total Distance 259: 4 4 7 8 6 4 5 4 4 4 7 9 6 4 5 4 4 3 7 9 7 4 5 4 4 4 7 9 7 4 5 4 4 4 7 9 7 4 4 4 4 4 7 9 7 4 5 4
Last Time Cost: 00002007 ms
Total Time Cost: 00045346 ms
Total Distance 257: 4 4 7 8 6 4 5 4 4 4 7 9 6 4 5 4 4 3 7 9 7 4 5 4 4 3 7 9 7 4 5 4 4 4 7 9 7 4 4 4 4 4 7 9 7 4 4 4
Last Time Cost: 00002202 ms
Total Time Cost: 00047548 ms
Total Distance 254: 4 4 7 8 6 4 5 4 4 4 7 8 5 4 5 4 4 3 7 9 6 4 5 4 4 3 7 9 7 4 5 4 4 4 7 9 7 4 4 4 4 4 7 9 7 4 4 4
Last Time Cost: 00001943 ms
Total Time Cost: 00049491 ms
Total Distance 252: 4 4 7 8 6 4 5 4 4 4 7 8 5 4 4 4 4 3 7 9 6 4 5 4 4 3 7 9 7 4 5 4 4 4 7 9 7 4 4 4 4 3 7 9 7 4 4 4
Last Time Cost: 00002111 ms
Total Time Cost: 00051602 ms
Total Distance 249: 4 4 7 8 6 4 5 4 4 4 7 8 5 4 4 4 4 3 7 9 6 4 5 4 4 3 7 8 6 4 5 4 4 4 7 9 6 4 4 4 4 3 7 9 7 4 4 4
Last Time Cost: 00001779 ms
Total Time Cost: 00053381 ms
Total Distance 247: 4 4 7 8 6 4 5 4 4 4 7 8 5 4 3 4 4 3 7 9 6 4 5 4 4 3 7 8 6 4 5 4 4 4 7 9 6 4 3 4 4 3 7 9 7 4 4 4
Last Time Cost: 00001923 ms
Total Time Cost: 00055304 ms
Total Distance 245: 4 3 7 8 6 4 5 4 4 4 7 8 5 4 3 4 4 3 7 9 6 4 4 4 4 3 7 8 6 4 5 4 4 4 7 9 6 4 3 4 4 3 7 9 7 4 4 4
Last Time Cost: 00002033 ms
Total Time Cost: 00057337 ms
Total Distance 242: 4 3 7 8 6 4 5 4 4 4 7 8 5 4 3 4 4 3 7 9 6 4 4 4 4 3 7 8 6 4 5 4 4 4 7 8 5 4 3 4 4 3 7 9 6 4 4 4
Last Time Cost: 00001558 ms
Total Time Cost: 00058895 ms
Total Distance 240: 4 3 7 8 6 4 5 4 4 4 7 8 5 4 3 4 4 3 7 9 6 4 3 4 4 3 7 8 6 4 5 4 4 4 7 8 5 4 3 4 4 3 7 9 6 4 3 4
Last Time Cost: 00001667 ms
Total Time Cost: 00060562 ms
Total Distance 238: 4 3 7 8 5 4 5 4 4 4 7 8 5 4 3 4 4 3 7 9 6 4 3 4 4 3 7 8 6 4 5 4 4 4 7 8 5 4 2 4 4 3 7 9 6 4 3 4
Last Time Cost: 00001828 ms
Total Time Cost: 00062390 ms
Total Distance 236: 4 3 7 8 5 4 4 4 4 4 7 8 5 4 3 4 4 3 7 9 6 4 3 4 4 3 7 8 6 4 5 4 4 3 7 8 5 4 2 4 4 3 7 9 6 4 3 4
Last Time Cost: 00001932 ms
Total Time Cost: 00064322 ms
Total Distance 233: 4 3 7 8 5 4 4 4 4 4 7 8 5 4 3 4 4 3 7 8 5 4 3 4 4 3 7 8 5 4 5 4 4 3 7 8 5 4 2 4 4 3 7 9 6 4 3 4
Last Time Cost: 00001189 ms
Total Time Cost: 00065511 ms
Total Distance 231: 4 3 7 8 5 4 3 4 4 4 7 8 5 4 3 4 4 3 7 8 5 4 3 4 4 3 7 8 5 4 4 4 4 3 7 8 5 4 2 4 4 3 7 9 6 4 3 4
Last Time Cost: 00001282 ms
Total Time Cost: 00066793 ms
Total Distance 229: 4 3 7 8 5 4 3 4 4 3 7 8 5 4 3 4 4 3 7 8 5 4 3 4 4 3 7 8 5 4 3 4 4 3 7 8 5 4 2 4 4 3 7 9 6 4 3 4
Last Time Cost: 00001403 ms
Total Time Cost: 00068196 ms
Total Distance 227: 4 3 7 8 5 4 3 4 4 3 7 8 5 4 3 4 3 3 7 8 5 4 3 4 4 3 7 8 5 4 3 4 4 3 7 8 5 4 2 4 4 3 6 9 6 4 3 4
Last Time Cost: 00001466 ms
Total Time Cost: 00069662 ms
Total Distance 225: 3 3 7 8 5 4 3 4 4 3 7 8 5 4 3 4 3 3 7 8 5 4 3 4 4 3 6 8 5 4 3 4 4 3 7 8 5 4 2 4 4 3 6 9 6 4 3 4
Last Time Cost: 00001565 ms
Total Time Cost: 00071227 ms
Total Distance 223: 3 3 7 8 5 4 3 4 4 3 7 8 5 4 3 4 3 3 7 8 4 4 3 4 4 3 6 8 5 4 3 4 4 3 7 8 5 4 2 4 4 3 5 9 6 4 3 4
Last Time Cost: 00001647 ms
Total Time Cost: 00072874 ms
Total Distance 221: 3 3 6 8 5 4 3 4 4 3 7 8 5 4 3 4 3 3 7 8 4 4 3 4 3 3 6 8 5 4 3 4 4 3 7 8 5 4 2 4 4 3 5 9 6 4 3 4
Last Time Cost: 00001761 ms
Total Time Cost: 00074635 ms
Total Distance 219: 3 3 6 8 5 4 3 4 4 3 7 8 5 4 3 4 3 3 6 8 4 4 3 4 3 3 6 8 5 4 3 4 4 3 7 8 5 4 2 4 3 3 5 9 6 4 3 4
Last Time Cost: 00001863 ms
Total Time Cost: 00076498 ms
Total Distance 217: 3 3 6 8 5 4 3 4 4 3 7 8 5 4 2 4 3 3 6 8 4 4 3 4 3 3 6 7 5 4 3 4 4 3 7 8 5 4 2 4 3 3 5 9 6 4 3 4
Last Time Cost: 00001988 ms
Total Time Cost: 00078486 ms
Total Distance 215: 3 3 6 8 5 4 2 4 4 3 7 8 5 4 2 4 3 3 6 7 4 4 3 4 3 3 6 7 5 4 3 4 4 3 7 8 5 4 2 4 3 3 5 9 6 4 3 4
Last Time Cost: 00002087 ms
Total Time Cost: 00080573 ms
Total Distance 213: 3 3 6 8 5 4 2 4 4 3 7 8 5 4 2 4 3 3 6 6 4 4 3 3 3 3 6 7 5 4 3 4 4 3 7 8 5 4 2 4 3 3 5 9 6 4 3 4
Last Time Cost: 00002236 ms
Total Time Cost: 00082809 ms
Total Distance 211: 3 3 6 8 5 4 2 4 4 3 7 8 5 4 2 4 3 3 6 6 4 4 3 3 3 3 6 6 5 4 3 3 4 3 7 8 5 4 2 4 3 3 5 9 6 4 3 4
Last Time Cost: 00002325 ms
Total Time Cost: 00085134 ms
Total Distance 209: 3 3 6 8 5 4 2 4 4 3 7 7 5 4 2 4 3 3 6 6 4 4 3 3 3 3 6 6 5 4 3 3 4 3 7 8 5 4 2 4 3 3 5 9 6 4 2 4
Last Time Cost: 00002477 ms
Total Time Cost: 00087611 ms
Total Distance 207: 3 3 6 8 5 4 2 4 4 3 7 7 5 4 2 4 3 3 6 6 4 4 3 3 3 3 6 5 5 4 3 3 4 3 7 8 4 4 2 4 3 3 5 9 6 4 2 4
Last Time Cost: 00002613 ms
Total Time Cost: 00090224 ms
Total Distance 205: 3 3 6 8 5 4 2 4 4 3 6 7 5 4 2 4 3 3 6 6 4 4 3 3 3 3 6 5 5 4 3 3 3 3 7 8 4 4 2 4 3 3 5 9 6 4 2 4
Last Time Cost: 00002736 ms
Total Time Cost: 00092960 ms
Total Distance 203: 3 3 6 8 5 4 2 4 3 3 6 7 5 4 2 4 3 3 6 6 4 4 3 3 3 3 6 5 5 4 3 3 3 3 6 8 4 4 2 4 3 3 5 9 6 4 2 4
Last Time Cost: 00002856 ms
Total Time Cost: 00095816 ms
Total Distance 201: 3 3 6 8 5 4 2 4 3 3 6 7 5 4 2 4 3 3 6 5 4 4 3 3 3 3 6 5 4 4 3 3 3 3 6 8 4 4 2 4 3 3 5 9 6 4 2 4
Last Time Cost: 00003034 ms
Total Time Cost: 00098850 ms
Total Distance 199: 3 3 6 8 5 4 2 4 3 3 6 7 4 4 2 4 3 3 6 5 4 4 3 3 3 3 6 5 4 4 3 3 3 3 5 8 4 4 2 4 3 3 5 9 6 4 2 4
Last Time Cost: 00003197 ms
Total Time Cost: 00102047 ms
Total Distance 197: 3 3 6 8 5 4 2 4 3 3 6 6 4 4 2 3 3 3 6 5 4 4 3 3 3 3 6 5 4 4 3 3 3 3 5 8 4 4 2 4 3 3 5 9 6 4 2 4
Last Time Cost: 00003284 ms
Total Time Cost: 00105331 ms
Total Distance 195: 3 3 6 8 5 4 2 4 3 3 6 6 4 4 2 3 3 3 6 5 4 4 2 3 3 3 6 5 4 4 3 3 3 3 5 7 4 4 2 4 3 3 5 9 6 4 2 4
Last Time Cost: 00003401 ms
Total Time Cost: 00108732 ms
Total Distance 193: 3 3 6 8 5 4 2 4 3 3 6 6 4 4 2 3 3 3 6 5 4 4 2 3 3 3 6 5 4 4 3 3 3 3 5 6 4 4 2 3 3 3 5 9 6 4 2 4
Last Time Cost: 00003589 ms
Total Time Cost: 00112321 ms
Total Distance 191: 3 3 6 8 5 4 2 4 3 3 6 6 4 4 2 3 3 2 6 5 4 4 2 3 3 3 6 5 4 4 3 3 3 3 5 6 4 4 2 3 3 3 5 8 6 4 2 4
Last Time Cost: 00000238 ms
Total Time Cost: 00112559 ms
Total Distance 189: 3 3 6 8 5 4 2 4 3 3 6 6 4 4 2 3 3 2 5 5 4 4 2 3 3 3 6 5 4 4 3 3 3 3 5 5 4 4 2 3 3 3 5 8 6 4 2 4
Last Time Cost: 00000249 ms
Total Time Cost: 00112808 ms
Total Distance 187: 3 3 6 8 5 4 2 4 3 3 6 6 4 4 2 3 3 2 5 5 4 4 2 3 3 3 6 5 4 4 3 3 3 3 5 4 4 4 2 3 3 3 5 8 5 4 2 4
Last Time Cost: 00000256 ms
Total Time Cost: 00113064 ms
Total Distance 185: 3 3 6 7 5 4 2 3 3 3 6 6 4 4 2 3 3 2 5 5 4 4 2 3 3 3 6 5 4 4 3 3 3 3 5 4 4 4 2 3 3 3 5 8 5 4 2 4
Last Time Cost: 00000242 ms
Total Time Cost: 00113306 ms
Total Distance 183: 3 3 6 7 5 4 2 3 3 3 6 6 4 4 2 3 3 2 5 5 4 4 2 3 3 3 6 5 4 4 3 3 3 3 5 4 4 4 2 3 3 3 5 7 4 4 2 4
Last Time Cost: 00000197 ms
Total Time Cost: 00113503 ms
Total Distance 181: 3 3 6 7 5 4 2 3 3 3 6 6 4 4 2 3 3 2 4 5 4 4 2 3 3 3 6 5 4 4 3 3 3 3 5 4 4 4 2 3 3 3 5 6 4 4 2 4
Last Time Cost: 00000111 ms
Total Time Cost: 00113614 ms
Total Distance 180: 3 3 6 7 5 4 2 3 3 3 6 6 4 4 1 3 3 2 4 5 4 4 2 3 3 3 6 5 4 4 3 3 3 3 5 4 4 4 2 3 3 3 5 6 4 4 2 4
Last Time Cost: 00000001 ms
Total Time Cost: 00113615 ms
Total Distance 179: 3 3 6 7 5 4 2 3 3 3 6 6 4 4 0 3 3 2 4 5 4 4 2 3 3 3 6 5 4 4 3 3 3 3 5 4 4 4 2 3 3 3 5 6 4 4 2 4
Last Time Cost: 00000120 ms
Total Time Cost: 00113735 ms
Total Distance 178: 3 3 6 7 5 4 2 3 3 3 6 6 4 4 0 3 3 1 4 5 4 4 2 3 3 3 6 5 4 4 3 3 3 3 5 4 4 4 2 3 3 3 5 6 4 4 2 4
Last Time Cost: 00000032 ms
Total Time Cost: 00113767 ms
Total Distance 177: 3 3 6 7 5 4 2 3 3 3 6 6 4 4 0 3 3 0 4 5 4 4 2 3 3 3 6 5 4 4 3 3 3 3 5 4 4 4 2 3 3 3 5 6 4 4 2 4
Last Time Cost: 00000126 ms
Total Time Cost: 00113893 ms
Total Distance 176: 3 3 6 7 5 4 1 3 3 3 6 6 4 4 0 3 3 0 4 5 4 4 2 3 3 3 6 5 4 4 3 3 3 3 5 4 4 4 2 3 3 3 5 6 4 4 2 4
Last Time Cost: 00000000 ms
Total Time Cost: 00113893 ms
Total Distance 175: 3 3 6 7 5 4 0 3 3 3 6 6 4 4 0 3 3 0 4 5 4 4 2 3 3 3 6 5 4 4 3 3 3 3 5 4 4 4 2 3 3 3 5 6 4 4 2 4
Last Time Cost: 00000137 ms
Total Time Cost: 00114030 ms
Total Distance 174: 3 3 6 7 5 4 0 3 3 3 6 6 4 4 0 3 3 0 4 5 4 4 2 3 3 3 6 5 4 4 3 3 3 3 5 4 4 4 2 3 3 3 5 6 4 4 1 4
Last Time Cost: 00000001 ms
Total Time Cost: 00114031 ms
Total Distance 173: 3 3 6 7 5 4 0 3 3 3 6 6 4 4 0 3 3 0 4 5 4 4 2 3 3 3 6 5 4 4 3 3 3 3 5 4 4 4 2 3 3 3 5 6 4 4 0 4
Last Time Cost: 00000151 ms
Total Time Cost: 00114182 ms
Total Distance 172: 3 3 6 7 5 4 0 3 3 3 6 6 4 4 0 3 3 0 4 5 4 4 2 3 3 3 6 5 4 4 3 3 3 3 5 4 4 4 1 3 3 3 5 6 4 4 0 4
Last Time Cost: 00000001 ms
Total Time Cost: 00114183 ms
Total Distance 171: 3 3 6 7 5 4 0 3 3 3 6 6 4 4 0 3 3 0 4 5 4 4 2 3 3 3 6 5 4 4 3 3 3 3 5 4 4 4 0 3 3 3 5 6 4 4 0 4
Last Time Cost: 00000164 ms
Total Time Cost: 00114347 ms
Total Distance 170: 3 3 6 7 5 4 0 3 3 3 6 6 4 4 0 3 3 0 4 5 4 4 1 3 3 3 6 5 4 4 3 3 3 3 5 4 4 4 0 3 3 3 5 6 4 4 0 4
Last Time Cost: 00000001 ms
Total Time Cost: 00114348 ms
Total Distance 169: 3 3 6 7 5 4 0 3 3 3 6 6 4 4 0 3 3 0 4 5 4 4 0 3 3 3 6 5 4 4 3 3 3 3 5 4 4 4 0 3 3 3 5 6 4 4 0 4
Last Time Cost: 00000178 ms
Total Time Cost: 00114526 ms
Total Distance 168: 3 3 6 7 5 4 0 3 3 3 6 6 4 4 0 3 3 0 4 5 4 4 0 3 3 3 6 5 4 4 3 3 3 3 5 4 4 4 0 3 2 3 5 6 4 4 0 4
Last Time Cost: 00000005 ms
Total Time Cost: 00114531 ms
Total Distance 167: 3 3 6 7 5 4 0 3 3 3 6 6 4 4 0 3 3 0 4 5 4 4 0 3 3 3 6 5 4 4 3 3 3 3 5 4 4 4 0 3 1 3 5 6 4 4 0 4
Last Time Cost: 00000001 ms
Total Time Cost: 00114532 ms
Total Distance 166: 3 3 6 7 5 4 0 3 3 3 6 6 4 4 0 3 3 0 4 5 4 4 0 3 3 3 6 5 4 4 3 3 3 3 5 4 4 4 0 3 0 3 5 6 4 4 0 4
Last Time Cost: 00000202 ms
Total Time Cost: 00114734 ms
Total Distance 165: 3 3 6 7 5 4 0 3 3 3 6 6 4 4 0 3 3 0 4 5 4 4 0 3 3 3 6 5 4 4 2 3 3 3 5 4 4 4 0 3 0 3 5 6 4 4 0 4
Last Time Cost: 00000001 ms
Total Time Cost: 00114735 ms
Total Distance 164: 3 3 6 7 5 4 0 3 3 3 6 6 4 4 0 3 3 0 4 5 4 4 0 3 3 3 6 5 4 4 1 3 3 3 5 4 4 4 0 3 0 3 5 6 4 4 0 4
Last Time Cost: 00000001 ms
Total Time Cost: 00114736 ms
Total Distance 163: 3 3 6 7 5 4 0 3 3 3 6 6 4 4 0 3 3 0 4 5 4 4 0 3 3 3 6 5 4 4 0 3 3 3 5 4 4 4 0 3 0 3 5 6 4 4 0 4
Last Time Cost: 00000219 ms
Total Time Cost: 00114955 ms
Total Distance 162: 3 3 6 7 5 4 0 3 3 3 6 6 4 4 0 3 3 0 4 5 4 4 0 3 3 3 6 5 4 4 0 3 3 3 5 4 4 4 0 3 0 2 5 6 4 4 0 4
Last Time Cost: 00000001 ms
Total Time Cost: 00114956 ms
Total Distance 161: 3 3 6 7 5 4 0 3 3 3 6 6 4 4 0 3 3 0 4 5 4 4 0 3 3 3 6 5 4 4 0 3 3 3 5 4 4 4 0 3 0 1 5 6 4 4 0 4
Last Time Cost: 00000001 ms
Total Time Cost: 00114957 ms
Total Distance 160: 3 3 6 7 5 4 0 3 3 3 6 6 4 4 0 3 3 0 4 5 4 4 0 3 3 3 6 5 4 4 0 3 3 3 5 4 4 4 0 3 0 0 5 6 4 4 0 4
Last Time Cost: 00000243 ms
Total Time Cost: 00115200 ms
Total Distance 159: 3 3 6 7 5 4 0 3 3 3 6 6 4 4 0 3 3 0 4 5 4 4 0 2 3 3 6 5 4 4 0 3 3 3 5 4 4 4 0 3 0 0 5 6 4 4 0 4
Last Time Cost: 00000001 ms
Total Time Cost: 00115201 ms
Total Distance 158: 3 3 6 7 5 4 0 3 3 3 6 6 4 4 0 3 3 0 4 5 4 4 0 1 3 3 6 5 4 4 0 3 3 3 5 4 4 4 0 3 0 0 5 6 4 4 0 4
Last Time Cost: 00000001 ms
Total Time Cost: 00115202 ms
Total Distance 157: 3 3 6 7 5 4 0 3 3 3 6 6 4 4 0 3 3 0 4 5 4 4 0 0 3 3 6 5 4 4 0 3 3 3 5 4 4 4 0 3 0 0 5 6 4 4 0 4
Last Time Cost: 00000273 ms
Total Time Cost: 00115475 ms
Total Distance 156: 3 3 6 7 5 4 0 3 3 3 6 6 4 4 0 2 3 0 4 5 4 4 0 0 3 3 6 5 4 4 0 3 3 3 5 4 4 4 0 3 0 0 5 6 4 4 0 4
Last Time Cost: 00000001 ms
Total Time Cost: 00115476 ms
Total Distance 155: 3 3 6 7 5 4 0 3 3 3 6 6 4 4 0 1 3 0 4 5 4 4 0 0 3 3 6 5 4 4 0 3 3 3 5 4 4 4 0 3 0 0 5 6 4 4 0 4
Last Time Cost: 00000001 ms
Total Time Cost: 00115477 ms
Total Distance 154: 3 3 6 7 5 4 0 3 3 3 6 6 4 4 0 0 3 0 4 5 4 4 0 0 3 3 6 5 4 4 0 3 3 3 5 4 4 4 0 3 0 0 5 6 4 4 0 4
Last Time Cost: 00000313 ms
Total Time Cost: 00115790 ms
Total Distance 152: 3 3 6 7 5 4 0 3 3 3 6 6 4 4 0 0 2 0 4 5 4 4 0 0 3 3 6 5 4 4 0 3 3 3 5 4 4 3 0 3 0 0 5 6 4 4 0 4
Last Time Cost: 00000321 ms
Total Time Cost: 00116111 ms
Total Distance 151: 3 3 6 7 5 4 0 3 3 3 6 6 4 4 0 0 1 0 4 5 4 4 0 0 3 3 6 5 4 4 0 3 3 3 5 4 4 3 0 3 0 0 5 6 4 4 0 4
Last Time Cost: 00000001 ms
Total Time Cost: 00116112 ms
Total Distance 150: 3 3 6 7 5 4 0 3 3 3 6 6 4 4 0 0 0 0 4 5 4 4 0 0 3 3 6 5 4 4 0 3 3 3 5 4 4 3 0 3 0 0 5 6 4 4 0 4
Last Time Cost: 00000342 ms
Total Time Cost: 00116454 ms
Total Distance 149: 3 3 6 7 5 4 0 3 3 3 6 6 4 4 0 0 0 0 4 5 4 4 0 0 2 3 6 5 4 4 0 3 3 3 5 4 4 3 0 3 0 0 5 6 4 4 0 4
Last Time Cost: 00000001 ms
Total Time Cost: 00116455 ms
Total Distance 148: 3 3 6 7 5 4 0 3 3 3 6 6 4 4 0 0 0 0 4 5 4 4 0 0 1 3 6 5 4 4 0 3 3 3 5 4 4 3 0 3 0 0 5 6 4 4 0 4
Last Time Cost: 00000001 ms
Total Time Cost: 00116456 ms
Total Distance 147: 3 3 6 7 5 4 0 3 3 3 6 6 4 4 0 0 0 0 4 5 4 4 0 0 0 3 6 5 4 4 0 3 3 3 5 4 4 3 0 3 0 0 5 6 4 4 0 4
Last Time Cost: 00000383 ms
Total Time Cost: 00116839 ms
Total Distance 146: 3 2 6 7 5 4 0 3 3 3 6 6 4 4 0 0 0 0 4 5 4 4 0 0 0 3 6 5 4 4 0 3 3 3 5 4 4 3 0 3 0 0 5 6 4 4 0 4
Last Time Cost: 00000001 ms
Total Time Cost: 00116840 ms
Total Distance 145: 3 1 6 7 5 4 0 3 3 3 6 6 4 4 0 0 0 0 4 5 4 4 0 0 0 3 6 5 4 4 0 3 3 3 5 4 4 3 0 3 0 0 5 6 4 4 0 4
Last Time Cost: 00000001 ms
Total Time Cost: 00116841 ms
Total Distance 144: 3 0 6 7 5 4 0 3 3 3 6 6 4 4 0 0 0 0 4 5 4 4 0 0 0 3 6 5 4 4 0 3 3 3 5 4 4 3 0 3 0 0 5 6 4 4 0 4
Last Time Cost: 00000417 ms
Total Time Cost: 00117258 ms
Total Distance 143: 3 0 6 7 5 4 0 3 3 3 6 6 4 4 0 0 0 0 4 5 4 4 0 0 0 3 6 5 4 4 0 3 3 3 5 4 4 3 0 2 0 0 5 6 4 4 0 4
Last Time Cost: 00000001 ms
Total Time Cost: 00117259 ms
Total Distance 142: 3 0 6 7 5 4 0 3 3 3 6 6 4 4 0 0 0 0 4 5 4 4 0 0 0 3 6 5 4 4 0 3 3 3 5 4 4 3 0 1 0 0 5 6 4 4 0 4
Last Time Cost: 00000001 ms
Total Time Cost: 00117260 ms
Total Distance 141: 3 0 6 7 5 4 0 3 3 3 6 6 4 4 0 0 0 0 4 5 4 4 0 0 0 3 6 5 4 4 0 3 3 3 5 4 4 3 0 0 0 0 5 6 4 4 0 4
Last Time Cost: 00000459 ms
Total Time Cost: 00117719 ms
Total Distance 140: 2 0 6 7 5 4 0 3 3 3 6 6 4 4 0 0 0 0 4 5 4 4 0 0 0 3 6 5 4 4 0 3 3 3 5 4 4 3 0 0 0 0 5 6 4 4 0 4
Last Time Cost: 00000001 ms
Total Time Cost: 00117720 ms
Total Distance 138: 1 0 6 7 5 4 0 3 3 3 6 6 4 4 0 0 0 0 4 5 4 4 0 0 0 3 5 5 4 4 0 3 3 3 5 4 4 3 0 0 0 0 5 6 4 4 0 4
Last Time Cost: 00000001 ms
Total Time Cost: 00117721 ms
Total Distance 137: 0 0 6 7 5 4 0 3 3 3 6 6 4 4 0 0 0 0 4 5 4 4 0 0 0 3 5 5 4 4 0 3 3 3 5 4 4 3 0 0 0 0 5 6 4 4 0 4
Last Time Cost: 00000496 ms
Total Time Cost: 00118217 ms
Total Distance 135: 0 0 6 7 5 4 0 3 3 3 6 6 4 4 0 0 0 0 4 5 4 3 0 0 0 3 5 5 4 4 0 3 3 3 5 4 4 3 0 0 0 0 5 6 4 4 0 3
Last Time Cost: 00000519 ms
Total Time Cost: 00118736 ms
Total Distance 133: 0 0 6 6 5 4 0 3 3 3 6 6 4 4 0 0 0 0 4 5 4 3 0 0 0 3 4 5 4 4 0 3 3 3 5 4 4 3 0 0 0 0 5 6 4 4 0 3
Last Time Cost: 00000107 ms
Total Time Cost: 00118843 ms
Total Distance 132: 0 0 6 6 5 4 0 3 3 3 6 6 4 4 0 0 0 0 4 5 4 3 0 0 0 2 4 5 4 4 0 3 3 3 5 4 4 3 0 0 0 0 5 6 4 4 0 3
Last Time Cost: 00000001 ms
Total Time Cost: 00118844 ms
Total Distance 131: 0 0 6 6 5 4 0 3 3 3 6 6 4 4 0 0 0 0 4 5 4 3 0 0 0 1 4 5 4 4 0 3 3 3 5 4 4 3 0 0 0 0 5 6 4 4 0 3
Last Time Cost: 00000001 ms
Total Time Cost: 00118845 ms
Total Distance 130: 0 0 6 6 5 4 0 3 3 3 6 6 4 4 0 0 0 0 4 5 4 3 0 0 0 0 4 5 4 4 0 3 3 3 5 4 4 3 0 0 0 0 5 6 4 4 0 3
Last Time Cost: 00000082 ms
Total Time Cost: 00118927 ms
Total Distance 128: 0 0 5 6 5 4 0 3 3 3 5 6 4 4 0 0 0 0 4 5 4 3 0 0 0 0 4 5 4 4 0 3 3 3 5 4 4 3 0 0 0 0 5 6 4 4 0 3
Last Time Cost: 00000078 ms
Total Time Cost: 00119005 ms
Total Distance 127: 0 0 5 6 5 4 0 3 3 3 5 6 4 4 0 0 0 0 4 5 4 3 0 0 0 0 4 5 4 4 0 3 3 2 5 4 4 3 0 0 0 0 5 6 4 4 0 3
Last Time Cost: 00000001 ms
Total Time Cost: 00119006 ms
Total Distance 126: 0 0 5 6 5 4 0 3 3 3 5 6 4 4 0 0 0 0 4 5 4 3 0 0 0 0 4 5 4 4 0 3 3 1 5 4 4 3 0 0 0 0 5 6 4 4 0 3
Last Time Cost: 00000001 ms
Total Time Cost: 00119007 ms
Total Distance 125: 0 0 5 6 5 4 0 3 3 3 5 6 4 4 0 0 0 0 4 5 4 3 0 0 0 0 4 5 4 4 0 3 3 0 5 4 4 3 0 0 0 0 5 6 4 4 0 3
Last Time Cost: 00000084 ms
Total Time Cost: 00119091 ms
Total Distance 124: 0 0 5 6 5 4 0 3 3 3 5 6 4 4 0 0 0 0 4 5 4 2 0 0 0 0 4 5 4 4 0 3 3 0 5 4 4 3 0 0 0 0 5 6 4 4 0 3
Last Time Cost: 00000001 ms
Total Time Cost: 00119092 ms
Total Distance 123: 0 0 5 6 5 4 0 3 3 3 5 6 4 4 0 0 0 0 4 5 4 1 0 0 0 0 4 5 4 4 0 3 3 0 5 4 4 3 0 0 0 0 5 6 4 4 0 3
Last Time Cost: 00000001 ms
Total Time Cost: 00119093 ms
Total Distance 122: 0 0 5 6 5 4 0 3 3 3 5 6 4 4 0 0 0 0 4 5 4 0 0 0 0 0 4 5 4 4 0 3 3 0 5 4 4 3 0 0 0 0 5 6 4 4 0 3
Last Time Cost: 00000091 ms
Total Time Cost: 00119184 ms
Total Distance 121: 0 0 5 6 5 4 0 3 3 3 5 6 4 4 0 0 0 0 4 5 4 0 0 0 0 0 4 5 4 4 0 3 2 0 5 4 4 3 0 0 0 0 5 6 4 4 0 3
Last Time Cost: 00000001 ms
Total Time Cost: 00119185 ms
Total Distance 120: 0 0 5 6 5 4 0 3 3 3 5 6 4 4 0 0 0 0 4 5 4 0 0 0 0 0 4 5 4 4 0 3 1 0 5 4 4 3 0 0 0 0 5 6 4 4 0 3
Last Time Cost: 00000001 ms
Total Time Cost: 00119186 ms
Total Distance 119: 0 0 5 6 5 4 0 3 3 3 5 6 4 4 0 0 0 0 4 5 4 0 0 0 0 0 4 5 4 4 0 3 0 0 5 4 4 3 0 0 0 0 5 6 4 4 0 3
Last Time Cost: 00000098 ms
Total Time Cost: 00119284 ms
Total Distance 117: 0 0 5 6 5 3 0 3 3 3 5 6 4 4 0 0 0 0 4 5 4 0 0 0 0 0 4 5 4 4 0 2 0 0 5 4 4 3 0 0 0 0 5 6 4 4 0 3
Last Time Cost: 00000101 ms
Total Time Cost: 00119385 ms
Total Distance 116: 0 0 5 6 5 3 0 3 3 3 5 6 4 4 0 0 0 0 4 5 4 0 0 0 0 0 4 5 4 4 0 1 0 0 5 4 4 3 0 0 0 0 5 6 4 4 0 3
Last Time Cost: 00000001 ms
Total Time Cost: 00119386 ms
Total Distance 115: 0 0 5 6 5 3 0 3 3 3 5 6 4 4 0 0 0 0 4 5 4 0 0 0 0 0 4 5 4 4 0 0 0 0 5 4 4 3 0 0 0 0 5 6 4 4 0 3
Last Time Cost: 00000107 ms
Total Time Cost: 00119493 ms
Total Distance 114: 0 0 5 6 5 3 0 2 3 3 5 6 4 4 0 0 0 0 4 5 4 0 0 0 0 0 4 5 4 4 0 0 0 0 5 4 4 3 0 0 0 0 5 6 4 4 0 3
Last Time Cost: 00000001 ms
Total Time Cost: 00119494 ms
Total Distance 113: 0 0 5 6 5 3 0 1 3 3 5 6 4 4 0 0 0 0 4 5 4 0 0 0 0 0 4 5 4 4 0 0 0 0 5 4 4 3 0 0 0 0 5 6 4 4 0 3
Last Time Cost: 00000001 ms
Total Time Cost: 00119495 ms
Total Distance 112: 0 0 5 6 5 3 0 0 3 3 5 6 4 4 0 0 0 0 4 5 4 0 0 0 0 0 4 5 4 4 0 0 0 0 5 4 4 3 0 0 0 0 5 6 4 4 0 3
Last Time Cost: 00000116 ms
Total Time Cost: 00119611 ms
Total Distance 111: 0 0 5 6 5 3 0 0 3 2 5 6 4 4 0 0 0 0 4 5 4 0 0 0 0 0 4 5 4 4 0 0 0 0 5 4 4 3 0 0 0 0 5 6 4 4 0 3
Last Time Cost: 00000001 ms
Total Time Cost: 00119612 ms
Total Distance 110: 0 0 5 6 5 3 0 0 3 1 5 6 4 4 0 0 0 0 4 5 4 0 0 0 0 0 4 5 4 4 0 0 0 0 5 4 4 3 0 0 0 0 5 6 4 4 0 3
Last Time Cost: 00000001 ms
Total Time Cost: 00119613 ms
Total Distance 109: 0 0 5 6 5 3 0 0 3 0 5 6 4 4 0 0 0 0 4 5 4 0 0 0 0 0 4 5 4 4 0 0 0 0 5 4 4 3 0 0 0 0 5 6 4 4 0 3
Last Time Cost: 00000130 ms
Total Time Cost: 00119743 ms
Total Distance 108: 0 0 5 6 5 2 0 0 3 0 5 6 4 4 0 0 0 0 4 5 4 0 0 0 0 0 4 5 4 4 0 0 0 0 5 4 4 3 0 0 0 0 5 6 4 4 0 3
Last Time Cost: 00000001 ms
Total Time Cost: 00119744 ms
Total Distance 107: 0 0 5 6 5 1 0 0 3 0 5 6 4 4 0 0 0 0 4 5 4 0 0 0 0 0 4 5 4 4 0 0 0 0 5 4 4 3 0 0 0 0 5 6 4 4 0 3
Last Time Cost: 00000001 ms
Total Time Cost: 00119745 ms
Total Distance 106: 0 0 5 6 5 0 0 0 3 0 5 6 4 4 0 0 0 0 4 5 4 0 0 0 0 0 4 5 4 4 0 0 0 0 5 4 4 3 0 0 0 0 5 6 4 4 0 3
Last Time Cost: 00000133 ms
Total Time Cost: 00119878 ms
Total Distance 105: 0 0 5 6 5 0 0 0 3 0 5 6 4 4 0 0 0 0 4 5 4 0 0 0 0 0 4 5 4 4 0 0 0 0 5 4 4 3 0 0 0 0 5 6 4 4 0 2
Last Time Cost: 00000001 ms
Total Time Cost: 00119879 ms
Total Distance 104: 0 0 5 6 5 0 0 0 3 0 5 6 4 4 0 0 0 0 4 5 4 0 0 0 0 0 4 5 4 4 0 0 0 0 5 4 4 3 0 0 0 0 5 6 4 4 0 1
Last Time Cost: 00000001 ms
Total Time Cost: 00119880 ms
Total Distance 103: 0 0 5 6 5 0 0 0 3 0 5 6 4 4 0 0 0 0 4 5 4 0 0 0 0 0 4 5 4 4 0 0 0 0 5 4 4 3 0 0 0 0 5 6 4 4 0 0
Last Time Cost: 00000143 ms
Total Time Cost: 00120023 ms
Total Distance 102: 0 0 5 6 5 0 0 0 2 0 5 6 4 4 0 0 0 0 4 5 4 0 0 0 0 0 4 5 4 4 0 0 0 0 5 4 4 3 0 0 0 0 5 6 4 4 0 0
Last Time Cost: 00000001 ms
Total Time Cost: 00120024 ms
Total Distance 101: 0 0 5 6 5 0 0 0 1 0 5 6 4 4 0 0 0 0 4 5 4 0 0 0 0 0 4 5 4 4 0 0 0 0 5 4 4 3 0 0 0 0 5 6 4 4 0 0
Last Time Cost: 00000001 ms
Total Time Cost: 00120025 ms
Total Distance 100: 0 0 5 6 5 0 0 0 0 0 5 6 4 4 0 0 0 0 4 5 4 0 0 0 0 0 4 5 4 4 0 0 0 0 5 4 4 3 0 0 0 0 5 6 4 4 0 0
Last Time Cost: 00000152 ms
Total Time Cost: 00120177 ms
Total Distance 99: 0 0 5 6 5 0 0 0 0 0 5 6 4 4 0 0 0 0 4 5 4 0 0 0 0 0 4 5 4 4 0 0 0 0 5 4 4 2 0 0 0 0 5 6 4 4 0 0
Last Time Cost: 00000001 ms
Total Time Cost: 00120178 ms
Total Distance 98: 0 0 5 6 5 0 0 0 0 0 5 6 4 4 0 0 0 0 4 5 4 0 0 0 0 0 4 5 4 4 0 0 0 0 5 4 4 1 0 0 0 0 5 6 4 4 0 0
Last Time Cost: 00000001 ms
Total Time Cost: 00120179 ms
Total Distance 97: 0 0 5 6 5 0 0 0 0 0 5 6 4 4 0 0 0 0 4 5 4 0 0 0 0 0 4 5 4 4 0 0 0 0 5 4 4 0 0 0 0 0 5 6 4 4 0 0
Last Time Cost: 00000163 ms
Total Time Cost: 00120342 ms
Total Distance 96: 0 0 5 6 5 0 0 0 0 0 5 6 3 4 0 0 0 0 4 5 4 0 0 0 0 0 4 5 4 4 0 0 0 0 5 4 4 0 0 0 0 0 5 6 4 4 0 0
Last Time Cost: 00000001 ms
Total Time Cost: 00120343 ms
Total Distance 95: 0 0 5 6 5 0 0 0 0 0 5 6 2 4 0 0 0 0 4 5 4 0 0 0 0 0 4 5 4 4 0 0 0 0 5 4 4 0 0 0 0 0 5 6 4 4 0 0
Last Time Cost: 00000001 ms
Total Time Cost: 00120344 ms
Total Distance 94: 0 0 5 6 5 0 0 0 0 0 5 6 1 4 0 0 0 0 4 5 4 0 0 0 0 0 4 5 4 4 0 0 0 0 5 4 4 0 0 0 0 0 5 6 4 4 0 0
Last Time Cost: 00000001 ms
Total Time Cost: 00120345 ms
Total Distance 93: 0 0 5 6 5 0 0 0 0 0 5 6 0 4 0 0 0 0 4 5 4 0 0 0 0 0 4 5 4 4 0 0 0 0 5 4 4 0 0 0 0 0 5 6 4 4 0 0
Last Time Cost: 00000178 ms
Total Time Cost: 00120523 ms
Total Distance 92: 0 0 5 6 5 0 0 0 0 0 5 6 0 4 0 0 0 0 4 5 4 0 0 0 0 0 4 5 4 4 0 0 0 0 5 3 4 0 0 0 0 0 5 6 4 4 0 0
Last Time Cost: 00000001 ms
Total Time Cost: 00120524 ms
Total Distance 91: 0 0 5 6 5 0 0 0 0 0 5 6 0 4 0 0 0 0 4 5 4 0 0 0 0 0 4 5 4 4 0 0 0 0 5 2 4 0 0 0 0 0 5 6 4 4 0 0
Last Time Cost: 00000001 ms
Total Time Cost: 00120525 ms
Total Distance 90: 0 0 5 6 5 0 0 0 0 0 5 6 0 4 0 0 0 0 4 5 4 0 0 0 0 0 4 5 4 4 0 0 0 0 5 1 4 0 0 0 0 0 5 6 4 4 0 0
Last Time Cost: 00000001 ms
Total Time Cost: 00120526 ms
Total Distance 89: 0 0 5 6 5 0 0 0 0 0 5 6 0 4 0 0 0 0 4 5 4 0 0 0 0 0 4 5 4 4 0 0 0 0 5 0 4 0 0 0 0 0 5 6 4 4 0 0
Last Time Cost: 00000196 ms
Total Time Cost: 00120722 ms
Total Distance 88: 0 0 5 6 5 0 0 0 0 0 5 6 0 4 0 0 0 0 4 5 4 0 0 0 0 0 4 5 4 4 0 0 0 0 5 0 3 0 0 0 0 0 5 6 4 4 0 0
Last Time Cost: 00000001 ms
Total Time Cost: 00120723 ms
Total Distance 87: 0 0 5 6 5 0 0 0 0 0 5 6 0 4 0 0 0 0 4 5 4 0 0 0 0 0 4 5 4 4 0 0 0 0 5 0 2 0 0 0 0 0 5 6 4 4 0 0
Last Time Cost: 00000001 ms
Total Time Cost: 00120724 ms
Total Distance 86: 0 0 5 6 5 0 0 0 0 0 5 6 0 4 0 0 0 0 4 5 4 0 0 0 0 0 4 5 4 4 0 0 0 0 5 0 1 0 0 0 0 0 5 6 4 4 0 0
Last Time Cost: 00000001 ms
Total Time Cost: 00120725 ms
Total Distance 85: 0 0 5 6 5 0 0 0 0 0 5 6 0 4 0 0 0 0 4 5 4 0 0 0 0 0 4 5 4 4 0 0 0 0 5 0 0 0 0 0 0 0 5 6 4 4 0 0
Last Time Cost: 00000209 ms
Total Time Cost: 00120934 ms
Total Distance 84: 0 0 5 6 5 0 0 0 0 0 5 6 0 4 0 0 0 0 4 5 4 0 0 0 0 0 4 5 4 4 0 0 0 0 5 0 0 0 0 0 0 0 5 6 3 4 0 0
Last Time Cost: 00000001 ms
Total Time Cost: 00120935 ms
Total Distance 83: 0 0 5 6 5 0 0 0 0 0 5 6 0 4 0 0 0 0 4 5 4 0 0 0 0 0 4 5 4 4 0 0 0 0 5 0 0 0 0 0 0 0 5 6 2 4 0 0
Last Time Cost: 00000001 ms
Total Time Cost: 00120936 ms
Total Distance 82: 0 0 5 6 5 0 0 0 0 0 5 6 0 4 0 0 0 0 4 5 4 0 0 0 0 0 4 5 4 4 0 0 0 0 5 0 0 0 0 0 0 0 5 6 1 4 0 0
Last Time Cost: 00000001 ms
Total Time Cost: 00120937 ms
Total Distance 81: 0 0 5 6 5 0 0 0 0 0 5 6 0 4 0 0 0 0 4 5 4 0 0 0 0 0 4 5 4 4 0 0 0 0 5 0 0 0 0 0 0 0 5 6 0 4 0 0
Last Time Cost: 00000226 ms
Total Time Cost: 00121163 ms
Total Distance 80: 0 0 5 6 5 0 0 0 0 0 5 6 0 4 0 0 0 0 4 5 4 0 0 0 0 0 3 5 4 4 0 0 0 0 5 0 0 0 0 0 0 0 5 6 0 4 0 0
Last Time Cost: 00000001 ms
Total Time Cost: 00121164 ms
Total Distance 79: 0 0 5 6 5 0 0 0 0 0 5 6 0 4 0 0 0 0 4 5 4 0 0 0 0 0 2 5 4 4 0 0 0 0 5 0 0 0 0 0 0 0 5 6 0 4 0 0
Last Time Cost: 00000001 ms
Total Time Cost: 00121165 ms
Total Distance 78: 0 0 5 6 5 0 0 0 0 0 5 6 0 4 0 0 0 0 4 5 4 0 0 0 0 0 1 5 4 4 0 0 0 0 5 0 0 0 0 0 0 0 5 6 0 4 0 0
Last Time Cost: 00000001 ms
Total Time Cost: 00121166 ms
Total Distance 77: 0 0 5 6 5 0 0 0 0 0 5 6 0 4 0 0 0 0 4 5 4 0 0 0 0 0 0 5 4 4 0 0 0 0 5 0 0 0 0 0 0 0 5 6 0 4 0 0
Last Time Cost: 00000249 ms
Total Time Cost: 00121415 ms
Total Distance 76: 0 0 5 6 5 0 0 0 0 0 5 6 0 3 0 0 0 0 4 5 4 0 0 0 0 0 0 5 4 4 0 0 0 0 5 0 0 0 0 0 0 0 5 6 0 4 0 0
Last Time Cost: 00000002 ms
Total Time Cost: 00121417 ms
Total Distance 75: 0 0 5 6 5 0 0 0 0 0 5 6 0 2 0 0 0 0 4 5 4 0 0 0 0 0 0 5 4 4 0 0 0 0 5 0 0 0 0 0 0 0 5 6 0 4 0 0
Last Time Cost: 00000001 ms
Total Time Cost: 00121418 ms
Total Distance 74: 0 0 5 6 5 0 0 0 0 0 5 6 0 1 0 0 0 0 4 5 4 0 0 0 0 0 0 5 4 4 0 0 0 0 5 0 0 0 0 0 0 0 5 6 0 4 0 0
Last Time Cost: 00000001 ms
Total Time Cost: 00121419 ms
Total Distance 73: 0 0 5 6 5 0 0 0 0 0 5 6 0 0 0 0 0 0 4 5 4 0 0 0 0 0 0 5 4 4 0 0 0 0 5 0 0 0 0 0 0 0 5 6 0 4 0 0
Last Time Cost: 00000273 ms
Total Time Cost: 00121692 ms
Total Distance 72: 0 0 5 6 5 0 0 0 0 0 5 6 0 0 0 0 0 0 4 5 4 0 0 0 0 0 0 5 4 3 0 0 0 0 5 0 0 0 0 0 0 0 5 6 0 4 0 0
Last Time Cost: 00000002 ms
Total Time Cost: 00121694 ms
Total Distance 71: 0 0 5 6 5 0 0 0 0 0 5 6 0 0 0 0 0 0 4 5 4 0 0 0 0 0 0 5 4 2 0 0 0 0 5 0 0 0 0 0 0 0 5 6 0 4 0 0
Last Time Cost: 00000003 ms
Total Time Cost: 00121697 ms
Total Distance 70: 0 0 5 6 5 0 0 0 0 0 5 6 0 0 0 0 0 0 4 5 4 0 0 0 0 0 0 5 4 1 0 0 0 0 5 0 0 0 0 0 0 0 5 6 0 4 0 0
Last Time Cost: 00000001 ms
Total Time Cost: 00121698 ms
Total Distance 69: 0 0 5 6 5 0 0 0 0 0 5 6 0 0 0 0 0 0 4 5 4 0 0 0 0 0 0 5 4 0 0 0 0 0 5 0 0 0 0 0 0 0 5 6 0 4 0 0
Last Time Cost: 00000290 ms
Total Time Cost: 00121988 ms
Total Distance 68: 0 0 5 6 5 0 0 0 0 0 5 6 0 0 0 0 0 0 3 5 4 0 0 0 0 0 0 5 4 0 0 0 0 0 5 0 0 0 0 0 0 0 5 6 0 4 0 0
Last Time Cost: 00000002 ms
Total Time Cost: 00121990 ms
Total Distance 67: 0 0 5 6 5 0 0 0 0 0 5 6 0 0 0 0 0 0 2 5 4 0 0 0 0 0 0 5 4 0 0 0 0 0 5 0 0 0 0 0 0 0 5 6 0 4 0 0
Last Time Cost: 00000002 ms
Total Time Cost: 00121992 ms
Total Distance 66: 0 0 5 6 5 0 0 0 0 0 5 6 0 0 0 0 0 0 1 5 4 0 0 0 0 0 0 5 4 0 0 0 0 0 5 0 0 0 0 0 0 0 5 6 0 4 0 0
Last Time Cost: 00000001 ms
Total Time Cost: 00121993 ms
Total Distance 65: 0 0 5 6 5 0 0 0 0 0 5 6 0 0 0 0 0 0 0 5 4 0 0 0 0 0 0 5 4 0 0 0 0 0 5 0 0 0 0 0 0 0 5 6 0 4 0 0
Last Time Cost: 00000312 ms
Total Time Cost: 00122305 ms
Total Distance 64: 0 0 5 6 5 0 0 0 0 0 5 6 0 0 0 0 0 0 0 5 3 0 0 0 0 0 0 5 4 0 0 0 0 0 5 0 0 0 0 0 0 0 5 6 0 4 0 0
Last Time Cost: 00000002 ms
Total Time Cost: 00122307 ms
Total Distance 63: 0 0 5 6 5 0 0 0 0 0 5 6 0 0 0 0 0 0 0 5 2 0 0 0 0 0 0 5 4 0 0 0 0 0 5 0 0 0 0 0 0 0 5 6 0 4 0 0
Last Time Cost: 00000002 ms
Total Time Cost: 00122309 ms
Total Distance 62: 0 0 5 6 5 0 0 0 0 0 5 6 0 0 0 0 0 0 0 5 1 0 0 0 0 0 0 5 4 0 0 0 0 0 5 0 0 0 0 0 0 0 5 6 0 4 0 0
Last Time Cost: 00000001 ms
Total Time Cost: 00122310 ms
Total Distance 61: 0 0 5 6 5 0 0 0 0 0 5 6 0 0 0 0 0 0 0 5 0 0 0 0 0 0 0 5 4 0 0 0 0 0 5 0 0 0 0 0 0 0 5 6 0 4 0 0
Last Time Cost: 00000343 ms
Total Time Cost: 00122653 ms
Total Distance 60: 0 0 5 6 5 0 0 0 0 0 5 6 0 0 0 0 0 0 0 5 0 0 0 0 0 0 0 5 4 0 0 0 0 0 5 0 0 0 0 0 0 0 5 6 0 3 0 0
Last Time Cost: 00000002 ms
Total Time Cost: 00122655 ms
Total Distance 59: 0 0 5 6 5 0 0 0 0 0 5 6 0 0 0 0 0 0 0 5 0 0 0 0 0 0 0 5 4 0 0 0 0 0 5 0 0 0 0 0 0 0 5 6 0 2 0 0
Last Time Cost: 00000002 ms
Total Time Cost: 00122657 ms
Total Distance 58: 0 0 5 6 5 0 0 0 0 0 5 6 0 0 0 0 0 0 0 5 0 0 0 0 0 0 0 5 4 0 0 0 0 0 5 0 0 0 0 0 0 0 5 6 0 1 0 0
Last Time Cost: 00000001 ms
Total Time Cost: 00122658 ms
Total Distance 57: 0 0 5 6 5 0 0 0 0 0 5 6 0 0 0 0 0 0 0 5 0 0 0 0 0 0 0 5 4 0 0 0 0 0 5 0 0 0 0 0 0 0 5 6 0 0 0 0
Last Time Cost: 00000365 ms
Total Time Cost: 00123023 ms
Total Distance 56: 0 0 5 6 5 0 0 0 0 0 5 6 0 0 0 0 0 0 0 5 0 0 0 0 0 0 0 5 3 0 0 0 0 0 5 0 0 0 0 0 0 0 5 6 0 0 0 0
Last Time Cost: 00000002 ms
Total Time Cost: 00123025 ms
Total Distance 55: 0 0 5 6 5 0 0 0 0 0 5 6 0 0 0 0 0 0 0 5 0 0 0 0 0 0 0 5 2 0 0 0 0 0 5 0 0 0 0 0 0 0 5 6 0 0 0 0
Last Time Cost: 00000002 ms
Total Time Cost: 00123027 ms
Total Distance 54: 0 0 5 6 5 0 0 0 0 0 5 6 0 0 0 0 0 0 0 5 0 0 0 0 0 0 0 5 1 0 0 0 0 0 5 0 0 0 0 0 0 0 5 6 0 0 0 0
Last Time Cost: 00000002 ms
Total Time Cost: 00123029 ms
Total Distance 53: 0 0 5 6 5 0 0 0 0 0 5 6 0 0 0 0 0 0 0 5 0 0 0 0 0 0 0 5 0 0 0 0 0 0 5 0 0 0 0 0 0 0 5 6 0 0 0 0
Last Time Cost: 00000391 ms
Total Time Cost: 00123420 ms
Total Distance 52: 0 0 4 6 5 0 0 0 0 0 5 6 0 0 0 0 0 0 0 5 0 0 0 0 0 0 0 5 0 0 0 0 0 0 5 0 0 0 0 0 0 0 5 6 0 0 0 0
Last Time Cost: 00000002 ms
Total Time Cost: 00123422 ms
Total Distance 51: 0 0 3 6 5 0 0 0 0 0 5 6 0 0 0 0 0 0 0 5 0 0 0 0 0 0 0 5 0 0 0 0 0 0 5 0 0 0 0 0 0 0 5 6 0 0 0 0
Last Time Cost: 00000002 ms
Total Time Cost: 00123424 ms
Total Distance 50: 0 0 2 6 5 0 0 0 0 0 5 6 0 0 0 0 0 0 0 5 0 0 0 0 0 0 0 5 0 0 0 0 0 0 5 0 0 0 0 0 0 0 5 6 0 0 0 0
Last Time Cost: 00000002 ms
Total Time Cost: 00123426 ms
Total Distance 49: 0 0 1 6 5 0 0 0 0 0 5 6 0 0 0 0 0 0 0 5 0 0 0 0 0 0 0 5 0 0 0 0 0 0 5 0 0 0 0 0 0 0 5 6 0 0 0 0
Last Time Cost: 00000002 ms
Total Time Cost: 00123428 ms
Total Distance 48: 0 0 0 6 5 0 0 0 0 0 5 6 0 0 0 0 0 0 0 5 0 0 0 0 0 0 0 5 0 0 0 0 0 0 5 0 0 0 0 0 0 0 5 6 0 0 0 0
Last Time Cost: 00000402 ms
Total Time Cost: 00123830 ms
Total Distance 47: 0 0 0 6 5 0 0 0 0 0 5 6 0 0 0 0 0 0 0 4 0 0 0 0 0 0 0 5 0 0 0 0 0 0 5 0 0 0 0 0 0 0 5 6 0 0 0 0
Last Time Cost: 00000032 ms
Total Time Cost: 00123862 ms
Total Distance 46: 0 0 0 6 5 0 0 0 0 0 5 6 0 0 0 0 0 0 0 3 0 0 0 0 0 0 0 5 0 0 0 0 0 0 5 0 0 0 0 0 0 0 5 6 0 0 0 0
Last Time Cost: 00000002 ms
Total Time Cost: 00123864 ms
Total Distance 45: 0 0 0 6 5 0 0 0 0 0 5 6 0 0 0 0 0 0 0 2 0 0 0 0 0 0 0 5 0 0 0 0 0 0 5 0 0 0 0 0 0 0 5 6 0 0 0 0
Last Time Cost: 00000002 ms
Total Time Cost: 00123866 ms
Total Distance 44: 0 0 0 6 5 0 0 0 0 0 5 6 0 0 0 0 0 0 0 1 0 0 0 0 0 0 0 5 0 0 0 0 0 0 5 0 0 0 0 0 0 0 5 6 0 0 0 0
Last Time Cost: 00000002 ms
Total Time Cost: 00123868 ms
Total Distance 43: 0 0 0 6 5 0 0 0 0 0 5 6 0 0 0 0 0 0 0 0 0 0 0 0 0 0 0 5 0 0 0 0 0 0 5 0 0 0 0 0 0 0 5 6 0 0 0 0
Last Time Cost: 00000392 ms
Total Time Cost: 00124260 ms
Total Distance 42: 0 0 0 6 5 0 0 0 0 0 5 6 0 0 0 0 0 0 0 0 0 0 0 0 0 0 0 4 0 0 0 0 0 0 5 0 0 0 0 0 0 0 5 6 0 0 0 0
Last Time Cost: 00000002 ms
Total Time Cost: 00124262 ms
Total Distance 41: 0 0 0 6 5 0 0 0 0 0 5 6 0 0 0 0 0 0 0 0 0 0 0 0 0 0 0 3 0 0 0 0 0 0 5 0 0 0 0 0 0 0 5 6 0 0 0 0
Last Time Cost: 00000002 ms
Total Time Cost: 00124264 ms
Total Distance 40: 0 0 0 6 5 0 0 0 0 0 5 6 0 0 0 0 0 0 0 0 0 0 0 0 0 0 0 2 0 0 0 0 0 0 5 0 0 0 0 0 0 0 5 6 0 0 0 0
Last Time Cost: 00000002 ms
Total Time Cost: 00124266 ms
Total Distance 39: 0 0 0 6 5 0 0 0 0 0 5 6 0 0 0 0 0 0 0 0 0 0 0 0 0 0 0 1 0 0 0 0 0 0 5 0 0 0 0 0 0 0 5 6 0 0 0 0
Last Time Cost: 00000002 ms
Total Time Cost: 00124268 ms
Total Distance 38: 0 0 0 6 5 0 0 0 0 0 5 6 0 0 0 0 0 0 0 0 0 0 0 0 0 0 0 0 0 0 0 0 0 0 5 0 0 0 0 0 0 0 5 6 0 0 0 0
Last Time Cost: 00000407 ms
Total Time Cost: 00124675 ms
Total Distance 37: 0 0 0 6 5 0 0 0 0 0 5 6 0 0 0 0 0 0 0 0 0 0 0 0 0 0 0 0 0 0 0 0 0 0 5 0 0 0 0 0 0 0 4 6 0 0 0 0
Last Time Cost: 00000003 ms
Total Time Cost: 00124678 ms
Total Distance 36: 0 0 0 6 5 0 0 0 0 0 5 6 0 0 0 0 0 0 0 0 0 0 0 0 0 0 0 0 0 0 0 0 0 0 5 0 0 0 0 0 0 0 3 6 0 0 0 0
Last Time Cost: 00000002 ms
Total Time Cost: 00124680 ms
Total Distance 35: 0 0 0 6 5 0 0 0 0 0 5 6 0 0 0 0 0 0 0 0 0 0 0 0 0 0 0 0 0 0 0 0 0 0 5 0 0 0 0 0 0 0 2 6 0 0 0 0
Last Time Cost: 00000003 ms
Total Time Cost: 00124683 ms
Total Distance 34: 0 0 0 6 5 0 0 0 0 0 5 6 0 0 0 0 0 0 0 0 0 0 0 0 0 0 0 0 0 0 0 0 0 0 5 0 0 0 0 0 0 0 1 6 0 0 0 0
Last Time Cost: 00000002 ms
Total Time Cost: 00124685 ms
Total Distance 33: 0 0 0 6 5 0 0 0 0 0 5 6 0 0 0 0 0 0 0 0 0 0 0 0 0 0 0 0 0 0 0 0 0 0 5 0 0 0 0 0 0 0 0 6 0 0 0 0
Last Time Cost: 00000400 ms
Total Time Cost: 00125085 ms
Total Distance 32: 0 0 0 6 5 0 0 0 0 0 5 6 0 0 0 0 0 0 0 0 0 0 0 0 0 0 0 0 0 0 0 0 0 0 4 0 0 0 0 0 0 0 0 6 0 0 0 0
Last Time Cost: 00000003 ms
Total Time Cost: 00125088 ms
Total Distance 31: 0 0 0 6 5 0 0 0 0 0 5 6 0 0 0 0 0 0 0 0 0 0 0 0 0 0 0 0 0 0 0 0 0 0 3 0 0 0 0 0 0 0 0 6 0 0 0 0
Last Time Cost: 00000003 ms
Total Time Cost: 00125091 ms
Total Distance 30: 0 0 0 6 5 0 0 0 0 0 5 6 0 0 0 0 0 0 0 0 0 0 0 0 0 0 0 0 0 0 0 0 0 0 2 0 0 0 0 0 0 0 0 6 0 0 0 0
Last Time Cost: 00000002 ms
Total Time Cost: 00125093 ms
Total Distance 29: 0 0 0 6 5 0 0 0 0 0 5 6 0 0 0 0 0 0 0 0 0 0 0 0 0 0 0 0 0 0 0 0 0 0 1 0 0 0 0 0 0 0 0 6 0 0 0 0
Last Time Cost: 00000002 ms
Total Time Cost: 00125095 ms
Total Distance 28: 0 0 0 6 5 0 0 0 0 0 5 6 0 0 0 0 0 0 0 0 0 0 0 0 0 0 0 0 0 0 0 0 0 0 0 0 0 0 0 0 0 0 0 6 0 0 0 0
Last Time Cost: 00000389 ms
Total Time Cost: 00125484 ms
Total Distance 27: 0 0 0 6 5 0 0 0 0 0 4 6 0 0 0 0 0 0 0 0 0 0 0 0 0 0 0 0 0 0 0 0 0 0 0 0 0 0 0 0 0 0 0 6 0 0 0 0
Last Time Cost: 00000003 ms
Total Time Cost: 00125487 ms
Total Distance 26: 0 0 0 6 5 0 0 0 0 0 3 6 0 0 0 0 0 0 0 0 0 0 0 0 0 0 0 0 0 0 0 0 0 0 0 0 0 0 0 0 0 0 0 6 0 0 0 0
Last Time Cost: 00000003 ms
Total Time Cost: 00125490 ms
Total Distance 25: 0 0 0 6 5 0 0 0 0 0 2 6 0 0 0 0 0 0 0 0 0 0 0 0 0 0 0 0 0 0 0 0 0 0 0 0 0 0 0 0 0 0 0 6 0 0 0 0
Last Time Cost: 00000003 ms
Total Time Cost: 00125493 ms
Total Distance 24: 0 0 0 6 5 0 0 0 0 0 1 6 0 0 0 0 0 0 0 0 0 0 0 0 0 0 0 0 0 0 0 0 0 0 0 0 0 0 0 0 0 0 0 6 0 0 0 0
Last Time Cost: 00000002 ms
Total Time Cost: 00125495 ms
Total Distance 23: 0 0 0 6 5 0 0 0 0 0 0 6 0 0 0 0 0 0 0 0 0 0 0 0 0 0 0 0 0 0 0 0 0 0 0 0 0 0 0 0 0 0 0 6 0 0 0 0
Last Time Cost: 00000371 ms
Total Time Cost: 00125866 ms
Total Distance 22: 0 0 0 6 4 0 0 0 0 0 0 6 0 0 0 0 0 0 0 0 0 0 0 0 0 0 0 0 0 0 0 0 0 0 0 0 0 0 0 0 0 0 0 6 0 0 0 0
Last Time Cost: 00000003 ms
Total Time Cost: 00125869 ms
Total Distance 21: 0 0 0 6 3 0 0 0 0 0 0 6 0 0 0 0 0 0 0 0 0 0 0 0 0 0 0 0 0 0 0 0 0 0 0 0 0 0 0 0 0 0 0 6 0 0 0 0
Last Time Cost: 00000003 ms
Total Time Cost: 00125872 ms
Total Distance 20: 0 0 0 6 2 0 0 0 0 0 0 6 0 0 0 0 0 0 0 0 0 0 0 0 0 0 0 0 0 0 0 0 0 0 0 0 0 0 0 0 0 0 0 6 0 0 0 0
Last Time Cost: 00000003 ms
Total Time Cost: 00125875 ms
Total Distance 19: 0 0 0 6 1 0 0 0 0 0 0 6 0 0 0 0 0 0 0 0 0 0 0 0 0 0 0 0 0 0 0 0 0 0 0 0 0 0 0 0 0 0 0 6 0 0 0 0
Last Time Cost: 00000003 ms
Total Time Cost: 00125878 ms
Total Distance 18: 0 0 0 6 0 0 0 0 0 0 0 6 0 0 0 0 0 0 0 0 0 0 0 0 0 0 0 0 0 0 0 0 0 0 0 0 0 0 0 0 0 0 0 6 0 0 0 0
Last Time Cost: 00000352 ms
Total Time Cost: 00126230 ms
Total Distance 17: 0 0 0 6 0 0 0 0 0 0 0 5 0 0 0 0 0 0 0 0 0 0 0 0 0 0 0 0 0 0 0 0 0 0 0 0 0 0 0 0 0 0 0 6 0 0 0 0
Last Time Cost: 00000057 ms
Total Time Cost: 00126287 ms
Total Distance 16: 0 0 0 6 0 0 0 0 0 0 0 4 0 0 0 0 0 0 0 0 0 0 0 0 0 0 0 0 0 0 0 0 0 0 0 0 0 0 0 0 0 0 0 6 0 0 0 0
Last Time Cost: 00000003 ms
Total Time Cost: 00126290 ms
Total Distance 15: 0 0 0 6 0 0 0 0 0 0 0 3 0 0 0 0 0 0 0 0 0 0 0 0 0 0 0 0 0 0 0 0 0 0 0 0 0 0 0 0 0 0 0 6 0 0 0 0
Last Time Cost: 00000003 ms
Total Time Cost: 00126293 ms
Total Distance 14: 0 0 0 6 0 0 0 0 0 0 0 2 0 0 0 0 0 0 0 0 0 0 0 0 0 0 0 0 0 0 0 0 0 0 0 0 0 0 0 0 0 0 0 6 0 0 0 0
Last Time Cost: 00000003 ms
Total Time Cost: 00126296 ms
Total Distance 13: 0 0 0 6 0 0 0 0 0 0 0 1 0 0 0 0 0 0 0 0 0 0 0 0 0 0 0 0 0 0 0 0 0 0 0 0 0 0 0 0 0 0 0 6 0 0 0 0
Last Time Cost: 00000003 ms
Total Time Cost: 00126299 ms
Total Distance 12: 0 0 0 6 0 0 0 0 0 0 0 0 0 0 0 0 0 0 0 0 0 0 0 0 0 0 0 0 0 0 0 0 0 0 0 0 0 0 0 0 0 0 0 6 0 0 0 0
Last Time Cost: 00000278 ms
Total Time Cost: 00126577 ms
Total Distance 11: 0 0 0 6 0 0 0 0 0 0 0 0 0 0 0 0 0 0 0 0 0 0 0 0 0 0 0 0 0 0 0 0 0 0 0 0 0 0 0 0 0 0 0 5 0 0 0 0
Last Time Cost: 00000065 ms
Total Time Cost: 00126642 ms
Total Distance 10: 0 0 0 6 0 0 0 0 0 0 0 0 0 0 0 0 0 0 0 0 0 0 0 0 0 0 0 0 0 0 0 0 0 0 0 0 0 0 0 0 0 0 0 4 0 0 0 0
Last Time Cost: 00000004 ms
Total Time Cost: 00126646 ms
Total Distance 9: 0 0 0 6 0 0 0 0 0 0 0 0 0 0 0 0 0 0 0 0 0 0 0 0 0 0 0 0 0 0 0 0 0 0 0 0 0 0 0 0 0 0 0 3 0 0 0 0
Last Time Cost: 00000003 ms
Total Time Cost: 00126649 ms
Total Distance 8: 0 0 0 6 0 0 0 0 0 0 0 0 0 0 0 0 0 0 0 0 0 0 0 0 0 0 0 0 0 0 0 0 0 0 0 0 0 0 0 0 0 0 0 2 0 0 0 0
Last Time Cost: 00000003 ms
Total Time Cost: 00126652 ms
Total Distance 7: 0 0 0 6 0 0 0 0 0 0 0 0 0 0 0 0 0 0 0 0 0 0 0 0 0 0 0 0 0 0 0 0 0 0 0 0 0 0 0 0 0 0 0 1 0 0 0 0
Last Time Cost: 00000003 ms
Total Time Cost: 00126655 ms
Total Distance 6: 0 0 0 6 0 0 0 0 0 0 0 0 0 0 0 0 0 0 0 0 0 0 0 0 0 0 0 0 0 0 0 0 0 0 0 0 0 0 0 0 0 0 0 0 0 0 0 0
Last Time Cost: 00000134 ms
Total Time Cost: 00126789 ms
Total Distance 5: 0 0 0 5 0 0 0 0 0 0 0 0 0 0 0 0 0 0 0 0 0 0 0 0 0 0 0 0 0 0 0 0 0 0 0 0 0 0 0 0 0 0 0 0 0 0 0 0
Last Time Cost: 00000063 ms
Total Time Cost: 00126852 ms
Total Distance 4: 0 0 0 4 0 0 0 0 0 0 0 0 0 0 0 0 0 0 0 0 0 0 0 0 0 0 0 0 0 0 0 0 0 0 0 0 0 0 0 0 0 0 0 0 0 0 0 0
Last Time Cost: 00000000 ms
Total Time Cost: 00126852 ms
Total Distance 3: 0 0 0 3 0 0 0 0 0 0 0 0 0 0 0 0 0 0 0 0 0 0 0 0 0 0 0 0 0 0 0 0 0 0 0 0 0 0 0 0 0 0 0 0 0 0 0 0
Last Time Cost: 00000000 ms
Total Time Cost: 00126852 ms
Total Distance 2: 0 0 0 2 0 0 0 0 0 0 0 0 0 0 0 0 0 0 0 0 0 0 0 0 0 0 0 0 0 0 0 0 0 0 0 0 0 0 0 0 0 0 0 0 0 0 0 0
Last Time Cost: 00000000 ms
Total Time Cost: 00126852 ms
Total Distance 1: 0 0 0 1 0 0 0 0 0 0 0 0 0 0 0 0 0 0 0 0 0 0 0 0 0 0 0 0 0 0 0 0 0 0 0 0 0 0 0 0 0 0 0 0 0 0 0 0
Last Time Cost: 00000000 ms
Total Time Cost: 00126852 ms
Total Distance 0: 0 0 0 0 0 0 0 0 0 0 0 0 0 0 0 0 0 0 0 0 0 0 0 0 0 0 0 0 0 0 0 0 0 0 0 0 0 0 0 0 0 0 0 0 0 0 0 0
