Last Time Cost: 00000000 ms
Total Time Cost: 00000000 ms
Total Distance 240: 6 6 4 4 4 4 6 8 6 4 4 4 6 6 4 4 4 4 6 8 6 4 4 4 6 6 4 4 4 4 6 8 6 4 4 4 6 6 4 4 4 4 6 8 6 4 4 4
Last Time Cost: 00000013 ms
Total Time Cost: 00000013 ms
Total Distance 232: 5 6 4 4 4 4 5 7 6 4 4 3 5 6 4 4 4 4 5 7 6 4 4 3 6 6 4 4 4 4 6 8 6 4 4 4 6 6 4 4 4 4 6 8 6 4 4 4
Last Time Cost: 00000012 ms
Total Time Cost: 00000025 ms
Total Distance 229: 5 6 4 4 4 4 5 7 6 4 4 2 4 6 4 4 4 4 5 6 6 4 4 3 6 6 4 4 4 4 6 8 6 4 4 4 6 6 4 4 4 4 6 8 6 4 4 4
Last Time Cost: 00000012 ms
Total Time Cost: 00000037 ms
Total Distance 227: 5 6 4 4 4 4 5 7 6 4 4 1 4 6 4 4 4 4 5 6 6 4 4 3 6 6 4 4 4 4 6 8 6 4 4 3 6 6 4 4 4 4 6 8 6 4 4 4
Last Time Cost: 00000012 ms
Total Time Cost: 00000049 ms
Total Distance 226: 5 6 4 4 4 4 5 7 6 4 4 0 4 6 4 4 4 4 5 6 6 4 4 3 6 6 4 4 4 4 6 8 6 4 4 3 6 6 4 4 4 4 6 8 6 4 4 4
Last Time Cost: 00000014 ms
Total Time Cost: 00000063 ms
Total Distance 218: 5 6 4 4 4 4 5 7 6 4 4 0 4 6 4 4 4 4 5 6 6 4 4 3 5 6 4 4 4 4 5 7 6 4 4 2 5 6 4 4 4 4 5 7 6 4 4 3
Last Time Cost: 00000002 ms
Total Time Cost: 00000065 ms
Total Distance 215: 5 6 4 4 4 4 5 7 6 4 4 0 4 6 4 4 4 4 5 6 6 4 4 3 5 6 4 4 4 4 5 7 6 4 4 1 4 6 4 4 4 4 5 6 6 4 4 3
Last Time Cost: 00000003 ms
Total Time Cost: 00000068 ms
Total Distance 214: 5 6 4 4 4 4 5 7 6 4 4 0 4 6 4 4 4 4 5 6 6 4 4 3 5 6 4 4 4 4 5 7 6 4 4 0 4 6 4 4 4 4 5 6 6 4 4 3
Last Time Cost: 00000003 ms
Total Time Cost: 00000071 ms
Total Distance 211: 5 6 4 4 4 4 5 7 6 4 4 0 4 6 4 4 4 4 5 6 6 4 4 3 4 6 4 4 4 4 5 6 6 4 4 0 4 6 4 4 4 4 5 6 6 4 4 2
Last Time Cost: 00000003 ms
Total Time Cost: 00000074 ms
Total Distance 209: 5 6 4 4 4 4 5 7 6 4 4 0 4 6 4 4 4 4 5 6 6 4 4 2 4 6 4 4 4 4 5 6 6 4 4 0 4 6 4 4 4 4 5 6 6 4 4 1
Last Time Cost: 00000003 ms
Total Time Cost: 00000077 ms
Total Distance 208: 5 6 4 4 4 4 5 7 6 4 4 0 4 6 4 4 4 4 5 6 6 4 4 2 4 6 4 4 4 4 5 6 6 4 4 0 4 6 4 4 4 4 5 6 6 4 4 0
Last Time Cost: 00000004 ms
Total Time Cost: 00000081 ms
Total Distance 205: 4 6 4 4 4 4 5 6 6 4 4 0 4 6 4 4 4 4 5 6 6 4 4 1 4 6 4 4 4 4 5 6 6 4 4 0 4 6 4 4 4 4 5 6 6 4 4 0
Last Time Cost: 00000004 ms
Total Time Cost: 00000085 ms
Total Distance 204: 4 6 4 4 4 4 5 6 6 4 4 0 4 6 4 4 4 4 5 6 6 4 4 0 4 6 4 4 4 4 5 6 6 4 4 0 4 6 4 4 4 4 5 6 6 4 4 0
Last Time Cost: 00000007 ms
Total Time Cost: 00000092 ms
Total Distance 200: 4 6 4 4 4 4 5 6 6 4 4 0 3 5 4 4 4 4 5 6 6 4 4 0 4 6 4 4 4 4 5 6 6 4 4 0 3 5 4 4 4 4 5 6 6 4 4 0
Last Time Cost: 00000004 ms
Total Time Cost: 00000096 ms
Total Distance 197: 3 6 4 4 4 4 5 6 6 4 4 0 2 5 4 4 4 4 5 6 6 4 4 0 4 5 4 4 4 4 5 6 6 4 4 0 3 5 4 4 4 4 5 6 6 4 4 0
Last Time Cost: 00000003 ms
Total Time Cost: 00000099 ms
Total Distance 195: 2 6 4 4 4 4 5 6 6 4 4 0 1 5 4 4 4 4 5 6 6 4 4 0 4 5 4 4 4 4 5 6 6 4 4 0 3 5 4 4 4 4 5 6 6 4 4 0
Last Time Cost: 00000002 ms
Total Time Cost: 00000101 ms
Total Distance 194: 2 6 4 4 4 4 5 6 6 4 4 0 0 5 4 4 4 4 5 6 6 4 4 0 4 5 4 4 4 4 5 6 6 4 4 0 3 5 4 4 4 4 5 6 6 4 4 0
Last Time Cost: 00000004 ms
Total Time Cost: 00000105 ms
Total Distance 191: 1 5 4 4 4 4 5 5 6 4 4 0 0 5 4 4 4 4 5 6 6 4 4 0 4 5 4 4 4 4 5 6 6 4 4 0 3 5 4 4 4 4 5 6 6 4 4 0
Last Time Cost: 00000003 ms
Total Time Cost: 00000108 ms
Total Distance 190: 0 5 4 4 4 4 5 5 6 4 4 0 0 5 4 4 4 4 5 6 6 4 4 0 4 5 4 4 4 4 5 6 6 4 4 0 3 5 4 4 4 4 5 6 6 4 4 0
Last Time Cost: 00000004 ms
Total Time Cost: 00000112 ms
Total Distance 187: 0 4 4 4 4 4 5 5 6 4 4 0 0 5 4 4 4 4 5 6 6 4 4 0 3 5 4 4 4 4 5 6 6 4 4 0 2 5 4 4 4 4 5 6 6 4 4 0
Last Time Cost: 00000004 ms
Total Time Cost: 00000116 ms
Total Distance 185: 0 4 4 4 4 4 5 5 6 4 4 0 0 5 4 4 4 4 5 6 6 4 4 0 2 5 4 4 4 4 5 6 6 4 4 0 1 5 4 4 4 4 5 6 6 4 4 0
Last Time Cost: 00000003 ms
Total Time Cost: 00000119 ms
Total Distance 184: 0 4 4 4 4 4 5 5 6 4 4 0 0 5 4 4 4 4 5 6 6 4 4 0 2 5 4 4 4 4 5 6 6 4 4 0 0 5 4 4 4 4 5 6 6 4 4 0
Last Time Cost: 00000004 ms
Total Time Cost: 00000123 ms
Total Distance 181: 0 4 4 4 4 4 5 5 6 4 4 0 0 5 4 4 4 4 5 6 6 4 4 0 1 4 4 4 4 4 5 5 6 4 4 0 0 5 4 4 4 4 5 6 6 4 4 0
Last Time Cost: 00000003 ms
Total Time Cost: 00000126 ms
Total Distance 180: 0 4 4 4 4 4 5 5 6 4 4 0 0 5 4 4 4 4 5 6 6 4 4 0 0 4 4 4 4 4 5 5 6 4 4 0 0 5 4 4 4 4 5 6 6 4 4 0
Last Time Cost: 00000005 ms
Total Time Cost: 00000131 ms
Total Distance 177: 0 4 4 4 4 4 5 5 6 4 3 0 0 5 4 4 4 4 5 6 6 3 4 0 0 4 4 4 4 4 5 5 6 4 3 0 0 5 4 4 4 4 5 6 6 4 4 0
Last Time Cost: 00000005 ms
Total Time Cost: 00000136 ms
Total Distance 175: 0 4 4 4 4 4 5 5 6 4 2 0 0 5 4 4 4 4 5 6 6 3 4 0 0 4 4 4 4 4 5 5 6 4 2 0 0 5 4 4 4 4 5 6 6 4 4 0
Last Time Cost: 00000004 ms
Total Time Cost: 00000140 ms
Total Distance 173: 0 4 4 4 4 4 5 5 6 4 2 0 0 5 4 4 4 4 5 6 6 3 4 0 0 4 4 4 4 4 5 5 6 4 1 0 0 5 4 4 4 4 5 6 6 4 3 0
Last Time Cost: 00000003 ms
Total Time Cost: 00000143 ms
Total Distance 172: 0 4 4 4 4 4 5 5 6 4 2 0 0 5 4 4 4 4 5 6 6 3 4 0 0 4 4 4 4 4 5 5 6 4 0 0 0 5 4 4 4 4 5 6 6 4 3 0
Last Time Cost: 00000004 ms
Total Time Cost: 00000147 ms
Total Distance 171: 0 4 4 4 4 4 5 5 6 4 1 0 0 5 4 4 4 4 5 6 6 3 4 0 0 4 4 4 4 4 5 5 6 4 0 0 0 5 4 4 4 4 5 6 6 4 3 0
Last Time Cost: 00000003 ms
Total Time Cost: 00000150 ms
Total Distance 170: 0 4 4 4 4 4 5 5 6 4 0 0 0 5 4 4 4 4 5 6 6 3 4 0 0 4 4 4 4 4 5 5 6 4 0 0 0 5 4 4 4 4 5 6 6 4 3 0
Last Time Cost: 00000005 ms
Total Time Cost: 00000155 ms
Total Distance 167: 0 4 4 4 4 4 5 5 6 3 0 0 0 5 4 4 4 4 5 6 6 3 3 0 0 4 4 4 4 4 5 5 6 4 0 0 0 5 4 4 4 4 5 6 6 4 2 0
Last Time Cost: 00000005 ms
Total Time Cost: 00000160 ms
Total Distance 165: 0 4 4 4 4 4 5 5 6 3 0 0 0 5 4 4 4 4 5 6 6 3 2 0 0 4 4 4 4 4 5 5 6 4 0 0 0 5 4 4 4 4 5 6 6 4 1 0
Last Time Cost: 00000004 ms
Total Time Cost: 00000164 ms
Total Distance 164: 0 4 4 4 4 4 5 5 6 3 0 0 0 5 4 4 4 4 5 6 6 3 2 0 0 4 4 4 4 4 5 5 6 4 0 0 0 5 4 4 4 4 5 6 6 4 0 0
Last Time Cost: 00000005 ms
Total Time Cost: 00000169 ms
Total Distance 163: 0 4 4 4 4 4 5 5 6 3 0 0 0 5 4 4 4 4 5 6 6 3 1 0 0 4 4 4 4 4 5 5 6 4 0 0 0 5 4 4 4 4 5 6 6 4 0 0
Last Time Cost: 00000004 ms
Total Time Cost: 00000173 ms
Total Distance 162: 0 4 4 4 4 4 5 5 6 3 0 0 0 5 4 4 4 4 5 6 6 3 0 0 0 4 4 4 4 4 5 5 6 4 0 0 0 5 4 4 4 4 5 6 6 4 0 0
Last Time Cost: 00000006 ms
Total Time Cost: 00000179 ms
Total Distance 160: 0 4 4 4 4 4 5 5 6 3 0 0 0 5 4 4 4 4 5 6 6 2 0 0 0 4 4 4 4 4 5 5 6 4 0 0 0 5 4 4 4 4 5 6 6 3 0 0
Last Time Cost: 00000006 ms
Total Time Cost: 00000185 ms
Total Distance 159: 0 4 4 4 4 4 5 5 6 3 0 0 0 5 4 4 4 4 5 6 6 1 0 0 0 4 4 4 4 4 5 5 6 4 0 0 0 5 4 4 4 4 5 6 6 3 0 0
Last Time Cost: 00000004 ms
Total Time Cost: 00000189 ms
Total Distance 158: 0 4 4 4 4 4 5 5 6 3 0 0 0 5 4 4 4 4 5 6 6 0 0 0 0 4 4 4 4 4 5 5 6 4 0 0 0 5 4 4 4 4 5 6 6 3 0 0
Last Time Cost: 00000006 ms
Total Time Cost: 00000195 ms
Total Distance 156: 0 4 4 4 4 4 5 5 6 3 0 0 0 5 4 4 4 4 5 6 6 0 0 0 0 4 4 4 4 4 5 5 6 3 0 0 0 5 4 4 4 4 5 6 6 2 0 0
Last Time Cost: 00000006 ms
Total Time Cost: 00000201 ms
Total Distance 155: 0 4 4 4 4 4 5 5 6 3 0 0 0 5 4 4 4 4 5 6 6 0 0 0 0 4 4 4 4 4 5 5 6 3 0 0 0 5 4 4 4 4 5 6 6 1 0 0
Last Time Cost: 00000005 ms
Total Time Cost: 00000206 ms
Total Distance 154: 0 4 4 4 4 4 5 5 6 3 0 0 0 5 4 4 4 4 5 6 6 0 0 0 0 4 4 4 4 4 5 5 6 3 0 0 0 5 4 4 4 4 5 6 6 0 0 0
Last Time Cost: 00000006 ms
Total Time Cost: 00000212 ms
Total Distance 152: 0 4 4 4 4 4 5 5 6 2 0 0 0 5 4 4 4 4 5 6 6 0 0 0 0 4 4 4 4 4 5 5 6 2 0 0 0 5 4 4 4 4 5 6 6 0 0 0
Last Time Cost: 00000007 ms
Total Time Cost: 00000219 ms
Total Distance 151: 0 4 4 4 4 4 5 5 6 2 0 0 0 5 4 4 4 4 5 6 6 0 0 0 0 4 4 4 4 4 5 5 6 1 0 0 0 5 4 4 4 4 5 6 6 0 0 0
Last Time Cost: 00000005 ms
Total Time Cost: 00000224 ms
Total Distance 150: 0 4 4 4 4 4 5 5 6 2 0 0 0 5 4 4 4 4 5 6 6 0 0 0 0 4 4 4 4 4 5 5 6 0 0 0 0 5 4 4 4 4 5 6 6 0 0 0
Last Time Cost: 00000008 ms
Total Time Cost: 00000232 ms
Total Distance 149: 0 4 4 4 4 4 5 5 6 1 0 0 0 5 4 4 4 4 5 6 6 0 0 0 0 4 4 4 4 4 5 5 6 0 0 0 0 5 4 4 4 4 5 6 6 0 0 0
Last Time Cost: 00000007 ms
Total Time Cost: 00000239 ms
Total Distance 148: 0 4 4 4 4 4 5 5 6 0 0 0 0 5 4 4 4 4 5 6 6 0 0 0 0 4 4 4 4 4 5 5 6 0 0 0 0 5 4 4 4 4 5 6 6 0 0 0
Last Time Cost: 00000011 ms
Total Time Cost: 00000250 ms
Total Distance 146: 0 4 4 4 4 4 5 5 6 0 0 0 0 5 4 3 4 4 5 6 6 0 0 0 0 4 4 4 4 4 5 5 6 0 0 0 0 5 4 3 4 4 5 6 6 0 0 0
Last Time Cost: 00000009 ms
Total Time Cost: 00000259 ms
Total Distance 144: 0 4 4 4 4 4 5 5 6 0 0 0 0 5 4 3 4 4 5 6 6 0 0 0 0 4 4 3 4 4 5 5 6 0 0 0 0 5 4 2 4 4 5 6 6 0 0 0
Last Time Cost: 00000009 ms
Total Time Cost: 00000268 ms
Total Distance 143: 0 4 4 4 4 4 5 5 6 0 0 0 0 5 4 3 4 4 5 6 6 0 0 0 0 4 4 3 4 4 5 5 6 0 0 0 0 5 4 1 4 4 5 6 6 0 0 0
Last Time Cost: 00000009 ms
Total Time Cost: 00000277 ms
Total Distance 142: 0 4 4 4 4 4 5 5 6 0 0 0 0 5 4 3 4 4 5 6 6 0 0 0 0 4 4 3 4 4 5 5 6 0 0 0 0 5 4 0 4 4 5 6 6 0 0 0
Last Time Cost: 00000010 ms
Total Time Cost: 00000287 ms
Total Distance 140: 0 4 4 3 4 4 5 5 6 0 0 0 0 5 4 2 4 4 5 6 6 0 0 0 0 4 4 3 4 4 5 5 6 0 0 0 0 5 4 0 4 4 5 6 6 0 0 0
Last Time Cost: 00000009 ms
Total Time Cost: 00000296 ms
Total Distance 139: 0 4 4 3 4 4 5 5 6 0 0 0 0 5 4 1 4 4 5 6 6 0 0 0 0 4 4 3 4 4 5 5 6 0 0 0 0 5 4 0 4 4 5 6 6 0 0 0
Last Time Cost: 00000007 ms
Total Time Cost: 00000303 ms
Total Distance 138: 0 4 4 3 4 4 5 5 6 0 0 0 0 5 4 0 4 4 5 6 6 0 0 0 0 4 4 3 4 4 5 5 6 0 0 0 0 5 4 0 4 4 5 6 6 0 0 0
Last Time Cost: 00000008 ms
Total Time Cost: 00000311 ms
Total Distance 136: 0 4 4 2 4 4 5 5 6 0 0 0 0 5 4 0 4 4 5 6 6 0 0 0 0 4 4 2 4 4 5 5 6 0 0 0 0 5 4 0 4 4 5 6 6 0 0 0
Last Time Cost: 00000010 ms
Total Time Cost: 00000321 ms
Total Distance 135: 0 4 4 2 4 4 5 5 6 0 0 0 0 5 4 0 4 4 5 6 6 0 0 0 0 4 4 1 4 4 5 5 6 0 0 0 0 5 4 0 4 4 5 6 6 0 0 0
Last Time Cost: 00000008 ms
Total Time Cost: 00000329 ms
Total Distance 134: 0 4 4 2 4 4 5 5 6 0 0 0 0 5 4 0 4 4 5 6 6 0 0 0 0 4 4 0 4 4 5 5 6 0 0 0 0 5 4 0 4 4 5 6 6 0 0 0
Last Time Cost: 00000009 ms
Total Time Cost: 00000338 ms
Total Distance 133: 0 4 4 1 4 4 5 5 6 0 0 0 0 5 4 0 4 4 5 6 6 0 0 0 0 4 4 0 4 4 5 5 6 0 0 0 0 5 4 0 4 4 5 6 6 0 0 0
Last Time Cost: 00000009 ms
Total Time Cost: 00000347 ms
Total Distance 132: 0 4 4 0 4 4 5 5 6 0 0 0 0 5 4 0 4 4 5 6 6 0 0 0 0 4 4 0 4 4 5 5 6 0 0 0 0 5 4 0 4 4 5 6 6 0 0 0
Last Time Cost: 00000012 ms
Total Time Cost: 00000359 ms
Total Distance 129: 0 4 4 0 4 4 5 5 6 0 0 0 0 5 4 0 4 3 5 6 6 0 0 0 0 4 4 0 3 4 5 5 6 0 0 0 0 5 4 0 3 4 5 6 6 0 0 0
Last Time Cost: 00000012 ms
Total Time Cost: 00000371 ms
Total Distance 127: 0 4 4 0 4 4 5 5 6 0 0 0 0 5 4 0 4 3 5 6 6 0 0 0 0 4 4 0 2 4 5 5 6 0 0 0 0 5 4 0 2 4 5 6 6 0 0 0
Last Time Cost: 00000011 ms
Total Time Cost: 00000382 ms
Total Distance 125: 0 4 4 0 3 4 5 5 6 0 0 0 0 5 4 0 4 3 5 6 6 0 0 0 0 4 4 0 1 4 5 5 6 0 0 0 0 5 4 0 2 4 5 6 6 0 0 0
Last Time Cost: 00000010 ms
Total Time Cost: 00000392 ms
Total Distance 124: 0 4 4 0 3 4 5 5 6 0 0 0 0 5 4 0 4 3 5 6 6 0 0 0 0 4 4 0 0 4 5 5 6 0 0 0 0 5 4 0 2 4 5 6 6 0 0 0
Last Time Cost: 00000011 ms
Total Time Cost: 00000403 ms
Total Distance 123: 0 4 4 0 3 4 5 5 6 0 0 0 0 5 4 0 4 3 5 6 6 0 0 0 0 4 4 0 0 4 5 5 6 0 0 0 0 5 4 0 1 4 5 6 6 0 0 0
Last Time Cost: 00000010 ms
Total Time Cost: 00000413 ms
Total Distance 122: 0 4 4 0 3 4 5 5 6 0 0 0 0 5 4 0 4 3 5 6 6 0 0 0 0 4 4 0 0 4 5 5 6 0 0 0 0 5 4 0 0 4 5 6 6 0 0 0
Last Time Cost: 00000012 ms
Total Time Cost: 00000425 ms
Total Distance 120: 0 4 4 0 2 4 5 5 6 0 0 0 0 5 4 0 3 3 5 6 6 0 0 0 0 4 4 0 0 4 5 5 6 0 0 0 0 5 4 0 0 4 5 6 6 0 0 0
Last Time Cost: 00000012 ms
Total Time Cost: 00000437 ms
Total Distance 119: 0 4 4 0 1 4 5 5 6 0 0 0 0 5 4 0 3 3 5 6 6 0 0 0 0 4 4 0 0 4 5 5 6 0 0 0 0 5 4 0 0 4 5 6 6 0 0 0
Last Time Cost: 00000012 ms
Total Time Cost: 00000449 ms
Total Distance 118: 0 4 4 0 0 4 5 5 6 0 0 0 0 5 4 0 3 3 5 6 6 0 0 0 0 4 4 0 0 4 5 5 6 0 0 0 0 5 4 0 0 4 5 6 6 0 0 0
Last Time Cost: 00000014 ms
Total Time Cost: 00000463 ms
Total Distance 116: 0 4 4 0 0 3 5 5 6 0 0 0 0 5 4 0 3 2 5 6 6 0 0 0 0 4 4 0 0 4 5 5 6 0 0 0 0 5 4 0 0 4 5 6 6 0 0 0
Last Time Cost: 00000014 ms
Total Time Cost: 00000477 ms
Total Distance 115: 0 4 4 0 0 3 5 5 6 0 0 0 0 5 4 0 3 1 5 6 6 0 0 0 0 4 4 0 0 4 5 5 6 0 0 0 0 5 4 0 0 4 5 6 6 0 0 0
Last Time Cost: 00000013 ms
Total Time Cost: 00000490 ms
Total Distance 114: 0 4 4 0 0 3 5 5 6 0 0 0 0 5 4 0 3 0 5 6 6 0 0 0 0 4 4 0 0 4 5 5 6 0 0 0 0 5 4 0 0 4 5 6 6 0 0 0
Last Time Cost: 00000015 ms
Total Time Cost: 00000505 ms
Total Distance 112: 0 4 4 0 0 2 5 5 6 0 0 0 0 5 4 0 3 0 5 6 6 0 0 0 0 4 4 0 0 3 5 5 6 0 0 0 0 5 4 0 0 4 5 6 6 0 0 0
Last Time Cost: 00000014 ms
Total Time Cost: 00000519 ms
Total Distance 111: 0 4 4 0 0 1 5 5 6 0 0 0 0 5 4 0 3 0 5 6 6 0 0 0 0 4 4 0 0 3 5 5 6 0 0 0 0 5 4 0 0 4 5 6 6 0 0 0
Last Time Cost: 00000012 ms
Total Time Cost: 00000531 ms
Total Distance 110: 0 4 4 0 0 0 5 5 6 0 0 0 0 5 4 0 3 0 5 6 6 0 0 0 0 4 4 0 0 3 5 5 6 0 0 0 0 5 4 0 0 4 5 6 6 0 0 0
Last Time Cost: 00000016 ms
Total Time Cost: 00000547 ms
Total Distance 108: 0 4 4 0 0 0 5 5 6 0 0 0 0 5 4 0 3 0 5 6 6 0 0 0 0 4 4 0 0 2 5 5 6 0 0 0 0 5 4 0 0 3 5 6 6 0 0 0
Last Time Cost: 00000016 ms
Total Time Cost: 00000563 ms
Total Distance 107: 0 4 4 0 0 0 5 5 6 0 0 0 0 5 4 0 3 0 5 6 6 0 0 0 0 4 4 0 0 1 5 5 6 0 0 0 0 5 4 0 0 3 5 6 6 0 0 0
Last Time Cost: 00000014 ms
Total Time Cost: 00000577 ms
Total Distance 106: 0 4 4 0 0 0 5 5 6 0 0 0 0 5 4 0 3 0 5 6 6 0 0 0 0 4 4 0 0 0 5 5 6 0 0 0 0 5 4 0 0 3 5 6 6 0 0 0
Last Time Cost: 00000017 ms
Total Time Cost: 00000594 ms
Total Distance 104: 0 4 4 0 0 0 5 5 6 0 0 0 0 5 4 0 2 0 5 6 6 0 0 0 0 4 4 0 0 0 5 5 6 0 0 0 0 5 4 0 0 2 5 6 6 0 0 0
Last Time Cost: 00000018 ms
Total Time Cost: 00000612 ms
Total Distance 103: 0 4 4 0 0 0 5 5 6 0 0 0 0 5 4 0 1 0 5 6 6 0 0 0 0 4 4 0 0 0 5 5 6 0 0 0 0 5 4 0 0 2 5 6 6 0 0 0
Last Time Cost: 00000015 ms
Total Time Cost: 00000627 ms
Total Distance 102: 0 4 4 0 0 0 5 5 6 0 0 0 0 5 4 0 0 0 5 6 6 0 0 0 0 4 4 0 0 0 5 5 6 0 0 0 0 5 4 0 0 2 5 6 6 0 0 0
Last Time Cost: 00000016 ms
Total Time Cost: 00000643 ms
Total Distance 101: 0 4 4 0 0 0 5 5 6 0 0 0 0 5 4 0 0 0 5 6 6 0 0 0 0 4 4 0 0 0 5 5 6 0 0 0 0 5 4 0 0 1 5 6 6 0 0 0
Last Time Cost: 00000016 ms
Total Time Cost: 00000659 ms
Total Distance 100: 0 4 4 0 0 0 5 5 6 0 0 0 0 5 4 0 0 0 5 6 6 0 0 0 0 4 4 0 0 0 5 5 6 0 0 0 0 5 4 0 0 0 5 6 6 0 0 0
Last Time Cost: 00000019 ms
Total Time Cost: 00000678 ms
Total Distance 97: 0 4 3 0 0 0 5 5 6 0 0 0 0 5 4 0 0 0 5 6 6 0 0 0 0 4 3 0 0 0 5 5 6 0 0 0 0 4 4 0 0 0 5 6 6 0 0 0
Last Time Cost: 00000019 ms
Total Time Cost: 00000697 ms
Total Distance 95: 0 4 2 0 0 0 5 5 6 0 0 0 0 5 4 0 0 0 5 6 6 0 0 0 0 4 2 0 0 0 5 5 6 0 0 0 0 4 4 0 0 0 5 6 6 0 0 0
Last Time Cost: 00000019 ms
Total Time Cost: 00000716 ms
Total Distance 93: 0 4 1 0 0 0 5 5 6 0 0 0 0 5 3 0 0 0 5 6 6 0 0 0 0 4 2 0 0 0 5 5 6 0 0 0 0 4 4 0 0 0 5 6 6 0 0 0
Last Time Cost: 00000018 ms
Total Time Cost: 00000734 ms
Total Distance 92: 0 4 0 0 0 0 5 5 6 0 0 0 0 5 3 0 0 0 5 6 6 0 0 0 0 4 2 0 0 0 5 5 6 0 0 0 0 4 4 0 0 0 5 6 6 0 0 0
Last Time Cost: 00000020 ms
Total Time Cost: 00000754 ms
Total Distance 91: 0 4 0 0 0 0 5 5 6 0 0 0 0 5 3 0 0 0 5 6 6 0 0 0 0 4 1 0 0 0 5 5 6 0 0 0 0 4 4 0 0 0 5 6 6 0 0 0
Last Time Cost: 00000017 ms
Total Time Cost: 00000771 ms
Total Distance 90: 0 4 0 0 0 0 5 5 6 0 0 0 0 5 3 0 0 0 5 6 6 0 0 0 0 4 0 0 0 0 5 5 6 0 0 0 0 4 4 0 0 0 5 6 6 0 0 0
Last Time Cost: 00000020 ms
Total Time Cost: 00000791 ms
Total Distance 88: 0 4 0 0 0 0 5 5 6 0 0 0 0 5 2 0 0 0 5 6 6 0 0 0 0 4 0 0 0 0 5 5 6 0 0 0 0 4 3 0 0 0 5 6 6 0 0 0
Last Time Cost: 00000022 ms
Total Time Cost: 00000813 ms
Total Distance 87: 0 4 0 0 0 0 5 5 6 0 0 0 0 5 1 0 0 0 5 6 6 0 0 0 0 4 0 0 0 0 5 5 6 0 0 0 0 4 3 0 0 0 5 6 6 0 0 0
Last Time Cost: 00000020 ms
Total Time Cost: 00000833 ms
Total Distance 86: 0 4 0 0 0 0 5 5 6 0 0 0 0 5 0 0 0 0 5 6 6 0 0 0 0 4 0 0 0 0 5 5 6 0 0 0 0 4 3 0 0 0 5 6 6 0 0 0
Last Time Cost: 00000022 ms
Total Time Cost: 00000855 ms
Total Distance 85: 0 4 0 0 0 0 5 5 6 0 0 0 0 5 0 0 0 0 5 6 6 0 0 0 0 4 0 0 0 0 5 5 6 0 0 0 0 4 2 0 0 0 5 6 6 0 0 0
Last Time Cost: 00000021 ms
Total Time Cost: 00000876 ms
Total Distance 84: 0 4 0 0 0 0 5 5 6 0 0 0 0 5 0 0 0 0 5 6 6 0 0 0 0 4 0 0 0 0 5 5 6 0 0 0 0 4 1 0 0 0 5 6 6 0 0 0
Last Time Cost: 00000020 ms
Total Time Cost: 00000896 ms
Total Distance 83: 0 4 0 0 0 0 5 5 6 0 0 0 0 5 0 0 0 0 5 6 6 0 0 0 0 4 0 0 0 0 5 5 6 0 0 0 0 4 0 0 0 0 5 6 6 0 0 0
Last Time Cost: 00000023 ms
Total Time Cost: 00000919 ms
Total Distance 80: 0 3 0 0 0 0 5 5 6 0 0 0 0 4 0 0 0 0 5 6 6 0 0 0 0 3 0 0 0 0 5 5 6 0 0 0 0 4 0 0 0 0 5 6 6 0 0 0
Last Time Cost: 00000023 ms
Total Time Cost: 00000942 ms
Total Distance 78: 0 2 0 0 0 0 5 5 6 0 0 0 0 4 0 0 0 0 5 6 6 0 0 0 0 2 0 0 0 0 5 5 6 0 0 0 0 4 0 0 0 0 5 6 6 0 0 0
Last Time Cost: 00000025 ms
Total Time Cost: 00000967 ms
Total Distance 76: 0 1 0 0 0 0 5 5 6 0 0 0 0 3 0 0 0 0 5 6 6 0 0 0 0 2 0 0 0 0 5 5 6 0 0 0 0 4 0 0 0 0 5 6 6 0 0 0
Last Time Cost: 00000023 ms
Total Time Cost: 00000990 ms
Total Distance 75: 0 0 0 0 0 0 5 5 6 0 0 0 0 3 0 0 0 0 5 6 6 0 0 0 0 2 0 0 0 0 5 5 6 0 0 0 0 4 0 0 0 0 5 6 6 0 0 0
Last Time Cost: 00000025 ms
Total Time Cost: 00001015 ms
Total Distance 74: 0 0 0 0 0 0 5 5 6 0 0 0 0 3 0 0 0 0 5 6 6 0 0 0 0 1 0 0 0 0 5 5 6 0 0 0 0 4 0 0 0 0 5 6 6 0 0 0
Last Time Cost: 00000025 ms
Total Time Cost: 00001040 ms
Total Distance 72: 0 0 0 0 0 0 5 5 6 0 0 0 0 3 0 0 0 0 5 6 6 0 0 0 0 0 0 0 0 0 5 5 6 0 0 0 0 3 0 0 0 0 5 6 6 0 0 0
Last Time Cost: 00000027 ms
Total Time Cost: 00001067 ms
Total Distance 71: 0 0 0 0 0 0 5 5 6 0 0 0 0 3 0 0 0 0 5 6 6 0 0 0 0 0 0 0 0 0 5 5 6 0 0 0 0 2 0 0 0 0 5 6 6 0 0 0
Last Time Cost: 00000026 ms
Total Time Cost: 00001093 ms
Total Distance 70: 0 0 0 0 0 0 5 5 6 0 0 0 0 3 0 0 0 0 5 6 6 0 0 0 0 0 0 0 0 0 5 5 6 0 0 0 0 1 0 0 0 0 5 6 6 0 0 0
Last Time Cost: 00000025 ms
Total Time Cost: 00001118 ms
Total Distance 69: 0 0 0 0 0 0 5 5 6 0 0 0 0 3 0 0 0 0 5 6 6 0 0 0 0 0 0 0 0 0 5 5 6 0 0 0 0 0 0 0 0 0 5 6 6 0 0 0
Last Time Cost: 00000027 ms
Total Time Cost: 00001145 ms
Total Distance 68: 0 0 0 0 0 0 5 5 6 0 0 0 0 2 0 0 0 0 5 6 6 0 0 0 0 0 0 0 0 0 5 5 6 0 0 0 0 0 0 0 0 0 5 6 6 0 0 0
Last Time Cost: 00000027 ms
Total Time Cost: 00001172 ms
Total Distance 67: 0 0 0 0 0 0 5 5 6 0 0 0 0 1 0 0 0 0 5 6 6 0 0 0 0 0 0 0 0 0 5 5 6 0 0 0 0 0 0 0 0 0 5 6 6 0 0 0
Last Time Cost: 00000026 ms
Total Time Cost: 00001198 ms
Total Distance 66: 0 0 0 0 0 0 5 5 6 0 0 0 0 0 0 0 0 0 5 6 6 0 0 0 0 0 0 0 0 0 5 5 6 0 0 0 0 0 0 0 0 0 5 6 6 0 0 0
Last Time Cost: 00000051 ms
Total Time Cost: 00001249 ms
Total Distance 61: 0 0 0 0 0 0 5 5 5 0 0 0 0 0 0 0 0 0 5 5 6 0 0 0 0 0 0 0 0 0 4 5 5 0 0 0 0 0 0 0 0 0 4 6 6 0 0 0
Last Time Cost: 00000029 ms
Total Time Cost: 00001278 ms
Total Distance 59: 0 0 0 0 0 0 5 5 5 0 0 0 0 0 0 0 0 0 5 5 6 0 0 0 0 0 0 0 0 0 3 5 5 0 0 0 0 0 0 0 0 0 3 6 6 0 0 0
Last Time Cost: 00000030 ms
Total Time Cost: 00001308 ms
Total Distance 57: 0 0 0 0 0 0 4 5 5 0 0 0 0 0 0 0 0 0 5 5 6 0 0 0 0 0 0 0 0 0 2 5 5 0 0 0 0 0 0 0 0 0 3 6 6 0 0 0
Last Time Cost: 00000030 ms
Total Time Cost: 00001338 ms
Total Distance 56: 0 0 0 0 0 0 4 5 5 0 0 0 0 0 0 0 0 0 5 5 6 0 0 0 0 0 0 0 0 0 1 5 5 0 0 0 0 0 0 0 0 0 3 6 6 0 0 0
Last Time Cost: 00000030 ms
Total Time Cost: 00001368 ms
Total Distance 55: 0 0 0 0 0 0 4 5 5 0 0 0 0 0 0 0 0 0 5 5 6 0 0 0 0 0 0 0 0 0 0 5 5 0 0 0 0 0 0 0 0 0 3 6 6 0 0 0
Last Time Cost: 00000032 ms
Total Time Cost: 00001400 ms
Total Distance 53: 0 0 0 0 0 0 4 5 5 0 0 0 0 0 0 0 0 0 4 5 6 0 0 0 0 0 0 0 0 0 0 5 5 0 0 0 0 0 0 0 0 0 2 6 6 0 0 0
Last Time Cost: 00000032 ms
Total Time Cost: 00001432 ms
Total Distance 52: 0 0 0 0 0 0 4 5 5 0 0 0 0 0 0 0 0 0 4 5 6 0 0 0 0 0 0 0 0 0 0 5 5 0 0 0 0 0 0 0 0 0 1 6 6 0 0 0
Last Time Cost: 00000030 ms
Total Time Cost: 00001462 ms
Total Distance 51: 0 0 0 0 0 0 4 5 5 0 0 0 0 0 0 0 0 0 4 5 6 0 0 0 0 0 0 0 0 0 0 5 5 0 0 0 0 0 0 0 0 0 0 6 6 0 0 0
Last Time Cost: 00000032 ms
Total Time Cost: 00001494 ms
Total Distance 48: 0 0 0 0 0 0 3 5 5 0 0 0 0 0 0 0 0 0 3 5 6 0 0 0 0 0 0 0 0 0 0 5 5 0 0 0 0 0 0 0 0 0 0 5 6 0 0 0
Last Time Cost: 00000033 ms
Total Time Cost: 00001527 ms
Total Distance 46: 0 0 0 0 0 0 2 5 5 0 0 0 0 0 0 0 0 0 2 5 6 0 0 0 0 0 0 0 0 0 0 5 5 0 0 0 0 0 0 0 0 0 0 5 6 0 0 0
Last Time Cost: 00000033 ms
Total Time Cost: 00001560 ms
Total Distance 45: 0 0 0 0 0 0 1 5 5 0 0 0 0 0 0 0 0 0 2 5 6 0 0 0 0 0 0 0 0 0 0 5 5 0 0 0 0 0 0 0 0 0 0 5 6 0 0 0
Last Time Cost: 00000034 ms
Total Time Cost: 00001594 ms
Total Distance 44: 0 0 0 0 0 0 0 5 5 0 0 0 0 0 0 0 0 0 2 5 6 0 0 0 0 0 0 0 0 0 0 5 5 0 0 0 0 0 0 0 0 0 0 5 6 0 0 0
Last Time Cost: 00000037 ms
Total Time Cost: 00001631 ms
Total Distance 43: 0 0 0 0 0 0 0 5 5 0 0 0 0 0 0 0 0 0 1 5 6 0 0 0 0 0 0 0 0 0 0 5 5 0 0 0 0 0 0 0 0 0 0 5 6 0 0 0
Last Time Cost: 00000035 ms
Total Time Cost: 00001666 ms
Total Distance 42: 0 0 0 0 0 0 0 5 5 0 0 0 0 0 0 0 0 0 0 5 6 0 0 0 0 0 0 0 0 0 0 5 5 0 0 0 0 0 0 0 0 0 0 5 6 0 0 0
Last Time Cost: 00000070 ms
Total Time Cost: 00001736 ms
Total Distance 38: 0 0 0 0 0 0 0 4 5 0 0 0 0 0 0 0 0 0 0 4 5 0 0 0 0 0 0 0 0 0 0 5 5 0 0 0 0 0 0 0 0 0 0 5 5 0 0 0
Last Time Cost: 00000004 ms
Total Time Cost: 00001740 ms
Total Distance 36: 0 0 0 0 0 0 0 3 5 0 0 0 0 0 0 0 0 0 0 3 5 0 0 0 0 0 0 0 0 0 0 5 5 0 0 0 0 0 0 0 0 0 0 5 5 0 0 0
Last Time Cost: 00000003 ms
Total Time Cost: 00001743 ms
Total Distance 34: 0 0 0 0 0 0 0 2 5 0 0 0 0 0 0 0 0 0 0 3 5 0 0 0 0 0 0 0 0 0 0 4 5 0 0 0 0 0 0 0 0 0 0 5 5 0 0 0
Last Time Cost: 00000002 ms
Total Time Cost: 00001745 ms
Total Distance 33: 0 0 0 0 0 0 0 1 5 0 0 0 0 0 0 0 0 0 0 3 5 0 0 0 0 0 0 0 0 0 0 4 5 0 0 0 0 0 0 0 0 0 0 5 5 0 0 0
Last Time Cost: 00000001 ms
Total Time Cost: 00001746 ms
Total Distance 32: 0 0 0 0 0 0 0 0 5 0 0 0 0 0 0 0 0 0 0 3 5 0 0 0 0 0 0 0 0 0 0 4 5 0 0 0 0 0 0 0 0 0 0 5 5 0 0 0
Last Time Cost: 00000002 ms
Total Time Cost: 00001748 ms
Total Distance 30: 0 0 0 0 0 0 0 0 5 0 0 0 0 0 0 0 0 0 0 2 5 0 0 0 0 0 0 0 0 0 0 4 5 0 0 0 0 0 0 0 0 0 0 4 5 0 0 0
Last Time Cost: 00000002 ms
Total Time Cost: 00001750 ms
Total Distance 29: 0 0 0 0 0 0 0 0 5 0 0 0 0 0 0 0 0 0 0 1 5 0 0 0 0 0 0 0 0 0 0 4 5 0 0 0 0 0 0 0 0 0 0 4 5 0 0 0
Last Time Cost: 00000001 ms
Total Time Cost: 00001751 ms
Total Distance 28: 0 0 0 0 0 0 0 0 5 0 0 0 0 0 0 0 0 0 0 0 5 0 0 0 0 0 0 0 0 0 0 4 5 0 0 0 0 0 0 0 0 0 0 4 5 0 0 0
Last Time Cost: 00000002 ms
Total Time Cost: 00001753 ms
Total Distance 26: 0 0 0 0 0 0 0 0 5 0 0 0 0 0 0 0 0 0 0 0 5 0 0 0 0 0 0 0 0 0 0 3 5 0 0 0 0 0 0 0 0 0 0 3 5 0 0 0
Last Time Cost: 00000003 ms
Total Time Cost: 00001756 ms
Total Distance 25: 0 0 0 0 0 0 0 0 5 0 0 0 0 0 0 0 0 0 0 0 5 0 0 0 0 0 0 0 0 0 0 3 5 0 0 0 0 0 0 0 0 0 0 2 5 0 0 0
Last Time Cost: 00000003 ms
Total Time Cost: 00001759 ms
Total Distance 24: 0 0 0 0 0 0 0 0 5 0 0 0 0 0 0 0 0 0 0 0 5 0 0 0 0 0 0 0 0 0 0 3 5 0 0 0 0 0 0 0 0 0 0 1 5 0 0 0
Last Time Cost: 00000001 ms
Total Time Cost: 00001760 ms
Total Distance 23: 0 0 0 0 0 0 0 0 5 0 0 0 0 0 0 0 0 0 0 0 5 0 0 0 0 0 0 0 0 0 0 3 5 0 0 0 0 0 0 0 0 0 0 0 5 0 0 0
Last Time Cost: 00000003 ms
Total Time Cost: 00001763 ms
Total Distance 22: 0 0 0 0 0 0 0 0 5 0 0 0 0 0 0 0 0 0 0 0 5 0 0 0 0 0 0 0 0 0 0 2 5 0 0 0 0 0 0 0 0 0 0 0 5 0 0 0
Last Time Cost: 00000003 ms
Total Time Cost: 00001766 ms
Total Distance 21: 0 0 0 0 0 0 0 0 5 0 0 0 0 0 0 0 0 0 0 0 5 0 0 0 0 0 0 0 0 0 0 1 5 0 0 0 0 0 0 0 0 0 0 0 5 0 0 0
Last Time Cost: 00000001 ms
Total Time Cost: 00001767 ms
Total Distance 20: 0 0 0 0 0 0 0 0 5 0 0 0 0 0 0 0 0 0 0 0 5 0 0 0 0 0 0 0 0 0 0 0 5 0 0 0 0 0 0 0 0 0 0 0 5 0 0 0
Last Time Cost: 00000033 ms
Total Time Cost: 00001800 ms
Total Distance 18: 0 0 0 0 0 0 0 0 5 0 0 0 0 0 0 0 0 0 0 0 4 0 0 0 0 0 0 0 0 0 0 0 5 0 0 0 0 0 0 0 0 0 0 0 4 0 0 0
Last Time Cost: 00000002 ms
Total Time Cost: 00001802 ms
Total Distance 16: 0 0 0 0 0 0 0 0 5 0 0 0 0 0 0 0 0 0 0 0 3 0 0 0 0 0 0 0 0 0 0 0 5 0 0 0 0 0 0 0 0 0 0 0 3 0 0 0
Last Time Cost: 00000002 ms
Total Time Cost: 00001804 ms
Total Distance 14: 0 0 0 0 0 0 0 0 5 0 0 0 0 0 0 0 0 0 0 0 3 0 0 0 0 0 0 0 0 0 0 0 4 0 0 0 0 0 0 0 0 0 0 0 2 0 0 0
Last Time Cost: 00000002 ms
Total Time Cost: 00001806 ms
Total Distance 12: 0 0 0 0 0 0 0 0 5 0 0 0 0 0 0 0 0 0 0 0 3 0 0 0 0 0 0 0 0 0 0 0 3 0 0 0 0 0 0 0 0 0 0 0 1 0 0 0
Last Time Cost: 00000001 ms
Total Time Cost: 00001807 ms
Total Distance 11: 0 0 0 0 0 0 0 0 5 0 0 0 0 0 0 0 0 0 0 0 3 0 0 0 0 0 0 0 0 0 0 0 3 0 0 0 0 0 0 0 0 0 0 0 0 0 0 0
Last Time Cost: 00000003 ms
Total Time Cost: 00001810 ms
Total Distance 9: 0 0 0 0 0 0 0 0 4 0 0 0 0 0 0 0 0 0 0 0 3 0 0 0 0 0 0 0 0 0 0 0 2 0 0 0 0 0 0 0 0 0 0 0 0 0 0 0
Last Time Cost: 00000002 ms
Total Time Cost: 00001812 ms
Total Distance 7: 0 0 0 0 0 0 0 0 3 0 0 0 0 0 0 0 0 0 0 0 3 0 0 0 0 0 0 0 0 0 0 0 1 0 0 0 0 0 0 0 0 0 0 0 0 0 0 0
Last Time Cost: 00000000 ms
Total Time Cost: 00001812 ms
Total Distance 6: 0 0 0 0 0 0 0 0 3 0 0 0 0 0 0 0 0 0 0 0 3 0 0 0 0 0 0 0 0 0 0 0 0 0 0 0 0 0 0 0 0 0 0 0 0 0 0 0
Last Time Cost: 00000001 ms
Total Time Cost: 00001813 ms
Total Distance 5: 0 0 0 0 0 0 0 0 2 0 0 0 0 0 0 0 0 0 0 0 3 0 0 0 0 0 0 0 0 0 0 0 0 0 0 0 0 0 0 0 0 0 0 0 0 0 0 0
Last Time Cost: 00000001 ms
Total Time Cost: 00001814 ms
Total Distance 4: 0 0 0 0 0 0 0 0 1 0 0 0 0 0 0 0 0 0 0 0 3 0 0 0 0 0 0 0 0 0 0 0 0 0 0 0 0 0 0 0 0 0 0 0 0 0 0 0
Last Time Cost: 00000000 ms
Total Time Cost: 00001814 ms
Total Distance 3: 0 0 0 0 0 0 0 0 0 0 0 0 0 0 0 0 0 0 0 0 3 0 0 0 0 0 0 0 0 0 0 0 0 0 0 0 0 0 0 0 0 0 0 0 0 0 0 0
Last Time Cost: 00000001 ms
Total Time Cost: 00001815 ms
Total Distance 2: 0 0 0 0 0 0 0 0 0 0 0 0 0 0 0 0 0 0 0 0 2 0 0 0 0 0 0 0 0 0 0 0 0 0 0 0 0 0 0 0 0 0 0 0 0 0 0 0
Last Time Cost: 00000001 ms
Total Time Cost: 00001816 ms
Total Distance 1: 0 0 0 0 0 0 0 0 0 0 0 0 0 0 0 0 0 0 0 0 1 0 0 0 0 0 0 0 0 0 0 0 0 0 0 0 0 0 0 0 0 0 0 0 0 0 0 0
Last Time Cost: 00000000 ms
Total Time Cost: 00001816 ms
Total Distance 0: 0 0 0 0 0 0 0 0 0 0 0 0 0 0 0 0 0 0 0 0 0 0 0 0 0 0 0 0 0 0 0 0 0 0 0 0 0 0 0 0 0 0 0 0 0 0 0 0
