Last Time Cost: 00000000 ms
Total Time Cost: 00000000 ms
Total Distance 208: 6 6 6 6 4 4 6 6 4 4 6 6 6 6 4 4 6 6 4 4 6 6 6 6 4 4 6 6 4 4 6 6 6 6 4 4 6 6 4 4
Last Time Cost: 00000003 ms
Total Time Cost: 00000003 ms
Total Distance 200: 6 6 6 6 4 4 6 6 4 4 6 6 6 6 4 4 6 6 4 4 5 6 5 6 4 4 5 6 4 3 5 6 5 6 4 4 5 6 4 3
Last Time Cost: 00000001 ms
Total Time Cost: 00000004 ms
Total Distance 197: 6 6 6 6 4 4 6 6 4 4 6 6 6 6 4 4 6 6 3 4 5 6 5 6 4 4 5 6 4 2 5 6 5 6 4 4 5 5 4 3
Last Time Cost: 00000002 ms
Total Time Cost: 00000006 ms
Total Distance 196: 6 6 6 6 4 4 6 6 4 4 6 6 6 6 4 4 6 6 3 4 5 6 5 6 4 4 5 6 4 1 5 6 5 6 4 4 5 5 4 3
Last Time Cost: 00000001 ms
Total Time Cost: 00000007 ms
Total Distance 195: 6 6 6 6 4 4 6 6 4 4 6 6 6 6 4 4 6 6 3 4 5 6 5 6 4 4 5 6 4 0 5 6 5 6 4 4 5 5 4 3
Last Time Cost: 00000002 ms
Total Time Cost: 00000009 ms
Total Distance 192: 6 6 6 6 4 4 6 6 3 4 6 6 6 6 4 4 6 6 3 4 5 6 5 6 4 4 5 5 4 0 5 6 5 6 4 4 5 5 4 2
Last Time Cost: 00000002 ms
Total Time Cost: 00000011 ms
Total Distance 191: 6 6 6 6 4 4 6 6 3 4 6 6 6 6 4 4 6 6 3 4 5 6 5 6 4 4 5 5 4 0 5 6 5 6 4 4 5 5 4 1
Last Time Cost: 00000001 ms
Total Time Cost: 00000012 ms
Total Distance 190: 6 6 6 6 4 4 6 6 3 4 6 6 6 6 4 4 6 6 3 4 5 6 5 6 4 4 5 5 4 0 5 6 5 6 4 4 5 5 4 0
Last Time Cost: 00000001 ms
Total Time Cost: 00000013 ms
Total Distance 188: 6 6 6 6 4 4 6 6 2 4 6 6 6 6 4 4 6 6 3 4 5 6 5 6 4 4 5 5 3 0 5 6 5 6 4 4 5 5 4 0
Last Time Cost: 00000001 ms
Total Time Cost: 00000014 ms
Total Distance 187: 6 6 6 6 4 4 6 6 1 4 6 6 6 6 4 4 6 6 3 4 5 6 5 6 4 4 5 5 3 0 5 6 5 6 4 4 5 5 4 0
Last Time Cost: 00000002 ms
Total Time Cost: 00000016 ms
Total Distance 186: 6 6 6 6 4 4 6 6 0 4 6 6 6 6 4 4 6 6 3 4 5 6 5 6 4 4 5 5 3 0 5 6 5 6 4 4 5 5 4 0
Last Time Cost: 00000001 ms
Total Time Cost: 00000017 ms
Total Distance 183: 6 6 6 6 4 4 6 5 0 4 6 6 6 6 4 4 6 6 3 3 5 6 5 6 4 4 5 5 2 0 5 6 5 6 4 4 5 5 4 0
Last Time Cost: 00000002 ms
Total Time Cost: 00000019 ms
Total Distance 182: 6 6 6 6 4 4 6 5 0 4 6 6 6 6 4 4 6 6 3 3 5 6 5 6 4 4 5 5 1 0 5 6 5 6 4 4 5 5 4 0
Last Time Cost: 00000002 ms
Total Time Cost: 00000021 ms
Total Distance 181: 6 6 6 6 4 4 6 5 0 4 6 6 6 6 4 4 6 6 3 3 5 6 5 6 4 4 5 5 0 0 5 6 5 6 4 4 5 5 4 0
Last Time Cost: 00000002 ms
Total Time Cost: 00000023 ms
Total Distance 173: 5 6 5 6 4 4 5 5 0 3 5 6 5 6 4 4 5 6 3 2 5 6 5 6 4 4 5 5 0 0 5 6 5 6 4 4 5 5 4 0
Last Time Cost: 00000002 ms
Total Time Cost: 00000025 ms
Total Distance 171: 5 6 5 6 4 4 5 5 0 3 5 6 5 6 4 4 5 6 3 1 4 6 5 6 4 4 5 5 0 0 5 6 5 6 4 4 5 5 4 0
Last Time Cost: 00000002 ms
Total Time Cost: 00000027 ms
Total Distance 169: 4 6 5 6 4 4 5 5 0 3 5 6 5 6 4 4 5 6 3 0 4 6 5 6 4 4 5 5 0 0 5 6 5 6 4 4 5 5 4 0
Last Time Cost: 00000003 ms
Total Time Cost: 00000030 ms
Total Distance 161: 4 6 5 6 4 4 5 5 0 2 4 5 5 5 4 4 5 5 3 0 4 6 5 6 4 4 5 5 0 0 4 5 5 5 4 4 5 5 4 0
Last Time Cost: 00000003 ms
Total Time Cost: 00000033 ms
Total Distance 159: 4 6 5 6 4 4 5 5 0 1 3 5 5 5 4 4 5 5 3 0 4 6 5 6 4 4 5 5 0 0 4 5 5 5 4 4 5 5 4 0
Last Time Cost: 00000002 ms
Total Time Cost: 00000035 ms
Total Distance 158: 4 6 5 6 4 4 5 5 0 0 3 5 5 5 4 4 5 5 3 0 4 6 5 6 4 4 5 5 0 0 4 5 5 5 4 4 5 5 4 0
Last Time Cost: 00000002 ms
Total Time Cost: 00000037 ms
Total Distance 155: 3 6 5 6 4 4 5 5 0 0 2 5 5 5 4 4 5 5 3 0 4 5 5 6 4 4 5 5 0 0 4 5 5 5 4 4 5 5 4 0
Last Time Cost: 00000003 ms
Total Time Cost: 00000040 ms
Total Distance 153: 2 6 5 6 4 4 5 5 0 0 1 5 5 5 4 4 5 5 3 0 4 5 5 6 4 4 5 5 0 0 4 5 5 5 4 4 5 5 4 0
Last Time Cost: 00000002 ms
Total Time Cost: 00000042 ms
Total Distance 152: 2 6 5 6 4 4 5 5 0 0 0 5 5 5 4 4 5 5 3 0 4 5 5 6 4 4 5 5 0 0 4 5 5 5 4 4 5 5 4 0
Last Time Cost: 00000003 ms
Total Time Cost: 00000045 ms
Total Distance 149: 1 5 5 6 4 4 5 5 0 0 0 5 5 5 4 4 5 5 3 0 3 5 5 6 4 4 5 5 0 0 4 5 5 5 4 4 5 5 4 0
Last Time Cost: 00000003 ms
Total Time Cost: 00000048 ms
Total Distance 148: 0 5 5 6 4 4 5 5 0 0 0 5 5 5 4 4 5 5 3 0 3 5 5 6 4 4 5 5 0 0 4 5 5 5 4 4 5 5 4 0
Last Time Cost: 00000004 ms
Total Time Cost: 00000052 ms
Total Distance 145: 0 5 5 6 4 4 5 5 0 0 0 4 5 5 4 4 5 5 3 0 2 5 5 6 4 4 5 5 0 0 3 5 5 5 4 4 5 5 4 0
Last Time Cost: 00000003 ms
Total Time Cost: 00000055 ms
Total Distance 143: 0 5 5 6 4 4 5 5 0 0 0 4 5 5 4 4 5 5 3 0 1 5 5 6 4 4 5 5 0 0 2 5 5 5 4 4 5 5 4 0
Last Time Cost: 00000003 ms
Total Time Cost: 00000058 ms
Total Distance 142: 0 5 5 6 4 4 5 5 0 0 0 4 5 5 4 4 5 5 3 0 0 5 5 6 4 4 5 5 0 0 2 5 5 5 4 4 5 5 4 0
Last Time Cost: 00000003 ms
Total Time Cost: 00000061 ms
Total Distance 141: 0 5 5 6 4 4 5 5 0 0 0 4 5 5 4 4 5 5 3 0 0 5 5 6 4 4 5 5 0 0 1 5 5 5 4 4 5 5 4 0
Last Time Cost: 00000006 ms
Total Time Cost: 00000067 ms
Total Distance 140: 0 5 5 6 4 4 5 5 0 0 0 4 5 5 4 4 5 5 3 0 0 5 5 6 4 4 5 5 0 0 0 5 5 5 4 4 5 5 4 0
Last Time Cost: 00000003 ms
Total Time Cost: 00000070 ms
Total Distance 138: 0 5 5 6 4 4 5 5 0 0 0 4 5 5 4 4 5 5 2 0 0 5 5 6 4 4 5 5 0 0 0 5 5 5 4 4 5 5 3 0
Last Time Cost: 00000004 ms
Total Time Cost: 00000074 ms
Total Distance 137: 0 5 5 6 4 4 5 5 0 0 0 4 5 5 4 4 5 5 1 0 0 5 5 6 4 4 5 5 0 0 0 5 5 5 4 4 5 5 3 0
Last Time Cost: 00000003 ms
Total Time Cost: 00000077 ms
Total Distance 136: 0 5 5 6 4 4 5 5 0 0 0 4 5 5 4 4 5 5 0 0 0 5 5 6 4 4 5 5 0 0 0 5 5 5 4 4 5 5 3 0
Last Time Cost: 00000005 ms
Total Time Cost: 00000082 ms
Total Distance 135: 0 5 5 6 4 4 5 5 0 0 0 4 5 5 4 4 5 5 0 0 0 5 5 6 4 4 5 5 0 0 0 5 5 5 4 4 5 5 2 0
Last Time Cost: 00000004 ms
Total Time Cost: 00000086 ms
Total Distance 134: 0 5 5 6 4 4 5 5 0 0 0 4 5 5 4 4 5 5 0 0 0 5 5 6 4 4 5 5 0 0 0 5 5 5 4 4 5 5 1 0
Last Time Cost: 00000003 ms
Total Time Cost: 00000089 ms
Total Distance 133: 0 5 5 6 4 4 5 5 0 0 0 4 5 5 4 4 5 5 0 0 0 5 5 6 4 4 5 5 0 0 0 5 5 5 4 4 5 5 0 0
Last Time Cost: 00000006 ms
Total Time Cost: 00000095 ms
Total Distance 130: 0 4 5 6 4 4 5 5 0 0 0 3 5 5 4 4 5 5 0 0 0 5 5 6 4 4 5 5 0 0 0 5 4 5 4 4 5 5 0 0
Last Time Cost: 00000004 ms
Total Time Cost: 00000099 ms
Total Distance 128: 0 3 5 6 4 4 5 5 0 0 0 2 5 5 4 4 5 5 0 0 0 5 5 6 4 4 5 5 0 0 0 5 4 5 4 4 5 5 0 0
Last Time Cost: 00000004 ms
Total Time Cost: 00000103 ms
Total Distance 126: 0 2 5 6 4 4 5 5 0 0 0 1 5 5 4 4 5 5 0 0 0 5 5 6 4 4 5 5 0 0 0 5 4 5 4 4 5 5 0 0
Last Time Cost: 00000005 ms
Total Time Cost: 00000108 ms
Total Distance 125: 0 2 5 6 4 4 5 5 0 0 0 0 5 5 4 4 5 5 0 0 0 5 5 6 4 4 5 5 0 0 0 5 4 5 4 4 5 5 0 0
Last Time Cost: 00000005 ms
Total Time Cost: 00000113 ms
Total Distance 123: 0 1 5 6 4 4 5 5 0 0 0 0 5 5 4 4 5 5 0 0 0 4 5 6 4 4 5 5 0 0 0 5 4 5 4 4 5 5 0 0
Last Time Cost: 00000005 ms
Total Time Cost: 00000118 ms
Total Distance 122: 0 0 5 6 4 4 5 5 0 0 0 0 5 5 4 4 5 5 0 0 0 4 5 6 4 4 5 5 0 0 0 5 4 5 4 4 5 5 0 0
Last Time Cost: 00000007 ms
Total Time Cost: 00000125 ms
Total Distance 120: 0 0 5 6 4 4 5 5 0 0 0 0 5 5 4 4 5 5 0 0 0 4 5 6 4 3 5 5 0 0 0 5 4 5 4 3 5 5 0 0
Last Time Cost: 00000006 ms
Total Time Cost: 00000131 ms
Total Distance 118: 0 0 5 6 4 4 5 5 0 0 0 0 5 5 4 3 5 5 0 0 0 4 5 6 4 3 5 5 0 0 0 5 4 5 4 2 5 5 0 0
Last Time Cost: 00000005 ms
Total Time Cost: 00000136 ms
Total Distance 117: 0 0 5 6 4 4 5 5 0 0 0 0 5 5 4 3 5 5 0 0 0 4 5 6 4 3 5 5 0 0 0 5 4 5 4 1 5 5 0 0
Last Time Cost: 00000005 ms
Total Time Cost: 00000141 ms
Total Distance 116: 0 0 5 6 4 4 5 5 0 0 0 0 5 5 4 3 5 5 0 0 0 4 5 6 4 3 5 5 0 0 0 5 4 5 4 0 5 5 0 0
Last Time Cost: 00000006 ms
Total Time Cost: 00000147 ms
Total Distance 114: 0 0 5 6 4 4 5 5 0 0 0 0 5 5 3 3 5 5 0 0 0 4 5 6 4 2 5 5 0 0 0 5 4 5 4 0 5 5 0 0
Last Time Cost: 00000006 ms
Total Time Cost: 00000153 ms
Total Distance 113: 0 0 5 6 4 4 5 5 0 0 0 0 5 5 3 3 5 5 0 0 0 4 5 6 4 1 5 5 0 0 0 5 4 5 4 0 5 5 0 0
Last Time Cost: 00000006 ms
Total Time Cost: 00000159 ms
Total Distance 112: 0 0 5 6 4 4 5 5 0 0 0 0 5 5 3 3 5 5 0 0 0 4 5 6 4 0 5 5 0 0 0 5 4 5 4 0 5 5 0 0
Last Time Cost: 00000007 ms
Total Time Cost: 00000166 ms
Total Distance 110: 0 0 5 6 4 3 5 5 0 0 0 0 5 5 3 2 5 5 0 0 0 4 5 6 4 0 5 5 0 0 0 5 4 5 4 0 5 5 0 0
Last Time Cost: 00000007 ms
Total Time Cost: 00000173 ms
Total Distance 109: 0 0 5 6 4 3 5 5 0 0 0 0 5 5 3 1 5 5 0 0 0 4 5 6 4 0 5 5 0 0 0 5 4 5 4 0 5 5 0 0
Last Time Cost: 00000006 ms
Total Time Cost: 00000179 ms
Total Distance 108: 0 0 5 6 4 3 5 5 0 0 0 0 5 5 3 0 5 5 0 0 0 4 5 6 4 0 5 5 0 0 0 5 4 5 4 0 5 5 0 0
Last Time Cost: 00000007 ms
Total Time Cost: 00000186 ms
Total Distance 106: 0 0 5 6 4 3 5 5 0 0 0 0 5 5 2 0 5 5 0 0 0 4 5 6 4 0 5 5 0 0 0 5 4 5 3 0 5 5 0 0
Last Time Cost: 00000007 ms
Total Time Cost: 00000193 ms
Total Distance 105: 0 0 5 6 4 3 5 5 0 0 0 0 5 5 1 0 5 5 0 0 0 4 5 6 4 0 5 5 0 0 0 5 4 5 3 0 5 5 0 0
Last Time Cost: 00000007 ms
Total Time Cost: 00000200 ms
Total Distance 104: 0 0 5 6 4 3 5 5 0 0 0 0 5 5 0 0 5 5 0 0 0 4 5 6 4 0 5 5 0 0 0 5 4 5 3 0 5 5 0 0
Last Time Cost: 00000009 ms
Total Time Cost: 00000209 ms
Total Distance 102: 0 0 5 6 4 2 5 5 0 0 0 0 5 5 0 0 5 5 0 0 0 4 5 6 4 0 5 5 0 0 0 5 4 5 2 0 5 5 0 0
Last Time Cost: 00000010 ms
Total Time Cost: 00000219 ms
Total Distance 101: 0 0 5 6 4 2 5 5 0 0 0 0 5 5 0 0 5 5 0 0 0 4 5 6 4 0 5 5 0 0 0 5 4 5 1 0 5 5 0 0
Last Time Cost: 00000009 ms
Total Time Cost: 00000228 ms
Total Distance 100: 0 0 5 6 4 2 5 5 0 0 0 0 5 5 0 0 5 5 0 0 0 4 5 6 4 0 5 5 0 0 0 5 4 5 0 0 5 5 0 0
Last Time Cost: 00000010 ms
Total Time Cost: 00000238 ms
Total Distance 99: 0 0 5 6 4 1 5 5 0 0 0 0 5 5 0 0 5 5 0 0 0 4 5 6 4 0 5 5 0 0 0 5 4 5 0 0 5 5 0 0
Last Time Cost: 00000009 ms
Total Time Cost: 00000247 ms
Total Distance 98: 0 0 5 6 4 0 5 5 0 0 0 0 5 5 0 0 5 5 0 0 0 4 5 6 4 0 5 5 0 0 0 5 4 5 0 0 5 5 0 0
Last Time Cost: 00000010 ms
Total Time Cost: 00000257 ms
Total Distance 95: 0 0 5 6 3 0 5 5 0 0 0 0 5 4 0 0 5 5 0 0 0 4 5 6 3 0 5 5 0 0 0 5 4 5 0 0 5 5 0 0
Last Time Cost: 00000009 ms
Total Time Cost: 00000266 ms
Total Distance 93: 0 0 5 6 2 0 5 5 0 0 0 0 5 4 0 0 5 5 0 0 0 4 5 6 2 0 5 5 0 0 0 5 4 5 0 0 5 5 0 0
Last Time Cost: 00000010 ms
Total Time Cost: 00000276 ms
Total Distance 92: 0 0 5 6 2 0 5 5 0 0 0 0 5 4 0 0 5 5 0 0 0 4 5 6 1 0 5 5 0 0 0 5 4 5 0 0 5 5 0 0
Last Time Cost: 00000010 ms
Total Time Cost: 00000286 ms
Total Distance 91: 0 0 5 6 2 0 5 5 0 0 0 0 5 4 0 0 5 5 0 0 0 4 5 6 0 0 5 5 0 0 0 5 4 5 0 0 5 5 0 0
Last Time Cost: 00000010 ms
Total Time Cost: 00000296 ms
Total Distance 90: 0 0 5 6 1 0 5 5 0 0 0 0 5 4 0 0 5 5 0 0 0 4 5 6 0 0 5 5 0 0 0 5 4 5 0 0 5 5 0 0
Last Time Cost: 00000010 ms
Total Time Cost: 00000306 ms
Total Distance 89: 0 0 5 6 0 0 5 5 0 0 0 0 5 4 0 0 5 5 0 0 0 4 5 6 0 0 5 5 0 0 0 5 4 5 0 0 5 5 0 0
Last Time Cost: 00000012 ms
Total Time Cost: 00000318 ms
Total Distance 86: 0 0 5 6 0 0 5 5 0 0 0 0 5 3 0 0 5 5 0 0 0 4 5 6 0 0 5 5 0 0 0 4 4 4 0 0 5 5 0 0
Last Time Cost: 00000012 ms
Total Time Cost: 00000330 ms
Total Distance 84: 0 0 5 6 0 0 5 5 0 0 0 0 5 2 0 0 5 5 0 0 0 4 5 6 0 0 5 5 0 0 0 4 4 3 0 0 5 5 0 0
Last Time Cost: 00000011 ms
Total Time Cost: 00000341 ms
Total Distance 83: 0 0 5 6 0 0 5 5 0 0 0 0 5 1 0 0 5 5 0 0 0 4 5 6 0 0 5 5 0 0 0 4 4 3 0 0 5 5 0 0
Last Time Cost: 00000011 ms
Total Time Cost: 00000352 ms
Total Distance 82: 0 0 5 6 0 0 5 5 0 0 0 0 5 0 0 0 5 5 0 0 0 4 5 6 0 0 5 5 0 0 0 4 4 3 0 0 5 5 0 0
Last Time Cost: 00000013 ms
Total Time Cost: 00000365 ms
Total Distance 80: 0 0 5 6 0 0 5 5 0 0 0 0 5 0 0 0 5 5 0 0 0 4 5 5 0 0 5 5 0 0 0 4 4 2 0 0 5 5 0 0
Last Time Cost: 00000014 ms
Total Time Cost: 00000379 ms
Total Distance 79: 0 0 5 6 0 0 5 5 0 0 0 0 5 0 0 0 5 5 0 0 0 4 5 5 0 0 5 5 0 0 0 4 4 1 0 0 5 5 0 0
Last Time Cost: 00000012 ms
Total Time Cost: 00000391 ms
Total Distance 78: 0 0 5 6 0 0 5 5 0 0 0 0 5 0 0 0 5 5 0 0 0 4 5 5 0 0 5 5 0 0 0 4 4 0 0 0 5 5 0 0
Last Time Cost: 00000016 ms
Total Time Cost: 00000407 ms
Total Distance 75: 0 0 5 5 0 0 5 5 0 0 0 0 5 0 0 0 5 5 0 0 0 4 4 5 0 0 5 5 0 0 0 4 3 0 0 0 5 5 0 0
Last Time Cost: 00000001 ms
Total Time Cost: 00000408 ms
Total Distance 74: 0 0 5 5 0 0 5 5 0 0 0 0 5 0 0 0 5 5 0 0 0 4 4 5 0 0 5 5 0 0 0 4 2 0 0 0 5 5 0 0
Last Time Cost: 00000001 ms
Total Time Cost: 00000409 ms
Total Distance 73: 0 0 5 5 0 0 5 5 0 0 0 0 5 0 0 0 5 5 0 0 0 4 4 5 0 0 5 5 0 0 0 4 1 0 0 0 5 5 0 0
Last Time Cost: 00000001 ms
Total Time Cost: 00000410 ms
Total Distance 72: 0 0 5 5 0 0 5 5 0 0 0 0 5 0 0 0 5 5 0 0 0 4 4 5 0 0 5 5 0 0 0 4 0 0 0 0 5 5 0 0
Last Time Cost: 00000004 ms
Total Time Cost: 00000414 ms
Total Distance 70: 0 0 5 5 0 0 5 5 0 0 0 0 5 0 0 0 5 5 0 0 0 3 4 5 0 0 5 5 0 0 0 3 0 0 0 0 5 5 0 0
Last Time Cost: 00000001 ms
Total Time Cost: 00000415 ms
Total Distance 68: 0 0 5 5 0 0 5 5 0 0 0 0 5 0 0 0 5 5 0 0 0 2 3 5 0 0 5 5 0 0 0 3 0 0 0 0 5 5 0 0
Last Time Cost: 00000002 ms
Total Time Cost: 00000417 ms
Total Distance 67: 0 0 5 5 0 0 5 5 0 0 0 0 5 0 0 0 5 5 0 0 0 1 3 5 0 0 5 5 0 0 0 3 0 0 0 0 5 5 0 0
Last Time Cost: 00000001 ms
Total Time Cost: 00000418 ms
Total Distance 66: 0 0 5 5 0 0 5 5 0 0 0 0 5 0 0 0 5 5 0 0 0 0 3 5 0 0 5 5 0 0 0 3 0 0 0 0 5 5 0 0
Last Time Cost: 00000002 ms
Total Time Cost: 00000420 ms
Total Distance 64: 0 0 4 5 0 0 5 5 0 0 0 0 5 0 0 0 5 5 0 0 0 0 3 5 0 0 5 5 0 0 0 2 0 0 0 0 5 5 0 0
Last Time Cost: 00000001 ms
Total Time Cost: 00000421 ms
Total Distance 63: 0 0 4 5 0 0 5 5 0 0 0 0 5 0 0 0 5 5 0 0 0 0 3 5 0 0 5 5 0 0 0 1 0 0 0 0 5 5 0 0
Last Time Cost: 00000001 ms
Total Time Cost: 00000422 ms
Total Distance 62: 0 0 4 5 0 0 5 5 0 0 0 0 5 0 0 0 5 5 0 0 0 0 3 5 0 0 5 5 0 0 0 0 0 0 0 0 5 5 0 0
Last Time Cost: 00000002 ms
Total Time Cost: 00000424 ms
Total Distance 60: 0 0 4 4 0 0 5 5 0 0 0 0 5 0 0 0 5 5 0 0 0 0 2 5 0 0 5 5 0 0 0 0 0 0 0 0 5 5 0 0
Last Time Cost: 00000001 ms
Total Time Cost: 00000425 ms
Total Distance 59: 0 0 4 4 0 0 5 5 0 0 0 0 5 0 0 0 5 5 0 0 0 0 1 5 0 0 5 5 0 0 0 0 0 0 0 0 5 5 0 0
Last Time Cost: 00000001 ms
Total Time Cost: 00000426 ms
Total Distance 58: 0 0 4 4 0 0 5 5 0 0 0 0 5 0 0 0 5 5 0 0 0 0 0 5 0 0 5 5 0 0 0 0 0 0 0 0 5 5 0 0
Last Time Cost: 00000002 ms
Total Time Cost: 00000428 ms
Total Distance 56: 0 0 3 4 0 0 5 5 0 0 0 0 5 0 0 0 5 5 0 0 0 0 0 4 0 0 5 5 0 0 0 0 0 0 0 0 5 5 0 0
Last Time Cost: 00000002 ms
Total Time Cost: 00000430 ms
Total Distance 54: 0 0 2 4 0 0 5 5 0 0 0 0 4 0 0 0 5 5 0 0 0 0 0 4 0 0 5 5 0 0 0 0 0 0 0 0 5 5 0 0
Last Time Cost: 00000001 ms
Total Time Cost: 00000431 ms
Total Distance 53: 0 0 1 4 0 0 5 5 0 0 0 0 4 0 0 0 5 5 0 0 0 0 0 4 0 0 5 5 0 0 0 0 0 0 0 0 5 5 0 0
Last Time Cost: 00000001 ms
Total Time Cost: 00000432 ms
Total Distance 52: 0 0 0 4 0 0 5 5 0 0 0 0 4 0 0 0 5 5 0 0 0 0 0 4 0 0 5 5 0 0 0 0 0 0 0 0 5 5 0 0
Last Time Cost: 00000004 ms
Total Time Cost: 00000436 ms
Total Distance 50: 0 0 0 3 0 0 5 5 0 0 0 0 3 0 0 0 5 5 0 0 0 0 0 4 0 0 5 5 0 0 0 0 0 0 0 0 5 5 0 0
Last Time Cost: 00000002 ms
Total Time Cost: 00000438 ms
Total Distance 49: 0 0 0 3 0 0 5 5 0 0 0 0 2 0 0 0 5 5 0 0 0 0 0 4 0 0 5 5 0 0 0 0 0 0 0 0 5 5 0 0
Last Time Cost: 00000002 ms
Total Time Cost: 00000440 ms
Total Distance 48: 0 0 0 3 0 0 5 5 0 0 0 0 1 0 0 0 5 5 0 0 0 0 0 4 0 0 5 5 0 0 0 0 0 0 0 0 5 5 0 0
Last Time Cost: 00000001 ms
Total Time Cost: 00000441 ms
Total Distance 47: 0 0 0 3 0 0 5 5 0 0 0 0 0 0 0 0 5 5 0 0 0 0 0 4 0 0 5 5 0 0 0 0 0 0 0 0 5 5 0 0
Last Time Cost: 00000002 ms
Total Time Cost: 00000443 ms
Total Distance 46: 0 0 0 2 0 0 5 5 0 0 0 0 0 0 0 0 5 5 0 0 0 0 0 4 0 0 5 5 0 0 0 0 0 0 0 0 5 5 0 0
Last Time Cost: 00000001 ms
Total Time Cost: 00000444 ms
Total Distance 44: 0 0 0 1 0 0 5 5 0 0 0 0 0 0 0 0 5 5 0 0 0 0 0 3 0 0 5 5 0 0 0 0 0 0 0 0 5 5 0 0
Last Time Cost: 00000001 ms
Total Time Cost: 00000445 ms
Total Distance 43: 0 0 0 0 0 0 5 5 0 0 0 0 0 0 0 0 5 5 0 0 0 0 0 3 0 0 5 5 0 0 0 0 0 0 0 0 5 5 0 0
Last Time Cost: 00000002 ms
Total Time Cost: 00000447 ms
Total Distance 42: 0 0 0 0 0 0 5 5 0 0 0 0 0 0 0 0 5 5 0 0 0 0 0 2 0 0 5 5 0 0 0 0 0 0 0 0 5 5 0 0
Last Time Cost: 00000001 ms
Total Time Cost: 00000448 ms
Total Distance 41: 0 0 0 0 0 0 5 5 0 0 0 0 0 0 0 0 5 5 0 0 0 0 0 1 0 0 5 5 0 0 0 0 0 0 0 0 5 5 0 0
Last Time Cost: 00000001 ms
Total Time Cost: 00000449 ms
Total Distance 40: 0 0 0 0 0 0 5 5 0 0 0 0 0 0 0 0 5 5 0 0 0 0 0 0 0 0 5 5 0 0 0 0 0 0 0 0 5 5 0 0
Last Time Cost: 00000167 ms
Total Time Cost: 00000616 ms
Total Distance 37: 0 0 0 0 0 0 5 4 0 0 0 0 0 0 0 0 4 5 0 0 0 0 0 0 0 0 5 4 0 0 0 0 0 0 0 0 5 5 0 0
Last Time Cost: 00000003 ms
Total Time Cost: 00000619 ms
Total Distance 35: 0 0 0 0 0 0 5 3 0 0 0 0 0 0 0 0 4 5 0 0 0 0 0 0 0 0 5 3 0 0 0 0 0 0 0 0 5 5 0 0
Last Time Cost: 00000002 ms
Total Time Cost: 00000621 ms
Total Distance 33: 0 0 0 0 0 0 5 2 0 0 0 0 0 0 0 0 4 5 0 0 0 0 0 0 0 0 5 2 0 0 0 0 0 0 0 0 5 5 0 0
Last Time Cost: 00000001 ms
Total Time Cost: 00000622 ms
Total Distance 32: 0 0 0 0 0 0 5 2 0 0 0 0 0 0 0 0 4 5 0 0 0 0 0 0 0 0 5 1 0 0 0 0 0 0 0 0 5 5 0 0
Last Time Cost: 00000001 ms
Total Time Cost: 00000623 ms
Total Distance 31: 0 0 0 0 0 0 5 2 0 0 0 0 0 0 0 0 4 5 0 0 0 0 0 0 0 0 5 0 0 0 0 0 0 0 0 0 5 5 0 0
Last Time Cost: 00000002 ms
Total Time Cost: 00000625 ms
Total Distance 30: 0 0 0 0 0 0 5 1 0 0 0 0 0 0 0 0 4 5 0 0 0 0 0 0 0 0 5 0 0 0 0 0 0 0 0 0 5 5 0 0
Last Time Cost: 00000001 ms
Total Time Cost: 00000626 ms
Total Distance 29: 0 0 0 0 0 0 5 0 0 0 0 0 0 0 0 0 4 5 0 0 0 0 0 0 0 0 5 0 0 0 0 0 0 0 0 0 5 5 0 0
Last Time Cost: 00000002 ms
Total Time Cost: 00000628 ms
Total Distance 27: 0 0 0 0 0 0 4 0 0 0 0 0 0 0 0 0 3 5 0 0 0 0 0 0 0 0 5 0 0 0 0 0 0 0 0 0 5 5 0 0
Last Time Cost: 00000001 ms
Total Time Cost: 00000629 ms
Total Distance 25: 0 0 0 0 0 0 3 0 0 0 0 0 0 0 0 0 2 5 0 0 0 0 0 0 0 0 5 0 0 0 0 0 0 0 0 0 5 5 0 0
Last Time Cost: 00000001 ms
Total Time Cost: 00000630 ms
Total Distance 23: 0 0 0 0 0 0 3 0 0 0 0 0 0 0 0 0 1 5 0 0 0 0 0 0 0 0 5 0 0 0 0 0 0 0 0 0 4 5 0 0
Last Time Cost: 00000001 ms
Total Time Cost: 00000631 ms
Total Distance 22: 0 0 0 0 0 0 3 0 0 0 0 0 0 0 0 0 0 5 0 0 0 0 0 0 0 0 5 0 0 0 0 0 0 0 0 0 4 5 0 0
Last Time Cost: 00000001 ms
Total Time Cost: 00000632 ms
Total Distance 20: 0 0 0 0 0 0 2 0 0 0 0 0 0 0 0 0 0 5 0 0 0 0 0 0 0 0 5 0 0 0 0 0 0 0 0 0 4 4 0 0
Last Time Cost: 00000001 ms
Total Time Cost: 00000633 ms
Total Distance 19: 0 0 0 0 0 0 1 0 0 0 0 0 0 0 0 0 0 5 0 0 0 0 0 0 0 0 5 0 0 0 0 0 0 0 0 0 4 4 0 0
Last Time Cost: 00000002 ms
Total Time Cost: 00000635 ms
Total Distance 18: 0 0 0 0 0 0 0 0 0 0 0 0 0 0 0 0 0 5 0 0 0 0 0 0 0 0 5 0 0 0 0 0 0 0 0 0 4 4 0 0
Last Time Cost: 00000002 ms
Total Time Cost: 00000637 ms
Total Distance 16: 0 0 0 0 0 0 0 0 0 0 0 0 0 0 0 0 0 4 0 0 0 0 0 0 0 0 5 0 0 0 0 0 0 0 0 0 4 3 0 0
Last Time Cost: 00000002 ms
Total Time Cost: 00000639 ms
Total Distance 14: 0 0 0 0 0 0 0 0 0 0 0 0 0 0 0 0 0 3 0 0 0 0 0 0 0 0 5 0 0 0 0 0 0 0 0 0 4 2 0 0
Last Time Cost: 00000001 ms
Total Time Cost: 00000640 ms
Total Distance 13: 0 0 0 0 0 0 0 0 0 0 0 0 0 0 0 0 0 3 0 0 0 0 0 0 0 0 5 0 0 0 0 0 0 0 0 0 4 1 0 0
Last Time Cost: 00000001 ms
Total Time Cost: 00000641 ms
Total Distance 12: 0 0 0 0 0 0 0 0 0 0 0 0 0 0 0 0 0 3 0 0 0 0 0 0 0 0 5 0 0 0 0 0 0 0 0 0 4 0 0 0
Last Time Cost: 00000001 ms
Total Time Cost: 00000642 ms
Total Distance 10: 0 0 0 0 0 0 0 0 0 0 0 0 0 0 0 0 0 2 0 0 0 0 0 0 0 0 4 0 0 0 0 0 0 0 0 0 4 0 0 0
Last Time Cost: 00000001 ms
Total Time Cost: 00000643 ms
Total Distance 9: 0 0 0 0 0 0 0 0 0 0 0 0 0 0 0 0 0 1 0 0 0 0 0 0 0 0 4 0 0 0 0 0 0 0 0 0 4 0 0 0
Last Time Cost: 00000001 ms
Total Time Cost: 00000644 ms
Total Distance 8: 0 0 0 0 0 0 0 0 0 0 0 0 0 0 0 0 0 0 0 0 0 0 0 0 0 0 4 0 0 0 0 0 0 0 0 0 4 0 0 0
Last Time Cost: 00000002 ms
Total Time Cost: 00000646 ms
Total Distance 7: 0 0 0 0 0 0 0 0 0 0 0 0 0 0 0 0 0 0 0 0 0 0 0 0 0 0 3 0 0 0 0 0 0 0 0 0 4 0 0 0
Last Time Cost: 00000001 ms
Total Time Cost: 00000647 ms
Total Distance 6: 0 0 0 0 0 0 0 0 0 0 0 0 0 0 0 0 0 0 0 0 0 0 0 0 0 0 2 0 0 0 0 0 0 0 0 0 4 0 0 0
Last Time Cost: 00000001 ms
Total Time Cost: 00000648 ms
Total Distance 5: 0 0 0 0 0 0 0 0 0 0 0 0 0 0 0 0 0 0 0 0 0 0 0 0 0 0 1 0 0 0 0 0 0 0 0 0 4 0 0 0
Last Time Cost: 00000000 ms
Total Time Cost: 00000648 ms
Total Distance 3: 0 0 0 0 0 0 0 0 0 0 0 0 0 0 0 0 0 0 0 0 0 0 0 0 0 0 0 0 0 0 0 0 0 0 0 0 3 0 0 0
Last Time Cost: 00000000 ms
Total Time Cost: 00000648 ms
Total Distance 2: 0 0 0 0 0 0 0 0 0 0 0 0 0 0 0 0 0 0 0 0 0 0 0 0 0 0 0 0 0 0 0 0 0 0 0 0 2 0 0 0
Last Time Cost: 00000000 ms
Total Time Cost: 00000648 ms
Total Distance 1: 0 0 0 0 0 0 0 0 0 0 0 0 0 0 0 0 0 0 0 0 0 0 0 0 0 0 0 0 0 0 0 0 0 0 0 0 1 0 0 0
Last Time Cost: 00000000 ms
Total Time Cost: 00000648 ms
Total Distance 0: 0 0 0 0 0 0 0 0 0 0 0 0 0 0 0 0 0 0 0 0 0 0 0 0 0 0 0 0 0 0 0 0 0 0 0 0 0 0 0 0
