Last Time Cost: 00000000 ms
Total Time Cost: 00000000 ms
Total Distance 208: 6 6 6 6 6 4 6 4 4 4 6 6 6 6 6 4 6 4 4 4 6 6 6 6 6 4 6 4 4 4 6 6 6 6 6 4 6 4 4 4
Last Time Cost: 00000003 ms
Total Time Cost: 00000003 ms
Total Distance 202: 6 6 6 6 6 4 6 4 4 4 5 6 6 6 6 4 5 4 4 3 6 6 6 6 6 4 6 4 4 4 5 6 6 6 6 4 5 4 4 3
Last Time Cost: 00000002 ms
Total Time Cost: 00000005 ms
Total Distance 199: 6 6 6 6 6 4 6 4 4 4 5 6 6 6 6 4 4 4 4 3 6 6 6 6 6 4 6 4 4 4 5 6 6 6 6 4 4 4 4 2
Last Time Cost: 00000002 ms
Total Time Cost: 00000007 ms
Total Distance 198: 6 6 6 6 6 4 6 4 4 4 5 6 6 6 6 4 4 4 4 3 6 6 6 6 6 4 6 4 4 4 5 6 6 6 6 4 4 4 4 1
Last Time Cost: 00000002 ms
Total Time Cost: 00000009 ms
Total Distance 197: 6 6 6 6 6 4 6 4 4 4 5 6 6 6 6 4 4 4 4 3 6 6 6 6 6 4 6 4 4 4 5 6 6 6 6 4 4 4 4 0
Last Time Cost: 00000002 ms
Total Time Cost: 00000011 ms
Total Distance 195: 6 6 6 6 6 4 6 4 4 3 5 6 6 6 6 4 4 4 4 2 6 6 6 6 6 4 6 4 4 4 5 6 6 6 6 4 4 4 4 0
Last Time Cost: 00000002 ms
Total Time Cost: 00000013 ms
Total Distance 194: 6 6 6 6 6 4 6 4 4 3 5 6 6 6 6 4 4 4 4 1 6 6 6 6 6 4 6 4 4 4 5 6 6 6 6 4 4 4 4 0
Last Time Cost: 00000002 ms
Total Time Cost: 00000015 ms
Total Distance 193: 6 6 6 6 6 4 6 4 4 3 5 6 6 6 6 4 4 4 4 0 6 6 6 6 6 4 6 4 4 4 5 6 6 6 6 4 4 4 4 0
Last Time Cost: 00000002 ms
Total Time Cost: 00000017 ms
Total Distance 187: 5 6 6 6 6 4 5 4 4 2 5 6 6 6 6 4 4 4 4 0 5 6 6 6 6 4 5 4 4 3 5 6 6 6 6 4 4 4 4 0
Last Time Cost: 00000002 ms
Total Time Cost: 00000019 ms
Total Distance 186: 5 6 6 6 6 4 5 4 4 1 5 6 6 6 6 4 4 4 4 0 5 6 6 6 6 4 5 4 4 3 5 6 6 6 6 4 4 4 4 0
Last Time Cost: 00000002 ms
Total Time Cost: 00000021 ms
Total Distance 185: 5 6 6 6 6 4 5 4 4 0 5 6 6 6 6 4 4 4 4 0 5 6 6 6 6 4 5 4 4 3 5 6 6 6 6 4 4 4 4 0
Last Time Cost: 00000004 ms
Total Time Cost: 00000025 ms
Total Distance 182: 5 6 6 6 6 4 4 4 4 0 5 6 6 6 6 4 4 4 4 0 5 6 6 6 6 4 4 4 4 2 5 6 6 6 6 4 4 4 4 0
Last Time Cost: 00000002 ms
Total Time Cost: 00000027 ms
Total Distance 181: 5 6 6 6 6 4 4 4 4 0 5 6 6 6 6 4 4 4 4 0 5 6 6 6 6 4 4 4 4 1 5 6 6 6 6 4 4 4 4 0
Last Time Cost: 00000002 ms
Total Time Cost: 00000029 ms
Total Distance 180: 5 6 6 6 6 4 4 4 4 0 5 6 6 6 6 4 4 4 4 0 5 6 6 6 6 4 4 4 4 0 5 6 6 6 6 4 4 4 4 0
Last Time Cost: 00000004 ms
Total Time Cost: 00000033 ms
Total Distance 177: 5 6 6 6 6 4 4 4 3 0 5 6 6 6 6 4 4 4 4 0 5 5 6 6 6 4 4 4 4 0 5 5 6 6 6 4 4 4 4 0
Last Time Cost: 00000003 ms
Total Time Cost: 00000036 ms
Total Distance 175: 5 6 6 6 6 4 4 4 2 0 5 6 6 6 6 4 4 4 3 0 5 5 6 6 6 4 4 4 4 0 5 5 6 6 6 4 4 4 4 0
Last Time Cost: 00000003 ms
Total Time Cost: 00000039 ms
Total Distance 174: 5 6 6 6 6 4 4 4 1 0 5 6 6 6 6 4 4 4 3 0 5 5 6 6 6 4 4 4 4 0 5 5 6 6 6 4 4 4 4 0
Last Time Cost: 00000003 ms
Total Time Cost: 00000042 ms
Total Distance 173: 5 6 6 6 6 4 4 4 0 0 5 6 6 6 6 4 4 4 3 0 5 5 6 6 6 4 4 4 4 0 5 5 6 6 6 4 4 4 4 0
Last Time Cost: 00000003 ms
Total Time Cost: 00000045 ms
Total Distance 170: 5 6 6 6 6 4 4 4 0 0 5 6 6 6 6 4 4 4 2 0 5 4 6 6 6 4 4 4 4 0 5 4 6 6 6 4 4 4 4 0
Last Time Cost: 00000003 ms
Total Time Cost: 00000048 ms
Total Distance 169: 5 6 6 6 6 4 4 4 0 0 5 6 6 6 6 4 4 4 1 0 5 4 6 6 6 4 4 4 4 0 5 4 6 6 6 4 4 4 4 0
Last Time Cost: 00000003 ms
Total Time Cost: 00000051 ms
Total Distance 168: 5 6 6 6 6 4 4 4 0 0 5 6 6 6 6 4 4 4 0 0 5 4 6 6 6 4 4 4 4 0 5 4 6 6 6 4 4 4 4 0
Last Time Cost: 00000006 ms
Total Time Cost: 00000057 ms
Total Distance 165: 5 6 6 6 6 4 4 4 0 0 5 6 6 6 6 4 4 3 0 0 5 4 6 6 6 4 4 3 4 0 5 4 6 6 6 4 4 4 3 0
Last Time Cost: 00000003 ms
Total Time Cost: 00000060 ms
Total Distance 163: 5 6 6 6 6 4 4 4 0 0 5 6 6 6 6 4 4 3 0 0 5 4 6 6 6 4 4 3 3 0 5 4 6 6 6 4 4 4 2 0
Last Time Cost: 00000003 ms
Total Time Cost: 00000063 ms
Total Distance 162: 5 6 6 6 6 4 4 4 0 0 5 6 6 6 6 4 4 3 0 0 5 4 6 6 6 4 4 3 3 0 5 4 6 6 6 4 4 4 1 0
Last Time Cost: 00000003 ms
Total Time Cost: 00000066 ms
Total Distance 161: 5 6 6 6 6 4 4 4 0 0 5 6 6 6 6 4 4 3 0 0 5 4 6 6 6 4 4 3 3 0 5 4 6 6 6 4 4 4 0 0
Last Time Cost: 00000004 ms
Total Time Cost: 00000070 ms
Total Distance 158: 5 5 6 6 6 4 4 4 0 0 5 5 6 6 6 4 4 3 0 0 5 4 6 6 6 4 4 3 2 0 5 4 6 6 6 4 4 4 0 0
Last Time Cost: 00000004 ms
Total Time Cost: 00000074 ms
Total Distance 157: 5 5 6 6 6 4 4 4 0 0 5 5 6 6 6 4 4 3 0 0 5 4 6 6 6 4 4 3 1 0 5 4 6 6 6 4 4 4 0 0
Last Time Cost: 00000003 ms
Total Time Cost: 00000077 ms
Total Distance 156: 5 5 6 6 6 4 4 4 0 0 5 5 6 6 6 4 4 3 0 0 5 4 6 6 6 4 4 3 0 0 5 4 6 6 6 4 4 4 0 0
Last Time Cost: 00000003 ms
Total Time Cost: 00000080 ms
Total Distance 154: 5 5 6 6 6 4 4 4 0 0 5 5 6 6 6 4 4 3 0 0 5 4 6 6 6 4 4 2 0 0 5 4 6 6 6 4 4 3 0 0
Last Time Cost: 00000005 ms
Total Time Cost: 00000085 ms
Total Distance 153: 5 5 6 6 6 4 4 4 0 0 5 5 6 6 6 4 4 3 0 0 5 4 6 6 6 4 4 1 0 0 5 4 6 6 6 4 4 3 0 0
Last Time Cost: 00000004 ms
Total Time Cost: 00000089 ms
Total Distance 152: 5 5 6 6 6 4 4 4 0 0 5 5 6 6 6 4 4 3 0 0 5 4 6 6 6 4 4 0 0 0 5 4 6 6 6 4 4 3 0 0
Last Time Cost: 00000004 ms
Total Time Cost: 00000093 ms
Total Distance 150: 5 5 6 6 6 4 4 3 0 0 5 5 6 6 6 4 4 2 0 0 5 4 6 6 6 4 4 0 0 0 5 4 6 6 6 4 4 3 0 0
Last Time Cost: 00000003 ms
Total Time Cost: 00000096 ms
Total Distance 149: 5 5 6 6 6 4 4 3 0 0 5 5 6 6 6 4 4 1 0 0 5 4 6 6 6 4 4 0 0 0 5 4 6 6 6 4 4 3 0 0
Last Time Cost: 00000007 ms
Total Time Cost: 00000103 ms
Total Distance 148: 5 5 6 6 6 4 4 3 0 0 5 5 6 6 6 4 4 0 0 0 5 4 6 6 6 4 4 0 0 0 5 4 6 6 6 4 4 3 0 0
Last Time Cost: 00000004 ms
Total Time Cost: 00000107 ms
Total Distance 146: 5 5 6 6 6 4 4 2 0 0 5 5 6 6 6 4 4 0 0 0 5 4 6 6 6 4 4 0 0 0 5 4 6 6 6 4 4 2 0 0
Last Time Cost: 00000004 ms
Total Time Cost: 00000111 ms
Total Distance 145: 5 5 6 6 6 4 4 1 0 0 5 5 6 6 6 4 4 0 0 0 5 4 6 6 6 4 4 0 0 0 5 4 6 6 6 4 4 2 0 0
Last Time Cost: 00000004 ms
Total Time Cost: 00000115 ms
Total Distance 144: 5 5 6 6 6 4 4 0 0 0 5 5 6 6 6 4 4 0 0 0 5 4 6 6 6 4 4 0 0 0 5 4 6 6 6 4 4 2 0 0
Last Time Cost: 00000005 ms
Total Time Cost: 00000120 ms
Total Distance 143: 5 5 6 6 6 4 4 0 0 0 5 5 6 6 6 4 4 0 0 0 5 4 6 6 6 4 4 0 0 0 5 4 6 6 6 4 4 1 0 0
Last Time Cost: 00000004 ms
Total Time Cost: 00000124 ms
Total Distance 142: 5 5 6 6 6 4 4 0 0 0 5 5 6 6 6 4 4 0 0 0 5 4 6 6 6 4 4 0 0 0 5 4 6 6 6 4 4 0 0 0
Last Time Cost: 00000006 ms
Total Time Cost: 00000130 ms
Total Distance 140: 5 5 6 6 6 4 4 0 0 0 5 5 6 6 6 4 4 0 0 0 5 3 6 6 6 4 4 0 0 0 5 3 6 6 6 4 4 0 0 0
Last Time Cost: 00000005 ms
Total Time Cost: 00000135 ms
Total Distance 138: 5 5 6 6 6 4 4 0 0 0 5 5 6 6 6 4 4 0 0 0 4 3 6 6 6 4 4 0 0 0 5 2 6 6 6 4 4 0 0 0
Last Time Cost: 00000005 ms
Total Time Cost: 00000140 ms
Total Distance 136: 5 5 6 6 6 4 4 0 0 0 5 4 6 6 6 4 4 0 0 0 4 3 6 6 6 4 4 0 0 0 5 1 6 6 6 4 4 0 0 0
Last Time Cost: 00000005 ms
Total Time Cost: 00000145 ms
Total Distance 135: 5 5 6 6 6 4 4 0 0 0 5 4 6 6 6 4 4 0 0 0 4 3 6 6 6 4 4 0 0 0 5 0 6 6 6 4 4 0 0 0
Last Time Cost: 00000006 ms
Total Time Cost: 00000151 ms
Total Distance 133: 5 4 6 6 6 4 4 0 0 0 5 4 6 6 6 4 4 0 0 0 4 2 6 6 6 4 4 0 0 0 5 0 6 6 6 4 4 0 0 0
Last Time Cost: 00000005 ms
Total Time Cost: 00000156 ms
Total Distance 131: 5 4 6 6 6 4 4 0 0 0 5 4 6 6 6 4 4 0 0 0 4 1 6 6 6 4 4 0 0 0 4 0 6 6 6 4 4 0 0 0
Last Time Cost: 00000006 ms
Total Time Cost: 00000162 ms
Total Distance 130: 5 4 6 6 6 4 4 0 0 0 5 4 6 6 6 4 4 0 0 0 4 0 6 6 6 4 4 0 0 0 4 0 6 6 6 4 4 0 0 0
Last Time Cost: 00000009 ms
Total Time Cost: 00000171 ms
Total Distance 126: 5 4 6 6 6 4 4 0 0 0 5 4 6 6 6 4 4 0 0 0 3 0 5 6 6 4 4 0 0 0 3 0 5 6 6 4 4 0 0 0
Last Time Cost: 00000007 ms
Total Time Cost: 00000178 ms
Total Distance 124: 4 4 6 6 6 4 4 0 0 0 5 4 6 6 6 4 4 0 0 0 2 0 5 6 6 4 4 0 0 0 3 0 5 6 6 4 4 0 0 0
Last Time Cost: 00000007 ms
Total Time Cost: 00000185 ms
Total Distance 122: 3 4 6 6 6 4 4 0 0 0 5 4 6 6 6 4 4 0 0 0 1 0 5 6 6 4 4 0 0 0 3 0 5 6 6 4 4 0 0 0
Last Time Cost: 00000007 ms
Total Time Cost: 00000192 ms
Total Distance 121: 3 4 6 6 6 4 4 0 0 0 5 4 6 6 6 4 4 0 0 0 0 0 5 6 6 4 4 0 0 0 3 0 5 6 6 4 4 0 0 0
Last Time Cost: 00000007 ms
Total Time Cost: 00000199 ms
Total Distance 119: 2 4 6 6 6 4 4 0 0 0 4 4 6 6 6 4 4 0 0 0 0 0 5 6 6 4 4 0 0 0 3 0 5 6 6 4 4 0 0 0
Last Time Cost: 00000007 ms
Total Time Cost: 00000206 ms
Total Distance 118: 1 4 6 6 6 4 4 0 0 0 4 4 6 6 6 4 4 0 0 0 0 0 5 6 6 4 4 0 0 0 3 0 5 6 6 4 4 0 0 0
Last Time Cost: 00000007 ms
Total Time Cost: 00000213 ms
Total Distance 117: 0 4 6 6 6 4 4 0 0 0 4 4 6 6 6 4 4 0 0 0 0 0 5 6 6 4 4 0 0 0 3 0 5 6 6 4 4 0 0 0
Last Time Cost: 00000007 ms
Total Time Cost: 00000220 ms
Total Distance 115: 0 4 6 6 6 4 4 0 0 0 3 4 6 6 6 4 4 0 0 0 0 0 5 6 6 4 4 0 0 0 2 0 5 6 6 4 4 0 0 0
Last Time Cost: 00000008 ms
Total Time Cost: 00000228 ms
Total Distance 113: 0 4 6 6 6 4 4 0 0 0 2 4 6 6 6 4 4 0 0 0 0 0 5 6 6 4 4 0 0 0 1 0 5 6 6 4 4 0 0 0
Last Time Cost: 00000008 ms
Total Time Cost: 00000236 ms
Total Distance 112: 0 4 6 6 6 4 4 0 0 0 2 4 6 6 6 4 4 0 0 0 0 0 5 6 6 4 4 0 0 0 0 0 5 6 6 4 4 0 0 0
Last Time Cost: 00000008 ms
Total Time Cost: 00000244 ms
Total Distance 111: 0 4 6 6 6 4 4 0 0 0 1 4 6 6 6 4 4 0 0 0 0 0 5 6 6 4 4 0 0 0 0 0 5 6 6 4 4 0 0 0
Last Time Cost: 00000009 ms
Total Time Cost: 00000253 ms
Total Distance 110: 0 4 6 6 6 4 4 0 0 0 0 4 6 6 6 4 4 0 0 0 0 0 5 6 6 4 4 0 0 0 0 0 5 6 6 4 4 0 0 0
Last Time Cost: 00000012 ms
Total Time Cost: 00000265 ms
Total Distance 108: 0 4 6 6 6 4 4 0 0 0 0 4 6 6 6 4 4 0 0 0 0 0 5 6 6 3 4 0 0 0 0 0 5 6 6 3 4 0 0 0
Last Time Cost: 00000010 ms
Total Time Cost: 00000275 ms
Total Distance 106: 0 4 6 6 6 3 4 0 0 0 0 4 6 6 6 4 4 0 0 0 0 0 5 6 6 2 4 0 0 0 0 0 5 6 6 3 4 0 0 0
Last Time Cost: 00000009 ms
Total Time Cost: 00000284 ms
Total Distance 105: 0 4 6 6 6 3 4 0 0 0 0 4 6 6 6 4 4 0 0 0 0 0 5 6 6 1 4 0 0 0 0 0 5 6 6 3 4 0 0 0
Last Time Cost: 00000009 ms
Total Time Cost: 00000293 ms
Total Distance 104: 0 4 6 6 6 3 4 0 0 0 0 4 6 6 6 4 4 0 0 0 0 0 5 6 6 0 4 0 0 0 0 0 5 6 6 3 4 0 0 0
Last Time Cost: 00000011 ms
Total Time Cost: 00000304 ms
Total Distance 102: 0 4 6 6 6 2 4 0 0 0 0 4 6 6 6 3 4 0 0 0 0 0 5 6 6 0 4 0 0 0 0 0 5 6 6 3 4 0 0 0
Last Time Cost: 00000010 ms
Total Time Cost: 00000314 ms
Total Distance 101: 0 4 6 6 6 1 4 0 0 0 0 4 6 6 6 3 4 0 0 0 0 0 5 6 6 0 4 0 0 0 0 0 5 6 6 3 4 0 0 0
Last Time Cost: 00000010 ms
Total Time Cost: 00000324 ms
Total Distance 100: 0 4 6 6 6 0 4 0 0 0 0 4 6 6 6 3 4 0 0 0 0 0 5 6 6 0 4 0 0 0 0 0 5 6 6 3 4 0 0 0
Last Time Cost: 00000012 ms
Total Time Cost: 00000336 ms
Total Distance 98: 0 4 6 6 6 0 4 0 0 0 0 4 6 6 6 2 4 0 0 0 0 0 5 6 6 0 4 0 0 0 0 0 5 6 6 2 4 0 0 0
Last Time Cost: 00000011 ms
Total Time Cost: 00000347 ms
Total Distance 97: 0 4 6 6 6 0 4 0 0 0 0 4 6 6 6 2 4 0 0 0 0 0 5 6 6 0 4 0 0 0 0 0 5 6 6 1 4 0 0 0
Last Time Cost: 00000011 ms
Total Time Cost: 00000358 ms
Total Distance 96: 0 4 6 6 6 0 4 0 0 0 0 4 6 6 6 2 4 0 0 0 0 0 5 6 6 0 4 0 0 0 0 0 5 6 6 0 4 0 0 0
Last Time Cost: 00000012 ms
Total Time Cost: 00000370 ms
Total Distance 95: 0 4 6 6 6 0 4 0 0 0 0 4 6 6 6 1 4 0 0 0 0 0 5 6 6 0 4 0 0 0 0 0 5 6 6 0 4 0 0 0
Last Time Cost: 00000011 ms
Total Time Cost: 00000381 ms
Total Distance 94: 0 4 6 6 6 0 4 0 0 0 0 4 6 6 6 0 4 0 0 0 0 0 5 6 6 0 4 0 0 0 0 0 5 6 6 0 4 0 0 0
Last Time Cost: 00000014 ms
Total Time Cost: 00000395 ms
Total Distance 92: 0 3 6 6 6 0 4 0 0 0 0 3 6 6 6 0 4 0 0 0 0 0 5 6 6 0 4 0 0 0 0 0 5 6 6 0 4 0 0 0
Last Time Cost: 00000014 ms
Total Time Cost: 00000409 ms
Total Distance 90: 0 2 6 6 6 0 4 0 0 0 0 2 6 6 6 0 4 0 0 0 0 0 5 6 6 0 4 0 0 0 0 0 5 6 6 0 4 0 0 0
Last Time Cost: 00000013 ms
Total Time Cost: 00000422 ms
Total Distance 89: 0 2 6 6 6 0 4 0 0 0 0 1 6 6 6 0 4 0 0 0 0 0 5 6 6 0 4 0 0 0 0 0 5 6 6 0 4 0 0 0
Last Time Cost: 00000013 ms
Total Time Cost: 00000435 ms
Total Distance 88: 0 2 6 6 6 0 4 0 0 0 0 0 6 6 6 0 4 0 0 0 0 0 5 6 6 0 4 0 0 0 0 0 5 6 6 0 4 0 0 0
Last Time Cost: 00000015 ms
Total Time Cost: 00000450 ms
Total Distance 87: 0 1 6 6 6 0 4 0 0 0 0 0 6 6 6 0 4 0 0 0 0 0 5 6 6 0 4 0 0 0 0 0 5 6 6 0 4 0 0 0
Last Time Cost: 00000014 ms
Total Time Cost: 00000464 ms
Total Distance 86: 0 0 6 6 6 0 4 0 0 0 0 0 6 6 6 0 4 0 0 0 0 0 5 6 6 0 4 0 0 0 0 0 5 6 6 0 4 0 0 0
Last Time Cost: 00000018 ms
Total Time Cost: 00000482 ms
Total Distance 84: 0 0 6 6 6 0 4 0 0 0 0 0 6 6 6 0 3 0 0 0 0 0 5 6 6 0 4 0 0 0 0 0 5 6 6 0 3 0 0 0
Last Time Cost: 00000016 ms
Total Time Cost: 00000498 ms
Total Distance 82: 0 0 6 6 6 0 4 0 0 0 0 0 6 6 6 0 3 0 0 0 0 0 5 6 6 0 3 0 0 0 0 0 5 6 6 0 2 0 0 0
Last Time Cost: 00000016 ms
Total Time Cost: 00000514 ms
Total Distance 81: 0 0 6 6 6 0 4 0 0 0 0 0 6 6 6 0 3 0 0 0 0 0 5 6 6 0 3 0 0 0 0 0 5 6 6 0 1 0 0 0
Last Time Cost: 00000016 ms
Total Time Cost: 00000530 ms
Total Distance 80: 0 0 6 6 6 0 4 0 0 0 0 0 6 6 6 0 3 0 0 0 0 0 5 6 6 0 3 0 0 0 0 0 5 6 6 0 0 0 0 0
Last Time Cost: 00000017 ms
Total Time Cost: 00000547 ms
Total Distance 78: 0 0 6 6 6 0 3 0 0 0 0 0 6 6 6 0 2 0 0 0 0 0 5 6 6 0 3 0 0 0 0 0 5 6 6 0 0 0 0 0
Last Time Cost: 00000016 ms
Total Time Cost: 00000563 ms
Total Distance 77: 0 0 6 6 6 0 3 0 0 0 0 0 6 6 6 0 1 0 0 0 0 0 5 6 6 0 3 0 0 0 0 0 5 6 6 0 0 0 0 0
Last Time Cost: 00000016 ms
Total Time Cost: 00000579 ms
Total Distance 76: 0 0 6 6 6 0 3 0 0 0 0 0 6 6 6 0 0 0 0 0 0 0 5 6 6 0 3 0 0 0 0 0 5 6 6 0 0 0 0 0
Last Time Cost: 00000018 ms
Total Time Cost: 00000597 ms
Total Distance 74: 0 0 6 6 6 0 2 0 0 0 0 0 6 6 6 0 0 0 0 0 0 0 5 6 6 0 2 0 0 0 0 0 5 6 6 0 0 0 0 0
Last Time Cost: 00000018 ms
Total Time Cost: 00000615 ms
Total Distance 73: 0 0 6 6 6 0 2 0 0 0 0 0 6 6 6 0 0 0 0 0 0 0 5 6 6 0 1 0 0 0 0 0 5 6 6 0 0 0 0 0
Last Time Cost: 00000017 ms
Total Time Cost: 00000632 ms
Total Distance 72: 0 0 6 6 6 0 2 0 0 0 0 0 6 6 6 0 0 0 0 0 0 0 5 6 6 0 0 0 0 0 0 0 5 6 6 0 0 0 0 0
Last Time Cost: 00000018 ms
Total Time Cost: 00000650 ms
Total Distance 71: 0 0 6 6 6 0 1 0 0 0 0 0 6 6 6 0 0 0 0 0 0 0 5 6 6 0 0 0 0 0 0 0 5 6 6 0 0 0 0 0
Last Time Cost: 00000017 ms
Total Time Cost: 00000667 ms
Total Distance 70: 0 0 6 6 6 0 0 0 0 0 0 0 6 6 6 0 0 0 0 0 0 0 5 6 6 0 0 0 0 0 0 0 5 6 6 0 0 0 0 0
Last Time Cost: 00000048 ms
Total Time Cost: 00000715 ms
Total Distance 67: 0 0 5 6 6 0 0 0 0 0 0 0 5 6 6 0 0 0 0 0 0 0 4 6 6 0 0 0 0 0 0 0 5 6 6 0 0 0 0 0
Last Time Cost: 00000020 ms
Total Time Cost: 00000735 ms
Total Distance 65: 0 0 4 6 6 0 0 0 0 0 0 0 5 6 6 0 0 0 0 0 0 0 3 6 6 0 0 0 0 0 0 0 5 6 6 0 0 0 0 0
Last Time Cost: 00000021 ms
Total Time Cost: 00000756 ms
Total Distance 63: 0 0 3 6 6 0 0 0 0 0 0 0 5 6 6 0 0 0 0 0 0 0 2 6 6 0 0 0 0 0 0 0 5 6 6 0 0 0 0 0
Last Time Cost: 00000020 ms
Total Time Cost: 00000776 ms
Total Distance 62: 0 0 3 6 6 0 0 0 0 0 0 0 5 6 6 0 0 0 0 0 0 0 1 6 6 0 0 0 0 0 0 0 5 6 6 0 0 0 0 0
Last Time Cost: 00000021 ms
Total Time Cost: 00000797 ms
Total Distance 61: 0 0 3 6 6 0 0 0 0 0 0 0 5 6 6 0 0 0 0 0 0 0 0 6 6 0 0 0 0 0 0 0 5 6 6 0 0 0 0 0
Last Time Cost: 00000021 ms
Total Time Cost: 00000818 ms
Total Distance 58: 0 0 2 6 5 0 0 0 0 0 0 0 5 6 5 0 0 0 0 0 0 0 0 6 6 0 0 0 0 0 0 0 5 6 6 0 0 0 0 0
Last Time Cost: 00000022 ms
Total Time Cost: 00000840 ms
Total Distance 57: 0 0 1 6 5 0 0 0 0 0 0 0 5 6 5 0 0 0 0 0 0 0 0 6 6 0 0 0 0 0 0 0 5 6 6 0 0 0 0 0
Last Time Cost: 00000022 ms
Total Time Cost: 00000862 ms
Total Distance 56: 0 0 0 6 5 0 0 0 0 0 0 0 5 6 5 0 0 0 0 0 0 0 0 6 6 0 0 0 0 0 0 0 5 6 6 0 0 0 0 0
Last Time Cost: 00000099 ms
Total Time Cost: 00000961 ms
Total Distance 53: 0 0 0 6 4 0 0 0 0 0 0 0 5 5 5 0 0 0 0 0 0 0 0 6 6 0 0 0 0 0 0 0 5 5 6 0 0 0 0 0
Last Time Cost: 00000024 ms
Total Time Cost: 00000985 ms
Total Distance 51: 0 0 0 6 3 0 0 0 0 0 0 0 5 5 4 0 0 0 0 0 0 0 0 6 6 0 0 0 0 0 0 0 5 5 6 0 0 0 0 0
Last Time Cost: 00000023 ms
Total Time Cost: 00001008 ms
Total Distance 49: 0 0 0 6 2 0 0 0 0 0 0 0 5 5 3 0 0 0 0 0 0 0 0 6 6 0 0 0 0 0 0 0 5 5 6 0 0 0 0 0
Last Time Cost: 00000024 ms
Total Time Cost: 00001032 ms
Total Distance 47: 0 0 0 6 1 0 0 0 0 0 0 0 5 5 3 0 0 0 0 0 0 0 0 6 5 0 0 0 0 0 0 0 5 5 6 0 0 0 0 0
Last Time Cost: 00000024 ms
Total Time Cost: 00001056 ms
Total Distance 46: 0 0 0 6 0 0 0 0 0 0 0 0 5 5 3 0 0 0 0 0 0 0 0 6 5 0 0 0 0 0 0 0 5 5 6 0 0 0 0 0
Last Time Cost: 00000026 ms
Total Time Cost: 00001082 ms
Total Distance 44: 0 0 0 6 0 0 0 0 0 0 0 0 5 5 2 0 0 0 0 0 0 0 0 6 5 0 0 0 0 0 0 0 5 5 5 0 0 0 0 0
Last Time Cost: 00000026 ms
Total Time Cost: 00001108 ms
Total Distance 43: 0 0 0 6 0 0 0 0 0 0 0 0 5 5 1 0 0 0 0 0 0 0 0 6 5 0 0 0 0 0 0 0 5 5 5 0 0 0 0 0
Last Time Cost: 00000026 ms
Total Time Cost: 00001134 ms
Total Distance 42: 0 0 0 6 0 0 0 0 0 0 0 0 5 5 0 0 0 0 0 0 0 0 0 6 5 0 0 0 0 0 0 0 5 5 5 0 0 0 0 0
Last Time Cost: 00000172 ms
Total Time Cost: 00001306 ms
Total Distance 38: 0 0 0 5 0 0 0 0 0 0 0 0 5 4 0 0 0 0 0 0 0 0 0 5 5 0 0 0 0 0 0 0 5 4 5 0 0 0 0 0
Last Time Cost: 00000002 ms
Total Time Cost: 00001308 ms
Total Distance 36: 0 0 0 5 0 0 0 0 0 0 0 0 5 3 0 0 0 0 0 0 0 0 0 5 5 0 0 0 0 0 0 0 5 3 5 0 0 0 0 0
Last Time Cost: 00000002 ms
Total Time Cost: 00001310 ms
Total Distance 34: 0 0 0 4 0 0 0 0 0 0 0 0 5 2 0 0 0 0 0 0 0 0 0 5 5 0 0 0 0 0 0 0 5 3 5 0 0 0 0 0
Last Time Cost: 00000001 ms
Total Time Cost: 00001311 ms
Total Distance 32: 0 0 0 3 0 0 0 0 0 0 0 0 5 1 0 0 0 0 0 0 0 0 0 5 5 0 0 0 0 0 0 0 5 3 5 0 0 0 0 0
Last Time Cost: 00000001 ms
Total Time Cost: 00001312 ms
Total Distance 31: 0 0 0 3 0 0 0 0 0 0 0 0 5 0 0 0 0 0 0 0 0 0 0 5 5 0 0 0 0 0 0 0 5 3 5 0 0 0 0 0
Last Time Cost: 00000002 ms
Total Time Cost: 00001314 ms
Total Distance 29: 0 0 0 2 0 0 0 0 0 0 0 0 5 0 0 0 0 0 0 0 0 0 0 4 5 0 0 0 0 0 0 0 5 3 5 0 0 0 0 0
Last Time Cost: 00000001 ms
Total Time Cost: 00001315 ms
Total Distance 28: 0 0 0 1 0 0 0 0 0 0 0 0 5 0 0 0 0 0 0 0 0 0 0 4 5 0 0 0 0 0 0 0 5 3 5 0 0 0 0 0
Last Time Cost: 00000001 ms
Total Time Cost: 00001316 ms
Total Distance 27: 0 0 0 0 0 0 0 0 0 0 0 0 5 0 0 0 0 0 0 0 0 0 0 4 5 0 0 0 0 0 0 0 5 3 5 0 0 0 0 0
Last Time Cost: 00000002 ms
Total Time Cost: 00001318 ms
Total Distance 25: 0 0 0 0 0 0 0 0 0 0 0 0 5 0 0 0 0 0 0 0 0 0 0 3 5 0 0 0 0 0 0 0 5 2 5 0 0 0 0 0
Last Time Cost: 00000001 ms
Total Time Cost: 00001319 ms
Total Distance 23: 0 0 0 0 0 0 0 0 0 0 0 0 5 0 0 0 0 0 0 0 0 0 0 2 5 0 0 0 0 0 0 0 5 1 5 0 0 0 0 0
Last Time Cost: 00000000 ms
Total Time Cost: 00001319 ms
Total Distance 22: 0 0 0 0 0 0 0 0 0 0 0 0 5 0 0 0 0 0 0 0 0 0 0 2 5 0 0 0 0 0 0 0 5 0 5 0 0 0 0 0
Last Time Cost: 00000001 ms
Total Time Cost: 00001320 ms
Total Distance 21: 0 0 0 0 0 0 0 0 0 0 0 0 5 0 0 0 0 0 0 0 0 0 0 1 5 0 0 0 0 0 0 0 5 0 5 0 0 0 0 0
Last Time Cost: 00000000 ms
Total Time Cost: 00001320 ms
Total Distance 20: 0 0 0 0 0 0 0 0 0 0 0 0 5 0 0 0 0 0 0 0 0 0 0 0 5 0 0 0 0 0 0 0 5 0 5 0 0 0 0 0
Last Time Cost: 00000141 ms
Total Time Cost: 00001461 ms
Total Distance 17: 0 0 0 0 0 0 0 0 0 0 0 0 5 0 0 0 0 0 0 0 0 0 0 0 4 0 0 0 0 0 0 0 4 0 4 0 0 0 0 0
Last Time Cost: 00000003 ms
Total Time Cost: 00001464 ms
Total Distance 14: 0 0 0 0 0 0 0 0 0 0 0 0 4 0 0 0 0 0 0 0 0 0 0 0 3 0 0 0 0 0 0 0 4 0 3 0 0 0 0 0
Last Time Cost: 00000002 ms
Total Time Cost: 00001466 ms
Total Distance 12: 0 0 0 0 0 0 0 0 0 0 0 0 4 0 0 0 0 0 0 0 0 0 0 0 2 0 0 0 0 0 0 0 4 0 2 0 0 0 0 0
Last Time Cost: 00000001 ms
Total Time Cost: 00001467 ms
Total Distance 11: 0 0 0 0 0 0 0 0 0 0 0 0 4 0 0 0 0 0 0 0 0 0 0 0 2 0 0 0 0 0 0 0 4 0 1 0 0 0 0 0
Last Time Cost: 00000001 ms
Total Time Cost: 00001468 ms
Total Distance 10: 0 0 0 0 0 0 0 0 0 0 0 0 4 0 0 0 0 0 0 0 0 0 0 0 2 0 0 0 0 0 0 0 4 0 0 0 0 0 0 0
Last Time Cost: 00000001 ms
Total Time Cost: 00001469 ms
Total Distance 9: 0 0 0 0 0 0 0 0 0 0 0 0 4 0 0 0 0 0 0 0 0 0 0 0 1 0 0 0 0 0 0 0 4 0 0 0 0 0 0 0
Last Time Cost: 00000000 ms
Total Time Cost: 00001469 ms
Total Distance 8: 0 0 0 0 0 0 0 0 0 0 0 0 4 0 0 0 0 0 0 0 0 0 0 0 0 0 0 0 0 0 0 0 4 0 0 0 0 0 0 0
Last Time Cost: 00000002 ms
Total Time Cost: 00001471 ms
Total Distance 6: 0 0 0 0 0 0 0 0 0 0 0 0 3 0 0 0 0 0 0 0 0 0 0 0 0 0 0 0 0 0 0 0 3 0 0 0 0 0 0 0
Last Time Cost: 00000001 ms
Total Time Cost: 00001472 ms
Total Distance 4: 0 0 0 0 0 0 0 0 0 0 0 0 2 0 0 0 0 0 0 0 0 0 0 0 0 0 0 0 0 0 0 0 2 0 0 0 0 0 0 0
Last Time Cost: 00000000 ms
Total Time Cost: 00001472 ms
Total Distance 3: 0 0 0 0 0 0 0 0 0 0 0 0 2 0 0 0 0 0 0 0 0 0 0 0 0 0 0 0 0 0 0 0 1 0 0 0 0 0 0 0
Last Time Cost: 00000000 ms
Total Time Cost: 00001472 ms
Total Distance 2: 0 0 0 0 0 0 0 0 0 0 0 0 2 0 0 0 0 0 0 0 0 0 0 0 0 0 0 0 0 0 0 0 0 0 0 0 0 0 0 0
Last Time Cost: 00000001 ms
Total Time Cost: 00001473 ms
Total Distance 1: 0 0 0 0 0 0 0 0 0 0 0 0 1 0 0 0 0 0 0 0 0 0 0 0 0 0 0 0 0 0 0 0 0 0 0 0 0 0 0 0
Last Time Cost: 00000000 ms
Total Time Cost: 00001473 ms
Total Distance 0: 0 0 0 0 0 0 0 0 0 0 0 0 0 0 0 0 0 0 0 0 0 0 0 0 0 0 0 0 0 0 0 0 0 0 0 0 0 0 0 0
