Last Time Cost: 00000000 ms
Total Time Cost: 00000000 ms
Total Distance 260: 5 6 5 8 9 7 6 6 5 6 5 8 9 7 6 6 5 6 5 8 9 7 6 6 5 6 5 8 9 7 6 6 5 6 5 8 9 7 6 6
Last Time Cost: 00000137 ms
Total Time Cost: 00000137 ms
Total Distance 255: 5 5 5 8 9 7 6 6 5 6 5 8 9 7 6 6 5 6 5 8 8 6 6 5 4 6 5 8 9 7 6 6 5 6 5 8 9 7 6 6
Last Time Cost: 00000125 ms
Total Time Cost: 00000262 ms
Total Distance 250: 5 5 5 8 9 7 6 6 5 6 5 8 8 6 6 5 4 6 5 8 8 6 6 5 4 6 5 8 9 7 6 6 5 5 5 8 9 7 6 6
Last Time Cost: 00000115 ms
Total Time Cost: 00000377 ms
Total Distance 245: 4 5 5 8 9 7 6 6 5 6 5 8 8 6 6 5 4 5 5 8 8 6 6 5 4 6 5 8 9 7 6 6 5 5 5 8 8 6 6 5
Last Time Cost: 00000102 ms
Total Time Cost: 00000479 ms
Total Distance 240: 4 5 5 8 9 7 6 6 5 5 5 8 8 6 6 5 4 5 5 8 8 6 6 5 4 6 5 8 8 6 6 5 4 5 5 8 8 6 6 5
Last Time Cost: 00000076 ms
Total Time Cost: 00000555 ms
Total Distance 235: 4 5 5 8 8 6 6 5 4 5 5 8 8 6 6 5 4 5 5 8 8 6 6 5 4 5 5 8 8 6 6 5 4 5 5 8 8 6 6 5
Last Time Cost: 00000051 ms
Total Time Cost: 00000606 ms
Total Distance 231: 4 5 5 8 8 6 6 4 4 5 5 8 8 6 6 5 3 5 5 7 8 6 5 5 4 5 5 8 8 6 6 5 4 5 5 8 8 6 6 5
Last Time Cost: 00000054 ms
Total Time Cost: 00000660 ms
Total Distance 227: 4 5 5 8 8 6 6 4 4 5 5 8 8 6 6 4 3 5 5 7 8 6 5 5 3 5 5 7 8 6 5 5 4 5 5 8 8 6 6 5
Last Time Cost: 00000058 ms
Total Time Cost: 00000718 ms
Total Distance 223: 4 5 5 8 8 6 6 4 3 5 5 7 8 6 5 4 3 5 5 7 8 6 5 5 3 5 5 7 8 6 5 5 4 5 5 8 8 6 6 4
Last Time Cost: 00000063 ms
Total Time Cost: 00000781 ms
Total Distance 219: 4 5 5 8 8 6 6 4 3 5 5 7 8 6 5 4 3 5 5 7 8 6 5 4 3 5 5 7 8 6 5 5 3 5 5 7 8 6 5 4
Last Time Cost: 00000072 ms
Total Time Cost: 00000853 ms
Total Distance 215: 3 5 5 7 8 6 5 4 3 5 5 7 8 6 5 4 3 5 5 7 8 6 5 4 3 5 5 7 8 6 5 4 3 5 5 7 8 6 5 4
Last Time Cost: 00000077 ms
Total Time Cost: 00000930 ms
Total Distance 212: 3 5 5 7 8 5 5 4 3 5 5 7 8 5 5 4 3 5 5 7 8 6 5 4 3 5 5 7 8 6 5 4 3 5 5 7 8 6 5 3
Last Time Cost: 00000085 ms
Total Time Cost: 00001015 ms
Total Distance 209: 3 5 5 7 8 5 5 3 3 5 5 7 8 4 5 4 3 5 5 7 8 5 5 4 3 5 5 7 8 6 5 4 3 5 5 7 8 6 5 3
Last Time Cost: 00000094 ms
Total Time Cost: 00001109 ms
Total Distance 206: 3 5 5 7 8 5 5 3 3 5 5 7 8 4 5 3 3 5 5 7 8 4 5 4 3 5 5 7 8 5 5 4 3 5 5 7 8 6 5 3
Last Time Cost: 00000103 ms
Total Time Cost: 00001212 ms
Total Distance 203: 3 5 5 7 8 4 5 3 3 5 5 7 8 4 5 3 3 5 5 7 8 4 5 4 3 5 5 7 8 5 5 3 3 5 5 7 8 5 5 3
Last Time Cost: 00000113 ms
Total Time Cost: 00001325 ms
Total Distance 200: 3 5 5 7 8 4 5 3 3 5 5 7 8 4 5 3 3 5 5 7 8 4 5 3 3 5 5 7 8 4 5 3 3 5 5 7 8 4 5 3
Last Time Cost: 00000125 ms
Total Time Cost: 00001450 ms
Total Distance 197: 3 5 5 7 8 3 5 3 3 5 5 7 8 4 5 3 3 5 5 7 8 4 4 3 3 5 5 7 8 4 5 3 3 5 5 7 7 4 5 3
Last Time Cost: 00000131 ms
Total Time Cost: 00001581 ms
Total Distance 194: 3 5 5 7 8 3 5 3 3 4 5 7 8 4 5 3 3 5 4 7 8 4 4 3 3 5 5 7 8 4 5 3 3 5 5 6 7 4 5 3
Last Time Cost: 00000135 ms
Total Time Cost: 00001716 ms
Total Distance 191: 3 5 5 7 8 3 5 3 3 4 4 7 8 4 5 3 3 5 3 7 8 4 4 3 3 5 5 6 8 4 5 3 3 5 5 6 7 4 5 3
Last Time Cost: 00000134 ms
Total Time Cost: 00001850 ms
Total Distance 188: 3 4 5 7 8 3 5 3 3 4 3 7 8 4 5 3 3 5 3 7 8 4 4 3 3 5 5 5 8 4 5 3 3 5 5 6 7 4 5 3
Last Time Cost: 00000150 ms
Total Time Cost: 00002000 ms
Total Distance 185: 3 4 4 7 8 3 5 3 3 4 2 7 8 4 5 3 3 5 3 6 8 4 4 3 3 5 5 5 8 4 5 3 3 5 5 6 7 4 5 3
Last Time Cost: 00000142 ms
Total Time Cost: 00002142 ms
Total Distance 182: 3 4 3 7 8 3 5 3 3 4 2 7 8 4 5 3 3 5 3 5 8 4 4 3 3 5 5 5 8 4 5 3 3 4 5 6 7 4 5 3
Last Time Cost: 00000162 ms
Total Time Cost: 00002304 ms
Total Distance 179: 3 4 2 7 8 3 5 3 3 4 2 6 8 4 5 3 3 5 3 5 8 4 4 3 3 5 5 5 8 4 5 3 3 4 4 6 7 4 5 3
Last Time Cost: 00000155 ms
Total Time Cost: 00002459 ms
Total Distance 176: 3 4 2 7 8 3 5 3 3 4 2 5 8 4 5 3 3 5 3 5 8 4 4 3 3 4 5 5 8 4 5 3 3 4 3 6 7 4 5 3
Last Time Cost: 00000168 ms
Total Time Cost: 00002627 ms
Total Distance 173: 3 4 2 6 8 3 5 3 3 4 2 5 8 4 5 3 3 5 3 5 8 4 4 3 3 4 4 5 8 4 5 3 3 4 2 6 7 4 5 3
Last Time Cost: 00000165 ms
Total Time Cost: 00002792 ms
Total Distance 170: 3 4 2 5 8 3 5 3 3 4 2 5 8 4 5 3 3 4 3 5 8 4 4 3 3 4 3 5 8 4 5 3 3 4 2 6 7 4 5 3
Last Time Cost: 00000169 ms
Total Time Cost: 00002961 ms
Total Distance 167: 3 4 2 5 8 3 5 3 3 4 2 5 8 4 4 3 3 4 3 5 8 4 4 3 3 4 3 5 7 4 5 3 3 4 2 6 7 3 5 3
Last Time Cost: 00000171 ms
Total Time Cost: 00003132 ms
Total Distance 164: 3 4 2 5 8 3 5 3 3 4 2 5 7 4 4 3 3 4 3 5 8 3 4 3 3 4 3 5 7 4 5 3 3 4 2 6 7 3 4 3
Last Time Cost: 00000168 ms
Total Time Cost: 00003300 ms
Total Distance 161: 3 4 2 5 7 3 5 3 3 4 2 5 7 3 4 3 3 4 3 5 8 3 4 3 3 4 3 5 7 4 4 3 3 4 2 6 7 3 4 3
Last Time Cost: 00000172 ms
Total Time Cost: 00003472 ms
Total Distance 158: 3 4 2 5 7 3 4 3 3 4 2 5 7 3 4 3 3 4 3 5 7 3 4 3 3 4 3 5 7 3 4 3 3 4 2 6 7 3 4 3
Last Time Cost: 00000177 ms
Total Time Cost: 00003649 ms
Total Distance 156: 3 4 2 5 7 3 4 3 3 4 2 5 7 3 4 3 3 4 3 5 7 3 4 2 3 4 3 5 7 3 4 3 2 4 2 6 7 3 4 3
Last Time Cost: 00000186 ms
Total Time Cost: 00003835 ms
Total Distance 154: 3 4 2 5 7 3 4 3 3 4 2 5 7 3 4 2 3 4 3 5 7 3 4 2 2 4 3 5 7 3 4 3 2 4 2 6 7 3 4 3
Last Time Cost: 00000198 ms
Total Time Cost: 00004033 ms
Total Distance 152: 3 4 2 5 7 3 4 3 2 4 2 5 7 3 4 2 3 4 3 5 7 3 4 2 2 4 3 5 7 3 4 3 2 4 2 6 7 3 4 2
Last Time Cost: 00000216 ms
Total Time Cost: 00004249 ms
Total Distance 150: 3 4 2 5 7 3 4 2 2 4 2 5 7 3 4 2 2 4 3 5 7 3 4 2 2 4 3 5 7 3 4 3 2 4 2 6 7 3 4 2
Last Time Cost: 00000232 ms
Total Time Cost: 00004481 ms
Total Distance 148: 2 4 2 5 7 3 4 2 2 4 2 5 7 3 4 2 2 4 3 5 7 3 3 2 2 4 3 5 7 3 4 3 2 4 2 6 7 3 4 2
Last Time Cost: 00000258 ms
Total Time Cost: 00004739 ms
Total Distance 146: 2 4 2 5 7 3 4 2 2 4 2 5 7 3 4 2 2 4 2 5 7 3 3 2 2 4 3 5 7 3 4 3 2 4 2 5 7 3 4 2
Last Time Cost: 00000273 ms
Total Time Cost: 00005012 ms
Total Distance 144: 2 4 2 5 7 3 4 2 2 4 2 5 7 3 4 2 2 4 2 5 7 3 3 2 2 4 2 5 7 3 4 3 2 4 2 4 7 3 4 2
Last Time Cost: 00000294 ms
Total Time Cost: 00005306 ms
Total Distance 142: 2 4 2 5 7 3 4 2 2 4 2 5 7 3 4 2 2 4 2 5 7 3 3 2 2 4 2 5 7 3 4 3 2 4 2 3 7 3 3 2
Last Time Cost: 00000323 ms
Total Time Cost: 00005629 ms
Total Distance 140: 2 4 2 5 7 3 4 2 2 4 2 4 7 3 3 2 2 4 2 5 7 3 3 2 2 4 2 5 7 3 4 3 2 4 2 3 7 3 3 2
Last Time Cost: 00000338 ms
Total Time Cost: 00005967 ms
Total Distance 138: 2 4 2 4 7 3 3 2 2 4 2 4 7 3 3 2 2 4 2 5 7 3 3 2 2 4 2 5 7 3 4 3 2 4 2 3 7 3 3 2
Last Time Cost: 00000355 ms
Total Time Cost: 00006322 ms
Total Distance 136: 2 4 2 4 7 3 3 2 2 4 2 4 7 3 3 2 2 4 2 5 7 3 3 2 2 4 2 4 7 3 3 3 2 4 2 3 7 3 3 2
Last Time Cost: 00000385 ms
Total Time Cost: 00006707 ms
Total Distance 134: 2 4 2 4 7 3 3 2 2 4 2 4 7 3 2 2 2 4 2 5 7 3 3 2 2 4 2 4 6 3 3 3 2 4 2 3 7 3 3 2
Last Time Cost: 00000323 ms
Total Time Cost: 00007030 ms
Total Distance 132: 2 4 2 4 7 3 3 2 2 4 2 4 7 3 2 2 2 4 2 5 7 3 3 2 2 4 2 4 5 3 3 2 2 4 2 3 7 3 3 2
Last Time Cost: 00000343 ms
Total Time Cost: 00007373 ms
Total Distance 130: 2 4 2 4 7 3 2 2 2 4 2 4 7 3 2 2 2 4 2 5 6 3 3 2 2 4 2 4 5 3 3 2 2 4 2 3 7 3 3 2
Last Time Cost: 00000278 ms
Total Time Cost: 00007651 ms
Total Distance 128: 2 4 2 4 6 3 2 2 2 4 2 4 7 3 2 2 2 4 2 5 6 3 3 2 2 4 2 4 5 3 2 2 2 4 2 3 7 3 3 2
Last Time Cost: 00000215 ms
Total Time Cost: 00007866 ms
Total Distance 126: 2 4 2 4 6 3 2 2 2 4 2 4 7 3 2 2 2 3 2 5 5 3 3 2 2 4 2 4 5 3 2 2 2 4 2 3 7 3 3 2
Last Time Cost: 00000229 ms
Total Time Cost: 00008095 ms
Total Distance 124: 2 4 2 4 6 3 2 2 2 4 2 4 6 3 2 2 2 3 2 5 5 3 3 2 2 4 2 4 5 3 2 2 2 4 2 3 7 3 2 2
Last Time Cost: 00000128 ms
Total Time Cost: 00008223 ms
Total Distance 122: 2 4 2 4 6 3 2 2 2 3 2 4 5 3 2 2 2 3 2 5 5 3 3 2 2 4 2 4 5 3 2 2 2 4 2 3 7 3 2 2
Last Time Cost: 00000133 ms
Total Time Cost: 00008356 ms
Total Distance 120: 2 3 2 4 5 3 2 2 2 3 2 4 5 3 2 2 2 3 2 5 5 3 3 2 2 4 2 4 5 3 2 2 2 4 2 3 7 3 2 2
Last Time Cost: 00000141 ms
Total Time Cost: 00008497 ms
Total Distance 118: 2 3 2 4 5 3 2 2 2 3 2 4 5 3 2 2 2 3 2 5 5 3 3 2 2 4 2 4 5 3 2 2 2 3 2 3 6 3 2 2
Last Time Cost: 00000022 ms
Total Time Cost: 00008519 ms
Total Distance 117: 2 3 2 4 5 3 2 2 2 3 2 4 5 3 2 2 2 3 2 5 5 3 3 2 2 4 2 4 5 3 2 2 2 3 2 3 6 3 1 2
Last Time Cost: 00000001 ms
Total Time Cost: 00008520 ms
Total Distance 116: 2 3 2 4 5 3 2 2 2 3 2 4 5 3 2 2 2 3 2 5 5 3 3 2 2 4 2 4 5 3 2 2 2 3 2 3 6 3 0 2
Last Time Cost: 00000028 ms
Total Time Cost: 00008548 ms
Total Distance 115: 2 3 2 4 5 3 2 2 2 3 2 4 5 3 2 2 2 3 2 5 5 3 3 1 2 4 2 4 5 3 2 2 2 3 2 3 6 3 0 2
Last Time Cost: 00000001 ms
Total Time Cost: 00008549 ms
Total Distance 114: 2 3 2 4 5 3 2 2 2 3 2 4 5 3 2 2 2 3 2 5 5 3 3 0 2 4 2 4 5 3 2 2 2 3 2 3 6 3 0 2
Last Time Cost: 00000026 ms
Total Time Cost: 00008575 ms
Total Distance 113: 2 3 2 4 5 3 2 2 2 3 2 4 5 3 2 2 2 3 2 5 5 3 3 0 2 4 2 4 5 3 2 2 2 3 1 3 6 3 0 2
Last Time Cost: 00000001 ms
Total Time Cost: 00008576 ms
Total Distance 112: 2 3 2 4 5 3 2 2 2 3 2 4 5 3 2 2 2 3 2 5 5 3 3 0 2 4 2 4 5 3 2 2 2 3 0 3 6 3 0 2
Last Time Cost: 00000029 ms
Total Time Cost: 00008605 ms
Total Distance 111: 2 3 2 4 5 3 2 1 2 3 2 4 5 3 2 2 2 3 2 5 5 3 3 0 2 4 2 4 5 3 2 2 2 3 0 3 6 3 0 2
Last Time Cost: 00000001 ms
Total Time Cost: 00008606 ms
Total Distance 110: 2 3 2 4 5 3 2 0 2 3 2 4 5 3 2 2 2 3 2 5 5 3 3 0 2 4 2 4 5 3 2 2 2 3 0 3 6 3 0 2
Last Time Cost: 00000032 ms
Total Time Cost: 00008638 ms
Total Distance 109: 2 3 2 4 5 3 1 0 2 3 2 4 5 3 2 2 2 3 2 5 5 3 3 0 2 4 2 4 5 3 2 2 2 3 0 3 6 3 0 2
Last Time Cost: 00000001 ms
Total Time Cost: 00008639 ms
Total Distance 108: 2 3 2 4 5 3 0 0 2 3 2 4 5 3 2 2 2 3 2 5 5 3 3 0 2 4 2 4 5 3 2 2 2 3 0 3 6 3 0 2
Last Time Cost: 00000035 ms
Total Time Cost: 00008674 ms
Total Distance 107: 2 3 2 4 5 3 0 0 2 3 2 4 5 3 2 2 2 3 2 5 5 3 3 0 2 4 2 4 5 3 1 2 2 3 0 3 6 3 0 2
Last Time Cost: 00000001 ms
Total Time Cost: 00008675 ms
Total Distance 106: 2 3 2 4 5 3 0 0 2 3 2 4 5 3 2 2 2 3 2 5 5 3 3 0 2 4 2 4 5 3 0 2 2 3 0 3 6 3 0 2
Last Time Cost: 00000039 ms
Total Time Cost: 00008714 ms
Total Distance 105: 2 3 2 4 5 3 0 0 1 3 2 4 5 3 2 2 2 3 2 5 5 3 3 0 2 4 2 4 5 3 0 2 2 3 0 3 6 3 0 2
Last Time Cost: 00000001 ms
Total Time Cost: 00008715 ms
Total Distance 104: 2 3 2 4 5 3 0 0 0 3 2 4 5 3 2 2 2 3 2 5 5 3 3 0 2 4 2 4 5 3 0 2 2 3 0 3 6 3 0 2
Last Time Cost: 00000042 ms
Total Time Cost: 00008757 ms
Total Distance 103: 1 3 2 4 5 3 0 0 0 3 2 4 5 3 2 2 2 3 2 5 5 3 3 0 2 4 2 4 5 3 0 2 2 3 0 3 6 3 0 2
Last Time Cost: 00000002 ms
Total Time Cost: 00008759 ms
Total Distance 102: 0 3 2 4 5 3 0 0 0 3 2 4 5 3 2 2 2 3 2 5 5 3 3 0 2 4 2 4 5 3 0 2 2 3 0 3 6 3 0 2
Last Time Cost: 00000049 ms
Total Time Cost: 00008808 ms
Total Distance 101: 0 3 2 4 5 3 0 0 0 3 2 4 5 3 2 2 2 3 1 5 5 3 3 0 2 4 2 4 5 3 0 2 2 3 0 3 6 3 0 2
Last Time Cost: 00000002 ms
Total Time Cost: 00008810 ms
Total Distance 100: 0 3 2 4 5 3 0 0 0 3 2 4 5 3 2 2 2 3 0 5 5 3 3 0 2 4 2 4 5 3 0 2 2 3 0 3 6 3 0 2
Last Time Cost: 00000051 ms
Total Time Cost: 00008861 ms
Total Distance 99: 0 3 2 4 5 3 0 0 0 3 2 4 5 3 2 2 2 3 0 5 5 3 3 0 1 4 2 4 5 3 0 2 2 3 0 3 6 3 0 2
Last Time Cost: 00000002 ms
Total Time Cost: 00008863 ms
Total Distance 98: 0 3 2 4 5 3 0 0 0 3 2 4 5 3 2 2 2 3 0 5 5 3 3 0 0 4 2 4 5 3 0 2 2 3 0 3 6 3 0 2
Last Time Cost: 00000059 ms
Total Time Cost: 00008922 ms
Total Distance 97: 0 3 2 4 5 3 0 0 0 3 2 4 5 3 2 2 2 3 0 5 5 3 3 0 0 4 2 4 5 3 0 1 2 3 0 3 6 3 0 2
Last Time Cost: 00000002 ms
Total Time Cost: 00008924 ms
Total Distance 96: 0 3 2 4 5 3 0 0 0 3 2 4 5 3 2 2 2 3 0 5 5 3 3 0 0 4 2 4 5 3 0 0 2 3 0 3 6 3 0 2
Last Time Cost: 00000059 ms
Total Time Cost: 00008983 ms
Total Distance 95: 0 3 2 4 5 3 0 0 0 3 2 4 5 3 2 2 2 3 0 5 5 3 3 0 0 4 1 4 5 3 0 0 2 3 0 3 6 3 0 2
Last Time Cost: 00000002 ms
Total Time Cost: 00008985 ms
Total Distance 94: 0 3 2 4 5 3 0 0 0 3 2 4 5 3 2 2 2 3 0 5 5 3 3 0 0 4 0 4 5 3 0 0 2 3 0 3 6 3 0 2
Last Time Cost: 00000065 ms
Total Time Cost: 00009050 ms
Total Distance 93: 0 3 2 4 5 3 0 0 0 3 2 4 5 3 1 2 2 3 0 5 5 3 3 0 0 4 0 4 5 3 0 0 2 3 0 3 6 3 0 2
Last Time Cost: 00000002 ms
Total Time Cost: 00009052 ms
Total Distance 92: 0 3 2 4 5 3 0 0 0 3 2 4 5 3 0 2 2 3 0 5 5 3 3 0 0 4 0 4 5 3 0 0 2 3 0 3 6 3 0 2
Last Time Cost: 00000071 ms
Total Time Cost: 00009123 ms
Total Distance 91: 0 3 2 4 5 3 0 0 0 3 1 4 5 3 0 2 2 3 0 5 5 3 3 0 0 4 0 4 5 3 0 0 2 3 0 3 6 3 0 2
Last Time Cost: 00000002 ms
Total Time Cost: 00009125 ms
Total Distance 90: 0 3 2 4 5 3 0 0 0 3 0 4 5 3 0 2 2 3 0 5 5 3 3 0 0 4 0 4 5 3 0 0 2 3 0 3 6 3 0 2
Last Time Cost: 00000073 ms
Total Time Cost: 00009198 ms
Total Distance 89: 0 3 2 4 5 3 0 0 0 3 0 4 5 3 0 2 2 3 0 5 5 3 3 0 0 4 0 4 5 3 0 0 2 3 0 3 6 3 0 1
Last Time Cost: 00000002 ms
Total Time Cost: 00009200 ms
Total Distance 88: 0 3 2 4 5 3 0 0 0 3 0 4 5 3 0 2 2 3 0 5 5 3 3 0 0 4 0 4 5 3 0 0 2 3 0 3 6 3 0 0
Last Time Cost: 00000080 ms
Total Time Cost: 00009280 ms
Total Distance 87: 0 3 2 4 5 3 0 0 0 3 0 4 5 3 0 2 2 3 0 5 5 3 3 0 0 4 0 4 5 3 0 0 1 3 0 3 6 3 0 0
Last Time Cost: 00000002 ms
Total Time Cost: 00009282 ms
Total Distance 86: 0 3 2 4 5 3 0 0 0 3 0 4 5 3 0 2 2 3 0 5 5 3 3 0 0 4 0 4 5 3 0 0 0 3 0 3 6 3 0 0
Last Time Cost: 00000083 ms
Total Time Cost: 00009365 ms
Total Distance 85: 0 3 2 4 5 3 0 0 0 3 0 4 5 3 0 2 1 3 0 5 5 3 3 0 0 4 0 4 5 3 0 0 0 3 0 3 6 3 0 0
Last Time Cost: 00000003 ms
Total Time Cost: 00009368 ms
Total Distance 84: 0 3 2 4 5 3 0 0 0 3 0 4 5 3 0 2 0 3 0 5 5 3 3 0 0 4 0 4 5 3 0 0 0 3 0 3 6 3 0 0
Last Time Cost: 00000089 ms
Total Time Cost: 00009457 ms
Total Distance 83: 0 3 2 4 5 3 0 0 0 3 0 4 5 3 0 1 0 3 0 5 5 3 3 0 0 4 0 4 5 3 0 0 0 3 0 3 6 3 0 0
Last Time Cost: 00000002 ms
Total Time Cost: 00009459 ms
Total Distance 82: 0 3 2 4 5 3 0 0 0 3 0 4 5 3 0 0 0 3 0 5 5 3 3 0 0 4 0 4 5 3 0 0 0 3 0 3 6 3 0 0
Last Time Cost: 00000098 ms
Total Time Cost: 00009557 ms
Total Distance 81: 0 3 1 4 5 3 0 0 0 3 0 4 5 3 0 0 0 3 0 5 5 3 3 0 0 4 0 4 5 3 0 0 0 3 0 3 6 3 0 0
Last Time Cost: 00000003 ms
Total Time Cost: 00009560 ms
Total Distance 80: 0 3 0 4 5 3 0 0 0 3 0 4 5 3 0 0 0 3 0 5 5 3 3 0 0 4 0 4 5 3 0 0 0 3 0 3 6 3 0 0
Last Time Cost: 00000107 ms
Total Time Cost: 00009667 ms
Total Distance 79: 0 2 0 4 5 3 0 0 0 3 0 4 5 3 0 0 0 3 0 5 5 3 3 0 0 4 0 4 5 3 0 0 0 3 0 3 6 3 0 0
Last Time Cost: 00000004 ms
Total Time Cost: 00009671 ms
Total Distance 78: 0 1 0 4 5 3 0 0 0 3 0 4 5 3 0 0 0 3 0 5 5 3 3 0 0 4 0 4 5 3 0 0 0 3 0 3 6 3 0 0
Last Time Cost: 00000003 ms
Total Time Cost: 00009674 ms
Total Distance 77: 0 0 0 4 5 3 0 0 0 3 0 4 5 3 0 0 0 3 0 5 5 3 3 0 0 4 0 4 5 3 0 0 0 3 0 3 6 3 0 0
Last Time Cost: 00000117 ms
Total Time Cost: 00009791 ms
Total Distance 76: 0 0 0 4 5 3 0 0 0 3 0 4 5 3 0 0 0 3 0 5 5 2 3 0 0 4 0 4 5 3 0 0 0 3 0 3 6 3 0 0
Last Time Cost: 00000003 ms
Total Time Cost: 00009794 ms
Total Distance 75: 0 0 0 4 5 3 0 0 0 3 0 4 5 3 0 0 0 3 0 5 5 1 3 0 0 4 0 4 5 3 0 0 0 3 0 3 6 3 0 0
Last Time Cost: 00000002 ms
Total Time Cost: 00009796 ms
Total Distance 74: 0 0 0 4 5 3 0 0 0 3 0 4 5 3 0 0 0 3 0 5 5 0 3 0 0 4 0 4 5 3 0 0 0 3 0 3 6 3 0 0
Last Time Cost: 00000129 ms
Total Time Cost: 00009925 ms
Total Distance 73: 0 0 0 4 5 3 0 0 0 3 0 4 5 3 0 0 0 2 0 5 5 0 3 0 0 4 0 4 5 3 0 0 0 3 0 3 6 3 0 0
Last Time Cost: 00000004 ms
Total Time Cost: 00009929 ms
Total Distance 72: 0 0 0 4 5 3 0 0 0 3 0 4 5 3 0 0 0 1 0 5 5 0 3 0 0 4 0 4 5 3 0 0 0 3 0 3 6 3 0 0
Last Time Cost: 00000002 ms
Total Time Cost: 00009931 ms
Total Distance 71: 0 0 0 4 5 3 0 0 0 3 0 4 5 3 0 0 0 0 0 5 5 0 3 0 0 4 0 4 5 3 0 0 0 3 0 3 6 3 0 0
Last Time Cost: 00000143 ms
Total Time Cost: 00010074 ms
Total Distance 70: 0 0 0 4 5 3 0 0 0 3 0 4 5 3 0 0 0 0 0 5 5 0 3 0 0 4 0 4 5 2 0 0 0 3 0 3 6 3 0 0
Last Time Cost: 00000003 ms
Total Time Cost: 00010077 ms
Total Distance 69: 0 0 0 4 5 3 0 0 0 3 0 4 5 3 0 0 0 0 0 5 5 0 3 0 0 4 0 4 5 1 0 0 0 3 0 3 6 3 0 0
Last Time Cost: 00000002 ms
Total Time Cost: 00010079 ms
Total Distance 68: 0 0 0 4 5 3 0 0 0 3 0 4 5 3 0 0 0 0 0 5 5 0 3 0 0 4 0 4 5 0 0 0 0 3 0 3 6 3 0 0
Last Time Cost: 00000155 ms
Total Time Cost: 00010234 ms
Total Distance 67: 0 0 0 4 5 3 0 0 0 3 0 4 5 3 0 0 0 0 0 5 5 0 3 0 0 4 0 4 5 0 0 0 0 3 0 3 6 2 0 0
Last Time Cost: 00000003 ms
Total Time Cost: 00010237 ms
Total Distance 66: 0 0 0 4 5 3 0 0 0 3 0 4 5 3 0 0 0 0 0 5 5 0 3 0 0 4 0 4 5 0 0 0 0 3 0 3 6 1 0 0
Last Time Cost: 00000003 ms
Total Time Cost: 00010240 ms
Total Distance 65: 0 0 0 4 5 3 0 0 0 3 0 4 5 3 0 0 0 0 0 5 5 0 3 0 0 4 0 4 5 0 0 0 0 3 0 3 6 0 0 0
Last Time Cost: 00000172 ms
Total Time Cost: 00010412 ms
Total Distance 63: 0 0 0 4 5 3 0 0 0 3 0 4 5 3 0 0 0 0 0 4 4 0 3 0 0 4 0 4 5 0 0 0 0 3 0 3 6 0 0 0
Last Time Cost: 00000130 ms
Total Time Cost: 00010542 ms
Total Distance 62: 0 0 0 4 5 3 0 0 0 3 0 4 5 3 0 0 0 0 0 4 4 0 3 0 0 4 0 4 5 0 0 0 0 3 0 2 6 0 0 0
Last Time Cost: 00000004 ms
Total Time Cost: 00010546 ms
Total Distance 61: 0 0 0 4 5 3 0 0 0 3 0 4 5 3 0 0 0 0 0 4 4 0 3 0 0 4 0 4 5 0 0 0 0 3 0 1 6 0 0 0
Last Time Cost: 00000003 ms
Total Time Cost: 00010549 ms
Total Distance 60: 0 0 0 4 5 3 0 0 0 3 0 4 5 3 0 0 0 0 0 4 4 0 3 0 0 4 0 4 5 0 0 0 0 3 0 0 6 0 0 0
Last Time Cost: 00000138 ms
Total Time Cost: 00010687 ms
Total Distance 59: 0 0 0 4 5 3 0 0 0 2 0 4 5 3 0 0 0 0 0 4 4 0 3 0 0 4 0 4 5 0 0 0 0 3 0 0 6 0 0 0
Last Time Cost: 00000004 ms
Total Time Cost: 00010691 ms
Total Distance 58: 0 0 0 4 5 3 0 0 0 1 0 4 5 3 0 0 0 0 0 4 4 0 3 0 0 4 0 4 5 0 0 0 0 3 0 0 6 0 0 0
Last Time Cost: 00000003 ms
Total Time Cost: 00010694 ms
Total Distance 57: 0 0 0 4 5 3 0 0 0 0 0 4 5 3 0 0 0 0 0 4 4 0 3 0 0 4 0 4 5 0 0 0 0 3 0 0 6 0 0 0
Last Time Cost: 00000150 ms
Total Time Cost: 00010844 ms
Total Distance 56: 0 0 0 4 5 3 0 0 0 0 0 4 5 3 0 0 0 0 0 4 4 0 3 0 0 4 0 4 5 0 0 0 0 2 0 0 6 0 0 0
Last Time Cost: 00000004 ms
Total Time Cost: 00010848 ms
Total Distance 55: 0 0 0 4 5 3 0 0 0 0 0 4 5 3 0 0 0 0 0 4 4 0 3 0 0 4 0 4 5 0 0 0 0 1 0 0 6 0 0 0
Last Time Cost: 00000003 ms
Total Time Cost: 00010851 ms
Total Distance 54: 0 0 0 4 5 3 0 0 0 0 0 4 5 3 0 0 0 0 0 4 4 0 3 0 0 4 0 4 5 0 0 0 0 0 0 0 6 0 0 0
Last Time Cost: 00000167 ms
Total Time Cost: 00011018 ms
Total Distance 53: 0 0 0 4 5 3 0 0 0 0 0 4 5 2 0 0 0 0 0 4 4 0 3 0 0 4 0 4 5 0 0 0 0 0 0 0 6 0 0 0
Last Time Cost: 00000004 ms
Total Time Cost: 00011022 ms
Total Distance 52: 0 0 0 4 5 3 0 0 0 0 0 4 5 1 0 0 0 0 0 4 4 0 3 0 0 4 0 4 5 0 0 0 0 0 0 0 6 0 0 0
Last Time Cost: 00000003 ms
Total Time Cost: 00011025 ms
Total Distance 51: 0 0 0 4 5 3 0 0 0 0 0 4 5 0 0 0 0 0 0 4 4 0 3 0 0 4 0 4 5 0 0 0 0 0 0 0 6 0 0 0
Last Time Cost: 00000179 ms
Total Time Cost: 00011204 ms
Total Distance 49: 0 0 0 4 5 3 0 0 0 0 0 4 5 0 0 0 0 0 0 3 4 0 2 0 0 4 0 4 5 0 0 0 0 0 0 0 6 0 0 0
Last Time Cost: 00000184 ms
Total Time Cost: 00011388 ms
Total Distance 47: 0 0 0 4 5 3 0 0 0 0 0 4 5 0 0 0 0 0 0 3 4 0 2 0 0 4 0 4 4 0 0 0 0 0 0 0 5 0 0 0
Last Time Cost: 00000110 ms
Total Time Cost: 00011498 ms
Total Distance 46: 0 0 0 4 5 3 0 0 0 0 0 4 5 0 0 0 0 0 0 3 4 0 1 0 0 4 0 4 4 0 0 0 0 0 0 0 5 0 0 0
Last Time Cost: 00000000 ms
Total Time Cost: 00011498 ms
Total Distance 45: 0 0 0 4 5 3 0 0 0 0 0 4 5 0 0 0 0 0 0 3 4 0 0 0 0 4 0 4 4 0 0 0 0 0 0 0 5 0 0 0
Last Time Cost: 00000113 ms
Total Time Cost: 00011611 ms
Total Distance 44: 0 0 0 4 5 2 0 0 0 0 0 4 5 0 0 0 0 0 0 3 4 0 0 0 0 4 0 4 4 0 0 0 0 0 0 0 5 0 0 0
Last Time Cost: 00000001 ms
Total Time Cost: 00011612 ms
Total Distance 43: 0 0 0 4 5 1 0 0 0 0 0 4 5 0 0 0 0 0 0 3 4 0 0 0 0 4 0 4 4 0 0 0 0 0 0 0 5 0 0 0
Last Time Cost: 00000001 ms
Total Time Cost: 00011613 ms
Total Distance 42: 0 0 0 4 5 0 0 0 0 0 0 4 5 0 0 0 0 0 0 3 4 0 0 0 0 4 0 4 4 0 0 0 0 0 0 0 5 0 0 0
Last Time Cost: 00000122 ms
Total Time Cost: 00011735 ms
Total Distance 41: 0 0 0 4 5 0 0 0 0 0 0 4 5 0 0 0 0 0 0 2 4 0 0 0 0 4 0 4 4 0 0 0 0 0 0 0 5 0 0 0
Last Time Cost: 00000003 ms
Total Time Cost: 00011738 ms
Total Distance 40: 0 0 0 4 5 0 0 0 0 0 0 4 5 0 0 0 0 0 0 1 4 0 0 0 0 4 0 4 4 0 0 0 0 0 0 0 5 0 0 0
Last Time Cost: 00000001 ms
Total Time Cost: 00011739 ms
Total Distance 39: 0 0 0 4 5 0 0 0 0 0 0 4 5 0 0 0 0 0 0 0 4 0 0 0 0 4 0 4 4 0 0 0 0 0 0 0 5 0 0 0
Last Time Cost: 00000131 ms
Total Time Cost: 00011870 ms
Total Distance 38: 0 0 0 3 5 0 0 0 0 0 0 4 5 0 0 0 0 0 0 0 4 0 0 0 0 4 0 4 4 0 0 0 0 0 0 0 5 0 0 0
Last Time Cost: 00000001 ms
Total Time Cost: 00011871 ms
Total Distance 37: 0 0 0 2 5 0 0 0 0 0 0 4 5 0 0 0 0 0 0 0 4 0 0 0 0 4 0 4 4 0 0 0 0 0 0 0 5 0 0 0
Last Time Cost: 00000002 ms
Total Time Cost: 00011873 ms
Total Distance 36: 0 0 0 1 5 0 0 0 0 0 0 4 5 0 0 0 0 0 0 0 4 0 0 0 0 4 0 4 4 0 0 0 0 0 0 0 5 0 0 0
Last Time Cost: 00000000 ms
Total Time Cost: 00011873 ms
Total Distance 35: 0 0 0 0 5 0 0 0 0 0 0 4 5 0 0 0 0 0 0 0 4 0 0 0 0 4 0 4 4 0 0 0 0 0 0 0 5 0 0 0
Last Time Cost: 00000149 ms
Total Time Cost: 00012022 ms
Total Distance 34: 0 0 0 0 5 0 0 0 0 0 0 4 5 0 0 0 0 0 0 0 4 0 0 0 0 4 0 3 4 0 0 0 0 0 0 0 5 0 0 0
Last Time Cost: 00000002 ms
Total Time Cost: 00012024 ms
Total Distance 33: 0 0 0 0 5 0 0 0 0 0 0 4 5 0 0 0 0 0 0 0 4 0 0 0 0 4 0 2 4 0 0 0 0 0 0 0 5 0 0 0
Last Time Cost: 00000002 ms
Total Time Cost: 00012026 ms
Total Distance 32: 0 0 0 0 5 0 0 0 0 0 0 4 5 0 0 0 0 0 0 0 4 0 0 0 0 4 0 1 4 0 0 0 0 0 0 0 5 0 0 0
Last Time Cost: 00000001 ms
Total Time Cost: 00012027 ms
Total Distance 31: 0 0 0 0 5 0 0 0 0 0 0 4 5 0 0 0 0 0 0 0 4 0 0 0 0 4 0 0 4 0 0 0 0 0 0 0 5 0 0 0
Last Time Cost: 00000170 ms
Total Time Cost: 00012197 ms
Total Distance 30: 0 0 0 0 5 0 0 0 0 0 0 3 5 0 0 0 0 0 0 0 4 0 0 0 0 4 0 0 4 0 0 0 0 0 0 0 5 0 0 0
Last Time Cost: 00000001 ms
Total Time Cost: 00012198 ms
Total Distance 29: 0 0 0 0 5 0 0 0 0 0 0 2 5 0 0 0 0 0 0 0 4 0 0 0 0 4 0 0 4 0 0 0 0 0 0 0 5 0 0 0
Last Time Cost: 00000002 ms
Total Time Cost: 00012200 ms
Total Distance 28: 0 0 0 0 5 0 0 0 0 0 0 1 5 0 0 0 0 0 0 0 4 0 0 0 0 4 0 0 4 0 0 0 0 0 0 0 5 0 0 0
Last Time Cost: 00000000 ms
Total Time Cost: 00012200 ms
Total Distance 27: 0 0 0 0 5 0 0 0 0 0 0 0 5 0 0 0 0 0 0 0 4 0 0 0 0 4 0 0 4 0 0 0 0 0 0 0 5 0 0 0
Last Time Cost: 00000182 ms
Total Time Cost: 00012382 ms
Total Distance 26: 0 0 0 0 5 0 0 0 0 0 0 0 5 0 0 0 0 0 0 0 4 0 0 0 0 3 0 0 4 0 0 0 0 0 0 0 5 0 0 0
Last Time Cost: 00000001 ms
Total Time Cost: 00012383 ms
Total Distance 25: 0 0 0 0 5 0 0 0 0 0 0 0 5 0 0 0 0 0 0 0 4 0 0 0 0 2 0 0 4 0 0 0 0 0 0 0 5 0 0 0
Last Time Cost: 00000001 ms
Total Time Cost: 00012384 ms
Total Distance 24: 0 0 0 0 5 0 0 0 0 0 0 0 5 0 0 0 0 0 0 0 4 0 0 0 0 1 0 0 4 0 0 0 0 0 0 0 5 0 0 0
Last Time Cost: 00000001 ms
Total Time Cost: 00012385 ms
Total Distance 23: 0 0 0 0 5 0 0 0 0 0 0 0 5 0 0 0 0 0 0 0 4 0 0 0 0 0 0 0 4 0 0 0 0 0 0 0 5 0 0 0
Last Time Cost: 00000202 ms
Total Time Cost: 00012587 ms
Total Distance 22: 0 0 0 0 5 0 0 0 0 0 0 0 5 0 0 0 0 0 0 0 3 0 0 0 0 0 0 0 4 0 0 0 0 0 0 0 5 0 0 0
Last Time Cost: 00000001 ms
Total Time Cost: 00012588 ms
Total Distance 21: 0 0 0 0 5 0 0 0 0 0 0 0 5 0 0 0 0 0 0 0 2 0 0 0 0 0 0 0 4 0 0 0 0 0 0 0 5 0 0 0
Last Time Cost: 00000002 ms
Total Time Cost: 00012590 ms
Total Distance 20: 0 0 0 0 5 0 0 0 0 0 0 0 5 0 0 0 0 0 0 0 1 0 0 0 0 0 0 0 4 0 0 0 0 0 0 0 5 0 0 0
Last Time Cost: 00000000 ms
Total Time Cost: 00012590 ms
Total Distance 19: 0 0 0 0 5 0 0 0 0 0 0 0 5 0 0 0 0 0 0 0 0 0 0 0 0 0 0 0 4 0 0 0 0 0 0 0 5 0 0 0
Last Time Cost: 00000228 ms
Total Time Cost: 00012818 ms
Total Distance 18: 0 0 0 0 5 0 0 0 0 0 0 0 5 0 0 0 0 0 0 0 0 0 0 0 0 0 0 0 3 0 0 0 0 0 0 0 5 0 0 0
Last Time Cost: 00000002 ms
Total Time Cost: 00012820 ms
Total Distance 17: 0 0 0 0 5 0 0 0 0 0 0 0 5 0 0 0 0 0 0 0 0 0 0 0 0 0 0 0 2 0 0 0 0 0 0 0 5 0 0 0
Last Time Cost: 00000001 ms
Total Time Cost: 00012821 ms
Total Distance 16: 0 0 0 0 5 0 0 0 0 0 0 0 5 0 0 0 0 0 0 0 0 0 0 0 0 0 0 0 1 0 0 0 0 0 0 0 5 0 0 0
Last Time Cost: 00000001 ms
Total Time Cost: 00012822 ms
Total Distance 15: 0 0 0 0 5 0 0 0 0 0 0 0 5 0 0 0 0 0 0 0 0 0 0 0 0 0 0 0 0 0 0 0 0 0 0 0 5 0 0 0
Last Time Cost: 00000246 ms
Total Time Cost: 00013068 ms
Total Distance 14: 0 0 0 0 5 0 0 0 0 0 0 0 4 0 0 0 0 0 0 0 0 0 0 0 0 0 0 0 0 0 0 0 0 0 0 0 5 0 0 0
Last Time Cost: 00000002 ms
Total Time Cost: 00013070 ms
Total Distance 13: 0 0 0 0 5 0 0 0 0 0 0 0 3 0 0 0 0 0 0 0 0 0 0 0 0 0 0 0 0 0 0 0 0 0 0 0 5 0 0 0
Last Time Cost: 00000002 ms
Total Time Cost: 00013072 ms
Total Distance 12: 0 0 0 0 5 0 0 0 0 0 0 0 2 0 0 0 0 0 0 0 0 0 0 0 0 0 0 0 0 0 0 0 0 0 0 0 5 0 0 0
Last Time Cost: 00000001 ms
Total Time Cost: 00013073 ms
Total Distance 11: 0 0 0 0 5 0 0 0 0 0 0 0 1 0 0 0 0 0 0 0 0 0 0 0 0 0 0 0 0 0 0 0 0 0 0 0 5 0 0 0
Last Time Cost: 00000000 ms
Total Time Cost: 00013073 ms
Total Distance 10: 0 0 0 0 5 0 0 0 0 0 0 0 0 0 0 0 0 0 0 0 0 0 0 0 0 0 0 0 0 0 0 0 0 0 0 0 5 0 0 0
Last Time Cost: 00000178 ms
Total Time Cost: 00013251 ms
Total Distance 9: 0 0 0 0 4 0 0 0 0 0 0 0 0 0 0 0 0 0 0 0 0 0 0 0 0 0 0 0 0 0 0 0 0 0 0 0 5 0 0 0
Last Time Cost: 00000002 ms
Total Time Cost: 00013253 ms
Total Distance 8: 0 0 0 0 3 0 0 0 0 0 0 0 0 0 0 0 0 0 0 0 0 0 0 0 0 0 0 0 0 0 0 0 0 0 0 0 5 0 0 0
Last Time Cost: 00000001 ms
Total Time Cost: 00013254 ms
Total Distance 7: 0 0 0 0 2 0 0 0 0 0 0 0 0 0 0 0 0 0 0 0 0 0 0 0 0 0 0 0 0 0 0 0 0 0 0 0 5 0 0 0
Last Time Cost: 00000001 ms
Total Time Cost: 00013255 ms
Total Distance 6: 0 0 0 0 1 0 0 0 0 0 0 0 0 0 0 0 0 0 0 0 0 0 0 0 0 0 0 0 0 0 0 0 0 0 0 0 5 0 0 0
Last Time Cost: 00000001 ms
Total Time Cost: 00013256 ms
Total Distance 5: 0 0 0 0 0 0 0 0 0 0 0 0 0 0 0 0 0 0 0 0 0 0 0 0 0 0 0 0 0 0 0 0 0 0 0 0 5 0 0 0
Last Time Cost: 00000100 ms
Total Time Cost: 00013356 ms
Total Distance 4: 0 0 0 0 0 0 0 0 0 0 0 0 0 0 0 0 0 0 0 0 0 0 0 0 0 0 0 0 0 0 0 0 0 0 0 0 4 0 0 0
Last Time Cost: 00000003 ms
Total Time Cost: 00013359 ms
Total Distance 3: 0 0 0 0 0 0 0 0 0 0 0 0 0 0 0 0 0 0 0 0 0 0 0 0 0 0 0 0 0 0 0 0 0 0 0 0 3 0 0 0
Last Time Cost: 00000001 ms
Total Time Cost: 00013360 ms
Total Distance 2: 0 0 0 0 0 0 0 0 0 0 0 0 0 0 0 0 0 0 0 0 0 0 0 0 0 0 0 0 0 0 0 0 0 0 0 0 2 0 0 0
Last Time Cost: 00000000 ms
Total Time Cost: 00013360 ms
Total Distance 1: 0 0 0 0 0 0 0 0 0 0 0 0 0 0 0 0 0 0 0 0 0 0 0 0 0 0 0 0 0 0 0 0 0 0 0 0 1 0 0 0
Last Time Cost: 00000000 ms
Total Time Cost: 00013360 ms
Total Distance 0: 0 0 0 0 0 0 0 0 0 0 0 0 0 0 0 0 0 0 0 0 0 0 0 0 0 0 0 0 0 0 0 0 0 0 0 0 0 0 0 0
