Last Time Cost: 00000000 ms
Total Time Cost: 00000000 ms
Total Distance 275: 6 5 5 9 7 8 9 6 6 5 5 9 7 8 9 6 6 5 5 9 7 8 9 6 6 5 5 9 7 8 9 6 6 5 5 9 7 8 9 6
Last Time Cost: 00000222 ms
Total Time Cost: 00000222 ms
Total Distance 267: 5 5 5 8 7 7 9 6 6 4 5 9 6 8 8 6 6 5 5 9 7 8 8 6 6 5 5 9 7 8 9 6 6 5 5 9 7 8 9 5
Last Time Cost: 00000191 ms
Total Time Cost: 00000413 ms
Total Distance 259: 5 5 5 8 7 7 9 5 5 4 5 8 6 7 8 6 6 4 5 9 6 8 7 6 6 5 5 9 7 8 8 6 6 5 5 9 7 8 9 5
Last Time Cost: 00000169 ms
Total Time Cost: 00000582 ms
Total Distance 251: 5 4 5 8 6 7 8 5 5 4 5 8 6 7 7 6 6 4 5 9 6 8 7 6 6 5 5 9 7 8 8 5 5 5 5 8 7 7 9 5
Last Time Cost: 00000141 ms
Total Time Cost: 00000723 ms
Total Distance 243: 5 4 5 8 6 7 8 5 5 4 5 8 6 7 7 5 5 4 5 8 6 7 7 6 6 4 5 9 6 8 7 5 5 5 5 8 7 7 8 5
Last Time Cost: 00000089 ms
Total Time Cost: 00000812 ms
Total Distance 235: 5 4 5 8 6 7 7 5 5 4 5 8 6 7 7 5 5 4 5 8 6 7 7 5 5 4 5 8 6 7 7 5 5 4 5 8 6 7 7 5
Last Time Cost: 00000058 ms
Total Time Cost: 00000870 ms
Total Distance 231: 5 4 5 8 6 7 7 5 5 4 5 8 6 7 7 5 5 4 5 8 6 7 7 5 5 4 5 8 6 7 7 4 4 4 5 7 6 6 7 5
Last Time Cost: 00000060 ms
Total Time Cost: 00000930 ms
Total Distance 227: 4 4 5 7 6 6 7 5 5 4 5 8 6 7 7 5 5 4 5 8 6 7 7 5 5 4 5 8 6 7 7 4 4 4 5 7 6 6 7 4
Last Time Cost: 00000063 ms
Total Time Cost: 00000993 ms
Total Distance 223: 4 4 5 7 6 6 7 4 4 4 5 7 6 6 7 5 5 4 5 8 6 7 7 5 5 4 5 8 6 7 7 4 4 4 5 7 6 6 7 4
Last Time Cost: 00000066 ms
Total Time Cost: 00001059 ms
Total Distance 219: 4 4 5 7 6 6 7 4 4 4 5 7 6 6 7 4 4 4 5 7 6 6 7 5 5 4 5 8 6 7 7 4 4 4 5 7 6 6 7 4
Last Time Cost: 00000066 ms
Total Time Cost: 00001125 ms
Total Distance 215: 4 4 5 7 6 6 7 4 4 4 5 7 6 6 7 4 4 4 5 7 6 6 7 4 4 4 5 7 6 6 7 4 4 4 5 7 6 6 7 4
Last Time Cost: 00000062 ms
Total Time Cost: 00001187 ms
Total Distance 212: 4 4 5 7 6 6 7 4 4 3 5 7 6 6 7 4 4 4 4 7 6 6 7 4 4 4 5 6 6 6 7 4 4 4 5 7 6 6 7 4
Last Time Cost: 00000062 ms
Total Time Cost: 00001249 ms
Total Distance 209: 4 4 5 7 6 6 7 4 4 3 5 7 6 6 7 4 4 3 4 7 6 6 7 4 4 4 4 6 6 6 7 4 4 4 5 6 6 6 7 4
Last Time Cost: 00000062 ms
Total Time Cost: 00001311 ms
Total Distance 206: 4 3 5 7 6 6 7 4 4 3 4 7 6 6 7 4 4 3 4 6 6 6 7 4 4 4 4 6 6 6 7 4 4 4 5 6 6 6 7 4
Last Time Cost: 00000061 ms
Total Time Cost: 00001372 ms
Total Distance 203: 4 3 4 7 6 6 7 4 4 3 4 6 6 6 7 4 4 3 4 6 6 6 7 4 4 4 4 6 6 6 7 4 4 3 5 6 6 6 7 4
Last Time Cost: 00000059 ms
Total Time Cost: 00001431 ms
Total Distance 200: 4 3 4 6 6 6 7 4 4 3 4 6 6 6 7 4 4 3 4 6 6 6 7 4 4 3 4 6 6 6 7 4 4 3 4 6 6 6 7 4
Last Time Cost: 00000056 ms
Total Time Cost: 00001487 ms
Total Distance 197: 4 3 4 6 6 6 7 4 4 3 4 6 6 6 7 4 4 3 4 6 6 6 6 4 4 3 4 6 6 6 7 4 3 3 4 5 6 6 7 4
Last Time Cost: 00000051 ms
Total Time Cost: 00001538 ms
Total Distance 194: 4 3 4 6 6 6 7 4 3 3 4 5 6 6 7 4 4 3 4 6 6 6 6 4 4 3 4 6 6 6 7 4 3 3 4 5 6 6 6 4
Last Time Cost: 00000046 ms
Total Time Cost: 00001584 ms
Total Distance 191: 4 3 4 6 6 6 7 3 3 3 4 5 6 6 7 4 4 3 4 6 6 6 6 4 4 3 4 6 6 5 7 4 3 3 4 5 6 6 5 4
Last Time Cost: 00000049 ms
Total Time Cost: 00001633 ms
Total Distance 188: 4 3 4 6 6 6 7 3 3 3 4 4 6 6 7 4 4 3 4 6 5 6 6 4 4 3 4 6 6 4 7 4 3 3 4 5 6 6 5 4
Last Time Cost: 00000054 ms
Total Time Cost: 00001687 ms
Total Distance 185: 4 3 4 6 6 6 6 3 3 3 4 4 6 6 7 4 3 3 4 5 5 6 6 4 4 3 4 6 6 4 7 4 3 3 4 5 6 6 5 4
Last Time Cost: 00000044 ms
Total Time Cost: 00001731 ms
Total Distance 182: 4 3 4 6 6 6 6 3 3 3 4 4 6 5 7 4 3 3 4 5 5 6 5 4 4 3 4 6 6 4 7 3 3 3 4 5 6 6 5 4
Last Time Cost: 00000048 ms
Total Time Cost: 00001779 ms
Total Distance 179: 4 3 4 6 5 6 6 3 3 3 4 4 6 4 7 4 3 3 4 5 5 6 5 4 4 3 4 6 6 4 7 3 3 3 4 4 6 6 5 4
Last Time Cost: 00000049 ms
Total Time Cost: 00001828 ms
Total Distance 176: 3 3 4 5 5 6 6 3 3 3 4 4 6 4 7 4 3 3 4 5 5 6 5 4 4 3 4 6 6 4 6 3 3 3 4 4 6 6 5 4
Last Time Cost: 00000036 ms
Total Time Cost: 00001864 ms
Total Distance 173: 3 3 4 5 5 6 5 3 3 3 4 4 6 4 7 3 3 3 4 5 5 6 5 4 4 3 4 6 6 4 6 3 3 3 4 4 6 5 5 4
Last Time Cost: 00000039 ms
Total Time Cost: 00001903 ms
Total Distance 170: 3 3 4 5 5 6 5 3 3 3 4 4 6 4 7 3 3 3 4 4 5 6 5 4 4 3 4 6 5 4 6 3 3 3 4 4 6 4 5 4
Last Time Cost: 00000041 ms
Total Time Cost: 00001944 ms
Total Distance 167: 3 3 4 5 5 6 5 3 3 3 4 4 6 4 6 3 3 3 4 4 5 6 5 4 3 3 4 5 5 4 6 3 3 3 4 4 6 4 5 4
Last Time Cost: 00000017 ms
Total Time Cost: 00001961 ms
Total Distance 164: 3 3 4 5 5 6 5 3 3 3 4 4 6 4 6 3 3 3 4 4 5 5 5 4 3 3 4 5 5 4 5 3 3 3 4 4 6 4 5 3
Last Time Cost: 00000016 ms
Total Time Cost: 00001977 ms
Total Distance 161: 3 3 4 5 5 5 5 3 3 3 4 4 6 4 5 3 3 3 4 4 5 5 5 3 3 3 4 5 5 4 5 3 3 3 4 4 6 4 5 3
Last Time Cost: 00000016 ms
Total Time Cost: 00001993 ms
Total Distance 158: 3 3 4 4 5 5 5 3 3 3 4 4 5 4 5 3 3 3 4 4 5 4 5 3 3 3 4 5 5 4 5 3 3 3 4 4 6 4 5 3
Last Time Cost: 00000015 ms
Total Time Cost: 00002008 ms
Total Distance 155: 3 3 4 4 5 4 5 3 3 3 4 4 5 4 5 3 3 3 4 4 5 4 5 3 3 3 4 4 5 4 5 3 3 3 4 4 5 4 5 3
Last Time Cost: 00000012 ms
Total Time Cost: 00002020 ms
Total Distance 153: 2 3 4 4 5 4 5 3 3 3 4 4 5 4 5 3 2 3 4 4 5 4 5 3 3 3 4 4 5 4 5 3 3 3 4 4 5 4 5 3
Last Time Cost: 00000013 ms
Total Time Cost: 00002033 ms
Total Distance 151: 2 3 4 4 5 4 5 3 2 3 4 4 5 4 5 3 2 3 4 4 5 4 5 3 2 3 4 4 5 4 5 3 3 3 4 4 5 4 5 3
Last Time Cost: 00000014 ms
Total Time Cost: 00002047 ms
Total Distance 149: 2 3 4 4 5 4 5 3 2 3 4 4 5 4 5 2 2 3 4 4 5 4 5 3 2 3 4 4 5 4 4 3 3 3 4 4 5 4 5 3
Last Time Cost: 00000013 ms
Total Time Cost: 00002060 ms
Total Distance 147: 2 3 3 4 5 4 5 3 2 3 4 4 5 4 5 2 2 3 3 4 5 4 5 3 2 3 4 4 5 4 4 3 3 3 4 4 5 4 5 3
Last Time Cost: 00000014 ms
Total Time Cost: 00002074 ms
Total Distance 145: 2 3 3 4 5 4 5 3 2 3 4 4 5 4 5 2 2 3 3 4 5 4 4 3 2 3 4 4 5 4 4 2 3 3 4 4 5 4 5 3
Last Time Cost: 00000013 ms
Total Time Cost: 00002087 ms
Total Distance 143: 2 3 3 4 5 4 5 3 2 3 4 4 5 4 5 2 2 3 3 4 5 4 4 2 2 3 4 4 5 4 4 2 3 3 4 4 5 4 4 3
Last Time Cost: 00000013 ms
Total Time Cost: 00002100 ms
Total Distance 141: 2 3 3 4 5 4 5 3 2 3 4 4 5 4 4 2 2 3 3 4 5 4 4 2 2 3 4 4 5 4 4 2 3 3 4 4 5 4 4 2
Last Time Cost: 00000012 ms
Total Time Cost: 00002112 ms
Total Distance 139: 2 3 3 4 5 4 5 3 2 3 3 4 5 4 4 2 2 3 3 4 5 4 4 2 2 3 3 4 5 4 4 2 3 3 4 4 5 4 4 2
Last Time Cost: 00000012 ms
Total Time Cost: 00002124 ms
Total Distance 137: 2 3 3 4 5 4 5 3 2 3 3 3 5 4 4 2 2 3 3 4 5 4 3 2 2 3 3 4 5 4 4 2 3 3 4 4 5 4 4 2
Last Time Cost: 00000013 ms
Total Time Cost: 00002137 ms
Total Distance 135: 2 3 3 4 5 4 5 3 2 3 3 3 5 4 4 2 2 3 3 4 5 4 3 2 2 3 3 3 5 4 4 2 3 3 4 4 5 4 3 2
Last Time Cost: 00000013 ms
Total Time Cost: 00002150 ms
Total Distance 133: 2 3 3 4 5 4 4 3 2 3 3 3 5 4 4 2 2 3 3 4 5 4 3 2 2 3 3 3 5 4 4 2 3 3 4 3 5 4 3 2
Last Time Cost: 00000012 ms
Total Time Cost: 00002162 ms
Total Distance 131: 2 3 3 4 5 4 4 3 2 3 3 3 4 4 4 2 2 3 3 4 5 4 3 2 2 3 3 3 5 4 4 2 3 3 4 3 4 4 3 2
Last Time Cost: 00000009 ms
Total Time Cost: 00002171 ms
Total Distance 129: 2 3 3 4 4 4 4 3 2 3 3 3 4 4 4 2 2 3 3 4 4 4 3 2 2 3 3 3 5 4 4 2 3 3 4 3 4 4 3 2
Last Time Cost: 00000005 ms
Total Time Cost: 00002176 ms
Total Distance 128: 2 3 3 4 4 4 4 3 2 3 3 3 4 4 4 2 1 3 3 4 4 4 3 2 2 3 3 3 5 4 4 2 3 3 4 3 4 4 3 2
Last Time Cost: 00000001 ms
Total Time Cost: 00002177 ms
Total Distance 127: 2 3 3 4 4 4 4 3 2 3 3 3 4 4 4 2 0 3 3 4 4 4 3 2 2 3 3 3 5 4 4 2 3 3 4 3 4 4 3 2
Last Time Cost: 00000005 ms
Total Time Cost: 00002182 ms
Total Distance 126: 2 3 3 4 4 4 4 3 2 3 3 3 4 4 4 1 0 3 3 4 4 4 3 2 2 3 3 3 5 4 4 2 3 3 4 3 4 4 3 2
Last Time Cost: 00000001 ms
Total Time Cost: 00002183 ms
Total Distance 125: 2 3 3 4 4 4 4 3 2 3 3 3 4 4 4 0 0 3 3 4 4 4 3 2 2 3 3 3 5 4 4 2 3 3 4 3 4 4 3 2
Last Time Cost: 00000006 ms
Total Time Cost: 00002189 ms
Total Distance 123: 2 3 3 4 4 3 3 3 2 3 3 3 4 4 4 0 0 3 3 4 4 4 3 2 2 3 3 3 5 4 4 2 3 3 4 3 4 4 3 2
Last Time Cost: 00000005 ms
Total Time Cost: 00002194 ms
Total Distance 122: 2 3 3 4 4 3 3 3 2 3 3 3 4 4 4 0 0 3 3 4 4 4 3 2 2 3 3 3 5 4 4 2 3 3 4 3 4 4 3 1
Last Time Cost: 00000001 ms
Total Time Cost: 00002195 ms
Total Distance 121: 2 3 3 4 4 3 3 3 2 3 3 3 4 4 4 0 0 3 3 4 4 4 3 2 2 3 3 3 5 4 4 2 3 3 4 3 4 4 3 0
Last Time Cost: 00000006 ms
Total Time Cost: 00002201 ms
Total Distance 120: 2 3 3 4 4 3 3 3 2 3 3 3 4 4 4 0 0 3 3 4 4 4 3 2 1 3 3 3 5 4 4 2 3 3 4 3 4 4 3 0
Last Time Cost: 00000000 ms
Total Time Cost: 00002201 ms
Total Distance 119: 2 3 3 4 4 3 3 3 2 3 3 3 4 4 4 0 0 3 3 4 4 4 3 2 0 3 3 3 5 4 4 2 3 3 4 3 4 4 3 0
Last Time Cost: 00000006 ms
Total Time Cost: 00002207 ms
Total Distance 118: 2 3 3 4 4 3 3 3 2 3 3 3 4 4 4 0 0 3 3 4 4 4 3 2 0 3 3 3 5 4 4 1 3 3 4 3 4 4 3 0
Last Time Cost: 00000000 ms
Total Time Cost: 00002207 ms
Total Distance 117: 2 3 3 4 4 3 3 3 2 3 3 3 4 4 4 0 0 3 3 4 4 4 3 2 0 3 3 3 5 4 4 0 3 3 4 3 4 4 3 0
Last Time Cost: 00000006 ms
Total Time Cost: 00002213 ms
Total Distance 116: 1 3 3 4 4 3 3 3 2 3 3 3 4 4 4 0 0 3 3 4 4 4 3 2 0 3 3 3 5 4 4 0 3 3 4 3 4 4 3 0
Last Time Cost: 00000000 ms
Total Time Cost: 00002213 ms
Total Distance 115: 0 3 3 4 4 3 3 3 2 3 3 3 4 4 4 0 0 3 3 4 4 4 3 2 0 3 3 3 5 4 4 0 3 3 4 3 4 4 3 0
Last Time Cost: 00000007 ms
Total Time Cost: 00002220 ms
Total Distance 114: 0 3 3 4 4 3 3 3 1 3 3 3 4 4 4 0 0 3 3 4 4 4 3 2 0 3 3 3 5 4 4 0 3 3 4 3 4 4 3 0
Last Time Cost: 00000000 ms
Total Time Cost: 00002220 ms
Total Distance 113: 0 3 3 4 4 3 3 3 0 3 3 3 4 4 4 0 0 3 3 4 4 4 3 2 0 3 3 3 5 4 4 0 3 3 4 3 4 4 3 0
Last Time Cost: 00000008 ms
Total Time Cost: 00002228 ms
Total Distance 112: 0 3 3 4 4 3 3 3 0 3 3 3 4 4 4 0 0 3 3 4 4 4 3 1 0 3 3 3 5 4 4 0 3 3 4 3 4 4 3 0
Last Time Cost: 00000001 ms
Total Time Cost: 00002229 ms
Total Distance 111: 0 3 3 4 4 3 3 3 0 3 3 3 4 4 4 0 0 3 3 4 4 4 3 0 0 3 3 3 5 4 4 0 3 3 4 3 4 4 3 0
Last Time Cost: 00000008 ms
Total Time Cost: 00002237 ms
Total Distance 110: 0 3 3 4 4 3 3 3 0 3 3 3 4 4 4 0 0 3 3 4 4 4 2 0 0 3 3 3 5 4 4 0 3 3 4 3 4 4 3 0
Last Time Cost: 00000001 ms
Total Time Cost: 00002238 ms
Total Distance 109: 0 3 3 4 4 3 3 3 0 3 3 3 4 4 4 0 0 3 3 4 4 4 1 0 0 3 3 3 5 4 4 0 3 3 4 3 4 4 3 0
Last Time Cost: 00000000 ms
Total Time Cost: 00002238 ms
Total Distance 108: 0 3 3 4 4 3 3 3 0 3 3 3 4 4 4 0 0 3 3 4 4 4 0 0 0 3 3 3 5 4 4 0 3 3 4 3 4 4 3 0
Last Time Cost: 00000009 ms
Total Time Cost: 00002247 ms
Total Distance 107: 0 3 3 4 4 3 3 3 0 3 3 2 4 4 4 0 0 3 3 4 4 4 0 0 0 3 3 3 5 4 4 0 3 3 4 3 4 4 3 0
Last Time Cost: 00000002 ms
Total Time Cost: 00002249 ms
Total Distance 106: 0 3 3 4 4 3 3 3 0 3 3 1 4 4 4 0 0 3 3 4 4 4 0 0 0 3 3 3 5 4 4 0 3 3 4 3 4 4 3 0
Last Time Cost: 00000000 ms
Total Time Cost: 00002249 ms
Total Distance 105: 0 3 3 4 4 3 3 3 0 3 3 0 4 4 4 0 0 3 3 4 4 4 0 0 0 3 3 3 5 4 4 0 3 3 4 3 4 4 3 0
Last Time Cost: 00000011 ms
Total Time Cost: 00002260 ms
Total Distance 104: 0 3 3 4 4 3 3 3 0 3 3 0 4 4 4 0 0 2 3 4 4 4 0 0 0 3 3 3 5 4 4 0 3 3 4 3 4 4 3 0
Last Time Cost: 00000001 ms
Total Time Cost: 00002261 ms
Total Distance 103: 0 3 3 4 4 3 3 3 0 3 3 0 4 4 4 0 0 1 3 4 4 4 0 0 0 3 3 3 5 4 4 0 3 3 4 3 4 4 3 0
Last Time Cost: 00000000 ms
Total Time Cost: 00002261 ms
Total Distance 102: 0 3 3 4 4 3 3 3 0 3 3 0 4 4 4 0 0 0 3 4 4 4 0 0 0 3 3 3 5 4 4 0 3 3 4 3 4 4 3 0
Last Time Cost: 00000013 ms
Total Time Cost: 00002274 ms
Total Distance 101: 0 3 3 4 4 3 3 3 0 3 3 0 4 4 4 0 0 0 3 4 4 4 0 0 0 3 3 3 5 4 4 0 3 3 4 3 4 4 2 0
Last Time Cost: 00000001 ms
Total Time Cost: 00002275 ms
Total Distance 100: 0 3 3 4 4 3 3 3 0 3 3 0 4 4 4 0 0 0 3 4 4 4 0 0 0 3 3 3 5 4 4 0 3 3 4 3 4 4 1 0
Last Time Cost: 00000001 ms
Total Time Cost: 00002276 ms
Total Distance 99: 0 3 3 4 4 3 3 3 0 3 3 0 4 4 4 0 0 0 3 4 4 4 0 0 0 3 3 3 5 4 4 0 3 3 4 3 4 4 0 0
Last Time Cost: 00000013 ms
Total Time Cost: 00002289 ms
Total Distance 97: 0 3 3 4 4 3 3 3 0 3 3 0 4 4 4 0 0 0 3 4 4 3 0 0 0 3 3 3 5 3 4 0 3 3 4 3 4 4 0 0
Last Time Cost: 00000013 ms
Total Time Cost: 00002302 ms
Total Distance 96: 0 3 3 4 4 3 3 3 0 3 3 0 4 4 4 0 0 0 3 4 4 2 0 0 0 3 3 3 5 3 4 0 3 3 4 3 4 4 0 0
Last Time Cost: 00000001 ms
Total Time Cost: 00002303 ms
Total Distance 95: 0 3 3 4 4 3 3 3 0 3 3 0 4 4 4 0 0 0 3 4 4 1 0 0 0 3 3 3 5 3 4 0 3 3 4 3 4 4 0 0
Last Time Cost: 00000000 ms
Total Time Cost: 00002303 ms
Total Distance 94: 0 3 3 4 4 3 3 3 0 3 3 0 4 4 4 0 0 0 3 4 4 0 0 0 0 3 3 3 5 3 4 0 3 3 4 3 4 4 0 0
Last Time Cost: 00000014 ms
Total Time Cost: 00002317 ms
Total Distance 93: 0 3 3 4 4 3 3 3 0 2 3 0 4 4 4 0 0 0 3 4 4 0 0 0 0 3 3 3 5 3 4 0 3 3 4 3 4 4 0 0
Last Time Cost: 00000002 ms
Total Time Cost: 00002319 ms
Total Distance 92: 0 3 3 4 4 3 3 3 0 1 3 0 4 4 4 0 0 0 3 4 4 0 0 0 0 3 3 3 5 3 4 0 3 3 4 3 4 4 0 0
Last Time Cost: 00000000 ms
Total Time Cost: 00002319 ms
Total Distance 91: 0 3 3 4 4 3 3 3 0 0 3 0 4 4 4 0 0 0 3 4 4 0 0 0 0 3 3 3 5 3 4 0 3 3 4 3 4 4 0 0
Last Time Cost: 00000015 ms
Total Time Cost: 00002334 ms
Total Distance 90: 0 3 3 4 4 3 3 3 0 0 3 0 4 4 4 0 0 0 3 4 4 0 0 0 0 3 3 3 5 3 4 0 3 2 4 3 4 4 0 0
Last Time Cost: 00000001 ms
Total Time Cost: 00002335 ms
Total Distance 89: 0 3 3 4 4 3 3 3 0 0 3 0 4 4 4 0 0 0 3 4 4 0 0 0 0 3 3 3 5 3 4 0 3 1 4 3 4 4 0 0
Last Time Cost: 00000000 ms
Total Time Cost: 00002335 ms
Total Distance 88: 0 3 3 4 4 3 3 3 0 0 3 0 4 4 4 0 0 0 3 4 4 0 0 0 0 3 3 3 5 3 4 0 3 0 4 3 4 4 0 0
Last Time Cost: 00000016 ms
Total Time Cost: 00002351 ms
Total Distance 87: 0 3 3 4 4 3 3 3 0 0 3 0 4 4 4 0 0 0 3 4 4 0 0 0 0 3 3 3 5 2 4 0 3 0 4 3 4 4 0 0
Last Time Cost: 00000001 ms
Total Time Cost: 00002352 ms
Total Distance 86: 0 3 3 4 4 3 3 3 0 0 3 0 4 4 4 0 0 0 3 4 4 0 0 0 0 3 3 3 5 1 4 0 3 0 4 3 4 4 0 0
Last Time Cost: 00000000 ms
Total Time Cost: 00002352 ms
Total Distance 85: 0 3 3 4 4 3 3 3 0 0 3 0 4 4 4 0 0 0 3 4 4 0 0 0 0 3 3 3 5 0 4 0 3 0 4 3 4 4 0 0
Last Time Cost: 00000018 ms
Total Time Cost: 00002370 ms
Total Distance 84: 0 3 3 4 4 3 3 3 0 0 3 0 4 4 4 0 0 0 3 4 4 0 0 0 0 3 3 2 5 0 4 0 3 0 4 3 4 4 0 0
Last Time Cost: 00000001 ms
Total Time Cost: 00002371 ms
Total Distance 83: 0 3 3 4 4 3 3 3 0 0 3 0 4 4 4 0 0 0 3 4 4 0 0 0 0 3 3 1 5 0 4 0 3 0 4 3 4 4 0 0
Last Time Cost: 00000000 ms
Total Time Cost: 00002371 ms
Total Distance 82: 0 3 3 4 4 3 3 3 0 0 3 0 4 4 4 0 0 0 3 4 4 0 0 0 0 3 3 0 5 0 4 0 3 0 4 3 4 4 0 0
Last Time Cost: 00000021 ms
Total Time Cost: 00002392 ms
Total Distance 81: 0 3 3 4 4 2 3 3 0 0 3 0 4 4 4 0 0 0 3 4 4 0 0 0 0 3 3 0 5 0 4 0 3 0 4 3 4 4 0 0
Last Time Cost: 00000001 ms
Total Time Cost: 00002393 ms
Total Distance 80: 0 3 3 4 4 1 3 3 0 0 3 0 4 4 4 0 0 0 3 4 4 0 0 0 0 3 3 0 5 0 4 0 3 0 4 3 4 4 0 0
Last Time Cost: 00000000 ms
Total Time Cost: 00002393 ms
Total Distance 79: 0 3 3 4 4 0 3 3 0 0 3 0 4 4 4 0 0 0 3 4 4 0 0 0 0 3 3 0 5 0 4 0 3 0 4 3 4 4 0 0
Last Time Cost: 00000022 ms
Total Time Cost: 00002415 ms
Total Distance 78: 0 3 3 4 4 0 3 3 0 0 3 0 4 4 4 0 0 0 3 4 4 0 0 0 0 3 2 0 5 0 4 0 3 0 4 3 4 4 0 0
Last Time Cost: 00000001 ms
Total Time Cost: 00002416 ms
Total Distance 77: 0 3 3 4 4 0 3 3 0 0 3 0 4 4 4 0 0 0 3 4 4 0 0 0 0 3 1 0 5 0 4 0 3 0 4 3 4 4 0 0
Last Time Cost: 00000000 ms
Total Time Cost: 00002416 ms
Total Distance 76: 0 3 3 4 4 0 3 3 0 0 3 0 4 4 4 0 0 0 3 4 4 0 0 0 0 3 0 0 5 0 4 0 3 0 4 3 4 4 0 0
Last Time Cost: 00000024 ms
Total Time Cost: 00002440 ms
Total Distance 75: 0 3 3 4 4 0 2 3 0 0 3 0 4 4 4 0 0 0 3 4 4 0 0 0 0 3 0 0 5 0 4 0 3 0 4 3 4 4 0 0
Last Time Cost: 00000001 ms
Total Time Cost: 00002441 ms
Total Distance 74: 0 3 3 4 4 0 1 3 0 0 3 0 4 4 4 0 0 0 3 4 4 0 0 0 0 3 0 0 5 0 4 0 3 0 4 3 4 4 0 0
Last Time Cost: 00000000 ms
Total Time Cost: 00002441 ms
Total Distance 73: 0 3 3 4 4 0 0 3 0 0 3 0 4 4 4 0 0 0 3 4 4 0 0 0 0 3 0 0 5 0 4 0 3 0 4 3 4 4 0 0
Last Time Cost: 00000026 ms
Total Time Cost: 00002467 ms
Total Distance 72: 0 3 3 4 4 0 0 3 0 0 2 0 4 4 4 0 0 0 3 4 4 0 0 0 0 3 0 0 5 0 4 0 3 0 4 3 4 4 0 0
Last Time Cost: 00000001 ms
Total Time Cost: 00002468 ms
Total Distance 71: 0 3 3 4 4 0 0 3 0 0 1 0 4 4 4 0 0 0 3 4 4 0 0 0 0 3 0 0 5 0 4 0 3 0 4 3 4 4 0 0
Last Time Cost: 00000000 ms
Total Time Cost: 00002468 ms
Total Distance 70: 0 3 3 4 4 0 0 3 0 0 0 0 4 4 4 0 0 0 3 4 4 0 0 0 0 3 0 0 5 0 4 0 3 0 4 3 4 4 0 0
Last Time Cost: 00000030 ms
Total Time Cost: 00002498 ms
Total Distance 69: 0 3 3 4 4 0 0 3 0 0 0 0 4 4 4 0 0 0 3 4 4 0 0 0 0 3 0 0 5 0 4 0 3 0 4 2 4 4 0 0
Last Time Cost: 00000001 ms
Total Time Cost: 00002499 ms
Total Distance 68: 0 3 3 4 4 0 0 3 0 0 0 0 4 4 4 0 0 0 3 4 4 0 0 0 0 3 0 0 5 0 4 0 3 0 4 1 4 4 0 0
Last Time Cost: 00000000 ms
Total Time Cost: 00002499 ms
Total Distance 67: 0 3 3 4 4 0 0 3 0 0 0 0 4 4 4 0 0 0 3 4 4 0 0 0 0 3 0 0 5 0 4 0 3 0 4 0 4 4 0 0
Last Time Cost: 00000032 ms
Total Time Cost: 00002531 ms
Total Distance 66: 0 3 2 4 4 0 0 3 0 0 0 0 4 4 4 0 0 0 3 4 4 0 0 0 0 3 0 0 5 0 4 0 3 0 4 0 4 4 0 0
Last Time Cost: 00000001 ms
Total Time Cost: 00002532 ms
Total Distance 65: 0 3 1 4 4 0 0 3 0 0 0 0 4 4 4 0 0 0 3 4 4 0 0 0 0 3 0 0 5 0 4 0 3 0 4 0 4 4 0 0
Last Time Cost: 00000000 ms
Total Time Cost: 00002532 ms
Total Distance 64: 0 3 0 4 4 0 0 3 0 0 0 0 4 4 4 0 0 0 3 4 4 0 0 0 0 3 0 0 5 0 4 0 3 0 4 0 4 4 0 0
Last Time Cost: 00000034 ms
Total Time Cost: 00002566 ms
Total Distance 63: 0 3 0 4 4 0 0 3 0 0 0 0 4 4 4 0 0 0 2 4 4 0 0 0 0 3 0 0 5 0 4 0 3 0 4 0 4 4 0 0
Last Time Cost: 00000001 ms
Total Time Cost: 00002567 ms
Total Distance 62: 0 3 0 4 4 0 0 3 0 0 0 0 4 4 4 0 0 0 1 4 4 0 0 0 0 3 0 0 5 0 4 0 3 0 4 0 4 4 0 0
Last Time Cost: 00000001 ms
Total Time Cost: 00002568 ms
Total Distance 61: 0 3 0 4 4 0 0 3 0 0 0 0 4 4 4 0 0 0 0 4 4 0 0 0 0 3 0 0 5 0 4 0 3 0 4 0 4 4 0 0
Last Time Cost: 00000038 ms
Total Time Cost: 00002606 ms
Total Distance 60: 0 3 0 4 4 0 0 2 0 0 0 0 4 4 4 0 0 0 0 4 4 0 0 0 0 3 0 0 5 0 4 0 3 0 4 0 4 4 0 0
Last Time Cost: 00000001 ms
Total Time Cost: 00002607 ms
Total Distance 59: 0 3 0 4 4 0 0 1 0 0 0 0 4 4 4 0 0 0 0 4 4 0 0 0 0 3 0 0 5 0 4 0 3 0 4 0 4 4 0 0
Last Time Cost: 00000001 ms
Total Time Cost: 00002608 ms
Total Distance 58: 0 3 0 4 4 0 0 0 0 0 0 0 4 4 4 0 0 0 0 4 4 0 0 0 0 3 0 0 5 0 4 0 3 0 4 0 4 4 0 0
Last Time Cost: 00000041 ms
Total Time Cost: 00002649 ms
Total Distance 57: 0 3 0 4 4 0 0 0 0 0 0 0 4 4 4 0 0 0 0 4 4 0 0 0 0 3 0 0 5 0 4 0 2 0 4 0 4 4 0 0
Last Time Cost: 00000001 ms
Total Time Cost: 00002650 ms
Total Distance 56: 0 3 0 4 4 0 0 0 0 0 0 0 4 4 4 0 0 0 0 4 4 0 0 0 0 3 0 0 5 0 4 0 1 0 4 0 4 4 0 0
Last Time Cost: 00000000 ms
Total Time Cost: 00002650 ms
Total Distance 55: 0 3 0 4 4 0 0 0 0 0 0 0 4 4 4 0 0 0 0 4 4 0 0 0 0 3 0 0 5 0 4 0 0 0 4 0 4 4 0 0
Last Time Cost: 00000045 ms
Total Time Cost: 00002695 ms
Total Distance 54: 0 3 0 4 4 0 0 0 0 0 0 0 4 4 4 0 0 0 0 4 4 0 0 0 0 2 0 0 5 0 4 0 0 0 4 0 4 4 0 0
Last Time Cost: 00000001 ms
Total Time Cost: 00002696 ms
Total Distance 53: 0 3 0 4 4 0 0 0 0 0 0 0 4 4 4 0 0 0 0 4 4 0 0 0 0 1 0 0 5 0 4 0 0 0 4 0 4 4 0 0
Last Time Cost: 00000000 ms
Total Time Cost: 00002696 ms
Total Distance 52: 0 3 0 4 4 0 0 0 0 0 0 0 4 4 4 0 0 0 0 4 4 0 0 0 0 0 0 0 5 0 4 0 0 0 4 0 4 4 0 0
Last Time Cost: 00000046 ms
Total Time Cost: 00002742 ms
Total Distance 51: 0 2 0 4 4 0 0 0 0 0 0 0 4 4 4 0 0 0 0 4 4 0 0 0 0 0 0 0 5 0 4 0 0 0 4 0 4 4 0 0
Last Time Cost: 00000001 ms
Total Time Cost: 00002743 ms
Total Distance 50: 0 1 0 4 4 0 0 0 0 0 0 0 4 4 4 0 0 0 0 4 4 0 0 0 0 0 0 0 5 0 4 0 0 0 4 0 4 4 0 0
Last Time Cost: 00000000 ms
Total Time Cost: 00002743 ms
Total Distance 49: 0 0 0 4 4 0 0 0 0 0 0 0 4 4 4 0 0 0 0 4 4 0 0 0 0 0 0 0 5 0 4 0 0 0 4 0 4 4 0 0
Last Time Cost: 00000050 ms
Total Time Cost: 00002793 ms
Total Distance 48: 0 0 0 4 4 0 0 0 0 0 0 0 4 4 4 0 0 0 0 4 4 0 0 0 0 0 0 0 5 0 4 0 0 0 3 0 4 4 0 0
Last Time Cost: 00000001 ms
Total Time Cost: 00002794 ms
Total Distance 47: 0 0 0 4 4 0 0 0 0 0 0 0 4 4 4 0 0 0 0 4 4 0 0 0 0 0 0 0 5 0 4 0 0 0 2 0 4 4 0 0
Last Time Cost: 00000001 ms
Total Time Cost: 00002795 ms
Total Distance 46: 0 0 0 4 4 0 0 0 0 0 0 0 4 4 4 0 0 0 0 4 4 0 0 0 0 0 0 0 5 0 4 0 0 0 1 0 4 4 0 0
Last Time Cost: 00000001 ms
Total Time Cost: 00002796 ms
Total Distance 45: 0 0 0 4 4 0 0 0 0 0 0 0 4 4 4 0 0 0 0 4 4 0 0 0 0 0 0 0 5 0 4 0 0 0 0 0 4 4 0 0
Last Time Cost: 00000055 ms
Total Time Cost: 00002851 ms
Total Distance 43: 0 0 0 3 4 0 0 0 0 0 0 0 4 4 4 0 0 0 0 3 4 0 0 0 0 0 0 0 5 0 4 0 0 0 0 0 4 4 0 0
Last Time Cost: 00000060 ms
Total Time Cost: 00002911 ms
Total Distance 42: 0 0 0 3 4 0 0 0 0 0 0 0 4 4 4 0 0 0 0 2 4 0 0 0 0 0 0 0 5 0 4 0 0 0 0 0 4 4 0 0
Last Time Cost: 00000001 ms
Total Time Cost: 00002912 ms
Total Distance 41: 0 0 0 3 4 0 0 0 0 0 0 0 4 4 4 0 0 0 0 1 4 0 0 0 0 0 0 0 5 0 4 0 0 0 0 0 4 4 0 0
Last Time Cost: 00000000 ms
Total Time Cost: 00002912 ms
Total Distance 40: 0 0 0 3 4 0 0 0 0 0 0 0 4 4 4 0 0 0 0 0 4 0 0 0 0 0 0 0 5 0 4 0 0 0 0 0 4 4 0 0
Last Time Cost: 00000059 ms
Total Time Cost: 00002971 ms
Total Distance 39: 0 0 0 2 4 0 0 0 0 0 0 0 4 4 4 0 0 0 0 0 4 0 0 0 0 0 0 0 5 0 4 0 0 0 0 0 4 4 0 0
Last Time Cost: 00000001 ms
Total Time Cost: 00002972 ms
Total Distance 38: 0 0 0 1 4 0 0 0 0 0 0 0 4 4 4 0 0 0 0 0 4 0 0 0 0 0 0 0 5 0 4 0 0 0 0 0 4 4 0 0
Last Time Cost: 00000000 ms
Total Time Cost: 00002972 ms
Total Distance 37: 0 0 0 0 4 0 0 0 0 0 0 0 4 4 4 0 0 0 0 0 4 0 0 0 0 0 0 0 5 0 4 0 0 0 0 0 4 4 0 0
Last Time Cost: 00000064 ms
Total Time Cost: 00003036 ms
Total Distance 36: 0 0 0 0 4 0 0 0 0 0 0 0 4 4 3 0 0 0 0 0 4 0 0 0 0 0 0 0 5 0 4 0 0 0 0 0 4 4 0 0
Last Time Cost: 00000001 ms
Total Time Cost: 00003037 ms
Total Distance 35: 0 0 0 0 4 0 0 0 0 0 0 0 4 4 2 0 0 0 0 0 4 0 0 0 0 0 0 0 5 0 4 0 0 0 0 0 4 4 0 0
Last Time Cost: 00000001 ms
Total Time Cost: 00003038 ms
Total Distance 34: 0 0 0 0 4 0 0 0 0 0 0 0 4 4 1 0 0 0 0 0 4 0 0 0 0 0 0 0 5 0 4 0 0 0 0 0 4 4 0 0
Last Time Cost: 00000000 ms
Total Time Cost: 00003038 ms
Total Distance 33: 0 0 0 0 4 0 0 0 0 0 0 0 4 4 0 0 0 0 0 0 4 0 0 0 0 0 0 0 5 0 4 0 0 0 0 0 4 4 0 0
Last Time Cost: 00000070 ms
Total Time Cost: 00003108 ms
Total Distance 32: 0 0 0 0 4 0 0 0 0 0 0 0 3 4 0 0 0 0 0 0 4 0 0 0 0 0 0 0 5 0 4 0 0 0 0 0 4 4 0 0
Last Time Cost: 00000001 ms
Total Time Cost: 00003109 ms
Total Distance 31: 0 0 0 0 4 0 0 0 0 0 0 0 2 4 0 0 0 0 0 0 4 0 0 0 0 0 0 0 5 0 4 0 0 0 0 0 4 4 0 0
Last Time Cost: 00000002 ms
Total Time Cost: 00003111 ms
Total Distance 30: 0 0 0 0 4 0 0 0 0 0 0 0 1 4 0 0 0 0 0 0 4 0 0 0 0 0 0 0 5 0 4 0 0 0 0 0 4 4 0 0
Last Time Cost: 00000000 ms
Total Time Cost: 00003111 ms
Total Distance 29: 0 0 0 0 4 0 0 0 0 0 0 0 0 4 0 0 0 0 0 0 4 0 0 0 0 0 0 0 5 0 4 0 0 0 0 0 4 4 0 0
Last Time Cost: 00000077 ms
Total Time Cost: 00003188 ms
Total Distance 27: 0 0 0 0 4 0 0 0 0 0 0 0 0 4 0 0 0 0 0 0 4 0 0 0 0 0 0 0 4 0 4 0 0 0 0 0 4 3 0 0
Last Time Cost: 00000007 ms
Total Time Cost: 00003195 ms
Total Distance 25: 0 0 0 0 4 0 0 0 0 0 0 0 0 4 0 0 0 0 0 0 4 0 0 0 0 0 0 0 3 0 4 0 0 0 0 0 4 2 0 0
Last Time Cost: 00000006 ms
Total Time Cost: 00003201 ms
Total Distance 24: 0 0 0 0 4 0 0 0 0 0 0 0 0 4 0 0 0 0 0 0 4 0 0 0 0 0 0 0 3 0 4 0 0 0 0 0 4 1 0 0
Last Time Cost: 00000000 ms
Total Time Cost: 00003201 ms
Total Distance 23: 0 0 0 0 4 0 0 0 0 0 0 0 0 4 0 0 0 0 0 0 4 0 0 0 0 0 0 0 3 0 4 0 0 0 0 0 4 0 0 0
Last Time Cost: 00000007 ms
Total Time Cost: 00003208 ms
Total Distance 22: 0 0 0 0 4 0 0 0 0 0 0 0 0 4 0 0 0 0 0 0 4 0 0 0 0 0 0 0 2 0 4 0 0 0 0 0 4 0 0 0
Last Time Cost: 00000001 ms
Total Time Cost: 00003209 ms
Total Distance 21: 0 0 0 0 4 0 0 0 0 0 0 0 0 4 0 0 0 0 0 0 4 0 0 0 0 0 0 0 1 0 4 0 0 0 0 0 4 0 0 0
Last Time Cost: 00000000 ms
Total Time Cost: 00003209 ms
Total Distance 20: 0 0 0 0 4 0 0 0 0 0 0 0 0 4 0 0 0 0 0 0 4 0 0 0 0 0 0 0 0 0 4 0 0 0 0 0 4 0 0 0
Last Time Cost: 00000007 ms
Total Time Cost: 00003216 ms
Total Distance 19: 0 0 0 0 4 0 0 0 0 0 0 0 0 4 0 0 0 0 0 0 3 0 0 0 0 0 0 0 0 0 4 0 0 0 0 0 4 0 0 0
Last Time Cost: 00000001 ms
Total Time Cost: 00003217 ms
Total Distance 18: 0 0 0 0 4 0 0 0 0 0 0 0 0 4 0 0 0 0 0 0 2 0 0 0 0 0 0 0 0 0 4 0 0 0 0 0 4 0 0 0
Last Time Cost: 00000001 ms
Total Time Cost: 00003218 ms
Total Distance 17: 0 0 0 0 4 0 0 0 0 0 0 0 0 4 0 0 0 0 0 0 1 0 0 0 0 0 0 0 0 0 4 0 0 0 0 0 4 0 0 0
Last Time Cost: 00000001 ms
Total Time Cost: 00003219 ms
Total Distance 16: 0 0 0 0 4 0 0 0 0 0 0 0 0 4 0 0 0 0 0 0 0 0 0 0 0 0 0 0 0 0 4 0 0 0 0 0 4 0 0 0
Last Time Cost: 00000006 ms
Total Time Cost: 00003225 ms
Total Distance 15: 0 0 0 0 4 0 0 0 0 0 0 0 0 3 0 0 0 0 0 0 0 0 0 0 0 0 0 0 0 0 4 0 0 0 0 0 4 0 0 0
Last Time Cost: 00000001 ms
Total Time Cost: 00003226 ms
Total Distance 14: 0 0 0 0 4 0 0 0 0 0 0 0 0 2 0 0 0 0 0 0 0 0 0 0 0 0 0 0 0 0 4 0 0 0 0 0 4 0 0 0
Last Time Cost: 00000001 ms
Total Time Cost: 00003227 ms
Total Distance 13: 0 0 0 0 4 0 0 0 0 0 0 0 0 1 0 0 0 0 0 0 0 0 0 0 0 0 0 0 0 0 4 0 0 0 0 0 4 0 0 0
Last Time Cost: 00000000 ms
Total Time Cost: 00003227 ms
Total Distance 12: 0 0 0 0 4 0 0 0 0 0 0 0 0 0 0 0 0 0 0 0 0 0 0 0 0 0 0 0 0 0 4 0 0 0 0 0 4 0 0 0
Last Time Cost: 00000005 ms
Total Time Cost: 00003232 ms
Total Distance 11: 0 0 0 0 4 0 0 0 0 0 0 0 0 0 0 0 0 0 0 0 0 0 0 0 0 0 0 0 0 0 3 0 0 0 0 0 4 0 0 0
Last Time Cost: 00000001 ms
Total Time Cost: 00003233 ms
Total Distance 10: 0 0 0 0 4 0 0 0 0 0 0 0 0 0 0 0 0 0 0 0 0 0 0 0 0 0 0 0 0 0 2 0 0 0 0 0 4 0 0 0
Last Time Cost: 00000001 ms
Total Time Cost: 00003234 ms
Total Distance 9: 0 0 0 0 4 0 0 0 0 0 0 0 0 0 0 0 0 0 0 0 0 0 0 0 0 0 0 0 0 0 1 0 0 0 0 0 4 0 0 0
Last Time Cost: 00000001 ms
Total Time Cost: 00003235 ms
Total Distance 8: 0 0 0 0 4 0 0 0 0 0 0 0 0 0 0 0 0 0 0 0 0 0 0 0 0 0 0 0 0 0 0 0 0 0 0 0 4 0 0 0
Last Time Cost: 00000004 ms
Total Time Cost: 00003239 ms
Total Distance 7: 0 0 0 0 4 0 0 0 0 0 0 0 0 0 0 0 0 0 0 0 0 0 0 0 0 0 0 0 0 0 0 0 0 0 0 0 3 0 0 0
Last Time Cost: 00000001 ms
Total Time Cost: 00003240 ms
Total Distance 6: 0 0 0 0 4 0 0 0 0 0 0 0 0 0 0 0 0 0 0 0 0 0 0 0 0 0 0 0 0 0 0 0 0 0 0 0 2 0 0 0
Last Time Cost: 00000001 ms
Total Time Cost: 00003241 ms
Total Distance 5: 0 0 0 0 4 0 0 0 0 0 0 0 0 0 0 0 0 0 0 0 0 0 0 0 0 0 0 0 0 0 0 0 0 0 0 0 1 0 0 0
Last Time Cost: 00000000 ms
Total Time Cost: 00003241 ms
Total Distance 4: 0 0 0 0 4 0 0 0 0 0 0 0 0 0 0 0 0 0 0 0 0 0 0 0 0 0 0 0 0 0 0 0 0 0 0 0 0 0 0 0
Last Time Cost: 00000003 ms
Total Time Cost: 00003244 ms
Total Distance 3: 0 0 0 0 3 0 0 0 0 0 0 0 0 0 0 0 0 0 0 0 0 0 0 0 0 0 0 0 0 0 0 0 0 0 0 0 0 0 0 0
Last Time Cost: 00000001 ms
Total Time Cost: 00003245 ms
Total Distance 2: 0 0 0 0 2 0 0 0 0 0 0 0 0 0 0 0 0 0 0 0 0 0 0 0 0 0 0 0 0 0 0 0 0 0 0 0 0 0 0 0
Last Time Cost: 00000001 ms
Total Time Cost: 00003246 ms
Total Distance 1: 0 0 0 0 1 0 0 0 0 0 0 0 0 0 0 0 0 0 0 0 0 0 0 0 0 0 0 0 0 0 0 0 0 0 0 0 0 0 0 0
Last Time Cost: 00000000 ms
Total Time Cost: 00003246 ms
Total Distance 0: 0 0 0 0 0 0 0 0 0 0 0 0 0 0 0 0 0 0 0 0 0 0 0 0 0 0 0 0 0 0 0 0 0 0 0 0 0 0 0 0
