Last Time Cost: 00000000 ms
Total Time Cost: 00000000 ms
Total Distance 184: 4 6 4 6 4 4 4 6 4 4 4 6 4 6 4 4 4 6 4 4 4 6 4 6 4 4 4 6 4 4 4 6 4 6 4 4 4 6 4 4
Last Time Cost: 00000007 ms
Total Time Cost: 00000007 ms
Total Distance 178: 4 6 4 6 4 4 4 6 4 3 3 5 4 5 4 4 4 5 4 4 4 6 4 6 4 4 4 6 4 4 4 6 4 6 4 4 4 6 4 3
Last Time Cost: 00000003 ms
Total Time Cost: 00000010 ms
Total Distance 175: 4 6 4 6 4 4 4 6 4 2 3 5 4 5 4 4 4 5 4 4 4 6 4 6 4 4 4 6 3 4 4 6 4 6 4 4 4 6 3 3
Last Time Cost: 00000001 ms
Total Time Cost: 00000011 ms
Total Distance 174: 4 6 4 6 4 4 4 6 4 1 3 5 4 5 4 4 4 5 4 4 4 6 4 6 4 4 4 6 3 4 4 6 4 6 4 4 4 6 3 3
Last Time Cost: 00000001 ms
Total Time Cost: 00000012 ms
Total Distance 173: 4 6 4 6 4 4 4 6 4 0 3 5 4 5 4 4 4 5 4 4 4 6 4 6 4 4 4 6 3 4 4 6 4 6 4 4 4 6 3 3
Last Time Cost: 00000001 ms
Total Time Cost: 00000013 ms
Total Distance 170: 3 6 4 6 4 4 4 6 4 0 2 5 4 5 4 4 4 5 4 4 4 5 4 6 4 4 4 6 3 4 4 6 4 6 4 4 4 6 3 3
Last Time Cost: 00000001 ms
Total Time Cost: 00000014 ms
Total Distance 169: 3 6 4 6 4 4 4 6 4 0 1 5 4 5 4 4 4 5 4 4 4 5 4 6 4 4 4 6 3 4 4 6 4 6 4 4 4 6 3 3
Last Time Cost: 00000002 ms
Total Time Cost: 00000016 ms
Total Distance 168: 3 6 4 6 4 4 4 6 4 0 0 5 4 5 4 4 4 5 4 4 4 5 4 6 4 4 4 6 3 4 4 6 4 6 4 4 4 6 3 3
Last Time Cost: 00000001 ms
Total Time Cost: 00000017 ms
Total Distance 162: 2 5 4 5 4 4 4 5 4 0 0 5 4 5 4 4 4 5 4 3 4 5 4 6 4 4 4 6 3 3 4 6 4 6 4 4 4 6 3 3
Last Time Cost: 00000002 ms
Total Time Cost: 00000019 ms
Total Distance 160: 1 4 4 5 4 4 4 5 4 0 0 5 4 5 4 4 4 5 4 3 4 5 4 6 4 4 4 6 3 3 4 6 4 6 4 4 4 6 3 3
Last Time Cost: 00000001 ms
Total Time Cost: 00000020 ms
Total Distance 159: 0 4 4 5 4 4 4 5 4 0 0 5 4 5 4 4 4 5 4 3 4 5 4 6 4 4 4 6 3 3 4 6 4 6 4 4 4 6 3 3
Last Time Cost: 00000002 ms
Total Time Cost: 00000022 ms
Total Distance 156: 0 4 4 5 4 4 4 5 3 0 0 5 4 5 4 4 4 5 3 3 4 5 4 6 4 4 4 6 3 2 4 6 4 6 4 4 4 6 3 3
Last Time Cost: 00000002 ms
Total Time Cost: 00000024 ms
Total Distance 155: 0 4 4 5 4 4 4 5 3 0 0 5 4 5 4 4 4 5 3 3 4 5 4 6 4 4 4 6 3 1 4 6 4 6 4 4 4 6 3 3
Last Time Cost: 00000002 ms
Total Time Cost: 00000026 ms
Total Distance 154: 0 4 4 5 4 4 4 5 3 0 0 5 4 5 4 4 4 5 3 3 4 5 4 6 4 4 4 6 3 0 4 6 4 6 4 4 4 6 3 3
Last Time Cost: 00000002 ms
Total Time Cost: 00000028 ms
Total Distance 151: 0 4 4 5 4 4 4 4 3 0 0 5 4 5 4 4 4 4 3 3 4 5 4 6 4 4 4 6 2 0 4 6 4 6 4 4 4 6 3 3
Last Time Cost: 00000003 ms
Total Time Cost: 00000031 ms
Total Distance 150: 0 4 4 5 4 4 4 4 3 0 0 5 4 5 4 4 4 4 3 3 4 5 4 6 4 4 4 6 1 0 4 6 4 6 4 4 4 6 3 3
Last Time Cost: 00000002 ms
Total Time Cost: 00000033 ms
Total Distance 149: 0 4 4 5 4 4 4 4 3 0 0 5 4 5 4 4 4 4 3 3 4 5 4 6 4 4 4 6 0 0 4 6 4 6 4 4 4 6 3 3
Last Time Cost: 00000002 ms
Total Time Cost: 00000035 ms
Total Distance 146: 0 4 4 5 4 4 4 4 2 0 0 5 4 5 4 4 4 4 3 3 4 5 4 6 4 4 4 5 0 0 4 6 4 6 4 4 4 5 3 3
Last Time Cost: 00000002 ms
Total Time Cost: 00000037 ms
Total Distance 145: 0 4 4 5 4 4 4 4 1 0 0 5 4 5 4 4 4 4 3 3 4 5 4 6 4 4 4 5 0 0 4 6 4 6 4 4 4 5 3 3
Last Time Cost: 00000002 ms
Total Time Cost: 00000039 ms
Total Distance 144: 0 4 4 5 4 4 4 4 0 0 0 5 4 5 4 4 4 4 3 3 4 5 4 6 4 4 4 5 0 0 4 6 4 6 4 4 4 5 3 3
Last Time Cost: 00000002 ms
Total Time Cost: 00000041 ms
Total Distance 142: 0 4 4 5 4 4 4 4 0 0 0 5 4 5 4 4 4 4 3 2 4 5 4 6 4 4 4 5 0 0 4 6 4 6 4 4 4 5 3 2
Last Time Cost: 00000002 ms
Total Time Cost: 00000043 ms
Total Distance 141: 0 4 4 5 4 4 4 4 0 0 0 5 4 5 4 4 4 4 3 1 4 5 4 6 4 4 4 5 0 0 4 6 4 6 4 4 4 5 3 2
Last Time Cost: 00000002 ms
Total Time Cost: 00000045 ms
Total Distance 140: 0 4 4 5 4 4 4 4 0 0 0 5 4 5 4 4 4 4 3 0 4 5 4 6 4 4 4 5 0 0 4 6 4 6 4 4 4 5 3 2
Last Time Cost: 00000003 ms
Total Time Cost: 00000048 ms
Total Distance 139: 0 4 4 5 4 4 4 4 0 0 0 5 4 5 4 4 4 4 3 0 4 5 4 6 4 4 4 5 0 0 4 6 4 6 4 4 4 5 3 1
Last Time Cost: 00000003 ms
Total Time Cost: 00000051 ms
Total Distance 138: 0 4 4 5 4 4 4 4 0 0 0 5 4 5 4 4 4 4 3 0 4 5 4 6 4 4 4 5 0 0 4 6 4 6 4 4 4 5 3 0
Last Time Cost: 00000003 ms
Total Time Cost: 00000054 ms
Total Distance 136: 0 4 4 5 4 4 4 4 0 0 0 5 4 5 4 4 4 4 2 0 4 5 4 6 4 4 4 5 0 0 4 6 4 6 4 4 4 5 2 0
Last Time Cost: 00000003 ms
Total Time Cost: 00000057 ms
Total Distance 135: 0 4 4 5 4 4 4 4 0 0 0 5 4 5 4 4 4 4 2 0 4 5 4 6 4 4 4 5 0 0 4 6 4 6 4 4 4 5 1 0
Last Time Cost: 00000003 ms
Total Time Cost: 00000060 ms
Total Distance 134: 0 4 4 5 4 4 4 4 0 0 0 5 4 5 4 4 4 4 2 0 4 5 4 6 4 4 4 5 0 0 4 6 4 6 4 4 4 5 0 0
Last Time Cost: 00000003 ms
Total Time Cost: 00000063 ms
Total Distance 133: 0 4 4 5 4 4 4 4 0 0 0 5 4 5 4 4 4 4 1 0 4 5 4 6 4 4 4 5 0 0 4 6 4 6 4 4 4 5 0 0
Last Time Cost: 00000002 ms
Total Time Cost: 00000065 ms
Total Distance 132: 0 4 4 5 4 4 4 4 0 0 0 5 4 5 4 4 4 4 0 0 4 5 4 6 4 4 4 5 0 0 4 6 4 6 4 4 4 5 0 0
Last Time Cost: 00000003 ms
Total Time Cost: 00000068 ms
Total Distance 127: 0 4 4 5 4 4 4 4 0 0 0 5 4 5 4 4 4 4 0 0 3 4 4 5 4 4 4 4 0 0 3 6 4 6 4 4 4 5 0 0
Last Time Cost: 00000004 ms
Total Time Cost: 00000072 ms
Total Distance 124: 0 4 4 5 4 4 4 4 0 0 0 5 4 5 4 4 4 4 0 0 2 4 4 5 4 4 4 4 0 0 2 5 4 6 4 4 4 5 0 0
Last Time Cost: 00000003 ms
Total Time Cost: 00000075 ms
Total Distance 122: 0 4 4 5 4 4 4 4 0 0 0 5 4 5 4 4 4 4 0 0 2 4 4 5 4 4 4 4 0 0 1 4 4 6 4 4 4 5 0 0
Last Time Cost: 00000003 ms
Total Time Cost: 00000078 ms
Total Distance 121: 0 4 4 5 4 4 4 4 0 0 0 5 4 5 4 4 4 4 0 0 2 4 4 5 4 4 4 4 0 0 0 4 4 6 4 4 4 5 0 0
Last Time Cost: 00000004 ms
Total Time Cost: 00000082 ms
Total Distance 119: 0 4 4 5 4 4 4 4 0 0 0 4 4 5 4 4 4 4 0 0 1 4 4 5 4 4 4 4 0 0 0 4 4 6 4 4 4 5 0 0
Last Time Cost: 00000004 ms
Total Time Cost: 00000086 ms
Total Distance 118: 0 4 4 5 4 4 4 4 0 0 0 4 4 5 4 4 4 4 0 0 0 4 4 5 4 4 4 4 0 0 0 4 4 6 4 4 4 5 0 0
Last Time Cost: 00000004 ms
Total Time Cost: 00000090 ms
Total Distance 115: 0 3 4 5 4 4 4 4 0 0 0 4 3 5 4 4 4 4 0 0 0 4 4 5 4 4 4 4 0 0 0 3 4 6 4 4 4 5 0 0
Last Time Cost: 00000004 ms
Total Time Cost: 00000094 ms
Total Distance 112: 0 3 3 5 4 4 4 4 0 0 0 4 2 5 4 4 4 4 0 0 0 4 4 4 4 4 4 4 0 0 0 3 4 6 4 4 4 5 0 0
Last Time Cost: 00000004 ms
Total Time Cost: 00000098 ms
Total Distance 111: 0 3 3 5 4 4 4 4 0 0 0 4 1 5 4 4 4 4 0 0 0 4 4 4 4 4 4 4 0 0 0 3 4 6 4 4 4 5 0 0
Last Time Cost: 00000005 ms
Total Time Cost: 00000103 ms
Total Distance 110: 0 3 3 5 4 4 4 4 0 0 0 4 0 5 4 4 4 4 0 0 0 4 4 4 4 4 4 4 0 0 0 3 4 6 4 4 4 5 0 0
Last Time Cost: 00000004 ms
Total Time Cost: 00000107 ms
Total Distance 108: 0 3 2 5 4 4 4 4 0 0 0 4 0 5 4 4 4 4 0 0 0 4 4 4 4 4 4 4 0 0 0 3 3 6 4 4 4 5 0 0
Last Time Cost: 00000004 ms
Total Time Cost: 00000111 ms
Total Distance 107: 0 3 1 5 4 4 4 4 0 0 0 4 0 5 4 4 4 4 0 0 0 4 4 4 4 4 4 4 0 0 0 3 3 6 4 4 4 5 0 0
Last Time Cost: 00000004 ms
Total Time Cost: 00000115 ms
Total Distance 106: 0 3 0 5 4 4 4 4 0 0 0 4 0 5 4 4 4 4 0 0 0 4 4 4 4 4 4 4 0 0 0 3 3 6 4 4 4 5 0 0
Last Time Cost: 00000005 ms
Total Time Cost: 00000120 ms
Total Distance 104: 0 3 0 5 4 4 4 4 0 0 0 4 0 5 4 4 4 4 0 0 0 4 3 4 4 4 4 4 0 0 0 3 2 6 4 4 4 5 0 0
Last Time Cost: 00000005 ms
Total Time Cost: 00000125 ms
Total Distance 103: 0 3 0 5 4 4 4 4 0 0 0 4 0 5 4 4 4 4 0 0 0 4 3 4 4 4 4 4 0 0 0 3 1 6 4 4 4 5 0 0
Last Time Cost: 00000004 ms
Total Time Cost: 00000129 ms
Total Distance 102: 0 3 0 5 4 4 4 4 0 0 0 4 0 5 4 4 4 4 0 0 0 4 3 4 4 4 4 4 0 0 0 3 0 6 4 4 4 5 0 0
Last Time Cost: 00000005 ms
Total Time Cost: 00000134 ms
Total Distance 100: 0 3 0 5 4 4 4 4 0 0 0 4 0 5 4 4 4 4 0 0 0 4 2 4 4 4 4 4 0 0 0 2 0 6 4 4 4 5 0 0
Last Time Cost: 00000006 ms
Total Time Cost: 00000140 ms
Total Distance 99: 0 3 0 5 4 4 4 4 0 0 0 4 0 5 4 4 4 4 0 0 0 4 2 4 4 4 4 4 0 0 0 1 0 6 4 4 4 5 0 0
Last Time Cost: 00000005 ms
Total Time Cost: 00000145 ms
Total Distance 98: 0 3 0 5 4 4 4 4 0 0 0 4 0 5 4 4 4 4 0 0 0 4 2 4 4 4 4 4 0 0 0 0 0 6 4 4 4 5 0 0
Last Time Cost: 00000006 ms
Total Time Cost: 00000151 ms
Total Distance 97: 0 3 0 5 4 4 4 4 0 0 0 4 0 5 4 4 4 4 0 0 0 4 1 4 4 4 4 4 0 0 0 0 0 6 4 4 4 5 0 0
Last Time Cost: 00000005 ms
Total Time Cost: 00000156 ms
Total Distance 96: 0 3 0 5 4 4 4 4 0 0 0 4 0 5 4 4 4 4 0 0 0 4 0 4 4 4 4 4 0 0 0 0 0 6 4 4 4 5 0 0
Last Time Cost: 00000006 ms
Total Time Cost: 00000162 ms
Total Distance 95: 0 2 0 5 4 4 4 4 0 0 0 4 0 5 4 4 4 4 0 0 0 4 0 4 4 4 4 4 0 0 0 0 0 6 4 4 4 5 0 0
Last Time Cost: 00000007 ms
Total Time Cost: 00000169 ms
Total Distance 94: 0 1 0 5 4 4 4 4 0 0 0 4 0 5 4 4 4 4 0 0 0 4 0 4 4 4 4 4 0 0 0 0 0 6 4 4 4 5 0 0
Last Time Cost: 00000005 ms
Total Time Cost: 00000174 ms
Total Distance 93: 0 0 0 5 4 4 4 4 0 0 0 4 0 5 4 4 4 4 0 0 0 4 0 4 4 4 4 4 0 0 0 0 0 6 4 4 4 5 0 0
Last Time Cost: 00000007 ms
Total Time Cost: 00000181 ms
Total Distance 90: 0 0 0 5 4 4 3 4 0 0 0 4 0 5 4 4 4 3 0 0 0 4 0 4 4 4 4 4 0 0 0 0 0 6 4 4 3 5 0 0
Last Time Cost: 00000007 ms
Total Time Cost: 00000188 ms
Total Distance 87: 0 0 0 5 4 4 3 4 0 0 0 4 0 5 4 3 4 3 0 0 0 4 0 4 4 3 4 4 0 0 0 0 0 6 4 4 2 5 0 0
Last Time Cost: 00000007 ms
Total Time Cost: 00000195 ms
Total Distance 86: 0 0 0 5 4 4 3 4 0 0 0 4 0 5 4 3 4 3 0 0 0 4 0 4 4 3 4 4 0 0 0 0 0 6 4 4 1 5 0 0
Last Time Cost: 00000006 ms
Total Time Cost: 00000201 ms
Total Distance 85: 0 0 0 5 4 4 3 4 0 0 0 4 0 5 4 3 4 3 0 0 0 4 0 4 4 3 4 4 0 0 0 0 0 6 4 4 0 5 0 0
Last Time Cost: 00000007 ms
Total Time Cost: 00000208 ms
Total Distance 82: 0 0 0 5 3 4 3 4 0 0 0 4 0 5 4 2 4 3 0 0 0 4 0 4 4 3 4 4 0 0 0 0 0 6 3 4 0 5 0 0
Last Time Cost: 00000007 ms
Total Time Cost: 00000215 ms
Total Distance 81: 0 0 0 5 3 4 3 4 0 0 0 4 0 5 4 1 4 3 0 0 0 4 0 4 4 3 4 4 0 0 0 0 0 6 3 4 0 5 0 0
Last Time Cost: 00000007 ms
Total Time Cost: 00000222 ms
Total Distance 80: 0 0 0 5 3 4 3 4 0 0 0 4 0 5 4 0 4 3 0 0 0 4 0 4 4 3 4 4 0 0 0 0 0 6 3 4 0 5 0 0
Last Time Cost: 00000008 ms
Total Time Cost: 00000230 ms
Total Distance 77: 0 0 0 5 3 3 2 4 0 0 0 4 0 5 4 0 4 3 0 0 0 4 0 4 4 3 4 4 0 0 0 0 0 6 3 3 0 5 0 0
Last Time Cost: 00000008 ms
Total Time Cost: 00000238 ms
Total Distance 76: 0 0 0 5 3 3 1 4 0 0 0 4 0 5 4 0 4 3 0 0 0 4 0 4 4 3 4 4 0 0 0 0 0 6 3 3 0 5 0 0
Last Time Cost: 00000007 ms
Total Time Cost: 00000245 ms
Total Distance 75: 0 0 0 5 3 3 0 4 0 0 0 4 0 5 4 0 4 3 0 0 0 4 0 4 4 3 4 4 0 0 0 0 0 6 3 3 0 5 0 0
Last Time Cost: 00000008 ms
Total Time Cost: 00000253 ms
Total Distance 72: 0 0 0 5 3 3 0 4 0 0 0 4 0 5 3 0 4 3 0 0 0 4 0 4 3 3 4 4 0 0 0 0 0 6 3 2 0 5 0 0
Last Time Cost: 00000009 ms
Total Time Cost: 00000262 ms
Total Distance 71: 0 0 0 5 3 3 0 4 0 0 0 4 0 5 3 0 4 3 0 0 0 4 0 4 3 3 4 4 0 0 0 0 0 6 3 1 0 5 0 0
Last Time Cost: 00000008 ms
Total Time Cost: 00000270 ms
Total Distance 70: 0 0 0 5 3 3 0 4 0 0 0 4 0 5 3 0 4 3 0 0 0 4 0 4 3 3 4 4 0 0 0 0 0 6 3 0 0 5 0 0
Last Time Cost: 00000009 ms
Total Time Cost: 00000279 ms
Total Distance 67: 0 0 0 5 3 3 0 4 0 0 0 4 0 4 3 0 4 3 0 0 0 4 0 3 3 3 4 4 0 0 0 0 0 6 2 0 0 5 0 0
Last Time Cost: 00000010 ms
Total Time Cost: 00000289 ms
Total Distance 66: 0 0 0 5 3 3 0 4 0 0 0 4 0 4 3 0 4 3 0 0 0 4 0 3 3 3 4 4 0 0 0 0 0 6 1 0 0 5 0 0
Last Time Cost: 00000009 ms
Total Time Cost: 00000298 ms
Total Distance 65: 0 0 0 5 3 3 0 4 0 0 0 4 0 4 3 0 4 3 0 0 0 4 0 3 3 3 4 4 0 0 0 0 0 6 0 0 0 5 0 0
Last Time Cost: 00000010 ms
Total Time Cost: 00000308 ms
Total Distance 62: 0 0 0 4 3 3 0 4 0 0 0 4 0 4 2 0 4 3 0 0 0 4 0 3 3 3 4 4 0 0 0 0 0 5 0 0 0 5 0 0
Last Time Cost: 00000001 ms
Total Time Cost: 00000309 ms
Total Distance 61: 0 0 0 4 3 3 0 4 0 0 0 4 0 4 1 0 4 3 0 0 0 4 0 3 3 3 4 4 0 0 0 0 0 5 0 0 0 5 0 0
Last Time Cost: 00000001 ms
Total Time Cost: 00000310 ms
Total Distance 60: 0 0 0 4 3 3 0 4 0 0 0 4 0 4 0 0 4 3 0 0 0 4 0 3 3 3 4 4 0 0 0 0 0 5 0 0 0 5 0 0
Last Time Cost: 00000001 ms
Total Time Cost: 00000311 ms
Total Distance 58: 0 0 0 4 2 3 0 4 0 0 0 4 0 4 0 0 4 3 0 0 0 4 0 3 2 3 4 4 0 0 0 0 0 5 0 0 0 5 0 0
Last Time Cost: 00000001 ms
Total Time Cost: 00000312 ms
Total Distance 57: 0 0 0 4 2 3 0 4 0 0 0 4 0 4 0 0 4 3 0 0 0 4 0 3 1 3 4 4 0 0 0 0 0 5 0 0 0 5 0 0
Last Time Cost: 00000001 ms
Total Time Cost: 00000313 ms
Total Distance 56: 0 0 0 4 2 3 0 4 0 0 0 4 0 4 0 0 4 3 0 0 0 4 0 3 0 3 4 4 0 0 0 0 0 5 0 0 0 5 0 0
Last Time Cost: 00000001 ms
Total Time Cost: 00000314 ms
Total Distance 55: 0 0 0 4 1 3 0 4 0 0 0 4 0 4 0 0 4 3 0 0 0 4 0 3 0 3 4 4 0 0 0 0 0 5 0 0 0 5 0 0
Last Time Cost: 00000000 ms
Total Time Cost: 00000314 ms
Total Distance 54: 0 0 0 4 0 3 0 4 0 0 0 4 0 4 0 0 4 3 0 0 0 4 0 3 0 3 4 4 0 0 0 0 0 5 0 0 0 5 0 0
Last Time Cost: 00000001 ms
Total Time Cost: 00000315 ms
Total Distance 52: 0 0 0 4 0 2 0 4 0 0 0 4 0 4 0 0 4 3 0 0 0 4 0 3 0 2 4 4 0 0 0 0 0 5 0 0 0 5 0 0
Last Time Cost: 00000001 ms
Total Time Cost: 00000316 ms
Total Distance 51: 0 0 0 4 0 2 0 4 0 0 0 4 0 4 0 0 4 3 0 0 0 4 0 3 0 1 4 4 0 0 0 0 0 5 0 0 0 5 0 0
Last Time Cost: 00000000 ms
Total Time Cost: 00000316 ms
Total Distance 50: 0 0 0 4 0 2 0 4 0 0 0 4 0 4 0 0 4 3 0 0 0 4 0 3 0 0 4 4 0 0 0 0 0 5 0 0 0 5 0 0
Last Time Cost: 00000001 ms
Total Time Cost: 00000317 ms
Total Distance 49: 0 0 0 4 0 1 0 4 0 0 0 4 0 4 0 0 4 3 0 0 0 4 0 3 0 0 4 4 0 0 0 0 0 5 0 0 0 5 0 0
Last Time Cost: 00000001 ms
Total Time Cost: 00000318 ms
Total Distance 48: 0 0 0 4 0 0 0 4 0 0 0 4 0 4 0 0 4 3 0 0 0 4 0 3 0 0 4 4 0 0 0 0 0 5 0 0 0 5 0 0
Last Time Cost: 00000001 ms
Total Time Cost: 00000319 ms
Total Distance 47: 0 0 0 4 0 0 0 4 0 0 0 4 0 4 0 0 4 3 0 0 0 4 0 2 0 0 4 4 0 0 0 0 0 5 0 0 0 5 0 0
Last Time Cost: 00000001 ms
Total Time Cost: 00000320 ms
Total Distance 46: 0 0 0 4 0 0 0 4 0 0 0 4 0 4 0 0 4 3 0 0 0 4 0 1 0 0 4 4 0 0 0 0 0 5 0 0 0 5 0 0
Last Time Cost: 00000000 ms
Total Time Cost: 00000320 ms
Total Distance 45: 0 0 0 4 0 0 0 4 0 0 0 4 0 4 0 0 4 3 0 0 0 4 0 0 0 0 4 4 0 0 0 0 0 5 0 0 0 5 0 0
Last Time Cost: 00000002 ms
Total Time Cost: 00000322 ms
Total Distance 44: 0 0 0 4 0 0 0 4 0 0 0 4 0 4 0 0 4 2 0 0 0 4 0 0 0 0 4 4 0 0 0 0 0 5 0 0 0 5 0 0
Last Time Cost: 00000001 ms
Total Time Cost: 00000323 ms
Total Distance 43: 0 0 0 4 0 0 0 4 0 0 0 4 0 4 0 0 4 1 0 0 0 4 0 0 0 0 4 4 0 0 0 0 0 5 0 0 0 5 0 0
Last Time Cost: 00000001 ms
Total Time Cost: 00000324 ms
Total Distance 42: 0 0 0 4 0 0 0 4 0 0 0 4 0 4 0 0 4 0 0 0 0 4 0 0 0 0 4 4 0 0 0 0 0 5 0 0 0 5 0 0
Last Time Cost: 00000001 ms
Total Time Cost: 00000325 ms
Total Distance 39: 0 0 0 4 0 0 0 4 0 0 0 4 0 4 0 0 3 0 0 0 0 4 0 0 0 0 3 3 0 0 0 0 0 5 0 0 0 5 0 0
Last Time Cost: 00000001 ms
Total Time Cost: 00000326 ms
Total Distance 37: 0 0 0 4 0 0 0 4 0 0 0 4 0 4 0 0 2 0 0 0 0 4 0 0 0 0 2 3 0 0 0 0 0 5 0 0 0 5 0 0
Last Time Cost: 00000001 ms
Total Time Cost: 00000327 ms
Total Distance 36: 0 0 0 4 0 0 0 4 0 0 0 4 0 4 0 0 2 0 0 0 0 4 0 0 0 0 1 3 0 0 0 0 0 5 0 0 0 5 0 0
Last Time Cost: 00000001 ms
Total Time Cost: 00000328 ms
Total Distance 35: 0 0 0 4 0 0 0 4 0 0 0 4 0 4 0 0 2 0 0 0 0 4 0 0 0 0 0 3 0 0 0 0 0 5 0 0 0 5 0 0
Last Time Cost: 00000002 ms
Total Time Cost: 00000330 ms
Total Distance 34: 0 0 0 4 0 0 0 4 0 0 0 4 0 4 0 0 1 0 0 0 0 4 0 0 0 0 0 3 0 0 0 0 0 5 0 0 0 5 0 0
Last Time Cost: 00000000 ms
Total Time Cost: 00000330 ms
Total Distance 33: 0 0 0 4 0 0 0 4 0 0 0 4 0 4 0 0 0 0 0 0 0 4 0 0 0 0 0 3 0 0 0 0 0 5 0 0 0 5 0 0
Last Time Cost: 00000002 ms
Total Time Cost: 00000332 ms
Total Distance 32: 0 0 0 4 0 0 0 4 0 0 0 4 0 4 0 0 0 0 0 0 0 4 0 0 0 0 0 2 0 0 0 0 0 5 0 0 0 5 0 0
Last Time Cost: 00000001 ms
Total Time Cost: 00000333 ms
Total Distance 31: 0 0 0 4 0 0 0 4 0 0 0 4 0 4 0 0 0 0 0 0 0 4 0 0 0 0 0 1 0 0 0 0 0 5 0 0 0 5 0 0
Last Time Cost: 00000000 ms
Total Time Cost: 00000333 ms
Total Distance 30: 0 0 0 4 0 0 0 4 0 0 0 4 0 4 0 0 0 0 0 0 0 4 0 0 0 0 0 0 0 0 0 0 0 5 0 0 0 5 0 0
Last Time Cost: 00000002 ms
Total Time Cost: 00000335 ms
Total Distance 28: 0 0 0 4 0 0 0 4 0 0 0 3 0 4 0 0 0 0 0 0 0 3 0 0 0 0 0 0 0 0 0 0 0 5 0 0 0 5 0 0
Last Time Cost: 00000001 ms
Total Time Cost: 00000336 ms
Total Distance 26: 0 0 0 4 0 0 0 4 0 0 0 2 0 4 0 0 0 0 0 0 0 2 0 0 0 0 0 0 0 0 0 0 0 5 0 0 0 5 0 0
Last Time Cost: 00000001 ms
Total Time Cost: 00000337 ms
Total Distance 25: 0 0 0 4 0 0 0 4 0 0 0 1 0 4 0 0 0 0 0 0 0 2 0 0 0 0 0 0 0 0 0 0 0 5 0 0 0 5 0 0
Last Time Cost: 00000000 ms
Total Time Cost: 00000337 ms
Total Distance 24: 0 0 0 4 0 0 0 4 0 0 0 0 0 4 0 0 0 0 0 0 0 2 0 0 0 0 0 0 0 0 0 0 0 5 0 0 0 5 0 0
Last Time Cost: 00000001 ms
Total Time Cost: 00000338 ms
Total Distance 23: 0 0 0 4 0 0 0 4 0 0 0 0 0 4 0 0 0 0 0 0 0 1 0 0 0 0 0 0 0 0 0 0 0 5 0 0 0 5 0 0
Last Time Cost: 00000000 ms
Total Time Cost: 00000338 ms
Total Distance 22: 0 0 0 4 0 0 0 4 0 0 0 0 0 4 0 0 0 0 0 0 0 0 0 0 0 0 0 0 0 0 0 0 0 5 0 0 0 5 0 0
Last Time Cost: 00000001 ms
Total Time Cost: 00000339 ms
Total Distance 20: 0 0 0 4 0 0 0 3 0 0 0 0 0 4 0 0 0 0 0 0 0 0 0 0 0 0 0 0 0 0 0 0 0 5 0 0 0 4 0 0
Last Time Cost: 00000001 ms
Total Time Cost: 00000340 ms
Total Distance 18: 0 0 0 4 0 0 0 2 0 0 0 0 0 4 0 0 0 0 0 0 0 0 0 0 0 0 0 0 0 0 0 0 0 5 0 0 0 3 0 0
Last Time Cost: 00000001 ms
Total Time Cost: 00000341 ms
Total Distance 17: 0 0 0 4 0 0 0 1 0 0 0 0 0 4 0 0 0 0 0 0 0 0 0 0 0 0 0 0 0 0 0 0 0 5 0 0 0 3 0 0
Last Time Cost: 00000000 ms
Total Time Cost: 00000341 ms
Total Distance 16: 0 0 0 4 0 0 0 0 0 0 0 0 0 4 0 0 0 0 0 0 0 0 0 0 0 0 0 0 0 0 0 0 0 5 0 0 0 3 0 0
Last Time Cost: 00000001 ms
Total Time Cost: 00000342 ms
Total Distance 15: 0 0 0 4 0 0 0 0 0 0 0 0 0 4 0 0 0 0 0 0 0 0 0 0 0 0 0 0 0 0 0 0 0 5 0 0 0 2 0 0
Last Time Cost: 00000001 ms
Total Time Cost: 00000343 ms
Total Distance 14: 0 0 0 4 0 0 0 0 0 0 0 0 0 4 0 0 0 0 0 0 0 0 0 0 0 0 0 0 0 0 0 0 0 5 0 0 0 1 0 0
Last Time Cost: 00000000 ms
Total Time Cost: 00000343 ms
Total Distance 13: 0 0 0 4 0 0 0 0 0 0 0 0 0 4 0 0 0 0 0 0 0 0 0 0 0 0 0 0 0 0 0 0 0 5 0 0 0 0 0 0
Last Time Cost: 00000001 ms
Total Time Cost: 00000344 ms
Total Distance 11: 0 0 0 4 0 0 0 0 0 0 0 0 0 3 0 0 0 0 0 0 0 0 0 0 0 0 0 0 0 0 0 0 0 4 0 0 0 0 0 0
Last Time Cost: 00000001 ms
Total Time Cost: 00000345 ms
Total Distance 10: 0 0 0 4 0 0 0 0 0 0 0 0 0 2 0 0 0 0 0 0 0 0 0 0 0 0 0 0 0 0 0 0 0 4 0 0 0 0 0 0
Last Time Cost: 00000001 ms
Total Time Cost: 00000346 ms
Total Distance 9: 0 0 0 4 0 0 0 0 0 0 0 0 0 1 0 0 0 0 0 0 0 0 0 0 0 0 0 0 0 0 0 0 0 4 0 0 0 0 0 0
Last Time Cost: 00000000 ms
Total Time Cost: 00000346 ms
Total Distance 8: 0 0 0 4 0 0 0 0 0 0 0 0 0 0 0 0 0 0 0 0 0 0 0 0 0 0 0 0 0 0 0 0 0 4 0 0 0 0 0 0
Last Time Cost: 00000002 ms
Total Time Cost: 00000348 ms
Total Distance 6: 0 0 0 3 0 0 0 0 0 0 0 0 0 0 0 0 0 0 0 0 0 0 0 0 0 0 0 0 0 0 0 0 0 3 0 0 0 0 0 0
Last Time Cost: 00000000 ms
Total Time Cost: 00000348 ms
Total Distance 5: 0 0 0 2 0 0 0 0 0 0 0 0 0 0 0 0 0 0 0 0 0 0 0 0 0 0 0 0 0 0 0 0 0 3 0 0 0 0 0 0
Last Time Cost: 00000000 ms
Total Time Cost: 00000348 ms
Total Distance 4: 0 0 0 1 0 0 0 0 0 0 0 0 0 0 0 0 0 0 0 0 0 0 0 0 0 0 0 0 0 0 0 0 0 3 0 0 0 0 0 0
Last Time Cost: 00000000 ms
Total Time Cost: 00000348 ms
Total Distance 3: 0 0 0 0 0 0 0 0 0 0 0 0 0 0 0 0 0 0 0 0 0 0 0 0 0 0 0 0 0 0 0 0 0 3 0 0 0 0 0 0
Last Time Cost: 00000000 ms
Total Time Cost: 00000348 ms
Total Distance 2: 0 0 0 0 0 0 0 0 0 0 0 0 0 0 0 0 0 0 0 0 0 0 0 0 0 0 0 0 0 0 0 0 0 2 0 0 0 0 0 0
Last Time Cost: 00000000 ms
Total Time Cost: 00000348 ms
Total Distance 1: 0 0 0 0 0 0 0 0 0 0 0 0 0 0 0 0 0 0 0 0 0 0 0 0 0 0 0 0 0 0 0 0 0 1 0 0 0 0 0 0
Last Time Cost: 00000000 ms
Total Time Cost: 00000348 ms
Total Distance 0: 0 0 0 0 0 0 0 0 0 0 0 0 0 0 0 0 0 0 0 0 0 0 0 0 0 0 0 0 0 0 0 0 0 0 0 0 0 0 0 0
