Last Time Cost: 00000000 ms
Total Time Cost: 00000000 ms
Total Distance 426: 7 6 7 11 11 10 11 8 7 6 7 11 11 10 11 8 7 6 7 11 11 10 11 8 7 6 7 11 11 10 11 8 7 6 7 11 11 10 11 8 7 6 7 11 11 10 11 8
Last Time Cost: 00001625 ms
Total Time Cost: 00001625 ms
Total Distance 417: 7 6 7 11 11 10 11 7 6 6 7 10 11 10 10 8 7 6 7 11 11 9 10 8 7 6 7 11 11 10 10 8 7 6 7 11 11 10 10 8 7 6 7 11 11 10 11 7
Last Time Cost: 00001463 ms
Total Time Cost: 00003088 ms
Total Distance 408: 7 6 7 11 11 10 11 6 6 6 7 10 11 10 10 7 6 6 7 10 11 9 9 8 7 6 7 11 11 9 9 8 7 6 7 11 11 10 9 8 7 6 7 11 11 10 10 7
Last Time Cost: 00001466 ms
Total Time Cost: 00004554 ms
Total Distance 399: 6 6 7 10 11 10 10 6 6 6 7 10 11 9 9 7 6 6 7 10 11 9 8 8 7 6 7 11 11 9 8 8 7 6 7 11 11 10 9 7 7 6 7 11 11 10 10 6
Last Time Cost: 00001467 ms
Total Time Cost: 00006021 ms
Total Distance 390: 6 6 7 10 11 10 9 6 6 6 7 10 11 9 9 6 6 6 7 10 11 9 8 7 6 6 7 10 11 9 7 8 7 6 7 11 11 9 8 7 7 6 7 11 11 10 9 6
Last Time Cost: 00001521 ms
Total Time Cost: 00007542 ms
Total Distance 381: 6 6 7 10 11 10 8 6 6 6 7 10 11 9 8 6 6 6 7 10 11 9 8 6 6 6 7 10 11 9 7 7 6 6 7 10 11 9 7 7 7 6 7 11 11 9 8 6
Last Time Cost: 00001535 ms
Total Time Cost: 00009077 ms
Total Distance 372: 6 6 7 10 11 9 7 6 6 6 7 10 11 9 7 6 6 6 7 10 11 9 7 6 6 6 7 10 11 9 7 6 6 6 7 10 11 9 7 6 6 6 7 10 11 9 7 6
Last Time Cost: 00001557 ms
Total Time Cost: 00010634 ms
Total Distance 367: 6 5 7 10 11 9 7 6 6 6 6 10 11 9 7 6 6 6 6 10 11 9 7 6 5 6 7 10 11 9 7 6 6 6 7 10 11 9 7 6 6 6 7 10 10 9 7 6
Last Time Cost: 00001553 ms
Total Time Cost: 00012187 ms
Total Distance 362: 6 5 7 10 10 9 7 6 6 5 6 10 11 9 7 6 6 6 5 10 11 9 7 6 5 6 6 10 11 9 7 6 5 6 7 10 11 9 7 6 6 6 7 10 10 9 7 6
Last Time Cost: 00001522 ms
Total Time Cost: 00013709 ms
Total Distance 357: 6 5 7 10 10 9 7 6 6 5 6 10 10 9 7 6 6 5 5 10 11 9 7 6 5 6 5 10 11 9 7 6 5 6 6 10 11 9 7 6 5 6 7 10 10 9 7 6
Last Time Cost: 00001437 ms
Total Time Cost: 00015146 ms
Total Distance 352: 5 5 7 10 10 9 7 6 6 5 6 10 10 9 7 6 6 5 5 10 10 9 7 6 5 5 5 10 11 9 7 6 5 6 5 10 11 9 7 6 5 6 6 10 10 9 7 6
Last Time Cost: 00001287 ms
Total Time Cost: 00016433 ms
Total Distance 347: 5 5 6 10 10 9 7 6 6 5 5 10 10 9 7 6 5 5 5 10 10 9 7 6 5 5 5 10 11 9 7 6 5 6 5 10 10 9 7 6 5 5 6 10 10 9 7 6
Last Time Cost: 00001057 ms
Total Time Cost: 00017490 ms
Total Distance 342: 5 5 5 10 10 9 7 6 5 5 5 10 10 9 7 6 5 5 5 10 10 9 7 6 5 5 5 10 10 9 7 6 5 5 5 10 10 9 7 6 5 5 5 10 10 9 7 6
Last Time Cost: 00000757 ms
Total Time Cost: 00018247 ms
Total Distance 338: 5 5 5 10 10 9 7 6 5 5 5 10 10 9 6 6 5 5 5 10 10 9 6 6 5 5 5 10 10 9 6 6 5 5 5 10 10 9 7 6 5 5 5 10 10 9 7 5
Last Time Cost: 00000833 ms
Total Time Cost: 00019080 ms
Total Distance 334: 5 5 5 10 10 9 6 6 5 5 5 10 10 9 5 6 5 5 5 10 10 9 6 6 5 5 5 10 10 9 6 5 5 5 5 10 10 9 7 6 5 5 5 10 10 9 6 5
Last Time Cost: 00000939 ms
Total Time Cost: 00020019 ms
Total Distance 330: 5 5 5 10 10 9 6 6 5 5 5 10 10 9 5 5 5 5 5 10 10 9 6 6 5 5 5 10 10 9 5 5 5 5 5 10 10 9 6 6 5 5 5 10 10 9 5 5
Last Time Cost: 00001040 ms
Total Time Cost: 00021059 ms
Total Distance 326: 5 5 5 10 10 9 5 6 5 5 5 10 10 9 4 5 5 5 5 10 10 9 6 5 5 5 5 10 10 9 5 5 5 5 5 10 10 9 6 6 5 5 5 10 10 8 5 5
Last Time Cost: 00001093 ms
Total Time Cost: 00022152 ms
Total Distance 322: 5 5 5 10 10 9 5 6 5 5 5 10 10 8 4 5 5 5 5 10 10 9 5 5 5 5 5 10 10 9 4 5 5 5 5 10 10 9 6 5 5 5 5 10 10 8 5 5
Last Time Cost: 00001183 ms
Total Time Cost: 00023335 ms
Total Distance 318: 5 5 5 10 10 9 5 5 5 5 5 10 10 8 4 5 5 5 5 10 10 9 5 5 5 5 5 10 10 8 4 5 5 5 5 10 10 9 5 5 5 5 5 10 10 8 4 5
Last Time Cost: 00001238 ms
Total Time Cost: 00024573 ms
Total Distance 314: 5 5 5 10 10 9 5 5 5 4 5 10 10 8 4 5 5 5 5 10 10 9 5 5 5 5 5 10 10 7 4 5 5 5 4 10 10 9 5 5 5 5 5 9 10 8 4 5
Last Time Cost: 00001344 ms
Total Time Cost: 00025917 ms
Total Distance 310: 5 5 5 10 10 9 5 5 5 4 5 10 10 7 4 5 5 5 4 10 10 9 5 5 5 5 5 9 10 7 4 5 5 5 4 10 10 9 5 5 5 4 5 9 10 8 4 5
Last Time Cost: 00001459 ms
Total Time Cost: 00027376 ms
Total Distance 306: 5 5 4 10 10 9 5 5 5 4 5 9 10 7 4 5 5 5 4 10 10 9 5 5 5 4 5 9 10 7 4 5 5 5 4 10 10 9 5 5 5 4 5 9 10 7 4 5
Last Time Cost: 00001583 ms
Total Time Cost: 00028959 ms
Total Distance 302: 5 5 4 9 10 9 5 5 5 4 5 9 10 7 4 5 5 4 4 10 10 9 5 5 5 4 5 9 10 7 4 5 5 5 4 10 10 8 5 5 5 4 4 9 10 7 4 5
Last Time Cost: 00001623 ms
Total Time Cost: 00030582 ms
Total Distance 298: 5 5 4 9 10 9 5 5 5 4 5 9 10 7 4 5 5 4 4 10 9 9 5 5 5 4 5 9 10 6 4 5 5 5 4 10 10 7 5 5 5 4 4 9 10 7 3 5
Last Time Cost: 00001798 ms
Total Time Cost: 00032380 ms
Total Distance 294: 5 4 4 9 10 9 5 5 5 4 5 9 10 7 4 5 5 4 4 10 9 8 5 5 5 4 4 9 10 6 4 5 5 5 4 9 10 7 5 5 5 4 4 9 10 7 3 5
Last Time Cost: 00001767 ms
Total Time Cost: 00034147 ms
Total Distance 290: 5 4 4 9 10 8 5 5 5 4 4 9 10 7 4 5 5 4 4 9 9 8 5 5 5 4 4 9 10 6 4 5 5 4 4 9 10 7 5 5 5 4 4 9 10 7 3 5
Last Time Cost: 00001828 ms
Total Time Cost: 00035975 ms
Total Distance 286: 5 4 4 9 9 8 5 5 5 4 4 9 10 6 4 5 5 4 4 9 9 7 5 5 5 4 4 9 10 6 3 5 5 4 4 9 10 7 5 5 5 4 4 9 10 7 3 5
Last Time Cost: 00001928 ms
Total Time Cost: 00037903 ms
Total Distance 282: 5 4 4 9 9 7 5 5 5 4 4 9 10 6 3 5 5 4 4 9 9 7 5 5 5 4 4 9 10 6 3 5 5 4 4 9 9 7 5 5 5 4 4 9 10 6 3 5
Last Time Cost: 00002101 ms
Total Time Cost: 00040004 ms
Total Distance 279: 5 4 4 9 9 7 5 5 5 4 4 9 10 6 3 5 5 4 4 8 9 7 5 5 5 4 4 9 10 6 3 5 5 4 4 9 9 7 5 5 5 4 4 9 9 5 3 5
Last Time Cost: 00002050 ms
Total Time Cost: 00042054 ms
Total Distance 276: 5 4 4 9 9 7 5 5 5 4 4 9 9 5 3 5 5 4 4 8 9 7 5 5 5 4 4 9 10 6 3 5 5 4 4 8 9 7 5 5 5 4 4 9 9 5 3 5
Last Time Cost: 00001992 ms
Total Time Cost: 00044046 ms
Total Distance 273: 5 4 4 8 9 7 5 5 5 4 4 9 9 5 3 5 5 4 4 8 9 7 5 5 5 4 4 9 9 5 3 5 5 4 4 8 9 7 5 5 5 4 4 9 9 5 3 5
Last Time Cost: 00001841 ms
Total Time Cost: 00045887 ms
Total Distance 270: 5 4 4 8 8 7 5 5 5 4 4 9 8 5 3 5 5 4 4 8 9 7 5 5 5 4 4 9 9 5 3 5 5 4 4 8 9 7 5 5 5 4 4 8 9 5 3 5
Last Time Cost: 00001399 ms
Total Time Cost: 00047286 ms
Total Distance 267: 5 4 4 8 8 7 5 5 5 4 4 9 8 5 3 5 5 4 4 8 8 6 5 4 5 4 4 9 9 5 3 5 5 4 4 8 9 7 5 5 5 4 4 8 9 5 3 5
Last Time Cost: 00001259 ms
Total Time Cost: 00048545 ms
Total Distance 264: 5 4 4 8 8 7 5 5 5 4 4 8 8 5 3 5 5 4 4 8 7 6 5 4 5 4 4 9 8 5 3 5 5 4 4 8 9 7 5 5 5 4 4 8 9 5 3 5
Last Time Cost: 00000897 ms
Total Time Cost: 00049442 ms
Total Distance 261: 5 4 4 8 8 7 5 5 5 4 4 8 8 5 3 5 5 4 4 8 7 6 5 4 5 4 4 9 8 5 3 5 5 4 4 8 8 6 5 4 5 4 4 8 9 5 3 5
Last Time Cost: 00000688 ms
Total Time Cost: 00050130 ms
Total Distance 258: 5 4 4 8 8 7 5 5 5 4 4 8 8 5 3 5 5 4 4 8 7 6 5 4 5 4 4 8 8 5 3 5 5 4 4 8 7 6 5 4 5 4 4 8 8 5 3 5
Last Time Cost: 00000199 ms
Total Time Cost: 00050329 ms
Total Distance 255: 5 4 4 8 7 6 5 4 5 4 4 8 8 5 3 5 5 4 4 8 7 6 5 4 5 4 4 8 8 5 3 5 5 4 4 8 7 6 5 4 5 4 4 8 8 5 3 5
Last Time Cost: 00000194 ms
Total Time Cost: 00050523 ms
Total Distance 253: 5 4 4 8 7 6 5 4 5 4 4 8 8 4 3 5 5 4 4 8 7 6 5 4 5 4 4 8 8 5 2 5 5 4 4 8 7 6 5 4 5 4 4 8 8 5 3 5
Last Time Cost: 00000206 ms
Total Time Cost: 00050729 ms
Total Distance 250: 5 4 4 8 7 6 5 4 5 4 4 8 8 4 3 5 5 4 4 8 7 6 5 4 5 4 4 8 8 5 2 5 5 4 4 7 7 6 5 4 5 4 4 8 7 5 3 4
Last Time Cost: 00000212 ms
Total Time Cost: 00050941 ms
Total Distance 248: 5 4 4 8 7 6 5 4 5 4 4 8 8 4 2 5 5 4 4 8 7 6 5 4 5 4 4 8 8 5 2 5 5 4 4 7 7 6 5 4 5 4 4 8 7 4 3 4
Last Time Cost: 00000229 ms
Total Time Cost: 00051170 ms
Total Distance 245: 5 4 4 8 7 6 5 4 5 4 4 8 8 4 2 5 5 4 4 7 7 6 5 4 5 4 4 8 7 5 2 4 5 4 4 7 7 6 5 4 5 4 4 8 7 4 3 4
Last Time Cost: 00000228 ms
Total Time Cost: 00051398 ms
Total Distance 243: 5 4 4 8 7 6 5 4 5 4 4 8 8 4 2 5 5 3 4 7 7 6 5 4 5 4 4 8 7 5 2 3 5 4 4 7 7 6 5 4 5 4 4 8 7 4 3 4
Last Time Cost: 00000242 ms
Total Time Cost: 00051640 ms
Total Distance 241: 5 4 4 8 7 6 5 4 5 4 4 8 8 4 2 5 5 3 4 7 7 6 5 4 5 4 4 8 7 5 2 3 5 3 4 7 7 6 5 4 5 4 4 8 7 4 3 3
Last Time Cost: 00000256 ms
Total Time Cost: 00051896 ms
Total Distance 239: 5 4 4 8 7 6 5 4 5 4 4 8 8 4 2 5 5 3 4 7 7 6 5 4 5 4 4 8 7 4 2 3 5 3 4 7 7 6 5 4 5 4 4 8 7 4 2 3
Last Time Cost: 00000276 ms
Total Time Cost: 00052172 ms
Total Distance 236: 5 4 4 7 7 6 5 4 5 4 4 8 7 4 2 4 5 3 4 7 7 6 5 4 5 4 4 8 7 4 2 3 5 3 4 7 7 6 5 4 5 4 4 8 7 4 2 3
Last Time Cost: 00000275 ms
Total Time Cost: 00052447 ms
Total Distance 234: 5 3 4 7 7 6 5 4 5 4 4 8 7 4 2 3 5 3 4 7 7 6 5 4 5 4 4 8 7 4 2 3 5 3 4 7 7 6 5 4 5 4 4 8 7 4 2 3
Last Time Cost: 00000288 ms
Total Time Cost: 00052735 ms
Total Distance 232: 5 3 4 7 7 6 5 3 5 4 4 8 7 4 2 3 5 3 4 7 7 6 5 4 5 4 4 8 7 4 2 3 5 3 4 7 7 6 4 4 5 4 4 8 7 4 2 3
Last Time Cost: 00000311 ms
Total Time Cost: 00053046 ms
Total Distance 229: 5 3 4 7 7 6 5 3 5 4 4 8 7 4 2 3 5 3 4 7 7 5 5 4 4 4 4 7 7 4 2 3 5 3 4 7 7 6 4 4 5 4 4 8 7 4 2 3
Last Time Cost: 00000325 ms
Total Time Cost: 00053371 ms
Total Distance 227: 5 3 4 7 7 6 5 3 5 4 4 8 7 4 2 3 5 3 4 7 7 5 4 4 4 4 4 7 7 4 2 3 5 3 4 7 7 6 4 3 5 4 4 8 7 4 2 3
Last Time Cost: 00000338 ms
Total Time Cost: 00053709 ms
Total Distance 224: 5 3 4 7 7 5 5 3 4 4 4 7 7 4 2 3 5 3 4 7 7 5 4 4 4 4 4 7 7 4 2 3 5 3 4 7 7 6 4 3 5 4 4 8 7 4 2 3
Last Time Cost: 00000349 ms
Total Time Cost: 00054058 ms
Total Distance 222: 5 3 4 7 7 5 4 3 4 4 4 7 7 4 2 3 5 3 4 7 7 5 4 3 4 4 4 7 7 4 2 3 5 3 4 7 7 6 4 3 5 4 4 8 7 4 2 3
Last Time Cost: 00000371 ms
Total Time Cost: 00054429 ms
Total Distance 219: 5 3 4 7 7 5 4 3 4 4 4 7 7 4 2 3 5 3 4 7 7 5 4 3 4 4 4 7 7 4 2 3 5 3 4 7 7 5 4 3 4 4 4 7 7 4 2 3
Last Time Cost: 00000370 ms
Total Time Cost: 00054799 ms
Total Distance 217: 5 3 4 7 6 5 4 2 4 4 4 7 7 4 2 3 5 3 4 7 7 5 4 3 4 4 4 7 7 4 2 3 5 3 4 7 7 5 4 3 4 4 4 7 7 4 2 3
Last Time Cost: 00000356 ms
Total Time Cost: 00055155 ms
Total Distance 215: 5 3 4 7 6 5 4 2 4 4 4 7 7 4 2 3 5 3 4 7 6 5 4 2 4 4 4 7 7 4 2 3 5 3 4 7 7 5 4 3 4 4 4 7 7 4 2 3
Last Time Cost: 00000346 ms
Total Time Cost: 00055501 ms
Total Distance 213: 5 3 4 7 6 5 4 2 4 4 4 7 7 4 2 3 5 3 4 7 6 5 4 2 4 4 4 7 7 4 2 3 5 3 4 7 6 5 4 2 4 4 4 7 7 4 2 3
Last Time Cost: 00000325 ms
Total Time Cost: 00055826 ms
Total Distance 211: 5 3 4 7 6 5 4 2 4 4 4 7 6 4 2 2 5 3 4 7 6 5 4 2 4 4 4 7 7 4 2 3 5 3 4 7 6 5 4 2 4 4 4 7 7 4 2 3
Last Time Cost: 00000307 ms
Total Time Cost: 00056133 ms
Total Distance 209: 5 3 4 7 6 5 4 2 4 4 4 7 6 4 2 2 5 3 4 7 5 5 4 2 4 4 4 7 7 4 2 3 5 3 4 7 6 5 4 2 4 4 3 7 7 4 2 3
Last Time Cost: 00000322 ms
Total Time Cost: 00056455 ms
Total Distance 207: 5 3 4 7 6 5 4 2 4 4 4 7 6 4 2 2 5 3 4 7 5 5 4 2 4 4 4 7 6 4 2 2 5 3 4 7 6 5 4 2 4 4 3 7 7 4 2 3
Last Time Cost: 00000298 ms
Total Time Cost: 00056753 ms
Total Distance 205: 5 3 4 7 6 5 4 2 4 4 4 7 6 4 2 2 5 3 4 7 5 5 4 2 4 4 4 7 6 4 2 2 5 3 4 7 6 5 4 2 4 4 3 7 6 4 2 2
Last Time Cost: 00000273 ms
Total Time Cost: 00057026 ms
Total Distance 203: 5 3 3 7 6 5 4 2 4 4 4 7 6 4 2 2 5 3 4 7 5 5 4 2 4 4 4 7 5 4 2 2 5 3 4 7 6 5 4 2 4 4 3 7 6 4 2 2
Last Time Cost: 00000286 ms
Total Time Cost: 00057312 ms
Total Distance 201: 5 3 3 7 6 5 4 2 4 4 4 7 5 4 2 2 5 3 4 7 5 5 4 2 4 4 4 7 5 4 2 2 5 3 3 7 6 5 4 2 4 4 3 7 6 4 2 2
Last Time Cost: 00000304 ms
Total Time Cost: 00057616 ms
Total Distance 199: 5 3 3 7 6 5 4 2 4 4 3 7 5 4 2 2 5 3 4 7 5 5 4 2 4 4 4 7 5 4 2 2 5 3 3 7 5 5 4 2 4 4 3 7 6 4 2 2
Last Time Cost: 00000319 ms
Total Time Cost: 00057935 ms
Total Distance 197: 5 3 3 7 6 5 4 2 4 4 3 7 5 4 2 2 5 3 3 7 5 5 4 2 4 4 4 7 5 4 2 2 5 3 3 7 5 5 4 2 4 4 3 7 5 4 2 2
Last Time Cost: 00000329 ms
Total Time Cost: 00058264 ms
Total Distance 195: 5 3 3 7 6 4 4 2 4 4 3 7 5 4 2 2 5 3 3 7 5 5 4 2 4 4 4 7 5 4 2 2 5 3 3 7 4 5 4 2 4 4 3 7 5 4 2 2
Last Time Cost: 00000345 ms
Total Time Cost: 00058609 ms
Total Distance 193: 5 3 3 7 5 4 4 2 4 4 3 7 5 4 2 2 5 3 3 7 5 5 4 2 4 4 3 7 5 4 2 2 5 3 3 7 4 5 4 2 4 4 3 7 5 4 2 2
Last Time Cost: 00000357 ms
Total Time Cost: 00058966 ms
Total Distance 191: 5 3 3 7 4 4 4 2 4 4 3 7 5 4 2 2 5 3 3 7 5 4 4 2 4 4 3 7 5 4 2 2 5 3 3 7 4 5 4 2 4 4 3 7 5 4 2 2
Last Time Cost: 00000372 ms
Total Time Cost: 00059338 ms
Total Distance 189: 5 3 3 7 4 4 4 2 4 4 3 7 5 4 2 2 5 3 3 7 4 4 4 2 4 4 3 7 5 4 2 2 5 3 3 7 4 4 4 2 4 4 3 7 5 4 2 2
Last Time Cost: 00000391 ms
Total Time Cost: 00059729 ms
Total Distance 188: 5 3 3 7 4 4 4 2 4 4 3 7 5 4 2 2 5 3 3 7 4 4 4 2 4 4 3 7 5 4 2 2 5 3 3 7 4 4 4 2 4 4 3 7 5 4 1 2
Last Time Cost: 00000013 ms
Total Time Cost: 00059742 ms
Total Distance 187: 5 3 3 7 4 4 4 2 4 4 3 7 5 4 2 2 5 3 3 7 4 4 4 2 4 4 3 7 5 4 2 2 5 3 3 7 4 4 4 2 4 4 3 7 5 4 0 2
Last Time Cost: 00000420 ms
Total Time Cost: 00060162 ms
Total Distance 186: 5 3 3 7 4 4 4 2 4 4 3 7 5 4 2 2 5 3 3 7 4 4 4 2 4 4 3 7 5 4 1 2 5 3 3 7 4 4 4 2 4 4 3 7 5 4 0 2
Last Time Cost: 00000027 ms
Total Time Cost: 00060189 ms
Total Distance 185: 5 3 3 7 4 4 4 2 4 4 3 7 5 4 2 2 5 3 3 7 4 4 4 2 4 4 3 7 5 4 0 2 5 3 3 7 4 4 4 2 4 4 3 7 5 4 0 2
Last Time Cost: 00000470 ms
Total Time Cost: 00060659 ms
Total Distance 184: 5 3 3 7 4 4 4 2 4 4 3 7 5 4 2 2 5 3 3 7 4 4 4 2 4 4 3 7 5 4 0 2 5 3 3 7 4 4 4 2 4 4 3 7 5 4 0 1
Last Time Cost: 00000016 ms
Total Time Cost: 00060675 ms
Total Distance 183: 5 3 3 7 4 4 4 2 4 4 3 7 5 4 2 2 5 3 3 7 4 4 4 2 4 4 3 7 5 4 0 2 5 3 3 7 4 4 4 2 4 4 3 7 5 4 0 0
Last Time Cost: 00000526 ms
Total Time Cost: 00061201 ms
Total Distance 182: 5 3 3 7 4 4 4 2 4 4 3 7 5 4 2 2 5 3 3 7 4 4 4 2 4 4 3 7 5 4 0 1 5 3 3 7 4 4 4 2 4 4 3 7 5 4 0 0
Last Time Cost: 00000072 ms
Total Time Cost: 00061273 ms
Total Distance 181: 5 3 3 7 4 4 4 2 4 4 3 7 5 4 2 2 5 3 3 7 4 4 4 2 4 4 3 7 5 4 0 0 5 3 3 7 4 4 4 2 4 4 3 7 5 4 0 0
Last Time Cost: 00000557 ms
Total Time Cost: 00061830 ms
Total Distance 180: 5 3 3 7 4 4 4 2 4 4 3 7 5 4 2 1 5 3 3 7 4 4 4 2 4 4 3 7 5 4 0 0 5 3 3 7 4 4 4 2 4 4 3 7 5 4 0 0
Last Time Cost: 00000022 ms
Total Time Cost: 00061852 ms
Total Distance 179: 5 3 3 7 4 4 4 2 4 4 3 7 5 4 2 0 5 3 3 7 4 4 4 2 4 4 3 7 5 4 0 0 5 3 3 7 4 4 4 2 4 4 3 7 5 4 0 0
Last Time Cost: 00000640 ms
Total Time Cost: 00062492 ms
Total Distance 178: 5 3 3 7 4 4 4 1 4 4 3 7 5 4 2 0 5 3 3 7 4 4 4 2 4 4 3 7 5 4 0 0 5 3 3 7 4 4 4 2 4 4 3 7 5 4 0 0
Last Time Cost: 00000017 ms
Total Time Cost: 00062509 ms
Total Distance 177: 5 3 3 7 4 4 4 0 4 4 3 7 5 4 2 0 5 3 3 7 4 4 4 2 4 4 3 7 5 4 0 0 5 3 3 7 4 4 4 2 4 4 3 7 5 4 0 0
Last Time Cost: 00000682 ms
Total Time Cost: 00063191 ms
Total Distance 176: 5 3 3 7 4 4 4 0 4 4 3 7 5 4 1 0 5 3 3 7 4 4 4 2 4 4 3 7 5 4 0 0 5 3 3 7 4 4 4 2 4 4 3 7 5 4 0 0
Last Time Cost: 00000018 ms
Total Time Cost: 00063209 ms
Total Distance 175: 5 3 3 7 4 4 4 0 4 4 3 7 5 4 0 0 5 3 3 7 4 4 4 2 4 4 3 7 5 4 0 0 5 3 3 7 4 4 4 2 4 4 3 7 5 4 0 0
Last Time Cost: 00000744 ms
Total Time Cost: 00063953 ms
Total Distance 174: 5 3 3 7 4 4 4 0 4 4 3 7 5 4 0 0 5 3 3 7 4 4 4 2 4 4 3 7 5 4 0 0 5 3 3 7 4 4 4 1 4 4 3 7 5 4 0 0
Last Time Cost: 00000019 ms
Total Time Cost: 00063972 ms
Total Distance 173: 5 3 3 7 4 4 4 0 4 4 3 7 5 4 0 0 5 3 3 7 4 4 4 2 4 4 3 7 5 4 0 0 5 3 3 7 4 4 4 0 4 4 3 7 5 4 0 0
Last Time Cost: 00000808 ms
Total Time Cost: 00064780 ms
Total Distance 172: 5 3 3 7 4 4 4 0 4 4 3 7 5 4 0 0 5 3 3 7 4 4 4 1 4 4 3 7 5 4 0 0 5 3 3 7 4 4 4 0 4 4 3 7 5 4 0 0
Last Time Cost: 00000019 ms
Total Time Cost: 00064799 ms
Total Distance 171: 5 3 3 7 4 4 4 0 4 4 3 7 5 4 0 0 5 3 3 7 4 4 4 0 4 4 3 7 5 4 0 0 5 3 3 7 4 4 4 0 4 4 3 7 5 4 0 0
Last Time Cost: 00000875 ms
Total Time Cost: 00065674 ms
Total Distance 170: 5 3 3 7 4 4 4 0 4 4 3 7 5 4 0 0 5 3 2 7 4 4 4 0 4 4 3 7 5 4 0 0 5 3 3 7 4 4 4 0 4 4 3 7 5 4 0 0
Last Time Cost: 00000021 ms
Total Time Cost: 00065695 ms
Total Distance 169: 5 3 3 7 4 4 4 0 4 4 3 7 5 4 0 0 5 3 1 7 4 4 4 0 4 4 3 7 5 4 0 0 5 3 3 7 4 4 4 0 4 4 3 7 5 4 0 0
Last Time Cost: 00000020 ms
Total Time Cost: 00065715 ms
Total Distance 168: 5 3 3 7 4 4 4 0 4 4 3 7 5 4 0 0 5 3 0 7 4 4 4 0 4 4 3 7 5 4 0 0 5 3 3 7 4 4 4 0 4 4 3 7 5 4 0 0
Last Time Cost: 00000985 ms
Total Time Cost: 00066700 ms
Total Distance 166: 5 3 3 7 4 4 4 0 4 4 3 7 5 4 0 0 5 3 0 7 4 4 4 0 4 4 3 7 5 4 0 0 4 3 3 7 4 4 4 0 3 4 3 7 5 4 0 0
Last Time Cost: 00001028 ms
Total Time Cost: 00067728 ms
Total Distance 164: 5 3 3 7 4 4 3 0 4 4 3 7 5 4 0 0 5 3 0 7 4 4 4 0 4 4 3 7 5 4 0 0 4 3 3 7 4 4 4 0 3 4 3 6 5 4 0 0
Last Time Cost: 00000877 ms
Total Time Cost: 00068605 ms
Total Distance 163: 5 3 3 7 4 4 3 0 4 4 3 7 5 4 0 0 5 3 0 7 4 4 4 0 4 4 3 7 5 4 0 0 4 3 2 7 4 4 4 0 3 4 3 6 5 4 0 0
Last Time Cost: 00000024 ms
Total Time Cost: 00068629 ms
Total Distance 162: 5 3 3 7 4 4 3 0 4 4 3 7 5 4 0 0 5 3 0 7 4 4 4 0 4 4 3 7 5 4 0 0 4 3 1 7 4 4 4 0 3 4 3 6 5 4 0 0
Last Time Cost: 00000024 ms
Total Time Cost: 00068653 ms
Total Distance 161: 5 3 3 7 4 4 3 0 4 4 3 7 5 4 0 0 5 3 0 7 4 4 4 0 4 4 3 7 5 4 0 0 4 3 0 7 4 4 4 0 3 4 3 6 5 4 0 0
Last Time Cost: 00000977 ms
Total Time Cost: 00069630 ms
Total Distance 160: 5 3 3 7 4 4 3 0 4 4 3 7 5 4 0 0 5 3 0 7 4 4 4 0 4 4 3 7 5 4 0 0 4 3 0 7 4 4 4 0 3 4 2 6 5 4 0 0
Last Time Cost: 00000025 ms
Total Time Cost: 00069655 ms
Total Distance 159: 5 3 3 7 4 4 3 0 4 4 3 7 5 4 0 0 5 3 0 7 4 4 4 0 4 4 3 7 5 4 0 0 4 3 0 7 4 4 4 0 3 4 1 6 5 4 0 0
Last Time Cost: 00000025 ms
Total Time Cost: 00069680 ms
Total Distance 158: 5 3 3 7 4 4 3 0 4 4 3 7 5 4 0 0 5 3 0 7 4 4 4 0 4 4 3 7 5 4 0 0 4 3 0 7 4 4 4 0 3 4 0 6 5 4 0 0
Last Time Cost: 00001104 ms
Total Time Cost: 00070784 ms
Total Distance 157: 5 3 3 7 4 4 3 0 4 4 3 7 5 4 0 0 5 2 0 7 4 4 4 0 4 4 3 7 5 4 0 0 4 3 0 7 4 4 4 0 3 4 0 6 5 4 0 0
Last Time Cost: 00000025 ms
Total Time Cost: 00070809 ms
Total Distance 156: 5 3 3 7 4 4 3 0 4 4 3 7 5 4 0 0 5 1 0 7 4 4 4 0 4 4 3 7 5 4 0 0 4 3 0 7 4 4 4 0 3 4 0 6 5 4 0 0
Last Time Cost: 00000095 ms
Total Time Cost: 00070904 ms
Total Distance 155: 5 3 3 7 4 4 3 0 4 4 3 7 5 4 0 0 5 0 0 7 4 4 4 0 4 4 3 7 5 4 0 0 4 3 0 7 4 4 4 0 3 4 0 6 5 4 0 0
Last Time Cost: 00001231 ms
Total Time Cost: 00072135 ms
Total Distance 153: 5 3 3 6 4 4 3 0 4 3 3 7 5 4 0 0 5 0 0 7 4 4 4 0 4 4 3 7 5 4 0 0 4 3 0 7 4 4 4 0 3 4 0 6 5 4 0 0
Last Time Cost: 00001051 ms
Total Time Cost: 00073186 ms
Total Distance 151: 4 3 3 5 4 4 3 0 4 3 3 7 5 4 0 0 5 0 0 7 4 4 4 0 4 4 3 7 5 4 0 0 4 3 0 7 4 4 4 0 3 4 0 6 5 4 0 0
Last Time Cost: 00001086 ms
Total Time Cost: 00074272 ms
Total Distance 149: 4 3 3 4 4 4 3 0 4 3 3 6 5 4 0 0 5 0 0 7 4 4 4 0 4 4 3 7 5 4 0 0 4 3 0 7 4 4 4 0 3 4 0 6 5 4 0 0
Last Time Cost: 00000866 ms
Total Time Cost: 00075138 ms
Total Distance 147: 4 3 3 4 4 4 3 0 3 3 3 6 5 4 0 0 5 0 0 7 4 4 4 0 4 3 3 7 5 4 0 0 4 3 0 7 4 4 4 0 3 4 0 6 5 4 0 0
Last Time Cost: 00000903 ms
Total Time Cost: 00076041 ms
Total Distance 145: 4 3 3 3 4 4 3 0 3 3 3 5 5 4 0 0 5 0 0 7 4 4 4 0 4 3 3 7 5 4 0 0 4 3 0 7 4 4 4 0 3 4 0 6 5 4 0 0
Last Time Cost: 00000963 ms
Total Time Cost: 00077004 ms
Total Distance 144: 4 3 3 3 4 4 3 0 3 3 3 5 5 4 0 0 5 0 0 7 4 4 4 0 4 3 2 7 5 4 0 0 4 3 0 7 4 4 4 0 3 4 0 6 5 4 0 0
Last Time Cost: 00000031 ms
Total Time Cost: 00077035 ms
Total Distance 143: 4 3 3 3 4 4 3 0 3 3 3 5 5 4 0 0 5 0 0 7 4 4 4 0 4 3 1 7 5 4 0 0 4 3 0 7 4 4 4 0 3 4 0 6 5 4 0 0
Last Time Cost: 00000028 ms
Total Time Cost: 00077063 ms
Total Distance 142: 4 3 3 3 4 4 3 0 3 3 3 5 5 4 0 0 5 0 0 7 4 4 4 0 4 3 0 7 5 4 0 0 4 3 0 7 4 4 4 0 3 4 0 6 5 4 0 0
Last Time Cost: 00001063 ms
Total Time Cost: 00078126 ms
Total Distance 141: 4 3 3 3 4 4 3 0 3 3 3 5 5 4 0 0 5 0 0 7 4 4 4 0 4 2 0 7 5 4 0 0 4 3 0 7 4 4 4 0 3 4 0 6 5 4 0 0
Last Time Cost: 00000035 ms
Total Time Cost: 00078161 ms
Total Distance 140: 4 3 3 3 4 4 3 0 3 3 3 5 5 4 0 0 5 0 0 7 4 4 4 0 4 1 0 7 5 4 0 0 4 3 0 7 4 4 4 0 3 4 0 6 5 4 0 0
Last Time Cost: 00000032 ms
Total Time Cost: 00078193 ms
Total Distance 139: 4 3 3 3 4 4 3 0 3 3 3 5 5 4 0 0 5 0 0 7 4 4 4 0 4 0 0 7 5 4 0 0 4 3 0 7 4 4 4 0 3 4 0 6 5 4 0 0
Last Time Cost: 00001183 ms
Total Time Cost: 00079376 ms
Total Distance 138: 4 3 2 3 4 4 3 0 3 3 3 5 5 4 0 0 5 0 0 7 4 4 4 0 4 0 0 7 5 4 0 0 4 3 0 7 4 4 4 0 3 4 0 6 5 4 0 0
Last Time Cost: 00000037 ms
Total Time Cost: 00079413 ms
Total Distance 137: 4 3 1 3 4 4 3 0 3 3 3 5 5 4 0 0 5 0 0 7 4 4 4 0 4 0 0 7 5 4 0 0 4 3 0 7 4 4 4 0 3 4 0 6 5 4 0 0
Last Time Cost: 00000034 ms
Total Time Cost: 00079447 ms
Total Distance 136: 4 3 0 3 4 4 3 0 3 3 3 5 5 4 0 0 5 0 0 7 4 4 4 0 4 0 0 7 5 4 0 0 4 3 0 7 4 4 4 0 3 4 0 6 5 4 0 0
Last Time Cost: 00001371 ms
Total Time Cost: 00080818 ms
Total Distance 134: 4 3 0 3 4 4 3 0 3 3 3 5 5 4 0 0 4 0 0 7 4 4 4 0 3 0 0 7 5 4 0 0 4 3 0 7 4 4 4 0 3 4 0 6 5 4 0 0
Last Time Cost: 00001416 ms
Total Time Cost: 00082234 ms
Total Distance 132: 4 3 0 3 4 4 3 0 3 3 3 5 5 4 0 0 4 0 0 7 4 4 4 0 3 0 0 6 5 4 0 0 4 3 0 7 4 4 3 0 3 4 0 6 5 4 0 0
Last Time Cost: 00001062 ms
Total Time Cost: 00083296 ms
Total Distance 131: 4 3 0 2 4 4 3 0 3 3 3 5 5 4 0 0 4 0 0 7 4 4 4 0 3 0 0 6 5 4 0 0 4 3 0 7 4 4 3 0 3 4 0 6 5 4 0 0
Last Time Cost: 00000044 ms
Total Time Cost: 00083340 ms
Total Distance 130: 4 3 0 1 4 4 3 0 3 3 3 5 5 4 0 0 4 0 0 7 4 4 4 0 3 0 0 6 5 4 0 0 4 3 0 7 4 4 3 0 3 4 0 6 5 4 0 0
Last Time Cost: 00000036 ms
Total Time Cost: 00083376 ms
Total Distance 129: 4 3 0 0 4 4 3 0 3 3 3 5 5 4 0 0 4 0 0 7 4 4 4 0 3 0 0 6 5 4 0 0 4 3 0 7 4 4 3 0 3 4 0 6 5 4 0 0
Last Time Cost: 00001201 ms
Total Time Cost: 00084577 ms
Total Distance 128: 4 3 0 0 4 4 3 0 3 3 3 5 5 4 0 0 4 0 0 7 4 4 4 0 3 0 0 6 5 4 0 0 4 3 0 7 4 4 3 0 2 4 0 6 5 4 0 0
Last Time Cost: 00000039 ms
Total Time Cost: 00084616 ms
Total Distance 127: 4 3 0 0 4 4 3 0 3 3 3 5 5 4 0 0 4 0 0 7 4 4 4 0 3 0 0 6 5 4 0 0 4 3 0 7 4 4 3 0 1 4 0 6 5 4 0 0
Last Time Cost: 00000041 ms
Total Time Cost: 00084657 ms
Total Distance 126: 4 3 0 0 4 4 3 0 3 3 3 5 5 4 0 0 4 0 0 7 4 4 4 0 3 0 0 6 5 4 0 0 4 3 0 7 4 4 3 0 0 4 0 6 5 4 0 0
Last Time Cost: 00001312 ms
Total Time Cost: 00085969 ms
Total Distance 125: 4 3 0 0 4 4 3 0 3 3 3 5 5 4 0 0 4 0 0 7 4 4 4 0 2 0 0 6 5 4 0 0 4 3 0 7 4 4 3 0 0 4 0 6 5 4 0 0
Last Time Cost: 00000039 ms
Total Time Cost: 00086008 ms
Total Distance 124: 4 3 0 0 4 4 3 0 3 3 3 5 5 4 0 0 4 0 0 7 4 4 4 0 1 0 0 6 5 4 0 0 4 3 0 7 4 4 3 0 0 4 0 6 5 4 0 0
Last Time Cost: 00000041 ms
Total Time Cost: 00086049 ms
Total Distance 123: 4 3 0 0 4 4 3 0 3 3 3 5 5 4 0 0 4 0 0 7 4 4 4 0 0 0 0 6 5 4 0 0 4 3 0 7 4 4 3 0 0 4 0 6 5 4 0 0
Last Time Cost: 00001420 ms
Total Time Cost: 00087469 ms
Total Distance 122: 4 3 0 0 4 4 3 0 3 3 2 5 5 4 0 0 4 0 0 7 4 4 4 0 0 0 0 6 5 4 0 0 4 3 0 7 4 4 3 0 0 4 0 6 5 4 0 0
Last Time Cost: 00000042 ms
Total Time Cost: 00087511 ms
Total Distance 121: 4 3 0 0 4 4 3 0 3 3 1 5 5 4 0 0 4 0 0 7 4 4 4 0 0 0 0 6 5 4 0 0 4 3 0 7 4 4 3 0 0 4 0 6 5 4 0 0
Last Time Cost: 00000040 ms
Total Time Cost: 00087551 ms
Total Distance 120: 4 3 0 0 4 4 3 0 3 3 0 5 5 4 0 0 4 0 0 7 4 4 4 0 0 0 0 6 5 4 0 0 4 3 0 7 4 4 3 0 0 4 0 6 5 4 0 0
Last Time Cost: 00001595 ms
Total Time Cost: 00089146 ms
Total Distance 119: 4 2 0 0 4 4 3 0 3 3 0 5 5 4 0 0 4 0 0 7 4 4 4 0 0 0 0 6 5 4 0 0 4 3 0 7 4 4 3 0 0 4 0 6 5 4 0 0
Last Time Cost: 00000046 ms
Total Time Cost: 00089192 ms
Total Distance 118: 4 1 0 0 4 4 3 0 3 3 0 5 5 4 0 0 4 0 0 7 4 4 4 0 0 0 0 6 5 4 0 0 4 3 0 7 4 4 3 0 0 4 0 6 5 4 0 0
Last Time Cost: 00000041 ms
Total Time Cost: 00089233 ms
Total Distance 117: 4 0 0 0 4 4 3 0 3 3 0 5 5 4 0 0 4 0 0 7 4 4 4 0 0 0 0 6 5 4 0 0 4 3 0 7 4 4 3 0 0 4 0 6 5 4 0 0
Last Time Cost: 00001780 ms
Total Time Cost: 00091013 ms
Total Distance 115: 4 0 0 0 4 4 3 0 3 3 0 5 5 4 0 0 4 0 0 7 3 4 4 0 0 0 0 6 5 4 0 0 4 3 0 6 4 4 3 0 0 4 0 6 5 4 0 0
Last Time Cost: 00001003 ms
Total Time Cost: 00092016 ms
Total Distance 113: 4 0 0 0 4 4 3 0 3 3 0 5 5 4 0 0 4 0 0 7 3 4 4 0 0 0 0 6 5 4 0 0 4 3 0 5 4 4 3 0 0 3 0 6 5 4 0 0
Last Time Cost: 00001032 ms
Total Time Cost: 00093048 ms
Total Distance 112: 4 0 0 0 4 4 3 0 3 3 0 5 5 4 0 0 4 0 0 7 3 4 4 0 0 0 0 6 5 4 0 0 4 3 0 5 4 4 3 0 0 2 0 6 5 4 0 0
Last Time Cost: 00000049 ms
Total Time Cost: 00093097 ms
Total Distance 111: 4 0 0 0 4 4 3 0 3 3 0 5 5 4 0 0 4 0 0 7 3 4 4 0 0 0 0 6 5 4 0 0 4 3 0 5 4 4 3 0 0 1 0 6 5 4 0 0
Last Time Cost: 00000054 ms
Total Time Cost: 00093151 ms
Total Distance 110: 4 0 0 0 4 4 3 0 3 3 0 5 5 4 0 0 4 0 0 7 3 4 4 0 0 0 0 6 5 4 0 0 4 3 0 5 4 4 3 0 0 0 0 6 5 4 0 0
Last Time Cost: 00001113 ms
Total Time Cost: 00094264 ms
Total Distance 109: 4 0 0 0 4 4 3 0 3 3 0 5 5 4 0 0 4 0 0 7 3 4 4 0 0 0 0 6 5 4 0 0 4 3 0 5 4 4 2 0 0 0 0 6 5 4 0 0
Last Time Cost: 00000056 ms
Total Time Cost: 00094320 ms
Total Distance 108: 4 0 0 0 4 4 3 0 3 3 0 5 5 4 0 0 4 0 0 7 3 4 4 0 0 0 0 6 5 4 0 0 4 3 0 5 4 4 1 0 0 0 0 6 5 4 0 0
Last Time Cost: 00000054 ms
Total Time Cost: 00094374 ms
Total Distance 107: 4 0 0 0 4 4 3 0 3 3 0 5 5 4 0 0 4 0 0 7 3 4 4 0 0 0 0 6 5 4 0 0 4 3 0 5 4 4 0 0 0 0 0 6 5 4 0 0
Last Time Cost: 00001217 ms
Total Time Cost: 00095591 ms
Total Distance 106: 4 0 0 0 4 4 3 0 3 3 0 5 5 4 0 0 4 0 0 7 3 4 4 0 0 0 0 6 5 4 0 0 4 2 0 5 4 4 0 0 0 0 0 6 5 4 0 0
Last Time Cost: 00000060 ms
Total Time Cost: 00095651 ms
Total Distance 105: 4 0 0 0 4 4 3 0 3 3 0 5 5 4 0 0 4 0 0 7 3 4 4 0 0 0 0 6 5 4 0 0 4 1 0 5 4 4 0 0 0 0 0 6 5 4 0 0
Last Time Cost: 00000050 ms
Total Time Cost: 00095701 ms
Total Distance 104: 4 0 0 0 4 4 3 0 3 3 0 5 5 4 0 0 4 0 0 7 3 4 4 0 0 0 0 6 5 4 0 0 4 0 0 5 4 4 0 0 0 0 0 6 5 4 0 0
Last Time Cost: 00001359 ms
Total Time Cost: 00097060 ms
Total Distance 102: 4 0 0 0 4 4 3 0 3 3 0 5 5 4 0 0 4 0 0 6 3 4 4 0 0 0 0 6 5 4 0 0 4 0 0 5 4 4 0 0 0 0 0 6 5 3 0 0
Last Time Cost: 00000165 ms
Total Time Cost: 00097225 ms
Total Distance 100: 4 0 0 0 4 4 3 0 3 3 0 5 5 4 0 0 4 0 0 5 3 4 4 0 0 0 0 5 5 4 0 0 4 0 0 5 4 4 0 0 0 0 0 6 5 3 0 0
Last Time Cost: 00000154 ms
Total Time Cost: 00097379 ms
Total Distance 99: 4 0 0 0 4 4 3 0 3 3 0 5 5 4 0 0 4 0 0 5 3 4 4 0 0 0 0 5 5 4 0 0 4 0 0 5 4 4 0 0 0 0 0 6 5 2 0 0
Last Time Cost: 00000067 ms
Total Time Cost: 00097446 ms
Total Distance 98: 4 0 0 0 4 4 3 0 3 3 0 5 5 4 0 0 4 0 0 5 3 4 4 0 0 0 0 5 5 4 0 0 4 0 0 5 4 4 0 0 0 0 0 6 5 1 0 0
Last Time Cost: 00000055 ms
Total Time Cost: 00097501 ms
Total Distance 97: 4 0 0 0 4 4 3 0 3 3 0 5 5 4 0 0 4 0 0 5 3 4 4 0 0 0 0 5 5 4 0 0 4 0 0 5 4 4 0 0 0 0 0 6 5 0 0 0
Last Time Cost: 00000176 ms
Total Time Cost: 00097677 ms
Total Distance 96: 4 0 0 0 4 4 3 0 3 3 0 5 5 4 0 0 4 0 0 5 2 4 4 0 0 0 0 5 5 4 0 0 4 0 0 5 4 4 0 0 0 0 0 6 5 0 0 0
Last Time Cost: 00000079 ms
Total Time Cost: 00097756 ms
Total Distance 95: 4 0 0 0 4 4 3 0 3 3 0 5 5 4 0 0 4 0 0 5 1 4 4 0 0 0 0 5 5 4 0 0 4 0 0 5 4 4 0 0 0 0 0 6 5 0 0 0
Last Time Cost: 00000072 ms
Total Time Cost: 00097828 ms
Total Distance 94: 4 0 0 0 4 4 3 0 3 3 0 5 5 4 0 0 4 0 0 5 0 4 4 0 0 0 0 5 5 4 0 0 4 0 0 5 4 4 0 0 0 0 0 6 5 0 0 0
Last Time Cost: 00000167 ms
Total Time Cost: 00097995 ms
Total Distance 93: 4 0 0 0 4 4 3 0 2 3 0 5 5 4 0 0 4 0 0 5 0 4 4 0 0 0 0 5 5 4 0 0 4 0 0 5 4 4 0 0 0 0 0 6 5 0 0 0
Last Time Cost: 00000073 ms
Total Time Cost: 00098068 ms
Total Distance 92: 4 0 0 0 4 4 3 0 1 3 0 5 5 4 0 0 4 0 0 5 0 4 4 0 0 0 0 5 5 4 0 0 4 0 0 5 4 4 0 0 0 0 0 6 5 0 0 0
Last Time Cost: 00000077 ms
Total Time Cost: 00098145 ms
Total Distance 91: 4 0 0 0 4 4 3 0 0 3 0 5 5 4 0 0 4 0 0 5 0 4 4 0 0 0 0 5 5 4 0 0 4 0 0 5 4 4 0 0 0 0 0 6 5 0 0 0
Last Time Cost: 00000190 ms
Total Time Cost: 00098335 ms
Total Distance 90: 4 0 0 0 4 4 2 0 0 3 0 5 5 4 0 0 4 0 0 5 0 4 4 0 0 0 0 5 5 4 0 0 4 0 0 5 4 4 0 0 0 0 0 6 5 0 0 0
Last Time Cost: 00000081 ms
Total Time Cost: 00098416 ms
Total Distance 89: 4 0 0 0 4 4 1 0 0 3 0 5 5 4 0 0 4 0 0 5 0 4 4 0 0 0 0 5 5 4 0 0 4 0 0 5 4 4 0 0 0 0 0 6 5 0 0 0
Last Time Cost: 00000060 ms
Total Time Cost: 00098476 ms
Total Distance 88: 4 0 0 0 4 4 0 0 0 3 0 5 5 4 0 0 4 0 0 5 0 4 4 0 0 0 0 5 5 4 0 0 4 0 0 5 4 4 0 0 0 0 0 6 5 0 0 0
Last Time Cost: 00000208 ms
Total Time Cost: 00098684 ms
Total Distance 86: 4 0 0 0 4 4 0 0 0 3 0 5 5 4 0 0 4 0 0 5 0 4 4 0 0 0 0 5 5 4 0 0 3 0 0 5 4 4 0 0 0 0 0 5 5 0 0 0
Last Time Cost: 00000120 ms
Total Time Cost: 00098804 ms
Total Distance 85: 4 0 0 0 4 4 0 0 0 3 0 5 5 4 0 0 4 0 0 5 0 4 4 0 0 0 0 5 5 4 0 0 2 0 0 5 4 4 0 0 0 0 0 5 5 0 0 0
Last Time Cost: 00000002 ms
Total Time Cost: 00098806 ms
Total Distance 84: 4 0 0 0 4 4 0 0 0 3 0 5 5 4 0 0 4 0 0 5 0 4 4 0 0 0 0 5 5 4 0 0 1 0 0 5 4 4 0 0 0 0 0 5 5 0 0 0
Last Time Cost: 00000001 ms
Total Time Cost: 00098807 ms
Total Distance 83: 4 0 0 0 4 4 0 0 0 3 0 5 5 4 0 0 4 0 0 5 0 4 4 0 0 0 0 5 5 4 0 0 0 0 0 5 4 4 0 0 0 0 0 5 5 0 0 0
Last Time Cost: 00000124 ms
Total Time Cost: 00098931 ms
Total Distance 82: 4 0 0 0 4 4 0 0 0 2 0 5 5 4 0 0 4 0 0 5 0 4 4 0 0 0 0 5 5 4 0 0 0 0 0 5 4 4 0 0 0 0 0 5 5 0 0 0
Last Time Cost: 00000002 ms
Total Time Cost: 00098933 ms
Total Distance 81: 4 0 0 0 4 4 0 0 0 1 0 5 5 4 0 0 4 0 0 5 0 4 4 0 0 0 0 5 5 4 0 0 0 0 0 5 4 4 0 0 0 0 0 5 5 0 0 0
Last Time Cost: 00000001 ms
Total Time Cost: 00098934 ms
Total Distance 80: 4 0 0 0 4 4 0 0 0 0 0 5 5 4 0 0 4 0 0 5 0 4 4 0 0 0 0 5 5 4 0 0 0 0 0 5 4 4 0 0 0 0 0 5 5 0 0 0
Last Time Cost: 00000129 ms
Total Time Cost: 00099063 ms
Total Distance 79: 4 0 0 0 4 4 0 0 0 0 0 5 5 4 0 0 3 0 0 5 0 4 4 0 0 0 0 5 5 4 0 0 0 0 0 5 4 4 0 0 0 0 0 5 5 0 0 0
Last Time Cost: 00000002 ms
Total Time Cost: 00099065 ms
Total Distance 78: 4 0 0 0 4 4 0 0 0 0 0 5 5 4 0 0 2 0 0 5 0 4 4 0 0 0 0 5 5 4 0 0 0 0 0 5 4 4 0 0 0 0 0 5 5 0 0 0
Last Time Cost: 00000002 ms
Total Time Cost: 00099067 ms
Total Distance 77: 4 0 0 0 4 4 0 0 0 0 0 5 5 4 0 0 1 0 0 5 0 4 4 0 0 0 0 5 5 4 0 0 0 0 0 5 4 4 0 0 0 0 0 5 5 0 0 0
Last Time Cost: 00000001 ms
Total Time Cost: 00099068 ms
Total Distance 76: 4 0 0 0 4 4 0 0 0 0 0 5 5 4 0 0 0 0 0 5 0 4 4 0 0 0 0 5 5 4 0 0 0 0 0 5 4 4 0 0 0 0 0 5 5 0 0 0
Last Time Cost: 00000139 ms
Total Time Cost: 00099207 ms
Total Distance 75: 4 0 0 0 4 4 0 0 0 0 0 5 5 4 0 0 0 0 0 5 0 4 4 0 0 0 0 5 5 3 0 0 0 0 0 5 4 4 0 0 0 0 0 5 5 0 0 0
Last Time Cost: 00000002 ms
Total Time Cost: 00099209 ms
Total Distance 74: 4 0 0 0 4 4 0 0 0 0 0 5 5 4 0 0 0 0 0 5 0 4 4 0 0 0 0 5 5 2 0 0 0 0 0 5 4 4 0 0 0 0 0 5 5 0 0 0
Last Time Cost: 00000001 ms
Total Time Cost: 00099210 ms
Total Distance 73: 4 0 0 0 4 4 0 0 0 0 0 5 5 4 0 0 0 0 0 5 0 4 4 0 0 0 0 5 5 1 0 0 0 0 0 5 4 4 0 0 0 0 0 5 5 0 0 0
Last Time Cost: 00000001 ms
Total Time Cost: 00099211 ms
Total Distance 72: 4 0 0 0 4 4 0 0 0 0 0 5 5 4 0 0 0 0 0 5 0 4 4 0 0 0 0 5 5 0 0 0 0 0 0 5 4 4 0 0 0 0 0 5 5 0 0 0
Last Time Cost: 00000150 ms
Total Time Cost: 00099361 ms
Total Distance 71: 3 0 0 0 4 4 0 0 0 0 0 5 5 4 0 0 0 0 0 5 0 4 4 0 0 0 0 5 5 0 0 0 0 0 0 5 4 4 0 0 0 0 0 5 5 0 0 0
Last Time Cost: 00000002 ms
Total Time Cost: 00099363 ms
Total Distance 70: 2 0 0 0 4 4 0 0 0 0 0 5 5 4 0 0 0 0 0 5 0 4 4 0 0 0 0 5 5 0 0 0 0 0 0 5 4 4 0 0 0 0 0 5 5 0 0 0
Last Time Cost: 00000001 ms
Total Time Cost: 00099364 ms
Total Distance 69: 1 0 0 0 4 4 0 0 0 0 0 5 5 4 0 0 0 0 0 5 0 4 4 0 0 0 0 5 5 0 0 0 0 0 0 5 4 4 0 0 0 0 0 5 5 0 0 0
Last Time Cost: 00000001 ms
Total Time Cost: 00099365 ms
Total Distance 68: 0 0 0 0 4 4 0 0 0 0 0 5 5 4 0 0 0 0 0 5 0 4 4 0 0 0 0 5 5 0 0 0 0 0 0 5 4 4 0 0 0 0 0 5 5 0 0 0
Last Time Cost: 00000177 ms
Total Time Cost: 00099542 ms
Total Distance 67: 0 0 0 0 4 4 0 0 0 0 0 5 5 4 0 0 0 0 0 5 0 4 4 0 0 0 0 5 5 0 0 0 0 0 0 5 3 4 0 0 0 0 0 5 5 0 0 0
Last Time Cost: 00000002 ms
Total Time Cost: 00099544 ms
Total Distance 66: 0 0 0 0 4 4 0 0 0 0 0 5 5 4 0 0 0 0 0 5 0 4 4 0 0 0 0 5 5 0 0 0 0 0 0 5 2 4 0 0 0 0 0 5 5 0 0 0
Last Time Cost: 00000002 ms
Total Time Cost: 00099546 ms
Total Distance 65: 0 0 0 0 4 4 0 0 0 0 0 5 5 4 0 0 0 0 0 5 0 4 4 0 0 0 0 5 5 0 0 0 0 0 0 5 1 4 0 0 0 0 0 5 5 0 0 0
Last Time Cost: 00000001 ms
Total Time Cost: 00099547 ms
Total Distance 64: 0 0 0 0 4 4 0 0 0 0 0 5 5 4 0 0 0 0 0 5 0 4 4 0 0 0 0 5 5 0 0 0 0 0 0 5 0 4 0 0 0 0 0 5 5 0 0 0
Last Time Cost: 00000175 ms
Total Time Cost: 00099722 ms
Total Distance 63: 0 0 0 0 4 4 0 0 0 0 0 5 5 4 0 0 0 0 0 5 0 4 3 0 0 0 0 5 5 0 0 0 0 0 0 5 0 4 0 0 0 0 0 5 5 0 0 0
Last Time Cost: 00000002 ms
Total Time Cost: 00099724 ms
Total Distance 62: 0 0 0 0 4 4 0 0 0 0 0 5 5 4 0 0 0 0 0 5 0 4 2 0 0 0 0 5 5 0 0 0 0 0 0 5 0 4 0 0 0 0 0 5 5 0 0 0
Last Time Cost: 00000001 ms
Total Time Cost: 00099725 ms
Total Distance 61: 0 0 0 0 4 4 0 0 0 0 0 5 5 4 0 0 0 0 0 5 0 4 1 0 0 0 0 5 5 0 0 0 0 0 0 5 0 4 0 0 0 0 0 5 5 0 0 0
Last Time Cost: 00000001 ms
Total Time Cost: 00099726 ms
Total Distance 60: 0 0 0 0 4 4 0 0 0 0 0 5 5 4 0 0 0 0 0 5 0 4 0 0 0 0 0 5 5 0 0 0 0 0 0 5 0 4 0 0 0 0 0 5 5 0 0 0
Last Time Cost: 00000189 ms
Total Time Cost: 00099915 ms
Total Distance 59: 0 0 0 0 3 4 0 0 0 0 0 5 5 4 0 0 0 0 0 5 0 4 0 0 0 0 0 5 5 0 0 0 0 0 0 5 0 4 0 0 0 0 0 5 5 0 0 0
Last Time Cost: 00000002 ms
Total Time Cost: 00099917 ms
Total Distance 58: 0 0 0 0 2 4 0 0 0 0 0 5 5 4 0 0 0 0 0 5 0 4 0 0 0 0 0 5 5 0 0 0 0 0 0 5 0 4 0 0 0 0 0 5 5 0 0 0
Last Time Cost: 00000001 ms
Total Time Cost: 00099918 ms
Total Distance 57: 0 0 0 0 1 4 0 0 0 0 0 5 5 4 0 0 0 0 0 5 0 4 0 0 0 0 0 5 5 0 0 0 0 0 0 5 0 4 0 0 0 0 0 5 5 0 0 0
Last Time Cost: 00000001 ms
Total Time Cost: 00099919 ms
Total Distance 56: 0 0 0 0 0 4 0 0 0 0 0 5 5 4 0 0 0 0 0 5 0 4 0 0 0 0 0 5 5 0 0 0 0 0 0 5 0 4 0 0 0 0 0 5 5 0 0 0
Last Time Cost: 00000202 ms
Total Time Cost: 00100121 ms
Total Distance 55: 0 0 0 0 0 3 0 0 0 0 0 5 5 4 0 0 0 0 0 5 0 4 0 0 0 0 0 5 5 0 0 0 0 0 0 5 0 4 0 0 0 0 0 5 5 0 0 0
Last Time Cost: 00000002 ms
Total Time Cost: 00100123 ms
Total Distance 54: 0 0 0 0 0 2 0 0 0 0 0 5 5 4 0 0 0 0 0 5 0 4 0 0 0 0 0 5 5 0 0 0 0 0 0 5 0 4 0 0 0 0 0 5 5 0 0 0
Last Time Cost: 00000002 ms
Total Time Cost: 00100125 ms
Total Distance 53: 0 0 0 0 0 1 0 0 0 0 0 5 5 4 0 0 0 0 0 5 0 4 0 0 0 0 0 5 5 0 0 0 0 0 0 5 0 4 0 0 0 0 0 5 5 0 0 0
Last Time Cost: 00000001 ms
Total Time Cost: 00100126 ms
Total Distance 52: 0 0 0 0 0 0 0 0 0 0 0 5 5 4 0 0 0 0 0 5 0 4 0 0 0 0 0 5 5 0 0 0 0 0 0 5 0 4 0 0 0 0 0 5 5 0 0 0
Last Time Cost: 00000216 ms
Total Time Cost: 00100342 ms
Total Distance 51: 0 0 0 0 0 0 0 0 0 0 0 5 5 4 0 0 0 0 0 5 0 3 0 0 0 0 0 5 5 0 0 0 0 0 0 5 0 4 0 0 0 0 0 5 5 0 0 0
Last Time Cost: 00000003 ms
Total Time Cost: 00100345 ms
Total Distance 50: 0 0 0 0 0 0 0 0 0 0 0 5 5 4 0 0 0 0 0 5 0 2 0 0 0 0 0 5 5 0 0 0 0 0 0 5 0 4 0 0 0 0 0 5 5 0 0 0
Last Time Cost: 00000001 ms
Total Time Cost: 00100346 ms
Total Distance 49: 0 0 0 0 0 0 0 0 0 0 0 5 5 4 0 0 0 0 0 5 0 1 0 0 0 0 0 5 5 0 0 0 0 0 0 5 0 4 0 0 0 0 0 5 5 0 0 0
Last Time Cost: 00000001 ms
Total Time Cost: 00100347 ms
Total Distance 48: 0 0 0 0 0 0 0 0 0 0 0 5 5 4 0 0 0 0 0 5 0 0 0 0 0 0 0 5 5 0 0 0 0 0 0 5 0 4 0 0 0 0 0 5 5 0 0 0
Last Time Cost: 00000240 ms
Total Time Cost: 00100587 ms
Total Distance 47: 0 0 0 0 0 0 0 0 0 0 0 5 5 3 0 0 0 0 0 5 0 0 0 0 0 0 0 5 5 0 0 0 0 0 0 5 0 4 0 0 0 0 0 5 5 0 0 0
Last Time Cost: 00000003 ms
Total Time Cost: 00100590 ms
Total Distance 46: 0 0 0 0 0 0 0 0 0 0 0 5 5 2 0 0 0 0 0 5 0 0 0 0 0 0 0 5 5 0 0 0 0 0 0 5 0 4 0 0 0 0 0 5 5 0 0 0
Last Time Cost: 00000002 ms
Total Time Cost: 00100592 ms
Total Distance 45: 0 0 0 0 0 0 0 0 0 0 0 5 5 1 0 0 0 0 0 5 0 0 0 0 0 0 0 5 5 0 0 0 0 0 0 5 0 4 0 0 0 0 0 5 5 0 0 0
Last Time Cost: 00000001 ms
Total Time Cost: 00100593 ms
Total Distance 44: 0 0 0 0 0 0 0 0 0 0 0 5 5 0 0 0 0 0 0 5 0 0 0 0 0 0 0 5 5 0 0 0 0 0 0 5 0 4 0 0 0 0 0 5 5 0 0 0
Last Time Cost: 00000249 ms
Total Time Cost: 00100842 ms
Total Distance 43: 0 0 0 0 0 0 0 0 0 0 0 5 5 0 0 0 0 0 0 5 0 0 0 0 0 0 0 5 5 0 0 0 0 0 0 5 0 3 0 0 0 0 0 5 5 0 0 0
Last Time Cost: 00000002 ms
Total Time Cost: 00100844 ms
Total Distance 42: 0 0 0 0 0 0 0 0 0 0 0 5 5 0 0 0 0 0 0 5 0 0 0 0 0 0 0 5 5 0 0 0 0 0 0 5 0 2 0 0 0 0 0 5 5 0 0 0
Last Time Cost: 00000001 ms
Total Time Cost: 00100845 ms
Total Distance 41: 0 0 0 0 0 0 0 0 0 0 0 5 5 0 0 0 0 0 0 5 0 0 0 0 0 0 0 5 5 0 0 0 0 0 0 5 0 1 0 0 0 0 0 5 5 0 0 0
Last Time Cost: 00000001 ms
Total Time Cost: 00100846 ms
Total Distance 40: 0 0 0 0 0 0 0 0 0 0 0 5 5 0 0 0 0 0 0 5 0 0 0 0 0 0 0 5 5 0 0 0 0 0 0 5 0 0 0 0 0 0 0 5 5 0 0 0
Last Time Cost: 00000263 ms
Total Time Cost: 00101109 ms
Total Distance 39: 0 0 0 0 0 0 0 0 0 0 0 5 5 0 0 0 0 0 0 5 0 0 0 0 0 0 0 5 5 0 0 0 0 0 0 5 0 0 0 0 0 0 0 4 5 0 0 0
Last Time Cost: 00000002 ms
Total Time Cost: 00101111 ms
Total Distance 38: 0 0 0 0 0 0 0 0 0 0 0 5 5 0 0 0 0 0 0 5 0 0 0 0 0 0 0 5 5 0 0 0 0 0 0 5 0 0 0 0 0 0 0 3 5 0 0 0
Last Time Cost: 00000001 ms
Total Time Cost: 00101112 ms
Total Distance 37: 0 0 0 0 0 0 0 0 0 0 0 5 5 0 0 0 0 0 0 5 0 0 0 0 0 0 0 5 5 0 0 0 0 0 0 5 0 0 0 0 0 0 0 2 5 0 0 0
Last Time Cost: 00000001 ms
Total Time Cost: 00101113 ms
Total Distance 36: 0 0 0 0 0 0 0 0 0 0 0 5 5 0 0 0 0 0 0 5 0 0 0 0 0 0 0 5 5 0 0 0 0 0 0 5 0 0 0 0 0 0 0 1 5 0 0 0
Last Time Cost: 00000001 ms
Total Time Cost: 00101114 ms
Total Distance 35: 0 0 0 0 0 0 0 0 0 0 0 5 5 0 0 0 0 0 0 5 0 0 0 0 0 0 0 5 5 0 0 0 0 0 0 5 0 0 0 0 0 0 0 0 5 0 0 0
Last Time Cost: 00000253 ms
Total Time Cost: 00101367 ms
Total Distance 34: 0 0 0 0 0 0 0 0 0 0 0 5 5 0 0 0 0 0 0 4 0 0 0 0 0 0 0 5 5 0 0 0 0 0 0 5 0 0 0 0 0 0 0 0 5 0 0 0
Last Time Cost: 00000002 ms
Total Time Cost: 00101369 ms
Total Distance 33: 0 0 0 0 0 0 0 0 0 0 0 5 5 0 0 0 0 0 0 3 0 0 0 0 0 0 0 5 5 0 0 0 0 0 0 5 0 0 0 0 0 0 0 0 5 0 0 0
Last Time Cost: 00000001 ms
Total Time Cost: 00101370 ms
Total Distance 32: 0 0 0 0 0 0 0 0 0 0 0 5 5 0 0 0 0 0 0 2 0 0 0 0 0 0 0 5 5 0 0 0 0 0 0 5 0 0 0 0 0 0 0 0 5 0 0 0
Last Time Cost: 00000001 ms
Total Time Cost: 00101371 ms
Total Distance 31: 0 0 0 0 0 0 0 0 0 0 0 5 5 0 0 0 0 0 0 1 0 0 0 0 0 0 0 5 5 0 0 0 0 0 0 5 0 0 0 0 0 0 0 0 5 0 0 0
Last Time Cost: 00000001 ms
Total Time Cost: 00101372 ms
Total Distance 30: 0 0 0 0 0 0 0 0 0 0 0 5 5 0 0 0 0 0 0 0 0 0 0 0 0 0 0 5 5 0 0 0 0 0 0 5 0 0 0 0 0 0 0 0 5 0 0 0
Last Time Cost: 00000245 ms
Total Time Cost: 00101617 ms
Total Distance 29: 0 0 0 0 0 0 0 0 0 0 0 5 5 0 0 0 0 0 0 0 0 0 0 0 0 0 0 4 5 0 0 0 0 0 0 5 0 0 0 0 0 0 0 0 5 0 0 0
Last Time Cost: 00000002 ms
Total Time Cost: 00101619 ms
Total Distance 28: 0 0 0 0 0 0 0 0 0 0 0 5 5 0 0 0 0 0 0 0 0 0 0 0 0 0 0 3 5 0 0 0 0 0 0 5 0 0 0 0 0 0 0 0 5 0 0 0
Last Time Cost: 00000001 ms
Total Time Cost: 00101620 ms
Total Distance 27: 0 0 0 0 0 0 0 0 0 0 0 5 5 0 0 0 0 0 0 0 0 0 0 0 0 0 0 2 5 0 0 0 0 0 0 5 0 0 0 0 0 0 0 0 5 0 0 0
Last Time Cost: 00000001 ms
Total Time Cost: 00101621 ms
Total Distance 26: 0 0 0 0 0 0 0 0 0 0 0 5 5 0 0 0 0 0 0 0 0 0 0 0 0 0 0 1 5 0 0 0 0 0 0 5 0 0 0 0 0 0 0 0 5 0 0 0
Last Time Cost: 00000001 ms
Total Time Cost: 00101622 ms
Total Distance 25: 0 0 0 0 0 0 0 0 0 0 0 5 5 0 0 0 0 0 0 0 0 0 0 0 0 0 0 0 5 0 0 0 0 0 0 5 0 0 0 0 0 0 0 0 5 0 0 0
Last Time Cost: 00000224 ms
Total Time Cost: 00101846 ms
Total Distance 24: 0 0 0 0 0 0 0 0 0 0 0 5 5 0 0 0 0 0 0 0 0 0 0 0 0 0 0 0 4 0 0 0 0 0 0 5 0 0 0 0 0 0 0 0 5 0 0 0
Last Time Cost: 00000002 ms
Total Time Cost: 00101848 ms
Total Distance 23: 0 0 0 0 0 0 0 0 0 0 0 5 5 0 0 0 0 0 0 0 0 0 0 0 0 0 0 0 3 0 0 0 0 0 0 5 0 0 0 0 0 0 0 0 5 0 0 0
Last Time Cost: 00000001 ms
Total Time Cost: 00101849 ms
Total Distance 22: 0 0 0 0 0 0 0 0 0 0 0 5 5 0 0 0 0 0 0 0 0 0 0 0 0 0 0 0 2 0 0 0 0 0 0 5 0 0 0 0 0 0 0 0 5 0 0 0
Last Time Cost: 00000001 ms
Total Time Cost: 00101850 ms
Total Distance 21: 0 0 0 0 0 0 0 0 0 0 0 5 5 0 0 0 0 0 0 0 0 0 0 0 0 0 0 0 1 0 0 0 0 0 0 5 0 0 0 0 0 0 0 0 5 0 0 0
Last Time Cost: 00000001 ms
Total Time Cost: 00101851 ms
Total Distance 20: 0 0 0 0 0 0 0 0 0 0 0 5 5 0 0 0 0 0 0 0 0 0 0 0 0 0 0 0 0 0 0 0 0 0 0 5 0 0 0 0 0 0 0 0 5 0 0 0
Last Time Cost: 00000194 ms
Total Time Cost: 00102045 ms
Total Distance 19: 0 0 0 0 0 0 0 0 0 0 0 5 5 0 0 0 0 0 0 0 0 0 0 0 0 0 0 0 0 0 0 0 0 0 0 4 0 0 0 0 0 0 0 0 5 0 0 0
Last Time Cost: 00000002 ms
Total Time Cost: 00102047 ms
Total Distance 18: 0 0 0 0 0 0 0 0 0 0 0 5 5 0 0 0 0 0 0 0 0 0 0 0 0 0 0 0 0 0 0 0 0 0 0 3 0 0 0 0 0 0 0 0 5 0 0 0
Last Time Cost: 00000002 ms
Total Time Cost: 00102049 ms
Total Distance 17: 0 0 0 0 0 0 0 0 0 0 0 5 5 0 0 0 0 0 0 0 0 0 0 0 0 0 0 0 0 0 0 0 0 0 0 2 0 0 0 0 0 0 0 0 5 0 0 0
Last Time Cost: 00000001 ms
Total Time Cost: 00102050 ms
Total Distance 16: 0 0 0 0 0 0 0 0 0 0 0 5 5 0 0 0 0 0 0 0 0 0 0 0 0 0 0 0 0 0 0 0 0 0 0 1 0 0 0 0 0 0 0 0 5 0 0 0
Last Time Cost: 00000001 ms
Total Time Cost: 00102051 ms
Total Distance 15: 0 0 0 0 0 0 0 0 0 0 0 5 5 0 0 0 0 0 0 0 0 0 0 0 0 0 0 0 0 0 0 0 0 0 0 0 0 0 0 0 0 0 0 0 5 0 0 0
Last Time Cost: 00000156 ms
Total Time Cost: 00102207 ms
Total Distance 14: 0 0 0 0 0 0 0 0 0 0 0 4 5 0 0 0 0 0 0 0 0 0 0 0 0 0 0 0 0 0 0 0 0 0 0 0 0 0 0 0 0 0 0 0 5 0 0 0
Last Time Cost: 00000003 ms
Total Time Cost: 00102210 ms
Total Distance 13: 0 0 0 0 0 0 0 0 0 0 0 3 5 0 0 0 0 0 0 0 0 0 0 0 0 0 0 0 0 0 0 0 0 0 0 0 0 0 0 0 0 0 0 0 5 0 0 0
Last Time Cost: 00000002 ms
Total Time Cost: 00102212 ms
Total Distance 12: 0 0 0 0 0 0 0 0 0 0 0 2 5 0 0 0 0 0 0 0 0 0 0 0 0 0 0 0 0 0 0 0 0 0 0 0 0 0 0 0 0 0 0 0 5 0 0 0
Last Time Cost: 00000001 ms
Total Time Cost: 00102213 ms
Total Distance 11: 0 0 0 0 0 0 0 0 0 0 0 1 5 0 0 0 0 0 0 0 0 0 0 0 0 0 0 0 0 0 0 0 0 0 0 0 0 0 0 0 0 0 0 0 5 0 0 0
Last Time Cost: 00000001 ms
Total Time Cost: 00102214 ms
Total Distance 10: 0 0 0 0 0 0 0 0 0 0 0 0 5 0 0 0 0 0 0 0 0 0 0 0 0 0 0 0 0 0 0 0 0 0 0 0 0 0 0 0 0 0 0 0 5 0 0 0
Last Time Cost: 00000118 ms
Total Time Cost: 00102332 ms
Total Distance 9: 0 0 0 0 0 0 0 0 0 0 0 0 4 0 0 0 0 0 0 0 0 0 0 0 0 0 0 0 0 0 0 0 0 0 0 0 0 0 0 0 0 0 0 0 5 0 0 0
Last Time Cost: 00000002 ms
Total Time Cost: 00102334 ms
Total Distance 8: 0 0 0 0 0 0 0 0 0 0 0 0 3 0 0 0 0 0 0 0 0 0 0 0 0 0 0 0 0 0 0 0 0 0 0 0 0 0 0 0 0 0 0 0 5 0 0 0
Last Time Cost: 00000001 ms
Total Time Cost: 00102335 ms
Total Distance 7: 0 0 0 0 0 0 0 0 0 0 0 0 2 0 0 0 0 0 0 0 0 0 0 0 0 0 0 0 0 0 0 0 0 0 0 0 0 0 0 0 0 0 0 0 5 0 0 0
Last Time Cost: 00000001 ms
Total Time Cost: 00102336 ms
Total Distance 6: 0 0 0 0 0 0 0 0 0 0 0 0 1 0 0 0 0 0 0 0 0 0 0 0 0 0 0 0 0 0 0 0 0 0 0 0 0 0 0 0 0 0 0 0 5 0 0 0
Last Time Cost: 00000001 ms
Total Time Cost: 00102337 ms
Total Distance 5: 0 0 0 0 0 0 0 0 0 0 0 0 0 0 0 0 0 0 0 0 0 0 0 0 0 0 0 0 0 0 0 0 0 0 0 0 0 0 0 0 0 0 0 0 5 0 0 0
Last Time Cost: 00000065 ms
Total Time Cost: 00102402 ms
Total Distance 4: 0 0 0 0 0 0 0 0 0 0 0 0 0 0 0 0 0 0 0 0 0 0 0 0 0 0 0 0 0 0 0 0 0 0 0 0 0 0 0 0 0 0 0 0 4 0 0 0
Last Time Cost: 00000002 ms
Total Time Cost: 00102404 ms
Total Distance 3: 0 0 0 0 0 0 0 0 0 0 0 0 0 0 0 0 0 0 0 0 0 0 0 0 0 0 0 0 0 0 0 0 0 0 0 0 0 0 0 0 0 0 0 0 3 0 0 0
Last Time Cost: 00000001 ms
Total Time Cost: 00102405 ms
Total Distance 2: 0 0 0 0 0 0 0 0 0 0 0 0 0 0 0 0 0 0 0 0 0 0 0 0 0 0 0 0 0 0 0 0 0 0 0 0 0 0 0 0 0 0 0 0 2 0 0 0
Last Time Cost: 00000001 ms
Total Time Cost: 00102406 ms
Total Distance 1: 0 0 0 0 0 0 0 0 0 0 0 0 0 0 0 0 0 0 0 0 0 0 0 0 0 0 0 0 0 0 0 0 0 0 0 0 0 0 0 0 0 0 0 0 1 0 0 0
Last Time Cost: 00000000 ms
Total Time Cost: 00102406 ms
Total Distance 0: 0 0 0 0 0 0 0 0 0 0 0 0 0 0 0 0 0 0 0 0 0 0 0 0 0 0 0 0 0 0 0 0 0 0 0 0 0 0 0 0 0 0 0 0 0 0 0 0
