Last Time Cost: 00000000 ms
Total Time Cost: 00000000 ms
Total Distance 546: 8 11 12 12 11 9 8 7 8 11 12 12 11 9 8 7 8 11 12 12 11 9 8 7 8 11 12 12 11 9 8 7 8 11 12 12 11 9 8 7 8 11 12 12 11 9 8 7 8 11 12 12 11 9 8 7
Last Time Cost: 00007559 ms
Total Time Cost: 00007559 ms
Total Distance 540: 7 11 12 12 11 9 8 7 8 11 12 12 11 9 8 7 7 11 12 12 11 9 8 7 7 11 12 12 11 9 8 7 8 11 11 12 11 9 8 7 7 11 12 12 11 9 8 7 8 11 11 12 11 9 8 7
Last Time Cost: 00008663 ms
Total Time Cost: 00016222 ms
Total Distance 534: 7 11 11 12 11 9 8 7 7 11 12 12 11 9 8 7 7 11 11 12 11 9 8 7 6 11 12 12 11 9 8 7 8 11 11 12 11 9 8 7 6 11 12 12 11 9 8 7 7 11 11 12 11 9 8 7
Last Time Cost: 00009913 ms
Total Time Cost: 00026135 ms
Total Distance 528: 6 11 11 12 11 9 8 7 7 11 11 12 11 9 8 7 6 11 11 12 11 9 8 7 6 11 11 12 11 9 8 7 7 11 11 12 11 9 8 7 6 11 12 12 11 9 8 7 6 11 11 12 11 9 8 7
Last Time Cost: 00011161 ms
Total Time Cost: 00037296 ms
Total Distance 522: 6 11 11 12 11 9 8 7 7 11 11 12 11 9 8 7 5 10 11 11 10 9 8 7 6 11 11 12 11 9 7 7 7 11 11 12 11 9 8 7 6 11 12 12 11 9 8 7 6 11 11 12 11 9 7 7
Last Time Cost: 00011842 ms
Total Time Cost: 00049138 ms
Total Distance 516: 6 11 11 12 11 9 7 7 7 11 11 12 11 9 8 7 5 10 11 11 10 9 8 7 6 11 11 12 11 9 6 7 7 11 11 12 11 9 8 7 6 11 12 12 11 9 8 7 5 10 11 11 10 9 7 7
Last Time Cost: 00012782 ms
Total Time Cost: 00061920 ms
Total Distance 510: 6 11 11 12 11 9 7 7 7 11 11 12 11 9 8 7 5 10 11 11 10 9 7 7 6 11 11 12 11 9 6 7 7 11 11 12 11 9 8 7 5 10 12 11 10 9 8 7 5 10 11 11 10 9 6 7
Last Time Cost: 00013292 ms
Total Time Cost: 00075212 ms
Total Distance 504: 6 11 11 12 11 9 6 7 7 11 11 12 11 9 8 7 5 10 11 11 10 9 7 7 5 10 11 11 10 9 6 7 7 11 11 12 11 9 7 7 5 10 12 11 10 9 8 7 5 10 11 11 10 9 6 7
Last Time Cost: 00013715 ms
Total Time Cost: 00088927 ms
Total Distance 498: 5 10 11 11 10 9 6 7 7 11 11 12 11 9 7 7 5 10 11 11 10 9 7 7 5 10 11 11 10 9 6 7 7 11 11 12 11 9 6 7 5 10 12 11 10 9 8 7 5 10 11 11 10 9 6 7
Last Time Cost: 00014152 ms
Total Time Cost: 00103079 ms
Total Distance 492: 5 10 11 11 10 9 6 7 7 11 11 12 11 9 6 7 5 10 11 11 10 9 7 7 5 10 11 11 10 9 6 7 6 10 11 11 10 9 6 7 5 10 12 11 10 9 7 7 5 10 11 11 10 9 6 7
Last Time Cost: 00014161 ms
Total Time Cost: 00117240 ms
Total Distance 486: 5 10 11 11 10 9 6 7 6 10 11 11 10 9 6 7 5 10 11 11 10 9 6 7 5 10 11 11 10 9 6 7 6 10 11 11 10 9 6 7 5 10 12 11 10 9 6 7 5 10 11 11 10 9 6 7
Last Time Cost: 00014334 ms
Total Time Cost: 00131574 ms
Total Distance 481: 5 9 11 11 10 9 6 7 6 10 11 11 10 9 6 7 5 10 11 11 10 9 6 7 5 10 10 10 10 9 6 6 6 10 11 11 10 9 6 7 5 10 12 11 10 9 6 7 4 10 11 11 10 9 6 7
Last Time Cost: 00014246 ms
Total Time Cost: 00145820 ms
Total Distance 477: 5 9 11 11 10 9 6 7 6 10 11 11 10 9 6 6 5 10 11 11 10 9 6 7 5 10 10 10 10 9 6 5 6 10 11 11 10 8 6 7 5 10 12 11 10 9 6 6 4 10 11 11 10 9 6 7
Last Time Cost: 00015754 ms
Total Time Cost: 00161574 ms
Total Distance 473: 5 9 11 11 10 9 6 6 6 10 11 11 10 8 6 6 5 10 11 11 10 9 6 6 5 10 10 10 10 9 6 5 6 10 11 11 10 8 6 7 5 10 12 11 10 9 6 5 4 10 11 11 10 9 6 7
Last Time Cost: 00017446 ms
Total Time Cost: 00179020 ms
Total Distance 469: 5 9 11 11 10 8 6 6 6 10 11 11 10 8 6 5 5 10 11 11 10 9 6 6 5 10 10 10 10 9 6 5 6 10 11 11 10 8 6 6 5 10 12 11 10 9 6 5 4 10 11 11 10 9 6 6
Last Time Cost: 00019378 ms
Total Time Cost: 00198398 ms
Total Distance 465: 5 9 10 11 10 8 6 6 6 10 11 11 10 8 6 5 5 10 11 11 10 9 6 6 4 10 10 10 10 9 6 5 6 10 11 11 10 8 6 6 5 10 11 11 10 9 6 5 4 9 11 11 10 9 6 6
Last Time Cost: 00019495 ms
Total Time Cost: 00217893 ms
Total Distance 461: 5 9 10 11 10 8 6 6 6 10 11 11 10 8 6 5 5 10 10 10 10 9 6 5 4 10 10 10 10 9 6 5 6 10 11 11 10 8 6 6 5 10 11 11 10 9 6 5 4 8 11 11 10 9 6 6
Last Time Cost: 00018138 ms
Total Time Cost: 00236031 ms
Total Distance 457: 5 9 10 11 10 8 6 6 6 9 11 11 10 8 6 5 5 10 10 10 10 9 6 5 4 10 10 10 10 9 6 5 6 10 10 11 10 8 6 6 4 10 11 11 10 9 6 5 4 8 10 11 10 9 6 6
Last Time Cost: 00016436 ms
Total Time Cost: 00252467 ms
Total Distance 453: 5 8 10 11 10 8 6 6 6 9 10 11 10 8 6 5 5 10 10 10 10 9 6 5 4 10 10 10 10 9 6 5 5 10 10 11 10 8 6 6 4 9 11 11 10 9 6 5 4 8 10 11 10 9 6 6
Last Time Cost: 00016056 ms
Total Time Cost: 00268523 ms
Total Distance 449: 5 8 10 11 10 8 6 6 6 9 10 11 10 8 6 5 5 9 10 10 10 9 6 5 4 10 10 10 10 9 6 5 5 10 10 11 10 8 6 6 4 9 10 10 10 9 6 4 4 8 10 11 10 9 6 6
Last Time Cost: 00013295 ms
Total Time Cost: 00281818 ms
Total Distance 445: 5 8 9 11 10 8 6 6 5 9 10 11 10 8 6 5 5 9 9 10 10 9 6 5 4 10 10 10 10 9 6 5 5 9 10 11 10 8 6 6 4 9 10 10 10 9 6 4 4 8 10 11 10 9 6 6
Last Time Cost: 00014610 ms
Total Time Cost: 00296428 ms
Total Distance 441: 4 8 9 11 10 8 6 6 5 8 10 11 10 8 6 5 5 9 9 10 10 9 6 5 4 9 10 10 10 9 6 5 5 9 9 11 10 8 6 6 4 9 10 10 10 9 6 4 4 8 10 11 10 9 6 6
Last Time Cost: 00016045 ms
Total Time Cost: 00312473 ms
Total Distance 437: 4 8 8 11 10 8 6 6 5 8 10 11 10 8 6 5 5 8 9 10 10 9 6 5 4 9 10 10 10 9 6 5 5 9 9 11 10 8 6 6 4 9 10 9 10 9 6 4 4 7 10 11 10 9 6 6
Last Time Cost: 00018788 ms
Total Time Cost: 00331261 ms
Total Distance 433: 4 8 8 11 10 8 6 6 5 8 10 11 10 8 6 5 5 8 9 10 10 9 6 5 4 8 10 10 10 9 6 5 5 9 9 11 10 8 6 6 4 9 10 9 10 9 6 4 4 7 9 10 10 9 6 5
Last Time Cost: 00017037 ms
Total Time Cost: 00348298 ms
Total Distance 429: 4 8 8 11 10 8 6 6 5 8 9 11 10 8 6 5 4 8 9 10 10 9 6 5 4 8 9 10 10 9 6 5 5 9 9 11 10 8 6 6 4 8 10 9 10 9 6 4 4 7 9 10 10 9 6 5
Last Time Cost: 00018312 ms
Total Time Cost: 00366610 ms
Total Distance 426: 4 8 8 11 10 8 6 6 5 8 9 11 10 8 6 5 4 8 9 10 10 9 6 4 4 8 9 10 10 9 6 5 5 9 9 11 10 8 6 5 4 8 10 9 10 9 6 4 4 7 9 10 10 9 6 4
Last Time Cost: 00017999 ms
Total Time Cost: 00384609 ms
Total Distance 423: 3 8 8 11 10 8 6 6 5 8 9 11 10 8 6 5 4 8 9 10 10 9 6 4 4 7 9 10 10 9 6 5 5 9 8 11 10 8 6 5 4 8 10 9 10 9 6 4 4 7 9 10 10 9 6 4
Last Time Cost: 00019344 ms
Total Time Cost: 00403953 ms
Total Distance 420: 3 8 8 11 10 7 6 6 5 8 9 11 10 8 6 5 4 8 9 10 10 9 6 4 4 7 9 10 10 9 6 4 5 9 8 11 10 7 6 5 4 8 10 9 10 9 6 4 4 7 9 10 10 9 6 4
Last Time Cost: 00021066 ms
Total Time Cost: 00425019 ms
Total Distance 417: 3 8 8 11 10 6 6 6 5 8 9 11 10 8 6 5 4 8 9 10 10 9 6 4 4 7 9 10 10 8 6 4 5 9 8 11 10 7 6 5 4 8 10 9 10 9 6 4 4 7 9 10 10 9 6 3
Last Time Cost: 00022766 ms
Total Time Cost: 00447785 ms
Total Distance 414: 3 8 8 11 10 6 6 5 5 8 9 11 10 7 6 5 4 8 9 10 10 9 6 4 4 7 9 10 10 8 6 4 5 9 8 11 10 6 6 5 4 8 10 9 10 9 6 4 4 7 9 10 10 9 6 3
Last Time Cost: 00024788 ms
Total Time Cost: 00472573 ms
Total Distance 411: 3 8 8 11 10 6 6 5 5 8 9 11 10 6 6 5 4 8 9 10 10 9 6 4 4 7 9 10 10 8 6 4 5 9 8 11 10 6 6 4 4 8 10 9 10 8 6 4 4 7 9 10 10 9 6 3
Last Time Cost: 00026921 ms
Total Time Cost: 00499494 ms
Total Distance 408: 3 8 8 11 10 6 5 5 5 8 9 11 10 6 6 5 4 8 9 10 10 9 6 4 4 7 9 10 9 8 6 4 5 9 8 11 10 6 5 4 4 8 10 9 10 8 6 4 4 7 9 10 10 9 6 3
Last Time Cost: 00029409 ms
Total Time Cost: 00528903 ms
Total Distance 405: 3 8 8 11 9 6 5 5 5 8 9 11 10 6 5 5 4 8 9 10 10 9 6 4 4 7 9 10 9 8 6 4 5 9 8 11 10 6 4 4 4 8 10 9 10 8 6 4 4 7 9 10 10 9 6 3
Last Time Cost: 00032038 ms
Total Time Cost: 00560941 ms
Total Distance 402: 3 8 8 11 9 6 5 5 5 8 9 11 10 6 4 5 4 8 9 10 10 9 6 4 4 7 9 10 9 8 6 4 5 9 8 11 9 6 4 4 4 8 10 9 10 8 5 4 4 7 9 10 10 9 6 3
Last Time Cost: 00034582 ms
Total Time Cost: 00595523 ms
Total Distance 399: 3 8 8 11 9 6 5 5 4 8 9 10 10 6 4 5 4 8 9 10 10 9 6 4 4 7 9 10 9 8 6 4 5 9 8 11 9 6 4 4 4 8 10 9 10 8 4 4 4 7 9 10 10 9 6 3
Last Time Cost: 00028612 ms
Total Time Cost: 00624135 ms
Total Distance 396: 3 8 8 11 9 6 4 5 4 8 9 10 10 6 4 5 4 8 9 10 10 9 6 4 4 7 9 10 9 8 5 4 5 9 8 11 9 6 4 4 4 8 10 9 10 8 4 4 4 7 9 10 9 9 6 3
Last Time Cost: 00030809 ms
Total Time Cost: 00654944 ms
Total Distance 393: 3 8 8 11 9 6 4 5 4 8 9 10 10 6 4 5 4 8 9 10 9 9 6 4 4 7 9 10 9 8 4 4 5 9 8 11 9 6 4 4 4 8 10 9 10 8 4 4 4 7 9 10 9 9 5 3
Last Time Cost: 00033319 ms
Total Time Cost: 00688263 ms
Total Distance 390: 3 8 8 11 9 6 4 5 4 8 9 10 10 6 4 5 4 8 9 10 9 9 5 4 4 7 9 10 9 8 4 4 5 9 8 11 9 6 4 4 4 8 10 9 9 8 4 4 4 7 9 10 9 9 4 3
Last Time Cost: 00035721 ms
Total Time Cost: 00723984 ms
Total Distance 387: 3 7 8 11 9 6 4 5 4 8 8 10 10 6 4 5 4 8 9 10 9 9 5 4 4 7 9 10 9 8 4 4 4 9 8 11 9 6 4 4 4 8 10 9 9 8 4 4 4 7 9 10 9 9 4 3
Last Time Cost: 00037891 ms
Total Time Cost: 00761875 ms
Total Distance 384: 3 7 8 11 9 6 4 5 4 8 8 10 10 6 4 5 4 8 9 10 8 9 5 4 4 7 9 10 9 8 4 4 4 9 8 11 9 6 4 4 4 8 10 9 9 8 3 4 4 7 9 10 8 9 4 3
Last Time Cost: 00040059 ms
Total Time Cost: 00801934 ms
Total Distance 381: 3 7 8 11 9 6 4 5 4 8 8 10 10 6 3 5 4 8 9 10 7 9 5 4 4 7 9 10 9 8 4 4 4 9 8 11 9 6 4 4 4 8 10 9 8 8 3 4 4 7 9 10 8 9 4 3
Last Time Cost: 00042547 ms
Total Time Cost: 00844481 ms
Total Distance 378: 3 7 8 11 8 6 4 5 4 8 8 10 10 6 3 5 4 8 9 10 7 9 5 4 4 7 9 10 8 8 4 4 4 9 8 11 9 6 4 4 4 8 10 9 8 8 3 4 4 7 9 10 8 9 3 3
Last Time Cost: 00044929 ms
Total Time Cost: 00889410 ms
Total Distance 375: 3 7 8 11 7 6 4 5 4 8 8 10 10 6 3 5 4 8 9 10 7 9 5 4 4 7 9 10 8 8 3 4 4 9 8 11 8 6 4 4 4 8 10 9 8 8 3 4 4 7 9 10 8 9 3 3
Last Time Cost: 00047918 ms
Total Time Cost: 00937328 ms
Total Distance 372: 3 7 8 11 7 6 4 5 4 8 8 10 10 6 3 5 4 8 9 10 7 9 4 4 4 7 9 10 7 8 3 4 4 9 8 11 8 6 4 4 4 8 10 9 8 8 3 4 4 7 9 10 7 9 3 3
Last Time Cost: 00051893 ms
Total Time Cost: 00989221 ms
Total Distance 369: 3 7 8 11 7 6 4 5 4 8 8 10 10 6 3 5 4 8 9 10 7 8 4 4 4 7 9 10 7 8 3 4 4 9 8 11 8 6 4 4 4 8 10 9 8 8 3 3 4 7 9 10 7 8 3 3
Last Time Cost: 00054396 ms
Total Time Cost: 01043617 ms
Total Distance 366: 3 7 8 11 7 6 4 5 4 8 8 10 10 6 3 4 4 8 9 10 7 7 4 4 4 7 9 10 7 8 3 4 4 9 8 11 8 6 4 4 4 8 10 9 8 7 3 3 4 7 9 10 7 8 3 3
Last Time Cost: 00058358 ms
Total Time Cost: 01101975 ms
Total Distance 363: 3 7 8 11 7 6 3 5 4 8 8 10 9 6 3 4 4 8 9 10 7 7 4 4 4 7 9 10 7 8 3 4 4 9 8 11 7 6 4 4 4 8 10 9 8 7 3 3 4 7 9 10 7 8 3 3
Last Time Cost: 00062492 ms
Total Time Cost: 01164467 ms
Total Distance 360: 3 7 8 11 7 6 3 5 4 8 8 10 8 6 3 4 4 8 9 10 7 7 4 4 4 7 9 10 7 8 3 4 4 9 8 11 7 6 3 4 4 8 10 9 7 7 3 3 4 7 9 10 7 8 3 3
Last Time Cost: 00066034 ms
Total Time Cost: 01230501 ms
Total Distance 357: 3 6 7 11 7 6 3 5 4 8 8 10 8 6 3 4 4 8 9 10 7 7 4 4 4 7 9 10 7 8 3 4 4 9 8 11 7 6 3 4 4 8 10 9 7 6 3 3 4 7 9 10 7 8 3 3
Last Time Cost: 00072640 ms
Total Time Cost: 01303141 ms
Total Distance 354: 3 6 7 11 7 6 3 5 4 8 8 10 8 6 3 4 4 8 8 10 7 7 4 4 4 7 9 10 7 8 3 4 4 9 8 11 7 6 3 4 4 8 10 9 6 6 3 3 4 7 8 10 7 8 3 3
Last Time Cost: 00075031 ms
Total Time Cost: 01378172 ms
Total Distance 351: 3 6 7 11 7 6 3 5 4 8 8 10 8 6 3 4 4 8 8 10 6 7 4 4 4 7 8 10 7 8 3 4 4 9 8 11 7 6 3 4 4 8 10 9 6 6 3 3 4 7 7 10 7 8 3 3
Last Time Cost: 00078764 ms
Total Time Cost: 01456936 ms
Total Distance 348: 3 6 7 11 7 6 3 5 4 8 8 9 8 6 3 4 4 8 8 10 6 7 4 4 4 7 8 10 7 8 3 4 4 9 8 11 7 5 3 4 4 8 10 8 6 6 3 3 4 7 7 10 7 8 3 3
Last Time Cost: 00082492 ms
Total Time Cost: 01539428 ms
Total Distance 345: 3 6 7 11 7 6 3 5 4 8 8 9 8 5 3 4 4 8 8 9 6 7 4 4 4 7 8 10 7 8 3 4 4 9 8 11 7 5 3 4 4 8 10 7 6 6 3 3 4 7 7 10 7 8 3 3
Last Time Cost: 00087759 ms
Total Time Cost: 01627187 ms
Total Distance 342: 3 6 7 11 7 6 3 5 4 8 7 9 8 5 3 4 4 8 8 9 6 7 4 4 4 7 8 10 7 8 3 4 4 9 8 11 6 5 3 4 4 8 9 7 6 6 3 3 4 7 7 10 7 8 3 3
Last Time Cost: 00093103 ms
Total Time Cost: 01720290 ms
Total Distance 339: 3 6 7 11 7 6 3 5 4 8 7 9 8 5 3 4 4 8 8 9 6 7 4 4 4 7 8 9 7 8 3 4 4 9 7 11 6 5 3 4 4 8 9 6 6 6 3 3 4 7 7 10 7 8 3 3
Last Time Cost: 00099233 ms
Total Time Cost: 01819523 ms
Total Distance 336: 3 6 7 11 7 6 3 5 4 8 7 8 8 5 3 4 4 7 7 9 6 7 4 4 4 7 8 9 7 8 3 4 4 9 7 11 6 5 3 4 4 8 9 6 6 6 3 3 4 7 7 10 7 8 3 3
Last Time Cost: 00104551 ms
Total Time Cost: 01924074 ms
Total Distance 333: 3 6 7 11 7 6 3 5 4 8 7 8 8 5 3 4 4 6 7 9 6 7 4 4 4 7 8 9 7 8 3 4 4 8 7 11 6 5 3 4 4 8 8 6 6 6 3 3 4 7 7 10 7 8 3 3
Last Time Cost: 00107697 ms
Total Time Cost: 02031771 ms
Total Distance 330: 3 6 6 11 7 6 3 5 4 8 7 7 8 5 3 4 4 6 7 9 6 7 4 4 4 7 8 9 7 8 3 4 4 8 7 11 6 5 3 4 4 8 8 6 6 6 3 3 4 7 7 9 7 8 3 3
Last Time Cost: 00115252 ms
Total Time Cost: 02147023 ms
Total Distance 327: 3 6 6 10 7 6 3 5 4 7 7 7 8 5 3 4 4 6 7 9 6 7 4 4 4 7 8 9 7 8 3 4 4 7 7 11 6 5 3 4 4 8 8 6 6 6 3 3 4 7 7 9 7 8 3 3
Last Time Cost: 00073288 ms
Total Time Cost: 02220311 ms
Total Distance 324: 3 6 6 10 7 6 3 5 4 7 7 7 8 5 3 4 4 6 7 8 6 7 4 4 4 7 8 9 7 8 3 4 4 7 7 10 6 5 3 4 4 7 8 6 6 6 3 3 4 7 7 9 7 8 3 3
Last Time Cost: 00011343 ms
Total Time Cost: 02231654 ms
Total Distance 321: 3 6 6 10 7 6 3 5 4 7 7 7 8 5 3 4 4 6 7 7 6 7 4 4 4 7 7 9 7 8 3 4 4 7 7 9 6 5 3 4 4 7 8 6 6 6 3 3 4 7 7 9 7 8 3 3
Last Time Cost: 00011015 ms
Total Time Cost: 02242669 ms
Total Distance 319: 3 6 6 10 7 6 3 5 4 7 7 7 8 4 3 4 4 6 7 7 6 7 4 3 4 7 7 9 7 8 3 4 4 7 7 9 6 5 3 4 4 7 8 6 6 6 3 3 4 7 7 9 7 8 3 3
Last Time Cost: 00011677 ms
Total Time Cost: 02254346 ms
Total Distance 316: 3 6 6 10 7 6 3 5 4 6 6 7 8 4 3 4 4 6 7 7 6 7 4 3 4 7 7 9 7 8 3 4 4 7 7 9 6 5 3 4 4 7 8 6 6 6 3 3 4 7 7 9 7 7 3 3
Last Time Cost: 00012137 ms
Total Time Cost: 02266483 ms
Total Distance 314: 3 6 6 10 7 6 3 5 4 5 6 7 8 4 3 4 4 6 7 7 6 7 4 2 4 7 7 9 7 8 3 4 4 7 7 9 6 5 3 4 4 7 8 6 6 6 3 3 4 7 7 9 7 7 3 3
Last Time Cost: 00013424 ms
Total Time Cost: 02279907 ms
Total Distance 312: 3 6 6 10 7 6 3 5 4 5 6 7 8 4 3 4 4 6 7 7 6 7 4 2 4 7 7 9 7 8 3 3 4 7 7 9 6 4 3 4 4 7 8 6 6 6 3 3 4 7 7 9 7 7 3 3
Last Time Cost: 00015464 ms
Total Time Cost: 02295371 ms
Total Distance 310: 3 6 6 10 7 6 3 5 4 5 6 7 8 3 3 4 4 6 7 7 6 7 4 2 4 7 7 9 7 8 3 3 4 7 7 9 6 3 3 4 4 7 8 6 6 6 3 3 4 7 7 9 7 7 3 3
Last Time Cost: 00016316 ms
Total Time Cost: 02311687 ms
Total Distance 308: 3 6 6 10 7 6 3 5 4 5 6 7 8 3 3 4 4 6 7 7 6 7 4 2 4 7 7 9 7 8 3 3 4 7 7 9 6 3 3 3 4 7 8 6 6 5 3 3 4 7 7 9 7 7 3 3
Last Time Cost: 00017062 ms
Total Time Cost: 02328749 ms
Total Distance 306: 3 6 6 10 7 6 3 5 4 5 6 7 8 3 3 4 3 5 7 7 6 7 4 2 4 7 7 9 7 8 3 3 4 7 7 9 6 3 3 3 4 7 8 6 6 5 3 3 4 7 7 9 7 7 3 3
Last Time Cost: 00017968 ms
Total Time Cost: 02346717 ms
Total Distance 304: 3 6 5 10 7 6 3 5 4 5 6 7 8 3 3 4 3 5 7 7 6 7 4 2 3 7 7 9 7 8 3 3 4 7 7 9 6 3 3 3 4 7 8 6 6 5 3 3 4 7 7 9 7 7 3 3
Last Time Cost: 00017751 ms
Total Time Cost: 02364468 ms
Total Distance 302: 3 6 5 10 7 6 3 5 4 5 6 7 8 3 3 4 3 5 7 7 6 7 4 2 3 7 7 9 7 8 3 3 4 7 7 9 6 3 3 3 3 6 8 6 6 5 3 3 4 7 7 9 7 7 3 3
Last Time Cost: 00018019 ms
Total Time Cost: 02382487 ms
Total Distance 300: 3 6 5 10 7 6 3 5 4 5 6 7 7 3 3 4 3 5 7 7 6 7 3 2 3 7 7 9 7 8 3 3 4 7 7 9 6 3 3 3 3 6 8 6 6 5 3 3 4 7 7 9 7 7 3 3
Last Time Cost: 00018873 ms
Total Time Cost: 02401360 ms
Total Distance 298: 3 6 5 10 7 6 3 5 4 5 6 7 7 3 3 4 3 5 7 7 6 6 3 2 3 7 7 9 7 8 3 3 4 7 7 9 6 3 3 3 3 6 8 6 6 4 3 3 4 7 7 9 7 7 3 3
Last Time Cost: 00019747 ms
Total Time Cost: 02421107 ms
Total Distance 296: 3 6 5 10 7 6 3 5 4 5 6 7 7 3 3 4 3 4 6 7 6 6 3 2 3 7 7 9 7 8 3 3 4 7 7 9 6 3 3 3 3 6 8 6 6 4 3 3 4 7 7 9 7 7 3 3
Last Time Cost: 00020418 ms
Total Time Cost: 02441525 ms
Total Distance 294: 3 6 5 10 7 6 3 5 4 5 6 7 7 3 3 4 3 4 6 7 5 6 3 2 3 7 7 9 7 8 3 3 4 7 7 9 6 3 3 3 3 6 8 6 5 4 3 3 4 7 7 9 7 7 3 3
Last Time Cost: 00021824 ms
Total Time Cost: 02463349 ms
Total Distance 292: 3 6 5 10 7 6 3 5 4 5 6 7 6 3 3 4 3 4 6 7 5 6 3 2 3 7 7 9 7 8 3 3 4 7 7 9 6 3 3 3 3 6 8 6 4 4 3 3 4 7 7 9 7 7 3 3
Last Time Cost: 00022867 ms
Total Time Cost: 02486216 ms
Total Distance 290: 3 6 5 10 7 6 3 5 4 5 6 7 6 3 3 4 3 4 6 7 4 6 3 2 3 7 7 9 7 8 3 3 4 7 7 9 6 3 3 3 3 6 8 6 4 4 3 3 4 7 7 9 6 7 3 3
Last Time Cost: 00023781 ms
Total Time Cost: 02509997 ms
Total Distance 288: 3 6 5 10 7 6 3 5 4 5 6 7 6 3 3 4 3 4 6 7 4 6 3 2 3 7 7 8 7 8 3 3 4 7 7 9 6 2 3 3 3 6 8 6 4 4 3 3 4 7 7 9 6 7 3 3
Last Time Cost: 00019782 ms
Total Time Cost: 02529779 ms
Total Distance 286: 3 6 5 10 7 6 3 5 4 5 6 7 5 3 3 4 3 4 6 7 4 6 3 2 3 7 7 8 7 8 3 3 4 7 7 9 5 2 3 3 3 6 8 6 4 4 3 3 4 7 7 9 6 7 3 3
Last Time Cost: 00020899 ms
Total Time Cost: 02550678 ms
Total Distance 284: 3 6 5 10 7 6 3 5 3 5 6 7 5 3 3 4 3 4 6 7 4 6 3 2 3 7 7 7 7 8 3 3 4 7 7 9 5 2 3 3 3 6 8 6 4 4 3 3 4 7 7 9 6 7 3 3
Last Time Cost: 00021852 ms
Total Time Cost: 02572530 ms
Total Distance 281: 3 6 5 10 7 6 3 5 3 5 6 7 5 3 3 4 3 4 5 6 4 6 3 2 3 7 7 7 7 8 3 3 4 7 7 9 5 2 3 3 3 6 8 6 4 4 3 3 4 6 7 9 6 7 3 3
Last Time Cost: 00022406 ms
Total Time Cost: 02594936 ms
Total Distance 279: 3 6 5 10 7 6 3 5 3 5 6 7 5 3 3 4 3 4 5 6 4 6 3 2 2 6 7 7 7 8 3 3 4 7 7 9 5 2 3 3 3 6 8 6 4 4 3 3 4 6 7 9 6 7 3 3
Last Time Cost: 00023435 ms
Total Time Cost: 02618371 ms
Total Distance 277: 3 5 5 10 7 6 3 5 3 5 6 7 5 3 3 4 3 4 5 6 4 6 3 2 2 6 7 7 7 8 3 3 3 7 7 9 5 2 3 3 3 6 8 6 4 4 3 3 4 6 7 9 6 7 3 3
Last Time Cost: 00024554 ms
Total Time Cost: 02642925 ms
Total Distance 275: 3 5 5 10 7 6 3 5 3 5 6 7 5 3 3 4 3 4 5 6 4 6 3 2 2 6 7 7 7 8 3 3 2 6 7 9 5 2 3 3 3 6 8 6 4 4 3 3 4 6 7 9 6 7 3 3
Last Time Cost: 00025448 ms
Total Time Cost: 02668373 ms
Total Distance 273: 3 5 5 10 6 6 3 5 3 5 6 7 5 3 3 4 3 4 5 6 4 6 3 2 2 6 7 7 7 8 3 3 2 6 7 9 4 2 3 3 3 6 8 6 4 4 3 3 4 6 7 9 6 7 3 3
Last Time Cost: 00026461 ms
Total Time Cost: 02694834 ms
Total Distance 271: 3 5 5 10 6 6 3 5 3 5 6 7 5 3 3 4 3 4 5 6 4 6 3 2 2 5 7 7 7 8 3 3 2 6 7 9 4 2 3 3 3 5 8 6 4 4 3 3 4 6 7 9 6 7 3 3
Last Time Cost: 00027637 ms
Total Time Cost: 02722471 ms
Total Distance 269: 3 5 5 10 5 6 3 5 3 5 6 7 5 3 3 4 3 4 5 5 4 6 3 2 2 5 7 7 7 8 3 3 2 6 7 9 4 2 3 3 3 5 8 6 4 4 3 3 4 6 7 9 6 7 3 3
Last Time Cost: 00028892 ms
Total Time Cost: 02751363 ms
Total Distance 267: 3 5 5 10 4 6 3 5 3 5 6 7 5 3 3 4 3 4 5 5 4 6 3 2 2 5 7 7 6 8 3 3 2 6 7 9 4 2 3 3 3 5 8 6 4 4 3 3 4 6 7 9 6 7 3 3
Last Time Cost: 00030423 ms
Total Time Cost: 02781786 ms
Total Distance 265: 3 5 5 10 4 6 3 5 3 5 6 7 5 3 3 4 3 4 4 5 4 6 3 2 2 5 7 7 5 8 3 3 2 6 7 9 4 2 3 3 3 5 8 6 4 4 3 3 4 6 7 9 6 7 3 3
Last Time Cost: 00031774 ms
Total Time Cost: 02813560 ms
Total Distance 263: 3 5 5 10 4 6 3 5 3 5 6 7 5 3 3 4 3 4 4 5 4 5 3 2 2 5 7 7 5 8 3 3 2 6 7 9 4 2 3 3 3 5 8 6 4 4 3 3 4 6 7 9 6 6 3 3
Last Time Cost: 00033159 ms
Total Time Cost: 02846719 ms
Total Distance 261: 3 5 5 10 4 6 3 5 3 5 5 7 5 3 3 4 3 4 4 5 4 5 3 2 2 5 6 7 5 8 3 3 2 6 7 9 4 2 3 3 3 5 8 6 4 4 3 3 4 6 7 9 6 6 3 3
Last Time Cost: 00035590 ms
Total Time Cost: 02882309 ms
Total Distance 259: 3 5 5 10 4 6 3 5 3 5 5 7 5 3 3 4 3 4 4 5 4 5 3 2 2 5 6 7 4 7 3 3 2 6 7 9 4 2 3 3 3 5 8 6 4 4 3 3 4 6 7 9 6 6 3 3
Last Time Cost: 00038387 ms
Total Time Cost: 02920696 ms
Total Distance 257: 3 5 5 10 4 6 3 5 3 5 5 7 5 3 3 4 3 4 4 5 4 5 3 2 2 5 6 7 4 6 3 3 2 6 7 9 4 2 3 3 3 5 8 6 4 4 3 3 4 6 7 9 6 5 3 3
Last Time Cost: 00040270 ms
Total Time Cost: 02960966 ms
Total Distance 255: 3 5 5 10 4 6 3 5 3 5 5 7 5 3 3 4 3 4 4 5 4 5 3 2 2 5 6 7 4 5 3 3 2 6 7 9 4 2 3 3 3 5 8 6 4 4 3 3 4 6 7 9 6 4 3 3
Last Time Cost: 00041907 ms
Total Time Cost: 03002873 ms
Total Distance 253: 3 5 5 10 4 6 3 5 3 5 5 7 5 3 3 4 3 4 4 5 4 5 3 2 2 5 6 6 4 5 3 3 2 6 6 9 4 2 3 3 3 5 8 6 4 4 3 3 4 6 7 9 6 4 3 3
Last Time Cost: 00043531 ms
Total Time Cost: 03046404 ms
Total Distance 251: 3 5 5 10 4 6 3 5 3 5 5 7 5 3 3 4 3 4 4 5 4 5 3 2 2 5 6 6 4 5 3 3 2 6 5 9 4 2 3 3 3 5 8 6 4 4 3 3 4 6 6 9 6 4 3 3
Last Time Cost: 00044686 ms
Total Time Cost: 03091090 ms
Total Distance 249: 3 5 5 10 4 6 3 5 3 5 5 7 5 3 3 4 3 4 4 4 4 5 3 2 2 5 6 6 4 5 3 3 2 6 5 8 4 2 3 3 3 5 8 6 4 4 3 3 4 6 6 9 6 4 3 3
Last Time Cost: 00032545 ms
Total Time Cost: 03123635 ms
Total Distance 247: 3 5 5 10 4 6 3 5 3 5 5 7 5 3 3 4 3 4 4 4 4 5 3 2 2 5 6 6 4 4 3 3 2 6 5 8 4 2 3 3 3 5 8 6 4 4 3 3 4 6 6 8 6 4 3 3
Last Time Cost: 00019898 ms
Total Time Cost: 03143533 ms
Total Distance 245: 3 5 5 9 4 6 3 5 3 5 5 7 5 3 3 4 3 4 4 4 4 5 2 2 2 5 6 6 4 4 3 3 2 6 5 8 4 2 3 3 3 5 8 6 4 4 3 3 4 6 6 8 6 4 3 3
Last Time Cost: 00015186 ms
Total Time Cost: 03158719 ms
Total Distance 243: 3 5 5 9 4 5 3 5 3 5 5 7 5 3 3 4 3 4 4 4 4 5 2 2 2 5 6 6 4 4 3 3 2 6 5 7 4 2 3 3 3 5 8 6 4 4 3 3 4 6 6 8 6 4 3 3
Last Time Cost: 00016221 ms
Total Time Cost: 03174940 ms
Total Distance 241: 3 5 5 9 4 5 3 5 3 5 5 7 5 3 3 4 3 4 4 4 4 5 2 2 2 5 6 6 4 4 3 3 2 6 5 7 4 2 3 3 3 5 8 6 4 4 3 3 4 6 5 7 6 4 3 3
Last Time Cost: 00016992 ms
Total Time Cost: 03191932 ms
Total Distance 239: 3 5 5 9 4 5 3 5 3 5 5 6 5 3 3 4 3 4 4 4 4 5 2 2 2 5 6 6 4 4 3 3 2 6 5 7 4 2 3 3 3 5 8 6 4 4 3 3 4 6 5 6 6 4 3 3
Last Time Cost: 00016335 ms
Total Time Cost: 03208267 ms
Total Distance 237: 3 5 5 8 4 5 3 5 3 5 5 6 5 3 3 4 3 4 4 4 4 5 2 2 2 5 6 5 4 4 3 3 2 6 5 7 4 2 3 3 3 5 8 6 4 4 3 3 4 6 5 6 6 4 3 3
Last Time Cost: 00001430 ms
Total Time Cost: 03209697 ms
Total Distance 235: 3 5 5 7 4 5 3 5 3 5 5 6 5 3 3 4 3 4 4 4 4 5 2 2 2 5 6 5 4 4 3 3 2 5 5 7 4 2 3 3 3 5 8 6 4 4 3 3 4 6 5 6 6 4 3 3
Last Time Cost: 00001327 ms
Total Time Cost: 03211024 ms
Total Distance 234: 3 5 5 7 4 5 3 5 3 5 5 6 5 3 3 4 3 4 4 4 4 5 2 2 2 5 6 5 4 4 3 3 1 5 5 7 4 2 3 3 3 5 8 6 4 4 3 3 4 6 5 6 6 4 3 3
Last Time Cost: 00000106 ms
Total Time Cost: 03211130 ms
Total Distance 233: 3 5 5 7 4 5 3 5 3 5 5 6 5 3 3 4 3 4 4 4 4 5 2 2 2 5 6 5 4 4 3 3 0 5 5 7 4 2 3 3 3 5 8 6 4 4 3 3 4 6 5 6 6 4 3 3
Last Time Cost: 00001399 ms
Total Time Cost: 03212529 ms
Total Distance 232: 3 5 5 7 4 5 3 5 3 5 5 6 5 3 3 4 3 4 4 4 4 5 2 1 2 5 6 5 4 4 3 3 0 5 5 7 4 2 3 3 3 5 8 6 4 4 3 3 4 6 5 6 6 4 3 3
Last Time Cost: 00000117 ms
Total Time Cost: 03212646 ms
Total Distance 231: 3 5 5 7 4 5 3 5 3 5 5 6 5 3 3 4 3 4 4 4 4 5 2 0 2 5 6 5 4 4 3 3 0 5 5 7 4 2 3 3 3 5 8 6 4 4 3 3 4 6 5 6 6 4 3 3
Last Time Cost: 00001654 ms
Total Time Cost: 03214300 ms
Total Distance 230: 3 5 5 7 4 5 3 5 3 5 5 6 5 3 3 4 3 4 4 4 4 5 2 0 1 5 6 5 4 4 3 3 0 5 5 7 4 2 3 3 3 5 8 6 4 4 3 3 4 6 5 6 6 4 3 3
Last Time Cost: 00000111 ms
Total Time Cost: 03214411 ms
Total Distance 229: 3 5 5 7 4 5 3 5 3 5 5 6 5 3 3 4 3 4 4 4 4 5 2 0 0 5 6 5 4 4 3 3 0 5 5 7 4 2 3 3 3 5 8 6 4 4 3 3 4 6 5 6 6 4 3 3
Last Time Cost: 00001620 ms
Total Time Cost: 03216031 ms
Total Distance 227: 3 5 5 7 4 5 3 5 3 4 5 6 5 3 3 4 3 4 4 4 4 5 2 0 0 5 6 5 4 4 3 3 0 5 5 7 4 2 3 3 3 5 7 6 4 4 3 3 4 6 5 6 6 4 3 3
Last Time Cost: 00001376 ms
Total Time Cost: 03217407 ms
Total Distance 226: 3 5 5 7 4 5 3 5 3 4 5 6 5 3 3 4 3 4 4 4 4 5 1 0 0 5 6 5 4 4 3 3 0 5 5 7 4 2 3 3 3 5 7 6 4 4 3 3 4 6 5 6 6 4 3 3
Last Time Cost: 00000045 ms
Total Time Cost: 03217452 ms
Total Distance 225: 3 5 5 7 4 5 3 5 3 4 5 6 5 3 3 4 3 4 4 4 4 5 0 0 0 5 6 5 4 4 3 3 0 5 5 7 4 2 3 3 3 5 7 6 4 4 3 3 4 6 5 6 6 4 3 3
Last Time Cost: 00001506 ms
Total Time Cost: 03218958 ms
Total Distance 224: 3 5 5 7 4 5 3 5 3 4 5 6 5 3 3 4 3 4 4 4 4 5 0 0 0 5 6 5 4 4 3 3 0 5 5 7 4 1 3 3 3 5 7 6 4 4 3 3 4 6 5 6 6 4 3 3
Last Time Cost: 00000050 ms
Total Time Cost: 03219008 ms
Total Distance 223: 3 5 5 7 4 5 3 5 3 4 5 6 5 3 3 4 3 4 4 4 4 5 0 0 0 5 6 5 4 4 3 3 0 5 5 7 4 0 3 3 3 5 7 6 4 4 3 3 4 6 5 6 6 4 3 3
Last Time Cost: 00001715 ms
Total Time Cost: 03220723 ms
Total Distance 222: 3 5 5 7 4 5 2 5 3 4 5 6 5 3 3 4 3 4 4 4 4 5 0 0 0 5 6 5 4 4 3 3 0 5 5 7 4 0 3 3 3 5 7 6 4 4 3 3 4 6 5 6 6 4 3 3
Last Time Cost: 00000054 ms
Total Time Cost: 03220777 ms
Total Distance 221: 3 5 5 7 4 5 1 5 3 4 5 6 5 3 3 4 3 4 4 4 4 5 0 0 0 5 6 5 4 4 3 3 0 5 5 7 4 0 3 3 3 5 7 6 4 4 3 3 4 6 5 6 6 4 3 3
Last Time Cost: 00000051 ms
Total Time Cost: 03220828 ms
Total Distance 220: 3 5 5 7 4 5 0 5 3 4 5 6 5 3 3 4 3 4 4 4 4 5 0 0 0 5 6 5 4 4 3 3 0 5 5 7 4 0 3 3 3 5 7 6 4 4 3 3 4 6 5 6 6 4 3 3
Last Time Cost: 00002002 ms
Total Time Cost: 03222830 ms
Total Distance 219: 3 5 5 7 4 5 0 5 3 4 5 6 5 3 3 4 3 4 4 4 4 5 0 0 0 5 6 5 4 4 3 3 0 5 5 7 4 0 3 3 3 5 7 6 4 4 3 3 4 6 5 6 6 4 3 2
Last Time Cost: 00000064 ms
Total Time Cost: 03222894 ms
Total Distance 218: 3 5 5 7 4 5 0 5 3 4 5 6 5 3 3 4 3 4 4 4 4 5 0 0 0 5 6 5 4 4 3 3 0 5 5 7 4 0 3 3 3 5 7 6 4 4 3 3 4 6 5 6 6 4 3 1
Last Time Cost: 00000056 ms
Total Time Cost: 03222950 ms
Total Distance 217: 3 5 5 7 4 5 0 5 3 4 5 6 5 3 3 4 3 4 4 4 4 5 0 0 0 5 6 5 4 4 3 3 0 5 5 7 4 0 3 3 3 5 7 6 4 4 3 3 4 6 5 6 6 4 3 0
Last Time Cost: 00001956 ms
Total Time Cost: 03224906 ms
Total Distance 216: 3 5 5 7 4 5 0 5 3 4 5 6 5 3 2 4 3 4 4 4 4 5 0 0 0 5 6 5 4 4 3 3 0 5 5 7 4 0 3 3 3 5 7 6 4 4 3 3 4 6 5 6 6 4 3 0
Last Time Cost: 00000057 ms
Total Time Cost: 03224963 ms
Total Distance 215: 3 5 5 7 4 5 0 5 3 4 5 6 5 3 1 4 3 4 4 4 4 5 0 0 0 5 6 5 4 4 3 3 0 5 5 7 4 0 3 3 3 5 7 6 4 4 3 3 4 6 5 6 6 4 3 0
Last Time Cost: 00000059 ms
Total Time Cost: 03225022 ms
Total Distance 214: 3 5 5 7 4 5 0 5 3 4 5 6 5 3 0 4 3 4 4 4 4 5 0 0 0 5 6 5 4 4 3 3 0 5 5 7 4 0 3 3 3 5 7 6 4 4 3 3 4 6 5 6 6 4 3 0
Last Time Cost: 00002116 ms
Total Time Cost: 03227138 ms
Total Distance 213: 3 5 5 7 4 5 0 5 3 4 5 6 5 3 0 4 3 4 4 4 4 5 0 0 0 5 6 5 4 4 2 3 0 5 5 7 4 0 3 3 3 5 7 6 4 4 3 3 4 6 5 6 6 4 3 0
Last Time Cost: 00000062 ms
Total Time Cost: 03227200 ms
Total Distance 212: 3 5 5 7 4 5 0 5 3 4 5 6 5 3 0 4 3 4 4 4 4 5 0 0 0 5 6 5 4 4 1 3 0 5 5 7 4 0 3 3 3 5 7 6 4 4 3 3 4 6 5 6 6 4 3 0
Last Time Cost: 00000058 ms
Total Time Cost: 03227258 ms
Total Distance 211: 3 5 5 7 4 5 0 5 3 4 5 6 5 3 0 4 3 4 4 4 4 5 0 0 0 5 6 5 4 4 0 3 0 5 5 7 4 0 3 3 3 5 7 6 4 4 3 3 4 6 5 6 6 4 3 0
Last Time Cost: 00002306 ms
Total Time Cost: 03229564 ms
Total Distance 210: 3 5 5 7 4 5 0 5 3 4 5 6 5 3 0 4 3 4 4 4 4 5 0 0 0 5 6 5 4 4 0 3 0 5 5 7 4 0 3 3 3 5 7 6 4 4 3 3 4 6 5 6 6 4 2 0
Last Time Cost: 00000066 ms
Total Time Cost: 03229630 ms
Total Distance 209: 3 5 5 7 4 5 0 5 3 4 5 6 5 3 0 4 3 4 4 4 4 5 0 0 0 5 6 5 4 4 0 3 0 5 5 7 4 0 3 3 3 5 7 6 4 4 3 3 4 6 5 6 6 4 1 0
Last Time Cost: 00000058 ms
Total Time Cost: 03229688 ms
Total Distance 208: 3 5 5 7 4 5 0 5 3 4 5 6 5 3 0 4 3 4 4 4 4 5 0 0 0 5 6 5 4 4 0 3 0 5 5 7 4 0 3 3 3 5 7 6 4 4 3 3 4 6 5 6 6 4 0 0
Last Time Cost: 00002533 ms
Total Time Cost: 03232221 ms
Total Distance 207: 3 5 5 7 4 5 0 5 2 4 5 6 5 3 0 4 3 4 4 4 4 5 0 0 0 5 6 5 4 4 0 3 0 5 5 7 4 0 3 3 3 5 7 6 4 4 3 3 4 6 5 6 6 4 0 0
Last Time Cost: 00000069 ms
Total Time Cost: 03232290 ms
Total Distance 206: 3 5 5 7 4 5 0 5 1 4 5 6 5 3 0 4 3 4 4 4 4 5 0 0 0 5 6 5 4 4 0 3 0 5 5 7 4 0 3 3 3 5 7 6 4 4 3 3 4 6 5 6 6 4 0 0
Last Time Cost: 00000061 ms
Total Time Cost: 03232351 ms
Total Distance 205: 3 5 5 7 4 5 0 5 0 4 5 6 5 3 0 4 3 4 4 4 4 5 0 0 0 5 6 5 4 4 0 3 0 5 5 7 4 0 3 3 3 5 7 6 4 4 3 3 4 6 5 6 6 4 0 0
Last Time Cost: 00002834 ms
Total Time Cost: 03235185 ms
Total Distance 204: 3 5 5 7 4 5 0 5 0 4 5 6 5 3 0 4 3 4 4 4 4 5 0 0 0 5 6 5 4 4 0 3 0 5 5 7 4 0 3 3 3 5 7 6 4 4 2 3 4 6 5 6 6 4 0 0
Last Time Cost: 00000072 ms
Total Time Cost: 03235257 ms
Total Distance 203: 3 5 5 7 4 5 0 5 0 4 5 6 5 3 0 4 3 4 4 4 4 5 0 0 0 5 6 5 4 4 0 3 0 5 5 7 4 0 3 3 3 5 7 6 4 4 1 3 4 6 5 6 6 4 0 0
Last Time Cost: 00000064 ms
Total Time Cost: 03235321 ms
Total Distance 202: 3 5 5 7 4 5 0 5 0 4 5 6 5 3 0 4 3 4 4 4 4 5 0 0 0 5 6 5 4 4 0 3 0 5 5 7 4 0 3 3 3 5 7 6 4 4 0 3 4 6 5 6 6 4 0 0
Last Time Cost: 00003072 ms
Total Time Cost: 03238393 ms
Total Distance 201: 3 5 5 7 4 5 0 5 0 4 5 6 5 3 0 4 2 4 4 4 4 5 0 0 0 5 6 5 4 4 0 3 0 5 5 7 4 0 3 3 3 5 7 6 4 4 0 3 4 6 5 6 6 4 0 0
Last Time Cost: 00000067 ms
Total Time Cost: 03238460 ms
Total Distance 200: 3 5 5 7 4 5 0 5 0 4 5 6 5 3 0 4 1 4 4 4 4 5 0 0 0 5 6 5 4 4 0 3 0 5 5 7 4 0 3 3 3 5 7 6 4 4 0 3 4 6 5 6 6 4 0 0
Last Time Cost: 00000067 ms
Total Time Cost: 03238527 ms
Total Distance 199: 3 5 5 7 4 5 0 5 0 4 5 6 5 3 0 4 0 4 4 4 4 5 0 0 0 5 6 5 4 4 0 3 0 5 5 7 4 0 3 3 3 5 7 6 4 4 0 3 4 6 5 6 6 4 0 0
Last Time Cost: 00003373 ms
Total Time Cost: 03241900 ms
Total Distance 198: 3 5 5 7 4 5 0 5 0 4 5 6 5 3 0 4 0 4 4 4 4 5 0 0 0 5 6 5 4 4 0 3 0 5 5 7 4 0 3 3 3 5 7 6 4 4 0 2 4 6 5 6 6 4 0 0
Last Time Cost: 00000071 ms
Total Time Cost: 03241971 ms
Total Distance 197: 3 5 5 7 4 5 0 5 0 4 5 6 5 3 0 4 0 4 4 4 4 5 0 0 0 5 6 5 4 4 0 3 0 5 5 7 4 0 3 3 3 5 7 6 4 4 0 1 4 6 5 6 6 4 0 0
Last Time Cost: 00000068 ms
Total Time Cost: 03242039 ms
Total Distance 196: 3 5 5 7 4 5 0 5 0 4 5 6 5 3 0 4 0 4 4 4 4 5 0 0 0 5 6 5 4 4 0 3 0 5 5 7 4 0 3 3 3 5 7 6 4 4 0 0 4 6 5 6 6 4 0 0
Last Time Cost: 00003628 ms
Total Time Cost: 03245667 ms
Total Distance 195: 3 5 5 7 4 5 0 5 0 4 5 6 5 3 0 4 0 4 4 4 4 5 0 0 0 5 6 5 4 4 0 3 0 5 5 7 4 0 2 3 3 5 7 6 4 4 0 0 4 6 5 6 6 4 0 0
Last Time Cost: 00000079 ms
Total Time Cost: 03245746 ms
Total Distance 194: 3 5 5 7 4 5 0 5 0 4 5 6 5 3 0 4 0 4 4 4 4 5 0 0 0 5 6 5 4 4 0 3 0 5 5 7 4 0 1 3 3 5 7 6 4 4 0 0 4 6 5 6 6 4 0 0
Last Time Cost: 00000077 ms
Total Time Cost: 03245823 ms
Total Distance 193: 3 5 5 7 4 5 0 5 0 4 5 6 5 3 0 4 0 4 4 4 4 5 0 0 0 5 6 5 4 4 0 3 0 5 5 7 4 0 0 3 3 5 7 6 4 4 0 0 4 6 5 6 6 4 0 0
Last Time Cost: 00003906 ms
Total Time Cost: 03249729 ms
Total Distance 192: 3 5 5 7 4 5 0 5 0 4 5 6 5 3 0 4 0 4 4 4 4 5 0 0 0 5 6 5 4 4 0 3 0 5 5 7 4 0 0 2 3 5 7 6 4 4 0 0 4 6 5 6 6 4 0 0
Last Time Cost: 00000089 ms
Total Time Cost: 03249818 ms
Total Distance 191: 3 5 5 7 4 5 0 5 0 4 5 6 5 3 0 4 0 4 4 4 4 5 0 0 0 5 6 5 4 4 0 3 0 5 5 7 4 0 0 1 3 5 7 6 4 4 0 0 4 6 5 6 6 4 0 0
Last Time Cost: 00000080 ms
Total Time Cost: 03249898 ms
Total Distance 190: 3 5 5 7 4 5 0 5 0 4 5 6 5 3 0 4 0 4 4 4 4 5 0 0 0 5 6 5 4 4 0 3 0 5 5 7 4 0 0 0 3 5 7 6 4 4 0 0 4 6 5 6 6 4 0 0
Last Time Cost: 00004254 ms
Total Time Cost: 03254152 ms
Total Distance 189: 3 5 5 7 4 5 0 5 0 4 5 6 5 2 0 4 0 4 4 4 4 5 0 0 0 5 6 5 4 4 0 3 0 5 5 7 4 0 0 0 3 5 7 6 4 4 0 0 4 6 5 6 6 4 0 0
Last Time Cost: 00000079 ms
Total Time Cost: 03254231 ms
Total Distance 188: 3 5 5 7 4 5 0 5 0 4 5 6 5 1 0 4 0 4 4 4 4 5 0 0 0 5 6 5 4 4 0 3 0 5 5 7 4 0 0 0 3 5 7 6 4 4 0 0 4 6 5 6 6 4 0 0
Last Time Cost: 00000083 ms
Total Time Cost: 03254314 ms
Total Distance 187: 3 5 5 7 4 5 0 5 0 4 5 6 5 0 0 4 0 4 4 4 4 5 0 0 0 5 6 5 4 4 0 3 0 5 5 7 4 0 0 0 3 5 7 6 4 4 0 0 4 6 5 6 6 4 0 0
Last Time Cost: 00004573 ms
Total Time Cost: 03258887 ms
Total Distance 186: 3 5 5 7 4 5 0 5 0 4 5 6 5 0 0 4 0 4 4 4 4 5 0 0 0 5 6 5 4 4 0 2 0 5 5 7 4 0 0 0 3 5 7 6 4 4 0 0 4 6 5 6 6 4 0 0
Last Time Cost: 00000087 ms
Total Time Cost: 03258974 ms
Total Distance 185: 3 5 5 7 4 5 0 5 0 4 5 6 5 0 0 4 0 4 4 4 4 5 0 0 0 5 6 5 4 4 0 1 0 5 5 7 4 0 0 0 3 5 7 6 4 4 0 0 4 6 5 6 6 4 0 0
Last Time Cost: 00000094 ms
Total Time Cost: 03259068 ms
Total Distance 184: 3 5 5 7 4 5 0 5 0 4 5 6 5 0 0 4 0 4 4 4 4 5 0 0 0 5 6 5 4 4 0 0 0 5 5 7 4 0 0 0 3 5 7 6 4 4 0 0 4 6 5 6 6 4 0 0
Last Time Cost: 00004925 ms
Total Time Cost: 03263993 ms
Total Distance 183: 2 5 5 7 4 5 0 5 0 4 5 6 5 0 0 4 0 4 4 4 4 5 0 0 0 5 6 5 4 4 0 0 0 5 5 7 4 0 0 0 3 5 7 6 4 4 0 0 4 6 5 6 6 4 0 0
Last Time Cost: 00000090 ms
Total Time Cost: 03264083 ms
Total Distance 182: 1 5 5 7 4 5 0 5 0 4 5 6 5 0 0 4 0 4 4 4 4 5 0 0 0 5 6 5 4 4 0 0 0 5 5 7 4 0 0 0 3 5 7 6 4 4 0 0 4 6 5 6 6 4 0 0
Last Time Cost: 00000090 ms
Total Time Cost: 03264173 ms
Total Distance 181: 0 5 5 7 4 5 0 5 0 4 5 6 5 0 0 4 0 4 4 4 4 5 0 0 0 5 6 5 4 4 0 0 0 5 5 7 4 0 0 0 3 5 7 6 4 4 0 0 4 6 5 6 6 4 0 0
Last Time Cost: 00005282 ms
Total Time Cost: 03269455 ms
Total Distance 180: 0 5 5 7 4 5 0 5 0 4 5 6 5 0 0 4 0 4 4 4 4 5 0 0 0 5 6 5 4 4 0 0 0 5 5 7 4 0 0 0 2 5 7 6 4 4 0 0 4 6 5 6 6 4 0 0
Last Time Cost: 00000102 ms
Total Time Cost: 03269557 ms
Total Distance 179: 0 5 5 7 4 5 0 5 0 4 5 6 5 0 0 4 0 4 4 4 4 5 0 0 0 5 6 5 4 4 0 0 0 5 5 7 4 0 0 0 1 5 7 6 4 4 0 0 4 6 5 6 6 4 0 0
Last Time Cost: 00000091 ms
Total Time Cost: 03269648 ms
Total Distance 178: 0 5 5 7 4 5 0 5 0 4 5 6 5 0 0 4 0 4 4 4 4 5 0 0 0 5 6 5 4 4 0 0 0 5 5 7 4 0 0 0 0 5 7 6 4 4 0 0 4 6 5 6 6 4 0 0
Last Time Cost: 00005696 ms
Total Time Cost: 03275344 ms
Total Distance 177: 0 5 5 7 4 5 0 5 0 4 5 6 5 0 0 4 0 4 4 4 4 5 0 0 0 5 6 5 4 4 0 0 0 5 5 7 4 0 0 0 0 5 7 6 4 3 0 0 4 6 5 6 6 4 0 0
Last Time Cost: 00000098 ms
Total Time Cost: 03275442 ms
Total Distance 176: 0 5 5 7 4 5 0 5 0 4 5 6 5 0 0 4 0 4 4 4 4 5 0 0 0 5 6 5 4 4 0 0 0 5 5 7 4 0 0 0 0 5 7 6 4 2 0 0 4 6 5 6 6 4 0 0
Last Time Cost: 00000102 ms
Total Time Cost: 03275544 ms
Total Distance 175: 0 5 5 7 4 5 0 5 0 4 5 6 5 0 0 4 0 4 4 4 4 5 0 0 0 5 6 5 4 4 0 0 0 5 5 7 4 0 0 0 0 5 7 6 4 1 0 0 4 6 5 6 6 4 0 0
Last Time Cost: 00000102 ms
Total Time Cost: 03275646 ms
Total Distance 174: 0 5 5 7 4 5 0 5 0 4 5 6 5 0 0 4 0 4 4 4 4 5 0 0 0 5 6 5 4 4 0 0 0 5 5 7 4 0 0 0 0 5 7 6 4 0 0 0 4 6 5 6 6 4 0 0
Last Time Cost: 00006345 ms
Total Time Cost: 03281991 ms
Total Distance 173: 0 5 5 7 4 5 0 5 0 4 5 6 5 0 0 4 0 4 4 4 4 5 0 0 0 5 6 5 4 4 0 0 0 5 5 7 3 0 0 0 0 5 7 6 4 0 0 0 4 6 5 6 6 4 0 0
Last Time Cost: 00000117 ms
Total Time Cost: 03282108 ms
Total Distance 172: 0 5 5 7 4 5 0 5 0 4 5 6 5 0 0 4 0 4 4 4 4 5 0 0 0 5 6 5 4 4 0 0 0 5 5 7 2 0 0 0 0 5 7 6 4 0 0 0 4 6 5 6 6 4 0 0
Last Time Cost: 00000116 ms
Total Time Cost: 03282224 ms
Total Distance 171: 0 5 5 7 4 5 0 5 0 4 5 6 5 0 0 4 0 4 4 4 4 5 0 0 0 5 6 5 4 4 0 0 0 5 5 7 1 0 0 0 0 5 7 6 4 0 0 0 4 6 5 6 6 4 0 0
Last Time Cost: 00000110 ms
Total Time Cost: 03282334 ms
Total Distance 170: 0 5 5 7 4 5 0 5 0 4 5 6 5 0 0 4 0 4 4 4 4 5 0 0 0 5 6 5 4 4 0 0 0 5 5 7 0 0 0 0 0 5 7 6 4 0 0 0 4 6 5 6 6 4 0 0
Last Time Cost: 00006955 ms
Total Time Cost: 03289289 ms
Total Distance 169: 0 5 5 7 3 5 0 5 0 4 5 6 5 0 0 4 0 4 4 4 4 5 0 0 0 5 6 5 4 4 0 0 0 5 5 7 0 0 0 0 0 5 7 6 4 0 0 0 4 6 5 6 6 4 0 0
Last Time Cost: 00000120 ms
Total Time Cost: 03289409 ms
Total Distance 168: 0 5 5 7 2 5 0 5 0 4 5 6 5 0 0 4 0 4 4 4 4 5 0 0 0 5 6 5 4 4 0 0 0 5 5 7 0 0 0 0 0 5 7 6 4 0 0 0 4 6 5 6 6 4 0 0
Last Time Cost: 00000111 ms
Total Time Cost: 03289520 ms
Total Distance 167: 0 5 5 7 1 5 0 5 0 4 5 6 5 0 0 4 0 4 4 4 4 5 0 0 0 5 6 5 4 4 0 0 0 5 5 7 0 0 0 0 0 5 7 6 4 0 0 0 4 6 5 6 6 4 0 0
Last Time Cost: 00000108 ms
Total Time Cost: 03289628 ms
Total Distance 166: 0 5 5 7 0 5 0 5 0 4 5 6 5 0 0 4 0 4 4 4 4 5 0 0 0 5 6 5 4 4 0 0 0 5 5 7 0 0 0 0 0 5 7 6 4 0 0 0 4 6 5 6 6 4 0 0
Last Time Cost: 00007634 ms
Total Time Cost: 03297262 ms
Total Distance 165: 0 5 5 7 0 5 0 5 0 4 5 6 5 0 0 4 0 4 3 4 4 5 0 0 0 5 6 5 4 4 0 0 0 5 5 7 0 0 0 0 0 5 7 6 4 0 0 0 4 6 5 6 6 4 0 0
Last Time Cost: 00000116 ms
Total Time Cost: 03297378 ms
Total Distance 164: 0 5 5 7 0 5 0 5 0 4 5 6 5 0 0 4 0 4 2 4 4 5 0 0 0 5 6 5 4 4 0 0 0 5 5 7 0 0 0 0 0 5 7 6 4 0 0 0 4 6 5 6 6 4 0 0
Last Time Cost: 00000112 ms
Total Time Cost: 03297490 ms
Total Distance 163: 0 5 5 7 0 5 0 5 0 4 5 6 5 0 0 4 0 4 1 4 4 5 0 0 0 5 6 5 4 4 0 0 0 5 5 7 0 0 0 0 0 5 7 6 4 0 0 0 4 6 5 6 6 4 0 0
Last Time Cost: 00000115 ms
Total Time Cost: 03297605 ms
Total Distance 162: 0 5 5 7 0 5 0 5 0 4 5 6 5 0 0 4 0 4 0 4 4 5 0 0 0 5 6 5 4 4 0 0 0 5 5 7 0 0 0 0 0 5 7 6 4 0 0 0 4 6 5 6 6 4 0 0
Last Time Cost: 00008376 ms
Total Time Cost: 03305981 ms
Total Distance 161: 0 5 5 7 0 5 0 5 0 4 5 6 5 0 0 4 0 4 0 4 4 5 0 0 0 5 6 5 4 4 0 0 0 5 5 7 0 0 0 0 0 5 7 6 4 0 0 0 4 6 5 6 6 3 0 0
Last Time Cost: 00000125 ms
Total Time Cost: 03306106 ms
Total Distance 160: 0 5 5 7 0 5 0 5 0 4 5 6 5 0 0 4 0 4 0 4 4 5 0 0 0 5 6 5 4 4 0 0 0 5 5 7 0 0 0 0 0 5 7 6 4 0 0 0 4 6 5 6 6 2 0 0
Last Time Cost: 00000119 ms
Total Time Cost: 03306225 ms
Total Distance 159: 0 5 5 7 0 5 0 5 0 4 5 6 5 0 0 4 0 4 0 4 4 5 0 0 0 5 6 5 4 4 0 0 0 5 5 7 0 0 0 0 0 5 7 6 4 0 0 0 4 6 5 6 6 1 0 0
Last Time Cost: 00000120 ms
Total Time Cost: 03306345 ms
Total Distance 158: 0 5 5 7 0 5 0 5 0 4 5 6 5 0 0 4 0 4 0 4 4 5 0 0 0 5 6 5 4 4 0 0 0 5 5 7 0 0 0 0 0 5 7 6 4 0 0 0 4 6 5 6 6 0 0 0
Last Time Cost: 00009331 ms
Total Time Cost: 03315676 ms
Total Distance 157: 0 5 5 7 0 5 0 5 0 4 5 6 5 0 0 4 0 4 0 4 3 5 0 0 0 5 6 5 4 4 0 0 0 5 5 7 0 0 0 0 0 5 7 6 4 0 0 0 4 6 5 6 6 0 0 0
Last Time Cost: 00000130 ms
Total Time Cost: 03315806 ms
Total Distance 156: 0 5 5 7 0 5 0 5 0 4 5 6 5 0 0 4 0 4 0 4 2 5 0 0 0 5 6 5 4 4 0 0 0 5 5 7 0 0 0 0 0 5 7 6 4 0 0 0 4 6 5 6 6 0 0 0
Last Time Cost: 00000131 ms
Total Time Cost: 03315937 ms
Total Distance 155: 0 5 5 7 0 5 0 5 0 4 5 6 5 0 0 4 0 4 0 4 1 5 0 0 0 5 6 5 4 4 0 0 0 5 5 7 0 0 0 0 0 5 7 6 4 0 0 0 4 6 5 6 6 0 0 0
Last Time Cost: 00000137 ms
Total Time Cost: 03316074 ms
Total Distance 154: 0 5 5 7 0 5 0 5 0 4 5 6 5 0 0 4 0 4 0 4 0 5 0 0 0 5 6 5 4 4 0 0 0 5 5 7 0 0 0 0 0 5 7 6 4 0 0 0 4 6 5 6 6 0 0 0
Last Time Cost: 00010370 ms
Total Time Cost: 03326444 ms
Total Distance 153: 0 5 5 7 0 5 0 5 0 4 5 6 5 0 0 4 0 4 0 4 0 5 0 0 0 5 6 5 4 4 0 0 0 5 5 7 0 0 0 0 0 5 7 6 4 0 0 0 3 6 5 6 6 0 0 0
Last Time Cost: 00000136 ms
Total Time Cost: 03326580 ms
Total Distance 152: 0 5 5 7 0 5 0 5 0 4 5 6 5 0 0 4 0 4 0 4 0 5 0 0 0 5 6 5 4 4 0 0 0 5 5 7 0 0 0 0 0 5 7 6 4 0 0 0 2 6 5 6 6 0 0 0
Last Time Cost: 00000138 ms
Total Time Cost: 03326718 ms
Total Distance 151: 0 5 5 7 0 5 0 5 0 4 5 6 5 0 0 4 0 4 0 4 0 5 0 0 0 5 6 5 4 4 0 0 0 5 5 7 0 0 0 0 0 5 7 6 4 0 0 0 1 6 5 6 6 0 0 0
Last Time Cost: 00000138 ms
Total Time Cost: 03326856 ms
Total Distance 150: 0 5 5 7 0 5 0 5 0 4 5 6 5 0 0 4 0 4 0 4 0 5 0 0 0 5 6 5 4 4 0 0 0 5 5 7 0 0 0 0 0 5 7 6 4 0 0 0 0 6 5 6 6 0 0 0
Last Time Cost: 00011280 ms
Total Time Cost: 03338136 ms
Total Distance 149: 0 5 5 7 0 5 0 5 0 4 5 6 5 0 0 3 0 4 0 4 0 5 0 0 0 5 6 5 4 4 0 0 0 5 5 7 0 0 0 0 0 5 7 6 4 0 0 0 0 6 5 6 6 0 0 0
Last Time Cost: 00000148 ms
Total Time Cost: 03338284 ms
Total Distance 148: 0 5 5 7 0 5 0 5 0 4 5 6 5 0 0 2 0 4 0 4 0 5 0 0 0 5 6 5 4 4 0 0 0 5 5 7 0 0 0 0 0 5 7 6 4 0 0 0 0 6 5 6 6 0 0 0
Last Time Cost: 00000141 ms
Total Time Cost: 03338425 ms
Total Distance 147: 0 5 5 7 0 5 0 5 0 4 5 6 5 0 0 1 0 4 0 4 0 5 0 0 0 5 6 5 4 4 0 0 0 5 5 7 0 0 0 0 0 5 7 6 4 0 0 0 0 6 5 6 6 0 0 0
Last Time Cost: 00000145 ms
Total Time Cost: 03338570 ms
Total Distance 146: 0 5 5 7 0 5 0 5 0 4 5 6 5 0 0 0 0 4 0 4 0 5 0 0 0 5 6 5 4 4 0 0 0 5 5 7 0 0 0 0 0 5 7 6 4 0 0 0 0 6 5 6 6 0 0 0
Last Time Cost: 00012271 ms
Total Time Cost: 03350841 ms
Total Distance 145: 0 5 5 7 0 5 0 5 0 3 5 6 5 0 0 0 0 4 0 4 0 5 0 0 0 5 6 5 4 4 0 0 0 5 5 7 0 0 0 0 0 5 7 6 4 0 0 0 0 6 5 6 6 0 0 0
Last Time Cost: 00000142 ms
Total Time Cost: 03350983 ms
Total Distance 144: 0 5 5 7 0 5 0 5 0 2 5 6 5 0 0 0 0 4 0 4 0 5 0 0 0 5 6 5 4 4 0 0 0 5 5 7 0 0 0 0 0 5 7 6 4 0 0 0 0 6 5 6 6 0 0 0
Last Time Cost: 00000155 ms
Total Time Cost: 03351138 ms
Total Distance 143: 0 5 5 7 0 5 0 5 0 1 5 6 5 0 0 0 0 4 0 4 0 5 0 0 0 5 6 5 4 4 0 0 0 5 5 7 0 0 0 0 0 5 7 6 4 0 0 0 0 6 5 6 6 0 0 0
Last Time Cost: 00000151 ms
Total Time Cost: 03351289 ms
Total Distance 142: 0 5 5 7 0 5 0 5 0 0 5 6 5 0 0 0 0 4 0 4 0 5 0 0 0 5 6 5 4 4 0 0 0 5 5 7 0 0 0 0 0 5 7 6 4 0 0 0 0 6 5 6 6 0 0 0
Last Time Cost: 00013411 ms
Total Time Cost: 03364700 ms
Total Distance 141: 0 5 5 7 0 5 0 5 0 0 5 6 5 0 0 0 0 4 0 4 0 5 0 0 0 5 6 5 4 3 0 0 0 5 5 7 0 0 0 0 0 5 7 6 4 0 0 0 0 6 5 6 6 0 0 0
Last Time Cost: 00000159 ms
Total Time Cost: 03364859 ms
Total Distance 140: 0 5 5 7 0 5 0 5 0 0 5 6 5 0 0 0 0 4 0 4 0 5 0 0 0 5 6 5 4 2 0 0 0 5 5 7 0 0 0 0 0 5 7 6 4 0 0 0 0 6 5 6 6 0 0 0
Last Time Cost: 00000163 ms
Total Time Cost: 03365022 ms
Total Distance 139: 0 5 5 7 0 5 0 5 0 0 5 6 5 0 0 0 0 4 0 4 0 5 0 0 0 5 6 5 4 1 0 0 0 5 5 7 0 0 0 0 0 5 7 6 4 0 0 0 0 6 5 6 6 0 0 0
Last Time Cost: 00000160 ms
Total Time Cost: 03365182 ms
Total Distance 138: 0 5 5 7 0 5 0 5 0 0 5 6 5 0 0 0 0 4 0 4 0 5 0 0 0 5 6 5 4 0 0 0 0 5 5 7 0 0 0 0 0 5 7 6 4 0 0 0 0 6 5 6 6 0 0 0
Last Time Cost: 00014600 ms
Total Time Cost: 03379782 ms
Total Distance 137: 0 5 5 7 0 5 0 5 0 0 5 6 5 0 0 0 0 4 0 3 0 5 0 0 0 5 6 5 4 0 0 0 0 5 5 7 0 0 0 0 0 5 7 6 4 0 0 0 0 6 5 6 6 0 0 0
Last Time Cost: 00000160 ms
Total Time Cost: 03379942 ms
Total Distance 136: 0 5 5 7 0 5 0 5 0 0 5 6 5 0 0 0 0 4 0 2 0 5 0 0 0 5 6 5 4 0 0 0 0 5 5 7 0 0 0 0 0 5 7 6 4 0 0 0 0 6 5 6 6 0 0 0
Last Time Cost: 00000171 ms
Total Time Cost: 03380113 ms
Total Distance 135: 0 5 5 7 0 5 0 5 0 0 5 6 5 0 0 0 0 4 0 1 0 5 0 0 0 5 6 5 4 0 0 0 0 5 5 7 0 0 0 0 0 5 7 6 4 0 0 0 0 6 5 6 6 0 0 0
Last Time Cost: 00000164 ms
Total Time Cost: 03380277 ms
Total Distance 134: 0 5 5 7 0 5 0 5 0 0 5 6 5 0 0 0 0 4 0 0 0 5 0 0 0 5 6 5 4 0 0 0 0 5 5 7 0 0 0 0 0 5 7 6 4 0 0 0 0 6 5 6 6 0 0 0
Last Time Cost: 00015940 ms
Total Time Cost: 03396217 ms
Total Distance 133: 0 5 5 7 0 5 0 5 0 0 5 6 5 0 0 0 0 4 0 0 0 5 0 0 0 5 6 5 3 0 0 0 0 5 5 7 0 0 0 0 0 5 7 6 4 0 0 0 0 6 5 6 6 0 0 0
Last Time Cost: 00000169 ms
Total Time Cost: 03396386 ms
Total Distance 132: 0 5 5 7 0 5 0 5 0 0 5 6 5 0 0 0 0 4 0 0 0 5 0 0 0 5 6 5 2 0 0 0 0 5 5 7 0 0 0 0 0 5 7 6 4 0 0 0 0 6 5 6 6 0 0 0
Last Time Cost: 00000168 ms
Total Time Cost: 03396554 ms
Total Distance 131: 0 5 5 7 0 5 0 5 0 0 5 6 5 0 0 0 0 4 0 0 0 5 0 0 0 5 6 5 1 0 0 0 0 5 5 7 0 0 0 0 0 5 7 6 4 0 0 0 0 6 5 6 6 0 0 0
Last Time Cost: 00000174 ms
Total Time Cost: 03396728 ms
Total Distance 130: 0 5 5 7 0 5 0 5 0 0 5 6 5 0 0 0 0 4 0 0 0 5 0 0 0 5 6 5 0 0 0 0 0 5 5 7 0 0 0 0 0 5 7 6 4 0 0 0 0 6 5 6 6 0 0 0
Last Time Cost: 00017299 ms
Total Time Cost: 03414027 ms
Total Distance 129: 0 5 5 7 0 5 0 5 0 0 5 6 5 0 0 0 0 4 0 0 0 5 0 0 0 5 6 5 0 0 0 0 0 5 5 7 0 0 0 0 0 5 7 6 3 0 0 0 0 6 5 6 6 0 0 0
Last Time Cost: 00000172 ms
Total Time Cost: 03414199 ms
Total Distance 128: 0 5 5 7 0 5 0 5 0 0 5 6 5 0 0 0 0 4 0 0 0 5 0 0 0 5 6 5 0 0 0 0 0 5 5 7 0 0 0 0 0 5 7 6 2 0 0 0 0 6 5 6 6 0 0 0
Last Time Cost: 00000176 ms
Total Time Cost: 03414375 ms
Total Distance 127: 0 5 5 7 0 5 0 5 0 0 5 6 5 0 0 0 0 4 0 0 0 5 0 0 0 5 6 5 0 0 0 0 0 5 5 7 0 0 0 0 0 5 7 6 1 0 0 0 0 6 5 6 6 0 0 0
Last Time Cost: 00000184 ms
Total Time Cost: 03414559 ms
Total Distance 126: 0 5 5 7 0 5 0 5 0 0 5 6 5 0 0 0 0 4 0 0 0 5 0 0 0 5 6 5 0 0 0 0 0 5 5 7 0 0 0 0 0 5 7 6 0 0 0 0 0 6 5 6 6 0 0 0
Last Time Cost: 00018810 ms
Total Time Cost: 03433369 ms
Total Distance 125: 0 5 5 7 0 5 0 5 0 0 5 6 5 0 0 0 0 3 0 0 0 5 0 0 0 5 6 5 0 0 0 0 0 5 5 7 0 0 0 0 0 5 7 6 0 0 0 0 0 6 5 6 6 0 0 0
Last Time Cost: 00000184 ms
Total Time Cost: 03433553 ms
Total Distance 124: 0 5 5 7 0 5 0 5 0 0 5 6 5 0 0 0 0 2 0 0 0 5 0 0 0 5 6 5 0 0 0 0 0 5 5 7 0 0 0 0 0 5 7 6 0 0 0 0 0 6 5 6 6 0 0 0
Last Time Cost: 00000181 ms
Total Time Cost: 03433734 ms
Total Distance 123: 0 5 5 7 0 5 0 5 0 0 5 6 5 0 0 0 0 1 0 0 0 5 0 0 0 5 6 5 0 0 0 0 0 5 5 7 0 0 0 0 0 5 7 6 0 0 0 0 0 6 5 6 6 0 0 0
Last Time Cost: 00000186 ms
Total Time Cost: 03433920 ms
Total Distance 122: 0 5 5 7 0 5 0 5 0 0 5 6 5 0 0 0 0 0 0 0 0 5 0 0 0 5 6 5 0 0 0 0 0 5 5 7 0 0 0 0 0 5 7 6 0 0 0 0 0 6 5 6 6 0 0 0
Last Time Cost: 00020394 ms
Total Time Cost: 03454314 ms
Total Distance 121: 0 5 5 7 0 5 0 5 0 0 4 6 5 0 0 0 0 0 0 0 0 5 0 0 0 5 6 5 0 0 0 0 0 5 5 7 0 0 0 0 0 5 7 6 0 0 0 0 0 6 5 6 6 0 0 0
Last Time Cost: 00000192 ms
Total Time Cost: 03454506 ms
Total Distance 120: 0 5 5 7 0 5 0 5 0 0 3 6 5 0 0 0 0 0 0 0 0 5 0 0 0 5 6 5 0 0 0 0 0 5 5 7 0 0 0 0 0 5 7 6 0 0 0 0 0 6 5 6 6 0 0 0
Last Time Cost: 00000192 ms
Total Time Cost: 03454698 ms
Total Distance 119: 0 5 5 7 0 5 0 5 0 0 2 6 5 0 0 0 0 0 0 0 0 5 0 0 0 5 6 5 0 0 0 0 0 5 5 7 0 0 0 0 0 5 7 6 0 0 0 0 0 6 5 6 6 0 0 0
Last Time Cost: 00000193 ms
Total Time Cost: 03454891 ms
Total Distance 118: 0 5 5 7 0 5 0 5 0 0 1 6 5 0 0 0 0 0 0 0 0 5 0 0 0 5 6 5 0 0 0 0 0 5 5 7 0 0 0 0 0 5 7 6 0 0 0 0 0 6 5 6 6 0 0 0
Last Time Cost: 00000202 ms
Total Time Cost: 03455093 ms
Total Distance 117: 0 5 5 7 0 5 0 5 0 0 0 6 5 0 0 0 0 0 0 0 0 5 0 0 0 5 6 5 0 0 0 0 0 5 5 7 0 0 0 0 0 5 7 6 0 0 0 0 0 6 5 6 6 0 0 0
Last Time Cost: 00022458 ms
Total Time Cost: 03477551 ms
Total Distance 116: 0 5 4 7 0 5 0 5 0 0 0 6 5 0 0 0 0 0 0 0 0 5 0 0 0 5 6 5 0 0 0 0 0 5 5 7 0 0 0 0 0 5 7 6 0 0 0 0 0 6 5 6 6 0 0 0
Last Time Cost: 00000213 ms
Total Time Cost: 03477764 ms
Total Distance 115: 0 5 3 7 0 5 0 5 0 0 0 6 5 0 0 0 0 0 0 0 0 5 0 0 0 5 6 5 0 0 0 0 0 5 5 7 0 0 0 0 0 5 7 6 0 0 0 0 0 6 5 6 6 0 0 0
Last Time Cost: 00000227 ms
Total Time Cost: 03477991 ms
Total Distance 114: 0 5 2 7 0 5 0 5 0 0 0 6 5 0 0 0 0 0 0 0 0 5 0 0 0 5 6 5 0 0 0 0 0 5 5 7 0 0 0 0 0 5 7 6 0 0 0 0 0 6 5 6 6 0 0 0
Last Time Cost: 00000202 ms
Total Time Cost: 03478193 ms
Total Distance 113: 0 5 1 7 0 5 0 5 0 0 0 6 5 0 0 0 0 0 0 0 0 5 0 0 0 5 6 5 0 0 0 0 0 5 5 7 0 0 0 0 0 5 7 6 0 0 0 0 0 6 5 6 6 0 0 0
Last Time Cost: 00000201 ms
Total Time Cost: 03478394 ms
Total Distance 112: 0 5 0 7 0 5 0 5 0 0 0 6 5 0 0 0 0 0 0 0 0 5 0 0 0 5 6 5 0 0 0 0 0 5 5 7 0 0 0 0 0 5 7 6 0 0 0 0 0 6 5 6 6 0 0 0
Last Time Cost: 00025121 ms
Total Time Cost: 03503515 ms
Total Distance 111: 0 5 0 7 0 5 0 5 0 0 0 6 5 0 0 0 0 0 0 0 0 4 0 0 0 5 6 5 0 0 0 0 0 5 5 7 0 0 0 0 0 5 7 6 0 0 0 0 0 6 5 6 6 0 0 0
Last Time Cost: 00000218 ms
Total Time Cost: 03503733 ms
Total Distance 110: 0 5 0 7 0 5 0 5 0 0 0 6 5 0 0 0 0 0 0 0 0 3 0 0 0 5 6 5 0 0 0 0 0 5 5 7 0 0 0 0 0 5 7 6 0 0 0 0 0 6 5 6 6 0 0 0
Last Time Cost: 00000220 ms
Total Time Cost: 03503953 ms
Total Distance 109: 0 5 0 7 0 5 0 5 0 0 0 6 5 0 0 0 0 0 0 0 0 2 0 0 0 5 6 5 0 0 0 0 0 5 5 7 0 0 0 0 0 5 7 6 0 0 0 0 0 6 5 6 6 0 0 0
Last Time Cost: 00000200 ms
Total Time Cost: 03504153 ms
Total Distance 108: 0 5 0 7 0 5 0 5 0 0 0 6 5 0 0 0 0 0 0 0 0 1 0 0 0 5 6 5 0 0 0 0 0 5 5 7 0 0 0 0 0 5 7 6 0 0 0 0 0 6 5 6 6 0 0 0
Last Time Cost: 00000224 ms
Total Time Cost: 03504377 ms
Total Distance 107: 0 5 0 7 0 5 0 5 0 0 0 6 5 0 0 0 0 0 0 0 0 0 0 0 0 5 6 5 0 0 0 0 0 5 5 7 0 0 0 0 0 5 7 6 0 0 0 0 0 6 5 6 6 0 0 0
Last Time Cost: 00027990 ms
Total Time Cost: 03532367 ms
Total Distance 106: 0 4 0 7 0 5 0 5 0 0 0 6 5 0 0 0 0 0 0 0 0 0 0 0 0 5 6 5 0 0 0 0 0 5 5 7 0 0 0 0 0 5 7 6 0 0 0 0 0 6 5 6 6 0 0 0
Last Time Cost: 00000253 ms
Total Time Cost: 03532620 ms
Total Distance 105: 0 3 0 7 0 5 0 5 0 0 0 6 5 0 0 0 0 0 0 0 0 0 0 0 0 5 6 5 0 0 0 0 0 5 5 7 0 0 0 0 0 5 7 6 0 0 0 0 0 6 5 6 6 0 0 0
Last Time Cost: 00000230 ms
Total Time Cost: 03532850 ms
Total Distance 104: 0 2 0 7 0 5 0 5 0 0 0 6 5 0 0 0 0 0 0 0 0 0 0 0 0 5 6 5 0 0 0 0 0 5 5 7 0 0 0 0 0 5 7 6 0 0 0 0 0 6 5 6 6 0 0 0
Last Time Cost: 00000223 ms
Total Time Cost: 03533073 ms
Total Distance 103: 0 1 0 7 0 5 0 5 0 0 0 6 5 0 0 0 0 0 0 0 0 0 0 0 0 5 6 5 0 0 0 0 0 5 5 7 0 0 0 0 0 5 7 6 0 0 0 0 0 6 5 6 6 0 0 0
Last Time Cost: 00000235 ms
Total Time Cost: 03533308 ms
Total Distance 102: 0 0 0 7 0 5 0 5 0 0 0 6 5 0 0 0 0 0 0 0 0 0 0 0 0 5 6 5 0 0 0 0 0 5 5 7 0 0 0 0 0 5 7 6 0 0 0 0 0 6 5 6 6 0 0 0
Last Time Cost: 00032208 ms
Total Time Cost: 03565516 ms
Total Distance 101: 0 0 0 7 0 5 0 4 0 0 0 6 5 0 0 0 0 0 0 0 0 0 0 0 0 5 6 5 0 0 0 0 0 5 5 7 0 0 0 0 0 5 7 6 0 0 0 0 0 6 5 6 6 0 0 0
Last Time Cost: 00000255 ms
Total Time Cost: 03565771 ms
Total Distance 100: 0 0 0 7 0 5 0 3 0 0 0 6 5 0 0 0 0 0 0 0 0 0 0 0 0 5 6 5 0 0 0 0 0 5 5 7 0 0 0 0 0 5 7 6 0 0 0 0 0 6 5 6 6 0 0 0
Last Time Cost: 00000232 ms
Total Time Cost: 03566003 ms
Total Distance 99: 0 0 0 7 0 5 0 2 0 0 0 6 5 0 0 0 0 0 0 0 0 0 0 0 0 5 6 5 0 0 0 0 0 5 5 7 0 0 0 0 0 5 7 6 0 0 0 0 0 6 5 6 6 0 0 0
Last Time Cost: 00000228 ms
Total Time Cost: 03566231 ms
Total Distance 98: 0 0 0 7 0 5 0 1 0 0 0 6 5 0 0 0 0 0 0 0 0 0 0 0 0 5 6 5 0 0 0 0 0 5 5 7 0 0 0 0 0 5 7 6 0 0 0 0 0 6 5 6 6 0 0 0
Last Time Cost: 00000234 ms
Total Time Cost: 03566465 ms
Total Distance 97: 0 0 0 7 0 5 0 0 0 0 0 6 5 0 0 0 0 0 0 0 0 0 0 0 0 5 6 5 0 0 0 0 0 5 5 7 0 0 0 0 0 5 7 6 0 0 0 0 0 6 5 6 6 0 0 0
Last Time Cost: 00036170 ms
Total Time Cost: 03602635 ms
Total Distance 96: 0 0 0 7 0 5 0 0 0 0 0 6 5 0 0 0 0 0 0 0 0 0 0 0 0 5 6 5 0 0 0 0 0 5 5 7 0 0 0 0 0 4 7 6 0 0 0 0 0 6 5 6 6 0 0 0
Last Time Cost: 00000267 ms
Total Time Cost: 03602902 ms
Total Distance 94: 0 0 0 7 0 5 0 0 0 0 0 6 5 0 0 0 0 0 0 0 0 0 0 0 0 5 6 5 0 0 0 0 0 5 5 7 0 0 0 0 0 3 6 6 0 0 0 0 0 6 5 6 6 0 0 0
Last Time Cost: 00024988 ms
Total Time Cost: 03627890 ms
Total Distance 92: 0 0 0 7 0 5 0 0 0 0 0 6 4 0 0 0 0 0 0 0 0 0 0 0 0 5 6 5 0 0 0 0 0 5 5 7 0 0 0 0 0 3 5 6 0 0 0 0 0 6 5 6 6 0 0 0
Last Time Cost: 00025236 ms
Total Time Cost: 03653126 ms
Total Distance 91: 0 0 0 7 0 5 0 0 0 0 0 6 4 0 0 0 0 0 0 0 0 0 0 0 0 5 6 5 0 0 0 0 0 5 5 7 0 0 0 0 0 2 5 6 0 0 0 0 0 6 5 6 6 0 0 0
Last Time Cost: 00000278 ms
Total Time Cost: 03653404 ms
Total Distance 90: 0 0 0 7 0 5 0 0 0 0 0 6 4 0 0 0 0 0 0 0 0 0 0 0 0 5 6 5 0 0 0 0 0 5 5 7 0 0 0 0 0 1 5 6 0 0 0 0 0 6 5 6 6 0 0 0
Last Time Cost: 00000240 ms
Total Time Cost: 03653644 ms
Total Distance 89: 0 0 0 7 0 5 0 0 0 0 0 6 4 0 0 0 0 0 0 0 0 0 0 0 0 5 6 5 0 0 0 0 0 5 5 7 0 0 0 0 0 0 5 6 0 0 0 0 0 6 5 6 6 0 0 0
Last Time Cost: 00025798 ms
Total Time Cost: 03679442 ms
Total Distance 88: 0 0 0 7 0 5 0 0 0 0 0 6 3 0 0 0 0 0 0 0 0 0 0 0 0 5 6 5 0 0 0 0 0 5 5 7 0 0 0 0 0 0 5 6 0 0 0 0 0 6 5 6 6 0 0 0
Last Time Cost: 00000285 ms
Total Time Cost: 03679727 ms
Total Distance 87: 0 0 0 7 0 5 0 0 0 0 0 6 2 0 0 0 0 0 0 0 0 0 0 0 0 5 6 5 0 0 0 0 0 5 5 7 0 0 0 0 0 0 5 6 0 0 0 0 0 6 5 6 6 0 0 0
Last Time Cost: 00000276 ms
Total Time Cost: 03680003 ms
Total Distance 86: 0 0 0 7 0 5 0 0 0 0 0 6 1 0 0 0 0 0 0 0 0 0 0 0 0 5 6 5 0 0 0 0 0 5 5 7 0 0 0 0 0 0 5 6 0 0 0 0 0 6 5 6 6 0 0 0
Last Time Cost: 00000272 ms
Total Time Cost: 03680275 ms
Total Distance 85: 0 0 0 7 0 5 0 0 0 0 0 6 0 0 0 0 0 0 0 0 0 0 0 0 0 5 6 5 0 0 0 0 0 5 5 7 0 0 0 0 0 0 5 6 0 0 0 0 0 6 5 6 6 0 0 0
Last Time Cost: 00027533 ms
Total Time Cost: 03707808 ms
Total Distance 84: 0 0 0 7 0 4 0 0 0 0 0 6 0 0 0 0 0 0 0 0 0 0 0 0 0 5 6 5 0 0 0 0 0 5 5 7 0 0 0 0 0 0 5 6 0 0 0 0 0 6 5 6 6 0 0 0
Last Time Cost: 00000292 ms
Total Time Cost: 03708100 ms
Total Distance 83: 0 0 0 7 0 3 0 0 0 0 0 6 0 0 0 0 0 0 0 0 0 0 0 0 0 5 6 5 0 0 0 0 0 5 5 7 0 0 0 0 0 0 5 6 0 0 0 0 0 6 5 6 6 0 0 0
Last Time Cost: 00000279 ms
Total Time Cost: 03708379 ms
Total Distance 82: 0 0 0 7 0 2 0 0 0 0 0 6 0 0 0 0 0 0 0 0 0 0 0 0 0 5 6 5 0 0 0 0 0 5 5 7 0 0 0 0 0 0 5 6 0 0 0 0 0 6 5 6 6 0 0 0
Last Time Cost: 00000273 ms
Total Time Cost: 03708652 ms
Total Distance 81: 0 0 0 7 0 1 0 0 0 0 0 6 0 0 0 0 0 0 0 0 0 0 0 0 0 5 6 5 0 0 0 0 0 5 5 7 0 0 0 0 0 0 5 6 0 0 0 0 0 6 5 6 6 0 0 0
Last Time Cost: 00000268 ms
Total Time Cost: 03708920 ms
Total Distance 80: 0 0 0 7 0 0 0 0 0 0 0 6 0 0 0 0 0 0 0 0 0 0 0 0 0 5 6 5 0 0 0 0 0 5 5 7 0 0 0 0 0 0 5 6 0 0 0 0 0 6 5 6 6 0 0 0
Last Time Cost: 00030722 ms
Total Time Cost: 03739642 ms
Total Distance 79: 0 0 0 7 0 0 0 0 0 0 0 6 0 0 0 0 0 0 0 0 0 0 0 0 0 5 6 5 0 0 0 0 0 5 4 7 0 0 0 0 0 0 5 6 0 0 0 0 0 6 5 6 6 0 0 0
Last Time Cost: 00000287 ms
Total Time Cost: 03739929 ms
Total Distance 78: 0 0 0 7 0 0 0 0 0 0 0 6 0 0 0 0 0 0 0 0 0 0 0 0 0 5 6 5 0 0 0 0 0 5 3 7 0 0 0 0 0 0 5 6 0 0 0 0 0 6 5 6 6 0 0 0
Last Time Cost: 00000293 ms
Total Time Cost: 03740222 ms
Total Distance 77: 0 0 0 7 0 0 0 0 0 0 0 6 0 0 0 0 0 0 0 0 0 0 0 0 0 5 6 5 0 0 0 0 0 5 2 7 0 0 0 0 0 0 5 6 0 0 0 0 0 6 5 6 6 0 0 0
Last Time Cost: 00000290 ms
Total Time Cost: 03740512 ms
Total Distance 76: 0 0 0 7 0 0 0 0 0 0 0 6 0 0 0 0 0 0 0 0 0 0 0 0 0 5 6 5 0 0 0 0 0 5 1 7 0 0 0 0 0 0 5 6 0 0 0 0 0 6 5 6 6 0 0 0
Last Time Cost: 00000287 ms
Total Time Cost: 03740799 ms
Total Distance 75: 0 0 0 7 0 0 0 0 0 0 0 6 0 0 0 0 0 0 0 0 0 0 0 0 0 5 6 5 0 0 0 0 0 5 0 7 0 0 0 0 0 0 5 6 0 0 0 0 0 6 5 6 6 0 0 0
Last Time Cost: 00034517 ms
Total Time Cost: 03775316 ms
Total Distance 74: 0 0 0 7 0 0 0 0 0 0 0 6 0 0 0 0 0 0 0 0 0 0 0 0 0 5 6 4 0 0 0 0 0 5 0 7 0 0 0 0 0 0 5 6 0 0 0 0 0 6 5 6 6 0 0 0
Last Time Cost: 00000324 ms
Total Time Cost: 03775640 ms
Total Distance 73: 0 0 0 7 0 0 0 0 0 0 0 6 0 0 0 0 0 0 0 0 0 0 0 0 0 5 6 3 0 0 0 0 0 5 0 7 0 0 0 0 0 0 5 6 0 0 0 0 0 6 5 6 6 0 0 0
Last Time Cost: 00000345 ms
Total Time Cost: 03775985 ms
Total Distance 72: 0 0 0 7 0 0 0 0 0 0 0 6 0 0 0 0 0 0 0 0 0 0 0 0 0 5 6 2 0 0 0 0 0 5 0 7 0 0 0 0 0 0 5 6 0 0 0 0 0 6 5 6 6 0 0 0
Last Time Cost: 00000315 ms
Total Time Cost: 03776300 ms
Total Distance 71: 0 0 0 7 0 0 0 0 0 0 0 6 0 0 0 0 0 0 0 0 0 0 0 0 0 5 6 1 0 0 0 0 0 5 0 7 0 0 0 0 0 0 5 6 0 0 0 0 0 6 5 6 6 0 0 0
Last Time Cost: 00000314 ms
Total Time Cost: 03776614 ms
Total Distance 70: 0 0 0 7 0 0 0 0 0 0 0 6 0 0 0 0 0 0 0 0 0 0 0 0 0 5 6 0 0 0 0 0 0 5 0 7 0 0 0 0 0 0 5 6 0 0 0 0 0 6 5 6 6 0 0 0
Last Time Cost: 00037475 ms
Total Time Cost: 03814089 ms
Total Distance 68: 0 0 0 7 0 0 0 0 0 0 0 6 0 0 0 0 0 0 0 0 0 0 0 0 0 4 5 0 0 0 0 0 0 5 0 7 0 0 0 0 0 0 5 6 0 0 0 0 0 6 5 6 6 0 0 0
Last Time Cost: 00038807 ms
Total Time Cost: 03852896 ms
Total Distance 67: 0 0 0 7 0 0 0 0 0 0 0 6 0 0 0 0 0 0 0 0 0 0 0 0 0 3 5 0 0 0 0 0 0 5 0 7 0 0 0 0 0 0 5 6 0 0 0 0 0 6 5 6 6 0 0 0
Last Time Cost: 00000362 ms
Total Time Cost: 03853258 ms
Total Distance 66: 0 0 0 7 0 0 0 0 0 0 0 6 0 0 0 0 0 0 0 0 0 0 0 0 0 2 5 0 0 0 0 0 0 5 0 7 0 0 0 0 0 0 5 6 0 0 0 0 0 6 5 6 6 0 0 0
Last Time Cost: 00000340 ms
Total Time Cost: 03853598 ms
Total Distance 65: 0 0 0 7 0 0 0 0 0 0 0 6 0 0 0 0 0 0 0 0 0 0 0 0 0 1 5 0 0 0 0 0 0 5 0 7 0 0 0 0 0 0 5 6 0 0 0 0 0 6 5 6 6 0 0 0
Last Time Cost: 00000335 ms
Total Time Cost: 03853933 ms
Total Distance 64: 0 0 0 7 0 0 0 0 0 0 0 6 0 0 0 0 0 0 0 0 0 0 0 0 0 0 5 0 0 0 0 0 0 5 0 7 0 0 0 0 0 0 5 6 0 0 0 0 0 6 5 6 6 0 0 0
Last Time Cost: 00041017 ms
Total Time Cost: 03894950 ms
Total Distance 62: 0 0 0 7 0 0 0 0 0 0 0 6 0 0 0 0 0 0 0 0 0 0 0 0 0 0 5 0 0 0 0 0 0 5 0 7 0 0 0 0 0 0 5 6 0 0 0 0 0 5 4 6 6 0 0 0
Last Time Cost: 00041080 ms
Total Time Cost: 03936030 ms
Total Distance 61: 0 0 0 7 0 0 0 0 0 0 0 6 0 0 0 0 0 0 0 0 0 0 0 0 0 0 5 0 0 0 0 0 0 5 0 7 0 0 0 0 0 0 5 6 0 0 0 0 0 5 3 6 6 0 0 0
Last Time Cost: 00000404 ms
Total Time Cost: 03936434 ms
Total Distance 60: 0 0 0 7 0 0 0 0 0 0 0 6 0 0 0 0 0 0 0 0 0 0 0 0 0 0 5 0 0 0 0 0 0 5 0 7 0 0 0 0 0 0 5 6 0 0 0 0 0 5 2 6 6 0 0 0
Last Time Cost: 00000374 ms
Total Time Cost: 03936808 ms
Total Distance 59: 0 0 0 7 0 0 0 0 0 0 0 6 0 0 0 0 0 0 0 0 0 0 0 0 0 0 5 0 0 0 0 0 0 5 0 7 0 0 0 0 0 0 5 6 0 0 0 0 0 5 1 6 6 0 0 0
Last Time Cost: 00000325 ms
Total Time Cost: 03937133 ms
Total Distance 58: 0 0 0 7 0 0 0 0 0 0 0 6 0 0 0 0 0 0 0 0 0 0 0 0 0 0 5 0 0 0 0 0 0 5 0 7 0 0 0 0 0 0 5 6 0 0 0 0 0 5 0 6 6 0 0 0
Last Time Cost: 00042566 ms
Total Time Cost: 03979699 ms
Total Distance 57: 0 0 0 7 0 0 0 0 0 0 0 6 0 0 0 0 0 0 0 0 0 0 0 0 0 0 5 0 0 0 0 0 0 5 0 7 0 0 0 0 0 0 5 6 0 0 0 0 0 4 0 6 6 0 0 0
Last Time Cost: 00000358 ms
Total Time Cost: 03980057 ms
Total Distance 56: 0 0 0 7 0 0 0 0 0 0 0 6 0 0 0 0 0 0 0 0 0 0 0 0 0 0 5 0 0 0 0 0 0 5 0 7 0 0 0 0 0 0 5 6 0 0 0 0 0 3 0 6 6 0 0 0
Last Time Cost: 00000321 ms
Total Time Cost: 03980378 ms
Total Distance 55: 0 0 0 7 0 0 0 0 0 0 0 6 0 0 0 0 0 0 0 0 0 0 0 0 0 0 5 0 0 0 0 0 0 5 0 7 0 0 0 0 0 0 5 6 0 0 0 0 0 2 0 6 6 0 0 0
Last Time Cost: 00000320 ms
Total Time Cost: 03980698 ms
Total Distance 54: 0 0 0 7 0 0 0 0 0 0 0 6 0 0 0 0 0 0 0 0 0 0 0 0 0 0 5 0 0 0 0 0 0 5 0 7 0 0 0 0 0 0 5 6 0 0 0 0 0 1 0 6 6 0 0 0
Last Time Cost: 00000351 ms
Total Time Cost: 03981049 ms
Total Distance 53: 0 0 0 7 0 0 0 0 0 0 0 6 0 0 0 0 0 0 0 0 0 0 0 0 0 0 5 0 0 0 0 0 0 5 0 7 0 0 0 0 0 0 5 6 0 0 0 0 0 0 0 6 6 0 0 0
Last Time Cost: 00046058 ms
Total Time Cost: 04027107 ms
Total Distance 52: 0 0 0 7 0 0 0 0 0 0 0 6 0 0 0 0 0 0 0 0 0 0 0 0 0 0 5 0 0 0 0 0 0 4 0 7 0 0 0 0 0 0 5 6 0 0 0 0 0 0 0 6 6 0 0 0
Last Time Cost: 00000351 ms
Total Time Cost: 04027458 ms
Total Distance 51: 0 0 0 7 0 0 0 0 0 0 0 6 0 0 0 0 0 0 0 0 0 0 0 0 0 0 5 0 0 0 0 0 0 3 0 7 0 0 0 0 0 0 5 6 0 0 0 0 0 0 0 6 6 0 0 0
Last Time Cost: 00000343 ms
Total Time Cost: 04027801 ms
Total Distance 50: 0 0 0 7 0 0 0 0 0 0 0 6 0 0 0 0 0 0 0 0 0 0 0 0 0 0 5 0 0 0 0 0 0 2 0 7 0 0 0 0 0 0 5 6 0 0 0 0 0 0 0 6 6 0 0 0
Last Time Cost: 00000330 ms
Total Time Cost: 04028131 ms
Total Distance 49: 0 0 0 7 0 0 0 0 0 0 0 6 0 0 0 0 0 0 0 0 0 0 0 0 0 0 5 0 0 0 0 0 0 1 0 7 0 0 0 0 0 0 5 6 0 0 0 0 0 0 0 6 6 0 0 0
Last Time Cost: 00000327 ms
Total Time Cost: 04028458 ms
Total Distance 48: 0 0 0 7 0 0 0 0 0 0 0 6 0 0 0 0 0 0 0 0 0 0 0 0 0 0 5 0 0 0 0 0 0 0 0 7 0 0 0 0 0 0 5 6 0 0 0 0 0 0 0 6 6 0 0 0
Last Time Cost: 00047790 ms
Total Time Cost: 04076248 ms
Total Distance 47: 0 0 0 7 0 0 0 0 0 0 0 6 0 0 0 0 0 0 0 0 0 0 0 0 0 0 4 0 0 0 0 0 0 0 0 7 0 0 0 0 0 0 5 6 0 0 0 0 0 0 0 6 6 0 0 0
Last Time Cost: 00000357 ms
Total Time Cost: 04076605 ms
Total Distance 46: 0 0 0 7 0 0 0 0 0 0 0 6 0 0 0 0 0 0 0 0 0 0 0 0 0 0 3 0 0 0 0 0 0 0 0 7 0 0 0 0 0 0 5 6 0 0 0 0 0 0 0 6 6 0 0 0
Last Time Cost: 00000348 ms
Total Time Cost: 04076953 ms
Total Distance 45: 0 0 0 7 0 0 0 0 0 0 0 6 0 0 0 0 0 0 0 0 0 0 0 0 0 0 2 0 0 0 0 0 0 0 0 7 0 0 0 0 0 0 5 6 0 0 0 0 0 0 0 6 6 0 0 0
Last Time Cost: 00000373 ms
Total Time Cost: 04077326 ms
Total Distance 44: 0 0 0 7 0 0 0 0 0 0 0 6 0 0 0 0 0 0 0 0 0 0 0 0 0 0 1 0 0 0 0 0 0 0 0 7 0 0 0 0 0 0 5 6 0 0 0 0 0 0 0 6 6 0 0 0
Last Time Cost: 00000363 ms
Total Time Cost: 04077689 ms
Total Distance 43: 0 0 0 7 0 0 0 0 0 0 0 6 0 0 0 0 0 0 0 0 0 0 0 0 0 0 0 0 0 0 0 0 0 0 0 7 0 0 0 0 0 0 5 6 0 0 0 0 0 0 0 6 6 0 0 0
Last Time Cost: 00051357 ms
Total Time Cost: 04129046 ms
Total Distance 42: 0 0 0 7 0 0 0 0 0 0 0 6 0 0 0 0 0 0 0 0 0 0 0 0 0 0 0 0 0 0 0 0 0 0 0 7 0 0 0 0 0 0 4 6 0 0 0 0 0 0 0 6 6 0 0 0
Last Time Cost: 00000413 ms
Total Time Cost: 04129459 ms
Total Distance 41: 0 0 0 7 0 0 0 0 0 0 0 6 0 0 0 0 0 0 0 0 0 0 0 0 0 0 0 0 0 0 0 0 0 0 0 7 0 0 0 0 0 0 3 6 0 0 0 0 0 0 0 6 6 0 0 0
Last Time Cost: 00000403 ms
Total Time Cost: 04129862 ms
Total Distance 40: 0 0 0 7 0 0 0 0 0 0 0 6 0 0 0 0 0 0 0 0 0 0 0 0 0 0 0 0 0 0 0 0 0 0 0 7 0 0 0 0 0 0 2 6 0 0 0 0 0 0 0 6 6 0 0 0
Last Time Cost: 00000379 ms
Total Time Cost: 04130241 ms
Total Distance 39: 0 0 0 7 0 0 0 0 0 0 0 6 0 0 0 0 0 0 0 0 0 0 0 0 0 0 0 0 0 0 0 0 0 0 0 7 0 0 0 0 0 0 1 6 0 0 0 0 0 0 0 6 6 0 0 0
Last Time Cost: 00000353 ms
Total Time Cost: 04130594 ms
Total Distance 38: 0 0 0 7 0 0 0 0 0 0 0 6 0 0 0 0 0 0 0 0 0 0 0 0 0 0 0 0 0 0 0 0 0 0 0 7 0 0 0 0 0 0 0 6 0 0 0 0 0 0 0 6 6 0 0 0
Last Time Cost: 00055232 ms
Total Time Cost: 04185826 ms
Total Distance 37: 0 0 0 7 0 0 0 0 0 0 0 6 0 0 0 0 0 0 0 0 0 0 0 0 0 0 0 0 0 0 0 0 0 0 0 7 0 0 0 0 0 0 0 6 0 0 0 0 0 0 0 6 5 0 0 0
Last Time Cost: 00000508 ms
Total Time Cost: 04186334 ms
Total Distance 36: 0 0 0 7 0 0 0 0 0 0 0 6 0 0 0 0 0 0 0 0 0 0 0 0 0 0 0 0 0 0 0 0 0 0 0 7 0 0 0 0 0 0 0 6 0 0 0 0 0 0 0 6 4 0 0 0
Last Time Cost: 00000405 ms
Total Time Cost: 04186739 ms
Total Distance 35: 0 0 0 7 0 0 0 0 0 0 0 6 0 0 0 0 0 0 0 0 0 0 0 0 0 0 0 0 0 0 0 0 0 0 0 7 0 0 0 0 0 0 0 6 0 0 0 0 0 0 0 6 3 0 0 0
Last Time Cost: 00000455 ms
Total Time Cost: 04187194 ms
Total Distance 34: 0 0 0 7 0 0 0 0 0 0 0 6 0 0 0 0 0 0 0 0 0 0 0 0 0 0 0 0 0 0 0 0 0 0 0 7 0 0 0 0 0 0 0 6 0 0 0 0 0 0 0 6 2 0 0 0
Last Time Cost: 00000417 ms
Total Time Cost: 04187611 ms
Total Distance 33: 0 0 0 7 0 0 0 0 0 0 0 6 0 0 0 0 0 0 0 0 0 0 0 0 0 0 0 0 0 0 0 0 0 0 0 7 0 0 0 0 0 0 0 6 0 0 0 0 0 0 0 6 1 0 0 0
Last Time Cost: 00000393 ms
Total Time Cost: 04188004 ms
Total Distance 32: 0 0 0 7 0 0 0 0 0 0 0 6 0 0 0 0 0 0 0 0 0 0 0 0 0 0 0 0 0 0 0 0 0 0 0 7 0 0 0 0 0 0 0 6 0 0 0 0 0 0 0 6 0 0 0 0
Last Time Cost: 00066457 ms
Total Time Cost: 04254461 ms
Total Distance 31: 0 0 0 7 0 0 0 0 0 0 0 5 0 0 0 0 0 0 0 0 0 0 0 0 0 0 0 0 0 0 0 0 0 0 0 7 0 0 0 0 0 0 0 6 0 0 0 0 0 0 0 6 0 0 0 0
Last Time Cost: 00000652 ms
Total Time Cost: 04255113 ms
Total Distance 30: 0 0 0 7 0 0 0 0 0 0 0 4 0 0 0 0 0 0 0 0 0 0 0 0 0 0 0 0 0 0 0 0 0 0 0 7 0 0 0 0 0 0 0 6 0 0 0 0 0 0 0 6 0 0 0 0
Last Time Cost: 00000469 ms
Total Time Cost: 04255582 ms
Total Distance 29: 0 0 0 7 0 0 0 0 0 0 0 3 0 0 0 0 0 0 0 0 0 0 0 0 0 0 0 0 0 0 0 0 0 0 0 7 0 0 0 0 0 0 0 6 0 0 0 0 0 0 0 6 0 0 0 0
Last Time Cost: 00000420 ms
Total Time Cost: 04256002 ms
Total Distance 28: 0 0 0 7 0 0 0 0 0 0 0 2 0 0 0 0 0 0 0 0 0 0 0 0 0 0 0 0 0 0 0 0 0 0 0 7 0 0 0 0 0 0 0 6 0 0 0 0 0 0 0 6 0 0 0 0
Last Time Cost: 00000428 ms
Total Time Cost: 04256430 ms
Total Distance 27: 0 0 0 7 0 0 0 0 0 0 0 1 0 0 0 0 0 0 0 0 0 0 0 0 0 0 0 0 0 0 0 0 0 0 0 7 0 0 0 0 0 0 0 6 0 0 0 0 0 0 0 6 0 0 0 0
Last Time Cost: 00000456 ms
Total Time Cost: 04256886 ms
Total Distance 26: 0 0 0 7 0 0 0 0 0 0 0 0 0 0 0 0 0 0 0 0 0 0 0 0 0 0 0 0 0 0 0 0 0 0 0 7 0 0 0 0 0 0 0 6 0 0 0 0 0 0 0 6 0 0 0 0
Last Time Cost: 00074277 ms
Total Time Cost: 04331163 ms
Total Distance 25: 0 0 0 7 0 0 0 0 0 0 0 0 0 0 0 0 0 0 0 0 0 0 0 0 0 0 0 0 0 0 0 0 0 0 0 7 0 0 0 0 0 0 0 5 0 0 0 0 0 0 0 6 0 0 0 0
Last Time Cost: 00000666 ms
Total Time Cost: 04331829 ms
Total Distance 24: 0 0 0 7 0 0 0 0 0 0 0 0 0 0 0 0 0 0 0 0 0 0 0 0 0 0 0 0 0 0 0 0 0 0 0 7 0 0 0 0 0 0 0 4 0 0 0 0 0 0 0 6 0 0 0 0
Last Time Cost: 00000504 ms
Total Time Cost: 04332333 ms
Total Distance 23: 0 0 0 7 0 0 0 0 0 0 0 0 0 0 0 0 0 0 0 0 0 0 0 0 0 0 0 0 0 0 0 0 0 0 0 7 0 0 0 0 0 0 0 3 0 0 0 0 0 0 0 6 0 0 0 0
Last Time Cost: 00000482 ms
Total Time Cost: 04332815 ms
Total Distance 22: 0 0 0 7 0 0 0 0 0 0 0 0 0 0 0 0 0 0 0 0 0 0 0 0 0 0 0 0 0 0 0 0 0 0 0 7 0 0 0 0 0 0 0 2 0 0 0 0 0 0 0 6 0 0 0 0
Last Time Cost: 00000498 ms
Total Time Cost: 04333313 ms
Total Distance 21: 0 0 0 7 0 0 0 0 0 0 0 0 0 0 0 0 0 0 0 0 0 0 0 0 0 0 0 0 0 0 0 0 0 0 0 7 0 0 0 0 0 0 0 1 0 0 0 0 0 0 0 6 0 0 0 0
Last Time Cost: 00000504 ms
Total Time Cost: 04333817 ms
Total Distance 20: 0 0 0 7 0 0 0 0 0 0 0 0 0 0 0 0 0 0 0 0 0 0 0 0 0 0 0 0 0 0 0 0 0 0 0 7 0 0 0 0 0 0 0 0 0 0 0 0 0 0 0 6 0 0 0 0
Last Time Cost: 00083710 ms
Total Time Cost: 04417527 ms
Total Distance 19: 0 0 0 7 0 0 0 0 0 0 0 0 0 0 0 0 0 0 0 0 0 0 0 0 0 0 0 0 0 0 0 0 0 0 0 7 0 0 0 0 0 0 0 0 0 0 0 0 0 0 0 5 0 0 0 0
Last Time Cost: 00000720 ms
Total Time Cost: 04418247 ms
Total Distance 18: 0 0 0 7 0 0 0 0 0 0 0 0 0 0 0 0 0 0 0 0 0 0 0 0 0 0 0 0 0 0 0 0 0 0 0 7 0 0 0 0 0 0 0 0 0 0 0 0 0 0 0 4 0 0 0 0
Last Time Cost: 00000481 ms
Total Time Cost: 04418728 ms
Total Distance 17: 0 0 0 7 0 0 0 0 0 0 0 0 0 0 0 0 0 0 0 0 0 0 0 0 0 0 0 0 0 0 0 0 0 0 0 7 0 0 0 0 0 0 0 0 0 0 0 0 0 0 0 3 0 0 0 0
Last Time Cost: 00000442 ms
Total Time Cost: 04419170 ms
Total Distance 16: 0 0 0 7 0 0 0 0 0 0 0 0 0 0 0 0 0 0 0 0 0 0 0 0 0 0 0 0 0 0 0 0 0 0 0 7 0 0 0 0 0 0 0 0 0 0 0 0 0 0 0 2 0 0 0 0
Last Time Cost: 00000493 ms
Total Time Cost: 04419663 ms
Total Distance 15: 0 0 0 7 0 0 0 0 0 0 0 0 0 0 0 0 0 0 0 0 0 0 0 0 0 0 0 0 0 0 0 0 0 0 0 7 0 0 0 0 0 0 0 0 0 0 0 0 0 0 0 1 0 0 0 0
Last Time Cost: 00000458 ms
Total Time Cost: 04420121 ms
Total Distance 14: 0 0 0 7 0 0 0 0 0 0 0 0 0 0 0 0 0 0 0 0 0 0 0 0 0 0 0 0 0 0 0 0 0 0 0 7 0 0 0 0 0 0 0 0 0 0 0 0 0 0 0 0 0 0 0 0
Last Time Cost: 00093418 ms
Total Time Cost: 04513539 ms
Total Distance 13: 0 0 0 7 0 0 0 0 0 0 0 0 0 0 0 0 0 0 0 0 0 0 0 0 0 0 0 0 0 0 0 0 0 0 0 6 0 0 0 0 0 0 0 0 0 0 0 0 0 0 0 0 0 0 0 0
Last Time Cost: 00001023 ms
Total Time Cost: 04514562 ms
Total Distance 12: 0 0 0 7 0 0 0 0 0 0 0 0 0 0 0 0 0 0 0 0 0 0 0 0 0 0 0 0 0 0 0 0 0 0 0 5 0 0 0 0 0 0 0 0 0 0 0 0 0 0 0 0 0 0 0 0
Last Time Cost: 00000784 ms
Total Time Cost: 04515346 ms
Total Distance 11: 0 0 0 7 0 0 0 0 0 0 0 0 0 0 0 0 0 0 0 0 0 0 0 0 0 0 0 0 0 0 0 0 0 0 0 4 0 0 0 0 0 0 0 0 0 0 0 0 0 0 0 0 0 0 0 0
Last Time Cost: 00000580 ms
Total Time Cost: 04515926 ms
Total Distance 10: 0 0 0 7 0 0 0 0 0 0 0 0 0 0 0 0 0 0 0 0 0 0 0 0 0 0 0 0 0 0 0 0 0 0 0 3 0 0 0 0 0 0 0 0 0 0 0 0 0 0 0 0 0 0 0 0
Last Time Cost: 00000571 ms
Total Time Cost: 04516497 ms
Total Distance 9: 0 0 0 7 0 0 0 0 0 0 0 0 0 0 0 0 0 0 0 0 0 0 0 0 0 0 0 0 0 0 0 0 0 0 0 2 0 0 0 0 0 0 0 0 0 0 0 0 0 0 0 0 0 0 0 0
Last Time Cost: 00000517 ms
Total Time Cost: 04517014 ms
Total Distance 8: 0 0 0 7 0 0 0 0 0 0 0 0 0 0 0 0 0 0 0 0 0 0 0 0 0 0 0 0 0 0 0 0 0 0 0 1 0 0 0 0 0 0 0 0 0 0 0 0 0 0 0 0 0 0 0 0
Last Time Cost: 00000486 ms
Total Time Cost: 04517500 ms
Total Distance 7: 0 0 0 7 0 0 0 0 0 0 0 0 0 0 0 0 0 0 0 0 0 0 0 0 0 0 0 0 0 0 0 0 0 0 0 0 0 0 0 0 0 0 0 0 0 0 0 0 0 0 0 0 0 0 0 0
Last Time Cost: 00047086 ms
Total Time Cost: 04564586 ms
Total Distance 6: 0 0 0 6 0 0 0 0 0 0 0 0 0 0 0 0 0 0 0 0 0 0 0 0 0 0 0 0 0 0 0 0 0 0 0 0 0 0 0 0 0 0 0 0 0 0 0 0 0 0 0 0 0 0 0 0
Last Time Cost: 00000857 ms
Total Time Cost: 04565443 ms
Total Distance 5: 0 0 0 5 0 0 0 0 0 0 0 0 0 0 0 0 0 0 0 0 0 0 0 0 0 0 0 0 0 0 0 0 0 0 0 0 0 0 0 0 0 0 0 0 0 0 0 0 0 0 0 0 0 0 0 0
Last Time Cost: 00000193 ms
Total Time Cost: 04565636 ms
Total Distance 4: 0 0 0 4 0 0 0 0 0 0 0 0 0 0 0 0 0 0 0 0 0 0 0 0 0 0 0 0 0 0 0 0 0 0 0 0 0 0 0 0 0 0 0 0 0 0 0 0 0 0 0 0 0 0 0 0
Last Time Cost: 00000005 ms
Total Time Cost: 04565641 ms
Total Distance 3: 0 0 0 3 0 0 0 0 0 0 0 0 0 0 0 0 0 0 0 0 0 0 0 0 0 0 0 0 0 0 0 0 0 0 0 0 0 0 0 0 0 0 0 0 0 0 0 0 0 0 0 0 0 0 0 0
Last Time Cost: 00000003 ms
Total Time Cost: 04565644 ms
Total Distance 2: 0 0 0 2 0 0 0 0 0 0 0 0 0 0 0 0 0 0 0 0 0 0 0 0 0 0 0 0 0 0 0 0 0 0 0 0 0 0 0 0 0 0 0 0 0 0 0 0 0 0 0 0 0 0 0 0
Last Time Cost: 00000001 ms
Total Time Cost: 04565645 ms
Total Distance 1: 0 0 0 1 0 0 0 0 0 0 0 0 0 0 0 0 0 0 0 0 0 0 0 0 0 0 0 0 0 0 0 0 0 0 0 0 0 0 0 0 0 0 0 0 0 0 0 0 0 0 0 0 0 0 0 0
Last Time Cost: 00000000 ms
Total Time Cost: 04565645 ms
Total Distance 0: 0 0 0 0 0 0 0 0 0 0 0 0 0 0 0 0 0 0 0 0 0 0 0 0 0 0 0 0 0 0 0 0 0 0 0 0 0 0 0 0 0 0 0 0 0 0 0 0 0 0 0 0 0 0 0 0
