Last Time Cost: 00000000 ms
Total Time Cost: 00000000 ms
Total Distance 581: 11 12 12 12 9 8 9 10 11 12 12 12 9 8 9 10 11 12 12 12 9 8 9 10 11 12 12 12 9 8 9 10 11 12 12 12 9 8 9 10 11 12 12 12 9 8 9 10 11 12 12 12 9 8 9 10
Last Time Cost: 00008774 ms
Total Time Cost: 00008774 ms
Total Distance 573: 11 12 12 12 9 8 9 10 11 12 12 12 9 8 9 10 11 11 12 12 9 8 9 10 10 12 12 12 9 8 9 10 10 11 12 12 9 8 9 10 11 12 11 11 9 8 9 9 11 11 12 12 9 8 9 10
Last Time Cost: 00009313 ms
Total Time Cost: 00018087 ms
Total Distance 565: 11 12 12 12 9 8 9 10 11 11 12 12 9 8 9 10 11 11 11 11 9 8 9 9 9 11 12 12 9 8 9 10 9 11 12 12 9 8 9 10 11 12 11 11 9 8 9 9 11 10 12 12 9 8 9 10
Last Time Cost: 00010037 ms
Total Time Cost: 00028124 ms
Total Distance 557: 11 12 11 11 9 8 9 9 11 10 12 12 9 8 9 10 11 11 11 11 9 8 9 9 9 11 12 12 9 8 9 10 9 10 12 12 9 8 9 10 10 12 11 11 9 8 9 9 10 9 12 12 9 8 9 10
Last Time Cost: 00009907 ms
Total Time Cost: 00038031 ms
Total Distance 549: 11 12 11 11 9 8 9 9 11 9 12 12 9 8 9 10 11 11 11 11 9 8 9 9 9 10 12 12 9 8 9 10 9 10 11 11 9 8 9 9 9 11 11 11 9 8 9 9 9 9 12 12 9 8 9 10
Last Time Cost: 00010499 ms
Total Time Cost: 00048530 ms
Total Distance 541: 11 11 11 11 9 8 9 9 11 9 11 11 9 8 9 9 10 10 11 11 9 8 9 9 8 10 12 12 9 8 9 10 9 10 11 11 9 8 9 9 9 10 11 11 9 8 9 9 9 9 12 12 9 8 9 10
Last Time Cost: 00010120 ms
Total Time Cost: 00058650 ms
Total Distance 533: 10 10 11 11 9 8 9 9 10 9 11 11 9 8 9 9 10 10 11 11 9 8 9 9 8 9 12 12 9 8 9 10 9 10 11 11 9 8 9 9 9 9 11 11 9 8 9 9 9 9 11 11 9 8 9 9
Last Time Cost: 00009739 ms
Total Time Cost: 00068389 ms
Total Distance 527: 10 10 11 11 9 8 9 9 10 8 11 11 9 8 9 9 10 10 10 10 9 8 9 8 8 8 12 12 9 8 9 10 9 10 11 11 9 8 9 9 9 9 11 11 9 8 9 9 9 8 11 11 9 8 9 9
Last Time Cost: 00009585 ms
Total Time Cost: 00077974 ms
Total Distance 521: 10 10 11 11 9 8 9 9 10 8 11 11 9 8 9 9 10 10 10 10 9 8 8 7 8 8 11 11 9 8 9 10 9 10 11 11 9 8 9 8 9 9 11 11 9 8 9 9 8 8 11 11 9 8 9 9
Last Time Cost: 00010128 ms
Total Time Cost: 00088102 ms
Total Distance 516: 10 10 11 11 9 8 8 9 10 8 11 11 9 8 8 9 10 10 10 10 9 8 8 6 8 8 11 11 9 8 9 10 9 10 11 11 8 8 9 8 9 9 11 11 9 8 9 9 8 8 11 11 9 7 9 9
Last Time Cost: 00011252 ms
Total Time Cost: 00099354 ms
Total Distance 511: 10 10 11 11 9 8 8 9 10 8 11 11 9 8 8 9 10 10 10 10 9 8 8 6 7 7 11 11 8 8 9 10 9 10 11 11 8 8 9 8 9 9 11 11 9 7 9 9 8 8 11 11 9 7 8 9
Last Time Cost: 00012773 ms
Total Time Cost: 00112127 ms
Total Distance 506: 10 10 11 11 9 7 8 9 10 8 11 11 9 8 7 9 10 10 10 10 9 8 8 6 7 7 11 11 8 8 9 10 9 10 11 11 8 8 9 8 8 8 11 11 8 7 9 9 8 8 11 11 9 7 8 9
Last Time Cost: 00014084 ms
Total Time Cost: 00126211 ms
Total Distance 501: 10 10 11 11 9 7 8 8 10 8 11 11 9 8 7 9 10 10 10 10 8 8 8 6 7 7 11 11 8 8 9 10 9 10 11 11 8 7 9 8 8 8 11 11 8 7 8 9 8 8 11 11 9 7 7 9
Last Time Cost: 00015516 ms
Total Time Cost: 00141727 ms
Total Distance 496: 10 10 11 11 9 7 8 8 10 8 11 11 8 8 7 9 10 10 10 10 8 8 8 6 7 7 11 11 8 7 9 10 9 10 11 11 8 7 8 8 8 8 11 11 8 7 7 9 8 8 11 11 9 7 7 8
Last Time Cost: 00017003 ms
Total Time Cost: 00158730 ms
Total Distance 491: 10 10 11 11 8 7 8 8 10 8 11 11 8 8 7 9 10 10 10 10 8 7 8 6 7 7 11 11 8 7 8 10 9 10 11 11 8 7 7 8 8 8 11 11 8 7 7 8 8 8 11 11 9 7 7 8
Last Time Cost: 00018702 ms
Total Time Cost: 00177432 ms
Total Distance 487: 10 10 11 11 8 6 8 8 10 8 11 11 8 7 7 9 10 10 10 10 8 7 7 6 7 7 11 11 8 7 8 10 9 10 11 11 8 7 7 8 8 8 11 11 8 7 7 8 8 8 11 11 8 7 7 8
Last Time Cost: 00020584 ms
Total Time Cost: 00198016 ms
Total Distance 483: 10 10 11 11 8 6 8 8 10 8 11 11 7 7 7 9 10 10 9 10 8 7 7 6 7 7 11 11 7 7 8 10 9 10 11 11 8 7 7 8 8 8 11 11 8 7 7 8 8 8 11 11 7 7 7 8
Last Time Cost: 00022826 ms
Total Time Cost: 00220842 ms
Total Distance 479: 10 10 11 11 8 6 8 8 10 8 11 11 7 7 7 9 10 10 9 10 7 7 7 6 7 7 11 11 7 7 8 10 9 10 11 11 7 7 7 8 8 8 10 11 8 7 7 8 8 8 11 11 6 7 7 8
Last Time Cost: 00023307 ms
Total Time Cost: 00244149 ms
Total Distance 475: 10 10 11 11 7 6 8 8 10 8 10 11 7 7 7 9 10 10 9 10 6 7 7 6 7 7 11 11 7 7 8 10 9 10 11 11 7 7 7 8 8 8 10 11 7 7 7 8 8 8 11 11 6 7 7 8
Last Time Cost: 00023847 ms
Total Time Cost: 00267996 ms
Total Distance 471: 10 10 11 11 7 6 8 8 10 7 10 11 7 7 7 9 10 10 8 9 6 7 7 6 7 6 11 11 7 7 8 10 9 10 11 11 7 7 7 8 8 8 10 11 7 7 7 8 8 8 11 11 6 7 7 8
Last Time Cost: 00026528 ms
Total Time Cost: 00294524 ms
Total Distance 467: 10 10 11 11 7 6 8 8 10 7 10 11 7 7 7 9 10 10 8 9 6 7 7 6 7 5 11 11 7 7 8 10 9 10 10 10 7 7 7 8 8 7 10 11 7 7 7 8 8 8 11 11 6 7 7 8
Last Time Cost: 00024126 ms
Total Time Cost: 00318650 ms
Total Distance 463: 10 10 10 11 7 6 8 8 10 7 10 11 7 7 7 9 10 10 7 9 6 7 7 6 6 5 11 11 7 7 8 10 9 10 9 10 7 7 7 8 8 7 10 11 7 7 7 8 8 8 11 11 6 7 7 8
Last Time Cost: 00023770 ms
Total Time Cost: 00342420 ms
Total Distance 459: 10 10 9 10 7 6 8 8 10 6 10 11 7 7 7 9 10 10 7 9 6 7 7 6 6 5 11 11 7 7 8 10 9 10 9 10 7 7 7 8 8 7 10 11 7 7 7 8 8 7 11 11 6 7 7 8
Last Time Cost: 00023230 ms
Total Time Cost: 00365650 ms
Total Distance 455: 10 10 9 9 7 6 8 8 10 6 10 11 7 7 7 9 10 10 7 9 5 7 7 6 6 5 11 11 7 7 8 10 9 9 9 10 7 7 7 8 8 7 9 11 7 7 7 8 8 7 11 11 6 7 7 8
Last Time Cost: 00025358 ms
Total Time Cost: 00391008 ms
Total Distance 451: 10 10 9 9 7 6 8 8 9 6 10 11 7 7 6 8 9 10 7 9 5 7 7 6 6 5 11 11 7 7 8 10 9 9 9 10 7 7 7 8 8 7 9 11 7 7 7 8 8 7 11 11 6 7 7 8
Last Time Cost: 00027536 ms
Total Time Cost: 00418544 ms
Total Distance 447: 10 10 8 9 7 6 8 8 9 6 10 11 7 7 6 8 9 10 7 9 5 7 7 6 6 5 10 11 7 7 8 10 9 9 9 10 7 7 7 8 8 7 8 11 7 7 7 8 7 7 11 11 6 7 7 8
Last Time Cost: 00025072 ms
Total Time Cost: 00443616 ms
Total Distance 443: 10 10 8 9 7 6 8 8 9 6 10 11 7 7 6 8 9 9 7 9 5 7 7 6 6 5 10 11 7 7 8 10 9 9 9 10 7 7 7 8 8 7 7 10 7 7 7 7 7 7 11 11 6 7 7 8
Last Time Cost: 00023070 ms
Total Time Cost: 00466686 ms
Total Distance 439: 10 10 8 9 7 6 8 8 9 6 10 11 7 7 6 8 9 9 7 9 5 6 7 6 6 5 10 11 7 7 8 10 9 9 8 10 7 7 7 8 8 7 7 9 7 7 7 7 7 7 10 11 6 7 7 8
Last Time Cost: 00020033 ms
Total Time Cost: 00486719 ms
Total Distance 435: 10 10 8 9 7 6 8 8 9 6 10 11 7 7 6 8 8 8 7 8 5 6 7 6 6 5 10 11 7 7 8 9 9 9 8 10 7 7 7 8 8 7 7 9 7 7 7 7 7 7 10 11 6 7 7 8
Last Time Cost: 00020945 ms
Total Time Cost: 00507664 ms
Total Distance 431: 10 10 8 9 7 6 8 8 9 6 10 11 7 7 6 8 7 8 7 8 5 6 7 6 6 5 10 11 7 7 8 8 9 9 8 10 7 7 7 8 8 7 7 9 7 7 7 6 7 7 10 10 6 7 7 8
Last Time Cost: 00016794 ms
Total Time Cost: 00524458 ms
Total Distance 427: 10 10 8 9 7 6 8 8 9 6 10 11 7 7 6 8 7 7 7 8 5 6 7 6 6 5 9 11 7 7 8 8 9 8 8 10 7 7 7 8 8 7 7 8 7 7 7 6 7 7 10 10 6 7 7 8
Last Time Cost: 00017843 ms
Total Time Cost: 00542301 ms
Total Distance 423: 10 10 8 9 7 6 8 8 9 6 9 10 7 7 6 7 7 6 7 8 5 6 7 6 6 5 9 11 7 7 8 8 9 8 8 10 7 7 7 8 8 7 7 8 7 7 7 6 7 7 10 10 6 7 7 8
Last Time Cost: 00012271 ms
Total Time Cost: 00554572 ms
Total Distance 419: 10 9 8 9 7 6 8 8 9 6 8 9 7 7 6 7 7 5 7 8 5 6 7 6 6 5 9 11 7 7 8 8 9 8 8 10 7 7 7 8 8 7 7 8 7 7 7 6 7 7 10 10 6 7 7 8
Last Time Cost: 00012872 ms
Total Time Cost: 00567444 ms
Total Distance 415: 9 9 8 9 7 6 8 8 9 6 7 9 7 7 6 7 7 5 7 8 5 6 7 6 6 5 9 10 7 7 8 8 9 8 8 10 7 7 7 8 7 7 7 8 7 7 7 6 7 7 10 10 6 7 7 8
Last Time Cost: 00005566 ms
Total Time Cost: 00573010 ms
Total Distance 412: 9 9 8 9 7 6 8 8 9 6 7 9 7 7 6 7 7 5 7 8 4 6 7 6 6 5 9 10 7 7 8 8 9 8 8 10 7 6 7 8 7 7 7 8 7 7 6 6 7 7 10 10 6 7 7 8
Last Time Cost: 00005917 ms
Total Time Cost: 00578927 ms
Total Distance 409: 9 9 8 9 7 6 8 8 9 6 7 9 7 7 6 7 7 5 7 8 4 5 7 6 6 5 9 10 7 7 8 8 9 8 8 10 7 5 7 8 7 7 7 8 7 7 6 6 7 7 10 10 6 6 7 8
Last Time Cost: 00006332 ms
Total Time Cost: 00585259 ms
Total Distance 406: 9 9 8 9 7 6 8 8 9 6 7 9 7 7 6 6 7 5 7 8 4 5 7 6 6 5 9 10 6 7 8 8 9 8 8 10 7 4 7 8 7 7 7 8 7 7 6 6 7 7 10 10 6 6 7 8
Last Time Cost: 00006805 ms
Total Time Cost: 00592064 ms
Total Distance 403: 9 9 8 9 7 5 8 8 9 6 7 9 7 7 5 6 7 5 7 8 4 5 7 6 6 5 9 10 6 7 8 8 9 8 8 10 7 4 7 8 7 7 7 8 6 7 6 6 7 7 10 10 6 6 7 8
Last Time Cost: 00007236 ms
Total Time Cost: 00599300 ms
Total Distance 400: 9 9 8 9 6 5 8 8 9 6 7 9 7 7 5 6 7 5 7 8 4 4 7 6 6 5 9 10 6 7 8 8 9 8 8 10 7 4 6 8 7 7 7 8 6 7 6 6 7 7 10 10 6 6 7 8
Last Time Cost: 00007710 ms
Total Time Cost: 00607010 ms
Total Distance 397: 9 9 8 9 6 5 8 8 9 6 7 9 7 7 5 6 7 5 7 8 4 4 6 5 6 5 9 10 6 7 8 8 9 8 8 10 7 4 6 8 7 7 7 8 6 7 6 6 6 7 10 10 6 6 7 8
Last Time Cost: 00008194 ms
Total Time Cost: 00615204 ms
Total Distance 393: 9 8 8 9 6 5 8 7 9 6 7 9 7 7 5 6 7 5 7 8 4 4 6 5 6 5 9 10 6 7 8 8 8 8 8 10 7 4 6 8 6 7 7 8 6 7 6 6 6 7 10 10 6 6 7 8
Last Time Cost: 00007495 ms
Total Time Cost: 00622699 ms
Total Distance 390: 9 8 8 9 6 5 8 7 9 6 7 9 7 7 5 6 7 5 7 8 4 4 5 5 6 5 9 10 6 7 8 8 8 8 8 10 7 4 5 8 6 7 7 8 6 7 6 6 6 7 10 10 6 6 6 8
Last Time Cost: 00007899 ms
Total Time Cost: 00630598 ms
Total Distance 387: 9 8 8 9 6 5 8 7 9 6 7 9 7 6 5 6 7 5 7 8 4 4 5 5 6 5 9 10 6 6 8 8 8 8 8 10 7 4 5 8 6 7 7 8 6 7 6 6 6 7 10 10 6 5 6 8
Last Time Cost: 00008420 ms
Total Time Cost: 00639018 ms
Total Distance 384: 9 8 8 9 6 5 8 7 9 6 7 9 7 5 5 6 7 5 7 8 4 4 5 5 6 5 9 10 6 6 7 8 8 8 8 10 7 4 5 8 6 7 7 8 6 7 6 6 6 7 10 10 5 5 6 8
Last Time Cost: 00009076 ms
Total Time Cost: 00648094 ms
Total Distance 381: 9 8 8 9 6 5 8 7 9 6 7 9 7 5 5 6 7 5 7 8 4 4 5 5 5 5 9 10 6 6 7 8 7 8 8 10 7 4 5 8 6 7 7 8 6 7 6 6 6 6 10 10 5 5 6 8
Last Time Cost: 00009571 ms
Total Time Cost: 00657665 ms
Total Distance 378: 9 8 8 9 6 5 8 6 9 6 7 9 7 5 5 6 7 5 7 8 4 4 5 5 5 5 9 10 6 6 7 8 6 8 8 10 7 4 5 8 6 7 7 8 6 7 6 5 6 6 10 10 5 5 6 8
Last Time Cost: 00010269 ms
Total Time Cost: 00667934 ms
Total Distance 375: 9 8 8 9 6 5 8 6 9 6 7 9 7 5 5 5 7 5 7 8 4 4 5 5 5 5 9 10 6 6 7 7 6 8 8 10 7 4 5 8 6 7 7 8 6 7 6 5 6 6 10 10 5 5 6 7
Last Time Cost: 00010941 ms
Total Time Cost: 00678875 ms
Total Distance 372: 9 8 8 9 6 5 8 6 8 6 7 9 7 5 5 4 6 5 7 8 4 4 5 5 5 5 9 10 6 6 7 7 6 8 8 10 7 4 5 8 6 7 7 8 6 7 6 5 6 6 10 10 5 5 6 7
Last Time Cost: 00010666 ms
Total Time Cost: 00689541 ms
Total Distance 369: 9 8 8 9 6 5 8 6 8 6 7 9 7 5 5 4 5 5 7 8 4 4 5 5 5 4 9 10 6 6 7 7 6 8 8 10 7 4 5 8 6 7 7 8 6 7 6 5 6 6 9 10 5 5 6 7
Last Time Cost: 00011052 ms
Total Time Cost: 00700593 ms
Total Distance 366: 9 7 8 9 6 5 8 6 8 6 7 9 7 5 5 4 5 5 6 8 4 4 5 5 5 4 9 10 6 6 7 7 6 8 8 10 7 4 5 8 6 7 7 8 6 7 6 5 6 6 9 10 5 5 6 6
Last Time Cost: 00011598 ms
Total Time Cost: 00712191 ms
Total Distance 363: 9 7 8 9 6 5 7 6 8 6 7 9 7 5 5 4 5 5 6 7 4 4 5 5 5 4 9 10 5 6 7 7 6 8 8 10 7 4 5 8 6 7 7 8 6 7 6 5 6 6 9 10 5 5 6 6
Last Time Cost: 00012462 ms
Total Time Cost: 00724653 ms
Total Distance 360: 9 7 8 9 6 5 7 6 8 6 7 9 6 5 5 4 5 5 6 7 4 4 5 5 5 4 9 10 5 5 7 7 6 8 8 10 7 4 5 8 6 7 7 8 6 7 6 5 6 6 9 9 5 5 6 6
Last Time Cost: 00012938 ms
Total Time Cost: 00737591 ms
Total Distance 357: 9 7 8 9 6 5 7 6 8 6 7 9 6 5 5 4 5 5 6 7 4 4 5 5 5 4 9 10 5 5 7 7 6 8 7 9 7 4 5 8 6 6 7 8 6 7 6 5 6 6 9 9 5 5 6 6
Last Time Cost: 00013104 ms
Total Time Cost: 00750695 ms
Total Distance 355: 9 7 8 9 6 5 7 6 8 6 7 9 6 5 5 4 5 5 6 7 3 4 5 5 5 4 9 10 5 5 7 7 6 8 7 9 7 3 5 8 6 6 7 8 6 7 6 5 6 6 9 9 5 5 6 6
Last Time Cost: 00013886 ms
Total Time Cost: 00764581 ms
Total Distance 353: 9 7 8 9 6 5 7 6 8 6 7 9 6 4 5 4 5 5 6 7 3 4 5 5 5 4 9 10 5 5 7 7 6 8 7 9 7 3 5 8 6 6 7 8 6 7 6 5 6 6 9 9 4 5 6 6
Last Time Cost: 00014714 ms
Total Time Cost: 00779295 ms
Total Distance 350: 9 7 8 9 6 5 7 6 8 6 7 9 6 4 5 4 5 5 6 7 3 4 5 5 5 4 9 10 5 5 6 7 6 8 7 9 7 3 5 8 6 6 7 8 6 6 6 5 6 5 9 9 4 5 6 6
Last Time Cost: 00015411 ms
Total Time Cost: 00794706 ms
Total Distance 348: 9 7 8 9 6 5 7 6 8 6 7 9 6 4 5 4 5 5 6 7 3 4 5 5 5 4 9 10 5 5 5 7 6 8 7 9 7 3 5 8 6 6 7 8 6 6 6 5 6 5 9 9 3 5 6 6
Last Time Cost: 00016321 ms
Total Time Cost: 00811027 ms
Total Distance 346: 9 7 8 9 6 5 7 6 8 6 7 9 6 4 5 4 5 5 6 7 2 4 5 5 5 4 9 10 5 5 5 7 6 8 7 9 7 3 5 8 6 6 6 8 6 6 6 5 6 5 9 9 3 5 6 6
Last Time Cost: 00017278 ms
Total Time Cost: 00828305 ms
Total Distance 344: 9 7 8 9 6 4 7 6 8 6 7 9 6 4 5 4 5 5 6 7 2 4 5 5 5 4 9 10 5 5 5 7 6 8 7 9 7 3 5 8 6 6 6 8 5 6 6 5 6 5 9 9 3 5 6 6
Last Time Cost: 00018251 ms
Total Time Cost: 00846556 ms
Total Distance 342: 9 7 8 9 5 4 7 6 8 6 7 9 6 4 5 4 5 5 6 7 2 4 5 5 5 4 9 10 5 5 5 7 6 8 7 9 7 3 4 8 6 6 6 8 5 6 6 5 6 5 9 9 3 5 6 6
Last Time Cost: 00019332 ms
Total Time Cost: 00865888 ms
Total Distance 340: 9 7 8 9 5 4 7 6 8 6 7 9 6 4 5 4 5 5 6 7 2 4 5 5 5 4 9 10 5 5 5 7 6 8 7 9 7 3 3 8 6 6 6 8 5 6 6 5 6 5 9 9 3 5 5 6
Last Time Cost: 00020397 ms
Total Time Cost: 00886285 ms
Total Distance 338: 9 7 8 9 4 4 7 6 8 6 7 9 6 4 5 4 5 5 6 7 2 4 5 5 5 4 9 10 5 5 5 7 6 8 7 9 7 3 3 8 6 6 6 8 4 6 6 5 6 5 9 9 3 5 5 6
Last Time Cost: 00021459 ms
Total Time Cost: 00907744 ms
Total Distance 336: 9 7 8 9 4 4 7 6 8 6 7 9 6 4 5 4 5 5 6 7 2 4 5 5 4 4 9 10 5 5 5 7 6 8 7 9 7 3 3 8 6 6 6 8 4 6 6 5 6 5 9 9 3 5 4 6
Last Time Cost: 00022812 ms
Total Time Cost: 00930556 ms
Total Distance 334: 9 7 8 9 4 4 7 5 8 6 7 9 6 4 5 4 5 5 6 7 2 4 5 4 4 4 9 10 5 5 5 7 6 8 7 9 7 3 3 8 6 6 6 8 4 6 6 5 6 5 9 9 3 5 4 6
Last Time Cost: 00023990 ms
Total Time Cost: 00954546 ms
Total Distance 331: 9 7 8 8 4 4 6 5 8 6 7 9 6 4 5 4 5 5 6 7 2 4 5 4 4 4 9 10 5 5 5 7 6 8 7 9 7 3 3 7 6 6 6 8 4 6 6 5 6 5 9 9 3 5 4 6
Last Time Cost: 00022438 ms
Total Time Cost: 00976984 ms
Total Distance 328: 9 7 8 8 4 4 6 5 7 6 7 9 6 4 5 4 5 5 6 7 2 4 5 4 4 4 8 10 5 5 5 7 6 8 7 9 7 3 3 6 6 6 6 8 4 6 6 5 6 5 9 9 3 5 4 6
Last Time Cost: 00020272 ms
Total Time Cost: 00997256 ms
Total Distance 326: 9 7 8 8 4 4 6 5 7 6 7 9 6 4 5 4 5 5 6 7 2 4 4 4 4 4 8 10 5 5 5 7 6 8 7 9 7 3 2 6 6 6 6 8 4 6 6 5 6 5 9 9 3 5 4 6
Last Time Cost: 00021475 ms
Total Time Cost: 01018731 ms
Total Distance 324: 9 7 8 8 4 4 6 5 7 6 7 9 6 4 5 4 5 5 6 7 2 4 3 4 4 4 8 10 5 5 5 7 6 8 7 9 7 3 2 5 6 6 6 8 4 6 6 5 6 5 9 9 3 5 4 6
Last Time Cost: 00022799 ms
Total Time Cost: 01041530 ms
Total Distance 322: 9 7 8 8 4 4 6 5 7 6 7 9 6 4 5 4 5 5 6 7 2 4 3 4 4 4 8 10 5 5 4 7 6 8 7 9 7 3 2 5 6 6 6 8 4 6 5 5 6 5 9 9 3 5 4 6
Last Time Cost: 00023931 ms
Total Time Cost: 01065461 ms
Total Distance 320: 9 7 8 8 4 4 6 5 7 6 7 9 5 4 5 4 5 5 6 7 2 4 3 4 4 4 8 10 5 5 4 7 6 8 7 9 7 3 2 5 6 6 6 8 4 6 4 5 6 5 9 9 3 5 4 6
Last Time Cost: 00025095 ms
Total Time Cost: 01090556 ms
Total Distance 318: 9 7 8 8 4 4 6 5 7 6 7 9 4 4 5 4 5 5 6 7 2 4 3 4 4 4 8 10 4 5 4 7 6 8 7 9 7 3 2 5 6 6 6 8 4 6 4 5 6 5 9 9 3 5 4 6
Last Time Cost: 00026456 ms
Total Time Cost: 01117012 ms
Total Distance 316: 9 7 8 8 4 4 6 5 7 5 7 9 4 4 5 4 5 5 6 7 2 4 3 4 4 4 8 10 4 5 4 7 6 8 7 9 7 3 2 4 6 6 6 8 4 6 4 5 6 5 9 9 3 5 4 6
Last Time Cost: 00027741 ms
Total Time Cost: 01144753 ms
Total Distance 314: 9 7 8 8 4 4 6 5 7 4 7 9 4 4 5 4 5 5 6 7 2 4 3 4 4 4 8 10 4 5 4 7 6 8 7 9 7 3 2 4 6 6 6 8 4 6 4 5 5 5 9 9 3 5 4 6
Last Time Cost: 00028918 ms
Total Time Cost: 01173671 ms
Total Distance 312: 9 7 8 8 4 4 6 5 7 4 7 9 4 4 5 4 5 5 6 7 2 4 3 3 4 4 8 10 4 5 4 7 6 8 7 9 6 3 2 4 6 6 6 8 4 6 4 5 5 5 9 9 3 5 4 6
Last Time Cost: 00030634 ms
Total Time Cost: 01204305 ms
Total Distance 310: 9 7 7 8 4 4 6 5 7 4 7 9 4 4 5 4 5 5 6 7 2 4 3 2 4 4 8 10 4 5 4 7 6 8 7 9 6 3 2 4 6 6 6 8 4 6 4 5 5 5 9 9 3 5 4 6
Last Time Cost: 00032302 ms
Total Time Cost: 01236607 ms
Total Distance 308: 9 7 7 8 4 4 5 5 7 4 7 9 4 4 5 4 5 5 6 7 2 4 3 2 4 4 8 10 4 5 4 7 6 8 7 9 6 3 2 4 6 5 6 8 4 6 4 5 5 5 9 9 3 5 4 6
Last Time Cost: 00033881 ms
Total Time Cost: 01270488 ms
Total Distance 306: 9 7 7 8 4 4 5 5 7 4 7 9 4 4 5 4 5 5 6 7 2 3 3 2 4 4 8 10 4 5 4 7 6 8 7 9 6 3 2 4 6 5 6 7 4 6 4 5 5 5 9 9 3 5 4 6
Last Time Cost: 00035429 ms
Total Time Cost: 01305917 ms
Total Distance 304: 9 7 7 8 4 4 5 5 7 4 7 9 4 4 5 4 5 5 6 6 2 3 3 2 4 4 8 10 4 5 4 7 6 8 7 9 6 3 2 4 6 5 6 7 4 6 4 5 5 5 9 9 3 4 4 6
Last Time Cost: 00036971 ms
Total Time Cost: 01342888 ms
Total Distance 301: 9 7 7 8 4 4 5 5 7 4 7 9 4 3 5 4 5 5 6 6 2 3 3 2 4 4 7 10 4 5 4 7 6 8 7 8 6 3 2 4 6 5 6 7 4 6 4 5 5 5 9 9 3 4 4 6
Last Time Cost: 00033037 ms
Total Time Cost: 01375925 ms
Total Distance 299: 9 7 7 8 4 4 5 5 7 4 7 9 4 3 5 4 5 5 6 6 2 3 3 2 4 4 7 10 4 5 4 7 6 8 7 7 6 3 2 4 6 5 6 7 3 6 4 5 5 5 9 9 3 4 4 6
Last Time Cost: 00034379 ms
Total Time Cost: 01410304 ms
Total Distance 297: 9 7 7 8 4 4 5 5 7 4 7 9 4 3 5 4 5 5 6 6 2 3 3 2 4 4 7 10 4 5 4 7 6 8 7 6 6 3 2 4 6 4 6 7 3 6 4 5 5 5 9 9 3 4 4 6
Last Time Cost: 00036100 ms
Total Time Cost: 01446404 ms
Total Distance 294: 9 7 7 8 4 4 5 5 7 4 7 8 4 3 5 4 5 5 6 6 2 3 3 2 4 4 7 9 4 5 4 7 6 8 7 6 6 3 2 4 6 4 6 7 3 6 4 5 5 5 9 8 3 4 4 6
Last Time Cost: 00021631 ms
Total Time Cost: 01468035 ms
Total Distance 292: 9 7 7 8 4 4 5 5 7 4 7 8 4 3 5 4 5 4 6 6 2 3 3 2 4 4 7 9 4 5 4 7 6 8 7 6 6 3 2 4 6 4 5 7 3 6 4 5 5 5 9 8 3 4 4 6
Last Time Cost: 00022733 ms
Total Time Cost: 01490768 ms
Total Distance 290: 9 7 7 8 4 4 5 5 7 4 7 8 4 3 5 4 5 4 6 6 2 3 3 2 4 4 7 9 4 4 4 7 6 8 7 6 6 3 2 4 6 4 5 7 3 6 4 5 5 5 9 7 3 4 4 6
Last Time Cost: 00023583 ms
Total Time Cost: 01514351 ms
Total Distance 288: 9 7 7 8 4 4 5 4 6 4 7 8 4 3 5 4 5 4 6 6 2 3 3 2 4 4 7 9 4 4 4 7 6 8 7 6 6 3 2 4 6 4 5 7 3 6 4 5 5 5 9 7 3 4 4 6
Last Time Cost: 00024436 ms
Total Time Cost: 01538787 ms
Total Distance 286: 9 7 7 8 4 4 5 4 6 4 7 8 4 3 5 4 4 4 6 6 2 3 3 2 4 4 7 9 4 4 4 7 6 8 7 6 6 3 2 4 6 4 5 7 3 6 4 5 5 5 9 6 3 4 4 6
Last Time Cost: 00025330 ms
Total Time Cost: 01564117 ms
Total Distance 284: 9 7 7 8 4 4 5 4 5 4 7 8 4 3 5 4 4 4 6 6 2 3 3 2 4 4 7 9 4 4 4 7 6 8 7 6 6 3 2 4 6 4 5 7 3 6 4 5 5 5 9 5 3 4 4 6
Last Time Cost: 00026523 ms
Total Time Cost: 01590640 ms
Total Distance 282: 9 6 7 8 4 4 5 4 4 4 7 8 4 3 5 4 4 4 6 6 2 3 3 2 4 4 7 9 4 4 4 7 6 8 7 6 6 3 2 4 6 4 5 7 3 6 4 5 5 5 9 5 3 4 4 6
Last Time Cost: 00027746 ms
Total Time Cost: 01618386 ms
Total Distance 280: 8 6 7 8 4 4 5 4 4 4 7 8 4 3 5 4 3 4 6 6 2 3 3 2 4 4 7 9 4 4 4 7 6 8 7 6 6 3 2 4 6 4 5 7 3 6 4 5 5 5 9 5 3 4 4 6
Last Time Cost: 00020305 ms
Total Time Cost: 01638691 ms
Total Distance 278: 8 6 7 7 4 4 5 4 4 3 7 8 4 3 5 4 3 4 6 6 2 3 3 2 4 4 7 9 4 4 4 7 6 8 7 6 6 3 2 4 6 4 5 7 3 6 4 5 5 5 9 5 3 4 4 6
Last Time Cost: 00021252 ms
Total Time Cost: 01659943 ms
Total Distance 276: 8 6 7 7 4 4 5 4 4 3 7 8 4 3 5 4 3 4 5 6 2 3 3 2 4 4 7 9 4 4 4 7 6 8 6 6 6 3 2 4 6 4 5 7 3 6 4 5 5 5 9 5 3 4 4 6
Last Time Cost: 00022413 ms
Total Time Cost: 01682356 ms
Total Distance 274: 8 6 7 7 4 4 5 4 4 3 6 8 4 3 5 4 3 4 5 6 2 3 3 2 4 4 7 9 4 4 4 7 5 8 6 6 6 3 2 4 6 4 5 7 3 6 4 5 5 5 9 5 3 4 4 6
Last Time Cost: 00023083 ms
Total Time Cost: 01705439 ms
Total Distance 272: 8 6 7 7 4 4 5 4 4 3 6 8 4 3 5 4 3 4 5 6 2 3 3 2 4 4 7 9 4 4 4 7 4 7 6 6 6 3 2 4 6 4 5 7 3 6 4 5 5 5 9 5 3 4 4 6
Last Time Cost: 00023954 ms
Total Time Cost: 01729393 ms
Total Distance 270: 8 6 7 7 4 4 5 4 4 3 5 8 4 3 5 4 3 4 5 6 2 3 3 2 4 4 6 9 4 4 4 7 4 7 6 6 6 3 2 4 6 4 5 7 3 6 4 5 5 5 9 5 3 4 4 6
Last Time Cost: 00024712 ms
Total Time Cost: 01754105 ms
Total Distance 268: 8 6 7 7 4 4 5 4 4 3 5 8 4 3 5 4 3 4 5 6 2 3 3 2 4 4 6 8 4 4 4 7 4 7 6 6 6 3 2 3 6 4 5 7 3 6 4 5 5 5 9 5 3 4 4 6
Last Time Cost: 00014017 ms
Total Time Cost: 01768122 ms
Total Distance 266: 8 6 7 7 4 4 5 4 4 3 5 8 4 3 5 4 3 4 5 6 2 3 3 2 4 4 6 8 4 4 4 7 4 7 6 6 6 3 2 3 5 4 5 6 3 6 4 5 5 5 9 5 3 4 4 6
Last Time Cost: 00014290 ms
Total Time Cost: 01782412 ms
Total Distance 264: 8 6 7 7 4 4 5 4 4 3 5 8 4 3 5 4 3 4 5 6 2 3 3 2 4 4 6 8 4 4 4 7 4 6 6 6 6 3 2 3 5 4 5 5 3 6 4 5 5 5 9 5 3 4 4 6
Last Time Cost: 00014758 ms
Total Time Cost: 01797170 ms
Total Distance 262: 8 6 7 7 4 4 5 4 4 3 5 7 4 3 5 4 3 4 5 6 2 3 3 2 4 4 6 8 4 4 4 7 4 6 6 6 6 3 2 3 5 4 5 4 3 6 4 5 5 5 9 5 3 4 4 6
Last Time Cost: 00015163 ms
Total Time Cost: 01812333 ms
Total Distance 260: 8 6 7 7 4 4 5 4 4 3 5 6 4 3 5 4 3 4 5 6 2 3 3 2 4 4 6 8 4 4 4 7 4 6 6 6 6 3 2 3 4 4 5 4 3 6 4 5 5 5 9 5 3 4 4 6
Last Time Cost: 00015563 ms
Total Time Cost: 01827896 ms
Total Distance 258: 8 6 7 7 4 4 5 4 4 3 5 6 4 3 4 4 3 4 5 6 2 3 3 2 4 4 6 8 4 4 4 7 4 5 6 6 6 3 2 3 4 4 5 4 3 6 4 5 5 5 9 5 3 4 4 6
Last Time Cost: 00016218 ms
Total Time Cost: 01844114 ms
Total Distance 256: 8 6 6 7 4 4 5 4 4 3 5 6 4 3 4 4 3 4 5 6 2 3 3 2 4 4 6 8 4 4 4 7 4 5 6 6 6 3 2 3 4 4 5 4 3 5 4 5 5 5 9 5 3 4 4 6
Last Time Cost: 00016522 ms
Total Time Cost: 01860636 ms
Total Distance 254: 8 6 6 7 4 4 5 4 4 3 5 6 4 3 4 4 3 4 5 6 2 3 3 2 4 4 6 7 4 4 4 7 4 5 6 6 5 3 2 3 4 4 5 4 3 5 4 5 5 5 9 5 3 4 4 6
Last Time Cost: 00017178 ms
Total Time Cost: 01877814 ms
Total Distance 252: 8 6 6 7 4 4 5 4 4 3 5 6 4 3 4 4 3 4 5 6 2 3 3 2 4 4 6 7 4 4 4 7 4 5 5 6 5 3 2 3 4 4 5 4 3 5 4 5 5 5 8 5 3 4 4 6
Last Time Cost: 00001987 ms
Total Time Cost: 01879801 ms
Total Distance 250: 8 6 6 7 4 4 5 4 4 3 5 5 4 3 4 4 3 4 5 6 2 3 3 2 4 4 6 7 4 4 4 7 4 5 5 6 5 3 2 3 4 4 5 4 3 5 4 5 5 5 7 5 3 4 4 6
Last Time Cost: 00001948 ms
Total Time Cost: 01881749 ms
Total Distance 248: 7 6 6 7 4 4 5 4 4 3 5 5 4 3 4 4 3 4 5 6 2 3 3 2 4 4 6 6 4 4 4 7 4 5 5 6 5 3 2 3 4 4 5 4 3 5 4 5 5 5 7 5 3 4 4 6
Last Time Cost: 00001513 ms
Total Time Cost: 01883262 ms
Total Distance 247: 7 6 6 7 4 4 5 4 4 3 5 5 4 3 4 4 3 4 5 6 2 3 3 1 4 4 6 6 4 4 4 7 4 5 5 6 5 3 2 3 4 4 5 4 3 5 4 5 5 5 7 5 3 4 4 6
Last Time Cost: 00000042 ms
Total Time Cost: 01883304 ms
Total Distance 246: 7 6 6 7 4 4 5 4 4 3 5 5 4 3 4 4 3 4 5 6 2 3 3 0 4 4 6 6 4 4 4 7 4 5 5 6 5 3 2 3 4 4 5 4 3 5 4 5 5 5 7 5 3 4 4 6
Last Time Cost: 00001558 ms
Total Time Cost: 01884862 ms
Total Distance 245: 7 6 6 7 4 4 5 4 4 3 5 5 4 3 4 4 3 4 5 6 1 3 3 0 4 4 6 6 4 4 4 7 4 5 5 6 5 3 2 3 4 4 5 4 3 5 4 5 5 5 7 5 3 4 4 6
Last Time Cost: 00000042 ms
Total Time Cost: 01884904 ms
Total Distance 244: 7 6 6 7 4 4 5 4 4 3 5 5 4 3 4 4 3 4 5 6 0 3 3 0 4 4 6 6 4 4 4 7 4 5 5 6 5 3 2 3 4 4 5 4 3 5 4 5 5 5 7 5 3 4 4 6
Last Time Cost: 00001664 ms
Total Time Cost: 01886568 ms
Total Distance 243: 7 6 6 7 4 4 5 4 4 3 5 5 4 3 4 4 3 4 5 6 0 3 3 0 4 4 6 6 4 4 4 7 4 5 5 6 5 3 1 3 4 4 5 4 3 5 4 5 5 5 7 5 3 4 4 6
Last Time Cost: 00000043 ms
Total Time Cost: 01886611 ms
Total Distance 242: 7 6 6 7 4 4 5 4 4 3 5 5 4 3 4 4 3 4 5 6 0 3 3 0 4 4 6 6 4 4 4 7 4 5 5 6 5 3 0 3 4 4 5 4 3 5 4 5 5 5 7 5 3 4 4 6
Last Time Cost: 00001812 ms
Total Time Cost: 01888423 ms
Total Distance 241: 7 6 6 7 4 4 5 4 4 3 5 5 4 3 4 4 3 4 5 6 0 3 3 0 4 4 6 6 4 4 4 7 4 5 5 6 5 3 0 2 4 4 5 4 3 5 4 5 5 5 7 5 3 4 4 6
Last Time Cost: 00000049 ms
Total Time Cost: 01888472 ms
Total Distance 240: 7 6 6 7 4 4 5 4 4 3 5 5 4 3 4 4 3 4 5 6 0 3 3 0 4 4 6 6 4 4 4 7 4 5 5 6 5 3 0 1 4 4 5 4 3 5 4 5 5 5 7 5 3 4 4 6
Last Time Cost: 00000064 ms
Total Time Cost: 01888536 ms
Total Distance 239: 7 6 6 7 4 4 5 4 4 3 5 5 4 3 4 4 3 4 5 6 0 3 3 0 4 4 6 6 4 4 4 7 4 5 5 6 5 3 0 0 4 4 5 4 3 5 4 5 5 5 7 5 3 4 4 6
Last Time Cost: 00002000 ms
Total Time Cost: 01890536 ms
Total Distance 238: 7 6 6 7 4 4 5 4 4 3 5 5 4 2 4 4 3 4 5 6 0 3 3 0 4 4 6 6 4 4 4 7 4 5 5 6 5 3 0 0 4 4 5 4 3 5 4 5 5 5 7 5 3 4 4 6
Last Time Cost: 00000064 ms
Total Time Cost: 01890600 ms
Total Distance 237: 7 6 6 7 4 4 5 4 4 3 5 5 4 1 4 4 3 4 5 6 0 3 3 0 4 4 6 6 4 4 4 7 4 5 5 6 5 3 0 0 4 4 5 4 3 5 4 5 5 5 7 5 3 4 4 6
Last Time Cost: 00000062 ms
Total Time Cost: 01890662 ms
Total Distance 236: 7 6 6 7 4 4 5 4 4 3 5 5 4 0 4 4 3 4 5 6 0 3 3 0 4 4 6 6 4 4 4 7 4 5 5 6 5 3 0 0 4 4 5 4 3 5 4 5 5 5 7 5 3 4 4 6
Last Time Cost: 00002185 ms
Total Time Cost: 01892847 ms
Total Distance 235: 7 6 6 7 4 4 5 4 4 3 5 5 4 0 4 4 3 4 5 6 0 3 3 0 4 4 6 6 4 4 4 7 4 5 5 6 5 2 0 0 4 4 5 4 3 5 4 5 5 5 7 5 3 4 4 6
Last Time Cost: 00000053 ms
Total Time Cost: 01892900 ms
Total Distance 234: 7 6 6 7 4 4 5 4 4 3 5 5 4 0 4 4 3 4 5 6 0 3 3 0 4 4 6 6 4 4 4 7 4 5 5 6 5 1 0 0 4 4 5 4 3 5 4 5 5 5 7 5 3 4 4 6
Last Time Cost: 00000054 ms
Total Time Cost: 01892954 ms
Total Distance 233: 7 6 6 7 4 4 5 4 4 3 5 5 4 0 4 4 3 4 5 6 0 3 3 0 4 4 6 6 4 4 4 7 4 5 5 6 5 0 0 0 4 4 5 4 3 5 4 5 5 5 7 5 3 4 4 6
Last Time Cost: 00002407 ms
Total Time Cost: 01895361 ms
Total Distance 232: 7 6 6 7 4 4 5 4 4 3 5 5 4 0 4 4 2 4 5 6 0 3 3 0 4 4 6 6 4 4 4 7 4 5 5 6 5 0 0 0 4 4 5 4 3 5 4 5 5 5 7 5 3 4 4 6
Last Time Cost: 00000061 ms
Total Time Cost: 01895422 ms
Total Distance 231: 7 6 6 7 4 4 5 4 4 3 5 5 4 0 4 4 1 4 5 6 0 3 3 0 4 4 6 6 4 4 4 7 4 5 5 6 5 0 0 0 4 4 5 4 3 5 4 5 5 5 7 5 3 4 4 6
Last Time Cost: 00000057 ms
Total Time Cost: 01895479 ms
Total Distance 230: 7 6 6 7 4 4 5 4 4 3 5 5 4 0 4 4 0 4 5 6 0 3 3 0 4 4 6 6 4 4 4 7 4 5 5 6 5 0 0 0 4 4 5 4 3 5 4 5 5 5 7 5 3 4 4 6
Last Time Cost: 00002600 ms
Total Time Cost: 01898079 ms
Total Distance 229: 7 6 6 7 4 4 5 4 4 3 5 5 4 0 4 4 0 4 5 6 0 3 3 0 4 4 6 6 4 4 4 7 4 5 5 6 5 0 0 0 4 4 5 4 3 5 4 5 5 5 7 5 2 4 4 6
Last Time Cost: 00000058 ms
Total Time Cost: 01898137 ms
Total Distance 228: 7 6 6 7 4 4 5 4 4 3 5 5 4 0 4 4 0 4 5 6 0 3 3 0 4 4 6 6 4 4 4 7 4 5 5 6 5 0 0 0 4 4 5 4 3 5 4 5 5 5 7 5 1 4 4 6
Last Time Cost: 00000062 ms
Total Time Cost: 01898199 ms
Total Distance 227: 7 6 6 7 4 4 5 4 4 3 5 5 4 0 4 4 0 4 5 6 0 3 3 0 4 4 6 6 4 4 4 7 4 5 5 6 5 0 0 0 4 4 5 4 3 5 4 5 5 5 7 5 0 4 4 6
Last Time Cost: 00002857 ms
Total Time Cost: 01901056 ms
Total Distance 226: 7 6 6 7 4 4 5 4 4 2 5 5 4 0 4 4 0 4 5 6 0 3 3 0 4 4 6 6 4 4 4 7 4 5 5 6 5 0 0 0 4 4 5 4 3 5 4 5 5 5 7 5 0 4 4 6
Last Time Cost: 00000059 ms
Total Time Cost: 01901115 ms
Total Distance 225: 7 6 6 7 4 4 5 4 4 1 5 5 4 0 4 4 0 4 5 6 0 3 3 0 4 4 6 6 4 4 4 7 4 5 5 6 5 0 0 0 4 4 5 4 3 5 4 5 5 5 7 5 0 4 4 6
Last Time Cost: 00000059 ms
Total Time Cost: 01901174 ms
Total Distance 224: 7 6 6 7 4 4 5 4 4 0 5 5 4 0 4 4 0 4 5 6 0 3 3 0 4 4 6 6 4 4 4 7 4 5 5 6 5 0 0 0 4 4 5 4 3 5 4 5 5 5 7 5 0 4 4 6
Last Time Cost: 00003123 ms
Total Time Cost: 01904297 ms
Total Distance 222: 6 6 6 6 4 4 5 4 4 0 5 5 4 0 4 4 0 4 5 6 0 3 3 0 4 4 6 6 4 4 4 7 4 5 5 6 5 0 0 0 4 4 5 4 3 5 4 5 5 5 7 5 0 4 4 6
Last Time Cost: 00001766 ms
Total Time Cost: 01906063 ms
Total Distance 221: 6 6 6 6 4 4 5 4 4 0 5 5 4 0 4 4 0 4 5 6 0 2 3 0 4 4 6 6 4 4 4 7 4 5 5 6 5 0 0 0 4 4 5 4 3 5 4 5 5 5 7 5 0 4 4 6
Last Time Cost: 00000065 ms
Total Time Cost: 01906128 ms
Total Distance 220: 6 6 6 6 4 4 5 4 4 0 5 5 4 0 4 4 0 4 5 6 0 1 3 0 4 4 6 6 4 4 4 7 4 5 5 6 5 0 0 0 4 4 5 4 3 5 4 5 5 5 7 5 0 4 4 6
Last Time Cost: 00000060 ms
Total Time Cost: 01906188 ms
Total Distance 219: 6 6 6 6 4 4 5 4 4 0 5 5 4 0 4 4 0 4 5 6 0 0 3 0 4 4 6 6 4 4 4 7 4 5 5 6 5 0 0 0 4 4 5 4 3 5 4 5 5 5 7 5 0 4 4 6
Last Time Cost: 00001912 ms
Total Time Cost: 01908100 ms
Total Distance 218: 6 6 6 6 4 4 5 4 4 0 5 5 4 0 4 4 0 4 5 6 0 0 2 0 4 4 6 6 4 4 4 7 4 5 5 6 5 0 0 0 4 4 5 4 3 5 4 5 5 5 7 5 0 4 4 6
Last Time Cost: 00000065 ms
Total Time Cost: 01908165 ms
Total Distance 217: 6 6 6 6 4 4 5 4 4 0 5 5 4 0 4 4 0 4 5 6 0 0 1 0 4 4 6 6 4 4 4 7 4 5 5 6 5 0 0 0 4 4 5 4 3 5 4 5 5 5 7 5 0 4 4 6
Last Time Cost: 00000061 ms
Total Time Cost: 01908226 ms
Total Distance 216: 6 6 6 6 4 4 5 4 4 0 5 5 4 0 4 4 0 4 5 6 0 0 0 0 4 4 6 6 4 4 4 7 4 5 5 6 5 0 0 0 4 4 5 4 3 5 4 5 5 5 7 5 0 4 4 6
Last Time Cost: 00002092 ms
Total Time Cost: 01910318 ms
Total Distance 215: 6 6 6 6 4 4 5 4 4 0 5 5 4 0 4 4 0 4 5 6 0 0 0 0 4 4 6 6 4 4 4 7 4 5 5 6 5 0 0 0 4 4 5 4 2 5 4 5 5 5 7 5 0 4 4 6
Last Time Cost: 00000066 ms
Total Time Cost: 01910384 ms
Total Distance 214: 6 6 6 6 4 4 5 4 4 0 5 5 4 0 4 4 0 4 5 6 0 0 0 0 4 4 6 6 4 4 4 7 4 5 5 6 5 0 0 0 4 4 5 4 1 5 4 5 5 5 7 5 0 4 4 6
Last Time Cost: 00000064 ms
Total Time Cost: 01910448 ms
Total Distance 213: 6 6 6 6 4 4 5 4 4 0 5 5 4 0 4 4 0 4 5 6 0 0 0 0 4 4 6 6 4 4 4 7 4 5 5 6 5 0 0 0 4 4 5 4 0 5 4 5 5 5 7 5 0 4 4 6
Last Time Cost: 00002299 ms
Total Time Cost: 01912747 ms
Total Distance 212: 6 6 6 6 4 4 5 4 4 0 5 5 4 0 4 4 0 4 5 6 0 0 0 0 4 4 6 6 4 4 4 7 4 5 5 6 5 0 0 0 4 4 5 4 0 5 4 5 5 5 7 5 0 3 4 6
Last Time Cost: 00000074 ms
Total Time Cost: 01912821 ms
Total Distance 211: 6 6 6 6 4 4 5 4 4 0 5 5 4 0 4 4 0 4 5 6 0 0 0 0 4 4 6 6 4 4 4 7 4 5 5 6 5 0 0 0 4 4 5 4 0 5 4 5 5 5 7 5 0 2 4 6
Last Time Cost: 00000074 ms
Total Time Cost: 01912895 ms
Total Distance 210: 6 6 6 6 4 4 5 4 4 0 5 5 4 0 4 4 0 4 5 6 0 0 0 0 4 4 6 6 4 4 4 7 4 5 5 6 5 0 0 0 4 4 5 4 0 5 4 5 5 5 7 5 0 1 4 6
Last Time Cost: 00000073 ms
Total Time Cost: 01912968 ms
Total Distance 209: 6 6 6 6 4 4 5 4 4 0 5 5 4 0 4 4 0 4 5 6 0 0 0 0 4 4 6 6 4 4 4 7 4 5 5 6 5 0 0 0 4 4 5 4 0 5 4 5 5 5 7 5 0 0 4 6
Last Time Cost: 00002639 ms
Total Time Cost: 01915607 ms
Total Distance 208: 6 6 6 6 4 4 5 3 4 0 5 5 4 0 4 4 0 4 5 6 0 0 0 0 4 4 6 6 4 4 4 7 4 5 5 6 5 0 0 0 4 4 5 4 0 5 4 5 5 5 7 5 0 0 4 6
Last Time Cost: 00000077 ms
Total Time Cost: 01915684 ms
Total Distance 207: 6 6 6 6 4 4 5 2 4 0 5 5 4 0 4 4 0 4 5 6 0 0 0 0 4 4 6 6 4 4 4 7 4 5 5 6 5 0 0 0 4 4 5 4 0 5 4 5 5 5 7 5 0 0 4 6
Last Time Cost: 00000077 ms
Total Time Cost: 01915761 ms
Total Distance 206: 6 6 6 6 4 4 5 1 4 0 5 5 4 0 4 4 0 4 5 6 0 0 0 0 4 4 6 6 4 4 4 7 4 5 5 6 5 0 0 0 4 4 5 4 0 5 4 5 5 5 7 5 0 0 4 6
Last Time Cost: 00000078 ms
Total Time Cost: 01915839 ms
Total Distance 205: 6 6 6 6 4 4 5 0 4 0 5 5 4 0 4 4 0 4 5 6 0 0 0 0 4 4 6 6 4 4 4 7 4 5 5 6 5 0 0 0 4 4 5 4 0 5 4 5 5 5 7 5 0 0 4 6
Last Time Cost: 00002926 ms
Total Time Cost: 01918765 ms
Total Distance 204: 6 6 6 6 4 4 5 0 4 0 5 5 4 0 4 3 0 4 5 6 0 0 0 0 4 4 6 6 4 4 4 7 4 5 5 6 5 0 0 0 4 4 5 4 0 5 4 5 5 5 7 5 0 0 4 6
Last Time Cost: 00000108 ms
Total Time Cost: 01918873 ms
Total Distance 203: 6 6 6 6 4 4 5 0 4 0 5 5 4 0 4 2 0 4 5 6 0 0 0 0 4 4 6 6 4 4 4 7 4 5 5 6 5 0 0 0 4 4 5 4 0 5 4 5 5 5 7 5 0 0 4 6
Last Time Cost: 00000103 ms
Total Time Cost: 01918976 ms
Total Distance 202: 6 6 6 6 4 4 5 0 4 0 5 5 4 0 4 1 0 4 5 6 0 0 0 0 4 4 6 6 4 4 4 7 4 5 5 6 5 0 0 0 4 4 5 4 0 5 4 5 5 5 7 5 0 0 4 6
Last Time Cost: 00000109 ms
Total Time Cost: 01919085 ms
Total Distance 201: 6 6 6 6 4 4 5 0 4 0 5 5 4 0 4 0 0 4 5 6 0 0 0 0 4 4 6 6 4 4 4 7 4 5 5 6 5 0 0 0 4 4 5 4 0 5 4 5 5 5 7 5 0 0 4 6
Last Time Cost: 00003308 ms
Total Time Cost: 01922393 ms
Total Distance 199: 6 6 6 6 4 4 5 0 4 0 4 5 4 0 4 0 0 4 5 6 0 0 0 0 4 4 6 6 4 4 4 6 4 5 5 6 5 0 0 0 4 4 5 4 0 5 4 5 5 5 7 5 0 0 4 6
Last Time Cost: 00001787 ms
Total Time Cost: 01924180 ms
Total Distance 198: 6 6 6 6 4 4 5 0 4 0 4 5 4 0 4 0 0 4 5 6 0 0 0 0 4 3 6 6 4 4 4 6 4 5 5 6 5 0 0 0 4 4 5 4 0 5 4 5 5 5 7 5 0 0 4 6
Last Time Cost: 00000086 ms
Total Time Cost: 01924266 ms
Total Distance 197: 6 6 6 6 4 4 5 0 4 0 4 5 4 0 4 0 0 4 5 6 0 0 0 0 4 2 6 6 4 4 4 6 4 5 5 6 5 0 0 0 4 4 5 4 0 5 4 5 5 5 7 5 0 0 4 6
Last Time Cost: 00000083 ms
Total Time Cost: 01924349 ms
Total Distance 196: 6 6 6 6 4 4 5 0 4 0 4 5 4 0 4 0 0 4 5 6 0 0 0 0 4 1 6 6 4 4 4 6 4 5 5 6 5 0 0 0 4 4 5 4 0 5 4 5 5 5 7 5 0 0 4 6
Last Time Cost: 00000081 ms
Total Time Cost: 01924430 ms
Total Distance 195: 6 6 6 6 4 4 5 0 4 0 4 5 4 0 4 0 0 4 5 6 0 0 0 0 4 0 6 6 4 4 4 6 4 5 5 6 5 0 0 0 4 4 5 4 0 5 4 5 5 5 7 5 0 0 4 6
Last Time Cost: 00001916 ms
Total Time Cost: 01926346 ms
Total Distance 194: 6 6 6 6 3 4 5 0 4 0 4 5 4 0 4 0 0 4 5 6 0 0 0 0 4 0 6 6 4 4 4 6 4 5 5 6 5 0 0 0 4 4 5 4 0 5 4 5 5 5 7 5 0 0 4 6
Last Time Cost: 00000087 ms
Total Time Cost: 01926433 ms
Total Distance 193: 6 6 6 6 2 4 5 0 4 0 4 5 4 0 4 0 0 4 5 6 0 0 0 0 4 0 6 6 4 4 4 6 4 5 5 6 5 0 0 0 4 4 5 4 0 5 4 5 5 5 7 5 0 0 4 6
Last Time Cost: 00000087 ms
Total Time Cost: 01926520 ms
Total Distance 192: 6 6 6 6 1 4 5 0 4 0 4 5 4 0 4 0 0 4 5 6 0 0 0 0 4 0 6 6 4 4 4 6 4 5 5 6 5 0 0 0 4 4 5 4 0 5 4 5 5 5 7 5 0 0 4 6
Last Time Cost: 00000085 ms
Total Time Cost: 01926605 ms
Total Distance 191: 6 6 6 6 0 4 5 0 4 0 4 5 4 0 4 0 0 4 5 6 0 0 0 0 4 0 6 6 4 4 4 6 4 5 5 6 5 0 0 0 4 4 5 4 0 5 4 5 5 5 7 5 0 0 4 6
Last Time Cost: 00002092 ms
Total Time Cost: 01928697 ms
Total Distance 190: 6 6 6 6 0 4 5 0 4 0 4 5 4 0 4 0 0 4 5 6 0 0 0 0 4 0 6 6 4 4 4 6 4 5 5 6 5 0 0 0 4 4 5 3 0 5 4 5 5 5 7 5 0 0 4 6
Last Time Cost: 00000092 ms
Total Time Cost: 01928789 ms
Total Distance 189: 6 6 6 6 0 4 5 0 4 0 4 5 4 0 4 0 0 4 5 6 0 0 0 0 4 0 6 6 4 4 4 6 4 5 5 6 5 0 0 0 4 4 5 2 0 5 4 5 5 5 7 5 0 0 4 6
Last Time Cost: 00000088 ms
Total Time Cost: 01928877 ms
Total Distance 188: 6 6 6 6 0 4 5 0 4 0 4 5 4 0 4 0 0 4 5 6 0 0 0 0 4 0 6 6 4 4 4 6 4 5 5 6 5 0 0 0 4 4 5 1 0 5 4 5 5 5 7 5 0 0 4 6
Last Time Cost: 00000090 ms
Total Time Cost: 01928967 ms
Total Distance 187: 6 6 6 6 0 4 5 0 4 0 4 5 4 0 4 0 0 4 5 6 0 0 0 0 4 0 6 6 4 4 4 6 4 5 5 6 5 0 0 0 4 4 5 0 0 5 4 5 5 5 7 5 0 0 4 6
Last Time Cost: 00002314 ms
Total Time Cost: 01931281 ms
Total Distance 186: 6 6 6 6 0 4 5 0 4 0 4 5 4 0 4 0 0 3 5 6 0 0 0 0 4 0 6 6 4 4 4 6 4 5 5 6 5 0 0 0 4 4 5 0 0 5 4 5 5 5 7 5 0 0 4 6
Last Time Cost: 00000099 ms
Total Time Cost: 01931380 ms
Total Distance 185: 6 6 6 6 0 4 5 0 4 0 4 5 4 0 4 0 0 2 5 6 0 0 0 0 4 0 6 6 4 4 4 6 4 5 5 6 5 0 0 0 4 4 5 0 0 5 4 5 5 5 7 5 0 0 4 6
Last Time Cost: 00000097 ms
Total Time Cost: 01931477 ms
Total Distance 184: 6 6 6 6 0 4 5 0 4 0 4 5 4 0 4 0 0 1 5 6 0 0 0 0 4 0 6 6 4 4 4 6 4 5 5 6 5 0 0 0 4 4 5 0 0 5 4 5 5 5 7 5 0 0 4 6
Last Time Cost: 00000094 ms
Total Time Cost: 01931571 ms
Total Distance 183: 6 6 6 6 0 4 5 0 4 0 4 5 4 0 4 0 0 0 5 6 0 0 0 0 4 0 6 6 4 4 4 6 4 5 5 6 5 0 0 0 4 4 5 0 0 5 4 5 5 5 7 5 0 0 4 6
Last Time Cost: 00002544 ms
Total Time Cost: 01934115 ms
Total Distance 182: 6 6 6 6 0 4 5 0 4 0 4 5 4 0 4 0 0 0 5 6 0 0 0 0 4 0 6 6 4 4 4 6 4 5 5 6 5 0 0 0 4 3 5 0 0 5 4 5 5 5 7 5 0 0 4 6
Last Time Cost: 00000102 ms
Total Time Cost: 01934217 ms
Total Distance 181: 6 6 6 6 0 4 5 0 4 0 4 5 4 0 4 0 0 0 5 6 0 0 0 0 4 0 6 6 4 4 4 6 4 5 5 6 5 0 0 0 4 2 5 0 0 5 4 5 5 5 7 5 0 0 4 6
Last Time Cost: 00000104 ms
Total Time Cost: 01934321 ms
Total Distance 180: 6 6 6 6 0 4 5 0 4 0 4 5 4 0 4 0 0 0 5 6 0 0 0 0 4 0 6 6 4 4 4 6 4 5 5 6 5 0 0 0 4 1 5 0 0 5 4 5 5 5 7 5 0 0 4 6
Last Time Cost: 00000104 ms
Total Time Cost: 01934425 ms
Total Distance 179: 6 6 6 6 0 4 5 0 4 0 4 5 4 0 4 0 0 0 5 6 0 0 0 0 4 0 6 6 4 4 4 6 4 5 5 6 5 0 0 0 4 0 5 0 0 5 4 5 5 5 7 5 0 0 4 6
Last Time Cost: 00002813 ms
Total Time Cost: 01937238 ms
Total Distance 178: 6 6 6 6 0 4 5 0 4 0 4 5 4 0 3 0 0 0 5 6 0 0 0 0 4 0 6 6 4 4 4 6 4 5 5 6 5 0 0 0 4 0 5 0 0 5 4 5 5 5 7 5 0 0 4 6
Last Time Cost: 00000112 ms
Total Time Cost: 01937350 ms
Total Distance 177: 6 6 6 6 0 4 5 0 4 0 4 5 4 0 2 0 0 0 5 6 0 0 0 0 4 0 6 6 4 4 4 6 4 5 5 6 5 0 0 0 4 0 5 0 0 5 4 5 5 5 7 5 0 0 4 6
Last Time Cost: 00000131 ms
Total Time Cost: 01937481 ms
Total Distance 176: 6 6 6 6 0 4 5 0 4 0 4 5 4 0 1 0 0 0 5 6 0 0 0 0 4 0 6 6 4 4 4 6 4 5 5 6 5 0 0 0 4 0 5 0 0 5 4 5 5 5 7 5 0 0 4 6
Last Time Cost: 00000117 ms
Total Time Cost: 01937598 ms
Total Distance 175: 6 6 6 6 0 4 5 0 4 0 4 5 4 0 0 0 0 0 5 6 0 0 0 0 4 0 6 6 4 4 4 6 4 5 5 6 5 0 0 0 4 0 5 0 0 5 4 5 5 5 7 5 0 0 4 6
Last Time Cost: 00003051 ms
Total Time Cost: 01940649 ms
Total Distance 173: 6 6 6 6 0 4 5 0 4 0 4 5 4 0 0 0 0 0 5 5 0 0 0 0 4 0 6 6 4 4 4 6 4 5 5 6 5 0 0 0 4 0 5 0 0 5 4 4 5 5 7 5 0 0 4 6
Last Time Cost: 00003133 ms
Total Time Cost: 01943782 ms
Total Distance 172: 6 6 6 6 0 4 5 0 4 0 4 5 4 0 0 0 0 0 5 5 0 0 0 0 3 0 6 6 4 4 4 6 4 5 5 6 5 0 0 0 4 0 5 0 0 5 4 4 5 5 7 5 0 0 4 6
Last Time Cost: 00000172 ms
Total Time Cost: 01943954 ms
Total Distance 171: 6 6 6 6 0 4 5 0 4 0 4 5 4 0 0 0 0 0 5 5 0 0 0 0 2 0 6 6 4 4 4 6 4 5 5 6 5 0 0 0 4 0 5 0 0 5 4 4 5 5 7 5 0 0 4 6
Last Time Cost: 00000153 ms
Total Time Cost: 01944107 ms
Total Distance 170: 6 6 6 6 0 4 5 0 4 0 4 5 4 0 0 0 0 0 5 5 0 0 0 0 1 0 6 6 4 4 4 6 4 5 5 6 5 0 0 0 4 0 5 0 0 5 4 4 5 5 7 5 0 0 4 6
Last Time Cost: 00000155 ms
Total Time Cost: 01944262 ms
Total Distance 169: 6 6 6 6 0 4 5 0 4 0 4 5 4 0 0 0 0 0 5 5 0 0 0 0 0 0 6 6 4 4 4 6 4 5 5 6 5 0 0 0 4 0 5 0 0 5 4 4 5 5 7 5 0 0 4 6
Last Time Cost: 00003463 ms
Total Time Cost: 01947725 ms
Total Distance 167: 6 6 6 6 0 4 5 0 4 0 4 5 4 0 0 0 0 0 5 5 0 0 0 0 0 0 6 6 4 4 4 6 3 4 5 6 5 0 0 0 4 0 5 0 0 5 4 4 5 5 7 5 0 0 4 6
Last Time Cost: 00003483 ms
Total Time Cost: 01951208 ms
Total Distance 165: 5 6 6 6 0 4 5 0 4 0 4 5 4 0 0 0 0 0 5 5 0 0 0 0 0 0 6 6 4 4 4 5 3 4 5 6 5 0 0 0 4 0 5 0 0 5 4 4 5 5 7 5 0 0 4 6
Last Time Cost: 00003525 ms
Total Time Cost: 01954733 ms
Total Distance 164: 5 6 6 6 0 4 5 0 4 0 4 5 4 0 0 0 0 0 5 5 0 0 0 0 0 0 6 6 4 4 4 5 2 4 5 6 5 0 0 0 4 0 5 0 0 5 4 4 5 5 7 5 0 0 4 6
Last Time Cost: 00000126 ms
Total Time Cost: 01954859 ms
Total Distance 163: 5 6 6 6 0 4 5 0 4 0 4 5 4 0 0 0 0 0 5 5 0 0 0 0 0 0 6 6 4 4 4 5 1 4 5 6 5 0 0 0 4 0 5 0 0 5 4 4 5 5 7 5 0 0 4 6
Last Time Cost: 00000121 ms
Total Time Cost: 01954980 ms
Total Distance 162: 5 6 6 6 0 4 5 0 4 0 4 5 4 0 0 0 0 0 5 5 0 0 0 0 0 0 6 6 4 4 4 5 0 4 5 6 5 0 0 0 4 0 5 0 0 5 4 4 5 5 7 5 0 0 4 6
Last Time Cost: 00003728 ms
Total Time Cost: 01958708 ms
Total Distance 161: 5 6 6 6 0 4 5 0 4 0 4 5 4 0 0 0 0 0 5 5 0 0 0 0 0 0 6 6 4 4 4 5 0 4 5 6 5 0 0 0 3 0 5 0 0 5 4 4 5 5 7 5 0 0 4 6
Last Time Cost: 00000134 ms
Total Time Cost: 01958842 ms
Total Distance 160: 5 6 6 6 0 4 5 0 4 0 4 5 4 0 0 0 0 0 5 5 0 0 0 0 0 0 6 6 4 4 4 5 0 4 5 6 5 0 0 0 2 0 5 0 0 5 4 4 5 5 7 5 0 0 4 6
Last Time Cost: 00000129 ms
Total Time Cost: 01958971 ms
Total Distance 159: 5 6 6 6 0 4 5 0 4 0 4 5 4 0 0 0 0 0 5 5 0 0 0 0 0 0 6 6 4 4 4 5 0 4 5 6 5 0 0 0 1 0 5 0 0 5 4 4 5 5 7 5 0 0 4 6
Last Time Cost: 00000131 ms
Total Time Cost: 01959102 ms
Total Distance 158: 5 6 6 6 0 4 5 0 4 0 4 5 4 0 0 0 0 0 5 5 0 0 0 0 0 0 6 6 4 4 4 5 0 4 5 6 5 0 0 0 0 0 5 0 0 5 4 4 5 5 7 5 0 0 4 6
Last Time Cost: 00004178 ms
Total Time Cost: 01963280 ms
Total Distance 157: 5 6 6 6 0 4 5 0 4 0 4 5 4 0 0 0 0 0 5 5 0 0 0 0 0 0 6 6 4 4 4 5 0 4 5 6 5 0 0 0 0 0 5 0 0 5 3 4 5 5 7 5 0 0 4 6
Last Time Cost: 00000148 ms
Total Time Cost: 01963428 ms
Total Distance 156: 5 6 6 6 0 4 5 0 4 0 4 5 4 0 0 0 0 0 5 5 0 0 0 0 0 0 6 6 4 4 4 5 0 4 5 6 5 0 0 0 0 0 5 0 0 5 2 4 5 5 7 5 0 0 4 6
Last Time Cost: 00000136 ms
Total Time Cost: 01963564 ms
Total Distance 155: 5 6 6 6 0 4 5 0 4 0 4 5 4 0 0 0 0 0 5 5 0 0 0 0 0 0 6 6 4 4 4 5 0 4 5 6 5 0 0 0 0 0 5 0 0 5 1 4 5 5 7 5 0 0 4 6
Last Time Cost: 00000137 ms
Total Time Cost: 01963701 ms
Total Distance 154: 5 6 6 6 0 4 5 0 4 0 4 5 4 0 0 0 0 0 5 5 0 0 0 0 0 0 6 6 4 4 4 5 0 4 5 6 5 0 0 0 0 0 5 0 0 5 0 4 5 5 7 5 0 0 4 6
Last Time Cost: 00004500 ms
Total Time Cost: 01968201 ms
Total Distance 153: 5 6 6 6 0 4 5 0 3 0 4 5 4 0 0 0 0 0 5 5 0 0 0 0 0 0 6 6 4 4 4 5 0 4 5 6 5 0 0 0 0 0 5 0 0 5 0 4 5 5 7 5 0 0 4 6
Last Time Cost: 00000150 ms
Total Time Cost: 01968351 ms
Total Distance 152: 5 6 6 6 0 4 5 0 2 0 4 5 4 0 0 0 0 0 5 5 0 0 0 0 0 0 6 6 4 4 4 5 0 4 5 6 5 0 0 0 0 0 5 0 0 5 0 4 5 5 7 5 0 0 4 6
Last Time Cost: 00000143 ms
Total Time Cost: 01968494 ms
Total Distance 151: 5 6 6 6 0 4 5 0 1 0 4 5 4 0 0 0 0 0 5 5 0 0 0 0 0 0 6 6 4 4 4 5 0 4 5 6 5 0 0 0 0 0 5 0 0 5 0 4 5 5 7 5 0 0 4 6
Last Time Cost: 00000146 ms
Total Time Cost: 01968640 ms
Total Distance 150: 5 6 6 6 0 4 5 0 0 0 4 5 4 0 0 0 0 0 5 5 0 0 0 0 0 0 6 6 4 4 4 5 0 4 5 6 5 0 0 0 0 0 5 0 0 5 0 4 5 5 7 5 0 0 4 6
Last Time Cost: 00004894 ms
Total Time Cost: 01973534 ms
Total Distance 149: 5 6 6 6 0 4 5 0 0 0 4 5 3 0 0 0 0 0 5 5 0 0 0 0 0 0 6 6 4 4 4 5 0 4 5 6 5 0 0 0 0 0 5 0 0 5 0 4 5 5 7 5 0 0 4 6
Last Time Cost: 00000221 ms
Total Time Cost: 01973755 ms
Total Distance 148: 5 6 6 6 0 4 5 0 0 0 4 5 2 0 0 0 0 0 5 5 0 0 0 0 0 0 6 6 4 4 4 5 0 4 5 6 5 0 0 0 0 0 5 0 0 5 0 4 5 5 7 5 0 0 4 6
Last Time Cost: 00000203 ms
Total Time Cost: 01973958 ms
Total Distance 147: 5 6 6 6 0 4 5 0 0 0 4 5 1 0 0 0 0 0 5 5 0 0 0 0 0 0 6 6 4 4 4 5 0 4 5 6 5 0 0 0 0 0 5 0 0 5 0 4 5 5 7 5 0 0 4 6
Last Time Cost: 00000187 ms
Total Time Cost: 01974145 ms
Total Distance 146: 5 6 6 6 0 4 5 0 0 0 4 5 0 0 0 0 0 0 5 5 0 0 0 0 0 0 6 6 4 4 4 5 0 4 5 6 5 0 0 0 0 0 5 0 0 5 0 4 5 5 7 5 0 0 4 6
Last Time Cost: 00005262 ms
Total Time Cost: 01979407 ms
Total Distance 145: 5 6 6 6 0 4 5 0 0 0 4 5 0 0 0 0 0 0 5 5 0 0 0 0 0 0 6 6 4 4 4 5 0 4 5 6 5 0 0 0 0 0 5 0 0 5 0 3 5 5 7 5 0 0 4 6
Last Time Cost: 00000176 ms
Total Time Cost: 01979583 ms
Total Distance 144: 5 6 6 6 0 4 5 0 0 0 4 5 0 0 0 0 0 0 5 5 0 0 0 0 0 0 6 6 4 4 4 5 0 4 5 6 5 0 0 0 0 0 5 0 0 5 0 2 5 5 7 5 0 0 4 6
Last Time Cost: 00000149 ms
Total Time Cost: 01979732 ms
Total Distance 143: 5 6 6 6 0 4 5 0 0 0 4 5 0 0 0 0 0 0 5 5 0 0 0 0 0 0 6 6 4 4 4 5 0 4 5 6 5 0 0 0 0 0 5 0 0 5 0 1 5 5 7 5 0 0 4 6
Last Time Cost: 00000155 ms
Total Time Cost: 01979887 ms
Total Distance 142: 5 6 6 6 0 4 5 0 0 0 4 5 0 0 0 0 0 0 5 5 0 0 0 0 0 0 6 6 4 4 4 5 0 4 5 6 5 0 0 0 0 0 5 0 0 5 0 0 5 5 7 5 0 0 4 6
Last Time Cost: 00005685 ms
Total Time Cost: 01985572 ms
Total Distance 141: 5 6 6 6 0 4 5 0 0 0 4 5 0 0 0 0 0 0 5 5 0 0 0 0 0 0 6 6 4 4 4 5 0 3 5 6 5 0 0 0 0 0 5 0 0 5 0 0 5 5 7 5 0 0 4 6
Last Time Cost: 00000168 ms
Total Time Cost: 01985740 ms
Total Distance 140: 5 6 6 6 0 4 5 0 0 0 4 5 0 0 0 0 0 0 5 5 0 0 0 0 0 0 6 6 4 4 4 5 0 2 5 6 5 0 0 0 0 0 5 0 0 5 0 0 5 5 7 5 0 0 4 6
Last Time Cost: 00000158 ms
Total Time Cost: 01985898 ms
Total Distance 139: 5 6 6 6 0 4 5 0 0 0 4 5 0 0 0 0 0 0 5 5 0 0 0 0 0 0 6 6 4 4 4 5 0 1 5 6 5 0 0 0 0 0 5 0 0 5 0 0 5 5 7 5 0 0 4 6
Last Time Cost: 00000159 ms
Total Time Cost: 01986057 ms
Total Distance 138: 5 6 6 6 0 4 5 0 0 0 4 5 0 0 0 0 0 0 5 5 0 0 0 0 0 0 6 6 4 4 4 5 0 0 5 6 5 0 0 0 0 0 5 0 0 5 0 0 5 5 7 5 0 0 4 6
Last Time Cost: 00006146 ms
Total Time Cost: 01992203 ms
Total Distance 137: 5 6 6 6 0 4 5 0 0 0 4 5 0 0 0 0 0 0 5 5 0 0 0 0 0 0 6 6 4 3 4 5 0 0 5 6 5 0 0 0 0 0 5 0 0 5 0 0 5 5 7 5 0 0 4 6
Last Time Cost: 00000178 ms
Total Time Cost: 01992381 ms
Total Distance 136: 5 6 6 6 0 4 5 0 0 0 4 5 0 0 0 0 0 0 5 5 0 0 0 0 0 0 6 6 4 2 4 5 0 0 5 6 5 0 0 0 0 0 5 0 0 5 0 0 5 5 7 5 0 0 4 6
Last Time Cost: 00000161 ms
Total Time Cost: 01992542 ms
Total Distance 135: 5 6 6 6 0 4 5 0 0 0 4 5 0 0 0 0 0 0 5 5 0 0 0 0 0 0 6 6 4 1 4 5 0 0 5 6 5 0 0 0 0 0 5 0 0 5 0 0 5 5 7 5 0 0 4 6
Last Time Cost: 00000161 ms
Total Time Cost: 01992703 ms
Total Distance 134: 5 6 6 6 0 4 5 0 0 0 4 5 0 0 0 0 0 0 5 5 0 0 0 0 0 0 6 6 4 0 4 5 0 0 5 6 5 0 0 0 0 0 5 0 0 5 0 0 5 5 7 5 0 0 4 6
Last Time Cost: 00006560 ms
Total Time Cost: 01999263 ms
Total Distance 133: 5 6 6 6 0 3 5 0 0 0 4 5 0 0 0 0 0 0 5 5 0 0 0 0 0 0 6 6 4 0 4 5 0 0 5 6 5 0 0 0 0 0 5 0 0 5 0 0 5 5 7 5 0 0 4 6
Last Time Cost: 00000256 ms
Total Time Cost: 01999519 ms
Total Distance 132: 5 6 6 6 0 2 5 0 0 0 4 5 0 0 0 0 0 0 5 5 0 0 0 0 0 0 6 6 4 0 4 5 0 0 5 6 5 0 0 0 0 0 5 0 0 5 0 0 5 5 7 5 0 0 4 6
Last Time Cost: 00000240 ms
Total Time Cost: 01999759 ms
Total Distance 131: 5 6 6 6 0 1 5 0 0 0 4 5 0 0 0 0 0 0 5 5 0 0 0 0 0 0 6 6 4 0 4 5 0 0 5 6 5 0 0 0 0 0 5 0 0 5 0 0 5 5 7 5 0 0 4 6
Last Time Cost: 00000265 ms
Total Time Cost: 02000024 ms
Total Distance 130: 5 6 6 6 0 0 5 0 0 0 4 5 0 0 0 0 0 0 5 5 0 0 0 0 0 0 6 6 4 0 4 5 0 0 5 6 5 0 0 0 0 0 5 0 0 5 0 0 5 5 7 5 0 0 4 6
Last Time Cost: 00007232 ms
Total Time Cost: 02007256 ms
Total Distance 129: 5 6 6 6 0 0 5 0 0 0 3 5 0 0 0 0 0 0 5 5 0 0 0 0 0 0 6 6 4 0 4 5 0 0 5 6 5 0 0 0 0 0 5 0 0 5 0 0 5 5 7 5 0 0 4 6
Last Time Cost: 00000208 ms
Total Time Cost: 02007464 ms
Total Distance 128: 5 6 6 6 0 0 5 0 0 0 2 5 0 0 0 0 0 0 5 5 0 0 0 0 0 0 6 6 4 0 4 5 0 0 5 6 5 0 0 0 0 0 5 0 0 5 0 0 5 5 7 5 0 0 4 6
Last Time Cost: 00000208 ms
Total Time Cost: 02007672 ms
Total Distance 127: 5 6 6 6 0 0 5 0 0 0 1 5 0 0 0 0 0 0 5 5 0 0 0 0 0 0 6 6 4 0 4 5 0 0 5 6 5 0 0 0 0 0 5 0 0 5 0 0 5 5 7 5 0 0 4 6
Last Time Cost: 00000210 ms
Total Time Cost: 02007882 ms
Total Distance 126: 5 6 6 6 0 0 5 0 0 0 0 5 0 0 0 0 0 0 5 5 0 0 0 0 0 0 6 6 4 0 4 5 0 0 5 6 5 0 0 0 0 0 5 0 0 5 0 0 5 5 7 5 0 0 4 6
Last Time Cost: 00007838 ms
Total Time Cost: 02015720 ms
Total Distance 125: 5 6 6 6 0 0 5 0 0 0 0 5 0 0 0 0 0 0 5 5 0 0 0 0 0 0 6 6 4 0 4 5 0 0 5 6 5 0 0 0 0 0 5 0 0 5 0 0 5 5 7 5 0 0 3 6
Last Time Cost: 00000211 ms
Total Time Cost: 02015931 ms
Total Distance 124: 5 6 6 6 0 0 5 0 0 0 0 5 0 0 0 0 0 0 5 5 0 0 0 0 0 0 6 6 4 0 4 5 0 0 5 6 5 0 0 0 0 0 5 0 0 5 0 0 5 5 7 5 0 0 2 6
Last Time Cost: 00000211 ms
Total Time Cost: 02016142 ms
Total Distance 123: 5 6 6 6 0 0 5 0 0 0 0 5 0 0 0 0 0 0 5 5 0 0 0 0 0 0 6 6 4 0 4 5 0 0 5 6 5 0 0 0 0 0 5 0 0 5 0 0 5 5 7 5 0 0 1 6
Last Time Cost: 00000221 ms
Total Time Cost: 02016363 ms
Total Distance 122: 5 6 6 6 0 0 5 0 0 0 0 5 0 0 0 0 0 0 5 5 0 0 0 0 0 0 6 6 4 0 4 5 0 0 5 6 5 0 0 0 0 0 5 0 0 5 0 0 5 5 7 5 0 0 0 6
Last Time Cost: 00008427 ms
Total Time Cost: 02024790 ms
Total Distance 121: 5 6 6 6 0 0 5 0 0 0 0 5 0 0 0 0 0 0 5 5 0 0 0 0 0 0 6 6 4 0 3 5 0 0 5 6 5 0 0 0 0 0 5 0 0 5 0 0 5 5 7 5 0 0 0 6
Last Time Cost: 00000296 ms
Total Time Cost: 02025086 ms
Total Distance 120: 5 6 6 6 0 0 5 0 0 0 0 5 0 0 0 0 0 0 5 5 0 0 0 0 0 0 6 6 4 0 2 5 0 0 5 6 5 0 0 0 0 0 5 0 0 5 0 0 5 5 7 5 0 0 0 6
Last Time Cost: 00000294 ms
Total Time Cost: 02025380 ms
Total Distance 119: 5 6 6 6 0 0 5 0 0 0 0 5 0 0 0 0 0 0 5 5 0 0 0 0 0 0 6 6 4 0 1 5 0 0 5 6 5 0 0 0 0 0 5 0 0 5 0 0 5 5 7 5 0 0 0 6
Last Time Cost: 00000277 ms
Total Time Cost: 02025657 ms
Total Distance 118: 5 6 6 6 0 0 5 0 0 0 0 5 0 0 0 0 0 0 5 5 0 0 0 0 0 0 6 6 4 0 0 5 0 0 5 6 5 0 0 0 0 0 5 0 0 5 0 0 5 5 7 5 0 0 0 6
Last Time Cost: 00009062 ms
Total Time Cost: 02034719 ms
Total Distance 117: 5 6 6 6 0 0 5 0 0 0 0 5 0 0 0 0 0 0 5 5 0 0 0 0 0 0 6 6 3 0 0 5 0 0 5 6 5 0 0 0 0 0 5 0 0 5 0 0 5 5 7 5 0 0 0 6
Last Time Cost: 00000232 ms
Total Time Cost: 02034951 ms
Total Distance 116: 5 6 6 6 0 0 5 0 0 0 0 5 0 0 0 0 0 0 5 5 0 0 0 0 0 0 6 6 2 0 0 5 0 0 5 6 5 0 0 0 0 0 5 0 0 5 0 0 5 5 7 5 0 0 0 6
Last Time Cost: 00000223 ms
Total Time Cost: 02035174 ms
Total Distance 115: 5 6 6 6 0 0 5 0 0 0 0 5 0 0 0 0 0 0 5 5 0 0 0 0 0 0 6 6 1 0 0 5 0 0 5 6 5 0 0 0 0 0 5 0 0 5 0 0 5 5 7 5 0 0 0 6
Last Time Cost: 00000232 ms
Total Time Cost: 02035406 ms
Total Distance 114: 5 6 6 6 0 0 5 0 0 0 0 5 0 0 0 0 0 0 5 5 0 0 0 0 0 0 6 6 0 0 0 5 0 0 5 6 5 0 0 0 0 0 5 0 0 5 0 0 5 5 7 5 0 0 0 6
Last Time Cost: 00010228 ms
Total Time Cost: 02045634 ms
Total Distance 113: 5 6 6 6 0 0 5 0 0 0 0 5 0 0 0 0 0 0 5 5 0 0 0 0 0 0 6 6 0 0 0 5 0 0 5 6 5 0 0 0 0 0 5 0 0 5 0 0 5 4 7 5 0 0 0 6
Last Time Cost: 00000223 ms
Total Time Cost: 02045857 ms
Total Distance 112: 5 6 6 6 0 0 5 0 0 0 0 5 0 0 0 0 0 0 5 5 0 0 0 0 0 0 6 6 0 0 0 5 0 0 5 6 5 0 0 0 0 0 5 0 0 5 0 0 5 3 7 5 0 0 0 6
Last Time Cost: 00000240 ms
Total Time Cost: 02046097 ms
Total Distance 111: 5 6 6 6 0 0 5 0 0 0 0 5 0 0 0 0 0 0 5 5 0 0 0 0 0 0 6 6 0 0 0 5 0 0 5 6 5 0 0 0 0 0 5 0 0 5 0 0 5 2 7 5 0 0 0 6
Last Time Cost: 00000221 ms
Total Time Cost: 02046318 ms
Total Distance 110: 5 6 6 6 0 0 5 0 0 0 0 5 0 0 0 0 0 0 5 5 0 0 0 0 0 0 6 6 0 0 0 5 0 0 5 6 5 0 0 0 0 0 5 0 0 5 0 0 5 1 7 5 0 0 0 6
Last Time Cost: 00000222 ms
Total Time Cost: 02046540 ms
Total Distance 109: 5 6 6 6 0 0 5 0 0 0 0 5 0 0 0 0 0 0 5 5 0 0 0 0 0 0 6 6 0 0 0 5 0 0 5 6 5 0 0 0 0 0 5 0 0 5 0 0 5 0 7 5 0 0 0 6
Last Time Cost: 00011173 ms
Total Time Cost: 02057713 ms
Total Distance 108: 5 6 6 6 0 0 5 0 0 0 0 5 0 0 0 0 0 0 5 5 0 0 0 0 0 0 6 6 0 0 0 5 0 0 4 6 5 0 0 0 0 0 5 0 0 5 0 0 5 0 7 5 0 0 0 6
Last Time Cost: 00000254 ms
Total Time Cost: 02057967 ms
Total Distance 107: 5 6 6 6 0 0 5 0 0 0 0 5 0 0 0 0 0 0 5 5 0 0 0 0 0 0 6 6 0 0 0 5 0 0 3 6 5 0 0 0 0 0 5 0 0 5 0 0 5 0 7 5 0 0 0 6
Last Time Cost: 00000231 ms
Total Time Cost: 02058198 ms
Total Distance 106: 5 6 6 6 0 0 5 0 0 0 0 5 0 0 0 0 0 0 5 5 0 0 0 0 0 0 6 6 0 0 0 5 0 0 2 6 5 0 0 0 0 0 5 0 0 5 0 0 5 0 7 5 0 0 0 6
Last Time Cost: 00000240 ms
Total Time Cost: 02058438 ms
Total Distance 105: 5 6 6 6 0 0 5 0 0 0 0 5 0 0 0 0 0 0 5 5 0 0 0 0 0 0 6 6 0 0 0 5 0 0 1 6 5 0 0 0 0 0 5 0 0 5 0 0 5 0 7 5 0 0 0 6
Last Time Cost: 00000241 ms
Total Time Cost: 02058679 ms
Total Distance 104: 5 6 6 6 0 0 5 0 0 0 0 5 0 0 0 0 0 0 5 5 0 0 0 0 0 0 6 6 0 0 0 5 0 0 0 6 5 0 0 0 0 0 5 0 0 5 0 0 5 0 7 5 0 0 0 6
Last Time Cost: 00012335 ms
Total Time Cost: 02071014 ms
Total Distance 103: 5 6 6 6 0 0 5 0 0 0 0 5 0 0 0 0 0 0 5 5 0 0 0 0 0 0 6 6 0 0 0 5 0 0 0 6 5 0 0 0 0 0 4 0 0 5 0 0 5 0 7 5 0 0 0 6
Last Time Cost: 00000263 ms
Total Time Cost: 02071277 ms
Total Distance 102: 5 6 6 6 0 0 5 0 0 0 0 5 0 0 0 0 0 0 5 5 0 0 0 0 0 0 6 6 0 0 0 5 0 0 0 6 5 0 0 0 0 0 3 0 0 5 0 0 5 0 7 5 0 0 0 6
Last Time Cost: 00000241 ms
Total Time Cost: 02071518 ms
Total Distance 101: 5 6 6 6 0 0 5 0 0 0 0 5 0 0 0 0 0 0 5 5 0 0 0 0 0 0 6 6 0 0 0 5 0 0 0 6 5 0 0 0 0 0 2 0 0 5 0 0 5 0 7 5 0 0 0 6
Last Time Cost: 00000247 ms
Total Time Cost: 02071765 ms
Total Distance 100: 5 6 6 6 0 0 5 0 0 0 0 5 0 0 0 0 0 0 5 5 0 0 0 0 0 0 6 6 0 0 0 5 0 0 0 6 5 0 0 0 0 0 1 0 0 5 0 0 5 0 7 5 0 0 0 6
Last Time Cost: 00000247 ms
Total Time Cost: 02072012 ms
Total Distance 99: 5 6 6 6 0 0 5 0 0 0 0 5 0 0 0 0 0 0 5 5 0 0 0 0 0 0 6 6 0 0 0 5 0 0 0 6 5 0 0 0 0 0 0 0 0 5 0 0 5 0 7 5 0 0 0 6
Last Time Cost: 00013448 ms
Total Time Cost: 02085460 ms
Total Distance 98: 5 6 6 6 0 0 5 0 0 0 0 5 0 0 0 0 0 0 5 5 0 0 0 0 0 0 6 6 0 0 0 5 0 0 0 6 4 0 0 0 0 0 0 0 0 5 0 0 5 0 7 5 0 0 0 6
Last Time Cost: 00000271 ms
Total Time Cost: 02085731 ms
Total Distance 97: 5 6 6 6 0 0 5 0 0 0 0 5 0 0 0 0 0 0 5 5 0 0 0 0 0 0 6 6 0 0 0 5 0 0 0 6 3 0 0 0 0 0 0 0 0 5 0 0 5 0 7 5 0 0 0 6
Last Time Cost: 00000260 ms
Total Time Cost: 02085991 ms
Total Distance 96: 5 6 6 6 0 0 5 0 0 0 0 5 0 0 0 0 0 0 5 5 0 0 0 0 0 0 6 6 0 0 0 5 0 0 0 6 2 0 0 0 0 0 0 0 0 5 0 0 5 0 7 5 0 0 0 6
Last Time Cost: 00000258 ms
Total Time Cost: 02086249 ms
Total Distance 95: 5 6 6 6 0 0 5 0 0 0 0 5 0 0 0 0 0 0 5 5 0 0 0 0 0 0 6 6 0 0 0 5 0 0 0 6 1 0 0 0 0 0 0 0 0 5 0 0 5 0 7 5 0 0 0 6
Last Time Cost: 00000265 ms
Total Time Cost: 02086514 ms
Total Distance 94: 5 6 6 6 0 0 5 0 0 0 0 5 0 0 0 0 0 0 5 5 0 0 0 0 0 0 6 6 0 0 0 5 0 0 0 6 0 0 0 0 0 0 0 0 0 5 0 0 5 0 7 5 0 0 0 6
Last Time Cost: 00014634 ms
Total Time Cost: 02101148 ms
Total Distance 93: 5 6 6 6 0 0 4 0 0 0 0 5 0 0 0 0 0 0 5 5 0 0 0 0 0 0 6 6 0 0 0 5 0 0 0 6 0 0 0 0 0 0 0 0 0 5 0 0 5 0 7 5 0 0 0 6
Last Time Cost: 00000284 ms
Total Time Cost: 02101432 ms
Total Distance 92: 5 6 6 6 0 0 3 0 0 0 0 5 0 0 0 0 0 0 5 5 0 0 0 0 0 0 6 6 0 0 0 5 0 0 0 6 0 0 0 0 0 0 0 0 0 5 0 0 5 0 7 5 0 0 0 6
Last Time Cost: 00000270 ms
Total Time Cost: 02101702 ms
Total Distance 91: 5 6 6 6 0 0 2 0 0 0 0 5 0 0 0 0 0 0 5 5 0 0 0 0 0 0 6 6 0 0 0 5 0 0 0 6 0 0 0 0 0 0 0 0 0 5 0 0 5 0 7 5 0 0 0 6
Last Time Cost: 00000273 ms
Total Time Cost: 02101975 ms
Total Distance 90: 5 6 6 6 0 0 1 0 0 0 0 5 0 0 0 0 0 0 5 5 0 0 0 0 0 0 6 6 0 0 0 5 0 0 0 6 0 0 0 0 0 0 0 0 0 5 0 0 5 0 7 5 0 0 0 6
Last Time Cost: 00000278 ms
Total Time Cost: 02102253 ms
Total Distance 89: 5 6 6 6 0 0 0 0 0 0 0 5 0 0 0 0 0 0 5 5 0 0 0 0 0 0 6 6 0 0 0 5 0 0 0 6 0 0 0 0 0 0 0 0 0 5 0 0 5 0 7 5 0 0 0 6
Last Time Cost: 00016063 ms
Total Time Cost: 02118316 ms
Total Distance 88: 5 6 6 6 0 0 0 0 0 0 0 5 0 0 0 0 0 0 5 5 0 0 0 0 0 0 6 6 0 0 0 5 0 0 0 6 0 0 0 0 0 0 0 0 0 5 0 0 4 0 7 5 0 0 0 6
Last Time Cost: 00000312 ms
Total Time Cost: 02118628 ms
Total Distance 87: 5 6 6 6 0 0 0 0 0 0 0 5 0 0 0 0 0 0 5 5 0 0 0 0 0 0 6 6 0 0 0 5 0 0 0 6 0 0 0 0 0 0 0 0 0 5 0 0 3 0 7 5 0 0 0 6
Last Time Cost: 00000281 ms
Total Time Cost: 02118909 ms
Total Distance 86: 5 6 6 6 0 0 0 0 0 0 0 5 0 0 0 0 0 0 5 5 0 0 0 0 0 0 6 6 0 0 0 5 0 0 0 6 0 0 0 0 0 0 0 0 0 5 0 0 2 0 7 5 0 0 0 6
Last Time Cost: 00000294 ms
Total Time Cost: 02119203 ms
Total Distance 85: 5 6 6 6 0 0 0 0 0 0 0 5 0 0 0 0 0 0 5 5 0 0 0 0 0 0 6 6 0 0 0 5 0 0 0 6 0 0 0 0 0 0 0 0 0 5 0 0 1 0 7 5 0 0 0 6
Last Time Cost: 00000299 ms
Total Time Cost: 02119502 ms
Total Distance 84: 5 6 6 6 0 0 0 0 0 0 0 5 0 0 0 0 0 0 5 5 0 0 0 0 0 0 6 6 0 0 0 5 0 0 0 6 0 0 0 0 0 0 0 0 0 5 0 0 0 0 7 5 0 0 0 6
Last Time Cost: 00017219 ms
Total Time Cost: 02136721 ms
Total Distance 83: 5 6 6 6 0 0 0 0 0 0 0 5 0 0 0 0 0 0 5 4 0 0 0 0 0 0 6 6 0 0 0 5 0 0 0 6 0 0 0 0 0 0 0 0 0 5 0 0 0 0 7 5 0 0 0 6
Last Time Cost: 00000433 ms
Total Time Cost: 02137154 ms
Total Distance 82: 5 6 6 6 0 0 0 0 0 0 0 5 0 0 0 0 0 0 5 3 0 0 0 0 0 0 6 6 0 0 0 5 0 0 0 6 0 0 0 0 0 0 0 0 0 5 0 0 0 0 7 5 0 0 0 6
Last Time Cost: 00000428 ms
Total Time Cost: 02137582 ms
Total Distance 81: 5 6 6 6 0 0 0 0 0 0 0 5 0 0 0 0 0 0 5 2 0 0 0 0 0 0 6 6 0 0 0 5 0 0 0 6 0 0 0 0 0 0 0 0 0 5 0 0 0 0 7 5 0 0 0 6
Last Time Cost: 00000437 ms
Total Time Cost: 02138019 ms
Total Distance 80: 5 6 6 6 0 0 0 0 0 0 0 5 0 0 0 0 0 0 5 1 0 0 0 0 0 0 6 6 0 0 0 5 0 0 0 6 0 0 0 0 0 0 0 0 0 5 0 0 0 0 7 5 0 0 0 6
Last Time Cost: 00000425 ms
Total Time Cost: 02138444 ms
Total Distance 79: 5 6 6 6 0 0 0 0 0 0 0 5 0 0 0 0 0 0 5 0 0 0 0 0 0 0 6 6 0 0 0 5 0 0 0 6 0 0 0 0 0 0 0 0 0 5 0 0 0 0 7 5 0 0 0 6
Last Time Cost: 00019131 ms
Total Time Cost: 02157575 ms
Total Distance 78: 5 6 6 6 0 0 0 0 0 0 0 5 0 0 0 0 0 0 5 0 0 0 0 0 0 0 6 6 0 0 0 4 0 0 0 6 0 0 0 0 0 0 0 0 0 5 0 0 0 0 7 5 0 0 0 6
Last Time Cost: 00000308 ms
Total Time Cost: 02157883 ms
Total Distance 77: 5 6 6 6 0 0 0 0 0 0 0 5 0 0 0 0 0 0 5 0 0 0 0 0 0 0 6 6 0 0 0 3 0 0 0 6 0 0 0 0 0 0 0 0 0 5 0 0 0 0 7 5 0 0 0 6
Last Time Cost: 00000314 ms
Total Time Cost: 02158197 ms
Total Distance 76: 5 6 6 6 0 0 0 0 0 0 0 5 0 0 0 0 0 0 5 0 0 0 0 0 0 0 6 6 0 0 0 2 0 0 0 6 0 0 0 0 0 0 0 0 0 5 0 0 0 0 7 5 0 0 0 6
Last Time Cost: 00000332 ms
Total Time Cost: 02158529 ms
Total Distance 75: 5 6 6 6 0 0 0 0 0 0 0 5 0 0 0 0 0 0 5 0 0 0 0 0 0 0 6 6 0 0 0 1 0 0 0 6 0 0 0 0 0 0 0 0 0 5 0 0 0 0 7 5 0 0 0 6
Last Time Cost: 00000335 ms
Total Time Cost: 02158864 ms
Total Distance 74: 5 6 6 6 0 0 0 0 0 0 0 5 0 0 0 0 0 0 5 0 0 0 0 0 0 0 6 6 0 0 0 0 0 0 0 6 0 0 0 0 0 0 0 0 0 5 0 0 0 0 7 5 0 0 0 6
Last Time Cost: 00020562 ms
Total Time Cost: 02179426 ms
Total Distance 73: 5 6 6 6 0 0 0 0 0 0 0 5 0 0 0 0 0 0 4 0 0 0 0 0 0 0 6 6 0 0 0 0 0 0 0 6 0 0 0 0 0 0 0 0 0 5 0 0 0 0 7 5 0 0 0 6
Last Time Cost: 00000348 ms
Total Time Cost: 02179774 ms
Total Distance 72: 5 6 6 6 0 0 0 0 0 0 0 5 0 0 0 0 0 0 3 0 0 0 0 0 0 0 6 6 0 0 0 0 0 0 0 6 0 0 0 0 0 0 0 0 0 5 0 0 0 0 7 5 0 0 0 6
Last Time Cost: 00000302 ms
Total Time Cost: 02180076 ms
Total Distance 71: 5 6 6 6 0 0 0 0 0 0 0 5 0 0 0 0 0 0 2 0 0 0 0 0 0 0 6 6 0 0 0 0 0 0 0 6 0 0 0 0 0 0 0 0 0 5 0 0 0 0 7 5 0 0 0 6
Last Time Cost: 00000306 ms
Total Time Cost: 02180382 ms
Total Distance 70: 5 6 6 6 0 0 0 0 0 0 0 5 0 0 0 0 0 0 1 0 0 0 0 0 0 0 6 6 0 0 0 0 0 0 0 6 0 0 0 0 0 0 0 0 0 5 0 0 0 0 7 5 0 0 0 6
Last Time Cost: 00000308 ms
Total Time Cost: 02180690 ms
Total Distance 69: 5 6 6 6 0 0 0 0 0 0 0 5 0 0 0 0 0 0 0 0 0 0 0 0 0 0 6 6 0 0 0 0 0 0 0 6 0 0 0 0 0 0 0 0 0 5 0 0 0 0 7 5 0 0 0 6
Last Time Cost: 00022383 ms
Total Time Cost: 02203073 ms
Total Distance 68: 5 6 6 6 0 0 0 0 0 0 0 5 0 0 0 0 0 0 0 0 0 0 0 0 0 0 6 6 0 0 0 0 0 0 0 6 0 0 0 0 0 0 0 0 0 5 0 0 0 0 7 4 0 0 0 6
Last Time Cost: 00000363 ms
Total Time Cost: 02203436 ms
Total Distance 67: 5 6 6 6 0 0 0 0 0 0 0 5 0 0 0 0 0 0 0 0 0 0 0 0 0 0 6 6 0 0 0 0 0 0 0 6 0 0 0 0 0 0 0 0 0 5 0 0 0 0 7 3 0 0 0 6
Last Time Cost: 00000353 ms
Total Time Cost: 02203789 ms
Total Distance 66: 5 6 6 6 0 0 0 0 0 0 0 5 0 0 0 0 0 0 0 0 0 0 0 0 0 0 6 6 0 0 0 0 0 0 0 6 0 0 0 0 0 0 0 0 0 5 0 0 0 0 7 2 0 0 0 6
Last Time Cost: 00000378 ms
Total Time Cost: 02204167 ms
Total Distance 65: 5 6 6 6 0 0 0 0 0 0 0 5 0 0 0 0 0 0 0 0 0 0 0 0 0 0 6 6 0 0 0 0 0 0 0 6 0 0 0 0 0 0 0 0 0 5 0 0 0 0 7 1 0 0 0 6
Last Time Cost: 00000343 ms
Total Time Cost: 02204510 ms
Total Distance 64: 5 6 6 6 0 0 0 0 0 0 0 5 0 0 0 0 0 0 0 0 0 0 0 0 0 0 6 6 0 0 0 0 0 0 0 6 0 0 0 0 0 0 0 0 0 5 0 0 0 0 7 0 0 0 0 6
Last Time Cost: 00024925 ms
Total Time Cost: 02229435 ms
Total Distance 63: 5 6 6 6 0 0 0 0 0 0 0 5 0 0 0 0 0 0 0 0 0 0 0 0 0 0 6 6 0 0 0 0 0 0 0 6 0 0 0 0 0 0 0 0 0 4 0 0 0 0 7 0 0 0 0 6
Last Time Cost: 00000374 ms
Total Time Cost: 02229809 ms
Total Distance 62: 5 6 6 6 0 0 0 0 0 0 0 5 0 0 0 0 0 0 0 0 0 0 0 0 0 0 6 6 0 0 0 0 0 0 0 6 0 0 0 0 0 0 0 0 0 3 0 0 0 0 7 0 0 0 0 6
Last Time Cost: 00000352 ms
Total Time Cost: 02230161 ms
Total Distance 61: 5 6 6 6 0 0 0 0 0 0 0 5 0 0 0 0 0 0 0 0 0 0 0 0 0 0 6 6 0 0 0 0 0 0 0 6 0 0 0 0 0 0 0 0 0 2 0 0 0 0 7 0 0 0 0 6
Last Time Cost: 00000354 ms
Total Time Cost: 02230515 ms
Total Distance 60: 5 6 6 6 0 0 0 0 0 0 0 5 0 0 0 0 0 0 0 0 0 0 0 0 0 0 6 6 0 0 0 0 0 0 0 6 0 0 0 0 0 0 0 0 0 1 0 0 0 0 7 0 0 0 0 6
Last Time Cost: 00000362 ms
Total Time Cost: 02230877 ms
Total Distance 59: 5 6 6 6 0 0 0 0 0 0 0 5 0 0 0 0 0 0 0 0 0 0 0 0 0 0 6 6 0 0 0 0 0 0 0 6 0 0 0 0 0 0 0 0 0 0 0 0 0 0 7 0 0 0 0 6
Last Time Cost: 00026612 ms
Total Time Cost: 02257489 ms
Total Distance 58: 4 6 6 6 0 0 0 0 0 0 0 5 0 0 0 0 0 0 0 0 0 0 0 0 0 0 6 6 0 0 0 0 0 0 0 6 0 0 0 0 0 0 0 0 0 0 0 0 0 0 7 0 0 0 0 6
Last Time Cost: 00000410 ms
Total Time Cost: 02257899 ms
Total Distance 57: 3 6 6 6 0 0 0 0 0 0 0 5 0 0 0 0 0 0 0 0 0 0 0 0 0 0 6 6 0 0 0 0 0 0 0 6 0 0 0 0 0 0 0 0 0 0 0 0 0 0 7 0 0 0 0 6
Last Time Cost: 00000373 ms
Total Time Cost: 02258272 ms
Total Distance 56: 2 6 6 6 0 0 0 0 0 0 0 5 0 0 0 0 0 0 0 0 0 0 0 0 0 0 6 6 0 0 0 0 0 0 0 6 0 0 0 0 0 0 0 0 0 0 0 0 0 0 7 0 0 0 0 6
Last Time Cost: 00000350 ms
Total Time Cost: 02258622 ms
Total Distance 55: 1 6 6 6 0 0 0 0 0 0 0 5 0 0 0 0 0 0 0 0 0 0 0 0 0 0 6 6 0 0 0 0 0 0 0 6 0 0 0 0 0 0 0 0 0 0 0 0 0 0 7 0 0 0 0 6
Last Time Cost: 00000368 ms
Total Time Cost: 02258990 ms
Total Distance 54: 0 6 6 6 0 0 0 0 0 0 0 5 0 0 0 0 0 0 0 0 0 0 0 0 0 0 6 6 0 0 0 0 0 0 0 6 0 0 0 0 0 0 0 0 0 0 0 0 0 0 7 0 0 0 0 6
Last Time Cost: 00029183 ms
Total Time Cost: 02288173 ms
Total Distance 53: 0 6 6 6 0 0 0 0 0 0 0 4 0 0 0 0 0 0 0 0 0 0 0 0 0 0 6 6 0 0 0 0 0 0 0 6 0 0 0 0 0 0 0 0 0 0 0 0 0 0 7 0 0 0 0 6
Last Time Cost: 00000420 ms
Total Time Cost: 02288593 ms
Total Distance 52: 0 6 6 6 0 0 0 0 0 0 0 3 0 0 0 0 0 0 0 0 0 0 0 0 0 0 6 6 0 0 0 0 0 0 0 6 0 0 0 0 0 0 0 0 0 0 0 0 0 0 7 0 0 0 0 6
Last Time Cost: 00000386 ms
Total Time Cost: 02288979 ms
Total Distance 51: 0 6 6 6 0 0 0 0 0 0 0 2 0 0 0 0 0 0 0 0 0 0 0 0 0 0 6 6 0 0 0 0 0 0 0 6 0 0 0 0 0 0 0 0 0 0 0 0 0 0 7 0 0 0 0 6
Last Time Cost: 00000363 ms
Total Time Cost: 02289342 ms
Total Distance 50: 0 6 6 6 0 0 0 0 0 0 0 1 0 0 0 0 0 0 0 0 0 0 0 0 0 0 6 6 0 0 0 0 0 0 0 6 0 0 0 0 0 0 0 0 0 0 0 0 0 0 7 0 0 0 0 6
Last Time Cost: 00000368 ms
Total Time Cost: 02289710 ms
Total Distance 49: 0 6 6 6 0 0 0 0 0 0 0 0 0 0 0 0 0 0 0 0 0 0 0 0 0 0 6 6 0 0 0 0 0 0 0 6 0 0 0 0 0 0 0 0 0 0 0 0 0 0 7 0 0 0 0 6
Last Time Cost: 00032059 ms
Total Time Cost: 02321769 ms
Total Distance 48: 0 5 6 6 0 0 0 0 0 0 0 0 0 0 0 0 0 0 0 0 0 0 0 0 0 0 6 6 0 0 0 0 0 0 0 6 0 0 0 0 0 0 0 0 0 0 0 0 0 0 7 0 0 0 0 6
Last Time Cost: 00000545 ms
Total Time Cost: 02322314 ms
Total Distance 47: 0 4 6 6 0 0 0 0 0 0 0 0 0 0 0 0 0 0 0 0 0 0 0 0 0 0 6 6 0 0 0 0 0 0 0 6 0 0 0 0 0 0 0 0 0 0 0 0 0 0 7 0 0 0 0 6
Last Time Cost: 00000426 ms
Total Time Cost: 02322740 ms
Total Distance 46: 0 3 6 6 0 0 0 0 0 0 0 0 0 0 0 0 0 0 0 0 0 0 0 0 0 0 6 6 0 0 0 0 0 0 0 6 0 0 0 0 0 0 0 0 0 0 0 0 0 0 7 0 0 0 0 6
Last Time Cost: 00000439 ms
Total Time Cost: 02323179 ms
Total Distance 45: 0 2 6 6 0 0 0 0 0 0 0 0 0 0 0 0 0 0 0 0 0 0 0 0 0 0 6 6 0 0 0 0 0 0 0 6 0 0 0 0 0 0 0 0 0 0 0 0 0 0 7 0 0 0 0 6
Last Time Cost: 00000441 ms
Total Time Cost: 02323620 ms
Total Distance 44: 0 1 6 6 0 0 0 0 0 0 0 0 0 0 0 0 0 0 0 0 0 0 0 0 0 0 6 6 0 0 0 0 0 0 0 6 0 0 0 0 0 0 0 0 0 0 0 0 0 0 7 0 0 0 0 6
Last Time Cost: 00000445 ms
Total Time Cost: 02324065 ms
Total Distance 43: 0 0 6 6 0 0 0 0 0 0 0 0 0 0 0 0 0 0 0 0 0 0 0 0 0 0 6 6 0 0 0 0 0 0 0 6 0 0 0 0 0 0 0 0 0 0 0 0 0 0 7 0 0 0 0 6
Last Time Cost: 00035422 ms
Total Time Cost: 02359487 ms
Total Distance 42: 0 0 6 6 0 0 0 0 0 0 0 0 0 0 0 0 0 0 0 0 0 0 0 0 0 0 5 6 0 0 0 0 0 0 0 6 0 0 0 0 0 0 0 0 0 0 0 0 0 0 7 0 0 0 0 6
Last Time Cost: 00000563 ms
Total Time Cost: 02360050 ms
Total Distance 41: 0 0 6 6 0 0 0 0 0 0 0 0 0 0 0 0 0 0 0 0 0 0 0 0 0 0 4 6 0 0 0 0 0 0 0 6 0 0 0 0 0 0 0 0 0 0 0 0 0 0 7 0 0 0 0 6
Last Time Cost: 00000410 ms
Total Time Cost: 02360460 ms
Total Distance 40: 0 0 6 6 0 0 0 0 0 0 0 0 0 0 0 0 0 0 0 0 0 0 0 0 0 0 3 6 0 0 0 0 0 0 0 6 0 0 0 0 0 0 0 0 0 0 0 0 0 0 7 0 0 0 0 6
Last Time Cost: 00000428 ms
Total Time Cost: 02360888 ms
Total Distance 39: 0 0 6 6 0 0 0 0 0 0 0 0 0 0 0 0 0 0 0 0 0 0 0 0 0 0 2 6 0 0 0 0 0 0 0 6 0 0 0 0 0 0 0 0 0 0 0 0 0 0 7 0 0 0 0 6
Last Time Cost: 00000427 ms
Total Time Cost: 02361315 ms
Total Distance 38: 0 0 6 6 0 0 0 0 0 0 0 0 0 0 0 0 0 0 0 0 0 0 0 0 0 0 1 6 0 0 0 0 0 0 0 6 0 0 0 0 0 0 0 0 0 0 0 0 0 0 7 0 0 0 0 6
Last Time Cost: 00000433 ms
Total Time Cost: 02361748 ms
Total Distance 37: 0 0 6 6 0 0 0 0 0 0 0 0 0 0 0 0 0 0 0 0 0 0 0 0 0 0 0 6 0 0 0 0 0 0 0 6 0 0 0 0 0 0 0 0 0 0 0 0 0 0 7 0 0 0 0 6
Last Time Cost: 00038359 ms
Total Time Cost: 02400107 ms
Total Distance 36: 0 0 6 6 0 0 0 0 0 0 0 0 0 0 0 0 0 0 0 0 0 0 0 0 0 0 0 6 0 0 0 0 0 0 0 6 0 0 0 0 0 0 0 0 0 0 0 0 0 0 7 0 0 0 0 5
Last Time Cost: 00000618 ms
Total Time Cost: 02400725 ms
Total Distance 35: 0 0 6 6 0 0 0 0 0 0 0 0 0 0 0 0 0 0 0 0 0 0 0 0 0 0 0 6 0 0 0 0 0 0 0 6 0 0 0 0 0 0 0 0 0 0 0 0 0 0 7 0 0 0 0 4
Last Time Cost: 00000468 ms
Total Time Cost: 02401193 ms
Total Distance 34: 0 0 6 6 0 0 0 0 0 0 0 0 0 0 0 0 0 0 0 0 0 0 0 0 0 0 0 6 0 0 0 0 0 0 0 6 0 0 0 0 0 0 0 0 0 0 0 0 0 0 7 0 0 0 0 3
Last Time Cost: 00000452 ms
Total Time Cost: 02401645 ms
Total Distance 33: 0 0 6 6 0 0 0 0 0 0 0 0 0 0 0 0 0 0 0 0 0 0 0 0 0 0 0 6 0 0 0 0 0 0 0 6 0 0 0 0 0 0 0 0 0 0 0 0 0 0 7 0 0 0 0 2
Last Time Cost: 00000483 ms
Total Time Cost: 02402128 ms
Total Distance 32: 0 0 6 6 0 0 0 0 0 0 0 0 0 0 0 0 0 0 0 0 0 0 0 0 0 0 0 6 0 0 0 0 0 0 0 6 0 0 0 0 0 0 0 0 0 0 0 0 0 0 7 0 0 0 0 1
Last Time Cost: 00000453 ms
Total Time Cost: 02402581 ms
Total Distance 31: 0 0 6 6 0 0 0 0 0 0 0 0 0 0 0 0 0 0 0 0 0 0 0 0 0 0 0 6 0 0 0 0 0 0 0 6 0 0 0 0 0 0 0 0 0 0 0 0 0 0 7 0 0 0 0 0
Last Time Cost: 00041214 ms
Total Time Cost: 02443795 ms
Total Distance 30: 0 0 6 6 0 0 0 0 0 0 0 0 0 0 0 0 0 0 0 0 0 0 0 0 0 0 0 5 0 0 0 0 0 0 0 6 0 0 0 0 0 0 0 0 0 0 0 0 0 0 7 0 0 0 0 0
Last Time Cost: 00000635 ms
Total Time Cost: 02444430 ms
Total Distance 29: 0 0 6 6 0 0 0 0 0 0 0 0 0 0 0 0 0 0 0 0 0 0 0 0 0 0 0 4 0 0 0 0 0 0 0 6 0 0 0 0 0 0 0 0 0 0 0 0 0 0 7 0 0 0 0 0
Last Time Cost: 00000503 ms
Total Time Cost: 02444933 ms
Total Distance 28: 0 0 6 6 0 0 0 0 0 0 0 0 0 0 0 0 0 0 0 0 0 0 0 0 0 0 0 3 0 0 0 0 0 0 0 6 0 0 0 0 0 0 0 0 0 0 0 0 0 0 7 0 0 0 0 0
Last Time Cost: 00000479 ms
Total Time Cost: 02445412 ms
Total Distance 27: 0 0 6 6 0 0 0 0 0 0 0 0 0 0 0 0 0 0 0 0 0 0 0 0 0 0 0 2 0 0 0 0 0 0 0 6 0 0 0 0 0 0 0 0 0 0 0 0 0 0 7 0 0 0 0 0
Last Time Cost: 00000448 ms
Total Time Cost: 02445860 ms
Total Distance 26: 0 0 6 6 0 0 0 0 0 0 0 0 0 0 0 0 0 0 0 0 0 0 0 0 0 0 0 1 0 0 0 0 0 0 0 6 0 0 0 0 0 0 0 0 0 0 0 0 0 0 7 0 0 0 0 0
Last Time Cost: 00000466 ms
Total Time Cost: 02446326 ms
Total Distance 25: 0 0 6 6 0 0 0 0 0 0 0 0 0 0 0 0 0 0 0 0 0 0 0 0 0 0 0 0 0 0 0 0 0 0 0 6 0 0 0 0 0 0 0 0 0 0 0 0 0 0 7 0 0 0 0 0
Last Time Cost: 00045404 ms
Total Time Cost: 02491730 ms
Total Distance 24: 0 0 5 6 0 0 0 0 0 0 0 0 0 0 0 0 0 0 0 0 0 0 0 0 0 0 0 0 0 0 0 0 0 0 0 6 0 0 0 0 0 0 0 0 0 0 0 0 0 0 7 0 0 0 0 0
Last Time Cost: 00000653 ms
Total Time Cost: 02492383 ms
Total Distance 23: 0 0 4 6 0 0 0 0 0 0 0 0 0 0 0 0 0 0 0 0 0 0 0 0 0 0 0 0 0 0 0 0 0 0 0 6 0 0 0 0 0 0 0 0 0 0 0 0 0 0 7 0 0 0 0 0
Last Time Cost: 00000525 ms
Total Time Cost: 02492908 ms
Total Distance 22: 0 0 3 6 0 0 0 0 0 0 0 0 0 0 0 0 0 0 0 0 0 0 0 0 0 0 0 0 0 0 0 0 0 0 0 6 0 0 0 0 0 0 0 0 0 0 0 0 0 0 7 0 0 0 0 0
Last Time Cost: 00000526 ms
Total Time Cost: 02493434 ms
Total Distance 21: 0 0 2 6 0 0 0 0 0 0 0 0 0 0 0 0 0 0 0 0 0 0 0 0 0 0 0 0 0 0 0 0 0 0 0 6 0 0 0 0 0 0 0 0 0 0 0 0 0 0 7 0 0 0 0 0
Last Time Cost: 00000538 ms
Total Time Cost: 02493972 ms
Total Distance 20: 0 0 1 6 0 0 0 0 0 0 0 0 0 0 0 0 0 0 0 0 0 0 0 0 0 0 0 0 0 0 0 0 0 0 0 6 0 0 0 0 0 0 0 0 0 0 0 0 0 0 7 0 0 0 0 0
Last Time Cost: 00000531 ms
Total Time Cost: 02494503 ms
Total Distance 19: 0 0 0 6 0 0 0 0 0 0 0 0 0 0 0 0 0 0 0 0 0 0 0 0 0 0 0 0 0 0 0 0 0 0 0 6 0 0 0 0 0 0 0 0 0 0 0 0 0 0 7 0 0 0 0 0
Last Time Cost: 00049162 ms
Total Time Cost: 02543665 ms
Total Distance 18: 0 0 0 5 0 0 0 0 0 0 0 0 0 0 0 0 0 0 0 0 0 0 0 0 0 0 0 0 0 0 0 0 0 0 0 6 0 0 0 0 0 0 0 0 0 0 0 0 0 0 7 0 0 0 0 0
Last Time Cost: 00000731 ms
Total Time Cost: 02544396 ms
Total Distance 17: 0 0 0 4 0 0 0 0 0 0 0 0 0 0 0 0 0 0 0 0 0 0 0 0 0 0 0 0 0 0 0 0 0 0 0 6 0 0 0 0 0 0 0 0 0 0 0 0 0 0 7 0 0 0 0 0
Last Time Cost: 00000541 ms
Total Time Cost: 02544937 ms
Total Distance 16: 0 0 0 3 0 0 0 0 0 0 0 0 0 0 0 0 0 0 0 0 0 0 0 0 0 0 0 0 0 0 0 0 0 0 0 6 0 0 0 0 0 0 0 0 0 0 0 0 0 0 7 0 0 0 0 0
Last Time Cost: 00000560 ms
Total Time Cost: 02545497 ms
Total Distance 15: 0 0 0 2 0 0 0 0 0 0 0 0 0 0 0 0 0 0 0 0 0 0 0 0 0 0 0 0 0 0 0 0 0 0 0 6 0 0 0 0 0 0 0 0 0 0 0 0 0 0 7 0 0 0 0 0
Last Time Cost: 00000548 ms
Total Time Cost: 02546045 ms
Total Distance 14: 0 0 0 1 0 0 0 0 0 0 0 0 0 0 0 0 0 0 0 0 0 0 0 0 0 0 0 0 0 0 0 0 0 0 0 6 0 0 0 0 0 0 0 0 0 0 0 0 0 0 7 0 0 0 0 0
Last Time Cost: 00000557 ms
Total Time Cost: 02546602 ms
Total Distance 13: 0 0 0 0 0 0 0 0 0 0 0 0 0 0 0 0 0 0 0 0 0 0 0 0 0 0 0 0 0 0 0 0 0 0 0 6 0 0 0 0 0 0 0 0 0 0 0 0 0 0 7 0 0 0 0 0
Last Time Cost: 00053159 ms
Total Time Cost: 02599761 ms
Total Distance 12: 0 0 0 0 0 0 0 0 0 0 0 0 0 0 0 0 0 0 0 0 0 0 0 0 0 0 0 0 0 0 0 0 0 0 0 5 0 0 0 0 0 0 0 0 0 0 0 0 0 0 7 0 0 0 0 0
Last Time Cost: 00000767 ms
Total Time Cost: 02600528 ms
Total Distance 11: 0 0 0 0 0 0 0 0 0 0 0 0 0 0 0 0 0 0 0 0 0 0 0 0 0 0 0 0 0 0 0 0 0 0 0 4 0 0 0 0 0 0 0 0 0 0 0 0 0 0 7 0 0 0 0 0
Last Time Cost: 00000530 ms
Total Time Cost: 02601058 ms
Total Distance 10: 0 0 0 0 0 0 0 0 0 0 0 0 0 0 0 0 0 0 0 0 0 0 0 0 0 0 0 0 0 0 0 0 0 0 0 3 0 0 0 0 0 0 0 0 0 0 0 0 0 0 7 0 0 0 0 0
Last Time Cost: 00000584 ms
Total Time Cost: 02601642 ms
Total Distance 9: 0 0 0 0 0 0 0 0 0 0 0 0 0 0 0 0 0 0 0 0 0 0 0 0 0 0 0 0 0 0 0 0 0 0 0 2 0 0 0 0 0 0 0 0 0 0 0 0 0 0 7 0 0 0 0 0
Last Time Cost: 00000540 ms
Total Time Cost: 02602182 ms
Total Distance 8: 0 0 0 0 0 0 0 0 0 0 0 0 0 0 0 0 0 0 0 0 0 0 0 0 0 0 0 0 0 0 0 0 0 0 0 1 0 0 0 0 0 0 0 0 0 0 0 0 0 0 7 0 0 0 0 0
Last Time Cost: 00000599 ms
Total Time Cost: 02602781 ms
Total Distance 7: 0 0 0 0 0 0 0 0 0 0 0 0 0 0 0 0 0 0 0 0 0 0 0 0 0 0 0 0 0 0 0 0 0 0 0 0 0 0 0 0 0 0 0 0 0 0 0 0 0 0 7 0 0 0 0 0
Last Time Cost: 00057798 ms
Total Time Cost: 02660579 ms
Total Distance 6: 0 0 0 0 0 0 0 0 0 0 0 0 0 0 0 0 0 0 0 0 0 0 0 0 0 0 0 0 0 0 0 0 0 0 0 0 0 0 0 0 0 0 0 0 0 0 0 0 0 0 6 0 0 0 0 0
Last Time Cost: 00000997 ms
Total Time Cost: 02661576 ms
Total Distance 5: 0 0 0 0 0 0 0 0 0 0 0 0 0 0 0 0 0 0 0 0 0 0 0 0 0 0 0 0 0 0 0 0 0 0 0 0 0 0 0 0 0 0 0 0 0 0 0 0 0 0 5 0 0 0 0 0
Last Time Cost: 00000213 ms
Total Time Cost: 02661789 ms
Total Distance 4: 0 0 0 0 0 0 0 0 0 0 0 0 0 0 0 0 0 0 0 0 0 0 0 0 0 0 0 0 0 0 0 0 0 0 0 0 0 0 0 0 0 0 0 0 0 0 0 0 0 0 4 0 0 0 0 0
Last Time Cost: 00000003 ms
Total Time Cost: 02661792 ms
Total Distance 3: 0 0 0 0 0 0 0 0 0 0 0 0 0 0 0 0 0 0 0 0 0 0 0 0 0 0 0 0 0 0 0 0 0 0 0 0 0 0 0 0 0 0 0 0 0 0 0 0 0 0 3 0 0 0 0 0
Last Time Cost: 00000002 ms
Total Time Cost: 02661794 ms
Total Distance 2: 0 0 0 0 0 0 0 0 0 0 0 0 0 0 0 0 0 0 0 0 0 0 0 0 0 0 0 0 0 0 0 0 0 0 0 0 0 0 0 0 0 0 0 0 0 0 0 0 0 0 2 0 0 0 0 0
Last Time Cost: 00000002 ms
Total Time Cost: 02661796 ms
Total Distance 1: 0 0 0 0 0 0 0 0 0 0 0 0 0 0 0 0 0 0 0 0 0 0 0 0 0 0 0 0 0 0 0 0 0 0 0 0 0 0 0 0 0 0 0 0 0 0 0 0 0 0 1 0 0 0 0 0
Last Time Cost: 00000000 ms
Total Time Cost: 02661796 ms
Total Distance 0: 0 0 0 0 0 0 0 0 0 0 0 0 0 0 0 0 0 0 0 0 0 0 0 0 0 0 0 0 0 0 0 0 0 0 0 0 0 0 0 0 0 0 0 0 0 0 0 0 0 0 0 0 0 0 0 0
