Last Time Cost: 00000000 ms
Total Time Cost: 00000000 ms
Total Distance 176: 4 4 6 4 4 4 6 4 4 4 4 4 6 4 4 4 6 4 4 4 4 4 6 4 4 4 6 4 4 4 4 4 6 4 4 4 6 4 4 4
Last Time Cost: 00000004 ms
Total Time Cost: 00000004 ms
Total Distance 171: 3 4 6 4 4 4 6 4 4 4 4 4 6 4 4 4 6 4 4 4 4 4 5 4 4 4 5 4 4 3 3 4 6 4 4 4 6 4 4 4
Last Time Cost: 00000004 ms
Total Time Cost: 00000008 ms
Total Distance 168: 2 4 6 4 4 4 6 4 4 4 4 4 6 4 4 4 6 4 4 4 4 3 5 4 4 4 5 4 4 3 3 3 6 4 4 4 6 4 4 4
Last Time Cost: 00000005 ms
Total Time Cost: 00000013 ms
Total Distance 167: 1 4 6 4 4 4 6 4 4 4 4 4 6 4 4 4 6 4 4 4 4 3 5 4 4 4 5 4 4 3 3 3 6 4 4 4 6 4 4 4
Last Time Cost: 00000004 ms
Total Time Cost: 00000017 ms
Total Distance 166: 0 4 6 4 4 4 6 4 4 4 4 4 6 4 4 4 6 4 4 4 4 3 5 4 4 4 5 4 4 3 3 3 6 4 4 4 6 4 4 4
Last Time Cost: 00000004 ms
Total Time Cost: 00000021 ms
Total Distance 163: 0 4 6 4 4 4 6 4 3 4 4 4 6 4 4 4 6 4 4 4 4 3 5 4 4 4 5 4 4 2 3 3 6 4 4 4 6 4 4 3
Last Time Cost: 00000005 ms
Total Time Cost: 00000026 ms
Total Distance 162: 0 4 6 4 4 4 6 4 3 4 4 4 6 4 4 4 6 4 4 4 4 3 5 4 4 4 5 4 4 1 3 3 6 4 4 4 6 4 4 3
Last Time Cost: 00000004 ms
Total Time Cost: 00000030 ms
Total Distance 161: 0 4 6 4 4 4 6 4 3 4 4 4 6 4 4 4 6 4 4 4 4 3 5 4 4 4 5 4 4 0 3 3 6 4 4 4 6 4 4 3
Last Time Cost: 00000004 ms
Total Time Cost: 00000034 ms
Total Distance 157: 0 4 6 4 4 4 6 4 3 4 3 4 6 4 4 4 6 4 4 4 4 3 5 4 4 4 5 4 4 0 3 3 5 4 4 4 5 4 4 2
Last Time Cost: 00000004 ms
Total Time Cost: 00000038 ms
Total Distance 156: 0 4 6 4 4 4 6 4 3 4 3 4 6 4 4 4 6 4 4 4 4 3 5 4 4 4 5 4 4 0 3 3 5 4 4 4 5 4 4 1
Last Time Cost: 00000003 ms
Total Time Cost: 00000041 ms
Total Distance 155: 0 4 6 4 4 4 6 4 3 4 3 4 6 4 4 4 6 4 4 4 4 3 5 4 4 4 5 4 4 0 3 3 5 4 4 4 5 4 4 0
Last Time Cost: 00000004 ms
Total Time Cost: 00000045 ms
Total Distance 152: 0 4 6 4 4 4 6 4 2 4 3 4 6 4 4 4 6 3 4 4 4 3 5 4 4 4 5 4 4 0 3 3 5 4 4 4 5 4 3 0
Last Time Cost: 00000003 ms
Total Time Cost: 00000048 ms
Total Distance 151: 0 4 6 4 4 4 6 4 1 4 3 4 6 4 4 4 6 3 4 4 4 3 5 4 4 4 5 4 4 0 3 3 5 4 4 4 5 4 3 0
Last Time Cost: 00000002 ms
Total Time Cost: 00000050 ms
Total Distance 150: 0 4 6 4 4 4 6 4 0 4 3 4 6 4 4 4 6 3 4 4 4 3 5 4 4 4 5 4 4 0 3 3 5 4 4 4 5 4 3 0
Last Time Cost: 00000004 ms
Total Time Cost: 00000054 ms
Total Distance 147: 0 4 6 4 4 4 6 4 0 3 3 4 6 4 4 4 6 3 4 3 4 3 5 4 4 4 5 4 4 0 3 3 5 4 4 4 5 4 2 0
Last Time Cost: 00000004 ms
Total Time Cost: 00000058 ms
Total Distance 146: 0 4 6 4 4 4 6 4 0 3 3 4 6 4 4 4 6 3 4 3 4 3 5 4 4 4 5 4 4 0 3 3 5 4 4 4 5 4 1 0
Last Time Cost: 00000003 ms
Total Time Cost: 00000061 ms
Total Distance 145: 0 4 6 4 4 4 6 4 0 3 3 4 6 4 4 4 6 3 4 3 4 3 5 4 4 4 5 4 4 0 3 3 5 4 4 4 5 4 0 0
Last Time Cost: 00000005 ms
Total Time Cost: 00000066 ms
Total Distance 141: 0 4 6 4 4 4 6 4 0 3 3 4 5 4 4 4 5 3 4 2 3 3 5 4 4 4 5 4 4 0 3 3 5 4 4 4 5 4 0 0
Last Time Cost: 00000003 ms
Total Time Cost: 00000069 ms
Total Distance 139: 0 4 6 4 4 4 6 4 0 2 3 4 5 4 4 4 5 3 4 1 3 3 5 4 4 4 5 4 4 0 3 3 5 4 4 4 5 4 0 0
Last Time Cost: 00000002 ms
Total Time Cost: 00000071 ms
Total Distance 138: 0 4 6 4 4 4 6 4 0 2 3 4 5 4 4 4 5 3 4 0 3 3 5 4 4 4 5 4 4 0 3 3 5 4 4 4 5 4 0 0
Last Time Cost: 00000003 ms
Total Time Cost: 00000074 ms
Total Distance 137: 0 4 6 4 4 4 6 4 0 1 3 4 5 4 4 4 5 3 4 0 3 3 5 4 4 4 5 4 4 0 3 3 5 4 4 4 5 4 0 0
Last Time Cost: 00000002 ms
Total Time Cost: 00000076 ms
Total Distance 136: 0 4 6 4 4 4 6 4 0 0 3 4 5 4 4 4 5 3 4 0 3 3 5 4 4 4 5 4 4 0 3 3 5 4 4 4 5 4 0 0
Last Time Cost: 00000004 ms
Total Time Cost: 00000080 ms
Total Distance 133: 0 3 6 4 4 4 6 4 0 0 3 3 5 4 4 4 5 3 4 0 2 3 5 4 4 4 5 4 4 0 3 3 5 4 4 4 5 4 0 0
Last Time Cost: 00000003 ms
Total Time Cost: 00000083 ms
Total Distance 132: 0 3 6 4 4 4 6 4 0 0 3 3 5 4 4 4 5 3 4 0 1 3 5 4 4 4 5 4 4 0 3 3 5 4 4 4 5 4 0 0
Last Time Cost: 00000002 ms
Total Time Cost: 00000085 ms
Total Distance 131: 0 3 6 4 4 4 6 4 0 0 3 3 5 4 4 4 5 3 4 0 0 3 5 4 4 4 5 4 4 0 3 3 5 4 4 4 5 4 0 0
Last Time Cost: 00000005 ms
Total Time Cost: 00000090 ms
Total Distance 128: 0 3 6 4 4 4 6 4 0 0 3 3 5 4 4 4 5 2 4 0 0 3 5 4 4 4 5 3 4 0 3 3 5 4 4 4 4 4 0 0
Last Time Cost: 00000004 ms
Total Time Cost: 00000094 ms
Total Distance 127: 0 3 6 4 4 4 6 4 0 0 3 3 5 4 4 4 5 1 4 0 0 3 5 4 4 4 5 3 4 0 3 3 5 4 4 4 4 4 0 0
Last Time Cost: 00000002 ms
Total Time Cost: 00000096 ms
Total Distance 126: 0 3 6 4 4 4 6 4 0 0 3 3 5 4 4 4 5 0 4 0 0 3 5 4 4 4 5 3 4 0 3 3 5 4 4 4 4 4 0 0
Last Time Cost: 00000005 ms
Total Time Cost: 00000101 ms
Total Distance 123: 0 3 6 4 4 4 6 4 0 0 3 3 5 4 4 4 5 0 3 0 0 3 5 4 4 4 5 2 3 0 3 3 5 4 4 4 4 4 0 0
Last Time Cost: 00000004 ms
Total Time Cost: 00000105 ms
Total Distance 122: 0 3 6 4 4 4 6 4 0 0 3 3 5 4 4 4 5 0 3 0 0 3 5 4 4 4 5 1 3 0 3 3 5 4 4 4 4 4 0 0
Last Time Cost: 00000003 ms
Total Time Cost: 00000108 ms
Total Distance 121: 0 3 6 4 4 4 6 4 0 0 3 3 5 4 4 4 5 0 3 0 0 3 5 4 4 4 5 0 3 0 3 3 5 4 4 4 4 4 0 0
Last Time Cost: 00000005 ms
Total Time Cost: 00000113 ms
Total Distance 118: 0 3 6 4 4 4 6 4 0 0 3 3 4 4 4 4 5 0 3 0 0 3 4 4 4 4 5 0 3 0 3 2 5 4 4 4 4 4 0 0
Last Time Cost: 00000004 ms
Total Time Cost: 00000117 ms
Total Distance 117: 0 3 6 4 4 4 6 4 0 0 3 3 4 4 4 4 5 0 3 0 0 3 4 4 4 4 5 0 3 0 3 1 5 4 4 4 4 4 0 0
Last Time Cost: 00000003 ms
Total Time Cost: 00000120 ms
Total Distance 116: 0 3 6 4 4 4 6 4 0 0 3 3 4 4 4 4 5 0 3 0 0 3 4 4 4 4 5 0 3 0 3 0 5 4 4 4 4 4 0 0
Last Time Cost: 00000005 ms
Total Time Cost: 00000125 ms
Total Distance 113: 0 3 5 4 4 4 6 4 0 0 3 2 4 4 4 4 5 0 3 0 0 3 4 4 4 4 5 0 3 0 3 0 4 4 4 4 4 4 0 0
Last Time Cost: 00000004 ms
Total Time Cost: 00000129 ms
Total Distance 112: 0 3 5 4 4 4 6 4 0 0 3 1 4 4 4 4 5 0 3 0 0 3 4 4 4 4 5 0 3 0 3 0 4 4 4 4 4 4 0 0
Last Time Cost: 00000003 ms
Total Time Cost: 00000132 ms
Total Distance 111: 0 3 5 4 4 4 6 4 0 0 3 0 4 4 4 4 5 0 3 0 0 3 4 4 4 4 5 0 3 0 3 0 4 4 4 4 4 4 0 0
Last Time Cost: 00000006 ms
Total Time Cost: 00000138 ms
Total Distance 109: 0 3 5 4 4 4 6 4 0 0 2 0 4 4 4 4 5 0 3 0 0 3 4 4 4 4 5 0 3 0 2 0 4 4 4 4 4 4 0 0
Last Time Cost: 00000005 ms
Total Time Cost: 00000143 ms
Total Distance 108: 0 3 5 4 4 4 6 4 0 0 1 0 4 4 4 4 5 0 3 0 0 3 4 4 4 4 5 0 3 0 2 0 4 4 4 4 4 4 0 0
Last Time Cost: 00000003 ms
Total Time Cost: 00000146 ms
Total Distance 107: 0 3 5 4 4 4 6 4 0 0 0 0 4 4 4 4 5 0 3 0 0 3 4 4 4 4 5 0 3 0 2 0 4 4 4 4 4 4 0 0
Last Time Cost: 00000005 ms
Total Time Cost: 00000151 ms
Total Distance 106: 0 3 5 4 4 4 6 4 0 0 0 0 4 4 4 4 5 0 3 0 0 3 4 4 4 4 5 0 3 0 1 0 4 4 4 4 4 4 0 0
Last Time Cost: 00000004 ms
Total Time Cost: 00000155 ms
Total Distance 105: 0 3 5 4 4 4 6 4 0 0 0 0 4 4 4 4 5 0 3 0 0 3 4 4 4 4 5 0 3 0 0 0 4 4 4 4 4 4 0 0
Last Time Cost: 00000006 ms
Total Time Cost: 00000161 ms
Total Distance 103: 0 2 5 4 4 4 6 4 0 0 0 0 4 4 4 4 5 0 3 0 0 2 4 4 4 4 5 0 3 0 0 0 4 4 4 4 4 4 0 0
Last Time Cost: 00000006 ms
Total Time Cost: 00000167 ms
Total Distance 102: 0 1 5 4 4 4 6 4 0 0 0 0 4 4 4 4 5 0 3 0 0 2 4 4 4 4 5 0 3 0 0 0 4 4 4 4 4 4 0 0
Last Time Cost: 00000005 ms
Total Time Cost: 00000172 ms
Total Distance 101: 0 0 5 4 4 4 6 4 0 0 0 0 4 4 4 4 5 0 3 0 0 2 4 4 4 4 5 0 3 0 0 0 4 4 4 4 4 4 0 0
Last Time Cost: 00000007 ms
Total Time Cost: 00000179 ms
Total Distance 100: 0 0 5 4 4 4 6 4 0 0 0 0 4 4 4 4 5 0 3 0 0 1 4 4 4 4 5 0 3 0 0 0 4 4 4 4 4 4 0 0
Last Time Cost: 00000005 ms
Total Time Cost: 00000184 ms
Total Distance 99: 0 0 5 4 4 4 6 4 0 0 0 0 4 4 4 4 5 0 3 0 0 0 4 4 4 4 5 0 3 0 0 0 4 4 4 4 4 4 0 0
Last Time Cost: 00000007 ms
Total Time Cost: 00000191 ms
Total Distance 97: 0 0 5 4 4 4 6 4 0 0 0 0 4 4 4 4 5 0 2 0 0 0 4 4 4 4 5 0 2 0 0 0 4 4 4 4 4 4 0 0
Last Time Cost: 00000007 ms
Total Time Cost: 00000198 ms
Total Distance 96: 0 0 5 4 4 4 6 4 0 0 0 0 4 4 4 4 5 0 1 0 0 0 4 4 4 4 5 0 2 0 0 0 4 4 4 4 4 4 0 0
Last Time Cost: 00000005 ms
Total Time Cost: 00000203 ms
Total Distance 95: 0 0 5 4 4 4 6 4 0 0 0 0 4 4 4 4 5 0 0 0 0 0 4 4 4 4 5 0 2 0 0 0 4 4 4 4 4 4 0 0
Last Time Cost: 00000006 ms
Total Time Cost: 00000209 ms
Total Distance 94: 0 0 5 4 4 4 6 4 0 0 0 0 4 4 4 4 5 0 0 0 0 0 4 4 4 4 5 0 1 0 0 0 4 4 4 4 4 4 0 0
Last Time Cost: 00000007 ms
Total Time Cost: 00000216 ms
Total Distance 93: 0 0 5 4 4 4 6 4 0 0 0 0 4 4 4 4 5 0 0 0 0 0 4 4 4 4 5 0 0 0 0 0 4 4 4 4 4 4 0 0
Last Time Cost: 00000010 ms
Total Time Cost: 00000226 ms
Total Distance 90: 0 0 5 4 4 3 6 4 0 0 0 0 4 4 4 3 5 0 0 0 0 0 4 4 3 4 5 0 0 0 0 0 4 4 4 4 4 4 0 0
Last Time Cost: 00000008 ms
Total Time Cost: 00000234 ms
Total Distance 87: 0 0 5 3 4 3 6 4 0 0 0 0 4 4 4 3 5 0 0 0 0 0 4 4 2 4 5 0 0 0 0 0 4 4 3 4 4 4 0 0
Last Time Cost: 00000007 ms
Total Time Cost: 00000241 ms
Total Distance 86: 0 0 5 3 4 3 6 4 0 0 0 0 4 4 4 3 5 0 0 0 0 0 4 4 1 4 5 0 0 0 0 0 4 4 3 4 4 4 0 0
Last Time Cost: 00000006 ms
Total Time Cost: 00000247 ms
Total Distance 85: 0 0 5 3 4 3 6 4 0 0 0 0 4 4 4 3 5 0 0 0 0 0 4 4 0 4 5 0 0 0 0 0 4 4 3 4 4 4 0 0
Last Time Cost: 00000007 ms
Total Time Cost: 00000254 ms
Total Distance 82: 0 0 5 2 4 3 6 4 0 0 0 0 3 4 4 3 5 0 0 0 0 0 4 4 0 4 5 0 0 0 0 0 4 3 3 4 4 4 0 0
Last Time Cost: 00000008 ms
Total Time Cost: 00000262 ms
Total Distance 81: 0 0 5 1 4 3 6 4 0 0 0 0 3 4 4 3 5 0 0 0 0 0 4 4 0 4 5 0 0 0 0 0 4 3 3 4 4 4 0 0
Last Time Cost: 00000007 ms
Total Time Cost: 00000269 ms
Total Distance 80: 0 0 5 0 4 3 6 4 0 0 0 0 3 4 4 3 5 0 0 0 0 0 4 4 0 4 5 0 0 0 0 0 4 3 3 4 4 4 0 0
Last Time Cost: 00000008 ms
Total Time Cost: 00000277 ms
Total Distance 77: 0 0 5 0 4 2 6 4 0 0 0 0 3 4 4 3 5 0 0 0 0 0 4 4 0 4 4 0 0 0 0 0 4 3 3 4 3 4 0 0
Last Time Cost: 00000008 ms
Total Time Cost: 00000285 ms
Total Distance 76: 0 0 5 0 4 1 6 4 0 0 0 0 3 4 4 3 5 0 0 0 0 0 4 4 0 4 4 0 0 0 0 0 4 3 3 4 3 4 0 0
Last Time Cost: 00000007 ms
Total Time Cost: 00000292 ms
Total Distance 75: 0 0 5 0 4 0 6 4 0 0 0 0 3 4 4 3 5 0 0 0 0 0 4 4 0 4 4 0 0 0 0 0 4 3 3 4 3 4 0 0
Last Time Cost: 00000008 ms
Total Time Cost: 00000300 ms
Total Distance 72: 0 0 5 0 4 0 6 4 0 0 0 0 3 4 4 3 5 0 0 0 0 0 4 4 0 3 4 0 0 0 0 0 4 3 2 3 3 4 0 0
Last Time Cost: 00000009 ms
Total Time Cost: 00000309 ms
Total Distance 71: 0 0 5 0 4 0 6 4 0 0 0 0 3 4 4 3 5 0 0 0 0 0 4 4 0 3 4 0 0 0 0 0 4 3 1 3 3 4 0 0
Last Time Cost: 00000008 ms
Total Time Cost: 00000317 ms
Total Distance 70: 0 0 5 0 4 0 6 4 0 0 0 0 3 4 4 3 5 0 0 0 0 0 4 4 0 3 4 0 0 0 0 0 4 3 0 3 3 4 0 0
Last Time Cost: 00000011 ms
Total Time Cost: 00000328 ms
Total Distance 67: 0 0 5 0 3 0 6 4 0 0 0 0 3 4 3 3 5 0 0 0 0 0 4 4 0 3 4 0 0 0 0 0 4 2 0 3 3 4 0 0
Last Time Cost: 00000011 ms
Total Time Cost: 00000339 ms
Total Distance 66: 0 0 5 0 3 0 6 4 0 0 0 0 3 4 3 3 5 0 0 0 0 0 4 4 0 3 4 0 0 0 0 0 4 1 0 3 3 4 0 0
Last Time Cost: 00000010 ms
Total Time Cost: 00000349 ms
Total Distance 65: 0 0 5 0 3 0 6 4 0 0 0 0 3 4 3 3 5 0 0 0 0 0 4 4 0 3 4 0 0 0 0 0 4 0 0 3 3 4 0 0
Last Time Cost: 00000012 ms
Total Time Cost: 00000361 ms
Total Distance 62: 0 0 5 0 3 0 5 4 0 0 0 0 3 4 3 3 4 0 0 0 0 0 4 4 0 2 4 0 0 0 0 0 4 0 0 3 3 4 0 0
Last Time Cost: 00000002 ms
Total Time Cost: 00000363 ms
Total Distance 61: 0 0 5 0 3 0 5 4 0 0 0 0 3 4 3 3 4 0 0 0 0 0 4 4 0 1 4 0 0 0 0 0 4 0 0 3 3 4 0 0
Last Time Cost: 00000002 ms
Total Time Cost: 00000365 ms
Total Distance 60: 0 0 5 0 3 0 5 4 0 0 0 0 3 4 3 3 4 0 0 0 0 0 4 4 0 0 4 0 0 0 0 0 4 0 0 3 3 4 0 0
Last Time Cost: 00000004 ms
Total Time Cost: 00000369 ms
Total Distance 58: 0 0 5 0 3 0 5 4 0 0 0 0 3 4 3 2 4 0 0 0 0 0 4 4 0 0 4 0 0 0 0 0 4 0 0 2 3 4 0 0
Last Time Cost: 00000002 ms
Total Time Cost: 00000371 ms
Total Distance 57: 0 0 5 0 3 0 5 4 0 0 0 0 3 4 3 2 4 0 0 0 0 0 4 4 0 0 4 0 0 0 0 0 4 0 0 1 3 4 0 0
Last Time Cost: 00000001 ms
Total Time Cost: 00000372 ms
Total Distance 56: 0 0 5 0 3 0 5 4 0 0 0 0 3 4 3 2 4 0 0 0 0 0 4 4 0 0 4 0 0 0 0 0 4 0 0 0 3 4 0 0
Last Time Cost: 00000002 ms
Total Time Cost: 00000374 ms
Total Distance 55: 0 0 5 0 3 0 5 4 0 0 0 0 3 4 3 1 4 0 0 0 0 0 4 4 0 0 4 0 0 0 0 0 4 0 0 0 3 4 0 0
Last Time Cost: 00000000 ms
Total Time Cost: 00000374 ms
Total Distance 54: 0 0 5 0 3 0 5 4 0 0 0 0 3 4 3 0 4 0 0 0 0 0 4 4 0 0 4 0 0 0 0 0 4 0 0 0 3 4 0 0
Last Time Cost: 00000002 ms
Total Time Cost: 00000376 ms
Total Distance 52: 0 0 5 0 2 0 5 4 0 0 0 0 3 4 2 0 4 0 0 0 0 0 4 4 0 0 4 0 0 0 0 0 4 0 0 0 3 4 0 0
Last Time Cost: 00000001 ms
Total Time Cost: 00000377 ms
Total Distance 51: 0 0 5 0 2 0 5 4 0 0 0 0 3 4 1 0 4 0 0 0 0 0 4 4 0 0 4 0 0 0 0 0 4 0 0 0 3 4 0 0
Last Time Cost: 00000000 ms
Total Time Cost: 00000377 ms
Total Distance 50: 0 0 5 0 2 0 5 4 0 0 0 0 3 4 0 0 4 0 0 0 0 0 4 4 0 0 4 0 0 0 0 0 4 0 0 0 3 4 0 0
Last Time Cost: 00000002 ms
Total Time Cost: 00000379 ms
Total Distance 49: 0 0 5 0 1 0 5 4 0 0 0 0 3 4 0 0 4 0 0 0 0 0 4 4 0 0 4 0 0 0 0 0 4 0 0 0 3 4 0 0
Last Time Cost: 00000000 ms
Total Time Cost: 00000379 ms
Total Distance 48: 0 0 5 0 0 0 5 4 0 0 0 0 3 4 0 0 4 0 0 0 0 0 4 4 0 0 4 0 0 0 0 0 4 0 0 0 3 4 0 0
Last Time Cost: 00000002 ms
Total Time Cost: 00000381 ms
Total Distance 47: 0 0 5 0 0 0 5 4 0 0 0 0 3 4 0 0 4 0 0 0 0 0 4 4 0 0 4 0 0 0 0 0 4 0 0 0 2 4 0 0
Last Time Cost: 00000001 ms
Total Time Cost: 00000382 ms
Total Distance 46: 0 0 5 0 0 0 5 4 0 0 0 0 3 4 0 0 4 0 0 0 0 0 4 4 0 0 4 0 0 0 0 0 4 0 0 0 1 4 0 0
Last Time Cost: 00000000 ms
Total Time Cost: 00000382 ms
Total Distance 45: 0 0 5 0 0 0 5 4 0 0 0 0 3 4 0 0 4 0 0 0 0 0 4 4 0 0 4 0 0 0 0 0 4 0 0 0 0 4 0 0
Last Time Cost: 00000002 ms
Total Time Cost: 00000384 ms
Total Distance 44: 0 0 5 0 0 0 5 4 0 0 0 0 2 4 0 0 4 0 0 0 0 0 4 4 0 0 4 0 0 0 0 0 4 0 0 0 0 4 0 0
Last Time Cost: 00000001 ms
Total Time Cost: 00000385 ms
Total Distance 43: 0 0 5 0 0 0 5 4 0 0 0 0 1 4 0 0 4 0 0 0 0 0 4 4 0 0 4 0 0 0 0 0 4 0 0 0 0 4 0 0
Last Time Cost: 00000000 ms
Total Time Cost: 00000385 ms
Total Distance 42: 0 0 5 0 0 0 5 4 0 0 0 0 0 4 0 0 4 0 0 0 0 0 4 4 0 0 4 0 0 0 0 0 4 0 0 0 0 4 0 0
Last Time Cost: 00000003 ms
Total Time Cost: 00000388 ms
Total Distance 39: 0 0 5 0 0 0 5 4 0 0 0 0 0 3 0 0 4 0 0 0 0 0 3 3 0 0 4 0 0 0 0 0 4 0 0 0 0 4 0 0
Last Time Cost: 00000002 ms
Total Time Cost: 00000390 ms
Total Distance 37: 0 0 5 0 0 0 5 4 0 0 0 0 0 2 0 0 4 0 0 0 0 0 3 2 0 0 4 0 0 0 0 0 4 0 0 0 0 4 0 0
Last Time Cost: 00000002 ms
Total Time Cost: 00000392 ms
Total Distance 36: 0 0 5 0 0 0 5 4 0 0 0 0 0 2 0 0 4 0 0 0 0 0 3 1 0 0 4 0 0 0 0 0 4 0 0 0 0 4 0 0
Last Time Cost: 00000001 ms
Total Time Cost: 00000393 ms
Total Distance 35: 0 0 5 0 0 0 5 4 0 0 0 0 0 2 0 0 4 0 0 0 0 0 3 0 0 0 4 0 0 0 0 0 4 0 0 0 0 4 0 0
Last Time Cost: 00000002 ms
Total Time Cost: 00000395 ms
Total Distance 34: 0 0 5 0 0 0 5 4 0 0 0 0 0 1 0 0 4 0 0 0 0 0 3 0 0 0 4 0 0 0 0 0 4 0 0 0 0 4 0 0
Last Time Cost: 00000001 ms
Total Time Cost: 00000396 ms
Total Distance 33: 0 0 5 0 0 0 5 4 0 0 0 0 0 0 0 0 4 0 0 0 0 0 3 0 0 0 4 0 0 0 0 0 4 0 0 0 0 4 0 0
Last Time Cost: 00000002 ms
Total Time Cost: 00000398 ms
Total Distance 32: 0 0 5 0 0 0 5 4 0 0 0 0 0 0 0 0 4 0 0 0 0 0 2 0 0 0 4 0 0 0 0 0 4 0 0 0 0 4 0 0
Last Time Cost: 00000002 ms
Total Time Cost: 00000400 ms
Total Distance 31: 0 0 5 0 0 0 5 4 0 0 0 0 0 0 0 0 4 0 0 0 0 0 1 0 0 0 4 0 0 0 0 0 4 0 0 0 0 4 0 0
Last Time Cost: 00000001 ms
Total Time Cost: 00000401 ms
Total Distance 30: 0 0 5 0 0 0 5 4 0 0 0 0 0 0 0 0 4 0 0 0 0 0 0 0 0 0 4 0 0 0 0 0 4 0 0 0 0 4 0 0
Last Time Cost: 00000003 ms
Total Time Cost: 00000404 ms
Total Distance 27: 0 0 5 0 0 0 5 3 0 0 0 0 0 0 0 0 4 0 0 0 0 0 0 0 0 0 3 0 0 0 0 0 4 0 0 0 0 3 0 0
Last Time Cost: 00000002 ms
Total Time Cost: 00000406 ms
Total Distance 25: 0 0 5 0 0 0 5 2 0 0 0 0 0 0 0 0 4 0 0 0 0 0 0 0 0 0 3 0 0 0 0 0 4 0 0 0 0 2 0 0
Last Time Cost: 00000001 ms
Total Time Cost: 00000407 ms
Total Distance 24: 0 0 5 0 0 0 5 2 0 0 0 0 0 0 0 0 4 0 0 0 0 0 0 0 0 0 3 0 0 0 0 0 4 0 0 0 0 1 0 0
Last Time Cost: 00000000 ms
Total Time Cost: 00000407 ms
Total Distance 23: 0 0 5 0 0 0 5 2 0 0 0 0 0 0 0 0 4 0 0 0 0 0 0 0 0 0 3 0 0 0 0 0 4 0 0 0 0 0 0 0
Last Time Cost: 00000002 ms
Total Time Cost: 00000409 ms
Total Distance 22: 0 0 5 0 0 0 5 1 0 0 0 0 0 0 0 0 4 0 0 0 0 0 0 0 0 0 3 0 0 0 0 0 4 0 0 0 0 0 0 0
Last Time Cost: 00000000 ms
Total Time Cost: 00000409 ms
Total Distance 21: 0 0 5 0 0 0 5 0 0 0 0 0 0 0 0 0 4 0 0 0 0 0 0 0 0 0 3 0 0 0 0 0 4 0 0 0 0 0 0 0
Last Time Cost: 00000002 ms
Total Time Cost: 00000411 ms
Total Distance 20: 0 0 5 0 0 0 5 0 0 0 0 0 0 0 0 0 4 0 0 0 0 0 0 0 0 0 2 0 0 0 0 0 4 0 0 0 0 0 0 0
Last Time Cost: 00000002 ms
Total Time Cost: 00000413 ms
Total Distance 19: 0 0 5 0 0 0 5 0 0 0 0 0 0 0 0 0 4 0 0 0 0 0 0 0 0 0 1 0 0 0 0 0 4 0 0 0 0 0 0 0
Last Time Cost: 00000000 ms
Total Time Cost: 00000413 ms
Total Distance 18: 0 0 5 0 0 0 5 0 0 0 0 0 0 0 0 0 4 0 0 0 0 0 0 0 0 0 0 0 0 0 0 0 4 0 0 0 0 0 0 0
Last Time Cost: 00000002 ms
Total Time Cost: 00000415 ms
Total Distance 16: 0 0 4 0 0 0 5 0 0 0 0 0 0 0 0 0 4 0 0 0 0 0 0 0 0 0 0 0 0 0 0 0 3 0 0 0 0 0 0 0
Last Time Cost: 00000001 ms
Total Time Cost: 00000416 ms
Total Distance 14: 0 0 3 0 0 0 5 0 0 0 0 0 0 0 0 0 4 0 0 0 0 0 0 0 0 0 0 0 0 0 0 0 2 0 0 0 0 0 0 0
Last Time Cost: 00000001 ms
Total Time Cost: 00000417 ms
Total Distance 12: 0 0 2 0 0 0 5 0 0 0 0 0 0 0 0 0 4 0 0 0 0 0 0 0 0 0 0 0 0 0 0 0 1 0 0 0 0 0 0 0
Last Time Cost: 00000000 ms
Total Time Cost: 00000417 ms
Total Distance 11: 0 0 2 0 0 0 5 0 0 0 0 0 0 0 0 0 4 0 0 0 0 0 0 0 0 0 0 0 0 0 0 0 0 0 0 0 0 0 0 0
Last Time Cost: 00000002 ms
Total Time Cost: 00000419 ms
Total Distance 10: 0 0 1 0 0 0 5 0 0 0 0 0 0 0 0 0 4 0 0 0 0 0 0 0 0 0 0 0 0 0 0 0 0 0 0 0 0 0 0 0
Last Time Cost: 00000000 ms
Total Time Cost: 00000419 ms
Total Distance 9: 0 0 0 0 0 0 5 0 0 0 0 0 0 0 0 0 4 0 0 0 0 0 0 0 0 0 0 0 0 0 0 0 0 0 0 0 0 0 0 0
Last Time Cost: 00000002 ms
Total Time Cost: 00000421 ms
Total Distance 7: 0 0 0 0 0 0 4 0 0 0 0 0 0 0 0 0 3 0 0 0 0 0 0 0 0 0 0 0 0 0 0 0 0 0 0 0 0 0 0 0
Last Time Cost: 00000001 ms
Total Time Cost: 00000422 ms
Total Distance 5: 0 0 0 0 0 0 3 0 0 0 0 0 0 0 0 0 2 0 0 0 0 0 0 0 0 0 0 0 0 0 0 0 0 0 0 0 0 0 0 0
Last Time Cost: 00000001 ms
Total Time Cost: 00000423 ms
Total Distance 3: 0 0 0 0 0 0 2 0 0 0 0 0 0 0 0 0 1 0 0 0 0 0 0 0 0 0 0 0 0 0 0 0 0 0 0 0 0 0 0 0
Last Time Cost: 00000000 ms
Total Time Cost: 00000423 ms
Total Distance 2: 0 0 0 0 0 0 2 0 0 0 0 0 0 0 0 0 0 0 0 0 0 0 0 0 0 0 0 0 0 0 0 0 0 0 0 0 0 0 0 0
Last Time Cost: 00000001 ms
Total Time Cost: 00000424 ms
Total Distance 1: 0 0 0 0 0 0 1 0 0 0 0 0 0 0 0 0 0 0 0 0 0 0 0 0 0 0 0 0 0 0 0 0 0 0 0 0 0 0 0 0
Last Time Cost: 00000000 ms
Total Time Cost: 00000424 ms
Total Distance 0: 0 0 0 0 0 0 0 0 0 0 0 0 0 0 0 0 0 0 0 0 0 0 0 0 0 0 0 0 0 0 0 0 0 0 0 0 0 0 0 0
