Last Time Cost: 00000000 ms
Total Time Cost: 00000000 ms
Total Distance 553: 8 7 8 12 12 11 12 9 8 7 8 12 12 11 12 9 8 7 8 12 12 11 12 9 8 7 8 12 12 11 12 9 8 7 8 12 12 11 12 9 8 7 8 12 12 11 12 9 8 7 8 12 12 11 12 9
Last Time Cost: 00007834 ms
Total Time Cost: 00007834 ms
Total Distance 545: 8 7 8 12 12 11 12 9 8 7 8 12 12 11 11 9 8 7 8 12 12 11 12 9 8 7 8 12 12 11 11 9 7 7 8 11 12 10 11 9 8 7 8 12 12 11 11 9 8 7 8 12 12 11 12 8
Last Time Cost: 00008492 ms
Total Time Cost: 00016326 ms
Total Distance 537: 8 7 8 12 12 11 11 9 7 7 8 11 12 10 10 9 8 7 8 12 12 11 11 9 8 7 8 12 12 11 11 8 7 7 8 11 12 10 11 9 8 7 8 12 12 11 10 9 8 7 8 12 12 11 12 8
Last Time Cost: 00008819 ms
Total Time Cost: 00025145 ms
Total Distance 529: 7 7 8 11 12 10 10 9 7 7 8 11 12 10 9 9 8 7 8 12 12 11 11 8 8 7 8 12 12 11 11 8 7 7 8 11 12 10 10 9 8 7 8 12 12 11 10 9 8 7 8 12 12 11 11 8
Last Time Cost: 00009115 ms
Total Time Cost: 00034260 ms
Total Distance 521: 7 7 8 11 12 10 10 9 7 7 8 11 12 10 8 9 7 7 8 11 12 10 10 8 8 7 8 12 12 11 10 8 7 7 8 11 12 10 10 8 8 7 8 12 12 11 10 9 8 7 8 12 12 11 10 8
Last Time Cost: 00008690 ms
Total Time Cost: 00042950 ms
Total Distance 513: 7 7 8 11 12 10 9 9 7 7 8 11 12 10 8 8 7 7 8 11 12 10 10 8 8 7 8 12 12 11 9 8 7 7 8 11 12 10 10 8 8 7 8 12 12 11 9 9 7 7 8 11 12 10 9 8
Last Time Cost: 00009579 ms
Total Time Cost: 00052529 ms
Total Distance 505: 7 7 8 11 12 10 9 8 7 7 8 11 12 10 8 8 7 7 8 11 12 10 9 8 8 7 8 12 12 11 9 8 7 7 8 11 12 10 9 8 7 7 8 11 12 10 8 9 7 7 8 11 12 10 8 8
Last Time Cost: 00010007 ms
Total Time Cost: 00062536 ms
Total Distance 497: 7 7 8 11 12 10 8 8 7 7 8 11 12 10 8 8 7 7 8 11 12 10 8 8 7 7 8 11 12 10 8 8 7 7 8 11 12 10 8 8 7 7 8 11 12 10 8 8 7 7 8 11 12 10 8 8
Last Time Cost: 00010322 ms
Total Time Cost: 00072858 ms
Total Distance 493: 6 7 8 11 12 10 8 8 7 7 7 11 12 10 8 8 6 7 8 11 12 10 8 8 7 7 8 11 12 10 8 8 6 7 8 11 12 10 8 8 7 7 8 11 12 10 8 8 7 7 8 11 12 10 8 8
Last Time Cost: 00011741 ms
Total Time Cost: 00084599 ms
Total Distance 489: 6 7 8 11 12 10 8 8 6 7 7 11 12 10 8 8 6 7 8 11 12 10 8 8 7 7 8 11 12 10 8 8 5 7 8 11 12 10 8 8 7 7 7 11 12 10 8 8 6 7 8 11 12 10 8 8
Last Time Cost: 00013267 ms
Total Time Cost: 00097866 ms
Total Distance 485: 5 7 8 11 12 10 8 8 6 7 7 11 12 10 8 8 6 7 8 11 12 10 8 8 6 7 8 11 12 10 8 8 5 7 7 11 12 10 8 8 6 7 7 11 12 10 8 8 6 7 8 11 12 10 8 8
Last Time Cost: 00015100 ms
Total Time Cost: 00112966 ms
Total Distance 481: 5 7 7 11 12 10 8 8 6 7 7 11 12 10 8 8 6 7 7 11 12 10 8 8 6 7 8 11 12 10 8 8 5 7 7 10 12 10 8 8 5 7 7 11 12 10 8 8 6 7 8 11 12 10 8 8
Last Time Cost: 00015812 ms
Total Time Cost: 00128778 ms
Total Distance 477: 5 7 7 11 11 9 8 7 6 7 7 11 12 10 8 8 6 7 7 11 12 10 8 8 5 7 8 11 12 10 8 8 5 7 7 10 12 10 8 8 5 7 7 11 12 10 8 8 6 7 8 11 12 10 8 8
Last Time Cost: 00017614 ms
Total Time Cost: 00146392 ms
Total Distance 473: 5 7 7 11 11 8 8 7 6 7 7 11 12 9 8 8 6 7 7 11 11 10 8 8 5 7 8 11 12 10 8 8 5 7 7 10 12 10 8 8 5 7 7 11 12 10 8 8 6 7 8 11 12 10 7 8
Last Time Cost: 00019290 ms
Total Time Cost: 00165682 ms
Total Distance 469: 5 7 7 11 11 7 8 7 6 7 7 11 11 9 8 8 6 7 7 11 11 10 8 8 5 7 8 11 12 10 8 8 5 7 7 10 12 10 8 8 5 7 7 11 12 10 7 8 6 7 8 11 12 9 7 8
Last Time Cost: 00021378 ms
Total Time Cost: 00187060 ms
Total Distance 465: 5 7 7 11 10 7 8 7 6 7 7 11 11 9 8 8 6 7 7 11 11 10 8 8 5 7 8 11 12 10 8 8 5 7 7 10 12 10 7 8 5 7 7 11 12 9 7 8 6 7 8 11 12 8 7 8
Last Time Cost: 00022358 ms
Total Time Cost: 00209418 ms
Total Distance 461: 5 7 7 11 10 7 8 7 6 7 7 11 11 9 8 8 6 7 7 11 11 10 8 8 5 7 8 11 12 10 7 8 5 7 7 10 12 9 7 8 5 7 7 11 12 8 7 8 6 7 8 11 11 8 7 8
Last Time Cost: 00024244 ms
Total Time Cost: 00233662 ms
Total Distance 457: 5 7 7 11 10 7 7 7 6 7 7 11 11 8 8 8 6 7 7 11 11 9 8 8 5 7 8 11 11 10 7 8 5 7 7 10 12 9 7 8 5 7 7 11 12 8 7 8 6 7 8 11 11 8 7 8
Last Time Cost: 00026207 ms
Total Time Cost: 00259869 ms
Total Distance 453: 5 7 7 11 10 7 7 7 6 7 7 11 11 8 8 8 6 7 7 11 11 9 7 8 5 7 8 11 11 9 7 8 5 7 7 10 12 8 7 8 5 7 7 11 11 8 7 8 6 7 8 11 11 8 7 8
Last Time Cost: 00028314 ms
Total Time Cost: 00288183 ms
Total Distance 449: 5 7 7 11 10 7 7 7 6 7 7 11 11 8 7 8 6 7 7 11 11 8 7 8 5 7 8 11 11 8 7 8 5 7 7 10 11 8 7 8 5 7 7 11 11 8 7 8 6 7 8 11 11 8 7 8
Last Time Cost: 00030742 ms
Total Time Cost: 00318925 ms
Total Distance 445: 5 7 7 11 10 7 7 7 6 7 7 11 11 8 7 8 6 7 7 11 10 8 7 8 5 7 8 10 11 8 7 8 5 7 7 9 11 8 7 8 5 7 6 11 11 8 7 8 6 7 8 11 11 8 7 8
Last Time Cost: 00028477 ms
Total Time Cost: 00347402 ms
Total Distance 441: 5 7 7 11 10 7 7 7 6 7 7 11 10 8 7 8 6 7 7 10 10 8 7 8 5 7 8 9 11 8 7 8 5 7 6 9 11 8 7 8 5 7 6 11 11 8 7 8 6 7 8 11 11 8 7 8
Last Time Cost: 00025762 ms
Total Time Cost: 00373164 ms
Total Distance 437: 5 7 7 11 9 7 7 7 6 7 7 10 10 8 7 8 6 7 7 9 10 8 7 8 5 7 7 9 11 8 7 8 5 7 6 9 11 8 7 8 5 7 6 11 11 8 7 8 6 7 8 11 11 8 7 8
Last Time Cost: 00025251 ms
Total Time Cost: 00398415 ms
Total Distance 433: 5 7 7 10 9 7 7 7 6 7 7 9 10 8 7 8 6 7 6 9 10 8 7 8 5 7 7 9 11 8 7 8 5 7 6 9 11 8 7 8 5 7 6 11 11 8 7 8 6 7 8 11 10 8 7 8
Last Time Cost: 00021058 ms
Total Time Cost: 00419473 ms
Total Distance 429: 5 7 7 9 9 7 7 7 6 7 6 9 10 8 7 8 6 7 6 9 10 8 7 8 5 7 7 9 11 8 7 8 5 7 6 9 11 8 7 8 5 7 6 11 10 8 7 8 6 7 8 10 10 8 7 8
Last Time Cost: 00015661 ms
Total Time Cost: 00435134 ms
Total Distance 425: 5 7 6 9 9 7 7 7 6 7 6 9 10 8 7 8 6 7 6 9 10 8 7 8 5 7 7 9 11 8 7 8 5 7 6 9 10 8 7 8 5 7 6 10 10 8 7 8 6 7 8 9 10 8 7 8
Last Time Cost: 00008274 ms
Total Time Cost: 00443408 ms
Total Distance 422: 5 7 6 9 9 7 7 6 6 6 6 9 10 8 7 8 6 7 6 9 10 8 7 8 4 7 7 9 11 8 7 8 5 7 6 9 10 8 7 8 5 7 6 10 10 8 7 8 6 7 8 9 10 8 7 8
Last Time Cost: 00008969 ms
Total Time Cost: 00452377 ms
Total Distance 419: 5 7 6 9 9 7 7 6 6 6 6 9 10 8 7 8 6 7 6 9 10 8 6 8 3 7 7 9 11 8 7 8 5 7 6 9 10 8 7 8 5 7 6 10 10 8 7 7 6 7 8 9 10 8 7 8
Last Time Cost: 00009771 ms
Total Time Cost: 00462148 ms
Total Distance 416: 5 7 6 9 9 7 7 6 6 5 6 9 10 8 7 8 6 7 6 9 10 8 6 8 3 6 7 9 11 8 7 8 5 7 6 9 10 8 7 8 5 7 6 10 10 8 7 7 6 6 8 9 10 8 7 8
Last Time Cost: 00010568 ms
Total Time Cost: 00472716 ms
Total Distance 413: 5 7 6 9 9 7 7 6 5 5 6 9 10 8 7 8 6 7 6 9 10 8 6 8 3 6 7 9 11 8 7 8 5 7 6 9 10 8 7 8 5 7 6 10 10 8 7 6 6 5 8 9 10 8 7 8
Last Time Cost: 00011467 ms
Total Time Cost: 00484183 ms
Total Distance 410: 5 7 6 9 9 7 7 6 5 5 6 9 10 8 7 7 6 6 6 9 10 8 6 8 3 6 7 9 11 8 7 8 4 7 6 9 10 8 7 8 5 7 6 10 10 8 7 6 6 5 8 9 10 8 7 8
Last Time Cost: 00012628 ms
Total Time Cost: 00496811 ms
Total Distance 407: 5 6 6 9 9 7 7 6 5 5 6 9 10 8 7 7 6 5 6 9 10 8 6 8 3 6 7 9 11 8 7 8 4 6 6 9 10 8 7 8 5 7 6 10 10 8 7 6 6 5 8 9 10 8 7 8
Last Time Cost: 00013708 ms
Total Time Cost: 00510519 ms
Total Distance 404: 5 5 6 9 9 7 7 6 5 5 6 9 10 8 7 7 6 5 6 9 10 8 6 8 3 5 7 9 11 8 7 8 4 6 6 9 10 8 7 8 5 6 6 10 10 8 7 6 6 5 8 9 10 8 7 8
Last Time Cost: 00014813 ms
Total Time Cost: 00525332 ms
Total Distance 401: 5 4 6 9 9 7 7 6 5 5 6 9 10 8 7 7 5 5 6 9 10 8 6 8 3 5 7 9 11 8 7 8 4 6 6 9 10 8 7 7 5 6 6 10 10 8 7 6 6 5 8 9 10 8 7 8
Last Time Cost: 00016079 ms
Total Time Cost: 00541411 ms
Total Distance 398: 4 4 6 9 9 7 7 6 5 5 6 9 10 8 7 7 5 5 6 9 10 8 6 8 3 5 7 9 11 8 7 8 4 6 6 9 10 8 7 6 5 5 6 10 10 8 7 6 6 5 8 9 10 8 7 8
Last Time Cost: 00017536 ms
Total Time Cost: 00558947 ms
Total Distance 395: 4 4 6 9 9 7 7 6 5 5 6 9 10 8 6 7 4 5 6 9 10 8 6 8 3 5 7 9 11 8 7 8 4 6 6 9 10 8 7 5 5 5 6 10 10 8 7 6 6 5 8 9 10 8 7 8
Last Time Cost: 00018782 ms
Total Time Cost: 00577729 ms
Total Distance 392: 4 4 6 9 9 7 7 6 5 5 6 9 10 8 6 6 4 5 6 9 10 8 6 8 3 5 7 9 11 8 7 8 4 5 6 9 10 8 7 5 5 5 6 10 10 8 7 6 5 5 8 9 10 8 7 8
Last Time Cost: 00020173 ms
Total Time Cost: 00597902 ms
Total Distance 389: 4 4 6 9 9 7 7 6 5 5 6 9 10 8 6 5 4 5 6 9 10 8 6 8 3 5 7 9 11 8 7 8 4 5 6 9 10 8 7 5 5 5 6 10 10 8 6 6 4 5 8 9 10 8 7 8
Last Time Cost: 00021722 ms
Total Time Cost: 00619624 ms
Total Distance 386: 4 4 6 9 9 7 7 6 5 5 6 9 10 8 5 5 4 5 6 9 10 8 6 8 3 5 7 9 11 8 7 8 4 5 6 9 10 8 7 5 5 5 6 10 10 8 5 6 4 5 8 9 10 8 7 7
Last Time Cost: 00023601 ms
Total Time Cost: 00643225 ms
Total Distance 383: 4 4 6 9 9 7 7 6 5 5 6 9 10 8 4 5 4 5 6 9 10 8 6 7 3 5 7 9 11 8 7 8 4 5 6 9 10 8 6 5 5 5 6 10 10 8 5 6 4 5 8 9 10 8 7 7
Last Time Cost: 00025360 ms
Total Time Cost: 00668585 ms
Total Distance 380: 4 4 6 9 9 6 7 6 5 5 6 9 10 8 4 5 4 5 6 9 10 7 5 7 3 5 7 9 11 8 7 8 4 5 6 9 10 8 6 5 5 5 6 10 10 8 5 6 4 5 8 9 10 8 7 7
Last Time Cost: 00027199 ms
Total Time Cost: 00695784 ms
Total Distance 377: 4 4 6 9 9 6 7 5 5 5 6 9 10 8 4 5 4 5 6 9 10 7 5 7 3 5 7 9 11 8 7 8 4 5 6 9 10 8 6 5 4 5 6 9 10 8 5 6 4 5 8 9 10 8 7 7
Last Time Cost: 00028894 ms
Total Time Cost: 00724678 ms
Total Distance 374: 4 4 6 9 9 5 6 5 5 5 6 9 10 8 4 5 4 5 6 9 10 7 5 7 3 5 7 9 11 8 7 8 4 5 6 9 10 8 6 5 4 5 6 9 10 7 5 6 4 5 8 9 10 8 7 7
Last Time Cost: 00031540 ms
Total Time Cost: 00756218 ms
Total Distance 371: 4 4 6 9 9 5 6 5 4 5 6 8 10 8 4 5 4 5 6 9 10 7 5 7 3 5 7 9 11 8 7 7 4 5 6 9 10 8 6 5 4 5 6 9 10 7 5 6 4 5 8 9 10 8 7 7
Last Time Cost: 00033351 ms
Total Time Cost: 00789569 ms
Total Distance 368: 4 4 6 9 9 5 6 5 4 5 6 8 10 8 4 5 4 5 6 9 10 7 5 7 3 5 7 9 11 8 7 6 4 5 6 9 10 8 5 5 4 5 6 8 10 7 5 6 4 5 8 9 10 8 7 7
Last Time Cost: 00034729 ms
Total Time Cost: 00824298 ms
Total Distance 365: 4 4 6 9 9 5 6 5 4 5 6 8 10 7 4 5 4 5 6 9 10 7 5 7 3 5 7 9 11 7 6 6 4 5 6 9 10 8 5 5 4 5 6 8 10 7 5 6 4 5 8 9 10 8 7 7
Last Time Cost: 00037125 ms
Total Time Cost: 00861423 ms
Total Distance 362: 4 4 6 9 8 5 6 5 4 5 6 8 10 7 4 5 4 5 6 9 10 7 5 7 3 5 7 9 11 6 6 5 4 5 6 9 10 8 5 5 4 5 6 8 10 7 5 6 4 5 8 9 10 8 7 7
Last Time Cost: 00039650 ms
Total Time Cost: 00901073 ms
Total Distance 359: 4 4 6 9 8 5 6 5 4 5 6 8 10 7 4 5 4 5 6 9 10 7 5 7 3 5 7 9 11 6 6 5 4 5 6 9 10 7 5 5 4 5 6 8 10 7 5 6 4 5 8 9 10 7 6 7
Last Time Cost: 00043611 ms
Total Time Cost: 00944684 ms
Total Distance 356: 4 4 6 9 8 5 6 5 4 5 6 8 10 7 4 5 4 5 6 9 9 7 5 6 3 5 7 9 11 6 6 5 4 5 6 9 10 7 5 5 4 5 6 8 10 7 5 6 4 5 8 9 10 7 5 7
Last Time Cost: 00046095 ms
Total Time Cost: 00990779 ms
Total Distance 353: 4 4 6 9 8 5 6 5 4 5 6 8 10 7 4 5 4 5 6 9 9 7 5 6 3 5 7 9 11 6 6 5 4 5 6 9 10 7 5 5 4 5 6 8 10 7 5 6 4 5 8 9 9 6 5 6
Last Time Cost: 00048894 ms
Total Time Cost: 01039673 ms
Total Distance 350: 4 4 6 9 8 5 6 5 4 5 6 8 10 7 4 5 4 5 6 9 9 7 5 6 3 5 7 9 11 6 6 5 4 5 6 8 10 7 5 5 4 5 6 7 10 7 5 6 4 5 7 9 9 6 5 6
Last Time Cost: 00050595 ms
Total Time Cost: 01090268 ms
Total Distance 347: 4 4 6 9 8 5 6 5 4 5 6 8 10 7 4 5 4 5 6 9 9 7 5 6 3 5 6 9 11 6 6 5 4 5 6 8 10 7 5 5 4 5 6 7 9 7 5 6 4 5 7 8 9 6 5 6
Last Time Cost: 00052087 ms
Total Time Cost: 01142355 ms
Total Distance 344: 4 4 6 9 8 5 6 5 4 5 6 8 9 7 4 5 4 5 6 8 9 7 5 6 3 5 6 9 11 6 6 5 4 5 6 8 10 7 5 5 4 5 6 7 9 7 5 6 4 5 6 8 9 6 5 6
Last Time Cost: 00053622 ms
Total Time Cost: 01195977 ms
Total Distance 342: 4 4 6 9 8 5 6 5 3 5 6 8 9 7 4 5 4 5 6 8 9 7 5 6 3 5 6 9 11 6 6 5 4 5 6 8 10 7 5 5 4 5 6 7 9 7 5 6 3 5 6 8 9 6 5 6
Last Time Cost: 00058293 ms
Total Time Cost: 01254270 ms
Total Distance 340: 3 4 6 9 8 5 6 5 3 5 6 8 9 7 4 5 4 5 6 8 9 7 5 6 3 5 6 9 11 6 6 5 4 5 5 8 10 7 5 5 4 5 6 7 9 7 5 6 3 5 6 8 9 6 5 6
Last Time Cost: 00062279 ms
Total Time Cost: 01316549 ms
Total Distance 338: 3 4 6 9 8 5 6 5 3 5 5 8 9 7 4 5 3 5 6 8 9 7 5 6 3 5 6 9 11 6 6 5 4 5 5 8 10 7 5 5 4 5 6 7 9 7 5 6 3 5 6 8 9 6 5 6
Last Time Cost: 00066516 ms
Total Time Cost: 01383065 ms
Total Distance 336: 3 4 6 9 8 5 6 5 3 5 5 8 9 7 4 5 3 4 6 8 9 7 5 6 3 5 6 9 11 6 6 5 4 4 5 8 10 7 5 5 4 5 6 7 9 7 5 6 3 5 6 8 9 6 5 6
Last Time Cost: 00070947 ms
Total Time Cost: 01454012 ms
Total Distance 334: 3 4 6 9 8 5 6 5 3 5 5 8 9 7 4 4 3 4 6 8 9 7 5 6 3 5 6 9 11 6 6 5 4 4 5 8 10 7 5 5 4 5 6 7 9 7 4 6 3 5 6 8 9 6 5 6
Last Time Cost: 00076583 ms
Total Time Cost: 01530595 ms
Total Distance 332: 3 4 6 9 8 5 6 5 3 5 5 8 9 7 4 3 3 4 6 8 9 7 5 6 3 5 6 9 11 6 6 5 4 4 5 8 10 7 5 5 4 5 6 7 9 7 4 6 3 5 6 8 9 6 5 5
Last Time Cost: 00081637 ms
Total Time Cost: 01612232 ms
Total Distance 330: 3 4 6 9 8 5 6 5 3 5 5 8 9 7 4 3 3 4 5 8 9 7 5 6 3 5 6 9 11 6 6 5 4 4 5 8 10 7 5 5 4 4 6 7 9 7 4 6 3 5 6 8 9 6 5 5
Last Time Cost: 00086931 ms
Total Time Cost: 01699163 ms
Total Distance 328: 3 4 5 9 8 5 6 5 3 5 5 8 9 7 4 3 3 4 4 8 9 7 5 6 3 5 6 9 11 6 6 5 4 4 5 8 10 7 5 5 4 4 6 7 9 7 4 6 3 5 6 8 9 6 5 5
Last Time Cost: 00092368 ms
Total Time Cost: 01791531 ms
Total Distance 326: 3 4 4 9 8 5 6 5 3 4 5 8 9 7 4 3 3 4 4 8 9 7 5 6 3 5 6 9 11 6 6 5 4 4 5 8 10 7 5 5 4 4 6 7 9 7 4 6 3 5 6 8 9 6 5 5
Last Time Cost: 00097863 ms
Total Time Cost: 01889394 ms
Total Distance 324: 3 4 4 9 8 5 6 5 3 4 5 8 9 7 4 3 3 4 4 8 9 7 5 5 3 4 6 9 11 6 6 5 4 4 5 8 10 7 5 5 4 4 6 7 9 7 4 6 3 5 6 8 9 6 5 5
Last Time Cost: 00103684 ms
Total Time Cost: 01993078 ms
Total Distance 322: 3 4 4 9 8 5 6 5 3 4 5 8 9 7 4 3 3 4 4 8 9 7 5 4 3 4 6 9 11 6 6 5 4 4 5 8 10 7 4 5 4 4 6 7 9 7 4 6 3 5 6 8 9 6 5 5
Last Time Cost: 00110127 ms
Total Time Cost: 02103205 ms
Total Distance 320: 3 4 4 9 8 5 6 5 3 4 5 8 9 7 4 3 3 4 4 8 9 7 5 4 3 3 6 9 11 6 6 5 4 4 5 8 10 7 4 5 4 4 6 7 9 7 4 6 3 5 5 8 9 6 5 5
Last Time Cost: 00116625 ms
Total Time Cost: 02219830 ms
Total Distance 317: 3 4 4 9 8 5 6 5 3 4 4 8 9 7 4 3 3 4 4 8 9 7 5 4 3 3 6 9 11 6 6 5 4 4 5 7 10 7 4 5 4 4 6 7 8 7 4 6 3 5 5 8 9 6 5 5
Last Time Cost: 00122664 ms
Total Time Cost: 02342494 ms
Total Distance 315: 3 4 4 9 8 5 6 5 3 4 3 8 9 7 4 3 3 4 4 8 9 7 5 4 3 3 6 9 11 6 6 5 4 4 5 7 10 7 4 5 4 4 6 7 8 7 4 6 3 5 4 8 9 6 5 5
Last Time Cost: 00130108 ms
Total Time Cost: 02472602 ms
Total Distance 313: 3 4 4 9 8 5 6 5 3 4 3 8 9 7 4 3 3 4 4 8 9 7 5 4 3 2 6 9 11 6 6 5 4 4 5 6 10 7 4 5 4 4 6 7 8 7 4 6 3 5 4 8 9 6 5 5
Last Time Cost: 00138471 ms
Total Time Cost: 02611073 ms
Total Distance 311: 3 4 4 9 8 5 6 5 3 4 3 8 9 7 4 3 3 4 4 8 9 7 5 4 3 2 6 9 11 6 6 5 3 4 5 5 10 7 4 5 4 4 6 7 8 7 4 6 3 5 4 8 9 6 5 5
Last Time Cost: 00146941 ms
Total Time Cost: 02758014 ms
Total Distance 309: 3 4 4 9 8 5 5 5 3 4 3 8 9 7 4 3 3 4 4 8 9 7 4 4 3 2 6 9 11 6 6 5 3 4 5 5 10 7 4 5 4 4 6 7 8 7 4 6 3 5 4 8 9 6 5 5
Last Time Cost: 00156511 ms
Total Time Cost: 02914525 ms
Total Distance 307: 3 4 4 9 8 5 5 5 3 4 3 8 9 7 4 3 3 4 4 8 9 7 3 4 3 2 6 9 11 6 6 5 3 4 5 5 10 7 4 5 4 4 6 7 8 7 4 5 3 5 4 8 9 6 5 5
Last Time Cost: 00165632 ms
Total Time Cost: 03080157 ms
Total Distance 305: 3 4 4 9 8 5 4 5 3 4 3 8 9 7 4 3 3 4 4 8 9 7 3 4 3 2 6 9 11 6 6 5 3 4 5 5 10 7 4 5 4 4 6 7 8 7 4 4 3 5 4 8 9 6 5 5
Last Time Cost: 00174782 ms
Total Time Cost: 03254939 ms
Total Distance 303: 3 4 4 9 8 5 3 5 3 4 3 8 9 7 4 3 3 4 4 8 9 7 3 4 3 2 6 9 11 6 6 5 3 4 5 5 10 7 4 5 4 4 6 7 8 7 4 4 3 5 4 8 9 6 5 4
Last Time Cost: 00186434 ms
Total Time Cost: 03441373 ms
Total Distance 301: 3 4 4 9 8 5 3 5 3 4 3 8 9 7 4 3 3 4 4 8 9 7 3 4 3 2 6 9 11 6 6 5 3 4 5 5 10 7 4 5 4 4 6 6 8 7 4 4 3 5 3 8 9 6 5 4
Last Time Cost: 00198739 ms
Total Time Cost: 03640112 ms
Total Distance 299: 3 4 4 9 8 5 3 5 3 4 3 8 9 7 4 3 3 4 4 7 9 7 3 4 3 2 6 9 11 6 6 5 3 4 5 5 10 7 4 5 4 4 6 6 8 7 4 4 3 5 2 8 9 6 5 4
Last Time Cost: 00210520 ms
Total Time Cost: 03850632 ms
Total Distance 297: 3 4 4 9 8 5 3 5 3 4 3 8 9 7 4 3 3 4 4 7 9 6 3 4 3 2 6 9 11 6 6 5 3 3 5 5 10 7 4 5 4 4 6 6 8 7 4 4 3 5 2 8 9 6 5 4
Last Time Cost: 00222437 ms
Total Time Cost: 04073069 ms
Total Distance 295: 3 4 4 9 8 5 3 5 3 4 2 8 9 7 4 3 3 4 4 7 9 6 3 4 3 2 6 9 11 6 6 5 3 3 5 5 10 7 4 5 4 4 6 6 8 7 4 4 3 5 2 7 9 6 5 4
Last Time Cost: 00236876 ms
Total Time Cost: 04309945 ms
Total Distance 293: 3 4 4 9 8 5 3 5 3 4 2 8 9 7 3 3 3 4 4 6 9 6 3 4 3 2 6 9 11 6 6 5 3 3 5 5 10 7 4 5 4 4 6 6 8 7 4 4 3 5 2 7 9 6 5 4
Last Time Cost: 00248975 ms
Total Time Cost: 04558920 ms
Total Distance 291: 3 4 4 9 8 4 3 5 3 4 2 8 9 7 3 3 3 4 4 6 9 6 3 4 3 2 6 9 11 6 6 5 3 3 5 5 10 7 4 5 4 4 6 6 8 7 4 4 3 5 2 6 9 6 5 4
Last Time Cost: 00268072 ms
Total Time Cost: 04826992 ms
Total Distance 289: 3 4 4 9 8 4 3 5 3 4 2 8 9 7 3 3 3 4 4 5 9 6 3 4 3 2 5 9 11 6 6 5 3 3 5 5 10 7 4 5 4 4 6 6 8 7 4 4 3 5 2 6 9 6 5 4
Last Time Cost: 00282540 ms
Total Time Cost: 05109532 ms
Total Distance 287: 3 4 4 9 8 4 3 5 3 4 2 8 9 7 3 3 3 4 4 5 9 6 3 4 3 2 4 9 11 6 6 5 3 3 5 5 10 7 4 5 4 4 5 6 8 7 4 4 3 5 2 6 9 6 5 4
Last Time Cost: 00298353 ms
Total Time Cost: 05407885 ms
Total Distance 285: 2 4 4 8 8 4 3 5 3 4 2 8 9 7 3 3 3 4 4 5 9 6 3 4 3 2 4 9 11 6 6 5 3 3 5 5 10 7 4 5 4 4 5 6 8 7 4 4 3 5 2 6 9 6 5 4
Last Time Cost: 00308779 ms
Total Time Cost: 05716664 ms
Total Distance 283: 2 4 4 8 8 4 3 5 3 3 2 8 8 7 3 3 3 4 4 5 9 6 3 4 3 2 4 9 11 6 6 5 3 3 5 5 10 7 4 5 4 4 5 6 8 7 4 4 3 5 2 6 9 6 5 4
Last Time Cost: 00320568 ms
Total Time Cost: 06037232 ms
Total Distance 281: 2 4 4 8 8 4 3 5 3 3 2 8 8 7 3 3 3 4 4 5 9 6 3 4 3 2 4 9 11 6 5 5 3 3 5 5 10 6 4 5 4 4 5 6 8 7 4 4 3 5 2 6 9 6 5 4
Last Time Cost: 00338088 ms
Total Time Cost: 06375320 ms
Total Distance 279: 2 4 4 7 8 4 3 5 3 3 2 8 8 7 3 3 3 4 4 4 9 6 3 4 3 2 4 9 11 6 5 5 3 3 5 5 10 6 4 5 4 4 5 6 8 7 4 4 3 5 2 6 9 6 5 4
Last Time Cost: 00356123 ms
Total Time Cost: 06731443 ms
Total Distance 277: 2 4 4 6 8 4 3 5 3 3 2 8 8 7 3 3 3 4 4 4 9 6 3 4 3 2 4 9 11 6 5 5 3 3 5 5 10 6 4 5 4 4 5 6 8 7 4 4 3 4 2 6 9 6 5 4
Last Time Cost: 00382624 ms
Total Time Cost: 07114067 ms
Total Distance 275: 2 4 4 6 8 4 3 5 3 3 2 8 8 7 3 3 3 4 4 4 9 6 3 4 3 1 4 9 10 6 5 5 3 3 5 5 10 6 4 5 4 4 5 6 8 7 4 4 3 4 2 6 9 6 5 4
Last Time Cost: 00000583 ms
Total Time Cost: 07114650 ms
Total Distance 274: 2 4 4 6 8 4 3 5 3 3 2 8 8 7 3 3 3 4 4 4 9 6 3 4 3 0 4 9 10 6 5 5 3 3 5 5 10 6 4 5 4 4 5 6 8 7 4 4 3 4 2 6 9 6 5 4
Last Time Cost: 00057394 ms
Total Time Cost: 07172044 ms
Total Distance 272: 2 4 3 6 8 4 3 5 3 3 2 8 8 7 3 3 3 4 4 4 9 6 3 4 3 0 4 8 10 6 5 5 3 3 5 5 10 6 4 5 4 4 5 6 8 7 4 4 3 4 2 6 9 6 5 4
Last Time Cost: 00051727 ms
Total Time Cost: 07223771 ms
Total Distance 270: 2 4 3 6 8 4 3 5 3 3 2 8 8 7 3 3 3 4 3 4 9 6 3 4 3 0 4 8 10 6 5 5 3 3 5 5 10 6 4 5 4 4 5 6 8 7 4 4 3 4 2 6 8 6 5 4
Last Time Cost: 00044686 ms
Total Time Cost: 07268457 ms
Total Distance 267: 2 4 3 5 8 4 3 5 3 3 2 8 8 6 3 3 3 4 3 4 9 6 3 4 3 0 4 8 9 6 5 5 3 3 5 5 10 6 4 5 4 4 5 6 8 7 4 4 3 4 2 6 8 6 5 4
Last Time Cost: 00042256 ms
Total Time Cost: 07310713 ms
Total Distance 265: 2 4 3 5 8 4 3 5 3 3 2 8 8 6 3 3 3 4 3 4 9 6 3 4 3 0 4 7 9 6 5 5 3 3 4 5 10 6 4 5 4 4 5 6 8 7 4 4 3 4 2 6 8 6 5 4
Last Time Cost: 00043716 ms
Total Time Cost: 07354429 ms
Total Distance 263: 2 4 3 5 8 4 3 5 3 3 2 7 8 6 3 3 3 4 3 4 9 6 3 4 3 0 4 7 9 6 5 4 3 3 4 5 10 6 4 5 4 4 5 6 8 7 4 4 3 4 2 6 8 6 5 4
Last Time Cost: 00045770 ms
Total Time Cost: 07400199 ms
Total Distance 261: 2 4 3 4 8 4 3 5 3 3 2 7 8 6 3 3 3 4 3 4 9 6 3 4 3 0 4 7 9 6 5 4 3 3 4 5 10 6 4 5 4 4 5 6 8 7 4 4 3 4 2 6 7 6 5 4
Last Time Cost: 00047853 ms
Total Time Cost: 07448052 ms
Total Distance 259: 2 4 3 4 8 4 3 5 3 3 2 7 8 6 3 3 3 4 3 4 9 5 3 4 3 0 4 7 9 6 5 4 3 3 4 5 10 6 4 5 4 4 5 6 8 7 4 4 3 4 2 6 6 6 5 4
Last Time Cost: 00049454 ms
Total Time Cost: 07497506 ms
Total Distance 257: 2 4 3 3 8 4 3 5 3 3 2 7 8 6 3 3 3 4 3 4 9 5 3 4 3 0 4 7 8 6 5 4 3 3 4 5 10 6 4 5 4 4 5 6 8 7 4 4 3 4 2 6 6 6 5 4
Last Time Cost: 00038345 ms
Total Time Cost: 07535851 ms
Total Distance 255: 2 4 3 3 8 4 3 5 3 3 2 7 8 6 3 3 3 4 3 4 9 5 3 4 3 0 4 7 8 6 5 4 3 3 4 5 10 6 4 5 4 4 5 6 8 6 4 4 3 4 2 6 5 6 5 4
Last Time Cost: 00039722 ms
Total Time Cost: 07575573 ms
Total Distance 253: 2 4 3 3 7 4 3 5 3 3 2 7 8 6 3 3 3 4 3 4 9 5 3 4 3 0 4 7 8 6 5 4 3 3 4 5 10 6 4 5 4 4 5 6 8 6 4 4 3 4 2 6 5 5 5 4
Last Time Cost: 00041473 ms
Total Time Cost: 07617046 ms
Total Distance 251: 2 4 3 3 7 4 3 5 3 3 2 7 8 6 3 3 3 4 3 4 9 5 3 4 3 0 4 7 8 6 5 4 3 3 4 5 10 5 4 5 4 4 5 6 7 6 4 4 3 4 2 6 5 5 5 4
Last Time Cost: 00042738 ms
Total Time Cost: 07659784 ms
Total Distance 249: 2 4 3 3 7 4 3 5 3 3 2 7 8 6 3 3 3 4 3 4 8 5 3 4 3 0 4 7 8 6 5 4 3 3 4 5 10 5 4 5 4 4 5 6 7 6 4 4 3 4 2 6 5 5 4 4
Last Time Cost: 00028549 ms
Total Time Cost: 07688333 ms
Total Distance 247: 2 4 3 3 7 4 3 5 3 3 2 7 8 6 3 3 3 4 3 4 7 5 3 4 3 0 4 7 8 6 5 4 3 3 4 5 10 5 4 5 4 4 4 6 7 6 4 4 3 4 2 6 5 5 4 4
Last Time Cost: 00029415 ms
Total Time Cost: 07717748 ms
Total Distance 245: 2 4 3 3 7 4 3 5 3 3 2 7 7 6 3 3 3 4 3 4 7 5 3 4 3 0 4 7 8 6 5 4 3 3 4 5 10 5 4 5 4 4 4 5 7 6 4 4 3 4 2 6 5 5 4 4
Last Time Cost: 00030912 ms
Total Time Cost: 07748660 ms
Total Distance 243: 2 4 3 3 7 4 3 5 3 3 2 7 7 6 3 3 3 4 3 4 7 5 3 4 3 0 4 7 8 6 5 4 3 3 4 5 9 5 4 5 4 3 4 5 7 6 4 4 3 4 2 6 5 5 4 4
Last Time Cost: 00021278 ms
Total Time Cost: 07769938 ms
Total Distance 241: 2 4 3 3 6 4 3 5 3 3 2 6 7 6 3 3 3 4 3 4 7 5 3 4 3 0 4 7 8 6 5 4 3 3 4 5 9 5 4 5 4 3 4 5 7 6 4 4 3 4 2 6 5 5 4 4
Last Time Cost: 00021325 ms
Total Time Cost: 07791263 ms
Total Distance 239: 2 4 3 3 6 4 3 5 3 3 2 6 7 6 3 3 3 4 3 4 6 5 3 4 3 0 4 6 8 6 5 4 3 3 4 5 9 5 4 5 4 3 4 5 7 6 4 4 3 4 2 6 5 5 4 4
Last Time Cost: 00021678 ms
Total Time Cost: 07812941 ms
Total Distance 237: 2 4 3 3 6 4 3 5 3 3 2 6 7 6 3 3 3 4 3 4 6 5 3 4 3 0 4 6 8 6 5 4 3 3 4 5 8 5 4 5 4 3 4 4 7 6 4 4 3 4 2 6 5 5 4 4
Last Time Cost: 00001968 ms
Total Time Cost: 07814909 ms
Total Distance 236: 2 4 3 3 6 4 3 5 3 3 2 6 7 6 3 3 3 4 3 4 6 5 3 4 3 0 4 6 8 6 5 4 3 3 4 5 8 5 4 5 4 3 4 4 7 6 4 4 3 4 1 6 5 5 4 4
Last Time Cost: 00000132 ms
Total Time Cost: 07815041 ms
Total Distance 235: 2 4 3 3 6 4 3 5 3 3 2 6 7 6 3 3 3 4 3 4 6 5 3 4 3 0 4 6 8 6 5 4 3 3 4 5 8 5 4 5 4 3 4 4 7 6 4 4 3 4 0 6 5 5 4 4
Last Time Cost: 00002159 ms
Total Time Cost: 07817200 ms
Total Distance 234: 1 4 3 3 6 4 3 5 3 3 2 6 7 6 3 3 3 4 3 4 6 5 3 4 3 0 4 6 8 6 5 4 3 3 4 5 8 5 4 5 4 3 4 4 7 6 4 4 3 4 0 6 5 5 4 4
Last Time Cost: 00000135 ms
Total Time Cost: 07817335 ms
Total Distance 233: 0 4 3 3 6 4 3 5 3 3 2 6 7 6 3 3 3 4 3 4 6 5 3 4 3 0 4 6 8 6 5 4 3 3 4 5 8 5 4 5 4 3 4 4 7 6 4 4 3 4 0 6 5 5 4 4
Last Time Cost: 00002325 ms
Total Time Cost: 07819660 ms
Total Distance 232: 0 4 3 3 6 4 3 5 3 3 1 6 7 6 3 3 3 4 3 4 6 5 3 4 3 0 4 6 8 6 5 4 3 3 4 5 8 5 4 5 4 3 4 4 7 6 4 4 3 4 0 6 5 5 4 4
Last Time Cost: 00000113 ms
Total Time Cost: 07819773 ms
Total Distance 231: 0 4 3 3 6 4 3 5 3 3 0 6 7 6 3 3 3 4 3 4 6 5 3 4 3 0 4 6 8 6 5 4 3 3 4 5 8 5 4 5 4 3 4 4 7 6 4 4 3 4 0 6 5 5 4 4
Last Time Cost: 00002460 ms
Total Time Cost: 07822233 ms
Total Distance 230: 0 4 3 3 6 4 3 5 3 3 0 6 7 6 3 3 3 4 3 4 6 5 2 4 3 0 4 6 8 6 5 4 3 3 4 5 8 5 4 5 4 3 4 4 7 6 4 4 3 4 0 6 5 5 4 4
Last Time Cost: 00000115 ms
Total Time Cost: 07822348 ms
Total Distance 229: 0 4 3 3 6 4 3 5 3 3 0 6 7 6 3 3 3 4 3 4 6 5 1 4 3 0 4 6 8 6 5 4 3 3 4 5 8 5 4 5 4 3 4 4 7 6 4 4 3 4 0 6 5 5 4 4
Last Time Cost: 00000120 ms
Total Time Cost: 07822468 ms
Total Distance 228: 0 4 3 3 6 4 3 5 3 3 0 6 7 6 3 3 3 4 3 4 6 5 0 4 3 0 4 6 8 6 5 4 3 3 4 5 8 5 4 5 4 3 4 4 7 6 4 4 3 4 0 6 5 5 4 4
Last Time Cost: 00002721 ms
Total Time Cost: 07825189 ms
Total Distance 227: 0 4 2 3 6 4 3 5 3 3 0 6 7 6 3 3 3 4 3 4 6 5 0 4 3 0 4 6 8 6 5 4 3 3 4 5 8 5 4 5 4 3 4 4 7 6 4 4 3 4 0 6 5 5 4 4
Last Time Cost: 00000132 ms
Total Time Cost: 07825321 ms
Total Distance 226: 0 4 1 3 6 4 3 5 3 3 0 6 7 6 3 3 3 4 3 4 6 5 0 4 3 0 4 6 8 6 5 4 3 3 4 5 8 5 4 5 4 3 4 4 7 6 4 4 3 4 0 6 5 5 4 4
Last Time Cost: 00000130 ms
Total Time Cost: 07825451 ms
Total Distance 225: 0 4 0 3 6 4 3 5 3 3 0 6 7 6 3 3 3 4 3 4 6 5 0 4 3 0 4 6 8 6 5 4 3 3 4 5 8 5 4 5 4 3 4 4 7 6 4 4 3 4 0 6 5 5 4 4
Last Time Cost: 00003019 ms
Total Time Cost: 07828470 ms
Total Distance 224: 0 4 0 2 6 4 3 5 3 3 0 6 7 6 3 3 3 4 3 4 6 5 0 4 3 0 4 6 8 6 5 4 3 3 4 5 8 5 4 5 4 3 4 4 7 6 4 4 3 4 0 6 5 5 4 4
Last Time Cost: 00000136 ms
Total Time Cost: 07828606 ms
Total Distance 223: 0 4 0 1 6 4 3 5 3 3 0 6 7 6 3 3 3 4 3 4 6 5 0 4 3 0 4 6 8 6 5 4 3 3 4 5 8 5 4 5 4 3 4 4 7 6 4 4 3 4 0 6 5 5 4 4
Last Time Cost: 00000137 ms
Total Time Cost: 07828743 ms
Total Distance 222: 0 4 0 0 6 4 3 5 3 3 0 6 7 6 3 3 3 4 3 4 6 5 0 4 3 0 4 6 8 6 5 4 3 3 4 5 8 5 4 5 4 3 4 4 7 6 4 4 3 4 0 6 5 5 4 4
Last Time Cost: 00003404 ms
Total Time Cost: 07832147 ms
Total Distance 221: 0 4 0 0 6 4 3 5 3 3 0 6 7 6 3 3 2 4 3 4 6 5 0 4 3 0 4 6 8 6 5 4 3 3 4 5 8 5 4 5 4 3 4 4 7 6 4 4 3 4 0 6 5 5 4 4
Last Time Cost: 00000141 ms
Total Time Cost: 07832288 ms
Total Distance 220: 0 4 0 0 6 4 3 5 3 3 0 6 7 6 3 3 1 4 3 4 6 5 0 4 3 0 4 6 8 6 5 4 3 3 4 5 8 5 4 5 4 3 4 4 7 6 4 4 3 4 0 6 5 5 4 4
Last Time Cost: 00000151 ms
Total Time Cost: 07832439 ms
Total Distance 219: 0 4 0 0 6 4 3 5 3 3 0 6 7 6 3 3 0 4 3 4 6 5 0 4 3 0 4 6 8 6 5 4 3 3 4 5 8 5 4 5 4 3 4 4 7 6 4 4 3 4 0 6 5 5 4 4
Last Time Cost: 00003720 ms
Total Time Cost: 07836159 ms
Total Distance 218: 0 4 0 0 6 4 3 5 3 3 0 6 7 6 3 3 0 4 3 4 6 5 0 4 3 0 4 6 8 6 5 4 3 3 4 5 8 5 4 5 4 3 4 4 7 6 4 4 2 4 0 6 5 5 4 4
Last Time Cost: 00000146 ms
Total Time Cost: 07836305 ms
Total Distance 217: 0 4 0 0 6 4 3 5 3 3 0 6 7 6 3 3 0 4 3 4 6 5 0 4 3 0 4 6 8 6 5 4 3 3 4 5 8 5 4 5 4 3 4 4 7 6 4 4 1 4 0 6 5 5 4 4
Last Time Cost: 00000162 ms
Total Time Cost: 07836467 ms
Total Distance 216: 0 4 0 0 6 4 3 5 3 3 0 6 7 6 3 3 0 4 3 4 6 5 0 4 3 0 4 6 8 6 5 4 3 3 4 5 8 5 4 5 4 3 4 4 7 6 4 4 0 4 0 6 5 5 4 4
Last Time Cost: 00004064 ms
Total Time Cost: 07840531 ms
Total Distance 215: 0 4 0 0 6 4 3 5 3 3 0 6 7 6 3 3 0 4 3 4 6 5 0 4 2 0 4 6 8 6 5 4 3 3 4 5 8 5 4 5 4 3 4 4 7 6 4 4 0 4 0 6 5 5 4 4
Last Time Cost: 00000157 ms
Total Time Cost: 07840688 ms
Total Distance 214: 0 4 0 0 6 4 3 5 3 3 0 6 7 6 3 3 0 4 3 4 6 5 0 4 1 0 4 6 8 6 5 4 3 3 4 5 8 5 4 5 4 3 4 4 7 6 4 4 0 4 0 6 5 5 4 4
Last Time Cost: 00000159 ms
Total Time Cost: 07840847 ms
Total Distance 213: 0 4 0 0 6 4 3 5 3 3 0 6 7 6 3 3 0 4 3 4 6 5 0 4 0 0 4 6 8 6 5 4 3 3 4 5 8 5 4 5 4 3 4 4 7 6 4 4 0 4 0 6 5 5 4 4
Last Time Cost: 00004486 ms
Total Time Cost: 07845333 ms
Total Distance 212: 0 4 0 0 6 4 3 5 3 3 0 6 7 6 3 3 0 4 3 4 6 5 0 4 0 0 4 6 8 6 5 4 2 3 4 5 8 5 4 5 4 3 4 4 7 6 4 4 0 4 0 6 5 5 4 4
Last Time Cost: 00000217 ms
Total Time Cost: 07845550 ms
Total Distance 211: 0 4 0 0 6 4 3 5 3 3 0 6 7 6 3 3 0 4 3 4 6 5 0 4 0 0 4 6 8 6 5 4 1 3 4 5 8 5 4 5 4 3 4 4 7 6 4 4 0 4 0 6 5 5 4 4
Last Time Cost: 00000166 ms
Total Time Cost: 07845716 ms
Total Distance 210: 0 4 0 0 6 4 3 5 3 3 0 6 7 6 3 3 0 4 3 4 6 5 0 4 0 0 4 6 8 6 5 4 0 3 4 5 8 5 4 5 4 3 4 4 7 6 4 4 0 4 0 6 5 5 4 4
Last Time Cost: 00004911 ms
Total Time Cost: 07850627 ms
Total Distance 209: 0 4 0 0 6 4 2 5 3 3 0 6 7 6 3 3 0 4 3 4 6 5 0 4 0 0 4 6 8 6 5 4 0 3 4 5 8 5 4 5 4 3 4 4 7 6 4 4 0 4 0 6 5 5 4 4
Last Time Cost: 00000158 ms
Total Time Cost: 07850785 ms
Total Distance 208: 0 4 0 0 6 4 1 5 3 3 0 6 7 6 3 3 0 4 3 4 6 5 0 4 0 0 4 6 8 6 5 4 0 3 4 5 8 5 4 5 4 3 4 4 7 6 4 4 0 4 0 6 5 5 4 4
Last Time Cost: 00000163 ms
Total Time Cost: 07850948 ms
Total Distance 207: 0 4 0 0 6 4 0 5 3 3 0 6 7 6 3 3 0 4 3 4 6 5 0 4 0 0 4 6 8 6 5 4 0 3 4 5 8 5 4 5 4 3 4 4 7 6 4 4 0 4 0 6 5 5 4 4
Last Time Cost: 00005496 ms
Total Time Cost: 07856444 ms
Total Distance 206: 0 4 0 0 6 4 0 5 2 3 0 6 7 6 3 3 0 4 3 4 6 5 0 4 0 0 4 6 8 6 5 4 0 3 4 5 8 5 4 5 4 3 4 4 7 6 4 4 0 4 0 6 5 5 4 4
Last Time Cost: 00000174 ms
Total Time Cost: 07856618 ms
Total Distance 205: 0 4 0 0 6 4 0 5 1 3 0 6 7 6 3 3 0 4 3 4 6 5 0 4 0 0 4 6 8 6 5 4 0 3 4 5 8 5 4 5 4 3 4 4 7 6 4 4 0 4 0 6 5 5 4 4
Last Time Cost: 00000175 ms
Total Time Cost: 07856793 ms
Total Distance 204: 0 4 0 0 6 4 0 5 0 3 0 6 7 6 3 3 0 4 3 4 6 5 0 4 0 0 4 6 8 6 5 4 0 3 4 5 8 5 4 5 4 3 4 4 7 6 4 4 0 4 0 6 5 5 4 4
Last Time Cost: 00006045 ms
Total Time Cost: 07862838 ms
Total Distance 203: 0 4 0 0 6 4 0 5 0 2 0 6 7 6 3 3 0 4 3 4 6 5 0 4 0 0 4 6 8 6 5 4 0 3 4 5 8 5 4 5 4 3 4 4 7 6 4 4 0 4 0 6 5 5 4 4
Last Time Cost: 00000183 ms
Total Time Cost: 07863021 ms
Total Distance 202: 0 4 0 0 6 4 0 5 0 1 0 6 7 6 3 3 0 4 3 4 6 5 0 4 0 0 4 6 8 6 5 4 0 3 4 5 8 5 4 5 4 3 4 4 7 6 4 4 0 4 0 6 5 5 4 4
Last Time Cost: 00000185 ms
Total Time Cost: 07863206 ms
Total Distance 201: 0 4 0 0 6 4 0 5 0 0 0 6 7 6 3 3 0 4 3 4 6 5 0 4 0 0 4 6 8 6 5 4 0 3 4 5 8 5 4 5 4 3 4 4 7 6 4 4 0 4 0 6 5 5 4 4
Last Time Cost: 00006504 ms
Total Time Cost: 07869710 ms
Total Distance 200: 0 4 0 0 6 4 0 5 0 0 0 6 7 6 2 3 0 4 3 4 6 5 0 4 0 0 4 6 8 6 5 4 0 3 4 5 8 5 4 5 4 3 4 4 7 6 4 4 0 4 0 6 5 5 4 4
Last Time Cost: 00000252 ms
Total Time Cost: 07869962 ms
Total Distance 199: 0 4 0 0 6 4 0 5 0 0 0 6 7 6 1 3 0 4 3 4 6 5 0 4 0 0 4 6 8 6 5 4 0 3 4 5 8 5 4 5 4 3 4 4 7 6 4 4 0 4 0 6 5 5 4 4
Last Time Cost: 00000273 ms
Total Time Cost: 07870235 ms
Total Distance 198: 0 4 0 0 6 4 0 5 0 0 0 6 7 6 0 3 0 4 3 4 6 5 0 4 0 0 4 6 8 6 5 4 0 3 4 5 8 5 4 5 4 3 4 4 7 6 4 4 0 4 0 6 5 5 4 4
Last Time Cost: 00007255 ms
Total Time Cost: 07877490 ms
Total Distance 197: 0 4 0 0 6 4 0 5 0 0 0 6 7 6 0 3 0 4 3 4 6 5 0 4 0 0 4 6 8 6 5 4 0 2 4 5 8 5 4 5 4 3 4 4 7 6 4 4 0 4 0 6 5 5 4 4
Last Time Cost: 00000222 ms
Total Time Cost: 07877712 ms
Total Distance 196: 0 4 0 0 6 4 0 5 0 0 0 6 7 6 0 3 0 4 3 4 6 5 0 4 0 0 4 6 8 6 5 4 0 1 4 5 8 5 4 5 4 3 4 4 7 6 4 4 0 4 0 6 5 5 4 4
Last Time Cost: 00000211 ms
Total Time Cost: 07877923 ms
Total Distance 195: 0 4 0 0 6 4 0 5 0 0 0 6 7 6 0 3 0 4 3 4 6 5 0 4 0 0 4 6 8 6 5 4 0 0 4 5 8 5 4 5 4 3 4 4 7 6 4 4 0 4 0 6 5 5 4 4
Last Time Cost: 00007765 ms
Total Time Cost: 07885688 ms
Total Distance 194: 0 4 0 0 6 4 0 5 0 0 0 6 7 6 0 2 0 4 3 4 6 5 0 4 0 0 4 6 8 6 5 4 0 0 4 5 8 5 4 5 4 3 4 4 7 6 4 4 0 4 0 6 5 5 4 4
Last Time Cost: 00000223 ms
Total Time Cost: 07885911 ms
Total Distance 193: 0 4 0 0 6 4 0 5 0 0 0 6 7 6 0 1 0 4 3 4 6 5 0 4 0 0 4 6 8 6 5 4 0 0 4 5 8 5 4 5 4 3 4 4 7 6 4 4 0 4 0 6 5 5 4 4
Last Time Cost: 00000228 ms
Total Time Cost: 07886139 ms
Total Distance 192: 0 4 0 0 6 4 0 5 0 0 0 6 7 6 0 0 0 4 3 4 6 5 0 4 0 0 4 6 8 6 5 4 0 0 4 5 8 5 4 5 4 3 4 4 7 6 4 4 0 4 0 6 5 5 4 4
Last Time Cost: 00008414 ms
Total Time Cost: 07894553 ms
Total Distance 191: 0 4 0 0 6 4 0 5 0 0 0 6 7 6 0 0 0 4 3 4 6 5 0 4 0 0 4 6 8 6 5 4 0 0 4 5 8 5 4 5 4 2 4 4 7 6 4 4 0 4 0 6 5 5 4 4
Last Time Cost: 00000254 ms
Total Time Cost: 07894807 ms
Total Distance 190: 0 4 0 0 6 4 0 5 0 0 0 6 7 6 0 0 0 4 3 4 6 5 0 4 0 0 4 6 8 6 5 4 0 0 4 5 8 5 4 5 4 1 4 4 7 6 4 4 0 4 0 6 5 5 4 4
Last Time Cost: 00000238 ms
Total Time Cost: 07895045 ms
Total Distance 189: 0 4 0 0 6 4 0 5 0 0 0 6 7 6 0 0 0 4 3 4 6 5 0 4 0 0 4 6 8 6 5 4 0 0 4 5 8 5 4 5 4 0 4 4 7 6 4 4 0 4 0 6 5 5 4 4
Last Time Cost: 00009158 ms
Total Time Cost: 07904203 ms
Total Distance 188: 0 4 0 0 6 4 0 5 0 0 0 6 7 6 0 0 0 4 2 4 6 5 0 4 0 0 4 6 8 6 5 4 0 0 4 5 8 5 4 5 4 0 4 4 7 6 4 4 0 4 0 6 5 5 4 4
Last Time Cost: 00000249 ms
Total Time Cost: 07904452 ms
Total Distance 187: 0 4 0 0 6 4 0 5 0 0 0 6 7 6 0 0 0 4 1 4 6 5 0 4 0 0 4 6 8 6 5 4 0 0 4 5 8 5 4 5 4 0 4 4 7 6 4 4 0 4 0 6 5 5 4 4
Last Time Cost: 00000247 ms
Total Time Cost: 07904699 ms
Total Distance 186: 0 4 0 0 6 4 0 5 0 0 0 6 7 6 0 0 0 4 0 4 6 5 0 4 0 0 4 6 8 6 5 4 0 0 4 5 8 5 4 5 4 0 4 4 7 6 4 4 0 4 0 6 5 5 4 4
Last Time Cost: 00009950 ms
Total Time Cost: 07914649 ms
Total Distance 185: 0 4 0 0 6 4 0 5 0 0 0 6 7 6 0 0 0 4 0 4 6 5 0 4 0 0 3 6 8 6 5 4 0 0 4 5 8 5 4 5 4 0 4 4 7 6 4 4 0 4 0 6 5 5 4 4
Last Time Cost: 00000252 ms
Total Time Cost: 07914901 ms
Total Distance 184: 0 4 0 0 6 4 0 5 0 0 0 6 7 6 0 0 0 4 0 4 6 5 0 4 0 0 2 6 8 6 5 4 0 0 4 5 8 5 4 5 4 0 4 4 7 6 4 4 0 4 0 6 5 5 4 4
Last Time Cost: 00000273 ms
Total Time Cost: 07915174 ms
Total Distance 183: 0 4 0 0 6 4 0 5 0 0 0 6 7 6 0 0 0 4 0 4 6 5 0 4 0 0 1 6 8 6 5 4 0 0 4 5 8 5 4 5 4 0 4 4 7 6 4 4 0 4 0 6 5 5 4 4
Last Time Cost: 00000287 ms
Total Time Cost: 07915461 ms
Total Distance 182: 0 4 0 0 6 4 0 5 0 0 0 6 7 6 0 0 0 4 0 4 6 5 0 4 0 0 0 6 8 6 5 4 0 0 4 5 8 5 4 5 4 0 4 4 7 6 4 4 0 4 0 6 5 5 4 4
Last Time Cost: 00010933 ms
Total Time Cost: 07926394 ms
Total Distance 181: 0 4 0 0 6 4 0 5 0 0 0 6 7 6 0 0 0 4 0 4 6 5 0 4 0 0 0 6 8 6 5 4 0 0 4 5 8 5 4 5 4 0 4 4 7 6 4 4 0 4 0 6 5 5 3 4
Last Time Cost: 00000363 ms
Total Time Cost: 07926757 ms
Total Distance 180: 0 4 0 0 6 4 0 5 0 0 0 6 7 6 0 0 0 4 0 4 6 5 0 4 0 0 0 6 8 6 5 4 0 0 4 5 8 5 4 5 4 0 4 4 7 6 4 4 0 4 0 6 5 5 2 4
Last Time Cost: 00000362 ms
Total Time Cost: 07927119 ms
Total Distance 179: 0 4 0 0 6 4 0 5 0 0 0 6 7 6 0 0 0 4 0 4 6 5 0 4 0 0 0 6 8 6 5 4 0 0 4 5 8 5 4 5 4 0 4 4 7 6 4 4 0 4 0 6 5 5 1 4
Last Time Cost: 00000358 ms
Total Time Cost: 07927477 ms
Total Distance 178: 0 4 0 0 6 4 0 5 0 0 0 6 7 6 0 0 0 4 0 4 6 5 0 4 0 0 0 6 8 6 5 4 0 0 4 5 8 5 4 5 4 0 4 4 7 6 4 4 0 4 0 6 5 5 0 4
Last Time Cost: 00012623 ms
Total Time Cost: 07940100 ms
Total Distance 177: 0 4 0 0 6 4 0 5 0 0 0 6 7 6 0 0 0 4 0 4 6 5 0 4 0 0 0 6 8 6 5 3 0 0 4 5 8 5 4 5 4 0 4 4 7 6 4 4 0 4 0 6 5 5 0 4
Last Time Cost: 00000296 ms
Total Time Cost: 07940396 ms
Total Distance 176: 0 4 0 0 6 4 0 5 0 0 0 6 7 6 0 0 0 4 0 4 6 5 0 4 0 0 0 6 8 6 5 2 0 0 4 5 8 5 4 5 4 0 4 4 7 6 4 4 0 4 0 6 5 5 0 4
Last Time Cost: 00000294 ms
Total Time Cost: 07940690 ms
Total Distance 175: 0 4 0 0 6 4 0 5 0 0 0 6 7 6 0 0 0 4 0 4 6 5 0 4 0 0 0 6 8 6 5 1 0 0 4 5 8 5 4 5 4 0 4 4 7 6 4 4 0 4 0 6 5 5 0 4
Last Time Cost: 00000297 ms
Total Time Cost: 07940987 ms
Total Distance 174: 0 4 0 0 6 4 0 5 0 0 0 6 7 6 0 0 0 4 0 4 6 5 0 4 0 0 0 6 8 6 5 0 0 0 4 5 8 5 4 5 4 0 4 4 7 6 4 4 0 4 0 6 5 5 0 4
Last Time Cost: 00013846 ms
Total Time Cost: 07954833 ms
Total Distance 173: 0 4 0 0 6 4 0 5 0 0 0 6 7 6 0 0 0 3 0 4 6 5 0 4 0 0 0 6 8 6 5 0 0 0 4 5 8 5 4 5 4 0 4 4 7 6 4 4 0 4 0 6 5 5 0 4
Last Time Cost: 00000317 ms
Total Time Cost: 07955150 ms
Total Distance 172: 0 4 0 0 6 4 0 5 0 0 0 6 7 6 0 0 0 2 0 4 6 5 0 4 0 0 0 6 8 6 5 0 0 0 4 5 8 5 4 5 4 0 4 4 7 6 4 4 0 4 0 6 5 5 0 4
Last Time Cost: 00000333 ms
Total Time Cost: 07955483 ms
Total Distance 171: 0 4 0 0 6 4 0 5 0 0 0 6 7 6 0 0 0 1 0 4 6 5 0 4 0 0 0 6 8 6 5 0 0 0 4 5 8 5 4 5 4 0 4 4 7 6 4 4 0 4 0 6 5 5 0 4
Last Time Cost: 00000317 ms
Total Time Cost: 07955800 ms
Total Distance 170: 0 4 0 0 6 4 0 5 0 0 0 6 7 6 0 0 0 0 0 4 6 5 0 4 0 0 0 6 8 6 5 0 0 0 4 5 8 5 4 5 4 0 4 4 7 6 4 4 0 4 0 6 5 5 0 4
Last Time Cost: 00015234 ms
Total Time Cost: 07971034 ms
Total Distance 169: 0 4 0 0 6 4 0 5 0 0 0 6 7 6 0 0 0 0 0 4 6 5 0 4 0 0 0 6 8 6 5 0 0 0 4 5 8 5 4 5 4 0 4 4 7 6 4 4 0 4 0 6 5 5 0 3
Last Time Cost: 00000336 ms
Total Time Cost: 07971370 ms
Total Distance 168: 0 4 0 0 6 4 0 5 0 0 0 6 7 6 0 0 0 0 0 4 6 5 0 4 0 0 0 6 8 6 5 0 0 0 4 5 8 5 4 5 4 0 4 4 7 6 4 4 0 4 0 6 5 5 0 2
Last Time Cost: 00000341 ms
Total Time Cost: 07971711 ms
Total Distance 167: 0 4 0 0 6 4 0 5 0 0 0 6 7 6 0 0 0 0 0 4 6 5 0 4 0 0 0 6 8 6 5 0 0 0 4 5 8 5 4 5 4 0 4 4 7 6 4 4 0 4 0 6 5 5 0 1
Last Time Cost: 00000344 ms
Total Time Cost: 07972055 ms
Total Distance 166: 0 4 0 0 6 4 0 5 0 0 0 6 7 6 0 0 0 0 0 4 6 5 0 4 0 0 0 6 8 6 5 0 0 0 4 5 8 5 4 5 4 0 4 4 7 6 4 4 0 4 0 6 5 5 0 0
Last Time Cost: 00016724 ms
Total Time Cost: 07988779 ms
Total Distance 165: 0 3 0 0 6 4 0 5 0 0 0 6 7 6 0 0 0 0 0 4 6 5 0 4 0 0 0 6 8 6 5 0 0 0 4 5 8 5 4 5 4 0 4 4 7 6 4 4 0 4 0 6 5 5 0 0
Last Time Cost: 00000351 ms
Total Time Cost: 07989130 ms
Total Distance 164: 0 2 0 0 6 4 0 5 0 0 0 6 7 6 0 0 0 0 0 4 6 5 0 4 0 0 0 6 8 6 5 0 0 0 4 5 8 5 4 5 4 0 4 4 7 6 4 4 0 4 0 6 5 5 0 0
Last Time Cost: 00000353 ms
Total Time Cost: 07989483 ms
Total Distance 163: 0 1 0 0 6 4 0 5 0 0 0 6 7 6 0 0 0 0 0 4 6 5 0 4 0 0 0 6 8 6 5 0 0 0 4 5 8 5 4 5 4 0 4 4 7 6 4 4 0 4 0 6 5 5 0 0
Last Time Cost: 00000347 ms
Total Time Cost: 07989830 ms
Total Distance 162: 0 0 0 0 6 4 0 5 0 0 0 6 7 6 0 0 0 0 0 4 6 5 0 4 0 0 0 6 8 6 5 0 0 0 4 5 8 5 4 5 4 0 4 4 7 6 4 4 0 4 0 6 5 5 0 0
Last Time Cost: 00018485 ms
Total Time Cost: 08008315 ms
Total Distance 161: 0 0 0 0 6 4 0 5 0 0 0 6 7 6 0 0 0 0 0 4 6 5 0 4 0 0 0 6 8 6 5 0 0 0 4 5 8 5 4 5 4 0 4 4 7 6 4 3 0 4 0 6 5 5 0 0
Last Time Cost: 00000479 ms
Total Time Cost: 08008794 ms
Total Distance 160: 0 0 0 0 6 4 0 5 0 0 0 6 7 6 0 0 0 0 0 4 6 5 0 4 0 0 0 6 8 6 5 0 0 0 4 5 8 5 4 5 4 0 4 4 7 6 4 2 0 4 0 6 5 5 0 0
Last Time Cost: 00000478 ms
Total Time Cost: 08009272 ms
Total Distance 159: 0 0 0 0 6 4 0 5 0 0 0 6 7 6 0 0 0 0 0 4 6 5 0 4 0 0 0 6 8 6 5 0 0 0 4 5 8 5 4 5 4 0 4 4 7 6 4 1 0 4 0 6 5 5 0 0
Last Time Cost: 00000384 ms
Total Time Cost: 08009656 ms
Total Distance 158: 0 0 0 0 6 4 0 5 0 0 0 6 7 6 0 0 0 0 0 4 6 5 0 4 0 0 0 6 8 6 5 0 0 0 4 5 8 5 4 5 4 0 4 4 7 6 4 0 0 4 0 6 5 5 0 0
Last Time Cost: 00020885 ms
Total Time Cost: 08030541 ms
Total Distance 157: 0 0 0 0 6 4 0 5 0 0 0 6 7 6 0 0 0 0 0 4 6 5 0 3 0 0 0 6 8 6 5 0 0 0 4 5 8 5 4 5 4 0 4 4 7 6 4 0 0 4 0 6 5 5 0 0
Last Time Cost: 00000373 ms
Total Time Cost: 08030914 ms
Total Distance 156: 0 0 0 0 6 4 0 5 0 0 0 6 7 6 0 0 0 0 0 4 6 5 0 2 0 0 0 6 8 6 5 0 0 0 4 5 8 5 4 5 4 0 4 4 7 6 4 0 0 4 0 6 5 5 0 0
Last Time Cost: 00000388 ms
Total Time Cost: 08031302 ms
Total Distance 155: 0 0 0 0 6 4 0 5 0 0 0 6 7 6 0 0 0 0 0 4 6 5 0 1 0 0 0 6 8 6 5 0 0 0 4 5 8 5 4 5 4 0 4 4 7 6 4 0 0 4 0 6 5 5 0 0
Last Time Cost: 00000376 ms
Total Time Cost: 08031678 ms
Total Distance 154: 0 0 0 0 6 4 0 5 0 0 0 6 7 6 0 0 0 0 0 4 6 5 0 0 0 0 0 6 8 6 5 0 0 0 4 5 8 5 4 5 4 0 4 4 7 6 4 0 0 4 0 6 5 5 0 0
Last Time Cost: 00023031 ms
Total Time Cost: 08054709 ms
Total Distance 153: 0 0 0 0 6 4 0 5 0 0 0 6 7 6 0 0 0 0 0 4 6 5 0 0 0 0 0 6 8 6 5 0 0 0 4 5 8 5 3 5 4 0 4 4 7 6 4 0 0 4 0 6 5 5 0 0
Last Time Cost: 00000417 ms
Total Time Cost: 08055126 ms
Total Distance 152: 0 0 0 0 6 4 0 5 0 0 0 6 7 6 0 0 0 0 0 4 6 5 0 0 0 0 0 6 8 6 5 0 0 0 4 5 8 5 2 5 4 0 4 4 7 6 4 0 0 4 0 6 5 5 0 0
Last Time Cost: 00000411 ms
Total Time Cost: 08055537 ms
Total Distance 151: 0 0 0 0 6 4 0 5 0 0 0 6 7 6 0 0 0 0 0 4 6 5 0 0 0 0 0 6 8 6 5 0 0 0 4 5 8 5 1 5 4 0 4 4 7 6 4 0 0 4 0 6 5 5 0 0
Last Time Cost: 00000420 ms
Total Time Cost: 08055957 ms
Total Distance 150: 0 0 0 0 6 4 0 5 0 0 0 6 7 6 0 0 0 0 0 4 6 5 0 0 0 0 0 6 8 6 5 0 0 0 4 5 8 5 0 5 4 0 4 4 7 6 4 0 0 4 0 6 5 5 0 0
Last Time Cost: 00025196 ms
Total Time Cost: 08081153 ms
Total Distance 149: 0 0 0 0 6 4 0 5 0 0 0 6 7 6 0 0 0 0 0 4 6 5 0 0 0 0 0 6 8 6 5 0 0 0 4 5 8 5 0 5 4 0 4 4 7 6 4 0 0 3 0 6 5 5 0 0
Last Time Cost: 00000427 ms
Total Time Cost: 08081580 ms
Total Distance 148: 0 0 0 0 6 4 0 5 0 0 0 6 7 6 0 0 0 0 0 4 6 5 0 0 0 0 0 6 8 6 5 0 0 0 4 5 8 5 0 5 4 0 4 4 7 6 4 0 0 2 0 6 5 5 0 0
Last Time Cost: 00000443 ms
Total Time Cost: 08082023 ms
Total Distance 147: 0 0 0 0 6 4 0 5 0 0 0 6 7 6 0 0 0 0 0 4 6 5 0 0 0 0 0 6 8 6 5 0 0 0 4 5 8 5 0 5 4 0 4 4 7 6 4 0 0 1 0 6 5 5 0 0
Last Time Cost: 00000442 ms
Total Time Cost: 08082465 ms
Total Distance 146: 0 0 0 0 6 4 0 5 0 0 0 6 7 6 0 0 0 0 0 4 6 5 0 0 0 0 0 6 8 6 5 0 0 0 4 5 8 5 0 5 4 0 4 4 7 6 4 0 0 0 0 6 5 5 0 0
Last Time Cost: 00027575 ms
Total Time Cost: 08110040 ms
Total Distance 145: 0 0 0 0 6 4 0 5 0 0 0 6 7 6 0 0 0 0 0 4 6 5 0 0 0 0 0 6 8 6 5 0 0 0 3 5 8 5 0 5 4 0 4 4 7 6 4 0 0 0 0 6 5 5 0 0
Last Time Cost: 00000452 ms
Total Time Cost: 08110492 ms
Total Distance 144: 0 0 0 0 6 4 0 5 0 0 0 6 7 6 0 0 0 0 0 4 6 5 0 0 0 0 0 6 8 6 5 0 0 0 2 5 8 5 0 5 4 0 4 4 7 6 4 0 0 0 0 6 5 5 0 0
Last Time Cost: 00000455 ms
Total Time Cost: 08110947 ms
Total Distance 143: 0 0 0 0 6 4 0 5 0 0 0 6 7 6 0 0 0 0 0 4 6 5 0 0 0 0 0 6 8 6 5 0 0 0 1 5 8 5 0 5 4 0 4 4 7 6 4 0 0 0 0 6 5 5 0 0
Last Time Cost: 00000464 ms
Total Time Cost: 08111411 ms
Total Distance 142: 0 0 0 0 6 4 0 5 0 0 0 6 7 6 0 0 0 0 0 4 6 5 0 0 0 0 0 6 8 6 5 0 0 0 0 5 8 5 0 5 4 0 4 4 7 6 4 0 0 0 0 6 5 5 0 0
Last Time Cost: 00030540 ms
Total Time Cost: 08141951 ms
Total Distance 141: 0 0 0 0 6 4 0 5 0 0 0 6 7 6 0 0 0 0 0 3 6 5 0 0 0 0 0 6 8 6 5 0 0 0 0 5 8 5 0 5 4 0 4 4 7 6 4 0 0 0 0 6 5 5 0 0
Last Time Cost: 00000619 ms
Total Time Cost: 08142570 ms
Total Distance 140: 0 0 0 0 6 4 0 5 0 0 0 6 7 6 0 0 0 0 0 2 6 5 0 0 0 0 0 6 8 6 5 0 0 0 0 5 8 5 0 5 4 0 4 4 7 6 4 0 0 0 0 6 5 5 0 0
Last Time Cost: 00000629 ms
Total Time Cost: 08143199 ms
Total Distance 139: 0 0 0 0 6 4 0 5 0 0 0 6 7 6 0 0 0 0 0 1 6 5 0 0 0 0 0 6 8 6 5 0 0 0 0 5 8 5 0 5 4 0 4 4 7 6 4 0 0 0 0 6 5 5 0 0
Last Time Cost: 00000617 ms
Total Time Cost: 08143816 ms
Total Distance 138: 0 0 0 0 6 4 0 5 0 0 0 6 7 6 0 0 0 0 0 0 6 5 0 0 0 0 0 6 8 6 5 0 0 0 0 5 8 5 0 5 4 0 4 4 7 6 4 0 0 0 0 6 5 5 0 0
Last Time Cost: 00033017 ms
Total Time Cost: 08176833 ms
Total Distance 137: 0 0 0 0 6 4 0 5 0 0 0 6 7 6 0 0 0 0 0 0 6 5 0 0 0 0 0 6 8 6 5 0 0 0 0 5 8 5 0 5 4 0 4 3 7 6 4 0 0 0 0 6 5 5 0 0
Last Time Cost: 00000528 ms
Total Time Cost: 08177361 ms
Total Distance 136: 0 0 0 0 6 4 0 5 0 0 0 6 7 6 0 0 0 0 0 0 6 5 0 0 0 0 0 6 8 6 5 0 0 0 0 5 8 5 0 5 4 0 4 2 7 6 4 0 0 0 0 6 5 5 0 0
Last Time Cost: 00000572 ms
Total Time Cost: 08177933 ms
Total Distance 135: 0 0 0 0 6 4 0 5 0 0 0 6 7 6 0 0 0 0 0 0 6 5 0 0 0 0 0 6 8 6 5 0 0 0 0 5 8 5 0 5 4 0 4 1 7 6 4 0 0 0 0 6 5 5 0 0
Last Time Cost: 00000502 ms
Total Time Cost: 08178435 ms
Total Distance 134: 0 0 0 0 6 4 0 5 0 0 0 6 7 6 0 0 0 0 0 0 6 5 0 0 0 0 0 6 8 6 5 0 0 0 0 5 8 5 0 5 4 0 4 0 7 6 4 0 0 0 0 6 5 5 0 0
Last Time Cost: 00036351 ms
Total Time Cost: 08214786 ms
Total Distance 133: 0 0 0 0 6 4 0 5 0 0 0 6 7 6 0 0 0 0 0 0 6 5 0 0 0 0 0 6 8 6 5 0 0 0 0 5 8 5 0 5 3 0 4 0 7 6 4 0 0 0 0 6 5 5 0 0
Last Time Cost: 00000579 ms
Total Time Cost: 08215365 ms
Total Distance 132: 0 0 0 0 6 4 0 5 0 0 0 6 7 6 0 0 0 0 0 0 6 5 0 0 0 0 0 6 8 6 5 0 0 0 0 5 8 5 0 5 2 0 4 0 7 6 4 0 0 0 0 6 5 5 0 0
Last Time Cost: 00000577 ms
Total Time Cost: 08215942 ms
Total Distance 131: 0 0 0 0 6 4 0 5 0 0 0 6 7 6 0 0 0 0 0 0 6 5 0 0 0 0 0 6 8 6 5 0 0 0 0 5 8 5 0 5 1 0 4 0 7 6 4 0 0 0 0 6 5 5 0 0
Last Time Cost: 00000571 ms
Total Time Cost: 08216513 ms
Total Distance 130: 0 0 0 0 6 4 0 5 0 0 0 6 7 6 0 0 0 0 0 0 6 5 0 0 0 0 0 6 8 6 5 0 0 0 0 5 8 5 0 5 0 0 4 0 7 6 4 0 0 0 0 6 5 5 0 0
Last Time Cost: 00039310 ms
Total Time Cost: 08255823 ms
Total Distance 128: 0 0 0 0 5 4 0 5 0 0 0 6 7 6 0 0 0 0 0 0 6 5 0 0 0 0 0 6 8 6 5 0 0 0 0 5 8 5 0 4 0 0 4 0 7 6 4 0 0 0 0 6 5 5 0 0
Last Time Cost: 00040667 ms
Total Time Cost: 08296490 ms
Total Distance 126: 0 0 0 0 5 4 0 5 0 0 0 5 7 6 0 0 0 0 0 0 6 5 0 0 0 0 0 6 7 6 5 0 0 0 0 5 8 5 0 4 0 0 4 0 7 6 4 0 0 0 0 6 5 5 0 0
Last Time Cost: 00032657 ms
Total Time Cost: 08329147 ms
Total Distance 125: 0 0 0 0 5 3 0 5 0 0 0 5 7 6 0 0 0 0 0 0 6 5 0 0 0 0 0 6 7 6 5 0 0 0 0 5 8 5 0 4 0 0 4 0 7 6 4 0 0 0 0 6 5 5 0 0
Last Time Cost: 00000709 ms
Total Time Cost: 08329856 ms
Total Distance 124: 0 0 0 0 5 2 0 5 0 0 0 5 7 6 0 0 0 0 0 0 6 5 0 0 0 0 0 6 7 6 5 0 0 0 0 5 8 5 0 4 0 0 4 0 7 6 4 0 0 0 0 6 5 5 0 0
Last Time Cost: 00000718 ms
Total Time Cost: 08330574 ms
Total Distance 123: 0 0 0 0 5 1 0 5 0 0 0 5 7 6 0 0 0 0 0 0 6 5 0 0 0 0 0 6 7 6 5 0 0 0 0 5 8 5 0 4 0 0 4 0 7 6 4 0 0 0 0 6 5 5 0 0
Last Time Cost: 00000715 ms
Total Time Cost: 08331289 ms
Total Distance 122: 0 0 0 0 5 0 0 5 0 0 0 5 7 6 0 0 0 0 0 0 6 5 0 0 0 0 0 6 7 6 5 0 0 0 0 5 8 5 0 4 0 0 4 0 7 6 4 0 0 0 0 6 5 5 0 0
Last Time Cost: 00036928 ms
Total Time Cost: 08368217 ms
Total Distance 121: 0 0 0 0 5 0 0 5 0 0 0 5 7 6 0 0 0 0 0 0 6 5 0 0 0 0 0 6 7 6 5 0 0 0 0 5 8 5 0 4 0 0 4 0 7 6 3 0 0 0 0 6 5 5 0 0
Last Time Cost: 00000612 ms
Total Time Cost: 08368829 ms
Total Distance 120: 0 0 0 0 5 0 0 5 0 0 0 5 7 6 0 0 0 0 0 0 6 5 0 0 0 0 0 6 7 6 5 0 0 0 0 5 8 5 0 4 0 0 4 0 7 6 2 0 0 0 0 6 5 5 0 0
Last Time Cost: 00000653 ms
Total Time Cost: 08369482 ms
Total Distance 119: 0 0 0 0 5 0 0 5 0 0 0 5 7 6 0 0 0 0 0 0 6 5 0 0 0 0 0 6 7 6 5 0 0 0 0 5 8 5 0 4 0 0 4 0 7 6 1 0 0 0 0 6 5 5 0 0
Last Time Cost: 00000640 ms
Total Time Cost: 08370122 ms
Total Distance 118: 0 0 0 0 5 0 0 5 0 0 0 5 7 6 0 0 0 0 0 0 6 5 0 0 0 0 0 6 7 6 5 0 0 0 0 5 8 5 0 4 0 0 4 0 7 6 0 0 0 0 0 6 5 5 0 0
Last Time Cost: 00041623 ms
Total Time Cost: 08411745 ms
Total Distance 117: 0 0 0 0 5 0 0 5 0 0 0 5 7 6 0 0 0 0 0 0 6 5 0 0 0 0 0 6 7 6 5 0 0 0 0 5 8 5 0 4 0 0 3 0 7 6 0 0 0 0 0 6 5 5 0 0
Last Time Cost: 00000645 ms
Total Time Cost: 08412390 ms
Total Distance 116: 0 0 0 0 5 0 0 5 0 0 0 5 7 6 0 0 0 0 0 0 6 5 0 0 0 0 0 6 7 6 5 0 0 0 0 5 8 5 0 4 0 0 2 0 7 6 0 0 0 0 0 6 5 5 0 0
Last Time Cost: 00000670 ms
Total Time Cost: 08413060 ms
Total Distance 115: 0 0 0 0 5 0 0 5 0 0 0 5 7 6 0 0 0 0 0 0 6 5 0 0 0 0 0 6 7 6 5 0 0 0 0 5 8 5 0 4 0 0 1 0 7 6 0 0 0 0 0 6 5 5 0 0
Last Time Cost: 00000689 ms
Total Time Cost: 08413749 ms
Total Distance 114: 0 0 0 0 5 0 0 5 0 0 0 5 7 6 0 0 0 0 0 0 6 5 0 0 0 0 0 6 7 6 5 0 0 0 0 5 8 5 0 4 0 0 0 0 7 6 0 0 0 0 0 6 5 5 0 0
Last Time Cost: 00047663 ms
Total Time Cost: 08461412 ms
Total Distance 113: 0 0 0 0 5 0 0 5 0 0 0 5 7 6 0 0 0 0 0 0 6 5 0 0 0 0 0 6 7 6 5 0 0 0 0 5 8 5 0 3 0 0 0 0 7 6 0 0 0 0 0 6 5 5 0 0
Last Time Cost: 00000708 ms
Total Time Cost: 08462120 ms
Total Distance 112: 0 0 0 0 5 0 0 5 0 0 0 5 7 6 0 0 0 0 0 0 6 5 0 0 0 0 0 6 7 6 5 0 0 0 0 5 8 5 0 2 0 0 0 0 7 6 0 0 0 0 0 6 5 5 0 0
Last Time Cost: 00000694 ms
Total Time Cost: 08462814 ms
Total Distance 111: 0 0 0 0 5 0 0 5 0 0 0 5 7 6 0 0 0 0 0 0 6 5 0 0 0 0 0 6 7 6 5 0 0 0 0 5 8 5 0 1 0 0 0 0 7 6 0 0 0 0 0 6 5 5 0 0
Last Time Cost: 00000697 ms
Total Time Cost: 08463511 ms
Total Distance 110: 0 0 0 0 5 0 0 5 0 0 0 5 7 6 0 0 0 0 0 0 6 5 0 0 0 0 0 6 7 6 5 0 0 0 0 5 8 5 0 0 0 0 0 0 7 6 0 0 0 0 0 6 5 5 0 0
Last Time Cost: 00052337 ms
Total Time Cost: 08515848 ms
Total Distance 109: 0 0 0 0 5 0 0 5 0 0 0 5 7 6 0 0 0 0 0 0 6 5 0 0 0 0 0 6 7 6 5 0 0 0 0 4 8 5 0 0 0 0 0 0 7 6 0 0 0 0 0 6 5 5 0 0
Last Time Cost: 00000747 ms
Total Time Cost: 08516595 ms
Total Distance 108: 0 0 0 0 5 0 0 5 0 0 0 5 7 6 0 0 0 0 0 0 6 5 0 0 0 0 0 6 7 6 5 0 0 0 0 3 8 5 0 0 0 0 0 0 7 6 0 0 0 0 0 6 5 5 0 0
Last Time Cost: 00000760 ms
Total Time Cost: 08517355 ms
Total Distance 107: 0 0 0 0 5 0 0 5 0 0 0 5 7 6 0 0 0 0 0 0 6 5 0 0 0 0 0 6 7 6 5 0 0 0 0 2 8 5 0 0 0 0 0 0 7 6 0 0 0 0 0 6 5 5 0 0
Last Time Cost: 00000756 ms
Total Time Cost: 08518111 ms
Total Distance 106: 0 0 0 0 5 0 0 5 0 0 0 5 7 6 0 0 0 0 0 0 6 5 0 0 0 0 0 6 7 6 5 0 0 0 0 1 8 5 0 0 0 0 0 0 7 6 0 0 0 0 0 6 5 5 0 0
Last Time Cost: 00000734 ms
Total Time Cost: 08518845 ms
Total Distance 105: 0 0 0 0 5 0 0 5 0 0 0 5 7 6 0 0 0 0 0 0 6 5 0 0 0 0 0 6 7 6 5 0 0 0 0 0 8 5 0 0 0 0 0 0 7 6 0 0 0 0 0 6 5 5 0 0
Last Time Cost: 00057242 ms
Total Time Cost: 08576087 ms
Total Distance 104: 0 0 0 0 5 0 0 5 0 0 0 5 7 6 0 0 0 0 0 0 6 5 0 0 0 0 0 6 7 6 4 0 0 0 0 0 8 5 0 0 0 0 0 0 7 6 0 0 0 0 0 6 5 5 0 0
Last Time Cost: 00000775 ms
Total Time Cost: 08576862 ms
Total Distance 103: 0 0 0 0 5 0 0 5 0 0 0 5 7 6 0 0 0 0 0 0 6 5 0 0 0 0 0 6 7 6 3 0 0 0 0 0 8 5 0 0 0 0 0 0 7 6 0 0 0 0 0 6 5 5 0 0
Last Time Cost: 00000731 ms
Total Time Cost: 08577593 ms
Total Distance 102: 0 0 0 0 5 0 0 5 0 0 0 5 7 6 0 0 0 0 0 0 6 5 0 0 0 0 0 6 7 6 2 0 0 0 0 0 8 5 0 0 0 0 0 0 7 6 0 0 0 0 0 6 5 5 0 0
Last Time Cost: 00000963 ms
Total Time Cost: 08578556 ms
Total Distance 101: 0 0 0 0 5 0 0 5 0 0 0 5 7 6 0 0 0 0 0 0 6 5 0 0 0 0 0 6 7 6 1 0 0 0 0 0 8 5 0 0 0 0 0 0 7 6 0 0 0 0 0 6 5 5 0 0
Last Time Cost: 00000984 ms
Total Time Cost: 08579540 ms
Total Distance 100: 0 0 0 0 5 0 0 5 0 0 0 5 7 6 0 0 0 0 0 0 6 5 0 0 0 0 0 6 7 6 0 0 0 0 0 0 8 5 0 0 0 0 0 0 7 6 0 0 0 0 0 6 5 5 0 0
Last Time Cost: 00062857 ms
Total Time Cost: 08642397 ms
Total Distance 99: 0 0 0 0 5 0 0 5 0 0 0 4 7 6 0 0 0 0 0 0 6 5 0 0 0 0 0 6 7 6 0 0 0 0 0 0 8 5 0 0 0 0 0 0 7 6 0 0 0 0 0 6 5 5 0 0
Last Time Cost: 00000839 ms
Total Time Cost: 08643236 ms
Total Distance 97: 0 0 0 0 5 0 0 5 0 0 0 3 7 6 0 0 0 0 0 0 6 5 0 0 0 0 0 6 7 6 0 0 0 0 0 0 7 5 0 0 0 0 0 0 7 6 0 0 0 0 0 6 5 5 0 0
Last Time Cost: 00050138 ms
Total Time Cost: 08693374 ms
Total Distance 95: 0 0 0 0 4 0 0 5 0 0 0 3 7 6 0 0 0 0 0 0 6 5 0 0 0 0 0 6 7 5 0 0 0 0 0 0 7 5 0 0 0 0 0 0 7 6 0 0 0 0 0 6 5 5 0 0
Last Time Cost: 00051025 ms
Total Time Cost: 08744399 ms
Total Distance 94: 0 0 0 0 4 0 0 5 0 0 0 2 7 6 0 0 0 0 0 0 6 5 0 0 0 0 0 6 7 5 0 0 0 0 0 0 7 5 0 0 0 0 0 0 7 6 0 0 0 0 0 6 5 5 0 0
Last Time Cost: 00000250 ms
Total Time Cost: 08744649 ms
Total Distance 93: 0 0 0 0 4 0 0 5 0 0 0 1 7 6 0 0 0 0 0 0 6 5 0 0 0 0 0 6 7 5 0 0 0 0 0 0 7 5 0 0 0 0 0 0 7 6 0 0 0 0 0 6 5 5 0 0
Last Time Cost: 00000244 ms
Total Time Cost: 08744893 ms
Total Distance 92: 0 0 0 0 4 0 0 5 0 0 0 0 7 6 0 0 0 0 0 0 6 5 0 0 0 0 0 6 7 5 0 0 0 0 0 0 7 5 0 0 0 0 0 0 7 6 0 0 0 0 0 6 5 5 0 0
Last Time Cost: 00053840 ms
Total Time Cost: 08798733 ms
Total Distance 91: 0 0 0 0 3 0 0 5 0 0 0 0 7 6 0 0 0 0 0 0 6 5 0 0 0 0 0 6 7 5 0 0 0 0 0 0 7 5 0 0 0 0 0 0 7 6 0 0 0 0 0 6 5 5 0 0
Last Time Cost: 00000260 ms
Total Time Cost: 08798993 ms
Total Distance 90: 0 0 0 0 2 0 0 5 0 0 0 0 7 6 0 0 0 0 0 0 6 5 0 0 0 0 0 6 7 5 0 0 0 0 0 0 7 5 0 0 0 0 0 0 7 6 0 0 0 0 0 6 5 5 0 0
Last Time Cost: 00000259 ms
Total Time Cost: 08799252 ms
Total Distance 89: 0 0 0 0 1 0 0 5 0 0 0 0 7 6 0 0 0 0 0 0 6 5 0 0 0 0 0 6 7 5 0 0 0 0 0 0 7 5 0 0 0 0 0 0 7 6 0 0 0 0 0 6 5 5 0 0
Last Time Cost: 00000284 ms
Total Time Cost: 08799536 ms
Total Distance 88: 0 0 0 0 0 0 0 5 0 0 0 0 7 6 0 0 0 0 0 0 6 5 0 0 0 0 0 6 7 5 0 0 0 0 0 0 7 5 0 0 0 0 0 0 7 6 0 0 0 0 0 6 5 5 0 0
Last Time Cost: 00058777 ms
Total Time Cost: 08858313 ms
Total Distance 87: 0 0 0 0 0 0 0 4 0 0 0 0 7 6 0 0 0 0 0 0 6 5 0 0 0 0 0 6 7 5 0 0 0 0 0 0 7 5 0 0 0 0 0 0 7 6 0 0 0 0 0 6 5 5 0 0
Last Time Cost: 00000294 ms
Total Time Cost: 08858607 ms
Total Distance 86: 0 0 0 0 0 0 0 3 0 0 0 0 7 6 0 0 0 0 0 0 6 5 0 0 0 0 0 6 7 5 0 0 0 0 0 0 7 5 0 0 0 0 0 0 7 6 0 0 0 0 0 6 5 5 0 0
Last Time Cost: 00000280 ms
Total Time Cost: 08858887 ms
Total Distance 85: 0 0 0 0 0 0 0 2 0 0 0 0 7 6 0 0 0 0 0 0 6 5 0 0 0 0 0 6 7 5 0 0 0 0 0 0 7 5 0 0 0 0 0 0 7 6 0 0 0 0 0 6 5 5 0 0
Last Time Cost: 00000274 ms
Total Time Cost: 08859161 ms
Total Distance 84: 0 0 0 0 0 0 0 1 0 0 0 0 7 6 0 0 0 0 0 0 6 5 0 0 0 0 0 6 7 5 0 0 0 0 0 0 7 5 0 0 0 0 0 0 7 6 0 0 0 0 0 6 5 5 0 0
Last Time Cost: 00000272 ms
Total Time Cost: 08859433 ms
Total Distance 83: 0 0 0 0 0 0 0 0 0 0 0 0 7 6 0 0 0 0 0 0 6 5 0 0 0 0 0 6 7 5 0 0 0 0 0 0 7 5 0 0 0 0 0 0 7 6 0 0 0 0 0 6 5 5 0 0
Last Time Cost: 00064485 ms
Total Time Cost: 08923918 ms
Total Distance 81: 0 0 0 0 0 0 0 0 0 0 0 0 7 5 0 0 0 0 0 0 5 5 0 0 0 0 0 6 7 5 0 0 0 0 0 0 7 5 0 0 0 0 0 0 7 6 0 0 0 0 0 6 5 5 0 0
Last Time Cost: 00066034 ms
Total Time Cost: 08989952 ms
Total Distance 80: 0 0 0 0 0 0 0 0 0 0 0 0 7 5 0 0 0 0 0 0 5 5 0 0 0 0 0 6 7 5 0 0 0 0 0 0 7 4 0 0 0 0 0 0 7 6 0 0 0 0 0 6 5 5 0 0
Last Time Cost: 00000293 ms
Total Time Cost: 08990245 ms
Total Distance 79: 0 0 0 0 0 0 0 0 0 0 0 0 7 5 0 0 0 0 0 0 5 5 0 0 0 0 0 6 7 5 0 0 0 0 0 0 7 3 0 0 0 0 0 0 7 6 0 0 0 0 0 6 5 5 0 0
Last Time Cost: 00000311 ms
Total Time Cost: 08990556 ms
Total Distance 78: 0 0 0 0 0 0 0 0 0 0 0 0 7 5 0 0 0 0 0 0 5 5 0 0 0 0 0 6 7 5 0 0 0 0 0 0 7 2 0 0 0 0 0 0 7 6 0 0 0 0 0 6 5 5 0 0
Last Time Cost: 00000311 ms
Total Time Cost: 08990867 ms
Total Distance 77: 0 0 0 0 0 0 0 0 0 0 0 0 7 5 0 0 0 0 0 0 5 5 0 0 0 0 0 6 7 5 0 0 0 0 0 0 7 1 0 0 0 0 0 0 7 6 0 0 0 0 0 6 5 5 0 0
Last Time Cost: 00000292 ms
Total Time Cost: 08991159 ms
Total Distance 76: 0 0 0 0 0 0 0 0 0 0 0 0 7 5 0 0 0 0 0 0 5 5 0 0 0 0 0 6 7 5 0 0 0 0 0 0 7 0 0 0 0 0 0 0 7 6 0 0 0 0 0 6 5 5 0 0
Last Time Cost: 00071538 ms
Total Time Cost: 09062697 ms
Total Distance 75: 0 0 0 0 0 0 0 0 0 0 0 0 7 5 0 0 0 0 0 0 5 5 0 0 0 0 0 6 7 5 0 0 0 0 0 0 7 0 0 0 0 0 0 0 7 6 0 0 0 0 0 6 5 4 0 0
Last Time Cost: 00000317 ms
Total Time Cost: 09063014 ms
Total Distance 74: 0 0 0 0 0 0 0 0 0 0 0 0 7 5 0 0 0 0 0 0 5 5 0 0 0 0 0 6 7 5 0 0 0 0 0 0 7 0 0 0 0 0 0 0 7 6 0 0 0 0 0 6 5 3 0 0
Last Time Cost: 00000305 ms
Total Time Cost: 09063319 ms
Total Distance 73: 0 0 0 0 0 0 0 0 0 0 0 0 7 5 0 0 0 0 0 0 5 5 0 0 0 0 0 6 7 5 0 0 0 0 0 0 7 0 0 0 0 0 0 0 7 6 0 0 0 0 0 6 5 2 0 0
Last Time Cost: 00000337 ms
Total Time Cost: 09063656 ms
Total Distance 72: 0 0 0 0 0 0 0 0 0 0 0 0 7 5 0 0 0 0 0 0 5 5 0 0 0 0 0 6 7 5 0 0 0 0 0 0 7 0 0 0 0 0 0 0 7 6 0 0 0 0 0 6 5 1 0 0
Last Time Cost: 00000341 ms
Total Time Cost: 09063997 ms
Total Distance 71: 0 0 0 0 0 0 0 0 0 0 0 0 7 5 0 0 0 0 0 0 5 5 0 0 0 0 0 6 7 5 0 0 0 0 0 0 7 0 0 0 0 0 0 0 7 6 0 0 0 0 0 6 5 0 0 0
Last Time Cost: 00078865 ms
Total Time Cost: 09142862 ms
Total Distance 69: 0 0 0 0 0 0 0 0 0 0 0 0 7 5 0 0 0 0 0 0 5 4 0 0 0 0 0 6 7 5 0 0 0 0 0 0 7 0 0 0 0 0 0 0 7 6 0 0 0 0 0 6 4 0 0 0
Last Time Cost: 00079778 ms
Total Time Cost: 09222640 ms
Total Distance 68: 0 0 0 0 0 0 0 0 0 0 0 0 7 5 0 0 0 0 0 0 5 4 0 0 0 0 0 6 7 5 0 0 0 0 0 0 7 0 0 0 0 0 0 0 7 6 0 0 0 0 0 6 3 0 0 0
Last Time Cost: 00000344 ms
Total Time Cost: 09222984 ms
Total Distance 67: 0 0 0 0 0 0 0 0 0 0 0 0 7 5 0 0 0 0 0 0 5 4 0 0 0 0 0 6 7 5 0 0 0 0 0 0 7 0 0 0 0 0 0 0 7 6 0 0 0 0 0 6 2 0 0 0
Last Time Cost: 00000317 ms
Total Time Cost: 09223301 ms
Total Distance 66: 0 0 0 0 0 0 0 0 0 0 0 0 7 5 0 0 0 0 0 0 5 4 0 0 0 0 0 6 7 5 0 0 0 0 0 0 7 0 0 0 0 0 0 0 7 6 0 0 0 0 0 6 1 0 0 0
Last Time Cost: 00000346 ms
Total Time Cost: 09223647 ms
Total Distance 65: 0 0 0 0 0 0 0 0 0 0 0 0 7 5 0 0 0 0 0 0 5 4 0 0 0 0 0 6 7 5 0 0 0 0 0 0 7 0 0 0 0 0 0 0 7 6 0 0 0 0 0 6 0 0 0 0
Last Time Cost: 00086268 ms
Total Time Cost: 09309915 ms
Total Distance 64: 0 0 0 0 0 0 0 0 0 0 0 0 7 5 0 0 0 0 0 0 5 3 0 0 0 0 0 6 7 5 0 0 0 0 0 0 7 0 0 0 0 0 0 0 7 6 0 0 0 0 0 6 0 0 0 0
Last Time Cost: 00000331 ms
Total Time Cost: 09310246 ms
Total Distance 63: 0 0 0 0 0 0 0 0 0 0 0 0 7 5 0 0 0 0 0 0 5 2 0 0 0 0 0 6 7 5 0 0 0 0 0 0 7 0 0 0 0 0 0 0 7 6 0 0 0 0 0 6 0 0 0 0
Last Time Cost: 00000352 ms
Total Time Cost: 09310598 ms
Total Distance 62: 0 0 0 0 0 0 0 0 0 0 0 0 7 5 0 0 0 0 0 0 5 1 0 0 0 0 0 6 7 5 0 0 0 0 0 0 7 0 0 0 0 0 0 0 7 6 0 0 0 0 0 6 0 0 0 0
Last Time Cost: 00000355 ms
Total Time Cost: 09310953 ms
Total Distance 61: 0 0 0 0 0 0 0 0 0 0 0 0 7 5 0 0 0 0 0 0 5 0 0 0 0 0 0 6 7 5 0 0 0 0 0 0 7 0 0 0 0 0 0 0 7 6 0 0 0 0 0 6 0 0 0 0
Last Time Cost: 00092534 ms
Total Time Cost: 09403487 ms
Total Distance 60: 0 0 0 0 0 0 0 0 0 0 0 0 7 4 0 0 0 0 0 0 5 0 0 0 0 0 0 6 7 5 0 0 0 0 0 0 7 0 0 0 0 0 0 0 7 6 0 0 0 0 0 6 0 0 0 0
Last Time Cost: 00000369 ms
Total Time Cost: 09403856 ms
Total Distance 59: 0 0 0 0 0 0 0 0 0 0 0 0 7 3 0 0 0 0 0 0 5 0 0 0 0 0 0 6 7 5 0 0 0 0 0 0 7 0 0 0 0 0 0 0 7 6 0 0 0 0 0 6 0 0 0 0
Last Time Cost: 00000347 ms
Total Time Cost: 09404203 ms
Total Distance 58: 0 0 0 0 0 0 0 0 0 0 0 0 7 2 0 0 0 0 0 0 5 0 0 0 0 0 0 6 7 5 0 0 0 0 0 0 7 0 0 0 0 0 0 0 7 6 0 0 0 0 0 6 0 0 0 0
Last Time Cost: 00000357 ms
Total Time Cost: 09404560 ms
Total Distance 57: 0 0 0 0 0 0 0 0 0 0 0 0 7 1 0 0 0 0 0 0 5 0 0 0 0 0 0 6 7 5 0 0 0 0 0 0 7 0 0 0 0 0 0 0 7 6 0 0 0 0 0 6 0 0 0 0
Last Time Cost: 00000353 ms
Total Time Cost: 09404913 ms
Total Distance 56: 0 0 0 0 0 0 0 0 0 0 0 0 7 0 0 0 0 0 0 0 5 0 0 0 0 0 0 6 7 5 0 0 0 0 0 0 7 0 0 0 0 0 0 0 7 6 0 0 0 0 0 6 0 0 0 0
Last Time Cost: 00102232 ms
Total Time Cost: 09507145 ms
Total Distance 55: 0 0 0 0 0 0 0 0 0 0 0 0 7 0 0 0 0 0 0 0 4 0 0 0 0 0 0 6 7 5 0 0 0 0 0 0 7 0 0 0 0 0 0 0 7 6 0 0 0 0 0 6 0 0 0 0
Last Time Cost: 00000390 ms
Total Time Cost: 09507535 ms
Total Distance 54: 0 0 0 0 0 0 0 0 0 0 0 0 7 0 0 0 0 0 0 0 3 0 0 0 0 0 0 6 7 5 0 0 0 0 0 0 7 0 0 0 0 0 0 0 7 6 0 0 0 0 0 6 0 0 0 0
Last Time Cost: 00000370 ms
Total Time Cost: 09507905 ms
Total Distance 53: 0 0 0 0 0 0 0 0 0 0 0 0 7 0 0 0 0 0 0 0 2 0 0 0 0 0 0 6 7 5 0 0 0 0 0 0 7 0 0 0 0 0 0 0 7 6 0 0 0 0 0 6 0 0 0 0
Last Time Cost: 00000369 ms
Total Time Cost: 09508274 ms
Total Distance 52: 0 0 0 0 0 0 0 0 0 0 0 0 7 0 0 0 0 0 0 0 1 0 0 0 0 0 0 6 7 5 0 0 0 0 0 0 7 0 0 0 0 0 0 0 7 6 0 0 0 0 0 6 0 0 0 0
Last Time Cost: 00000373 ms
Total Time Cost: 09508647 ms
Total Distance 51: 0 0 0 0 0 0 0 0 0 0 0 0 7 0 0 0 0 0 0 0 0 0 0 0 0 0 0 6 7 5 0 0 0 0 0 0 7 0 0 0 0 0 0 0 7 6 0 0 0 0 0 6 0 0 0 0
Last Time Cost: 00112450 ms
Total Time Cost: 09621097 ms
Total Distance 50: 0 0 0 0 0 0 0 0 0 0 0 0 7 0 0 0 0 0 0 0 0 0 0 0 0 0 0 6 7 4 0 0 0 0 0 0 7 0 0 0 0 0 0 0 7 6 0 0 0 0 0 6 0 0 0 0
Last Time Cost: 00000525 ms
Total Time Cost: 09621622 ms
Total Distance 49: 0 0 0 0 0 0 0 0 0 0 0 0 7 0 0 0 0 0 0 0 0 0 0 0 0 0 0 6 7 3 0 0 0 0 0 0 7 0 0 0 0 0 0 0 7 6 0 0 0 0 0 6 0 0 0 0
Last Time Cost: 00000490 ms
Total Time Cost: 09622112 ms
Total Distance 48: 0 0 0 0 0 0 0 0 0 0 0 0 7 0 0 0 0 0 0 0 0 0 0 0 0 0 0 6 7 2 0 0 0 0 0 0 7 0 0 0 0 0 0 0 7 6 0 0 0 0 0 6 0 0 0 0
Last Time Cost: 00000496 ms
Total Time Cost: 09622608 ms
Total Distance 47: 0 0 0 0 0 0 0 0 0 0 0 0 7 0 0 0 0 0 0 0 0 0 0 0 0 0 0 6 7 1 0 0 0 0 0 0 7 0 0 0 0 0 0 0 7 6 0 0 0 0 0 6 0 0 0 0
Last Time Cost: 00000499 ms
Total Time Cost: 09623107 ms
Total Distance 46: 0 0 0 0 0 0 0 0 0 0 0 0 7 0 0 0 0 0 0 0 0 0 0 0 0 0 0 6 7 0 0 0 0 0 0 0 7 0 0 0 0 0 0 0 7 6 0 0 0 0 0 6 0 0 0 0
Last Time Cost: 00120295 ms
Total Time Cost: 09743402 ms
Total Distance 45: 0 0 0 0 0 0 0 0 0 0 0 0 7 0 0 0 0 0 0 0 0 0 0 0 0 0 0 6 7 0 0 0 0 0 0 0 7 0 0 0 0 0 0 0 7 6 0 0 0 0 0 5 0 0 0 0
Last Time Cost: 00000497 ms
Total Time Cost: 09743899 ms
Total Distance 44: 0 0 0 0 0 0 0 0 0 0 0 0 7 0 0 0 0 0 0 0 0 0 0 0 0 0 0 6 7 0 0 0 0 0 0 0 7 0 0 0 0 0 0 0 7 6 0 0 0 0 0 4 0 0 0 0
Last Time Cost: 00000407 ms
Total Time Cost: 09744306 ms
Total Distance 43: 0 0 0 0 0 0 0 0 0 0 0 0 7 0 0 0 0 0 0 0 0 0 0 0 0 0 0 6 7 0 0 0 0 0 0 0 7 0 0 0 0 0 0 0 7 6 0 0 0 0 0 3 0 0 0 0
Last Time Cost: 00000394 ms
Total Time Cost: 09744700 ms
Total Distance 42: 0 0 0 0 0 0 0 0 0 0 0 0 7 0 0 0 0 0 0 0 0 0 0 0 0 0 0 6 7 0 0 0 0 0 0 0 7 0 0 0 0 0 0 0 7 6 0 0 0 0 0 2 0 0 0 0
Last Time Cost: 00000381 ms
Total Time Cost: 09745081 ms
Total Distance 41: 0 0 0 0 0 0 0 0 0 0 0 0 7 0 0 0 0 0 0 0 0 0 0 0 0 0 0 6 7 0 0 0 0 0 0 0 7 0 0 0 0 0 0 0 7 6 0 0 0 0 0 1 0 0 0 0
Last Time Cost: 00000379 ms
Total Time Cost: 09745460 ms
Total Distance 40: 0 0 0 0 0 0 0 0 0 0 0 0 7 0 0 0 0 0 0 0 0 0 0 0 0 0 0 6 7 0 0 0 0 0 0 0 7 0 0 0 0 0 0 0 7 6 0 0 0 0 0 0 0 0 0 0
Last Time Cost: 00133976 ms
Total Time Cost: 09879436 ms
Total Distance 39: 0 0 0 0 0 0 0 0 0 0 0 0 7 0 0 0 0 0 0 0 0 0 0 0 0 0 0 5 7 0 0 0 0 0 0 0 7 0 0 0 0 0 0 0 7 6 0 0 0 0 0 0 0 0 0 0
Last Time Cost: 00000535 ms
Total Time Cost: 09879971 ms
Total Distance 38: 0 0 0 0 0 0 0 0 0 0 0 0 7 0 0 0 0 0 0 0 0 0 0 0 0 0 0 4 7 0 0 0 0 0 0 0 7 0 0 0 0 0 0 0 7 6 0 0 0 0 0 0 0 0 0 0
Last Time Cost: 00000403 ms
Total Time Cost: 09880374 ms
Total Distance 37: 0 0 0 0 0 0 0 0 0 0 0 0 7 0 0 0 0 0 0 0 0 0 0 0 0 0 0 3 7 0 0 0 0 0 0 0 7 0 0 0 0 0 0 0 7 6 0 0 0 0 0 0 0 0 0 0
Last Time Cost: 00000422 ms
Total Time Cost: 09880796 ms
Total Distance 36: 0 0 0 0 0 0 0 0 0 0 0 0 7 0 0 0 0 0 0 0 0 0 0 0 0 0 0 2 7 0 0 0 0 0 0 0 7 0 0 0 0 0 0 0 7 6 0 0 0 0 0 0 0 0 0 0
Last Time Cost: 00000425 ms
Total Time Cost: 09881221 ms
Total Distance 35: 0 0 0 0 0 0 0 0 0 0 0 0 7 0 0 0 0 0 0 0 0 0 0 0 0 0 0 1 7 0 0 0 0 0 0 0 7 0 0 0 0 0 0 0 7 6 0 0 0 0 0 0 0 0 0 0
Last Time Cost: 00000392 ms
Total Time Cost: 09881613 ms
Total Distance 34: 0 0 0 0 0 0 0 0 0 0 0 0 7 0 0 0 0 0 0 0 0 0 0 0 0 0 0 0 7 0 0 0 0 0 0 0 7 0 0 0 0 0 0 0 7 6 0 0 0 0 0 0 0 0 0 0
Last Time Cost: 00147522 ms
Total Time Cost: 10029135 ms
Total Distance 33: 0 0 0 0 0 0 0 0 0 0 0 0 7 0 0 0 0 0 0 0 0 0 0 0 0 0 0 0 7 0 0 0 0 0 0 0 7 0 0 0 0 0 0 0 7 5 0 0 0 0 0 0 0 0 0 0
Last Time Cost: 00000731 ms
Total Time Cost: 10029866 ms
Total Distance 32: 0 0 0 0 0 0 0 0 0 0 0 0 7 0 0 0 0 0 0 0 0 0 0 0 0 0 0 0 7 0 0 0 0 0 0 0 7 0 0 0 0 0 0 0 7 4 0 0 0 0 0 0 0 0 0 0
Last Time Cost: 00000598 ms
Total Time Cost: 10030464 ms
Total Distance 31: 0 0 0 0 0 0 0 0 0 0 0 0 7 0 0 0 0 0 0 0 0 0 0 0 0 0 0 0 7 0 0 0 0 0 0 0 7 0 0 0 0 0 0 0 7 3 0 0 0 0 0 0 0 0 0 0
Last Time Cost: 00000491 ms
Total Time Cost: 10030955 ms
Total Distance 30: 0 0 0 0 0 0 0 0 0 0 0 0 7 0 0 0 0 0 0 0 0 0 0 0 0 0 0 0 7 0 0 0 0 0 0 0 7 0 0 0 0 0 0 0 7 2 0 0 0 0 0 0 0 0 0 0
Last Time Cost: 00000432 ms
Total Time Cost: 10031387 ms
Total Distance 29: 0 0 0 0 0 0 0 0 0 0 0 0 7 0 0 0 0 0 0 0 0 0 0 0 0 0 0 0 7 0 0 0 0 0 0 0 7 0 0 0 0 0 0 0 7 1 0 0 0 0 0 0 0 0 0 0
Last Time Cost: 00000457 ms
Total Time Cost: 10031844 ms
Total Distance 28: 0 0 0 0 0 0 0 0 0 0 0 0 7 0 0 0 0 0 0 0 0 0 0 0 0 0 0 0 7 0 0 0 0 0 0 0 7 0 0 0 0 0 0 0 7 0 0 0 0 0 0 0 0 0 0 0
Last Time Cost: 00161984 ms
Total Time Cost: 10193828 ms
Total Distance 27: 0 0 0 0 0 0 0 0 0 0 0 0 7 0 0 0 0 0 0 0 0 0 0 0 0 0 0 0 7 0 0 0 0 0 0 0 6 0 0 0 0 0 0 0 7 0 0 0 0 0 0 0 0 0 0 0
Last Time Cost: 00000868 ms
Total Time Cost: 10194696 ms
Total Distance 26: 0 0 0 0 0 0 0 0 0 0 0 0 7 0 0 0 0 0 0 0 0 0 0 0 0 0 0 0 7 0 0 0 0 0 0 0 5 0 0 0 0 0 0 0 7 0 0 0 0 0 0 0 0 0 0 0
Last Time Cost: 00000646 ms
Total Time Cost: 10195342 ms
Total Distance 25: 0 0 0 0 0 0 0 0 0 0 0 0 7 0 0 0 0 0 0 0 0 0 0 0 0 0 0 0 7 0 0 0 0 0 0 0 4 0 0 0 0 0 0 0 7 0 0 0 0 0 0 0 0 0 0 0
Last Time Cost: 00000499 ms
Total Time Cost: 10195841 ms
Total Distance 24: 0 0 0 0 0 0 0 0 0 0 0 0 7 0 0 0 0 0 0 0 0 0 0 0 0 0 0 0 7 0 0 0 0 0 0 0 3 0 0 0 0 0 0 0 7 0 0 0 0 0 0 0 0 0 0 0
Last Time Cost: 00000464 ms
Total Time Cost: 10196305 ms
Total Distance 23: 0 0 0 0 0 0 0 0 0 0 0 0 7 0 0 0 0 0 0 0 0 0 0 0 0 0 0 0 7 0 0 0 0 0 0 0 2 0 0 0 0 0 0 0 7 0 0 0 0 0 0 0 0 0 0 0
Last Time Cost: 00000466 ms
Total Time Cost: 10196771 ms
Total Distance 22: 0 0 0 0 0 0 0 0 0 0 0 0 7 0 0 0 0 0 0 0 0 0 0 0 0 0 0 0 7 0 0 0 0 0 0 0 1 0 0 0 0 0 0 0 7 0 0 0 0 0 0 0 0 0 0 0
Last Time Cost: 00000450 ms
Total Time Cost: 10197221 ms
Total Distance 21: 0 0 0 0 0 0 0 0 0 0 0 0 7 0 0 0 0 0 0 0 0 0 0 0 0 0 0 0 7 0 0 0 0 0 0 0 0 0 0 0 0 0 0 0 7 0 0 0 0 0 0 0 0 0 0 0
Last Time Cost: 00134362 ms
Total Time Cost: 10331583 ms
Total Distance 20: 0 0 0 0 0 0 0 0 0 0 0 0 6 0 0 0 0 0 0 0 0 0 0 0 0 0 0 0 7 0 0 0 0 0 0 0 0 0 0 0 0 0 0 0 7 0 0 0 0 0 0 0 0 0 0 0
Last Time Cost: 00000999 ms
Total Time Cost: 10332582 ms
Total Distance 19: 0 0 0 0 0 0 0 0 0 0 0 0 5 0 0 0 0 0 0 0 0 0 0 0 0 0 0 0 7 0 0 0 0 0 0 0 0 0 0 0 0 0 0 0 7 0 0 0 0 0 0 0 0 0 0 0
Last Time Cost: 00000711 ms
Total Time Cost: 10333293 ms
Total Distance 18: 0 0 0 0 0 0 0 0 0 0 0 0 4 0 0 0 0 0 0 0 0 0 0 0 0 0 0 0 7 0 0 0 0 0 0 0 0 0 0 0 0 0 0 0 7 0 0 0 0 0 0 0 0 0 0 0
Last Time Cost: 00000491 ms
Total Time Cost: 10333784 ms
Total Distance 17: 0 0 0 0 0 0 0 0 0 0 0 0 3 0 0 0 0 0 0 0 0 0 0 0 0 0 0 0 7 0 0 0 0 0 0 0 0 0 0 0 0 0 0 0 7 0 0 0 0 0 0 0 0 0 0 0
Last Time Cost: 00000470 ms
Total Time Cost: 10334254 ms
Total Distance 16: 0 0 0 0 0 0 0 0 0 0 0 0 2 0 0 0 0 0 0 0 0 0 0 0 0 0 0 0 7 0 0 0 0 0 0 0 0 0 0 0 0 0 0 0 7 0 0 0 0 0 0 0 0 0 0 0
Last Time Cost: 00000459 ms
Total Time Cost: 10334713 ms
Total Distance 15: 0 0 0 0 0 0 0 0 0 0 0 0 1 0 0 0 0 0 0 0 0 0 0 0 0 0 0 0 7 0 0 0 0 0 0 0 0 0 0 0 0 0 0 0 7 0 0 0 0 0 0 0 0 0 0 0
Last Time Cost: 00000484 ms
Total Time Cost: 10335197 ms
Total Distance 14: 0 0 0 0 0 0 0 0 0 0 0 0 0 0 0 0 0 0 0 0 0 0 0 0 0 0 0 0 7 0 0 0 0 0 0 0 0 0 0 0 0 0 0 0 7 0 0 0 0 0 0 0 0 0 0 0
Last Time Cost: 00104470 ms
Total Time Cost: 10439667 ms
Total Distance 13: 0 0 0 0 0 0 0 0 0 0 0 0 0 0 0 0 0 0 0 0 0 0 0 0 0 0 0 0 6 0 0 0 0 0 0 0 0 0 0 0 0 0 0 0 7 0 0 0 0 0 0 0 0 0 0 0
Last Time Cost: 00000985 ms
Total Time Cost: 10440652 ms
Total Distance 12: 0 0 0 0 0 0 0 0 0 0 0 0 0 0 0 0 0 0 0 0 0 0 0 0 0 0 0 0 5 0 0 0 0 0 0 0 0 0 0 0 0 0 0 0 7 0 0 0 0 0 0 0 0 0 0 0
Last Time Cost: 00000714 ms
Total Time Cost: 10441366 ms
Total Distance 11: 0 0 0 0 0 0 0 0 0 0 0 0 0 0 0 0 0 0 0 0 0 0 0 0 0 0 0 0 4 0 0 0 0 0 0 0 0 0 0 0 0 0 0 0 7 0 0 0 0 0 0 0 0 0 0 0
Last Time Cost: 00000546 ms
Total Time Cost: 10441912 ms
Total Distance 10: 0 0 0 0 0 0 0 0 0 0 0 0 0 0 0 0 0 0 0 0 0 0 0 0 0 0 0 0 3 0 0 0 0 0 0 0 0 0 0 0 0 0 0 0 7 0 0 0 0 0 0 0 0 0 0 0
Last Time Cost: 00000528 ms
Total Time Cost: 10442440 ms
Total Distance 9: 0 0 0 0 0 0 0 0 0 0 0 0 0 0 0 0 0 0 0 0 0 0 0 0 0 0 0 0 2 0 0 0 0 0 0 0 0 0 0 0 0 0 0 0 7 0 0 0 0 0 0 0 0 0 0 0
Last Time Cost: 00000562 ms
Total Time Cost: 10443002 ms
Total Distance 8: 0 0 0 0 0 0 0 0 0 0 0 0 0 0 0 0 0 0 0 0 0 0 0 0 0 0 0 0 1 0 0 0 0 0 0 0 0 0 0 0 0 0 0 0 7 0 0 0 0 0 0 0 0 0 0 0
Last Time Cost: 00000553 ms
Total Time Cost: 10443555 ms
Total Distance 7: 0 0 0 0 0 0 0 0 0 0 0 0 0 0 0 0 0 0 0 0 0 0 0 0 0 0 0 0 0 0 0 0 0 0 0 0 0 0 0 0 0 0 0 0 7 0 0 0 0 0 0 0 0 0 0 0
Last Time Cost: 00056227 ms
Total Time Cost: 10499782 ms
Total Distance 6: 0 0 0 0 0 0 0 0 0 0 0 0 0 0 0 0 0 0 0 0 0 0 0 0 0 0 0 0 0 0 0 0 0 0 0 0 0 0 0 0 0 0 0 0 6 0 0 0 0 0 0 0 0 0 0 0
Last Time Cost: 00000986 ms
Total Time Cost: 10500768 ms
Total Distance 5: 0 0 0 0 0 0 0 0 0 0 0 0 0 0 0 0 0 0 0 0 0 0 0 0 0 0 0 0 0 0 0 0 0 0 0 0 0 0 0 0 0 0 0 0 5 0 0 0 0 0 0 0 0 0 0 0
Last Time Cost: 00000196 ms
Total Time Cost: 10500964 ms
Total Distance 4: 0 0 0 0 0 0 0 0 0 0 0 0 0 0 0 0 0 0 0 0 0 0 0 0 0 0 0 0 0 0 0 0 0 0 0 0 0 0 0 0 0 0 0 0 4 0 0 0 0 0 0 0 0 0 0 0
Last Time Cost: 00000004 ms
Total Time Cost: 10500968 ms
Total Distance 3: 0 0 0 0 0 0 0 0 0 0 0 0 0 0 0 0 0 0 0 0 0 0 0 0 0 0 0 0 0 0 0 0 0 0 0 0 0 0 0 0 0 0 0 0 3 0 0 0 0 0 0 0 0 0 0 0
Last Time Cost: 00000002 ms
Total Time Cost: 10500970 ms
Total Distance 2: 0 0 0 0 0 0 0 0 0 0 0 0 0 0 0 0 0 0 0 0 0 0 0 0 0 0 0 0 0 0 0 0 0 0 0 0 0 0 0 0 0 0 0 0 2 0 0 0 0 0 0 0 0 0 0 0
Last Time Cost: 00000001 ms
Total Time Cost: 10500971 ms
Total Distance 1: 0 0 0 0 0 0 0 0 0 0 0 0 0 0 0 0 0 0 0 0 0 0 0 0 0 0 0 0 0 0 0 0 0 0 0 0 0 0 0 0 0 0 0 0 1 0 0 0 0 0 0 0 0 0 0 0
Last Time Cost: 00000000 ms
Total Time Cost: 10500971 ms
Total Distance 0: 0 0 0 0 0 0 0 0 0 0 0 0 0 0 0 0 0 0 0 0 0 0 0 0 0 0 0 0 0 0 0 0 0 0 0 0 0 0 0 0 0 0 0 0 0 0 0 0 0 0 0 0 0 0 0 0
